
SPECjvm2008 Peak
  Properties file:   none
  Base dir:          /home/kadilier/MaxineVM/maxineGCBenchmark/SPEC
  Benchmarks:        crypto.aes crypto.rsa crypto.signverify

  WARNING: Run will not be compliant.
  Property specjvm.create.xml.report must be true for publication.
  Not a compliant sequence of benchmarks for publication.
  Property specjvm.run.checksum.validation must be true for publication.
  Property specjvm.iteration.time must be at least 240 seconds for publication.


--- --- --- --- --- --- --- --- ---

  Benchmark:   check
  Run mode:    static run
  Test type:   functional
  Threads:     1
  Iterations:  1
  Run length:  1 operation

Iteration 1 (1 operation) begins: Tue May 15 23:40:26 GMT 2018
Application time: 0.2231018 seconds
[GC pause (G1 Evacuation Pause) (young) 7168K->3112K(128M), 0.0049305 secs]
Application time: 0.0693739 seconds
[Full GC (System.gc())  5410K->2624K(128M), 0.0111369 secs]
Application time: 0.0005436 seconds
[Full GC (System.gc())  2624K->2409K(128M), 0.0084166 secs]
Iteration 1 (1 operation) ends:   Tue May 15 23:40:26 GMT 2018
Iteration 1 (1 operation) result: PASSED

Valid run!


--- --- --- --- --- --- --- --- ---

  Benchmark:   crypto.aes
  Run mode:    timed run
  Test type:   multi
  Threads:     2
  Warmup:      60s
  Iterations:  1
  Run length:  120s
Application time: 0.1190246 seconds
Application time: 0.1040645 seconds
[GC pause (G1 Evacuation Pause) (young) 10M->5681K(128M), 0.0043866 secs]

Warmup (60s) begins: Tue May 15 23:40:27 GMT 2018
Application time: 0.3506394 seconds
[GC pause (G1 Humongous Allocation) (young) (initial-mark) 51M->11M(128M), 0.0047798 secs]
[GC concurrent-root-region-scan-start]
[GC concurrent-root-region-scan-end, 0.0017557 secs]
[GC concurrent-mark-start]
Application time: 0.0018094 seconds
[GC concurrent-mark-end, 0.0135941 secs]
Application time: 0.0135420 seconds
[GC remark, 0.0026922 secs]
Application time: 0.0000405 seconds
[GC cleanup 17M->17M(128M), 0.0002340 secs]
Application time: 0.1301669 seconds
[GC pause (G1 Humongous Allocation) (young)-- 90M->13M(128M), 0.0172537 secs]
Application time: 0.0259892 seconds
[GC pause (G1 Humongous Allocation) (young) (initial-mark) 42M->14M(128M), 0.0018157 secs]
[GC concurrent-root-region-scan-start]
[GC concurrent-root-region-scan-end, 0.0002088 secs]
[GC concurrent-mark-start]
[GC concurrent-mark-end, 0.0097263 secs]
Application time: 0.0099978 seconds
[GC remark, 0.0034839 secs]
Application time: 0.0001700 seconds
[GC cleanup 21M->21M(128M), 0.0002595 secs]
Application time: 1.0001393 seconds
Application time: 0.2215855 seconds
[GC pause (G1 Humongous Allocation) (young)-- 90M->15M(128M), 0.0015374 secs]
Application time: 0.5882470 seconds
[GC pause (G1 Humongous Allocation) (young) (initial-mark) 42M->14M(128M), 0.0012218 secs]
[GC concurrent-root-region-scan-start]
[GC concurrent-root-region-scan-end, 0.0001316 secs]
[GC concurrent-mark-start]
[GC concurrent-mark-end, 0.0186687 secs]
Application time: 0.0188476 seconds
[GC remark, 0.0030450 secs]
Application time: 0.0000467 seconds
[GC cleanup 15M->14M(128M), 0.0002348 secs]
[GC concurrent-cleanup-start]
[GC concurrent-cleanup-end, 0.0000084 secs]
Application time: 1.0508894 seconds
Application time: 0.1498886 seconds
[GC pause (G1 Humongous Allocation) (young)-- 89M->15M(128M), 0.0014076 secs]
Application time: 0.4279110 seconds
[GC pause (G1 Humongous Allocation) (mixed)-- 89M->15M(128M), 0.0021526 secs]
Application time: 0.0227134 seconds
[GC pause (G1 Humongous Allocation) (young) (initial-mark) 41M->15M(128M), 0.0011078 secs]
[GC concurrent-root-region-scan-start]
[GC concurrent-root-region-scan-end, 0.0001126 secs]
[GC concurrent-mark-start]
[GC concurrent-mark-end, 0.0186138 secs]
Application time: 0.0188590 seconds
[GC remark, 0.0027364 secs]
Application time: 0.0000424 seconds
[GC cleanup 30M->30M(128M), 0.0002224 secs]
[GC concurrent-cleanup-start]
[GC concurrent-cleanup-end, 0.0000112 secs]
Application time: 0.0672948 seconds
[GC pause (G1 Humongous Allocation) (young)-- 89M->16M(128M), 0.0016830 secs]
Application time: 1.1918079 seconds
[GC pause (G1 Humongous Allocation) (mixed)-- 90M->18M(128M), 0.0012054 secs]
Application time: 0.4602877 seconds
[GC pause (G1 Humongous Allocation) (young) (initial-mark) 42M->16M(128M), 0.0013035 secs]
[GC concurrent-root-region-scan-start]
[GC concurrent-root-region-scan-end, 0.0001477 secs]
[GC concurrent-mark-start]
[GC concurrent-mark-end, 0.0083093 secs]
Application time: 0.0084864 seconds
[GC remark, 0.0023640 secs]
Application time: 0.0000412 seconds
[GC cleanup 17M->16M(128M), 0.0002274 secs]
[GC concurrent-cleanup-start]
[GC concurrent-cleanup-end, 0.0000100 secs]
Application time: 1.1690815 seconds
[GC pause (G1 Humongous Allocation) (young)-- 90M->17M(128M), 0.0010281 secs]
Application time: 0.3545225 seconds
[GC pause (G1 Humongous Allocation) (mixed)-- 90M->17M(128M), 0.0018339 secs]
Application time: 0.0310607 seconds
[GC pause (G1 Humongous Allocation) (young) (initial-mark) 41M->18M(128M), 0.0009774 secs]
[GC concurrent-root-region-scan-start]
[GC concurrent-root-region-scan-end, 0.0001374 secs]
[GC concurrent-mark-start]
[GC concurrent-mark-end, 0.0127765 secs]
Application time: 0.0129349 seconds
[GC remark, 0.0032387 secs]
Application time: 0.0000327 seconds
[GC cleanup 23M->23M(128M), 0.0003857 secs]
Application time: 0.1195883 seconds
[GC pause (G1 Humongous Allocation) (young)-- 89M->18M(128M), 0.0019311 secs]
Application time: 1.0000774 seconds
Application time: 0.0407172 seconds
[GC pause (G1 Humongous Allocation) (mixed)-- 90M->19M(128M), 0.0012680 secs]
Application time: 0.4561323 seconds
[GC pause (G1 Humongous Allocation) (young) (initial-mark) 41M->18M(128M), 0.0011804 secs]
[GC concurrent-root-region-scan-start]
[GC concurrent-root-region-scan-end, 0.0001113 secs]
[GC concurrent-mark-start]
[GC concurrent-mark-end, 0.0166644 secs]
Application time: 0.0168414 seconds
[GC remark, 0.0025944 secs]
Application time: 0.0045360 seconds
[GC cleanup 19M->18M(128M), 0.0002273 secs]
[GC concurrent-cleanup-start]
[GC concurrent-cleanup-end, 0.0000132 secs]
Application time: 1.0853434 seconds
[GC pause (G1 Humongous Allocation) (young)-- 89M->19M(128M), 0.0011774 secs]
Application time: 0.4752599 seconds
[GC pause (G1 Humongous Allocation) (mixed)-- 89M->19M(128M), 0.0019602 secs]
Application time: 0.0265405 seconds
[GC pause (G1 Humongous Allocation) (young) (initial-mark) 41M->20M(128M), 0.0009458 secs]
[GC concurrent-root-region-scan-start]
[GC concurrent-root-region-scan-end, 0.0001974 secs]
[GC concurrent-mark-start]
[GC concurrent-mark-end, 0.0160908 secs]
Application time: 0.0163385 seconds
[GC remark, 0.0028391 secs]
Application time: 0.0000502 seconds
[GC cleanup 28M->28M(128M), 0.0002775 secs]
[GC concurrent-cleanup-start]
[GC concurrent-cleanup-end, 0.0000126 secs]
Application time: 0.1877921 seconds
[GC pause (G1 Humongous Allocation) (young)-- 90M->19M(128M), 0.0020772 secs]
Application time: 0.5884235 seconds
[GC pause (G1 Humongous Allocation) (mixed)-- 90M->19M(128M), 0.0015470 secs]
Application time: 0.5194853 seconds
[GC pause (G1 Humongous Allocation) (young) (initial-mark) 41M->21M(128M), 0.0011713 secs]
[GC concurrent-root-region-scan-start]
[GC concurrent-root-region-scan-end, 0.0002201 secs]
[GC concurrent-mark-start]
[GC concurrent-mark-end, 0.0146784 secs]
Application time: 0.0149605 seconds
[GC remark, 0.0030665 secs]
Application time: 0.0000521 seconds
[GC cleanup 22M->22M(128M), 0.0002877 secs]
Application time: 1.1499032 seconds
[GC pause (G1 Humongous Allocation) (young)-- 89M->20M(128M), 0.0017623 secs]
Application time: 0.7697882 seconds
[GC pause (G1 Humongous Allocation) (mixed)-- 90M->21M(128M), 0.0017575 secs]
Application time: 0.0300345 seconds
[GC pause (G1 Humongous Allocation) (young) (initial-mark) 42M->21M(128M), 0.0013836 secs]
[GC concurrent-root-region-scan-start]
[GC concurrent-root-region-scan-end, 0.0001313 secs]
[GC concurrent-mark-start]
[GC concurrent-mark-end, 0.0175759 secs]
Application time: 0.0177880 seconds
[GC remark, 0.0030144 secs]
Application time: 0.0000466 seconds
[GC cleanup 31M->31M(128M), 0.0002677 secs]
Application time: 0.1076480 seconds
[GC pause (G1 Humongous Allocation) (young)-- 90M->21M(128M), 0.0018387 secs]
Application time: 0.0988703 seconds
[GC pause (G1 Humongous Allocation) (mixed)-- 90M->22M(128M), 0.0014546 secs]
Application time: 0.4087594 seconds
[GC pause (G1 Humongous Allocation) (young) (initial-mark) 42M->21M(128M), 0.0013299 secs]
[GC concurrent-root-region-scan-start]
[GC concurrent-root-region-scan-end, 0.0002180 secs]
[GC concurrent-mark-start]
[GC concurrent-mark-end, 0.0096965 secs]
Application time: 0.0099846 seconds
[GC remark, 0.0030308 secs]
Application time: 0.0000302 seconds
[GC cleanup 22M->21M(128M), 0.0002629 secs]
[GC concurrent-cleanup-start]
[GC concurrent-cleanup-end, 0.0000097 secs]
Application time: 1.3886478 seconds
[GC pause (G1 Humongous Allocation) (young)-- 90M->22M(128M), 0.0018374 secs]
Application time: 1.0764403 seconds
[GC pause (G1 Humongous Allocation) (mixed)-- 89M->22M(128M), 0.0009818 secs]
Application time: 0.1399725 seconds
[GC pause (G1 Humongous Allocation) (young) (initial-mark) 42M->22M(128M), 0.0011042 secs]
[GC concurrent-root-region-scan-start]
[GC concurrent-root-region-scan-end, 0.0001096 secs]
[GC concurrent-mark-start]
[GC concurrent-mark-end, 0.0152437 secs]
Application time: 0.0152553 seconds
[GC remark, 0.0026293 secs]
Application time: 0.0000564 seconds
[GC cleanup 28M->28M(128M), 0.0002390 secs]
[GC concurrent-cleanup-start]
[GC concurrent-cleanup-end, 0.0000095 secs]
Application time: 0.0836040 seconds
[GC pause (G1 Humongous Allocation) (young)-- 90M->24M(128M), 0.0011773 secs]
Application time: 0.1129127 seconds
[GC pause (G1 Humongous Allocation) (mixed)-- 90M->22M(128M), 0.0028065 secs]
Application time: 0.0221517 seconds
[GC pause (G1 Humongous Allocation) (young) (initial-mark) 41M->22M(128M), 0.0011454 secs]
[GC concurrent-root-region-scan-start]
[GC concurrent-root-region-scan-end, 0.0002176 secs]
[GC concurrent-mark-start]
[GC concurrent-mark-end, 0.0107214 secs]
Application time: 0.0110008 seconds
[GC remark, 0.0031096 secs]
Application time: 0.0000593 seconds
[GC cleanup 26M->25M(128M), 0.0002830 secs]
[GC concurrent-cleanup-start]
[GC concurrent-cleanup-end, 0.0000098 secs]
Application time: 1.2053813 seconds
[GC pause (G1 Humongous Allocation) (young)-- 89M->24M(128M), 0.0012585 secs]
Application time: 1.1096818 seconds
[GC pause (G1 Humongous Allocation) (mixed)-- 89M->22M(128M), 0.0019918 secs]
Application time: 0.2981612 seconds
[GC pause (G1 Humongous Allocation) (young) (initial-mark) 41M->24M(128M), 0.0012310 secs]
[GC concurrent-root-region-scan-start]
[GC concurrent-root-region-scan-end, 0.0002510 secs]
[GC concurrent-mark-start]
[GC concurrent-mark-end, 0.0149658 secs]
Application time: 0.0152937 seconds
[GC remark, 0.0031815 secs]
Application time: 0.0000611 seconds
[GC cleanup 26M->25M(128M), 0.0002767 secs]
[GC concurrent-cleanup-start]
[GC concurrent-cleanup-end, 0.0000096 secs]
Application time: 0.4061190 seconds
[GC pause (G1 Humongous Allocation) (young)-- 88M->24M(128M), 0.0019920 secs]
Application time: 0.2744197 seconds
[GC pause (G1 Humongous Allocation) (mixed)-- 88M->23M(128M), 0.0021224 secs]
Application time: 0.0966606 seconds
[GC pause (G1 Humongous Allocation) (mixed)-- 88M->24M(128M), 0.0017425 secs]
Application time: 0.0181032 seconds
[GC pause (G1 Humongous Allocation) (young) (initial-mark) 39M->24M(128M), 0.0010296 secs]
[GC concurrent-root-region-scan-start]
[GC concurrent-root-region-scan-end, 0.0000328 secs]
[GC concurrent-mark-start]
[GC concurrent-mark-end, 0.0173000 secs]
Application time: 0.0172895 seconds
[GC remark, 0.0033620 secs]
Application time: 0.0000362 seconds
[GC cleanup 29M->28M(128M), 0.0003315 secs]
[GC concurrent-cleanup-start]
[GC concurrent-cleanup-end, 0.0000091 secs]
Application time: 1.3472084 seconds
[GC pause (G1 Humongous Allocation) (young)-- 89M->24M(128M), 0.0018933 secs]
Application time: 1.0504944 seconds
[GC pause (G1 Humongous Allocation) (mixed)-- 89M->24M(128M), 0.0019334 secs]
Application time: 0.4275048 seconds
[GC pause (G1 Humongous Allocation) (mixed)-- 90M->26M(128M), 0.0021346 secs]
Application time: 0.0191469 seconds
[GC pause (G1 Humongous Allocation) (young) (initial-mark) 41M->26M(128M), 0.0009095 secs]
[GC concurrent-root-region-scan-start]
[GC concurrent-root-region-scan-end, 0.0000066 secs]
[GC concurrent-mark-start]
[GC concurrent-mark-end, 0.0089356 secs]
Application time: 0.0090102 seconds
[GC remark, 0.0033556 secs]
Application time: 0.0000399 seconds
[GC cleanup 26M->25M(128M), 0.0002706 secs]
[GC concurrent-cleanup-start]
[GC concurrent-cleanup-end, 0.0000100 secs]
Application time: 0.4037062 seconds
[GC pause (G1 Humongous Allocation) (young)-- 89M->25M(128M), 0.0021549 secs]
Application time: 0.0984664 seconds
[GC pause (G1 Humongous Allocation) (mixed)-- 89M->26M(128M), 0.0014838 secs]
Application time: 1.1348524 seconds
[GC pause (G1 Humongous Allocation) (mixed)-- 88M->26M(128M), 0.0018710 secs]
Application time: 0.2047435 seconds
[GC pause (G1 Humongous Allocation) (young) (initial-mark) 40M->26M(128M), 0.0011755 secs]
[GC concurrent-root-region-scan-start]
[GC concurrent-root-region-scan-end, 0.0000232 secs]
[GC concurrent-mark-start]
[GC concurrent-mark-end, 0.0085618 secs]
Application time: 0.0086989 seconds
[GC remark, 0.0029369 secs]
Application time: 0.0000334 seconds
[GC cleanup 27M->27M(128M), 0.0002845 secs]
[GC concurrent-cleanup-start]
[GC concurrent-cleanup-end, 0.0000099 secs]
Application time: 0.9915367 seconds
[GC pause (G1 Humongous Allocation) (young)-- 88M->27M(128M), 0.0014607 secs]
Application time: 0.3434283 seconds
[GC pause (G1 Humongous Allocation) (mixed)-- 89M->27M(128M), 0.0021825 secs]
Application time: 0.3704499 seconds
[GC pause (G1 Humongous Allocation) (mixed)-- 89M->27M(128M), 0.0017101 secs]
Application time: 0.1605833 seconds
[GC pause (G1 Humongous Allocation) (young) (initial-mark) 41M->27M(128M), 0.0014649 secs]
[GC concurrent-root-region-scan-start]
[GC concurrent-root-region-scan-end, 0.0001264 secs]
[GC concurrent-mark-start]
[GC concurrent-mark-end, 0.0154908 secs]
Application time: 0.0156708 seconds
[GC remark, 0.0030163 secs]
Application time: 0.0000603 seconds
[GC cleanup 36M->36M(128M), 0.0003124 secs]
Application time: 0.0809005 seconds
[GC pause (G1 Humongous Allocation) (young)-- 89M->29M(128M), 0.0014242 secs]
Application time: 0.9025717 seconds
[GC pause (G1 Humongous Allocation) (mixed)-- 88M->29M(128M), 0.0017527 secs]
Application time: 1.0000253 seconds
[GC pause (G1 Humongous Allocation) (mixed)-- 88M->29M(128M), 0.0021247 secs]
Application time: 0.1492487 seconds
[GC pause (G1 Humongous Allocation) (young) (initial-mark) 39M->29M(128M), 0.0012197 secs]
[GC concurrent-root-region-scan-start]
[GC concurrent-root-region-scan-end, 0.0000330 secs]
[GC concurrent-mark-start]
[GC concurrent-mark-end, 0.0162816 secs]
Application time: 0.0163952 seconds
[GC remark, 0.0030476 secs]
Application time: 0.0000544 seconds
[GC cleanup 31M->29M(128M), 0.0002933 secs]
[GC concurrent-cleanup-start]
[GC concurrent-cleanup-end, 0.0000182 secs]
Application time: 0.4063503 seconds
[GC pause (G1 Humongous Allocation) (young)-- 88M->29M(128M), 0.0018205 secs]
Application time: 0.1799739 seconds
[GC pause (G1 Humongous Allocation) (mixed)-- 88M->30M(128M), 0.0018417 secs]
Application time: 0.6661052 seconds
[GC pause (G1 Humongous Allocation) (mixed)-- 88M->30M(128M), 0.0017391 secs]
Application time: 0.0125905 seconds
[GC pause (G1 Humongous Allocation) (young) (initial-mark) 40M->31M(128M), 0.0009471 secs]
[GC concurrent-root-region-scan-start]
[GC concurrent-root-region-scan-end, 0.0000338 secs]
[GC concurrent-mark-start]
[GC concurrent-mark-end, 0.0161145 secs]
Application time: 0.0162211 seconds
[GC remark, 0.0030986 secs]
Application time: 0.0000558 seconds
[GC cleanup 42M->41M(128M), 0.0003075 secs]
[GC concurrent-cleanup-start]
[GC concurrent-cleanup-end, 0.0000158 secs]
Application time: 0.0622581 seconds
[GC pause (G1 Humongous Allocation) (young)-- 88M->29M(128M), 0.0013921 secs]
Application time: 1.1755026 seconds
[GC pause (G1 Humongous Allocation) (mixed)-- 89M->30M(128M), 0.0019282 secs]
Application time: 0.8428263 seconds
[GC pause (G1 Humongous Allocation) (mixed)-- 89M->31M(128M), 0.0021418 secs]
Application time: 0.0150050 seconds
[GC pause (G1 Humongous Allocation) (young) (initial-mark) 40M->30M(128M), 0.0009972 secs]
[GC concurrent-root-region-scan-start]
[GC concurrent-root-region-scan-end, 0.0002188 secs]
[GC concurrent-mark-start]
[GC concurrent-mark-end, 0.0173145 secs]
Application time: 0.0176045 seconds
[GC remark, 0.0031669 secs]
Application time: 0.0000592 seconds
[GC cleanup 34M->33M(128M), 0.0002942 secs]
[GC concurrent-cleanup-start]
[GC concurrent-cleanup-end, 0.0000110 secs]
Application time: 0.0724039 seconds
[GC pause (G1 Humongous Allocation) (young)-- 89M->31M(128M), 0.0012951 secs]
Application time: 0.8974002 seconds
[GC pause (G1 Humongous Allocation) (mixed)-- 89M->32M(128M), 0.0016036 secs]
Application time: 0.3687067 seconds
[GC pause (G1 Humongous Allocation) (mixed)-- 89M->31M(128M), 0.0021416 secs]
Application time: 0.0123978 seconds
[GC pause (G1 Humongous Allocation) (young) (initial-mark) 40M->31M(128M), 0.0008385 secs]
[GC concurrent-root-region-scan-start]
[GC concurrent-root-region-scan-end, 0.0000422 secs]
[GC concurrent-mark-start]
[GC concurrent-mark-end, 0.0164888 secs]
Application time: 0.0165840 seconds
[GC remark, 0.0030623 secs]
Application time: 0.0000536 seconds
[GC cleanup 39M->38M(128M), 0.0002805 secs]
[GC concurrent-cleanup-start]
[GC concurrent-cleanup-end, 0.0000099 secs]
Application time: 0.3633359 seconds
[GC pause (G1 Humongous Allocation) (young)-- 88M->31M(128M), 0.0017227 secs]
Application time: 1.0001783 seconds
Application time: 0.0640297 seconds
[GC pause (G1 Humongous Allocation) (mixed)-- 89M->32M(128M), 0.0014740 secs]
Application time: 0.3143646 seconds
[GC pause (G1 Humongous Allocation) (mixed)-- 89M->31M(128M), 0.0025738 secs]
Application time: 0.2694477 seconds
[GC pause (G1 Humongous Allocation) (mixed)-- 89M->32M(128M), 0.0014622 secs]
Application time: 0.1352698 seconds
[GC pause (G1 Humongous Allocation) (young) (initial-mark) 40M->32M(128M), 0.0009823 secs]
[GC concurrent-root-region-scan-start]
[GC concurrent-root-region-scan-end, 0.0000353 secs]
[GC concurrent-mark-start]
[GC concurrent-mark-end, 0.0175296 secs]
Application time: 0.0176351 seconds
[GC remark, 0.0028283 secs]
Application time: 0.0000550 seconds
[GC cleanup 33M->32M(128M), 0.0003310 secs]
[GC concurrent-cleanup-start]
[GC concurrent-cleanup-end, 0.0000128 secs]
Application time: 1.1699063 seconds
[GC pause (G1 Humongous Allocation) (young)-- 89M->30M(128M), 0.0011596 secs]
Application time: 0.1032376 seconds
[GC pause (G1 Humongous Allocation) (mixed)-- 89M->32M(128M), 0.0016287 secs]
Application time: 0.5683805 seconds
[GC pause (G1 Humongous Allocation) (mixed)-- 88M->32M(128M), 0.0017458 secs]
Application time: 1.1323822 seconds
[GC pause (G1 Humongous Allocation) (mixed)-- 88M->32M(128M), 0.0017249 secs]
Application time: 0.1012996 seconds
[GC pause (G1 Humongous Allocation) (young) (initial-mark) 39M->33M(128M), 0.0011486 secs]
[GC concurrent-root-region-scan-start]
[GC concurrent-root-region-scan-end, 0.0000217 secs]
[GC concurrent-mark-start]
[GC concurrent-mark-end, 0.0183073 secs]
Application time: 0.0184037 seconds
[GC remark, 0.0031339 secs]
Application time: 0.0000552 seconds
[GC cleanup 33M->33M(128M), 0.0003165 secs]
[GC concurrent-cleanup-start]
[GC concurrent-cleanup-end, 0.0000137 secs]
Application time: 0.2126123 seconds
[GC pause (G1 Humongous Allocation) (young)-- 89M->33M(128M), 0.0019684 secs]
Application time: 0.3326135 seconds
[GC pause (G1 Humongous Allocation) (mixed)-- 88M->33M(128M), 0.0013857 secs]
Application time: 0.9864079 seconds
[GC pause (G1 Humongous Allocation) (mixed)-- 89M->34M(128M), 0.0016432 secs]
Application time: 0.0886932 seconds
[GC pause (G1 Humongous Allocation) (mixed)-- 88M->35M(128M), 0.0012770 secs]
Application time: 0.0056558 seconds
[GC pause (G1 Humongous Allocation) (young) (initial-mark) 39M->35M(128M), 0.0007321 secs]
[GC concurrent-root-region-scan-start]
[GC concurrent-root-region-scan-end, 0.0001187 secs]
[GC concurrent-mark-start]
[GC concurrent-mark-end, 0.0094135 secs]
Application time: 0.0095777 seconds
[GC remark, 0.0030100 secs]
Application time: 0.0000414 seconds
[GC cleanup 38M->37M(128M), 0.0002164 secs]
[GC concurrent-cleanup-start]
[GC concurrent-cleanup-end, 0.0000120 secs]
Application time: 0.7021111 seconds
[GC pause (G1 Humongous Allocation) (young)-- 89M->34M(128M), 0.0014347 secs]
Application time: 1.0857622 seconds
[GC pause (G1 Humongous Allocation) (mixed)-- 89M->34M(128M), 0.0018789 secs]
Application time: 0.3545360 seconds
[GC pause (G1 Humongous Allocation) (mixed)-- 90M->34M(128M), 0.0022283 secs]
Application time: 0.0915792 seconds
[GC pause (G1 Humongous Allocation) (mixed)-- 89M->34M(128M), 0.0017307 secs]
Application time: 0.1169588 seconds
[GC pause (G1 Humongous Allocation) (young) (initial-mark) 41M->35M(128M), 0.0012324 secs]
[GC concurrent-root-region-scan-start]
[GC concurrent-root-region-scan-end, 0.0000168 secs]
[GC concurrent-mark-start]
[GC concurrent-mark-end, 0.0161575 secs]
Application time: 0.0162400 seconds
[GC remark, 0.0029874 secs]
Application time: 0.0000594 seconds
[GC cleanup 38M->37M(128M), 0.0003485 secs]
[GC concurrent-cleanup-start]
[GC concurrent-cleanup-end, 0.0000119 secs]
Application time: 1.0395994 seconds
[GC pause (G1 Humongous Allocation) (young)-- 89M->35M(128M), 0.0010707 secs]
Application time: 0.0970790 seconds
[GC pause (G1 Humongous Allocation) (mixed)-- 89M->36M(128M), 0.0016189 secs]
Application time: 0.4547686 seconds
[GC pause (G1 Humongous Allocation) (mixed)-- 89M->36M(128M), 0.0014561 secs]
Application time: 1.0341509 seconds
[GC pause (G1 Humongous Allocation) (mixed)-- 88M->37M(128M), 0.0012536 secs]
Application time: 0.0328595 seconds
[GC pause (G1 Humongous Allocation) (young) (initial-mark) 39M->37M(128M), 0.0006647 secs]
[GC concurrent-root-region-scan-start]
[GC concurrent-root-region-scan-end, 0.0000244 secs]
[GC concurrent-mark-start]
[GC concurrent-mark-end, 0.0203116 secs]
Application time: 0.0203801 seconds
[GC remark, 0.0023924 secs]
Application time: 0.0000453 seconds
[GC cleanup 40M->39M(128M), 0.0002330 secs]
[GC concurrent-cleanup-start]
[GC concurrent-cleanup-end, 0.0000118 secs]
Application time: 0.5460958 seconds
[GC pause (G1 Humongous Allocation) (young)-- 89M->37M(128M), 0.0025934 secs]
Application time: 0.0759480 seconds
[GC pause (G1 Humongous Allocation) (mixed)-- 88M->37M(128M), 0.0026052 secs]
Application time: 0.7170653 seconds
[GC pause (G1 Humongous Allocation) (mixed)-- 89M->37M(128M), 0.0029360 secs]
Application time: 0.5646199 seconds
[GC pause (G1 Humongous Allocation) (mixed)-- 89M->39M(128M), 0.0034139 secs]
Application time: 0.0025161 seconds
[GC pause (G1 Humongous Allocation) (young) (initial-mark) 41M->39M(128M), 0.0011014 secs]
[GC concurrent-root-region-scan-start]
[GC concurrent-root-region-scan-end, 0.0000296 secs]
[GC concurrent-mark-start]
[GC concurrent-mark-end, 0.0225327 secs]
Application time: 0.0226508 seconds
[GC remark, 0.0033631 secs]
Application time: 0.0000483 seconds
[GC cleanup 44M->43M(128M), 0.0004038 secs]
[GC concurrent-cleanup-start]
[GC concurrent-cleanup-end, 0.0000143 secs]
Application time: 0.0856682 seconds
[GC pause (G1 Humongous Allocation) (young)-- 90M->39M(128M), 0.0034902 secs]
Application time: 0.9641355 seconds
[GC pause (G1 Humongous Allocation) (mixed)-- 90M->38M(128M), 0.0035743 secs]
Application time: 0.9807302 seconds
[GC pause (G1 Humongous Allocation) (mixed)-- 90M->38M(128M), 0.0038511 secs]
Application time: 0.3149952 seconds
[GC pause (G1 Humongous Allocation) (mixed)-- 90M->39M(128M), 0.0042369 secs]
Application time: 0.0111537 seconds
[GC pause (G1 Humongous Allocation) (young) (initial-mark) 41M->39M(128M), 0.0014386 secs]
[GC concurrent-root-region-scan-start]
[GC concurrent-root-region-scan-end, 0.0000247 secs]
[GC concurrent-mark-start]
[GC concurrent-mark-end, 0.0098129 secs]
Application time: 0.0098987 seconds
[GC remark, 0.0029569 secs]
Application time: 0.0000444 seconds
[GC cleanup 47M->46M(128M), 0.0003142 secs]
[GC concurrent-cleanup-start]
[GC concurrent-cleanup-end, 0.0000139 secs]
Application time: 0.1087936 seconds
[GC pause (G1 Humongous Allocation) (young)-- 91M->38M(128M), 0.0033263 secs]
Application time: 1.0556918 seconds
[GC pause (G1 Humongous Allocation) (mixed)-- 90M->40M(128M), 0.0036226 secs]
Application time: 0.0938471 seconds
[GC pause (G1 Humongous Allocation) (mixed)-- 90M->40M(128M), 0.0035352 secs]
Application time: 0.4263479 seconds
[GC pause (G1 Humongous Allocation) (mixed)-- 90M->40M(128M), 0.0047949 secs]
Application time: 0.0264740 seconds
[GC pause (G1 Humongous Allocation) (young) (initial-mark) 41M->40M(128M), 0.0012253 secs]
[GC concurrent-root-region-scan-start]
[GC concurrent-root-region-scan-end, 0.0000382 secs]
[GC concurrent-mark-start]
[GC concurrent-mark-end, 0.0169473 secs]
Application time: 0.0170670 seconds
[GC remark, 0.0031685 secs]
Application time: 0.0000538 seconds
[GC cleanup 41M->41M(128M), 0.0002990 secs]
Application time: 1.0002807 seconds
Application time: 0.0311043 seconds
[GC pause (G1 Humongous Allocation) (young)-- 90M->41M(128M), 0.0037910 secs]
Application time: 0.8647414 seconds
[GC pause (G1 Humongous Allocation) (mixed)-- 90M->40M(128M), 0.0044034 secs]
Application time: 0.1630905 seconds
[GC pause (G1 Humongous Allocation) (mixed)-- 91M->40M(128M), 0.0047273 secs]
Application time: 0.1763785 seconds
[GC pause (G1 Humongous Allocation) (mixed)-- 90M->41M(128M), 0.0063784 secs]
Application time: 0.0244130 seconds
[GC pause (G1 Humongous Allocation) (young) (initial-mark) 42M->41M(128M), 0.0013838 secs]
[GC concurrent-root-region-scan-start]
[GC concurrent-root-region-scan-end, 0.0000373 secs]
[GC concurrent-mark-start]
[GC concurrent-mark-end, 0.0138623 secs]
Application time: 0.0139589 seconds
[GC remark, 0.0044326 secs]
Application time: 0.0001009 seconds
[GC cleanup 42M->41M(128M), 0.0004305 secs]
[GC concurrent-cleanup-start]
[GC concurrent-cleanup-end, 0.0000163 secs]
Application time: 0.7854621 seconds
[GC pause (G1 Humongous Allocation) (young)-- 89M->40M(128M), 0.0072414 secs]
Application time: 0.0406311 seconds
[GC pause (G1 Humongous Allocation) (mixed)-- 89M->41M(128M), 0.0058559 secs]
Application time: 0.6093947 seconds
[GC pause (G1 Humongous Allocation) (mixed)-- 89M->41M(128M), 0.0058071 secs]
Application time: 1.0260711 seconds
[GC pause (G1 Humongous Allocation) (mixed)-- 88M->41M(128M), 0.0065615 secs]
Application time: 0.0029779 seconds
[GC pause (G1 Humongous Allocation) (young) (initial-mark) 42M->41M(128M), 0.0012337 secs]
[GC concurrent-root-region-scan-start]
[GC concurrent-root-region-scan-end, 0.0000478 secs]
[GC concurrent-mark-start]
[GC concurrent-mark-end, 0.0191747 secs]
Application time: 0.0192960 seconds
[GC remark, 0.0032020 secs]
Application time: 0.0000499 seconds
[GC cleanup 42M->41M(128M), 0.0003065 secs]
[GC concurrent-cleanup-start]
[GC concurrent-cleanup-end, 0.0000120 secs]
Application time: 0.8107737 seconds
[GC pause (G1 Humongous Allocation) (young)-- 89M->41M(128M), 0.0073994 secs]
Application time: 0.1936775 seconds
[GC pause (G1 Humongous Allocation) (mixed)-- 90M->42M(128M), 0.0075530 secs]
Application time: 0.0285640 seconds
[GC pause (G1 Humongous Allocation) (mixed)-- 90M->42M(128M), 0.0095060 secs]
Application time: 0.6447580 seconds
[GC pause (G1 Humongous Allocation) (mixed)-- 90M->42M(128M), 0.0150160 secs]
Application time: 0.0334683 seconds
[GC pause (G1 Humongous Allocation) (mixed)-- 90M->42M(128M), 0.0110418 secs]
Application time: 0.0021224 seconds
[GC pause (G1 Humongous Allocation) (young) (initial-mark) 43M->42M(128M), 0.0008460 secs]
[GC concurrent-root-region-scan-start]
[GC concurrent-root-region-scan-end, 0.0000142 secs]
[GC concurrent-mark-start]
[GC concurrent-mark-end, 0.0163922 secs]
Application time: 0.0164858 seconds
[GC remark, 0.0032383 secs]
Application time: 0.0000663 seconds
[GC cleanup 63M->62M(128M), 0.0002659 secs]
[GC concurrent-cleanup-start]
[GC concurrent-cleanup-end, 0.0000163 secs]
Application time: 0.6782982 seconds
[GC pause (G1 Humongous Allocation) (young)-- 90M->42M(128M), 0.0109842 secs]
Application time: 1.0416571 seconds
[GC pause (G1 Humongous Allocation) (mixed)-- 90M->42M(128M), 0.0119434 secs]
Application time: 0.7477867 seconds
[GC pause (G1 Humongous Allocation) (mixed)-- 90M->43M(128M), 0.0117673 secs]
Application time: 0.3204442 seconds
[GC pause (G1 Humongous Allocation) (mixed)-- 90M->43M(128M), 0.0120550 secs]
Application time: 0.0319339 seconds
[GC pause (G1 Humongous Allocation) (mixed)-- 89M->43M(128M), 0.0106827 secs]
Application time: 0.0043605 seconds
[GC pause (G1 Humongous Allocation) (young) (initial-mark) 45M->43M(128M), 0.0016738 secs]
[GC concurrent-root-region-scan-start]
[GC concurrent-root-region-scan-end, 0.0063482 secs]
[GC concurrent-mark-start]
[GC concurrent-mark-end, 0.0096777 secs]
Application time: 0.0161191 seconds
[GC remark, 0.0051505 secs]
Application time: 0.0000301 seconds
[GC cleanup 59M->58M(128M), 0.0004350 secs]
[GC concurrent-cleanup-start]
[GC concurrent-cleanup-end, 0.0000075 secs]
Application time: 0.7603665 seconds
[GC pause (G1 Humongous Allocation) (young)-- 89M->41M(128M), 0.0125770 secs]
Application time: 1.5917486 seconds
[GC pause (G1 Humongous Allocation) (mixed)-- 89M->41M(128M), 0.0203844 secs]
Warmup (60s) ends:   Tue May 15 23:41:32 GMT 2018
Warmup (60s) result: 34.61 ops/m

Iteration 1 (120s) begins: Tue May 15 23:41:32 GMT 2018
Application time: 0.6513185 seconds
Application time: 0.0342757 seconds
[GC pause (G1 Humongous Allocation) (mixed)-- 90M->45M(128M), 0.0145787 secs]
Application time: 0.0162344 seconds
[GC pause (G1 Humongous Allocation) (mixed)-- 89M->43M(128M), 0.0149688 secs]
Application time: 0.0202303 seconds
[GC pause (G1 Humongous Allocation) (mixed)-- 89M->44M(128M), 0.0129372 secs]
Application time: 0.0000496 seconds
[GC pause (G1 Humongous Allocation) (young) (initial-mark) 45M->45M(128M), 0.0009685 secs]
[GC concurrent-root-region-scan-start]
[GC concurrent-root-region-scan-end, 0.0000074 secs]
[GC concurrent-mark-start]
[GC concurrent-mark-end, 0.0177183 secs]
Application time: 0.0177535 seconds
[GC remark, 0.0035312 secs]
Application time: 0.0000347 seconds
[GC cleanup 80M->80M(128M), 0.0004712 secs]
[GC concurrent-cleanup-start]
[GC concurrent-cleanup-end, 0.0000106 secs]
Application time: 0.0041171 seconds
[GC pause (G1 Humongous Allocation) (young)-- 91M->45M(128M), 0.0115316 secs]
Application time: 1.0424307 seconds
[GC pause (G1 Humongous Allocation) (mixed)-- 90M->45M(128M), 0.0086225 secs]
Application time: 1.0030578 seconds
[GC pause (G1 Humongous Allocation) (mixed)-- 91M->45M(128M), 0.0081540 secs]
Application time: 0.7432470 seconds
[GC pause (G1 Humongous Allocation) (mixed)-- 90M->46M(128M), 0.0114714 secs]
Application time: 0.5945997 seconds
[GC pause (G1 Evacuation Pause) (mixed)-- 91M->45M(128M), 0.0111877 secs]
Application time: 0.0000379 seconds
[GC pause (G1 Humongous Allocation) (young) (initial-mark) 46M->45M(128M), 0.0009184 secs]
[GC concurrent-root-region-scan-start]
[GC concurrent-root-region-scan-end, 0.0039644 secs]
[GC concurrent-mark-start]
[GC concurrent-mark-end, 0.0166978 secs]
Application time: 0.0207613 seconds
[GC remark, 0.0032211 secs]
Application time: 0.0000357 seconds
[GC cleanup 80M->78M(128M), 0.0003214 secs]
[GC concurrent-cleanup-start]
[GC concurrent-cleanup-end, 0.0000110 secs]
Application time: 0.0081408 seconds
[GC pause (G1 Humongous Allocation) (young)-- 91M->45M(128M), 0.0093078 secs]
Application time: 0.0150348 seconds
[GC pause (G1 Humongous Allocation) (mixed)-- 91M->46M(128M), 0.0100858 secs]
Application time: 0.0119160 seconds
[GC pause (G1 Humongous Allocation) (mixed)-- 91M->45M(128M), 0.0111253 secs]
Application time: 0.4134523 seconds
[GC pause (G1 Humongous Allocation) (mixed)-- 91M->47M(128M), 0.0103492 secs]
Application time: 0.9600477 seconds
[GC pause (G1 Humongous Allocation) (mixed)-- 90M->47M(128M), 0.0086549 secs]
Application time: 0.0038768 seconds
[GC pause (G1 Humongous Allocation) (young) (initial-mark) 48M->47M(128M), 0.0014347 secs]
[GC concurrent-root-region-scan-start]
[GC concurrent-root-region-scan-end, 0.0000138 secs]
[GC concurrent-mark-start]
[GC concurrent-mark-end, 0.0167409 secs]
Application time: 0.0167346 seconds
[GC remark, 0.0050689 secs]
Application time: 0.0000308 seconds
[GC cleanup 48M->46M(128M), 0.0004586 secs]
[GC concurrent-cleanup-start]
[GC concurrent-cleanup-end, 0.0000070 secs]
Application time: 0.7185115 seconds
[GC pause (G1 Humongous Allocation) (young)-- 91M->47M(128M), 0.0132237 secs]
Application time: 0.6791560 seconds
[GC pause (G1 Humongous Allocation) (mixed)-- 90M->46M(128M), 0.0109149 secs]
Application time: 0.2323062 seconds
[GC pause (G1 Humongous Allocation) (mixed)-- 91M->47M(128M), 0.0097713 secs]
Application time: 0.0264449 seconds
[GC pause (G1 Humongous Allocation) (mixed)-- 90M->47M(128M), 0.0106329 secs]
Application time: 0.2559095 seconds
[GC pause (G1 Humongous Allocation) (mixed)-- 90M->48M(128M), 0.0099675 secs]
Application time: 0.0002440 seconds
[GC pause (G1 Humongous Allocation) (young) (initial-mark) 49M->48M(128M), 0.0008740 secs]
[GC concurrent-root-region-scan-start]
[GC concurrent-root-region-scan-end, 0.0000174 secs]
[GC concurrent-mark-start]
[GC concurrent-mark-end, 0.0151248 secs]
Application time: 0.0152492 seconds
[GC remark, 0.0029458 secs]
Application time: 0.0000356 seconds
[GC cleanup 72M->71M(128M), 0.0003211 secs]
[GC concurrent-cleanup-start]
[GC concurrent-cleanup-end, 0.0000106 secs]
Application time: 0.0159143 seconds
[GC pause (G1 Humongous Allocation) (young)-- 92M->48M(128M), 0.0098374 secs]
Application time: 0.4604750 seconds
[GC pause (G1 Humongous Allocation) (mixed)-- 91M->48M(128M), 0.0099055 secs]
Application time: 0.9182217 seconds
[GC pause (G1 Humongous Allocation) (mixed)-- 91M->48M(128M), 0.0072851 secs]
Application time: 0.7100329 seconds
[GC pause (G1 Humongous Allocation) (mixed)-- 90M->48M(128M), 0.0080159 secs]
Application time: 0.4997194 seconds
[GC pause (G1 Humongous Allocation) (mixed)-- 90M->49M(128M), 0.0083484 secs]
Application time: 0.0015205 seconds
[GC pause (G1 Humongous Allocation) (young) (initial-mark) 50M->49M(128M), 0.0005414 secs]
[GC concurrent-root-region-scan-start]
[GC concurrent-root-region-scan-end, 0.0000057 secs]
[GC concurrent-mark-start]
[GC concurrent-mark-end, 0.0120523 secs]
Application time: 0.0120637 seconds
[GC remark, 0.0025190 secs]
Application time: 0.0000378 seconds
[GC cleanup 57M->56M(128M), 0.0002463 secs]
[GC concurrent-cleanup-start]
[GC concurrent-cleanup-end, 0.0000078 secs]
Application time: 0.0276717 seconds
[GC pause (G1 Humongous Allocation) (young)-- 91M->48M(128M), 0.0071593 secs]
Application time: 0.0609892 seconds
[GC pause (G1 Humongous Allocation) (mixed)-- 90M->48M(128M), 0.0082621 secs]
Application time: 0.5422569 seconds
[GC pause (G1 Humongous Allocation) (mixed)-- 90M->49M(128M), 0.0074260 secs]
Application time: 0.0262268 seconds
[GC pause (G1 Humongous Allocation) (mixed)-- 90M->49M(128M), 0.0068557 secs]
Application time: 0.0745567 seconds
[GC pause (G1 Humongous Allocation) (mixed)-- 89M->49M(128M), 0.0076346 secs]
Application time: 0.0168850 seconds
[GC pause (G1 Humongous Allocation) (young) (initial-mark) 51M->49M(128M), 0.0007941 secs]
[GC concurrent-root-region-scan-start]
[GC concurrent-root-region-scan-end, 0.0000178 secs]
[GC concurrent-mark-start]
[GC concurrent-mark-end, 0.0078682 secs]
Application time: 0.0078702 seconds
[GC remark, 0.0024702 secs]
Application time: 0.0000294 seconds
[GC cleanup 51M->50M(128M), 0.0002604 secs]
[GC concurrent-cleanup-start]
[GC concurrent-cleanup-end, 0.0000075 secs]
Application time: 0.8185219 seconds
[GC pause (G1 Humongous Allocation) (young)-- 90M->50M(128M), 0.0062370 secs]
Application time: 0.6355322 seconds
[GC pause (G1 Humongous Allocation) (mixed)-- 90M->50M(128M), 0.0073324 secs]
Application time: 0.5949090 seconds
[GC pause (G1 Humongous Allocation) (mixed)-- 90M->50M(128M), 0.0082327 secs]
Application time: 0.1263276 seconds
[GC pause (G1 Humongous Allocation) (mixed)-- 90M->51M(128M), 0.0069888 secs]
Application time: 0.0250957 seconds
[GC pause (G1 Humongous Allocation) (mixed)-- 90M->51M(128M), 0.0079387 secs]
Application time: 0.0001887 seconds
[GC pause (G1 Humongous Allocation) (young) (initial-mark) 51M->51M(128M), 0.0005716 secs]
[GC concurrent-root-region-scan-start]
[GC concurrent-root-region-scan-end, 0.0000068 secs]
[GC concurrent-mark-start]
[GC concurrent-mark-end, 0.0041559 secs]
Application time: 0.0042552 seconds
[GC remark, 0.0027540 secs]
Application time: 0.0000415 seconds
[GC cleanup 51M->49M(128M), 0.0002588 secs]
[GC concurrent-cleanup-start]
[GC concurrent-cleanup-end, 0.0000076 secs]
Application time: 0.4791167 seconds
[GC pause (G1 Humongous Allocation) (young)-- 91M->50M(128M), 0.0079714 secs]
Application time: 0.1874986 seconds
[GC pause (G1 Humongous Allocation) (mixed)-- 91M->51M(128M), 0.0071062 secs]
Application time: 0.0266883 seconds
[GC pause (G1 Humongous Allocation) (mixed)-- 91M->51M(128M), 0.0082152 secs]
Application time: 0.5779280 seconds
[GC pause (G1 Humongous Allocation) (mixed)-- 91M->51M(128M), 0.0073595 secs]
Application time: 0.7773649 seconds
[GC pause (G1 Humongous Allocation) (mixed)-- 90M->51M(128M), 0.0074771 secs]
Application time: 0.5677834 seconds
[GC pause (G1 Humongous Allocation) (mixed)-- 90M->51M(128M), 0.0075721 secs]
Application time: 0.0002093 seconds
[GC pause (G1 Humongous Allocation) (young) (initial-mark) 52M->51M(128M), 0.0005587 secs]
[GC concurrent-root-region-scan-start]
[GC concurrent-root-region-scan-end, 0.0000065 secs]
[GC concurrent-mark-start]
[GC concurrent-mark-end, 0.0040926 secs]
Application time: 0.0041711 seconds
[GC remark, 0.0024484 secs]
Application time: 0.0000663 seconds
[GC cleanup 52M->51M(128M), 0.0002374 secs]
[GC concurrent-cleanup-start]
[GC concurrent-cleanup-end, 0.0000154 secs]
Application time: 0.4541133 seconds
[GC pause (G1 Humongous Allocation) (young)-- 91M->52M(128M), 0.0075337 secs]
Application time: 0.0259110 seconds
[GC pause (G1 Humongous Allocation) (mixed)-- 90M->51M(128M), 0.0066104 secs]
Application time: 0.0172569 seconds
[GC pause (G1 Humongous Allocation) (mixed)-- 90M->50M(128M), 0.0080583 secs]
Application time: 0.6727810 seconds
[GC pause (G1 Humongous Allocation) (mixed)-- 90M->52M(128M), 0.0079082 secs]
Application time: 0.0288825 seconds
[GC pause (G1 Humongous Allocation) (mixed)-- 89M->53M(128M), 0.0067369 secs]
Application time: 0.0202023 seconds
[GC pause (G1 Humongous Allocation) (mixed)-- 89M->53M(128M), 0.0077263 secs]
Application time: 0.0051118 seconds
[GC pause (G1 Humongous Allocation) (young) (initial-mark) 53M->53M(128M), 0.0009379 secs]
[GC concurrent-root-region-scan-start]
[GC concurrent-root-region-scan-end, 0.0000112 secs]
[GC concurrent-mark-start]
[GC concurrent-mark-end, 0.0048893 secs]
Application time: 0.0049480 seconds
[GC remark, 0.0027539 secs]
Application time: 0.0002789 seconds
[GC cleanup 55M->54M(128M), 0.0002322 secs]
[GC concurrent-cleanup-start]
[GC concurrent-cleanup-end, 0.0000127 secs]
Application time: 0.6606251 seconds
[GC pause (G1 Humongous Allocation) (young)-- 91M->53M(128M), 0.0067217 secs]
Application time: 0.7257840 seconds
[GC pause (G1 Humongous Allocation) (mixed)-- 90M->53M(128M), 0.0069361 secs]
Application time: 0.6485281 seconds
[GC pause (G1 Humongous Allocation) (mixed)-- 91M->53M(128M), 0.0079420 secs]
Application time: 0.4198900 seconds
[GC pause (G1 Humongous Allocation) (mixed)-- 91M->54M(128M), 0.0080303 secs]
Application time: 0.0266121 seconds
[GC pause (G1 Humongous Allocation) (mixed)-- 90M->54M(128M), 0.0067407 secs]
Application time: 0.0271326 seconds
[GC pause (G1 Humongous Allocation) (mixed)-- 90M->53M(128M), 0.0077933 secs]
Application time: 0.0000478 seconds
[GC pause (G1 Humongous Allocation) (young) (initial-mark) 55M->53M(128M), 0.0008786 secs]
[GC concurrent-root-region-scan-start]
[GC concurrent-root-region-scan-end, 0.0000301 secs]
[GC concurrent-mark-start]
[GC concurrent-mark-end, 0.0135183 secs]
Application time: 0.0136077 seconds
[GC remark, 0.0030932 secs]
Application time: 0.0026024 seconds
[GC cleanup 62M->61M(128M), 0.0002677 secs]
[GC concurrent-cleanup-start]
[GC concurrent-cleanup-end, 0.0000151 secs]
Application time: 0.5737180 seconds
[GC pause (G1 Humongous Allocation) (young)-- 89M->54M(128M), 0.0071441 secs]
Application time: 0.0974867 seconds
[GC pause (G1 Humongous Allocation) (mixed)-- 90M->54M(128M), 0.0061786 secs]
Application time: 0.0255978 seconds
[GC pause (G1 Humongous Allocation) (mixed)-- 91M->54M(128M), 0.0077700 secs]
Application time: 0.4037851 seconds
[GC pause (G1 Humongous Allocation) (mixed)-- 91M->54M(128M), 0.0070714 secs]
Application time: 0.7826626 seconds
[GC pause (G1 Humongous Allocation) (mixed)-- 90M->55M(128M), 0.0068284 secs]
Application time: 0.5946715 seconds
[GC pause (G1 Humongous Allocation) (mixed)-- 90M->55M(128M), 0.0072072 secs]
Application time: 0.0021442 seconds
[GC pause (G1 Humongous Allocation) (young) (initial-mark) 56M->55M(128M), 0.0009393 secs]
[GC concurrent-root-region-scan-start]
[GC concurrent-root-region-scan-end, 0.0000142 secs]
[GC concurrent-mark-start]
[GC concurrent-mark-end, 0.0046929 secs]
Application time: 0.0081712 seconds
[GC remark, 0.0026622 secs]
Application time: 0.0047714 seconds
[GC cleanup 57M->56M(128M), 0.0002466 secs]
[GC concurrent-cleanup-start]
[GC concurrent-cleanup-end, 0.0000114 secs]
Application time: 0.5805853 seconds
[GC pause (G1 Humongous Allocation) (young)-- 91M->55M(128M), 0.0077427 secs]
Application time: 0.1493232 seconds
[GC pause (G1 Humongous Allocation) (mixed)-- 91M->55M(128M), 0.0103998 secs]
Application time: 0.0379919 seconds
[GC pause (G1 Humongous Allocation) (mixed)-- 91M->55M(128M), 0.0076623 secs]
Application time: 0.2104624 seconds
[GC pause (G1 Humongous Allocation) (mixed)-- 90M->55M(128M), 0.0073250 secs]
Application time: 0.4130969 seconds
[GC pause (G1 Humongous Allocation) (mixed)-- 90M->56M(128M), 0.0067287 secs]
Application time: 0.0223734 seconds
[GC pause (G1 Humongous Allocation) (mixed)-- 90M->56M(128M), 0.0063540 secs]
Application time: 0.0073195 seconds
[GC pause (G1 Humongous Allocation) (young) (initial-mark) 57M->56M(128M), 0.0009694 secs]
[GC concurrent-root-region-scan-start]
[GC concurrent-root-region-scan-end, 0.0000211 secs]
[GC concurrent-mark-start]
[GC concurrent-mark-end, 0.0047160 secs]
Application time: 0.0048297 seconds
[GC remark, 0.0029323 secs]
Application time: 0.0002048 seconds
[GC cleanup 58M->57M(128M), 0.0002633 secs]
[GC concurrent-cleanup-start]
[GC concurrent-cleanup-end, 0.0000113 secs]
Application time: 0.0166435 seconds
[GC pause (G1 Humongous Allocation) (young)-- 91M->56M(128M), 0.0071124 secs]
Application time: 0.6418384 seconds
[GC pause (G1 Humongous Allocation) (mixed)-- 90M->56M(128M), 0.0058428 secs]
Application time: 0.6990999 seconds
[GC pause (G1 Humongous Allocation) (mixed)-- 90M->56M(128M), 0.0065902 secs]
Application time: 0.5163929 seconds
[GC pause (G1 Humongous Allocation) (mixed)-- 89M->57M(128M), 0.0068444 secs]
Application time: 0.5180692 seconds
[GC pause (G1 Humongous Allocation) (mixed)-- 89M->57M(128M), 0.0071040 secs]
Application time: 0.1019943 seconds
[GC pause (G1 Humongous Allocation) (mixed)-- 89M->58M(128M), 0.0063851 secs]
Application time: 0.0002113 seconds
[GC pause (G1 Humongous Allocation) (young) (initial-mark) 58M->58M(128M), 0.0006731 secs]
[GC concurrent-root-region-scan-start]
[GC concurrent-root-region-scan-end, 0.0000118 secs]
[GC concurrent-mark-start]
[GC concurrent-mark-end, 0.0047749 secs]
Application time: 0.0048322 seconds
[GC remark, 0.0026411 secs]
Application time: 0.0000399 seconds
[GC cleanup 58M->56M(128M), 0.0002261 secs]
[GC concurrent-cleanup-start]
[GC concurrent-cleanup-end, 0.0000105 secs]
Application time: 0.0256327 seconds
[GC pause (G1 Humongous Allocation) (young)-- 90M->56M(128M), 0.0068999 secs]
Application time: 0.1378926 seconds
[GC pause (G1 Humongous Allocation) (mixed)-- 90M->56M(128M), 0.0074485 secs]
Application time: 0.4797498 seconds
[GC pause (G1 Humongous Allocation) (mixed)-- 90M->57M(128M), 0.0065460 secs]
Application time: 0.0267067 seconds
[GC pause (G1 Humongous Allocation) (mixed)-- 89M->57M(128M), 0.0057266 secs]
Application time: 0.0195098 seconds
[GC pause (G1 Humongous Allocation) (mixed)-- 89M->57M(128M), 0.0068405 secs]
Application time: 0.3252823 seconds
[GC pause (G1 Humongous Allocation) (mixed)-- 88M->58M(128M), 0.0060508 secs]
Application time: 0.0022889 seconds
[GC pause (G1 Humongous Allocation) (young) (initial-mark) 59M->58M(128M), 0.0009230 secs]
[GC concurrent-root-region-scan-start]
[GC concurrent-root-region-scan-end, 0.0000286 secs]
[GC concurrent-mark-start]
[GC concurrent-mark-end, 0.0044269 secs]
Application time: 0.0092700 seconds
[GC remark, 0.0025120 secs]
Application time: 0.0000497 seconds
[GC cleanup 59M->58M(128M), 0.0003190 secs]
[GC concurrent-cleanup-start]
[GC concurrent-cleanup-end, 0.0000148 secs]
Application time: 0.7016581 seconds
[GC pause (G1 Humongous Allocation) (young)-- 90M->57M(128M), 0.0061002 secs]
Application time: 0.5394266 seconds
[GC pause (G1 Humongous Allocation) (mixed)-- 90M->57M(128M), 0.0062935 secs]
Application time: 0.4683390 seconds
[GC pause (G1 Humongous Allocation) (mixed)-- 90M->58M(128M), 0.0065555 secs]
Application time: 0.3315702 seconds
[GC pause (G1 Humongous Allocation) (mixed)-- 90M->58M(128M), 0.0069412 secs]
Application time: 0.0210814 seconds
[GC pause (G1 Humongous Allocation) (mixed)-- 90M->59M(128M), 0.0057560 secs]
Application time: 0.0183868 seconds
[GC pause (G1 Humongous Allocation) (mixed)-- 89M->59M(128M), 0.0070080 secs]
Application time: 0.0085965 seconds
[GC pause (G1 Humongous Allocation) (young) (initial-mark) 59M->59M(128M), 0.0007651 secs]
[GC concurrent-root-region-scan-start]
[GC concurrent-root-region-scan-end, 0.0000144 secs]
[GC concurrent-mark-start]
[GC concurrent-mark-end, 0.0111280 secs]
Application time: 0.0112012 seconds
[GC remark, 0.0028426 secs]
Application time: 0.0000370 seconds
[GC cleanup 75M->74M(128M), 0.0002721 secs]
[GC concurrent-cleanup-start]
[GC concurrent-cleanup-end, 0.0000111 secs]
Application time: 0.3548296 seconds
[GC pause (G1 Humongous Allocation) (young)-- 90M->58M(128M), 0.0082331 secs]
Application time: 0.2525222 seconds
[GC pause (G1 Humongous Allocation) (mixed)-- 90M->58M(128M), 0.0074883 secs]
Application time: 0.0203650 seconds
[GC pause (G1 Humongous Allocation) (mixed)-- 91M->59M(128M), 0.0079627 secs]
Application time: 0.0270676 seconds
[GC pause (G1 Humongous Allocation) (mixed)-- 91M->59M(128M), 0.0086804 secs]
Application time: 0.6960439 seconds
[GC pause (G1 Humongous Allocation) (mixed)-- 90M->59M(128M), 0.0068365 secs]
Application time: 0.6315122 seconds
[GC pause (G1 Humongous Allocation) (mixed)-- 90M->59M(128M), 0.0077608 secs]
Application time: 0.5268731 seconds
[GC pause (G1 Humongous Allocation) (mixed)-- 89M->59M(128M), 0.0072940 secs]
Application time: 0.0002465 seconds
[GC pause (G1 Humongous Allocation) (young) (initial-mark) 61M->59M(128M), 0.0009416 secs]
[GC concurrent-root-region-scan-start]
[GC concurrent-root-region-scan-end, 0.0000362 secs]
[GC concurrent-mark-start]
[GC concurrent-mark-end, 0.0050292 secs]
Application time: 0.0051273 seconds
[GC remark, 0.0030065 secs]
Application time: 0.0000287 seconds
[GC cleanup 60M->60M(128M), 0.0002971 secs]
[GC concurrent-cleanup-start]
[GC concurrent-cleanup-end, 0.0000112 secs]
Application time: 0.4978108 seconds
[GC pause (G1 Humongous Allocation) (young) 91M->59M(128M), 0.0077780 secs]
Application time: 0.2399684 seconds
[GC pause (G1 Humongous Allocation) (mixed)-- 91M->59M(128M), 0.0077362 secs]
Application time: 0.0222862 seconds
[GC pause (G1 Humongous Allocation) (mixed)-- 91M->59M(128M), 0.0073214 secs]
Application time: 0.0260087 seconds
[GC pause (G1 Humongous Allocation) (mixed)-- 90M->60M(128M), 0.0078292 secs]
Application time: 0.3518051 seconds
[GC pause (G1 Humongous Allocation) (mixed)-- 90M->60M(128M), 0.0075681 secs]
Application time: 0.1577726 seconds
[GC pause (G1 Humongous Allocation) (mixed)-- 90M->61M(128M), 0.0069509 secs]
Application time: 0.0163497 seconds
[GC pause (G1 Humongous Allocation) (mixed)-- 89M->61M(128M), 0.0068538 secs]
Application time: 0.0020146 seconds
[GC pause (G1 Humongous Allocation) (young) (initial-mark) 61M->61M(128M), 0.0011277 secs]
[GC concurrent-root-region-scan-start]
[GC concurrent-root-region-scan-end, 0.0000155 secs]
[GC concurrent-mark-start]
[GC concurrent-mark-end, 0.0055303 secs]
Application time: 0.0067125 seconds
[GC remark, 0.0040158 secs]
Application time: 0.0000353 seconds
[GC cleanup 68M->68M(128M), 0.0003278 secs]
[GC concurrent-cleanup-start]
[GC concurrent-cleanup-end, 0.0000099 secs]
Application time: 0.0078282 seconds
[GC pause (G1 Humongous Allocation) (young)-- 91M->61M(128M), 0.0074613 secs]
Application time: 0.5289454 seconds
[GC pause (G1 Humongous Allocation) (mixed)-- 90M->61M(128M), 0.0069549 secs]
Application time: 0.6472422 seconds
[GC pause (G1 Humongous Allocation) (mixed)-- 90M->61M(128M), 0.0063982 secs]
Application time: 0.4744866 seconds
[GC pause (G1 Humongous Allocation) (mixed)-- 90M->61M(128M), 0.0071347 secs]
Application time: 0.4130060 seconds
[GC pause (G1 Humongous Allocation) (mixed)-- 89M->62M(128M), 0.0071310 secs]
Application time: 0.4204507 seconds
[GC pause (G1 Humongous Allocation) (mixed)-- 89M->62M(128M), 0.0073093 secs]
Application time: 0.2872506 seconds
[GC pause (G1 Humongous Allocation) (mixed)-- 89M->63M(128M), 0.0070915 secs]
Application time: 0.0002445 seconds
[GC pause (G1 Humongous Allocation) (young) (initial-mark) 63M->63M(128M), 0.0008549 secs]
[GC concurrent-root-region-scan-start]
[GC concurrent-root-region-scan-end, 0.0000206 secs]
[GC concurrent-mark-start]
[GC concurrent-mark-end, 0.0049985 secs]
Application time: 0.0050928 seconds
[GC remark, 0.0031244 secs]
Application time: 0.0000453 seconds
[GC cleanup 63M->62M(128M), 0.0002950 secs]
[GC concurrent-cleanup-start]
[GC concurrent-cleanup-end, 0.0000281 secs]
Application time: 0.0205469 seconds
[GC pause (G1 Humongous Allocation) (young)-- 91M->62M(128M), 0.0063270 secs]
Application time: 0.0189533 seconds
[GC pause (G1 Humongous Allocation) (mixed)-- 90M->62M(128M), 0.0074703 secs]
Application time: 0.1471090 seconds
[GC pause (G1 Humongous Allocation) (mixed)-- 90M->62M(128M), 0.0077350 secs]
Application time: 0.0213390 seconds
[GC pause (G1 Humongous Allocation) (mixed)-- 90M->63M(128M), 0.0057787 secs]
Application time: 0.0213767 seconds
[GC pause (G1 Humongous Allocation) (mixed)-- 89M->63M(128M), 0.0071724 secs]
Application time: 0.0144187 seconds
[GC pause (G1 Humongous Allocation) (mixed)-- 89M->63M(128M), 0.0068584 secs]
Application time: 0.4714032 seconds
[GC pause (G1 Humongous Allocation) (mixed)-- 88M->63M(128M), 0.0059425 secs]
Application time: 0.0002729 seconds
[GC pause (G1 Humongous Allocation) (young) (initial-mark) 64M->63M(128M), 0.0008644 secs]
[GC concurrent-root-region-scan-start]
[GC concurrent-root-region-scan-end, 0.0000146 secs]
[GC concurrent-mark-start]
[GC concurrent-mark-end, 0.0052113 secs]
Application time: 0.0052799 seconds
[GC remark, 0.0030524 secs]
Application time: 0.0000440 seconds
[GC cleanup 64M->62M(128M), 0.0002861 secs]
[GC concurrent-cleanup-start]
[GC concurrent-cleanup-end, 0.0000142 secs]
Application time: 0.7031447 seconds
[GC pause (G1 Humongous Allocation) (young)-- 91M->63M(128M), 0.0060555 secs]
Application time: 0.5280033 seconds
[GC pause (G1 Humongous Allocation) (mixed)-- 91M->62M(128M), 0.0067209 secs]
Application time: 0.4460194 seconds
[GC pause (G1 Humongous Allocation) (mixed)-- 91M->63M(128M), 0.0075749 secs]
Application time: 0.4326267 seconds
[GC pause (G1 Humongous Allocation) (mixed)-- 91M->63M(128M), 0.0075827 secs]
Application time: 0.2586126 seconds
[GC pause (G1 Humongous Allocation) (mixed)-- 91M->64M(128M), 0.0068963 secs]
Application time: 0.0293947 seconds
[GC pause (G1 Humongous Allocation) (mixed)-- 90M->63M(128M), 0.0064086 secs]
Application time: 0.0236951 seconds
[GC pause (G1 Humongous Allocation) (mixed)-- 90M->64M(128M), 0.0073150 secs]
Application time: 0.0001970 seconds
[GC pause (G1 Humongous Allocation) (young) (initial-mark) 65M->64M(128M), 0.0010507 secs]
[GC concurrent-root-region-scan-start]
[GC concurrent-root-region-scan-end, 0.0000282 secs]
[GC concurrent-mark-start]
[GC concurrent-mark-end, 0.0051166 secs]
Application time: 0.0051918 seconds
[GC remark, 0.0027672 secs]
Application time: 0.0001149 seconds
[GC cleanup 65M->64M(128M), 0.0002810 secs]
[GC concurrent-cleanup-start]
[GC concurrent-cleanup-end, 0.0000091 secs]
Application time: 0.0292178 seconds
[GC pause (G1 Humongous Allocation) (young)-- 90M->63M(128M), 0.0065830 secs]
Application time: 0.3701678 seconds
[GC pause (G1 Humongous Allocation) (mixed)-- 90M->64M(128M), 0.0062610 secs]
Application time: 0.0177732 seconds
[GC pause (G1 Humongous Allocation) (mixed)-- 91M->64M(128M), 0.0055592 secs]
Application time: 0.0240536 seconds
[GC pause (G1 Humongous Allocation) (mixed)-- 91M->64M(128M), 0.0069704 secs]
Application time: 0.0321275 seconds
[GC pause (G1 Humongous Allocation) (mixed)-- 91M->64M(128M), 0.0072183 secs]
Application time: 0.5944246 seconds
[GC pause (G1 Humongous Allocation) (mixed)-- 90M->64M(128M), 0.0056106 secs]
Application time: 0.5447644 seconds
[GC pause (G1 Humongous Allocation) (mixed)-- 90M->65M(128M), 0.0057386 secs]
Application time: 0.0107071 seconds
[GC pause (G1 Humongous Allocation) (young) (initial-mark) 65M->65M(128M), 0.0023789 secs]
[GC concurrent-root-region-scan-start]
[GC concurrent-root-region-scan-end, 0.0000304 secs]
[GC concurrent-mark-start]
[GC concurrent-mark-end, 0.0051727 secs]
Application time: 0.0102097 seconds
[GC remark, 0.0033386 secs]
Application time: 0.0000523 seconds
[GC cleanup 67M->66M(128M), 0.0003160 secs]
[GC concurrent-cleanup-start]
[GC concurrent-cleanup-end, 0.0000139 secs]
Application time: 0.4698616 seconds
[GC pause (G1 Humongous Allocation) (young) 91M->63M(128M), 0.0062702 secs]
Application time: 0.4198983 seconds
[GC pause (G1 Humongous Allocation) (mixed)-- 90M->63M(128M), 0.0073915 secs]
Application time: 0.4095654 seconds
[GC pause (G1 Humongous Allocation) (mixed)-- 91M->63M(128M), 0.0074649 secs]
Application time: 0.1135996 seconds
[GC pause (G1 Humongous Allocation) (mixed)-- 91M->64M(128M), 0.0062626 secs]
Application time: 0.0154261 seconds
[GC pause (G1 Humongous Allocation) (mixed)-- 90M->64M(128M), 0.0058884 secs]
Application time: 0.0174796 seconds
[GC pause (G1 Humongous Allocation) (mixed)-- 90M->65M(128M), 0.0065203 secs]
Application time: 0.1398769 seconds
[GC pause (G1 Humongous Allocation) (mixed)-- 89M->65M(128M), 0.0066674 secs]
Application time: 0.0035085 seconds
[GC pause (G1 Humongous Allocation) (young) (initial-mark) 66M->65M(128M), 0.0010409 secs]
[GC concurrent-root-region-scan-start]
[GC concurrent-root-region-scan-end, 0.0000155 secs]
[GC concurrent-mark-start]
[GC concurrent-mark-end, 0.0049479 secs]
Application time: 0.0128362 seconds
[GC remark, 0.0032654 secs]
Application time: 0.0000512 seconds
[GC cleanup 67M->67M(128M), 0.0003248 secs]
[GC concurrent-cleanup-start]
[GC concurrent-cleanup-end, 0.0000091 secs]
Application time: 0.3168436 seconds
[GC pause (G1 Humongous Allocation) (young)-- 90M->66M(128M), 0.0053630 secs]
Application time: 0.0247179 seconds
[GC pause (G1 Humongous Allocation) (mixed)-- 90M->65M(128M), 0.0043825 secs]
Application time: 0.0222982 seconds
[GC pause (G1 Humongous Allocation) (mixed)-- 90M->65M(128M), 0.0058035 secs]
Application time: 0.0101856 seconds
[GC pause (G1 Humongous Allocation) (mixed)-- 90M->65M(128M), 0.0057480 secs]
Application time: 0.4484986 seconds
[GC pause (G1 Humongous Allocation) (mixed)-- 89M->66M(128M), 0.0045770 secs]
Application time: 0.5822061 seconds
[GC pause (G1 Humongous Allocation) (mixed)-- 89M->66M(128M), 0.0045492 secs]
Application time: 0.4139538 seconds
[GC pause (G1 Humongous Allocation) (mixed)-- 88M->66M(128M), 0.0047212 secs]
Application time: 0.0001543 seconds
[GC pause (G1 Humongous Allocation) (young) (initial-mark) 67M->66M(128M), 0.0007844 secs]
[GC concurrent-root-region-scan-start]
[GC concurrent-root-region-scan-end, 0.0000269 secs]
[GC concurrent-mark-start]
[GC concurrent-mark-end, 0.0050416 secs]
Application time: 0.0051278 seconds
[GC remark, 0.0024935 secs]
Application time: 0.0000466 seconds
[GC cleanup 67M->67M(128M), 0.0003846 secs]
[GC concurrent-cleanup-start]
[GC concurrent-cleanup-end, 0.0000136 secs]
Application time: 0.4027302 seconds
[GC pause (G1 Humongous Allocation) (young)-- 90M->66M(128M), 0.0043714 secs]
Application time: 0.2936503 seconds
[GC pause (G1 Humongous Allocation) (mixed)-- 90M->66M(128M), 0.0049118 secs]
Application time: 0.3549598 seconds
[GC pause (G1 Humongous Allocation) (mixed)-- 90M->66M(128M), 0.0050251 secs]
Application time: 0.0305300 seconds
[GC pause (G1 Humongous Allocation) (mixed)-- 90M->67M(128M), 0.0045789 secs]
Application time: 0.0113134 seconds
[GC pause (G1 Humongous Allocation) (mixed)-- 89M->67M(128M), 0.0042756 secs]
Application time: 0.0132195 seconds
[GC pause (G1 Humongous Allocation) (mixed)-- 89M->67M(128M), 0.0047524 secs]
Application time: 0.0103429 seconds
[GC pause (G1 Humongous Allocation) (mixed)-- 88M->66M(128M), 0.0045485 secs]
Application time: 0.0003384 seconds
[GC pause (G1 Humongous Allocation) (young) (initial-mark) 68M->67M(128M), 0.0007750 secs]
[GC concurrent-root-region-scan-start]
[GC concurrent-root-region-scan-end, 0.0000187 secs]
[GC concurrent-mark-start]
[GC concurrent-mark-end, 0.0045666 secs]
Application time: 0.0046419 seconds
[GC remark, 0.0025103 secs]
Application time: 0.0000311 seconds
[GC cleanup 68M->67M(128M), 0.0002429 secs]
[GC concurrent-cleanup-start]
[GC concurrent-cleanup-end, 0.0000112 secs]
Application time: 0.4111270 seconds
[GC pause (G1 Humongous Allocation) (young) 90M->66M(128M), 0.0045606 secs]
Application time: 0.2004615 seconds
[GC pause (G1 Humongous Allocation) (mixed)-- 91M->66M(128M), 0.0047256 secs]
Application time: 0.0143537 seconds
[GC pause (G1 Humongous Allocation) (mixed)-- 91M->66M(128M), 0.0044530 secs]
Application time: 0.0249609 seconds
[GC pause (G1 Humongous Allocation) (mixed)-- 90M->66M(128M), 0.0052244 secs]
Application time: 0.0059662 seconds
[GC pause (G1 Humongous Allocation) (mixed)-- 90M->66M(128M), 0.0050561 secs]
Application time: 0.4115251 seconds
[GC pause (G1 Humongous Allocation) (mixed)-- 90M->67M(128M), 0.0044911 secs]
Application time: 0.4620794 seconds
[GC pause (G1 Humongous Allocation) (mixed)-- 89M->67M(128M), 0.0041079 secs]
Application time: 0.3479242 seconds
[GC pause (G1 Humongous Allocation) (mixed)-- 89M->67M(128M), 0.0041444 secs]
Application time: 0.0004930 seconds
[GC pause (G1 Humongous Allocation) (young) (initial-mark) 68M->67M(128M), 0.0012391 secs]
[GC concurrent-root-region-scan-start]
[GC concurrent-root-region-scan-end, 0.0000086 secs]
[GC concurrent-mark-start]
[GC concurrent-mark-end, 0.0045056 secs]
Application time: 0.0045827 seconds
[GC remark, 0.0024710 secs]
Application time: 0.0000296 seconds
[GC cleanup 67M->67M(128M), 0.0002636 secs]
[GC concurrent-cleanup-start]
[GC concurrent-cleanup-end, 0.0000105 secs]
Application time: 0.3546560 seconds
[GC pause (G1 Humongous Allocation) (young)-- 91M->67M(128M), 0.0049445 secs]
Application time: 0.3700923 seconds
[GC pause (G1 Humongous Allocation) (mixed)-- 90M->66M(128M), 0.0048980 secs]
Application time: 0.2522706 seconds
[GC pause (G1 Humongous Allocation) (mixed)-- 91M->67M(128M), 0.0052889 secs]
Application time: 0.0157181 seconds
[GC pause (G1 Humongous Allocation) (mixed)-- 91M->68M(128M), 0.0040278 secs]
Application time: 0.0157235 seconds
[GC pause (G1 Humongous Allocation) (mixed)-- 91M->68M(128M), 0.0053165 secs]
Application time: 0.0095960 seconds
[GC pause (G1 Humongous Allocation) (mixed)-- 90M->68M(128M), 0.0047169 secs]
Application time: 0.1223460 seconds
[GC pause (G1 Humongous Allocation) (mixed)-- 90M->68M(128M), 0.0047111 secs]
Application time: 0.3595786 seconds
[GC pause (G1 Humongous Allocation) (mixed)-- 89M->68M(128M), 0.0040271 secs]
Application time: 0.0465521 seconds
[GC pause (G1 Humongous Allocation) (young) (initial-mark) 69M->68M(128M), 0.0011463 secs]
[GC concurrent-root-region-scan-start]
[GC concurrent-root-region-scan-end, 0.0000147 secs]
[GC concurrent-mark-start]
[GC concurrent-mark-end, 0.0040212 secs]
Application time: 0.0040425 seconds
[GC remark, 0.0024359 secs]
Application time: 0.0000489 seconds
[GC cleanup 69M->69M(128M), 0.0002454 secs]
[GC concurrent-cleanup-start]
[GC concurrent-cleanup-end, 0.0000113 secs]
Application time: 0.0956914 seconds
[GC pause (G1 Humongous Allocation) (young)-- 90M->69M(128M), 0.0041219 secs]
Application time: 0.0139758 seconds
[GC pause (G1 Humongous Allocation) (mixed)-- 90M->68M(128M), 0.0037689 secs]
Application time: 0.0172318 seconds
[GC pause (G1 Humongous Allocation) (mixed)-- 91M->68M(128M), 0.0047354 secs]
Application time: 0.0065396 seconds
[GC pause (G1 Humongous Allocation) (mixed)-- 90M->68M(128M), 0.0048082 secs]
Application time: 0.3608946 seconds
[GC pause (G1 Humongous Allocation) (mixed)-- 90M->68M(128M), 0.0041326 secs]
Application time: 0.4042491 seconds
[GC pause (G1 Humongous Allocation) (mixed)-- 89M->68M(128M), 0.0037004 secs]
Application time: 0.3502691 seconds
[GC pause (G1 Humongous Allocation) (mixed)-- 89M->69M(128M), 0.0041572 secs]
Application time: 0.3494155 seconds
[GC pause (G1 Humongous Allocation) (mixed)-- 89M->68M(128M), 0.0056253 secs]
Application time: 0.0618904 seconds
[GC pause (G1 Humongous Allocation) (young) (initial-mark) 69M->68M(128M), 0.0011313 secs]
[GC concurrent-root-region-scan-start]
[GC concurrent-root-region-scan-end, 0.0000158 secs]
[GC concurrent-mark-start]
[GC concurrent-mark-end, 0.0050005 secs]
Application time: 0.0050923 seconds
[GC remark, 0.0031543 secs]
Application time: 0.0002393 seconds
[GC cleanup 70M->69M(128M), 0.0003175 secs]
[GC concurrent-cleanup-start]
[GC concurrent-cleanup-end, 0.0000115 secs]
Application time: 0.3660135 seconds
[GC pause (G1 Humongous Allocation) (young) 91M->68M(128M), 0.0062753 secs]
Application time: 0.3039390 seconds
[GC pause (G1 Humongous Allocation) (mixed)-- 91M->69M(128M), 0.0065688 secs]
Application time: 0.0175629 seconds
[GC pause (G1 Humongous Allocation) (mixed)-- 91M->69M(128M), 0.0052408 secs]
Application time: 0.0128553 seconds
[GC pause (G1 Humongous Allocation) (mixed)-- 91M->69M(128M), 0.0053159 secs]
Application time: 0.0164529 seconds
[GC pause (G1 Humongous Allocation) (mixed)-- 90M->69M(128M), 0.0058440 secs]
Application time: 0.0064558 seconds
[GC pause (G1 Humongous Allocation) (mixed)-- 89M->68M(128M), 0.0055965 secs]
Application time: 0.3999655 seconds
[GC pause (G1 Humongous Allocation) (mixed)-- 90M->69M(128M), 0.0062508 secs]
Application time: 0.4170517 seconds
[GC pause (G1 Humongous Allocation) (mixed)-- 89M->70M(128M), 0.0053074 secs]
Application time: 0.0002214 seconds
[GC pause (G1 Humongous Allocation) (young) (initial-mark) 70M->70M(128M), 0.0007433 secs]
[GC concurrent-root-region-scan-start]
[GC concurrent-root-region-scan-end, 0.0000064 secs]
[GC concurrent-mark-start]
[GC concurrent-mark-end, 0.0045154 secs]
Application time: 0.0045955 seconds
[GC remark, 0.0032108 secs]
Application time: 0.0000445 seconds
[GC cleanup 70M->70M(128M), 0.0002710 secs]
[GC concurrent-cleanup-start]
[GC concurrent-cleanup-end, 0.0000106 secs]
Application time: 0.2094962 seconds
[GC pause (G1 Humongous Allocation) (young)-- 90M->70M(128M), 0.0052869 secs]
Application time: 0.0139237 seconds
[GC pause (G1 Humongous Allocation) (mixed)-- 90M->70M(128M), 0.0044683 secs]
Application time: 0.0219835 seconds
[GC pause (G1 Humongous Allocation) (mixed)-- 90M->70M(128M), 0.0054217 secs]
Application time: 0.0121752 seconds
[GC pause (G1 Humongous Allocation) (mixed)-- 90M->70M(128M), 0.0054987 secs]
Application time: 0.0127891 seconds
[GC pause (G1 Humongous Allocation) (mixed)-- 89M->70M(128M), 0.0053915 secs]
Application time: 0.4967909 seconds
[GC pause (G1 Humongous Allocation) (mixed)-- 89M->71M(128M), 0.0046966 secs]
Application time: 0.3120242 seconds
[GC pause (G1 Humongous Allocation) (mixed)-- 88M->71M(128M), 0.0048827 secs]
Application time: 0.3504712 seconds
[GC pause (G1 Humongous Allocation) (mixed)-- 88M->71M(128M), 0.0046845 secs]
Application time: 0.0001949 seconds
[GC pause (G1 Humongous Allocation) (young) (initial-mark) 72M->71M(128M), 0.0008960 secs]
[GC concurrent-root-region-scan-start]
[GC concurrent-root-region-scan-end, 0.0000157 secs]
[GC concurrent-mark-start]
[GC concurrent-mark-end, 0.0044698 secs]
Application time: 0.0045409 seconds
[GC remark, 0.0029663 secs]
Application time: 0.0000426 seconds
[GC cleanup 72M->70M(128M), 0.0002876 secs]
[GC concurrent-cleanup-start]
[GC concurrent-cleanup-end, 0.0000162 secs]
Application time: 0.3940724 seconds
[GC pause (G1 Humongous Allocation) (young)-- 91M->70M(128M), 0.0056109 secs]
Application time: 0.3327136 seconds
[GC pause (G1 Humongous Allocation) (mixed)-- 91M->70M(128M), 0.0057725 secs]
Application time: 0.3282384 seconds
[GC pause (G1 Humongous Allocation) (mixed)-- 92M->69M(128M), 0.0062729 secs]
Application time: 0.0206300 seconds
[GC pause (G1 Humongous Allocation) (mixed)-- 92M->71M(128M), 0.0054111 secs]
Application time: 0.0115279 seconds
[GC pause (G1 Humongous Allocation) (mixed)-- 91M->71M(128M), 0.0053680 secs]
Application time: 0.0127283 seconds
[GC pause (G1 Humongous Allocation) (mixed)-- 90M->71M(128M), 0.0054062 secs]
Application time: 0.0041038 seconds
[GC pause (G1 Humongous Allocation) (mixed)-- 90M->71M(128M), 0.0054625 secs]
Application time: 0.2419710 seconds
[GC pause (G1 Humongous Allocation) (mixed)-- 90M->71M(128M), 0.0054067 secs]
Application time: 0.0553980 seconds
[GC pause (G1 Humongous Allocation) (young) (initial-mark) 72M->71M(128M), 0.0013137 secs]
[GC concurrent-root-region-scan-start]
[GC concurrent-root-region-scan-end, 0.0000179 secs]
[GC concurrent-mark-start]
[GC concurrent-mark-end, 0.0045110 secs]
Application time: 0.0053286 seconds
[GC remark, 0.0030680 secs]
Application time: 0.0000689 seconds
[GC cleanup 73M->73M(128M), 0.0003918 secs]
[GC concurrent-cleanup-start]
[GC concurrent-cleanup-end, 0.0000120 secs]
Application time: 0.3524782 seconds
[GC pause (G1 Humongous Allocation) (young)-- 91M->71M(128M), 0.0049336 secs]
Application time: 0.2915083 seconds
[GC pause (G1 Humongous Allocation) (mixed)-- 91M->72M(128M), 0.0054528 secs]
Application time: 0.0178184 seconds
[GC pause (G1 Humongous Allocation) (mixed)-- 91M->72M(128M), 0.0044791 secs]
Application time: 0.0215113 seconds
[GC pause (G1 Humongous Allocation) (mixed)-- 91M->72M(128M), 0.0049135 secs]
Application time: 0.0134770 seconds
[GC pause (G1 Humongous Allocation) (mixed)-- 90M->72M(128M), 0.0053393 secs]
Application time: 0.0047708 seconds
[GC pause (G1 Humongous Allocation) (mixed)-- 90M->72M(128M), 0.0051474 secs]
Application time: 0.2457403 seconds
[GC pause (G1 Humongous Allocation) (mixed)-- 90M->72M(128M), 0.0041680 secs]
Application time: 0.3797284 seconds
[GC pause (G1 Humongous Allocation) (mixed)-- 89M->73M(128M), 0.0036914 secs]
Application time: 0.0009546 seconds
[GC pause (G1 Humongous Allocation) (young) (initial-mark) 73M->73M(128M), 0.0006659 secs]
[GC concurrent-root-region-scan-start]
[GC concurrent-root-region-scan-end, 0.0000064 secs]
[GC concurrent-mark-start]
[GC concurrent-mark-end, 0.0057173 secs]
Application time: 0.0070856 seconds
[GC remark, 0.0030071 secs]
Application time: 0.0000478 seconds
[GC cleanup 75M->74M(128M), 0.0002749 secs]
[GC concurrent-cleanup-start]
[GC concurrent-cleanup-end, 0.0000121 secs]
Application time: 0.3715729 seconds
[GC pause (G1 Humongous Allocation) (young)-- 91M->72M(128M), 0.0040975 secs]
Application time: 0.3981629 seconds
[GC pause (G1 Humongous Allocation) (mixed)-- 90M->72M(128M), 0.0041895 secs]
Application time: 0.3036881 seconds
[GC pause (G1 Humongous Allocation) (mixed)-- 90M->72M(128M), 0.0043706 secs]
Application time: 0.2915788 seconds
[GC pause (G1 Humongous Allocation) (mixed)-- 90M->72M(128M), 0.0042461 secs]
Application time: 0.2117885 seconds
[GC pause (G1 Humongous Allocation) (mixed)-- 90M->73M(128M), 0.0043011 secs]
Application time: 0.0166079 seconds
[GC pause (G1 Humongous Allocation) (mixed)-- 90M->73M(128M), 0.0033083 secs]
Application time: 0.0079757 seconds
[GC pause (G1 Humongous Allocation) (mixed)-- 89M->73M(128M), 0.0035590 secs]
Application time: 0.0101006 seconds
[GC pause (G1 Humongous Allocation) (mixed)-- 89M->73M(128M), 0.0036757 secs]
Application time: 0.0013891 seconds
[GC pause (G1 Humongous Allocation) (young) (initial-mark) 74M->73M(128M), 0.0007871 secs]
[GC concurrent-root-region-scan-start]
[GC concurrent-root-region-scan-end, 0.0000087 secs]
[GC concurrent-mark-start]
[GC concurrent-mark-end, 0.0045232 secs]
Application time: 0.0046062 seconds
[GC remark, 0.0025883 secs]
Application time: 0.0000477 seconds
[GC cleanup 79M->78M(128M), 0.0002605 secs]
[GC concurrent-cleanup-start]
[GC concurrent-cleanup-end, 0.0000137 secs]
Application time: 0.0050312 seconds
[GC pause (G1 Humongous Allocation) (young)-- 91M->72M(128M), 0.0040899 secs]
Application time: 0.0524672 seconds
[GC pause (G1 Humongous Allocation) (mixed)-- 90M->72M(128M), 0.0046069 secs]
Application time: 0.3306651 seconds
[GC pause (G1 Humongous Allocation) (mixed)-- 90M->73M(128M), 0.0040962 secs]
Application time: 0.3318679 seconds
[GC pause (G1 Humongous Allocation) (mixed)-- 90M->73M(128M), 0.0040164 secs]
Application time: 0.2759151 seconds
[GC pause (G1 Humongous Allocation) (mixed)-- 90M->73M(128M), 0.0040995 secs]
Application time: 0.0163662 seconds
[GC pause (G1 Humongous Allocation) (mixed)-- 89M->74M(128M), 0.0032662 secs]
Application time: 0.0063352 seconds
[GC pause (G1 Humongous Allocation) (mixed)-- 89M->74M(128M), 0.0033677 secs]
Application time: 0.0127663 seconds
[GC pause (G1 Humongous Allocation) (mixed)-- 88M->74M(128M), 0.0038199 secs]
Application time: 0.0015719 seconds
[GC pause (G1 Humongous Allocation) (young) (initial-mark) 75M->74M(128M), 0.0009312 secs]
[GC concurrent-root-region-scan-start]
[GC concurrent-root-region-scan-end, 0.0000253 secs]
[GC concurrent-mark-start]
[GC concurrent-mark-end, 0.0048682 secs]
Application time: 0.0049642 seconds
[GC remark, 0.0031146 secs]
Application time: 0.0000364 seconds
[GC cleanup 74M->73M(128M), 0.0002552 secs]
[GC concurrent-cleanup-start]
[GC concurrent-cleanup-end, 0.0000174 secs]
Application time: 0.0122499 seconds
[GC pause (G1 Humongous Allocation) (young)-- 90M->73M(128M), 0.0039011 secs]
Application time: 0.0049456 seconds
[GC pause (G1 Humongous Allocation) (mixed)-- 90M->73M(128M), 0.0041582 secs]
Application time: 0.3308401 seconds
[GC pause (G1 Humongous Allocation) (mixed)-- 90M->73M(128M), 0.0039525 secs]
Application time: 0.3377598 seconds
[GC pause (G1 Humongous Allocation) (mixed)-- 91M->73M(128M), 0.0038398 secs]
Application time: 0.3306765 seconds
[GC pause (G1 Humongous Allocation) (mixed)-- 90M->73M(128M), 0.0038341 secs]
Application time: 0.3154279 seconds
[GC pause (G1 Humongous Allocation) (mixed)-- 90M->74M(128M), 0.0038477 secs]
Application time: 0.2492204 seconds
[GC pause (G1 Humongous Allocation) (mixed)-- 89M->73M(128M), 0.0045040 secs]
Application time: 0.2863174 seconds
[GC pause (G1 Humongous Allocation) (mixed)-- 89M->74M(128M), 0.0050166 secs]
Application time: 0.0016658 seconds
[GC pause (G1 Humongous Allocation) (young) (initial-mark) 75M->74M(128M), 0.0011194 secs]
[GC concurrent-root-region-scan-start]
[GC concurrent-root-region-scan-end, 0.0000158 secs]
[GC concurrent-mark-start]
[GC concurrent-mark-end, 0.0057360 secs]
Application time: 0.0057561 seconds
[GC remark, 0.0030958 secs]
Application time: 0.0000285 seconds
[GC cleanup 74M->73M(128M), 0.0003352 secs]
[GC concurrent-cleanup-start]
[GC concurrent-cleanup-end, 0.0000098 secs]
Application time: 0.2536858 seconds
[GC pause (G1 Humongous Allocation) (young)-- 90M->73M(128M), 0.0051392 secs]
Application time: 0.1471726 seconds
[GC pause (G1 Humongous Allocation) (mixed)-- 91M->74M(128M), 0.0049044 secs]
Application time: 0.0156994 seconds
[GC pause (G1 Humongous Allocation) (mixed)-- 91M->74M(128M), 0.0045298 secs]
Application time: 0.0131325 seconds
[GC pause (G1 Humongous Allocation) (mixed)-- 90M->74M(128M), 0.0046554 secs]
Application time: 0.0127188 seconds
[GC pause (G1 Humongous Allocation) (mixed)-- 90M->73M(128M), 0.0049818 secs]
Application time: 0.0062543 seconds
[GC pause (G1 Humongous Allocation) (mixed)-- 89M->74M(128M), 0.0051377 secs]
Application time: 0.0585574 seconds
[GC pause (G1 Humongous Allocation) (mixed)-- 89M->74M(128M), 0.0048395 secs]
Application time: 0.2575655 seconds
[GC pause (G1 Humongous Allocation) (mixed)-- 88M->75M(128M), 0.0046893 secs]
Application time: 0.0034125 seconds
[GC pause (G1 Humongous Allocation) (young) (initial-mark) 75M->75M(128M), 0.0009315 secs]
[GC concurrent-root-region-scan-start]
[GC concurrent-root-region-scan-end, 0.0000130 secs]
[GC concurrent-mark-start]
[GC concurrent-mark-end, 0.0056895 secs]
Application time: 0.0057471 seconds
[GC remark, 0.0034289 secs]
Application time: 0.0000598 seconds
[GC cleanup 75M->74M(128M), 0.0003236 secs]
[GC concurrent-cleanup-start]
[GC concurrent-cleanup-end, 0.0000116 secs]
Application time: 0.3582212 seconds
[GC pause (G1 Humongous Allocation) (young)-- 91M->74M(128M), 0.0046268 secs]
Application time: 0.1345267 seconds
[GC pause (G1 Humongous Allocation) (mixed)-- 91M->73M(128M), 0.0046034 secs]
Application time: 0.0121496 seconds
[GC pause (G1 Humongous Allocation) (mixed)-- 91M->74M(128M), 0.0041806 secs]
Application time: 0.0128451 seconds
[GC pause (G1 Humongous Allocation) (mixed)-- 90M->74M(128M), 0.0047286 secs]
Application time: 0.0134693 seconds
[GC pause (G1 Humongous Allocation) (mixed)-- 90M->74M(128M), 0.0048818 secs]
Application time: 0.0122739 seconds
[GC pause (G1 Humongous Allocation) (mixed)-- 89M->75M(128M), 0.0047544 secs]
Application time: 0.0056238 seconds
[GC pause (G1 Humongous Allocation) (mixed)-- 89M->74M(128M), 0.0042743 secs]
Application time: 0.3188270 seconds
[GC pause (G1 Humongous Allocation) (mixed)-- 88M->75M(128M), 0.0038202 secs]
Application time: 0.0632976 seconds
[GC pause (G1 Humongous Allocation) (young) (initial-mark) 76M->75M(128M), 0.0013880 secs]
[GC concurrent-root-region-scan-start]
[GC concurrent-root-region-scan-end, 0.0000320 secs]
[GC concurrent-mark-start]
[GC concurrent-mark-end, 0.0054952 secs]
Application time: 0.0055818 seconds
[GC remark, 0.0031910 secs]
Application time: 0.0000686 seconds
[GC cleanup 76M->76M(128M), 0.0003530 secs]
[GC concurrent-cleanup-start]
[GC concurrent-cleanup-end, 0.0000115 secs]
Application time: 0.3143290 seconds
[GC pause (G1 Humongous Allocation) (young) 89M->74M(128M), 0.0033717 secs]
Application time: 0.3693161 seconds
[GC pause (G1 Humongous Allocation) (mixed)-- 90M->74M(128M), 0.0044133 secs]
Application time: 0.2988100 seconds
[GC pause (G1 Humongous Allocation) (mixed)-- 90M->74M(128M), 0.0044374 secs]
Application time: 0.3208613 seconds
[GC pause (G1 Humongous Allocation) (mixed)-- 91M->75M(128M), 0.0045601 secs]
Application time: 0.2519637 seconds
[GC pause (G1 Humongous Allocation) (mixed)-- 90M->75M(128M), 0.0048637 secs]
Application time: 0.2295715 seconds
[GC pause (G1 Humongous Allocation) (mixed)-- 90M->75M(128M), 0.0044268 secs]
Application time: 0.2344387 seconds
[GC pause (G1 Humongous Allocation) (mixed)-- 90M->75M(128M), 0.0039526 secs]
Application time: 0.2378299 seconds
[GC pause (G1 Humongous Allocation) (mixed)-- 90M->74M(128M), 0.0039122 secs]
Application time: 0.0007840 seconds
[GC pause (G1 Humongous Allocation) (young) (initial-mark) 75M->75M(128M), 0.0008792 secs]
[GC concurrent-root-region-scan-start]
[GC concurrent-root-region-scan-end, 0.0001458 secs]
[GC concurrent-mark-start]
[GC concurrent-mark-end, 0.0048021 secs]
Application time: 0.0049910 seconds
[GC remark, 0.0024871 secs]
Application time: 0.0000433 seconds
[GC cleanup 79M->78M(128M), 0.0002514 secs]
[GC concurrent-cleanup-start]
[GC concurrent-cleanup-end, 0.0000130 secs]
Application time: 0.0125501 seconds
[GC pause (G1 Humongous Allocation) (young)-- 91M->75M(128M), 0.0031039 secs]
Application time: 0.0081465 seconds
[GC pause (G1 Humongous Allocation) (mixed)-- 90M->75M(128M), 0.0030395 secs]
Application time: 0.0126393 seconds
[GC pause (G1 Humongous Allocation) (mixed)-- 90M->75M(128M), 0.0038500 secs]
Application time: 0.0125175 seconds
[GC pause (G1 Humongous Allocation) (mixed)-- 89M->75M(128M), 0.0033960 secs]
Application time: 0.0038216 seconds
[GC pause (G1 Humongous Allocation) (mixed)-- 89M->75M(128M), 0.0039918 secs]
Application time: 0.0055973 seconds
[GC pause (G1 Humongous Allocation) (mixed)-- 89M->75M(128M), 0.0034346 secs]
Application time: 0.2936636 seconds
[GC pause (G1 Humongous Allocation) (mixed)-- 88M->75M(128M), 0.0035887 secs]
Application time: 0.2051729 seconds
[GC pause (G1 Humongous Allocation) (mixed)-- 88M->74M(128M), 0.0031220 secs]
Application time: 0.0083708 seconds
[GC pause (G1 Humongous Allocation) (young) (initial-mark) 75M->74M(128M), 0.0009479 secs]
[GC concurrent-root-region-scan-start]
[GC concurrent-root-region-scan-end, 0.0000933 secs]
[GC concurrent-mark-start]
[GC concurrent-mark-end, 0.0051187 secs]
Application time: 0.0052832 seconds
[GC remark, 0.0024971 secs]
Application time: 0.0000318 seconds
[GC cleanup 74M->73M(128M), 0.0003421 secs]
[GC concurrent-cleanup-start]
[GC concurrent-cleanup-end, 0.0000103 secs]
Application time: 0.0206805 seconds
[GC pause (G1 Humongous Allocation) (young)-- 91M->75M(128M), 0.0033368 secs]
Application time: 0.0050450 seconds
[GC pause (G1 Humongous Allocation) (mixed)-- 90M->75M(128M), 0.0029920 secs]
Application time: 0.0139633 seconds
[GC pause (G1 Humongous Allocation) (mixed)-- 90M->75M(128M), 0.0038367 secs]
Application time: 0.0094663 seconds
[GC pause (G1 Humongous Allocation) (mixed)-- 90M->75M(128M), 0.0035596 secs]
Application time: 0.0035145 seconds
[GC pause (G1 Humongous Allocation) (mixed)-- 89M->75M(128M), 0.0033308 secs]
Application time: 0.1342241 seconds
[GC pause (G1 Humongous Allocation) (mixed)-- 89M->75M(128M), 0.0038032 secs]
Application time: 0.2742880 seconds
[GC pause (G1 Humongous Allocation) (mixed)-- 89M->75M(128M), 0.0029622 secs]
Application time: 0.3378670 seconds
[GC pause (G1 Humongous Allocation) (mixed)-- 88M->75M(128M), 0.0029316 secs]
Application time: 0.0111037 seconds
[GC pause (G1 Humongous Allocation) (young) (initial-mark) 76M->75M(128M), 0.0007722 secs]
[GC concurrent-root-region-scan-start]
[GC concurrent-root-region-scan-end, 0.0000176 secs]
[GC concurrent-mark-start]
[GC concurrent-mark-end, 0.0049867 secs]
Application time: 0.0050476 seconds
[GC remark, 0.0025894 secs]
Application time: 0.0000365 seconds
[GC cleanup 77M->77M(128M), 0.0002430 secs]
[GC concurrent-cleanup-start]
[GC concurrent-cleanup-end, 0.0000075 secs]
Application time: 0.3335816 seconds
[GC pause (G1 Humongous Allocation) (young)-- 89M->75M(128M), 0.0028425 secs]
Application time: 0.2868364 seconds
[GC pause (G1 Humongous Allocation) (mixed)-- 89M->75M(128M), 0.0035678 secs]
Application time: 0.2752415 seconds
[GC pause (G1 Humongous Allocation) (mixed)-- 90M->74M(128M), 0.0035260 secs]
Application time: 0.2728523 seconds
[GC pause (G1 Humongous Allocation) (mixed)-- 90M->75M(128M), 0.0042575 secs]
Application time: 0.2109641 seconds
[GC pause (G1 Humongous Allocation) (mixed)-- 90M->75M(128M), 0.0036696 secs]
Application time: 0.2607131 seconds
[GC pause (G1 Humongous Allocation) (mixed)-- 90M->76M(128M), 0.0038849 secs]
Application time: 0.2101703 seconds
[GC pause (G1 Humongous Allocation) (mixed)-- 89M->76M(128M), 0.0035628 secs]
Application time: 0.1525784 seconds
[GC pause (G1 Humongous Allocation) (mixed)-- 89M->77M(128M), 0.0037999 secs]
Application time: 0.0144700 seconds
[GC pause (G1 Humongous Allocation) (mixed)-- 89M->77M(128M), 0.0024396 secs]
Application time: 0.0001665 seconds
[GC pause (G1 Humongous Allocation) (young) (initial-mark) 77M->77M(128M), 0.0004999 secs]
[GC concurrent-root-region-scan-start]
[GC concurrent-root-region-scan-end, 0.0000086 secs]
[GC concurrent-mark-start]
[GC concurrent-mark-end, 0.0049614 secs]
Application time: 0.0050250 seconds
[GC remark, 0.0023306 secs]
Application time: 0.0000342 seconds
[GC cleanup 77M->76M(128M), 0.0002720 secs]
[GC concurrent-cleanup-start]
[GC concurrent-cleanup-end, 0.0000102 secs]
Application time: 0.0067213 seconds
[GC pause (G1 Humongous Allocation) (young)-- 91M->76M(128M), 0.0030229 secs]
Application time: 0.0120672 seconds
[GC pause (G1 Humongous Allocation) (mixed)-- 90M->76M(128M), 0.0036964 secs]
Application time: 0.0118840 seconds
[GC pause (G1 Humongous Allocation) (mixed)-- 90M->76M(128M), 0.0035199 secs]
Application time: 0.0035469 seconds
[GC pause (G1 Humongous Allocation) (mixed)-- 90M->76M(128M), 0.0035338 secs]
Application time: 0.0136275 seconds
[GC pause (G1 Humongous Allocation) (mixed)-- 89M->75M(128M), 0.0033779 secs]
Application time: 0.2765465 seconds
[GC pause (G1 Humongous Allocation) (mixed)-- 89M->76M(128M), 0.0037827 secs]
Application time: 0.2180084 seconds
[GC pause (G1 Humongous Allocation) (mixed)-- 88M->76M(128M), 0.0030704 secs]
Application time: 0.0228572 seconds
[GC pause (G1 Humongous Allocation) (mixed)-- 89M->77M(128M), 0.0030538 secs]
Application time: 0.0015193 seconds
[GC pause (G1 Humongous Allocation) (young) (initial-mark) 78M->77M(128M), 0.0008257 secs]
[GC concurrent-root-region-scan-start]
[GC concurrent-root-region-scan-end, 0.0000284 secs]
[GC concurrent-mark-start]
[GC concurrent-mark-end, 0.0051011 secs]
Application time: 0.0051714 seconds
[GC remark, 0.0034424 secs]
Application time: 0.0000413 seconds
[GC cleanup 77M->77M(128M), 0.0002165 secs]
[GC concurrent-cleanup-start]
[GC concurrent-cleanup-end, 0.0000116 secs]
Application time: 0.0131165 seconds
[GC pause (G1 Humongous Allocation) (young)-- 90M->76M(128M), 0.0027978 secs]
Application time: 0.0082088 seconds
[GC pause (G1 Humongous Allocation) (mixed)-- 90M->76M(128M), 0.0029328 secs]
Application time: 0.0097467 seconds
[GC pause (G1 Humongous Allocation) (mixed)-- 90M->76M(128M), 0.0033380 secs]
Application time: 0.0078146 seconds
[GC pause (G1 Humongous Allocation) (mixed)-- 89M->77M(128M), 0.0031269 secs]
Application time: 0.0029593 seconds
[GC pause (G1 Humongous Allocation) (mixed)-- 88M->77M(128M), 0.0029144 secs]
Application time: 0.0545378 seconds
[GC pause (G1 Humongous Allocation) (mixed)-- 89M->76M(128M), 0.0033584 secs]
Application time: 0.2922081 seconds
[GC pause (G1 Humongous Allocation) (mixed)-- 88M->77M(128M), 0.0028907 secs]
Application time: 0.2564612 seconds
[GC pause (G1 Humongous Allocation) (mixed)-- 88M->77M(128M), 0.0025273 secs]
Application time: 0.2690281 seconds
[GC pause (G1 Humongous Allocation) (mixed)-- 88M->77M(128M), 0.0027096 secs]
Application time: 0.0016826 seconds
[GC pause (G1 Humongous Allocation) (young) (initial-mark) 78M->77M(128M), 0.0005810 secs]
[GC concurrent-root-region-scan-start]
[GC concurrent-root-region-scan-end, 0.0000054 secs]
[GC concurrent-mark-start]
[GC concurrent-mark-end, 0.0050721 secs]
Application time: 0.0050743 seconds
[GC remark, 0.0028984 secs]
Application time: 0.0000326 seconds
[GC cleanup 78M->77M(128M), 0.0002796 secs]
[GC concurrent-cleanup-start]
[GC concurrent-cleanup-end, 0.0000087 secs]
Application time: 0.2881828 seconds
[GC pause (G1 Humongous Allocation) (young)-- 89M->76M(128M), 0.0027784 secs]
Application time: 0.2181264 seconds
[GC pause (G1 Humongous Allocation) (mixed)-- 88M->77M(128M), 0.0030989 secs]
Application time: 0.2683114 seconds
[GC pause (G1 Humongous Allocation) (mixed)-- 89M->77M(128M), 0.0030875 secs]
Application time: 0.1409978 seconds
[GC pause (G1 Humongous Allocation) (mixed)-- 89M->77M(128M), 0.0032252 secs]
Application time: 0.2028494 seconds
[GC pause (G1 Humongous Allocation) (mixed)-- 89M->78M(128M), 0.0032554 secs]
Application time: 0.1959557 seconds
[GC pause (G1 Humongous Allocation) (mixed)-- 88M->78M(128M), 0.0030582 secs]
Application time: 0.1408930 seconds
[GC pause (G1 Humongous Allocation) (mixed)-- 88M->78M(128M), 0.0030554 secs]
Application time: 0.1930252 seconds
[GC pause (G1 Humongous Allocation) (mixed)-- 88M->78M(128M), 0.0032021 secs]
Application time: 0.1348360 seconds
[GC pause (G1 Humongous Allocation) (mixed)-- 88M->78M(128M), 0.0027490 secs]
Application time: 0.0183381 seconds
[GC pause (G1 Humongous Allocation) (young) (initial-mark) 78M->78M(128M), 0.0010163 secs]
[GC concurrent-root-region-scan-start]
[GC concurrent-root-region-scan-end, 0.0000117 secs]
[GC concurrent-mark-start]
[GC concurrent-mark-end, 0.0059871 secs]
Application time: 0.0060517 seconds
[GC remark, 0.0025117 secs]
Application time: 0.0000438 seconds
[GC cleanup 80M->79M(128M), 0.0002712 secs]
[GC concurrent-cleanup-start]
[GC concurrent-cleanup-end, 0.0000110 secs]
Application time: 0.0859397 seconds
[GC pause (G1 Humongous Allocation) (young)-- 90M->78M(128M), 0.0032394 secs]
Application time: 0.0119023 seconds
[GC pause (G1 Humongous Allocation) (mixed)-- 89M->77M(128M), 0.0026103 secs]
Application time: 0.0042492 seconds
[GC pause (G1 Humongous Allocation) (mixed)-- 89M->77M(128M), 0.0026890 secs]
Application time: 0.0196568 seconds
[GC pause (G1 Humongous Allocation) (mixed)-- 89M->77M(128M), 0.0030566 secs]
Application time: 0.0085510 seconds
[GC pause (G1 Humongous Allocation) (mixed)-- 89M->77M(128M), 0.0028021 secs]
Application time: 0.0064321 seconds
[GC pause (G1 Humongous Allocation) (mixed)-- 89M->78M(128M), 0.0029806 secs]
Application time: 0.0026134 seconds
[GC pause (G1 Humongous Allocation) (mixed)-- 88M->78M(128M), 0.0027449 secs]
Application time: 0.0020942 seconds
[GC pause (G1 Humongous Allocation) (mixed)-- 88M->78M(128M), 0.0027360 secs]
Application time: 0.2002688 seconds
[GC pause (G1 Humongous Allocation) (mixed)-- 88M->78M(128M), 0.0030477 secs]
Application time: 0.0011795 seconds
[GC pause (G1 Humongous Allocation) (young) (initial-mark) 78M->77M(128M), 0.0005838 secs]
[GC concurrent-root-region-scan-start]
[GC concurrent-root-region-scan-end, 0.0000121 secs]
[GC concurrent-mark-start]
[GC concurrent-mark-end, 0.0049292 secs]
Application time: 0.0049912 seconds
[GC remark, 0.0024159 secs]
Application time: 0.0000396 seconds
[GC cleanup 79M->78M(128M), 0.0002300 secs]
[GC concurrent-cleanup-start]
[GC concurrent-cleanup-end, 0.0000104 secs]
Application time: 0.2638239 seconds
[GC pause (G1 Humongous Allocation) (young)-- 90M->78M(128M), 0.0032041 secs]
Application time: 0.0220396 seconds
[GC pause (G1 Humongous Allocation) (mixed)-- 90M->78M(128M), 0.0029293 secs]
Application time: 0.0112733 seconds
[GC pause (G1 Humongous Allocation) (mixed)-- 90M->78M(128M), 0.0029717 secs]
Application time: 0.0054935 seconds
[GC pause (G1 Humongous Allocation) (mixed)-- 90M->77M(128M), 0.0026222 secs]
Application time: 0.0110127 seconds
[GC pause (G1 Humongous Allocation) (mixed)-- 90M->78M(128M), 0.0035125 secs]
Application time: 0.0098713 seconds
[GC pause (G1 Humongous Allocation) (mixed)-- 89M->78M(128M), 0.0031608 secs]
Application time: 0.0029565 seconds
[GC pause (G1 Humongous Allocation) (mixed)-- 89M->78M(128M), 0.0029733 secs]
Application time: 0.0025757 seconds
[GC pause (G1 Humongous Allocation) (mixed)-- 89M->78M(128M), 0.0027026 secs]
Application time: 0.0751041 seconds
[GC pause (G1 Humongous Allocation) (mixed)-- 88M->78M(128M), 0.0028115 secs]
Application time: 0.0608774 seconds
[GC pause (G1 Humongous Allocation) (young) (initial-mark) 79M->78M(128M), 0.0011839 secs]
[GC concurrent-root-region-scan-start]
[GC concurrent-root-region-scan-end, 0.0000235 secs]
[GC concurrent-mark-start]
[GC concurrent-mark-end, 0.0050944 secs]
Application time: 0.0051662 seconds
[GC remark, 0.0026353 secs]
Application time: 0.0000353 seconds
[GC cleanup 80M->79M(128M), 0.0002843 secs]
[GC concurrent-cleanup-start]
[GC concurrent-cleanup-end, 0.0000101 secs]
Application time: 0.2601694 seconds
[GC pause (G1 Humongous Allocation) (young)-- 89M->78M(128M), 0.0024607 secs]
Application time: 0.2663960 seconds
[GC pause (G1 Humongous Allocation) (mixed)-- 89M->78M(128M), 0.0025056 secs]
Application time: 0.2163395 seconds
[GC pause (G1 Humongous Allocation) (mixed)-- 89M->79M(128M), 0.0025686 secs]
Application time: 0.2525382 seconds
[GC pause (G1 Humongous Allocation) (mixed)-- 89M->78M(128M), 0.0026573 secs]
Application time: 0.1522686 seconds
[GC pause (G1 Humongous Allocation) (mixed)-- 88M->79M(128M), 0.0027756 secs]
Application time: 0.2062178 seconds
[GC pause (G1 Humongous Allocation) (mixed)-- 88M->79M(128M), 0.0035445 secs]
Application time: 0.1407984 seconds
[GC pause (G1 Humongous Allocation) (mixed)-- 88M->78M(128M), 0.0034336 secs]
Application time: 0.1929272 seconds
[GC pause (G1 Humongous Allocation) (mixed)-- 88M->79M(128M), 0.0034704 secs]
Application time: 0.1341550 seconds
[GC pause (G1 Humongous Allocation) (mixed)-- 88M->79M(128M), 0.0032389 secs]
Application time: 0.0002479 seconds
[GC pause (G1 Humongous Allocation) (young) (initial-mark) 80M->79M(128M), 0.0011065 secs]
[GC concurrent-root-region-scan-start]
[GC concurrent-root-region-scan-end, 0.0000330 secs]
[GC concurrent-mark-start]
[GC concurrent-mark-end, 0.0051438 secs]
Application time: 0.0057577 seconds
[GC remark, 0.0031640 secs]
Application time: 0.0000384 seconds
[GC cleanup 81M->79M(128M), 0.0003108 secs]
[GC concurrent-cleanup-start]
[GC concurrent-cleanup-end, 0.0000133 secs]
Application time: 0.1957325 seconds
[GC pause (G1 Humongous Allocation) (young) 89M->78M(128M), 0.0034546 secs]
Application time: 0.2116956 seconds
[GC pause (G1 Humongous Allocation) (mixed)-- 90M->78M(128M), 0.0040273 secs]
Application time: 0.1620029 seconds
[GC pause (G1 Humongous Allocation) (mixed)-- 90M->78M(128M), 0.0037677 secs]
Application time: 0.1851397 seconds
[GC pause (G1 Humongous Allocation) (mixed)-- 90M->78M(128M), 0.0037479 secs]
Application time: 0.0133254 seconds
[GC pause (G1 Humongous Allocation) (mixed)-- 89M->79M(128M), 0.0033556 secs]
Application time: 0.0074871 seconds
[GC pause (G1 Humongous Allocation) (mixed)-- 89M->79M(128M), 0.0026259 secs]
Application time: 0.0026771 seconds
[GC pause (G1 Humongous Allocation) (mixed)-- 88M->79M(128M), 0.0025462 secs]
Application time: 0.0053849 seconds
[GC pause (G1 Humongous Allocation) (mixed)-- 88M->80M(128M), 0.0027748 secs]
Application time: 0.0065190 seconds
[GC pause (G1 Humongous Allocation) (mixed)-- 87M->80M(128M), 0.0029752 secs]
Application time: 0.0001992 seconds
[GC pause (G1 Humongous Allocation) (young) (initial-mark) 80M->80M(128M), 0.0007985 secs]
[GC concurrent-root-region-scan-start]
[GC concurrent-root-region-scan-end, 0.0000061 secs]
[GC concurrent-mark-start]
[GC concurrent-mark-end, 0.0051358 secs]
Application time: 0.0051920 seconds
[GC remark, 0.0032815 secs]
Application time: 0.0037860 seconds
[GC cleanup 87M->86M(128M), 0.0003512 secs]
[GC concurrent-cleanup-start]
[GC concurrent-cleanup-end, 0.0000169 secs]
Application time: 0.0021462 seconds
[GC pause (G1 Humongous Allocation) (young) 90M->79M(128M), 0.0036149 secs]
Application time: 0.0055999 seconds
[GC pause (G1 Humongous Allocation) (mixed)-- 90M->79M(128M), 0.0035138 secs]
Application time: 0.0029241 seconds
[GC pause (G1 Humongous Allocation) (mixed)-- 89M->79M(128M), 0.0034172 secs]
Application time: 0.0043498 seconds
[GC pause (G1 Humongous Allocation) (mixed)-- 89M->78M(128M), 0.0031517 secs]
Application time: 0.2102721 seconds
[GC pause (G1 Humongous Allocation) (mixed)-- 88M->79M(128M), 0.0034998 secs]
Application time: 0.1901013 seconds
[GC pause (G1 Humongous Allocation) (mixed)-- 88M->79M(128M), 0.0029978 secs]
Application time: 0.1328255 seconds
[GC pause (G1 Humongous Allocation) (mixed)-- 87M->79M(128M), 0.0028176 secs]
Application time: 0.1465719 seconds
[GC pause (G1 Humongous Allocation) (mixed)-- 88M->79M(128M), 0.0033292 secs]
Application time: 0.0102108 seconds
[GC pause (G1 Humongous Allocation) (mixed)-- 87M->80M(128M), 0.0026376 secs]
Application time: 0.0001761 seconds
[GC pause (G1 Humongous Allocation) (young) (initial-mark) 81M->80M(128M), 0.0008065 secs]
[GC concurrent-root-region-scan-start]
[GC concurrent-root-region-scan-end, 0.0000104 secs]
[GC concurrent-mark-start]
[GC concurrent-mark-end, 0.0054088 secs]
Application time: 0.0054679 seconds
[GC remark, 0.0032088 secs]
Application time: 0.0000445 seconds
[GC cleanup 81M->80M(128M), 0.0003252 secs]
[GC concurrent-cleanup-start]
[GC concurrent-cleanup-end, 0.0000168 secs]
Application time: 0.0111783 seconds
[GC pause (G1 Humongous Allocation) (young)-- 91M->79M(128M), 0.0032816 secs]
Application time: 0.0037653 seconds
[GC pause (G1 Humongous Allocation) (mixed)-- 90M->79M(128M), 0.0030899 secs]
Application time: 0.0101561 seconds
[GC pause (G1 Humongous Allocation) (mixed)-- 90M->79M(128M), 0.0035944 secs]
Application time: 0.0089626 seconds
[GC pause (G1 Humongous Allocation) (mixed)-- 89M->79M(128M), 0.0032701 secs]
Application time: 0.0060019 seconds
[GC pause (G1 Humongous Allocation) (mixed)-- 89M->79M(128M), 0.0033366 secs]
Application time: 0.0022549 seconds
[GC pause (G1 Humongous Allocation) (mixed)-- 89M->80M(128M), 0.0031662 secs]
Application time: 0.0020537 seconds
[GC pause (G1 Humongous Allocation) (mixed)-- 88M->80M(128M), 0.0029386 secs]
Application time: 0.0039149 seconds
[GC pause (G1 Humongous Allocation) (mixed)-- 87M->79M(128M), 0.0026124 secs]
Application time: 0.2221529 seconds
[GC pause (G1 Humongous Allocation) (mixed)-- 87M->80M(128M), 0.0027760 secs]
Application time: 0.0002329 seconds
[GC pause (G1 Humongous Allocation) (young) (initial-mark) 81M->80M(128M), 0.0008559 secs]
[GC concurrent-root-region-scan-start]
[GC concurrent-root-region-scan-end, 0.0000121 secs]
[GC concurrent-mark-start]
[GC concurrent-mark-end, 0.0050751 secs]
Application time: 0.0051682 seconds
[GC remark, 0.0030117 secs]
Application time: 0.0000445 seconds
[GC cleanup 81M->80M(128M), 0.0004065 secs]
[GC concurrent-cleanup-start]
[GC concurrent-cleanup-end, 0.0000163 secs]
Application time: 0.2981436 seconds
[GC pause (G1 Humongous Allocation) (young)-- 90M->79M(128M), 0.0030299 secs]
Application time: 0.2225076 seconds
[GC pause (G1 Humongous Allocation) (mixed)-- 89M->80M(128M), 0.0026269 secs]
Application time: 0.1896354 seconds
[GC pause (G1 Humongous Allocation) (mixed)-- 89M->80M(128M), 0.0031320 secs]
Application time: 0.1829282 seconds
[GC pause (G1 Humongous Allocation) (mixed)-- 89M->80M(128M), 0.0030807 secs]
Application time: 0.1590846 seconds
[GC pause (G1 Humongous Allocation) (mixed)-- 89M->80M(128M), 0.0034101 secs]
Application time: 0.1408971 seconds
[GC pause (G1 Humongous Allocation) (mixed)-- 88M->80M(128M), 0.0027585 secs]
Application time: 0.1954805 seconds
[GC pause (G1 Humongous Allocation) (mixed)-- 88M->80M(128M), 0.0029744 secs]
Application time: 0.1511265 seconds
[GC pause (G1 Humongous Allocation) (mixed)-- 88M->80M(128M), 0.0030747 secs]
Application time: 0.1313190 seconds
[GC pause (G1 Humongous Allocation) (mixed)-- 88M->80M(128M), 0.0024296 secs]
Application time: 0.0098376 seconds
[GC pause (G1 Humongous Allocation) (young) (initial-mark) 81M->81M(128M), 0.0010416 secs]
[GC concurrent-root-region-scan-start]
[GC concurrent-root-region-scan-end, 0.0000141 secs]
[GC concurrent-mark-start]
[GC concurrent-mark-end, 0.0047074 secs]
Application time: 0.0094149 seconds
[GC remark, 0.0028628 secs]
Application time: 0.0000542 seconds
[GC cleanup 83M->82M(128M), 0.0003505 secs]
[GC concurrent-cleanup-start]
[GC concurrent-cleanup-end, 0.0000138 secs]
Application time: 0.1414294 seconds
[GC pause (G1 Humongous Allocation) (young) 90M->80M(128M), 0.0026194 secs]
Application time: 0.2045812 seconds
[GC pause (G1 Humongous Allocation) (mixed)-- 90M->80M(128M), 0.0027764 secs]
Application time: 0.1277667 seconds
[GC pause (G1 Humongous Allocation) (mixed)-- 89M->80M(128M), 0.0026135 secs]
Application time: 0.1728343 seconds
[GC pause (G1 Humongous Allocation) (mixed)-- 89M->80M(128M), 0.0027420 secs]
Application time: 0.0185236 seconds
[GC pause (G1 Humongous Allocation) (mixed)-- 90M->81M(128M), 0.0026083 secs]
Application time: 0.0100417 seconds
[GC pause (G1 Humongous Allocation) (mixed)-- 89M->81M(128M), 0.0038372 secs]
Application time: 0.0048524 seconds
[GC pause (G1 Humongous Allocation) (mixed)-- 88M->81M(128M), 0.0032370 secs]
Application time: 0.0020602 seconds
[GC pause (G1 Humongous Allocation) (mixed)-- 88M->81M(128M), 0.0035843 secs]
Application time: 0.0055295 seconds
[GC pause (G1 Humongous Allocation) (mixed)-- 88M->81M(128M), 0.0036789 secs]
Application time: 0.0032971 seconds
[GC pause (G1 Humongous Allocation) (young) (initial-mark) 82M->81M(128M), 0.0013152 secs]
[GC concurrent-root-region-scan-start]
[GC concurrent-root-region-scan-end, 0.0000878 secs]
[GC concurrent-mark-start]
[GC concurrent-mark-end, 0.0044438 secs]
Application time: 0.0045127 seconds
[GC remark, 0.0029694 secs]
Application time: 0.0000317 seconds
[GC cleanup 87M->86M(128M), 0.0002616 secs]
[GC concurrent-cleanup-start]
[GC concurrent-cleanup-end, 0.0000133 secs]
Application time: 0.0128890 seconds
[GC pause (G1 Humongous Allocation) (young) 90M->80M(128M), 0.0022185 secs]
Application time: 0.0074354 seconds
[GC pause (G1 Humongous Allocation) (mixed)-- 90M->80M(128M), 0.0026667 secs]
Application time: 0.0035130 seconds
[GC pause (G1 Humongous Allocation) (mixed)-- 90M->80M(128M), 0.0027114 secs]
Application time: 0.0020145 seconds
[GC pause (G1 Humongous Allocation) (mixed)-- 90M->80M(128M), 0.0024978 secs]
Application time: 0.0180358 seconds
[GC pause (G1 Humongous Allocation) (mixed)-- 90M->79M(128M), 0.0027393 secs]
Application time: 0.1708535 seconds
[GC pause (G1 Humongous Allocation) (mixed)-- 89M->80M(128M), 0.0027565 secs]
Application time: 0.1770692 seconds
[GC pause (G1 Humongous Allocation) (mixed)-- 89M->80M(128M), 0.0021740 secs]
Application time: 0.1740781 seconds
[GC pause (G1 Humongous Allocation) (mixed)-- 89M->81M(128M), 0.0021662 secs]
Application time: 0.1492211 seconds
[GC pause (G1 Humongous Allocation) (mixed)-- 88M->81M(128M), 0.0018633 secs]
Application time: 0.0001353 seconds
[GC pause (G1 Humongous Allocation) (young) (initial-mark) 81M->81M(128M), 0.0008097 secs]
[GC concurrent-root-region-scan-start]
[GC concurrent-root-region-scan-end, 0.0000246 secs]
[GC concurrent-mark-start]
[GC concurrent-mark-end, 0.0042091 secs]
Application time: 0.0042818 seconds
[GC remark, 0.0026517 secs]
Application time: 0.0000309 seconds
[GC cleanup 82M->81M(128M), 0.0002568 secs]
[GC concurrent-cleanup-start]
[GC concurrent-cleanup-end, 0.0000078 secs]
Application time: 0.1747301 seconds
[GC pause (G1 Humongous Allocation) (young)-- 89M->80M(128M), 0.0021559 secs]
Application time: 0.0166165 seconds
[GC pause (G1 Humongous Allocation) (mixed)-- 90M->80M(128M), 0.0022132 secs]
Application time: 0.0082483 seconds
[GC pause (G1 Humongous Allocation) (mixed)-- 90M->81M(128M), 0.0021213 secs]
Application time: 0.0033328 seconds
[GC pause (G1 Humongous Allocation) (mixed)-- 90M->81M(128M), 0.0019330 secs]
Application time: 0.0110987 seconds
[GC pause (G1 Humongous Allocation) (mixed)-- 89M->80M(128M), 0.0017702 secs]
Application time: 0.0054965 seconds
[GC pause (G1 Humongous Allocation) (mixed)-- 89M->81M(128M), 0.0021114 secs]
Application time: 0.0068766 seconds
[GC pause (G1 Humongous Allocation) (mixed)-- 89M->81M(128M), 0.0020502 secs]
Application time: 0.0052899 seconds
[GC pause (G1 Humongous Allocation) (mixed)-- 88M->81M(128M), 0.0016865 secs]
Application time: 0.0030282 seconds
[GC pause (G1 Humongous Allocation) (mixed)-- 88M->81M(128M), 0.0019950 secs]
Application time: 0.0001316 seconds
[GC pause (G1 Humongous Allocation) (young) (initial-mark) 82M->81M(128M), 0.0007361 secs]
[GC concurrent-root-region-scan-start]
[GC concurrent-root-region-scan-end, 0.0000211 secs]
[GC concurrent-mark-start]
Application time: 0.0014930 seconds
[GC pause (G1 Humongous Allocation) (young) 87M->81M(128M), 0.0013145 secs]
Application time: 0.0015563 seconds
[GC pause (G1 Humongous Allocation) (young) 88M->81M(128M), 0.0015252 secs]
[GC concurrent-mark-end, 0.0072903 secs]
Application time: 0.0012582 seconds
[GC remark, 0.0024361 secs]
Application time: 0.0000342 seconds
[GC cleanup 88M->87M(128M), 0.0002465 secs]
[GC concurrent-cleanup-start]
[GC concurrent-cleanup-end, 0.0000074 secs]
Application time: 0.0031766 seconds
[GC pause (G1 Humongous Allocation) (young)-- 89M->80M(128M), 0.0019746 secs]
Application time: 0.2039859 seconds
[GC pause (G1 Humongous Allocation) (mixed)-- 89M->81M(128M), 0.0018888 secs]
Application time: 0.1795010 seconds
[GC pause (G1 Humongous Allocation) (mixed)-- 89M->81M(128M), 0.0019102 secs]
Application time: 0.2076136 seconds
[GC pause (G1 Humongous Allocation) (mixed)-- 89M->80M(128M), 0.0020081 secs]
Application time: 0.1497844 seconds
[GC pause (G1 Humongous Allocation) (mixed)-- 89M->81M(128M), 0.0024313 secs]
Application time: 0.1454436 seconds
[GC pause (G1 Humongous Allocation) (mixed)-- 89M->81M(128M), 0.0019407 secs]
Application time: 0.1474324 seconds
[GC pause (G1 Humongous Allocation) (mixed)-- 88M->81M(128M), 0.0019255 secs]
Application time: 0.0772423 seconds
[GC pause (G1 Humongous Allocation) (mixed)-- 88M->81M(128M), 0.0015697 secs]
Application time: 0.1481488 seconds
[GC pause (G1 Humongous Allocation) (mixed)-- 88M->82M(128M), 0.0017936 secs]
Application time: 0.0001700 seconds
[GC pause (G1 Humongous Allocation) (young) (initial-mark) 82M->82M(128M), 0.0006174 secs]
[GC concurrent-root-region-scan-start]
[GC concurrent-root-region-scan-end, 0.0000064 secs]
[GC concurrent-mark-start]
[GC concurrent-mark-end, 0.0042740 secs]
Application time: 0.0043263 seconds
[GC remark, 0.0025883 secs]
Application time: 0.0000309 seconds
[GC cleanup 82M->81M(128M), 0.0002702 secs]
[GC concurrent-cleanup-start]
[GC concurrent-cleanup-end, 0.0000096 secs]
Application time: 0.1445444 seconds
[GC pause (G1 Humongous Allocation) (young)-- 90M->81M(128M), 0.0021096 secs]
Application time: 0.1610480 seconds
[GC pause (G1 Humongous Allocation) (mixed)-- 90M->81M(128M), 0.0019312 secs]
Application time: 0.1263804 seconds
[GC pause (G1 Humongous Allocation) (mixed)-- 89M->81M(128M), 0.0025406 secs]
Application time: 0.1494616 seconds
[GC pause (G1 Humongous Allocation) (mixed)-- 89M->82M(128M), 0.0030185 secs]
Application time: 0.0930591 seconds
[GC pause (G1 Humongous Allocation) (mixed)-- 89M->82M(128M), 0.0025584 secs]
Application time: 0.1394476 seconds
[GC pause (G1 Humongous Allocation) (mixed)-- 89M->82M(128M), 0.0029550 secs]
Application time: 0.0257634 seconds
[GC pause (G1 Humongous Allocation) (mixed)-- 89M->82M(128M), 0.0027176 secs]
Application time: 0.0082382 seconds
[GC pause (G1 Humongous Allocation) (mixed)-- 89M->82M(128M), 0.0021213 secs]
Application time: 0.0065325 seconds
[GC pause (G1 Humongous Allocation) (mixed)-- 88M->82M(128M), 0.0018121 secs]
Application time: 0.0025052 seconds
[GC pause (G1 Humongous Allocation) (young) (initial-mark) 83M->82M(128M), 0.0007378 secs]
[GC concurrent-root-region-scan-start]
[GC concurrent-root-region-scan-end, 0.0000217 secs]
[GC concurrent-mark-start]
[GC concurrent-mark-end, 0.0057559 secs]
Application time: 0.0073505 seconds
[GC remark, 0.0029754 secs]
Application time: 0.0000445 seconds
[GC cleanup 84M->83M(128M), 0.0004627 secs]
[GC concurrent-cleanup-start]
[GC concurrent-cleanup-end, 0.0000167 secs]
Application time: 0.0032966 seconds
[GC pause (G1 Humongous Allocation) (young)-- 91M->81M(128M), 0.0023728 secs]
Application time: 0.0049232 seconds
[GC pause (G1 Humongous Allocation) (mixed)-- 90M->81M(128M), 0.0025808 secs]
Application time: 0.0068214 seconds
[GC pause (G1 Humongous Allocation) (mixed)-- 90M->81M(128M), 0.0030265 secs]
Application time: 0.0070614 seconds
[GC pause (G1 Humongous Allocation) (mixed)-- 90M->81M(128M), 0.0026889 secs]
Application time: 0.0068881 seconds
[GC pause (G1 Humongous Allocation) (mixed)-- 90M->81M(128M), 0.0027528 secs]
Application time: 0.0020653 seconds
[GC pause (G1 Humongous Allocation) (mixed)-- 90M->82M(128M), 0.0027512 secs]
Application time: 0.0017301 seconds
[GC pause (G1 Humongous Allocation) (mixed)-- 89M->82M(128M), 0.0025169 secs]
Application time: 0.0018700 seconds
[GC pause (G1 Humongous Allocation) (mixed)-- 89M->82M(128M), 0.0027524 secs]
Application time: 0.0767774 seconds
[GC pause (G1 Humongous Allocation) (mixed)-- 89M->82M(128M), 0.0025972 secs]
Application time: 0.0142254 seconds
[GC pause (G1 Humongous Allocation) (young) (initial-mark) 83M->82M(128M), 0.0011418 secs]
[GC concurrent-root-region-scan-start]
[GC concurrent-root-region-scan-end, 0.0000104 secs]
[GC concurrent-mark-start]
[GC concurrent-mark-end, 0.0054093 secs]
Application time: 0.0054119 seconds
[GC remark, 0.0033661 secs]
Application time: 0.0000385 seconds
[GC cleanup 84M->84M(128M), 0.0003330 secs]
[GC concurrent-cleanup-start]
[GC concurrent-cleanup-end, 0.0000125 secs]
Application time: 0.1345963 seconds
[GC pause (G1 Humongous Allocation) (young) 90M->82M(128M), 0.0027709 secs]
Application time: 0.1885406 seconds
[GC pause (G1 Humongous Allocation) (mixed)-- 90M->82M(128M), 0.0028505 secs]
Application time: 0.1595392 seconds
[GC pause (G1 Humongous Allocation) (mixed)-- 90M->82M(128M), 0.0029403 secs]
Application time: 0.1309436 seconds
[GC pause (G1 Humongous Allocation) (mixed)-- 90M->82M(128M), 0.0027651 secs]
Application time: 0.1706762 seconds
[GC pause (G1 Humongous Allocation) (mixed)-- 90M->82M(128M), 0.0029401 secs]
Application time: 0.1248164 seconds
[GC pause (G1 Humongous Allocation) (mixed)-- 89M->82M(128M), 0.0028368 secs]
Application time: 0.0854772 seconds
[GC pause (G1 Humongous Allocation) (mixed)-- 89M->82M(128M), 0.0024552 secs]
Application time: 0.0730694 seconds
[GC pause (G1 Humongous Allocation) (mixed)-- 89M->83M(128M), 0.0027793 secs]
Application time: 0.0042167 seconds
[GC pause (G1 Humongous Allocation) (mixed)-- 89M->83M(128M), 0.0019577 secs]
Application time: 0.0001559 seconds
[GC pause (G1 Humongous Allocation) (young) (initial-mark) 84M->83M(128M), 0.0007633 secs]
[GC concurrent-root-region-scan-start]
[GC concurrent-root-region-scan-end, 0.0000126 secs]
[GC concurrent-mark-start]
Application time: 0.0053251 seconds
[GC pause (G1 Humongous Allocation) (young)-- 88M->83M(128M), 0.0016469 secs]
[GC concurrent-mark-end, 0.0073049 secs]
Application time: 0.0002715 seconds
[GC remark, 0.0031111 secs]
Application time: 0.0000336 seconds
[GC cleanup 85M->84M(128M), 0.0003041 secs]
[GC concurrent-cleanup-start]
[GC concurrent-cleanup-end, 0.0000141 secs]
Application time: 0.0033295 seconds
[GC pause (G1 Humongous Allocation) (young)-- 90M->82M(128M), 0.0020056 secs]
Application time: 0.0017426 seconds
[GC pause (G1 Humongous Allocation) (mixed)-- 89M->82M(128M), 0.0019521 secs]
Application time: 0.0044492 seconds
[GC pause (G1 Humongous Allocation) (mixed)-- 89M->82M(128M), 0.0023113 secs]
Application time: 0.0043398 seconds
[GC pause (G1 Humongous Allocation) (mixed)-- 89M->82M(128M), 0.0022679 secs]
Application time: 0.0042559 seconds
[GC pause (G1 Humongous Allocation) (mixed)-- 89M->82M(128M), 0.0023075 secs]
Application time: 0.0041956 seconds
[GC pause (G1 Humongous Allocation) (mixed)-- 89M->82M(128M), 0.0023083 secs]
Application time: 0.0033579 seconds
[GC pause (G1 Humongous Allocation) (mixed)-- 89M->82M(128M), 0.0022626 secs]
Application time: 0.0010882 seconds
[GC pause (G1 Humongous Allocation) (mixed)-- 88M->82M(128M), 0.0020290 secs]
Application time: 0.0012446 seconds
[GC pause (G1 Humongous Allocation) (mixed)-- 88M->83M(128M), 0.0024276 secs]
Application time: 0.0001405 seconds
[GC pause (G1 Humongous Allocation) (young) (initial-mark) 83M->83M(128M), 0.0007321 secs]
[GC concurrent-root-region-scan-start]
[GC concurrent-root-region-scan-end, 0.0000101 secs]
[GC concurrent-mark-start]
Application time: 0.0011736 seconds
[GC pause (G1 Humongous Allocation) (young) 88M->83M(128M), 0.0018560 secs]
Application time: 0.0010810 seconds
[GC pause (G1 Humongous Allocation) (young)-- 88M->83M(128M), 0.0018147 secs]
[GC concurrent-mark-end, 0.0103540 secs]
Application time: 0.0042903 seconds
[GC remark, 0.0029402 secs]
Application time: 0.0000344 seconds
[GC cleanup 87M->87M(128M), 0.0003183 secs]
[GC concurrent-cleanup-start]
[GC concurrent-cleanup-end, 0.0000117 secs]
Application time: 0.0585407 seconds
[GC pause (G1 Humongous Allocation) (young)-- 89M->83M(128M), 0.0020715 secs]
Application time: 0.1432735 seconds
[GC pause (G1 Humongous Allocation) (mixed)-- 88M->82M(128M), 0.0019157 secs]
Application time: 0.1501318 seconds
[GC pause (G1 Humongous Allocation) (mixed)-- 90M->82M(128M), 0.0023826 secs]
Application time: 0.1743678 seconds
[GC pause (G1 Humongous Allocation) (mixed)-- 90M->83M(128M), 0.0027335 secs]
Application time: 0.1450179 seconds
[GC pause (G1 Humongous Allocation) (mixed)-- 89M->83M(128M), 0.0027081 secs]
Application time: 0.0899514 seconds
[GC pause (G1 Humongous Allocation) (mixed)-- 89M->83M(128M), 0.0021347 secs]
Application time: 0.1174987 seconds
[GC pause (G1 Humongous Allocation) (mixed)-- 88M->83M(128M), 0.0020984 secs]
Application time: 0.0891305 seconds
[GC pause (G1 Humongous Allocation) (mixed)-- 88M->83M(128M), 0.0024501 secs]
Application time: 0.0748057 seconds
[GC pause (G1 Humongous Allocation) (mixed)-- 88M->83M(128M), 0.0018767 secs]
Application time: 0.0221445 seconds
[GC pause (G1 Humongous Allocation) (young) (initial-mark) 84M->83M(128M), 0.0010972 secs]
[GC concurrent-root-region-scan-start]
[GC concurrent-root-region-scan-end, 0.0000344 secs]
[GC concurrent-mark-start]
[GC concurrent-mark-end, 0.0054493 secs]
Application time: 0.0055267 seconds
[GC remark, 0.0033513 secs]
Application time: 0.0000365 seconds
[GC cleanup 85M->84M(128M), 0.0003553 secs]
[GC concurrent-cleanup-start]
[GC concurrent-cleanup-end, 0.0000140 secs]
Application time: 0.1315636 seconds
[GC pause (G1 Humongous Allocation) (young)-- 89M->82M(128M), 0.0023609 secs]
Application time: 0.1481412 seconds
[GC pause (G1 Humongous Allocation) (mixed)-- 90M->83M(128M), 0.0027969 secs]
Application time: 0.1282293 seconds
[GC pause (G1 Humongous Allocation) (mixed)-- 89M->83M(128M), 0.0023834 secs]
Application time: 0.0600634 seconds
[GC pause (G1 Humongous Allocation) (mixed)-- 89M->83M(128M), 0.0022997 secs]
Application time: 0.1120265 seconds
[GC pause (G1 Humongous Allocation) (mixed)-- 88M->83M(128M), 0.0022034 secs]
Application time: 0.0606505 seconds
[GC pause (G1 Humongous Allocation) (mixed)-- 88M->83M(128M), 0.0020932 secs]
Application time: 0.0576477 seconds
[GC pause (G1 Humongous Allocation) (mixed)-- 88M->84M(128M), 0.0019478 secs]
Application time: 0.0579099 seconds
[GC pause (G1 Humongous Allocation) (mixed)-- 87M->84M(128M), 0.0015128 secs]
Application time: 0.0476571 seconds
[GC pause (G1 Humongous Allocation) (mixed)-- 87M->84M(128M), 0.0016019 secs]
Application time: 0.0099013 seconds
[GC pause (G1 Humongous Allocation) (young) (initial-mark) 84M->84M(128M), 0.0012033 secs]
[GC concurrent-root-region-scan-start]
[GC concurrent-root-region-scan-end, 0.0000108 secs]
[GC concurrent-mark-start]
[GC concurrent-mark-end, 0.0054135 secs]
Application time: 0.0054652 seconds
[GC remark, 0.0030722 secs]
Application time: 0.0000328 seconds
[GC cleanup 86M->84M(128M), 0.0003087 secs]
[GC concurrent-cleanup-start]
[GC concurrent-cleanup-end, 0.0000143 secs]
Application time: 0.1118154 seconds
[GC pause (G1 Humongous Allocation) (young) 90M->82M(128M), 0.0024726 secs]
Application time: 0.1147518 seconds
[GC pause (G1 Humongous Allocation) (mixed)-- 90M->82M(128M), 0.0027843 secs]
Application time: 0.1153535 seconds
[GC pause (G1 Humongous Allocation) (mixed)-- 90M->83M(128M), 0.0024409 secs]
Application time: 0.0391885 seconds
[GC pause (G1 Humongous Allocation) (mixed)-- 90M->83M(128M), 0.0025507 secs]
Application time: 0.0067727 seconds
[GC pause (G1 Humongous Allocation) (mixed)-- 89M->83M(128M), 0.0019446 secs]
Application time: 0.0050729 seconds
[GC pause (G1 Humongous Allocation) (mixed)-- 88M->83M(128M), 0.0016938 secs]
Application time: 0.0096425 seconds
[GC pause (G1 Humongous Allocation) (mixed)-- 88M->84M(128M), 0.0018353 secs]
Application time: 0.0034949 seconds
[GC pause (G1 Humongous Allocation) (mixed)-- 88M->84M(128M), 0.0015684 secs]
Application time: 0.0005713 seconds
[GC pause (G1 Humongous Allocation) (mixed)-- 87M->83M(128M), 0.0013314 secs]
Application time: 0.0000458 seconds
[GC pause (G1 Humongous Allocation) (young) (initial-mark) 84M->84M(128M), 0.0007490 secs]
[GC concurrent-root-region-scan-start]
[GC concurrent-root-region-scan-end, 0.0000082 secs]
[GC concurrent-mark-start]
[GC concurrent-mark-end, 0.0053377 secs]
Application time: 0.0053719 seconds
[GC remark, 0.0029859 secs]
Application time: 0.0000319 seconds
[GC cleanup 84M->83M(128M), 0.0002990 secs]
[GC concurrent-cleanup-start]
[GC concurrent-cleanup-end, 0.0000103 secs]
Application time: 0.0021703 seconds
[GC pause (G1 Humongous Allocation) (young) 90M->83M(128M), 0.0020982 secs]
Application time: 0.0060543 seconds
[GC pause (G1 Humongous Allocation) (mixed)-- 90M->83M(128M), 0.0024829 secs]
Application time: 0.0043095 seconds
[GC pause (G1 Humongous Allocation) (mixed)-- 90M->83M(128M), 0.0025252 secs]
Application time: 0.0041643 seconds
[GC pause (G1 Humongous Allocation) (mixed)-- 89M->83M(128M), 0.0022800 secs]
Application time: 0.0042068 seconds
[GC pause (G1 Humongous Allocation) (mixed)-- 89M->83M(128M), 0.0019844 secs]
Application time: 0.0011825 seconds
[GC pause (G1 Humongous Allocation) (mixed)-- 89M->83M(128M), 0.0023493 secs]
Application time: 0.0011547 seconds
[GC pause (G1 Humongous Allocation) (mixed)-- 88M->83M(128M), 0.0019986 secs]
Application time: 0.0010277 seconds
[GC pause (G1 Humongous Allocation) (mixed)-- 88M->83M(128M), 0.0019736 secs]
Application time: 0.0008991 seconds
[GC pause (G1 Humongous Allocation) (mixed)-- 88M->83M(128M), 0.0018245 secs]
Application time: 0.0001451 seconds
[GC pause (G1 Humongous Allocation) (young) (initial-mark) 84M->83M(128M), 0.0007506 secs]
[GC concurrent-root-region-scan-start]
[GC concurrent-root-region-scan-end, 0.0000139 secs]
[GC concurrent-mark-start]
Application time: 0.0008834 seconds
[GC pause (G1 Humongous Allocation) (young)-- 87M->83M(128M), 0.0015881 secs]
Application time: 0.0019490 seconds
[GC pause (G1 Humongous Allocation) (young) 86M->82M(128M), 0.0010494 secs]
[GC concurrent-mark-end, 0.0084607 secs]
Application time: 0.0028294 seconds
[GC remark, 0.0032935 secs]
Application time: 0.0000277 seconds
[GC cleanup 84M->83M(128M), 0.0002908 secs]
[GC concurrent-cleanup-start]
[GC concurrent-cleanup-end, 0.0000121 secs]
Application time: 0.1247281 seconds
[GC pause (G1 Humongous Allocation) (young)-- 89M->83M(128M), 0.0043230 secs]
Application time: 0.1027701 seconds
[GC pause (G1 Humongous Allocation) (mixed)-- 88M->83M(128M), 0.0030664 secs]
Application time: 0.1154000 seconds
[GC pause (G1 Humongous Allocation) (mixed)-- 88M->84M(128M), 0.0031478 secs]
Application time: 0.0575385 seconds
[GC pause (G1 Humongous Allocation) (mixed)-- 88M->84M(128M), 0.0024909 secs]
Application time: 0.0980013 seconds
[GC pause (G1 Humongous Allocation) (mixed)-- 88M->84M(128M), 0.0033602 secs]
Application time: 0.0744951 seconds
[GC pause (G1 Humongous Allocation) (mixed)-- 88M->84M(128M), 0.0028637 secs]
Application time: 0.0756189 seconds
[GC pause (G1 Humongous Allocation) (mixed)-- 88M->84M(128M), 0.0036180 secs]
Application time: 0.0602213 seconds
[GC pause (G1 Humongous Allocation) (mixed)-- 88M->84M(128M), 0.0025192 secs]
Application time: 0.0115686 seconds
[GC pause (G1 Humongous Allocation) (mixed)-- 88M->84M(128M), 0.0019368 secs]
Application time: 0.0001420 seconds
[GC pause (G1 Humongous Allocation) (young) (initial-mark) 85M->84M(128M), 0.0007777 secs]
[GC concurrent-root-region-scan-start]
[GC concurrent-root-region-scan-end, 0.0000105 secs]
[GC concurrent-mark-start]
Application time: 0.0027504 seconds
[GC pause (G1 Humongous Allocation) (young) 87M->84M(128M), 0.0010310 secs]
Application time: 0.0027484 seconds
[GC pause (G1 Humongous Allocation) (young) 87M->84M(128M), 0.0010426 secs]
[GC concurrent-mark-end, 0.0079113 secs]
Application time: 0.0001732 seconds
[GC remark, 0.0031320 secs]
Application time: 0.0000429 seconds
[GC cleanup 85M->84M(128M), 0.0003470 secs]
[GC concurrent-cleanup-start]
[GC concurrent-cleanup-end, 0.0000204 secs]
Application time: 0.0059674 seconds
[GC pause (G1 Humongous Allocation) (young) 90M->83M(128M), 0.0018094 secs]
Application time: 0.0027142 seconds
[GC pause (G1 Humongous Allocation) (mixed)-- 90M->83M(128M), 0.0018527 secs]
Application time: 0.0016498 seconds
[GC pause (G1 Humongous Allocation) (mixed)-- 90M->83M(128M), 0.0020006 secs]
Application time: 0.0029617 seconds
[GC pause (G1 Humongous Allocation) (mixed)-- 89M->83M(128M), 0.0018809 secs]
Application time: 0.0041287 seconds
[GC pause (G1 Humongous Allocation) (mixed)-- 89M->84M(128M), 0.0022903 secs]
Application time: 0.0028405 seconds
[GC pause (G1 Humongous Allocation) (mixed)-- 88M->84M(128M), 0.0018038 secs]
Application time: 0.0027431 seconds
[GC pause (G1 Humongous Allocation) (mixed)-- 87M->84M(128M), 0.0015001 secs]
Application time: 0.0017957 seconds
[GC pause (G1 Humongous Allocation) (mixed)-- 87M->84M(128M), 0.0015338 secs]
Application time: 0.0027519 seconds
[GC pause (G1 Humongous Allocation) (mixed)-- 87M->84M(128M), 0.0018937 secs]
Application time: 0.0001608 seconds
[GC pause (G1 Humongous Allocation) (young) (initial-mark) 85M->84M(128M), 0.0008779 secs]
[GC concurrent-root-region-scan-start]
[GC concurrent-root-region-scan-end, 0.0000087 secs]
[GC concurrent-mark-start]
Application time: 0.0026189 seconds
[GC pause (G1 Humongous Allocation) (young) 87M->84M(128M), 0.0013100 secs]
Application time: 0.0006307 seconds
[GC pause (G1 Humongous Allocation) (young)-- 87M->84M(128M), 0.0013328 secs]
Application time: 0.0005097 seconds
[GC pause (G1 Humongous Allocation) (young)-- 86M->84M(128M), 0.0010713 secs]
Application time: 0.0004755 seconds
[GC pause (G1 Evacuation Pause) (young) 86M->84M(128M), 0.0010517 secs]
Application time: 0.0003480 seconds
[GC pause (G1 Humongous Allocation) (young) 86M->84M(128M), 0.0008305 secs]
Application time: 0.0002538 seconds
[GC pause (G1 Humongous Allocation) (young) 86M->84M(128M), 0.0007928 secs]
Application time: 0.0003792 seconds
[GC pause (G1 Humongous Allocation) (young)-- 86M->84M(128M), 0.0010912 secs]
[GC concurrent-mark-end, 0.0137613 secs]
Application time: 0.0003941 seconds
[GC remark, 0.0029648 secs]
Application time: 0.0000318 seconds
[GC cleanup 86M->85M(128M), 0.0003242 secs]
[GC concurrent-cleanup-start]
[GC concurrent-cleanup-end, 0.0000116 secs]
Application time: 0.0010078 seconds
[GC pause (G1 Humongous Allocation) (young)-- 88M->84M(128M), 0.0016594 secs]
Application time: 0.0008897 seconds
[GC pause (G1 Humongous Allocation) (mixed)-- 87M->84M(128M), 0.0013954 secs]
Application time: 0.0007364 seconds
[GC pause (G1 Humongous Allocation) (mixed)-- 87M->84M(128M), 0.0015263 secs]
Application time: 0.0008948 seconds
[GC pause (G1 Humongous Allocation) (mixed)-- 87M->84M(128M), 0.0018170 secs]
Application time: 0.0235866 seconds
[GC pause (G1 Humongous Allocation) (mixed)-- 87M->83M(128M), 0.0014335 secs]
Application time: 0.0744606 seconds
[GC pause (G1 Humongous Allocation) (mixed)-- 87M->84M(128M), 0.0014553 secs]
Application time: 0.0747813 seconds
[GC pause (G1 Humongous Allocation) (mixed)-- 87M->84M(128M), 0.0014514 secs]
Application time: 0.0035522 seconds
[GC pause (G1 Humongous Allocation) (mixed)-- 86M->85M(128M), 0.0013568 secs]
Application time: 0.0596454 seconds
[GC pause (G1 Evacuation Pause) (mixed)-- 86M->85M(128M), 0.0012063 secs]
Application time: 0.0017770 seconds
[GC pause (G1 Humongous Allocation) (young) (initial-mark) 85M->85M(128M), 0.0006219 secs]
[GC concurrent-root-region-scan-start]
[GC concurrent-root-region-scan-end, 0.0000442 secs]
[GC concurrent-mark-start]
Application time: 0.0001531 seconds
[GC pause (G1 Humongous Allocation) (young) 85M->85M(128M), 0.0027530 secs]
[GC concurrent-mark-end, 0.0099948 secs]
Application time: 0.0070741 seconds
[GC remark, 0.0028036 secs]
Application time: 0.0000328 seconds
[GC cleanup 85M->84M(128M), 0.0003079 secs]
[GC concurrent-cleanup-start]
[GC concurrent-cleanup-end, 0.0000133 secs]
Application time: 0.1120566 seconds
[GC pause (G1 Humongous Allocation) (young) 89M->84M(128M), 0.0013243 secs]
Application time: 0.1485603 seconds
[GC pause (G1 Humongous Allocation) (mixed)-- 89M->84M(128M), 0.0014456 secs]
Application time: 0.1490972 seconds
[GC pause (G1 Humongous Allocation) (mixed)-- 89M->84M(128M), 0.0018567 secs]
Application time: 0.1494030 seconds
[GC pause (G1 Humongous Allocation) (mixed)-- 89M->84M(128M), 0.0025056 secs]
Application time: 0.0886476 seconds
[GC pause (G1 Humongous Allocation) (mixed)-- 89M->83M(128M), 0.0023247 secs]
Application time: 0.1357612 seconds
[GC pause (G1 Humongous Allocation) (mixed)-- 88M->84M(128M), 0.0026813 secs]
Application time: 0.0746334 seconds
[GC pause (G1 Humongous Allocation) (mixed)-- 88M->85M(128M), 0.0016229 secs]
Application time: 0.0694467 seconds
[GC pause (G1 Humongous Allocation) (mixed)-- 87M->85M(128M), 0.0012226 secs]
Application time: 0.0208141 seconds
[GC pause (G1 Humongous Allocation) (mixed)-- 88M->85M(128M), 0.0013275 secs]
Application time: 0.0744038 seconds
[GC pause (G1 Humongous Allocation) (mixed)-- 88M->85M(128M), 0.0015113 secs]
Application time: 0.0002185 seconds
[GC pause (G1 Humongous Allocation) (young) (initial-mark) 85M->85M(128M), 0.0005716 secs]
[GC concurrent-root-region-scan-start]
[GC concurrent-root-region-scan-end, 0.0000056 secs]
[GC concurrent-mark-start]
[GC concurrent-mark-end, 0.0051198 secs]
Application time: 0.0051262 seconds
[GC remark, 0.0025969 secs]
Application time: 0.0000310 seconds
[GC cleanup 85M->84M(128M), 0.0003367 secs]
[GC concurrent-cleanup-start]
[GC concurrent-cleanup-end, 0.0000100 secs]
Application time: 0.1441864 seconds
[GC pause (G1 Humongous Allocation) (young)-- 90M->84M(128M), 0.0020011 secs]
Application time: 0.1050777 seconds
[GC pause (G1 Humongous Allocation) (mixed)-- 90M->84M(128M), 0.0018711 secs]
Application time: 0.1198546 seconds
[GC pause (G1 Humongous Allocation) (mixed)-- 89M->84M(128M), 0.0017339 secs]
Application time: 0.0763288 seconds
[GC pause (G1 Humongous Allocation) (mixed)-- 89M->84M(128M), 0.0017938 secs]
Application time: 0.0142451 seconds
[GC pause (G1 Humongous Allocation) (mixed)-- 88M->85M(128M), 0.0014098 secs]
Application time: 0.0699306 seconds
[GC pause (G1 Humongous Allocation) (mixed)-- 88M->85M(128M), 0.0015061 secs]
Application time: 0.0645047 seconds
[GC pause (G1 Humongous Allocation) (mixed)-- 88M->85M(128M), 0.0013968 secs]
Application time: 0.0041286 seconds
[GC pause (G1 Humongous Allocation) (mixed)-- 87M->85M(128M), 0.0011219 secs]
Application time: 0.0813714 seconds
[GC pause (G1 Evacuation Pause) (mixed)-- 87M->85M(128M), 0.0014479 secs]
Application time: 0.0000519 seconds
[GC pause (G1 Humongous Allocation) (young) (initial-mark) 85M->85M(128M), 0.0006662 secs]
[GC concurrent-root-region-scan-start]
[GC concurrent-root-region-scan-end, 0.0000291 secs]
[GC concurrent-mark-start]
[GC concurrent-mark-end, 0.0051600 secs]
Application time: 0.0052396 seconds
[GC remark, 0.0026369 secs]
Application time: 0.0000318 seconds
[GC cleanup 86M->85M(128M), 0.0003466 secs]
[GC concurrent-cleanup-start]
[GC concurrent-cleanup-end, 0.0000106 secs]
Application time: 0.0727160 seconds
[GC pause (G1 Humongous Allocation) (young) 89M->83M(128M), 0.0018580 secs]
Application time: 0.1491352 seconds
[GC pause (G1 Humongous Allocation) (mixed)-- 90M->83M(128M), 0.0022794 secs]
Application time: 0.0793408 seconds
[GC pause (G1 Humongous Allocation) (mixed)-- 90M->83M(128M), 0.0019868 secs]
Application time: 0.1386804 seconds
[GC pause (G1 Humongous Allocation) (mixed)-- 90M->83M(128M), 0.0022291 secs]
Application time: 0.0889670 seconds
[GC pause (G1 Humongous Allocation) (mixed)-- 90M->83M(128M), 0.0020938 secs]
Application time: 0.1244670 seconds
[GC pause (G1 Humongous Allocation) (mixed)-- 90M->84M(128M), 0.0021765 secs]
Application time: 0.0153665 seconds
[GC pause (G1 Humongous Allocation) (mixed)-- 90M->84M(128M), 0.0020175 secs]
Application time: 0.0045531 seconds
[GC pause (G1 Humongous Allocation) (mixed)-- 89M->84M(128M), 0.0013897 secs]
Application time: 0.0051661 seconds
[GC pause (G1 Humongous Allocation) (mixed)-- 89M->84M(128M), 0.0015873 secs]
Application time: 0.0000344 seconds
[GC pause (G1 Humongous Allocation) (young) (initial-mark) 84M->84M(128M), 0.0008644 secs]
[GC concurrent-root-region-scan-start]
[GC concurrent-root-region-scan-end, 0.0000413 secs]
[GC concurrent-mark-start]
[GC concurrent-mark-end, 0.0054697 secs]
Application time: 0.0055543 seconds
[GC remark, 0.0026690 secs]
Application time: 0.0000304 seconds
[GC cleanup 85M->85M(128M), 0.0002458 secs]
[GC concurrent-cleanup-start]
[GC concurrent-cleanup-end, 0.0000086 secs]
Application time: 0.0038326 seconds
[GC pause (G1 Humongous Allocation) (young)-- 90M->84M(128M), 0.0014438 secs]
Application time: 0.0018129 seconds
[GC pause (G1 Humongous Allocation) (mixed)-- 90M->84M(128M), 0.0015218 secs]
Application time: 0.0015424 seconds
[GC pause (G1 Humongous Allocation) (mixed)-- 90M->84M(128M), 0.0015550 secs]
Application time: 0.0112774 seconds
[GC pause (G1 Humongous Allocation) (mixed)-- 90M->84M(128M), 0.0017820 secs]
Application time: 0.0033697 seconds
[GC pause (G1 Humongous Allocation) (mixed)-- 89M->84M(128M), 0.0017171 secs]
Application time: 0.0031421 seconds
[GC pause (G1 Humongous Allocation) (mixed)-- 89M->84M(128M), 0.0015941 secs]
Application time: 0.0031357 seconds
[GC pause (G1 Humongous Allocation) (mixed)-- 88M->84M(128M), 0.0012132 secs]
Application time: 0.0017963 seconds
[GC pause (G1 Humongous Allocation) (mixed)-- 88M->84M(128M), 0.0012019 secs]
Application time: 0.0032019 seconds
[GC pause (G1 Humongous Allocation) (mixed)-- 88M->85M(128M), 0.0015873 secs]
Application time: 0.0020595 seconds
[GC pause (G1 Humongous Allocation) (young) (initial-mark) 85M->85M(128M), 0.0006499 secs]
[GC concurrent-root-region-scan-start]
[GC concurrent-root-region-scan-end, 0.0000126 secs]
[GC concurrent-mark-start]
[GC concurrent-mark-end, 0.0054849 secs]
Application time: 0.0069477 seconds
[GC remark, 0.0025555 secs]
Application time: 0.0000431 seconds
[GC cleanup 86M->85M(128M), 0.0003711 secs]
[GC concurrent-cleanup-start]
[GC concurrent-cleanup-end, 0.0000147 secs]
Application time: 0.0028887 seconds
[GC pause (G1 Humongous Allocation) (young)-- 90M->84M(128M), 0.0017800 secs]
Application time: 0.0011224 seconds
[GC pause (G1 Humongous Allocation) (mixed)-- 89M->84M(128M), 0.0015657 secs]
Application time: 0.0012330 seconds
[GC pause (G1 Humongous Allocation) (mixed)-- 89M->84M(128M), 0.0017100 secs]
Application time: 0.0011114 seconds
[GC pause (G1 Humongous Allocation) (mixed)-- 89M->84M(128M), 0.0016794 secs]
Application time: 0.0009643 seconds
[GC pause (G1 Humongous Allocation) (mixed)-- 88M->84M(128M), 0.0014691 secs]
Application time: 0.0009246 seconds
[GC pause (G1 Humongous Allocation) (mixed)-- 88M->84M(128M), 0.0012796 secs]
Application time: 0.0312930 seconds
[GC pause (G1 Humongous Allocation) (mixed)-- 88M->84M(128M), 0.0018272 secs]
Application time: 0.0749416 seconds
[GC pause (G1 Humongous Allocation) (mixed)-- 88M->85M(128M), 0.0013772 secs]
Application time: 0.0403971 seconds
[GC pause (G1 Humongous Allocation) (mixed)-- 87M->85M(128M), 0.0010620 secs]
Application time: 0.0391664 seconds
[GC pause (G1 Humongous Allocation) (mixed)-- 87M->85M(128M), 0.0010564 secs]
Application time: 0.0350352 seconds
[GC pause (G1 Humongous Allocation) (young) (initial-mark) 86M->85M(128M), 0.0008363 secs]
[GC concurrent-root-region-scan-start]
[GC concurrent-root-region-scan-end, 0.0000296 secs]
[GC concurrent-mark-start]
[GC concurrent-mark-end, 0.0049969 secs]
Application time: 0.0124171 seconds
[GC remark, 0.0025959 secs]
Application time: 0.0000452 seconds
[GC cleanup 86M->85M(128M), 0.0002598 secs]
[GC concurrent-cleanup-start]
[GC concurrent-cleanup-end, 0.0000154 secs]
Application time: 0.1203523 seconds
[GC pause (G1 Humongous Allocation) (young) 89M->84M(128M), 0.0015138 secs]
Application time: 0.1036214 seconds
[GC pause (G1 Humongous Allocation) (mixed)-- 90M->84M(128M), 0.0018242 secs]
Application time: 0.1072788 seconds
[GC pause (G1 Humongous Allocation) (mixed)-- 89M->84M(128M), 0.0016357 secs]
Application time: 0.0694534 seconds
[GC pause (G1 Humongous Allocation) (mixed)-- 89M->84M(128M), 0.0015377 secs]
Application time: 0.1216065 seconds
[GC pause (G1 Humongous Allocation) (mixed)-- 89M->84M(128M), 0.0017244 secs]
Application time: 0.0320000 seconds
[GC pause (G1 Humongous Allocation) (mixed)-- 90M->85M(128M), 0.0020530 secs]
Application time: 0.0048005 seconds
[GC pause (G1 Humongous Allocation) (mixed)-- 89M->85M(128M), 0.0012562 secs]
Application time: 0.0031258 seconds
[GC pause (G1 Humongous Allocation) (mixed)-- 89M->85M(128M), 0.0011008 secs]
Application time: 0.0043062 seconds
[GC pause (G1 Humongous Allocation) (mixed)-- 89M->85M(128M), 0.0013145 secs]
Application time: 0.0029653 seconds
[GC pause (G1 Humongous Allocation) (mixed)-- 88M->85M(128M), 0.0009340 secs]
Application time: 0.0001971 seconds
[GC pause (G1 Humongous Allocation) (young) (initial-mark) 86M->85M(128M), 0.0005469 secs]
[GC concurrent-root-region-scan-start]
[GC concurrent-root-region-scan-end, 0.0000943 secs]
[GC concurrent-mark-start]
[GC concurrent-mark-end, 0.0050196 secs]
Application time: 0.0051570 seconds
[GC remark, 0.0031214 secs]
Application time: 0.0000359 seconds
[GC cleanup 86M->85M(128M), 0.0002394 secs]
[GC concurrent-cleanup-start]
[GC concurrent-cleanup-end, 0.0000092 secs]
Application time: 0.0022307 seconds
[GC pause (G1 Humongous Allocation) (young)-- 90M->84M(128M), 0.0014070 secs]
Application time: 0.0080240 seconds
[GC pause (G1 Humongous Allocation) (mixed)-- 90M->84M(128M), 0.0016504 secs]
Application time: 0.0027738 seconds
[GC pause (G1 Humongous Allocation) (mixed)-- 90M->83M(128M), 0.0015355 secs]
Application time: 0.0054222 seconds
[GC pause (G1 Humongous Allocation) (mixed)-- 90M->84M(128M), 0.0021170 secs]
Application time: 0.0045026 seconds
[GC pause (G1 Humongous Allocation) (mixed)-- 89M->84M(128M), 0.0016627 secs]
Application time: 0.0032235 seconds
[GC pause (G1 Humongous Allocation) (mixed)-- 89M->84M(128M), 0.0017234 secs]
Application time: 0.0057436 seconds
[GC pause (G1 Humongous Allocation) (mixed)-- 89M->84M(128M), 0.0012786 secs]
Application time: 0.0035450 seconds
[GC pause (G1 Humongous Allocation) (mixed)-- 89M->84M(128M), 0.0014962 secs]
Application time: 0.0022946 seconds
[GC pause (G1 Humongous Allocation) (mixed)-- 89M->85M(128M), 0.0015928 secs]
Application time: 0.0002941 seconds
[GC pause (G1 Humongous Allocation) (young) (initial-mark) 85M->85M(128M), 0.0007990 secs]
[GC concurrent-root-region-scan-start]
[GC concurrent-root-region-scan-end, 0.0000060 secs]
[GC concurrent-mark-start]
Application time: 0.0007682 seconds
[GC pause (G1 Humongous Allocation) (young) 88M->85M(128M), 0.0010858 secs]
Application time: 0.0009106 seconds
[GC pause (G1 Humongous Allocation) (young)-- 88M->85M(128M), 0.0012336 secs]
Application time: 0.0007114 seconds
[GC pause (G1 Humongous Allocation) (young) 88M->85M(128M), 0.0008888 secs]
Application time: 0.0008043 seconds
[GC pause (G1 Humongous Allocation) (young) 88M->85M(128M), 0.0010487 secs]
Application time: 0.0006195 seconds
[GC pause (G1 Humongous Allocation) (young)-- 88M->85M(128M), 0.0010340 secs]
Application time: 0.0005966 seconds
[GC pause (G1 Humongous Allocation) (young)-- 87M->85M(128M), 0.0008650 secs]
Application time: 0.0005382 seconds
[GC pause (G1 Evacuation Pause) (young) 87M->85M(128M), 0.0007967 secs]
[GC concurrent-mark-end, 0.0129393 secs]
Application time: 0.0002666 seconds
[GC remark, 0.0024665 secs]
Application time: 0.0000312 seconds
[GC cleanup 86M->86M(128M), 0.0002534 secs]
[GC concurrent-cleanup-start]
[GC concurrent-cleanup-end, 0.0000068 secs]
Application time: 0.0020831 seconds
[GC pause (G1 Humongous Allocation) (young) 88M->83M(128M), 0.0009671 secs]
Application time: 0.1224726 seconds
[GC pause (G1 Humongous Allocation) (mixed)-- 88M->85M(128M), 0.0016609 secs]
Application time: 0.0699343 seconds
[GC pause (G1 Humongous Allocation) (mixed)-- 88M->85M(128M), 0.0012103 secs]
Application time: 0.0304208 seconds
[GC pause (G1 Humongous Allocation) (mixed)-- 87M->85M(128M), 0.0009054 secs]
Application time: 0.0750455 seconds
[GC pause (G1 Humongous Allocation) (mixed)-- 87M->85M(128M), 0.0012086 secs]
Application time: 0.0307197 seconds
[GC pause (G1 Humongous Allocation) (mixed)-- 87M->86M(128M), 0.0011016 secs]
Application time: 0.0549581 seconds
[GC pause (G1 Evacuation Pause) (mixed)-- 87M->86M(128M), 0.0012720 secs]
Application time: 0.0002956 seconds
[GC pause (G1 Humongous Allocation) (mixed)-- 86M->86M(128M), 0.0006898 secs]
Application time: 0.0162492 seconds
[GC pause (G1 Humongous Allocation) (mixed)-- 86M->86M(128M), 0.0013524 secs]
Application time: 0.0002908 seconds
[GC pause (G1 Humongous Allocation) (mixed)-- 86M->86M(128M), 0.0006760 secs]
Application time: 0.0663689 seconds
[GC pause (G1 Evacuation Pause) (young) (initial-mark) 86M->86M(128M), 0.0015609 secs]
[GC concurrent-root-region-scan-start]
[GC concurrent-root-region-scan-end, 0.0000079 secs]
[GC concurrent-mark-start]
[GC concurrent-mark-end, 0.0053181 secs]
Application time: 0.0053414 seconds
[GC pause (G1 Humongous Allocation) (young)-- 86M->86M(128M), 0.0007872 secs]
Application time: 0.0033519 seconds
[GC remark, 0.0034280 secs]
Application time: 0.0000318 seconds
[GC cleanup 86M->85M(128M), 0.0003708 secs]
[GC concurrent-cleanup-start]
[GC concurrent-cleanup-end, 0.0000144 secs]
Application time: 0.0004229 seconds
Application time: 0.0806879 seconds
[GC pause (G1 Humongous Allocation) (young)-- 89M->85M(128M), 0.0018321 secs]
Application time: 0.0747333 seconds
[GC pause (G1 Humongous Allocation) (mixed)-- 89M->85M(128M), 0.0017594 secs]
Application time: 0.1161900 seconds
[GC pause (G1 Humongous Allocation) (mixed)-- 89M->85M(128M), 0.0020168 secs]
Application time: 0.0668714 seconds
[GC pause (G1 Humongous Allocation) (mixed)-- 88M->85M(128M), 0.0017882 secs]
Application time: 0.0414088 seconds
[GC pause (G1 Humongous Allocation) (mixed)-- 88M->85M(128M), 0.0015549 secs]
Application time: 0.0744141 seconds
[GC pause (G1 Humongous Allocation) (mixed)-- 88M->86M(128M), 0.0019422 secs]
Application time: 0.0025338 seconds
[GC pause (G1 Humongous Allocation) (mixed)-- 87M->85M(128M), 0.0013414 secs]
Application time: 0.0171674 seconds
[GC pause (G1 Humongous Allocation) (mixed)-- 87M->85M(128M), 0.0011467 secs]
Application time: 0.0566912 seconds
[GC pause (G1 Humongous Allocation) (mixed)-- 87M->86M(128M), 0.0015735 secs]
Application time: 0.0001708 seconds
[GC pause (G1 Humongous Allocation) (mixed)-- 87M->86M(128M), 0.0007896 secs]
Application time: 0.0106242 seconds
[GC pause (G1 Evacuation Pause) (young) (initial-mark) 87M->86M(128M), 0.0009959 secs]
[GC concurrent-root-region-scan-start]
[GC concurrent-root-region-scan-end, 0.0000055 secs]
[GC concurrent-mark-start]
[GC concurrent-mark-end, 0.0050005 secs]
Application time: 0.0049780 seconds
[GC remark, 0.0032879 secs]
Application time: 0.0000379 seconds
[GC cleanup 86M->85M(128M), 0.0004208 secs]
[GC concurrent-cleanup-start]
[GC concurrent-cleanup-end, 0.0000130 secs]
Application time: 0.0697784 seconds
[GC pause (G1 Humongous Allocation) (young) 89M->85M(128M), 0.0012940 secs]
Application time: 0.1307606 seconds
[GC pause (G1 Humongous Allocation) (mixed)-- 89M->85M(128M), 0.0017490 secs]
Application time: 0.0687401 seconds
[GC pause (G1 Humongous Allocation) (mixed)-- 89M->85M(128M), 0.0020467 secs]
Application time: 0.0682297 seconds
[GC pause (G1 Humongous Allocation) (mixed)-- 89M->85M(128M), 0.0014432 secs]
Application time: 0.0682437 seconds
[GC pause (G1 Humongous Allocation) (mixed)-- 88M->85M(128M), 0.0012968 secs]
Application time: 0.0472980 seconds
[GC pause (G1 Humongous Allocation) (mixed)-- 88M->85M(128M), 0.0011800 secs]
Application time: 0.0741888 seconds
[GC pause (G1 Humongous Allocation) (mixed)-- 88M->85M(128M), 0.0013933 secs]
Application time: 0.0165597 seconds
[GC pause (G1 Humongous Allocation) (mixed)-- 88M->86M(128M), 0.0012226 secs]
Application time: 0.0579588 seconds
[GC pause (G1 Humongous Allocation) (mixed)-- 87M->86M(128M), 0.0009650 secs]
Application time: 0.0089669 seconds
[GC pause (G1 Humongous Allocation) (mixed)-- 87M->86M(128M), 0.0009279 secs]
Application time: 0.0006529 seconds
[GC pause (G1 Humongous Allocation) (young) (initial-mark)-- 86M->86M(128M), 0.0008739 secs]
[GC concurrent-root-region-scan-start]
[GC concurrent-root-region-scan-end, 0.0000137 secs]
[GC concurrent-mark-start]
[GC concurrent-mark-end, 0.0055971 secs]
Application time: 0.0057858 seconds
[GC remark, 0.0025925 secs]
Application time: 0.0000421 seconds
[GC cleanup 86M->85M(128M), 0.0002761 secs]
[GC concurrent-cleanup-start]
[GC concurrent-cleanup-end, 0.0000142 secs]
Application time: 0.0693508 seconds
[GC pause (G1 Humongous Allocation) (young)-- 89M->85M(128M), 0.0011632 secs]
Application time: 0.0578538 seconds
[GC pause (G1 Humongous Allocation) (mixed)-- 88M->84M(128M), 0.0011798 secs]
Application time: 0.0799894 seconds
[GC pause (G1 Humongous Allocation) (mixed)-- 89M->85M(128M), 0.0018523 secs]
Application time: 0.0699351 seconds
[GC pause (G1 Humongous Allocation) (mixed)-- 89M->85M(128M), 0.0014881 secs]
Application time: 0.0689103 seconds
[GC pause (G1 Humongous Allocation) (mixed)-- 89M->85M(128M), 0.0015739 secs]
Application time: 0.1008489 seconds
[GC pause (G1 Humongous Allocation) (mixed)-- 89M->85M(128M), 0.0023990 secs]
Application time: 0.0855601 seconds
[GC pause (G1 Humongous Allocation) (mixed)-- 89M->85M(128M), 0.0021339 secs]
Application time: 0.0762410 seconds
[GC pause (G1 Humongous Allocation) (mixed)-- 89M->85M(128M), 0.0021676 secs]
Application time: 0.0722933 seconds
[GC pause (G1 Humongous Allocation) (mixed)-- 89M->85M(128M), 0.0022343 secs]
Application time: 0.0672668 seconds
[GC pause (G1 Humongous Allocation) (mixed)-- 89M->85M(128M), 0.0022414 secs]
Application time: 0.0018309 seconds
[GC pause (G1 Humongous Allocation) (young) (initial-mark) 85M->85M(128M), 0.0011516 secs]
[GC concurrent-root-region-scan-start]
[GC concurrent-root-region-scan-end, 0.0000335 secs]
[GC concurrent-mark-start]
[GC concurrent-mark-end, 0.0051676 secs]
Application time: 0.0051859 seconds
[GC remark, 0.0033783 secs]
Application time: 0.0000349 seconds
[GC cleanup 86M->86M(128M), 0.0003325 secs]
[GC concurrent-cleanup-start]
[GC concurrent-cleanup-end, 0.0000097 secs]
Application time: 0.0642250 seconds
[GC pause (G1 Humongous Allocation) (young)-- 89M->85M(128M), 0.0017590 secs]
Application time: 0.0687089 seconds
[GC pause (G1 Humongous Allocation) (mixed)-- 89M->85M(128M), 0.0019387 secs]
Application time: 0.0668987 seconds
[GC pause (G1 Humongous Allocation) (mixed)-- 88M->85M(128M), 0.0019508 secs]
Application time: 0.0319749 seconds
[GC pause (G1 Humongous Allocation) (mixed)-- 89M->85M(128M), 0.0019089 secs]
Application time: 0.0826673 seconds
[GC pause (G1 Humongous Allocation) (mixed)-- 88M->85M(128M), 0.0021168 secs]
Application time: 0.0130124 seconds
[GC pause (G1 Humongous Allocation) (mixed)-- 88M->86M(128M), 0.0021062 secs]
Application time: 0.0018430 seconds
[GC pause (G1 Humongous Allocation) (mixed)-- 88M->86M(128M), 0.0013098 secs]
Application time: 0.0030294 seconds
[GC pause (G1 Humongous Allocation) (mixed)-- 88M->86M(128M), 0.0013212 secs]
Application time: 0.0016678 seconds
[GC pause (G1 Humongous Allocation) (mixed)-- 87M->86M(128M), 0.0012175 secs]
Application time: 0.0016229 seconds
[GC pause (G1 Evacuation Pause) (mixed)-- 87M->86M(128M), 0.0011363 secs]
Application time: 0.0000355 seconds
[GC pause (G1 Humongous Allocation) (young) (initial-mark) 86M->86M(128M), 0.0007194 secs]
[GC concurrent-root-region-scan-start]
[GC concurrent-root-region-scan-end, 0.0000336 secs]
[GC concurrent-mark-start]
Application time: 0.0002345 seconds
[GC pause (G1 Humongous Allocation) (young) 87M->86M(128M), 0.0028501 secs]
Application time: 0.0015519 seconds
[GC pause (G1 Humongous Allocation) (young)-- 87M->86M(128M), 0.0008269 secs]
Application time: 0.0002037 seconds
[GC pause (G1 Humongous Allocation) (young) 87M->86M(128M), 0.0005553 secs]
Application time: 0.0014819 seconds
[GC pause (G1 Evacuation Pause) (young) 87M->86M(128M), 0.0008609 secs]
Application time: 0.0001001 seconds
[GC pause (G1 Humongous Allocation) (young)-- 86M->86M(128M), 0.0006272 secs]
Application time: 0.0000424 seconds
[Full GC (Allocation Failure)  86M->6522K(128M), 0.0142805 secs]
[GC concurrent-mark-abort]
Application time: 0.0225757 seconds
[GC pause (G1 Humongous Allocation) (young) (initial-mark) 40M->6526K(128M), 0.0075027 secs]
[GC concurrent-root-region-scan-start]
[GC concurrent-root-region-scan-end, 0.0001214 secs]
[GC concurrent-mark-start]
[GC concurrent-mark-end, 0.0045852 secs]
Application time: 0.0047719 seconds
[GC remark, 0.0032673 secs]
Application time: 0.0000379 seconds
[GC cleanup 12M->12M(128M), 0.0002741 secs]
Application time: 0.7626841 seconds
[GC pause (G1 Humongous Allocation) (young)-- 88M->8059K(128M), 0.0136129 secs]
Application time: 0.0239570 seconds
[GC pause (G1 Humongous Allocation) (young) (initial-mark) 40M->8063K(128M), 0.0064542 secs]
[GC concurrent-root-region-scan-start]
[GC concurrent-root-region-scan-end, 0.0002549 secs]
[GC concurrent-mark-start]
[GC concurrent-mark-end, 0.0052063 secs]
Application time: 0.0054839 seconds
[GC remark, 0.0032736 secs]
Application time: 0.0000306 seconds
[GC cleanup 8776K->8776K(128M), 0.0002569 secs]
Application time: 0.7359888 seconds
[GC pause (G1 Humongous Allocation) (young)-- 88M->9083K(128M), 0.0177450 secs]
Application time: 0.6877585 seconds
[GC pause (G1 Humongous Allocation) (young) (initial-mark) 41M->9087K(128M), 0.0073913 secs]
[GC concurrent-root-region-scan-start]
[GC concurrent-root-region-scan-end, 0.0001230 secs]
[GC concurrent-mark-start]
[GC concurrent-mark-end, 0.0051415 secs]
Application time: 0.0053124 seconds
[GC remark, 0.0033482 secs]
Application time: 0.0000327 seconds
[GC cleanup 11M->11M(128M), 0.0002818 secs]
Application time: 1.1125343 seconds
[GC pause (G1 Humongous Allocation) (young)-- 89M->10M(128M), 0.0153807 secs]
Application time: 0.0207758 seconds
[GC pause (G1 Humongous Allocation) (young) (initial-mark) 40M->10M(128M), 0.0056832 secs]
[GC concurrent-root-region-scan-start]
[GC concurrent-root-region-scan-end, 0.0001192 secs]
[GC concurrent-mark-start]
[GC concurrent-mark-end, 0.0048772 secs]
Application time: 0.0050446 seconds
[GC remark, 0.0027545 secs]
Application time: 0.0000355 seconds
[GC cleanup 17M->16M(128M), 0.0002946 secs]
[GC concurrent-cleanup-start]
[GC concurrent-cleanup-end, 0.0000096 secs]
Application time: 0.7574898 seconds
[GC pause (G1 Humongous Allocation) (young)-- 89M->10M(128M), 0.0155365 secs]
Application time: 0.2569306 seconds
[GC pause (G1 Humongous Allocation) (young) (initial-mark) 41M->10M(128M), 0.0071377 secs]
[GC concurrent-root-region-scan-start]
[GC concurrent-root-region-scan-end, 0.0001658 secs]
[GC concurrent-mark-start]
[GC concurrent-mark-end, 0.0060873 secs]
Application time: 0.0062649 seconds
[GC remark, 0.0049661 secs]
Application time: 0.0001769 seconds
[GC cleanup 11M->10M(128M), 0.0003832 secs]
[GC concurrent-cleanup-start]
[GC concurrent-cleanup-end, 0.0000107 secs]
Application time: 0.2918288 seconds
[GC pause (G1 Humongous Allocation) (young)-- 89M->10M(128M), 0.0181029 secs]
Application time: 0.6895356 seconds
[GC pause (G1 Humongous Allocation) (young) (initial-mark) 41M->10M(128M), 0.0068357 secs]
[GC concurrent-root-region-scan-start]
[GC concurrent-root-region-scan-end, 0.0001229 secs]
[GC concurrent-mark-start]
[GC concurrent-mark-end, 0.0047498 secs]
Application time: 0.0049185 seconds
[GC remark, 0.0032862 secs]
Application time: 0.0000333 seconds
[GC cleanup 13M->12M(128M), 0.0002774 secs]
[GC concurrent-cleanup-start]
[GC concurrent-cleanup-end, 0.0000092 secs]
Application time: 1.3838830 seconds
[GC pause (G1 Humongous Allocation) (young)-- 88M->11M(128M), 0.0178820 secs]
Application time: 0.0207527 seconds
[GC pause (G1 Humongous Allocation) (young) (initial-mark) 40M->11M(128M), 0.0059748 secs]
[GC concurrent-root-region-scan-start]
[GC concurrent-root-region-scan-end, 0.0001349 secs]
[GC concurrent-mark-start]
[GC concurrent-mark-end, 0.0045981 secs]
Application time: 0.0048465 seconds
[GC remark, 0.0032413 secs]
Application time: 0.0000609 seconds
[GC cleanup 16M->15M(128M), 0.0003985 secs]
[GC concurrent-cleanup-start]
[GC concurrent-cleanup-end, 0.0000101 secs]
Application time: 0.5474537 seconds
[GC pause (G1 Humongous Allocation) (young)-- 88M->11M(128M), 0.0179609 secs]
Application time: 0.6592099 seconds
[GC pause (G1 Humongous Allocation) (mixed)-- 88M->12M(128M), 0.0158381 secs]
Application time: 0.0236453 seconds
[GC pause (G1 Humongous Allocation) (young) (initial-mark) 39M->12M(128M), 0.0071124 secs]
[GC concurrent-root-region-scan-start]
[GC concurrent-root-region-scan-end, 0.0001282 secs]
[GC concurrent-mark-start]
[GC concurrent-mark-end, 0.0042760 secs]
Application time: 0.0044950 seconds
[GC remark, 0.0033895 secs]
Application time: 0.0000395 seconds
[GC cleanup 12M->12M(128M), 0.0002864 secs]
[GC concurrent-cleanup-start]
[GC concurrent-cleanup-end, 0.0000077 secs]
Application time: 1.2021339 seconds
[GC pause (G1 Humongous Allocation) (young)-- 88M->13M(128M), 0.0160687 secs]
Application time: 0.9390702 seconds
[GC pause (G1 Humongous Allocation) (mixed)-- 89M->12M(128M), 0.0133702 secs]
Application time: 0.0151604 seconds
[GC pause (G1 Humongous Allocation) (young) (initial-mark) 40M->12M(128M), 0.0050876 secs]
[GC concurrent-root-region-scan-start]
[GC concurrent-root-region-scan-end, 0.0001121 secs]
[GC concurrent-mark-start]
[GC concurrent-mark-end, 0.0040669 secs]
Application time: 0.0042272 seconds
[GC remark, 0.0027223 secs]
Application time: 0.0000496 seconds
[GC cleanup 18M->17M(128M), 0.0003061 secs]
[GC concurrent-cleanup-start]
[GC concurrent-cleanup-end, 0.0000094 secs]
Application time: 0.6241530 seconds
[GC pause (G1 Humongous Allocation) (young)-- 88M->12M(128M), 0.0133722 secs]
Application time: 0.2121840 seconds
[GC pause (G1 Humongous Allocation) (mixed)-- 88M->13M(128M), 0.0135196 secs]
Application time: 0.1316014 seconds
[GC pause (G1 Humongous Allocation) (young) (initial-mark) 40M->13M(128M), 0.0055040 secs]
[GC concurrent-root-region-scan-start]
[GC concurrent-root-region-scan-end, 0.0001177 secs]
[GC concurrent-mark-start]
[GC concurrent-mark-end, 0.0039169 secs]
Application time: 0.0041646 seconds
[GC remark, 0.0026080 secs]
Application time: 0.0000516 seconds
[GC cleanup 13M->13M(128M), 0.0002048 secs]
[GC concurrent-cleanup-start]
[GC concurrent-cleanup-end, 0.0000079 secs]
Application time: 1.3690603 seconds
[GC pause (G1 Humongous Allocation) (young)-- 89M->13M(128M), 0.0148440 secs]
Application time: 0.6126425 seconds
[GC pause (G1 Humongous Allocation) (mixed)-- 89M->14M(128M), 0.0161728 secs]
Application time: 0.0159059 seconds
[GC pause (G1 Humongous Allocation) (young) (initial-mark) 41M->14M(128M), 0.0067278 secs]
[GC concurrent-root-region-scan-start]
[GC concurrent-root-region-scan-end, 0.0000999 secs]
[GC concurrent-mark-start]
[GC concurrent-mark-end, 0.0039174 secs]
Application time: 0.0041535 seconds
[GC remark, 0.0031292 secs]
Application time: 0.0000573 seconds
[GC cleanup 14M->14M(128M), 0.0002580 secs]
Application time: 0.9145364 seconds
[GC pause (G1 Humongous Allocation) (young)-- 88M->15M(128M), 0.0162261 secs]
Application time: 0.0487043 seconds
[GC pause (G1 Humongous Allocation) (mixed)-- 89M->15M(128M), 0.0155931 secs]
Application time: 0.3204285 seconds
[GC pause (G1 Humongous Allocation) (young) (initial-mark) 40M->15M(128M), 0.0052007 secs]
[GC concurrent-root-region-scan-start]
[GC concurrent-root-region-scan-end, 0.0001071 secs]
[GC concurrent-mark-start]
[GC concurrent-mark-end, 0.0044251 secs]
Application time: 0.0046009 seconds
[GC remark, 0.0027857 secs]
Application time: 0.0000351 seconds
[GC cleanup 15M->14M(128M), 0.0002445 secs]
[GC concurrent-cleanup-start]
[GC concurrent-cleanup-end, 0.0000076 secs]
Application time: 1.4636485 seconds
[GC pause (G1 Humongous Allocation) (young)-- 88M->15M(128M), 0.0128345 secs]
Application time: 0.6530688 seconds
[GC pause (G1 Humongous Allocation) (mixed)-- 89M->16M(128M), 0.0128386 secs]
Application time: 0.0187410 seconds
[GC pause (G1 Humongous Allocation) (young) (initial-mark) 41M->16M(128M), 0.0054318 secs]
[GC concurrent-root-region-scan-start]
[GC concurrent-root-region-scan-end, 0.0001306 secs]
[GC concurrent-mark-start]
[GC concurrent-mark-end, 0.0041698 secs]
Application time: 0.0041464 seconds
[GC remark, 0.0029379 secs]
Application time: 0.0000557 seconds
[GC cleanup 20M->20M(128M), 0.0002482 secs]
Application time: 0.7038929 seconds
[GC pause (G1 Humongous Allocation) (young)-- 89M->17M(128M), 0.0132144 secs]
Application time: 0.0474110 seconds
[GC pause (G1 Humongous Allocation) (mixed)-- 89M->16M(128M), 0.0123076 secs]
Application time: 0.2662890 seconds
[GC pause (G1 Humongous Allocation) (young) (initial-mark) 40M->16M(128M), 0.0047163 secs]
[GC concurrent-root-region-scan-start]
[GC concurrent-root-region-scan-end, 0.0000959 secs]
[GC concurrent-mark-start]
[GC concurrent-mark-end, 0.0042872 secs]
Application time: 0.0044513 seconds
[GC remark, 0.0024238 secs]
Application time: 0.0000443 seconds
[GC cleanup 16M->16M(128M), 0.0002233 secs]
[GC concurrent-cleanup-start]
[GC concurrent-cleanup-end, 0.0000095 secs]
Application time: 1.3968503 seconds
[GC pause (G1 Humongous Allocation) (young)-- 89M->17M(128M), 0.0117896 secs]
Application time: 0.6449304 seconds
[GC pause (G1 Humongous Allocation) (mixed)-- 89M->17M(128M), 0.0122140 secs]
Application time: 0.0139209 seconds
[GC pause (G1 Humongous Allocation) (young) (initial-mark) 41M->17M(128M), 0.0043158 secs]
[GC concurrent-root-region-scan-start]
[GC concurrent-root-region-scan-end, 0.0000926 secs]
[GC concurrent-mark-start]
[GC concurrent-mark-end, 0.0038761 secs]
Application time: 0.0040166 seconds
[GC remark, 0.0025390 secs]
Application time: 0.0000492 seconds
[GC cleanup 24M->24M(128M), 0.0001945 secs]
[GC concurrent-cleanup-start]
[GC concurrent-cleanup-end, 0.0000080 secs]
Application time: 0.5935705 seconds
[GC pause (G1 Humongous Allocation) (young)-- 89M->18M(128M), 0.0124181 secs]
Application time: 0.1138963 seconds
[GC pause (G1 Humongous Allocation) (mixed)-- 90M->18M(128M), 0.0119549 secs]
Application time: 0.0667996 seconds
[GC pause (G1 Humongous Allocation) (young) (initial-mark) 41M->18M(128M), 0.0048640 secs]
[GC concurrent-root-region-scan-start]
[GC concurrent-root-region-scan-end, 0.0000988 secs]
[GC concurrent-mark-start]
[GC concurrent-mark-end, 0.0042594 secs]
Application time: 0.0044272 seconds
[GC remark, 0.0027115 secs]
Application time: 0.0000385 seconds
[GC cleanup 18M->18M(128M), 0.0002428 secs]
Application time: 1.6093030 seconds
[GC pause (G1 Humongous Allocation) (young)-- 89M->19M(128M), 0.0124917 secs]
Application time: 0.8127557 seconds
[GC pause (G1 Humongous Allocation) (mixed)-- 89M->19M(128M), 0.0159935 secs]
Application time: 0.0162316 seconds
[GC pause (G1 Humongous Allocation) (young) (initial-mark) 40M->19M(128M), 0.0052552 secs]
[GC concurrent-root-region-scan-start]
[GC concurrent-root-region-scan-end, 0.0002109 secs]
[GC concurrent-mark-start]
[GC concurrent-mark-end, 0.0048419 secs]
Application time: 0.0051107 seconds
[GC remark, 0.0032485 secs]
Application time: 0.0000589 seconds
[GC cleanup 25M->24M(128M), 0.0002693 secs]
[GC concurrent-cleanup-start]
[GC concurrent-cleanup-end, 0.0000095 secs]
Application time: 0.6337766 seconds
[GC pause (G1 Humongous Allocation) (young)-- 89M->19M(128M), 0.0158348 secs]
Application time: 0.4751387 seconds
[GC pause (G1 Humongous Allocation) (mixed)-- 89M->19M(128M), 0.0142246 secs]
Application time: 0.0126430 seconds
[GC pause (G1 Humongous Allocation) (young) (initial-mark) 41M->19M(128M), 0.0051365 secs]
[GC concurrent-root-region-scan-start]
[GC concurrent-root-region-scan-end, 0.0000980 secs]
[GC concurrent-mark-start]
[GC concurrent-mark-end, 0.0041348 secs]
Application time: 0.0043095 seconds
[GC remark, 0.0032235 secs]
Application time: 0.0038554 seconds
[GC cleanup 19M->19M(128M), 0.0003480 secs]
[GC concurrent-cleanup-start]
[GC concurrent-cleanup-end, 0.0000140 secs]
Application time: 1.0204155 seconds
[GC pause (G1 Humongous Allocation) (young)-- 89M->20M(128M), 0.0133464 secs]
Application time: 1.1864028 seconds
[GC pause (G1 Humongous Allocation) (mixed)-- 90M->20M(128M), 0.0140507 secs]
Application time: 0.0179540 seconds
[GC pause (G1 Humongous Allocation) (young) (initial-mark) 41M->20M(128M), 0.0038036 secs]
[GC concurrent-root-region-scan-start]
[GC concurrent-root-region-scan-end, 0.0001060 secs]
[GC concurrent-mark-start]
[GC concurrent-mark-end, 0.0046801 secs]
Application time: 0.0046887 seconds
[GC remark, 0.0043456 secs]
Application time: 0.0000386 seconds
[GC cleanup 26M->25M(128M), 0.0003416 secs]
[GC concurrent-cleanup-start]
[GC concurrent-cleanup-end, 0.0000077 secs]
Application time: 0.1496759 seconds
[GC pause (G1 Humongous Allocation) (young)-- 89M->20M(128M), 0.0141514 secs]
Application time: 1.8478714 seconds
[GC pause (G1 Humongous Allocation) (mixed)-- 89M->18M(128M), 0.0139823 secs]
Application time: 0.6682719 seconds
[GC pause (G1 Humongous Allocation) (young) (initial-mark) 40M->18M(128M), 0.0133961 secs]
[GC concurrent-root-region-scan-start]
[GC concurrent-root-region-scan-end, 0.0001309 secs]
[GC concurrent-mark-start]
[GC concurrent-mark-end, 0.0061906 secs]
Application time: 0.0063848 seconds
[GC remark, 0.0047852 secs]
Application time: 0.0045245 seconds
[GC cleanup 19M->19M(128M), 0.0004402 secs]
Iteration 1 (120s) ends:   Tue May 15 23:43:38 GMT 2018
Iteration 1 (120s) result: 35.24 ops/m

Valid run!
Score on crypto.aes: 35.24 ops/m


--- --- --- --- --- --- --- --- ---

  Benchmark:   crypto.rsa
  Run mode:    timed run
  Test type:   multi
  Threads:     2
  Warmup:      60s
  Iterations:  1
  Run length:  120s

Warmup (60s) begins: Tue May 15 23:43:38 GMT 2018
Application time: 0.8379990 seconds
Application time: 0.0008657 seconds
Application time: 0.0110601 seconds
Application time: 0.7828112 seconds
[GC pause (G1 Evacuation Pause) (young)-- 110M->34M(128M), 0.0181444 secs]
Application time: 0.0809894 seconds
[GC pause (G1 Evacuation Pause) (mixed) 40M->25M(128M), 0.0011333 secs]
Application time: 0.0630827 seconds
[GC pause (G1 Evacuation Pause) (mixed) 30M->23M(128M), 0.0007203 secs]
Application time: 0.7347547 seconds
[GC pause (G1 Evacuation Pause) (young) 98M->23M(128M), 0.0009219 secs]
Application time: 0.7031705 seconds
[GC pause (G1 Evacuation Pause) (young) 98M->23M(128M), 0.0008150 secs]
Application time: 0.6708112 seconds
[GC pause (G1 Evacuation Pause) (young) 98M->23M(128M), 0.0008798 secs]
Application time: 0.4733912 seconds
[GC pause (G1 Evacuation Pause) (young) 98M->23M(128M), 0.0008582 secs]
Application time: 0.4778593 seconds
[GC pause (G1 Evacuation Pause) (young) 98M->23M(128M), 0.0008201 secs]
Application time: 0.4850160 seconds
[GC pause (G1 Evacuation Pause) (young) 98M->23M(128M), 0.0008753 secs]
Application time: 0.4614678 seconds
[GC pause (G1 Evacuation Pause) (young) 98M->23M(128M), 0.0008849 secs]
Application time: 0.4788618 seconds
[GC pause (G1 Evacuation Pause) (young) 98M->23M(128M), 0.0014570 secs]
Application time: 0.4900186 seconds
[GC pause (G1 Evacuation Pause) (young) 98M->23M(128M), 0.0011753 secs]
Application time: 0.4587594 seconds
[GC pause (G1 Evacuation Pause) (young) 98M->23M(128M), 0.0012265 secs]
Application time: 0.4284089 seconds
[GC pause (G1 Evacuation Pause) (young) 98M->23M(128M), 0.0011690 secs]
Application time: 0.4257949 seconds
[GC pause (G1 Evacuation Pause) (young) 98M->23M(128M), 0.0012240 secs]
Application time: 0.4309531 seconds
[GC pause (G1 Evacuation Pause) (young) 98M->23M(128M), 0.0011285 secs]
Application time: 0.4376103 seconds
[GC pause (G1 Evacuation Pause) (young) 98M->23M(128M), 0.0012233 secs]
Application time: 0.4359228 seconds
[GC pause (G1 Evacuation Pause) (young) 98M->23M(128M), 0.0017786 secs]
Application time: 0.4330238 seconds
[GC pause (G1 Evacuation Pause) (young) 98M->23M(128M), 0.0013843 secs]
Application time: 0.4289628 seconds
[GC pause (G1 Evacuation Pause) (young) 98M->23M(128M), 0.0013536 secs]
Application time: 0.4288738 seconds
[GC pause (G1 Evacuation Pause) (young) 98M->23M(128M), 0.0015996 secs]
Application time: 0.4294221 seconds
[GC pause (G1 Evacuation Pause) (young) 98M->23M(128M), 0.0013612 secs]
Application time: 0.4356306 seconds
[GC pause (G1 Evacuation Pause) (young) 98M->23M(128M), 0.0016774 secs]
Application time: 0.4304925 seconds
[GC pause (G1 Evacuation Pause) (young) 98M->23M(128M), 0.0017552 secs]
Application time: 0.4283248 seconds
[GC pause (G1 Evacuation Pause) (young) 98M->23M(128M), 0.0016345 secs]
Application time: 0.4529881 seconds
[GC pause (G1 Evacuation Pause) (young) 98M->23M(128M), 0.0014597 secs]
Application time: 0.4395672 seconds
[GC pause (G1 Evacuation Pause) (young) 98M->23M(128M), 0.0016664 secs]
Application time: 0.4777956 seconds
[GC pause (G1 Evacuation Pause) (young) 98M->23M(128M), 0.0013800 secs]
Application time: 0.4375927 seconds
[GC pause (G1 Evacuation Pause) (young) 98M->23M(128M), 0.0016616 secs]
Application time: 0.5274149 seconds
[GC pause (G1 Evacuation Pause) (young) 98M->23M(128M), 0.0013819 secs]
Application time: 0.4302128 seconds
[GC pause (G1 Evacuation Pause) (young) 98M->23M(128M), 0.0011619 secs]
Application time: 0.4389106 seconds
[GC pause (G1 Evacuation Pause) (young) 98M->23M(128M), 0.0011582 secs]
Application time: 0.5440238 seconds
[GC pause (G1 Evacuation Pause) (young) 98M->23M(128M), 0.0013573 secs]
Application time: 0.5046243 seconds
[GC pause (G1 Evacuation Pause) (young) 98M->23M(128M), 0.0013355 secs]
Application time: 0.4459291 seconds
[GC pause (G1 Evacuation Pause) (young) 98M->23M(128M), 0.0012202 secs]
Application time: 0.4600928 seconds
[GC pause (G1 Evacuation Pause) (young) 98M->23M(128M), 0.0009577 secs]
Application time: 0.4847461 seconds
[GC pause (G1 Evacuation Pause) (young) 98M->23M(128M), 0.0011563 secs]
Application time: 0.4991637 seconds
[GC pause (G1 Evacuation Pause) (young) 98M->23M(128M), 0.0011934 secs]
Application time: 0.4843615 seconds
[GC pause (G1 Evacuation Pause) (young) 98M->23M(128M), 0.0013015 secs]
Application time: 0.4759582 seconds
[GC pause (G1 Evacuation Pause) (young) 98M->23M(128M), 0.0011417 secs]
Application time: 0.4415379 seconds
[GC pause (G1 Evacuation Pause) (young) 98M->23M(128M), 0.0011536 secs]
Application time: 0.4440925 seconds
[GC pause (G1 Evacuation Pause) (young) 98M->23M(128M), 0.0011506 secs]
Application time: 0.4438589 seconds
[GC pause (G1 Evacuation Pause) (young) 98M->23M(128M), 0.0012495 secs]
Application time: 0.4443848 seconds
[GC pause (G1 Evacuation Pause) (young) 98M->23M(128M), 0.0012494 secs]
Application time: 0.4500121 seconds
[GC pause (G1 Evacuation Pause) (young) 98M->23M(128M), 0.0012153 secs]
Application time: 0.4311804 seconds
[GC pause (G1 Evacuation Pause) (young) 98M->23M(128M), 0.0011819 secs]
Application time: 0.4396272 seconds
[GC pause (G1 Evacuation Pause) (young) 98M->23M(128M), 0.0012352 secs]
Application time: 0.4662111 seconds
[GC pause (G1 Evacuation Pause) (young) 98M->23M(128M), 0.0012154 secs]
Application time: 0.4431943 seconds
[GC pause (G1 Evacuation Pause) (young) 98M->24M(128M), 0.0011270 secs]
Application time: 0.4358203 seconds
[GC pause (G1 Evacuation Pause) (young) 99M->23M(128M), 0.0011403 secs]
Application time: 0.4418308 seconds
[GC pause (G1 Evacuation Pause) (young) 98M->23M(128M), 0.0013936 secs]
Application time: 0.4795469 seconds
[GC pause (G1 Evacuation Pause) (young) 98M->24M(128M), 0.0009575 secs]
Application time: 0.4675240 seconds
[GC pause (G1 Evacuation Pause) (young) 99M->24M(128M), 0.0008880 secs]
Application time: 0.4956184 seconds
[GC pause (G1 Evacuation Pause) (young) 99M->24M(128M), 0.0013916 secs]
Application time: 0.4912191 seconds
[GC pause (G1 Evacuation Pause) (young) 99M->24M(128M), 0.0008799 secs]
Application time: 0.4685919 seconds
[GC pause (G1 Evacuation Pause) (young) 99M->24M(128M), 0.0010073 secs]
Application time: 0.4699471 seconds
[GC pause (G1 Evacuation Pause) (young) 99M->24M(128M), 0.0023095 secs]
Application time: 0.4672638 seconds
[GC pause (G1 Evacuation Pause) (young) 99M->24M(128M), 0.0009625 secs]
Application time: 0.4653548 seconds
[GC pause (G1 Evacuation Pause) (young) 99M->23M(128M), 0.0008894 secs]
Application time: 0.4747075 seconds
[GC pause (G1 Evacuation Pause) (young) 98M->24M(128M), 0.0008731 secs]
Application time: 0.4803014 seconds
[GC pause (G1 Evacuation Pause) (young) 99M->24M(128M), 0.0009572 secs]
Application time: 0.4605860 seconds
[GC pause (G1 Evacuation Pause) (young) 99M->24M(128M), 0.0010358 secs]
Application time: 0.4756258 seconds
[GC pause (G1 Evacuation Pause) (young) 99M->24M(128M), 0.0008912 secs]
Application time: 0.4695958 seconds
[GC pause (G1 Evacuation Pause) (young) 99M->24M(128M), 0.0008932 secs]
Application time: 0.4748104 seconds
[GC pause (G1 Evacuation Pause) (young) 99M->24M(128M), 0.0009194 secs]
Application time: 0.4691313 seconds
[GC pause (G1 Evacuation Pause) (young) 99M->24M(128M), 0.0009486 secs]
Application time: 0.4690771 seconds
[GC pause (G1 Evacuation Pause) (young) 99M->24M(128M), 0.0008862 secs]
Application time: 0.4662865 seconds
[GC pause (G1 Evacuation Pause) (young) 99M->24M(128M), 0.0009640 secs]
Application time: 0.4928465 seconds
[GC pause (G1 Evacuation Pause) (young) 99M->24M(128M), 0.0011562 secs]
Application time: 0.4822133 seconds
[GC pause (G1 Evacuation Pause) (young) 99M->24M(128M), 0.0011674 secs]
Application time: 0.4677994 seconds
[GC pause (G1 Evacuation Pause) (young) 99M->24M(128M), 0.0012420 secs]
Application time: 0.4352761 seconds
[GC pause (G1 Evacuation Pause) (young) 99M->24M(128M), 0.0011777 secs]
Application time: 0.4325895 seconds
[GC pause (G1 Evacuation Pause) (young) 99M->24M(128M), 0.0010927 secs]
Application time: 0.4374884 seconds
[GC pause (G1 Evacuation Pause) (young) 99M->24M(128M), 0.0011254 secs]
Application time: 0.4618169 seconds
[GC pause (G1 Evacuation Pause) (young) 99M->24M(128M), 0.0012210 secs]
Application time: 0.4869746 seconds
[GC pause (G1 Evacuation Pause) (young) 99M->24M(128M), 0.0012405 secs]
Application time: 0.4678752 seconds
[GC pause (G1 Evacuation Pause) (young) 99M->24M(128M), 0.0012497 secs]
Application time: 0.4331660 seconds
[GC pause (G1 Evacuation Pause) (young) 99M->24M(128M), 0.0011059 secs]
Application time: 0.4335461 seconds
[GC pause (G1 Evacuation Pause) (young) 99M->24M(128M), 0.0011364 secs]
Application time: 0.4503705 seconds
[GC pause (G1 Evacuation Pause) (young) 99M->24M(128M), 0.0008938 secs]
Application time: 0.4454318 seconds
[GC pause (G1 Evacuation Pause) (young) 99M->24M(128M), 0.0008330 secs]
Application time: 0.4465399 seconds
[GC pause (G1 Evacuation Pause) (young) 99M->24M(128M), 0.0009124 secs]
Application time: 0.4491205 seconds
[GC pause (G1 Evacuation Pause) (young) 99M->24M(128M), 0.0008567 secs]
Application time: 0.4449966 seconds
[GC pause (G1 Evacuation Pause) (young) 99M->24M(128M), 0.0013692 secs]
Application time: 0.4040833 seconds
[GC pause (G1 Evacuation Pause) (young) 99M->24M(128M), 0.0014269 secs]
Application time: 0.4004880 seconds
[GC pause (G1 Evacuation Pause) (young) 99M->24M(128M), 0.0012506 secs]
Application time: 0.3995102 seconds
[GC pause (G1 Evacuation Pause) (young) 99M->24M(128M), 0.0013889 secs]
Application time: 0.4037602 seconds
[GC pause (G1 Evacuation Pause) (young) 99M->24M(128M), 0.0014470 secs]
Application time: 0.4092437 seconds
[GC pause (G1 Evacuation Pause) (young) 99M->24M(128M), 0.0014143 secs]
Application time: 0.4014055 seconds
[GC pause (G1 Evacuation Pause) (young) 99M->24M(128M), 0.0012188 secs]
Application time: 0.4042233 seconds
[GC pause (G1 Evacuation Pause) (young) 99M->24M(128M), 0.0012430 secs]
Application time: 0.3972478 seconds
[GC pause (G1 Evacuation Pause) (young) 99M->24M(128M), 0.0013771 secs]
Application time: 0.4034055 seconds
[GC pause (G1 Evacuation Pause) (young) 99M->24M(128M), 0.0014052 secs]
Application time: 0.3991820 seconds
[GC pause (G1 Evacuation Pause) (young) 99M->24M(128M), 0.0012946 secs]
Application time: 0.4391740 seconds
[GC pause (G1 Evacuation Pause) (young) 99M->24M(128M), 0.0016178 secs]
Application time: 0.4343787 seconds
[GC pause (G1 Evacuation Pause) (young) 99M->24M(128M), 0.0013003 secs]
Application time: 0.3999080 seconds
[GC pause (G1 Evacuation Pause) (young) 99M->24M(128M), 0.0013285 secs]
Application time: 0.3977678 seconds
[GC pause (G1 Evacuation Pause) (young) 99M->24M(128M), 0.0010037 secs]
Application time: 0.4000282 seconds
[GC pause (G1 Evacuation Pause) (young) 99M->24M(128M), 0.0008836 secs]
Application time: 0.3986757 seconds
[GC pause (G1 Evacuation Pause) (young) 99M->24M(128M), 0.0008513 secs]
Application time: 0.4038329 seconds
[GC pause (G1 Evacuation Pause) (young) 99M->24M(128M), 0.0009616 secs]
Application time: 0.3999499 seconds
[GC pause (G1 Evacuation Pause) (young) 99M->24M(128M), 0.0008671 secs]
Application time: 0.4120279 seconds
[GC pause (G1 Evacuation Pause) (young) 99M->24M(128M), 0.0008948 secs]
Application time: 0.3988470 seconds
[GC pause (G1 Evacuation Pause) (young) 99M->24M(128M), 0.0008105 secs]
Application time: 0.4032561 seconds
[GC pause (G1 Evacuation Pause) (young) 99M->24M(128M), 0.0009231 secs]
Application time: 0.4043450 seconds
[GC pause (G1 Evacuation Pause) (young) 99M->24M(128M), 0.0008772 secs]
Application time: 0.4091982 seconds
[GC pause (G1 Evacuation Pause) (young) 99M->24M(128M), 0.0009502 secs]
Application time: 0.4064862 seconds
[GC pause (G1 Evacuation Pause) (young) 99M->24M(128M), 0.0008710 secs]
Application time: 0.4054407 seconds
[GC pause (G1 Evacuation Pause) (young) 99M->24M(128M), 0.0008067 secs]
Application time: 0.4015886 seconds
[GC pause (G1 Evacuation Pause) (young) 99M->24M(128M), 0.0007961 secs]
Application time: 0.4073988 seconds
[GC pause (G1 Evacuation Pause) (young) 99M->24M(128M), 0.0009149 secs]
Application time: 0.4198545 seconds
[GC pause (G1 Evacuation Pause) (young) 99M->24M(128M), 0.0009247 secs]
Application time: 0.4216499 seconds
[GC pause (G1 Evacuation Pause) (young) 99M->24M(128M), 0.0009607 secs]
Application time: 0.4177826 seconds
[GC pause (G1 Evacuation Pause) (young) 99M->24M(128M), 0.0009820 secs]
Application time: 0.4386610 seconds
[GC pause (G1 Evacuation Pause) (young) 99M->24M(128M), 0.0009280 secs]
Application time: 0.4297571 seconds
[GC pause (G1 Evacuation Pause) (young) 99M->24M(128M), 0.0009241 secs]
Application time: 0.4230042 seconds
[GC pause (G1 Evacuation Pause) (young) 99M->24M(128M), 0.0009599 secs]
Application time: 0.4150961 seconds
[GC pause (G1 Evacuation Pause) (young) 99M->24M(128M), 0.0008949 secs]
Application time: 0.4561520 seconds
[GC pause (G1 Evacuation Pause) (young) 99M->24M(128M), 0.0008596 secs]
Application time: 0.4669128 seconds
[GC pause (G1 Evacuation Pause) (young) 99M->24M(128M), 0.0009777 secs]
Application time: 0.4556648 seconds
[GC pause (G1 Evacuation Pause) (young) 99M->24M(128M), 0.0009071 secs]
Application time: 0.4659156 seconds
[GC pause (G1 Evacuation Pause) (young) 99M->24M(128M), 0.0009157 secs]
Application time: 0.4644942 seconds
[GC pause (G1 Evacuation Pause) (young) 99M->24M(128M), 0.0009193 secs]
Application time: 0.4598980 seconds
[GC pause (G1 Evacuation Pause) (young) 99M->24M(128M), 0.0008609 secs]
Application time: 0.4668991 seconds
[GC pause (G1 Evacuation Pause) (young) 99M->24M(128M), 0.0011256 secs]
Application time: 0.4525012 seconds
[GC pause (G1 Evacuation Pause) (young) 99M->24M(128M), 0.0008439 secs]
Application time: 0.4526880 seconds
[GC pause (G1 Evacuation Pause) (young) 99M->24M(128M), 0.0009666 secs]
Application time: 0.4516534 seconds
[GC pause (G1 Evacuation Pause) (young) 99M->24M(128M), 0.0009165 secs]
Application time: 0.4546944 seconds
[GC pause (G1 Evacuation Pause) (young) 99M->24M(128M), 0.0009223 secs]
Application time: 0.4569936 seconds
[GC pause (G1 Evacuation Pause) (young) 99M->24M(128M), 0.0009221 secs]
Application time: 0.4583972 seconds
[GC pause (G1 Evacuation Pause) (young) 99M->24M(128M), 0.0008926 secs]
Application time: 0.4856638 seconds
[GC pause (G1 Evacuation Pause) (young) 99M->24M(128M), 0.0012718 secs]
Application time: 0.4845124 seconds
[GC pause (G1 Evacuation Pause) (young) 99M->24M(128M), 0.0011784 secs]
Warmup (60s) ends:   Tue May 15 23:44:38 GMT 2018
Warmup (60s) result: 626.77 ops/m

Iteration 1 (120s) begins: Tue May 15 23:44:38 GMT 2018
Application time: 0.1636201 seconds
Application time: 0.3866406 seconds
[GC pause (G1 Evacuation Pause) (young) 99M->24M(128M), 0.0012518 secs]
Application time: 0.4859119 seconds
[GC pause (G1 Evacuation Pause) (young) 99M->24M(128M), 0.0012379 secs]
Application time: 0.4784451 seconds
[GC pause (G1 Evacuation Pause) (young) 99M->24M(128M), 0.0012997 secs]
Application time: 0.4882879 seconds
[GC pause (G1 Evacuation Pause) (young) 99M->24M(128M), 0.0013082 secs]
Application time: 0.4921916 seconds
[GC pause (G1 Evacuation Pause) (young) 99M->24M(128M), 0.0012656 secs]
Application time: 0.5017355 seconds
[GC pause (G1 Evacuation Pause) (young) 99M->24M(128M), 0.0012458 secs]
Application time: 0.5255105 seconds
[GC pause (G1 Evacuation Pause) (young) 99M->24M(128M), 0.0008922 secs]
Application time: 0.5033520 seconds
[GC pause (G1 Evacuation Pause) (young) 99M->24M(128M), 0.0009211 secs]
Application time: 0.5061667 seconds
[GC pause (G1 Evacuation Pause) (young) 99M->24M(128M), 0.0009410 secs]
Application time: 0.4991918 seconds
[GC pause (G1 Evacuation Pause) (young) 99M->24M(128M), 0.0008666 secs]
Application time: 0.4435989 seconds
[GC pause (G1 Evacuation Pause) (young) 99M->24M(128M), 0.0008560 secs]
Application time: 0.4569089 seconds
[GC pause (G1 Evacuation Pause) (young) 99M->24M(128M), 0.0008836 secs]
Application time: 0.4472383 seconds
[GC pause (G1 Evacuation Pause) (young) 99M->24M(128M), 0.0009378 secs]
Application time: 0.4662268 seconds
[GC pause (G1 Evacuation Pause) (young) 99M->24M(128M), 0.0009809 secs]
Application time: 0.4738443 seconds
[GC pause (G1 Evacuation Pause) (young) 99M->24M(128M), 0.0013027 secs]
Application time: 0.4532663 seconds
[GC pause (G1 Evacuation Pause) (young) 99M->24M(128M), 0.0013320 secs]
Application time: 0.4688600 seconds
[GC pause (G1 Evacuation Pause) (young) 99M->24M(128M), 0.0010284 secs]
Application time: 0.4622448 seconds
[GC pause (G1 Evacuation Pause) (young) 99M->24M(128M), 0.0009542 secs]
Application time: 0.4679015 seconds
[GC pause (G1 Evacuation Pause) (young) 99M->24M(128M), 0.0009468 secs]
Application time: 0.4528704 seconds
[GC pause (G1 Evacuation Pause) (young) 99M->24M(128M), 0.0009535 secs]
Application time: 0.4447065 seconds
[GC pause (G1 Evacuation Pause) (young) 99M->24M(128M), 0.0009158 secs]
Application time: 0.4453002 seconds
[GC pause (G1 Evacuation Pause) (young) 99M->24M(128M), 0.0008631 secs]
Application time: 0.4466331 seconds
[GC pause (G1 Evacuation Pause) (young) 99M->24M(128M), 0.0009422 secs]
Application time: 0.4541798 seconds
[GC pause (G1 Evacuation Pause) (young) 99M->24M(128M), 0.0009649 secs]
Application time: 0.4534753 seconds
[GC pause (G1 Evacuation Pause) (young) 99M->24M(128M), 0.0009332 secs]
Application time: 0.4527930 seconds
[GC pause (G1 Evacuation Pause) (young) 99M->24M(128M), 0.0009134 secs]
Application time: 0.4540307 seconds
[GC pause (G1 Evacuation Pause) (young) 99M->24M(128M), 0.0008787 secs]
Application time: 0.5107626 seconds
[GC pause (G1 Evacuation Pause) (young) 99M->24M(128M), 0.0014063 secs]
Application time: 0.5111135 seconds
[GC pause (G1 Evacuation Pause) (young) 99M->24M(128M), 0.0011923 secs]
Application time: 0.5093622 seconds
[GC pause (G1 Evacuation Pause) (young) 99M->24M(128M), 0.0013231 secs]
Application time: 0.5098697 seconds
[GC pause (G1 Evacuation Pause) (young) 99M->24M(128M), 0.0013661 secs]
Application time: 0.5181025 seconds
[GC pause (G1 Evacuation Pause) (young) 99M->24M(128M), 0.0009910 secs]
Application time: 0.5098747 seconds
[GC pause (G1 Evacuation Pause) (young) 99M->24M(128M), 0.0009209 secs]
Application time: 0.5046346 seconds
[GC pause (G1 Evacuation Pause) (young) 99M->24M(128M), 0.0008719 secs]
Application time: 0.5274679 seconds
[GC pause (G1 Evacuation Pause) (young) 99M->24M(128M), 0.0011727 secs]
Application time: 0.5150599 seconds
[GC pause (G1 Evacuation Pause) (young) 99M->24M(128M), 0.0012998 secs]
Application time: 0.5180549 seconds
[GC pause (G1 Evacuation Pause) (young) 99M->24M(128M), 0.0011891 secs]
Application time: 0.5148710 seconds
[GC pause (G1 Evacuation Pause) (young) 99M->24M(128M), 0.0011314 secs]
Application time: 0.5106413 seconds
[GC pause (G1 Evacuation Pause) (young) 99M->24M(128M), 0.0009155 secs]
Application time: 0.5080774 seconds
[GC pause (G1 Evacuation Pause) (young) 99M->24M(128M), 0.0012039 secs]
Application time: 0.4886815 seconds
[GC pause (G1 Evacuation Pause) (young) 99M->24M(128M), 0.0012361 secs]
Application time: 0.4610386 seconds
[GC pause (G1 Evacuation Pause) (young) 99M->24M(128M), 0.0010980 secs]
Application time: 0.4491979 seconds
[GC pause (G1 Evacuation Pause) (young) 99M->24M(128M), 0.0011851 secs]
Application time: 0.4449413 seconds
[GC pause (G1 Evacuation Pause) (young) 99M->24M(128M), 0.0011531 secs]
Application time: 0.4748454 seconds
[GC pause (G1 Evacuation Pause) (young) 99M->24M(128M), 0.0008864 secs]
Application time: 0.4858123 seconds
[GC pause (G1 Evacuation Pause) (young) 99M->24M(128M), 0.0009312 secs]
Application time: 0.4996731 seconds
[GC pause (G1 Evacuation Pause) (young) 99M->24M(128M), 0.0009068 secs]
Application time: 0.4728617 seconds
[GC pause (G1 Evacuation Pause) (young) 99M->24M(128M), 0.0009675 secs]
Application time: 0.4671782 seconds
[GC pause (G1 Evacuation Pause) (young) 99M->24M(128M), 0.0009191 secs]
Application time: 0.4675946 seconds
[GC pause (G1 Evacuation Pause) (young) 99M->24M(128M), 0.0009639 secs]
Application time: 0.4714029 seconds
[GC pause (G1 Evacuation Pause) (young) 99M->24M(128M), 0.0008661 secs]
Application time: 0.4659300 seconds
[GC pause (G1 Evacuation Pause) (young) 99M->24M(128M), 0.0009311 secs]
Application time: 0.4798929 seconds
[GC pause (G1 Evacuation Pause) (young) 99M->24M(128M), 0.0008452 secs]
Application time: 0.4607817 seconds
[GC pause (G1 Evacuation Pause) (young) 99M->24M(128M), 0.0008962 secs]
Application time: 0.4664299 seconds
[GC pause (G1 Evacuation Pause) (young) 99M->24M(128M), 0.0009010 secs]
Application time: 0.4751182 seconds
[GC pause (G1 Evacuation Pause) (young) 99M->24M(128M), 0.0013052 secs]
Application time: 0.4866222 seconds
[GC pause (G1 Evacuation Pause) (young) 99M->24M(128M), 0.0012065 secs]
Application time: 0.4576579 seconds
[GC pause (G1 Evacuation Pause) (young) 99M->24M(128M), 0.0011673 secs]
Application time: 0.4385495 seconds
[GC pause (G1 Evacuation Pause) (young) 99M->24M(128M), 0.0011488 secs]
Application time: 0.4427748 seconds
[GC pause (G1 Evacuation Pause) (young) 99M->24M(128M), 0.0011800 secs]
Application time: 0.4811336 seconds
[GC pause (G1 Evacuation Pause) (young) 99M->24M(128M), 0.0011035 secs]
Application time: 0.4300434 seconds
[GC pause (G1 Evacuation Pause) (young) 99M->24M(128M), 0.0012701 secs]
Application time: 0.4497625 seconds
[GC pause (G1 Evacuation Pause) (young) 99M->24M(128M), 0.0012359 secs]
Application time: 0.4889183 seconds
[GC pause (G1 Evacuation Pause) (young) 99M->24M(128M), 0.0012682 secs]
Application time: 0.5094815 seconds
[GC pause (G1 Evacuation Pause) (young) 99M->24M(128M), 0.0013826 secs]
Application time: 0.4871810 seconds
[GC pause (G1 Evacuation Pause) (young) 99M->24M(128M), 0.0012875 secs]
Application time: 0.5055612 seconds
[GC pause (G1 Evacuation Pause) (young) 99M->24M(128M), 0.0008686 secs]
Application time: 0.5146864 seconds
[GC pause (G1 Evacuation Pause) (young) 99M->24M(128M), 0.0012624 secs]
Application time: 0.4960123 seconds
[GC pause (G1 Evacuation Pause) (young) 99M->24M(128M), 0.0013180 secs]
Application time: 0.4873122 seconds
[GC pause (G1 Evacuation Pause) (young) 99M->24M(128M), 0.0011717 secs]
Application time: 0.4890277 seconds
[GC pause (G1 Evacuation Pause) (young) 99M->24M(128M), 0.0012957 secs]
Application time: 0.4844731 seconds
[GC pause (G1 Evacuation Pause) (young) 99M->24M(128M), 0.0012418 secs]
Application time: 0.4860838 seconds
[GC pause (G1 Evacuation Pause) (young) 99M->24M(128M), 0.0012406 secs]
Application time: 0.4866306 seconds
[GC pause (G1 Evacuation Pause) (young) 99M->24M(128M), 0.0012353 secs]
Application time: 0.4854488 seconds
[GC pause (G1 Evacuation Pause) (young) 99M->24M(128M), 0.0011512 secs]
Application time: 0.4834424 seconds
[GC pause (G1 Evacuation Pause) (young) 99M->24M(128M), 0.0012153 secs]
Application time: 0.4749595 seconds
[GC pause (G1 Evacuation Pause) (young) 99M->24M(128M), 0.0012134 secs]
Application time: 0.4815403 seconds
[GC pause (G1 Evacuation Pause) (young) 99M->24M(128M), 0.0011491 secs]
Application time: 0.4942322 seconds
[GC pause (G1 Evacuation Pause) (young) 99M->24M(128M), 0.0011631 secs]
Application time: 0.4600413 seconds
[GC pause (G1 Evacuation Pause) (young) 99M->24M(128M), 0.0008840 secs]
Application time: 0.4516803 seconds
[GC pause (G1 Evacuation Pause) (young) 99M->24M(128M), 0.0008409 secs]
Application time: 0.4630483 seconds
[GC pause (G1 Evacuation Pause) (young) 99M->24M(128M), 0.0009310 secs]
Application time: 0.4754182 seconds
[GC pause (G1 Evacuation Pause) (young) 99M->24M(128M), 0.0010515 secs]
Application time: 0.4647937 seconds
[GC pause (G1 Evacuation Pause) (young) 99M->24M(128M), 0.0010018 secs]
Application time: 0.4721594 seconds
[GC pause (G1 Evacuation Pause) (young) 99M->24M(128M), 0.0008735 secs]
Application time: 0.4883140 seconds
[GC pause (G1 Evacuation Pause) (young) 99M->24M(128M), 0.0009794 secs]
Application time: 0.4793318 seconds
[GC pause (G1 Evacuation Pause) (young) 99M->24M(128M), 0.0009593 secs]
Application time: 0.4630811 seconds
[GC pause (G1 Evacuation Pause) (young) 99M->24M(128M), 0.0010111 secs]
Application time: 0.4822749 seconds
[GC pause (G1 Evacuation Pause) (young) 99M->24M(128M), 0.0013041 secs]
Application time: 0.4843928 seconds
[GC pause (G1 Evacuation Pause) (young) 99M->24M(128M), 0.0009185 secs]
Application time: 0.4748056 seconds
[GC pause (G1 Evacuation Pause) (young) 99M->24M(128M), 0.0010658 secs]
Application time: 0.4729338 seconds
[GC pause (G1 Evacuation Pause) (young) 99M->24M(128M), 0.0009320 secs]
Application time: 0.4701153 seconds
[GC pause (G1 Evacuation Pause) (young) 99M->24M(128M), 0.0009653 secs]
Application time: 0.4703094 seconds
[GC pause (G1 Evacuation Pause) (young) 99M->24M(128M), 0.0008963 secs]
Application time: 0.4846221 seconds
[GC pause (G1 Evacuation Pause) (young) 99M->24M(128M), 0.0012011 secs]
Application time: 0.4993325 seconds
[GC pause (G1 Evacuation Pause) (young) 99M->24M(128M), 0.0012040 secs]
Application time: 0.5114761 seconds
[GC pause (G1 Evacuation Pause) (young) 99M->24M(128M), 0.0009539 secs]
Application time: 0.4897981 seconds
[GC pause (G1 Evacuation Pause) (young) 99M->24M(128M), 0.0008884 secs]
Application time: 0.4943204 seconds
[GC pause (G1 Evacuation Pause) (young) 99M->24M(128M), 0.0009272 secs]
Application time: 0.4944330 seconds
[GC pause (G1 Evacuation Pause) (young) 99M->24M(128M), 0.0008954 secs]
Application time: 0.4888025 seconds
[GC pause (G1 Evacuation Pause) (young) 99M->24M(128M), 0.0013320 secs]
Application time: 0.4673389 seconds
[GC pause (G1 Evacuation Pause) (young) 99M->24M(128M), 0.0012576 secs]
Application time: 0.4448784 seconds
[GC pause (G1 Evacuation Pause) (young) 99M->24M(128M), 0.0010480 secs]
Application time: 0.4543359 seconds
[GC pause (G1 Evacuation Pause) (young) 99M->24M(128M), 0.0008635 secs]
Application time: 0.4472830 seconds
[GC pause (G1 Evacuation Pause) (young) 99M->24M(128M), 0.0008718 secs]
Application time: 0.4491450 seconds
[GC pause (G1 Evacuation Pause) (young) 99M->24M(128M), 0.0008351 secs]
Application time: 0.5068865 seconds
[GC pause (G1 Evacuation Pause) (young) 99M->24M(128M), 0.0011809 secs]
Application time: 0.5123616 seconds
[GC pause (G1 Evacuation Pause) (young) 99M->24M(128M), 0.0012493 secs]
Application time: 0.5128889 seconds
[GC pause (G1 Evacuation Pause) (young) 99M->24M(128M), 0.0013488 secs]
Application time: 0.5185539 seconds
[GC pause (G1 Evacuation Pause) (young) 99M->24M(128M), 0.0012752 secs]
Application time: 0.5124068 seconds
[GC pause (G1 Evacuation Pause) (young) 99M->24M(128M), 0.0012814 secs]
Application time: 0.5231466 seconds
[GC pause (G1 Evacuation Pause) (young) 99M->24M(128M), 0.0018151 secs]
Application time: 0.5449590 seconds
[GC pause (G1 Evacuation Pause) (young) 99M->24M(128M), 0.0012055 secs]
Application time: 0.5082699 seconds
[GC pause (G1 Evacuation Pause) (young) 99M->24M(128M), 0.0012493 secs]
Application time: 0.5100135 seconds
[GC pause (G1 Evacuation Pause) (young) 99M->24M(128M), 0.0012776 secs]
Application time: 0.5157907 seconds
[GC pause (G1 Evacuation Pause) (young) 99M->24M(128M), 0.0012719 secs]
Application time: 0.5110177 seconds
[GC pause (G1 Evacuation Pause) (young) 99M->24M(128M), 0.0012253 secs]
Application time: 0.5072357 seconds
[GC pause (G1 Evacuation Pause) (young) 99M->24M(128M), 0.0012880 secs]
Application time: 0.5086926 seconds
[GC pause (G1 Evacuation Pause) (young) 99M->24M(128M), 0.0012194 secs]
Application time: 0.5074486 seconds
[GC pause (G1 Evacuation Pause) (young) 99M->24M(128M), 0.0012052 secs]
Application time: 0.5072089 seconds
[GC pause (G1 Evacuation Pause) (young) 99M->24M(128M), 0.0012614 secs]
Application time: 0.5168984 seconds
[GC pause (G1 Evacuation Pause) (young) 99M->24M(128M), 0.0009073 secs]
Application time: 0.5519451 seconds
[GC pause (G1 Evacuation Pause) (young) 99M->24M(128M), 0.0012397 secs]
Application time: 0.5068515 seconds
[GC pause (G1 Evacuation Pause) (young) 99M->24M(128M), 0.0012907 secs]
Application time: 0.4879591 seconds
[GC pause (G1 Evacuation Pause) (young) 99M->24M(128M), 0.0012031 secs]
Application time: 0.4880742 seconds
[GC pause (G1 Evacuation Pause) (young) 99M->24M(128M), 0.0013678 secs]
Application time: 0.4928518 seconds
[GC pause (G1 Evacuation Pause) (young) 99M->24M(128M), 0.0010012 secs]
Application time: 0.4879161 seconds
[GC pause (G1 Evacuation Pause) (young) 99M->24M(128M), 0.0009302 secs]
Application time: 0.4972368 seconds
[GC pause (G1 Evacuation Pause) (young) 99M->24M(128M), 0.0009660 secs]
Application time: 0.5137285 seconds
[GC pause (G1 Evacuation Pause) (young) 99M->24M(128M), 0.0013500 secs]
Application time: 0.5132402 seconds
[GC pause (G1 Evacuation Pause) (young) 99M->24M(128M), 0.0012127 secs]
Application time: 0.5065280 seconds
[GC pause (G1 Evacuation Pause) (young) 99M->24M(128M), 0.0011634 secs]
Application time: 0.5073847 seconds
[GC pause (G1 Evacuation Pause) (young) 99M->24M(128M), 0.0009364 secs]
Application time: 0.4900225 seconds
[GC pause (G1 Evacuation Pause) (young) 99M->24M(128M), 0.0009505 secs]
Application time: 0.4942368 seconds
[GC pause (G1 Evacuation Pause) (young) 99M->24M(128M), 0.0009726 secs]
Application time: 0.4923543 seconds
[GC pause (G1 Evacuation Pause) (young) 99M->24M(128M), 0.0010318 secs]
Application time: 0.4867994 seconds
[GC pause (G1 Evacuation Pause) (young) 99M->24M(128M), 0.0009029 secs]
Application time: 0.4886957 seconds
[GC pause (G1 Evacuation Pause) (young) 99M->24M(128M), 0.0009306 secs]
Application time: 0.4854755 seconds
[GC pause (G1 Evacuation Pause) (young) 99M->24M(128M), 0.0009286 secs]
Application time: 0.4838944 seconds
[GC pause (G1 Evacuation Pause) (young) 99M->24M(128M), 0.0008854 secs]
Application time: 0.4876529 seconds
[GC pause (G1 Evacuation Pause) (young) 99M->24M(128M), 0.0010040 secs]
Application time: 0.5249134 seconds
[GC pause (G1 Evacuation Pause) (young) 99M->24M(128M), 0.0012377 secs]
Application time: 0.4996428 seconds
[GC pause (G1 Evacuation Pause) (young) 99M->24M(128M), 0.0009571 secs]
Application time: 0.4869544 seconds
[GC pause (G1 Evacuation Pause) (young) 99M->24M(128M), 0.0009556 secs]
Application time: 0.4858542 seconds
[GC pause (G1 Evacuation Pause) (young) 99M->24M(128M), 0.0009651 secs]
Application time: 0.4899116 seconds
[GC pause (G1 Evacuation Pause) (young) 99M->24M(128M), 0.0010235 secs]
Application time: 0.4864510 seconds
[GC pause (G1 Evacuation Pause) (young) 99M->24M(128M), 0.0010282 secs]
Application time: 0.4881591 seconds
[GC pause (G1 Evacuation Pause) (young) 99M->24M(128M), 0.0009510 secs]
Application time: 0.4908060 seconds
[GC pause (G1 Evacuation Pause) (young) 99M->24M(128M), 0.0010335 secs]
Application time: 0.4911878 seconds
[GC pause (G1 Evacuation Pause) (young) 99M->24M(128M), 0.0013231 secs]
Application time: 0.4910060 seconds
[GC pause (G1 Evacuation Pause) (young) 99M->24M(128M), 0.0012291 secs]
Application time: 0.5040525 seconds
[GC pause (G1 Evacuation Pause) (young) 99M->24M(128M), 0.0009852 secs]
Application time: 0.5065927 seconds
[GC pause (G1 Evacuation Pause) (young) 99M->24M(128M), 0.0009638 secs]
Application time: 0.5155496 seconds
[GC pause (G1 Evacuation Pause) (young) 99M->24M(128M), 0.0010090 secs]
Application time: 0.5074706 seconds
[GC pause (G1 Evacuation Pause) (young) 99M->24M(128M), 0.0009205 secs]
Application time: 0.5060437 seconds
[GC pause (G1 Evacuation Pause) (young) 99M->24M(128M), 0.0009524 secs]
Application time: 0.5495466 seconds
[GC pause (G1 Evacuation Pause) (young) 99M->24M(128M), 0.0014130 secs]
Application time: 0.4893399 seconds
[GC pause (G1 Evacuation Pause) (young) 99M->24M(128M), 0.0011919 secs]
Application time: 0.4830907 seconds
[GC pause (G1 Evacuation Pause) (young) 99M->24M(128M), 0.0012357 secs]
Application time: 0.4857926 seconds
[GC pause (G1 Evacuation Pause) (young) 99M->24M(128M), 0.0011423 secs]
Application time: 0.4876060 seconds
[GC pause (G1 Evacuation Pause) (young) 99M->24M(128M), 0.0013011 secs]
Application time: 0.4803706 seconds
[GC pause (G1 Evacuation Pause) (young) 99M->24M(128M), 0.0012425 secs]
Application time: 0.4764185 seconds
[GC pause (G1 Evacuation Pause) (young) 99M->24M(128M), 0.0011701 secs]
Application time: 0.4455412 seconds
[GC pause (G1 Evacuation Pause) (young) 99M->24M(128M), 0.0011443 secs]
Application time: 0.4298888 seconds
[GC pause (G1 Evacuation Pause) (young) 99M->24M(128M), 0.0011541 secs]
Application time: 0.4593655 seconds
[GC pause (G1 Evacuation Pause) (young) 99M->24M(128M), 0.0009493 secs]
Application time: 0.4518804 seconds
[GC pause (G1 Evacuation Pause) (young) 99M->24M(128M), 0.0009335 secs]
Application time: 0.4452676 seconds
[GC pause (G1 Evacuation Pause) (young) 99M->24M(128M), 0.0008415 secs]
Application time: 0.4419388 seconds
[GC pause (G1 Evacuation Pause) (young) 99M->24M(128M), 0.0009747 secs]
Application time: 0.4486391 seconds
[GC pause (G1 Evacuation Pause) (young) 99M->24M(128M), 0.0008676 secs]
Application time: 0.4664810 seconds
[GC pause (G1 Evacuation Pause) (young) 99M->24M(128M), 0.0011453 secs]
Application time: 0.4497028 seconds
[GC pause (G1 Evacuation Pause) (young) 99M->24M(128M), 0.0012445 secs]
Application time: 0.4591623 seconds
[GC pause (G1 Evacuation Pause) (young) 99M->24M(128M), 0.0011758 secs]
Application time: 0.4595534 seconds
[GC pause (G1 Evacuation Pause) (young) 99M->24M(128M), 0.0012741 secs]
Application time: 0.4468890 seconds
[GC pause (G1 Evacuation Pause) (young) 99M->24M(128M), 0.0012365 secs]
Application time: 0.4485145 seconds
[GC pause (G1 Evacuation Pause) (young) 99M->24M(128M), 0.0011499 secs]
Application time: 0.4673402 seconds
[GC pause (G1 Evacuation Pause) (young) 99M->24M(128M), 0.0008679 secs]
Application time: 0.5155619 seconds
[GC pause (G1 Evacuation Pause) (young) 99M->24M(128M), 0.0009296 secs]
Application time: 0.5077049 seconds
[GC pause (G1 Evacuation Pause) (young) 99M->24M(128M), 0.0009210 secs]
Application time: 0.5241350 seconds
[GC pause (G1 Evacuation Pause) (young) 99M->24M(128M), 0.0012561 secs]
Application time: 0.5083378 seconds
[GC pause (G1 Evacuation Pause) (young) 99M->24M(128M), 0.0013078 secs]
Application time: 0.5117058 seconds
[GC pause (G1 Evacuation Pause) (young) 99M->24M(128M), 0.0013274 secs]
Application time: 0.5179023 seconds
[GC pause (G1 Evacuation Pause) (young) 99M->24M(128M), 0.0012929 secs]
Application time: 0.5107063 seconds
[GC pause (G1 Evacuation Pause) (young) 99M->24M(128M), 0.0014475 secs]
Application time: 0.5077555 seconds
[GC pause (G1 Evacuation Pause) (young) 99M->24M(128M), 0.0012650 secs]
Application time: 0.5095496 seconds
[GC pause (G1 Evacuation Pause) (young) 99M->24M(128M), 0.0012578 secs]
Application time: 0.5104676 seconds
[GC pause (G1 Evacuation Pause) (young) 99M->24M(128M), 0.0012959 secs]
Application time: 0.4963195 seconds
[GC pause (G1 Evacuation Pause) (young) 99M->24M(128M), 0.0009679 secs]
Application time: 0.4868041 seconds
[GC pause (G1 Evacuation Pause) (young) 99M->24M(128M), 0.0008639 secs]
Application time: 0.4898365 seconds
[GC pause (G1 Evacuation Pause) (young) 99M->24M(128M), 0.0010029 secs]
Application time: 0.4850218 seconds
[GC pause (G1 Evacuation Pause) (young) 99M->24M(128M), 0.0009761 secs]
Application time: 0.4980297 seconds
[GC pause (G1 Evacuation Pause) (young) 99M->24M(128M), 0.0009448 secs]
Application time: 0.4937725 seconds
[GC pause (G1 Evacuation Pause) (young) 99M->24M(128M), 0.0009388 secs]
Application time: 0.4837242 seconds
[GC pause (G1 Evacuation Pause) (young) 99M->24M(128M), 0.0009396 secs]
Application time: 0.4867779 seconds
[GC pause (G1 Evacuation Pause) (young) 99M->24M(128M), 0.0009160 secs]
Application time: 0.4984505 seconds
[GC pause (G1 Evacuation Pause) (young) 99M->24M(128M), 0.0009249 secs]
Application time: 0.4852277 seconds
[GC pause (G1 Evacuation Pause) (young) 99M->24M(128M), 0.0009331 secs]
Application time: 0.4598446 seconds
[GC pause (G1 Evacuation Pause) (young) 99M->24M(128M), 0.0009936 secs]
Application time: 0.4753589 seconds
[GC pause (G1 Evacuation Pause) (young) 99M->24M(128M), 0.0010354 secs]
Application time: 0.4660877 seconds
[GC pause (G1 Evacuation Pause) (young) 99M->24M(128M), 0.0008728 secs]
Application time: 0.4641862 seconds
[GC pause (G1 Evacuation Pause) (young) 99M->24M(128M), 0.0008501 secs]
Application time: 0.4647951 seconds
[GC pause (G1 Evacuation Pause) (young) 99M->24M(128M), 0.0009261 secs]
Application time: 0.4667782 seconds
[GC pause (G1 Evacuation Pause) (young) 99M->24M(128M), 0.0009450 secs]
Application time: 0.4657376 seconds
[GC pause (G1 Evacuation Pause) (young) 99M->24M(128M), 0.0009985 secs]
Application time: 0.4717172 seconds
[GC pause (G1 Evacuation Pause) (young) 99M->24M(128M), 0.0010100 secs]
Application time: 0.4610159 seconds
[GC pause (G1 Evacuation Pause) (young) 99M->24M(128M), 0.0009042 secs]
Application time: 0.4667866 seconds
[GC pause (G1 Evacuation Pause) (young) 99M->24M(128M), 0.0018167 secs]
Application time: 0.4861912 seconds
[GC pause (G1 Evacuation Pause) (young) 99M->24M(128M), 0.0012857 secs]
Application time: 0.4854044 seconds
[GC pause (G1 Evacuation Pause) (young) 99M->24M(128M), 0.0012741 secs]
Application time: 0.4719742 seconds
[GC pause (G1 Evacuation Pause) (young) 99M->24M(128M), 0.0009837 secs]
Application time: 0.4863075 seconds
[GC pause (G1 Evacuation Pause) (young) 99M->24M(128M), 0.0009814 secs]
Application time: 0.4910295 seconds
[GC pause (G1 Evacuation Pause) (young) 99M->24M(128M), 0.0013414 secs]
Application time: 0.5177816 seconds
[GC pause (G1 Evacuation Pause) (young) 99M->24M(128M), 0.0010975 secs]
Application time: 0.5338677 seconds
[GC pause (G1 Evacuation Pause) (young) 99M->24M(128M), 0.0009345 secs]
Application time: 0.5226861 seconds
[GC pause (G1 Evacuation Pause) (young) 99M->24M(128M), 0.0012200 secs]
Application time: 0.5133253 seconds
[GC pause (G1 Evacuation Pause) (young) 99M->24M(128M), 0.0009862 secs]
Application time: 0.5077441 seconds
[GC pause (G1 Evacuation Pause) (young) 99M->24M(128M), 0.0009910 secs]
Application time: 0.5099660 seconds
[GC pause (G1 Evacuation Pause) (young) 99M->24M(128M), 0.0009705 secs]
Application time: 0.5052958 seconds
[GC pause (G1 Evacuation Pause) (young) 99M->24M(128M), 0.0009161 secs]
Application time: 0.5065526 seconds
[GC pause (G1 Evacuation Pause) (young) 99M->24M(128M), 0.0010297 secs]
Application time: 0.5053927 seconds
[GC pause (G1 Evacuation Pause) (young) 99M->24M(128M), 0.0008941 secs]
Application time: 0.5123528 seconds
[GC pause (G1 Evacuation Pause) (young) 99M->24M(128M), 0.0009447 secs]
Application time: 0.5120182 seconds
[GC pause (G1 Evacuation Pause) (young) 99M->24M(128M), 0.0009235 secs]
Application time: 0.5115397 seconds
[GC pause (G1 Evacuation Pause) (young) 99M->24M(128M), 0.0008946 secs]
Application time: 0.5301619 seconds
[GC pause (G1 Evacuation Pause) (young) 99M->24M(128M), 0.0013844 secs]
Application time: 0.5148572 seconds
[GC pause (G1 Evacuation Pause) (young) 99M->24M(128M), 0.0013209 secs]
Application time: 0.5055041 seconds
[GC pause (G1 Evacuation Pause) (young) 99M->24M(128M), 0.0012565 secs]
Application time: 0.4964243 seconds
[GC pause (G1 Evacuation Pause) (young) 99M->24M(128M), 0.0012654 secs]
Application time: 0.4961057 seconds
[GC pause (G1 Evacuation Pause) (young) 99M->24M(128M), 0.0012626 secs]
Application time: 0.4790011 seconds
[GC pause (G1 Evacuation Pause) (young) 99M->24M(128M), 0.0012838 secs]
Application time: 0.4870239 seconds
[GC pause (G1 Evacuation Pause) (young) 99M->24M(128M), 0.0009243 secs]
Application time: 0.4865899 seconds
[GC pause (G1 Evacuation Pause) (young) 99M->24M(128M), 0.0009363 secs]
Application time: 0.4858226 seconds
[GC pause (G1 Evacuation Pause) (young) 99M->24M(128M), 0.0009503 secs]
Application time: 0.5000332 seconds
[GC pause (G1 Evacuation Pause) (young) 99M->24M(128M), 0.0009794 secs]
Application time: 0.5109511 seconds
[GC pause (G1 Evacuation Pause) (young) 99M->24M(128M), 0.0009699 secs]
Application time: 0.5439716 seconds
[GC pause (G1 Evacuation Pause) (young) 99M->24M(128M), 0.0008718 secs]
Application time: 0.4892422 seconds
[GC pause (G1 Evacuation Pause) (young) 99M->24M(128M), 0.0009876 secs]
Application time: 0.4884394 seconds
[GC pause (G1 Evacuation Pause) (young) 99M->24M(128M), 0.0009630 secs]
Application time: 0.4873052 seconds
[GC pause (G1 Evacuation Pause) (young) 99M->24M(128M), 0.0009966 secs]
Application time: 0.4843885 seconds
[GC pause (G1 Evacuation Pause) (young) 99M->24M(128M), 0.0009713 secs]
Application time: 0.4866045 seconds
[GC pause (G1 Evacuation Pause) (young) 99M->24M(128M), 0.0009565 secs]
Application time: 0.4839685 seconds
[GC pause (G1 Evacuation Pause) (young) 99M->24M(128M), 0.0010174 secs]
Application time: 0.5222126 seconds
[GC pause (G1 Evacuation Pause) (young) 99M->24M(128M), 0.0009226 secs]
Application time: 0.4889482 seconds
[GC pause (G1 Evacuation Pause) (young) 99M->24M(128M), 0.0009246 secs]
Application time: 0.4857284 seconds
[GC pause (G1 Evacuation Pause) (young) 99M->24M(128M), 0.0010791 secs]
Iteration 1 (120s) ends:   Tue May 15 23:46:38 GMT 2018
Iteration 1 (120s) result: 586.40 ops/m

Valid run!
Score on crypto.rsa: 586.40 ops/m


--- --- --- --- --- --- --- --- ---

  Benchmark:   crypto.signverify
  Run mode:    timed run
  Test type:   multi
  Threads:     2
  Warmup:      60s
  Iterations:  1
  Run length:  120s
Application time: 0.3442989 seconds

Warmup (60s) begins: Tue May 15 23:46:39 GMT 2018
Application time: 0.0007909 seconds
Application time: 0.0001680 seconds
Application time: 0.0019945 seconds
Application time: 0.4372256 seconds
[GC pause (G1 Humongous Allocation) (young) (initial-mark) 74M->26M(128M), 0.0049516 secs]
[GC concurrent-root-region-scan-start]
[GC concurrent-root-region-scan-end, 0.0002687 secs]
[GC concurrent-mark-start]
[GC concurrent-mark-end, 0.0057044 secs]
Application time: 0.0088877 seconds
[GC remark, 0.0029828 secs]
Application time: 0.0069696 seconds
[GC cleanup 28M->24M(128M), 0.0002694 secs]
[GC concurrent-cleanup-start]
[GC concurrent-cleanup-end, 0.0000123 secs]
Application time: 0.0074770 seconds
Application time: 0.0008205 seconds
Application time: 0.0096068 seconds
Application time: 0.0000405 seconds
Application time: 0.0000229 seconds
Application time: 0.3520626 seconds
[GC pause (G1 Humongous Allocation) (young) 70M->23M(128M), 0.0131581 secs]
Application time: 0.3201023 seconds
[GC pause (G1 Humongous Allocation) (mixed) 71M->10M(128M), 0.0130080 secs]
Application time: 0.3855438 seconds
[GC pause (G1 Evacuation Pause) (mixed) 66M->9430K(128M), 0.0181261 secs]
Application time: 0.1454174 seconds
[GC pause (G1 Humongous Allocation) (young) (initial-mark) 33M->9417K(128M), 0.0087836 secs]
[GC concurrent-root-region-scan-start]
[GC concurrent-root-region-scan-end, 0.0006056 secs]
[GC concurrent-mark-start]
[GC concurrent-mark-end, 0.0054167 secs]
Application time: 0.0061170 seconds
[GC remark, 0.0039674 secs]
Application time: 0.0050544 seconds
[GC cleanup 11M->11M(128M), 0.0003064 secs]
Application time: 0.3827515 seconds
[GC pause (G1 Humongous Allocation) (young) 67M->9342K(128M), 0.0186031 secs]
Application time: 0.1576368 seconds
[GC pause (G1 Humongous Allocation) (young) (initial-mark) 34M->9359K(128M), 0.0086221 secs]
[GC concurrent-root-region-scan-start]
[GC concurrent-root-region-scan-end, 0.0004038 secs]
[GC concurrent-mark-start]
[GC concurrent-mark-end, 0.0114897 secs]
Application time: 0.0119763 seconds
[GC remark, 0.0037645 secs]
Application time: 0.0000714 seconds
[GC cleanup 12M->12M(128M), 0.0002762 secs]
Application time: 0.3558113 seconds
[GC pause (G1 Humongous Allocation) (young) 67M->9348K(128M), 0.0188548 secs]
Application time: 0.1461881 seconds
[GC pause (G1 Humongous Allocation) (young) (initial-mark) 34M->9431K(128M), 0.0098278 secs]
[GC concurrent-root-region-scan-start]
[GC concurrent-root-region-scan-end, 0.0002552 secs]
[GC concurrent-mark-start]
[GC concurrent-mark-end, 0.0048099 secs]
Application time: 0.0051332 seconds
[GC remark, 0.0034973 secs]
Application time: 0.0026559 seconds
[GC cleanup 11M->11M(128M), 0.0002744 secs]
Application time: 0.3935815 seconds
[GC pause (G1 Humongous Allocation) (young) 67M->8349K(128M), 0.0183597 secs]
Application time: 0.1523159 seconds
[GC pause (G1 Humongous Allocation) (young) (initial-mark) 34M->8373K(128M), 0.0093621 secs]
[GC concurrent-root-region-scan-start]
[GC concurrent-root-region-scan-end, 0.0002513 secs]
[GC concurrent-mark-start]
[GC concurrent-mark-end, 0.0043303 secs]
Application time: 0.0046707 seconds
[GC remark, 0.0033663 secs]
Application time: 0.0039844 seconds
[GC cleanup 10M->10M(128M), 0.0003053 secs]
Application time: 0.3906825 seconds
[GC pause (G1 Humongous Allocation) (young) 67M->9395K(128M), 0.0186774 secs]
Application time: 0.1562996 seconds
[GC pause (G1 Humongous Allocation) (young) (initial-mark) 34M->9396K(128M), 0.0083978 secs]
[GC concurrent-root-region-scan-start]
[GC concurrent-root-region-scan-end, 0.0002609 secs]
[GC concurrent-mark-start]
[GC concurrent-mark-end, 0.0124368 secs]
Application time: 0.0127574 seconds
[GC remark, 0.0037222 secs]
Application time: 0.0000637 seconds
[GC cleanup 12M->12M(128M), 0.0002819 secs]
Application time: 0.3544523 seconds
[GC pause (G1 Humongous Allocation) (young) 68M->9419K(128M), 0.0182615 secs]
Application time: 0.1418870 seconds
[GC pause (G1 Humongous Allocation) (young) (initial-mark) 34M->9427K(128M), 0.0082604 secs]
[GC concurrent-root-region-scan-start]
[GC concurrent-root-region-scan-end, 0.0002649 secs]
[GC concurrent-mark-start]
[GC concurrent-mark-end, 0.0043492 secs]
Application time: 0.0083313 seconds
[GC remark, 0.0037955 secs]
Application time: 0.0006644 seconds
[GC cleanup 11M->11M(128M), 0.0002743 secs]
Application time: 0.3356903 seconds
[GC pause (G1 Humongous Allocation) (young) 67M->9433K(128M), 0.0180867 secs]
Application time: 0.1460630 seconds
[GC pause (G1 Humongous Allocation) (young) (initial-mark) 34M->9445K(128M), 0.0084675 secs]
[GC concurrent-root-region-scan-start]
[GC concurrent-root-region-scan-end, 0.0001238 secs]
[GC concurrent-mark-start]
[GC concurrent-mark-end, 0.0054122 secs]
Application time: 0.0054307 seconds
[GC remark, 0.0037063 secs]
Application time: 0.0052765 seconds
[GC cleanup 10M->10M(128M), 0.0003555 secs]
Application time: 0.3299972 seconds
[GC pause (G1 Humongous Allocation) (young) 67M->9426K(128M), 0.0182011 secs]
Application time: 0.1447236 seconds
[GC pause (G1 Humongous Allocation) (young) (initial-mark) 33M->9423K(128M), 0.0084874 secs]
[GC concurrent-root-region-scan-start]
[GC concurrent-root-region-scan-end, 0.0002165 secs]
[GC concurrent-mark-start]
[GC concurrent-mark-end, 0.0074823 secs]
Application time: 0.0077632 seconds
[GC remark, 0.0038544 secs]
Application time: 0.0132216 seconds
[GC cleanup 11M->11M(128M), 0.0003375 secs]
Application time: 0.3516742 seconds
[GC pause (G1 Humongous Allocation) (young) 68M->9416K(128M), 0.0187236 secs]
Application time: 0.1438560 seconds
[GC pause (G1 Humongous Allocation) (young) (initial-mark) 33M->9423K(128M), 0.0085831 secs]
[GC concurrent-root-region-scan-start]
[GC concurrent-root-region-scan-end, 0.0008346 secs]
[GC concurrent-mark-start]
[GC concurrent-mark-end, 0.0083790 secs]
Application time: 0.0092765 seconds
[GC remark, 0.0037009 secs]
Application time: 0.0000607 seconds
[GC cleanup 11M->11M(128M), 0.0002608 secs]
Application time: 0.3632765 seconds
[GC pause (G1 Humongous Allocation) (young) 68M->9429K(128M), 0.0160686 secs]
Application time: 0.1602109 seconds
[GC pause (G1 Humongous Allocation) (young) (initial-mark) 33M->8404K(128M), 0.0068641 secs]
[GC concurrent-root-region-scan-start]
[GC concurrent-root-region-scan-end, 0.0001292 secs]
[GC concurrent-mark-start]
[GC concurrent-mark-end, 0.0045931 secs]
Application time: 0.0077251 seconds
[GC remark, 0.0032693 secs]
Application time: 0.0000396 seconds
[GC cleanup 8916K->8916K(128M), 0.0002506 secs]
Application time: 0.4039279 seconds
[GC pause (G1 Humongous Allocation) (young) 68M->9430K(128M), 0.0173384 secs]
Application time: 0.1477394 seconds
[GC pause (G1 Humongous Allocation) (young) (initial-mark) 33M->9434K(128M), 0.0065951 secs]
[GC concurrent-root-region-scan-start]
[GC concurrent-root-region-scan-end, 0.0000931 secs]
[GC concurrent-mark-start]
[GC concurrent-mark-end, 0.0047039 secs]
Application time: 0.0048740 seconds
[GC remark, 0.0029497 secs]
Application time: 0.0000330 seconds
[GC cleanup 9434K->9434K(128M), 0.0002464 secs]
Application time: 0.3462547 seconds
[GC pause (G1 Humongous Allocation) (young) 67M->9434K(128M), 0.0148968 secs]
Application time: 0.1484789 seconds
[GC pause (G1 Humongous Allocation) (young) (initial-mark) 33M->9439K(128M), 0.0066477 secs]
[GC concurrent-root-region-scan-start]
[GC concurrent-root-region-scan-end, 0.0001373 secs]
[GC concurrent-mark-start]
[GC concurrent-mark-end, 0.0050567 secs]
Application time: 0.0052679 seconds
[GC remark, 0.0030151 secs]
Application time: 0.0000399 seconds
[GC cleanup 10M->10M(128M), 0.0001931 secs]
Application time: 0.3593233 seconds
[GC pause (G1 Humongous Allocation) (young) 67M->9437K(128M), 0.0147712 secs]
Application time: 0.1481371 seconds
[GC pause (G1 Humongous Allocation) (young) (initial-mark) 34M->9441K(128M), 0.0067879 secs]
[GC concurrent-root-region-scan-start]
[GC concurrent-root-region-scan-end, 0.0001368 secs]
[GC concurrent-mark-start]
[GC concurrent-mark-end, 0.0051683 secs]
Application time: 0.0053524 seconds
[GC remark, 0.0028019 secs]
Application time: 0.0000403 seconds
[GC cleanup 12M->12M(128M), 0.0002034 secs]
Application time: 0.3644692 seconds
[GC pause (G1 Humongous Allocation) (young) 67M->9444K(128M), 0.0152283 secs]
Application time: 0.1538591 seconds
[GC pause (G1 Humongous Allocation) (young) (initial-mark) 34M->9448K(128M), 0.0068736 secs]
[GC concurrent-root-region-scan-start]
[GC concurrent-root-region-scan-end, 0.0001447 secs]
[GC concurrent-mark-start]
[GC concurrent-mark-end, 0.0047572 secs]
Application time: 0.0049469 seconds
[GC remark, 0.0029839 secs]
Application time: 0.0000428 seconds
[GC cleanup 11M->11M(128M), 0.0002039 secs]
Application time: 0.3629294 seconds
[GC pause (G1 Humongous Allocation) (young) 67M->8424K(128M), 0.0178629 secs]
Application time: 0.1540404 seconds
[GC pause (G1 Humongous Allocation) (young) (initial-mark) 34M->9448K(128M), 0.0084603 secs]
[GC concurrent-root-region-scan-start]
[GC concurrent-root-region-scan-end, 0.0002512 secs]
[GC concurrent-mark-start]
[GC concurrent-mark-end, 0.0144026 secs]
Application time: 0.0147065 seconds
[GC remark, 0.0036811 secs]
Application time: 0.0000676 seconds
[GC cleanup 12M->12M(128M), 0.0003127 secs]
Application time: 0.3462322 seconds
[GC pause (G1 Humongous Allocation) (young) 67M->9450K(128M), 0.0179429 secs]
Application time: 0.1490700 seconds
[GC pause (G1 Humongous Allocation) (young) (initial-mark) 34M->9452K(128M), 0.0080070 secs]
[GC concurrent-root-region-scan-start]
[GC concurrent-root-region-scan-end, 0.0001532 secs]
[GC concurrent-mark-start]
[GC concurrent-mark-end, 0.0098729 secs]
Application time: 0.0100745 seconds
[GC remark, 0.0035074 secs]
Application time: 0.0000688 seconds
[GC cleanup 12M->12M(128M), 0.0003589 secs]
Application time: 0.3490404 seconds
[GC pause (G1 Humongous Allocation) (young) 67M->9452K(128M), 0.0178860 secs]
Application time: 0.1536999 seconds
[GC pause (G1 Humongous Allocation) (young) (initial-mark) 33M->9455K(128M), 0.0086578 secs]
[GC concurrent-root-region-scan-start]
[GC concurrent-root-region-scan-end, 0.0002315 secs]
[GC concurrent-mark-start]
[GC concurrent-mark-end, 0.0046613 secs]
Application time: 0.0049684 seconds
[GC remark, 0.0035281 secs]
Application time: 0.0038649 seconds
[GC cleanup 11M->11M(128M), 0.0002566 secs]
Application time: 0.3456194 seconds
[GC pause (G1 Humongous Allocation) (young) 67M->9457K(128M), 0.0182034 secs]
Application time: 0.1424617 seconds
[GC pause (G1 Humongous Allocation) (young) (initial-mark) 34M->9459K(128M), 0.0082596 secs]
[GC concurrent-root-region-scan-start]
[GC concurrent-root-region-scan-end, 0.0002025 secs]
[GC concurrent-mark-start]
[GC concurrent-mark-end, 0.0048834 secs]
Application time: 0.0051312 seconds
[GC remark, 0.0034442 secs]
Application time: 0.0022893 seconds
[GC cleanup 11M->11M(128M), 0.0003152 secs]
Application time: 0.3498530 seconds
[GC pause (G1 Humongous Allocation) (young) 68M->9461K(128M), 0.0189293 secs]
Application time: 0.1487495 seconds
[GC pause (G1 Humongous Allocation) (young) (initial-mark) 33M->9462K(128M), 0.0082582 secs]
[GC concurrent-root-region-scan-start]
[GC concurrent-root-region-scan-end, 0.0001425 secs]
[GC concurrent-mark-start]
[GC concurrent-mark-end, 0.0045672 secs]
Application time: 0.0047605 seconds
[GC remark, 0.0032992 secs]
Application time: 0.0000505 seconds
[GC cleanup 11M->11M(128M), 0.0002550 secs]
Application time: 0.3598271 seconds
[GC pause (G1 Humongous Allocation) (young) 67M->8442K(128M), 0.0180786 secs]
Application time: 0.1463787 seconds
[GC pause (G1 Humongous Allocation) (young) (initial-mark) 34M->9467K(128M), 0.0085227 secs]
[GC concurrent-root-region-scan-start]
[GC concurrent-root-region-scan-end, 0.0001108 secs]
[GC concurrent-mark-start]
[GC concurrent-mark-end, 0.0054428 secs]
Application time: 0.0056046 seconds
[GC remark, 0.0036400 secs]
Application time: 0.0000556 seconds
[GC cleanup 11M->11M(128M), 0.0002799 secs]
Application time: 0.3640338 seconds
[GC pause (G1 Humongous Allocation) (young) 67M->8461K(128M), 0.0182771 secs]
Application time: 0.1514666 seconds
[GC pause (G1 Humongous Allocation) (young) (initial-mark) 33M->9474K(128M), 0.0087354 secs]
[GC concurrent-root-region-scan-start]
[GC concurrent-root-region-scan-end, 0.0001766 secs]
[GC concurrent-mark-start]
[GC concurrent-mark-end, 0.0047161 secs]
Application time: 0.0049450 seconds
[GC remark, 0.0034368 secs]
Application time: 0.0056294 seconds
[GC cleanup 11M->11M(128M), 0.0002921 secs]
Application time: 0.3658487 seconds
[GC pause (G1 Humongous Allocation) (young) 67M->9476K(128M), 0.0182213 secs]
Application time: 0.1485808 seconds
[GC pause (G1 Humongous Allocation) (young) (initial-mark) 34M->9479K(128M), 0.0083628 secs]
[GC concurrent-root-region-scan-start]
[GC concurrent-root-region-scan-end, 0.0001713 secs]
[GC concurrent-mark-start]
[GC concurrent-mark-end, 0.0048608 secs]
Application time: 0.0100267 seconds
[GC remark, 0.0037747 secs]
Application time: 0.0000415 seconds
[GC cleanup 11M->11M(128M), 0.0002842 secs]
Application time: 0.3776081 seconds
[GC pause (G1 Humongous Allocation) (young) 67M->9481K(128M), 0.0185736 secs]
Application time: 0.1557207 seconds
[GC pause (G1 Humongous Allocation) (young) (initial-mark) 34M->9484K(128M), 0.0085067 secs]
[GC concurrent-root-region-scan-start]
[GC concurrent-root-region-scan-end, 0.0002396 secs]
[GC concurrent-mark-start]
[GC concurrent-mark-end, 0.0049597 secs]
Application time: 0.0052778 seconds
[GC remark, 0.0040454 secs]
Application time: 0.0000415 seconds
[GC cleanup 10M->10M(128M), 0.0002672 secs]
Application time: 0.3608062 seconds
[GC pause (G1 Humongous Allocation) (young) 67M->9486K(128M), 0.0183946 secs]
Application time: 0.1687905 seconds
[GC pause (G1 Humongous Allocation) (young) (initial-mark) 33M->9486K(128M), 0.0071185 secs]
[GC concurrent-root-region-scan-start]
[GC concurrent-root-region-scan-end, 0.0002044 secs]
[GC concurrent-mark-start]
[GC concurrent-mark-end, 0.0140563 secs]
Application time: 0.0142760 seconds
[GC remark, 0.0030136 secs]
Application time: 0.0000898 seconds
[GC cleanup 10M->10M(128M), 0.0002342 secs]
Application time: 0.3887981 seconds
[GC pause (G1 Humongous Allocation) (young) 67M->9486K(128M), 0.0151676 secs]
Application time: 0.1556153 seconds
[GC pause (G1 Humongous Allocation) (young) (initial-mark) 34M->9491K(128M), 0.0067859 secs]
[GC concurrent-root-region-scan-start]
[GC concurrent-root-region-scan-end, 0.0001789 secs]
[GC concurrent-mark-start]
[GC concurrent-mark-end, 0.0053802 secs]
Application time: 0.0056179 seconds
[GC remark, 0.0028424 secs]
Application time: 0.0000363 seconds
[GC cleanup 10M->10M(128M), 0.0002444 secs]
Application time: 0.3624905 seconds
[GC pause (G1 Humongous Allocation) (young) 67M->9489K(128M), 0.0151585 secs]
Application time: 0.1614771 seconds
[GC pause (G1 Humongous Allocation) (young) (initial-mark) 33M->9491K(128M), 0.0074003 secs]
[GC concurrent-root-region-scan-start]
[GC concurrent-root-region-scan-end, 0.0002341 secs]
[GC concurrent-mark-start]
[GC concurrent-mark-end, 0.0135906 secs]
Application time: 0.0138407 seconds
[GC remark, 0.0029257 secs]
Application time: 0.0000517 seconds
[GC cleanup 12M->12M(128M), 0.0002315 secs]
Application time: 0.3652941 seconds
[GC pause (G1 Humongous Allocation) (young) 68M->9499K(128M), 0.0148382 secs]
Application time: 0.1562884 seconds
[GC pause (G1 Humongous Allocation) (young) (initial-mark) 33M->9504K(128M), 0.0067835 secs]
[GC concurrent-root-region-scan-start]
[GC concurrent-root-region-scan-end, 0.0001957 secs]
[GC concurrent-mark-start]
[GC concurrent-mark-end, 0.0053459 secs]
Application time: 0.0055391 seconds
[GC remark, 0.0027431 secs]
Application time: 0.0000300 seconds
[GC cleanup 10M->10M(128M), 0.0002524 secs]
Application time: 0.3867883 seconds
[GC pause (G1 Humongous Allocation) (young) 67M->9504K(128M), 0.0147186 secs]
Application time: 0.1522724 seconds
[GC pause (G1 Humongous Allocation) (young) (initial-mark) 34M->9504K(128M), 0.0068897 secs]
[GC concurrent-root-region-scan-start]
[GC concurrent-root-region-scan-end, 0.0001625 secs]
[GC concurrent-mark-start]
[GC concurrent-mark-end, 0.0056433 secs]
Application time: 0.0058648 seconds
[GC remark, 0.0029033 secs]
Application time: 0.0000363 seconds
[GC cleanup 10M->10M(128M), 0.0002294 secs]
Application time: 0.3680908 seconds
[GC pause (G1 Humongous Allocation) (young) 68M->9506K(128M), 0.0146783 secs]
Application time: 0.1520924 seconds
[GC pause (G1 Humongous Allocation) (young) (initial-mark) 33M->9507K(128M), 0.0067135 secs]
[GC concurrent-root-region-scan-start]
[GC concurrent-root-region-scan-end, 0.0001828 secs]
[GC concurrent-mark-start]
[GC concurrent-mark-end, 0.0055740 secs]
Application time: 0.0057975 seconds
[GC remark, 0.0029825 secs]
Application time: 0.0000418 seconds
[GC cleanup 10M->10M(128M), 0.0002170 secs]
Application time: 0.3708484 seconds
[GC pause (G1 Humongous Allocation) (young) 67M->9511K(128M), 0.0148194 secs]
Application time: 0.1547247 seconds
[GC pause (G1 Humongous Allocation) (young) (initial-mark) 34M->9512K(128M), 0.0066559 secs]
[GC concurrent-root-region-scan-start]
[GC concurrent-root-region-scan-end, 0.0001457 secs]
[GC concurrent-mark-start]
[GC concurrent-mark-end, 0.0053671 secs]
Application time: 0.0055180 seconds
[GC remark, 0.0029309 secs]
Application time: 0.0073490 seconds
[GC cleanup 12M->12M(128M), 0.0002516 secs]
Application time: 0.3972272 seconds
[GC pause (G1 Humongous Allocation) (young) 67M->8510K(128M), 0.0141658 secs]
Application time: 0.1447893 seconds
[GC pause (G1 Humongous Allocation) (young) (initial-mark) 33M->9520K(128M), 0.0067686 secs]
[GC concurrent-root-region-scan-start]
[GC concurrent-root-region-scan-end, 0.0001597 secs]
[GC concurrent-mark-start]
[GC concurrent-mark-end, 0.0054619 secs]
Application time: 0.0056705 seconds
[GC remark, 0.0029343 secs]
Application time: 0.0000375 seconds
[GC cleanup 10M->10M(128M), 0.0003041 secs]
Application time: 0.3545378 seconds
[GC pause (G1 Humongous Allocation) (young) 68M->9523K(128M), 0.0142592 secs]
Application time: 0.1530809 seconds
[GC pause (G1 Humongous Allocation) (young) (initial-mark) 34M->9526K(128M), 0.0066228 secs]
[GC concurrent-root-region-scan-start]
[GC concurrent-root-region-scan-end, 0.0001575 secs]
[GC concurrent-mark-start]
[GC concurrent-mark-end, 0.0053085 secs]
Application time: 0.0088682 seconds
[GC remark, 0.0027574 secs]
Application time: 0.0000616 seconds
[GC cleanup 11M->11M(128M), 0.0002138 secs]
Application time: 0.3458009 seconds
[GC pause (G1 Humongous Allocation) (young) 67M->9524K(128M), 0.0142964 secs]
Application time: 0.1505702 seconds
[GC pause (G1 Humongous Allocation) (young) (initial-mark) 34M->9529K(128M), 0.0064350 secs]
[GC concurrent-root-region-scan-start]
[GC concurrent-root-region-scan-end, 0.0001498 secs]
[GC concurrent-mark-start]
[GC concurrent-mark-end, 0.0054873 secs]
Application time: 0.0056903 seconds
[GC remark, 0.0027675 secs]
Application time: 0.0000452 seconds
[GC cleanup 12M->12M(128M), 0.0002016 secs]
Application time: 0.3597041 seconds
[GC pause (G1 Humongous Allocation) (young) 68M->8522K(128M), 0.0146479 secs]
Application time: 0.1498349 seconds
[GC pause (G1 Humongous Allocation) (young) (initial-mark) 33M->9532K(128M), 0.0071111 secs]
[GC concurrent-root-region-scan-start]
[GC concurrent-root-region-scan-end, 0.0001469 secs]
[GC concurrent-mark-start]
[GC concurrent-mark-end, 0.0054908 secs]
Application time: 0.0077060 seconds
[GC remark, 0.0028304 secs]
Application time: 0.0000434 seconds
[GC cleanup 10M->10M(128M), 0.0002240 secs]
Application time: 0.3544496 seconds
[GC pause (G1 Humongous Allocation) (young) 67M->8509K(128M), 0.0145063 secs]
Application time: 0.1513857 seconds
[GC pause (G1 Humongous Allocation) (young) (initial-mark) 34M->9535K(128M), 0.0067525 secs]
[GC concurrent-root-region-scan-start]
[GC concurrent-root-region-scan-end, 0.0001264 secs]
[GC concurrent-mark-start]
[GC concurrent-mark-end, 0.0054520 secs]
Application time: 0.0056191 seconds
[GC remark, 0.0026726 secs]
Application time: 0.0000374 seconds
[GC cleanup 11M->11M(128M), 0.0001890 secs]
Application time: 0.3489920 seconds
[GC pause (G1 Humongous Allocation) (young) 67M->9538K(128M), 0.0140816 secs]
Application time: 0.1467176 seconds
[GC pause (G1 Humongous Allocation) (young) (initial-mark) 34M->9540K(128M), 0.0065226 secs]
[GC concurrent-root-region-scan-start]
[GC concurrent-root-region-scan-end, 0.0001734 secs]
[GC concurrent-mark-start]
[GC concurrent-mark-end, 0.0053115 secs]
Application time: 0.0055258 seconds
[GC remark, 0.0028593 secs]
Application time: 0.0000399 seconds
[GC cleanup 11M->11M(128M), 0.0002175 secs]
Application time: 0.3617913 seconds
[GC pause (G1 Humongous Allocation) (young) 67M->9543K(128M), 0.0143192 secs]
Application time: 0.1469703 seconds
[GC pause (G1 Humongous Allocation) (young) (initial-mark) 34M->9545K(128M), 0.0064516 secs]
[GC concurrent-root-region-scan-start]
[GC concurrent-root-region-scan-end, 0.0001453 secs]
[GC concurrent-mark-start]
[GC concurrent-mark-end, 0.0053545 secs]
Application time: 0.0055404 seconds
[GC remark, 0.0026188 secs]
Application time: 0.0000498 seconds
[GC cleanup 11M->11M(128M), 0.0002200 secs]
Application time: 0.3566853 seconds
[GC pause (G1 Humongous Allocation) (young) 67M->9548K(128M), 0.0143209 secs]
Application time: 0.1405594 seconds
[GC pause (G1 Humongous Allocation) (young) (initial-mark) 33M->9552K(128M), 0.0065650 secs]
[GC concurrent-root-region-scan-start]
[GC concurrent-root-region-scan-end, 0.0001586 secs]
[GC concurrent-mark-start]
[GC concurrent-mark-end, 0.0057944 secs]
Application time: 0.0060260 seconds
[GC remark, 0.0070335 secs]
Application time: 0.0000388 seconds
[GC cleanup 10M->10M(128M), 0.0004418 secs]
Application time: 0.3593617 seconds
[GC pause (G1 Humongous Allocation) (young) 68M->9550K(128M), 0.0191097 secs]
Application time: 0.1525464 seconds
[GC pause (G1 Humongous Allocation) (young) (initial-mark) 34M->9553K(128M), 0.0066400 secs]
[GC concurrent-root-region-scan-start]
[GC concurrent-root-region-scan-end, 0.0001649 secs]
[GC concurrent-mark-start]
[GC concurrent-mark-end, 0.0055407 secs]
Application time: 0.0089693 seconds
[GC remark, 0.0029499 secs]
Application time: 0.0000363 seconds
[GC cleanup 11M->11M(128M), 0.0002293 secs]
Application time: 0.3590048 seconds
[GC pause (G1 Humongous Allocation) (young) 67M->9555K(128M), 0.0142507 secs]
Application time: 0.1486198 seconds
[GC pause (G1 Humongous Allocation) (young) (initial-mark) 34M->9555K(128M), 0.0065441 secs]
[GC concurrent-root-region-scan-start]
[GC concurrent-root-region-scan-end, 0.0001667 secs]
[GC concurrent-mark-start]
[GC concurrent-mark-end, 0.0055173 secs]
Application time: 0.0057295 seconds
[GC remark, 0.0033629 secs]
Application time: 0.0000409 seconds
[GC cleanup 10M->10M(128M), 0.0002596 secs]
Application time: 0.3551992 seconds
[GC pause (G1 Humongous Allocation) (young) 68M->9555K(128M), 0.0138555 secs]
Application time: 0.1415141 seconds
[GC pause (G1 Humongous Allocation) (young) (initial-mark) 33M->9558K(128M), 0.0066728 secs]
[GC concurrent-root-region-scan-start]
[GC concurrent-root-region-scan-end, 0.0001501 secs]
[GC concurrent-mark-start]
[GC concurrent-mark-end, 0.0053766 secs]
Application time: 0.0055642 seconds
[GC remark, 0.0025879 secs]
Application time: 0.0000535 seconds
[GC cleanup 10M->10M(128M), 0.0001924 secs]
Application time: 0.3906854 seconds
[GC pause (G1 Humongous Allocation) (young) 67M->9558K(128M), 0.0180663 secs]
Application time: 0.1585841 seconds
[GC pause (G1 Humongous Allocation) (young) (initial-mark) 33M->9560K(128M), 0.0085003 secs]
[GC concurrent-root-region-scan-start]
[GC concurrent-root-region-scan-end, 0.0001610 secs]
[GC concurrent-mark-start]
[GC concurrent-mark-end, 0.0054327 secs]
Application time: 0.0085024 seconds
[GC remark, 0.0033682 secs]
Application time: 0.0000498 seconds
[GC cleanup 12M->12M(128M), 0.0002318 secs]
Application time: 0.3993052 seconds
[GC pause (G1 Humongous Allocation) (young) 68M->9564K(128M), 0.0192582 secs]
Application time: 0.1580864 seconds
[GC pause (G1 Humongous Allocation) (young) (initial-mark) 34M->9565K(128M), 0.0080879 secs]
[GC concurrent-root-region-scan-start]
[GC concurrent-root-region-scan-end, 0.0001702 secs]
[GC concurrent-mark-start]
[GC concurrent-mark-end, 0.0056191 secs]
Application time: 0.0058500 seconds
[GC remark, 0.0038187 secs]
Application time: 0.0025350 seconds
[GC cleanup 10M->10M(128M), 0.0003273 secs]
Application time: 0.3710024 seconds
[GC pause (G1 Humongous Allocation) (young) 67M->9565K(128M), 0.0180775 secs]
Application time: 0.1593508 seconds
[GC pause (G1 Humongous Allocation) (young) (initial-mark) 34M->8561K(128M), 0.0081822 secs]
[GC concurrent-root-region-scan-start]
[GC concurrent-root-region-scan-end, 0.0001801 secs]
[GC concurrent-mark-start]
[GC concurrent-mark-end, 0.0119345 secs]
Application time: 0.0122195 seconds
[GC remark, 0.0037228 secs]
Application time: 0.0000365 seconds
[GC cleanup 11M->11M(128M), 0.0004089 secs]
Application time: 0.3437930 seconds
[GC pause (G1 Humongous Allocation) (young) 67M->9568K(128M), 0.0176872 secs]
Application time: 0.1364049 seconds
[GC pause (G1 Humongous Allocation) (young) (initial-mark) 34M->9571K(128M), 0.0081007 secs]
[GC concurrent-root-region-scan-start]
[GC concurrent-root-region-scan-end, 0.0002208 secs]
[GC concurrent-mark-start]
[GC concurrent-mark-end, 0.0048124 secs]
Application time: 0.0051014 seconds
[GC remark, 0.0036695 secs]
Application time: 0.0000441 seconds
[GC cleanup 10M->10M(128M), 0.0002756 secs]
Application time: 0.3365986 seconds
[GC pause (G1 Humongous Allocation) (young) 67M->9571K(128M), 0.0176928 secs]
Application time: 0.1411622 seconds
[GC pause (G1 Humongous Allocation) (young) (initial-mark) 34M->9574K(128M), 0.0080975 secs]
[GC concurrent-root-region-scan-start]
[GC concurrent-root-region-scan-end, 0.0002148 secs]
[GC concurrent-mark-start]
[GC concurrent-mark-end, 0.0050760 secs]
Application time: 0.0053320 seconds
[GC remark, 0.0037269 secs]
Application time: 0.0000414 seconds
[GC cleanup 10M->10M(128M), 0.0003012 secs]
Application time: 0.3535516 seconds
[GC pause (G1 Humongous Allocation) (young) 67M->9578K(128M), 0.0174297 secs]
Application time: 0.1305845 seconds
[GC pause (G1 Humongous Allocation) (young) (initial-mark) 33M->9581K(128M), 0.0079194 secs]
[GC concurrent-root-region-scan-start]
[GC concurrent-root-region-scan-end, 0.0002175 secs]
[GC concurrent-mark-start]
[GC concurrent-mark-end, 0.0045055 secs]
Application time: 0.0047840 seconds
[GC remark, 0.0035313 secs]
Application time: 0.0077106 seconds
[GC cleanup 11M->11M(128M), 0.0003226 secs]
Application time: 0.3615064 seconds
[GC pause (G1 Humongous Allocation) (young) 68M->9583K(128M), 0.0146579 secs]
Application time: 0.1515269 seconds
[GC pause (G1 Humongous Allocation) (young) (initial-mark) 33M->9586K(128M), 0.0083535 secs]
[GC concurrent-root-region-scan-start]
[GC concurrent-root-region-scan-end, 0.0002213 secs]
[GC concurrent-mark-start]
[GC concurrent-mark-end, 0.0046158 secs]
Application time: 0.0048941 seconds
[GC remark, 0.0033263 secs]
Application time: 0.0039074 seconds
[GC cleanup 11M->11M(128M), 0.0002725 secs]
Application time: 0.3507730 seconds
[GC pause (G1 Humongous Allocation) (young) 67M->9589K(128M), 0.0185591 secs]
Application time: 0.1431724 seconds
[GC pause (G1 Humongous Allocation) (young) (initial-mark) 34M->9591K(128M), 0.0084206 secs]
[GC concurrent-root-region-scan-start]
[GC concurrent-root-region-scan-end, 0.0001321 secs]
[GC concurrent-mark-start]
[GC concurrent-mark-end, 0.0048246 secs]
Application time: 0.0050215 seconds
[GC remark, 0.0033396 secs]
Application time: 0.0070004 seconds
[GC cleanup 11M->11M(128M), 0.0002897 secs]
Application time: 0.3578463 seconds
[GC pause (G1 Humongous Allocation) (young) 67M->9595K(128M), 0.0184053 secs]
Application time: 0.1477325 seconds
[GC pause (G1 Humongous Allocation) (young) (initial-mark) 33M->9600K(128M), 0.0081949 secs]
[GC concurrent-root-region-scan-start]
[GC concurrent-root-region-scan-end, 0.0001137 secs]
[GC concurrent-mark-start]
[GC concurrent-mark-end, 0.0045108 secs]
Application time: 0.0046770 seconds
[GC remark, 0.0032649 secs]
Application time: 0.0029790 seconds
[GC cleanup 11M->11M(128M), 0.0002837 secs]
Application time: 0.3438908 seconds
[GC pause (G1 Humongous Allocation) (young) 67M->9598K(128M), 0.0186652 secs]
Application time: 0.1417275 seconds
[GC pause (G1 Humongous Allocation) (young) (initial-mark) 34M->9600K(128M), 0.0084137 secs]
[GC concurrent-root-region-scan-start]
[GC concurrent-root-region-scan-end, 0.0002051 secs]
[GC concurrent-mark-start]
[GC concurrent-mark-end, 0.0047282 secs]
Application time: 0.0049903 seconds
[GC remark, 0.0035274 secs]
Application time: 0.0000350 seconds
[GC cleanup 10M->10M(128M), 0.0002660 secs]
Application time: 0.3655946 seconds
[GC pause (G1 Humongous Allocation) (young) 67M->9601K(128M), 0.0187261 secs]
Application time: 0.1501253 seconds
[GC pause (G1 Humongous Allocation) (young) (initial-mark) 34M->9601K(128M), 0.0082165 secs]
[GC concurrent-root-region-scan-start]
[GC concurrent-root-region-scan-end, 0.0002254 secs]
[GC concurrent-mark-start]
[GC concurrent-mark-end, 0.0048112 secs]
Application time: 0.0050915 seconds
[GC remark, 0.0035178 secs]
Application time: 0.0000378 seconds
[GC cleanup 10M->10M(128M), 0.0002737 secs]
Application time: 0.3426043 seconds
[GC pause (G1 Humongous Allocation) (young) 67M->9606K(128M), 0.0181323 secs]
Application time: 0.1449797 seconds
[GC pause (G1 Humongous Allocation) (young) (initial-mark) 34M->9605K(128M), 0.0082823 secs]
[GC concurrent-root-region-scan-start]
[GC concurrent-root-region-scan-end, 0.0002423 secs]
[GC concurrent-mark-start]
[GC concurrent-mark-end, 0.0051160 secs]
Application time: 0.0053629 seconds
[GC remark, 0.0038229 secs]
Application time: 0.0000418 seconds
[GC cleanup 10M->10M(128M), 0.0003033 secs]
Application time: 0.3375680 seconds
[GC pause (G1 Humongous Allocation) (young) 67M->9606K(128M), 0.0178616 secs]
Application time: 0.1401302 seconds
[GC pause (G1 Humongous Allocation) (young) (initial-mark) 34M->9612K(128M), 0.0082492 secs]
[GC concurrent-root-region-scan-start]
[GC concurrent-root-region-scan-end, 0.0001247 secs]
[GC concurrent-mark-start]
[GC concurrent-mark-end, 0.0046092 secs]
Application time: 0.0047439 seconds
[GC remark, 0.0035846 secs]
Application time: 0.0000307 seconds
[GC cleanup 11M->11M(128M), 0.0002696 secs]
Application time: 0.3352275 seconds
[GC pause (G1 Humongous Allocation) (young) 67M->9612K(128M), 0.0177984 secs]
Application time: 0.1627892 seconds
[GC pause (G1 Humongous Allocation) (young) (initial-mark) 33M->9613K(128M), 0.0068271 secs]
[GC concurrent-root-region-scan-start]
[GC concurrent-root-region-scan-end, 0.0001314 secs]
[GC concurrent-mark-start]
[GC concurrent-mark-end, 0.0046320 secs]
Application time: 0.0047788 seconds
[GC remark, 0.0031029 secs]
Application time: 0.0000316 seconds
[GC cleanup 10M->10M(128M), 0.0002066 secs]
Application time: 0.3641457 seconds
[GC pause (G1 Humongous Allocation) (young) 68M->9617K(128M), 0.0146134 secs]
Application time: 0.1461022 seconds
[GC pause (G1 Humongous Allocation) (young) (initial-mark) 33M->9622K(128M), 0.0069654 secs]
[GC concurrent-root-region-scan-start]
[GC concurrent-root-region-scan-end, 0.0001122 secs]
[GC concurrent-mark-start]
[GC concurrent-mark-end, 0.0049586 secs]
Application time: 0.0050871 seconds
[GC remark, 0.0033116 secs]
Application time: 0.0000339 seconds
[GC cleanup 10M->10M(128M), 0.0002164 secs]
Application time: 0.3508086 seconds
[GC pause (G1 Humongous Allocation) (young) 67M->9622K(128M), 0.0147603 secs]
Application time: 0.1439597 seconds
[GC pause (G1 Humongous Allocation) (young) (initial-mark) 34M->9625K(128M), 0.0068167 secs]
[GC concurrent-root-region-scan-start]
[GC concurrent-root-region-scan-end, 0.0001020 secs]
[GC concurrent-mark-start]
[GC concurrent-mark-end, 0.0047939 secs]
Application time: 0.0049358 seconds
[GC remark, 0.0030441 secs]
Application time: 0.0000827 seconds
[GC cleanup 11M->11M(128M), 0.0002267 secs]
Application time: 0.3535440 seconds
[GC pause (G1 Humongous Allocation) (young) 67M->9625K(128M), 0.0184563 secs]
Application time: 0.1448757 seconds
[GC pause (G1 Humongous Allocation) (young) (initial-mark) 33M->9630K(128M), 0.0083389 secs]
[GC concurrent-root-region-scan-start]
[GC concurrent-root-region-scan-end, 0.0002121 secs]
[GC concurrent-mark-start]
[GC concurrent-mark-end, 0.0044747 secs]
Application time: 0.0047372 seconds
[GC remark, 0.0034352 secs]
Application time: 0.0060324 seconds
[GC cleanup 11M->11M(128M), 0.0003395 secs]
Application time: 0.3333060 seconds
[GC pause (G1 Humongous Allocation) (young) 68M->9627K(128M), 0.0177848 secs]
Application time: 0.1439573 seconds
[GC pause (G1 Humongous Allocation) (young) (initial-mark) 34M->9632K(128M), 0.0081564 secs]
[GC concurrent-root-region-scan-start]
[GC concurrent-root-region-scan-end, 0.0001155 secs]
[GC concurrent-mark-start]
[GC concurrent-mark-end, 0.0046001 secs]
Application time: 0.0047608 seconds
[GC remark, 0.0036600 secs]
Application time: 0.0016185 seconds
[GC cleanup 11M->11M(128M), 0.0003845 secs]
Application time: 0.3374986 seconds
[GC pause (G1 Humongous Allocation) (young) 67M->9630K(128M), 0.0181387 secs]
Application time: 0.1503642 seconds
[GC pause (G1 Humongous Allocation) (young) (initial-mark) 33M->9634K(128M), 0.0083832 secs]
[GC concurrent-root-region-scan-start]
[GC concurrent-root-region-scan-end, 0.0002374 secs]
[GC concurrent-mark-start]
[GC concurrent-mark-end, 0.0048737 secs]
Application time: 0.0052064 seconds
[GC remark, 0.0036036 secs]
Application time: 0.0044007 seconds
[GC cleanup 10146K->10146K(128M), 0.0002890 secs]
Application time: 0.3381643 seconds
[GC pause (G1 Humongous Allocation) (young) 68M->9633K(128M), 0.0178478 secs]
Application time: 0.1485687 seconds
[GC pause (G1 Humongous Allocation) (young) (initial-mark) 33M->8615K(128M), 0.0081846 secs]
[GC concurrent-root-region-scan-start]
[GC concurrent-root-region-scan-end, 0.0002382 secs]
[GC concurrent-mark-start]
[GC concurrent-mark-end, 0.0128864 secs]
Application time: 0.0131726 seconds
[GC remark, 0.0038297 secs]
Application time: 0.0000602 seconds
[GC cleanup 12M->12M(128M), 0.0002800 secs]
Application time: 0.3272979 seconds
[GC pause (G1 Humongous Allocation) (young) 68M->9635K(128M), 0.0180969 secs]
Application time: 0.1436747 seconds
[GC pause (G1 Humongous Allocation) (young) (initial-mark) 33M->9639K(128M), 0.0082899 secs]
[GC concurrent-root-region-scan-start]
[GC concurrent-root-region-scan-end, 0.0002303 secs]
[GC concurrent-mark-start]
[GC concurrent-mark-end, 0.0130574 secs]
Application time: 0.0133402 seconds
[GC remark, 0.0035790 secs]
Application time: 0.0000569 seconds
[GC cleanup 12M->12M(128M), 0.0002755 secs]
Application time: 0.3450990 seconds
[GC pause (G1 Humongous Allocation) (young) 67M->8613K(128M), 0.0176924 secs]
Application time: 0.1416027 seconds
[GC pause (G1 Humongous Allocation) (young) (initial-mark) 33M->9640K(128M), 0.0084106 secs]
[GC concurrent-root-region-scan-start]
[GC concurrent-root-region-scan-end, 0.0001269 secs]
[GC concurrent-mark-start]
[GC concurrent-mark-end, 0.0145778 secs]
Application time: 0.0147668 seconds
[GC remark, 0.0034418 secs]
Application time: 0.0000570 seconds
[GC cleanup 13M->13M(128M), 0.0002640 secs]
Application time: 0.3227329 seconds
[GC pause (G1 Humongous Allocation) (young) 68M->9640K(128M), 0.0176158 secs]
Application time: 0.1365792 seconds
[GC pause (G1 Humongous Allocation) (young) (initial-mark) 33M->9642K(128M), 0.0080956 secs]
[GC concurrent-root-region-scan-start]
[GC concurrent-root-region-scan-end, 0.0002460 secs]
[GC concurrent-mark-start]
[GC concurrent-mark-end, 0.0047980 secs]
Application time: 0.0051018 seconds
[GC remark, 0.0035594 secs]
Application time: 0.0052291 seconds
[GC cleanup 11M->11M(128M), 0.0002803 secs]
Application time: 0.3253184 seconds
[GC pause (G1 Humongous Allocation) (young) 68M->9647K(128M), 0.0176545 secs]
Application time: 0.1383400 seconds
[GC pause (G1 Humongous Allocation) (young) (initial-mark) 33M->9651K(128M), 0.0081162 secs]
[GC concurrent-root-region-scan-start]
[GC concurrent-root-region-scan-end, 0.0001703 secs]
[GC concurrent-mark-start]
[GC concurrent-mark-end, 0.0147719 secs]
Application time: 0.0150089 seconds
[GC remark, 0.0037329 secs]
Application time: 0.0000579 seconds
[GC cleanup 12M->12M(128M), 0.0002728 secs]
Application time: 0.3350507 seconds
[GC pause (G1 Humongous Allocation) (young) 68M->9650K(128M), 0.0178992 secs]
Application time: 0.1526136 seconds
[GC pause (G1 Humongous Allocation) (young) (initial-mark) 34M->9654K(128M), 0.0081374 secs]
[GC concurrent-root-region-scan-start]
[GC concurrent-root-region-scan-end, 0.0002560 secs]
[GC concurrent-mark-start]
[GC concurrent-mark-end, 0.0049940 secs]
Application time: 0.0053125 seconds
[GC remark, 0.0036931 secs]
Application time: 0.0003576 seconds
[GC cleanup 11M->11M(128M), 0.0002998 secs]
Application time: 0.3354263 seconds
[GC pause (G1 Humongous Allocation) (young) 67M->9656K(128M), 0.0180594 secs]
Application time: 0.1428714 seconds
[GC pause (G1 Humongous Allocation) (young) (initial-mark) 34M->9657K(128M), 0.0081336 secs]
[GC concurrent-root-region-scan-start]
[GC concurrent-root-region-scan-end, 0.0002301 secs]
[GC concurrent-mark-start]
[GC concurrent-mark-end, 0.0050985 secs]
Application time: 0.0053945 seconds
[GC remark, 0.0039980 secs]
Application time: 0.0091458 seconds
[GC cleanup 11M->11M(128M), 0.0004117 secs]
Application time: 0.3323596 seconds
[GC pause (G1 Humongous Allocation) (young) 67M->9657K(128M), 0.0178893 secs]
Application time: 0.1476667 seconds
[GC pause (G1 Humongous Allocation) (young) (initial-mark) 34M->8653K(128M), 0.0082179 secs]
[GC concurrent-root-region-scan-start]
[GC concurrent-root-region-scan-end, 0.0002317 secs]
[GC concurrent-mark-start]
[GC concurrent-mark-end, 0.0048237 secs]
Application time: 0.0051214 seconds
[GC remark, 0.0035151 secs]
Application time: 0.0005226 seconds
[GC cleanup 10M->10M(128M), 0.0002760 secs]
Application time: 0.3439187 seconds
[GC pause (G1 Humongous Allocation) (young) 67M->8638K(128M), 0.0186589 secs]
Application time: 0.1448211 seconds
[GC pause (G1 Humongous Allocation) (young) (initial-mark) 33M->9663K(128M), 0.0087369 secs]
[GC concurrent-root-region-scan-start]
[GC concurrent-root-region-scan-end, 0.0002290 secs]
[GC concurrent-mark-start]
[GC concurrent-mark-end, 0.0048458 secs]
Application time: 0.0051763 seconds
[GC remark, 0.0038538 secs]
Application time: 0.0009006 seconds
[GC cleanup 9663K->9663K(128M), 0.0002778 secs]
Application time: 0.3416324 seconds
[GC pause (G1 Humongous Allocation) (young) 67M->9663K(128M), 0.0179330 secs]
Application time: 0.1390630 seconds
[GC pause (G1 Humongous Allocation) (young) (initial-mark) 34M->9666K(128M), 0.0080416 secs]
[GC concurrent-root-region-scan-start]
[GC concurrent-root-region-scan-end, 0.0002282 secs]
[GC concurrent-mark-start]
[GC concurrent-mark-end, 0.0047172 secs]
Application time: 0.0050028 seconds
[GC remark, 0.0037233 secs]
Application time: 0.0068581 seconds
[GC cleanup 11M->11M(128M), 0.0002410 secs]
Application time: 0.3253131 seconds
[GC pause (G1 Humongous Allocation) (young) 67M->9664K(128M), 0.0187205 secs]
Application time: 0.1445882 seconds
[GC pause (G1 Humongous Allocation) (young) (initial-mark) 34M->9667K(128M), 0.0083236 secs]
[GC concurrent-root-region-scan-start]
[GC concurrent-root-region-scan-end, 0.0001316 secs]
[GC concurrent-mark-start]
[GC concurrent-mark-end, 0.0137213 secs]
Application time: 0.0139105 seconds
[GC remark, 0.0034968 secs]
Application time: 0.0000334 seconds
[GC cleanup 13M->13M(128M), 0.0003018 secs]
Application time: 0.3271841 seconds
[GC pause (G1 Humongous Allocation) (young) 67M->9671K(128M), 0.0180526 secs]
Application time: 0.1445330 seconds
[GC pause (G1 Humongous Allocation) (young) (initial-mark) 33M->8652K(128M), 0.0083696 secs]
[GC concurrent-root-region-scan-start]
[GC concurrent-root-region-scan-end, 0.0001047 secs]
[GC concurrent-mark-start]
[GC concurrent-mark-end, 0.0056234 secs]
Application time: 0.0089022 seconds
[GC remark, 0.0035687 secs]
Application time: 0.0002301 seconds
[GC cleanup 10M->10M(128M), 0.0003636 secs]
Application time: 0.3642271 seconds
[GC pause (G1 Humongous Allocation) (young) 68M->9677K(128M), 0.0157107 secs]
Application time: 0.1654775 seconds
[GC pause (G1 Humongous Allocation) (young) (initial-mark) 34M->9677K(128M), 0.0090079 secs]
[GC concurrent-root-region-scan-start]
[GC concurrent-root-region-scan-end, 0.0001391 secs]
[GC concurrent-mark-start]
[GC concurrent-mark-end, 0.0139788 secs]
Application time: 0.0141670 seconds
[GC remark, 0.0039629 secs]
Application time: 0.0000547 seconds
[GC cleanup 13M->13M(128M), 0.0002943 secs]
Application time: 0.3619346 seconds
[GC pause (G1 Humongous Allocation) (young) 67M->9679K(128M), 0.0180575 secs]
Application time: 0.1612275 seconds
[GC pause (G1 Humongous Allocation) (young) (initial-mark) 33M->9684K(128M), 0.0071508 secs]
[GC concurrent-root-region-scan-start]
[GC concurrent-root-region-scan-end, 0.0001445 secs]
[GC concurrent-mark-start]
[GC concurrent-mark-end, 0.0138064 secs]
Application time: 0.0140115 seconds
[GC remark, 0.0031638 secs]
Application time: 0.0000431 seconds
[GC cleanup 10M->10M(128M), 0.0002185 secs]
Application time: 0.3776200 seconds
[GC pause (G1 Humongous Allocation) (young) 68M->9682K(128M), 0.0154206 secs]
Application time: 0.1614078 seconds
[GC pause (G1 Humongous Allocation) (young) (initial-mark) 33M->9686K(128M), 0.0082972 secs]
[GC concurrent-root-region-scan-start]
[GC concurrent-root-region-scan-end, 0.0002302 secs]
[GC concurrent-mark-start]
[GC concurrent-mark-end, 0.0134057 secs]
Application time: 0.0136991 seconds
[GC remark, 0.0037873 secs]
Application time: 0.0000559 seconds
[GC cleanup 13M->13M(128M), 0.0002800 secs]
Application time: 0.3632704 seconds
[GC pause (G1 Humongous Allocation) (young) 67M->9687K(128M), 0.0180879 secs]
Application time: 0.1580680 seconds
[GC pause (G1 Humongous Allocation) (young) (initial-mark) 33M->9689K(128M), 0.0090660 secs]
[GC concurrent-root-region-scan-start]
[GC concurrent-root-region-scan-end, 0.0002044 secs]
[GC concurrent-mark-start]
[GC concurrent-mark-end, 0.0149268 secs]
Application time: 0.0151812 seconds
[GC remark, 0.0036320 secs]
Application time: 0.0000625 seconds
[GC cleanup 12M->12M(128M), 0.0002610 secs]
Application time: 0.3386104 seconds
[GC pause (G1 Humongous Allocation) (young) 67M->9689K(128M), 0.0179110 secs]
Application time: 0.1344800 seconds
[GC pause (G1 Humongous Allocation) (young) (initial-mark) 34M->9689K(128M), 0.0081272 secs]
[GC concurrent-root-region-scan-start]
[GC concurrent-root-region-scan-end, 0.0002513 secs]
[GC concurrent-mark-start]
[GC concurrent-mark-end, 0.0129958 secs]
Application time: 0.0132976 seconds
[GC remark, 0.0035489 secs]
Application time: 0.0000570 seconds
[GC cleanup 12M->12M(128M), 0.0003555 secs]
Application time: 0.3389694 seconds
[GC pause (G1 Humongous Allocation) (young) 67M->9689K(128M), 0.0155777 secs]
Application time: 0.1579178 seconds
[GC pause (G1 Humongous Allocation) (young) (initial-mark) 34M->9694K(128M), 0.0070441 secs]
[GC concurrent-root-region-scan-start]
[GC concurrent-root-region-scan-end, 0.0001486 secs]
[GC concurrent-mark-start]
[GC concurrent-mark-end, 0.0150201 secs]
Application time: 0.0152028 seconds
[GC remark, 0.0028400 secs]
Application time: 0.0000425 seconds
[GC cleanup 12M->12M(128M), 0.0002219 secs]
Application time: 0.3638072 seconds
[GC pause (G1 Humongous Allocation) (young) 67M->9694K(128M), 0.0157106 secs]
Application time: 0.1570221 seconds
[GC pause (G1 Humongous Allocation) (young) (initial-mark) 34M->9699K(128M), 0.0069321 secs]
[GC concurrent-root-region-scan-start]
[GC concurrent-root-region-scan-end, 0.0001472 secs]
[GC concurrent-mark-start]
[GC concurrent-mark-end, 0.0122940 secs]
Application time: 0.0124863 seconds
[GC remark, 0.0027179 secs]
Application time: 0.0000436 seconds
[GC cleanup 13M->13M(128M), 0.0002455 secs]
Application time: 0.3704517 seconds
[GC pause (G1 Humongous Allocation) (young) 67M->9699K(128M), 0.0154844 secs]
Application time: 0.1562117 seconds
[GC pause (G1 Humongous Allocation) (young) (initial-mark) 34M->9702K(128M), 0.0070501 secs]
[GC concurrent-root-region-scan-start]
[GC concurrent-root-region-scan-end, 0.0001316 secs]
[GC concurrent-mark-start]
[GC concurrent-mark-end, 0.0056669 secs]
Application time: 0.0058493 seconds
[GC remark, 0.0029455 secs]
Application time: 0.0000473 seconds
[GC cleanup 10M->10M(128M), 0.0002302 secs]
Application time: 0.3800396 seconds
[GC pause (G1 Humongous Allocation) (young) 67M->9704K(128M), 0.0153393 secs]
Application time: 0.1615247 seconds
[GC pause (G1 Humongous Allocation) (young) (initial-mark) 34M->9707K(128M), 0.0087143 secs]
[GC concurrent-root-region-scan-start]
[GC concurrent-root-region-scan-end, 0.0001330 secs]
[GC concurrent-mark-start]
[GC concurrent-mark-end, 0.0136194 secs]
Application time: 0.0138129 seconds
[GC remark, 0.0034987 secs]
Application time: 0.0000610 seconds
[GC cleanup 12M->12M(128M), 0.0002660 secs]
Application time: 0.3824491 seconds
[GC pause (G1 Humongous Allocation) (young) 67M->9707K(128M), 0.0155965 secs]
Application time: 0.1552988 seconds
[GC pause (G1 Humongous Allocation) (young) (initial-mark) 34M->9709K(128M), 0.0070950 secs]
[GC concurrent-root-region-scan-start]
[GC concurrent-root-region-scan-end, 0.0001307 secs]
[GC concurrent-mark-start]
[GC concurrent-mark-end, 0.0054011 secs]
Application time: 0.0055761 seconds
[GC remark, 0.0029475 secs]
Application time: 0.0000478 seconds
[GC cleanup 10M->10M(128M), 0.0002259 secs]
Application time: 0.3745842 seconds
[GC pause (G1 Humongous Allocation) (young) 67M->9710K(128M), 0.0155840 secs]
Application time: 0.1508436 seconds
[GC pause (G1 Humongous Allocation) (young) (initial-mark) 34M->9712K(128M), 0.0071663 secs]
[GC concurrent-root-region-scan-start]
[GC concurrent-root-region-scan-end, 0.0001239 secs]
[GC concurrent-mark-start]
[GC concurrent-mark-end, 0.0131641 secs]
Application time: 0.0133280 seconds
[GC remark, 0.0028717 secs]
Application time: 0.0000451 seconds
[GC cleanup 12M->12M(128M), 0.0002558 secs]
Application time: 0.3675742 seconds
[GC pause (G1 Humongous Allocation) (young) 67M->9712K(128M), 0.0155358 secs]
Application time: 0.1600994 seconds
[GC pause (G1 Humongous Allocation) (young) (initial-mark) 34M->9714K(128M), 0.0073463 secs]
[GC concurrent-root-region-scan-start]
[GC concurrent-root-region-scan-end, 0.0001258 secs]
[GC concurrent-mark-start]
[GC concurrent-mark-end, 0.0094916 secs]
Application time: 0.0096550 seconds
[GC remark, 0.0028873 secs]
Application time: 0.0000452 seconds
[GC cleanup 11M->11M(128M), 0.0002514 secs]
Application time: 0.3526278 seconds
[GC pause (G1 Humongous Allocation) (young) 68M->9714K(128M), 0.0155415 secs]
Application time: 0.1625968 seconds
[GC pause (G1 Humongous Allocation) (young) (initial-mark) 33M->9719K(128M), 0.0084986 secs]
[GC concurrent-root-region-scan-start]
[GC concurrent-root-region-scan-end, 0.0001056 secs]
[GC concurrent-mark-start]
[GC concurrent-mark-end, 0.0057685 secs]
Application time: 0.0059302 seconds
[GC remark, 0.0035107 secs]
Application time: 0.0027320 seconds
[GC cleanup 10M->10M(128M), 0.0003883 secs]
Application time: 0.3817831 seconds
[GC pause (G1 Humongous Allocation) (young) 68M->8711K(128M), 0.0163004 secs]
Application time: 0.1601134 seconds
[GC pause (G1 Humongous Allocation) (young) (initial-mark) 34M->9722K(128M), 0.0073452 secs]
[GC concurrent-root-region-scan-start]
[GC concurrent-root-region-scan-end, 0.0001443 secs]
[GC concurrent-mark-start]
[GC concurrent-mark-end, 0.0056618 secs]
Application time: 0.0058487 seconds
[GC remark, 0.0027452 secs]
Application time: 0.0000405 seconds
[GC cleanup 10M->10M(128M), 0.0002266 secs]
Application time: 0.3592694 seconds
[GC pause (G1 Humongous Allocation) (young) 67M->9719K(128M), 0.0149299 secs]
Application time: 0.1473108 seconds
[GC pause (G1 Humongous Allocation) (young) (initial-mark) 34M->9725K(128M), 0.0071517 secs]
[GC concurrent-root-region-scan-start]
[GC concurrent-root-region-scan-end, 0.0001228 secs]
[GC concurrent-mark-start]
[GC concurrent-mark-end, 0.0108160 secs]
Application time: 0.0107738 seconds
[GC remark, 0.0029892 secs]
Application time: 0.0000538 seconds
[GC cleanup 12M->12M(128M), 0.0003342 secs]
Application time: 0.3491330 seconds
[GC pause (G1 Humongous Allocation) (young) 68M->9723K(128M), 0.0152915 secs]
Application time: 0.1504761 seconds
[GC pause (G1 Humongous Allocation) (young) (initial-mark) 34M->9727K(128M), 0.0067070 secs]
[GC concurrent-root-region-scan-start]
[GC concurrent-root-region-scan-end, 0.0001501 secs]
[GC concurrent-mark-start]
[GC concurrent-mark-end, 0.0053516 secs]
Application time: 0.0055417 seconds
[GC remark, 0.0027724 secs]
Application time: 0.0000419 seconds
[GC cleanup 10M->10M(128M), 0.0002190 secs]
Application time: 0.3880377 seconds
[GC pause (G1 Humongous Allocation) (young) 68M->9730K(128M), 0.0185070 secs]
Application time: 0.1557098 seconds
[GC pause (G1 Humongous Allocation) (young) (initial-mark) 34M->9735K(128M), 0.0082327 secs]
[GC concurrent-root-region-scan-start]
[GC concurrent-root-region-scan-end, 0.0002032 secs]
[GC concurrent-mark-start]
[GC concurrent-mark-end, 0.0135509 secs]
Application time: 0.0138387 seconds
[GC remark, 0.0036524 secs]
Application time: 0.0000439 seconds
[GC cleanup 12M->12M(128M), 0.0002859 secs]
Application time: 0.3626574 seconds
[GC pause (G1 Humongous Allocation) (young) 68M->9735K(128M), 0.0182425 secs]
Application time: 0.1494041 seconds
[GC pause (G1 Humongous Allocation) (young) (initial-mark) 34M->9737K(128M), 0.0083953 secs]
[GC concurrent-root-region-scan-start]
[GC concurrent-root-region-scan-end, 0.0001790 secs]
[GC concurrent-mark-start]
[GC concurrent-mark-end, 0.0054508 secs]
Application time: 0.0057117 seconds
[GC remark, 0.0035538 secs]
Application time: 0.0000375 seconds
[GC cleanup 11M->11M(128M), 0.0002734 secs]
Application time: 0.3689698 seconds
[GC pause (G1 Humongous Allocation) (young) 68M->9739K(128M), 0.0182753 secs]
Application time: 0.1592473 seconds
[GC pause (G1 Humongous Allocation) (young) (initial-mark) 34M->9745K(128M), 0.0084078 secs]
[GC concurrent-root-region-scan-start]
[GC concurrent-root-region-scan-end, 0.0001678 secs]
[GC concurrent-mark-start]
[GC concurrent-mark-end, 0.0054930 secs]
Application time: 0.0071268 seconds
[GC remark, 0.0035814 secs]
Application time: 0.0000367 seconds
[GC cleanup 11M->11M(128M), 0.0002622 secs]
Application time: 0.3834172 seconds
[GC pause (G1 Humongous Allocation) (young) 68M->9746K(128M), 0.0186047 secs]
Application time: 0.1539691 seconds
[GC pause (G1 Humongous Allocation) (young) (initial-mark) 34M->8722K(128M), 0.0082238 secs]
[GC concurrent-root-region-scan-start]
[GC concurrent-root-region-scan-end, 0.0001291 secs]
[GC concurrent-mark-start]
Application time: 0.0064769 seconds
[GC concurrent-mark-end, 0.0064227 secs]
Application time: 0.0000439 seconds
[GC remark, 0.0037085 secs]
Application time: 0.0000393 seconds
[GC cleanup 11M->11M(128M), 0.0002591 secs]
Application time: 0.3742615 seconds
[GC pause (G1 Humongous Allocation) (young) 68M->9747K(128M), 0.0185311 secs]
Application time: 0.1571119 seconds
[GC pause (G1 Humongous Allocation) (young) (initial-mark) 34M->9749K(128M), 0.0084552 secs]
[GC concurrent-root-region-scan-start]
[GC concurrent-root-region-scan-end, 0.0001798 secs]
[GC concurrent-mark-start]
[GC concurrent-mark-end, 0.0120994 secs]
Application time: 0.0122884 seconds
[GC remark, 0.0039916 secs]
Application time: 0.0000410 seconds
[GC cleanup 12M->12M(128M), 0.0003082 secs]
Application time: 0.3587831 seconds
[GC pause (G1 Humongous Allocation) (young) 68M->9751K(128M), 0.0183058 secs]
Application time: 0.1858443 seconds
[GC pause (G1 Humongous Allocation) (young) (initial-mark) 34M->9752K(128M), 0.0082837 secs]
[GC concurrent-root-region-scan-start]
[GC concurrent-root-region-scan-end, 0.0002447 secs]
[GC concurrent-mark-start]
[GC concurrent-mark-end, 0.0054598 secs]
Application time: 0.0057592 seconds
[GC remark, 0.0034542 secs]
Application time: 0.0000312 seconds
[GC cleanup 11M->11M(128M), 0.0002768 secs]
Application time: 0.3776242 seconds
[GC pause (G1 Humongous Allocation) (young) 68M->9754K(128M), 0.0189386 secs]
Application time: 0.1673355 seconds
[GC pause (G1 Humongous Allocation) (young) (initial-mark) 34M->9757K(128M), 0.0071655 secs]
[GC concurrent-root-region-scan-start]
[GC concurrent-root-region-scan-end, 0.0001730 secs]
[GC concurrent-mark-start]
[GC concurrent-mark-end, 0.0055298 secs]
Application time: 0.0057561 seconds
[GC remark, 0.0032016 secs]
Application time: 0.0000382 seconds
[GC cleanup 11M->11M(128M), 0.0002403 secs]
Application time: 0.4134570 seconds
[GC pause (G1 Humongous Allocation) (young) 68M->9759K(128M), 0.0158570 secs]
Application time: 0.1635881 seconds
[GC pause (G1 Humongous Allocation) (young) (initial-mark) 34M->9764K(128M), 0.0071149 secs]
[GC concurrent-root-region-scan-start]
[GC concurrent-root-region-scan-end, 0.0001593 secs]
[GC concurrent-mark-start]
[GC concurrent-mark-end, 0.0078230 secs]
Application time: 0.0080350 seconds
[GC remark, 0.0034700 secs]
Application time: 0.0000674 seconds
[GC cleanup 12M->12M(128M), 0.0002890 secs]
Application time: 0.3815709 seconds
[GC pause (G1 Humongous Allocation) (young) 68M->9764K(128M), 0.0180087 secs]
Application time: 0.1426857 seconds
[GC pause (G1 Humongous Allocation) (young) (initial-mark) 34M->9767K(128M), 0.0084932 secs]
[GC concurrent-root-region-scan-start]
[GC concurrent-root-region-scan-end, 0.0002828 secs]
[GC concurrent-mark-start]
[GC concurrent-mark-end, 0.0107717 secs]
Application time: 0.0111150 seconds
[GC remark, 0.0035362 secs]
Application time: 0.0000649 seconds
[GC cleanup 12M->12M(128M), 0.0002696 secs]
Application time: 0.3416774 seconds
[GC pause (G1 Humongous Allocation) (young) 68M->9769K(128M), 0.0178453 secs]
Application time: 0.1375748 seconds
[GC pause (G1 Humongous Allocation) (young) (initial-mark) 34M->9771K(128M), 0.0081669 secs]
[GC concurrent-root-region-scan-start]
[GC concurrent-root-region-scan-end, 0.0002122 secs]
[GC concurrent-mark-start]
[GC concurrent-mark-end, 0.0054794 secs]
Application time: 0.0057825 seconds
[GC remark, 0.0048427 secs]
Application time: 0.0000483 seconds
[GC cleanup 10M->10M(128M), 0.0004161 secs]
Application time: 0.3478362 seconds
[GC pause (G1 Humongous Allocation) (young) 68M->9771K(128M), 0.0180194 secs]
Application time: 0.1422862 seconds
[GC pause (G1 Humongous Allocation) (young) (initial-mark) 34M->9776K(128M), 0.0084597 secs]
[GC concurrent-root-region-scan-start]
[GC concurrent-root-region-scan-end, 0.0002422 secs]
[GC concurrent-mark-start]
[GC concurrent-mark-end, 0.0086795 secs]
Application time: 0.0089891 seconds
[GC remark, 0.0034703 secs]
Application time: 0.0000670 seconds
[GC cleanup 11M->11M(128M), 0.0002729 secs]
Application time: 0.3459386 seconds
[GC pause (G1 Humongous Allocation) (young) 68M->9774K(128M), 0.0178575 secs]
Application time: 0.1505967 seconds
[GC pause (G1 Humongous Allocation) (young) (initial-mark) 34M->9778K(128M), 0.0081176 secs]
[GC concurrent-root-region-scan-start]
[GC concurrent-root-region-scan-end, 0.0002177 secs]
[GC concurrent-mark-start]
[GC concurrent-mark-end, 0.0091984 secs]
Application time: 0.0094864 seconds
[GC remark, 0.0036686 secs]
Application time: 0.0000645 seconds
[GC cleanup 12M->12M(128M), 0.0003000 secs]
Application time: 0.3377361 seconds
[GC pause (G1 Humongous Allocation) (young) 68M->9777K(128M), 0.0181119 secs]
Application time: 0.1523349 seconds
[GC pause (G1 Humongous Allocation) (young) (initial-mark) 34M->9779K(128M), 0.0081632 secs]
[GC concurrent-root-region-scan-start]
[GC concurrent-root-region-scan-end, 0.0002159 secs]
[GC concurrent-mark-start]
[GC concurrent-mark-end, 0.0135577 secs]
Application time: 0.0138512 seconds
[GC remark, 0.0037855 secs]
Application time: 0.0000702 seconds
[GC cleanup 12M->12M(128M), 0.0003282 secs]
Application time: 0.3428204 seconds
[GC pause (G1 Humongous Allocation) (young) 68M->9779K(128M), 0.0180056 secs]
Application time: 0.1516804 seconds
[GC pause (G1 Humongous Allocation) (young) (initial-mark) 34M->9781K(128M), 0.0082075 secs]
[GC concurrent-root-region-scan-start]
[GC concurrent-root-region-scan-end, 0.0002353 secs]
[GC concurrent-mark-start]
[GC concurrent-mark-end, 0.0077813 secs]
Application time: 0.0080749 seconds
[GC remark, 0.0036652 secs]
Application time: 0.0000618 seconds
[GC cleanup 11M->11M(128M), 0.0002708 secs]
Application time: 0.3389471 seconds
[GC pause (G1 Humongous Allocation) (young) 67M->9784K(128M), 0.0179968 secs]
Application time: 0.1479920 seconds
[GC pause (G1 Humongous Allocation) (young) (initial-mark) 34M->9786K(128M), 0.0081308 secs]
[GC concurrent-root-region-scan-start]
[GC concurrent-root-region-scan-end, 0.0002283 secs]
[GC concurrent-mark-start]
[GC concurrent-mark-end, 0.0053819 secs]
Application time: 0.0057235 seconds
[GC remark, 0.0035080 secs]
Application time: 0.0000644 seconds
[GC cleanup 10M->10M(128M), 0.0003223 secs]
Application time: 0.3503622 seconds
[GC pause (G1 Humongous Allocation) (young) 68M->9789K(128M), 0.0176271 secs]
Application time: 0.1425961 seconds
[GC pause (G1 Humongous Allocation) (young) (initial-mark) 34M->9791K(128M), 0.0079782 secs]
[GC concurrent-root-region-scan-start]
[GC concurrent-root-region-scan-end, 0.0001827 secs]
[GC concurrent-mark-start]
[GC concurrent-mark-end, 0.0116369 secs]
Application time: 0.0118844 seconds
[GC remark, 0.0043785 secs]
Application time: 0.0000739 seconds
[GC cleanup 11M->11M(128M), 0.0003432 secs]
Application time: 0.3740191 seconds
[GC pause (G1 Humongous Allocation) (young) 68M->9794K(128M), 0.0177235 secs]
Application time: 0.1388720 seconds
[GC pause (G1 Humongous Allocation) (young) (initial-mark) 33M->9796K(128M), 0.0081882 secs]
[GC concurrent-root-region-scan-start]
[GC concurrent-root-region-scan-end, 0.0001815 secs]
[GC concurrent-mark-start]
[GC concurrent-mark-end, 0.0050534 secs]
Application time: 0.0116299 seconds
[GC remark, 0.0036380 secs]
Application time: 0.0000589 seconds
[GC cleanup 11M->11M(128M), 0.0002927 secs]
Application time: 0.3465800 seconds
[GC pause (G1 Humongous Allocation) (young) 68M->9799K(128M), 0.0176280 secs]
Application time: 0.1545224 seconds
[GC pause (G1 Humongous Allocation) (young) (initial-mark) 34M->9803K(128M), 0.0082777 secs]
[GC concurrent-root-region-scan-start]
[GC concurrent-root-region-scan-end, 0.0001829 secs]
[GC concurrent-mark-start]
[GC concurrent-mark-end, 0.0050130 secs]
Application time: 0.0065691 seconds
[GC remark, 0.0033987 secs]
Application time: 0.0000516 seconds
[GC cleanup 12M->12M(128M), 0.0002958 secs]
Application time: 0.3480182 seconds
[GC pause (G1 Humongous Allocation) (young) 68M->9802K(128M), 0.0175689 secs]
Application time: 0.0730646 seconds
Application time: 0.1364918 seconds
[GC pause (G1 Humongous Allocation) (young) (initial-mark) 34M->8754K(128M), 0.0080154 secs]
[GC concurrent-root-region-scan-start]
[GC concurrent-root-region-scan-end, 0.0002254 secs]
[GC concurrent-mark-start]
[GC concurrent-mark-end, 0.0055733 secs]
Application time: 0.0058513 seconds
[GC remark, 0.0034929 secs]
Application time: 0.0000482 seconds
[GC cleanup 10M->10M(128M), 0.0003225 secs]
Warmup (60s) ends:   Tue May 15 23:47:39 GMT 2018
Warmup (60s) result: 202.07 ops/m

Iteration 1 (120s) begins: Tue May 15 23:47:39 GMT 2018
Application time: 0.2556361 seconds
Application time: 0.2276121 seconds
[GC pause (G1 Humongous Allocation) (young) 68M->9808K(128M), 0.0134777 secs]
Application time: 0.1402849 seconds
[GC pause (G1 Humongous Allocation) (young) (initial-mark) 34M->9811K(128M), 0.0061411 secs]
[GC concurrent-root-region-scan-start]
[GC concurrent-root-region-scan-end, 0.0001144 secs]
[GC concurrent-mark-start]
[GC concurrent-mark-end, 0.0046139 secs]
Application time: 0.0047713 seconds
[GC remark, 0.0032384 secs]
Application time: 0.0025636 seconds
[GC cleanup 11M->11M(128M), 0.0002551 secs]
Application time: 0.3134035 seconds
[GC pause (G1 Humongous Allocation) (young) 68M->9814K(128M), 0.0133364 secs]
Application time: 0.1336441 seconds
[GC pause (G1 Humongous Allocation) (young) (initial-mark) 34M->9816K(128M), 0.0061558 secs]
[GC concurrent-root-region-scan-start]
[GC concurrent-root-region-scan-end, 0.0001317 secs]
[GC concurrent-mark-start]
[GC concurrent-mark-end, 0.0046609 secs]
Application time: 0.0049037 seconds
[GC remark, 0.0031758 secs]
Application time: 0.0000510 seconds
[GC cleanup 9816K->9816K(128M), 0.0002142 secs]
Application time: 0.3294154 seconds
[GC pause (G1 Humongous Allocation) (young) 68M->8806K(128M), 0.0132476 secs]
Application time: 0.1331906 seconds
[GC pause (G1 Humongous Allocation) (young) (initial-mark) 33M->9818K(128M), 0.0067536 secs]
[GC concurrent-root-region-scan-start]
[GC concurrent-root-region-scan-end, 0.0001907 secs]
[GC concurrent-mark-start]
[GC concurrent-mark-end, 0.0049750 secs]
Application time: 0.0052104 seconds
[GC remark, 0.0031018 secs]
Application time: 0.0000554 seconds
[GC cleanup 11M->11M(128M), 0.0002169 secs]
Application time: 0.3577538 seconds
[GC pause (G1 Humongous Allocation) (young) 68M->9818K(128M), 0.0187168 secs]
Application time: 0.1377157 seconds
[GC pause (G1 Humongous Allocation) (young) (initial-mark) 34M->9820K(128M), 0.0078906 secs]
[GC concurrent-root-region-scan-start]
[GC concurrent-root-region-scan-end, 0.0002143 secs]
[GC concurrent-mark-start]
[GC concurrent-mark-end, 0.0128965 secs]
Application time: 0.0131634 seconds
[GC remark, 0.0035120 secs]
Application time: 0.0000712 seconds
[GC cleanup 12M->12M(128M), 0.0002730 secs]
Application time: 0.3142931 seconds
[GC pause (G1 Humongous Allocation) (young) 68M->9822K(128M), 0.0174667 secs]
Application time: 0.1386271 seconds
[GC pause (G1 Humongous Allocation) (young) (initial-mark) 34M->9823K(128M), 0.0079955 secs]
[GC concurrent-root-region-scan-start]
[GC concurrent-root-region-scan-end, 0.0002397 secs]
[GC concurrent-mark-start]
[GC concurrent-mark-end, 0.0057043 secs]
Application time: 0.0059996 seconds
[GC remark, 0.0032924 secs]
Application time: 0.0058380 seconds
[GC cleanup 11M->11M(128M), 0.0002871 secs]
Application time: 0.3880214 seconds
[GC pause (G1 Humongous Allocation) (young) 68M->9822K(128M), 0.0177169 secs]
Application time: 0.1367626 seconds
[GC pause (G1 Humongous Allocation) (young) (initial-mark) 34M->9825K(128M), 0.0079363 secs]
[GC concurrent-root-region-scan-start]
[GC concurrent-root-region-scan-end, 0.0001612 secs]
[GC concurrent-mark-start]
[GC concurrent-mark-end, 0.0082744 secs]
Application time: 0.0084924 seconds
[GC remark, 0.0035056 secs]
Application time: 0.0000526 seconds
[GC cleanup 11M->11M(128M), 0.0002950 secs]
Application time: 0.3211069 seconds
[GC pause (G1 Humongous Allocation) (young) 68M->9828K(128M), 0.0176421 secs]
Application time: 0.1510459 seconds
[GC pause (G1 Humongous Allocation) (young) (initial-mark) 34M->9830K(128M), 0.0082521 secs]
[GC concurrent-root-region-scan-start]
[GC concurrent-root-region-scan-end, 0.0002316 secs]
[GC concurrent-mark-start]
[GC concurrent-mark-end, 0.0055747 secs]
Application time: 0.0059115 seconds
[GC remark, 0.0037317 secs]
Application time: 0.0000562 seconds
[GC cleanup 10M->10M(128M), 0.0002593 secs]
Application time: 0.3833240 seconds
[GC pause (G1 Humongous Allocation) (young) 68M->9830K(128M), 0.0175425 secs]
Application time: 0.1437672 seconds
[GC pause (G1 Humongous Allocation) (young) (initial-mark) 34M->9833K(128M), 0.0082239 secs]
[GC concurrent-root-region-scan-start]
[GC concurrent-root-region-scan-end, 0.0002363 secs]
[GC concurrent-mark-start]
[GC concurrent-mark-end, 0.0143181 secs]
Application time: 0.0146263 seconds
[GC remark, 0.0036980 secs]
Application time: 0.0000536 seconds
[GC cleanup 12M->12M(128M), 0.0002973 secs]
Application time: 0.3435169 seconds
[GC pause (G1 Humongous Allocation) (young) 68M->9833K(128M), 0.0179123 secs]
Application time: 0.1535860 seconds
[GC pause (G1 Humongous Allocation) (young) (initial-mark) 34M->9837K(128M), 0.0083680 secs]
[GC concurrent-root-region-scan-start]
[GC concurrent-root-region-scan-end, 0.0002258 secs]
[GC concurrent-mark-start]
[GC concurrent-mark-end, 0.0058357 secs]
Application time: 0.0061112 seconds
[GC remark, 0.0040355 secs]
Application time: 0.0020139 seconds
[GC cleanup 11M->11M(128M), 0.0002713 secs]
Application time: 0.3540683 seconds
[GC pause (G1 Humongous Allocation) (young) 67M->9835K(128M), 0.0152704 secs]
Application time: 0.1521095 seconds
[GC pause (G1 Humongous Allocation) (young) (initial-mark) 34M->9840K(128M), 0.0069375 secs]
[GC concurrent-root-region-scan-start]
[GC concurrent-root-region-scan-end, 0.0001351 secs]
[GC concurrent-mark-start]
[GC concurrent-mark-end, 0.0054358 secs]
Application time: 0.0056250 seconds
[GC remark, 0.0027460 secs]
Application time: 0.0000457 seconds
[GC cleanup 11M->11M(128M), 0.0002544 secs]
Application time: 0.3742366 seconds
[GC pause (G1 Humongous Allocation) (young) 68M->9842K(128M), 0.0154827 secs]
Application time: 0.1543719 seconds
[GC pause (G1 Humongous Allocation) (young) (initial-mark) 34M->9842K(128M), 0.0069967 secs]
[GC concurrent-root-region-scan-start]
[GC concurrent-root-region-scan-end, 0.0002422 secs]
[GC concurrent-mark-start]
[GC concurrent-mark-end, 0.0083084 secs]
Application time: 0.0085992 seconds
[GC remark, 0.0057064 secs]
Application time: 0.0000641 seconds
[GC cleanup 11M->11M(128M), 0.0003513 secs]
Application time: 0.3634924 seconds
[GC pause (G1 Humongous Allocation) (young) 68M->9842K(128M), 0.0173024 secs]
Application time: 0.1620939 seconds
[GC pause (G1 Humongous Allocation) (young) (initial-mark) 34M->9845K(128M), 0.0068660 secs]
[GC concurrent-root-region-scan-start]
[GC concurrent-root-region-scan-end, 0.0001935 secs]
[GC concurrent-mark-start]
[GC concurrent-mark-end, 0.0150417 secs]
Application time: 0.0153061 seconds
[GC remark, 0.0030137 secs]
Application time: 0.0000491 seconds
[GC cleanup 13M->13M(128M), 0.0002687 secs]
Application time: 0.3893987 seconds
[GC pause (G1 Humongous Allocation) (young) 67M->9845K(128M), 0.0194479 secs]
Application time: 0.1658495 seconds
[GC pause (G1 Humongous Allocation) (young) (initial-mark) 34M->9849K(128M), 0.0088218 secs]
[GC concurrent-root-region-scan-start]
[GC concurrent-root-region-scan-end, 0.0002323 secs]
[GC concurrent-mark-start]
[GC concurrent-mark-end, 0.0055118 secs]
Application time: 0.0058255 seconds
[GC remark, 0.0040260 secs]
Application time: 0.0000522 seconds
[GC cleanup 11M->11M(128M), 0.0002814 secs]
Application time: 0.3914672 seconds
[GC pause (G1 Humongous Allocation) (young) 68M->9849K(128M), 0.0188366 secs]
Application time: 0.1673888 seconds
[GC pause (G1 Humongous Allocation) (young) (initial-mark) 34M->9852K(128M), 0.0108702 secs]
[GC concurrent-root-region-scan-start]
[GC concurrent-root-region-scan-end, 0.0001610 secs]
[GC concurrent-mark-start]
[GC concurrent-mark-end, 0.0055340 secs]
Application time: 0.0055038 seconds
[GC remark, 0.0036120 secs]
Application time: 0.0000406 seconds
[GC cleanup 11M->11M(128M), 0.0002479 secs]
Application time: 0.3897277 seconds
[GC pause (G1 Humongous Allocation) (young) 68M->8846K(128M), 0.0179566 secs]
Application time: 0.1610884 seconds
[GC pause (G1 Humongous Allocation) (young) (initial-mark) 34M->9855K(128M), 0.0086474 secs]
[GC concurrent-root-region-scan-start]
[GC concurrent-root-region-scan-end, 0.0002128 secs]
[GC concurrent-mark-start]
[GC concurrent-mark-end, 0.0141323 secs]
Application time: 0.0141326 seconds
[GC remark, 0.0037908 secs]
Application time: 0.0000611 seconds
[GC cleanup 13M->13M(128M), 0.0002731 secs]
Application time: 0.3581075 seconds
[GC pause (G1 Humongous Allocation) (young) 68M->9857K(128M), 0.0180958 secs]
Application time: 0.1520443 seconds
[GC pause (G1 Humongous Allocation) (young) (initial-mark) 33M->9862K(128M), 0.0084515 secs]
[GC concurrent-root-region-scan-start]
[GC concurrent-root-region-scan-end, 0.0002419 secs]
[GC concurrent-mark-start]
[GC concurrent-mark-end, 0.0088323 secs]
Application time: 0.0091393 seconds
[GC remark, 0.0035998 secs]
Application time: 0.0000612 seconds
[GC cleanup 11M->11M(128M), 0.0002829 secs]
Application time: 0.3718184 seconds
[GC pause (G1 Humongous Allocation) (young) 68M->8838K(128M), 0.0183526 secs]
Application time: 0.1580033 seconds
[GC pause (G1 Humongous Allocation) (young) (initial-mark) 34M->8857K(128M), 0.0087217 secs]
[GC concurrent-root-region-scan-start]
[GC concurrent-root-region-scan-end, 0.0001659 secs]
[GC concurrent-mark-start]
[GC concurrent-mark-end, 0.0055539 secs]
Application time: 0.0057827 seconds
[GC remark, 0.0039059 secs]
Application time: 0.0006876 seconds
[GC cleanup 10M->10M(128M), 0.0002936 secs]
Application time: 0.3820057 seconds
[GC pause (G1 Humongous Allocation) (young) 68M->9865K(128M), 0.0184394 secs]
Application time: 0.1508933 seconds
[GC pause (G1 Humongous Allocation) (young) (initial-mark) 33M->9870K(128M), 0.0067001 secs]
[GC concurrent-root-region-scan-start]
[GC concurrent-root-region-scan-end, 0.0001291 secs]
[GC concurrent-mark-start]
[GC concurrent-mark-end, 0.0054296 secs]
Application time: 0.0056339 seconds
[GC remark, 0.0026314 secs]
Application time: 0.0000352 seconds
[GC cleanup 11M->11M(128M), 0.0002033 secs]
Application time: 0.3521475 seconds
[GC pause (G1 Humongous Allocation) (young) 68M->9869K(128M), 0.0144757 secs]
Application time: 0.1505184 seconds
[GC pause (G1 Humongous Allocation) (young) (initial-mark) 34M->9870K(128M), 0.0070621 secs]
[GC concurrent-root-region-scan-start]
[GC concurrent-root-region-scan-end, 0.0001245 secs]
[GC concurrent-mark-start]
[GC concurrent-mark-end, 0.0088285 secs]
Application time: 0.0088076 seconds
[GC remark, 0.0030392 secs]
Application time: 0.0000330 seconds
[GC cleanup 11M->11M(128M), 0.0002784 secs]
Application time: 0.3587563 seconds
[GC pause (G1 Humongous Allocation) (young) 67M->9872K(128M), 0.0147819 secs]
Application time: 0.1485133 seconds
[GC pause (G1 Humongous Allocation) (young) (initial-mark) 34M->9873K(128M), 0.0068618 secs]
[GC concurrent-root-region-scan-start]
[GC concurrent-root-region-scan-end, 0.0001246 secs]
[GC concurrent-mark-start]
[GC concurrent-mark-end, 0.0057702 secs]
Application time: 0.0059589 seconds
[GC remark, 0.0027942 secs]
Application time: 0.0000354 seconds
[GC cleanup 11M->11M(128M), 0.0002076 secs]
Application time: 0.3725320 seconds
[GC pause (G1 Humongous Allocation) (young) 68M->9875K(128M), 0.0184176 secs]
Application time: 0.1594329 seconds
[GC pause (G1 Humongous Allocation) (young) (initial-mark) 34M->9878K(128M), 0.0084118 secs]
[GC concurrent-root-region-scan-start]
[GC concurrent-root-region-scan-end, 0.0002003 secs]
[GC concurrent-mark-start]
[GC concurrent-mark-end, 0.0130592 secs]
Application time: 0.0130367 seconds
[GC remark, 0.0040360 secs]
Application time: 0.0000618 seconds
[GC cleanup 12M->12M(128M), 0.0004623 secs]
Application time: 0.3621123 seconds
[GC pause (G1 Humongous Allocation) (young) 68M->9880K(128M), 0.0178053 secs]
Application time: 0.1347394 seconds
[GC pause (G1 Humongous Allocation) (young) (initial-mark) 34M->9883K(128M), 0.0082195 secs]
[GC concurrent-root-region-scan-start]
[GC concurrent-root-region-scan-end, 0.0001996 secs]
[GC concurrent-mark-start]
[GC concurrent-mark-end, 0.0045211 secs]
Application time: 0.0048185 seconds
[GC remark, 0.0035601 secs]
Application time: 0.0000505 seconds
[GC cleanup 10M->10M(128M), 0.0003340 secs]
Application time: 0.3471817 seconds
[GC pause (G1 Humongous Allocation) (young) 68M->9885K(128M), 0.0179593 secs]
Application time: 0.1500083 seconds
[GC pause (G1 Humongous Allocation) (young) (initial-mark) 34M->9890K(128M), 0.0079774 secs]
[GC concurrent-root-region-scan-start]
[GC concurrent-root-region-scan-end, 0.0001593 secs]
[GC concurrent-mark-start]
[GC concurrent-mark-end, 0.0095097 secs]
Application time: 0.0097370 seconds
[GC remark, 0.0034571 secs]
Application time: 0.0000686 seconds
[GC cleanup 13M->13M(128M), 0.0002632 secs]
Application time: 0.3387772 seconds
[GC pause (G1 Humongous Allocation) (young) 68M->9888K(128M), 0.0191456 secs]
Application time: 0.1429950 seconds
[GC pause (G1 Humongous Allocation) (young) (initial-mark) 34M->9892K(128M), 0.0082080 secs]
[GC concurrent-root-region-scan-start]
[GC concurrent-root-region-scan-end, 0.0001674 secs]
[GC concurrent-mark-start]
[GC concurrent-mark-end, 0.0051418 secs]
Application time: 0.0054169 seconds
[GC remark, 0.0036148 secs]
Application time: 0.0000542 seconds
[GC cleanup 10M->10M(128M), 0.0003114 secs]
Application time: 0.3561928 seconds
[GC pause (G1 Humongous Allocation) (young) 68M->8884K(128M), 0.0178333 secs]
Application time: 0.1459940 seconds
[GC pause (G1 Humongous Allocation) (young) (initial-mark) 34M->9893K(128M), 0.0085216 secs]
[GC concurrent-root-region-scan-start]
[GC concurrent-root-region-scan-end, 0.0002453 secs]
[GC concurrent-mark-start]
[GC concurrent-mark-end, 0.0128070 secs]
Application time: 0.0131546 seconds
[GC remark, 0.0038316 secs]
Application time: 0.0000766 seconds
[GC cleanup 11M->11M(128M), 0.0002793 secs]
Application time: 0.3353359 seconds
[GC pause (G1 Humongous Allocation) (young) 68M->9893K(128M), 0.0177017 secs]
Application time: 0.1519302 seconds
[GC pause (G1 Humongous Allocation) (young) (initial-mark) 34M->9895K(128M), 0.0069039 secs]
[GC concurrent-root-region-scan-start]
[GC concurrent-root-region-scan-end, 0.0001846 secs]
[GC concurrent-mark-start]
[GC concurrent-mark-end, 0.0168272 secs]
Application time: 0.0170925 seconds
[GC remark, 0.0034292 secs]
Application time: 0.0000733 seconds
[GC cleanup 11M->11M(128M), 0.0003156 secs]
Application time: 0.3633745 seconds
[GC pause (G1 Humongous Allocation) (young) 68M->8873K(128M), 0.0138776 secs]
Application time: 0.1506330 seconds
[GC pause (G1 Humongous Allocation) (young) (initial-mark) 34M->9899K(128M), 0.0067017 secs]
[GC concurrent-root-region-scan-start]
[GC concurrent-root-region-scan-end, 0.0001425 secs]
[GC concurrent-mark-start]
[GC concurrent-mark-end, 0.0083109 secs]
Application time: 0.0084982 seconds
[GC remark, 0.0032240 secs]
Application time: 0.0000464 seconds
[GC cleanup 11M->11M(128M), 0.0002215 secs]
Application time: 0.3493784 seconds
[GC pause (G1 Humongous Allocation) (young) 68M->9897K(128M), 0.0139388 secs]
Application time: 0.1440456 seconds
[GC pause (G1 Humongous Allocation) (young) (initial-mark) 34M->8878K(128M), 0.0063940 secs]
[GC concurrent-root-region-scan-start]
[GC concurrent-root-region-scan-end, 0.0001080 secs]
[GC concurrent-mark-start]
[GC concurrent-mark-end, 0.0051671 secs]
Application time: 0.0053352 seconds
[GC remark, 0.0028870 secs]
Application time: 0.0000449 seconds
[GC cleanup 11M->11M(128M), 0.0002068 secs]
Application time: 0.3556954 seconds
[GC pause (G1 Humongous Allocation) (young) 68M->8878K(128M), 0.0140611 secs]
Application time: 0.1508776 seconds
[GC pause (G1 Humongous Allocation) (young) (initial-mark) 34M->9902K(128M), 0.0068046 secs]
[GC concurrent-root-region-scan-start]
[GC concurrent-root-region-scan-end, 0.0001227 secs]
[GC concurrent-mark-start]
[GC concurrent-mark-end, 0.0048398 secs]
Application time: 0.0076391 seconds
[GC remark, 0.0030323 secs]
Application time: 0.0000451 seconds
[GC cleanup 12M->12M(128M), 0.0002011 secs]
Application time: 0.3448089 seconds
[GC pause (G1 Humongous Allocation) (young) 68M->9905K(128M), 0.0139133 secs]
Application time: 0.1510129 seconds
[GC pause (G1 Humongous Allocation) (young) (initial-mark) 34M->9910K(128M), 0.0063827 secs]
[GC concurrent-root-region-scan-start]
[GC concurrent-root-region-scan-end, 0.0001101 secs]
[GC concurrent-mark-start]
[GC concurrent-mark-end, 0.0049360 secs]
Application time: 0.0051004 seconds
[GC remark, 0.0031274 secs]
Application time: 0.0000403 seconds
[GC cleanup 11M->11M(128M), 0.0002161 secs]
Application time: 0.4023152 seconds
[GC pause (G1 Humongous Allocation) (young) 68M->9910K(128M), 0.0148789 secs]
Application time: 0.1633735 seconds
[GC pause (G1 Humongous Allocation) (young) (initial-mark) 34M->9915K(128M), 0.0068295 secs]
[GC concurrent-root-region-scan-start]
[GC concurrent-root-region-scan-end, 0.0001400 secs]
[GC concurrent-mark-start]
[GC concurrent-mark-end, 0.0054309 secs]
Application time: 0.0056165 seconds
[GC remark, 0.0029130 secs]
Application time: 0.0000382 seconds
[GC cleanup 11M->11M(128M), 0.0002010 secs]
Application time: 0.3913204 seconds
[GC pause (G1 Humongous Allocation) (young) 68M->9915K(128M), 0.0153575 secs]
Application time: 0.1675743 seconds
[GC pause (G1 Humongous Allocation) (young) (initial-mark) 34M->8894K(128M), 0.0084370 secs]
[GC concurrent-root-region-scan-start]
[GC concurrent-root-region-scan-end, 0.0002432 secs]
[GC concurrent-mark-start]
[GC concurrent-mark-end, 0.0061652 secs]
Application time: 0.0094939 seconds
[GC remark, 0.0038180 secs]
Application time: 0.0000531 seconds
[GC cleanup 11M->11M(128M), 0.0002594 secs]
Application time: 0.3687046 seconds
[GC pause (G1 Humongous Allocation) (young) 68M->9922K(128M), 0.0188083 secs]
Application time: 0.1388146 seconds
[GC pause (G1 Humongous Allocation) (young) (initial-mark) 34M->9925K(128M), 0.0082787 secs]
[GC concurrent-root-region-scan-start]
[GC concurrent-root-region-scan-end, 0.0002527 secs]
[GC concurrent-mark-start]
[GC concurrent-mark-end, 0.0130458 secs]
Application time: 0.0133460 seconds
[GC remark, 0.0036394 secs]
Application time: 0.0000518 seconds
[GC cleanup 11M->11M(128M), 0.0002799 secs]
Application time: 0.3416769 seconds
[GC pause (G1 Humongous Allocation) (young) 68M->8905K(128M), 0.0177679 secs]
Application time: 0.1425914 seconds
[GC pause (G1 Humongous Allocation) (young) (initial-mark) 34M->9928K(128M), 0.0085576 secs]
[GC concurrent-root-region-scan-start]
[GC concurrent-root-region-scan-end, 0.0002216 secs]
[GC concurrent-mark-start]
[GC concurrent-mark-end, 0.0057307 secs]
Application time: 0.0115492 seconds
[GC remark, 0.0036656 secs]
Application time: 0.0000631 seconds
[GC cleanup 11M->11M(128M), 0.0002528 secs]
Application time: 0.3334411 seconds
[GC pause (G1 Humongous Allocation) (young) 68M->9927K(128M), 0.0178333 secs]
Application time: 0.1410117 seconds
[GC pause (G1 Humongous Allocation) (young) (initial-mark) 34M->9930K(128M), 0.0065026 secs]
[GC concurrent-root-region-scan-start]
[GC concurrent-root-region-scan-end, 0.0001303 secs]
[GC concurrent-mark-start]
[GC concurrent-mark-end, 0.0055319 secs]
Application time: 0.0057069 seconds
[GC remark, 0.0054704 secs]
Application time: 0.0000408 seconds
[GC cleanup 11M->11M(128M), 0.0003442 secs]
Application time: 0.3422614 seconds
[GC pause (G1 Humongous Allocation) (young) 68M->9932K(128M), 0.0142600 secs]
Application time: 0.1344435 seconds
[GC pause (G1 Humongous Allocation) (young) (initial-mark) 34M->9932K(128M), 0.0058464 secs]
[GC concurrent-root-region-scan-start]
[GC concurrent-root-region-scan-end, 0.0001288 secs]
[GC concurrent-mark-start]
[GC concurrent-mark-end, 0.0046936 secs]
Application time: 0.0048769 seconds
[GC remark, 0.0027782 secs]
Application time: 0.0000442 seconds
[GC cleanup 11M->11M(128M), 0.0002286 secs]
Application time: 0.3297901 seconds
[GC pause (G1 Humongous Allocation) (young) 68M->9932K(128M), 0.0131465 secs]
Application time: 0.1338229 seconds
[GC pause (G1 Humongous Allocation) (young) (initial-mark) 34M->9937K(128M), 0.0060142 secs]
[GC concurrent-root-region-scan-start]
[GC concurrent-root-region-scan-end, 0.0000957 secs]
[GC concurrent-mark-start]
[GC concurrent-mark-end, 0.0046061 secs]
Application time: 0.0047384 seconds
[GC remark, 0.0027180 secs]
Application time: 0.0000398 seconds
[GC cleanup 11M->11M(128M), 0.0001929 secs]
Application time: 0.3324419 seconds
[GC pause (G1 Humongous Allocation) (young) 68M->9939K(128M), 0.0133411 secs]
Application time: 0.1325465 seconds
[GC pause (G1 Humongous Allocation) (young) (initial-mark) 34M->9939K(128M), 0.0060288 secs]
[GC concurrent-root-region-scan-start]
[GC concurrent-root-region-scan-end, 0.0001165 secs]
[GC concurrent-mark-start]
[GC concurrent-mark-end, 0.0045822 secs]
Application time: 0.0047454 seconds
[GC remark, 0.0029522 secs]
Application time: 0.0000436 seconds
[GC cleanup 11M->11M(128M), 0.0002067 secs]
Application time: 0.3279827 seconds
[GC pause (G1 Humongous Allocation) (young) 68M->9941K(128M), 0.0133079 secs]
Application time: 0.1320159 seconds
[GC pause (G1 Humongous Allocation) (young) (initial-mark) 34M->9942K(128M), 0.0061387 secs]
[GC concurrent-root-region-scan-start]
[GC concurrent-root-region-scan-end, 0.0001346 secs]
[GC concurrent-mark-start]
[GC concurrent-mark-end, 0.0046498 secs]
Application time: 0.0053102 seconds
[GC remark, 0.0029173 secs]
Application time: 0.0000450 seconds
[GC cleanup 11M->11M(128M), 0.0001990 secs]
Application time: 0.3194248 seconds
[GC pause (G1 Humongous Allocation) (young) 68M->9944K(128M), 0.0135151 secs]
Application time: 0.1378184 seconds
[GC pause (G1 Humongous Allocation) (young) (initial-mark) 34M->9946K(128M), 0.0059523 secs]
[GC concurrent-root-region-scan-start]
[GC concurrent-root-region-scan-end, 0.0000976 secs]
[GC concurrent-mark-start]
[GC concurrent-mark-end, 0.0044943 secs]
Application time: 0.0046408 seconds
[GC remark, 0.0029475 secs]
Application time: 0.0000391 seconds
[GC cleanup 11M->11M(128M), 0.0002005 secs]
Application time: 0.3248634 seconds
[GC pause (G1 Humongous Allocation) (young) 68M->9949K(128M), 0.0131501 secs]
Application time: 0.1425843 seconds
[GC pause (G1 Humongous Allocation) (young) (initial-mark) 34M->9951K(128M), 0.0083912 secs]
[GC concurrent-root-region-scan-start]
[GC concurrent-root-region-scan-end, 0.0001165 secs]
[GC concurrent-mark-start]
[GC concurrent-mark-end, 0.0045803 secs]
Application time: 0.0047486 seconds
[GC remark, 0.0032816 secs]
Application time: 0.0060429 seconds
[GC cleanup 11M->11M(128M), 0.0002595 secs]
Application time: 0.3531667 seconds
[GC pause (G1 Humongous Allocation) (young) 68M->9952K(128M), 0.0150089 secs]
Application time: 0.1496239 seconds
[GC pause (G1 Humongous Allocation) (young) (initial-mark) 34M->9954K(128M), 0.0066806 secs]
[GC concurrent-root-region-scan-start]
[GC concurrent-root-region-scan-end, 0.0001010 secs]
[GC concurrent-mark-start]
[GC concurrent-mark-end, 0.0046642 secs]
Application time: 0.0048383 seconds
[GC remark, 0.0030132 secs]
Application time: 0.0000389 seconds
[GC cleanup 11M->11M(128M), 0.0002633 secs]
Application time: 0.3467619 seconds
[GC pause (G1 Humongous Allocation) (young) 68M->9954K(128M), 0.0183880 secs]
Application time: 0.1520206 seconds
[GC pause (G1 Humongous Allocation) (young) (initial-mark) 34M->8935K(128M), 0.0084327 secs]
[GC concurrent-root-region-scan-start]
[GC concurrent-root-region-scan-end, 0.0001714 secs]
[GC concurrent-mark-start]
[GC concurrent-mark-end, 0.0047010 secs]
Application time: 0.0049396 seconds
[GC remark, 0.0033022 secs]
Application time: 0.0023911 seconds
[GC cleanup 10M->10M(128M), 0.0002888 secs]
Application time: 0.3565922 seconds
[GC pause (G1 Humongous Allocation) (young) 68M->8949K(128M), 0.0185908 secs]
Application time: 0.1444706 seconds
[GC pause (G1 Humongous Allocation) (young) (initial-mark) 34M->9961K(128M), 0.0086618 secs]
[GC concurrent-root-region-scan-start]
[GC concurrent-root-region-scan-end, 0.0001199 secs]
[GC concurrent-mark-start]
[GC concurrent-mark-end, 0.0044754 secs]
Application time: 0.0064459 seconds
[GC remark, 0.0034274 secs]
Application time: 0.0000697 seconds
[GC cleanup 11M->11M(128M), 0.0002722 secs]
Application time: 0.3384319 seconds
[GC pause (G1 Humongous Allocation) (young) 68M->9961K(128M), 0.0175541 secs]
Application time: 0.1455398 seconds
[GC pause (G1 Humongous Allocation) (young) (initial-mark) 34M->8940K(128M), 0.0080637 secs]
[GC concurrent-root-region-scan-start]
[GC concurrent-root-region-scan-end, 0.0001796 secs]
[GC concurrent-mark-start]
[GC concurrent-mark-end, 0.0044390 secs]
Application time: 0.0046658 seconds
[GC remark, 0.0033738 secs]
Application time: 0.0050458 seconds
[GC cleanup 11M->11M(128M), 0.0002791 secs]
Application time: 0.3262726 seconds
[GC pause (G1 Humongous Allocation) (young) 68M->9962K(128M), 0.0179641 secs]
Application time: 0.1384317 seconds
[GC pause (G1 Humongous Allocation) (young) (initial-mark) 34M->9964K(128M), 0.0081484 secs]
[GC concurrent-root-region-scan-start]
[GC concurrent-root-region-scan-end, 0.0001200 secs]
[GC concurrent-mark-start]
[GC concurrent-mark-end, 0.0047523 secs]
Application time: 0.0049300 seconds
[GC remark, 0.0033070 secs]
Application time: 0.0025721 seconds
[GC cleanup 12M->12M(128M), 0.0004337 secs]
Application time: 0.3230076 seconds
[GC pause (G1 Humongous Allocation) (young) 68M->9967K(128M), 0.0192352 secs]
Application time: 0.1405531 seconds
[GC pause (G1 Humongous Allocation) (young) (initial-mark) 34M->9969K(128M), 0.0082346 secs]
[GC concurrent-root-region-scan-start]
[GC concurrent-root-region-scan-end, 0.0001145 secs]
[GC concurrent-mark-start]
[GC concurrent-mark-end, 0.0045420 secs]
Application time: 0.0118211 seconds
[GC remark, 0.0051214 secs]
Application time: 0.0000705 seconds
[GC cleanup 11M->11M(128M), 0.0003634 secs]
Application time: 0.3305384 seconds
[GC pause (G1 Humongous Allocation) (young) 68M->9972K(128M), 0.0178023 secs]
Application time: 0.1441403 seconds
[GC pause (G1 Humongous Allocation) (young) (initial-mark) 34M->9974K(128M), 0.0080739 secs]
[GC concurrent-root-region-scan-start]
[GC concurrent-root-region-scan-end, 0.0001492 secs]
[GC concurrent-mark-start]
[GC concurrent-mark-end, 0.0047881 secs]
Application time: 0.0049893 seconds
[GC remark, 0.0032722 secs]
Application time: 0.0031595 seconds
[GC cleanup 11M->11M(128M), 0.0002597 secs]
Application time: 0.3351103 seconds
[GC pause (G1 Humongous Allocation) (young) 68M->9977K(128M), 0.0176869 secs]
Application time: 0.1392450 seconds
[GC pause (G1 Humongous Allocation) (young) (initial-mark) 34M->8973K(128M), 0.0079579 secs]
[GC concurrent-root-region-scan-start]
[GC concurrent-root-region-scan-end, 0.0002488 secs]
[GC concurrent-mark-start]
[GC concurrent-mark-end, 0.0048878 secs]
Application time: 0.0051897 seconds
[GC remark, 0.0035133 secs]
Application time: 0.0000308 seconds
[GC cleanup 10M->10M(128M), 0.0002678 secs]
Application time: 0.4003636 seconds
[GC pause (G1 Humongous Allocation) (young) 68M->9982K(128M), 0.0159358 secs]
Application time: 0.1612258 seconds
[GC pause (G1 Humongous Allocation) (young) (initial-mark) 34M->8976K(128M), 0.0068450 secs]
[GC concurrent-root-region-scan-start]
[GC concurrent-root-region-scan-end, 0.0001268 secs]
[GC concurrent-mark-start]
[GC concurrent-mark-end, 0.0054579 secs]
Application time: 0.0056515 seconds
[GC remark, 0.0029389 secs]
Application time: 0.0000386 seconds
[GC cleanup 10M->10M(128M), 0.0002486 secs]
Application time: 0.3703316 seconds
[GC pause (G1 Humongous Allocation) (young) 68M->9987K(128M), 0.0147316 secs]
Application time: 0.1498368 seconds
[GC pause (G1 Humongous Allocation) (young) (initial-mark) 34M->9984K(128M), 0.0069196 secs]
[GC concurrent-root-region-scan-start]
[GC concurrent-root-region-scan-end, 0.0001393 secs]
[GC concurrent-mark-start]
[GC concurrent-mark-end, 0.0056789 secs]
Application time: 0.0059196 seconds
[GC remark, 0.0040175 secs]
Application time: 0.0000322 seconds
[GC cleanup 11M->11M(128M), 0.0002773 secs]
Application time: 0.3575535 seconds
[GC pause (G1 Humongous Allocation) (young) 68M->9989K(128M), 0.0194286 secs]
Application time: 0.1397567 seconds
[GC pause (G1 Humongous Allocation) (young) (initial-mark) 34M->9991K(128M), 0.0080577 secs]
[GC concurrent-root-region-scan-start]
[GC concurrent-root-region-scan-end, 0.0001174 secs]
[GC concurrent-mark-start]
[GC concurrent-mark-end, 0.0137602 secs]
Application time: 0.0139315 seconds
[GC remark, 0.0033671 secs]
Application time: 0.0000425 seconds
[GC cleanup 12M->12M(128M), 0.0002520 secs]
Application time: 0.3388600 seconds
[GC pause (G1 Humongous Allocation) (young) 68M->9991K(128M), 0.0176826 secs]
Application time: 0.1673716 seconds
[GC pause (G1 Humongous Allocation) (young) (initial-mark) 34M->9996K(128M), 0.0088494 secs]
[GC concurrent-root-region-scan-start]
[GC concurrent-root-region-scan-end, 0.0001426 secs]
[GC concurrent-mark-start]
[GC concurrent-mark-end, 0.0083520 secs]
Application time: 0.0086114 seconds
[GC remark, 0.0040899 secs]
Application time: 0.0000548 seconds
[GC cleanup 11M->11M(128M), 0.0002956 secs]
Application time: 0.4646166 seconds
[GC pause (G1 Humongous Allocation) (young) 68M->9994K(128M), 0.0208395 secs]
Application time: 0.1579463 seconds
[GC pause (G1 Humongous Allocation) (young) (initial-mark) 34M->9998K(128M), 0.0083793 secs]
[GC concurrent-root-region-scan-start]
[GC concurrent-root-region-scan-end, 0.0002266 secs]
[GC concurrent-mark-start]
[GC concurrent-mark-end, 0.0055275 secs]
Application time: 0.0058207 seconds
[GC remark, 0.0033009 secs]
Application time: 0.0000398 seconds
[GC cleanup 11M->11M(128M), 0.0002286 secs]
Application time: 0.3807018 seconds
[GC pause (G1 Humongous Allocation) (young) 68M->10000K(128M), 0.0183770 secs]
Application time: 0.1604906 seconds
[GC pause (G1 Humongous Allocation) (young) (initial-mark) 34M->8979K(128M), 0.0081218 secs]
[GC concurrent-root-region-scan-start]
[GC concurrent-root-region-scan-end, 0.0001191 secs]
[GC concurrent-mark-start]
[GC concurrent-mark-end, 0.0054430 secs]
Application time: 0.0056573 seconds
[GC remark, 0.0033589 secs]
Application time: 0.0006006 seconds
[GC cleanup 10M->10M(128M), 0.0002456 secs]
Application time: 0.3776247 seconds
[GC pause (G1 Humongous Allocation) (young) 67M->10004K(128M), 0.0183318 secs]
Application time: 0.1502122 seconds
[GC pause (G1 Humongous Allocation) (young) (initial-mark) 34M->10008K(128M), 0.0079299 secs]
[GC concurrent-root-region-scan-start]
[GC concurrent-root-region-scan-end, 0.0001449 secs]
[GC concurrent-mark-start]
[GC concurrent-mark-end, 0.0147356 secs]
Application time: 0.0149515 seconds
[GC remark, 0.0036168 secs]
Application time: 0.0000651 seconds
[GC cleanup 12M->12M(128M), 0.0002837 secs]
Application time: 0.3640356 seconds
[GC pause (G1 Humongous Allocation) (young) 68M->8986K(128M), 0.0179365 secs]
Application time: 0.1620619 seconds
[GC pause (G1 Humongous Allocation) (young) (initial-mark) 34M->10011K(128M), 0.0084656 secs]
[GC concurrent-root-region-scan-start]
[GC concurrent-root-region-scan-end, 0.0001293 secs]
[GC concurrent-mark-start]
[GC concurrent-mark-end, 0.0055566 secs]
Application time: 0.0057908 seconds
[GC remark, 0.0035402 secs]
Application time: 0.0003332 seconds
[GC cleanup 10011K->10011K(128M), 0.0002484 secs]
Application time: 0.3425784 seconds
[GC pause (G1 Humongous Allocation) (young) 68M->10015K(128M), 0.0175559 secs]
Application time: 0.1383009 seconds
[GC pause (G1 Humongous Allocation) (young) (initial-mark) 34M->10016K(128M), 0.0081099 secs]
[GC concurrent-root-region-scan-start]
[GC concurrent-root-region-scan-end, 0.0002464 secs]
[GC concurrent-mark-start]
[GC concurrent-mark-end, 0.0091950 secs]
Application time: 0.0094968 seconds
[GC remark, 0.0037387 secs]
Application time: 0.0005052 seconds
[GC cleanup 11M->11M(128M), 0.0004118 secs]
Application time: 0.3228602 seconds
[GC pause (G1 Humongous Allocation) (young) 68M->10018K(128M), 0.0175407 secs]
Application time: 0.1624150 seconds
[GC pause (G1 Humongous Allocation) (young) (initial-mark) 34M->10018K(128M), 0.0065231 secs]
[GC concurrent-root-region-scan-start]
[GC concurrent-root-region-scan-end, 0.0001054 secs]
[GC concurrent-mark-start]
[GC concurrent-mark-end, 0.0057746 secs]
Application time: 0.0057736 seconds
[GC remark, 0.0032430 secs]
Application time: 0.0000419 seconds
[GC cleanup 11M->11M(128M), 0.0002044 secs]
Application time: 0.3574254 seconds
[GC pause (G1 Humongous Allocation) (young) 68M->10018K(128M), 0.0145864 secs]
Application time: 0.1567055 seconds
[GC pause (G1 Humongous Allocation) (young) (initial-mark) 34M->10023K(128M), 0.0066839 secs]
[GC concurrent-root-region-scan-start]
[GC concurrent-root-region-scan-end, 0.0001163 secs]
[GC concurrent-mark-start]
[GC concurrent-mark-end, 0.0057732 secs]
Application time: 0.0059620 seconds
[GC remark, 0.0033818 secs]
Application time: 0.0000411 seconds
[GC cleanup 11M->11M(128M), 0.0002206 secs]
Application time: 0.3567368 seconds
[GC pause (G1 Humongous Allocation) (young) 68M->10021K(128M), 0.0141478 secs]
Application time: 0.1502708 seconds
[GC pause (G1 Humongous Allocation) (young) (initial-mark) 34M->9003K(128M), 0.0064257 secs]
[GC concurrent-root-region-scan-start]
[GC concurrent-root-region-scan-end, 0.0001254 secs]
[GC concurrent-mark-start]
[GC concurrent-mark-end, 0.0054450 secs]
Application time: 0.0056542 seconds
[GC remark, 0.0027227 secs]
Application time: 0.0000418 seconds
[GC cleanup 10M->10M(128M), 0.0002057 secs]
Application time: 0.3628739 seconds
[GC pause (G1 Humongous Allocation) (young) 68M->10024K(128M), 0.0150580 secs]
Application time: 0.1558636 seconds
[GC pause (G1 Humongous Allocation) (young) (initial-mark) 34M->10026K(128M), 0.0072445 secs]
[GC concurrent-root-region-scan-start]
[GC concurrent-root-region-scan-end, 0.0001364 secs]
[GC concurrent-mark-start]
[GC concurrent-mark-end, 0.0054884 secs]
Application time: 0.0057028 seconds
[GC remark, 0.0029261 secs]
Application time: 0.0000458 seconds
[GC cleanup 10026K->10026K(128M), 0.0002233 secs]
Application time: 0.3575231 seconds
[GC pause (G1 Humongous Allocation) (young) 68M->10028K(128M), 0.0140843 secs]
Application time: 0.1398893 seconds
[GC pause (G1 Humongous Allocation) (young) (initial-mark) 34M->10028K(128M), 0.0064095 secs]
[GC concurrent-root-region-scan-start]
[GC concurrent-root-region-scan-end, 0.0001168 secs]
[GC concurrent-mark-start]
[GC concurrent-mark-end, 0.0054744 secs]
Application time: 0.0056340 seconds
[GC remark, 0.0027911 secs]
Application time: 0.0000586 seconds
[GC cleanup 11M->11M(128M), 0.0002008 secs]
Application time: 0.3758699 seconds
[GC pause (G1 Humongous Allocation) (young) 68M->10031K(128M), 0.0195461 secs]
Application time: 0.1640436 seconds
[GC pause (G1 Humongous Allocation) (young) (initial-mark) 34M->10036K(128M), 0.0085690 secs]
[GC concurrent-root-region-scan-start]
[GC concurrent-root-region-scan-end, 0.0001533 secs]
[GC concurrent-mark-start]
[GC concurrent-mark-end, 0.0055201 secs]
Application time: 0.0057212 seconds
[GC remark, 0.0033966 secs]
Application time: 0.0000485 seconds
[GC cleanup 10M->10M(128M), 0.0002684 secs]
Application time: 0.3922341 seconds
[GC pause (G1 Humongous Allocation) (young) 68M->10038K(128M), 0.0187899 secs]
Application time: 0.1644014 seconds
[GC pause (G1 Humongous Allocation) (young) (initial-mark) 34M->10038K(128M), 0.0085825 secs]
[GC concurrent-root-region-scan-start]
[GC concurrent-root-region-scan-end, 0.0002619 secs]
[GC concurrent-mark-start]
[GC concurrent-mark-end, 0.0147472 secs]
Application time: 0.0150851 seconds
[GC remark, 0.0037344 secs]
Application time: 0.0000632 seconds
[GC cleanup 12M->12M(128M), 0.0002884 secs]
Application time: 0.3766932 seconds
[GC pause (G1 Humongous Allocation) (young) 67M->10043K(128M), 0.0189889 secs]
Application time: 0.1638885 seconds
[GC pause (G1 Humongous Allocation) (young) (initial-mark) 34M->10043K(128M), 0.0088537 secs]
[GC concurrent-root-region-scan-start]
[GC concurrent-root-region-scan-end, 0.0001451 secs]
[GC concurrent-mark-start]
[GC concurrent-mark-end, 0.0055193 secs]
Application time: 0.0057206 seconds
[GC remark, 0.0034824 secs]
Application time: 0.0000506 seconds
[GC cleanup 11M->11M(128M), 0.0003064 secs]
Application time: 0.3935049 seconds
[GC pause (G1 Humongous Allocation) (young) 68M->10046K(128M), 0.0187064 secs]
Application time: 0.1680211 seconds
[GC pause (G1 Humongous Allocation) (young) (initial-mark) 34M->10048K(128M), 0.0085985 secs]
[GC concurrent-root-region-scan-start]
[GC concurrent-root-region-scan-end, 0.0001553 secs]
[GC concurrent-mark-start]
[GC concurrent-mark-end, 0.0055405 secs]
Application time: 0.0057609 seconds
[GC remark, 0.0034479 secs]
Application time: 0.0000521 seconds
[GC cleanup 11M->11M(128M), 0.0002680 secs]
Application time: 0.3921872 seconds
[GC pause (G1 Humongous Allocation) (young) 68M->10050K(128M), 0.0186925 secs]
Application time: 0.1645804 seconds
[GC pause (G1 Humongous Allocation) (young) (initial-mark) 34M->9024K(128M), 0.0085237 secs]
[GC concurrent-root-region-scan-start]
[GC concurrent-root-region-scan-end, 0.0001554 secs]
[GC concurrent-mark-start]
Application time: 0.0001648 seconds
[GC concurrent-mark-end, 0.0057367 secs]
Application time: 0.0056257 seconds
[GC remark, 0.0034725 secs]
Application time: 0.0000551 seconds
[GC cleanup 10M->10M(128M), 0.0002593 secs]
Application time: 0.4245979 seconds
[GC pause (G1 Humongous Allocation) (young) 68M->10053K(128M), 0.0163552 secs]
Application time: 0.1643939 seconds
[GC pause (G1 Humongous Allocation) (young) (initial-mark) 34M->10053K(128M), 0.0073371 secs]
[GC concurrent-root-region-scan-start]
[GC concurrent-root-region-scan-end, 0.0001410 secs]
[GC concurrent-mark-start]
[GC concurrent-mark-end, 0.0055149 secs]
Application time: 0.0106743 seconds
[GC remark, 0.0030654 secs]
Application time: 0.0000446 seconds
[GC cleanup 11M->11M(128M), 0.0002164 secs]
Application time: 0.3923243 seconds
[GC pause (G1 Humongous Allocation) (young) 68M->10055K(128M), 0.0161112 secs]
Application time: 0.1524541 seconds
[GC pause (G1 Humongous Allocation) (young) (initial-mark) 34M->10056K(128M), 0.0084089 secs]
[GC concurrent-root-region-scan-start]
[GC concurrent-root-region-scan-end, 0.0001244 secs]
[GC concurrent-mark-start]
[GC concurrent-mark-end, 0.0054184 secs]
Application time: 0.0055986 seconds
[GC remark, 0.0031014 secs]
Application time: 0.0000399 seconds
[GC cleanup 10M->10M(128M), 0.0002193 secs]
Application time: 0.3957918 seconds
[GC pause (G1 Humongous Allocation) (young) 68M->10058K(128M), 0.0166187 secs]
Application time: 0.1672123 seconds
[GC pause (G1 Humongous Allocation) (young) (initial-mark) 34M->10063K(128M), 0.0075736 secs]
[GC concurrent-root-region-scan-start]
[GC concurrent-root-region-scan-end, 0.0001286 secs]
[GC concurrent-mark-start]
[GC concurrent-mark-end, 0.0095373 secs]
Application time: 0.0097139 seconds
[GC remark, 0.0032256 secs]
Application time: 0.0000497 seconds
[GC cleanup 13M->13M(128M), 0.0002161 secs]
Application time: 0.3794803 seconds
[GC pause (G1 Humongous Allocation) (young) 67M->9041K(128M), 0.0170524 secs]
Application time: 0.1636195 seconds
[GC pause (G1 Humongous Allocation) (young) (initial-mark) 34M->10068K(128M), 0.0079978 secs]
[GC concurrent-root-region-scan-start]
[GC concurrent-root-region-scan-end, 0.0001300 secs]
[GC concurrent-mark-start]
[GC concurrent-mark-end, 0.0055211 secs]
Application time: 0.0057131 seconds
[GC remark, 0.0030878 secs]
Application time: 0.0000457 seconds
[GC cleanup 11M->11M(128M), 0.0002125 secs]
Application time: 0.3981701 seconds
[GC pause (G1 Humongous Allocation) (young) 68M->10068K(128M), 0.0169188 secs]
Application time: 0.1675859 seconds
[GC pause (G1 Humongous Allocation) (young) (initial-mark) 34M->9063K(128M), 0.0071870 secs]
[GC concurrent-root-region-scan-start]
[GC concurrent-root-region-scan-end, 0.0001372 secs]
[GC concurrent-mark-start]
[GC concurrent-mark-end, 0.0054626 secs]
Application time: 0.0056480 seconds
[GC remark, 0.0028697 secs]
Application time: 0.0000417 seconds
[GC cleanup 11M->11M(128M), 0.0002294 secs]
Application time: 0.3839451 seconds
[GC pause (G1 Humongous Allocation) (young) 67M->10071K(128M), 0.0163482 secs]
Application time: 0.1639773 seconds
[GC pause (G1 Humongous Allocation) (young) (initial-mark) 34M->10075K(128M), 0.0072640 secs]
[GC concurrent-root-region-scan-start]
[GC concurrent-root-region-scan-end, 0.0001217 secs]
[GC concurrent-mark-start]
[GC concurrent-mark-end, 0.0055272 secs]
Application time: 0.0056973 seconds
[GC remark, 0.0031094 secs]
Application time: 0.0000395 seconds
[GC cleanup 12M->12M(128M), 0.0002003 secs]
Application time: 0.3834080 seconds
[GC pause (G1 Humongous Allocation) (young) 68M->10073K(128M), 0.0144108 secs]
Application time: 0.1381784 seconds
[GC pause (G1 Humongous Allocation) (young) (initial-mark) 34M->10076K(128M), 0.0064753 secs]
[GC concurrent-root-region-scan-start]
[GC concurrent-root-region-scan-end, 0.0001052 secs]
[GC concurrent-mark-start]
[GC concurrent-mark-end, 0.0044813 secs]
Application time: 0.0046197 seconds
[GC remark, 0.0047192 secs]
Application time: 0.0000398 seconds
[GC cleanup 10M->10M(128M), 0.0002050 secs]
Application time: 0.3440215 seconds
[GC pause (G1 Humongous Allocation) (young) 68M->10076K(128M), 0.0142456 secs]
Application time: 0.1396013 seconds
[GC pause (G1 Humongous Allocation) (young) (initial-mark) 34M->10080K(128M), 0.0064038 secs]
[GC concurrent-root-region-scan-start]
[GC concurrent-root-region-scan-end, 0.0000995 secs]
[GC concurrent-mark-start]
[GC concurrent-mark-end, 0.0044471 secs]
Application time: 0.0046055 seconds
[GC remark, 0.0029855 secs]
Application time: 0.0000328 seconds
[GC cleanup 11M->11M(128M), 0.0002847 secs]
Application time: 0.3479114 seconds
[GC pause (G1 Humongous Allocation) (young) 68M->10081K(128M), 0.0144908 secs]
Application time: 0.1400663 seconds
[GC pause (G1 Humongous Allocation) (young) (initial-mark) 34M->10081K(128M), 0.0067140 secs]
[GC concurrent-root-region-scan-start]
[GC concurrent-root-region-scan-end, 0.0001339 secs]
[GC concurrent-mark-start]
[GC concurrent-mark-end, 0.0047280 secs]
Application time: 0.0048621 seconds
[GC remark, 0.0029666 secs]
Application time: 0.0000290 seconds
[GC cleanup 11M->11M(128M), 0.0002306 secs]
Application time: 0.3417693 seconds
[GC pause (G1 Humongous Allocation) (young) 68M->10083K(128M), 0.0148943 secs]
Application time: 0.1531730 seconds
[GC pause (G1 Humongous Allocation) (young) (initial-mark) 34M->10083K(128M), 0.0069555 secs]
[GC concurrent-root-region-scan-start]
[GC concurrent-root-region-scan-end, 0.0001564 secs]
[GC concurrent-mark-start]
[GC concurrent-mark-end, 0.0050882 secs]
Application time: 0.0052446 seconds
[GC remark, 0.0033972 secs]
Application time: 0.0000372 seconds
[GC cleanup 11M->11M(128M), 0.0002248 secs]
Application time: 0.3562896 seconds
[GC pause (G1 Humongous Allocation) (young) 68M->9077K(128M), 0.0143567 secs]
Application time: 0.1449551 seconds
[GC pause (G1 Humongous Allocation) (young) (initial-mark) 34M->10086K(128M), 0.0068581 secs]
[GC concurrent-root-region-scan-start]
[GC concurrent-root-region-scan-end, 0.0001636 secs]
[GC concurrent-mark-start]
[GC concurrent-mark-end, 0.0050639 secs]
Application time: 0.0052385 seconds
[GC remark, 0.0033680 secs]
Application time: 0.0000373 seconds
[GC cleanup 10M->10M(128M), 0.0002162 secs]
Application time: 0.3279342 seconds
[GC pause (G1 Humongous Allocation) (young) 68M->10088K(128M), 0.0140655 secs]
Application time: 0.1399225 seconds
[GC pause (G1 Humongous Allocation) (young) (initial-mark) 34M->10091K(128M), 0.0064396 secs]
[GC concurrent-root-region-scan-start]
[GC concurrent-root-region-scan-end, 0.0001302 secs]
[GC concurrent-mark-start]
[GC concurrent-mark-end, 0.0047990 secs]
Application time: 0.0049844 seconds
[GC remark, 0.0030131 secs]
Application time: 0.0000364 seconds
[GC cleanup 11M->11M(128M), 0.0002408 secs]
Application time: 0.3426876 seconds
[GC pause (G1 Humongous Allocation) (young) 68M->9082K(128M), 0.0141195 secs]
Application time: 0.1351673 seconds
[GC pause (G1 Humongous Allocation) (young) (initial-mark) 33M->10091K(128M), 0.0067880 secs]
[GC concurrent-root-region-scan-start]
[GC concurrent-root-region-scan-end, 0.0001576 secs]
[GC concurrent-mark-start]
[GC concurrent-mark-end, 0.0051054 secs]
Application time: 0.0052604 seconds
[GC remark, 0.0031011 secs]
Application time: 0.0000331 seconds
[GC cleanup 11M->11M(128M), 0.0002181 secs]
Application time: 0.3347453 seconds
[GC pause (G1 Humongous Allocation) (young) 68M->10093K(128M), 0.0141688 secs]
Application time: 0.1428181 seconds
[GC pause (G1 Humongous Allocation) (young) (initial-mark) 34M->10098K(128M), 0.0068043 secs]
[GC concurrent-root-region-scan-start]
[GC concurrent-root-region-scan-end, 0.0002652 secs]
[GC concurrent-mark-start]
[GC concurrent-mark-end, 0.0051279 secs]
Application time: 0.0054689 seconds
[GC remark, 0.0032451 secs]
Application time: 0.0000446 seconds
[GC cleanup 11M->11M(128M), 0.0002320 secs]
Application time: 0.3323236 seconds
[GC pause (G1 Humongous Allocation) (young) 68M->10098K(128M), 0.0140569 secs]
Application time: 0.1382927 seconds
[GC pause (G1 Humongous Allocation) (young) (initial-mark) 34M->9079K(128M), 0.0064042 secs]
[GC concurrent-root-region-scan-start]
[GC concurrent-root-region-scan-end, 0.0000968 secs]
[GC concurrent-mark-start]
[GC concurrent-mark-end, 0.0045338 secs]
Application time: 0.0046767 seconds
[GC remark, 0.0031326 secs]
Application time: 0.0000540 seconds
[GC cleanup 10M->10M(128M), 0.0002067 secs]
Application time: 0.3354849 seconds
[GC pause (G1 Humongous Allocation) (young) 68M->10104K(128M), 0.0143172 secs]
Application time: 0.1377748 seconds
[GC pause (G1 Humongous Allocation) (young) (initial-mark) 34M->10106K(128M), 0.0065635 secs]
[GC concurrent-root-region-scan-start]
[GC concurrent-root-region-scan-end, 0.0001146 secs]
[GC concurrent-mark-start]
[GC concurrent-mark-end, 0.0051697 secs]
Application time: 0.0053660 seconds
[GC remark, 0.0029651 secs]
Application time: 0.0000457 seconds
[GC cleanup 10M->10M(128M), 0.0002398 secs]
Application time: 0.3385568 seconds
[GC pause (G1 Humongous Allocation) (young) 68M->10108K(128M), 0.0141372 secs]
Application time: 0.1428583 seconds
[GC pause (G1 Humongous Allocation) (young) (initial-mark) 34M->10111K(128M), 0.0065682 secs]
[GC concurrent-root-region-scan-start]
[GC concurrent-root-region-scan-end, 0.0000980 secs]
[GC concurrent-mark-start]
[GC concurrent-mark-end, 0.0047347 secs]
Application time: 0.0049237 seconds
[GC remark, 0.0030060 secs]
Application time: 0.0000436 seconds
[GC cleanup 10111K->10111K(128M), 0.0002401 secs]
Application time: 0.3283644 seconds
[GC pause (G1 Humongous Allocation) (young) 68M->10111K(128M), 0.0138669 secs]
Application time: 0.1384876 seconds
[GC pause (G1 Humongous Allocation) (young) (initial-mark) 34M->10115K(128M), 0.0064169 secs]
[GC concurrent-root-region-scan-start]
[GC concurrent-root-region-scan-end, 0.0001232 secs]
[GC concurrent-mark-start]
[GC concurrent-mark-end, 0.0045176 secs]
Application time: 0.0071104 seconds
[GC remark, 0.0031628 secs]
Application time: 0.0000479 seconds
[GC cleanup 10M->10M(128M), 0.0002311 secs]
Application time: 0.3207283 seconds
[GC pause (G1 Humongous Allocation) (young) 68M->9091K(128M), 0.0149691 secs]
Application time: 0.1394229 seconds
[GC pause (G1 Humongous Allocation) (young) (initial-mark) 34M->10118K(128M), 0.0065671 secs]
[GC concurrent-root-region-scan-start]
[GC concurrent-root-region-scan-end, 0.0001110 secs]
[GC concurrent-mark-start]
[GC concurrent-mark-end, 0.0047143 secs]
Application time: 0.0048820 seconds
[GC remark, 0.0027895 secs]
Application time: 0.0000468 seconds
[GC cleanup 11M->11M(128M), 0.0002367 secs]
Application time: 0.3301297 seconds
[GC pause (G1 Humongous Allocation) (young) 68M->10120K(128M), 0.0144088 secs]
Application time: 0.1342402 seconds
[GC pause (G1 Humongous Allocation) (young) (initial-mark) 34M->10123K(128M), 0.0064276 secs]
[GC concurrent-root-region-scan-start]
[GC concurrent-root-region-scan-end, 0.0001236 secs]
[GC concurrent-mark-start]
[GC concurrent-mark-end, 0.0048603 secs]
Application time: 0.0050344 seconds
[GC remark, 0.0029828 secs]
Application time: 0.0000497 seconds
[GC cleanup 11M->11M(128M), 0.0002184 secs]
Application time: 0.3263050 seconds
[GC pause (G1 Humongous Allocation) (young) 68M->10123K(128M), 0.0136311 secs]
Application time: 0.1357638 seconds
[GC pause (G1 Humongous Allocation) (young) (initial-mark) 34M->10126K(128M), 0.0061754 secs]
[GC concurrent-root-region-scan-start]
[GC concurrent-root-region-scan-end, 0.0001203 secs]
[GC concurrent-mark-start]
[GC concurrent-mark-end, 0.0049153 secs]
Application time: 0.0050757 seconds
[GC remark, 0.0029898 secs]
Application time: 0.0029312 seconds
[GC cleanup 11M->11M(128M), 0.0002053 secs]
Application time: 0.3086126 seconds
[GC pause (G1 Humongous Allocation) (young) 67M->10128K(128M), 0.0136921 secs]
Application time: 0.1319315 seconds
[GC pause (G1 Humongous Allocation) (young) (initial-mark) 34M->10133K(128M), 0.0062046 secs]
[GC concurrent-root-region-scan-start]
[GC concurrent-root-region-scan-end, 0.0001203 secs]
[GC concurrent-mark-start]
[GC concurrent-mark-end, 0.0047731 secs]
Application time: 0.0049404 seconds
[GC remark, 0.0028187 secs]
Application time: 0.0000488 seconds
[GC cleanup 11M->11M(128M), 0.0002096 secs]
Application time: 0.3194440 seconds
[GC pause (G1 Humongous Allocation) (young) 68M->10135K(128M), 0.0132065 secs]
Application time: 0.1233820 seconds
[GC pause (G1 Humongous Allocation) (young) (initial-mark) 34M->10136K(128M), 0.0061338 secs]
[GC concurrent-root-region-scan-start]
[GC concurrent-root-region-scan-end, 0.0001179 secs]
[GC concurrent-mark-start]
[GC concurrent-mark-end, 0.0047814 secs]
Application time: 0.0055712 seconds
[GC remark, 0.0031669 secs]
Application time: 0.0000332 seconds
[GC cleanup 10136K->10136K(128M), 0.0002195 secs]
Application time: 0.3074132 seconds
[GC pause (G1 Humongous Allocation) (young) 68M->10138K(128M), 0.0135487 secs]
Application time: 0.1302208 seconds
[GC pause (G1 Humongous Allocation) (young) (initial-mark) 34M->10141K(128M), 0.0059732 secs]
[GC concurrent-root-region-scan-start]
[GC concurrent-root-region-scan-end, 0.0001199 secs]
[GC concurrent-mark-start]
[GC concurrent-mark-end, 0.0043732 secs]
Application time: 0.0045529 seconds
[GC remark, 0.0029324 secs]
Application time: 0.0000487 seconds
[GC cleanup 11M->11M(128M), 0.0002159 secs]
Application time: 0.3000513 seconds
[GC pause (G1 Humongous Allocation) (young) 67M->10141K(128M), 0.0135202 secs]
Application time: 0.1288978 seconds
[GC pause (G1 Humongous Allocation) (young) (initial-mark) 34M->10146K(128M), 0.0062215 secs]
[GC concurrent-root-region-scan-start]
[GC concurrent-root-region-scan-end, 0.0001356 secs]
[GC concurrent-mark-start]
[GC concurrent-mark-end, 0.0044746 secs]
Application time: 0.0046513 seconds
[GC remark, 0.0029176 secs]
Application time: 0.0000569 seconds
[GC cleanup 11M->11M(128M), 0.0002166 secs]
Application time: 0.3069674 seconds
[GC pause (G1 Humongous Allocation) (young) 68M->10143K(128M), 0.0132467 secs]
Application time: 0.1398807 seconds
[GC pause (G1 Humongous Allocation) (young) (initial-mark) 34M->10148K(128M), 0.0063962 secs]
[GC concurrent-root-region-scan-start]
[GC concurrent-root-region-scan-end, 0.0001205 secs]
[GC concurrent-mark-start]
[GC concurrent-mark-end, 0.0048966 secs]
Application time: 0.0050607 seconds
[GC remark, 0.0027606 secs]
Application time: 0.0000505 seconds
[GC cleanup 11M->11M(128M), 0.0002133 secs]
Application time: 0.2978243 seconds
[GC pause (G1 Humongous Allocation) (young) 68M->10148K(128M), 0.0166153 secs]
Application time: 0.1463875 seconds
[GC pause (G1 Humongous Allocation) (young) (initial-mark) 34M->10150K(128M), 0.0084791 secs]
[GC concurrent-root-region-scan-start]
[GC concurrent-root-region-scan-end, 0.0001065 secs]
[GC concurrent-mark-start]
[GC concurrent-mark-end, 0.0044371 secs]
Application time: 0.0045961 seconds
[GC remark, 0.0036471 secs]
Application time: 0.0024966 seconds
[GC cleanup 11M->11M(128M), 0.0003499 secs]
Application time: 0.3401602 seconds
[GC pause (G1 Humongous Allocation) (young) 67M->10150K(128M), 0.0180002 secs]
Application time: 0.1382814 seconds
[GC pause (G1 Humongous Allocation) (young) (initial-mark) 34M->10155K(128M), 0.0083208 secs]
[GC concurrent-root-region-scan-start]
[GC concurrent-root-region-scan-end, 0.0002439 secs]
[GC concurrent-mark-start]
[GC concurrent-mark-end, 0.0047437 secs]
Application time: 0.0050825 seconds
[GC remark, 0.0038890 secs]
Application time: 0.0005022 seconds
[GC cleanup 10155K->10155K(128M), 0.0002696 secs]
Application time: 0.3290740 seconds
[GC pause (G1 Humongous Allocation) (young) 68M->10153K(128M), 0.0175068 secs]
Application time: 0.1427015 seconds
[GC pause (G1 Humongous Allocation) (young) (initial-mark) 34M->10155K(128M), 0.0080782 secs]
[GC concurrent-root-region-scan-start]
[GC concurrent-root-region-scan-end, 0.0002374 secs]
[GC concurrent-mark-start]
[GC concurrent-mark-end, 0.0086680 secs]
Application time: 0.0089724 seconds
[GC remark, 0.0033872 secs]
Application time: 0.0000569 seconds
[GC cleanup 12M->12M(128M), 0.0002630 secs]
Application time: 0.3977178 seconds
[GC pause (G1 Humongous Allocation) (young) 68M->10155K(128M), 0.0190578 secs]
Application time: 0.1379923 seconds
[GC pause (G1 Humongous Allocation) (young) (initial-mark) 34M->10158K(128M), 0.0084318 secs]
[GC concurrent-root-region-scan-start]
[GC concurrent-root-region-scan-end, 0.0002188 secs]
[GC concurrent-mark-start]
[GC concurrent-mark-end, 0.0148514 secs]
Application time: 0.0151219 seconds
[GC remark, 0.0034645 secs]
Application time: 0.0000525 seconds
[GC cleanup 12M->12M(128M), 0.0002694 secs]
Application time: 0.3263784 seconds
[GC pause (G1 Humongous Allocation) (young) 68M->10158K(128M), 0.0175057 secs]
Application time: 0.1394112 seconds
[GC pause (G1 Humongous Allocation) (young) (initial-mark) 34M->10160K(128M), 0.0080553 secs]
[GC concurrent-root-region-scan-start]
[GC concurrent-root-region-scan-end, 0.0001958 secs]
[GC concurrent-mark-start]
[GC concurrent-mark-end, 0.0114077 secs]
Application time: 0.0114107 seconds
[GC remark, 0.0029549 secs]
Application time: 0.0000369 seconds
[GC cleanup 11M->11M(128M), 0.0002196 secs]
Application time: 0.3525686 seconds
[GC pause (G1 Humongous Allocation) (young) 68M->10165K(128M), 0.0149117 secs]
Application time: 0.1512535 seconds
[GC pause (G1 Humongous Allocation) (young) (initial-mark) 34M->10165K(128M), 0.0067240 secs]
[GC concurrent-root-region-scan-start]
[GC concurrent-root-region-scan-end, 0.0001548 secs]
[GC concurrent-mark-start]
[GC concurrent-mark-end, 0.0055706 secs]
Application time: 0.0057883 seconds
[GC remark, 0.0051489 secs]
Application time: 0.0000439 seconds
[GC cleanup 11M->11M(128M), 0.0002268 secs]
Application time: 0.3806730 seconds
[GC pause (G1 Humongous Allocation) (young) 68M->10168K(128M), 0.0180526 secs]
Application time: 0.1517401 seconds
[GC pause (G1 Humongous Allocation) (young) (initial-mark) 34M->10173K(128M), 0.0083795 secs]
[GC concurrent-root-region-scan-start]
[GC concurrent-root-region-scan-end, 0.0001198 secs]
[GC concurrent-mark-start]
[GC concurrent-mark-end, 0.0058846 secs]
Application time: 0.0106194 seconds
[GC remark, 0.0033979 secs]
Application time: 0.0000519 seconds
[GC cleanup 11M->11M(128M), 0.0002447 secs]
Application time: 0.3700063 seconds
[GC pause (G1 Humongous Allocation) (young) 68M->10173K(128M), 0.0181257 secs]
Application time: 0.1533335 seconds
[GC pause (G1 Humongous Allocation) (young) (initial-mark) 34M->10173K(128M), 0.0082697 secs]
[GC concurrent-root-region-scan-start]
[GC concurrent-root-region-scan-end, 0.0001175 secs]
[GC concurrent-mark-start]
[GC concurrent-mark-end, 0.0054496 secs]
Application time: 0.0120099 seconds
[GC remark, 0.0034345 secs]
Application time: 0.0000502 seconds
[GC cleanup 12M->12M(128M), 0.0002692 secs]
Application time: 0.3649942 seconds
[GC pause (G1 Humongous Allocation) (young) 68M->10177K(128M), 0.0147184 secs]
Application time: 0.1402178 seconds
[GC pause (G1 Humongous Allocation) (young) (initial-mark) 33M->10177K(128M), 0.0068336 secs]
[GC concurrent-root-region-scan-start]
[GC concurrent-root-region-scan-end, 0.0001406 secs]
[GC concurrent-mark-start]
[GC concurrent-mark-end, 0.0056729 secs]
Application time: 0.0058602 seconds
[GC remark, 0.0026999 secs]
Application time: 0.0000379 seconds
[GC cleanup 11M->11M(128M), 0.0002546 secs]
Application time: 0.3618053 seconds
[GC pause (G1 Humongous Allocation) (young) 68M->10178K(128M), 0.0153445 secs]
Application time: 0.1533494 seconds
[GC pause (G1 Humongous Allocation) (young) (initial-mark) 34M->10178K(128M), 0.0068993 secs]
[GC concurrent-root-region-scan-start]
[GC concurrent-root-region-scan-end, 0.0001229 secs]
[GC concurrent-mark-start]
[GC concurrent-mark-end, 0.0054293 secs]
Application time: 0.0106673 seconds
[GC remark, 0.0028649 secs]
Application time: 0.0000430 seconds
[GC cleanup 11M->11M(128M), 0.0002193 secs]
Application time: 0.3584216 seconds
[GC pause (G1 Humongous Allocation) (young) 67M->9158K(128M), 0.0149262 secs]
Application time: 0.1560512 seconds
[GC pause (G1 Humongous Allocation) (young) (initial-mark) 34M->10183K(128M), 0.0086154 secs]
[GC concurrent-root-region-scan-start]
[GC concurrent-root-region-scan-end, 0.0003836 secs]
[GC concurrent-mark-start]
[GC concurrent-mark-end, 0.0058208 secs]
Application time: 0.0062660 seconds
[GC remark, 0.0034999 secs]
Application time: 0.0041578 seconds
[GC cleanup 11M->11M(128M), 0.0004671 secs]
Application time: 0.3691548 seconds
[GC pause (G1 Humongous Allocation) (young) 68M->10185K(128M), 0.0185894 secs]
Application time: 0.1542509 seconds
[GC pause (G1 Humongous Allocation) (young) (initial-mark) 34M->10185K(128M), 0.0083931 secs]
[GC concurrent-root-region-scan-start]
[GC concurrent-root-region-scan-end, 0.0002525 secs]
[GC concurrent-mark-start]
[GC concurrent-mark-end, 0.0103343 secs]
Application time: 0.0106300 seconds
[GC remark, 0.0036921 secs]
Application time: 0.0000631 seconds
[GC cleanup 11M->11M(128M), 0.0002717 secs]
Application time: 0.3679990 seconds
[GC pause (G1 Humongous Allocation) (young) 68M->10185K(128M), 0.0182598 secs]
Application time: 0.1432543 seconds
[GC pause (G1 Humongous Allocation) (young) (initial-mark) 34M->10188K(128M), 0.0082165 secs]
[GC concurrent-root-region-scan-start]
[GC concurrent-root-region-scan-end, 0.0001231 secs]
[GC concurrent-mark-start]
[GC concurrent-mark-end, 0.0048887 secs]
Application time: 0.0050735 seconds
[GC remark, 0.0034649 secs]
Application time: 0.0000646 seconds
[GC cleanup 11M->11M(128M), 0.0002567 secs]
Application time: 0.3344395 seconds
[GC pause (G1 Humongous Allocation) (young) 68M->10188K(128M), 0.0178083 secs]
Application time: 0.1356592 seconds
[GC pause (G1 Humongous Allocation) (young) (initial-mark) 33M->9170K(128M), 0.0078319 secs]
[GC concurrent-root-region-scan-start]
[GC concurrent-root-region-scan-end, 0.0002515 secs]
[GC concurrent-mark-start]
[GC concurrent-mark-end, 0.0045806 secs]
Application time: 0.0076113 seconds
[GC remark, 0.0036203 secs]
Application time: 0.0000491 seconds
[GC cleanup 11M->11M(128M), 0.0002767 secs]
Application time: 0.3396604 seconds
[GC pause (G1 Humongous Allocation) (young) 68M->10191K(128M), 0.0181212 secs]
Application time: 0.1414443 seconds
[GC pause (G1 Humongous Allocation) (young) (initial-mark) 33M->10193K(128M), 0.0084441 secs]
[GC concurrent-root-region-scan-start]
[GC concurrent-root-region-scan-end, 0.0001368 secs]
[GC concurrent-mark-start]
[GC concurrent-mark-end, 0.0047829 secs]
Application time: 0.0060482 seconds
[GC remark, 0.0035552 secs]
Application time: 0.0000523 seconds
[GC cleanup 11M->11M(128M), 0.0002446 secs]
Application time: 0.3473673 seconds
[GC pause (G1 Humongous Allocation) (young) 68M->10193K(128M), 0.0182095 secs]
Application time: 0.1430982 seconds
[GC pause (G1 Humongous Allocation) (young) (initial-mark) 34M->10199K(128M), 0.0081405 secs]
[GC concurrent-root-region-scan-start]
[GC concurrent-root-region-scan-end, 0.0001235 secs]
[GC concurrent-mark-start]
[GC concurrent-mark-end, 0.0047076 secs]
Application time: 0.0048805 seconds
[GC remark, 0.0034473 secs]
Application time: 0.0080798 seconds
[GC cleanup 11M->11M(128M), 0.0003177 secs]
Application time: 0.3388126 seconds
[GC pause (G1 Humongous Allocation) (young) 68M->10197K(128M), 0.0177200 secs]
Application time: 0.1372712 seconds
[GC pause (G1 Humongous Allocation) (young) (initial-mark) 34M->9178K(128M), 0.0066481 secs]
[GC concurrent-root-region-scan-start]
[GC concurrent-root-region-scan-end, 0.0000979 secs]
[GC concurrent-mark-start]
[GC concurrent-mark-end, 0.0043863 secs]
Application time: 0.0045320 seconds
[GC remark, 0.0027948 secs]
Application time: 0.0000531 seconds
[GC cleanup 11M->11M(128M), 0.0002085 secs]
Application time: 0.3119556 seconds
[GC pause (G1 Humongous Allocation) (young) 68M->10200K(128M), 0.0135392 secs]
Application time: 0.1304284 seconds
[GC pause (G1 Humongous Allocation) (young) (initial-mark) 34M->10202K(128M), 0.0060769 secs]
[GC concurrent-root-region-scan-start]
[GC concurrent-root-region-scan-end, 0.0000962 secs]
[GC concurrent-mark-start]
[GC concurrent-mark-end, 0.0043536 secs]
Application time: 0.0044936 seconds
[GC remark, 0.0027526 secs]
Application time: 0.0000410 seconds
[GC cleanup 11M->11M(128M), 0.0002612 secs]
Application time: 0.3021178 seconds
[GC pause (G1 Humongous Allocation) (young) 67M->10202K(128M), 0.0147932 secs]
Application time: 0.1279680 seconds
[GC pause (G1 Humongous Allocation) (young) (initial-mark) 34M->10205K(128M), 0.0061153 secs]
[GC concurrent-root-region-scan-start]
[GC concurrent-root-region-scan-end, 0.0001179 secs]
[GC concurrent-mark-start]
[GC concurrent-mark-end, 0.0045398 secs]
Application time: 0.0047052 seconds
[GC remark, 0.0028348 secs]
Application time: 0.0000442 seconds
[GC cleanup 11M->11M(128M), 0.0002222 secs]
Application time: 0.3224261 seconds
[GC pause (G1 Humongous Allocation) (young) 68M->10207K(128M), 0.0133678 secs]
Application time: 0.1200324 seconds
[GC pause (G1 Humongous Allocation) (young) (initial-mark) 33M->10207K(128M), 0.0060853 secs]
[GC concurrent-root-region-scan-start]
[GC concurrent-root-region-scan-end, 0.0001036 secs]
[GC concurrent-mark-start]
[GC concurrent-mark-end, 0.0043741 secs]
Application time: 0.0092545 seconds
[GC remark, 0.0028014 secs]
Application time: 0.0000624 seconds
[GC cleanup 11M->11M(128M), 0.0002278 secs]
Application time: 0.3161873 seconds
[GC pause (G1 Humongous Allocation) (young) 68M->10207K(128M), 0.0186471 secs]
Application time: 0.1457927 seconds
[GC pause (G1 Humongous Allocation) (young) (initial-mark) 34M->10210K(128M), 0.0084839 secs]
[GC concurrent-root-region-scan-start]
[GC concurrent-root-region-scan-end, 0.0001392 secs]
[GC concurrent-mark-start]
[GC concurrent-mark-end, 0.0057059 secs]
Application time: 0.0108598 seconds
[GC remark, 0.0033836 secs]
Application time: 0.0000323 seconds
[GC cleanup 11M->11M(128M), 0.0002779 secs]
Application time: 0.3060819 seconds
[GC pause (G1 Humongous Allocation) (young) 68M->10212K(128M), 0.0135373 secs]
Application time: 0.1291928 seconds
[GC pause (G1 Humongous Allocation) (young) (initial-mark) 34M->10212K(128M), 0.0060448 secs]
[GC concurrent-root-region-scan-start]
[GC concurrent-root-region-scan-end, 0.0001218 secs]
[GC concurrent-mark-start]
[GC concurrent-mark-end, 0.0043345 secs]
Application time: 0.0045053 seconds
[GC remark, 0.0029167 secs]
Application time: 0.0000335 seconds
[GC cleanup 11M->11M(128M), 0.0002200 secs]
Application time: 0.3113351 seconds
[GC pause (G1 Humongous Allocation) (young) 68M->10217K(128M), 0.0133468 secs]
Application time: 0.1282220 seconds
[GC pause (G1 Humongous Allocation) (young) (initial-mark) 34M->10219K(128M), 0.0061961 secs]
[GC concurrent-root-region-scan-start]
[GC concurrent-root-region-scan-end, 0.0001069 secs]
[GC concurrent-mark-start]
[GC concurrent-mark-end, 0.0046161 secs]
Application time: 0.0047308 seconds
[GC remark, 0.0029005 secs]
Application time: 0.0000302 seconds
[GC cleanup 12M->12M(128M), 0.0002335 secs]
Application time: 0.3043603 seconds
[GC pause (G1 Humongous Allocation) (young) 68M->10222K(128M), 0.0134019 secs]
Application time: 0.3123176 seconds
[GC pause (G1 Evacuation Pause) (mixed) 68M->9482K(128M), 0.0134081 secs]
Application time: 0.1236650 seconds
[GC pause (G1 Humongous Allocation) (young) (initial-mark) 34M->9516K(128M), 0.0062183 secs]
[GC concurrent-root-region-scan-start]
[GC concurrent-root-region-scan-end, 0.0001258 secs]
[GC concurrent-mark-start]
[GC concurrent-mark-end, 0.0045674 secs]
Application time: 0.0048668 seconds
[GC remark, 0.0036579 secs]
Application time: 0.0000408 seconds
[GC cleanup 9516K->9516K(128M), 0.0002143 secs]
Application time: 0.3124360 seconds
[GC pause (G1 Humongous Allocation) (young) 68M->8520K(128M), 0.0132467 secs]
Application time: 0.1294583 seconds
[GC pause (G1 Humongous Allocation) (young) (initial-mark) 33M->9542K(128M), 0.0061609 secs]
[GC concurrent-root-region-scan-start]
[GC concurrent-root-region-scan-end, 0.0001196 secs]
[GC concurrent-mark-start]
[GC concurrent-mark-end, 0.0042356 secs]
Application time: 0.0044000 seconds
[GC remark, 0.0027576 secs]
Application time: 0.0000481 seconds
[GC cleanup 10M->10M(128M), 0.0002250 secs]
Application time: 0.3049403 seconds
[GC pause (G1 Humongous Allocation) (young) 67M->9542K(128M), 0.0133669 secs]
Application time: 0.1259868 seconds
[GC pause (G1 Humongous Allocation) (young) (initial-mark) 34M->9542K(128M), 0.0061015 secs]
[GC concurrent-root-region-scan-start]
[GC concurrent-root-region-scan-end, 0.0001219 secs]
[GC concurrent-mark-start]
[GC concurrent-mark-end, 0.0043267 secs]
Application time: 0.0044977 seconds
[GC remark, 0.0028728 secs]
Application time: 0.0000332 seconds
[GC cleanup 10M->10M(128M), 0.0002193 secs]
Application time: 0.2995961 seconds
[GC pause (G1 Humongous Allocation) (young) 67M->9542K(128M), 0.0131975 secs]
Application time: 0.1368899 seconds
[GC pause (G1 Humongous Allocation) (young) (initial-mark) 34M->9542K(128M), 0.0065622 secs]
[GC concurrent-root-region-scan-start]
[GC concurrent-root-region-scan-end, 0.0001258 secs]
[GC concurrent-mark-start]
[GC concurrent-mark-end, 0.0042414 secs]
Application time: 0.0044183 seconds
[GC remark, 0.0026996 secs]
Application time: 0.0000331 seconds
[GC cleanup 10M->10M(128M), 0.0002263 secs]
Application time: 0.3013180 seconds
[GC pause (G1 Humongous Allocation) (young) 67M->9542K(128M), 0.0133658 secs]
Application time: 0.1230853 seconds
[GC pause (G1 Humongous Allocation) (young) (initial-mark) 33M->9542K(128M), 0.0059821 secs]
[GC concurrent-root-region-scan-start]
[GC concurrent-root-region-scan-end, 0.0001288 secs]
[GC concurrent-mark-start]
[GC concurrent-mark-end, 0.0046121 secs]
Application time: 0.0047857 seconds
[GC remark, 0.0029377 secs]
Application time: 0.0000333 seconds
[GC cleanup 10M->10M(128M), 0.0002153 secs]
Application time: 0.3168644 seconds
[GC pause (G1 Humongous Allocation) (young) 68M->9542K(128M), 0.0188945 secs]
Application time: 0.1353326 seconds
[GC pause (G1 Humongous Allocation) (young) (initial-mark) 33M->9542K(128M), 0.0082070 secs]
[GC concurrent-root-region-scan-start]
[GC concurrent-root-region-scan-end, 0.0002319 secs]
[GC concurrent-mark-start]
[GC concurrent-mark-end, 0.0059093 secs]
Application time: 0.0061923 seconds
[GC remark, 0.0035827 secs]
Application time: 0.0000339 seconds
[GC cleanup 10M->10M(128M), 0.0003525 secs]
Application time: 0.3428947 seconds
[GC pause (G1 Humongous Allocation) (young) 68M->9542K(128M), 0.0185474 secs]
Application time: 0.1432591 seconds
[GC pause (G1 Humongous Allocation) (young) (initial-mark) 33M->9542K(128M), 0.0084227 secs]
[GC concurrent-root-region-scan-start]
[GC concurrent-root-region-scan-end, 0.0003590 secs]
[GC concurrent-mark-start]
[GC concurrent-mark-end, 0.0059965 secs]
Application time: 0.0063552 seconds
[GC remark, 0.0034827 secs]
Application time: 0.0000314 seconds
[GC cleanup 12M->12M(128M), 0.0002728 secs]
Application time: 0.3360560 seconds
[GC pause (G1 Humongous Allocation) (young) 67M->9544K(128M), 0.0184662 secs]
Application time: 0.1396801 seconds
[GC pause (G1 Humongous Allocation) (young) (initial-mark) 33M->9542K(128M), 0.0084652 secs]
[GC concurrent-root-region-scan-start]
[GC concurrent-root-region-scan-end, 0.0002251 secs]
[GC concurrent-mark-start]
[GC concurrent-mark-end, 0.0058279 secs]
Application time: 0.0061051 seconds
[GC remark, 0.0035042 secs]
Application time: 0.0000348 seconds
[GC cleanup 10M->10M(128M), 0.0002726 secs]
Application time: 0.3408018 seconds
[GC pause (G1 Humongous Allocation) (young) 68M->9546K(128M), 0.0196473 secs]
Application time: 0.1471410 seconds
[GC pause (G1 Humongous Allocation) (young) (initial-mark) 33M->9547K(128M), 0.0084143 secs]
[GC concurrent-root-region-scan-start]
[GC concurrent-root-region-scan-end, 0.0002182 secs]
[GC concurrent-mark-start]
[GC concurrent-mark-end, 0.0057999 secs]
Application time: 0.0060707 seconds
[GC remark, 0.0034187 secs]
Application time: 0.0000335 seconds
[GC cleanup 10M->10M(128M), 0.0002751 secs]
Application time: 0.3394130 seconds
[GC pause (G1 Humongous Allocation) (young) 67M->8543K(128M), 0.0185811 secs]
Application time: 0.1458302 seconds
[GC pause (G1 Humongous Allocation) (young) (initial-mark) 34M->9554K(128M), 0.0086488 secs]
[GC concurrent-root-region-scan-start]
[GC concurrent-root-region-scan-end, 0.0002306 secs]
[GC concurrent-mark-start]
[GC concurrent-mark-end, 0.0057515 secs]
Application time: 0.0060336 seconds
[GC remark, 0.0034884 secs]
Application time: 0.0000335 seconds
[GC cleanup 10M->10M(128M), 0.0002681 secs]
Application time: 0.3511545 seconds
[GC pause (G1 Humongous Allocation) (young) 68M->9558K(128M), 0.0156831 secs]
Application time: 0.1454395 seconds
[GC pause (G1 Humongous Allocation) (young) (initial-mark) 34M->9560K(128M), 0.0065642 secs]
[GC concurrent-root-region-scan-start]
[GC concurrent-root-region-scan-end, 0.0001237 secs]
[GC concurrent-mark-start]
[GC concurrent-mark-end, 0.0052877 secs]
Application time: 0.0054607 seconds
[GC remark, 0.0029958 secs]
Application time: 0.0000336 seconds
[GC cleanup 10M->10M(128M), 0.0002177 secs]
Application time: 0.3363701 seconds
[GC pause (G1 Humongous Allocation) (young) 67M->9618K(128M), 0.0143913 secs]
Application time: 0.1444919 seconds
[GC pause (G1 Humongous Allocation) (young) (initial-mark) 34M->9618K(128M), 0.0065615 secs]
[GC concurrent-root-region-scan-start]
[GC concurrent-root-region-scan-end, 0.0001590 secs]
[GC concurrent-mark-start]
[GC concurrent-mark-end, 0.0054793 secs]
Application time: 0.0056410 seconds
[GC remark, 0.0030034 secs]
Application time: 0.0000335 seconds
[GC cleanup 10M->10M(128M), 0.0002122 secs]
Application time: 0.3175251 seconds
[GC pause (G1 Humongous Allocation) (young) 67M->9618K(128M), 0.0133475 secs]
Application time: 0.1300303 seconds
[GC pause (G1 Humongous Allocation) (young) (initial-mark) 34M->9618K(128M), 0.0061183 secs]
[GC concurrent-root-region-scan-start]
[GC concurrent-root-region-scan-end, 0.0000949 secs]
[GC concurrent-mark-start]
[GC concurrent-mark-end, 0.0043992 secs]
Application time: 0.0045401 seconds
[GC remark, 0.0029395 secs]
Application time: 0.0000325 seconds
[GC cleanup 10M->10M(128M), 0.0002385 secs]
Application time: 0.3080529 seconds
[GC pause (G1 Humongous Allocation) (young) 68M->8610K(128M), 0.0132637 secs]
Application time: 0.1330122 seconds
[GC pause (G1 Humongous Allocation) (young) (initial-mark) 33M->9618K(128M), 0.0061662 secs]
[GC concurrent-root-region-scan-start]
[GC concurrent-root-region-scan-end, 0.0001189 secs]
[GC concurrent-mark-start]
[GC concurrent-mark-end, 0.0044532 secs]
Application time: 0.0046167 seconds
[GC remark, 0.0026877 secs]
Application time: 0.0000370 seconds
[GC cleanup 10M->10M(128M), 0.0003170 secs]
Application time: 0.2997278 seconds
[GC pause (G1 Humongous Allocation) (young) 67M->9618K(128M), 0.0134305 secs]
Application time: 0.1280551 seconds
[GC pause (G1 Humongous Allocation) (young) (initial-mark) 34M->9618K(128M), 0.0060492 secs]
[GC concurrent-root-region-scan-start]
[GC concurrent-root-region-scan-end, 0.0001207 secs]
[GC concurrent-mark-start]
[GC concurrent-mark-end, 0.0042749 secs]
Application time: 0.0044457 seconds
[GC remark, 0.0028527 secs]
Application time: 0.0000332 seconds
[GC cleanup 10M->10M(128M), 0.0002240 secs]
Application time: 0.3139574 seconds
[GC pause (G1 Humongous Allocation) (young) 67M->9620K(128M), 0.0133694 secs]
Application time: 0.1199391 seconds
[GC pause (G1 Humongous Allocation) (young) (initial-mark) 33M->9618K(128M), 0.0067651 secs]
[GC concurrent-root-region-scan-start]
[GC concurrent-root-region-scan-end, 0.0001255 secs]
[GC concurrent-mark-start]
[GC concurrent-mark-end, 0.0043117 secs]
Application time: 0.0044470 seconds
[GC remark, 0.0029964 secs]
Application time: 0.0000358 seconds
[GC cleanup 10M->10M(128M), 0.0002098 secs]
Application time: 0.3084029 seconds
[GC pause (G1 Humongous Allocation) (young) 68M->9618K(128M), 0.0133752 secs]
Application time: 0.1315993 seconds
[GC pause (G1 Humongous Allocation) (young) (initial-mark) 34M->9618K(128M), 0.0063656 secs]
[GC concurrent-root-region-scan-start]
[GC concurrent-root-region-scan-end, 0.0001226 secs]
[GC concurrent-mark-start]
[GC concurrent-mark-end, 0.0047649 secs]
Application time: 0.0049412 seconds
[GC remark, 0.0030015 secs]
Application time: 0.0000361 seconds
[GC cleanup 11M->11M(128M), 0.0002203 secs]
Application time: 0.3136525 seconds
[GC pause (G1 Humongous Allocation) (young) 68M->9618K(128M), 0.0142014 secs]
Application time: 0.1339126 seconds
[GC pause (G1 Humongous Allocation) (young) (initial-mark) 34M->9618K(128M), 0.0063346 secs]
[GC concurrent-root-region-scan-start]
[GC concurrent-root-region-scan-end, 0.0001585 secs]
[GC concurrent-mark-start]
[GC concurrent-mark-end, 0.0048578 secs]
Application time: 0.0050241 seconds
[GC remark, 0.0032499 secs]
Application time: 0.0000351 seconds
[GC cleanup 10M->10M(128M), 0.0002279 secs]
Application time: 0.3306177 seconds
[GC pause (G1 Humongous Allocation) (young) 68M->9620K(128M), 0.0135693 secs]
Application time: 0.1310261 seconds
[GC pause (G1 Humongous Allocation) (young) (initial-mark) 34M->8615K(128M), 0.0059713 secs]
[GC concurrent-root-region-scan-start]
[GC concurrent-root-region-scan-end, 0.0000965 secs]
[GC concurrent-mark-start]
[GC concurrent-mark-end, 0.0042259 secs]
Application time: 0.0043675 seconds
[GC remark, 0.0028362 secs]
Application time: 0.0000329 seconds
[GC cleanup 10M->10M(128M), 0.0002240 secs]
Application time: 0.3263546 seconds
[GC pause (G1 Humongous Allocation) (young) 67M->9621K(128M), 0.0187873 secs]
Application time: 0.1364422 seconds
[GC pause (G1 Humongous Allocation) (young) (initial-mark) 33M->9623K(128M), 0.0083670 secs]
[GC concurrent-root-region-scan-start]
[GC concurrent-root-region-scan-end, 0.0002159 secs]
[GC concurrent-mark-start]
[GC concurrent-mark-end, 0.0138294 secs]
Application time: 0.0141289 seconds
[GC remark, 0.0032951 secs]
Application time: 0.0000522 seconds
[GC cleanup 12M->12M(128M), 0.0002563 secs]
Application time: 0.3355215 seconds
[GC pause (G1 Humongous Allocation) (young) 67M->9623K(128M), 0.0186025 secs]
Application time: 0.1448919 seconds
[GC pause (G1 Humongous Allocation) (young) (initial-mark) 33M->8618K(128M), 0.0084291 secs]
[GC concurrent-root-region-scan-start]
[GC concurrent-root-region-scan-end, 0.0002149 secs]
[GC concurrent-mark-start]
[GC concurrent-mark-end, 0.0143681 secs]
Application time: 0.0146539 seconds
[GC remark, 0.0033770 secs]
Application time: 0.0000589 seconds
[GC cleanup 11M->11M(128M), 0.0002617 secs]
Application time: 0.3374657 seconds
[GC pause (G1 Humongous Allocation) (young) 67M->9626K(128M), 0.0187347 secs]
Application time: 0.1500353 seconds
[GC pause (G1 Humongous Allocation) (young) (initial-mark) 34M->9631K(128M), 0.0083988 secs]
[GC concurrent-root-region-scan-start]
[GC concurrent-root-region-scan-end, 0.0002301 secs]
[GC concurrent-mark-start]
[GC concurrent-mark-end, 0.0091736 secs]
Application time: 0.0094595 seconds
[GC remark, 0.0038503 secs]
Application time: 0.0000579 seconds
[GC cleanup 12M->12M(128M), 0.0002818 secs]
Application time: 0.3500729 seconds
[GC pause (G1 Humongous Allocation) (young) 67M->8606K(128M), 0.0187526 secs]
Application time: 0.1546203 seconds
[GC pause (G1 Humongous Allocation) (young) (initial-mark) 33M->9631K(128M), 0.0076372 secs]
[GC concurrent-root-region-scan-start]
[GC concurrent-root-region-scan-end, 0.0001533 secs]
[GC concurrent-mark-start]
[GC concurrent-mark-end, 0.0156058 secs]
Application time: 0.0158130 seconds
[GC remark, 0.0039432 secs]
Application time: 0.0000340 seconds
[GC cleanup 10M->10M(128M), 0.0002133 secs]
Application time: 0.3998199 seconds
[GC pause (G1 Humongous Allocation) (young) 68M->9631K(128M), 0.0163713 secs]
Application time: 0.1644715 seconds
[GC pause (G1 Humongous Allocation) (young) (initial-mark) 34M->9635K(128M), 0.0073125 secs]
[GC concurrent-root-region-scan-start]
[GC concurrent-root-region-scan-end, 0.0000998 secs]
[GC concurrent-mark-start]
[GC concurrent-mark-end, 0.0148850 secs]
Application time: 0.0149034 seconds
[GC remark, 0.0027762 secs]
Application time: 0.0000530 seconds
[GC cleanup 12M->12M(128M), 0.0002447 secs]
Application time: 0.3829634 seconds
[GC pause (G1 Humongous Allocation) (young) 67M->9633K(128M), 0.0188982 secs]
Application time: 0.1516378 seconds
[GC pause (G1 Humongous Allocation) (young) (initial-mark) 33M->9636K(128M), 0.0084307 secs]
[GC concurrent-root-region-scan-start]
[GC concurrent-root-region-scan-end, 0.0002386 secs]
[GC concurrent-mark-start]
[GC concurrent-mark-end, 0.0055657 secs]
Application time: 0.0058638 seconds
[GC remark, 0.0035569 secs]
Application time: 0.0091066 seconds
[GC cleanup 12M->12M(128M), 0.0002740 secs]
Application time: 0.3709877 seconds
[GC pause (G1 Humongous Allocation) (young) 68M->9638K(128M), 0.0157364 secs]
Application time: 0.1596969 seconds
[GC pause (G1 Humongous Allocation) (young) (initial-mark) 33M->9641K(128M), 0.0069468 secs]
[GC concurrent-root-region-scan-start]
[GC concurrent-root-region-scan-end, 0.0001451 secs]
[GC concurrent-mark-start]
[GC concurrent-mark-end, 0.0137992 secs]
Application time: 0.0140014 seconds
[GC remark, 0.0030234 secs]
Application time: 0.0000462 seconds
[GC cleanup 12M->12M(128M), 0.0002750 secs]
Application time: 0.3707684 seconds
[GC pause (G1 Humongous Allocation) (young) 68M->9643K(128M), 0.0153379 secs]
Application time: 0.1461090 seconds
[GC pause (G1 Humongous Allocation) (young) (initial-mark) 33M->9648K(128M), 0.0074644 secs]
[GC concurrent-root-region-scan-start]
[GC concurrent-root-region-scan-end, 0.0001857 secs]
[GC concurrent-mark-start]
[GC concurrent-mark-end, 0.0124112 secs]
Application time: 0.0126457 seconds
[GC remark, 0.0028906 secs]
Application time: 0.0000472 seconds
[GC cleanup 10M->10M(128M), 0.0002208 secs]
Application time: 0.3775441 seconds
[GC pause (G1 Humongous Allocation) (young) 68M->9648K(128M), 0.0159981 secs]
Application time: 0.1561664 seconds
[GC pause (G1 Humongous Allocation) (young) (initial-mark) 33M->9650K(128M), 0.0070648 secs]
[GC concurrent-root-region-scan-start]
[GC concurrent-root-region-scan-end, 0.0001337 secs]
[GC concurrent-mark-start]
[GC concurrent-mark-end, 0.0058013 secs]
Application time: 0.0059806 seconds
[GC remark, 0.0030248 secs]
Application time: 0.0000501 seconds
[GC cleanup 10M->10M(128M), 0.0002814 secs]
Application time: 0.3809990 seconds
[GC pause (G1 Humongous Allocation) (young) 67M->9653K(128M), 0.0155380 secs]
Application time: 0.1568182 seconds
[GC pause (G1 Humongous Allocation) (young) (initial-mark) 33M->9653K(128M), 0.0069644 secs]
[GC concurrent-root-region-scan-start]
[GC concurrent-root-region-scan-end, 0.0001453 secs]
[GC concurrent-mark-start]
[GC concurrent-mark-end, 0.0080845 secs]
Application time: 0.0082929 seconds
[GC remark, 0.0028696 secs]
Application time: 0.0000436 seconds
[GC cleanup 12M->12M(128M), 0.0002309 secs]
Application time: 0.3873286 seconds
[GC pause (G1 Humongous Allocation) (young) 68M->9658K(128M), 0.0147090 secs]
Application time: 0.1491671 seconds
[GC pause (G1 Humongous Allocation) (young) (initial-mark) 33M->9658K(128M), 0.0071196 secs]
[GC concurrent-root-region-scan-start]
[GC concurrent-root-region-scan-end, 0.0001461 secs]
[GC concurrent-mark-start]
[GC concurrent-mark-end, 0.0119007 secs]
Application time: 0.0120929 seconds
[GC remark, 0.0029195 secs]
Application time: 0.0000512 seconds
[GC cleanup 12M->12M(128M), 0.0002210 secs]
Application time: 0.3490470 seconds
[GC pause (G1 Humongous Allocation) (young) 67M->9660K(128M), 0.0150414 secs]
Application time: 0.1507740 seconds
[GC pause (G1 Humongous Allocation) (young) (initial-mark) 34M->9661K(128M), 0.0070219 secs]
[GC concurrent-root-region-scan-start]
[GC concurrent-root-region-scan-end, 0.0001119 secs]
[GC concurrent-mark-start]
[GC concurrent-mark-end, 0.0142040 secs]
Application time: 0.0143667 seconds
[GC remark, 0.0026612 secs]
Application time: 0.0000430 seconds
[GC cleanup 12M->12M(128M), 0.0002447 secs]
Application time: 0.3529613 seconds
[GC pause (G1 Humongous Allocation) (young) 67M->9663K(128M), 0.0149639 secs]
Application time: 0.1523592 seconds
[GC pause (G1 Humongous Allocation) (young) (initial-mark) 33M->9666K(128M), 0.0069206 secs]
[GC concurrent-root-region-scan-start]
[GC concurrent-root-region-scan-end, 0.0001259 secs]
[GC concurrent-mark-start]
[GC concurrent-mark-end, 0.0132129 secs]
Application time: 0.0133928 seconds
[GC remark, 0.0030828 secs]
Application time: 0.0032332 seconds
[GC cleanup 11M->11M(128M), 0.0002363 secs]
Application time: 0.3569142 seconds
[GC pause (G1 Humongous Allocation) (young) 68M->8641K(128M), 0.0198385 secs]
Application time: 0.1594688 seconds
[GC pause (G1 Humongous Allocation) (young) (initial-mark) 33M->9666K(128M), 0.0083602 secs]
[GC concurrent-root-region-scan-start]
[GC concurrent-root-region-scan-end, 0.0002321 secs]
[GC concurrent-mark-start]
[GC concurrent-mark-end, 0.0107159 secs]
Application time: 0.0110011 seconds
[GC remark, 0.0036879 secs]
Application time: 0.0000607 seconds
[GC cleanup 12M->12M(128M), 0.0002706 secs]
Application time: 0.3688290 seconds
[GC pause (G1 Humongous Allocation) (young) 68M->9668K(128M), 0.0146825 secs]
Application time: 0.1444516 seconds
[GC pause (G1 Humongous Allocation) (young) (initial-mark) 33M->9670K(128M), 0.0067820 secs]
[GC concurrent-root-region-scan-start]
[GC concurrent-root-region-scan-end, 0.0001290 secs]
[GC concurrent-mark-start]
[GC concurrent-mark-end, 0.0046927 secs]
Application time: 0.0049537 seconds
[GC remark, 0.0032742 secs]
Application time: 0.0000491 seconds
[GC cleanup 9670K->9670K(128M), 0.0002159 secs]
Application time: 0.3565552 seconds
[GC pause (G1 Humongous Allocation) (young) 67M->9668K(128M), 0.0148557 secs]
Application time: 0.1541840 seconds
[GC pause (G1 Humongous Allocation) (young) (initial-mark) 34M->8649K(128M), 0.0067611 secs]
[GC concurrent-root-region-scan-start]
[GC concurrent-root-region-scan-end, 0.0001104 secs]
[GC concurrent-mark-start]
[GC concurrent-mark-end, 0.0046296 secs]
Application time: 0.0047754 seconds
[GC remark, 0.0029048 secs]
Application time: 0.0000471 seconds
[GC cleanup 10M->10M(128M), 0.0001987 secs]
Application time: 0.3463089 seconds
[GC pause (G1 Humongous Allocation) (young) 68M->9674K(128M), 0.0180132 secs]
Application time: 0.1349734 seconds
[GC pause (G1 Humongous Allocation) (young) (initial-mark) 33M->9676K(128M), 0.0083593 secs]
[GC concurrent-root-region-scan-start]
[GC concurrent-root-region-scan-end, 0.0002503 secs]
[GC concurrent-mark-start]
[GC concurrent-mark-end, 0.0048899 secs]
Application time: 0.0051841 seconds
[GC remark, 0.0035965 secs]
Application time: 0.0000327 seconds
[GC cleanup 10M->10M(128M), 0.0002348 secs]
Application time: 0.3331462 seconds
[GC pause (G1 Humongous Allocation) (young) 67M->9680K(128M), 0.0176569 secs]
Application time: 0.1434002 seconds
[GC pause (G1 Humongous Allocation) (young) (initial-mark) 34M->9681K(128M), 0.0082827 secs]
[GC concurrent-root-region-scan-start]
[GC concurrent-root-region-scan-end, 0.0001211 secs]
[GC concurrent-mark-start]
[GC concurrent-mark-end, 0.0052751 secs]
Application time: 0.0054122 seconds
[GC remark, 0.0034980 secs]
Application time: 0.0000297 seconds
[GC cleanup 10M->10M(128M), 0.0002427 secs]
Application time: 0.3364369 seconds
[GC pause (G1 Humongous Allocation) (young) 67M->9681K(128M), 0.0178924 secs]
Application time: 0.1414568 seconds
[GC pause (G1 Humongous Allocation) (young) (initial-mark) 34M->9685K(128M), 0.0080512 secs]
[GC concurrent-root-region-scan-start]
[GC concurrent-root-region-scan-end, 0.0002166 secs]
[GC concurrent-mark-start]
[GC concurrent-mark-end, 0.0046512 secs]
Application time: 0.0049135 seconds
[GC remark, 0.0036951 secs]
Application time: 0.0000362 seconds
[GC cleanup 10M->10M(128M), 0.0002485 secs]
Application time: 0.3292399 seconds
[GC pause (G1 Humongous Allocation) (young) 67M->9685K(128M), 0.0177803 secs]
Application time: 0.1346765 seconds
[GC pause (G1 Humongous Allocation) (young) (initial-mark) 33M->9686K(128M), 0.0080289 secs]
[GC concurrent-root-region-scan-start]
[GC concurrent-root-region-scan-end, 0.0002698 secs]
[GC concurrent-mark-start]
[GC concurrent-mark-end, 0.0048533 secs]
Application time: 0.0051569 seconds
[GC remark, 0.0037842 secs]
Application time: 0.0000294 seconds
[GC cleanup 10M->10M(128M), 0.0002456 secs]
Application time: 0.3370223 seconds
[GC pause (G1 Humongous Allocation) (young) 68M->9686K(128M), 0.0181508 secs]
Application time: 0.1329087 seconds
[GC pause (G1 Humongous Allocation) (young) (initial-mark) 33M->9688K(128M), 0.0081534 secs]
[GC concurrent-root-region-scan-start]
[GC concurrent-root-region-scan-end, 0.0001134 secs]
[GC concurrent-mark-start]
[GC concurrent-mark-end, 0.0044377 secs]
Application time: 0.0046320 seconds
[GC remark, 0.0034872 secs]
Application time: 0.0000290 seconds
[GC cleanup 10M->10M(128M), 0.0002630 secs]
Application time: 0.3407222 seconds
[GC pause (G1 Humongous Allocation) (young) 67M->9693K(128M), 0.0182227 secs]
Application time: 0.1395969 seconds
[GC pause (G1 Humongous Allocation) (young) (initial-mark) 34M->9697K(128M), 0.0081939 secs]
[GC concurrent-root-region-scan-start]
[GC concurrent-root-region-scan-end, 0.0002051 secs]
[GC concurrent-mark-start]
[GC concurrent-mark-end, 0.0047143 secs]
Application time: 0.0049724 seconds
[GC remark, 0.0039465 secs]
Application time: 0.0000292 seconds
[GC cleanup 10M->10M(128M), 0.0002233 secs]
Application time: 0.3675907 seconds
[GC pause (G1 Humongous Allocation) (young) 67M->8675K(128M), 0.0154784 secs]
Application time: 0.1611406 seconds
[GC pause (G1 Humongous Allocation) (young) (initial-mark) 33M->9698K(128M), 0.0077171 secs]
[GC concurrent-root-region-scan-start]
[GC concurrent-root-region-scan-end, 0.0001365 secs]
[GC concurrent-mark-start]
[GC concurrent-mark-end, 0.0089626 secs]
Application time: 0.0091049 seconds
[GC remark, 0.0038968 secs]
Application time: 0.0000343 seconds
[GC cleanup 10M->10M(128M), 0.0002606 secs]
Application time: 0.3564072 seconds
[GC pause (G1 Humongous Allocation) (young) 68M->8680K(128M), 0.0193732 secs]
Application time: 0.1524598 seconds
[GC pause (G1 Humongous Allocation) (young) (initial-mark) 33M->8699K(128M), 0.0085115 secs]
[GC concurrent-root-region-scan-start]
[GC concurrent-root-region-scan-end, 0.0002127 secs]
[GC concurrent-mark-start]
[GC concurrent-mark-end, 0.0055608 secs]
Application time: 0.0058329 seconds
[GC remark, 0.0036152 secs]
Application time: 0.0000419 seconds
[GC cleanup 10235K->10235K(128M), 0.0002684 secs]
Application time: 0.3469747 seconds
[GC pause (G1 Humongous Allocation) (young) 68M->9707K(128M), 0.0180894 secs]
Application time: 0.1479337 seconds
[GC pause (G1 Humongous Allocation) (young) (initial-mark) 34M->9710K(128M), 0.0083510 secs]
[GC concurrent-root-region-scan-start]
[GC concurrent-root-region-scan-end, 0.0002291 secs]
[GC concurrent-mark-start]
[GC concurrent-mark-end, 0.0055635 secs]
Application time: 0.0058556 seconds
[GC remark, 0.0043725 secs]
Application time: 0.0000407 seconds
[GC cleanup 10M->10M(128M), 0.0003275 secs]
Application time: 0.3402787 seconds
[GC pause (G1 Humongous Allocation) (young) 67M->9714K(128M), 0.0179155 secs]
Application time: 0.1398500 seconds
[GC pause (G1 Humongous Allocation) (young) (initial-mark) 34M->9715K(128M), 0.0080032 secs]
[GC concurrent-root-region-scan-start]
[GC concurrent-root-region-scan-end, 0.0002178 secs]
[GC concurrent-mark-start]
[GC concurrent-mark-end, 0.0056017 secs]
Application time: 0.0058714 seconds
[GC remark, 0.0033351 secs]
Application time: 0.0000382 seconds
[GC cleanup 10M->10M(128M), 0.0002656 secs]
Application time: 0.3274411 seconds
[GC pause (G1 Humongous Allocation) (young) 67M->9717K(128M), 0.0178152 secs]
Application time: 0.1324849 seconds
[GC pause (G1 Humongous Allocation) (young) (initial-mark) 33M->9720K(128M), 0.0081128 secs]
[GC concurrent-root-region-scan-start]
[GC concurrent-root-region-scan-end, 0.0002429 secs]
[GC concurrent-mark-start]
[GC concurrent-mark-end, 0.0058652 secs]
Application time: 0.0061106 seconds
[GC remark, 0.0036984 secs]
Application time: 0.0000367 seconds
[GC cleanup 10M->10M(128M), 0.0002737 secs]
Application time: 0.3418067 seconds
[GC pause (G1 Humongous Allocation) (young) 67M->9722K(128M), 0.0179668 secs]
Application time: 0.1400138 seconds
[GC pause (G1 Humongous Allocation) (young) (initial-mark) 34M->9724K(128M), 0.0080159 secs]
[GC concurrent-root-region-scan-start]
[GC concurrent-root-region-scan-end, 0.0001169 secs]
[GC concurrent-mark-start]
[GC concurrent-mark-end, 0.0056278 secs]
Application time: 0.0058024 seconds
[GC remark, 0.0036498 secs]
Application time: 0.0000396 seconds
[GC cleanup 10M->10M(128M), 0.0003457 secs]
Application time: 0.3257342 seconds
[GC pause (G1 Humongous Allocation) (young) 67M->9725K(128M), 0.0177088 secs]
Application time: 0.1373177 seconds
[GC pause (G1 Humongous Allocation) (young) (initial-mark) 34M->9727K(128M), 0.0080534 secs]
[GC concurrent-root-region-scan-start]
[GC concurrent-root-region-scan-end, 0.0002336 secs]
[GC concurrent-mark-start]
[GC concurrent-mark-end, 0.0055030 secs]
Application time: 0.0057862 seconds
[GC remark, 0.0057821 secs]
Application time: 0.0000311 seconds
[GC cleanup 10M->10M(128M), 0.0003851 secs]
Application time: 0.3312867 seconds
[GC pause (G1 Humongous Allocation) (young) 68M->9727K(128M), 0.0182860 secs]
Application time: 0.1507540 seconds
[GC pause (G1 Humongous Allocation) (young) (initial-mark) 34M->9727K(128M), 0.0083003 secs]
[GC concurrent-root-region-scan-start]
[GC concurrent-root-region-scan-end, 0.0001250 secs]
[GC concurrent-mark-start]
[GC concurrent-mark-end, 0.0055214 secs]
Application time: 0.0056480 seconds
[GC remark, 0.0034341 secs]
Application time: 0.0000365 seconds
[GC cleanup 10M->10M(128M), 0.0002554 secs]
Application time: 0.3501327 seconds
[GC pause (G1 Humongous Allocation) (young) 68M->9727K(128M), 0.0156557 secs]
Application time: 0.1494030 seconds
[GC pause (G1 Humongous Allocation) (young) (initial-mark) 34M->9732K(128M), 0.0071941 secs]
[GC concurrent-root-region-scan-start]
[GC concurrent-root-region-scan-end, 0.0001492 secs]
[GC concurrent-mark-start]
[GC concurrent-mark-end, 0.0059312 secs]
Application time: 0.0060847 seconds
[GC remark, 0.0029081 secs]
Application time: 0.0000303 seconds
[GC cleanup 11M->11M(128M), 0.0002122 secs]
Application time: 0.3756704 seconds
[GC pause (G1 Humongous Allocation) (young) 68M->9732K(128M), 0.0157501 secs]
Application time: 0.1600574 seconds
[GC pause (G1 Humongous Allocation) (young) (initial-mark) 34M->9732K(128M), 0.0074609 secs]
[GC concurrent-root-region-scan-start]
[GC concurrent-root-region-scan-end, 0.0001631 secs]
[GC concurrent-mark-start]
[GC concurrent-mark-end, 0.0055578 secs]
Application time: 0.0057744 seconds
[GC remark, 0.0027697 secs]
Application time: 0.0000337 seconds
[GC cleanup 11M->11M(128M), 0.0002411 secs]
Application time: 0.3654580 seconds
[GC pause (G1 Humongous Allocation) (young) 68M->9734K(128M), 0.0156975 secs]
Application time: 0.1604624 seconds
[GC pause (G1 Humongous Allocation) (young) (initial-mark) 34M->8711K(128M), 0.0069696 secs]
[GC concurrent-root-region-scan-start]
[GC concurrent-root-region-scan-end, 0.0001750 secs]
[GC concurrent-mark-start]
[GC concurrent-mark-end, 0.0054979 secs]
Application time: 0.0057275 seconds
[GC remark, 0.0055122 secs]
Application time: 0.0000341 seconds
[GC cleanup 11M->11M(128M), 0.0003821 secs]
Application time: 0.3782051 seconds
[GC pause (G1 Humongous Allocation) (young) 68M->9737K(128M), 0.0174018 secs]
Application time: 0.1522867 seconds
[GC pause (G1 Humongous Allocation) (young) (initial-mark) 34M->9739K(128M), 0.0071036 secs]
[GC concurrent-root-region-scan-start]
[GC concurrent-root-region-scan-end, 0.0001492 secs]
[GC concurrent-mark-start]
[GC concurrent-mark-end, 0.0053690 secs]
Application time: 0.0055209 seconds
[GC remark, 0.0028683 secs]
Application time: 0.0000298 seconds
[GC cleanup 11M->11M(128M), 0.0002051 secs]
Application time: 0.3802860 seconds
[GC pause (G1 Humongous Allocation) (young) 68M->9737K(128M), 0.0190844 secs]
Application time: 0.1700721 seconds
[GC pause (G1 Humongous Allocation) (young) (initial-mark) 34M->9742K(128M), 0.0082010 secs]
[GC concurrent-root-region-scan-start]
[GC concurrent-root-region-scan-end, 0.0001387 secs]
[GC concurrent-mark-start]
[GC concurrent-mark-end, 0.0055734 secs]
Application time: 0.0057719 seconds
[GC remark, 0.0033655 secs]
Application time: 0.0000487 seconds
[GC cleanup 11M->11M(128M), 0.0003938 secs]
Application time: 0.3696541 seconds
[GC pause (G1 Humongous Allocation) (young) 68M->9742K(128M), 0.0184562 secs]
Application time: 0.1609311 seconds
[GC pause (G1 Humongous Allocation) (young) (initial-mark) 34M->8720K(128M), 0.0085741 secs]
[GC concurrent-root-region-scan-start]
[GC concurrent-root-region-scan-end, 0.0002283 secs]
[GC concurrent-mark-start]
[GC concurrent-mark-end, 0.0055973 secs]
Application time: 0.0058319 seconds
[GC remark, 0.0038060 secs]
Application time: 0.0000407 seconds
[GC cleanup 10M->10M(128M), 0.0002819 secs]
Application time: 0.3706350 seconds
[GC pause (G1 Humongous Allocation) (young) 68M->9744K(128M), 0.0187299 secs]
Application time: 0.1637959 seconds
[GC pause (G1 Humongous Allocation) (young) (initial-mark) 34M->8723K(128M), 0.0085819 secs]
[GC concurrent-root-region-scan-start]
[GC concurrent-root-region-scan-end, 0.0002713 secs]
[GC concurrent-mark-start]
[GC concurrent-mark-end, 0.0055739 secs]
Application time: 0.0058525 seconds
[GC remark, 0.0035622 secs]
Application time: 0.0000358 seconds
[GC cleanup 11M->11M(128M), 0.0002750 secs]
Application time: 0.3749340 seconds
[GC pause (G1 Humongous Allocation) (young) 68M->9747K(128M), 0.0185781 secs]
Application time: 0.1596221 seconds
[GC pause (G1 Humongous Allocation) (young) (initial-mark) 34M->8725K(128M), 0.0084017 secs]
[GC concurrent-root-region-scan-start]
[GC concurrent-root-region-scan-end, 0.0002493 secs]
[GC concurrent-mark-start]
[GC concurrent-mark-end, 0.0155448 secs]
Application time: 0.0158574 seconds
[GC remark, 0.0036117 secs]
Application time: 0.0000416 seconds
[GC cleanup 12M->12M(128M), 0.0002788 secs]
Application time: 0.3736217 seconds
[GC pause (G1 Humongous Allocation) (young) 69M->9748K(128M), 0.0190494 secs]
Application time: 0.1470761 seconds
[GC pause (G1 Humongous Allocation) (young) (initial-mark) 34M->9780K(128M), 0.0082395 secs]
[GC concurrent-root-region-scan-start]
[GC concurrent-root-region-scan-end, 0.0002424 secs]
[GC concurrent-mark-start]
[GC concurrent-mark-end, 0.0054502 secs]
Application time: 0.0057520 seconds
[GC remark, 0.0034643 secs]
Application time: 0.0000411 seconds
[GC cleanup 11M->11M(128M), 0.0003309 secs]
Application time: 0.3485099 seconds
[GC pause (G1 Humongous Allocation) (young) 68M->8788K(128M), 0.0177886 secs]
Application time: 0.1375906 seconds
[GC pause (G1 Humongous Allocation) (young) (initial-mark) 34M->9808K(128M), 0.0084690 secs]
[GC concurrent-root-region-scan-start]
[GC concurrent-root-region-scan-end, 0.0002167 secs]
[GC concurrent-mark-start]
[GC concurrent-mark-end, 0.0126233 secs]
Application time: 0.0128952 seconds
[GC remark, 0.0035337 secs]
Application time: 0.0000437 seconds
[GC cleanup 12M->12M(128M), 0.0003335 secs]
Application time: 0.3239513 seconds
[GC pause (G1 Humongous Allocation) (young) 68M->9808K(128M), 0.0180435 secs]
Application time: 0.1387291 seconds
[GC pause (G1 Humongous Allocation) (young) (initial-mark) 34M->9808K(128M), 0.0084448 secs]
[GC concurrent-root-region-scan-start]
[GC concurrent-root-region-scan-end, 0.0002085 secs]
[GC concurrent-mark-start]
[GC concurrent-mark-end, 0.0054791 secs]
Application time: 0.0057480 seconds
[GC remark, 0.0033988 secs]
Application time: 0.0000359 seconds
[GC cleanup 11M->11M(128M), 0.0002835 secs]
Application time: 0.3797071 seconds
[GC pause (G1 Humongous Allocation) (young) 68M->9808K(128M), 0.0180415 secs]
Application time: 0.1301564 seconds
[GC pause (G1 Humongous Allocation) (young) (initial-mark) 34M->9808K(128M), 0.0081764 secs]
[GC concurrent-root-region-scan-start]
[GC concurrent-root-region-scan-end, 0.0002607 secs]
[GC concurrent-mark-start]
[GC concurrent-mark-end, 0.0058612 secs]
Application time: 0.0061689 seconds
[GC remark, 0.0032756 secs]
Application time: 0.0000384 seconds
[GC cleanup 11M->11M(128M), 0.0002672 secs]
Application time: 0.3219099 seconds
[GC pause (G1 Humongous Allocation) (young) 68M->9808K(128M), 0.0179145 secs]
Application time: 0.1475388 seconds
[GC pause (G1 Humongous Allocation) (young) (initial-mark) 34M->9808K(128M), 0.0073617 secs]
[GC concurrent-root-region-scan-start]
[GC concurrent-root-region-scan-end, 0.0001739 secs]
[GC concurrent-mark-start]
[GC concurrent-mark-end, 0.0081140 secs]
Application time: 0.0083383 seconds
[GC remark, 0.0031770 secs]
Application time: 0.0000346 seconds
[GC cleanup 11M->11M(128M), 0.0002352 secs]
Application time: 0.3442104 seconds
[GC pause (G1 Humongous Allocation) (young) 68M->9808K(128M), 0.0144170 secs]
Application time: 0.1452185 seconds
[GC pause (G1 Humongous Allocation) (young) (initial-mark) 34M->9810K(128M), 0.0065897 secs]
[GC concurrent-root-region-scan-start]
[GC concurrent-root-region-scan-end, 0.0001338 secs]
[GC concurrent-mark-start]
[GC concurrent-mark-end, 0.0053725 secs]
Application time: 0.0055897 seconds
[GC remark, 0.0027646 secs]
Application time: 0.0000389 seconds
[GC cleanup 11M->11M(128M), 0.0002239 secs]
Application time: 0.3386981 seconds
[GC pause (G1 Humongous Allocation) (young) 68M->9808K(128M), 0.0146098 secs]
Application time: 0.1471807 seconds
[GC pause (G1 Humongous Allocation) (young) (initial-mark) 34M->9810K(128M), 0.0066201 secs]
[GC concurrent-root-region-scan-start]
[GC concurrent-root-region-scan-end, 0.0001353 secs]
[GC concurrent-mark-start]
[GC concurrent-mark-end, 0.0053375 secs]
Application time: 0.0055221 seconds
[GC remark, 0.0027409 secs]
Application time: 0.0000378 seconds
[GC cleanup 11M->11M(128M), 0.0002008 secs]
Application time: 0.3366574 seconds
[GC pause (G1 Humongous Allocation) (young) 68M->9808K(128M), 0.0146996 secs]
Application time: 0.1440266 seconds
[GC pause (G1 Humongous Allocation) (young) (initial-mark) 34M->9808K(128M), 0.0065506 secs]
[GC concurrent-root-region-scan-start]
[GC concurrent-root-region-scan-end, 0.0001368 secs]
[GC concurrent-mark-start]
[GC concurrent-mark-end, 0.0054610 secs]
Application time: 0.0056047 seconds
[GC remark, 0.0030303 secs]
Application time: 0.0000327 seconds
[GC cleanup 11M->11M(128M), 0.0002182 secs]
Application time: 0.3467969 seconds
[GC pause (G1 Humongous Allocation) (young) 68M->9812K(128M), 0.0147801 secs]
Application time: 0.1378056 seconds
[GC pause (G1 Humongous Allocation) (young) (initial-mark) 34M->9813K(128M), 0.0064998 secs]
[GC concurrent-root-region-scan-start]
[GC concurrent-root-region-scan-end, 0.0001193 secs]
[GC concurrent-mark-start]
[GC concurrent-mark-end, 0.0053263 secs]
Application time: 0.0054946 seconds
[GC remark, 0.0028734 secs]
Application time: 0.0000378 seconds
[GC cleanup 11M->11M(128M), 0.0002342 secs]
Application time: 0.3381078 seconds
[GC pause (G1 Humongous Allocation) (young) 68M->9815K(128M), 0.0143734 secs]
Application time: 0.1436121 seconds
[GC pause (G1 Humongous Allocation) (young) (initial-mark) 34M->9818K(128M), 0.0065220 secs]
[GC concurrent-root-region-scan-start]
[GC concurrent-root-region-scan-end, 0.0001379 secs]
[GC concurrent-mark-start]
[GC concurrent-mark-end, 0.0055468 secs]
Application time: 0.0056925 seconds
[GC remark, 0.0031614 secs]
Application time: 0.0000332 seconds
[GC cleanup 11M->11M(128M), 0.0002124 secs]
Application time: 0.3660650 seconds
[GC pause (G1 Humongous Allocation) (young) 68M->9818K(128M), 0.0186472 secs]
Application time: 0.1521945 seconds
[GC pause (G1 Humongous Allocation) (young) (initial-mark) 34M->9822K(128M), 0.0083779 secs]
[GC concurrent-root-region-scan-start]
[GC concurrent-root-region-scan-end, 0.0002411 secs]
[GC concurrent-mark-start]
[GC concurrent-mark-end, 0.0054063 secs]
Application time: 0.0056967 seconds
[GC remark, 0.0034904 secs]
Application time: 0.0000359 seconds
[GC cleanup 11M->11M(128M), 0.0002799 secs]
Application time: 0.3758040 seconds
[GC pause (G1 Humongous Allocation) (young) 68M->9822K(128M), 0.0185040 secs]
Application time: 0.1533843 seconds
[GC pause (G1 Humongous Allocation) (young) (initial-mark) 34M->9823K(128M), 0.0084630 secs]
[GC concurrent-root-region-scan-start]
[GC concurrent-root-region-scan-end, 0.0001450 secs]
[GC concurrent-mark-start]
[GC concurrent-mark-end, 0.0056488 secs]
Application time: 0.0058035 seconds
[GC remark, 0.0036829 secs]
Application time: 0.0000347 seconds
[GC cleanup 11M->11M(128M), 0.0002437 secs]
Application time: 0.3747761 seconds
[GC pause (G1 Humongous Allocation) (young) 68M->9823K(128M), 0.0182287 secs]
Application time: 0.1534280 seconds
[GC pause (G1 Humongous Allocation) (young) (initial-mark) 34M->9825K(128M), 0.0084500 secs]
[GC concurrent-root-region-scan-start]
[GC concurrent-root-region-scan-end, 0.0002143 secs]
[GC concurrent-mark-start]
[GC concurrent-mark-end, 0.0133781 secs]
Application time: 0.0136264 seconds
[GC remark, 0.0037654 secs]
Application time: 0.0000602 seconds
[GC cleanup 12M->12M(128M), 0.0004319 secs]
Application time: 0.3680261 seconds
[GC pause (G1 Humongous Allocation) (young) 68M->9825K(128M), 0.0184639 secs]
Application time: 0.1534288 seconds
[GC pause (G1 Humongous Allocation) (young) (initial-mark) 34M->9828K(128M), 0.0084146 secs]
[GC concurrent-root-region-scan-start]
[GC concurrent-root-region-scan-end, 0.0001228 secs]
[GC concurrent-mark-start]
[GC concurrent-mark-end, 0.0139734 secs]
Application time: 0.0141555 seconds
[GC remark, 0.0037297 secs]
Application time: 0.0000533 seconds
[GC cleanup 12M->12M(128M), 0.0002706 secs]
Application time: 0.3583761 seconds
[GC pause (G1 Humongous Allocation) (young) 68M->9828K(128M), 0.0186379 secs]
Application time: 0.1572748 seconds
[GC pause (G1 Humongous Allocation) (young) (initial-mark) 34M->9830K(128M), 0.0083843 secs]
[GC concurrent-root-region-scan-start]
[GC concurrent-root-region-scan-end, 0.0002375 secs]
[GC concurrent-mark-start]
[GC concurrent-mark-end, 0.0133739 secs]
Application time: 0.0136682 seconds
[GC remark, 0.0036872 secs]
Application time: 0.0000608 seconds
[GC cleanup 12M->12M(128M), 0.0002601 secs]
Application time: 0.3637270 seconds
[GC pause (G1 Humongous Allocation) (young) 68M->9830K(128M), 0.0183448 secs]
Application time: 0.1521313 seconds
[GC pause (G1 Humongous Allocation) (young) (initial-mark) 34M->9833K(128M), 0.0083144 secs]
[GC concurrent-root-region-scan-start]
[GC concurrent-root-region-scan-end, 0.0002511 secs]
[GC concurrent-mark-start]
[GC concurrent-mark-end, 0.0056355 secs]
Application time: 0.0059389 seconds
[GC remark, 0.0036674 secs]
Application time: 0.0000594 seconds
[GC cleanup 11M->11M(128M), 0.0002554 secs]
Application time: 0.3607385 seconds
[GC pause (G1 Humongous Allocation) (young) 68M->9833K(128M), 0.0177501 secs]
Application time: 0.1374893 seconds
[GC pause (G1 Humongous Allocation) (young) (initial-mark) 34M->9837K(128M), 0.0080401 secs]
[GC concurrent-root-region-scan-start]
[GC concurrent-root-region-scan-end, 0.0002157 secs]
[GC concurrent-mark-start]
[GC concurrent-mark-end, 0.0046668 secs]
Application time: 0.0049577 seconds
[GC remark, 0.0034480 secs]
Application time: 0.0000546 seconds
[GC cleanup 10M->10M(128M), 0.0003357 secs]
Application time: 0.3432441 seconds
[GC pause (G1 Humongous Allocation) (young) 68M->9840K(128M), 0.0163491 secs]
Application time: 0.1449773 seconds
[GC pause (G1 Humongous Allocation) (young) (initial-mark) 34M->9840K(128M), 0.0069367 secs]
[GC concurrent-root-region-scan-start]
[GC concurrent-root-region-scan-end, 0.0001250 secs]
[GC concurrent-mark-start]
[GC concurrent-mark-end, 0.0047157 secs]
Application time: 0.0049112 seconds
[GC remark, 0.0031121 secs]
Application time: 0.0000354 seconds
[GC cleanup 9840K->9840K(128M), 0.0002155 secs]
Application time: 0.3542624 seconds
[GC pause (G1 Humongous Allocation) (young) 68M->9840K(128M), 0.0146255 secs]
Application time: 0.1435814 seconds
[GC pause (G1 Humongous Allocation) (young) (initial-mark) 34M->9843K(128M), 0.0083709 secs]
[GC concurrent-root-region-scan-start]
[GC concurrent-root-region-scan-end, 0.0000944 secs]
[GC concurrent-mark-start]
[GC concurrent-mark-end, 0.0056718 secs]
Application time: 0.0056708 seconds
[GC remark, 0.0043489 secs]
Application time: 0.0000593 seconds
[GC cleanup 11M->11M(128M), 0.0002537 secs]
Application time: 0.3383881 seconds
[GC pause (G1 Humongous Allocation) (young) 68M->8837K(128M), 0.0178832 secs]
Application time: 0.1443699 seconds
[GC pause (G1 Humongous Allocation) (young) (initial-mark) 34M->8821K(128M), 0.0084954 secs]
[GC concurrent-root-region-scan-start]
[GC concurrent-root-region-scan-end, 0.0001242 secs]
[GC concurrent-mark-start]
[GC concurrent-mark-end, 0.0133697 secs]
Application time: 0.0135480 seconds
[GC remark, 0.0036237 secs]
Application time: 0.0011107 seconds
[GC cleanup 11M->11M(128M), 0.0002595 secs]
Application time: 0.3235897 seconds
[GC pause (G1 Humongous Allocation) (young) 68M->9847K(128M), 0.0184448 secs]
Application time: 0.1356384 seconds
[GC pause (G1 Humongous Allocation) (young) (initial-mark) 34M->9848K(128M), 0.0078664 secs]
[GC concurrent-root-region-scan-start]
[GC concurrent-root-region-scan-end, 0.0001965 secs]
[GC concurrent-mark-start]
[GC concurrent-mark-end, 0.0043728 secs]
Application time: 0.0046212 seconds
[GC remark, 0.0036052 secs]
Application time: 0.0035208 seconds
[GC cleanup 11M->11M(128M), 0.0003864 secs]
Application time: 0.3256896 seconds
[GC pause (G1 Humongous Allocation) (young) 68M->9850K(128M), 0.0176296 secs]
Application time: 0.1388082 seconds
[GC pause (G1 Humongous Allocation) (young) (initial-mark) 34M->9850K(128M), 0.0081111 secs]
[GC concurrent-root-region-scan-start]
[GC concurrent-root-region-scan-end, 0.0002240 secs]
[GC concurrent-mark-start]
[GC concurrent-mark-end, 0.0145045 secs]
Application time: 0.0147841 seconds
[GC remark, 0.0035644 secs]
Application time: 0.0024271 seconds
[GC cleanup 12M->12M(128M), 0.0003379 secs]
Application time: 0.3127325 seconds
[GC pause (G1 Humongous Allocation) (young) 68M->9850K(128M), 0.0176035 secs]
Application time: 0.1444312 seconds
[GC pause (G1 Humongous Allocation) (young) (initial-mark) 34M->9853K(128M), 0.0082486 secs]
[GC concurrent-root-region-scan-start]
[GC concurrent-root-region-scan-end, 0.0002072 secs]
[GC concurrent-mark-start]
[GC concurrent-mark-end, 0.0044830 secs]
Application time: 0.0047394 seconds
[GC remark, 0.0039036 secs]
Application time: 0.0048843 seconds
[GC cleanup 11M->11M(128M), 0.0002715 secs]
Application time: 0.3201789 seconds
[GC pause (G1 Humongous Allocation) (young) 68M->9853K(128M), 0.0180280 secs]
Application time: 0.1433766 seconds
[GC pause (G1 Humongous Allocation) (young) (initial-mark) 34M->9855K(128M), 0.0080781 secs]
[GC concurrent-root-region-scan-start]
[GC concurrent-root-region-scan-end, 0.0001017 secs]
[GC concurrent-mark-start]
[GC concurrent-mark-end, 0.0047030 secs]
Application time: 0.0049033 seconds
[GC remark, 0.0034324 secs]
Application time: 0.0046255 seconds
[GC cleanup 11M->11M(128M), 0.0002520 secs]
Application time: 0.3383985 seconds
[GC pause (G1 Humongous Allocation) (young) 68M->8833K(128M), 0.0174879 secs]
Application time: 0.1377957 seconds
[GC pause (G1 Humongous Allocation) (young) (initial-mark) 34M->9858K(128M), 0.0083869 secs]
[GC concurrent-root-region-scan-start]
[GC concurrent-root-region-scan-end, 0.0001244 secs]
[GC concurrent-mark-start]
[GC concurrent-mark-end, 0.0044460 secs]
Application time: 0.0095419 seconds
[GC remark, 0.0032648 secs]
Application time: 0.0000328 seconds
[GC cleanup 11M->11M(128M), 0.0003019 secs]
Application time: 0.3269989 seconds
[GC pause (G1 Humongous Allocation) (young) 68M->9860K(128M), 0.0176455 secs]
Application time: 0.1372467 seconds
[GC pause (G1 Humongous Allocation) (young) (initial-mark) 34M->9865K(128M), 0.0081387 secs]
[GC concurrent-root-region-scan-start]
[GC concurrent-root-region-scan-end, 0.0002334 secs]
[GC concurrent-mark-start]
[GC concurrent-mark-end, 0.0046373 secs]
Application time: 0.0048782 seconds
[GC remark, 0.0033886 secs]
Application time: 0.0000291 seconds
[GC cleanup 11M->11M(128M), 0.0002836 secs]
Application time: 0.3643941 seconds
[GC pause (G1 Humongous Allocation) (young) 68M->9865K(128M), 0.0154481 secs]
Application time: 0.1528522 seconds
[GC pause (G1 Humongous Allocation) (young) (initial-mark) 34M->9868K(128M), 0.0071663 secs]
[GC concurrent-root-region-scan-start]
[GC concurrent-root-region-scan-end, 0.0001126 secs]
[GC concurrent-mark-start]
[GC concurrent-mark-end, 0.0056370 secs]
Application time: 0.0057957 seconds
[GC remark, 0.0028246 secs]
Application time: 0.0000451 seconds
[GC cleanup 11M->11M(128M), 0.0002489 secs]
Application time: 0.3764499 seconds
[GC pause (G1 Humongous Allocation) (young) 68M->9868K(128M), 0.0183117 secs]
Application time: 0.1549321 seconds
[GC pause (G1 Humongous Allocation) (young) (initial-mark) 34M->9870K(128M), 0.0083297 secs]
[GC concurrent-root-region-scan-start]
[GC concurrent-root-region-scan-end, 0.0002597 secs]
[GC concurrent-mark-start]
[GC concurrent-mark-end, 0.0054375 secs]
Application time: 0.0057425 seconds
[GC remark, 0.0037401 secs]
Application time: 0.0000326 seconds
[GC cleanup 11M->11M(128M), 0.0002694 secs]
Application time: 0.3802984 seconds
[GC pause (G1 Humongous Allocation) (young) 68M->9871K(128M), 0.0181832 secs]
Application time: 0.1467411 seconds
[GC pause (G1 Humongous Allocation) (young) (initial-mark) 34M->9875K(128M), 0.0088105 secs]
[GC concurrent-root-region-scan-start]
[GC concurrent-root-region-scan-end, 0.0002319 secs]
[GC concurrent-mark-start]
[GC concurrent-mark-end, 0.0081732 secs]
Application time: 0.0084142 seconds
[GC remark, 0.0035535 secs]
Application time: 0.0000339 seconds
[GC cleanup 11M->11M(128M), 0.0003132 secs]
Application time: 0.3772109 seconds
[GC pause (G1 Humongous Allocation) (young) 68M->9875K(128M), 0.0181224 secs]
Application time: 0.1504511 seconds
[GC pause (G1 Humongous Allocation) (young) (initial-mark) 34M->9875K(128M), 0.0080137 secs]
[GC concurrent-root-region-scan-start]
[GC concurrent-root-region-scan-end, 0.0002225 secs]
[GC concurrent-mark-start]
[GC concurrent-mark-end, 0.0053787 secs]
Application time: 0.0056535 seconds
[GC remark, 0.0034555 secs]
Application time: 0.0000331 seconds
[GC cleanup 11M->11M(128M), 0.0003041 secs]
Application time: 0.3806310 seconds
[GC pause (G1 Humongous Allocation) (young) 68M->9875K(128M), 0.0182759 secs]
Application time: 0.1510640 seconds
[GC pause (G1 Humongous Allocation) (young) (initial-mark) 34M->9878K(128M), 0.0081909 secs]
[GC concurrent-root-region-scan-start]
[GC concurrent-root-region-scan-end, 0.0002414 secs]
[GC concurrent-mark-start]
[GC concurrent-mark-end, 0.0054361 secs]
Application time: 0.0057312 seconds
[GC remark, 0.0035167 secs]
Application time: 0.0000329 seconds
[GC cleanup 11M->11M(128M), 0.0002561 secs]
Application time: 0.3717687 seconds
[GC pause (G1 Humongous Allocation) (young) 68M->9878K(128M), 0.0177834 secs]
Application time: 0.1560325 seconds
[GC pause (G1 Humongous Allocation) (young) (initial-mark) 34M->9880K(128M), 0.0085136 secs]
[GC concurrent-root-region-scan-start]
[GC concurrent-root-region-scan-end, 0.0002400 secs]
[GC concurrent-mark-start]
[GC concurrent-mark-end, 0.0056999 secs]
Application time: 0.0059483 seconds
[GC remark, 0.0037847 secs]
Application time: 0.0000303 seconds
[GC cleanup 11M->11M(128M), 0.0002594 secs]
Application time: 0.3708439 seconds
[GC pause (G1 Humongous Allocation) (young) 68M->9880K(128M), 0.0179646 secs]
Application time: 0.1590854 seconds
[GC pause (G1 Humongous Allocation) (young) (initial-mark) 34M->8863K(128M), 0.0083987 secs]
[GC concurrent-root-region-scan-start]
[GC concurrent-root-region-scan-end, 0.0002397 secs]
[GC concurrent-mark-start]
[GC concurrent-mark-end, 0.0055592 secs]
Application time: 0.0058020 seconds
[GC remark, 0.0033846 secs]
Application time: 0.0000313 seconds
[GC cleanup 11M->11M(128M), 0.0002526 secs]
Application time: 0.3790233 seconds
[GC pause (G1 Humongous Allocation) (young) 68M->9884K(128M), 0.0156366 secs]
Application time: 0.1606044 seconds
[GC pause (G1 Humongous Allocation) (young) (initial-mark) 34M->9885K(128M), 0.0087842 secs]
[GC concurrent-root-region-scan-start]
[GC concurrent-root-region-scan-end, 0.0001447 secs]
[GC concurrent-mark-start]
[GC concurrent-mark-end, 0.0069812 secs]
Application time: 0.0071440 seconds
[GC remark, 0.0037144 secs]
Application time: 0.0000295 seconds
[GC cleanup 11M->11M(128M), 0.0002955 secs]
Application time: 0.3714295 seconds
[GC pause (G1 Humongous Allocation) (young) 68M->9885K(128M), 0.0181309 secs]
Application time: 0.1626417 seconds
[GC pause (G1 Humongous Allocation) (young) (initial-mark) 34M->9888K(128M), 0.0082637 secs]
[GC concurrent-root-region-scan-start]
[GC concurrent-root-region-scan-end, 0.0001175 secs]
[GC concurrent-mark-start]
[GC concurrent-mark-end, 0.0053817 secs]
Application time: 0.0055586 seconds
[GC remark, 0.0035603 secs]
Application time: 0.0000353 seconds
[GC cleanup 11M->11M(128M), 0.0002713 secs]
Application time: 0.3583983 seconds
[GC pause (G1 Humongous Allocation) (young) 68M->8868K(128M), 0.0177023 secs]
Application time: 0.1401961 seconds
[GC pause (G1 Humongous Allocation) (young) (initial-mark) 34M->9893K(128M), 0.0084281 secs]
[GC concurrent-root-region-scan-start]
[GC concurrent-root-region-scan-end, 0.0002580 secs]
[GC concurrent-mark-start]
[GC concurrent-mark-end, 0.0047555 secs]
Application time: 0.0050460 seconds
[GC remark, 0.0037413 secs]
Application time: 0.0000370 seconds
[GC cleanup 11M->11M(128M), 0.0002257 secs]
Application time: 0.3289652 seconds
[GC pause (G1 Humongous Allocation) (young) 68M->9895K(128M), 0.0173993 secs]
Application time: 0.1375758 seconds
[GC pause (G1 Humongous Allocation) (young) (initial-mark) 34M->9900K(128M), 0.0080746 secs]
[GC concurrent-root-region-scan-start]
[GC concurrent-root-region-scan-end, 0.0002362 secs]
[GC concurrent-mark-start]
[GC concurrent-mark-end, 0.0051638 secs]
Application time: 0.0054074 seconds
[GC remark, 0.0040425 secs]
Application time: 0.0049975 seconds
[GC cleanup 11M->11M(128M), 0.0004519 secs]
Application time: 0.3378983 seconds
[GC pause (G1 Humongous Allocation) (young) 68M->9902K(128M), 0.0177284 secs]
Application time: 0.1397316 seconds
[GC pause (G1 Humongous Allocation) (young) (initial-mark) 34M->8881K(128M), 0.0080578 secs]
[GC concurrent-root-region-scan-start]
[GC concurrent-root-region-scan-end, 0.0001142 secs]
[GC concurrent-mark-start]
[GC concurrent-mark-end, 0.0045111 secs]
Application time: 0.0046860 seconds
[GC remark, 0.0034328 secs]
Application time: 0.0073277 seconds
[GC cleanup 11M->11M(128M), 0.0003092 secs]
Application time: 0.3357762 seconds
[GC pause (G1 Humongous Allocation) (young) 68M->9905K(128M), 0.0175567 secs]
Application time: 0.1389376 seconds
[GC pause (G1 Humongous Allocation) (young) (initial-mark) 34M->9907K(128M), 0.0079673 secs]
[GC concurrent-root-region-scan-start]
[GC concurrent-root-region-scan-end, 0.0001204 secs]
[GC concurrent-mark-start]
[GC concurrent-mark-end, 0.0044403 secs]
Application time: 0.0046068 seconds
[GC remark, 0.0033013 secs]
Application time: 0.0029943 seconds
[GC cleanup 11M->11M(128M), 0.0002381 secs]
Application time: 0.3244745 seconds
[GC pause (G1 Humongous Allocation) (young) 68M->8883K(128M), 0.0174846 secs]
Application time: 0.1381042 seconds
[GC pause (G1 Humongous Allocation) (young) (initial-mark) 34M->9908K(128M), 0.0082762 secs]
[GC concurrent-root-region-scan-start]
[GC concurrent-root-region-scan-end, 0.0001119 secs]
[GC concurrent-mark-start]
[GC concurrent-mark-end, 0.0043906 secs]
Application time: 0.0045533 seconds
[GC remark, 0.0032173 secs]
Application time: 0.0048615 seconds
[GC cleanup 11M->11M(128M), 0.0002996 secs]
Application time: 0.3245763 seconds
[GC pause (G1 Humongous Allocation) (young) 68M->8886K(128M), 0.0175876 secs]
Application time: 0.1426391 seconds
[GC pause (G1 Humongous Allocation) (young) (initial-mark) 34M->9910K(128M), 0.0083338 secs]
[GC concurrent-root-region-scan-start]
[GC concurrent-root-region-scan-end, 0.0001226 secs]
[GC concurrent-mark-start]
[GC concurrent-mark-end, 0.0045313 secs]
Application time: 0.0047029 seconds
[GC remark, 0.0033012 secs]
Application time: 0.0061178 seconds
[GC cleanup 11M->11M(128M), 0.0002112 secs]
Application time: 0.3319615 seconds
[GC pause (G1 Humongous Allocation) (young) 68M->9910K(128M), 0.0178722 secs]
Application time: 0.1403812 seconds
[GC pause (G1 Humongous Allocation) (young) (initial-mark) 34M->9913K(128M), 0.0079241 secs]
[GC concurrent-root-region-scan-start]
[GC concurrent-root-region-scan-end, 0.0001259 secs]
[GC concurrent-mark-start]
[GC concurrent-mark-end, 0.0044993 secs]
Application time: 0.0046891 seconds
[GC remark, 0.0033906 secs]
Application time: 0.0020674 seconds
[GC cleanup 11M->11M(128M), 0.0002349 secs]
Application time: 0.3215560 seconds
[GC pause (G1 Humongous Allocation) (young) 68M->9913K(128M), 0.0176359 secs]
Application time: 0.1473736 seconds
[GC pause (G1 Humongous Allocation) (young) (initial-mark) 34M->9915K(128M), 0.0066102 secs]
[GC concurrent-root-region-scan-start]
[GC concurrent-root-region-scan-end, 0.0001035 secs]
[GC concurrent-mark-start]
[GC concurrent-mark-end, 0.0045561 secs]
Application time: 0.0047053 seconds
[GC remark, 0.0027710 secs]
Application time: 0.0000402 seconds
[GC cleanup 11M->11M(128M), 0.0001996 secs]
Application time: 0.3450332 seconds
[GC pause (G1 Humongous Allocation) (young) 68M->9916K(128M), 0.0147054 secs]
Application time: 0.1367291 seconds
[GC pause (G1 Humongous Allocation) (young) (initial-mark) 34M->9922K(128M), 0.0063523 secs]
[GC concurrent-root-region-scan-start]
[GC concurrent-root-region-scan-end, 0.0001032 secs]
[GC concurrent-mark-start]
[GC concurrent-mark-end, 0.0045875 secs]
Application time: 0.0047361 seconds
[GC remark, 0.0027246 secs]
Application time: 0.0000389 seconds
[GC cleanup 11M->11M(128M), 0.0002059 secs]
Application time: 0.3422775 seconds
[GC pause (G1 Humongous Allocation) (young) 68M->9922K(128M), 0.0142444 secs]
Application time: 0.1481276 seconds
[GC pause (G1 Humongous Allocation) (young) (initial-mark) 34M->8914K(128M), 0.0066008 secs]
[GC concurrent-root-region-scan-start]
[GC concurrent-root-region-scan-end, 0.0001595 secs]
[GC concurrent-mark-start]
[GC concurrent-mark-end, 0.0047850 secs]
Application time: 0.0050064 seconds
[GC remark, 0.0030532 secs]
Application time: 0.0000576 seconds
[GC cleanup 10M->10M(128M), 0.0002200 secs]
Application time: 0.3326598 seconds
[GC pause (G1 Humongous Allocation) (young) 68M->8900K(128M), 0.0141270 secs]
Application time: 0.1375096 seconds
[GC pause (G1 Humongous Allocation) (young) (initial-mark) 34M->9927K(128M), 0.0066671 secs]
[GC concurrent-root-region-scan-start]
[GC concurrent-root-region-scan-end, 0.0001149 secs]
[GC concurrent-mark-start]
[GC concurrent-mark-end, 0.0046398 secs]
Application time: 0.0048069 seconds
[GC remark, 0.0029441 secs]
Application time: 0.0000446 seconds
[GC cleanup 11M->11M(128M), 0.0001965 secs]
Application time: 0.3435699 seconds
[GC pause (G1 Humongous Allocation) (young) 68M->9925K(128M), 0.0143912 secs]
Application time: 0.1464275 seconds
[GC pause (G1 Humongous Allocation) (young) (initial-mark) 34M->8921K(128M), 0.0065235 secs]
[GC concurrent-root-region-scan-start]
[GC concurrent-root-region-scan-end, 0.0001215 secs]
[GC concurrent-mark-start]
[GC concurrent-mark-end, 0.0048164 secs]
Application time: 0.0049851 seconds
[GC remark, 0.0028150 secs]
Application time: 0.0000529 seconds
[GC cleanup 11M->11M(128M), 0.0003035 secs]
Application time: 0.3440074 seconds
[GC pause (G1 Humongous Allocation) (young) 68M->9930K(128M), 0.0176222 secs]
Application time: 0.1456573 seconds
[GC pause (G1 Humongous Allocation) (young) (initial-mark) 34M->9934K(128M), 0.0066751 secs]
[GC concurrent-root-region-scan-start]
[GC concurrent-root-region-scan-end, 0.0001296 secs]
[GC concurrent-mark-start]
[GC concurrent-mark-end, 0.0050369 secs]
Application time: 0.0052135 seconds
[GC remark, 0.0029531 secs]
Application time: 0.0000410 seconds
[GC cleanup 11M->11M(128M), 0.0002340 secs]
Application time: 0.3457087 seconds
[GC pause (G1 Humongous Allocation) (young) 68M->9939K(128M), 0.0145221 secs]
Application time: 0.1466838 seconds
[GC pause (G1 Humongous Allocation) (young) (initial-mark) 34M->9937K(128M), 0.0066447 secs]
[GC concurrent-root-region-scan-start]
[GC concurrent-root-region-scan-end, 0.0001520 secs]
[GC concurrent-mark-start]
[GC concurrent-mark-end, 0.0047194 secs]
Application time: 0.0087479 seconds
[GC remark, 0.0030898 secs]
Application time: 0.0000404 seconds
[GC cleanup 11M->11M(128M), 0.0002187 secs]
Application time: 0.1416180 seconds
Application time: 0.3705769 seconds
[GC pause (G1 Humongous Allocation) (young) 68M->8887K(128M), 0.0172515 secs]
Iteration 1 (120s) ends:   Tue May 15 23:49:40 GMT 2018
Iteration 1 (120s) result: 210.35 ops/m

Valid run!
Score on crypto.signverify: 210.35 ops/m

Application time: 0.0918001 seconds
