Application time: 0.0301771 seconds

SPECjvm2008 Peak
  Properties file:   none
  Base dir:          /home/kadilier/MaxineVM/maxineGCBenchmark/SPEC
  Benchmarks:        crypto.aes crypto.rsa crypto.signverify

  WARNING: Run will not be compliant.
  Property specjvm.create.xml.report must be true for publication.
  Not a compliant sequence of benchmarks for publication.
  Property specjvm.run.checksum.validation must be true for publication.
  Property specjvm.iteration.time must be at least 240 seconds for publication.


--- --- --- --- --- --- --- --- ---

  Benchmark:   check
  Run mode:    static run
  Test type:   functional
  Threads:     1
  Iterations:  1
  Run length:  1 operation

Iteration 1 (1 operation) begins: Tue May 15 23:31:14 GMT 2018
Application time: 0.1381831 seconds
[GC pause (G1 Evacuation Pause) (young) 7168K->3064K(64M), 0.0082159 secs]
Application time: 0.0718015 seconds
[Full GC (System.gc())  5362K->2623K(64M), 0.0117813 secs]
Application time: 0.0041614 seconds
[Full GC (System.gc())  2623K->2623K(64M), 0.0087975 secs]
Iteration 1 (1 operation) ends:   Tue May 15 23:31:15 GMT 2018
Iteration 1 (1 operation) result: PASSED

Valid run!


--- --- --- --- --- --- --- --- ---

  Benchmark:   crypto.aes
  Run mode:    timed run
  Test type:   multi
  Threads:     2
  Warmup:      60s
  Iterations:  1
  Run length:  120s
Application time: 0.6528169 seconds
Application time: 0.1273307 seconds
[GC pause (G1 Evacuation Pause) (young) 10M->5895K(64M), 0.0044687 secs]

Warmup (60s) begins: Tue May 15 23:31:16 GMT 2018
Application time: 0.3816908 seconds
[GC pause (G1 Humongous Allocation) (young) (initial-mark) 31M->11M(64M), 0.0055239 secs]
[GC concurrent-root-region-scan-start]
[GC concurrent-root-region-scan-end, 0.0015756 secs]
[GC concurrent-mark-start]
Application time: 0.0016452 seconds
[GC concurrent-mark-end, 0.0164731 secs]
Application time: 0.0163939 seconds
[GC remark, 0.0031144 secs]
Application time: 0.0000278 seconds
[GC cleanup 20M->20M(64M), 0.0001949 secs]
Application time: 0.0694078 seconds
[GC pause (G1 Humongous Allocation) (young)-- 46M->14M(64M), 0.0185161 secs]
Application time: 0.0142677 seconds
[GC pause (G1 Humongous Allocation) (young) (initial-mark) 22M->14M(64M), 0.0017810 secs]
[GC concurrent-root-region-scan-start]
[GC concurrent-root-region-scan-end, 0.0000210 secs]
[GC concurrent-mark-start]
[GC concurrent-mark-end, 0.0128577 secs]
Application time: 0.0129426 seconds
[GC remark, 0.0033291 secs]
Application time: 0.0001397 seconds
[GC cleanup 21M->21M(64M), 0.0001917 secs]
Application time: 0.0395986 seconds
[GC pause (G1 Humongous Allocation) (young)-- 46M->13M(64M), 0.0012017 secs]
Application time: 0.0275496 seconds
[GC pause (G1 Humongous Allocation) (mixed)-- 46M->13M(64M), 0.0017298 secs]
Application time: 0.0057671 seconds
[GC pause (G1 Humongous Allocation) (young) (initial-mark) 22M->13M(64M), 0.0009340 secs]
[GC concurrent-root-region-scan-start]
[GC concurrent-root-region-scan-end, 0.0000092 secs]
[GC concurrent-mark-start]
[GC concurrent-mark-end, 0.0091141 secs]
Application time: 0.0091120 seconds
[GC remark, 0.0031000 secs]
Application time: 0.0000332 seconds
[GC cleanup 16M->16M(64M), 0.0002116 secs]
Application time: 0.0304560 seconds
[GC pause (G1 Humongous Allocation) (young)-- 46M->13M(64M), 0.0015632 secs]
Application time: 0.6216120 seconds
[GC pause (G1 Humongous Allocation) (mixed)-- 45M->12M(64M), 0.0020472 secs]
Application time: 0.2216877 seconds
[GC pause (G1 Humongous Allocation) (young) (initial-mark) 21M->12M(64M), 0.0012414 secs]
[GC concurrent-root-region-scan-start]
[GC concurrent-root-region-scan-end, 0.0000082 secs]
[GC concurrent-mark-start]
[GC concurrent-mark-end, 0.0100342 secs]
Application time: 0.0100423 seconds
[GC remark, 0.0030403 secs]
Application time: 0.0000343 seconds
[GC cleanup 13M->12M(64M), 0.0002008 secs]
[GC concurrent-cleanup-start]
[GC concurrent-cleanup-end, 0.0000086 secs]
Application time: 0.8867218 seconds
[GC pause (G1 Humongous Allocation) (young)-- 45M->14M(64M), 0.0010889 secs]
Application time: 0.5237417 seconds
Application time: 0.0089510 seconds
[GC pause (G1 Humongous Allocation) (mixed)-- 44M->13M(64M), 0.0023357 secs]
Application time: 0.1363495 seconds
[GC pause (G1 Humongous Allocation) (young) (initial-mark) 21M->12M(64M), 0.0010820 secs]
[GC concurrent-root-region-scan-start]
[GC concurrent-root-region-scan-end, 0.0000095 secs]
[GC concurrent-mark-start]
[GC concurrent-mark-end, 0.0094920 secs]
Application time: 0.0095595 seconds
[GC remark, 0.0029534 secs]
Application time: 0.0000289 seconds
[GC cleanup 14M->13M(64M), 0.0001859 secs]
[GC concurrent-cleanup-start]
[GC concurrent-cleanup-end, 0.0000095 secs]
Application time: 0.5678942 seconds
[GC pause (G1 Humongous Allocation) (young)-- 45M->14M(64M), 0.0009027 secs]
Application time: 0.4839953 seconds
[GC pause (G1 Humongous Allocation) (mixed)-- 44M->14M(64M), 0.0012978 secs]
Application time: 0.0403600 seconds
[GC pause (G1 Humongous Allocation) (young) (initial-mark) 21M->13M(64M), 0.0010318 secs]
[GC concurrent-root-region-scan-start]
[GC concurrent-root-region-scan-end, 0.0000923 secs]
[GC concurrent-mark-start]
[GC concurrent-mark-end, 0.0079969 secs]
Application time: 0.0080045 seconds
[GC remark, 0.0023191 secs]
Application time: 0.0000308 seconds
[GC cleanup 14M->14M(64M), 0.0001605 secs]
Application time: 0.0631722 seconds
[GC pause (G1 Humongous Allocation) (young)-- 44M->15M(64M), 0.0008638 secs]
Application time: 0.0441741 seconds
[GC pause (G1 Humongous Allocation) (mixed)-- 44M->12M(64M), 0.0016755 secs]
Application time: 0.0121587 seconds
[GC pause (G1 Humongous Allocation) (young) (initial-mark) 21M->14M(64M), 0.0009786 secs]
[GC concurrent-root-region-scan-start]
[GC concurrent-root-region-scan-end, 0.0000908 secs]
[GC concurrent-mark-start]
[GC concurrent-mark-end, 0.0083058 secs]
Application time: 0.0083259 seconds
[GC remark, 0.0023742 secs]
Application time: 0.0016757 seconds
[GC cleanup 18M->17M(64M), 0.0001855 secs]
[GC concurrent-cleanup-start]
[GC concurrent-cleanup-end, 0.0000094 secs]
Application time: 0.0204406 seconds
[GC pause (G1 Humongous Allocation) (young)-- 44M->14M(64M), 0.0007694 secs]
Application time: 0.0430853 seconds
[GC pause (G1 Humongous Allocation) (mixed)-- 43M->13M(64M), 0.0017308 secs]
Application time: 0.0078623 seconds
[GC pause (G1 Humongous Allocation) (young) (initial-mark) 19M->13M(64M), 0.0006169 secs]
[GC concurrent-root-region-scan-start]
[GC concurrent-root-region-scan-end, 0.0000095 secs]
[GC concurrent-mark-start]
[GC concurrent-mark-end, 0.0075321 secs]
Application time: 0.0076056 seconds
[GC remark, 0.0023295 secs]
Application time: 0.0000495 seconds
[GC cleanup 15M->15M(64M), 0.0001750 secs]
[GC concurrent-cleanup-start]
[GC concurrent-cleanup-end, 0.0000075 secs]
Application time: 0.0408869 seconds
[GC pause (G1 Humongous Allocation) (young)-- 44M->15M(64M), 0.0008245 secs]
Application time: 0.4820688 seconds
[GC pause (G1 Humongous Allocation) (mixed)-- 44M->14M(64M), 0.0013842 secs]
Application time: 0.0749400 seconds
[GC pause (G1 Humongous Allocation) (young) (initial-mark) 20M->14M(64M), 0.0006840 secs]
[GC concurrent-root-region-scan-start]
[GC concurrent-root-region-scan-end, 0.0000130 secs]
[GC concurrent-mark-start]
[GC concurrent-mark-end, 0.0077419 secs]
Application time: 0.0078036 seconds
[GC remark, 0.0022684 secs]
Application time: 0.0030092 seconds
[GC cleanup 14M->13M(64M), 0.0002652 secs]
[GC concurrent-cleanup-start]
[GC concurrent-cleanup-end, 0.0000077 secs]
Application time: 0.6795594 seconds
[GC pause (G1 Humongous Allocation) (young)-- 43M->16M(64M), 0.0008193 secs]
Application time: 0.4832179 seconds
[GC pause (G1 Humongous Allocation) (mixed)-- 43M->14M(64M), 0.0023585 secs]
Application time: 0.0591319 seconds
[GC pause (G1 Humongous Allocation) (young) (initial-mark) 21M->13M(64M), 0.0010303 secs]
[GC concurrent-root-region-scan-start]
[GC concurrent-root-region-scan-end, 0.0000090 secs]
[GC concurrent-mark-start]
[GC concurrent-mark-end, 0.0083713 secs]
Application time: 0.0083779 seconds
[GC remark, 0.0027763 secs]
Application time: 0.0000376 seconds
[GC cleanup 14M->13M(64M), 0.0002139 secs]
[GC concurrent-cleanup-start]
[GC concurrent-cleanup-end, 0.0000070 secs]
Application time: 0.4829651 seconds
[GC pause (G1 Humongous Allocation) (young)-- 44M->14M(64M), 0.0010645 secs]
Application time: 0.4877745 seconds
[GC pause (G1 Humongous Allocation) (mixed)-- 44M->16M(64M), 0.0012830 secs]
Application time: 0.0676883 seconds
[GC pause (G1 Humongous Allocation) (young) (initial-mark) 19M->16M(64M), 0.0008415 secs]
[GC concurrent-root-region-scan-start]
[GC concurrent-root-region-scan-end, 0.0000192 secs]
[GC concurrent-mark-start]
[GC concurrent-mark-end, 0.0146910 secs]
Application time: 0.0147516 seconds
[GC remark, 0.0024901 secs]
Application time: 0.0000306 seconds
[GC cleanup 18M->18M(64M), 0.0001600 secs]
[GC concurrent-cleanup-start]
[GC concurrent-cleanup-end, 0.0000082 secs]
Application time: 0.2518032 seconds
[GC pause (G1 Humongous Allocation) (young)-- 44M->15M(64M), 0.0013257 secs]
Application time: 0.0361355 seconds
[GC pause (G1 Humongous Allocation) (mixed)-- 44M->15M(64M), 0.0017548 secs]
Application time: 0.0059954 seconds
[GC pause (G1 Humongous Allocation) (young) (initial-mark) 21M->16M(64M), 0.0007522 secs]
[GC concurrent-root-region-scan-start]
[GC concurrent-root-region-scan-end, 0.0000254 secs]
[GC concurrent-mark-start]
[GC concurrent-mark-end, 0.0094475 secs]
Application time: 0.0095362 seconds
[GC remark, 0.0025707 secs]
Application time: 0.0000355 seconds
[GC cleanup 22M->22M(64M), 0.0001598 secs]
Application time: 0.0228376 seconds
[GC pause (G1 Humongous Allocation) (young)-- 44M->16M(64M), 0.0009804 secs]
Application time: 0.0247452 seconds
[GC pause (G1 Humongous Allocation) (mixed)-- 44M->17M(64M), 0.0010405 secs]
Application time: 0.0208662 seconds
[GC pause (G1 Humongous Allocation) (mixed)-- 43M->16M(64M), 0.0014662 secs]
Application time: 0.0018755 seconds
[GC pause (G1 Humongous Allocation) (young) (initial-mark) 19M->14M(64M), 0.0009293 secs]
[GC concurrent-root-region-scan-start]
[GC concurrent-root-region-scan-end, 0.0000979 secs]
[GC concurrent-mark-start]
[GC concurrent-mark-end, 0.0094018 secs]
Application time: 0.0095003 seconds
[GC remark, 0.0023669 secs]
Application time: 0.0000320 seconds
[GC cleanup 15M->14M(64M), 0.0001622 secs]
[GC concurrent-cleanup-start]
[GC concurrent-cleanup-end, 0.0000092 secs]
Application time: 0.0393527 seconds
[GC pause (G1 Humongous Allocation) (young)-- 43M->15M(64M), 0.0007834 secs]
Application time: 0.2957298 seconds
[GC pause (G1 Humongous Allocation) (mixed)-- 42M->15M(64M), 0.0012270 secs]
Application time: 0.6819461 seconds
[GC pause (G1 Humongous Allocation) (mixed)-- 41M->18M(64M), 0.0012030 secs]
Application time: 0.0001124 seconds
[GC pause (G1 Humongous Allocation) (young) (initial-mark) 18M->17M(64M), 0.0005643 secs]
[GC concurrent-root-region-scan-start]
[GC concurrent-root-region-scan-end, 0.0000088 secs]
[GC concurrent-mark-start]
[GC concurrent-mark-end, 0.0092396 secs]
Application time: 0.0092959 seconds
[GC remark, 0.0024938 secs]
Application time: 0.0000296 seconds
[GC cleanup 18M->18M(64M), 0.0001603 secs]
[GC concurrent-cleanup-start]
[GC concurrent-cleanup-end, 0.0000089 secs]
Application time: 0.6039605 seconds
[GC pause (G1 Humongous Allocation) (young) 42M->14M(64M), 0.0006987 secs]
Application time: 0.4175090 seconds
[GC pause (G1 Humongous Allocation) (mixed)-- 41M->14M(64M), 0.0014031 secs]
Application time: 0.4801585 seconds
[GC pause (G1 Humongous Allocation) (mixed)-- 43M->16M(64M), 0.0013156 secs]
Application time: 0.0551081 seconds
[GC pause (G1 Humongous Allocation) (young) (initial-mark) 19M->15M(64M), 0.0008742 secs]
[GC concurrent-root-region-scan-start]
[GC concurrent-root-region-scan-end, 0.0001523 secs]
[GC concurrent-mark-start]
[GC concurrent-mark-end, 0.0176723 secs]
Application time: 0.0178456 seconds
[GC remark, 0.0025319 secs]
Application time: 0.0035197 seconds
[GC cleanup 18M->18M(64M), 0.0001574 secs]
Application time: 0.4171643 seconds
[GC pause (G1 Humongous Allocation) (young)-- 42M->17M(64M), 0.0007957 secs]
Application time: 0.3010315 seconds
[GC pause (G1 Humongous Allocation) (mixed)-- 42M->17M(64M), 0.0013425 secs]
Application time: 0.0433550 seconds
[GC pause (G1 Humongous Allocation) (mixed)-- 43M->16M(64M), 0.0016564 secs]
Application time: 0.0025789 seconds
[GC pause (G1 Humongous Allocation) (young) (initial-mark) 19M->16M(64M), 0.0005690 secs]
[GC concurrent-root-region-scan-start]
[GC concurrent-root-region-scan-end, 0.0000092 secs]
[GC concurrent-mark-start]
[GC concurrent-mark-end, 0.0098725 secs]
Application time: 0.0099364 seconds
[GC remark, 0.0022844 secs]
Application time: 0.0000303 seconds
[GC cleanup 20M->19M(64M), 0.0001739 secs]
[GC concurrent-cleanup-start]
[GC concurrent-cleanup-end, 0.0000096 secs]
Application time: 0.0229234 seconds
[GC pause (G1 Humongous Allocation) (young)-- 44M->16M(64M), 0.0009820 secs]
Application time: 0.0242160 seconds
[GC pause (G1 Humongous Allocation) (mixed)-- 43M->18M(64M), 0.0009500 secs]
Application time: 0.0210567 seconds
[GC pause (G1 Humongous Allocation) (mixed)-- 43M->17M(64M), 0.0014125 secs]
Application time: 0.0004360 seconds
[GC pause (G1 Humongous Allocation) (young) (initial-mark) 19M->17M(64M), 0.0006370 secs]
[GC concurrent-root-region-scan-start]
[GC concurrent-root-region-scan-end, 0.0000082 secs]
[GC concurrent-mark-start]
[GC concurrent-mark-end, 0.0091318 secs]
Application time: 0.0091906 seconds
[GC remark, 0.0031209 secs]
Application time: 0.0000260 seconds
[GC cleanup 24M->24M(64M), 0.0001484 secs]
Application time: 0.0153975 seconds
[GC pause (G1 Humongous Allocation) (young)-- 43M->17M(64M), 0.0010927 secs]
Application time: 0.0342730 seconds
[GC pause (G1 Humongous Allocation) (mixed)-- 42M->17M(64M), 0.0008365 secs]
Application time: 0.4413521 seconds
[GC pause (G1 Humongous Allocation) (mixed)-- 42M->17M(64M), 0.0015331 secs]
Application time: 0.0017832 seconds
[GC pause (G1 Humongous Allocation) (young) (initial-mark) 18M->16M(64M), 0.0006456 secs]
[GC concurrent-root-region-scan-start]
[GC concurrent-root-region-scan-end, 0.0000118 secs]
[GC concurrent-mark-start]
[GC concurrent-mark-end, 0.0170895 secs]
Application time: 0.0171460 seconds
[GC remark, 0.0023626 secs]
Application time: 0.0000452 seconds
[GC cleanup 17M->17M(64M), 0.0001582 secs]
[GC concurrent-cleanup-start]
[GC concurrent-cleanup-end, 0.0000116 secs]
Application time: 0.6507189 seconds
[GC pause (G1 Humongous Allocation) (young)-- 43M->18M(64M), 0.0009824 secs]
Application time: 0.5776540 seconds
[GC pause (G1 Humongous Allocation) (mixed)-- 43M->16M(64M), 0.0014635 secs]
Application time: 0.4463983 seconds
[GC pause (G1 Humongous Allocation) (mixed)-- 43M->17M(64M), 0.0013192 secs]
Application time: 0.0338992 seconds
[GC pause (G1 Humongous Allocation) (young) (initial-mark) 19M->17M(64M), 0.0006444 secs]
[GC concurrent-root-region-scan-start]
[GC concurrent-root-region-scan-end, 0.0000090 secs]
[GC concurrent-mark-start]
[GC concurrent-mark-end, 0.0181831 secs]
Application time: 0.0182449 seconds
[GC remark, 0.0024476 secs]
Application time: 0.0000411 seconds
[GC cleanup 19M->19M(64M), 0.0001616 secs]
[GC concurrent-cleanup-start]
[GC concurrent-cleanup-end, 0.0000078 secs]
Application time: 0.4116787 seconds
[GC pause (G1 Humongous Allocation) (young)-- 43M->18M(64M), 0.0008783 secs]
Application time: 0.4112902 seconds
[GC pause (G1 Humongous Allocation) (mixed)-- 43M->18M(64M), 0.0009812 secs]
Application time: 0.2995078 seconds
[GC pause (G1 Humongous Allocation) (mixed)-- 43M->18M(64M), 0.0016315 secs]
Application time: 0.0021568 seconds
[GC pause (G1 Humongous Allocation) (young) (initial-mark) 19M->18M(64M), 0.0006651 secs]
[GC concurrent-root-region-scan-start]
[GC concurrent-root-region-scan-end, 0.0000056 secs]
[GC concurrent-mark-start]
[GC concurrent-mark-end, 0.0174542 secs]
Application time: 0.0174670 seconds
[GC remark, 0.0023338 secs]
Application time: 0.0000349 seconds
[GC cleanup 28M->28M(64M), 0.0002011 secs]
Application time: 0.0178941 seconds
[GC pause (G1 Humongous Allocation) (young)-- 43M->20M(64M), 0.0012367 secs]
Application time: 0.0306507 seconds
[GC pause (G1 Humongous Allocation) (mixed)-- 43M->18M(64M), 0.0011842 secs]
Application time: 0.0244235 seconds
[GC pause (G1 Humongous Allocation) (mixed)-- 43M->18M(64M), 0.0014875 secs]
Application time: 0.0002127 seconds
[GC pause (G1 Humongous Allocation) (young) (initial-mark) 19M->19M(64M), 0.0005740 secs]
[GC concurrent-root-region-scan-start]
[GC concurrent-root-region-scan-end, 0.0000057 secs]
[GC concurrent-mark-start]
[GC concurrent-mark-end, 0.0131422 secs]
Application time: 0.0131466 seconds
[GC remark, 0.0023244 secs]
Application time: 0.0000344 seconds
[GC cleanup 31M->31M(64M), 0.0001726 secs]
Application time: 0.0109136 seconds
[GC pause (G1 Humongous Allocation) (young)-- 43M->20M(64M), 0.0008842 secs]
Application time: 0.0156767 seconds
[GC pause (G1 Humongous Allocation) (mixed)-- 43M->19M(64M), 0.0008568 secs]
Application time: 0.0233738 seconds
[GC pause (G1 Humongous Allocation) (mixed)-- 43M->19M(64M), 0.0015015 secs]
Application time: 0.0032514 seconds
[GC pause (G1 Humongous Allocation) (young) (initial-mark) 20M->19M(64M), 0.0006448 secs]
[GC concurrent-root-region-scan-start]
[GC concurrent-root-region-scan-end, 0.0000247 secs]
[GC concurrent-mark-start]
[GC concurrent-mark-end, 0.0093192 secs]
Application time: 0.0095588 seconds
[GC remark, 0.0022247 secs]
Application time: 0.0024307 seconds
[GC cleanup 20M->20M(64M), 0.0001907 secs]
[GC concurrent-cleanup-start]
[GC concurrent-cleanup-end, 0.0000062 secs]
Application time: 0.1064815 seconds
[GC pause (G1 Humongous Allocation) (young)-- 43M->19M(64M), 0.0010837 secs]
Application time: 0.6101224 seconds
[GC pause (G1 Humongous Allocation) (mixed)-- 43M->19M(64M), 0.0009088 secs]
Application time: 0.5445541 seconds
[GC pause (G1 Humongous Allocation) (mixed)-- 42M->20M(64M), 0.0013598 secs]
Application time: 0.0036544 seconds
[GC pause (G1 Humongous Allocation) (young) (initial-mark) 21M->19M(64M), 0.0007143 secs]
[GC concurrent-root-region-scan-start]
[GC concurrent-root-region-scan-end, 0.0000057 secs]
[GC concurrent-mark-start]
[GC concurrent-mark-end, 0.0096023 secs]
Application time: 0.0096179 seconds
[GC remark, 0.0022363 secs]
Application time: 0.0000297 seconds
[GC cleanup 20M->20M(64M), 0.0001610 secs]
[GC concurrent-cleanup-start]
[GC concurrent-cleanup-end, 0.0000069 secs]
Application time: 0.4825880 seconds
[GC pause (G1 Humongous Allocation) (young)-- 43M->18M(64M), 0.0013256 secs]
Application time: 0.4093649 seconds
[GC pause (G1 Humongous Allocation) (mixed)-- 42M->19M(64M), 0.0008703 secs]
Application time: 0.4064653 seconds
[GC pause (G1 Humongous Allocation) (mixed)-- 43M->20M(64M), 0.0010098 secs]
Application time: 0.3568196 seconds
[GC pause (G1 Humongous Allocation) (mixed)-- 43M->20M(64M), 0.0012904 secs]
Application time: 0.0578522 seconds
[GC pause (G1 Humongous Allocation) (young) (initial-mark) 21M->21M(64M), 0.0006606 secs]
[GC concurrent-root-region-scan-start]
[GC concurrent-root-region-scan-end, 0.0000062 secs]
[GC concurrent-mark-start]
[GC concurrent-mark-end, 0.0162876 secs]
Application time: 0.0163527 seconds
[GC remark, 0.0023655 secs]
Application time: 0.0000394 seconds
[GC cleanup 23M->23M(64M), 0.0001815 secs]
Application time: 0.2947505 seconds
[GC pause (G1 Humongous Allocation) (young)-- 44M->20M(64M), 0.0012453 secs]
Application time: 0.0547204 seconds
[GC pause (G1 Humongous Allocation) (mixed)-- 43M->18M(64M), 0.0010510 secs]
Application time: 0.0356804 seconds
[GC pause (G1 Humongous Allocation) (mixed)-- 44M->19M(64M), 0.0014966 secs]
Application time: 0.0188529 seconds
[GC pause (G1 Humongous Allocation) (mixed)-- 43M->19M(64M), 0.0012233 secs]
Application time: 0.0024540 seconds
[GC pause (G1 Humongous Allocation) (young) (initial-mark) 19M->19M(64M), 0.0006022 secs]
[GC concurrent-root-region-scan-start]
[GC concurrent-root-region-scan-end, 0.0000067 secs]
[GC concurrent-mark-start]
[GC concurrent-mark-end, 0.0132060 secs]
Application time: 0.0132665 seconds
[GC remark, 0.0022065 secs]
Application time: 0.0000345 seconds
[GC cleanup 26M->26M(64M), 0.0001896 secs]
Application time: 0.0133794 seconds
[GC pause (G1 Humongous Allocation) (young)-- 44M->21M(64M), 0.0008377 secs]
Application time: 0.0189283 seconds
[GC pause (G1 Humongous Allocation) (mixed)-- 43M->19M(64M), 0.0012209 secs]
Application time: 0.0344061 seconds
[GC pause (G1 Humongous Allocation) (mixed)-- 42M->19M(64M), 0.0012558 secs]
Application time: 0.0312832 seconds
[GC pause (G1 Humongous Allocation) (mixed)-- 42M->20M(64M), 0.0011224 secs]
Application time: 0.0001854 seconds
[GC pause (G1 Humongous Allocation) (young) (initial-mark) 21M->20M(64M), 0.0005902 secs]
[GC concurrent-root-region-scan-start]
[GC concurrent-root-region-scan-end, 0.0000245 secs]
[GC concurrent-mark-start]
[GC concurrent-mark-end, 0.0172140 secs]
Application time: 0.0173063 seconds
[GC remark, 0.0024488 secs]
Application time: 0.0000349 seconds
[GC cleanup 28M->28M(64M), 0.0001702 secs]
Application time: 0.3388690 seconds
[GC pause (G1 Humongous Allocation) (young)-- 41M->21M(64M), 0.0010167 secs]
Application time: 0.4860920 seconds
[GC pause (G1 Humongous Allocation) (mixed)-- 41M->21M(64M), 0.0010386 secs]
Application time: 0.5468412 seconds
[GC pause (G1 Humongous Allocation) (mixed)-- 41M->22M(64M), 0.0008654 secs]
Application time: 0.3574612 seconds
[GC pause (G1 Humongous Allocation) (mixed)-- 40M->20M(64M), 0.0017807 secs]
Application time: 0.0020835 seconds
[GC pause (G1 Humongous Allocation) (young) (initial-mark) 21M->20M(64M), 0.0008260 secs]
[GC concurrent-root-region-scan-start]
[GC concurrent-root-region-scan-end, 0.0000310 secs]
[GC concurrent-mark-start]
[GC concurrent-mark-end, 0.0094823 secs]
Application time: 0.0095140 seconds
[GC remark, 0.0024264 secs]
Application time: 0.0000253 seconds
[GC cleanup 21M->20M(64M), 0.0001640 secs]
[GC concurrent-cleanup-start]
[GC concurrent-cleanup-end, 0.0000089 secs]
Application time: 0.3922474 seconds
[GC pause (G1 Humongous Allocation) (young) 42M->20M(64M), 0.0010396 secs]
Application time: 0.3794042 seconds
[GC pause (G1 Humongous Allocation) (mixed)-- 42M->20M(64M), 0.0012972 secs]
Application time: 0.4085861 seconds
[GC pause (G1 Humongous Allocation) (mixed)-- 42M->22M(64M), 0.0012129 secs]
Application time: 0.3351711 seconds
[GC pause (G1 Humongous Allocation) (mixed)-- 42M->21M(64M), 0.0020961 secs]
Application time: 0.0002398 seconds
[GC pause (G1 Humongous Allocation) (young) (initial-mark) 22M->21M(64M), 0.0008569 secs]
[GC concurrent-root-region-scan-start]
[GC concurrent-root-region-scan-end, 0.0000082 secs]
[GC concurrent-mark-start]
[GC concurrent-mark-end, 0.0157698 secs]
Application time: 0.0158358 seconds
[GC remark, 0.0030801 secs]
Application time: 0.0000358 seconds
[GC cleanup 31M->31M(64M), 0.0002344 secs]
[GC concurrent-cleanup-start]
[GC concurrent-cleanup-end, 0.0000071 secs]
Application time: 0.0233011 seconds
[GC pause (G1 Humongous Allocation) (young)-- 42M->23M(64M), 0.0009996 secs]
Application time: 0.0375768 seconds
[GC pause (G1 Humongous Allocation) (mixed)-- 42M->22M(64M), 0.0013425 secs]
Application time: 0.0242177 seconds
[GC pause (G1 Humongous Allocation) (mixed)-- 41M->22M(64M), 0.0010092 secs]
Application time: 0.0252532 seconds
[GC pause (G1 Humongous Allocation) (mixed)-- 41M->23M(64M), 0.0016934 secs]
Application time: 0.0002382 seconds
[GC pause (G1 Humongous Allocation) (young) (initial-mark) 24M->23M(64M), 0.0008874 secs]
[GC concurrent-root-region-scan-start]
[GC concurrent-root-region-scan-end, 0.0000514 secs]
[GC concurrent-mark-start]
[GC concurrent-mark-end, 0.0198607 secs]
Application time: 0.0199934 seconds
[GC remark, 0.0029614 secs]
Application time: 0.0000584 seconds
[GC cleanup 33M->32M(64M), 0.0001956 secs]
[GC concurrent-cleanup-start]
[GC concurrent-cleanup-end, 0.0000106 secs]
Application time: 0.2042196 seconds
[GC pause (G1 Humongous Allocation) (young)-- 40M->22M(64M), 0.0013736 secs]
Application time: 0.0520658 seconds
[GC pause (G1 Humongous Allocation) (mixed)-- 41M->22M(64M), 0.0014736 secs]
Application time: 0.0414578 seconds
[GC pause (G1 Humongous Allocation) (mixed)-- 43M->20M(64M), 0.0014558 secs]
Application time: 0.0471792 seconds
[GC pause (G1 Humongous Allocation) (mixed)-- 42M->22M(64M), 0.0018019 secs]
Application time: 0.0043818 seconds
[GC pause (G1 Humongous Allocation) (young) (initial-mark) 23M->22M(64M), 0.0009643 secs]
[GC concurrent-root-region-scan-start]
[GC concurrent-root-region-scan-end, 0.0000372 secs]
[GC concurrent-mark-start]
[GC concurrent-mark-end, 0.0105947 secs]
Application time: 0.0106973 seconds
[GC remark, 0.0033853 secs]
Application time: 0.0000527 seconds
[GC cleanup 25M->25M(64M), 0.0002166 secs]
Application time: 0.0289216 seconds
[GC pause (G1 Humongous Allocation) (young)-- 42M->23M(64M), 0.0009218 secs]
Application time: 0.2180828 seconds
[GC pause (G1 Humongous Allocation) (mixed)-- 42M->21M(64M), 0.0016394 secs]
Application time: 0.5438640 seconds
[GC pause (G1 Humongous Allocation) (mixed)-- 42M->23M(64M), 0.0013994 secs]
Application time: 0.4352187 seconds
[GC pause (G1 Humongous Allocation) (mixed)-- 41M->24M(64M), 0.0019825 secs]
Application time: 0.0002322 seconds
[GC pause (G1 Humongous Allocation) (young) (initial-mark) 24M->23M(64M), 0.0008667 secs]
[GC concurrent-root-region-scan-start]
[GC concurrent-root-region-scan-end, 0.0000259 secs]
[GC concurrent-mark-start]
[GC concurrent-mark-end, 0.0091777 secs]
Application time: 0.0092593 seconds
[GC remark, 0.0029190 secs]
Application time: 0.0000455 seconds
[GC cleanup 24M->23M(64M), 0.0002205 secs]
[GC concurrent-cleanup-start]
[GC concurrent-cleanup-end, 0.0000230 secs]
Application time: 0.3695350 seconds
[GC pause (G1 Humongous Allocation) (young)-- 41M->22M(64M), 0.0013673 secs]
Application time: 0.2740622 seconds
[GC pause (G1 Humongous Allocation) (mixed)-- 40M->22M(64M), 0.0015499 secs]
Application time: 0.3205804 seconds
[GC pause (G1 Humongous Allocation) (mixed)-- 42M->22M(64M), 0.0012005 secs]
Application time: 0.2935911 seconds
[GC pause (G1 Humongous Allocation) (mixed)-- 41M->22M(64M), 0.0013310 secs]
Application time: 0.2989314 seconds
[GC pause (G1 Humongous Allocation) (mixed)-- 40M->24M(64M), 0.0030050 secs]
Application time: 0.0018359 seconds
[GC pause (G1 Humongous Allocation) (young) (initial-mark) 24M->23M(64M), 0.0007577 secs]
[GC concurrent-root-region-scan-start]
[GC concurrent-root-region-scan-end, 0.0000232 secs]
[GC concurrent-mark-start]
[GC concurrent-mark-end, 0.0083426 secs]
Application time: 0.0084599 seconds
[GC remark, 0.0028361 secs]
Application time: 0.0000481 seconds
[GC cleanup 24M->24M(64M), 0.0002362 secs]
[GC concurrent-cleanup-start]
[GC concurrent-cleanup-end, 0.0000123 secs]
Application time: 0.1530472 seconds
[GC pause (G1 Humongous Allocation) (young)-- 41M->23M(64M), 0.0016393 secs]
Application time: 0.0340027 seconds
[GC pause (G1 Humongous Allocation) (mixed)-- 41M->24M(64M), 0.0008903 secs]
Application time: 0.0253271 seconds
[GC pause (G1 Humongous Allocation) (mixed)-- 40M->23M(64M), 0.0011221 secs]
Application time: 0.0290245 seconds
[GC pause (G1 Humongous Allocation) (mixed)-- 40M->23M(64M), 0.0008473 secs]
Application time: 0.0170326 seconds
[GC pause (G1 Humongous Allocation) (mixed)-- 40M->24M(64M), 0.0017450 secs]
Application time: 0.0013094 seconds
[GC pause (G1 Humongous Allocation) (young) (initial-mark) 24M->24M(64M), 0.0009261 secs]
[GC concurrent-root-region-scan-start]
[GC concurrent-root-region-scan-end, 0.0000246 secs]
[GC concurrent-mark-start]
[GC concurrent-mark-end, 0.0079961 secs]
Application time: 0.0081009 seconds
[GC remark, 0.0029804 secs]
Application time: 0.0000547 seconds
[GC cleanup 29M->29M(64M), 0.0002215 secs]
[GC concurrent-cleanup-start]
[GC concurrent-cleanup-end, 0.0000190 secs]
Application time: 0.0678479 seconds
[GC pause (G1 Humongous Allocation) (young)-- 40M->23M(64M), 0.0013894 secs]
Application time: 0.2202668 seconds
[GC pause (G1 Humongous Allocation) (mixed)-- 40M->24M(64M), 0.0019519 secs]
Application time: 0.0400731 seconds
[GC pause (G1 Humongous Allocation) (mixed)-- 41M->24M(64M), 0.0010812 secs]
Application time: 0.0365904 seconds
[GC pause (G1 Humongous Allocation) (mixed)-- 41M->23M(64M), 0.0013795 secs]
Application time: 0.0239462 seconds
[GC pause (G1 Humongous Allocation) (mixed)-- 40M->23M(64M), 0.0015774 secs]
Application time: 0.0027471 seconds
[GC pause (G1 Humongous Allocation) (young) (initial-mark) 24M->24M(64M), 0.0009039 secs]
[GC concurrent-root-region-scan-start]
[GC concurrent-root-region-scan-end, 0.0000183 secs]
[GC concurrent-mark-start]
[GC concurrent-mark-end, 0.0089670 secs]
Application time: 0.0112606 seconds
[GC remark, 0.0032084 secs]
Application time: 0.0000360 seconds
[GC cleanup 30M->30M(64M), 0.0002705 secs]
[GC concurrent-cleanup-start]
[GC concurrent-cleanup-end, 0.0000159 secs]
Application time: 0.0136784 seconds
[GC pause (G1 Humongous Allocation) (young)-- 41M->24M(64M), 0.0008045 secs]
Application time: 0.0723621 seconds
[GC pause (G1 Humongous Allocation) (mixed)-- 40M->23M(64M), 0.0011949 secs]
Application time: 0.4019482 seconds
[GC pause (G1 Humongous Allocation) (mixed)-- 40M->24M(64M), 0.0012044 secs]
Application time: 0.3617315 seconds
[GC pause (G1 Humongous Allocation) (mixed)-- 39M->25M(64M), 0.0013269 secs]
Application time: 0.3396714 seconds
[GC pause (G1 Humongous Allocation) (mixed)-- 39M->25M(64M), 0.0017873 secs]
Application time: 0.0002441 seconds
[GC pause (G1 Humongous Allocation) (young) (initial-mark) 26M->25M(64M), 0.0009840 secs]
[GC concurrent-root-region-scan-start]
[GC concurrent-root-region-scan-end, 0.0000100 secs]
[GC concurrent-mark-start]
[GC concurrent-mark-end, 0.0103023 secs]
Application time: 0.0103605 seconds
[GC remark, 0.0031605 secs]
Application time: 0.0000335 seconds
[GC cleanup 25M->25M(64M), 0.0002048 secs]
[GC concurrent-cleanup-start]
[GC concurrent-cleanup-end, 0.0000096 secs]
Application time: 0.3285168 seconds
[GC pause (G1 Humongous Allocation) (young)-- 39M->25M(64M), 0.0013393 secs]
Application time: 0.2131016 seconds
[GC pause (G1 Humongous Allocation) (mixed)-- 39M->23M(64M), 0.0013534 secs]
Application time: 0.2724670 seconds
[GC pause (G1 Humongous Allocation) (mixed)-- 40M->23M(64M), 0.0010974 secs]
Application time: 0.3236901 seconds
[GC pause (G1 Humongous Allocation) (mixed)-- 41M->24M(64M), 0.0009816 secs]
Application time: 0.2827653 seconds
[GC pause (G1 Humongous Allocation) (mixed)-- 40M->24M(64M), 0.0014784 secs]
Application time: 0.0002268 seconds
[GC pause (G1 Humongous Allocation) (young) (initial-mark) 25M->24M(64M), 0.0006997 secs]
[GC concurrent-root-region-scan-start]
[GC concurrent-root-region-scan-end, 0.0000276 secs]
[GC concurrent-mark-start]
[GC concurrent-mark-end, 0.0115558 secs]
Application time: 0.0116347 seconds
[GC remark, 0.0023915 secs]
Application time: 0.0000334 seconds
[GC cleanup 26M->26M(64M), 0.0001827 secs]
Application time: 0.2758883 seconds
[GC pause (G1 Humongous Allocation) (young)-- 39M->25M(64M), 0.0008928 secs]
Application time: 0.0343758 seconds
[GC pause (G1 Humongous Allocation) (mixed)-- 40M->25M(64M), 0.0014382 secs]
Application time: 0.0293117 seconds
[GC pause (G1 Humongous Allocation) (mixed)-- 40M->26M(64M), 0.0009523 secs]
Application time: 0.0238216 seconds
[GC pause (G1 Humongous Allocation) (mixed)-- 40M->25M(64M), 0.0011013 secs]
Application time: 0.0168778 seconds
[GC pause (G1 Humongous Allocation) (mixed)-- 39M->25M(64M), 0.0012791 secs]
Application time: 0.0001921 seconds
[GC pause (G1 Humongous Allocation) (young) (initial-mark) 26M->25M(64M), 0.0006835 secs]
[GC concurrent-root-region-scan-start]
[GC concurrent-root-region-scan-end, 0.0000307 secs]
[GC concurrent-mark-start]
[GC concurrent-mark-end, 0.0087087 secs]
Application time: 0.0087852 seconds
[GC remark, 0.0024413 secs]
Application time: 0.0000486 seconds
[GC cleanup 26M->25M(64M), 0.0001642 secs]
[GC concurrent-cleanup-start]
[GC concurrent-cleanup-end, 0.0000109 secs]
Application time: 0.0200755 seconds
[GC pause (G1 Humongous Allocation) (young)-- 39M->26M(64M), 0.0008986 secs]
Application time: 0.0176969 seconds
[GC pause (G1 Humongous Allocation) (mixed)-- 40M->26M(64M), 0.0007792 secs]
Application time: 0.2076412 seconds
[GC pause (G1 Humongous Allocation) (mixed)-- 40M->25M(64M), 0.0011099 secs]
Application time: 0.2284819 seconds
[GC pause (G1 Humongous Allocation) (mixed)-- 39M->25M(64M), 0.0014314 secs]
Application time: 0.0285063 seconds
[GC pause (G1 Humongous Allocation) (mixed)-- 39M->25M(64M), 0.0012630 secs]
Application time: 0.0002494 seconds
[GC pause (G1 Humongous Allocation) (young) (initial-mark) 26M->24M(64M), 0.0006243 secs]
[GC concurrent-root-region-scan-start]
[GC concurrent-root-region-scan-end, 0.0000105 secs]
[GC concurrent-mark-start]
[GC concurrent-mark-end, 0.0104543 secs]
Application time: 0.0105228 seconds
[GC remark, 0.0025033 secs]
Application time: 0.0000466 seconds
[GC cleanup 29M->29M(64M), 0.0001888 secs]
[GC concurrent-cleanup-start]
[GC concurrent-cleanup-end, 0.0000139 secs]
Application time: 0.0225818 seconds
[GC pause (G1 Humongous Allocation) (young)-- 41M->25M(64M), 0.0007506 secs]
Application time: 0.0286428 seconds
[GC pause (G1 Humongous Allocation) (mixed)-- 40M->25M(64M), 0.0012209 secs]
Application time: 0.0292273 seconds
[GC pause (G1 Humongous Allocation) (mixed)-- 39M->25M(64M), 0.0009936 secs]
Application time: 0.0230084 seconds
[GC pause (G1 Humongous Allocation) (mixed)-- 39M->25M(64M), 0.0009882 secs]
Application time: 0.0950189 seconds
[GC pause (G1 Humongous Allocation) (mixed)-- 39M->24M(64M), 0.0020627 secs]
Application time: 0.0202431 seconds
[GC pause (G1 Humongous Allocation) (young) (initial-mark) 25M->25M(64M), 0.0007893 secs]
[GC concurrent-root-region-scan-start]
[GC concurrent-root-region-scan-end, 0.0000320 secs]
[GC concurrent-mark-start]
[GC concurrent-mark-end, 0.0122402 secs]
Application time: 0.0123330 seconds
[GC remark, 0.0028675 secs]
Application time: 0.0000528 seconds
[GC cleanup 26M->26M(64M), 0.0002709 secs]
[GC concurrent-cleanup-start]
[GC concurrent-cleanup-end, 0.0000149 secs]
Application time: 0.3646416 seconds
[GC pause (G1 Humongous Allocation) (young)-- 39M->26M(64M), 0.0008605 secs]
Application time: 0.3515416 seconds
[GC pause (G1 Humongous Allocation) (mixed)-- 39M->25M(64M), 0.0009999 secs]
Application time: 0.3572062 seconds
[GC pause (G1 Humongous Allocation) (mixed)-- 39M->25M(64M), 0.0012898 secs]
Application time: 0.2485395 seconds
[GC pause (G1 Humongous Allocation) (mixed)-- 38M->25M(64M), 0.0010368 secs]
Application time: 0.2834980 seconds
[GC pause (G1 Humongous Allocation) (mixed)-- 38M->26M(64M), 0.0014589 secs]
Application time: 0.0002357 seconds
[GC pause (G1 Humongous Allocation) (young) (initial-mark) 26M->25M(64M), 0.0006339 secs]
[GC concurrent-root-region-scan-start]
[GC concurrent-root-region-scan-end, 0.0000100 secs]
[GC concurrent-mark-start]
[GC concurrent-mark-end, 0.0104618 secs]
Application time: 0.0105184 seconds
[GC remark, 0.0024750 secs]
Application time: 0.0000476 seconds
[GC cleanup 26M->25M(64M), 0.0001637 secs]
[GC concurrent-cleanup-start]
[GC concurrent-cleanup-end, 0.0000122 secs]
Application time: 0.2831036 seconds
[GC pause (G1 Humongous Allocation) (young)-- 40M->24M(64M), 0.0010473 secs]
Application time: 0.2216502 seconds
[GC pause (G1 Humongous Allocation) (mixed)-- 39M->25M(64M), 0.0012137 secs]
Application time: 0.2969443 seconds
[GC pause (G1 Humongous Allocation) (mixed)-- 40M->25M(64M), 0.0009411 secs]
Application time: 0.2548792 seconds
[GC pause (G1 Humongous Allocation) (mixed)-- 40M->26M(64M), 0.0011758 secs]
Application time: 0.1680218 seconds
[GC pause (G1 Humongous Allocation) (mixed)-- 40M->26M(64M), 0.0021705 secs]
Application time: 0.0003364 seconds
[GC pause (G1 Humongous Allocation) (young) (initial-mark) 27M->26M(64M), 0.0007224 secs]
[GC concurrent-root-region-scan-start]
[GC concurrent-root-region-scan-end, 0.0000208 secs]
[GC concurrent-mark-start]
[GC concurrent-mark-end, 0.0087766 secs]
Application time: 0.0129470 seconds
[GC remark, 0.0027519 secs]
Application time: 0.0000467 seconds
[GC cleanup 29M->29M(64M), 0.0001694 secs]
[GC concurrent-cleanup-start]
[GC concurrent-cleanup-end, 0.0000115 secs]
Application time: 0.0244876 seconds
[GC pause (G1 Humongous Allocation) (young)-- 40M->26M(64M), 0.0008665 secs]
Application time: 0.0247359 seconds
[GC pause (G1 Humongous Allocation) (mixed)-- 40M->26M(64M), 0.0009775 secs]
Application time: 0.0204243 seconds
[GC pause (G1 Humongous Allocation) (mixed)-- 40M->26M(64M), 0.0011229 secs]
Application time: 0.0189423 seconds
[GC pause (G1 Humongous Allocation) (mixed)-- 39M->26M(64M), 0.0007743 secs]
Application time: 0.0187637 seconds
[GC pause (G1 Humongous Allocation) (mixed)-- 38M->27M(64M), 0.0011522 secs]
Application time: 0.0002047 seconds
[GC pause (G1 Humongous Allocation) (young) (initial-mark) 28M->27M(64M), 0.0005816 secs]
[GC concurrent-root-region-scan-start]
[GC concurrent-root-region-scan-end, 0.0000323 secs]
[GC concurrent-mark-start]
[GC concurrent-mark-end, 0.0113639 secs]
Application time: 0.0114595 seconds
[GC remark, 0.0025267 secs]
Application time: 0.0000379 seconds
[GC cleanup 36M->35M(64M), 0.0001906 secs]
[GC concurrent-cleanup-start]
[GC concurrent-cleanup-end, 0.0000113 secs]
Application time: 0.0032933 seconds
[GC pause (G1 Humongous Allocation) (young) 38M->26M(64M), 0.0005221 secs]
Application time: 0.0919931 seconds
[GC pause (G1 Humongous Allocation) (mixed)-- 39M->26M(64M), 0.0011967 secs]
Application time: 0.2957551 seconds
[GC pause (G1 Humongous Allocation) (mixed)-- 39M->26M(64M), 0.0009782 secs]
Application time: 0.0869280 seconds
[GC pause (G1 Humongous Allocation) (mixed)-- 39M->26M(64M), 0.0013847 secs]
Application time: 0.0233376 seconds
[GC pause (G1 Humongous Allocation) (mixed)-- 38M->26M(64M), 0.0009285 secs]
Application time: 0.0191329 seconds
[GC pause (G1 Humongous Allocation) (mixed)-- 37M->26M(64M), 0.0011308 secs]
Application time: 0.0116123 seconds
[GC pause (G1 Humongous Allocation) (young) (initial-mark) 27M->27M(64M), 0.0006020 secs]
[GC concurrent-root-region-scan-start]
[GC concurrent-root-region-scan-end, 0.0000285 secs]
[GC concurrent-mark-start]
[GC concurrent-mark-end, 0.0083854 secs]
Application time: 0.0084124 seconds
[GC remark, 0.0025107 secs]
Application time: 0.0000358 seconds
[GC cleanup 31M->30M(64M), 0.0001895 secs]
[GC concurrent-cleanup-start]
[GC concurrent-cleanup-end, 0.0000108 secs]
Application time: 0.0105069 seconds
[GC pause (G1 Humongous Allocation) (young)-- 39M->25M(64M), 0.0008217 secs]
Application time: 0.0232107 seconds
[GC pause (G1 Humongous Allocation) (mixed)-- 39M->26M(64M), 0.0009701 secs]
Application time: 0.0177445 seconds
[GC pause (G1 Humongous Allocation) (mixed)-- 39M->26M(64M), 0.0007579 secs]
Application time: 0.0169726 seconds
[GC pause (G1 Humongous Allocation) (mixed)-- 39M->26M(64M), 0.0008206 secs]
Application time: 0.2350464 seconds
[GC pause (G1 Humongous Allocation) (mixed)-- 39M->25M(64M), 0.0012004 secs]
Application time: 0.2957920 seconds
[GC pause (G1 Humongous Allocation) (mixed)-- 38M->26M(64M), 0.0011743 secs]
Application time: 0.0520473 seconds
[GC pause (G1 Humongous Allocation) (young) (initial-mark) 27M->27M(64M), 0.0010720 secs]
[GC concurrent-root-region-scan-start]
[GC concurrent-root-region-scan-end, 0.0000260 secs]
[GC concurrent-mark-start]
[GC concurrent-mark-end, 0.0206804 secs]
Application time: 0.0207067 seconds
[GC remark, 0.0025640 secs]
Application time: 0.0000367 seconds
[GC cleanup 28M->28M(64M), 0.0001870 secs]
[GC concurrent-cleanup-start]
[GC concurrent-cleanup-end, 0.0000111 secs]
Application time: 0.2475388 seconds
[GC pause (G1 Humongous Allocation) (young) 39M->26M(64M), 0.0008902 secs]
Application time: 0.3270697 seconds
[GC pause (G1 Humongous Allocation) (mixed)-- 39M->27M(64M), 0.0012114 secs]
Application time: 0.2560165 seconds
[GC pause (G1 Humongous Allocation) (mixed)-- 40M->26M(64M), 0.0009058 secs]
Application time: 0.2811288 seconds
[GC pause (G1 Humongous Allocation) (mixed)-- 40M->27M(64M), 0.0009056 secs]
Application time: 0.1954917 seconds
[GC pause (G1 Humongous Allocation) (mixed)-- 39M->26M(64M), 0.0013164 secs]
Application time: 0.1993349 seconds
[GC pause (G1 Humongous Allocation) (mixed)-- 39M->26M(64M), 0.0017944 secs]
Application time: 0.0064978 seconds
[GC pause (G1 Humongous Allocation) (young) (initial-mark) 27M->27M(64M), 0.0008399 secs]
[GC concurrent-root-region-scan-start]
[GC concurrent-root-region-scan-end, 0.0000123 secs]
[GC concurrent-mark-start]
[GC concurrent-mark-end, 0.0170354 secs]
Application time: 0.0170651 seconds
[GC remark, 0.0036307 secs]
Application time: 0.0058541 seconds
[GC cleanup 29M->29M(64M), 0.0002776 secs]
[GC concurrent-cleanup-start]
[GC concurrent-cleanup-end, 0.0000119 secs]
Application time: 0.1905263 seconds
[GC pause (G1 Humongous Allocation) (young) 39M->27M(64M), 0.0009775 secs]
Application time: 0.2052263 seconds
[GC pause (G1 Humongous Allocation) (mixed)-- 39M->27M(64M), 0.0011288 secs]
Application time: 0.1544347 seconds
[GC pause (G1 Humongous Allocation) (mixed)-- 40M->27M(64M), 0.0017053 secs]
Application time: 0.0202122 seconds
[GC pause (G1 Humongous Allocation) (mixed)-- 39M->27M(64M), 0.0009443 secs]
Application time: 0.0215565 seconds
[GC pause (G1 Humongous Allocation) (mixed)-- 39M->28M(64M), 0.0011176 secs]
Application time: 0.0180966 seconds
[GC pause (G1 Humongous Allocation) (mixed)-- 38M->28M(64M), 0.0013720 secs]
Application time: 0.0016945 seconds
[GC pause (G1 Humongous Allocation) (young) (initial-mark) 29M->25M(64M), 0.0007218 secs]
[GC concurrent-root-region-scan-start]
[GC concurrent-root-region-scan-end, 0.0000140 secs]
[GC concurrent-mark-start]
[GC concurrent-mark-end, 0.0046148 secs]
Application time: 0.0046855 seconds
[GC remark, 0.0075459 secs]
Application time: 0.0000318 seconds
[GC cleanup 26M->26M(64M), 0.0002181 secs]
[GC concurrent-cleanup-start]
[GC concurrent-cleanup-end, 0.0000139 secs]
Application time: 0.0221585 seconds
[GC pause (G1 Humongous Allocation) (young)-- 40M->27M(64M), 0.0014377 secs]
Application time: 0.0237991 seconds
[GC pause (G1 Humongous Allocation) (mixed)-- 39M->27M(64M), 0.0010890 secs]
Application time: 0.0155899 seconds
[GC pause (G1 Humongous Allocation) (mixed)-- 40M->28M(64M), 0.0010353 secs]
Application time: 0.0126675 seconds
[GC pause (G1 Humongous Allocation) (mixed)-- 39M->28M(64M), 0.0010819 secs]
Application time: 0.1353539 seconds
[GC pause (G1 Humongous Allocation) (mixed)-- 39M->28M(64M), 0.0016815 secs]
Application time: 0.2002489 seconds
[GC pause (G1 Humongous Allocation) (mixed)-- 38M->28M(64M), 0.0016609 secs]
Application time: 0.0003002 seconds
[GC pause (G1 Humongous Allocation) (young) (initial-mark) 28M->27M(64M), 0.0009048 secs]
[GC concurrent-root-region-scan-start]
[GC concurrent-root-region-scan-end, 0.0000083 secs]
[GC concurrent-mark-start]
[GC concurrent-mark-end, 0.0048018 secs]
Application time: 0.0048148 seconds
[GC remark, 0.0033106 secs]
Application time: 0.0001342 seconds
[GC cleanup 28M->27M(64M), 0.0002497 secs]
[GC concurrent-cleanup-start]
[GC concurrent-cleanup-end, 0.0000126 secs]
Application time: 0.2142744 seconds
[GC pause (G1 Humongous Allocation) (young)-- 40M->27M(64M), 0.0014894 secs]
Application time: 0.0242260 seconds
[GC pause (G1 Humongous Allocation) (mixed)-- 40M->27M(64M), 0.0011826 secs]
Application time: 0.0231508 seconds
[GC pause (G1 Humongous Allocation) (mixed)-- 40M->28M(64M), 0.0011331 secs]
Application time: 0.0188361 seconds
[GC pause (G1 Humongous Allocation) (mixed)-- 39M->27M(64M), 0.0015078 secs]
Application time: 0.0176640 seconds
[GC pause (G1 Humongous Allocation) (mixed)-- 38M->27M(64M), 0.0012568 secs]
Application time: 0.0154618 seconds
[GC pause (G1 Humongous Allocation) (mixed)-- 38M->27M(64M), 0.0049270 secs]
Application time: 0.0024971 seconds
[GC pause (G1 Humongous Allocation) (young) (initial-mark) 27M->27M(64M), 0.0013489 secs]
[GC concurrent-root-region-scan-start]
[GC concurrent-root-region-scan-end, 0.0000078 secs]
[GC concurrent-mark-start]
[GC concurrent-mark-end, 0.0046342 secs]
Application time: 0.0046414 seconds
[GC remark, 0.0031065 secs]
Application time: 0.0000451 seconds
[GC cleanup 28M->28M(64M), 0.0002174 secs]
[GC concurrent-cleanup-start]
[GC concurrent-cleanup-end, 0.0000115 secs]
Application time: 0.0132802 seconds
[GC pause (G1 Humongous Allocation) (young) 39M->27M(64M), 0.0008682 secs]
Application time: 0.0323903 seconds
[GC pause (G1 Humongous Allocation) (mixed)-- 39M->27M(64M), 0.0013610 secs]
Application time: 0.2707841 seconds
[GC pause (G1 Humongous Allocation) (mixed)-- 39M->27M(64M), 0.0015023 secs]
Application time: 0.2649974 seconds
[GC pause (G1 Humongous Allocation) (mixed)-- 39M->27M(64M), 0.0012044 secs]
Application time: 0.2653533 seconds
[GC pause (G1 Humongous Allocation) (mixed)-- 39M->27M(64M), 0.0011735 secs]
Application time: 0.2014089 seconds
[GC pause (G1 Humongous Allocation) (mixed)-- 39M->27M(64M), 0.0051994 secs]
Application time: 0.0635017 seconds
[GC pause (G1 Humongous Allocation) (young) (initial-mark) 28M->27M(64M), 0.0016307 secs]
[GC concurrent-root-region-scan-start]
[GC concurrent-root-region-scan-end, 0.0000436 secs]
[GC concurrent-mark-start]
[GC concurrent-mark-end, 0.0044697 secs]
Application time: 0.0045621 seconds
[GC remark, 0.0029843 secs]
Application time: 0.0000414 seconds
[GC cleanup 29M->29M(64M), 0.0002204 secs]
[GC concurrent-cleanup-start]
[GC concurrent-cleanup-end, 0.0000130 secs]
Application time: 0.2019483 seconds
[GC pause (G1 Humongous Allocation) (young) 39M->27M(64M), 0.0009526 secs]
Application time: 0.2415428 seconds
[GC pause (G1 Humongous Allocation) (mixed)-- 40M->27M(64M), 0.0011388 secs]
Application time: 0.1973833 seconds
[GC pause (G1 Humongous Allocation) (mixed)-- 39M->27M(64M), 0.0013779 secs]
Application time: 0.1625005 seconds
[GC pause (G1 Humongous Allocation) (mixed)-- 39M->27M(64M), 0.0011869 secs]
Application time: 0.1699893 seconds
[GC pause (G1 Humongous Allocation) (mixed)-- 38M->27M(64M), 0.0012638 secs]
Application time: 0.1902420 seconds
[GC pause (G1 Humongous Allocation) (mixed)-- 38M->27M(64M), 0.0056307 secs]
Application time: 0.0541655 seconds
[GC pause (G1 Humongous Allocation) (young) (initial-mark) 28M->27M(64M), 0.0016678 secs]
[GC concurrent-root-region-scan-start]
[GC concurrent-root-region-scan-end, 0.0000083 secs]
[GC concurrent-mark-start]
[GC concurrent-mark-end, 0.0049054 secs]
Application time: 0.0049273 seconds
[GC remark, 0.0030730 secs]
Application time: 0.0002055 seconds
[GC cleanup 28M->28M(64M), 0.0002358 secs]
[GC concurrent-cleanup-start]
[GC concurrent-cleanup-end, 0.0000122 secs]
Application time: 0.1544141 seconds
[GC pause (G1 Humongous Allocation) (young)-- 39M->28M(64M), 0.0009606 secs]
Application time: 0.1742006 seconds
[GC pause (G1 Humongous Allocation) (mixed)-- 39M->28M(64M), 0.0011373 secs]
Application time: 0.0560151 seconds
[GC pause (G1 Humongous Allocation) (mixed)-- 39M->28M(64M), 0.0016462 secs]
Application time: 0.0312547 seconds
[GC pause (G1 Humongous Allocation) (mixed)-- 39M->28M(64M), 0.0010827 secs]
Application time: 0.0326470 seconds
[GC pause (G1 Humongous Allocation) (mixed)-- 39M->29M(64M), 0.0009736 secs]
Application time: 0.0269558 seconds
[GC pause (G1 Humongous Allocation) (mixed)-- 38M->28M(64M), 0.0053877 secs]
Application time: 0.0035034 seconds
[GC pause (G1 Humongous Allocation) (young) (initial-mark) 28M->28M(64M), 0.0011061 secs]
[GC concurrent-root-region-scan-start]
[GC concurrent-root-region-scan-end, 0.0000100 secs]
[GC concurrent-mark-start]
[GC concurrent-mark-end, 0.0049560 secs]
Application time: 0.0050169 seconds
[GC remark, 0.0024048 secs]
Application time: 0.0000623 seconds
[GC cleanup 28M->28M(64M), 0.0001708 secs]
[GC concurrent-cleanup-start]
[GC concurrent-cleanup-end, 0.0000120 secs]
Application time: 0.0191148 seconds
[GC pause (G1 Humongous Allocation) (young)-- 39M->28M(64M), 0.0006579 secs]
Application time: 0.0159138 seconds
[GC pause (G1 Humongous Allocation) (mixed)-- 39M->28M(64M), 0.0007947 secs]
Application time: 0.0116950 seconds
[GC pause (G1 Humongous Allocation) (mixed)-- 38M->29M(64M), 0.0007451 secs]
Application time: 0.0189085 seconds
[GC pause (G1 Humongous Allocation) (mixed)-- 37M->29M(64M), 0.0008356 secs]
Application time: 0.0170011 seconds
[GC pause (G1 Humongous Allocation) (mixed)-- 37M->29M(64M), 0.0008501 secs]
Application time: 0.0915525 seconds
[GC pause (G1 Humongous Allocation) (mixed)-- 37M->28M(64M), 0.0041846 secs]
Application time: 0.2004164 seconds
[GC pause (G1 Humongous Allocation) (mixed)-- 37M->28M(64M), 0.0020216 secs]
Application time: 0.0037901 seconds
[GC pause (G1 Humongous Allocation) (young) (initial-mark) 29M->28M(64M), 0.0013496 secs]
[GC concurrent-root-region-scan-start]
[GC concurrent-root-region-scan-end, 0.0000262 secs]
[GC concurrent-mark-start]
[GC concurrent-mark-end, 0.0045637 secs]
Application time: 0.0045900 seconds
[GC remark, 0.0023485 secs]
Application time: 0.0000394 seconds
[GC cleanup 29M->29M(64M), 0.0001692 secs]
[GC concurrent-cleanup-start]
[GC concurrent-cleanup-end, 0.0000098 secs]
Application time: 0.0229184 seconds
[GC pause (G1 Humongous Allocation) (young)-- 39M->27M(64M), 0.0011898 secs]
Application time: 0.0187736 seconds
[GC pause (G1 Humongous Allocation) (mixed)-- 39M->29M(64M), 0.0008113 secs]
Application time: 0.0188366 seconds
[GC pause (G1 Humongous Allocation) (mixed)-- 39M->29M(64M), 0.0007462 secs]
Application time: 0.0173916 seconds
[GC pause (G1 Humongous Allocation) (mixed)-- 39M->28M(64M), 0.0009982 secs]
Application time: 0.0138730 seconds
[GC pause (G1 Humongous Allocation) (mixed)-- 38M->28M(64M), 0.0007611 secs]
Application time: 0.0112290 seconds
[GC pause (G1 Humongous Allocation) (mixed)-- 38M->28M(64M), 0.0024695 secs]
Application time: 0.0128179 seconds
[GC pause (G1 Humongous Allocation) (mixed)-- 38M->29M(64M), 0.0025688 secs]
Application time: 0.0001808 seconds
[GC pause (G1 Humongous Allocation) (young) (initial-mark) 29M->29M(64M), 0.0008213 secs]
[GC concurrent-root-region-scan-start]
[GC concurrent-root-region-scan-end, 0.0000250 secs]
[GC concurrent-mark-start]
[GC concurrent-mark-end, 0.0044287 secs]
Application time: 0.0044981 seconds
[GC remark, 0.0028102 secs]
Application time: 0.0000850 seconds
[GC cleanup 32M->32M(64M), 0.0001789 secs]
[GC concurrent-cleanup-start]
[GC concurrent-cleanup-end, 0.0000101 secs]
Application time: 0.0083670 seconds
[GC pause (G1 Humongous Allocation) (young) 38M->29M(64M), 0.0005428 secs]
Application time: 0.1221110 seconds
[GC pause (G1 Humongous Allocation) (mixed)-- 39M->28M(64M), 0.0011603 secs]
Application time: 0.2957273 seconds
[GC pause (G1 Humongous Allocation) (mixed)-- 40M->28M(64M), 0.0009280 secs]
Application time: 0.2913760 seconds
[GC pause (G1 Humongous Allocation) (mixed)-- 39M->29M(64M), 0.0009589 secs]
Application time: 0.2293367 seconds
[GC pause (G1 Humongous Allocation) (mixed)-- 38M->29M(64M), 0.0009261 secs]
Application time: 0.2180414 seconds
[GC pause (G1 Humongous Allocation) (mixed)-- 38M->29M(64M), 0.0025251 secs]
Application time: 0.1590654 seconds
[GC pause (G1 Humongous Allocation) (mixed)-- 37M->29M(64M), 0.0025581 secs]
Application time: 0.0315075 seconds
[GC pause (G1 Humongous Allocation) (young) (initial-mark) 30M->29M(64M), 0.0010220 secs]
[GC concurrent-root-region-scan-start]
[GC concurrent-root-region-scan-end, 0.0000257 secs]
[GC concurrent-mark-start]
[GC concurrent-mark-end, 0.0046611 secs]
Application time: 0.0047321 seconds
[GC remark, 0.0024588 secs]
Application time: 0.0000554 seconds
[GC cleanup 31M->31M(64M), 0.0001831 secs]
[GC concurrent-cleanup-start]
[GC concurrent-cleanup-end, 0.0000098 secs]
Application time: 0.1879478 seconds
[GC pause (G1 Humongous Allocation) (young)-- 38M->29M(64M), 0.0009911 secs]
Application time: 0.1289425 seconds
[GC pause (G1 Humongous Allocation) (mixed)-- 38M->28M(64M), 0.0010758 secs]
Application time: 0.1763375 seconds
[GC pause (G1 Humongous Allocation) (mixed)-- 39M->28M(64M), 0.0009011 secs]
Application time: 0.2128093 seconds
[GC pause (G1 Humongous Allocation) (mixed)-- 40M->28M(64M), 0.0009021 secs]
Application time: 0.1597118 seconds
[GC pause (G1 Humongous Allocation) (mixed)-- 39M->28M(64M), 0.0008809 secs]
Application time: 0.2280148 seconds
[GC pause (G1 Humongous Allocation) (mixed)-- 39M->29M(64M), 0.0013554 secs]
Application time: 0.1319705 seconds
[GC pause (G1 Humongous Allocation) (mixed)-- 38M->29M(64M), 0.0040581 secs]
Application time: 0.0002034 seconds
[GC pause (G1 Humongous Allocation) (young) (initial-mark) 30M->29M(64M), 0.0009392 secs]
[GC concurrent-root-region-scan-start]
[GC concurrent-root-region-scan-end, 0.0000083 secs]
[GC concurrent-mark-start]
[GC concurrent-mark-end, 0.0044646 secs]
Application time: 0.0045157 seconds
[GC remark, 0.0025048 secs]
Application time: 0.0000344 seconds
[GC cleanup 30M->30M(64M), 0.0001734 secs]
[GC concurrent-cleanup-start]
[GC concurrent-cleanup-end, 0.0000094 secs]
Application time: 0.1667868 seconds
[GC pause (G1 Humongous Allocation) (young)-- 39M->29M(64M), 0.0007469 secs]
Application time: 0.1458310 seconds
[GC pause (G1 Humongous Allocation) (mixed)-- 39M->29M(64M), 0.0009799 secs]
Application time: 0.1419658 seconds
[GC pause (G1 Humongous Allocation) (mixed)-- 39M->29M(64M), 0.0008472 secs]
Application time: 0.0827102 seconds
[GC pause (G1 Humongous Allocation) (mixed)-- 39M->29M(64M), 0.0012619 secs]
Application time: 0.0185664 seconds
[GC pause (G1 Humongous Allocation) (mixed)-- 38M->29M(64M), 0.0007339 secs]
Application time: 0.0153112 seconds
[GC pause (G1 Humongous Allocation) (mixed)-- 38M->30M(64M), 0.0023455 secs]
Application time: 0.0094031 seconds
[GC pause (G1 Humongous Allocation) (mixed)-- 37M->28M(64M), 0.0026983 secs]
Application time: 0.0001691 seconds
[GC pause (G1 Humongous Allocation) (young) (initial-mark) 28M->28M(64M), 0.0008735 secs]
[GC concurrent-root-region-scan-start]
[GC concurrent-root-region-scan-end, 0.0000236 secs]
[GC concurrent-mark-start]
[GC concurrent-mark-end, 0.0040741 secs]
Application time: 0.0041450 seconds
[GC remark, 0.0026606 secs]
Application time: 0.0000350 seconds
[GC cleanup 30M->29M(64M), 0.0001683 secs]
[GC concurrent-cleanup-start]
[GC concurrent-cleanup-end, 0.0000115 secs]
Application time: 0.0128555 seconds
[GC pause (G1 Humongous Allocation) (young)-- 39M->29M(64M), 0.0012174 secs]
Application time: 0.0084684 seconds
[GC pause (G1 Humongous Allocation) (mixed)-- 40M->28M(64M), 0.0008750 secs]
Application time: 0.0083577 seconds
[GC pause (G1 Humongous Allocation) (mixed)-- 40M->29M(64M), 0.0007426 secs]
Application time: 0.0083050 seconds
[GC pause (G1 Humongous Allocation) (mixed)-- 40M->29M(64M), 0.0006972 secs]
Application time: 0.0079822 seconds
[GC pause (G1 Humongous Allocation) (mixed)-- 40M->31M(64M), 0.0006718 secs]
Application time: 0.0051683 seconds
[GC pause (G1 Humongous Allocation) (mixed)-- 39M->31M(64M), 0.0023144 secs]
Application time: 0.0050628 seconds
[GC pause (G1 Humongous Allocation) (mixed)-- 39M->31M(64M), 0.0023690 secs]
Application time: 0.0043073 seconds
[GC pause (G1 Humongous Allocation) (young) (initial-mark) 31M->30M(64M), 0.0008446 secs]
[GC concurrent-root-region-scan-start]
[GC concurrent-root-region-scan-end, 0.0000258 secs]
[GC concurrent-mark-start]
[GC concurrent-mark-end, 0.0039792 secs]
Application time: 0.0040087 seconds
[GC remark, 0.0024675 secs]
Application time: 0.0000385 seconds
[GC cleanup 31M->30M(64M), 0.0001609 secs]
[GC concurrent-cleanup-start]
[GC concurrent-cleanup-end, 0.0000079 secs]
Application time: 0.0002301 seconds
[GC pause (G1 Humongous Allocation) (young) (initial-mark) 31M->30M(64M), 0.0005200 secs]
[GC concurrent-root-region-scan-start]
[GC concurrent-root-region-scan-end, 0.0000057 secs]
[GC concurrent-mark-start]
[GC concurrent-mark-end, 0.0036947 secs]
Application time: 0.0037051 seconds
[GC remark, 0.0028511 secs]
Application time: 0.0000263 seconds
[GC cleanup 31M->31M(64M), 0.0001558 secs]
Application time: 0.0134499 seconds
[GC pause (G1 Humongous Allocation) (young)-- 40M->31M(64M), 0.0006221 secs]
Application time: 0.0066532 seconds
[GC pause (G1 Humongous Allocation) (mixed)-- 39M->29M(64M), 0.0010699 secs]
Application time: 0.0063985 seconds
[GC pause (G1 Humongous Allocation) (mixed)-- 38M->29M(64M), 0.0009917 secs]
Application time: 0.0113330 seconds
[GC pause (G1 Humongous Allocation) (mixed)-- 38M->29M(64M), 0.0007477 secs]
Application time: 0.0137508 seconds
[GC pause (G1 Humongous Allocation) (mixed)-- 38M->29M(64M), 0.0007389 secs]
Application time: 0.0101873 seconds
[GC pause (G1 Humongous Allocation) (mixed)-- 38M->29M(64M), 0.0011383 secs]
Application time: 0.0095628 seconds
[GC pause (G1 Humongous Allocation) (mixed)-- 37M->29M(64M), 0.0035901 secs]
Application time: 0.0001910 seconds
[GC pause (G1 Humongous Allocation) (young) (initial-mark) 30M->29M(64M), 0.0009246 secs]
[GC concurrent-root-region-scan-start]
[GC concurrent-root-region-scan-end, 0.0000242 secs]
[GC concurrent-mark-start]
[GC concurrent-mark-end, 0.0040391 secs]
Application time: 0.0041106 seconds
[GC remark, 0.0023873 secs]
Application time: 0.0000355 seconds
[GC cleanup 33M->32M(64M), 0.0001875 secs]
[GC concurrent-cleanup-start]
[GC concurrent-cleanup-end, 0.0000103 secs]
Application time: 0.0075446 seconds
[GC pause (G1 Humongous Allocation) (young) 38M->27M(64M), 0.0005032 secs]
Application time: 0.2626416 seconds
[GC pause (G1 Humongous Allocation) (mixed)-- 39M->29M(64M), 0.0009978 secs]
Application time: 0.2538614 seconds
[GC pause (G1 Humongous Allocation) (mixed)-- 39M->29M(64M), 0.0011928 secs]
Application time: 0.2373816 seconds
[GC pause (G1 Humongous Allocation) (mixed)-- 39M->29M(64M), 0.0009711 secs]
Application time: 0.2260254 seconds
[GC pause (G1 Humongous Allocation) (mixed)-- 39M->30M(64M), 0.0011188 secs]
Application time: 0.2211107 seconds
[GC pause (G1 Humongous Allocation) (mixed)-- 38M->30M(64M), 0.0012307 secs]
Application time: 0.1546861 seconds
[GC pause (G1 Humongous Allocation) (mixed)-- 37M->30M(64M), 0.0050960 secs]
Application time: 0.0069385 seconds
[GC pause (G1 Humongous Allocation) (young) (initial-mark) 31M->30M(64M), 0.0014284 secs]
[GC concurrent-root-region-scan-start]
[GC concurrent-root-region-scan-end, 0.0000064 secs]
[GC concurrent-mark-start]
[GC concurrent-mark-end, 0.0043791 secs]
Application time: 0.0141688 seconds
[GC remark, 0.0034101 secs]
Application time: 0.0000430 seconds
[GC cleanup 31M->31M(64M), 0.0003691 secs]
[GC concurrent-cleanup-start]
[GC concurrent-cleanup-end, 0.0000089 secs]
Application time: 0.1688974 seconds
[GC pause (G1 Humongous Allocation) (young)-- 38M->29M(64M), 0.0012463 secs]
Application time: 0.1518525 seconds
[GC pause (G1 Humongous Allocation) (mixed)-- 37M->27M(64M), 0.0011697 secs]
Application time: 0.2010946 seconds
[GC pause (G1 Humongous Allocation) (mixed)-- 39M->29M(64M), 0.0015405 secs]
Application time: 0.1373371 seconds
[GC pause (G1 Humongous Allocation) (mixed)-- 39M->29M(64M), 0.0011974 secs]
Application time: 0.1756730 seconds
[GC pause (G1 Humongous Allocation) (mixed)-- 39M->29M(64M), 0.0012059 secs]
Application time: 0.1345274 seconds
[GC pause (G1 Humongous Allocation) (mixed)-- 38M->29M(64M), 0.0013160 secs]
Application time: 0.1352890 seconds
[GC pause (G1 Humongous Allocation) (mixed)-- 37M->30M(64M), 0.0050641 secs]
Application time: 0.0193521 seconds
[GC pause (G1 Humongous Allocation) (young) (initial-mark) 30M->30M(64M), 0.0016418 secs]
[GC concurrent-root-region-scan-start]
[GC concurrent-root-region-scan-end, 0.0000104 secs]
[GC concurrent-mark-start]
[GC concurrent-mark-end, 0.0046194 secs]
Application time: 0.0046816 seconds
[GC remark, 0.0034998 secs]
Application time: 0.0000422 seconds
[GC cleanup 32M->32M(64M), 0.0002323 secs]
[GC concurrent-cleanup-start]
[GC concurrent-cleanup-end, 0.0000127 secs]
Application time: 0.1265723 seconds
[GC pause (G1 Humongous Allocation) (young)-- 39M->30M(64M), 0.0010174 secs]
Application time: 0.1295032 seconds
[GC pause (G1 Humongous Allocation) (mixed)-- 38M->30M(64M), 0.0011425 secs]
Application time: 0.1244103 seconds
[GC pause (G1 Humongous Allocation) (mixed)-- 38M->30M(64M), 0.0011755 secs]
Application time: 0.1350130 seconds
[GC pause (G1 Humongous Allocation) (mixed)-- 38M->30M(64M), 0.0011066 secs]
Application time: 0.0679559 seconds
[GC pause (G1 Humongous Allocation) (mixed)-- 37M->30M(64M), 0.0012193 secs]
Application time: 0.0848368 seconds
[GC pause (G1 Humongous Allocation) (mixed)-- 38M->30M(64M), 0.0015458 secs]
Application time: 0.0192744 seconds
[GC pause (G1 Humongous Allocation) (mixed)-- 37M->30M(64M), 0.0044151 secs]
Application time: 0.0002101 seconds
[GC pause (G1 Humongous Allocation) (young) (initial-mark) 31M->30M(64M), 0.0011749 secs]
[GC concurrent-root-region-scan-start]
[GC concurrent-root-region-scan-end, 0.0000100 secs]
[GC concurrent-mark-start]
[GC concurrent-mark-end, 0.0044169 secs]
Application time: 0.0044706 seconds
[GC remark, 0.0033728 secs]
Application time: 0.0000321 seconds
[GC cleanup 33M->32M(64M), 0.0002207 secs]
[GC concurrent-cleanup-start]
[GC concurrent-cleanup-end, 0.0000120 secs]
Application time: 0.0130348 seconds
[GC pause (G1 Humongous Allocation) (young)-- 39M->31M(64M), 0.0007800 secs]
Application time: 0.0107388 seconds
[GC pause (G1 Humongous Allocation) (mixed)-- 39M->31M(64M), 0.0008087 secs]
Application time: 0.0091929 seconds
[GC pause (G1 Humongous Allocation) (mixed)-- 38M->31M(64M), 0.0009375 secs]
Application time: 0.0097021 seconds
[GC pause (G1 Humongous Allocation) (mixed)-- 37M->30M(64M), 0.0010608 secs]
Application time: 0.0076781 seconds
[GC pause (G1 Humongous Allocation) (mixed)-- 37M->30M(64M), 0.0007376 secs]
Application time: 0.0076573 seconds
[GC pause (G1 Humongous Allocation) (mixed)-- 36M->30M(64M), 0.0009775 secs]
Application time: 0.0055193 seconds
[GC pause (G1 Humongous Allocation) (mixed)-- 36M->30M(64M), 0.0046760 secs]
Application time: 0.0023416 seconds
[GC pause (G1 Humongous Allocation) (young) (initial-mark) 31M->30M(64M), 0.0012303 secs]
[GC concurrent-root-region-scan-start]
[GC concurrent-root-region-scan-end, 0.0000103 secs]
[GC concurrent-mark-start]
[GC concurrent-mark-end, 0.0044576 secs]
Application time: 0.0045024 seconds
[GC remark, 0.0029446 secs]
Application time: 0.0000408 seconds
[GC cleanup 31M->31M(64M), 0.0003396 secs]
[GC concurrent-cleanup-start]
[GC concurrent-cleanup-end, 0.0000134 secs]
Application time: 0.0118394 seconds
[GC pause (G1 Humongous Allocation) (young)-- 39M->31M(64M), 0.0008406 secs]
Application time: 0.0083256 seconds
[GC pause (G1 Humongous Allocation) (mixed)-- 38M->31M(64M), 0.0008617 secs]
Application time: 0.0054639 seconds
[GC pause (G1 Humongous Allocation) (mixed)-- 37M->30M(64M), 0.0008355 secs]
Application time: 0.0096943 seconds
[GC pause (G1 Humongous Allocation) (mixed)-- 38M->29M(64M), 0.0010669 secs]
Application time: 0.0081041 seconds
[GC pause (G1 Humongous Allocation) (mixed)-- 37M->30M(64M), 0.0014712 secs]
Application time: 0.0178232 seconds
[GC pause (G1 Humongous Allocation) (mixed)-- 37M->30M(64M), 0.0008150 secs]
Application time: 0.0213644 seconds
[GC pause (G1 Humongous Allocation) (mixed)-- 37M->30M(64M), 0.0060133 secs]
Application time: 0.0076070 seconds
[GC pause (G1 Humongous Allocation) (young) (initial-mark) 31M->30M(64M), 0.0012128 secs]
[GC concurrent-root-region-scan-start]
[GC concurrent-root-region-scan-end, 0.0000336 secs]
[GC concurrent-mark-start]
[GC concurrent-mark-end, 0.0105261 secs]
Application time: 0.0105976 seconds
[GC remark, 0.0030174 secs]
Application time: 0.0000475 seconds
[GC cleanup 34M->34M(64M), 0.0002263 secs]
[GC concurrent-cleanup-start]
[GC concurrent-cleanup-end, 0.0000145 secs]
Application time: 0.0095230 seconds
[GC pause (G1 Humongous Allocation) (young)-- 38M->30M(64M), 0.0006946 secs]
Application time: 0.0151769 seconds
[GC pause (G1 Humongous Allocation) (mixed)-- 38M->29M(64M), 0.0011897 secs]
Application time: 0.0120595 seconds
[GC pause (G1 Humongous Allocation) (mixed)-- 38M->30M(64M), 0.0007821 secs]
Application time: 0.0116195 seconds
[GC pause (G1 Humongous Allocation) (mixed)-- 38M->30M(64M), 0.0007563 secs]
Application time: 0.0116184 seconds
[GC pause (G1 Humongous Allocation) (mixed)-- 38M->31M(64M), 0.0007914 secs]
Application time: 0.0081572 seconds
[GC pause (G1 Humongous Allocation) (mixed)-- 38M->31M(64M), 0.0008347 secs]
Application time: 0.0079506 seconds
[GC pause (G1 Humongous Allocation) (mixed)-- 37M->31M(64M), 0.0044876 secs]
Application time: 0.0001777 seconds
[GC pause (G1 Humongous Allocation) (young) (initial-mark) 32M->31M(64M), 0.0010963 secs]
[GC concurrent-root-region-scan-start]
[GC concurrent-root-region-scan-end, 0.0000095 secs]
[GC concurrent-mark-start]
[GC concurrent-mark-end, 0.0043389 secs]
Application time: 0.0043913 seconds
[GC remark, 0.0026961 secs]
Application time: 0.0000415 seconds
[GC cleanup 32M->32M(64M), 0.0001881 secs]
[GC concurrent-cleanup-start]
[GC concurrent-cleanup-end, 0.0000097 secs]
Application time: 0.0098644 seconds
[GC pause (G1 Humongous Allocation) (young)-- 39M->31M(64M), 0.0007755 secs]
Application time: 0.0771005 seconds
[GC pause (G1 Humongous Allocation) (mixed)-- 38M->30M(64M), 0.0012400 secs]
Application time: 0.1805375 seconds
[GC pause (G1 Humongous Allocation) (mixed)-- 38M->30M(64M), 0.0010673 secs]
Application time: 0.1861260 seconds
[GC pause (G1 Humongous Allocation) (mixed)-- 38M->30M(64M), 0.0009359 secs]
Application time: 0.2026866 seconds
[GC pause (G1 Humongous Allocation) (mixed)-- 37M->30M(64M), 0.0009062 secs]
Application time: 0.1308430 seconds
[GC pause (G1 Humongous Allocation) (mixed)-- 37M->30M(64M), 0.0011870 secs]
Application time: 0.1323125 seconds
[GC pause (G1 Humongous Allocation) (mixed)-- 36M->32M(64M), 0.0047792 secs]
Application time: 0.0246030 seconds
[GC pause (G1 Humongous Allocation) (young) (initial-mark) 32M->32M(64M), 0.0015696 secs]
[GC concurrent-root-region-scan-start]
[GC concurrent-root-region-scan-end, 0.0000430 secs]
[GC concurrent-mark-start]
[GC concurrent-mark-end, 0.0046529 secs]
Application time: 0.0046972 seconds
[GC remark, 0.0029236 secs]
Application time: 0.0000292 seconds
[GC cleanup 32M->32M(64M), 0.0002290 secs]
[GC concurrent-cleanup-start]
[GC concurrent-cleanup-end, 0.0000097 secs]
Application time: 0.1346221 seconds
[GC pause (G1 Humongous Allocation) (young)-- 37M->32M(64M), 0.0010305 secs]
Application time: 0.1385994 seconds
[GC pause (G1 Humongous Allocation) (mixed)-- 37M->32M(64M), 0.0011572 secs]
Application time: 0.0943645 seconds
[GC pause (G1 Humongous Allocation) (mixed)-- 37M->32M(64M), 0.0008491 secs]
Application time: 0.1265725 seconds
[GC pause (G1 Humongous Allocation) (mixed)-- 37M->32M(64M), 0.0010230 secs]
Application time: 0.1227383 seconds
[GC pause (G1 Humongous Allocation) (mixed)-- 36M->32M(64M), 0.0010545 secs]
Application time: 0.0313052 seconds
[GC pause (G1 Humongous Allocation) (mixed)-- 35M->29M(64M), 0.0015526 secs]
Application time: 0.0959573 seconds
[GC pause (G1 Humongous Allocation) (mixed)-- 35M->31M(64M), 0.0046731 secs]
Application time: 0.0001928 seconds
[GC pause (G1 Humongous Allocation) (young) (initial-mark) 31M->31M(64M), 0.0012765 secs]
[GC concurrent-root-region-scan-start]
[GC concurrent-root-region-scan-end, 0.0000063 secs]
[GC concurrent-mark-start]
[GC concurrent-mark-end, 0.0044704 secs]
Application time: 0.0045193 seconds
[GC remark, 0.0030457 secs]
Application time: 0.0000318 seconds
[GC cleanup 31M->31M(64M), 0.0002441 secs]
[GC concurrent-cleanup-start]
[GC concurrent-cleanup-end, 0.0000151 secs]
Application time: 0.1819936 seconds
[GC pause (G1 Humongous Allocation) (young)-- 40M->30M(64M), 0.0009810 secs]
Application time: 0.1257812 seconds
[GC pause (G1 Humongous Allocation) (mixed)-- 39M->30M(64M), 0.0011371 secs]
Application time: 0.1576298 seconds
[GC pause (G1 Humongous Allocation) (mixed)-- 39M->30M(64M), 0.0011230 secs]
Application time: 0.1391518 seconds
[GC pause (G1 Humongous Allocation) (mixed)-- 39M->30M(64M), 0.0010812 secs]
Application time: 0.1337408 seconds
[GC pause (G1 Humongous Allocation) (mixed)-- 39M->31M(64M), 0.0010365 secs]
Application time: 0.0714439 seconds
[GC pause (G1 Humongous Allocation) (mixed)-- 38M->32M(64M), 0.0009414 secs]
Application time: 0.1088115 seconds
[GC pause (G1 Humongous Allocation) (mixed)-- 37M->32M(64M), 0.0045725 secs]
Application time: 0.0001939 seconds
[GC pause (G1 Humongous Allocation) (young) (initial-mark) 32M->32M(64M), 0.0012039 secs]
[GC concurrent-root-region-scan-start]
[GC concurrent-root-region-scan-end, 0.0000073 secs]
[GC concurrent-mark-start]
[GC concurrent-mark-end, 0.0046293 secs]
Application time: 0.0046847 seconds
[GC remark, 0.0029618 secs]
Application time: 0.0000324 seconds
[GC cleanup 32M->32M(64M), 0.0002204 secs]
[GC concurrent-cleanup-start]
[GC concurrent-cleanup-end, 0.0000087 secs]
Application time: 0.1239642 seconds
[GC pause (G1 Humongous Allocation) (young) 39M->32M(64M), 0.0009673 secs]
Application time: 0.0975207 seconds
[GC pause (G1 Humongous Allocation) (mixed)-- 39M->32M(64M), 0.0011853 secs]
Application time: 0.0976267 seconds
[GC pause (G1 Humongous Allocation) (mixed)-- 38M->32M(64M), 0.0010806 secs]
Application time: 0.1006617 seconds
[GC pause (G1 Humongous Allocation) (mixed)-- 37M->32M(64M), 0.0011140 secs]
Application time: 0.0656949 seconds
[GC pause (G1 Humongous Allocation) (mixed)-- 38M->32M(64M), 0.0017829 secs]
Application time: 0.0080675 seconds
[GC pause (G1 Humongous Allocation) (mixed)-- 37M->32M(64M), 0.0019214 secs]
Application time: 0.0082433 seconds
[GC pause (G1 Humongous Allocation) (mixed)-- 37M->32M(64M), 0.0051398 secs]
Application time: 0.0026176 seconds
[GC pause (G1 Humongous Allocation) (young) (initial-mark) 32M->32M(64M), 0.0014853 secs]
[GC concurrent-root-region-scan-start]
[GC concurrent-root-region-scan-end, 0.0000297 secs]
[GC concurrent-mark-start]
[GC concurrent-mark-end, 0.0045112 secs]
Application time: 0.0045866 seconds
[GC remark, 0.0029457 secs]
Application time: 0.0000355 seconds
[GC cleanup 34M->34M(64M), 0.0002418 secs]
[GC concurrent-cleanup-start]
[GC concurrent-cleanup-end, 0.0000125 secs]
Application time: 0.0091359 seconds
[GC pause (G1 Humongous Allocation) (young)-- 38M->32M(64M), 0.0019945 secs]
Application time: 0.0094005 seconds
[GC pause (G1 Humongous Allocation) (mixed)-- 38M->32M(64M), 0.0017867 secs]
Application time: 0.0113842 seconds
[GC pause (G1 Humongous Allocation) (mixed)-- 38M->32M(64M), 0.0020146 secs]
Application time: 0.0096813 seconds
[GC pause (G1 Humongous Allocation) (mixed)-- 38M->31M(64M), 0.0021289 secs]
Application time: 0.0082729 seconds
[GC pause (G1 Humongous Allocation) (mixed)-- 37M->31M(64M), 0.0020894 secs]
Application time: 0.0033888 seconds
[GC pause (G1 Humongous Allocation) (mixed)-- 37M->31M(64M), 0.0020201 secs]
Application time: 0.0078151 seconds
[GC pause (G1 Humongous Allocation) (mixed)-- 37M->32M(64M), 0.0058690 secs]
Application time: 0.0001480 seconds
[GC pause (G1 Humongous Allocation) (young) (initial-mark) 32M->32M(64M), 0.0012114 secs]
[GC concurrent-root-region-scan-start]
[GC concurrent-root-region-scan-end, 0.0000098 secs]
[GC concurrent-mark-start]
[GC concurrent-mark-end, 0.0043774 secs]
Application time: 0.0044321 seconds
[GC remark, 0.0029585 secs]
Application time: 0.0000371 seconds
[GC cleanup 34M->34M(64M), 0.0002403 secs]
[GC concurrent-cleanup-start]
[GC concurrent-cleanup-end, 0.0000118 secs]
Application time: 0.0069850 seconds
[GC pause (G1 Humongous Allocation) (young) 38M->31M(64M), 0.0024883 secs]
Application time: 0.0083132 seconds
[GC pause (G1 Humongous Allocation) (mixed)-- 38M->32M(64M), 0.0025123 secs]
Application time: 0.0072316 seconds
[GC pause (G1 Humongous Allocation) (mixed)-- 38M->32M(64M), 0.0020932 secs]
Application time: 0.0051234 seconds
[GC pause (G1 Humongous Allocation) (mixed)-- 38M->32M(64M), 0.0018973 secs]
Application time: 0.0072093 seconds
[GC pause (G1 Humongous Allocation) (mixed)-- 38M->32M(64M), 0.0021749 secs]
Application time: 0.0344418 seconds
[GC pause (G1 Humongous Allocation) (mixed)-- 37M->31M(64M), 0.0024164 secs]
Application time: 0.0213282 seconds
[GC pause (G1 Humongous Allocation) (mixed)-- 37M->31M(64M), 0.0058469 secs]
Application time: 0.0034676 seconds
[GC pause (G1 Humongous Allocation) (young) (initial-mark) 31M->31M(64M), 0.0015722 secs]
[GC concurrent-root-region-scan-start]
[GC concurrent-root-region-scan-end, 0.0000314 secs]
[GC concurrent-mark-start]
[GC concurrent-mark-end, 0.0045572 secs]
Application time: 0.0045872 seconds
[GC remark, 0.0033211 secs]
Application time: 0.0000290 seconds
[GC cleanup 31M->31M(64M), 0.0002788 secs]
[GC concurrent-cleanup-start]
[GC concurrent-cleanup-end, 0.0000126 secs]
Application time: 0.0263935 seconds
[GC pause (G1 Humongous Allocation) (young)-- 39M->31M(64M), 0.0023977 secs]
Application time: 0.0152803 seconds
[GC pause (G1 Humongous Allocation) (mixed)-- 39M->32M(64M), 0.0024388 secs]
Application time: 0.0130537 seconds
[GC pause (G1 Humongous Allocation) (mixed)-- 38M->32M(64M), 0.0018385 secs]
Application time: 0.0161734 seconds
[GC pause (G1 Humongous Allocation) (mixed)-- 38M->32M(64M), 0.0022013 secs]
Application time: 0.0078639 seconds
[GC pause (G1 Humongous Allocation) (mixed)-- 38M->31M(64M), 0.0020497 secs]
Application time: 0.0081191 seconds
[GC pause (G1 Humongous Allocation) (mixed)-- 37M->31M(64M), 0.0023337 secs]
Application time: 0.0055070 seconds
[GC pause (G1 Humongous Allocation) (mixed)-- 36M->31M(64M), 0.0051653 secs]
Application time: 0.0025374 seconds
[GC pause (G1 Humongous Allocation) (young) (initial-mark) 32M->31M(64M), 0.0013859 secs]
[GC concurrent-root-region-scan-start]
[GC concurrent-root-region-scan-end, 0.0000099 secs]
[GC concurrent-mark-start]
[GC concurrent-mark-end, 0.0042669 secs]
Application time: 0.0043219 seconds
[GC remark, 0.0030411 secs]
Application time: 0.0000351 seconds
[GC cleanup 36M->35M(64M), 0.0002123 secs]
[GC concurrent-cleanup-start]
[GC concurrent-cleanup-end, 0.0000119 secs]
Application time: 0.0042835 seconds
[GC pause (G1 Humongous Allocation) (young) 39M->31M(64M), 0.0023339 secs]
Application time: 0.0080785 seconds
[GC pause (G1 Humongous Allocation) (mixed)-- 39M->32M(64M), 0.0025610 secs]
Application time: 0.0071396 seconds
[GC pause (G1 Humongous Allocation) (mixed)-- 38M->32M(64M), 0.0021522 secs]
Application time: 0.0072709 seconds
[GC pause (G1 Humongous Allocation) (mixed)-- 38M->32M(64M), 0.0021822 secs]
Application time: 0.0073261 seconds
[GC pause (G1 Humongous Allocation) (mixed)-- 38M->32M(64M), 0.0021384 secs]
Application time: 0.1035956 seconds
[GC pause (G1 Humongous Allocation) (mixed)-- 38M->31M(64M), 0.0026100 secs]
Application time: 0.1399373 seconds
[GC pause (G1 Humongous Allocation) (mixed)-- 38M->31M(64M), 0.0058480 secs]
Application time: 0.0235751 seconds
[GC pause (G1 Humongous Allocation) (young) (initial-mark) 32M->31M(64M), 0.0018948 secs]
[GC concurrent-root-region-scan-start]
[GC concurrent-root-region-scan-end, 0.0000313 secs]
[GC concurrent-mark-start]
[GC concurrent-mark-end, 0.0044573 secs]
Application time: 0.0045366 seconds
[GC remark, 0.0030368 secs]
Application time: 0.0000376 seconds
[GC cleanup 33M->33M(64M), 0.0002485 secs]
[GC concurrent-cleanup-start]
[GC concurrent-cleanup-end, 0.0000094 secs]
Application time: 0.1267758 seconds
[GC pause (G1 Humongous Allocation) (young) 38M->31M(64M), 0.0019009 secs]
Application time: 0.1869933 seconds
[GC pause (G1 Humongous Allocation) (mixed)-- 38M->31M(64M), 0.0024058 secs]
Application time: 0.1347671 seconds
[GC pause (G1 Humongous Allocation) (mixed)-- 38M->32M(64M), 0.0024240 secs]
Application time: 0.1338292 seconds
[GC pause (G1 Humongous Allocation) (mixed)-- 38M->33M(64M), 0.0021201 secs]
Application time: 0.1343192 seconds
[GC pause (G1 Humongous Allocation) (mixed)-- 37M->33M(64M), 0.0018784 secs]
Application time: 0.0728860 seconds
[GC pause (G1 Humongous Allocation) (mixed)-- 37M->33M(64M), 0.0018475 secs]
Application time: 0.1212861 seconds
[GC pause (G1 Humongous Allocation) (mixed)-- 37M->33M(64M), 0.0047153 secs]
Application time: 0.0818433 seconds
[GC pause (G1 Humongous Allocation) (mixed)-- 37M->33M(64M), 0.0033250 secs]
Application time: 0.0842008 seconds
[GC pause (G1 Humongous Allocation) (young) (initial-mark) 34M->33M(64M), 0.0017953 secs]
[GC concurrent-root-region-scan-start]
[GC concurrent-root-region-scan-end, 0.0000525 secs]
[GC concurrent-mark-start]
[GC concurrent-mark-end, 0.0049454 secs]
Application time: 0.0050920 seconds
[GC remark, 0.0032485 secs]
Application time: 0.0000838 seconds
[GC cleanup 33M->33M(64M), 0.0002037 secs]
Application time: 0.0774251 seconds
[GC pause (G1 Humongous Allocation) (young) 36M->33M(64M), 0.0015243 secs]
Application time: 0.0727240 seconds
[GC pause (G1 Humongous Allocation) (mixed)-- 37M->31M(64M), 0.0014702 secs]
Application time: 0.1351283 seconds
[GC pause (G1 Humongous Allocation) (mixed)-- 38M->31M(64M), 0.0031666 secs]
Application time: 0.1301879 seconds
[GC pause (G1 Humongous Allocation) (mixed)-- 37M->31M(64M), 0.0027207 secs]
Application time: 0.0659091 seconds
[GC pause (G1 Humongous Allocation) (mixed)-- 37M->31M(64M), 0.0024804 secs]
Application time: 0.0774641 seconds
[GC pause (G1 Humongous Allocation) (mixed)-- 37M->32M(64M), 0.0025965 secs]
Application time: 0.0664501 seconds
[GC pause (G1 Humongous Allocation) (mixed)-- 36M->32M(64M), 0.0026670 secs]
Application time: 0.1186676 seconds
[GC pause (G1 Humongous Allocation) (mixed)-- 36M->32M(64M), 0.0055528 secs]
Application time: 0.0040080 seconds
[GC pause (G1 Humongous Allocation) (young) (initial-mark) 32M->32M(64M), 0.0016233 secs]
[GC concurrent-root-region-scan-start]
[GC concurrent-root-region-scan-end, 0.0000325 secs]
[GC concurrent-mark-start]
[GC concurrent-mark-end, 0.0043277 secs]
Application time: 0.0043441 seconds
[GC remark, 0.0032998 secs]
Application time: 0.0000400 seconds
[GC cleanup 33M->33M(64M), 0.0002225 secs]
[GC concurrent-cleanup-start]
[GC concurrent-cleanup-end, 0.0000110 secs]
Application time: 0.0766173 seconds
[GC pause (G1 Humongous Allocation) (young)-- 38M->31M(64M), 0.0025919 secs]
Application time: 0.1174538 seconds
[GC pause (G1 Humongous Allocation) (mixed)-- 38M->31M(64M), 0.0026665 secs]
Application time: 0.0819347 seconds
[GC pause (G1 Humongous Allocation) (mixed)-- 37M->32M(64M), 0.0025181 secs]
Application time: 0.0673872 seconds
[GC pause (G1 Humongous Allocation) (mixed)-- 36M->32M(64M), 0.0021634 secs]
Application time: 0.0477527 seconds
[GC pause (G1 Humongous Allocation) (mixed)-- 36M->33M(64M), 0.0018540 secs]
Application time: 0.0651494 seconds
[GC pause (G1 Humongous Allocation) (mixed)-- 36M->33M(64M), 0.0023788 secs]
Application time: 0.0324307 seconds
[GC pause (G1 Humongous Allocation) (mixed)-- 36M->33M(64M), 0.0048440 secs]
Application time: 0.0433756 seconds
[GC pause (G1 Humongous Allocation) (mixed)-- 35M->33M(64M), 0.0029689 secs]
Application time: 0.0046794 seconds
[GC pause (G1 Humongous Allocation) (young) (initial-mark) 34M->33M(64M), 0.0009305 secs]
[GC concurrent-root-region-scan-start]
[GC concurrent-root-region-scan-end, 0.0000272 secs]
[GC concurrent-mark-start]
[GC concurrent-mark-end, 0.0045217 secs]
Application time: 0.0045973 seconds
[GC remark, 0.0029787 secs]
Application time: 0.0000444 seconds
[GC cleanup 34M->34M(64M), 0.0002188 secs]
[GC concurrent-cleanup-start]
[GC concurrent-cleanup-end, 0.0000103 secs]
Application time: 0.0669029 seconds
[GC pause (G1 Humongous Allocation) (young) 37M->33M(64M), 0.0019391 secs]
Application time: 0.0665870 seconds
[GC pause (G1 Humongous Allocation) (mixed)-- 37M->33M(64M), 0.0020295 secs]
Application time: 0.0668581 seconds
[GC pause (G1 Humongous Allocation) (mixed)-- 37M->33M(64M), 0.0021688 secs]
Application time: 0.0675957 seconds
[GC pause (G1 Humongous Allocation) (mixed)-- 37M->33M(64M), 0.0022255 secs]
Application time: 0.0680497 seconds
[GC pause (G1 Humongous Allocation) (mixed)-- 37M->33M(64M), 0.0021315 secs]
Application time: 0.0670798 seconds
[GC pause (G1 Humongous Allocation) (mixed)-- 37M->33M(64M), 0.0018457 secs]
Application time: 0.0657936 seconds
[GC pause (G1 Humongous Allocation) (mixed)-- 37M->33M(64M), 0.0026628 secs]
Application time: 0.0193612 seconds
[GC pause (G1 Humongous Allocation) (mixed)-- 38M->33M(64M), 0.0052133 secs]
Application time: 0.0025136 seconds
[GC pause (G1 Humongous Allocation) (young) (initial-mark) 33M->33M(64M), 0.0014925 secs]
[GC concurrent-root-region-scan-start]
[GC concurrent-root-region-scan-end, 0.0000352 secs]
[GC concurrent-mark-start]
[GC concurrent-mark-end, 0.0043296 secs]
Application time: 0.0074413 seconds
[GC remark, 0.0031351 secs]
Application time: 0.0000473 seconds
[GC cleanup 36M->35M(64M), 0.0002393 secs]
[GC concurrent-cleanup-start]
[GC concurrent-cleanup-end, 0.0000096 secs]
Application time: 0.0031056 seconds
[GC pause (G1 Humongous Allocation) (young) 38M->33M(64M), 0.0013685 secs]
Application time: 0.0174281 seconds
[GC pause (G1 Humongous Allocation) (mixed)-- 38M->33M(64M), 0.0018347 secs]
Application time: 0.0099103 seconds
[GC pause (G1 Humongous Allocation) (mixed)-- 38M->33M(64M), 0.0017880 secs]
Application time: 0.0069290 seconds
[GC pause (G1 Humongous Allocation) (mixed)-- 38M->33M(64M), 0.0016496 secs]
Application time: 0.0126967 seconds
[GC pause (G1 Humongous Allocation) (mixed)-- 38M->33M(64M), 0.0015915 secs]
Application time: 0.0042476 seconds
[GC pause (G1 Humongous Allocation) (mixed)-- 38M->33M(64M), 0.0018161 secs]
Application time: 0.0109809 seconds
[GC pause (G1 Humongous Allocation) (mixed)-- 37M->33M(64M), 0.0032767 secs]
Application time: 0.0076262 seconds
[GC pause (G1 Humongous Allocation) (mixed)-- 37M->33M(64M), 0.0037280 secs]
Application time: 0.0001438 seconds
[GC pause (G1 Humongous Allocation) (young) (initial-mark) 33M->33M(64M), 0.0010909 secs]
[GC concurrent-root-region-scan-start]
[GC concurrent-root-region-scan-end, 0.0000151 secs]
[GC concurrent-mark-start]
[GC concurrent-mark-end, 0.0048151 secs]
Application time: 0.0048731 seconds
[GC remark, 0.0031668 secs]
Application time: 0.0000404 seconds
[GC cleanup 33M->33M(64M), 0.0001924 secs]
[GC concurrent-cleanup-start]
[GC concurrent-cleanup-end, 0.0000087 secs]
Application time: 0.0088015 seconds
[GC pause (G1 Humongous Allocation) (young) 38M->33M(64M), 0.0018435 secs]
Application time: 0.0059255 seconds
[GC pause (G1 Humongous Allocation) (mixed)-- 38M->33M(64M), 0.0017335 secs]
Application time: 0.0056527 seconds
[GC pause (G1 Humongous Allocation) (mixed)-- 37M->33M(64M), 0.0016480 secs]
Application time: 0.0055716 seconds
[GC pause (G1 Humongous Allocation) (mixed)-- 36M->33M(64M), 0.0013866 secs]
Application time: 0.0031376 seconds
[GC pause (G1 Humongous Allocation) (mixed)-- 36M->33M(64M), 0.0014110 secs]
Application time: 0.0054873 seconds
[GC pause (G1 Humongous Allocation) (mixed)-- 36M->33M(64M), 0.0016505 secs]
Application time: 0.0025728 seconds
[GC pause (G1 Humongous Allocation) (mixed)-- 36M->34M(64M), 0.0017615 secs]
Application time: 0.0019681 seconds
[GC pause (G1 Evacuation Pause) (mixed)-- 36M->34M(64M), 0.0045790 secs]
Application time: 0.0004558 seconds
[GC pause (G1 Humongous Allocation) (young) (initial-mark) 34M->33M(64M), 0.0009887 secs]
[GC concurrent-root-region-scan-start]
[GC concurrent-root-region-scan-end, 0.0000273 secs]
[GC concurrent-mark-start]
[GC concurrent-mark-end, 0.0078435 secs]
Application time: 0.0078891 seconds
Application time: 0.0001535 seconds
[GC remark, 0.0027603 secs]
Application time: 0.0000363 seconds
[GC pause (G1 Humongous Allocation) (young)-- 35M->31M(64M), 0.0011301 secs]
Application time: 0.0002184 seconds
[GC cleanup 32M->32M(64M), 0.0002324 secs]
[GC concurrent-cleanup-start]
[GC concurrent-cleanup-end, 0.0000088 secs]
Application time: 0.0046666 seconds
[GC pause (G1 Humongous Allocation) (young)-- 37M->33M(64M), 0.0018296 secs]
Application time: 0.0052939 seconds
[GC pause (G1 Humongous Allocation) (mixed)-- 36M->33M(64M), 0.0011055 secs]
Application time: 0.0051655 seconds
[GC pause (G1 Humongous Allocation) (mixed)-- 37M->33M(64M), 0.0017846 secs]
Application time: 0.0043269 seconds
[GC pause (G1 Humongous Allocation) (mixed)-- 37M->33M(64M), 0.0014844 secs]
Application time: 0.0023328 seconds
[GC pause (G1 Humongous Allocation) (mixed)-- 37M->33M(64M), 0.0017088 secs]
Application time: 0.0022547 seconds
[GC pause (G1 Humongous Allocation) (mixed)-- 36M->33M(64M), 0.0012631 secs]
Application time: 0.0022130 seconds
[GC pause (G1 Humongous Allocation) (mixed)-- 36M->33M(64M), 0.0012404 secs]
Application time: 0.0024922 seconds
[GC pause (G1 Humongous Allocation) (mixed)-- 36M->33M(64M), 0.0051655 secs]
Application time: 0.0005926 seconds
[GC pause (G1 Humongous Allocation) (young) (initial-mark) 34M->33M(64M), 0.0013436 secs]
[GC concurrent-root-region-scan-start]
[GC concurrent-root-region-scan-end, 0.0000337 secs]
[GC concurrent-mark-start]
[GC concurrent-mark-end, 0.0044262 secs]
Application time: 0.0044859 seconds
Application time: 0.0001716 seconds
[GC remark, 0.0029158 secs]
Application time: 0.0000399 seconds
[GC pause (G1 Humongous Allocation) (young)-- 35M->32M(64M), 0.0011914 secs]
Application time: 0.0029095 seconds
[GC cleanup 33M->33M(64M), 0.0001863 secs]
[GC concurrent-cleanup-start]
[GC concurrent-cleanup-end, 0.0000085 secs]
Application time: 0.0096423 seconds
[GC pause (G1 Humongous Allocation) (young)-- 37M->32M(64M), 0.0016066 secs]
Application time: 0.0081250 seconds
[GC pause (G1 Humongous Allocation) (mixed)-- 36M->33M(64M), 0.0015025 secs]
Application time: 0.0075715 seconds
[GC pause (G1 Humongous Allocation) (mixed)-- 37M->33M(64M), 0.0014132 secs]
Application time: 0.0050611 seconds
[GC pause (G1 Humongous Allocation) (mixed)-- 36M->33M(64M), 0.0012272 secs]
Application time: 0.0073397 seconds
[GC pause (G1 Humongous Allocation) (mixed)-- 36M->33M(64M), 0.0013841 secs]
Application time: 0.0049833 seconds
[GC pause (G1 Humongous Allocation) (mixed)-- 35M->33M(64M), 0.0010961 secs]
Application time: 0.0048807 seconds
[GC pause (G1 Humongous Allocation) (mixed)-- 35M->32M(64M), 0.0012544 secs]
Application time: 0.0029809 seconds
[GC pause (G1 Humongous Allocation) (mixed)-- 34M->32M(64M), 0.0047916 secs]
Application time: 0.0001157 seconds
[GC pause (G1 Humongous Allocation) (young) (initial-mark) 33M->32M(64M), 0.0012787 secs]
[GC concurrent-root-region-scan-start]
[GC concurrent-root-region-scan-end, 0.0000294 secs]
[GC concurrent-mark-start]
[GC concurrent-mark-end, 0.0044733 secs]
Application time: 0.0045473 seconds
[GC remark, 0.0026635 secs]
Application time: 0.0000467 seconds
[GC cleanup 33M->32M(64M), 0.0001856 secs]
[GC concurrent-cleanup-start]
[GC concurrent-cleanup-end, 0.0000130 secs]
Application time: 0.0061560 seconds
[GC pause (G1 Humongous Allocation) (young)-- 37M->32M(64M), 0.0018735 secs]
Application time: 0.0060443 seconds
[GC pause (G1 Humongous Allocation) (mixed)-- 37M->32M(64M), 0.0016142 secs]
Application time: 0.0092021 seconds
[GC pause (G1 Humongous Allocation) (mixed)-- 37M->32M(64M), 0.0018307 secs]
Application time: 0.0057442 seconds
[GC pause (G1 Humongous Allocation) (mixed)-- 37M->32M(64M), 0.0017900 secs]
Application time: 0.0074354 seconds
[GC pause (G1 Humongous Allocation) (mixed)-- 37M->33M(64M), 0.0017088 secs]
Application time: 0.0026969 seconds
[GC pause (G1 Humongous Allocation) (mixed)-- 36M->33M(64M), 0.0012405 secs]
Application time: 0.0049149 seconds
[GC pause (G1 Humongous Allocation) (mixed)-- 36M->33M(64M), 0.0021129 secs]
Application time: 0.0025707 seconds
[GC pause (G1 Humongous Allocation) (mixed)-- 36M->33M(64M), 0.0044306 secs]
Application time: 0.0082684 seconds
[GC pause (G1 Humongous Allocation) (young) (initial-mark) 34M->33M(64M), 0.0010367 secs]
[GC concurrent-root-region-scan-start]
[GC concurrent-root-region-scan-end, 0.0000127 secs]
[GC concurrent-mark-start]
[GC concurrent-mark-end, 0.0044300 secs]
Application time: 0.0044484 seconds
[GC pause (G1 Humongous Allocation) (young) 35M->33M(64M), 0.0010810 secs]
Application time: 0.0028662 seconds
[GC pause (G1 Humongous Allocation) (young) 35M->33M(64M), 0.0010956 secs]
Application time: 0.0009052 seconds
[GC remark, 0.0027164 secs]
Application time: 0.0000516 seconds
[GC cleanup 34M->34M(64M), 0.0002164 secs]
[GC concurrent-cleanup-start]
[GC concurrent-cleanup-end, 0.0000104 secs]
Application time: 0.0042692 seconds
[GC pause (G1 Humongous Allocation) (young) 37M->33M(64M), 0.0018794 secs]
Application time: 0.0070480 seconds
[GC pause (G1 Humongous Allocation) (mixed)-- 37M->32M(64M), 0.0019243 secs]
Application time: 0.0090543 seconds
[GC pause (G1 Humongous Allocation) (mixed)-- 37M->32M(64M), 0.0021145 secs]
Application time: 0.1157757 seconds
[GC pause (G1 Humongous Allocation) (mixed)-- 36M->32M(64M), 0.0018978 secs]
Application time: 0.0808593 seconds
[GC pause (G1 Humongous Allocation) (mixed)-- 36M->33M(64M), 0.0019230 secs]
Application time: 0.0659659 seconds
[GC pause (G1 Humongous Allocation) (mixed)-- 35M->33M(64M), 0.0021818 secs]
Application time: 0.0414004 seconds
[GC pause (G1 Humongous Allocation) (mixed)-- 35M->33M(64M), 0.0014987 secs]
Application time: 0.0639909 seconds
[GC pause (G1 Humongous Allocation) (mixed)-- 35M->33M(64M), 0.0056379 secs]
Application time: 0.0008856 seconds
[GC pause (G1 Humongous Allocation) (young) (initial-mark) 33M->33M(64M), 0.0013610 secs]
[GC concurrent-root-region-scan-start]
[GC concurrent-root-region-scan-end, 0.0000065 secs]
[GC concurrent-mark-start]
[GC concurrent-mark-end, 0.0043270 secs]
Application time: 0.0051863 seconds
[GC remark, 0.0031635 secs]
Application time: 0.0000353 seconds
[GC cleanup 33M->33M(64M), 0.0002618 secs]
[GC concurrent-cleanup-start]
[GC concurrent-cleanup-end, 0.0000089 secs]
Application time: 0.0910556 seconds
[GC pause (G1 Humongous Allocation) (young) 37M->32M(64M), 0.0018113 secs]
Application time: 0.1085467 seconds
[GC pause (G1 Humongous Allocation) (mixed)-- 37M->32M(64M), 0.0027954 secs]
Application time: 0.0872503 seconds
[GC pause (G1 Humongous Allocation) (mixed)-- 37M->32M(64M), 0.0018669 secs]
Application time: 0.1130878 seconds
[GC pause (G1 Humongous Allocation) (mixed)-- 36M->33M(64M), 0.0019030 secs]
Application time: 0.0123905 seconds
[GC pause (G1 Humongous Allocation) (mixed)-- 35M->33M(64M), 0.0012393 secs]
Application time: 0.0570111 seconds
[GC pause (G1 Humongous Allocation) (mixed)-- 35M->33M(64M), 0.0012131 secs]
Application time: 0.0072414 seconds
[GC pause (G1 Humongous Allocation) (mixed)-- 35M->34M(64M), 0.0011216 secs]
Application time: 0.0606561 seconds
[GC pause (G1 Humongous Allocation) (mixed)-- 35M->34M(64M), 0.0044495 secs]
Application time: 0.0004853 seconds
[GC pause (G1 Humongous Allocation) (young) (initial-mark) 35M->33M(64M), 0.0012976 secs]
[GC concurrent-root-region-scan-start]
[GC concurrent-root-region-scan-end, 0.0000069 secs]
[GC concurrent-mark-start]
[GC concurrent-mark-end, 0.0043118 secs]
Application time: 0.0043193 seconds
[GC remark, 0.0041583 secs]
Application time: 0.0000441 seconds
[GC cleanup 34M->34M(64M), 0.0002078 secs]
[GC concurrent-cleanup-start]
[GC concurrent-cleanup-end, 0.0000067 secs]
Application time: 0.0814278 seconds
[GC pause (G1 Humongous Allocation) (young)-- 35M->34M(64M), 0.0015865 secs]
Application time: 0.0152281 seconds
[GC pause (G1 Evacuation Pause) (mixed)-- 35M->34M(64M), 0.0011300 secs]
Application time: 0.0002592 seconds
[GC pause (G1 Humongous Allocation) (mixed)-- 35M->34M(64M), 0.0008858 secs]
Application time: 0.0522590 seconds
[GC pause (G1 Humongous Allocation) (mixed)-- 35M->34M(64M), 0.0019378 secs]
Application time: 0.0021839 seconds
[GC pause (G1 Humongous Allocation) (mixed)-- 35M->34M(64M), 0.0009781 secs]
Application time: 0.0209477 seconds
[GC pause (G1 Evacuation Pause) (mixed)-- 35M->34M(64M), 0.0010763 secs]
Application time: 0.0000417 seconds
[GC pause (G1 Humongous Allocation) (mixed)-- 34M->34M(64M), 0.0008347 secs]
Application time: 0.0000462 seconds
[Full GC (Allocation Failure)  34M->7938K(64M), 0.0132948 secs]
Application time: 0.3110776 seconds
[GC pause (G1 Humongous Allocation) (young) (initial-mark) 21M->7940K(64M), 0.0034781 secs]
[GC concurrent-root-region-scan-start]
[GC concurrent-root-region-scan-end, 0.0000301 secs]
[GC concurrent-mark-start]
[GC concurrent-mark-end, 0.0043722 secs]
Application time: 0.0044498 seconds
[GC remark, 0.0032917 secs]
Application time: 0.0000393 seconds
[GC cleanup 9365K->9365K(64M), 0.0002011 secs]
Application time: 0.5860036 seconds
[GC pause (G1 Humongous Allocation) (young)-- 44M->7507K(64M), 0.0045795 secs]
Application time: 0.1963349 seconds
[GC pause (G1 Humongous Allocation) (young) (initial-mark) 21M->7508K(64M), 0.0038596 secs]
[GC concurrent-root-region-scan-start]
[GC concurrent-root-region-scan-end, 0.0000103 secs]
[GC concurrent-mark-start]
[GC concurrent-mark-end, 0.0044386 secs]
Application time: 0.0044927 seconds
[GC remark, 0.0032735 secs]
Application time: 0.0000383 seconds
[GC cleanup 8220K->8220K(64M), 0.0001867 secs]
Application time: 0.6036451 seconds
[GC pause (G1 Humongous Allocation) (young)-- 45M->9947K(64M), 0.0044204 secs]
Application time: 0.1475413 seconds
[GC pause (G1 Humongous Allocation) (young) (initial-mark) 21M->9947K(64M), 0.0034500 secs]
[GC concurrent-root-region-scan-start]
[GC concurrent-root-region-scan-end, 0.0000256 secs]
[GC concurrent-mark-start]
[GC concurrent-mark-end, 0.0045926 secs]
Application time: 0.0085155 seconds
[GC remark, 0.0031272 secs]
Application time: 0.0000490 seconds
[GC cleanup 10M->10M(64M), 0.0002195 secs]
Application time: 0.1159116 seconds
[GC pause (G1 Humongous Allocation) (young)-- 45M->10M(64M), 0.0048564 secs]
Application time: 0.0178134 seconds
[GC pause (G1 Humongous Allocation) (young) (initial-mark) 21M->10M(64M), 0.0034681 secs]
[GC concurrent-root-region-scan-start]
[GC concurrent-root-region-scan-end, 0.0002149 secs]
[GC concurrent-mark-start]
[GC concurrent-mark-end, 0.0044064 secs]
Application time: 0.0094853 seconds
[GC remark, 0.0029114 secs]
Application time: 0.0000591 seconds
[GC cleanup 14M->14M(64M), 0.0001960 secs]
Application time: 0.0481529 seconds
[GC pause (G1 Humongous Allocation) (young)-- 44M->10M(64M), 0.0048405 secs]
Application time: 0.1601862 seconds
[GC pause (G1 Humongous Allocation) (mixed)-- 44M->10M(64M), 0.0060400 secs]
Application time: 0.0159252 seconds
[GC pause (G1 Humongous Allocation) (young) (initial-mark) 20M->10M(64M), 0.0021845 secs]
[GC concurrent-root-region-scan-start]
[GC concurrent-root-region-scan-end, 0.0001365 secs]
[GC concurrent-mark-start]
[GC concurrent-mark-end, 0.0051104 secs]
Application time: 0.0053026 seconds
[GC remark, 0.0028810 secs]
Application time: 0.0000310 seconds
[GC cleanup 22M->22M(64M), 0.0001755 secs]
[GC concurrent-cleanup-start]
[GC concurrent-cleanup-end, 0.0000106 secs]
Application time: 0.0191814 seconds
[GC pause (G1 Humongous Allocation) (young)-- 44M->10M(64M), 0.0051700 secs]
Application time: 0.1546740 seconds
[GC pause (G1 Humongous Allocation) (mixed)-- 44M->10M(64M), 0.0056045 secs]
Application time: 0.2335892 seconds
[GC pause (G1 Humongous Allocation) (young) (initial-mark) 20M->10M(64M), 0.0023252 secs]
[GC concurrent-root-region-scan-start]
[GC concurrent-root-region-scan-end, 0.0000290 secs]
[GC concurrent-mark-start]
[GC concurrent-mark-end, 0.0045922 secs]
Application time: 0.0046607 seconds
[GC remark, 0.0028704 secs]
Application time: 0.0000479 seconds
[GC cleanup 11M->11M(64M), 0.0001623 secs]
[GC concurrent-cleanup-start]
[GC concurrent-cleanup-end, 0.0000083 secs]
Application time: 0.8234675 seconds
[GC pause (G1 Humongous Allocation) (young)-- 44M->10M(64M), 0.0055570 secs]
Application time: 0.6285791 seconds
[GC pause (G1 Humongous Allocation) (mixed)-- 44M->10M(64M), 0.0062005 secs]
Application time: 0.1846260 seconds
[GC pause (G1 Humongous Allocation) (young) (initial-mark) 21M->10M(64M), 0.0025565 secs]
[GC concurrent-root-region-scan-start]
[GC concurrent-root-region-scan-end, 0.0000089 secs]
[GC concurrent-mark-start]
[GC concurrent-mark-end, 0.0042496 secs]
Application time: 0.0043091 seconds
[GC remark, 0.0023284 secs]
Application time: 0.0000325 seconds
[GC cleanup 13M->12M(64M), 0.0001556 secs]
[GC concurrent-cleanup-start]
[GC concurrent-cleanup-end, 0.0000085 secs]
Application time: 0.4909845 seconds
[GC pause (G1 Humongous Allocation) (young)-- 44M->10M(64M), 0.0069057 secs]
Application time: 0.5102256 seconds
[GC pause (G1 Humongous Allocation) (mixed)-- 44M->10M(64M), 0.0062105 secs]
Application time: 0.0156603 seconds
[GC pause (G1 Humongous Allocation) (young) (initial-mark) 20M->10M(64M), 0.0018903 secs]
[GC concurrent-root-region-scan-start]
[GC concurrent-root-region-scan-end, 0.0000977 secs]
[GC concurrent-mark-start]
[GC concurrent-mark-end, 0.0038252 secs]
Application time: 0.0039672 seconds
[GC remark, 0.0024196 secs]
Application time: 0.0000338 seconds
[GC cleanup 14M->14M(64M), 0.0001646 secs]
[GC concurrent-cleanup-start]
[GC concurrent-cleanup-end, 0.0000078 secs]
Application time: 0.0183368 seconds
[GC pause (G1 Humongous Allocation) (young)-- 43M->11M(64M), 0.0055839 secs]
Application time: 0.0191193 seconds
[GC pause (G1 Humongous Allocation) (mixed)-- 43M->11M(64M), 0.0064195 secs]
Application time: 0.0019420 seconds
[GC pause (G1 Humongous Allocation) (young) (initial-mark) 19M->11M(64M), 0.0018630 secs]
[GC concurrent-root-region-scan-start]
[GC concurrent-root-region-scan-end, 0.0000082 secs]
[GC concurrent-mark-start]
[GC concurrent-mark-end, 0.0040545 secs]
Application time: 0.0041117 seconds
[GC remark, 0.0025051 secs]
Application time: 0.0000351 seconds
[GC cleanup 19M->19M(64M), 0.0001574 secs]
Application time: 0.9907485 seconds
[GC pause (G1 Humongous Allocation) (young)-- 43M->10194K(64M), 0.0073416 secs]
Application time: 1.2190539 seconds
[GC pause (G1 Humongous Allocation) (mixed)-- 42M->9345K(64M), 0.0077919 secs]
Application time: 0.2387719 seconds
[GC pause (G1 Humongous Allocation) (young) (initial-mark) 19M->9347K(64M), 0.0029483 secs]
[GC concurrent-root-region-scan-start]
[GC concurrent-root-region-scan-end, 0.0001457 secs]
[GC concurrent-mark-start]
[GC concurrent-mark-end, 0.0123200 secs]
Application time: 0.0125630 seconds
[GC remark, 0.0031886 secs]
Application time: 0.0000658 seconds
[GC cleanup 10059K->10059K(64M), 0.0003007 secs]
Warmup (60s) ends:   Tue May 15 23:32:20 GMT 2018
Warmup (60s) result: 32.97 ops/m

Iteration 1 (120s) begins: Tue May 15 23:32:20 GMT 2018
Application time: 0.5872303 seconds
Application time: 0.0194462 seconds
[GC pause (G1 Humongous Allocation) (young)-- 42M->13M(64M), 0.0080826 secs]
Application time: 0.0194650 seconds
[GC pause (G1 Humongous Allocation) (mixed)-- 43M->12M(64M), 0.0076178 secs]
Application time: 0.0026971 seconds
[GC pause (G1 Humongous Allocation) (young) (initial-mark) 19M->12M(64M), 0.0014758 secs]
[GC concurrent-root-region-scan-start]
[GC concurrent-root-region-scan-end, 0.0000185 secs]
[GC concurrent-mark-start]
[GC concurrent-mark-end, 0.0057343 secs]
Application time: 0.0058576 seconds
[GC remark, 0.0028822 secs]
Application time: 0.0000345 seconds
[GC cleanup 13M->13M(64M), 0.0001776 secs]
[GC concurrent-cleanup-start]
[GC concurrent-cleanup-end, 0.0000100 secs]
Application time: 0.0129813 seconds
[GC pause (G1 Humongous Allocation) (young)-- 44M->13M(64M), 0.0112297 secs]
Application time: 0.0156133 seconds
[GC pause (G1 Humongous Allocation) (mixed)-- 44M->13M(64M), 0.0097062 secs]
Application time: 0.0092016 seconds
[GC pause (G1 Humongous Allocation) (mixed)-- 45M->13M(64M), 0.0121843 secs]
Application time: 0.0012652 seconds
[GC pause (G1 Humongous Allocation) (young) (initial-mark) 21M->13M(64M), 0.0032629 secs]
[GC concurrent-root-region-scan-start]
[GC concurrent-root-region-scan-end, 0.0000054 secs]
[GC concurrent-mark-start]
[GC concurrent-mark-end, 0.0050835 secs]
Application time: 0.0051216 seconds
[GC remark, 0.0050411 secs]
Application time: 0.0000356 seconds
Application time: 0.0000325 seconds
[GC cleanup 13M->13M(64M), 0.0006976 secs]
Application time: 0.2256546 seconds
[GC pause (G1 Humongous Allocation) (young)-- 45M->14M(64M), 0.0071407 secs]
Application time: 0.7323013 seconds
[GC pause (G1 Humongous Allocation) (mixed)-- 44M->13M(64M), 0.0051037 secs]
Application time: 0.7068507 seconds
[GC pause (G1 Humongous Allocation) (mixed)-- 44M->13M(64M), 0.0057146 secs]
Application time: 0.1089791 seconds
[GC pause (G1 Humongous Allocation) (young) (initial-mark) 21M->13M(64M), 0.0019831 secs]
[GC concurrent-root-region-scan-start]
[GC concurrent-root-region-scan-end, 0.0000914 secs]
[GC concurrent-mark-start]
[GC concurrent-mark-end, 0.0047629 secs]
Application time: 0.0047751 seconds
[GC remark, 0.0025975 secs]
Application time: 0.0000295 seconds
[GC cleanup 13M->12M(64M), 0.0002127 secs]
[GC concurrent-cleanup-start]
[GC concurrent-cleanup-end, 0.0000098 secs]
Application time: 0.4935082 seconds
[GC pause (G1 Humongous Allocation) (young)-- 44M->12M(64M), 0.0080509 secs]
Application time: 0.4656347 seconds
[GC pause (G1 Humongous Allocation) (mixed)-- 43M->12M(64M), 0.0078111 secs]
Application time: 0.1159927 seconds
[GC pause (G1 Humongous Allocation) (young) (initial-mark) 20M->12M(64M), 0.0026111 secs]
[GC concurrent-root-region-scan-start]
[GC concurrent-root-region-scan-end, 0.0000157 secs]
[GC concurrent-mark-start]
[GC concurrent-mark-end, 0.0048265 secs]
Application time: 0.0048669 seconds
[GC remark, 0.0030912 secs]
Application time: 0.0000633 seconds
[GC cleanup 14M->14M(64M), 0.0001936 secs]
Application time: 0.2140565 seconds
[GC pause (G1 Humongous Allocation) (young)-- 42M->14M(64M), 0.0068106 secs]
Application time: 0.0165236 seconds
[GC pause (G1 Humongous Allocation) (mixed)-- 43M->14M(64M), 0.0065432 secs]
Application time: 0.0147515 seconds
[GC pause (G1 Humongous Allocation) (mixed)-- 42M->14M(64M), 0.0073155 secs]
Application time: 0.0012468 seconds
[GC pause (G1 Humongous Allocation) (young) (initial-mark) 19M->14M(64M), 0.0017747 secs]
[GC concurrent-root-region-scan-start]
[GC concurrent-root-region-scan-end, 0.0000152 secs]
[GC concurrent-mark-start]
[GC concurrent-mark-end, 0.0046670 secs]
Application time: 0.0047499 seconds
[GC remark, 0.0033405 secs]
Application time: 0.0047104 seconds
[GC cleanup 24M->24M(64M), 0.0002219 secs]
[GC concurrent-cleanup-start]
[GC concurrent-cleanup-end, 0.0000125 secs]
Application time: 0.3218647 seconds
[GC pause (G1 Humongous Allocation) (young)-- 43M->14M(64M), 0.0085874 secs]
Application time: 0.0207003 seconds
[GC pause (G1 Humongous Allocation) (mixed)-- 42M->14M(64M), 0.0056934 secs]
Application time: 0.0215631 seconds
[GC pause (G1 Humongous Allocation) (mixed)-- 44M->15M(64M), 0.0075048 secs]
Application time: 0.0026461 seconds
[GC pause (G1 Humongous Allocation) (young) (initial-mark) 20M->15M(64M), 0.0018039 secs]
[GC concurrent-root-region-scan-start]
[GC concurrent-root-region-scan-end, 0.0001025 secs]
[GC concurrent-mark-start]
[GC concurrent-mark-end, 0.0048196 secs]
Application time: 0.0049964 seconds
[GC remark, 0.0032115 secs]
Application time: 0.0000459 seconds
[GC cleanup 34M->34M(64M), 0.0002386 secs]
[GC concurrent-cleanup-start]
[GC concurrent-cleanup-end, 0.0000079 secs]
Application time: 0.1294050 seconds
[GC pause (G1 Humongous Allocation) (young)-- 44M->16M(64M), 0.0074408 secs]
Application time: 0.7145949 seconds
[GC pause (G1 Humongous Allocation) (mixed)-- 44M->15M(64M), 0.0050661 secs]
Application time: 0.6908340 seconds
[GC pause (G1 Humongous Allocation) (mixed)-- 45M->15M(64M), 0.0070049 secs]
Application time: 0.1169401 seconds
[GC pause (G1 Humongous Allocation) (young) (initial-mark) 21M->15M(64M), 0.0021343 secs]
[GC concurrent-root-region-scan-start]
[GC concurrent-root-region-scan-end, 0.0000186 secs]
[GC concurrent-mark-start]
[GC concurrent-mark-end, 0.0049337 secs]
Application time: 0.0050305 seconds
[GC remark, 0.0030955 secs]
Application time: 0.0012597 seconds
[GC cleanup 15M->15M(64M), 0.0002137 secs]
[GC concurrent-cleanup-start]
[GC concurrent-cleanup-end, 0.0000076 secs]
Application time: 0.4725976 seconds
[GC pause (G1 Humongous Allocation) (young)-- 45M->16M(64M), 0.0078039 secs]
Application time: 0.5198405 seconds
[GC pause (G1 Humongous Allocation) (mixed)-- 45M->15M(64M), 0.0081666 secs]
Application time: 0.2427644 seconds
[GC pause (G1 Humongous Allocation) (mixed)-- 45M->16M(64M), 0.0072006 secs]
Application time: 0.0049794 seconds
[GC pause (G1 Humongous Allocation) (young) (initial-mark) 21M->16M(64M), 0.0016648 secs]
[GC concurrent-root-region-scan-start]
[GC concurrent-root-region-scan-end, 0.0001946 secs]
[GC concurrent-mark-start]
[GC concurrent-mark-end, 0.0046227 secs]
Application time: 0.0049029 seconds
[GC remark, 0.0031499 secs]
Application time: 0.0000480 seconds
[GC cleanup 17M->17M(64M), 0.0002102 secs]
[GC concurrent-cleanup-start]
[GC concurrent-cleanup-end, 0.0000190 secs]
Application time: 0.0182668 seconds
[GC pause (G1 Humongous Allocation) (young)-- 45M->16M(64M), 0.0068143 secs]
Application time: 0.0154837 seconds
[GC pause (G1 Humongous Allocation) (mixed)-- 45M->16M(64M), 0.0078031 secs]
Application time: 0.3387859 seconds
[GC pause (G1 Humongous Allocation) (mixed)-- 44M->16M(64M), 0.0075411 secs]
Application time: 0.0674181 seconds
[GC pause (G1 Humongous Allocation) (young) (initial-mark) 21M->16M(64M), 0.0017873 secs]
[GC concurrent-root-region-scan-start]
[GC concurrent-root-region-scan-end, 0.0000307 secs]
[GC concurrent-mark-start]
[GC concurrent-mark-end, 0.0047423 secs]
Application time: 0.0048300 seconds
[GC remark, 0.0032692 secs]
Application time: 0.0000557 seconds
[GC cleanup 18M->18M(64M), 0.0002384 secs]
Application time: 0.3116618 seconds
[GC pause (G1 Humongous Allocation) (young)-- 44M->17M(64M), 0.0068135 secs]
Application time: 0.0197474 seconds
[GC pause (G1 Humongous Allocation) (mixed)-- 44M->16M(64M), 0.0064339 secs]
Application time: 0.0206004 seconds
[GC pause (G1 Humongous Allocation) (mixed)-- 43M->16M(64M), 0.0072985 secs]
Application time: 0.0054429 seconds
[GC pause (G1 Humongous Allocation) (young) (initial-mark) 19M->16M(64M), 0.0017542 secs]
[GC concurrent-root-region-scan-start]
[GC concurrent-root-region-scan-end, 0.0000168 secs]
[GC concurrent-mark-start]
[GC concurrent-mark-end, 0.0048237 secs]
Application time: 0.0049154 seconds
[GC remark, 0.0032868 secs]
Application time: 0.0000643 seconds
[GC cleanup 33M->33M(64M), 0.0003184 secs]
Application time: 0.2250514 seconds
[GC pause (G1 Humongous Allocation) (young)-- 43M->17M(64M), 0.0069937 secs]
Application time: 0.6202760 seconds
[GC pause (G1 Humongous Allocation) (mixed)-- 43M->16M(64M), 0.0053958 secs]
Application time: 0.5787118 seconds
[GC pause (G1 Humongous Allocation) (mixed)-- 43M->17M(64M), 0.0075264 secs]
Application time: 0.0189550 seconds
[GC pause (G1 Humongous Allocation) (young) (initial-mark) 20M->17M(64M), 0.0015529 secs]
[GC concurrent-root-region-scan-start]
[GC concurrent-root-region-scan-end, 0.0000302 secs]
[GC concurrent-mark-start]
[GC concurrent-mark-end, 0.0046608 secs]
Application time: 0.0047519 seconds
[GC remark, 0.0034182 secs]
Application time: 0.0000623 seconds
[GC cleanup 18M->18M(64M), 0.0002180 secs]
[GC concurrent-cleanup-start]
[GC concurrent-cleanup-end, 0.0000186 secs]
Application time: 0.5029011 seconds
[GC pause (G1 Humongous Allocation) (young)-- 44M->18M(64M), 0.0073348 secs]
Application time: 0.4439981 seconds
[GC pause (G1 Humongous Allocation) (mixed)-- 44M->17M(64M), 0.0071678 secs]
Application time: 0.0985110 seconds
[GC pause (G1 Humongous Allocation) (mixed)-- 45M->18M(64M), 0.0131910 secs]
Application time: 0.0011124 seconds
[GC pause (G1 Humongous Allocation) (young) (initial-mark) 21M->18M(64M), 0.0013484 secs]
[GC concurrent-root-region-scan-start]
[GC concurrent-root-region-scan-end, 0.0089661 secs]
[GC concurrent-mark-start]
[GC concurrent-mark-end, 0.0049336 secs]
Application time: 0.0139749 seconds
[GC remark, 0.0063940 secs]
Application time: 0.0000666 seconds
[GC cleanup 32M->32M(64M), 0.0001981 secs]
Application time: 0.0110188 seconds
[GC pause (G1 Humongous Allocation) (young)-- 44M->18M(64M), 0.0163268 secs]
Application time: 0.0184585 seconds
[GC pause (G1 Humongous Allocation) (mixed)-- 44M->18M(64M), 0.0071760 secs]
Application time: 0.3435149 seconds
[GC pause (G1 Humongous Allocation) (mixed)-- 43M->18M(64M), 0.0068649 secs]
Application time: 0.0008343 seconds
[GC pause (G1 Humongous Allocation) (young) (initial-mark) 19M->18M(64M), 0.0008818 secs]
[GC concurrent-root-region-scan-start]
[GC concurrent-root-region-scan-end, 0.0000211 secs]
[GC concurrent-mark-start]
[GC concurrent-mark-end, 0.0045345 secs]
Application time: 0.0046200 seconds
[GC remark, 0.0030663 secs]
Application time: 0.0000567 seconds
[GC cleanup 20M->19M(64M), 0.0002289 secs]
[GC concurrent-cleanup-start]
[GC concurrent-cleanup-end, 0.0000190 secs]
Application time: 0.5385555 seconds
[GC pause (G1 Humongous Allocation) (young)-- 44M->18M(64M), 0.0065591 secs]
Application time: 0.1688950 seconds
[GC pause (G1 Humongous Allocation) (mixed)-- 44M->18M(64M), 0.0061021 secs]
Application time: 0.0149298 seconds
[GC pause (G1 Humongous Allocation) (mixed)-- 43M->18M(64M), 0.0057897 secs]
Application time: 0.0163783 seconds
[GC pause (G1 Humongous Allocation) (mixed)-- 43M->18M(64M), 0.0062659 secs]
Application time: 0.0003543 seconds
[GC pause (G1 Humongous Allocation) (young) (initial-mark) 19M->18M(64M), 0.0011496 secs]
[GC concurrent-root-region-scan-start]
[GC concurrent-root-region-scan-end, 0.0000165 secs]
[GC concurrent-mark-start]
[GC concurrent-mark-end, 0.0046328 secs]
Application time: 0.0047087 seconds
[GC remark, 0.0032814 secs]
Application time: 0.0000491 seconds
[GC cleanup 34M->34M(64M), 0.0001835 secs]
Application time: 0.1387927 seconds
[GC pause (G1 Humongous Allocation) (young)-- 43M->19M(64M), 0.0062283 secs]
Application time: 0.5458699 seconds
[GC pause (G1 Humongous Allocation) (mixed)-- 42M->17M(64M), 0.0052380 secs]
Application time: 0.4365964 seconds
[GC pause (G1 Humongous Allocation) (mixed)-- 43M->18M(64M), 0.0066409 secs]
Application time: 0.4091064 seconds
[GC pause (G1 Humongous Allocation) (mixed)-- 42M->18M(64M), 0.0057408 secs]
Application time: 0.0309232 seconds
[GC pause (G1 Humongous Allocation) (young) (initial-mark) 19M->18M(64M), 0.0009562 secs]
[GC concurrent-root-region-scan-start]
[GC concurrent-root-region-scan-end, 0.0000265 secs]
[GC concurrent-mark-start]
[GC concurrent-mark-end, 0.0039808 secs]
Application time: 0.0040657 seconds
[GC remark, 0.0031249 secs]
Application time: 0.0000523 seconds
[GC cleanup 20M->20M(64M), 0.0001961 secs]
Application time: 0.3409568 seconds
[GC pause (G1 Humongous Allocation) (young)-- 41M->19M(64M), 0.0058721 secs]
Application time: 0.1777890 seconds
[GC pause (G1 Humongous Allocation) (mixed)-- 42M->19M(64M), 0.0062419 secs]
Application time: 0.0149178 seconds
[GC pause (G1 Humongous Allocation) (mixed)-- 44M->19M(64M), 0.0054728 secs]
Application time: 0.0170922 seconds
[GC pause (G1 Humongous Allocation) (mixed)-- 43M->19M(64M), 0.0062819 secs]
Application time: 0.0003014 seconds
[GC pause (G1 Humongous Allocation) (young) (initial-mark) 19M->19M(64M), 0.0009499 secs]
[GC concurrent-root-region-scan-start]
[GC concurrent-root-region-scan-end, 0.0000064 secs]
[GC concurrent-mark-start]
[GC concurrent-mark-end, 0.0042355 secs]
Application time: 0.0043243 seconds
[GC remark, 0.0031250 secs]
Application time: 0.0000376 seconds
[GC cleanup 19M->19M(64M), 0.0001763 secs]
Application time: 0.0065136 seconds
[GC pause (G1 Humongous Allocation) (young)-- 43M->19M(64M), 0.0061965 secs]
Application time: 0.4048699 seconds
[GC pause (G1 Humongous Allocation) (mixed)-- 42M->19M(64M), 0.0057840 secs]
Application time: 0.4070559 seconds
[GC pause (G1 Humongous Allocation) (mixed)-- 43M->20M(64M), 0.0058253 secs]
Application time: 0.3427015 seconds
[GC pause (G1 Humongous Allocation) (mixed)-- 42M->20M(64M), 0.0060106 secs]
Application time: 0.0002426 seconds
[GC pause (G1 Humongous Allocation) (young) (initial-mark) 21M->20M(64M), 0.0007134 secs]
[GC concurrent-root-region-scan-start]
[GC concurrent-root-region-scan-end, 0.0000102 secs]
[GC concurrent-mark-start]
[GC concurrent-mark-end, 0.0042543 secs]
Application time: 0.0043137 seconds
[GC remark, 0.0034155 secs]
Application time: 0.0000620 seconds
[GC cleanup 24M->23M(64M), 0.0002087 secs]
[GC concurrent-cleanup-start]
[GC concurrent-cleanup-end, 0.0000146 secs]
Application time: 0.0155990 seconds
[GC pause (G1 Humongous Allocation) (young)-- 43M->19M(64M), 0.0050361 secs]
Application time: 0.0187379 seconds
[GC pause (G1 Humongous Allocation) (mixed)-- 42M->19M(64M), 0.0060980 secs]
Application time: 0.0114494 seconds
[GC pause (G1 Humongous Allocation) (mixed)-- 41M->19M(64M), 0.0061684 secs]
Application time: 0.1899774 seconds
[GC pause (G1 Humongous Allocation) (mixed)-- 41M->19M(64M), 0.0056474 secs]
Application time: 0.0248318 seconds
[GC pause (G1 Humongous Allocation) (young) (initial-mark) 20M->19M(64M), 0.0013520 secs]
[GC concurrent-root-region-scan-start]
[GC concurrent-root-region-scan-end, 0.0000294 secs]
[GC concurrent-mark-start]
[GC concurrent-mark-end, 0.0048871 secs]
Application time: 0.0049691 seconds
[GC remark, 0.0033827 secs]
Application time: 0.0000413 seconds
[GC cleanup 21M->20M(64M), 0.0002044 secs]
[GC concurrent-cleanup-start]
[GC concurrent-cleanup-end, 0.0000091 secs]
Application time: 0.4484880 seconds
[GC pause (G1 Humongous Allocation) (young)-- 42M->19M(64M), 0.0055280 secs]
Application time: 0.3999645 seconds
[GC pause (G1 Humongous Allocation) (mixed)-- 42M->19M(64M), 0.0057552 secs]
Application time: 0.4247069 seconds
[GC pause (G1 Humongous Allocation) (mixed)-- 42M->19M(64M), 0.0057467 secs]
Application time: 0.3795143 seconds
[GC pause (G1 Humongous Allocation) (mixed)-- 42M->19M(64M), 0.0060654 secs]
Application time: 0.0001793 seconds
[GC pause (G1 Humongous Allocation) (young) (initial-mark) 20M->19M(64M), 0.0009243 secs]
[GC concurrent-root-region-scan-start]
[GC concurrent-root-region-scan-end, 0.0000292 secs]
[GC concurrent-mark-start]
[GC concurrent-mark-end, 0.0041366 secs]
Application time: 0.0042526 seconds
[GC remark, 0.0029137 secs]
Application time: 0.0000696 seconds
[GC cleanup 20M->20M(64M), 0.0001824 secs]
[GC concurrent-cleanup-start]
[GC concurrent-cleanup-end, 0.0000141 secs]
Application time: 0.0466170 seconds
[GC pause (G1 Humongous Allocation) (young)-- 42M->20M(64M), 0.0046297 secs]
Application time: 0.0121059 seconds
[GC pause (G1 Humongous Allocation) (mixed)-- 42M->19M(64M), 0.0050213 secs]
Application time: 0.0172316 seconds
[GC pause (G1 Humongous Allocation) (mixed)-- 42M->19M(64M), 0.0059493 secs]
Application time: 0.0070119 seconds
[GC pause (G1 Humongous Allocation) (mixed)-- 42M->19M(64M), 0.0059083 secs]
Application time: 0.0085987 seconds
[GC pause (G1 Humongous Allocation) (young) (initial-mark) 20M->18M(64M), 0.0005875 secs]
[GC concurrent-root-region-scan-start]
[GC concurrent-root-region-scan-end, 0.0000205 secs]
[GC concurrent-mark-start]
[GC concurrent-mark-end, 0.0054953 secs]
Application time: 0.0055788 seconds
[GC remark, 0.0032541 secs]
Application time: 0.0000615 seconds
[GC cleanup 20M->20M(64M), 0.0002023 secs]
[GC concurrent-cleanup-start]
[GC concurrent-cleanup-end, 0.0000166 secs]
Application time: 0.4178171 seconds
[GC pause (G1 Humongous Allocation) (young)-- 42M->20M(64M), 0.0058560 secs]
Application time: 0.4158735 seconds
[GC pause (G1 Humongous Allocation) (mixed)-- 42M->20M(64M), 0.0055851 secs]
Application time: 0.2753016 seconds
[GC pause (G1 Humongous Allocation) (mixed)-- 43M->21M(64M), 0.0058808 secs]
Application time: 0.0149305 seconds
[GC pause (G1 Humongous Allocation) (mixed)-- 42M->21M(64M), 0.0045711 secs]
Application time: 0.0003268 seconds
[GC pause (G1 Humongous Allocation) (young) (initial-mark) 22M->21M(64M), 0.0010337 secs]
[GC concurrent-root-region-scan-start]
[GC concurrent-root-region-scan-end, 0.0000356 secs]
[GC concurrent-mark-start]
[GC concurrent-mark-end, 0.0044459 secs]
Application time: 0.0045397 seconds
[GC remark, 0.0028985 secs]
Application time: 0.0000456 seconds
[GC cleanup 21M->21M(64M), 0.0001899 secs]
[GC concurrent-cleanup-start]
[GC concurrent-cleanup-end, 0.0000122 secs]
Application time: 0.0168815 seconds
[GC pause (G1 Humongous Allocation) (young)-- 42M->21M(64M), 0.0054798 secs]
Application time: 0.0102235 seconds
[GC pause (G1 Humongous Allocation) (mixed)-- 42M->21M(64M), 0.0060861 secs]
Application time: 0.1785191 seconds
[GC pause (G1 Humongous Allocation) (mixed)-- 42M->21M(64M), 0.0058387 secs]
Application time: 0.4090562 seconds
[GC pause (G1 Humongous Allocation) (mixed)-- 41M->21M(64M), 0.0048095 secs]
Application time: 0.0575507 seconds
[GC pause (G1 Humongous Allocation) (young) (initial-mark) 22M->21M(64M), 0.0015195 secs]
[GC concurrent-root-region-scan-start]
[GC concurrent-root-region-scan-end, 0.0000448 secs]
[GC concurrent-mark-start]
[GC concurrent-mark-end, 0.0069395 secs]
Application time: 0.0121899 seconds
[GC remark, 0.0033736 secs]
Application time: 0.0000974 seconds
[GC cleanup 22M->21M(64M), 0.0002108 secs]
[GC concurrent-cleanup-start]
[GC concurrent-cleanup-end, 0.0000169 secs]
Application time: 0.3984520 seconds
[GC pause (G1 Humongous Allocation) (young)-- 42M->20M(64M), 0.0054782 secs]
Application time: 0.3680346 seconds
[GC pause (G1 Humongous Allocation) (mixed)-- 42M->21M(64M), 0.0055590 secs]
Application time: 0.3649286 seconds
[GC pause (G1 Humongous Allocation) (mixed)-- 42M->21M(64M), 0.0056829 secs]
Application time: 0.2559587 seconds
[GC pause (G1 Humongous Allocation) (mixed)-- 41M->21M(64M), 0.0056935 secs]
Application time: 0.0002034 seconds
[GC pause (G1 Humongous Allocation) (young) (initial-mark) 22M->21M(64M), 0.0007154 secs]
[GC concurrent-root-region-scan-start]
[GC concurrent-root-region-scan-end, 0.0000162 secs]
[GC concurrent-mark-start]
[GC concurrent-mark-end, 0.0043724 secs]
Application time: 0.0044416 seconds
[GC remark, 0.0028802 secs]
Application time: 0.0000414 seconds
[GC cleanup 22M->21M(64M), 0.0001921 secs]
[GC concurrent-cleanup-start]
[GC concurrent-cleanup-end, 0.0000114 secs]
Application time: 0.0166309 seconds
[GC pause (G1 Humongous Allocation) (young)-- 43M->21M(64M), 0.0046227 secs]
Application time: 0.0152869 seconds
[GC pause (G1 Humongous Allocation) (mixed)-- 42M->21M(64M), 0.0053763 secs]
Application time: 0.0116378 seconds
[GC pause (G1 Humongous Allocation) (mixed)-- 42M->21M(64M), 0.0057150 secs]
Application time: 0.0638576 seconds
[GC pause (G1 Humongous Allocation) (mixed)-- 41M->20M(64M), 0.0058059 secs]
Application time: 0.0007917 seconds
[GC pause (G1 Humongous Allocation) (young) (initial-mark) 21M->20M(64M), 0.0009881 secs]
[GC concurrent-root-region-scan-start]
[GC concurrent-root-region-scan-end, 0.0000409 secs]
[GC concurrent-mark-start]
[GC concurrent-mark-end, 0.0047441 secs]
Application time: 0.0048494 seconds
[GC remark, 0.0031824 secs]
Application time: 0.0000463 seconds
[GC cleanup 22M->21M(64M), 0.0002022 secs]
[GC concurrent-cleanup-start]
[GC concurrent-cleanup-end, 0.0000105 secs]
Application time: 0.3709372 seconds
[GC pause (G1 Humongous Allocation) (young)-- 41M->21M(64M), 0.0049611 secs]
Application time: 0.3843847 seconds
[GC pause (G1 Humongous Allocation) (mixed)-- 41M->21M(64M), 0.0053030 secs]
Application time: 0.3626052 seconds
[GC pause (G1 Humongous Allocation) (mixed)-- 41M->20M(64M), 0.0046685 secs]
Application time: 0.0318858 seconds
[GC pause (G1 Humongous Allocation) (mixed)-- 41M->22M(64M), 0.0041115 secs]
Application time: 0.0129527 seconds
[GC pause (G1 Humongous Allocation) (mixed)-- 40M->22M(64M), 0.0039064 secs]
Application time: 0.0002074 seconds
[GC pause (G1 Humongous Allocation) (young) (initial-mark) 23M->22M(64M), 0.0006279 secs]
[GC concurrent-root-region-scan-start]
[GC concurrent-root-region-scan-end, 0.0000158 secs]
[GC concurrent-mark-start]
[GC concurrent-mark-end, 0.0042353 secs]
Application time: 0.0043088 seconds
[GC remark, 0.0031713 secs]
Application time: 0.0000462 seconds
[GC cleanup 23M->22M(64M), 0.0001860 secs]
[GC concurrent-cleanup-start]
[GC concurrent-cleanup-end, 0.0000151 secs]
Application time: 0.0257840 seconds
[GC pause (G1 Humongous Allocation) (young)-- 41M->22M(64M), 0.0045062 secs]
Application time: 0.0061561 seconds
[GC pause (G1 Humongous Allocation) (mixed)-- 41M->22M(64M), 0.0042463 secs]
Application time: 0.2061995 seconds
[GC pause (G1 Humongous Allocation) (mixed)-- 40M->22M(64M), 0.0040488 secs]
Application time: 0.3759297 seconds
[GC pause (G1 Humongous Allocation) (mixed)-- 39M->22M(64M), 0.0040463 secs]
Application time: 0.3244115 seconds
[GC pause (G1 Humongous Allocation) (mixed)-- 39M->22M(64M), 0.0036421 secs]
Application time: 0.0546410 seconds
[GC pause (G1 Humongous Allocation) (young) (initial-mark) 23M->22M(64M), 0.0010885 secs]
[GC concurrent-root-region-scan-start]
[GC concurrent-root-region-scan-end, 0.0000170 secs]
[GC concurrent-mark-start]
[GC concurrent-mark-end, 0.0042921 secs]
Application time: 0.0101495 seconds
[GC remark, 0.0026570 secs]
Application time: 0.0000504 seconds
[GC cleanup 24M->24M(64M), 0.0001810 secs]
[GC concurrent-cleanup-start]
[GC concurrent-cleanup-end, 0.0000176 secs]
Application time: 0.3710256 seconds
[GC pause (G1 Humongous Allocation) (young)-- 42M->22M(64M), 0.0043954 secs]
Application time: 0.3749358 seconds
[GC pause (G1 Humongous Allocation) (mixed)-- 41M->22M(64M), 0.0043957 secs]
Application time: 0.2981908 seconds
[GC pause (G1 Humongous Allocation) (mixed)-- 42M->22M(64M), 0.0045898 secs]
Application time: 0.1047212 seconds
[GC pause (G1 Humongous Allocation) (mixed)-- 42M->22M(64M), 0.0043494 secs]
Application time: 0.0115502 seconds
[GC pause (G1 Humongous Allocation) (mixed)-- 42M->22M(64M), 0.0037950 secs]
Application time: 0.0001659 seconds
[GC pause (G1 Humongous Allocation) (young) (initial-mark) 23M->22M(64M), 0.0007171 secs]
[GC concurrent-root-region-scan-start]
[GC concurrent-root-region-scan-end, 0.0000296 secs]
[GC concurrent-mark-start]
[GC concurrent-mark-end, 0.0039978 secs]
Application time: 0.0040917 seconds
[GC remark, 0.0026540 secs]
Application time: 0.0000504 seconds
[GC cleanup 28M->28M(64M), 0.0001786 secs]
[GC concurrent-cleanup-start]
[GC concurrent-cleanup-end, 0.0000091 secs]
Application time: 0.0096313 seconds
[GC pause (G1 Humongous Allocation) (young) 42M->22M(64M), 0.0041996 secs]
Application time: 0.0098353 seconds
[GC pause (G1 Humongous Allocation) (mixed)-- 42M->22M(64M), 0.0047607 secs]
Application time: 0.1742428 seconds
[GC pause (G1 Humongous Allocation) (mixed)-- 41M->22M(64M), 0.0045350 secs]
Application time: 0.3613039 seconds
[GC pause (G1 Humongous Allocation) (mixed)-- 41M->22M(64M), 0.0040601 secs]
Application time: 0.3258440 seconds
[GC pause (G1 Humongous Allocation) (mixed)-- 40M->21M(64M), 0.0038712 secs]
Application time: 0.0000407 seconds
[GC pause (G1 Humongous Allocation) (young) (initial-mark) 22M->22M(64M), 0.0004707 secs]
[GC concurrent-root-region-scan-start]
[GC concurrent-root-region-scan-end, 0.0000099 secs]
[GC concurrent-mark-start]
[GC concurrent-mark-end, 0.0040476 secs]
Application time: 0.0041245 seconds
[GC remark, 0.0025412 secs]
Application time: 0.0000418 seconds
[GC cleanup 22M->22M(64M), 0.0001844 secs]
[GC concurrent-cleanup-start]
[GC concurrent-cleanup-end, 0.0000079 secs]
Application time: 0.0885001 seconds
[GC pause (G1 Humongous Allocation) (young)-- 41M->23M(64M), 0.0038778 secs]
Application time: 0.0076053 seconds
[GC pause (G1 Humongous Allocation) (mixed)-- 40M->23M(64M), 0.0032708 secs]
Application time: 0.0247565 seconds
[GC pause (G1 Humongous Allocation) (mixed)-- 42M->23M(64M), 0.0045848 secs]
Application time: 0.0096047 seconds
[GC pause (G1 Humongous Allocation) (mixed)-- 42M->23M(64M), 0.0042294 secs]
Application time: 0.0672215 seconds
[GC pause (G1 Humongous Allocation) (mixed)-- 41M->22M(64M), 0.0040937 secs]
Application time: 0.0002140 seconds
[GC pause (G1 Humongous Allocation) (young) (initial-mark) 23M->22M(64M), 0.0004864 secs]
[GC concurrent-root-region-scan-start]
[GC concurrent-root-region-scan-end, 0.0000096 secs]
[GC concurrent-mark-start]
[GC concurrent-mark-end, 0.0042269 secs]
Application time: 0.0042822 seconds
[GC remark, 0.0026452 secs]
Application time: 0.0059757 seconds
[GC cleanup 23M->23M(64M), 0.0001646 secs]
[GC concurrent-cleanup-start]
[GC concurrent-cleanup-end, 0.0000090 secs]
Application time: 0.4484122 seconds
[GC pause (G1 Humongous Allocation) (young) 42M->23M(64M), 0.0034592 secs]
Application time: 0.3842628 seconds
[GC pause (G1 Humongous Allocation) (mixed)-- 42M->23M(64M), 0.0039149 secs]
Application time: 0.3305706 seconds
[GC pause (G1 Humongous Allocation) (mixed)-- 42M->23M(64M), 0.0042682 secs]
Application time: 0.3286788 seconds
[GC pause (G1 Humongous Allocation) (mixed)-- 42M->22M(64M), 0.0041207 secs]
Application time: 0.3193435 seconds
[GC pause (G1 Humongous Allocation) (mixed)-- 41M->23M(64M), 0.0043221 secs]
Application time: 0.0069116 seconds
[GC pause (G1 Humongous Allocation) (young) (initial-mark) 24M->23M(64M), 0.0008591 secs]
[GC concurrent-root-region-scan-start]
[GC concurrent-root-region-scan-end, 0.0000059 secs]
[GC concurrent-mark-start]
[GC concurrent-mark-end, 0.0044510 secs]
Application time: 0.0044459 seconds
[GC remark, 0.0027407 secs]
Application time: 0.0000319 seconds
[GC cleanup 24M->24M(64M), 0.0001781 secs]
[GC concurrent-cleanup-start]
[GC concurrent-cleanup-end, 0.0000076 secs]
Application time: 0.3213043 seconds
[GC pause (G1 Humongous Allocation) (young)-- 43M->23M(64M), 0.0043757 secs]
Application time: 0.0410104 seconds
[GC pause (G1 Humongous Allocation) (mixed)-- 43M->24M(64M), 0.0039672 secs]
Application time: 0.0093414 seconds
[GC pause (G1 Humongous Allocation) (mixed)-- 43M->23M(64M), 0.0035847 secs]
Application time: 0.0149860 seconds
[GC pause (G1 Humongous Allocation) (mixed)-- 42M->23M(64M), 0.0044255 secs]
Application time: 0.0080935 seconds
[GC pause (G1 Humongous Allocation) (mixed)-- 42M->24M(64M), 0.0043811 secs]
Application time: 0.0003368 seconds
[GC pause (G1 Humongous Allocation) (young) (initial-mark) 25M->24M(64M), 0.0007709 secs]
[GC concurrent-root-region-scan-start]
[GC concurrent-root-region-scan-end, 0.0000100 secs]
[GC concurrent-mark-start]
[GC concurrent-mark-end, 0.0045664 secs]
Application time: 0.0046479 seconds
[GC remark, 0.0030030 secs]
Application time: 0.0000593 seconds
[GC cleanup 38M->38M(64M), 0.0001919 secs]
[GC concurrent-cleanup-start]
[GC concurrent-cleanup-end, 0.0000101 secs]
Application time: 0.0664654 seconds
[GC pause (G1 Humongous Allocation) (young)-- 42M->24M(64M), 0.0040989 secs]
Application time: 0.3302892 seconds
[GC pause (G1 Humongous Allocation) (mixed)-- 41M->24M(64M), 0.0045307 secs]
Application time: 0.3728992 seconds
[GC pause (G1 Humongous Allocation) (mixed)-- 43M->24M(64M), 0.0050644 secs]
Application time: 0.0899469 seconds
[GC pause (G1 Humongous Allocation) (mixed)-- 43M->24M(64M), 0.0047459 secs]
Application time: 0.0074429 seconds
[GC pause (G1 Humongous Allocation) (mixed)-- 42M->25M(64M), 0.0039105 secs]
Application time: 0.0003407 seconds
[GC pause (G1 Humongous Allocation) (young) (initial-mark) 25M->25M(64M), 0.0010731 secs]
[GC concurrent-root-region-scan-start]
[GC concurrent-root-region-scan-end, 0.0000146 secs]
[GC concurrent-mark-start]
[GC concurrent-mark-end, 0.0041739 secs]
Application time: 0.0052460 seconds
[GC remark, 0.0031100 secs]
Application time: 0.0000252 seconds
[GC cleanup 25M->24M(64M), 0.0002065 secs]
[GC concurrent-cleanup-start]
[GC concurrent-cleanup-end, 0.0000074 secs]
Application time: 0.0182203 seconds
[GC pause (G1 Humongous Allocation) (young)-- 42M->25M(64M), 0.0046774 secs]
Application time: 0.0100991 seconds
[GC pause (G1 Humongous Allocation) (mixed)-- 42M->25M(64M), 0.0050184 secs]
Application time: 0.0045899 seconds
[GC pause (G1 Humongous Allocation) (mixed)-- 42M->25M(64M), 0.0046592 secs]
Application time: 0.3741555 seconds
[GC pause (G1 Humongous Allocation) (mixed)-- 42M->25M(64M), 0.0045943 secs]
Application time: 0.3362018 seconds
[GC pause (G1 Humongous Allocation) (mixed)-- 41M->24M(64M), 0.0039346 secs]
Application time: 0.0620771 seconds
[GC pause (G1 Humongous Allocation) (young) (initial-mark) 25M->24M(64M), 0.0012879 secs]
[GC concurrent-root-region-scan-start]
[GC concurrent-root-region-scan-end, 0.0001663 secs]
[GC concurrent-mark-start]
[GC concurrent-mark-end, 0.0043288 secs]
Application time: 0.0057576 seconds
[GC remark, 0.0031605 secs]
Application time: 0.0000278 seconds
[GC cleanup 24M->23M(64M), 0.0002355 secs]
[GC concurrent-cleanup-start]
[GC concurrent-cleanup-end, 0.0000085 secs]
Application time: 0.3227980 seconds
[GC pause (G1 Humongous Allocation) (young)-- 41M->25M(64M), 0.0047293 secs]
Application time: 0.2674383 seconds
[GC pause (G1 Humongous Allocation) (mixed)-- 41M->25M(64M), 0.0044014 secs]
Application time: 0.3158106 seconds
[GC pause (G1 Humongous Allocation) (mixed)-- 41M->25M(64M), 0.0050834 secs]
Application time: 0.2535579 seconds
[GC pause (G1 Humongous Allocation) (mixed)-- 41M->25M(64M), 0.0048772 secs]
Application time: 0.2492097 seconds
[GC pause (G1 Humongous Allocation) (mixed)-- 41M->25M(64M), 0.0046209 secs]
Application time: 0.0009569 seconds
[GC pause (G1 Humongous Allocation) (young) (initial-mark) 25M->25M(64M), 0.0010186 secs]
[GC concurrent-root-region-scan-start]
[GC concurrent-root-region-scan-end, 0.0000049 secs]
[GC concurrent-mark-start]
[GC concurrent-mark-end, 0.0042489 secs]
Application time: 0.0042849 seconds
[GC remark, 0.0031345 secs]
Application time: 0.0000986 seconds
[GC cleanup 27M->26M(64M), 0.0002018 secs]
[GC concurrent-cleanup-start]
[GC concurrent-cleanup-end, 0.0000177 secs]
Application time: 0.1527588 seconds
[GC pause (G1 Humongous Allocation) (young)-- 43M->25M(64M), 0.0049693 secs]
Application time: 0.0128531 seconds
[GC pause (G1 Humongous Allocation) (mixed)-- 42M->25M(64M), 0.0037119 secs]
Application time: 0.0115948 seconds
[GC pause (G1 Humongous Allocation) (mixed)-- 42M->25M(64M), 0.0043417 secs]
Application time: 0.0119828 seconds
[GC pause (G1 Humongous Allocation) (mixed)-- 42M->25M(64M), 0.0045959 secs]
Application time: 0.0059582 seconds
[GC pause (G1 Humongous Allocation) (mixed)-- 42M->25M(64M), 0.0045051 secs]
Application time: 0.0002882 seconds
[GC pause (G1 Humongous Allocation) (young) (initial-mark) 26M->25M(64M), 0.0010376 secs]
[GC concurrent-root-region-scan-start]
[GC concurrent-root-region-scan-end, 0.0000196 secs]
[GC concurrent-mark-start]
[GC concurrent-mark-end, 0.0042492 secs]
Application time: 0.0043389 seconds
[GC remark, 0.0033220 secs]
Application time: 0.0000529 seconds
[GC cleanup 36M->35M(64M), 0.0002343 secs]
[GC concurrent-cleanup-start]
[GC concurrent-cleanup-end, 0.0000113 secs]
Application time: 0.1348232 seconds
[GC pause (G1 Humongous Allocation) (young)-- 42M->25M(64M), 0.0047513 secs]
Application time: 0.2741550 seconds
[GC pause (G1 Humongous Allocation) (mixed)-- 41M->25M(64M), 0.0042885 secs]
Application time: 0.2560078 seconds
[GC pause (G1 Humongous Allocation) (mixed)-- 42M->26M(64M), 0.0041467 secs]
Application time: 0.0158649 seconds
[GC pause (G1 Humongous Allocation) (mixed)-- 41M->26M(64M), 0.0030965 secs]
Application time: 0.0091261 seconds
[GC pause (G1 Humongous Allocation) (mixed)-- 41M->26M(64M), 0.0026939 secs]
Application time: 0.0003634 seconds
[GC pause (G1 Humongous Allocation) (young) (initial-mark) 27M->26M(64M), 0.0007095 secs]
[GC concurrent-root-region-scan-start]
[GC concurrent-root-region-scan-end, 0.0000236 secs]
[GC concurrent-mark-start]
[GC concurrent-mark-end, 0.0043583 secs]
Application time: 0.0044294 seconds
[GC remark, 0.0038038 secs]
Application time: 0.0000357 seconds
[GC cleanup 30M->30M(64M), 0.0001549 secs]
[GC concurrent-cleanup-start]
[GC concurrent-cleanup-end, 0.0000097 secs]
Application time: 0.0095115 seconds
[GC pause (G1 Humongous Allocation) (young)-- 42M->26M(64M), 0.0035833 secs]
Application time: 0.0173290 seconds
[GC pause (G1 Humongous Allocation) (mixed)-- 42M->26M(64M), 0.0039970 secs]
Application time: 0.0059164 seconds
[GC pause (G1 Humongous Allocation) (mixed)-- 42M->26M(64M), 0.0042254 secs]
Application time: 0.2484389 seconds
[GC pause (G1 Humongous Allocation) (mixed)-- 42M->26M(64M), 0.0033145 secs]
Application time: 0.3546097 seconds
[GC pause (G1 Humongous Allocation) (mixed)-- 41M->26M(64M), 0.0037721 secs]
Application time: 0.0036702 seconds
[GC pause (G1 Humongous Allocation) (young) (initial-mark) 27M->26M(64M), 0.0007861 secs]
[GC concurrent-root-region-scan-start]
[GC concurrent-root-region-scan-end, 0.0000091 secs]
[GC concurrent-mark-start]
[GC concurrent-mark-end, 0.0039333 secs]
Application time: 0.0039863 seconds
[GC remark, 0.0032295 secs]
Application time: 0.0000612 seconds
[GC cleanup 27M->26M(64M), 0.0001983 secs]
[GC concurrent-cleanup-start]
[GC concurrent-cleanup-end, 0.0000131 secs]
Application time: 0.3417172 seconds
[GC pause (G1 Humongous Allocation) (young)-- 43M->26M(64M), 0.0041583 secs]
Application time: 0.2902352 seconds
[GC pause (G1 Humongous Allocation) (mixed)-- 42M->26M(64M), 0.0044295 secs]
Application time: 0.2999921 seconds
[GC pause (G1 Humongous Allocation) (mixed)-- 42M->26M(64M), 0.0044320 secs]
Application time: 0.2363626 seconds
[GC pause (G1 Humongous Allocation) (mixed)-- 41M->26M(64M), 0.0046625 secs]
Application time: 0.2356293 seconds
[GC pause (G1 Humongous Allocation) (mixed)-- 41M->26M(64M), 0.0042962 secs]
Application time: 0.0066827 seconds
[GC pause (G1 Humongous Allocation) (young) (initial-mark) 27M->26M(64M), 0.0008614 secs]
[GC concurrent-root-region-scan-start]
[GC concurrent-root-region-scan-end, 0.0000189 secs]
[GC concurrent-mark-start]
[GC concurrent-mark-end, 0.0039658 secs]
Application time: 0.0040271 seconds
[GC remark, 0.0029478 secs]
Application time: 0.0000571 seconds
[GC cleanup 27M->26M(64M), 0.0002149 secs]
[GC concurrent-cleanup-start]
[GC concurrent-cleanup-end, 0.0000153 secs]
Application time: 0.2331671 seconds
[GC pause (G1 Humongous Allocation) (young)-- 42M->24M(64M), 0.0044678 secs]
Application time: 0.0246410 seconds
[GC pause (G1 Humongous Allocation) (mixed)-- 42M->26M(64M), 0.0048696 secs]
Application time: 0.0055906 seconds
[GC pause (G1 Humongous Allocation) (mixed)-- 42M->26M(64M), 0.0035899 secs]
Application time: 0.0126563 seconds
[GC pause (G1 Humongous Allocation) (mixed)-- 42M->26M(64M), 0.0045304 secs]
Application time: 0.0087015 seconds
[GC pause (G1 Humongous Allocation) (mixed)-- 41M->26M(64M), 0.0041679 secs]
Application time: 0.0030620 seconds
[GC pause (G1 Humongous Allocation) (mixed)-- 40M->26M(64M), 0.0037239 secs]
Application time: 0.0002838 seconds
[GC pause (G1 Humongous Allocation) (young) (initial-mark) 27M->26M(64M), 0.0008735 secs]
[GC concurrent-root-region-scan-start]
[GC concurrent-root-region-scan-end, 0.0000086 secs]
[GC concurrent-mark-start]
[GC concurrent-mark-end, 0.0040558 secs]
Application time: 0.0041410 seconds
[GC remark, 0.0029376 secs]
Application time: 0.0000504 seconds
[GC cleanup 27M->27M(64M), 0.0002028 secs]
[GC concurrent-cleanup-start]
[GC concurrent-cleanup-end, 0.0000140 secs]
Application time: 0.1482848 seconds
[GC pause (G1 Humongous Allocation) (young)-- 41M->27M(64M), 0.0042849 secs]
Application time: 0.2453546 seconds
[GC pause (G1 Humongous Allocation) (mixed)-- 41M->27M(64M), 0.0038790 secs]
Application time: 0.2517445 seconds
[GC pause (G1 Humongous Allocation) (mixed)-- 41M->27M(64M), 0.0040604 secs]
Application time: 0.2644046 seconds
[GC pause (G1 Humongous Allocation) (mixed)-- 41M->27M(64M), 0.0040506 secs]
Application time: 0.0661726 seconds
[GC pause (G1 Humongous Allocation) (mixed)-- 41M->27M(64M), 0.0037640 secs]
Application time: 0.0080786 seconds
[GC pause (G1 Humongous Allocation) (mixed)-- 40M->28M(64M), 0.0030278 secs]
Application time: 0.0065179 seconds
[GC pause (G1 Humongous Allocation) (young) (initial-mark) 28M->28M(64M), 0.0009627 secs]
[GC concurrent-root-region-scan-start]
[GC concurrent-root-region-scan-end, 0.0000280 secs]
[GC concurrent-mark-start]
[GC concurrent-mark-end, 0.0041207 secs]
Application time: 0.0041354 seconds
[GC remark, 0.0036890 secs]
Application time: 0.0000626 seconds
[GC cleanup 39M->39M(64M), 0.0002163 secs]
[GC concurrent-cleanup-start]
[GC concurrent-cleanup-end, 0.0000132 secs]
Application time: 0.0045579 seconds
[GC pause (G1 Humongous Allocation) (young)-- 41M->27M(64M), 0.0030634 secs]
Application time: 0.0104852 seconds
[GC pause (G1 Humongous Allocation) (mixed)-- 41M->27M(64M), 0.0036901 secs]
Application time: 0.0093364 seconds
[GC pause (G1 Humongous Allocation) (mixed)-- 41M->27M(64M), 0.0035672 secs]
Application time: 0.0031836 seconds
[GC pause (G1 Humongous Allocation) (mixed)-- 40M->27M(64M), 0.0034737 secs]
Application time: 0.0234200 seconds
[GC pause (G1 Humongous Allocation) (mixed)-- 40M->27M(64M), 0.0036916 secs]
Application time: 0.2982302 seconds
[GC pause (G1 Humongous Allocation) (mixed)-- 39M->27M(64M), 0.0031895 secs]
Application time: 0.0240251 seconds
[GC pause (G1 Humongous Allocation) (young) (initial-mark) 28M->27M(64M), 0.0011599 secs]
[GC concurrent-root-region-scan-start]
[GC concurrent-root-region-scan-end, 0.0000326 secs]
[GC concurrent-mark-start]
[GC concurrent-mark-end, 0.0041075 secs]
Application time: 0.0041952 seconds
[GC remark, 0.0032550 secs]
Application time: 0.0000404 seconds
[GC cleanup 29M->29M(64M), 0.0002174 secs]
[GC concurrent-cleanup-start]
[GC concurrent-cleanup-end, 0.0000092 secs]
Application time: 0.2630120 seconds
[GC pause (G1 Humongous Allocation) (young)-- 40M->27M(64M), 0.0030426 secs]
Application time: 0.2490465 seconds
[GC pause (G1 Humongous Allocation) (mixed)-- 40M->28M(64M), 0.0039051 secs]
Application time: 0.2295197 seconds
[GC pause (G1 Humongous Allocation) (mixed)-- 41M->28M(64M), 0.0035349 secs]
Application time: 0.2478727 seconds
[GC pause (G1 Humongous Allocation) (mixed)-- 41M->28M(64M), 0.0033865 secs]
Application time: 0.2482846 seconds
[GC pause (G1 Humongous Allocation) (mixed)-- 40M->28M(64M), 0.0029525 secs]
Application time: 0.1892109 seconds
[GC pause (G1 Humongous Allocation) (mixed)-- 40M->28M(64M), 0.0031573 secs]
Application time: 0.0037466 seconds
[GC pause (G1 Humongous Allocation) (young) (initial-mark) 28M->28M(64M), 0.0005078 secs]
[GC concurrent-root-region-scan-start]
[GC concurrent-root-region-scan-end, 0.0000063 secs]
[GC concurrent-mark-start]
[GC concurrent-mark-end, 0.0038374 secs]
Application time: 0.0038403 seconds
[GC remark, 0.0025595 secs]
Application time: 0.0000338 seconds
[GC cleanup 28M->28M(64M), 0.0001710 secs]
[GC concurrent-cleanup-start]
[GC concurrent-cleanup-end, 0.0000074 secs]
Application time: 0.2375396 seconds
[GC pause (G1 Humongous Allocation) (young) 41M->28M(64M), 0.0031838 secs]
Application time: 0.0692634 seconds
[GC pause (G1 Humongous Allocation) (mixed)-- 41M->28M(64M), 0.0029935 secs]
Application time: 0.0130591 seconds
[GC pause (G1 Humongous Allocation) (mixed)-- 42M->27M(64M), 0.0025379 secs]
Application time: 0.0074490 seconds
[GC pause (G1 Humongous Allocation) (mixed)-- 41M->27M(64M), 0.0027729 secs]
Application time: 0.0105753 seconds
[GC pause (G1 Humongous Allocation) (mixed)-- 41M->27M(64M), 0.0030278 secs]
Application time: 0.0092001 seconds
[GC pause (G1 Humongous Allocation) (mixed)-- 40M->27M(64M), 0.0028165 secs]
Application time: 0.0001615 seconds
[GC pause (G1 Humongous Allocation) (young) (initial-mark) 28M->27M(64M), 0.0005638 secs]
[GC concurrent-root-region-scan-start]
[GC concurrent-root-region-scan-end, 0.0000137 secs]
[GC concurrent-mark-start]
Application time: 0.0037704 seconds
[GC concurrent-mark-end, 0.0038014 secs]
[GC pause (G1 Humongous Allocation) (young)-- 39M->28M(64M), 0.0026836 secs]
Application time: 0.0020097 seconds
[GC remark, 0.0024411 secs]
Application time: 0.0000459 seconds
[GC cleanup 28M->28M(64M), 0.0001754 secs]
[GC concurrent-cleanup-start]
[GC concurrent-cleanup-end, 0.0000139 secs]
Application time: 0.0187191 seconds
[GC pause (G1 Humongous Allocation) (young)-- 40M->27M(64M), 0.0029866 secs]
Application time: 0.2241695 seconds
[GC pause (G1 Humongous Allocation) (mixed)-- 40M->28M(64M), 0.0026892 secs]
Application time: 0.2345212 seconds
[GC pause (G1 Humongous Allocation) (mixed)-- 40M->28M(64M), 0.0025408 secs]
Application time: 0.2120678 seconds
[GC pause (G1 Humongous Allocation) (mixed)-- 39M->28M(64M), 0.0027093 secs]
Application time: 0.2236837 seconds
[GC pause (G1 Humongous Allocation) (mixed)-- 39M->28M(64M), 0.0028148 secs]
Application time: 0.2217074 seconds
[GC pause (G1 Humongous Allocation) (mixed)-- 38M->28M(64M), 0.0025717 secs]
Application time: 0.0001921 seconds
[GC pause (G1 Humongous Allocation) (young) (initial-mark) 29M->28M(64M), 0.0006908 secs]
[GC concurrent-root-region-scan-start]
[GC concurrent-root-region-scan-end, 0.0000060 secs]
[GC concurrent-mark-start]
[GC concurrent-mark-end, 0.0039230 secs]
Application time: 0.0039293 seconds
[GC remark, 0.0025943 secs]
Application time: 0.0000342 seconds
[GC cleanup 29M->28M(64M), 0.0001733 secs]
[GC concurrent-cleanup-start]
[GC concurrent-cleanup-end, 0.0000084 secs]
Application time: 0.1630688 seconds
[GC pause (G1 Humongous Allocation) (young)-- 40M->28M(64M), 0.0035796 secs]
Application time: 0.0135562 seconds
[GC pause (G1 Humongous Allocation) (mixed)-- 39M->28M(64M), 0.0027654 secs]
Application time: 0.0067638 seconds
[GC pause (G1 Humongous Allocation) (mixed)-- 41M->28M(64M), 0.0031641 secs]
Application time: 0.0091160 seconds
[GC pause (G1 Humongous Allocation) (mixed)-- 41M->28M(64M), 0.0034995 secs]
Application time: 0.0103696 seconds
[GC pause (G1 Humongous Allocation) (mixed)-- 40M->28M(64M), 0.0033955 secs]
Application time: 0.0066335 seconds
[GC pause (G1 Humongous Allocation) (mixed)-- 40M->28M(64M), 0.0033996 secs]
Application time: 0.0003102 seconds
[GC pause (G1 Humongous Allocation) (young) (initial-mark) 29M->28M(64M), 0.0009758 secs]
[GC concurrent-root-region-scan-start]
[GC concurrent-root-region-scan-end, 0.0000079 secs]
[GC concurrent-mark-start]
Application time: 0.0027370 seconds
[GC pause (G1 Humongous Allocation) (young)-- 39M->28M(64M), 0.0033350 secs]
[GC concurrent-mark-end, 0.0082396 secs]
Application time: 0.0021063 seconds
[GC remark, 0.0031034 secs]
Application time: 0.0000426 seconds
[GC cleanup 37M->37M(64M), 0.0002046 secs]
[GC concurrent-cleanup-start]
[GC concurrent-cleanup-end, 0.0000073 secs]
Application time: 0.0135099 seconds
[GC pause (G1 Humongous Allocation) (young)-- 40M->28M(64M), 0.0031905 secs]
Application time: 0.2804047 seconds
[GC pause (G1 Humongous Allocation) (mixed)-- 39M->28M(64M), 0.0033814 secs]
Application time: 0.2527890 seconds
[GC pause (G1 Humongous Allocation) (mixed)-- 41M->28M(64M), 0.0038164 secs]
Application time: 0.2926753 seconds
[GC pause (G1 Humongous Allocation) (mixed)-- 41M->28M(64M), 0.0041562 secs]
Application time: 0.2308051 seconds
[GC pause (G1 Humongous Allocation) (mixed)-- 40M->28M(64M), 0.0037429 secs]
Application time: 0.2233481 seconds
[GC pause (G1 Humongous Allocation) (mixed)-- 40M->29M(64M), 0.0030521 secs]
Application time: 0.0002281 seconds
[GC pause (G1 Humongous Allocation) (young) (initial-mark) 29M->29M(64M), 0.0005884 secs]
[GC concurrent-root-region-scan-start]
[GC concurrent-root-region-scan-end, 0.0000071 secs]
[GC concurrent-mark-start]
[GC concurrent-mark-end, 0.0045828 secs]
Application time: 0.0046654 seconds
[GC remark, 0.0026746 secs]
Application time: 0.0000347 seconds
[GC cleanup 29M->29M(64M), 0.0002158 secs]
[GC concurrent-cleanup-start]
[GC concurrent-cleanup-end, 0.0000078 secs]
Application time: 0.2786808 seconds
[GC pause (G1 Humongous Allocation) (young) 40M->28M(64M), 0.0029406 secs]
Application time: 0.2125358 seconds
[GC pause (G1 Humongous Allocation) (mixed)-- 40M->28M(64M), 0.0029020 secs]
Application time: 0.1943336 seconds
[GC pause (G1 Humongous Allocation) (mixed)-- 41M->27M(64M), 0.0034173 secs]
Application time: 0.0167082 seconds
[GC pause (G1 Humongous Allocation) (mixed)-- 41M->29M(64M), 0.0026380 secs]
Application time: 0.0072409 seconds
[GC pause (G1 Humongous Allocation) (mixed)-- 40M->29M(64M), 0.0022820 secs]
Application time: 0.0054136 seconds
[GC pause (G1 Humongous Allocation) (mixed)-- 39M->28M(64M), 0.0021157 secs]
Application time: 0.0015199 seconds
[GC pause (G1 Humongous Allocation) (young) (initial-mark) 29M->29M(64M), 0.0007674 secs]
[GC concurrent-root-region-scan-start]
[GC concurrent-root-region-scan-end, 0.0000111 secs]
[GC concurrent-mark-start]
[GC concurrent-mark-end, 0.0046675 secs]
Application time: 0.0047315 seconds
[GC remark, 0.0023420 secs]
Application time: 0.0000421 seconds
[GC cleanup 30M->29M(64M), 0.0001584 secs]
[GC concurrent-cleanup-start]
[GC concurrent-cleanup-end, 0.0000098 secs]
Application time: 0.0107725 seconds
[GC pause (G1 Humongous Allocation) (young) 41M->29M(64M), 0.0027663 secs]
Application time: 0.0088846 seconds
[GC pause (G1 Humongous Allocation) (mixed)-- 41M->29M(64M), 0.0027792 secs]
Application time: 0.0032601 seconds
[GC pause (G1 Humongous Allocation) (mixed)-- 41M->29M(64M), 0.0029749 secs]
Application time: 0.0028793 seconds
[GC pause (G1 Humongous Allocation) (mixed)-- 41M->29M(64M), 0.0026580 secs]
Application time: 0.1765952 seconds
[GC pause (G1 Humongous Allocation) (mixed)-- 41M->29M(64M), 0.0031090 secs]
Application time: 0.2512747 seconds
[GC pause (G1 Humongous Allocation) (mixed)-- 40M->29M(64M), 0.0036403 secs]
Application time: 0.0012871 seconds
[GC pause (G1 Humongous Allocation) (young) (initial-mark) 30M->29M(64M), 0.0010808 secs]
[GC concurrent-root-region-scan-start]
[GC concurrent-root-region-scan-end, 0.0000361 secs]
[GC concurrent-mark-start]
[GC concurrent-mark-end, 0.0045888 secs]
Application time: 0.0064223 seconds
[GC remark, 0.0030344 secs]
Application time: 0.0000562 seconds
[GC cleanup 30M->30M(64M), 0.0002519 secs]
[GC concurrent-cleanup-start]
[GC concurrent-cleanup-end, 0.0000148 secs]
Application time: 0.2014433 seconds
[GC pause (G1 Humongous Allocation) (young)-- 40M->29M(64M), 0.0032481 secs]
Application time: 0.2585068 seconds
[GC pause (G1 Humongous Allocation) (mixed)-- 40M->29M(64M), 0.0035312 secs]
Application time: 0.2166833 seconds
[GC pause (G1 Humongous Allocation) (mixed)-- 39M->29M(64M), 0.0033531 secs]
Application time: 0.1529453 seconds
[GC pause (G1 Humongous Allocation) (mixed)-- 39M->30M(64M), 0.0034487 secs]
Application time: 0.0082279 seconds
[GC pause (G1 Humongous Allocation) (mixed)-- 39M->30M(64M), 0.0023213 secs]
Application time: 0.0097193 seconds
[GC pause (G1 Humongous Allocation) (mixed)-- 39M->30M(64M), 0.0025711 secs]
Application time: 0.0014669 seconds
[GC pause (G1 Humongous Allocation) (young) (initial-mark) 30M->30M(64M), 0.0007823 secs]
[GC concurrent-root-region-scan-start]
[GC concurrent-root-region-scan-end, 0.0000252 secs]
[GC concurrent-mark-start]
[GC concurrent-mark-end, 0.0048475 secs]
Application time: 0.0048911 seconds
[GC pause (G1 Humongous Allocation) (young) 38M->30M(64M), 0.0020909 secs]
Application time: 0.0038961 seconds
[GC remark, 0.0031196 secs]
Application time: 0.0000589 seconds
[GC cleanup 30M->30M(64M), 0.0002197 secs]
[GC concurrent-cleanup-start]
[GC concurrent-cleanup-end, 0.0000162 secs]
Application time: 0.0076592 seconds
[GC pause (G1 Humongous Allocation) (young)-- 40M->29M(64M), 0.0030941 secs]
Application time: 0.0115344 seconds
[GC pause (G1 Humongous Allocation) (mixed)-- 40M->29M(64M), 0.0032991 secs]
Application time: 0.0084170 seconds
[GC pause (G1 Humongous Allocation) (mixed)-- 40M->29M(64M), 0.0032416 secs]
Application time: 0.0026378 seconds
[GC pause (G1 Humongous Allocation) (mixed)-- 39M->29M(64M), 0.0030215 secs]
Application time: 0.0021286 seconds
[GC pause (G1 Humongous Allocation) (mixed)-- 39M->29M(64M), 0.0029343 secs]
Application time: 0.0307965 seconds
[GC pause (G1 Humongous Allocation) (mixed)-- 38M->29M(64M), 0.0028960 secs]
Application time: 0.2225370 seconds
[GC pause (G1 Humongous Allocation) (mixed)-- 37M->30M(64M), 0.0026181 secs]
Application time: 0.0035170 seconds
[GC pause (G1 Humongous Allocation) (young) (initial-mark) 30M->30M(64M), 0.0008806 secs]
[GC concurrent-root-region-scan-start]
[GC concurrent-root-region-scan-end, 0.0000056 secs]
[GC concurrent-mark-start]
[GC concurrent-mark-end, 0.0045461 secs]
Application time: 0.0045573 seconds
[GC remark, 0.0032050 secs]
Application time: 0.0000320 seconds
[GC cleanup 30M->30M(64M), 0.0002375 secs]
[GC concurrent-cleanup-start]
[GC concurrent-cleanup-end, 0.0000115 secs]
Application time: 0.2283364 seconds
[GC pause (G1 Humongous Allocation) (young)-- 40M->29M(64M), 0.0029169 secs]
Application time: 0.2199847 seconds
[GC pause (G1 Humongous Allocation) (mixed)-- 39M->29M(64M), 0.0026256 secs]
Application time: 0.2646447 seconds
[GC pause (G1 Humongous Allocation) (mixed)-- 41M->29M(64M), 0.0035243 secs]
Application time: 0.2598533 seconds
[GC pause (G1 Humongous Allocation) (mixed)-- 41M->29M(64M), 0.0035914 secs]
Application time: 0.2068563 seconds
[GC pause (G1 Humongous Allocation) (mixed)-- 41M->29M(64M), 0.0035066 secs]
Application time: 0.2137056 seconds
[GC pause (G1 Humongous Allocation) (mixed)-- 40M->29M(64M), 0.0033903 secs]
Application time: 0.1893774 seconds
[GC pause (G1 Humongous Allocation) (mixed)-- 39M->30M(64M), 0.0034093 secs]
Application time: 0.0084710 seconds
[GC pause (G1 Humongous Allocation) (young) (initial-mark) 30M->30M(64M), 0.0012316 secs]
[GC concurrent-root-region-scan-start]
[GC concurrent-root-region-scan-end, 0.0000305 secs]
[GC concurrent-mark-start]
[GC concurrent-mark-end, 0.0046830 secs]
Application time: 0.0047034 seconds
[GC remark, 0.0030962 secs]
Application time: 0.0000395 seconds
[GC cleanup 31M->31M(64M), 0.0002048 secs]
[GC concurrent-cleanup-start]
[GC concurrent-cleanup-end, 0.0000107 secs]
Application time: 0.1829276 seconds
[GC pause (G1 Humongous Allocation) (young)-- 40M->29M(64M), 0.0034455 secs]
Application time: 0.1489198 seconds
[GC pause (G1 Humongous Allocation) (mixed)-- 40M->30M(64M), 0.0035807 secs]
Application time: 0.0934828 seconds
[GC pause (G1 Humongous Allocation) (mixed)-- 40M->30M(64M), 0.0033908 secs]
Application time: 0.0118371 seconds
[GC pause (G1 Humongous Allocation) (mixed)-- 39M->30M(64M), 0.0027423 secs]
Application time: 0.0053427 seconds
[GC pause (G1 Humongous Allocation) (mixed)-- 39M->30M(64M), 0.0024408 secs]
Application time: 0.0023704 seconds
[GC pause (G1 Humongous Allocation) (mixed)-- 38M->30M(64M), 0.0020232 secs]
Application time: 0.0068418 seconds
[GC pause (G1 Humongous Allocation) (mixed)-- 38M->30M(64M), 0.0025372 secs]
Application time: 0.0001466 seconds
[GC pause (G1 Humongous Allocation) (young) (initial-mark) 31M->30M(64M), 0.0009717 secs]
[GC concurrent-root-region-scan-start]
[GC concurrent-root-region-scan-end, 0.0000498 secs]
[GC concurrent-mark-start]
[GC concurrent-mark-end, 0.0049902 secs]
Application time: 0.0050956 seconds
[GC remark, 0.0029972 secs]
Application time: 0.0000446 seconds
[GC cleanup 31M->31M(64M), 0.0002285 secs]
[GC concurrent-cleanup-start]
[GC concurrent-cleanup-end, 0.0000140 secs]
Application time: 0.0087871 seconds
[GC pause (G1 Humongous Allocation) (young)-- 40M->29M(64M), 0.0032680 secs]
Application time: 0.0125445 seconds
[GC pause (G1 Humongous Allocation) (mixed)-- 40M->30M(64M), 0.0032215 secs]
Application time: 0.0040897 seconds
[GC pause (G1 Humongous Allocation) (mixed)-- 40M->30M(64M), 0.0034460 secs]
Application time: 0.0024789 seconds
[GC pause (G1 Humongous Allocation) (mixed)-- 40M->30M(64M), 0.0031914 secs]
Application time: 0.0483355 seconds
[GC pause (G1 Humongous Allocation) (mixed)-- 39M->29M(64M), 0.0033887 secs]
Application time: 0.1847899 seconds
[GC pause (G1 Humongous Allocation) (mixed)-- 38M->30M(64M), 0.0028936 secs]
Application time: 0.1839256 seconds
[GC pause (G1 Humongous Allocation) (mixed)-- 38M->30M(64M), 0.0030265 secs]
Application time: 0.0002485 seconds
[GC pause (G1 Humongous Allocation) (young) (initial-mark) 31M->30M(64M), 0.0010288 secs]
[GC concurrent-root-region-scan-start]
[GC concurrent-root-region-scan-end, 0.0000327 secs]
[GC concurrent-mark-start]
[GC concurrent-mark-end, 0.0048793 secs]
Application time: 0.0048989 seconds
[GC remark, 0.0031587 secs]
Application time: 0.0000323 seconds
[GC cleanup 32M->31M(64M), 0.0002167 secs]
[GC concurrent-cleanup-start]
[GC concurrent-cleanup-end, 0.0000094 secs]
Application time: 0.1985087 seconds
[GC pause (G1 Humongous Allocation) (young) 40M->30M(64M), 0.0028916 secs]
Application time: 0.2016497 seconds
[GC pause (G1 Humongous Allocation) (mixed)-- 40M->30M(64M), 0.0032894 secs]
Application time: 0.2184277 seconds
[GC pause (G1 Humongous Allocation) (mixed)-- 41M->29M(64M), 0.0036367 secs]
Application time: 0.0118396 seconds
[GC pause (G1 Humongous Allocation) (mixed)-- 40M->31M(64M), 0.0031372 secs]
Application time: 0.0080656 seconds
[GC pause (G1 Humongous Allocation) (mixed)-- 40M->31M(64M), 0.0023061 secs]
Application time: 0.0023754 seconds
[GC pause (G1 Humongous Allocation) (mixed)-- 39M->31M(64M), 0.0022720 secs]
Application time: 0.0058830 seconds
[GC pause (G1 Humongous Allocation) (mixed)-- 39M->31M(64M), 0.0026128 secs]
Application time: 0.0001680 seconds
[GC pause (G1 Humongous Allocation) (young) (initial-mark) 31M->31M(64M), 0.0010020 secs]
[GC concurrent-root-region-scan-start]
[GC concurrent-root-region-scan-end, 0.0000441 secs]
[GC concurrent-mark-start]
[GC concurrent-mark-end, 0.0046721 secs]
Application time: 0.0047717 seconds
[GC remark, 0.0029942 secs]
Application time: 0.0000342 seconds
[GC cleanup 36M->36M(64M), 0.0002133 secs]
[GC concurrent-cleanup-start]
[GC concurrent-cleanup-end, 0.0000099 secs]
Application time: 0.0037989 seconds
[GC pause (G1 Humongous Allocation) (young) 40M->30M(64M), 0.0029598 secs]
Application time: 0.0083380 seconds
[GC pause (G1 Humongous Allocation) (mixed)-- 41M->30M(64M), 0.0032016 secs]
Application time: 0.0037788 seconds
[GC pause (G1 Humongous Allocation) (mixed)-- 41M->30M(64M), 0.0031930 secs]
Application time: 0.0021938 seconds
[GC pause (G1 Humongous Allocation) (mixed)-- 40M->30M(64M), 0.0030025 secs]
Application time: 0.0313781 seconds
[GC pause (G1 Humongous Allocation) (mixed)-- 40M->30M(64M), 0.0035237 secs]
Application time: 0.2465237 seconds
[GC pause (G1 Humongous Allocation) (mixed)-- 40M->31M(64M), 0.0029060 secs]
Application time: 0.2064505 seconds
[GC pause (G1 Humongous Allocation) (mixed)-- 39M->31M(64M), 0.0026175 secs]
Application time: 0.0002446 seconds
[GC pause (G1 Humongous Allocation) (young) (initial-mark) 31M->31M(64M), 0.0007852 secs]
[GC concurrent-root-region-scan-start]
[GC concurrent-root-region-scan-end, 0.0000079 secs]
[GC concurrent-mark-start]
[GC concurrent-mark-end, 0.0046901 secs]
Application time: 0.0047462 seconds
[GC remark, 0.0030487 secs]
Application time: 0.0000318 seconds
[GC cleanup 31M->31M(64M), 0.0002172 secs]
[GC concurrent-cleanup-start]
[GC concurrent-cleanup-end, 0.0000087 secs]
Application time: 0.2690578 seconds
[GC pause (G1 Humongous Allocation) (young)-- 40M->30M(64M), 0.0029823 secs]
Application time: 0.1721569 seconds
[GC pause (G1 Humongous Allocation) (mixed)-- 40M->31M(64M), 0.0030673 secs]
Application time: 0.2187286 seconds
[GC pause (G1 Humongous Allocation) (mixed)-- 40M->31M(64M), 0.0030381 secs]
Application time: 0.2005904 seconds
[GC pause (G1 Humongous Allocation) (mixed)-- 40M->31M(64M), 0.0031080 secs]
Application time: 0.1507315 seconds
[GC pause (G1 Humongous Allocation) (mixed)-- 40M->31M(64M), 0.0031573 secs]
Application time: 0.1874572 seconds
[GC pause (G1 Humongous Allocation) (mixed)-- 39M->31M(64M), 0.0027062 secs]
Application time: 0.0914179 seconds
[GC pause (G1 Humongous Allocation) (mixed)-- 39M->31M(64M), 0.0028509 secs]
Application time: 0.0459379 seconds
[GC pause (G1 Humongous Allocation) (young) (initial-mark) 32M->31M(64M), 0.0011900 secs]
[GC concurrent-root-region-scan-start]
[GC concurrent-root-region-scan-end, 0.0000060 secs]
[GC concurrent-mark-start]
[GC concurrent-mark-end, 0.0044805 secs]
Application time: 0.0045303 seconds
[GC remark, 0.0030205 secs]
Application time: 0.0000352 seconds
[GC cleanup 33M->33M(64M), 0.0002206 secs]
[GC concurrent-cleanup-start]
[GC concurrent-cleanup-end, 0.0000100 secs]
Application time: 0.1338340 seconds
[GC pause (G1 Humongous Allocation) (young) 40M->31M(64M), 0.0030404 secs]
Application time: 0.1471534 seconds
[GC pause (G1 Humongous Allocation) (mixed)-- 40M->31M(64M), 0.0035702 secs]
Application time: 0.1320099 seconds
[GC pause (G1 Humongous Allocation) (mixed)-- 40M->31M(64M), 0.0031724 secs]
Application time: 0.1494626 seconds
[GC pause (G1 Humongous Allocation) (mixed)-- 40M->31M(64M), 0.0034155 secs]
Application time: 0.0114394 seconds
[GC pause (G1 Humongous Allocation) (mixed)-- 40M->31M(64M), 0.0025726 secs]
Application time: 0.0081866 seconds
[GC pause (G1 Humongous Allocation) (mixed)-- 39M->31M(64M), 0.0020651 secs]
Application time: 0.0020497 seconds
[GC pause (G1 Humongous Allocation) (mixed)-- 38M->31M(64M), 0.0019470 secs]
Application time: 0.0004192 seconds
[GC pause (G1 Humongous Allocation) (young) (initial-mark) 32M->31M(64M), 0.0011215 secs]
[GC concurrent-root-region-scan-start]
[GC concurrent-root-region-scan-end, 0.0000345 secs]
[GC concurrent-mark-start]
Application time: 0.0023174 seconds
[GC pause (G1 Humongous Allocation) (young) 38M->31M(64M), 0.0018045 secs]
[GC concurrent-mark-end, 0.0060862 secs]
Application time: 0.0019234 seconds
[GC remark, 0.0033321 secs]
Application time: 0.0000371 seconds
[GC cleanup 34M->34M(64M), 0.0002234 secs]
[GC concurrent-cleanup-start]
[GC concurrent-cleanup-end, 0.0000094 secs]
Application time: 0.0084067 seconds
[GC pause (G1 Humongous Allocation) (young)-- 41M->31M(64M), 0.0028928 secs]
Application time: 0.0084422 seconds
[GC pause (G1 Humongous Allocation) (mixed)-- 40M->31M(64M), 0.0028523 secs]
Application time: 0.0068026 seconds
[GC pause (G1 Humongous Allocation) (mixed)-- 41M->30M(64M), 0.0031486 secs]
Application time: 0.0029769 seconds
[GC pause (G1 Humongous Allocation) (mixed)-- 40M->31M(64M), 0.0027829 secs]
Application time: 0.0020600 seconds
[GC pause (G1 Humongous Allocation) (mixed)-- 40M->31M(64M), 0.0026557 secs]
Application time: 0.0019481 seconds
[GC pause (G1 Humongous Allocation) (mixed)-- 39M->31M(64M), 0.0024214 secs]
Application time: 0.1247939 seconds
[GC pause (G1 Humongous Allocation) (mixed)-- 39M->31M(64M), 0.0029424 secs]
Application time: 0.0210526 seconds
[GC pause (G1 Humongous Allocation) (young) (initial-mark) 32M->31M(64M), 0.0010704 secs]
[GC concurrent-root-region-scan-start]
[GC concurrent-root-region-scan-end, 0.0000436 secs]
[GC concurrent-mark-start]
[GC concurrent-mark-end, 0.0039983 secs]
Application time: 0.0040946 seconds
[GC remark, 0.0032142 secs]
Application time: 0.0000357 seconds
[GC cleanup 33M->33M(64M), 0.0002423 secs]
[GC concurrent-cleanup-start]
[GC concurrent-cleanup-end, 0.0000088 secs]
Application time: 0.1326760 seconds
[GC pause (G1 Humongous Allocation) (young) 39M->31M(64M), 0.0022704 secs]
Application time: 0.1526943 seconds
[GC pause (G1 Humongous Allocation) (mixed)-- 40M->31M(64M), 0.0028489 secs]
Application time: 0.1243712 seconds
[GC pause (G1 Humongous Allocation) (mixed)-- 39M->31M(64M), 0.0024834 secs]
Application time: 0.1810274 seconds
[GC pause (G1 Humongous Allocation) (mixed)-- 39M->31M(64M), 0.0027156 secs]
Application time: 0.0966999 seconds
[GC pause (G1 Humongous Allocation) (mixed)-- 40M->32M(64M), 0.0029463 secs]
Application time: 0.0082602 seconds
[GC pause (G1 Humongous Allocation) (mixed)-- 39M->32M(64M), 0.0018713 secs]
Application time: 0.0065932 seconds
[GC pause (G1 Humongous Allocation) (mixed)-- 38M->32M(64M), 0.0016109 secs]
Application time: 0.0014906 seconds
[GC pause (G1 Humongous Allocation) (young) (initial-mark) 33M->32M(64M), 0.0008676 secs]
[GC concurrent-root-region-scan-start]
[GC concurrent-root-region-scan-end, 0.0000264 secs]
[GC concurrent-mark-start]
Application time: 0.0032467 seconds
[GC pause (G1 Humongous Allocation) (young)-- 38M->32M(64M), 0.0016081 secs]
[GC concurrent-mark-end, 0.0056987 secs]
Application time: 0.0007906 seconds
[GC remark, 0.0032404 secs]
Application time: 0.0000755 seconds
[GC cleanup 35M->35M(64M), 0.0002141 secs]
[GC concurrent-cleanup-start]
[GC concurrent-cleanup-end, 0.0000138 secs]
Application time: 0.0025009 seconds
[GC pause (G1 Humongous Allocation) (young)-- 40M->32M(64M), 0.0020771 secs]
Application time: 0.0054259 seconds
[GC pause (G1 Humongous Allocation) (mixed)-- 39M->32M(64M), 0.0021681 secs]
Application time: 0.0066313 seconds
[GC pause (G1 Humongous Allocation) (mixed)-- 39M->32M(64M), 0.0024541 secs]
Application time: 0.0051023 seconds
[GC pause (G1 Humongous Allocation) (mixed)-- 39M->32M(64M), 0.0024763 secs]
Application time: 0.0034787 seconds
[GC pause (G1 Humongous Allocation) (mixed)-- 38M->32M(64M), 0.0019415 secs]
Application time: 0.0041474 seconds
[GC pause (G1 Humongous Allocation) (mixed)-- 38M->32M(64M), 0.0021489 secs]
Application time: 0.0013977 seconds
[GC pause (G1 Humongous Allocation) (mixed)-- 37M->32M(64M), 0.0020806 secs]
Application time: 0.0001447 seconds
[GC pause (G1 Humongous Allocation) (young) (initial-mark) 33M->32M(64M), 0.0007153 secs]
[GC concurrent-root-region-scan-start]
[GC concurrent-root-region-scan-end, 0.0000096 secs]
[GC concurrent-mark-start]
Application time: 0.0013463 seconds
[GC pause (G1 Humongous Allocation) (young) 37M->32M(64M), 0.0018325 secs]
Application time: 0.0010671 seconds
[GC pause (G1 Humongous Allocation) (young)-- 37M->32M(64M), 0.0017684 secs]
Application time: 0.0009798 seconds
[GC pause (G1 Humongous Allocation) (young)-- 36M->32M(64M), 0.0015856 secs]
[GC concurrent-mark-end, 0.0096607 secs]
Application time: 0.0007980 seconds
[GC remark, 0.0034558 secs]
Application time: 0.0063589 seconds
[GC cleanup 35M->35M(64M), 0.0001998 secs]
[GC concurrent-cleanup-start]
[GC concurrent-cleanup-end, 0.0000277 secs]
Application time: 0.0702495 seconds
[GC pause (G1 Humongous Allocation) (young)-- 38M->32M(64M), 0.0018192 secs]
Application time: 0.1402370 seconds
[GC pause (G1 Humongous Allocation) (mixed)-- 38M->32M(64M), 0.0019520 secs]
Application time: 0.1358917 seconds
[GC pause (G1 Humongous Allocation) (mixed)-- 39M->32M(64M), 0.0018416 secs]
Application time: 0.1836167 seconds
[GC pause (G1 Humongous Allocation) (mixed)-- 39M->32M(64M), 0.0019083 secs]
Application time: 0.1866047 seconds
[GC pause (G1 Humongous Allocation) (mixed)-- 39M->32M(64M), 0.0021147 secs]
Application time: 0.0997714 seconds
[GC pause (G1 Humongous Allocation) (mixed)-- 38M->32M(64M), 0.0016147 secs]
Application time: 0.1474567 seconds
[GC pause (G1 Humongous Allocation) (mixed)-- 38M->32M(64M), 0.0019494 secs]
Application time: 0.0001334 seconds
[GC pause (G1 Humongous Allocation) (young) (initial-mark) 33M->32M(64M), 0.0007176 secs]
[GC concurrent-root-region-scan-start]
[GC concurrent-root-region-scan-end, 0.0000374 secs]
[GC concurrent-mark-start]
[GC concurrent-mark-end, 0.0039642 secs]
Application time: 0.0040516 seconds
[GC remark, 0.0024906 secs]
Application time: 0.0000407 seconds
[GC cleanup 34M->34M(64M), 0.0002371 secs]
[GC concurrent-cleanup-start]
[GC concurrent-cleanup-end, 0.0000109 secs]
Application time: 0.1239740 seconds
[GC pause (G1 Humongous Allocation) (young)-- 39M->32M(64M), 0.0018021 secs]
Application time: 0.1237588 seconds
[GC pause (G1 Humongous Allocation) (mixed)-- 39M->32M(64M), 0.0017535 secs]
Application time: 0.1237399 seconds
[GC pause (G1 Humongous Allocation) (mixed)-- 38M->32M(64M), 0.0016046 secs]
Application time: 0.1231138 seconds
[GC pause (G1 Humongous Allocation) (mixed)-- 38M->32M(64M), 0.0018824 secs]
Application time: 0.0948041 seconds
[GC pause (G1 Humongous Allocation) (mixed)-- 38M->32M(64M), 0.0014390 secs]
Application time: 0.0881698 seconds
[GC pause (G1 Humongous Allocation) (mixed)-- 38M->32M(64M), 0.0015935 secs]
Application time: 0.1162351 seconds
[GC pause (G1 Humongous Allocation) (mixed)-- 38M->32M(64M), 0.0014634 secs]
Application time: 0.0245592 seconds
[GC pause (G1 Humongous Allocation) (young) (initial-mark) 33M->32M(64M), 0.0006844 secs]
[GC concurrent-root-region-scan-start]
[GC concurrent-root-region-scan-end, 0.0000273 secs]
[GC concurrent-mark-start]
[GC concurrent-mark-end, 0.0036131 secs]
Application time: 0.0091584 seconds
[GC remark, 0.0025092 secs]
Application time: 0.0000541 seconds
[GC cleanup 34M->34M(64M), 0.0001671 secs]
[GC concurrent-cleanup-start]
[GC concurrent-cleanup-end, 0.0000093 secs]
Application time: 0.1207197 seconds
[GC pause (G1 Humongous Allocation) (young)-- 38M->32M(64M), 0.0019384 secs]
Application time: 0.0738149 seconds
[GC pause (G1 Humongous Allocation) (mixed)-- 38M->32M(64M), 0.0017182 secs]
Application time: 0.1122936 seconds
[GC pause (G1 Humongous Allocation) (mixed)-- 39M->32M(64M), 0.0019002 secs]
Application time: 0.1112545 seconds
[GC pause (G1 Humongous Allocation) (mixed)-- 38M->32M(64M), 0.0016634 secs]
Application time: 0.0204233 seconds
[GC pause (G1 Humongous Allocation) (mixed)-- 38M->33M(64M), 0.0024560 secs]
Application time: 0.0052239 seconds
[GC pause (G1 Humongous Allocation) (mixed)-- 38M->33M(64M), 0.0012044 secs]
Application time: 0.0064438 seconds
[GC pause (G1 Humongous Allocation) (mixed)-- 38M->33M(64M), 0.0013173 secs]
Application time: 0.0002020 seconds
[GC pause (G1 Humongous Allocation) (young) (initial-mark) 33M->33M(64M), 0.0005915 secs]
[GC concurrent-root-region-scan-start]
[GC concurrent-root-region-scan-end, 0.0000070 secs]
[GC concurrent-mark-start]
[GC concurrent-mark-end, 0.0041133 secs]
Application time: 0.0041845 seconds
[GC remark, 0.0026222 secs]
Application time: 0.0000440 seconds
[GC cleanup 33M->33M(64M), 0.0002467 secs]
[GC concurrent-cleanup-start]
[GC concurrent-cleanup-end, 0.0000104 secs]
Application time: 0.0076653 seconds
[GC pause (G1 Humongous Allocation) (young)-- 41M->32M(64M), 0.0017186 secs]
Application time: 0.0041590 seconds
[GC pause (G1 Humongous Allocation) (mixed)-- 40M->32M(64M), 0.0016788 secs]
Application time: 0.0052818 seconds
[GC pause (G1 Humongous Allocation) (mixed)-- 39M->32M(64M), 0.0017333 secs]
Application time: 0.0052042 seconds
[GC pause (G1 Humongous Allocation) (mixed)-- 39M->32M(64M), 0.0017150 secs]
Application time: 0.0051063 seconds
[GC pause (G1 Humongous Allocation) (mixed)-- 38M->32M(64M), 0.0014975 secs]
Application time: 0.0036986 seconds
[GC pause (G1 Humongous Allocation) (mixed)-- 38M->32M(64M), 0.0015227 secs]
Application time: 0.0051236 seconds
[GC pause (G1 Humongous Allocation) (mixed)-- 38M->32M(64M), 0.0016623 secs]
Application time: 0.0002374 seconds
[GC pause (G1 Humongous Allocation) (young) (initial-mark) 33M->32M(64M), 0.0004792 secs]
[GC concurrent-root-region-scan-start]
[GC concurrent-root-region-scan-end, 0.0001051 secs]
[GC concurrent-mark-start]
Application time: 0.0011000 seconds
[GC pause (G1 Humongous Allocation) (young)-- 37M->32M(64M), 0.0012451 secs]
Application time: 0.0010446 seconds
[GC pause (G1 Humongous Allocation) (young) 37M->32M(64M), 0.0012638 secs]
Application time: 0.0010723 seconds
[GC pause (G1 Humongous Allocation) (young) 37M->32M(64M), 0.0012648 secs]
[GC concurrent-mark-end, 0.0082289 secs]
Application time: 0.0011471 seconds
[GC pause (G1 Humongous Allocation) (young) 37M->32M(64M), 0.0012058 secs]
Application time: 0.0000445 seconds
[GC remark, 0.0025524 secs]
Application time: 0.0000343 seconds
[GC cleanup 33M->33M(64M), 0.0001834 secs]
[GC concurrent-cleanup-start]
[GC concurrent-cleanup-end, 0.0000084 secs]
Application time: 0.0020753 seconds
[GC pause (G1 Humongous Allocation) (young) 39M->32M(64M), 0.0018205 secs]
Application time: 0.0760498 seconds
[GC pause (G1 Humongous Allocation) (mixed)-- 39M->32M(64M), 0.0019316 secs]
Application time: 0.1504052 seconds
[GC pause (G1 Humongous Allocation) (mixed)-- 39M->32M(64M), 0.0018309 secs]
Application time: 0.0870926 seconds
[GC pause (G1 Humongous Allocation) (mixed)-- 39M->33M(64M), 0.0019799 secs]
Application time: 0.1277850 seconds
[GC pause (G1 Humongous Allocation) (mixed)-- 38M->33M(64M), 0.0019453 secs]
Application time: 0.1401579 seconds
[GC pause (G1 Humongous Allocation) (mixed)-- 38M->33M(64M), 0.0019991 secs]
Application time: 0.0909592 seconds
[GC pause (G1 Humongous Allocation) (mixed)-- 38M->33M(64M), 0.0014812 secs]
Application time: 0.0001608 seconds
[GC pause (G1 Humongous Allocation) (young) (initial-mark) 33M->33M(64M), 0.0008346 secs]
[GC concurrent-root-region-scan-start]
[GC concurrent-root-region-scan-end, 0.0000264 secs]
[GC concurrent-mark-start]
[GC concurrent-mark-end, 0.0040505 secs]
Application time: 0.0041365 seconds
[GC remark, 0.0027060 secs]
Application time: 0.0000374 seconds
[GC cleanup 34M->34M(64M), 0.0001953 secs]
[GC concurrent-cleanup-start]
[GC concurrent-cleanup-end, 0.0000087 secs]
Application time: 0.1440556 seconds
[GC pause (G1 Humongous Allocation) (young) 39M->32M(64M), 0.0016518 secs]
Application time: 0.1355171 seconds
[GC pause (G1 Humongous Allocation) (mixed)-- 39M->33M(64M), 0.0018788 secs]
Application time: 0.0869276 seconds
[GC pause (G1 Humongous Allocation) (mixed)-- 39M->33M(64M), 0.0016972 secs]
Application time: 0.0734425 seconds
[GC pause (G1 Humongous Allocation) (mixed)-- 39M->33M(64M), 0.0023086 secs]
Application time: 0.0041879 seconds
[GC pause (G1 Humongous Allocation) (mixed)-- 39M->33M(64M), 0.0014319 secs]
Application time: 0.0089929 seconds
[GC pause (G1 Humongous Allocation) (mixed)-- 38M->33M(64M), 0.0011423 secs]
Application time: 0.0052706 seconds
[GC pause (G1 Humongous Allocation) (mixed)-- 38M->33M(64M), 0.0013313 secs]
Application time: 0.0001712 seconds
[GC pause (G1 Humongous Allocation) (young) (initial-mark) 34M->33M(64M), 0.0005225 secs]
[GC concurrent-root-region-scan-start]
[GC concurrent-root-region-scan-end, 0.0000072 secs]
[GC concurrent-mark-start]
Application time: 0.0012904 seconds
[GC pause (G1 Humongous Allocation) (young) 37M->33M(64M), 0.0010758 secs]
Application time: 0.0012859 seconds
[GC pause (G1 Humongous Allocation) (young) 37M->33M(64M), 0.0010120 secs]
Application time: 0.0012806 seconds
[GC pause (G1 Humongous Allocation) (young) 37M->33M(64M), 0.0010046 secs]
[GC concurrent-mark-end, 0.0075326 secs]
Application time: 0.0003061 seconds
[GC remark, 0.0027092 secs]
Application time: 0.0000338 seconds
[GC cleanup 34M->34M(64M), 0.0001797 secs]
[GC concurrent-cleanup-start]
[GC concurrent-cleanup-end, 0.0000081 secs]
Application time: 0.0065552 seconds
[GC pause (G1 Humongous Allocation) (young)-- 39M->33M(64M), 0.0018478 secs]
Application time: 0.0043302 seconds
[GC pause (G1 Humongous Allocation) (mixed)-- 39M->33M(64M), 0.0014584 secs]
Application time: 0.0052761 seconds
[GC pause (G1 Humongous Allocation) (mixed)-- 39M->33M(64M), 0.0018535 secs]
Application time: 0.0052402 seconds
[GC pause (G1 Humongous Allocation) (mixed)-- 39M->33M(64M), 0.0017424 secs]
Application time: 0.0041025 seconds
[GC pause (G1 Humongous Allocation) (mixed)-- 39M->33M(64M), 0.0016945 secs]
Application time: 0.0014514 seconds
[GC pause (G1 Humongous Allocation) (mixed)-- 39M->33M(64M), 0.0017247 secs]
Application time: 0.0011649 seconds
[GC pause (G1 Humongous Allocation) (mixed)-- 38M->33M(64M), 0.0013199 secs]
Application time: 0.0013034 seconds
[GC pause (G1 Humongous Allocation) (mixed)-- 38M->33M(64M), 0.0014746 secs]
Application time: 0.0001524 seconds
[GC pause (G1 Humongous Allocation) (young) (initial-mark) 34M->33M(64M), 0.0006763 secs]
[GC concurrent-root-region-scan-start]
[GC concurrent-root-region-scan-end, 0.0000293 secs]
[GC concurrent-mark-start]
Application time: 0.0010854 seconds
[GC pause (G1 Humongous Allocation) (young)-- 37M->33M(64M), 0.0011994 secs]
[GC concurrent-mark-end, 0.0052053 secs]
Application time: 0.0028884 seconds
[GC remark, 0.0026476 secs]
Application time: 0.0000398 seconds
[GC cleanup 37M->37M(64M), 0.0001813 secs]
[GC concurrent-cleanup-start]
[GC concurrent-cleanup-end, 0.0000063 secs]
Application time: 0.0232953 seconds
[GC pause (G1 Humongous Allocation) (young)-- 38M->32M(64M), 0.0014163 secs]
Application time: 0.1317768 seconds
[GC pause (G1 Humongous Allocation) (mixed)-- 37M->33M(64M), 0.0014833 secs]
Application time: 0.1183611 seconds
[GC pause (G1 Humongous Allocation) (mixed)-- 37M->33M(64M), 0.0012652 secs]
Application time: 0.0759508 seconds
[GC pause (G1 Humongous Allocation) (mixed)-- 37M->33M(64M), 0.0010788 secs]
Application time: 0.0778696 seconds
[GC pause (G1 Humongous Allocation) (mixed)-- 37M->33M(64M), 0.0012794 secs]
Application time: 0.0701407 seconds
[GC pause (G1 Humongous Allocation) (mixed)-- 36M->33M(64M), 0.0010329 secs]
Application time: 0.0553487 seconds
[GC pause (G1 Humongous Allocation) (mixed)-- 36M->33M(64M), 0.0011305 secs]
Application time: 0.0206591 seconds
[GC pause (G1 Humongous Allocation) (mixed)-- 35M->34M(64M), 0.0009251 secs]
Application time: 0.0001808 seconds
[GC pause (G1 Humongous Allocation) (young) (initial-mark) 34M->34M(64M), 0.0004805 secs]
[GC concurrent-root-region-scan-start]
[GC concurrent-root-region-scan-end, 0.0000092 secs]
[GC concurrent-mark-start]
[GC concurrent-mark-end, 0.0039019 secs]
Application time: 0.0039480 seconds
[GC remark, 0.0025323 secs]
Application time: 0.0000452 seconds
[GC cleanup 34M->34M(64M), 0.0002170 secs]
[GC concurrent-cleanup-start]
[GC concurrent-cleanup-end, 0.0000182 secs]
Application time: 0.1436284 seconds
[GC pause (G1 Humongous Allocation) (young) 40M->33M(64M), 0.0018908 secs]
Application time: 0.1485721 seconds
[GC pause (G1 Humongous Allocation) (mixed)-- 40M->33M(64M), 0.0019604 secs]
Application time: 0.1296948 seconds
[GC pause (G1 Humongous Allocation) (mixed)-- 39M->33M(64M), 0.0017582 secs]
Application time: 0.1253612 seconds
[GC pause (G1 Humongous Allocation) (mixed)-- 39M->33M(64M), 0.0020887 secs]
Application time: 0.1139657 seconds
[GC pause (G1 Humongous Allocation) (mixed)-- 39M->33M(64M), 0.0018274 secs]
Application time: 0.0776000 seconds
[GC pause (G1 Humongous Allocation) (mixed)-- 38M->33M(64M), 0.0016516 secs]
Application time: 0.0706538 seconds
[GC pause (G1 Humongous Allocation) (mixed)-- 38M->33M(64M), 0.0012634 secs]
Application time: 0.0600324 seconds
[GC pause (G1 Humongous Allocation) (young) (initial-mark) 34M->33M(64M), 0.0009500 secs]
[GC concurrent-root-region-scan-start]
[GC concurrent-root-region-scan-end, 0.0000258 secs]
[GC concurrent-mark-start]
[GC concurrent-mark-end, 0.0045824 secs]
Application time: 0.0046672 seconds
[GC remark, 0.0027123 secs]
Application time: 0.0014252 seconds
[GC cleanup 33M->33M(64M), 0.0001663 secs]
[GC concurrent-cleanup-start]
[GC concurrent-cleanup-end, 0.0000190 secs]
Application time: 0.0819670 seconds
[GC pause (G1 Humongous Allocation) (young) 38M->33M(64M), 0.0013505 secs]
Application time: 0.0765686 seconds
[GC pause (G1 Humongous Allocation) (mixed)-- 39M->32M(64M), 0.0017085 secs]
Application time: 0.1532356 seconds
[GC pause (G1 Humongous Allocation) (mixed)-- 39M->33M(64M), 0.0027254 secs]
Application time: 0.1134104 seconds
[GC pause (G1 Humongous Allocation) (mixed)-- 39M->33M(64M), 0.0020891 secs]
Application time: 0.1184465 seconds
[GC pause (G1 Humongous Allocation) (mixed)-- 39M->33M(64M), 0.0020987 secs]
Application time: 0.0797615 seconds
[GC pause (G1 Humongous Allocation) (mixed)-- 39M->33M(64M), 0.0026474 secs]
Application time: 0.1418929 seconds
[GC pause (G1 Humongous Allocation) (mixed)-- 39M->33M(64M), 0.0026975 secs]
Application time: 0.0745389 seconds
[GC pause (G1 Humongous Allocation) (mixed)-- 39M->32M(64M), 0.0025117 secs]
Application time: 0.0002255 seconds
[GC pause (G1 Humongous Allocation) (young) (initial-mark) 33M->32M(64M), 0.0007625 secs]
[GC concurrent-root-region-scan-start]
[GC concurrent-root-region-scan-end, 0.0000098 secs]
[GC concurrent-mark-start]
[GC concurrent-mark-end, 0.0050293 secs]
Application time: 0.0050971 seconds
[GC remark, 0.0032224 secs]
Application time: 0.0000328 seconds
[GC cleanup 32M->32M(64M), 0.0002371 secs]
[GC concurrent-cleanup-start]
[GC concurrent-cleanup-end, 0.0000099 secs]
Application time: 0.0286445 seconds
[GC pause (G1 Humongous Allocation) (young)-- 40M->34M(64M), 0.0030542 secs]
Application time: 0.0088622 seconds
[GC pause (G1 Humongous Allocation) (mixed)-- 40M->33M(64M), 0.0020541 secs]
Application time: 0.0045306 seconds
[GC pause (G1 Humongous Allocation) (mixed)-- 40M->34M(64M), 0.0018642 secs]
Application time: 0.0017016 seconds
[GC pause (G1 Humongous Allocation) (mixed)-- 39M->34M(64M), 0.0017950 secs]
Application time: 0.0016771 seconds
[GC pause (G1 Humongous Allocation) (mixed)-- 39M->34M(64M), 0.0018119 secs]
Application time: 0.0047861 seconds
[GC pause (G1 Humongous Allocation) (mixed)-- 39M->34M(64M), 0.0019642 secs]
Application time: 0.0050645 seconds
[GC pause (G1 Humongous Allocation) (mixed)-- 38M->34M(64M), 0.0020458 secs]
Application time: 0.0001506 seconds
[GC pause (G1 Humongous Allocation) (young) (initial-mark) 34M->34M(64M), 0.0010127 secs]
[GC concurrent-root-region-scan-start]
[GC concurrent-root-region-scan-end, 0.0000223 secs]
[GC concurrent-mark-start]
Application time: 0.0035655 seconds
[GC pause (G1 Humongous Allocation) (young)-- 38M->34M(64M), 0.0017551 secs]
[GC concurrent-mark-end, 0.0064092 secs]
Application time: 0.0010248 seconds
[GC remark, 0.0031644 secs]
Application time: 0.0000545 seconds
[GC cleanup 35M->35M(64M), 0.0002602 secs]
[GC concurrent-cleanup-start]
[GC concurrent-cleanup-end, 0.0000126 secs]
Application time: 0.0036663 seconds
[GC pause (G1 Humongous Allocation) (young) 39M->34M(64M), 0.0019315 secs]
Application time: 0.0038162 seconds
[GC pause (G1 Humongous Allocation) (mixed)-- 39M->34M(64M), 0.0020254 secs]
Application time: 0.0027373 seconds
[GC pause (G1 Humongous Allocation) (mixed)-- 39M->34M(64M), 0.0022320 secs]
Application time: 0.0011542 seconds
[GC pause (G1 Humongous Allocation) (mixed)-- 38M->34M(64M), 0.0017723 secs]
Application time: 0.0013292 seconds
[GC pause (G1 Humongous Allocation) (mixed)-- 38M->34M(64M), 0.0020109 secs]
Application time: 0.0011350 seconds
[GC pause (G1 Humongous Allocation) (mixed)-- 38M->34M(64M), 0.0019868 secs]
Application time: 0.0010473 seconds
[GC pause (G1 Humongous Allocation) (mixed)-- 38M->34M(64M), 0.0016896 secs]
Application time: 0.0029112 seconds
[GC pause (G1 Humongous Allocation) (mixed)-- 37M->33M(64M), 0.0014574 secs]
Application time: 0.0062578 seconds
[GC pause (G1 Humongous Allocation) (young) (initial-mark) 34M->33M(64M), 0.0010057 secs]
[GC concurrent-root-region-scan-start]
[GC concurrent-root-region-scan-end, 0.0000214 secs]
[GC concurrent-mark-start]
[GC concurrent-mark-end, 0.0048257 secs]
Application time: 0.0049353 seconds
[GC remark, 0.0033090 secs]
Application time: 0.0000487 seconds
[GC cleanup 33M->33M(64M), 0.0002717 secs]
[GC concurrent-cleanup-start]
[GC concurrent-cleanup-end, 0.0000209 secs]
Application time: 0.1333907 seconds
[GC pause (G1 Humongous Allocation) (young)-- 39M->34M(64M), 0.0024262 secs]
Application time: 0.0921705 seconds
[GC pause (G1 Humongous Allocation) (mixed)-- 39M->34M(64M), 0.0024087 secs]
Application time: 0.0855979 seconds
[GC pause (G1 Humongous Allocation) (mixed)-- 38M->34M(64M), 0.0014764 secs]
Application time: 0.0993245 seconds
[GC pause (G1 Humongous Allocation) (mixed)-- 38M->34M(64M), 0.0039046 secs]
Application time: 0.0674844 seconds
[GC pause (G1 Humongous Allocation) (mixed)-- 37M->34M(64M), 0.0016576 secs]
Application time: 0.0594377 seconds
[GC pause (G1 Humongous Allocation) (mixed)-- 37M->34M(64M), 0.0013916 secs]
Application time: 0.0739988 seconds
[GC pause (G1 Humongous Allocation) (mixed)-- 37M->34M(64M), 0.0014918 secs]
Application time: 0.0172107 seconds
[GC pause (G1 Humongous Allocation) (mixed)-- 36M->34M(64M), 0.0010572 secs]
Application time: 0.0569004 seconds
[GC pause (G1 Humongous Allocation) (young) (initial-mark) 35M->34M(64M), 0.0011178 secs]
[GC concurrent-root-region-scan-start]
[GC concurrent-root-region-scan-end, 0.0000116 secs]
[GC concurrent-mark-start]
[GC concurrent-mark-end, 0.0050187 secs]
Application time: 0.0050914 seconds
[GC remark, 0.0026313 secs]
Application time: 0.0000529 seconds
[GC cleanup 36M->36M(64M), 0.0001670 secs]
[GC concurrent-cleanup-start]
[GC concurrent-cleanup-end, 0.0000140 secs]
Application time: 0.0694561 seconds
[GC pause (G1 Humongous Allocation) (young) 39M->34M(64M), 0.0015931 secs]
Application time: 0.0941269 seconds
[GC pause (G1 Humongous Allocation) (mixed)-- 39M->34M(64M), 0.0017243 secs]
Application time: 0.1167801 seconds
[GC pause (G1 Humongous Allocation) (mixed)-- 38M->34M(64M), 0.0016637 secs]
Application time: 0.0182993 seconds
[GC pause (G1 Humongous Allocation) (mixed)-- 38M->34M(64M), 0.0016823 secs]
Application time: 0.0017570 seconds
[GC pause (G1 Humongous Allocation) (mixed)-- 38M->34M(64M), 0.0008000 secs]
Application time: 0.0043582 seconds
[GC pause (G1 Humongous Allocation) (mixed)-- 38M->34M(64M), 0.0014285 secs]
Application time: 0.0030052 seconds
[GC pause (G1 Humongous Allocation) (mixed)-- 37M->34M(64M), 0.0008758 secs]
Application time: 0.0016964 seconds
[GC pause (G1 Humongous Allocation) (mixed)-- 36M->34M(64M), 0.0006391 secs]
Application time: 0.0014197 seconds
[GC pause (G1 Humongous Allocation) (young) (initial-mark) 35M->34M(64M), 0.0006865 secs]
[GC concurrent-root-region-scan-start]
[GC concurrent-root-region-scan-end, 0.0000183 secs]
[GC concurrent-mark-start]
[GC concurrent-mark-end, 0.0047742 secs]
Application time: 0.0048828 seconds
[GC remark, 0.0026140 secs]
Application time: 0.0000473 seconds
[GC cleanup 35M->35M(64M), 0.0001831 secs]
[GC concurrent-cleanup-start]
[GC concurrent-cleanup-end, 0.0000110 secs]
Application time: 0.0039679 seconds
[GC pause (G1 Humongous Allocation) (young)-- 39M->34M(64M), 0.0012280 secs]
Application time: 0.0014852 seconds
[GC pause (G1 Humongous Allocation) (mixed)-- 39M->34M(64M), 0.0012322 secs]
Application time: 0.0011479 seconds
[GC pause (G1 Humongous Allocation) (mixed)-- 38M->34M(64M), 0.0010841 secs]
Application time: 0.0008684 seconds
[GC pause (G1 Humongous Allocation) (mixed)-- 38M->34M(64M), 0.0009767 secs]
Application time: 0.0027072 seconds
[GC pause (G1 Humongous Allocation) (mixed)-- 38M->33M(64M), 0.0012058 secs]
Application time: 0.0031183 seconds
[GC pause (G1 Humongous Allocation) (mixed)-- 37M->34M(64M), 0.0012951 secs]
Application time: 0.0016551 seconds
[GC pause (G1 Humongous Allocation) (mixed)-- 36M->34M(64M), 0.0009615 secs]
Application time: 0.0016512 seconds
[GC pause (G1 Evacuation Pause) (mixed)-- 36M->34M(64M), 0.0008572 secs]
Application time: 0.0000300 seconds
[GC pause (G1 Humongous Allocation) (young) (initial-mark) 34M->34M(64M), 0.0005459 secs]
[GC concurrent-root-region-scan-start]
[GC concurrent-root-region-scan-end, 0.0000233 secs]
[GC concurrent-mark-start]
[GC concurrent-mark-end, 0.0048194 secs]
Application time: 0.0048819 seconds
[GC remark, 0.0024424 secs]
Application time: 0.0000378 seconds
[GC cleanup 35M->35M(64M), 0.0001497 secs]
[GC concurrent-cleanup-start]
[GC concurrent-cleanup-end, 0.0000128 secs]
Application time: 0.0036254 seconds
[GC pause (G1 Humongous Allocation) (young)-- 38M->34M(64M), 0.0012840 secs]
Application time: 0.0035316 seconds
[GC pause (G1 Humongous Allocation) (mixed)-- 38M->34M(64M), 0.0013383 secs]
Application time: 0.0032770 seconds
[GC pause (G1 Humongous Allocation) (mixed)-- 38M->34M(64M), 0.0011622 secs]
Application time: 0.0018954 seconds
[GC pause (G1 Humongous Allocation) (mixed)-- 38M->34M(64M), 0.0011733 secs]
Application time: 0.0021329 seconds
[GC pause (G1 Humongous Allocation) (mixed)-- 38M->34M(64M), 0.0015167 secs]
Application time: 0.0006294 seconds
[GC pause (G1 Humongous Allocation) (mixed)-- 37M->34M(64M), 0.0009281 secs]
Application time: 0.0007129 seconds
[GC pause (G1 Humongous Allocation) (mixed)-- 37M->34M(64M), 0.0010784 secs]
Application time: 0.0005418 seconds
[GC pause (G1 Humongous Allocation) (mixed)-- 37M->34M(64M), 0.0010967 secs]
Application time: 0.0001376 seconds
[GC pause (G1 Humongous Allocation) (young) (initial-mark) 35M->34M(64M), 0.0004685 secs]
[GC concurrent-root-region-scan-start]
[GC concurrent-root-region-scan-end, 0.0000086 secs]
[GC concurrent-mark-start]
[GC concurrent-mark-end, 0.0047901 secs]
Application time: 0.0048647 seconds
[GC remark, 0.0024479 secs]
Application time: 0.0000395 seconds
[GC cleanup 35M->35M(64M), 0.0001739 secs]
[GC concurrent-cleanup-start]
[GC concurrent-cleanup-end, 0.0000211 secs]
Application time: 0.0012322 seconds
[GC pause (G1 Humongous Allocation) (young) 38M->34M(64M), 0.0012922 secs]
Application time: 0.0010021 seconds
[GC pause (G1 Humongous Allocation) (mixed)-- 38M->34M(64M), 0.0012707 secs]
Application time: 0.0010038 seconds
[GC pause (G1 Humongous Allocation) (mixed)-- 38M->34M(64M), 0.0013108 secs]
Application time: 0.0131040 seconds
[GC pause (G1 Humongous Allocation) (mixed)-- 38M->34M(64M), 0.0015770 secs]
Application time: 0.1254145 seconds
[GC pause (G1 Humongous Allocation) (mixed)-- 38M->34M(64M), 0.0014968 secs]
Application time: 0.0779175 seconds
[GC pause (G1 Humongous Allocation) (mixed)-- 38M->34M(64M), 0.0014077 secs]
Application time: 0.0752041 seconds
[GC pause (G1 Humongous Allocation) (mixed)-- 37M->34M(64M), 0.0012557 secs]
Application time: 0.0582506 seconds
[GC pause (G1 Humongous Allocation) (mixed)-- 36M->34M(64M), 0.0008847 secs]
Application time: 0.0094127 seconds
[GC pause (G1 Humongous Allocation) (young) (initial-mark) 35M->34M(64M), 0.0006769 secs]
[GC concurrent-root-region-scan-start]
[GC concurrent-root-region-scan-end, 0.0000363 secs]
[GC concurrent-mark-start]
[GC concurrent-mark-end, 0.0046585 secs]
Application time: 0.0047327 seconds
[GC remark, 0.0033586 secs]
Application time: 0.0000333 seconds
[GC cleanup 35M->35M(64M), 0.0002064 secs]
[GC concurrent-cleanup-start]
[GC concurrent-cleanup-end, 0.0000205 secs]
Application time: 0.1240465 seconds
[GC pause (G1 Humongous Allocation) (young)-- 38M->34M(64M), 0.0013029 secs]
Application time: 0.0844013 seconds
[GC pause (G1 Humongous Allocation) (mixed)-- 38M->34M(64M), 0.0012304 secs]
Application time: 0.0688738 seconds
[GC pause (G1 Humongous Allocation) (mixed)-- 38M->33M(64M), 0.0009921 secs]
Application time: 0.1258997 seconds
[GC pause (G1 Humongous Allocation) (mixed)-- 38M->34M(64M), 0.0017295 secs]
Application time: 0.0203887 seconds
[GC pause (G1 Humongous Allocation) (mixed)-- 37M->34M(64M), 0.0009147 secs]
Application time: 0.0657086 seconds
[GC pause (G1 Humongous Allocation) (mixed)-- 37M->34M(64M), 0.0012941 secs]
Application time: 0.0527814 seconds
[GC pause (G1 Humongous Allocation) (mixed)-- 37M->34M(64M), 0.0007088 secs]
Application time: 0.0141466 seconds
[GC pause (G1 Humongous Allocation) (mixed)-- 37M->34M(64M), 0.0009446 secs]
Application time: 0.0551694 seconds
[GC pause (G1 Humongous Allocation) (young) (initial-mark) 35M->34M(64M), 0.0007683 secs]
[GC concurrent-root-region-scan-start]
[GC concurrent-root-region-scan-end, 0.0000292 secs]
[GC concurrent-mark-start]
[GC concurrent-mark-end, 0.0047990 secs]
Application time: 0.0048873 seconds
[GC remark, 0.0023260 secs]
Application time: 0.0000350 seconds
[GC cleanup 35M->35M(64M), 0.0001524 secs]
[GC concurrent-cleanup-start]
[GC concurrent-cleanup-end, 0.0000092 secs]
Application time: 0.0684157 seconds
[GC pause (G1 Humongous Allocation) (young) 38M->34M(64M), 0.0011015 secs]
Application time: 0.0759483 seconds
[GC pause (G1 Humongous Allocation) (mixed)-- 39M->34M(64M), 0.0016619 secs]
Application time: 0.0735559 seconds
[GC pause (G1 Humongous Allocation) (mixed)-- 39M->34M(64M), 0.0014933 secs]
Application time: 0.1267038 seconds
[GC pause (G1 Humongous Allocation) (mixed)-- 39M->34M(64M), 0.0016555 secs]
Application time: 0.0682560 seconds
[GC pause (G1 Humongous Allocation) (mixed)-- 38M->34M(64M), 0.0012306 secs]
Application time: 0.0084876 seconds
[GC pause (G1 Humongous Allocation) (mixed)-- 37M->34M(64M), 0.0009949 secs]
Application time: 0.0675882 seconds
[GC pause (G1 Humongous Allocation) (mixed)-- 37M->34M(64M), 0.0013944 secs]
Application time: 0.0728522 seconds
[GC pause (G1 Humongous Allocation) (mixed)-- 37M->35M(64M), 0.0010645 secs]
Application time: 0.0035474 seconds
[GC pause (G1 Humongous Allocation) (young) (initial-mark) 35M->35M(64M), 0.0007874 secs]
[GC concurrent-root-region-scan-start]
[GC concurrent-root-region-scan-end, 0.0000132 secs]
[GC concurrent-mark-start]
[GC concurrent-mark-end, 0.0045237 secs]
Application time: 0.0046914 seconds
[GC remark, 0.0024741 secs]
Application time: 0.0000421 seconds
[GC cleanup 35M->34M(64M), 0.0001719 secs]
[GC concurrent-cleanup-start]
[GC concurrent-cleanup-end, 0.0000091 secs]
Application time: 0.0679775 seconds
[GC pause (G1 Humongous Allocation) (young)-- 39M->34M(64M), 0.0016090 secs]
Application time: 0.0671512 seconds
[GC pause (G1 Humongous Allocation) (mixed)-- 38M->34M(64M), 0.0014460 secs]
Application time: 0.0671246 seconds
[GC pause (G1 Humongous Allocation) (mixed)-- 38M->34M(64M), 0.0015719 secs]
Application time: 0.0747486 seconds
[GC pause (G1 Humongous Allocation) (mixed)-- 38M->34M(64M), 0.0018047 secs]
Application time: 0.0682574 seconds
[GC pause (G1 Humongous Allocation) (mixed)-- 38M->34M(64M), 0.0014179 secs]
Application time: 0.0672963 seconds
[GC pause (G1 Humongous Allocation) (mixed)-- 38M->34M(64M), 0.0014805 secs]
Application time: 0.0679438 seconds
[GC pause (G1 Humongous Allocation) (mixed)-- 38M->34M(64M), 0.0014734 secs]
Application time: 0.0680244 seconds
[GC pause (G1 Humongous Allocation) (mixed)-- 38M->34M(64M), 0.0014325 secs]
Application time: 0.0612211 seconds
[GC pause (G1 Humongous Allocation) (young) (initial-mark) 35M->34M(64M), 0.0010562 secs]
[GC concurrent-root-region-scan-start]
[GC concurrent-root-region-scan-end, 0.0000132 secs]
[GC concurrent-mark-start]
[GC concurrent-mark-end, 0.0073645 secs]
Application time: 0.0074415 seconds
[GC remark, 0.0028589 secs]
Application time: 0.0000513 seconds
[GC cleanup 34M->34M(64M), 0.0002027 secs]
[GC concurrent-cleanup-start]
[GC concurrent-cleanup-end, 0.0000114 secs]
Application time: 0.0677810 seconds
[GC pause (G1 Humongous Allocation) (young)-- 39M->34M(64M), 0.0018034 secs]
Application time: 0.0749261 seconds
[GC pause (G1 Humongous Allocation) (mixed)-- 38M->34M(64M), 0.0016227 secs]
Application time: 0.0213684 seconds
[GC pause (G1 Humongous Allocation) (mixed)-- 38M->35M(64M), 0.0016041 secs]
Application time: 0.0033164 seconds
[GC pause (G1 Humongous Allocation) (mixed)-- 38M->35M(64M), 0.0010168 secs]
Application time: 0.0017779 seconds
[GC pause (G1 Humongous Allocation) (mixed)-- 37M->35M(64M), 0.0053792 secs]
Application time: 0.0031527 seconds
[GC pause (G1 Humongous Allocation) (mixed)-- 37M->35M(64M), 0.0015778 secs]
Application time: 0.0047219 seconds
[GC pause (G1 Evacuation Pause) (mixed)-- 37M->34M(64M), 0.0014938 secs]
Application time: 0.0001894 seconds
[GC pause (G1 Humongous Allocation) (mixed)-- 36M->35M(64M), 0.0009411 secs]
Application time: 0.0015381 seconds
[GC pause (G1 Humongous Allocation) (young) (initial-mark) 36M->35M(64M), 0.0017662 secs]
[GC concurrent-root-region-scan-start]
[GC concurrent-root-region-scan-end, 0.0000333 secs]
[GC concurrent-mark-start]
[GC concurrent-mark-end, 0.0051177 secs]
Application time: 0.0051342 seconds
[GC remark, 0.0046447 secs]
Application time: 0.0000274 seconds
[GC cleanup 36M->35M(64M), 0.0002443 secs]
[GC concurrent-cleanup-start]
[GC concurrent-cleanup-end, 0.0000104 secs]
Application time: 0.0055347 seconds
[GC pause (G1 Humongous Allocation) (young)-- 39M->35M(64M), 0.0019240 secs]
Application time: 0.0017111 seconds
[GC pause (G1 Humongous Allocation) (mixed)-- 39M->35M(64M), 0.0022996 secs]
Application time: 0.0012544 seconds
[GC pause (G1 Humongous Allocation) (mixed)-- 39M->35M(64M), 0.0019390 secs]
Application time: 0.0009679 seconds
[GC pause (G1 Humongous Allocation) (mixed)-- 38M->35M(64M), 0.0016065 secs]
Application time: 0.0010975 seconds
[GC pause (G1 Humongous Allocation) (mixed)-- 38M->35M(64M), 0.0023123 secs]
Application time: 0.0039134 seconds
[GC pause (G1 Humongous Allocation) (mixed)-- 38M->35M(64M), 0.0021885 secs]
Application time: 0.0018465 seconds
[GC pause (G1 Humongous Allocation) (mixed)-- 37M->35M(64M), 0.0016729 secs]
Application time: 0.0017651 seconds
[GC pause (G1 Evacuation Pause) (mixed)-- 37M->35M(64M), 0.0015754 secs]
Application time: 0.0057348 seconds
[GC pause (G1 Humongous Allocation) (young) (initial-mark) 35M->35M(64M), 0.0010593 secs]
[GC concurrent-root-region-scan-start]
[GC concurrent-root-region-scan-end, 0.0000340 secs]
[GC concurrent-mark-start]
[GC concurrent-mark-end, 0.0050886 secs]
Application time: 0.0051666 seconds
[GC remark, 0.0043226 secs]
Application time: 0.0000363 seconds
[GC cleanup 35M->35M(64M), 0.0002546 secs]
[GC concurrent-cleanup-start]
[GC concurrent-cleanup-end, 0.0000106 secs]
Application time: 0.0158038 seconds
[GC pause (G1 Humongous Allocation) (young)-- 39M->35M(64M), 0.0023175 secs]
Application time: 0.0036683 seconds
[GC pause (G1 Humongous Allocation) (mixed)-- 39M->35M(64M), 0.0018473 secs]
Application time: 0.0034153 seconds
[GC pause (G1 Humongous Allocation) (mixed)-- 38M->35M(64M), 0.0020979 secs]
Application time: 0.0034921 seconds
[GC pause (G1 Humongous Allocation) (mixed)-- 38M->35M(64M), 0.0011788 secs]
Application time: 0.0077839 seconds
[GC pause (G1 Humongous Allocation) (mixed)-- 38M->35M(64M), 0.0014552 secs]
Application time: 0.0007034 seconds
[GC pause (G1 Humongous Allocation) (mixed)-- 38M->35M(64M), 0.0009587 secs]
Application time: 0.0004913 seconds
[GC pause (G1 Humongous Allocation) (mixed)-- 37M->35M(64M), 0.0009493 secs]
Application time: 0.0005118 seconds
[GC pause (G1 Humongous Allocation) (mixed)-- 37M->35M(64M), 0.0009646 secs]
Application time: 0.0002960 seconds
[GC pause (G1 Humongous Allocation) (young) (initial-mark) 35M->35M(64M), 0.0007035 secs]
[GC concurrent-root-region-scan-start]
[GC concurrent-root-region-scan-end, 0.0000053 secs]
[GC concurrent-mark-start]
Application time: 0.0005262 seconds
[GC pause (G1 Humongous Allocation) (young) 37M->35M(64M), 0.0008077 secs]
Application time: 0.0005103 seconds
[GC pause (G1 Humongous Allocation) (young) 37M->35M(64M), 0.0008275 secs]
Application time: 0.0005328 seconds
[GC pause (G1 Humongous Allocation) (young) 37M->35M(64M), 0.0008221 secs]
Application time: 0.0004886 seconds
[GC pause (G1 Humongous Allocation) (young) 37M->35M(64M), 0.0008085 secs]
Application time: 0.0005112 seconds
[GC pause (G1 Humongous Allocation) (young) 37M->35M(64M), 0.0008612 secs]
Application time: 0.0005184 seconds
[GC pause (G1 Humongous Allocation) (young) 37M->35M(64M), 0.0008291 secs]
Application time: 0.0005041 seconds
[GC pause (G1 Humongous Allocation) (young) 37M->35M(64M), 0.0008123 secs]
Application time: 0.0009157 seconds
[GC pause (G1 Humongous Allocation) (young) 37M->35M(64M), 0.0008315 secs]
[GC concurrent-mark-end, 0.0133909 secs]
Application time: 0.0014461 seconds
[GC remark, 0.0025893 secs]
Application time: 0.0000324 seconds
[GC cleanup 36M->36M(64M), 0.0001746 secs]
[GC concurrent-cleanup-start]
[GC concurrent-cleanup-end, 0.0000079 secs]
Application time: 0.0191689 seconds
[GC pause (G1 Humongous Allocation) (young)-- 39M->34M(64M), 0.0015193 secs]
Application time: 0.1431478 seconds
[GC pause (G1 Humongous Allocation) (mixed)-- 38M->35M(64M), 0.0017583 secs]
Application time: 0.0753960 seconds
[GC pause (G1 Humongous Allocation) (mixed)-- 38M->35M(64M), 0.0014380 secs]
Application time: 0.0163969 seconds
[GC pause (G1 Humongous Allocation) (mixed)-- 38M->35M(64M), 0.0012251 secs]
Application time: 0.0780876 seconds
[GC pause (G1 Humongous Allocation) (mixed)-- 38M->35M(64M), 0.0022288 secs]
Application time: 0.0401346 seconds
[GC pause (G1 Humongous Allocation) (mixed)-- 37M->35M(64M), 0.0013590 secs]
Application time: 0.0617331 seconds
[GC pause (G1 Humongous Allocation) (mixed)-- 37M->35M(64M), 0.0016065 secs]
Application time: 0.0750636 seconds
[GC pause (G1 Humongous Allocation) (mixed)-- 37M->35M(64M), 0.0015424 secs]
Application time: 0.0012313 seconds
[GC pause (G1 Humongous Allocation) (young) (initial-mark) 36M->35M(64M), 0.0012087 secs]
[GC concurrent-root-region-scan-start]
[GC concurrent-root-region-scan-end, 0.0000314 secs]
[GC concurrent-mark-start]
[GC concurrent-mark-end, 0.0048720 secs]
Application time: 0.0048872 seconds
[GC remark, 0.0035540 secs]
Application time: 0.0000341 seconds
[GC cleanup 36M->35M(64M), 0.0002571 secs]
[GC concurrent-cleanup-start]
[GC concurrent-cleanup-end, 0.0000077 secs]
Application time: 0.0693717 seconds
[GC pause (G1 Humongous Allocation) (young)-- 38M->35M(64M), 0.0014441 secs]
Application time: 0.0053731 seconds
[GC pause (G1 Humongous Allocation) (mixed)-- 38M->35M(64M), 0.0013354 secs]
Application time: 0.0736580 seconds
[GC pause (G1 Humongous Allocation) (mixed)-- 38M->35M(64M), 0.0017578 secs]
Application time: 0.0593972 seconds
[GC pause (G1 Humongous Allocation) (mixed)-- 37M->35M(64M), 0.0012553 secs]
Application time: 0.0145034 seconds
[GC pause (G1 Humongous Allocation) (mixed)-- 37M->35M(64M), 0.0012976 secs]
Application time: 0.0734416 seconds
[GC pause (G1 Humongous Allocation) (mixed)-- 37M->35M(64M), 0.0015216 secs]
Application time: 0.0525505 seconds
[GC pause (G1 Humongous Allocation) (mixed)-- 37M->35M(64M), 0.0013840 secs]
Application time: 0.0215031 seconds
[GC pause (G1 Humongous Allocation) (mixed)-- 36M->35M(64M), 0.0011759 secs]
Application time: 0.0013794 seconds
[GC pause (G1 Humongous Allocation) (young) (initial-mark)-- 36M->35M(64M), 0.0010737 secs]
[GC concurrent-root-region-scan-start]
[GC concurrent-root-region-scan-end, 0.0000158 secs]
[GC concurrent-mark-start]
[GC concurrent-mark-end, 0.0049358 secs]
Application time: 0.0051076 seconds
[GC remark, 0.0032480 secs]
Application time: 0.0000437 seconds
[GC pause (G1 Humongous Allocation) (young) 36M->35M(64M), 0.0006656 secs]
Application time: 0.0034447 seconds
[GC cleanup 36M->36M(64M), 0.0002393 secs]
[GC concurrent-cleanup-start]
[GC concurrent-cleanup-end, 0.0000098 secs]
Application time: 0.0945887 seconds
[GC pause (G1 Humongous Allocation) (young) 37M->35M(64M), 0.0015570 secs]
Application time: 0.0102319 seconds
[GC pause (G1 Humongous Allocation) (mixed)-- 37M->35M(64M), 0.0013909 secs]
Application time: 0.0659458 seconds
[GC pause (G1 Humongous Allocation) (mixed)-- 37M->35M(64M), 0.0013266 secs]
Application time: 0.0025295 seconds
[GC pause (G1 Humongous Allocation) (mixed)-- 36M->35M(64M), 0.0010976 secs]
Application time: 0.0668207 seconds
[GC pause (G1 Evacuation Pause) (mixed)-- 36M->35M(64M), 0.0011729 secs]
Application time: 0.0002523 seconds
[GC pause (G1 Humongous Allocation) (mixed)-- 36M->35M(64M), 0.0009018 secs]
Application time: 0.0047984 seconds
[GC pause (G1 Evacuation Pause) (mixed)-- 36M->35M(64M), 0.0012665 secs]
Application time: 0.0106587 seconds
[GC pause (G1 Humongous Allocation) (mixed)-- 36M->34M(64M), 0.0009988 secs]
Application time: 0.0007327 seconds
[GC pause (G1 Humongous Allocation) (young) (initial-mark) 35M->35M(64M), 0.0011314 secs]
[GC concurrent-root-region-scan-start]
[GC concurrent-root-region-scan-end, 0.0001118 secs]
[GC concurrent-mark-start]
[GC concurrent-mark-end, 0.0044018 secs]
Application time: 0.0045662 seconds
[GC remark, 0.0028283 secs]
Application time: 0.0000462 seconds
[GC cleanup 36M->35M(64M), 0.0002465 secs]
[GC concurrent-cleanup-start]
[GC concurrent-cleanup-end, 0.0000175 secs]
Application time: 0.0038960 seconds
[GC pause (G1 Humongous Allocation) (young)-- 39M->35M(64M), 0.0015580 secs]
Application time: 0.0047771 seconds
[GC pause (G1 Humongous Allocation) (mixed)-- 39M->35M(64M), 0.0014290 secs]
Application time: 0.0044954 seconds
[GC pause (G1 Humongous Allocation) (mixed)-- 38M->35M(64M), 0.0013498 secs]
Application time: 0.0017875 seconds
[GC pause (G1 Humongous Allocation) (mixed)-- 37M->35M(64M), 0.0010621 secs]
Application time: 0.0031639 seconds
[GC pause (G1 Humongous Allocation) (mixed)-- 37M->35M(64M), 0.0012598 secs]
Application time: 0.0016978 seconds
[GC pause (G1 Humongous Allocation) (mixed)-- 37M->35M(64M), 0.0009722 secs]
Application time: 0.0002330 seconds
[GC pause (G1 Humongous Allocation) (mixed)-- 36M->35M(64M), 0.0007428 secs]
Application time: 0.0002989 seconds
[GC pause (G1 Evacuation Pause) (mixed)-- 36M->35M(64M), 0.0010565 secs]
Application time: 0.0000422 seconds
[GC pause (G1 Humongous Allocation) (young) (initial-mark)-- 35M->35M(64M), 0.0007861 secs]
[GC concurrent-root-region-scan-start]
[GC concurrent-root-region-scan-end, 0.0000098 secs]
[GC concurrent-mark-start]
[GC concurrent-mark-end, 0.0043676 secs]
Application time: 0.0044366 seconds
[GC remark, 0.0029223 secs]
Application time: 0.0000523 seconds
[GC cleanup 35M->35M(64M), 0.0002070 secs]
[GC concurrent-cleanup-start]
[GC concurrent-cleanup-end, 0.0000142 secs]
Application time: 0.0011315 seconds
[GC pause (G1 Humongous Allocation) (young) 37M->35M(64M), 0.0009210 secs]
Application time: 0.0007303 seconds
[GC pause (G1 Humongous Allocation) (mixed)-- 37M->35M(64M), 0.0012315 secs]
Application time: 0.0061046 seconds
[GC pause (G1 Humongous Allocation) (mixed)-- 37M->35M(64M), 0.0010263 secs]
Application time: 0.0007409 seconds
[GC pause (G1 Humongous Allocation) (mixed)-- 37M->35M(64M), 0.0012850 secs]
Application time: 0.0004776 seconds
[GC pause (G1 Humongous Allocation) (mixed)-- 37M->35M(64M), 0.0010163 secs]
Application time: 0.0004686 seconds
[GC pause (G1 Evacuation Pause) (mixed)-- 37M->35M(64M), 0.0010243 secs]
Application time: 0.0001669 seconds
[GC pause (G1 Humongous Allocation) (mixed)-- 36M->35M(64M), 0.0006910 secs]
Application time: 0.0003380 seconds
[GC pause (G1 Humongous Allocation) (mixed)-- 36M->35M(64M), 0.0010167 secs]
Application time: 0.0001780 seconds
[GC pause (G1 Humongous Allocation) (young) (initial-mark) 36M->35M(64M), 0.0006857 secs]
[GC concurrent-root-region-scan-start]
[GC concurrent-root-region-scan-end, 0.0000134 secs]
[GC concurrent-mark-start]
[GC concurrent-mark-end, 0.0043095 secs]
Application time: 0.0043314 seconds
[GC pause (G1 Evacuation Pause) (young) 36M->35M(64M), 0.0008990 secs]
Application time: 0.0000401 seconds
[GC pause (G1 Humongous Allocation) (young)-- 35M->35M(64M), 0.0006104 secs]
Application time: 0.0000308 seconds
[Full GC (Allocation Failure)  35M->6521K(64M), 0.0128938 secs]
Application time: 0.0060661 seconds
[GC remark, 0.0000111 secs]
[GC concurrent-mark-abort]
Application time: 0.0150324 seconds
[GC pause (G1 Humongous Allocation) (young) (initial-mark) 20M->6525K(64M), 0.0058797 secs]
[GC concurrent-root-region-scan-start]
[GC concurrent-root-region-scan-end, 0.0002558 secs]
[GC concurrent-mark-start]
[GC concurrent-mark-end, 0.0045628 secs]
Application time: 0.0088450 seconds
[GC remark, 0.0052012 secs]
Application time: 0.0004291 seconds
[GC cleanup 13M->13M(64M), 0.0003029 secs]
Application time: 0.0137734 seconds
[GC pause (G1 Humongous Allocation) (young)-- 44M->7549K(64M), 0.0107098 secs]
Application time: 0.2099506 seconds
[GC pause (G1 Humongous Allocation) (young) (initial-mark) 20M->7553K(64M), 0.0033987 secs]
[GC concurrent-root-region-scan-start]
[GC concurrent-root-region-scan-end, 0.0002128 secs]
[GC concurrent-mark-start]
[GC concurrent-mark-end, 0.0042413 secs]
Application time: 0.0045051 seconds
[GC remark, 0.0029935 secs]
Application time: 0.0000425 seconds
[GC cleanup 8265K->7241K(64M), 0.0001976 secs]
[GC concurrent-cleanup-start]
[GC concurrent-cleanup-end, 0.0000096 secs]
Application time: 0.8229449 seconds
[GC pause (G1 Humongous Allocation) (young)-- 43M->7553K(64M), 0.0083579 secs]
Application time: 0.2253499 seconds
[GC pause (G1 Humongous Allocation) (young) (initial-mark) 20M->7553K(64M), 0.0035325 secs]
[GC concurrent-root-region-scan-start]
[GC concurrent-root-region-scan-end, 0.0000140 secs]
[GC concurrent-mark-start]
[GC concurrent-mark-end, 0.0047118 secs]
Application time: 0.0047833 seconds
[GC remark, 0.0031381 secs]
Application time: 0.0000455 seconds
[GC cleanup 8265K->8261K(64M), 0.0002234 secs]
[GC concurrent-cleanup-start]
[GC concurrent-cleanup-end, 0.0000100 secs]
Application time: 0.6198963 seconds
[GC pause (G1 Humongous Allocation) (young)-- 44M->8573K(64M), 0.0089040 secs]
Application time: 0.2010054 seconds
[GC pause (G1 Humongous Allocation) (young) (initial-mark) 21M->8575K(64M), 0.0039983 secs]
[GC concurrent-root-region-scan-start]
[GC concurrent-root-region-scan-end, 0.0000333 secs]
[GC concurrent-mark-start]
[GC concurrent-mark-end, 0.0041934 secs]
Application time: 0.0042750 seconds
[GC remark, 0.0030021 secs]
Application time: 0.0000441 seconds
[GC cleanup 9287K->9283K(64M), 0.0001834 secs]
[GC concurrent-cleanup-start]
[GC concurrent-cleanup-end, 0.0000091 secs]
Application time: 0.1692167 seconds
[GC pause (G1 Humongous Allocation) (young)-- 44M->10107K(64M), 0.0074268 secs]
Application time: 0.0066048 seconds
[GC pause (G1 Humongous Allocation) (young) (initial-mark) 21M->10109K(64M), 0.0031347 secs]
[GC concurrent-root-region-scan-start]
[GC concurrent-root-region-scan-end, 0.0002112 secs]
[GC concurrent-mark-start]
[GC concurrent-mark-end, 0.0041218 secs]
Application time: 0.0043887 seconds
[GC remark, 0.0030047 secs]
Application time: 0.0000447 seconds
[GC cleanup 10M->9283K(64M), 0.0001980 secs]
[GC concurrent-cleanup-start]
[GC concurrent-cleanup-end, 0.0000108 secs]
Application time: 0.0209304 seconds
[GC pause (G1 Humongous Allocation) (young)-- 44M->9595K(64M), 0.0091520 secs]
Application time: 0.0033992 seconds
[GC pause (G1 Humongous Allocation) (young) (initial-mark) 21M->9595K(64M), 0.0035358 secs]
[GC concurrent-root-region-scan-start]
[GC concurrent-root-region-scan-end, 0.0000129 secs]
[GC concurrent-mark-start]
[GC concurrent-mark-end, 0.0042382 secs]
Application time: 0.0043015 seconds
[GC remark, 0.0032077 secs]
Application time: 0.0000542 seconds
[GC cleanup 10M->10M(64M), 0.0001752 secs]
Application time: 0.5961871 seconds
[GC pause (G1 Humongous Allocation) (young)-- 45M->10M(64M), 0.0082276 secs]
Application time: 0.3452380 seconds
[GC pause (G1 Humongous Allocation) (mixed)-- 45M->10217K(64M), 0.0076776 secs]
Application time: 0.0055352 seconds
[GC pause (G1 Humongous Allocation) (young) (initial-mark) 21M->10221K(64M), 0.0025626 secs]
[GC concurrent-root-region-scan-start]
[GC concurrent-root-region-scan-end, 0.0002138 secs]
[GC concurrent-mark-start]
[GC concurrent-mark-end, 0.0037397 secs]
Application time: 0.0083044 seconds
[GC remark, 0.0053495 secs]
Application time: 0.0000568 seconds
[GC cleanup 18M->17M(64M), 0.0002873 secs]
[GC concurrent-cleanup-start]
[GC concurrent-cleanup-end, 0.0000098 secs]
Application time: 0.0227313 seconds
[GC pause (G1 Humongous Allocation) (young)-- 44M->9705K(64M), 0.0117324 secs]
Application time: 0.2629344 seconds
[GC pause (G1 Humongous Allocation) (mixed)-- 44M->9788K(64M), 0.0083720 secs]
Application time: 0.2541686 seconds
[GC pause (G1 Humongous Allocation) (young) (initial-mark) 20M->9790K(64M), 0.0029475 secs]
[GC concurrent-root-region-scan-start]
[GC concurrent-root-region-scan-end, 0.0000384 secs]
[GC concurrent-mark-start]
[GC concurrent-mark-end, 0.0039900 secs]
Application time: 0.0040765 seconds
[GC remark, 0.0030170 secs]
Application time: 0.0000462 seconds
[GC cleanup 10M->10M(64M), 0.0001811 secs]
Application time: 0.6263836 seconds
[GC pause (G1 Humongous Allocation) (young)-- 43M->10M(64M), 0.0082846 secs]
Application time: 0.5764533 seconds
[GC pause (G1 Humongous Allocation) (mixed)-- 44M->9276K(64M), 0.0077689 secs]
Application time: 0.2038683 seconds
[GC pause (G1 Humongous Allocation) (young) (initial-mark) 21M->9276K(64M), 0.0049280 secs]
[GC concurrent-root-region-scan-start]
[GC concurrent-root-region-scan-end, 0.0000197 secs]
[GC concurrent-mark-start]
[GC concurrent-mark-end, 0.0043397 secs]
Application time: 0.0056106 seconds
[GC remark, 0.0049767 secs]
Application time: 0.0036924 seconds
[GC cleanup 11M->11M(64M), 0.0002591 secs]
Application time: 0.1677742 seconds
[GC pause (G1 Humongous Allocation) (young)-- 44M->10M(64M), 0.0075323 secs]
Application time: 0.0211542 seconds
[GC pause (G1 Humongous Allocation) (mixed)-- 44M->9832K(64M), 0.0077585 secs]
Application time: 0.0047426 seconds
[GC pause (G1 Humongous Allocation) (young) (initial-mark) 19M->9121K(64M), 0.0031020 secs]
[GC concurrent-root-region-scan-start]
[GC concurrent-root-region-scan-end, 0.0000974 secs]
[GC concurrent-mark-start]
[GC concurrent-mark-end, 0.0041759 secs]
Application time: 0.0043263 seconds
[GC remark, 0.0029752 secs]
Application time: 0.0016576 seconds
[GC cleanup 28M->28M(64M), 0.0002579 secs]
[GC concurrent-cleanup-start]
[GC concurrent-cleanup-end, 0.0000116 secs]
Application time: 0.0002393 seconds
[GC pause (G1 Humongous Allocation) (young) (initial-mark) 28M->7182K(64M), 0.0049121 secs]
[GC concurrent-root-region-scan-start]
[GC concurrent-root-region-scan-end, 0.0066162 secs]
[GC concurrent-mark-start]
[GC concurrent-mark-end, 0.0047859 secs]
Application time: 0.0114460 seconds
[GC remark, 0.0028242 secs]
Application time: 0.0000578 seconds
[GC cleanup 11M->11M(64M), 0.0002031 secs]
Application time: 0.6011035 seconds
[GC pause (G1 Humongous Allocation) (young)-- 43M->10M(64M), 0.0083685 secs]
Application time: 0.4340874 seconds
[GC pause (G1 Humongous Allocation) (mixed)-- 44M->10M(64M), 0.0077620 secs]
Application time: 0.0079032 seconds
[GC pause (G1 Humongous Allocation) (young) (initial-mark) 21M->10M(64M), 0.0024737 secs]
[GC concurrent-root-region-scan-start]
[GC concurrent-root-region-scan-end, 0.0001012 secs]
[GC concurrent-mark-start]
[GC concurrent-mark-end, 0.0043383 secs]
Application time: 0.0045165 seconds
[GC remark, 0.0031770 secs]
Application time: 0.0000512 seconds
[GC cleanup 25M->25M(64M), 0.0002248 secs]
Application time: 0.0174313 seconds
[GC pause (G1 Humongous Allocation) (young)-- 44M->11M(64M), 0.0075085 secs]
Application time: 0.0157395 seconds
[GC pause (G1 Humongous Allocation) (mixed)-- 44M->10M(64M), 0.0080619 secs]
Application time: 0.2363975 seconds
[GC pause (G1 Humongous Allocation) (young) (initial-mark) 21M->11M(64M), 0.0022988 secs]
[GC concurrent-root-region-scan-start]
[GC concurrent-root-region-scan-end, 0.0000155 secs]
[GC concurrent-mark-start]
[GC concurrent-mark-end, 0.0067259 secs]
Application time: 0.0067986 seconds
[GC remark, 0.0032717 secs]
Application time: 0.0000509 seconds
[GC cleanup 11M->11M(64M), 0.0002488 secs]
[GC concurrent-cleanup-start]
[GC concurrent-cleanup-end, 0.0000126 secs]
Application time: 0.6395609 seconds
[GC pause (G1 Humongous Allocation) (young)-- 45M->11M(64M), 0.0074551 secs]
Application time: 0.5804149 seconds
[GC pause (G1 Humongous Allocation) (mixed)-- 44M->10M(64M), 0.0080679 secs]
Application time: 0.1741839 seconds
[GC pause (G1 Humongous Allocation) (young) (initial-mark) 20M->10M(64M), 0.0028245 secs]
[GC concurrent-root-region-scan-start]
[GC concurrent-root-region-scan-end, 0.0000273 secs]
[GC concurrent-mark-start]
[GC concurrent-mark-end, 0.0049090 secs]
Application time: 0.0049830 seconds
[GC remark, 0.0030171 secs]
Application time: 0.0000517 seconds
[GC cleanup 12M->12M(64M), 0.0002186 secs]
Application time: 0.2535936 seconds
[GC pause (G1 Humongous Allocation) (young)-- 43M->12M(64M), 0.0073795 secs]
Application time: 0.0175670 seconds
[GC pause (G1 Humongous Allocation) (mixed)-- 43M->11M(64M), 0.0067538 secs]
Application time: 0.0074857 seconds
[GC pause (G1 Humongous Allocation) (young) (initial-mark) 20M->11M(64M), 0.0028422 secs]
[GC concurrent-root-region-scan-start]
[GC concurrent-root-region-scan-end, 0.0000139 secs]
[GC concurrent-mark-start]
[GC concurrent-mark-end, 0.0045625 secs]
Application time: 0.0046506 seconds
[GC remark, 0.0030139 secs]
Application time: 0.0000583 seconds
[GC cleanup 24M->24M(64M), 0.0002078 secs]
Application time: 0.0143901 seconds
[GC pause (G1 Humongous Allocation) (young)-- 44M->11M(64M), 0.0083735 secs]
Application time: 0.6202389 seconds
[GC pause (G1 Humongous Allocation) (mixed)-- 44M->11M(64M), 0.0074300 secs]
Application time: 0.1369590 seconds
[GC pause (G1 Humongous Allocation) (young) (initial-mark) 21M->11M(64M), 0.0023968 secs]
[GC concurrent-root-region-scan-start]
[GC concurrent-root-region-scan-end, 0.0001180 secs]
[GC concurrent-mark-start]
[GC concurrent-mark-end, 0.0048417 secs]
Application time: 0.0050404 seconds
[GC remark, 0.0030236 secs]
Application time: 0.0000370 seconds
[GC cleanup 11M->11M(64M), 0.0001772 secs]
Application time: 0.6434740 seconds
[GC pause (G1 Humongous Allocation) (young)-- 44M->11M(64M), 0.0065961 secs]
Application time: 0.0264662 seconds
[GC pause (G1 Humongous Allocation) (mixed)-- 44M->11M(64M), 0.0056098 secs]
Application time: 0.0077231 seconds
[GC pause (G1 Humongous Allocation) (young) (initial-mark) 20M->12M(64M), 0.0023468 secs]
[GC concurrent-root-region-scan-start]
[GC concurrent-root-region-scan-end, 0.0001307 secs]
[GC concurrent-mark-start]
[GC concurrent-mark-end, 0.0044994 secs]
Application time: 0.0046966 seconds
[GC remark, 0.0026252 secs]
Application time: 0.0000425 seconds
[GC cleanup 13M->13M(64M), 0.0001717 secs]
[GC concurrent-cleanup-start]
[GC concurrent-cleanup-end, 0.0000079 secs]
Application time: 0.0215522 seconds
[GC pause (G1 Humongous Allocation) (young)-- 44M->13M(64M), 0.0068624 secs]
Application time: 0.3232161 seconds
[GC pause (G1 Humongous Allocation) (mixed)-- 43M->12M(64M), 0.0067443 secs]
Application time: 0.2015328 seconds
[GC pause (G1 Humongous Allocation) (young) (initial-mark) 20M->12M(64M), 0.0023523 secs]
[GC concurrent-root-region-scan-start]
[GC concurrent-root-region-scan-end, 0.0000261 secs]
[GC concurrent-mark-start]
[GC concurrent-mark-end, 0.0046116 secs]
Application time: 0.0046974 seconds
[GC remark, 0.0025853 secs]
Application time: 0.0000350 seconds
[GC cleanup 13M->13M(64M), 0.0001970 secs]
[GC concurrent-cleanup-start]
[GC concurrent-cleanup-end, 0.0000071 secs]
Application time: 0.6147258 seconds
[GC pause (G1 Humongous Allocation) (young)-- 44M->12M(64M), 0.0065559 secs]
Application time: 0.5637604 seconds
[GC pause (G1 Humongous Allocation) (mixed)-- 45M->13M(64M), 0.0065207 secs]
Application time: 0.0080806 seconds
[GC pause (G1 Humongous Allocation) (young) (initial-mark) 21M->13M(64M), 0.0018918 secs]
[GC concurrent-root-region-scan-start]
[GC concurrent-root-region-scan-end, 0.0000319 secs]
[GC concurrent-mark-start]
[GC concurrent-mark-end, 0.0047197 secs]
Application time: 0.0047931 seconds
[GC remark, 0.0026123 secs]
Application time: 0.0000406 seconds
[GC cleanup 13M->13M(64M), 0.0001446 secs]
Application time: 0.0248819 seconds
[GC pause (G1 Humongous Allocation) (young)-- 44M->13M(64M), 0.0055553 secs]
Application time: 0.0227188 seconds
[GC pause (G1 Humongous Allocation) (mixed)-- 44M->13M(64M), 0.0065691 secs]
Application time: 0.0020915 seconds
[GC pause (G1 Humongous Allocation) (young) (initial-mark) 20M->13M(64M), 0.0019495 secs]
[GC concurrent-root-region-scan-start]
[GC concurrent-root-region-scan-end, 0.0000117 secs]
[GC concurrent-mark-start]
[GC concurrent-mark-end, 0.0043369 secs]
Application time: 0.0043792 seconds
[GC remark, 0.0025218 secs]
Application time: 0.0000475 seconds
[GC cleanup 21M->21M(64M), 0.0001596 secs]
Application time: 0.4420467 seconds
[GC pause (G1 Humongous Allocation) (young)-- 44M->14M(64M), 0.0063156 secs]
Application time: 0.5883780 seconds
[GC pause (G1 Humongous Allocation) (mixed)-- 44M->13M(64M), 0.0057494 secs]
Application time: 0.6146058 seconds
[GC pause (G1 Humongous Allocation) (mixed)-- 44M->13M(64M), 0.0062135 secs]
Application time: 0.0500071 seconds
[GC pause (G1 Humongous Allocation) (young) (initial-mark) 21M->13M(64M), 0.0019609 secs]
[GC concurrent-root-region-scan-start]
[GC concurrent-root-region-scan-end, 0.0000986 secs]
[GC concurrent-mark-start]
[GC concurrent-mark-end, 0.0130987 secs]
Application time: 0.0132805 seconds
[GC remark, 0.0034251 secs]
Application time: 0.0000655 seconds
[GC cleanup 17M->16M(64M), 0.0003128 secs]
[GC concurrent-cleanup-start]
[GC concurrent-cleanup-end, 0.0000237 secs]
Application time: 0.0269032 seconds
[GC pause (G1 Humongous Allocation) (young)-- 45M->13M(64M), 0.0071710 secs]
Application time: 0.0342646 seconds
[GC pause (G1 Humongous Allocation) (mixed)-- 44M->13M(64M), 0.0086146 secs]
Application time: 0.0023999 seconds
[GC pause (G1 Humongous Allocation) (young) (initial-mark) 20M->13M(64M), 0.0039678 secs]
[GC concurrent-root-region-scan-start]
[GC concurrent-root-region-scan-end, 0.0000599 secs]
[GC concurrent-mark-start]
[GC concurrent-mark-end, 0.0142485 secs]
Application time: 0.0144011 seconds
[GC remark, 0.0053892 secs]
Application time: 0.0019401 seconds
[GC cleanup 28M->27M(64M), 0.0005499 secs]
[GC concurrent-cleanup-start]
[GC concurrent-cleanup-end, 0.0000170 secs]
Application time: 0.3453686 seconds
[GC pause (G1 Humongous Allocation) (young)-- 43M->13M(64M), 0.0079930 secs]
Application time: 0.5871123 seconds
[GC pause (G1 Humongous Allocation) (mixed)-- 43M->13M(64M), 0.0073017 secs]
Application time: 0.1242723 seconds
[GC pause (G1 Humongous Allocation) (young) (initial-mark) 20M->13M(64M), 0.0026004 secs]
[GC concurrent-root-region-scan-start]
[GC concurrent-root-region-scan-end, 0.0000327 secs]
[GC concurrent-mark-start]
[GC concurrent-mark-end, 0.0036645 secs]
Application time: 0.0037974 seconds
[GC remark, 0.0035453 secs]
Application time: 0.0000500 seconds
[GC cleanup 13M->13M(64M), 0.0002052 secs]
Application time: 0.4075998 seconds
[GC pause (G1 Humongous Allocation) (young)-- 43M->14M(64M), 0.0069149 secs]
Application time: 0.0177606 seconds
[GC pause (G1 Humongous Allocation) (mixed)-- 43M->14M(64M), 0.0057989 secs]
Application time: 0.0225137 seconds
[GC pause (G1 Humongous Allocation) (mixed)-- 42M->14M(64M), 0.0072881 secs]
Application time: 0.0025541 seconds
[GC pause (G1 Humongous Allocation) (young) (initial-mark) 18M->14M(64M), 0.0014064 secs]
[GC concurrent-root-region-scan-start]
[GC concurrent-root-region-scan-end, 0.0000299 secs]
[GC concurrent-mark-start]
[GC concurrent-mark-end, 0.0038680 secs]
Application time: 0.0039587 seconds
[GC remark, 0.0030405 secs]
Application time: 0.0000609 seconds
[GC cleanup 29M->28M(64M), 0.0002083 secs]
[GC concurrent-cleanup-start]
[GC concurrent-cleanup-end, 0.0000156 secs]
Application time: 0.1572155 seconds
[GC pause (G1 Humongous Allocation) (young)-- 43M->14M(64M), 0.0070772 secs]
Application time: 0.5346347 seconds
[GC pause (G1 Humongous Allocation) (mixed)-- 43M->14M(64M), 0.0069556 secs]
Application time: 0.5921108 seconds
[GC pause (G1 Humongous Allocation) (mixed)-- 44M->14M(64M), 0.0060717 secs]
Application time: 0.0808753 seconds
[GC pause (G1 Humongous Allocation) (young) (initial-mark) 20M->14M(64M), 0.0018446 secs]
[GC concurrent-root-region-scan-start]
[GC concurrent-root-region-scan-end, 0.0000235 secs]
[GC concurrent-mark-start]
[GC concurrent-mark-end, 0.0045529 secs]
Application time: 0.0046258 seconds
[GC remark, 0.0025049 secs]
Application time: 0.0000510 seconds
[GC cleanup 15M->15M(64M), 0.0001603 secs]
Application time: 0.3556951 seconds
[GC pause (G1 Humongous Allocation) (young)-- 43M->15M(64M), 0.0058192 secs]
Application time: 0.0194320 seconds
[GC pause (G1 Humongous Allocation) (mixed)-- 43M->14M(64M), 0.0047889 secs]
Application time: 0.0272521 seconds
[GC pause (G1 Humongous Allocation) (mixed)-- 43M->14M(64M), 0.0060329 secs]
Application time: 0.0012716 seconds
[GC pause (G1 Humongous Allocation) (young) (initial-mark) 19M->14M(64M), 0.0012870 secs]
[GC concurrent-root-region-scan-start]
[GC concurrent-root-region-scan-end, 0.0000096 secs]
[GC concurrent-mark-start]
[GC concurrent-mark-end, 0.0044489 secs]
Application time: 0.0045174 seconds
[GC remark, 0.0035903 secs]
Application time: 0.0000438 seconds
[GC cleanup 31M->31M(64M), 0.0001827 secs]
Application time: 0.1954259 seconds
[GC pause (G1 Humongous Allocation) (young)-- 43M->15M(64M), 0.0060636 secs]
Application time: 0.5740872 seconds
[GC pause (G1 Humongous Allocation) (mixed)-- 42M->15M(64M), 0.0067031 secs]
Application time: 0.5974894 seconds
[GC pause (G1 Humongous Allocation) (mixed)-- 43M->15M(64M), 0.0057965 secs]
Application time: 0.0667504 seconds
[GC pause (G1 Humongous Allocation) (young) (initial-mark) 20M->15M(64M), 0.0013927 secs]
[GC concurrent-root-region-scan-start]
[GC concurrent-root-region-scan-end, 0.0000096 secs]
[GC concurrent-mark-start]
[GC concurrent-mark-end, 0.0046904 secs]
Application time: 0.0047420 seconds
[GC remark, 0.0025207 secs]
Application time: 0.0000583 seconds
[GC cleanup 16M->16M(64M), 0.0001680 secs]
Application time: 0.2323836 seconds
[GC pause (G1 Humongous Allocation) (young)-- 43M->16M(64M), 0.0070064 secs]
Application time: 0.0188721 seconds
[GC pause (G1 Humongous Allocation) (mixed)-- 43M->15M(64M), 0.0064568 secs]
Application time: 0.0196835 seconds
[GC pause (G1 Humongous Allocation) (mixed)-- 43M->15M(64M), 0.0077316 secs]
Application time: 0.0014609 seconds
[GC pause (G1 Humongous Allocation) (young) (initial-mark) 19M->15M(64M), 0.0018217 secs]
[GC concurrent-root-region-scan-start]
[GC concurrent-root-region-scan-end, 0.0000339 secs]
[GC concurrent-mark-start]
[GC concurrent-mark-end, 0.0116781 secs]
Application time: 0.0118008 seconds
[GC remark, 0.0030770 secs]
Application time: 0.0000636 seconds
[GC cleanup 25M->25M(64M), 0.0002120 secs]
[GC concurrent-cleanup-start]
[GC concurrent-cleanup-end, 0.0000132 secs]
Application time: 0.3864243 seconds
[GC pause (G1 Humongous Allocation) (young)-- 43M->16M(64M), 0.0069309 secs]
Application time: 0.5201130 seconds
[GC pause (G1 Humongous Allocation) (mixed)-- 43M->16M(64M), 0.0066832 secs]
Application time: 0.6226864 seconds
[GC pause (G1 Humongous Allocation) (mixed)-- 44M->16M(64M), 0.0061164 secs]
Application time: 0.1163272 seconds
[GC pause (G1 Humongous Allocation) (young) (initial-mark) 21M->16M(64M), 0.0014736 secs]
[GC concurrent-root-region-scan-start]
[GC concurrent-root-region-scan-end, 0.0000106 secs]
[GC concurrent-mark-start]
[GC concurrent-mark-end, 0.0045574 secs]
Application time: 0.0046159 seconds
[GC remark, 0.0030779 secs]
Application time: 0.0000598 seconds
[GC cleanup 18M->18M(64M), 0.0002463 secs]
Application time: 0.0895347 seconds
[GC pause (G1 Humongous Allocation) (young)-- 44M->17M(64M), 0.0050183 secs]
Application time: 0.0158744 seconds
[GC pause (G1 Humongous Allocation) (mixed)-- 44M->17M(64M), 0.0056235 secs]
Application time: 0.0111190 seconds
[GC pause (G1 Humongous Allocation) (mixed)-- 43M->15M(64M), 0.0052738 secs]
Application time: 0.0007153 seconds
[GC pause (G1 Humongous Allocation) (young) (initial-mark) 20M->16M(64M), 0.0011093 secs]
[GC concurrent-root-region-scan-start]
[GC concurrent-root-region-scan-end, 0.0000945 secs]
[GC concurrent-mark-start]
[GC concurrent-mark-end, 0.0043529 secs]
Application time: 0.0044985 seconds
[GC remark, 0.0025137 secs]
Application time: 0.0000383 seconds
[GC cleanup 19M->19M(64M), 0.0001859 secs]
[GC concurrent-cleanup-start]
[GC concurrent-cleanup-end, 0.0000096 secs]
Application time: 0.3447532 seconds
[GC pause (G1 Humongous Allocation) (young)-- 43M->18M(64M), 0.0057061 secs]
Application time: 0.4593117 seconds
[GC pause (G1 Humongous Allocation) (mixed)-- 43M->17M(64M), 0.0049628 secs]
Application time: 0.4627940 seconds
[GC pause (G1 Humongous Allocation) (mixed)-- 43M->17M(64M), 0.0052424 secs]
Application time: 0.0576667 seconds
[GC pause (G1 Humongous Allocation) (young) (initial-mark) 19M->17M(64M), 0.0008865 secs]
[GC concurrent-root-region-scan-start]
[GC concurrent-root-region-scan-end, 0.0000130 secs]
[GC concurrent-mark-start]
[GC concurrent-mark-end, 0.0047238 secs]
Application time: 0.0047810 seconds
[GC remark, 0.0023995 secs]
Application time: 0.0000450 seconds
[GC cleanup 17M->17M(64M), 0.0001629 secs]
Application time: 0.0803208 seconds
[GC pause (G1 Humongous Allocation) (young)-- 44M->17M(64M), 0.0044459 secs]
Application time: 0.0140994 seconds
[GC pause (G1 Humongous Allocation) (mixed)-- 43M->18M(64M), 0.0046249 secs]
Application time: 0.0127762 seconds
[GC pause (G1 Humongous Allocation) (mixed)-- 44M->18M(64M), 0.0049048 secs]
Application time: 0.2611875 seconds
[GC pause (G1 Humongous Allocation) (mixed)-- 43M->18M(64M), 0.0047277 secs]
Application time: 0.0014267 seconds
[GC pause (G1 Humongous Allocation) (young) (initial-mark) 19M->16M(64M), 0.0004795 secs]
[GC concurrent-root-region-scan-start]
[GC concurrent-root-region-scan-end, 0.0000114 secs]
[GC concurrent-mark-start]
[GC concurrent-mark-end, 0.0040034 secs]
Application time: 0.0040703 seconds
[GC remark, 0.0024907 secs]
Application time: 0.0059473 seconds
[GC cleanup 16M->16M(64M), 0.0001373 secs]
[GC concurrent-cleanup-start]
[GC concurrent-cleanup-end, 0.0000082 secs]
Application time: 0.4646317 seconds
[GC pause (G1 Humongous Allocation) (young)-- 45M->18M(64M), 0.0051761 secs]
Application time: 0.4433708 seconds
[GC pause (G1 Humongous Allocation) (mixed)-- 44M->18M(64M), 0.0060434 secs]
Application time: 0.4112920 seconds
[GC pause (G1 Humongous Allocation) (mixed)-- 44M->18M(64M), 0.0064627 secs]
Application time: 0.0266349 seconds
[GC pause (G1 Humongous Allocation) (young) (initial-mark) 20M->18M(64M), 0.0013909 secs]
[GC concurrent-root-region-scan-start]
[GC concurrent-root-region-scan-end, 0.0000300 secs]
[GC concurrent-mark-start]
[GC concurrent-mark-end, 0.0039235 secs]
Application time: 0.0040231 seconds
[GC remark, 0.0033062 secs]
Application time: 0.0070203 seconds
[GC cleanup 18M->18M(64M), 0.0002587 secs]
[GC concurrent-cleanup-start]
[GC concurrent-cleanup-end, 0.0000088 secs]
Application time: 0.1193121 seconds
[GC pause (G1 Humongous Allocation) (young)-- 44M->19M(64M), 0.0056279 secs]
Application time: 0.0147905 seconds
[GC pause (G1 Humongous Allocation) (mixed)-- 44M->18M(64M), 0.0052394 secs]
Application time: 0.0171542 seconds
[GC pause (G1 Humongous Allocation) (mixed)-- 44M->18M(64M), 0.0064669 secs]
Application time: 0.1454814 seconds
[GC pause (G1 Humongous Allocation) (mixed)-- 43M->18M(64M), 0.0063847 secs]
Application time: 0.0002760 seconds
[GC pause (G1 Humongous Allocation) (young) (initial-mark) 19M->18M(64M), 0.0007005 secs]
[GC concurrent-root-region-scan-start]
[GC concurrent-root-region-scan-end, 0.0000129 secs]
[GC concurrent-mark-start]
[GC concurrent-mark-end, 0.0034876 secs]
Application time: 0.0035391 seconds
[GC remark, 0.0030180 secs]
Application time: 0.0014659 seconds
[GC cleanup 19M->19M(64M), 0.0001791 secs]
[GC concurrent-cleanup-start]
[GC concurrent-cleanup-end, 0.0000074 secs]
Application time: 0.4417123 seconds
[GC pause (G1 Humongous Allocation) (young)-- 44M->19M(64M), 0.0060571 secs]
Application time: 0.4588628 seconds
[GC pause (G1 Humongous Allocation) (mixed)-- 43M->19M(64M), 0.0051431 secs]
Application time: 0.0922997 seconds
[GC pause (G1 Humongous Allocation) (mixed)-- 43M->19M(64M), 0.0043443 secs]
Application time: 0.0120008 seconds
[GC pause (G1 Humongous Allocation) (mixed)-- 42M->20M(64M), 0.0045669 secs]
Application time: 0.0001470 seconds
[GC pause (G1 Humongous Allocation) (young) (initial-mark) 21M->20M(64M), 0.0006665 secs]
[GC concurrent-root-region-scan-start]
[GC concurrent-root-region-scan-end, 0.0000181 secs]
[GC concurrent-mark-start]
[GC concurrent-mark-end, 0.0036996 secs]
Application time: 0.0037827 seconds
[GC remark, 0.0024849 secs]
Application time: 0.0000433 seconds
[GC cleanup 20M->19M(64M), 0.0001611 secs]
[GC concurrent-cleanup-start]
[GC concurrent-cleanup-end, 0.0000140 secs]
Application time: 0.0245949 seconds
[GC pause (G1 Humongous Allocation) (young)-- 43M->19M(64M), 0.0048565 secs]
Application time: 0.0971421 seconds
[GC pause (G1 Humongous Allocation) (mixed)-- 43M->19M(64M), 0.0049309 secs]
Application time: 0.5085004 seconds
[GC pause (G1 Humongous Allocation) (mixed)-- 42M->19M(64M), 0.0043126 secs]
Application time: 0.4188137 seconds
[GC pause (G1 Humongous Allocation) (mixed)-- 41M->19M(64M), 0.0045955 secs]
Application time: 0.0001504 seconds
[GC pause (G1 Humongous Allocation) (young) (initial-mark) 20M->19M(64M), 0.0006646 secs]
[GC concurrent-root-region-scan-start]
[GC concurrent-root-region-scan-end, 0.0000262 secs]
[GC concurrent-mark-start]
[GC concurrent-mark-end, 0.0045488 secs]
Application time: 0.0046237 seconds
[GC remark, 0.0024785 secs]
Application time: 0.0000418 seconds
[GC cleanup 21M->20M(64M), 0.0001905 secs]
[GC concurrent-cleanup-start]
[GC concurrent-cleanup-end, 0.0000139 secs]
Application time: 0.3980894 seconds
[GC pause (G1 Humongous Allocation) (young)-- 43M->19M(64M), 0.0044816 secs]
Application time: 0.4178390 seconds
[GC pause (G1 Humongous Allocation) (mixed)-- 44M->19M(64M), 0.0052819 secs]
Application time: 0.0193490 seconds
[GC pause (G1 Humongous Allocation) (mixed)-- 45M->19M(64M), 0.0042270 secs]
Application time: 0.0162970 seconds
[GC pause (G1 Humongous Allocation) (mixed)-- 44M->20M(64M), 0.0052427 secs]
Application time: 0.0001484 seconds
[GC pause (G1 Humongous Allocation) (young) (initial-mark) 21M->20M(64M), 0.0006796 secs]
[GC concurrent-root-region-scan-start]
[GC concurrent-root-region-scan-end, 0.0000249 secs]
[GC concurrent-mark-start]
[GC concurrent-mark-end, 0.0044936 secs]
Application time: 0.0045700 seconds
[GC remark, 0.0025231 secs]
Application time: 0.0000453 seconds
[GC cleanup 26M->25M(64M), 0.0001816 secs]
[GC concurrent-cleanup-start]
[GC concurrent-cleanup-end, 0.0000132 secs]
Application time: 0.0064710 seconds
[GC pause (G1 Humongous Allocation) (young)-- 44M->20M(64M), 0.0052735 secs]
Application time: 0.2755805 seconds
[GC pause (G1 Humongous Allocation) (mixed)-- 44M->20M(64M), 0.0050884 secs]
Application time: 0.4955246 seconds
[GC pause (G1 Humongous Allocation) (mixed)-- 44M->20M(64M), 0.0049423 secs]
Application time: 0.4663456 seconds
[GC pause (G1 Humongous Allocation) (mixed)-- 43M->20M(64M), 0.0046656 secs]
Application time: 0.0001795 seconds
[GC pause (G1 Humongous Allocation) (young) (initial-mark) 21M->20M(64M), 0.0007151 secs]
[GC concurrent-root-region-scan-start]
[GC concurrent-root-region-scan-end, 0.0000213 secs]
[GC concurrent-mark-start]
[GC concurrent-mark-end, 0.0045110 secs]
Application time: 0.0045897 seconds
[GC remark, 0.0024395 secs]
Application time: 0.0000300 seconds
[GC cleanup 20M->20M(64M), 0.0001703 secs]
[GC concurrent-cleanup-start]
[GC concurrent-cleanup-end, 0.0000084 secs]
Application time: 0.4025650 seconds
[GC pause (G1 Humongous Allocation) (young)-- 43M->20M(64M), 0.0062312 secs]
Application time: 0.0298094 seconds
[GC pause (G1 Humongous Allocation) (mixed)-- 43M->20M(64M), 0.0048786 secs]
Application time: 0.0221528 seconds
[GC pause (G1 Humongous Allocation) (mixed)-- 45M->20M(64M), 0.0056057 secs]
Application time: 0.0238541 seconds
[GC pause (G1 Humongous Allocation) (mixed)-- 44M->20M(64M), 0.0057521 secs]
Application time: 0.0003603 seconds
[GC pause (G1 Humongous Allocation) (young) (initial-mark) 21M->20M(64M), 0.0008154 secs]
[GC concurrent-root-region-scan-start]
[GC concurrent-root-region-scan-end, 0.0000074 secs]
[GC concurrent-mark-start]
[GC concurrent-mark-end, 0.0052304 secs]
Application time: 0.0052634 seconds
[GC remark, 0.0041894 secs]
Application time: 0.0000293 seconds
[GC cleanup 20M->20M(64M), 0.0001600 secs]
[GC concurrent-cleanup-start]
[GC concurrent-cleanup-end, 0.0000095 secs]
Application time: 0.1768542 seconds
[GC pause (G1 Humongous Allocation) (young)-- 45M->21M(64M), 0.0056003 secs]
Application time: 0.5254653 seconds
[GC pause (G1 Humongous Allocation) (mixed)-- 44M->21M(64M), 0.0050774 secs]
Application time: 0.4549556 seconds
[GC pause (G1 Humongous Allocation) (mixed)-- 45M->21M(64M), 0.0047807 secs]
Application time: 0.4432870 seconds
[GC pause (G1 Humongous Allocation) (mixed)-- 44M->18M(64M), 0.0045055 secs]
Application time: 0.0139026 seconds
[GC pause (G1 Humongous Allocation) (young) (initial-mark) 21M->20M(64M), 0.0012292 secs]
[GC concurrent-root-region-scan-start]
[GC concurrent-root-region-scan-end, 0.0001190 secs]
[GC concurrent-mark-start]
[GC concurrent-mark-end, 0.0048661 secs]
Application time: 0.0050477 seconds
[GC remark, 0.0028114 secs]
Application time: 0.0000535 seconds
[GC cleanup 20M->19M(64M), 0.0001802 secs]
[GC concurrent-cleanup-start]
[GC concurrent-cleanup-end, 0.0000130 secs]
Application time: 0.0198469 seconds
[GC pause (G1 Humongous Allocation) (young)-- 45M->20M(64M), 0.0044951 secs]
Application time: 0.0175445 seconds
[GC pause (G1 Humongous Allocation) (mixed)-- 44M->20M(64M), 0.0050700 secs]
Application time: 0.0102547 seconds
[GC pause (G1 Humongous Allocation) (mixed)-- 44M->20M(64M), 0.0049426 secs]
Application time: 0.2416794 seconds
[GC pause (G1 Humongous Allocation) (mixed)-- 43M->21M(64M), 0.0051865 secs]
Application time: 0.0024635 seconds
[GC pause (G1 Humongous Allocation) (young) (initial-mark) 21M->21M(64M), 0.0006420 secs]
[GC concurrent-root-region-scan-start]
[GC concurrent-root-region-scan-end, 0.0000141 secs]
[GC concurrent-mark-start]
[GC concurrent-mark-end, 0.0048403 secs]
Application time: 0.0049423 seconds
[GC remark, 0.0027962 secs]
Application time: 0.0023930 seconds
[GC cleanup 21M->20M(64M), 0.0001724 secs]
[GC concurrent-cleanup-start]
[GC concurrent-cleanup-end, 0.0000149 secs]
Application time: 0.4442535 seconds
[GC pause (G1 Humongous Allocation) (young)-- 44M->21M(64M), 0.0044177 secs]
Application time: 0.4327970 seconds
[GC pause (G1 Humongous Allocation) (mixed)-- 43M->21M(64M), 0.0044133 secs]
Application time: 0.3822814 seconds
[GC pause (G1 Humongous Allocation) (mixed)-- 43M->21M(64M), 0.0046719 secs]
Application time: 0.2041313 seconds
[GC pause (G1 Humongous Allocation) (mixed)-- 43M->22M(64M), 0.0046075 secs]
Application time: 0.0012559 seconds
[GC pause (G1 Humongous Allocation) (young) (initial-mark) 23M->22M(64M), 0.0007116 secs]
[GC concurrent-root-region-scan-start]
[GC concurrent-root-region-scan-end, 0.0000250 secs]
[GC concurrent-mark-start]
[GC concurrent-mark-end, 0.0045034 secs]
Application time: 0.0045778 seconds
[GC remark, 0.0027232 secs]
Application time: 0.0000330 seconds
[GC cleanup 28M->27M(64M), 0.0001955 secs]
[GC concurrent-cleanup-start]
[GC concurrent-cleanup-end, 0.0000131 secs]
Application time: 0.0076744 seconds
[GC pause (G1 Humongous Allocation) (young)-- 43M->21M(64M), 0.0037516 secs]
Application time: 0.0169082 seconds
[GC pause (G1 Humongous Allocation) (mixed)-- 43M->21M(64M), 0.0048890 secs]
Application time: 0.0082237 seconds
[GC pause (G1 Humongous Allocation) (mixed)-- 43M->21M(64M), 0.0046275 secs]
Application time: 0.1788930 seconds
[GC pause (G1 Humongous Allocation) (mixed)-- 42M->21M(64M), 0.0043581 secs]
Application time: 0.0054490 seconds
[GC pause (G1 Humongous Allocation) (young) (initial-mark) 22M->21M(64M), 0.0005241 secs]
[GC concurrent-root-region-scan-start]
[GC concurrent-root-region-scan-end, 0.0000068 secs]
[GC concurrent-mark-start]
[GC concurrent-mark-end, 0.0041375 secs]
Application time: 0.0133770 seconds
[GC remark, 0.0024359 secs]
Application time: 0.0000271 seconds
[GC cleanup 21M->21M(64M), 0.0001590 secs]
[GC concurrent-cleanup-start]
[GC concurrent-cleanup-end, 0.0000108 secs]
Application time: 0.3935204 seconds
[GC pause (G1 Humongous Allocation) (young)-- 43M->22M(64M), 0.0041653 secs]
Application time: 0.3697665 seconds
[GC pause (G1 Humongous Allocation) (mixed)-- 42M->22M(64M), 0.0039636 secs]
Application time: 0.2503464 seconds
[GC pause (G1 Humongous Allocation) (mixed)-- 42M->22M(64M), 0.0040087 secs]
Application time: 0.0143974 seconds
[GC pause (G1 Humongous Allocation) (mixed)-- 42M->22M(64M), 0.0031994 secs]
Application time: 0.0002701 seconds
[GC pause (G1 Humongous Allocation) (young) (initial-mark) 23M->22M(64M), 0.0006609 secs]
[GC concurrent-root-region-scan-start]
[GC concurrent-root-region-scan-end, 0.0000182 secs]
[GC concurrent-mark-start]
[GC concurrent-mark-end, 0.0036701 secs]
Application time: 0.0037533 seconds
[GC remark, 0.0021957 secs]
Application time: 0.0000277 seconds
[GC cleanup 22M->22M(64M), 0.0001570 secs]
[GC concurrent-cleanup-start]
[GC concurrent-cleanup-end, 0.0000109 secs]
Application time: 0.0124730 seconds
[GC pause (G1 Humongous Allocation) (young)-- 42M->22M(64M), 0.0035627 secs]
Application time: 0.0116096 seconds
[GC pause (G1 Humongous Allocation) (mixed)-- 42M->22M(64M), 0.0039267 secs]
Application time: 0.0046824 seconds
[GC pause (G1 Humongous Allocation) (mixed)-- 42M->22M(64M), 0.0041453 secs]
Application time: 0.3577035 seconds
[GC pause (G1 Humongous Allocation) (mixed)-- 41M->22M(64M), 0.0036415 secs]
Application time: 0.3232795 seconds
[GC pause (G1 Humongous Allocation) (mixed)-- 41M->22M(64M), 0.0037119 secs]
Application time: 0.0043033 seconds
[GC pause (G1 Humongous Allocation) (young) (initial-mark) 23M->22M(64M), 0.0007180 secs]
[GC concurrent-root-region-scan-start]
[GC concurrent-root-region-scan-end, 0.0000249 secs]
[GC concurrent-mark-start]
[GC concurrent-mark-end, 0.0038900 secs]
Application time: 0.0039598 seconds
[GC remark, 0.0024519 secs]
Application time: 0.0000452 seconds
[GC cleanup 23M->23M(64M), 0.0001779 secs]
[GC concurrent-cleanup-start]
[GC concurrent-cleanup-end, 0.0000152 secs]
Application time: 0.3594924 seconds
[GC pause (G1 Humongous Allocation) (young)-- 44M->22M(64M), 0.0038912 secs]
Application time: 0.3990882 seconds
[GC pause (G1 Humongous Allocation) (mixed)-- 44M->22M(64M), 0.0042562 secs]
Application time: 0.2153097 seconds
[GC pause (G1 Humongous Allocation) (mixed)-- 44M->23M(64M), 0.0044245 secs]
Application time: 0.0145796 seconds
[GC pause (G1 Humongous Allocation) (mixed)-- 43M->23M(64M), 0.0032960 secs]
Application time: 0.0001521 seconds
[GC pause (G1 Humongous Allocation) (young) (initial-mark) 23M->23M(64M), 0.0004568 secs]
[GC concurrent-root-region-scan-start]
[GC concurrent-root-region-scan-end, 0.0000090 secs]
[GC concurrent-mark-start]
[GC concurrent-mark-end, 0.0039423 secs]
Application time: 0.0040012 seconds
[GC remark, 0.0025232 secs]
Application time: 0.0000491 seconds
[GC cleanup 32M->31M(64M), 0.0001742 secs]
[GC concurrent-cleanup-start]
[GC concurrent-cleanup-end, 0.0000131 secs]
Application time: 0.0079676 seconds
[GC pause (G1 Humongous Allocation) (young)-- 44M->23M(64M), 0.0037878 secs]
Application time: 0.0121570 seconds
[GC pause (G1 Humongous Allocation) (mixed)-- 44M->23M(64M), 0.0041394 secs]
Application time: 0.0442169 seconds
[GC pause (G1 Humongous Allocation) (mixed)-- 44M->22M(64M), 0.0044837 secs]
Application time: 0.3604046 seconds
[GC pause (G1 Humongous Allocation) (mixed)-- 43M->23M(64M), 0.0040833 secs]
Application time: 0.0023664 seconds
[GC pause (G1 Humongous Allocation) (young) (initial-mark) 23M->23M(64M), 0.0005164 secs]
[GC concurrent-root-region-scan-start]
[GC concurrent-root-region-scan-end, 0.0000072 secs]
[GC concurrent-mark-start]
[GC concurrent-mark-end, 0.0041780 secs]
Application time: 0.0042060 seconds
[GC remark, 0.0024839 secs]
Application time: 0.0000272 seconds
[GC cleanup 23M->22M(64M), 0.0001710 secs]
[GC concurrent-cleanup-start]
[GC concurrent-cleanup-end, 0.0000104 secs]
Application time: 0.3746563 seconds
[GC pause (G1 Humongous Allocation) (young)-- 44M->23M(64M), 0.0043145 secs]
Application time: 0.3691616 seconds
[GC pause (G1 Humongous Allocation) (mixed)-- 44M->23M(64M), 0.0041851 secs]
Application time: 0.0891685 seconds
[GC pause (G1 Humongous Allocation) (mixed)-- 44M->23M(64M), 0.0038052 secs]
Application time: 0.0095606 seconds
[GC pause (G1 Humongous Allocation) (mixed)-- 43M->23M(64M), 0.0035613 secs]
Application time: 0.0001387 seconds
[GC pause (G1 Humongous Allocation) (young) (initial-mark) 24M->23M(64M), 0.0006878 secs]
[GC concurrent-root-region-scan-start]
[GC concurrent-root-region-scan-end, 0.0000164 secs]
[GC concurrent-mark-start]
[GC concurrent-mark-end, 0.0039097 secs]
Application time: 0.0042451 seconds
[GC remark, 0.0026869 secs]
Application time: 0.0012403 seconds
[GC cleanup 23M->23M(64M), 0.0001833 secs]
[GC concurrent-cleanup-start]
[GC concurrent-cleanup-end, 0.0000056 secs]
Application time: 0.0139698 seconds
[GC pause (G1 Humongous Allocation) (young)-- 42M->24M(64M), 0.0037535 secs]
Application time: 0.0063895 seconds
[GC pause (G1 Humongous Allocation) (mixed)-- 42M->24M(64M), 0.0037834 secs]
Application time: 0.1256990 seconds
[GC pause (G1 Humongous Allocation) (mixed)-- 42M->24M(64M), 0.0037731 secs]
Application time: 0.3008075 seconds
[GC pause (G1 Humongous Allocation) (mixed)-- 41M->24M(64M), 0.0035612 secs]
Application time: 0.3012906 seconds
[GC pause (G1 Humongous Allocation) (mixed)-- 41M->24M(64M), 0.0052953 secs]
Application time: 0.0027809 seconds
[GC pause (G1 Humongous Allocation) (young) (initial-mark) 25M->24M(64M), 0.0006771 secs]
[GC concurrent-root-region-scan-start]
[GC concurrent-root-region-scan-end, 0.0000258 secs]
[GC concurrent-mark-start]
[GC concurrent-mark-end, 0.0040726 secs]
Application time: 0.0042636 seconds
[GC remark, 0.0023441 secs]
Application time: 0.0055641 seconds
[GC cleanup 25M->24M(64M), 0.0001579 secs]
[GC concurrent-cleanup-start]
[GC concurrent-cleanup-end, 0.0000090 secs]
Application time: 0.3072361 seconds
[GC pause (G1 Humongous Allocation) (young)-- 41M->23M(64M), 0.0046767 secs]
Application time: 0.3568231 seconds
[GC pause (G1 Humongous Allocation) (mixed)-- 42M->23M(64M), 0.0039744 secs]
Application time: 0.2676208 seconds
[GC pause (G1 Humongous Allocation) (mixed)-- 42M->24M(64M), 0.0043873 secs]
Application time: 0.0165942 seconds
[GC pause (G1 Humongous Allocation) (mixed)-- 41M->24M(64M), 0.0031670 secs]
Application time: 0.0076457 seconds
[GC pause (G1 Humongous Allocation) (mixed)-- 41M->24M(64M), 0.0033046 secs]
Application time: 0.0013486 seconds
[GC pause (G1 Humongous Allocation) (young) (initial-mark) 25M->24M(64M), 0.0007114 secs]
[GC concurrent-root-region-scan-start]
[GC concurrent-root-region-scan-end, 0.0000114 secs]
[GC concurrent-mark-start]
[GC concurrent-mark-end, 0.0042230 secs]
Application time: 0.0042809 seconds
[GC remark, 0.0025892 secs]
Application time: 0.0000471 seconds
[GC cleanup 25M->24M(64M), 0.0001726 secs]
[GC concurrent-cleanup-start]
[GC concurrent-cleanup-end, 0.0000113 secs]
Application time: 0.0148968 seconds
[GC pause (G1 Humongous Allocation) (young) 44M->23M(64M), 0.0043606 secs]
Application time: 0.0059015 seconds
[GC pause (G1 Humongous Allocation) (mixed)-- 44M->23M(64M), 0.0045648 secs]
Application time: 0.2187761 seconds
[GC pause (G1 Humongous Allocation) (mixed)-- 43M->23M(64M), 0.0056633 secs]
Application time: 0.3518170 seconds
[GC pause (G1 Humongous Allocation) (mixed)-- 42M->23M(64M), 0.0047303 secs]
Application time: 0.3499043 seconds
[GC pause (G1 Humongous Allocation) (mixed)-- 42M->24M(64M), 0.0049994 secs]
Application time: 0.0002400 seconds
[GC pause (G1 Humongous Allocation) (young) (initial-mark) 24M->24M(64M), 0.0009760 secs]
[GC concurrent-root-region-scan-start]
[GC concurrent-root-region-scan-end, 0.0000418 secs]
[GC concurrent-mark-start]
[GC concurrent-mark-end, 0.0049932 secs]
Application time: 0.0050871 seconds
[GC remark, 0.0028802 secs]
Application time: 0.0000430 seconds
[GC cleanup 24M->24M(64M), 0.0001995 secs]
[GC concurrent-cleanup-start]
[GC concurrent-cleanup-end, 0.0000069 secs]
Application time: 0.3408270 seconds
[GC pause (G1 Humongous Allocation) (young) 42M->23M(64M), 0.0043228 secs]
Application time: 0.2284219 seconds
[GC pause (G1 Humongous Allocation) (mixed)-- 43M->23M(64M), 0.0049823 secs]
Application time: 0.0221512 seconds
[GC pause (G1 Humongous Allocation) (mixed)-- 44M->23M(64M), 0.0047055 secs]
Application time: 0.0312068 seconds
[GC pause (G1 Humongous Allocation) (mixed)-- 43M->23M(64M), 0.0059581 secs]
Application time: 0.0202066 seconds
[GC pause (G1 Humongous Allocation) (mixed)-- 43M->23M(64M), 0.0057899 secs]
Application time: 0.0004610 seconds
[GC pause (G1 Humongous Allocation) (young) (initial-mark) 24M->23M(64M), 0.0011944 secs]
[GC concurrent-root-region-scan-start]
[GC concurrent-root-region-scan-end, 0.0000252 secs]
[GC concurrent-mark-start]
[GC concurrent-mark-end, 0.0047077 secs]
Application time: 0.0058726 seconds
[GC remark, 0.0034546 secs]
Application time: 0.0000443 seconds
[GC cleanup 37M->37M(64M), 0.0002648 secs]
[GC concurrent-cleanup-start]
[GC concurrent-cleanup-end, 0.0000517 secs]
Application time: 0.0215805 seconds
[GC pause (G1 Humongous Allocation) (young)-- 43M->24M(64M), 0.0058755 secs]
Application time: 0.3439990 seconds
[GC pause (G1 Humongous Allocation) (mixed)-- 42M->24M(64M), 0.0049246 secs]
Application time: 0.3596021 seconds
[GC pause (G1 Humongous Allocation) (mixed)-- 43M->24M(64M), 0.0044993 secs]
Application time: 0.3500287 seconds
[GC pause (G1 Humongous Allocation) (mixed)-- 43M->24M(64M), 0.0047510 secs]
Application time: 0.3445029 seconds
[GC pause (G1 Humongous Allocation) (mixed)-- 42M->24M(64M), 0.0047113 secs]
Application time: 0.0002561 seconds
[GC pause (G1 Humongous Allocation) (young) (initial-mark) 25M->24M(64M), 0.0007030 secs]
[GC concurrent-root-region-scan-start]
[GC concurrent-root-region-scan-end, 0.0000144 secs]
[GC concurrent-mark-start]
[GC concurrent-mark-end, 0.0049562 secs]
Application time: 0.0050184 seconds
[GC remark, 0.0029175 secs]
Application time: 0.0000417 seconds
[GC cleanup 25M->25M(64M), 0.0001900 secs]
[GC concurrent-cleanup-start]
[GC concurrent-cleanup-end, 0.0000081 secs]
Application time: 0.2219995 seconds
[GC pause (G1 Humongous Allocation) (young)-- 43M->25M(64M), 0.0052173 secs]
Application time: 0.0178441 seconds
[GC pause (G1 Humongous Allocation) (mixed)-- 43M->24M(64M), 0.0039133 secs]
Application time: 0.0167796 seconds
[GC pause (G1 Humongous Allocation) (mixed)-- 44M->25M(64M), 0.0046805 secs]
Application time: 0.0129077 seconds
[GC pause (G1 Humongous Allocation) (mixed)-- 43M->25M(64M), 0.0047786 secs]
Application time: 0.0054194 seconds
[GC pause (G1 Humongous Allocation) (mixed)-- 43M->25M(64M), 0.0046533 secs]
Application time: 0.0002775 seconds
[GC pause (G1 Humongous Allocation) (young) (initial-mark) 26M->25M(64M), 0.0010082 secs]
[GC concurrent-root-region-scan-start]
[GC concurrent-root-region-scan-end, 0.0000136 secs]
[GC concurrent-mark-start]
[GC concurrent-mark-end, 0.0045015 secs]
Application time: 0.0091255 seconds
[GC remark, 0.0034253 secs]
Application time: 0.0000470 seconds
[GC cleanup 36M->36M(64M), 0.0001995 secs]
[GC concurrent-cleanup-start]
[GC concurrent-cleanup-end, 0.0000094 secs]
Application time: 0.1678923 seconds
[GC pause (G1 Humongous Allocation) (young)-- 44M->25M(64M), 0.0047754 secs]
Application time: 0.3041879 seconds
[GC pause (G1 Humongous Allocation) (mixed)-- 43M->25M(64M), 0.0047435 secs]
Application time: 0.3151847 seconds
[GC pause (G1 Humongous Allocation) (mixed)-- 44M->26M(64M), 0.0047388 secs]
Application time: 0.3452483 seconds
[GC pause (G1 Humongous Allocation) (mixed)-- 43M->26M(64M), 0.0045324 secs]
Application time: 0.2263837 seconds
[GC pause (G1 Humongous Allocation) (mixed)-- 44M->26M(64M), 0.0047707 secs]
Application time: 0.0002308 seconds
[GC pause (G1 Humongous Allocation) (young) (initial-mark) 27M->26M(64M), 0.0008054 secs]
[GC concurrent-root-region-scan-start]
[GC concurrent-root-region-scan-end, 0.0000148 secs]
[GC concurrent-mark-start]
[GC concurrent-mark-end, 0.0051376 secs]
Application time: 0.0052143 seconds
[GC remark, 0.0029894 secs]
Application time: 0.0000432 seconds
[GC cleanup 27M->27M(64M), 0.0001875 secs]
[GC concurrent-cleanup-start]
[GC concurrent-cleanup-end, 0.0000181 secs]
Application time: 0.0146010 seconds
[GC pause (G1 Humongous Allocation) (young)-- 44M->26M(64M), 0.0038263 secs]
Application time: 0.0097649 seconds
[GC pause (G1 Humongous Allocation) (mixed)-- 43M->26M(64M), 0.0039580 secs]
Application time: 0.0141869 seconds
[GC pause (G1 Humongous Allocation) (mixed)-- 42M->26M(64M), 0.0043983 secs]
Application time: 0.0069336 seconds
[GC pause (G1 Humongous Allocation) (mixed)-- 42M->26M(64M), 0.0040688 secs]
Application time: 0.0054641 seconds
[GC pause (G1 Humongous Allocation) (mixed)-- 41M->25M(64M), 0.0040497 secs]
Application time: 0.0007759 seconds
[GC pause (G1 Humongous Allocation) (young) (initial-mark) 26M->26M(64M), 0.0010357 secs]
[GC concurrent-root-region-scan-start]
[GC concurrent-root-region-scan-end, 0.0002334 secs]
[GC concurrent-mark-start]
[GC concurrent-mark-end, 0.0048351 secs]
Application time: 0.0051040 seconds
[GC remark, 0.0027363 secs]
Application time: 0.0000435 seconds
[GC cleanup 26M->26M(64M), 0.0002081 secs]
[GC concurrent-cleanup-start]
[GC concurrent-cleanup-end, 0.0000089 secs]
Application time: 0.3218019 seconds
[GC pause (G1 Humongous Allocation) (young)-- 43M->27M(64M), 0.0046761 secs]
Application time: 0.2439084 seconds
[GC pause (G1 Humongous Allocation) (mixed)-- 42M->26M(64M), 0.0041007 secs]
Application time: 0.3484733 seconds
[GC pause (G1 Humongous Allocation) (mixed)-- 43M->26M(64M), 0.0046634 secs]
Application time: 0.2948899 seconds
[GC pause (G1 Humongous Allocation) (mixed)-- 43M->26M(64M), 0.0044599 secs]
Application time: 0.2565805 seconds
[GC pause (G1 Humongous Allocation) (mixed)-- 43M->27M(64M), 0.0050001 secs]
Application time: 0.0001980 seconds
[GC pause (G1 Humongous Allocation) (young) (initial-mark) 27M->27M(64M), 0.0007172 secs]
[GC concurrent-root-region-scan-start]
[GC concurrent-root-region-scan-end, 0.0000088 secs]
[GC concurrent-mark-start]
[GC concurrent-mark-end, 0.0046504 secs]
Application time: 0.0047230 seconds
[GC remark, 0.0031037 secs]
Application time: 0.0000323 seconds
[GC cleanup 30M->30M(64M), 0.0002158 secs]
[GC concurrent-cleanup-start]
[GC concurrent-cleanup-end, 0.0000062 secs]
Application time: 0.0133051 seconds
[GC pause (G1 Humongous Allocation) (young)-- 43M->26M(64M), 0.0035540 secs]
Application time: 0.0068779 seconds
[GC pause (G1 Humongous Allocation) (mixed)-- 42M->26M(64M), 0.0036560 secs]
Application time: 0.0129776 seconds
[GC pause (G1 Humongous Allocation) (mixed)-- 42M->27M(64M), 0.0046766 secs]
Application time: 0.0083141 seconds
[GC pause (G1 Humongous Allocation) (mixed)-- 41M->27M(64M), 0.0040162 secs]
Application time: 0.0037253 seconds
[GC pause (G1 Humongous Allocation) (mixed)-- 41M->27M(64M), 0.0038496 secs]
Application time: 0.0077938 seconds
[GC pause (G1 Humongous Allocation) (young) (initial-mark) 27M->27M(64M), 0.0010175 secs]
[GC concurrent-root-region-scan-start]
[GC concurrent-root-region-scan-end, 0.0067677 secs]
[GC concurrent-mark-start]
[GC concurrent-mark-end, 0.0051684 secs]
Application time: 0.0178486 seconds
[GC remark, 0.0034104 secs]
Application time: 0.0000485 seconds
[GC cleanup 34M->34M(64M), 0.0002111 secs]
[GC concurrent-cleanup-start]
[GC concurrent-cleanup-end, 0.0000120 secs]
Application time: 0.1734450 seconds
[GC pause (G1 Humongous Allocation) (young)-- 41M->26M(64M), 0.0038940 secs]
Application time: 0.2957379 seconds
[GC pause (G1 Humongous Allocation) (mixed)-- 41M->26M(64M), 0.0033105 secs]
Application time: 0.3134682 seconds
[GC pause (G1 Humongous Allocation) (mixed)-- 43M->27M(64M), 0.0038366 secs]
Application time: 0.2685241 seconds
[GC pause (G1 Humongous Allocation) (mixed)-- 43M->27M(64M), 0.0043861 secs]
Application time: 0.3119093 seconds
[GC pause (G1 Humongous Allocation) (mixed)-- 42M->27M(64M), 0.0042862 secs]
Application time: 0.2383088 seconds
[GC pause (G1 Humongous Allocation) (mixed)-- 41M->27M(64M), 0.0042974 secs]
Application time: 0.0313272 seconds
[GC pause (G1 Humongous Allocation) (young) (initial-mark) 28M->27M(64M), 0.0010962 secs]
[GC concurrent-root-region-scan-start]
[GC concurrent-root-region-scan-end, 0.0000157 secs]
[GC concurrent-mark-start]
[GC concurrent-mark-end, 0.0044848 secs]
Application time: 0.0045425 seconds
[GC remark, 0.0031318 secs]
Application time: 0.0000643 seconds
[GC cleanup 28M->27M(64M), 0.0002204 secs]
[GC concurrent-cleanup-start]
[GC concurrent-cleanup-end, 0.0000163 secs]
Application time: 0.1279597 seconds
[GC pause (G1 Humongous Allocation) (young)-- 44M->28M(64M), 0.0046193 secs]
Application time: 0.0107644 seconds
[GC pause (G1 Humongous Allocation) (mixed)-- 43M->26M(64M), 0.0034495 secs]
Application time: 0.0086652 seconds
[GC pause (G1 Humongous Allocation) (mixed)-- 43M->27M(64M), 0.0041579 secs]
Application time: 0.0114790 seconds
[GC pause (G1 Humongous Allocation) (mixed)-- 43M->27M(64M), 0.0040015 secs]
Application time: 0.0070657 seconds
[GC pause (G1 Humongous Allocation) (mixed)-- 43M->27M(64M), 0.0042625 secs]
Application time: 0.0034883 seconds
[GC pause (G1 Humongous Allocation) (mixed)-- 42M->27M(64M), 0.0039819 secs]
Application time: 0.0001771 seconds
[GC pause (G1 Humongous Allocation) (young) (initial-mark) 28M->27M(64M), 0.0010469 secs]
[GC concurrent-root-region-scan-start]
[GC concurrent-root-region-scan-end, 0.0000486 secs]
[GC concurrent-mark-start]
[GC concurrent-mark-end, 0.0042578 secs]
Application time: 0.0043162 seconds
[GC remark, 0.0036308 secs]
Application time: 0.0000309 seconds
[GC cleanup 28M->28M(64M), 0.0002245 secs]
[GC concurrent-cleanup-start]
[GC concurrent-cleanup-end, 0.0000063 secs]
Application time: 0.2524470 seconds
[GC pause (G1 Humongous Allocation) (young)-- 42M->28M(64M), 0.0042623 secs]
Application time: 0.2617340 seconds
[GC pause (G1 Humongous Allocation) (mixed)-- 42M->28M(64M), 0.0039307 secs]
Application time: 0.3010109 seconds
[GC pause (G1 Humongous Allocation) (mixed)-- 42M->28M(64M), 0.0043113 secs]
Application time: 0.2532782 seconds
[GC pause (G1 Humongous Allocation) (mixed)-- 42M->28M(64M), 0.0039604 secs]
Application time: 0.2733103 seconds
[GC pause (G1 Humongous Allocation) (mixed)-- 41M->28M(64M), 0.0037145 secs]
Application time: 0.0237989 seconds
[GC pause (G1 Humongous Allocation) (mixed)-- 42M->28M(64M), 0.0033884 secs]
Application time: 0.0014466 seconds
[GC pause (G1 Humongous Allocation) (young) (initial-mark) 29M->28M(64M), 0.0011909 secs]
[GC concurrent-root-region-scan-start]
[GC concurrent-root-region-scan-end, 0.0000329 secs]
[GC concurrent-mark-start]
[GC concurrent-mark-end, 0.0039409 secs]
Application time: 0.0058649 seconds
[GC remark, 0.0031830 secs]
Application time: 0.0000328 seconds
[GC cleanup 33M->32M(64M), 0.0002183 secs]
[GC concurrent-cleanup-start]
[GC concurrent-cleanup-end, 0.0000158 secs]
Application time: 0.0037527 seconds
[GC pause (G1 Humongous Allocation) (young)-- 43M->28M(64M), 0.0030633 secs]
Application time: 0.0103061 seconds
[GC pause (G1 Humongous Allocation) (mixed)-- 43M->28M(64M), 0.0038092 secs]
Application time: 0.0121815 seconds
[GC pause (G1 Humongous Allocation) (mixed)-- 42M->28M(64M), 0.0040259 secs]
Application time: 0.0063044 seconds
[GC pause (G1 Humongous Allocation) (mixed)-- 42M->28M(64M), 0.0036797 secs]
Application time: 0.0035856 seconds
[GC pause (G1 Humongous Allocation) (mixed)-- 42M->28M(64M), 0.0036815 secs]
Application time: 0.2106859 seconds
[GC pause (G1 Humongous Allocation) (mixed)-- 42M->28M(64M), 0.0039489 secs]
Application time: 0.0002661 seconds
[GC pause (G1 Humongous Allocation) (young) (initial-mark) 29M->28M(64M), 0.0007059 secs]
[GC concurrent-root-region-scan-start]
[GC concurrent-root-region-scan-end, 0.0000060 secs]
[GC concurrent-mark-start]
[GC concurrent-mark-end, 0.0042572 secs]
Application time: 0.0043318 seconds
[GC remark, 0.0030393 secs]
Application time: 0.0000425 seconds
[GC cleanup 29M->28M(64M), 0.0002220 secs]
[GC concurrent-cleanup-start]
[GC concurrent-cleanup-end, 0.0000092 secs]
Application time: 0.2912246 seconds
[GC pause (G1 Humongous Allocation) (young) 44M->28M(64M), 0.0047934 secs]
Application time: 0.3356326 seconds
[GC pause (G1 Humongous Allocation) (mixed)-- 44M->28M(64M), 0.0044400 secs]
Application time: 0.2716085 seconds
[GC pause (G1 Humongous Allocation) (mixed)-- 43M->28M(64M), 0.0040991 secs]
Application time: 0.2730759 seconds
[GC pause (G1 Humongous Allocation) (mixed)-- 43M->28M(64M), 0.0040737 secs]
Application time: 0.2057661 seconds
[GC pause (G1 Humongous Allocation) (mixed)-- 42M->28M(64M), 0.0085997 secs]
Application time: 0.1514813 seconds
[GC pause (G1 Humongous Allocation) (mixed)-- 42M->29M(64M), 0.0039627 secs]
Application time: 0.0015188 seconds
[GC pause (G1 Humongous Allocation) (young) (initial-mark) 30M->29M(64M), 0.0009795 secs]
[GC concurrent-root-region-scan-start]
[GC concurrent-root-region-scan-end, 0.0000259 secs]
[GC concurrent-mark-start]
[GC concurrent-mark-end, 0.0039303 secs]
Application time: 0.0040044 seconds
[GC remark, 0.0031693 secs]
Application time: 0.0000334 seconds
[GC cleanup 33M->33M(64M), 0.0002324 secs]
[GC concurrent-cleanup-start]
[GC concurrent-cleanup-end, 0.0000166 secs]
Application time: 0.0099008 seconds
[GC pause (G1 Humongous Allocation) (young)-- 43M->28M(64M), 0.0030361 secs]
Application time: 0.0069438 seconds
[GC pause (G1 Humongous Allocation) (mixed)-- 43M->28M(64M), 0.0033293 secs]
Application time: 0.0102641 seconds
[GC pause (G1 Humongous Allocation) (mixed)-- 43M->29M(64M), 0.0039696 secs]
Application time: 0.0106706 seconds
[GC pause (G1 Humongous Allocation) (mixed)-- 42M->29M(64M), 0.0040585 secs]
Application time: 0.0033476 seconds
[GC pause (G1 Humongous Allocation) (mixed)-- 42M->29M(64M), 0.0033792 secs]
Application time: 0.0433094 seconds
[GC pause (G1 Humongous Allocation) (mixed)-- 42M->28M(64M), 0.0039088 secs]
Application time: 0.0390852 seconds
[GC pause (G1 Humongous Allocation) (young) (initial-mark) 29M->29M(64M), 0.0010380 secs]
[GC concurrent-root-region-scan-start]
[GC concurrent-root-region-scan-end, 0.0000294 secs]
[GC concurrent-mark-start]
[GC concurrent-mark-end, 0.0040443 secs]
Application time: 0.0040573 seconds
[GC remark, 0.0030509 secs]
Application time: 0.0000298 seconds
[GC cleanup 29M->29M(64M), 0.0002230 secs]
[GC concurrent-cleanup-start]
[GC concurrent-cleanup-end, 0.0000109 secs]
Application time: 0.2437388 seconds
[GC pause (G1 Humongous Allocation) (young)-- 43M->29M(64M), 0.0037862 secs]
Application time: 0.2691045 seconds
[GC pause (G1 Humongous Allocation) (mixed)-- 43M->29M(64M), 0.0039667 secs]
Application time: 0.2717451 seconds
[GC pause (G1 Humongous Allocation) (mixed)-- 42M->29M(64M), 0.0038210 secs]
Application time: 0.2072596 seconds
[GC pause (G1 Humongous Allocation) (mixed)-- 41M->29M(64M), 0.0037345 secs]
Application time: 0.2497046 seconds
[GC pause (G1 Humongous Allocation) (mixed)-- 41M->29M(64M), 0.0034918 secs]
Application time: 0.0475997 seconds
[GC pause (G1 Humongous Allocation) (mixed)-- 41M->30M(64M), 0.0035821 secs]
Application time: 0.0002364 seconds
[GC pause (G1 Humongous Allocation) (young) (initial-mark) 30M->30M(64M), 0.0007617 secs]
[GC concurrent-root-region-scan-start]
[GC concurrent-root-region-scan-end, 0.0000093 secs]
[GC concurrent-mark-start]
[GC concurrent-mark-end, 0.0042230 secs]
Application time: 0.0042759 seconds
[GC remark, 0.0031352 secs]
Application time: 0.0000390 seconds
[GC cleanup 33M->33M(64M), 0.0002574 secs]
[GC concurrent-cleanup-start]
[GC concurrent-cleanup-end, 0.0000122 secs]
Application time: 0.0076199 seconds
[GC pause (G1 Humongous Allocation) (young)-- 43M->29M(64M), 0.0031463 secs]
Application time: 0.0073400 seconds
[GC pause (G1 Humongous Allocation) (mixed)-- 42M->29M(64M), 0.0034034 secs]
Application time: 0.0085636 seconds
[GC pause (G1 Humongous Allocation) (mixed)-- 42M->29M(64M), 0.0033716 secs]
Application time: 0.0100662 seconds
[GC pause (G1 Humongous Allocation) (mixed)-- 42M->29M(64M), 0.0034958 secs]
Application time: 0.0031150 seconds
[GC pause (G1 Humongous Allocation) (mixed)-- 41M->29M(64M), 0.0035531 secs]
Application time: 0.0030583 seconds
[GC pause (G1 Humongous Allocation) (mixed)-- 40M->29M(64M), 0.0030228 secs]
Application time: 0.0002973 seconds
[GC pause (G1 Humongous Allocation) (young) (initial-mark) 30M->29M(64M), 0.0009542 secs]
[GC concurrent-root-region-scan-start]
[GC concurrent-root-region-scan-end, 0.0000088 secs]
[GC concurrent-mark-start]
[GC concurrent-mark-end, 0.0042366 secs]
Application time: 0.0042916 seconds
[GC remark, 0.0028598 secs]
Application time: 0.0000349 seconds
[GC cleanup 32M->32M(64M), 0.0002144 secs]
[GC concurrent-cleanup-start]
[GC concurrent-cleanup-end, 0.0000099 secs]
Application time: 0.2266482 seconds
[GC pause (G1 Humongous Allocation) (young)-- 42M->29M(64M), 0.0036241 secs]
Application time: 0.1799257 seconds
[GC pause (G1 Humongous Allocation) (mixed)-- 41M->29M(64M), 0.0034304 secs]
Application time: 0.2969410 seconds
[GC pause (G1 Humongous Allocation) (mixed)-- 44M->29M(64M), 0.0043164 secs]
Application time: 0.2920308 seconds
[GC pause (G1 Humongous Allocation) (mixed)-- 44M->29M(64M), 0.0035519 secs]
Application time: 0.2684486 seconds
[GC pause (G1 Humongous Allocation) (mixed)-- 43M->29M(64M), 0.0031991 secs]
Application time: 0.2494808 seconds
[GC pause (G1 Humongous Allocation) (mixed)-- 43M->29M(64M), 0.0030720 secs]
Application time: 0.0001869 seconds
[GC pause (G1 Humongous Allocation) (young) (initial-mark) 30M->29M(64M), 0.0006887 secs]
[GC concurrent-root-region-scan-start]
[GC concurrent-root-region-scan-end, 0.0000280 secs]
[GC concurrent-mark-start]
[GC concurrent-mark-end, 0.0045676 secs]
Application time: 0.0046355 seconds
[GC remark, 0.0022037 secs]
Application time: 0.0000502 seconds
[GC cleanup 30M->30M(64M), 0.0002102 secs]
Application time: 0.0808312 seconds
[GC pause (G1 Humongous Allocation) (young)-- 43M->30M(64M), 0.0027265 secs]
Application time: 0.0101790 seconds
[GC pause (G1 Humongous Allocation) (mixed)-- 43M->30M(64M), 0.0026088 secs]
Application time: 0.0051091 seconds
[GC pause (G1 Humongous Allocation) (mixed)-- 43M->29M(64M), 0.0022441 secs]
Application time: 0.0093576 seconds
[GC pause (G1 Humongous Allocation) (mixed)-- 42M->30M(64M), 0.0029639 secs]
Application time: 0.0075510 seconds
[GC pause (G1 Humongous Allocation) (mixed)-- 42M->30M(64M), 0.0025254 secs]
Application time: 0.0036959 seconds
[GC pause (G1 Humongous Allocation) (mixed)-- 42M->30M(64M), 0.0027647 secs]
Application time: 0.0001659 seconds
[GC pause (G1 Humongous Allocation) (young) (initial-mark) 31M->30M(64M), 0.0004960 secs]
[GC concurrent-root-region-scan-start]
[GC concurrent-root-region-scan-end, 0.0000088 secs]
[GC concurrent-mark-start]
[GC concurrent-mark-end, 0.0040626 secs]
Application time: 0.0041041 seconds
[GC remark, 0.0022634 secs]
Application time: 0.0000407 seconds
[GC cleanup 31M->31M(64M), 0.0002094 secs]
[GC concurrent-cleanup-start]
[GC concurrent-cleanup-end, 0.0000102 secs]
Application time: 0.0030780 seconds
[GC pause (G1 Humongous Allocation) (young)-- 42M->30M(64M), 0.0026651 secs]
Application time: 0.1755476 seconds
[GC pause (G1 Humongous Allocation) (mixed)-- 41M->30M(64M), 0.0028713 secs]
Application time: 0.1981999 seconds
[GC pause (G1 Humongous Allocation) (mixed)-- 43M->30M(64M), 0.0029961 secs]
Application time: 0.2361154 seconds
[GC pause (G1 Humongous Allocation) (mixed)-- 42M->30M(64M), 0.0027917 secs]
Application time: 0.1866721 seconds
[GC pause (G1 Humongous Allocation) (mixed)-- 42M->30M(64M), 0.0027835 secs]
Application time: 0.1999828 seconds
[GC pause (G1 Humongous Allocation) (mixed)-- 41M->30M(64M), 0.0029509 secs]
Application time: 0.0003754 seconds
[GC pause (G1 Humongous Allocation) (young) (initial-mark) 31M->30M(64M), 0.0005831 secs]
[GC concurrent-root-region-scan-start]
[GC concurrent-root-region-scan-end, 0.0000063 secs]
[GC concurrent-mark-start]
[GC concurrent-mark-end, 0.0043408 secs]
Application time: 0.0043472 seconds
[GC remark, 0.0025251 secs]
Application time: 0.0000309 seconds
[GC cleanup 31M->31M(64M), 0.0001663 secs]
[GC concurrent-cleanup-start]
[GC concurrent-cleanup-end, 0.0000160 secs]
Application time: 0.2322177 seconds
[GC pause (G1 Humongous Allocation) (young) 43M->30M(64M), 0.0026708 secs]
Application time: 0.2564405 seconds
[GC pause (G1 Humongous Allocation) (mixed)-- 42M->30M(64M), 0.0030936 secs]
Application time: 0.0834943 seconds
[GC pause (G1 Humongous Allocation) (mixed)-- 43M->30M(64M), 0.0031851 secs]
Application time: 0.0137034 seconds
[GC pause (G1 Humongous Allocation) (mixed)-- 42M->31M(64M), 0.0026054 secs]
Application time: 0.0038533 seconds
[GC pause (G1 Humongous Allocation) (mixed)-- 42M->31M(64M), 0.0022933 secs]
Application time: 0.0077257 seconds
[GC pause (G1 Humongous Allocation) (mixed)-- 41M->31M(64M), 0.0025772 secs]
Application time: 0.0002340 seconds
[GC pause (G1 Humongous Allocation) (young) (initial-mark) 31M->31M(64M), 0.0005651 secs]
[GC concurrent-root-region-scan-start]
[GC concurrent-root-region-scan-end, 0.0000099 secs]
[GC concurrent-mark-start]
[GC concurrent-mark-end, 0.0038942 secs]
Application time: 0.0039641 seconds
[GC remark, 0.0026109 secs]
Application time: 0.0000441 seconds
[GC cleanup 36M->35M(64M), 0.0001672 secs]
[GC concurrent-cleanup-start]
[GC concurrent-cleanup-end, 0.0000112 secs]
Application time: 0.0068050 seconds
[GC pause (G1 Humongous Allocation) (young) 44M->30M(64M), 0.0032161 secs]
Application time: 0.0073040 seconds
[GC pause (G1 Humongous Allocation) (mixed)-- 44M->30M(64M), 0.0033571 secs]
Application time: 0.0037356 seconds
[GC pause (G1 Humongous Allocation) (mixed)-- 43M->30M(64M), 0.0032250 secs]
Application time: 0.0737179 seconds
[GC pause (G1 Humongous Allocation) (mixed)-- 42M->30M(64M), 0.0028574 secs]
Application time: 0.1825389 seconds
[GC pause (G1 Humongous Allocation) (mixed)-- 42M->31M(64M), 0.0026098 secs]
Application time: 0.2422567 seconds
[GC pause (G1 Humongous Allocation) (mixed)-- 41M->31M(64M), 0.0026524 secs]
Application time: 0.0002170 seconds
[GC pause (G1 Humongous Allocation) (young) (initial-mark) 31M->31M(64M), 0.0004918 secs]
[GC concurrent-root-region-scan-start]
[GC concurrent-root-region-scan-end, 0.0000080 secs]
[GC concurrent-mark-start]
[GC concurrent-mark-end, 0.0042388 secs]
Application time: 0.0042861 seconds
[GC remark, 0.0025944 secs]
Application time: 0.0000309 seconds
[GC cleanup 31M->31M(64M), 0.0001833 secs]
[GC concurrent-cleanup-start]
[GC concurrent-cleanup-end, 0.0000104 secs]
Application time: 0.2459942 seconds
[GC pause (G1 Humongous Allocation) (young)-- 43M->31M(64M), 0.0027739 secs]
Application time: 0.1828594 seconds
[GC pause (G1 Humongous Allocation) (mixed)-- 42M->31M(64M), 0.0024392 secs]
Application time: 0.1899950 seconds
[GC pause (G1 Humongous Allocation) (mixed)-- 42M->31M(64M), 0.0025427 secs]
Application time: 0.1872622 seconds
[GC pause (G1 Humongous Allocation) (mixed)-- 41M->31M(64M), 0.0025140 secs]
Application time: 0.1242145 seconds
[GC pause (G1 Humongous Allocation) (mixed)-- 41M->31M(64M), 0.0023967 secs]
Application time: 0.0102538 seconds
[GC pause (G1 Humongous Allocation) (mixed)-- 41M->31M(64M), 0.0018879 secs]
Application time: 0.0001769 seconds
[GC pause (G1 Humongous Allocation) (young) (initial-mark) 32M->31M(64M), 0.0004641 secs]
[GC concurrent-root-region-scan-start]
[GC concurrent-root-region-scan-end, 0.0000079 secs]
[GC concurrent-mark-start]
[GC concurrent-mark-end, 0.0040718 secs]
Application time: 0.0041333 seconds
[GC remark, 0.0024744 secs]
Application time: 0.0000381 seconds
[GC cleanup 35M->35M(64M), 0.0001726 secs]
[GC concurrent-cleanup-start]
[GC concurrent-cleanup-end, 0.0000115 secs]
Application time: 0.0040860 seconds
[GC pause (G1 Humongous Allocation) (young)-- 43M->31M(64M), 0.0021808 secs]
Application time: 0.0048661 seconds
[GC pause (G1 Humongous Allocation) (mixed)-- 42M->30M(64M), 0.0020020 secs]
Application time: 0.0085517 seconds
[GC pause (G1 Humongous Allocation) (mixed)-- 42M->31M(64M), 0.0024446 secs]
Application time: 0.0072172 seconds
[GC pause (G1 Humongous Allocation) (mixed)-- 42M->31M(64M), 0.0022796 secs]
Application time: 0.0031448 seconds
[GC pause (G1 Humongous Allocation) (mixed)-- 42M->31M(64M), 0.0022469 secs]
Application time: 0.0018969 seconds
[GC pause (G1 Humongous Allocation) (mixed)-- 41M->31M(64M), 0.0021038 secs]
Application time: 0.0002540 seconds
[GC pause (G1 Humongous Allocation) (young) (initial-mark) 32M->31M(64M), 0.0007176 secs]
[GC concurrent-root-region-scan-start]
[GC concurrent-root-region-scan-end, 0.0000080 secs]
[GC concurrent-mark-start]
[GC concurrent-mark-end, 0.0041060 secs]
Application time: 0.0041619 seconds
[GC remark, 0.0024571 secs]
Application time: 0.0000335 seconds
[GC cleanup 40M->40M(64M), 0.0001705 secs]
[GC concurrent-cleanup-start]
[GC concurrent-cleanup-end, 0.0000087 secs]
Application time: 0.0228848 seconds
[GC pause (G1 Humongous Allocation) (young)-- 42M->30M(64M), 0.0024871 secs]
Application time: 0.2342538 seconds
[GC pause (G1 Humongous Allocation) (mixed)-- 41M->31M(64M), 0.0027977 secs]
Application time: 0.2122018 seconds
[GC pause (G1 Humongous Allocation) (mixed)-- 43M->31M(64M), 0.0027266 secs]
Application time: 0.1881654 seconds
[GC pause (G1 Humongous Allocation) (mixed)-- 43M->31M(64M), 0.0025994 secs]
Application time: 0.2360069 seconds
[GC pause (G1 Humongous Allocation) (mixed)-- 43M->31M(64M), 0.0028864 secs]
Application time: 0.2158972 seconds
[GC pause (G1 Humongous Allocation) (mixed)-- 42M->31M(64M), 0.0025165 secs]
Application time: 0.1884025 seconds
[GC pause (G1 Humongous Allocation) (mixed)-- 42M->31M(64M), 0.0024497 secs]
Application time: 0.0001582 seconds
[GC pause (G1 Humongous Allocation) (young) (initial-mark) 32M->31M(64M), 0.0004618 secs]
[GC concurrent-root-region-scan-start]
[GC concurrent-root-region-scan-end, 0.0000082 secs]
[GC concurrent-mark-start]
[GC concurrent-mark-end, 0.0042011 secs]
Application time: 0.0042479 seconds
[GC remark, 0.0035421 secs]
Application time: 0.0000289 seconds
[GC cleanup 32M->32M(64M), 0.0001740 secs]
[GC concurrent-cleanup-start]
[GC concurrent-cleanup-end, 0.0000086 secs]
Application time: 0.2221643 seconds
[GC pause (G1 Humongous Allocation) (young) 43M->30M(64M), 0.0025101 secs]
Application time: 0.0416366 seconds
[GC pause (G1 Humongous Allocation) (mixed)-- 44M->31M(64M), 0.0027583 secs]
Application time: 0.0087367 seconds
[GC pause (G1 Humongous Allocation) (mixed)-- 44M->31M(64M), 0.0023891 secs]
Application time: 0.0061054 seconds
[GC pause (G1 Humongous Allocation) (mixed)-- 43M->31M(64M), 0.0029213 secs]
Application time: 0.0088660 seconds
[GC pause (G1 Humongous Allocation) (mixed)-- 43M->31M(64M), 0.0026048 secs]
Application time: 0.0074057 seconds
[GC pause (G1 Humongous Allocation) (mixed)-- 43M->31M(64M), 0.0025069 secs]
Application time: 0.0000664 seconds
[GC pause (G1 Humongous Allocation) (young) (initial-mark) 32M->31M(64M), 0.0006527 secs]
[GC concurrent-root-region-scan-start]
[GC concurrent-root-region-scan-end, 0.0000885 secs]
[GC concurrent-mark-start]
[GC concurrent-mark-end, 0.0037927 secs]
Application time: 0.0039320 seconds
[GC remark, 0.0024956 secs]
Application time: 0.0000296 seconds
[GC cleanup 32M->32M(64M), 0.0001568 secs]
[GC concurrent-cleanup-start]
[GC concurrent-cleanup-end, 0.0000080 secs]
Application time: 0.0025244 seconds
[GC pause (G1 Humongous Allocation) (young)-- 42M->32M(64M), 0.0024638 secs]
Application time: 0.0021418 seconds
[GC pause (G1 Humongous Allocation) (mixed)-- 42M->32M(64M), 0.0020354 secs]
Application time: 0.0646061 seconds
[GC pause (G1 Humongous Allocation) (mixed)-- 42M->32M(64M), 0.0022585 secs]
Application time: 0.1737716 seconds
[GC pause (G1 Humongous Allocation) (mixed)-- 41M->32M(64M), 0.0020884 secs]
Application time: 0.1801550 seconds
[GC pause (G1 Humongous Allocation) (mixed)-- 41M->32M(64M), 0.0022417 secs]
Application time: 0.1289412 seconds
[GC pause (G1 Humongous Allocation) (mixed)-- 41M->32M(64M), 0.0021498 secs]
Application time: 0.1780237 seconds
[GC pause (G1 Humongous Allocation) (mixed)-- 40M->32M(64M), 0.0017509 secs]
Application time: 0.0001429 seconds
[GC pause (G1 Humongous Allocation) (young) (initial-mark) 33M->32M(64M), 0.0006438 secs]
[GC concurrent-root-region-scan-start]
[GC concurrent-root-region-scan-end, 0.0000238 secs]
[GC concurrent-mark-start]
[GC concurrent-mark-end, 0.0042069 secs]
Application time: 0.0042891 seconds
[GC remark, 0.0025484 secs]
Application time: 0.0000521 seconds
[GC cleanup 33M->33M(64M), 0.0002139 secs]
[GC concurrent-cleanup-start]
[GC concurrent-cleanup-end, 0.0000109 secs]
Application time: 0.1783448 seconds
[GC pause (G1 Humongous Allocation) (young)-- 42M->32M(64M), 0.0022120 secs]
Application time: 0.1853389 seconds
[GC pause (G1 Humongous Allocation) (mixed)-- 42M->32M(64M), 0.0024534 secs]
Application time: 0.1810698 seconds
[GC pause (G1 Humongous Allocation) (mixed)-- 42M->32M(64M), 0.0019436 secs]
Application time: 0.1835992 seconds
[GC pause (G1 Humongous Allocation) (mixed)-- 42M->30M(64M), 0.0021253 secs]
Application time: 0.2980937 seconds
[GC pause (G1 Humongous Allocation) (mixed)-- 41M->30M(64M), 0.0032884 secs]
Application time: 0.3032805 seconds
[GC pause (G1 Humongous Allocation) (mixed)-- 40M->30M(64M), 0.0037063 secs]
Application time: 0.2988973 seconds
[GC pause (G1 Humongous Allocation) (mixed)-- 40M->30M(64M), 0.0031272 secs]
Application time: 0.0001566 seconds
[GC pause (G1 Humongous Allocation) (young) (initial-mark) 31M->30M(64M), 0.0009628 secs]
[GC concurrent-root-region-scan-start]
[GC concurrent-root-region-scan-end, 0.0000279 secs]
[GC concurrent-mark-start]
[GC concurrent-mark-end, 0.0040272 secs]
Application time: 0.0041024 seconds
[GC remark, 0.0035903 secs]
Application time: 0.0006641 seconds
[GC cleanup 31M->31M(64M), 0.0003482 secs]
[GC concurrent-cleanup-start]
[GC concurrent-cleanup-end, 0.0000118 secs]
Application time: 0.4052434 seconds
[GC pause (G1 Humongous Allocation) (young) 41M->30M(64M), 0.0037088 secs]
Iteration 1 (120s) ends:   Tue May 15 23:34:24 GMT 2018
Iteration 1 (120s) result: 34.75 ops/m

Valid run!
Score on crypto.aes: 34.75 ops/m


--- --- --- --- --- --- --- --- ---

  Benchmark:   crypto.rsa
  Run mode:    timed run
  Test type:   multi
  Threads:     2
  Warmup:      60s
  Iterations:  1
  Run length:  120s
Application time: 0.4317605 seconds
[GC pause (G1 Evacuation Pause) (mixed) 41M->27M(64M), 0.0035729 secs]
Application time: 0.0001269 seconds
Application time: 0.0036139 seconds
Application time: 0.0002778 seconds

Warmup (60s) begins: Tue May 15 23:34:24 GMT 2018
Application time: 0.0124855 seconds
Application time: 0.0093509 seconds
Application time: 0.0116129 seconds
[GC pause (G1 Evacuation Pause) (mixed) 29M->22M(64M), 0.0014781 secs]
Application time: 0.0358266 seconds
[GC pause (G1 Evacuation Pause) (mixed) 24M->16M(64M), 0.0014183 secs]
Application time: 0.0319676 seconds
[GC pause (G1 Evacuation Pause) (mixed) 18M->11M(64M), 0.0011866 secs]
Application time: 0.0313844 seconds
[GC pause (G1 Evacuation Pause) (mixed) 13M->6981K(64M), 0.0013029 secs]
Application time: 0.0308995 seconds
[GC pause (G1 Evacuation Pause) (mixed) 9029K->4794K(64M), 0.0013475 secs]
Application time: 0.5285752 seconds
[GC pause (G1 Evacuation Pause) (young) 41M->4669K(64M), 0.0015890 secs]
Application time: 0.4244365 seconds
[GC pause (G1 Evacuation Pause) (young) 41M->4648K(64M), 0.0016358 secs]
Application time: 0.3425811 seconds
[GC pause (G1 Evacuation Pause) (young) 41M->4667K(64M), 0.0015260 secs]
Application time: 0.3286623 seconds
[GC pause (G1 Evacuation Pause) (young) 41M->4675K(64M), 0.0015759 secs]
Application time: 0.4153995 seconds
[GC pause (G1 Evacuation Pause) (young) 41M->4675K(64M), 0.0015152 secs]
Application time: 0.3742729 seconds
[GC pause (G1 Evacuation Pause) (young) 41M->4677K(64M), 0.0015424 secs]
Application time: 0.4166061 seconds
[GC pause (G1 Evacuation Pause) (young) 41M->4697K(64M), 0.0012318 secs]
Application time: 0.3514638 seconds
[GC pause (G1 Evacuation Pause) (young) 41M->4665K(64M), 0.0012842 secs]
Application time: 0.2837793 seconds
[GC pause (G1 Evacuation Pause) (young) 41M->4662K(64M), 0.0012260 secs]
Application time: 0.2566000 seconds
[GC pause (G1 Evacuation Pause) (young) 41M->4797K(64M), 0.0012705 secs]
Application time: 0.2514715 seconds
[GC pause (G1 Evacuation Pause) (young) 41M->4609K(64M), 0.0012487 secs]
Application time: 0.2507493 seconds
[GC pause (G1 Evacuation Pause) (young) 41M->4664K(64M), 0.0009769 secs]
Application time: 0.2577551 seconds
[GC pause (G1 Evacuation Pause) (young) 41M->4588K(64M), 0.0008898 secs]
Application time: 0.2568114 seconds
[GC pause (G1 Evacuation Pause) (young) 41M->4604K(64M), 0.0009004 secs]
Application time: 0.2462680 seconds
[GC pause (G1 Evacuation Pause) (young) 41M->4617K(64M), 0.0008330 secs]
Application time: 0.2086639 seconds
[GC pause (G1 Evacuation Pause) (young) 41M->4623K(64M), 0.0008689 secs]
Application time: 0.2114855 seconds
[GC pause (G1 Evacuation Pause) (young) 41M->4624K(64M), 0.0008184 secs]
Application time: 0.2178161 seconds
[GC pause (G1 Evacuation Pause) (young) 41M->4581K(64M), 0.0008103 secs]
Application time: 0.2140603 seconds
[GC pause (G1 Evacuation Pause) (young) 41M->4623K(64M), 0.0008033 secs]
Application time: 0.2171212 seconds
[GC pause (G1 Evacuation Pause) (young) 41M->4621K(64M), 0.0007996 secs]
Application time: 0.2059026 seconds
[GC pause (G1 Evacuation Pause) (young) 41M->4648K(64M), 0.0008034 secs]
Application time: 0.2138300 seconds
[GC pause (G1 Evacuation Pause) (young) 41M->4640K(64M), 0.0007046 secs]
Application time: 0.2008666 seconds
[GC pause (G1 Evacuation Pause) (young) 41M->4647K(64M), 0.0006955 secs]
Application time: 0.1986948 seconds
[GC pause (G1 Evacuation Pause) (young) 41M->4611K(64M), 0.0007203 secs]
Application time: 0.1994323 seconds
[GC pause (G1 Evacuation Pause) (young) 41M->4609K(64M), 0.0007116 secs]
Application time: 0.1956985 seconds
[GC pause (G1 Evacuation Pause) (young) 41M->4653K(64M), 0.0006695 secs]
Application time: 0.2002861 seconds
[GC pause (G1 Evacuation Pause) (young) 41M->4615K(64M), 0.0007656 secs]
Application time: 0.2050699 seconds
[GC pause (G1 Evacuation Pause) (young) 41M->4617K(64M), 0.0007174 secs]
Application time: 0.2139888 seconds
[GC pause (G1 Evacuation Pause) (young) 41M->4647K(64M), 0.0009764 secs]
Application time: 0.2240513 seconds
[GC pause (G1 Evacuation Pause) (young) 41M->4625K(64M), 0.0009532 secs]
Application time: 0.2223739 seconds
[GC pause (G1 Evacuation Pause) (young) 41M->4653K(64M), 0.0010304 secs]
Application time: 0.2250466 seconds
[GC pause (G1 Evacuation Pause) (young) 41M->4662K(64M), 0.0010401 secs]
Application time: 0.2218840 seconds
[GC pause (G1 Evacuation Pause) (young) 41M->4682K(64M), 0.0009843 secs]
Application time: 0.2193527 seconds
[GC pause (G1 Evacuation Pause) (young) 41M->4674K(64M), 0.0010604 secs]
Application time: 0.2189987 seconds
[GC pause (G1 Evacuation Pause) (young) 41M->4639K(64M), 0.0010835 secs]
Application time: 0.2200196 seconds
[GC pause (G1 Evacuation Pause) (young) 41M->4638K(64M), 0.0009740 secs]
Application time: 0.2163584 seconds
[GC pause (G1 Evacuation Pause) (young) 41M->4642K(64M), 0.0010276 secs]
Application time: 0.2344633 seconds
[GC pause (G1 Evacuation Pause) (young) 41M->4647K(64M), 0.0010800 secs]
Application time: 0.2167661 seconds
[GC pause (G1 Evacuation Pause) (young) 41M->4645K(64M), 0.0010083 secs]
Application time: 0.2173001 seconds
[GC pause (G1 Evacuation Pause) (young) 41M->4666K(64M), 0.0010929 secs]
Application time: 0.2164730 seconds
[GC pause (G1 Evacuation Pause) (young) 41M->4651K(64M), 0.0011114 secs]
Application time: 0.2162036 seconds
[GC pause (G1 Evacuation Pause) (young) 41M->4664K(64M), 0.0010287 secs]
Application time: 0.2187752 seconds
[GC pause (G1 Evacuation Pause) (young) 41M->4659K(64M), 0.0010387 secs]
Application time: 0.2140792 seconds
[GC pause (G1 Evacuation Pause) (young) 41M->4657K(64M), 0.0011073 secs]
Application time: 0.2173435 seconds
[GC pause (G1 Evacuation Pause) (young) 41M->4659K(64M), 0.0010094 secs]
Application time: 0.2122088 seconds
[GC pause (G1 Evacuation Pause) (young) 41M->4664K(64M), 0.0009963 secs]
Application time: 0.2163687 seconds
[GC pause (G1 Evacuation Pause) (young) 41M->4667K(64M), 0.0011192 secs]
Application time: 0.2151456 seconds
[GC pause (G1 Evacuation Pause) (young) 41M->4670K(64M), 0.0009377 secs]
Application time: 0.2147748 seconds
[GC pause (G1 Evacuation Pause) (young) 41M->4676K(64M), 0.0010019 secs]
Application time: 0.2161520 seconds
[GC pause (G1 Evacuation Pause) (young) 41M->4677K(64M), 0.0010041 secs]
Application time: 0.2088130 seconds
[GC pause (G1 Evacuation Pause) (young) 41M->4676K(64M), 0.0010464 secs]
Application time: 0.2195444 seconds
[GC pause (G1 Evacuation Pause) (young) 41M->4681K(64M), 0.0010408 secs]
Application time: 0.2212088 seconds
[GC pause (G1 Evacuation Pause) (young) 41M->4686K(64M), 0.0011218 secs]
Application time: 0.2151401 seconds
[GC pause (G1 Evacuation Pause) (young) 41M->4690K(64M), 0.0010185 secs]
Application time: 0.2155713 seconds
[GC pause (G1 Evacuation Pause) (young) 41M->4694K(64M), 0.0010018 secs]
Application time: 0.2820433 seconds
[GC pause (G1 Evacuation Pause) (young) 41M->4697K(64M), 0.0010236 secs]
Application time: 0.2655704 seconds
[GC pause (G1 Evacuation Pause) (young) 41M->4700K(64M), 0.0010104 secs]
Application time: 0.2249934 seconds
[GC pause (G1 Evacuation Pause) (young) 41M->4702K(64M), 0.0010438 secs]
Application time: 0.2239544 seconds
[GC pause (G1 Evacuation Pause) (young) 41M->4705K(64M), 0.0010700 secs]
Application time: 0.2266343 seconds
[GC pause (G1 Evacuation Pause) (young) 41M->4708K(64M), 0.0010728 secs]
Application time: 0.2221213 seconds
[GC pause (G1 Evacuation Pause) (young) 41M->4711K(64M), 0.0010719 secs]
Application time: 0.2297285 seconds
[GC pause (G1 Evacuation Pause) (young) 41M->4713K(64M), 0.0010483 secs]
Application time: 0.3911332 seconds
[GC pause (G1 Evacuation Pause) (young) 41M->4719K(64M), 0.0010810 secs]
Application time: 0.2212149 seconds
[GC pause (G1 Evacuation Pause) (young) 41M->4721K(64M), 0.0011033 secs]
Application time: 0.2155163 seconds
[GC pause (G1 Evacuation Pause) (young) 41M->4719K(64M), 0.0010293 secs]
Application time: 0.2174442 seconds
[GC pause (G1 Evacuation Pause) (young) 41M->4723K(64M), 0.0011216 secs]
Application time: 0.2546482 seconds
[GC pause (G1 Evacuation Pause) (young) 41M->4727K(64M), 0.0008436 secs]
Application time: 0.2481052 seconds
[GC pause (G1 Evacuation Pause) (young) 41M->4732K(64M), 0.0008844 secs]
Application time: 0.2543476 seconds
[GC pause (G1 Evacuation Pause) (young) 41M->4735K(64M), 0.0007878 secs]
Application time: 0.2394948 seconds
[GC pause (G1 Evacuation Pause) (young) 41M->4737K(64M), 0.0008037 secs]
Application time: 0.2476138 seconds
[GC pause (G1 Evacuation Pause) (young) 41M->4742K(64M), 0.0007860 secs]
Application time: 0.2352603 seconds
[GC pause (G1 Evacuation Pause) (young) 41M->4734K(64M), 0.0007827 secs]
Application time: 0.2380029 seconds
[GC pause (G1 Evacuation Pause) (young) 41M->4748K(64M), 0.0009061 secs]
Application time: 0.2393625 seconds
[GC pause (G1 Evacuation Pause) (young) 41M->4755K(64M), 0.0007844 secs]
Application time: 0.2423591 seconds
[GC pause (G1 Evacuation Pause) (young) 41M->4756K(64M), 0.0007828 secs]
Application time: 0.2360613 seconds
[GC pause (G1 Evacuation Pause) (young) 41M->4741K(64M), 0.0007867 secs]
Application time: 0.2398817 seconds
[GC pause (G1 Evacuation Pause) (young) 41M->4764K(64M), 0.0007888 secs]
Application time: 0.2386700 seconds
[GC pause (G1 Evacuation Pause) (young) 41M->4767K(64M), 0.0008697 secs]
Application time: 0.2372935 seconds
[GC pause (G1 Evacuation Pause) (young) 41M->4766K(64M), 0.0007634 secs]
Application time: 0.2286137 seconds
[GC pause (G1 Evacuation Pause) (young) 41M->4769K(64M), 0.0008467 secs]
Application time: 0.2319175 seconds
[GC pause (G1 Evacuation Pause) (young) 41M->4776K(64M), 0.0008842 secs]
Application time: 0.2338215 seconds
[GC pause (G1 Evacuation Pause) (young) 41M->4773K(64M), 0.0007996 secs]
Application time: 0.2374033 seconds
[GC pause (G1 Evacuation Pause) (young) 41M->4777K(64M), 0.0010945 secs]
Application time: 0.2420124 seconds
[GC pause (G1 Evacuation Pause) (young) 41M->4776K(64M), 0.0007768 secs]
Application time: 0.2374950 seconds
[GC pause (G1 Evacuation Pause) (young) 41M->4780K(64M), 0.0012350 secs]
Application time: 0.2513863 seconds
[GC pause (G1 Evacuation Pause) (young) 41M->4785K(64M), 0.0008402 secs]
Application time: 0.2346051 seconds
[GC pause (G1 Evacuation Pause) (young) 41M->4790K(64M), 0.0008413 secs]
Application time: 0.2372346 seconds
[GC pause (G1 Evacuation Pause) (young) 41M->4791K(64M), 0.0007627 secs]
Application time: 0.2570523 seconds
[GC pause (G1 Evacuation Pause) (young) 41M->4792K(64M), 0.0011388 secs]
Application time: 0.2405260 seconds
[GC pause (G1 Evacuation Pause) (young) 41M->4794K(64M), 0.0010022 secs]
Application time: 0.2433178 seconds
[GC pause (G1 Evacuation Pause) (young) 41M->4797K(64M), 0.0010344 secs]
Application time: 0.2376513 seconds
[GC pause (G1 Evacuation Pause) (young) 41M->4799K(64M), 0.0011497 secs]
Application time: 0.2405356 seconds
[GC pause (G1 Evacuation Pause) (young) 41M->4799K(64M), 0.0011029 secs]
Application time: 0.2461001 seconds
[GC pause (G1 Evacuation Pause) (young) 41M->4804K(64M), 0.0011455 secs]
Application time: 0.2447692 seconds
[GC pause (G1 Evacuation Pause) (young) 41M->4807K(64M), 0.0011240 secs]
Application time: 0.2462658 seconds
[GC pause (G1 Evacuation Pause) (young) 41M->4810K(64M), 0.0010717 secs]
Application time: 0.2332372 seconds
[GC pause (G1 Evacuation Pause) (young) 41M->4809K(64M), 0.0010264 secs]
Application time: 0.2266969 seconds
[GC pause (G1 Evacuation Pause) (young) 41M->4815K(64M), 0.0010247 secs]
Application time: 0.2234749 seconds
[GC pause (G1 Evacuation Pause) (young) 41M->4801K(64M), 0.0009946 secs]
Application time: 0.2210252 seconds
[GC pause (G1 Evacuation Pause) (young) 41M->4821K(64M), 0.0009816 secs]
Application time: 0.2198014 seconds
[GC pause (G1 Evacuation Pause) (young) 41M->4824K(64M), 0.0009606 secs]
Application time: 0.2216505 seconds
[GC pause (G1 Evacuation Pause) (young) 41M->4828K(64M), 0.0009838 secs]
Application time: 0.2178180 seconds
[GC pause (G1 Evacuation Pause) (young) 41M->4826K(64M), 0.0009705 secs]
Application time: 0.2219389 seconds
[GC pause (G1 Evacuation Pause) (young) 41M->4832K(64M), 0.0009807 secs]
Application time: 0.2131222 seconds
[GC pause (G1 Evacuation Pause) (young) 41M->4843K(64M), 0.0010779 secs]
Application time: 0.2189022 seconds
[GC pause (G1 Evacuation Pause) (young) 41M->4850K(64M), 0.0009461 secs]
Application time: 0.2150291 seconds
[GC pause (G1 Evacuation Pause) (young) 41M->4847K(64M), 0.0010904 secs]
Application time: 0.2320378 seconds
[GC pause (G1 Evacuation Pause) (young) 41M->4852K(64M), 0.0008085 secs]
Application time: 0.2347911 seconds
[GC pause (G1 Evacuation Pause) (young) 41M->4852K(64M), 0.0008540 secs]
Application time: 0.2262332 seconds
[GC pause (G1 Evacuation Pause) (young) 41M->4857K(64M), 0.0009073 secs]
Application time: 0.2355260 seconds
[GC pause (G1 Evacuation Pause) (young) 41M->4857K(64M), 0.0008004 secs]
Application time: 0.2444325 seconds
[GC pause (G1 Evacuation Pause) (young) 41M->4861K(64M), 0.0011271 secs]
Application time: 0.2466772 seconds
[GC pause (G1 Evacuation Pause) (young) 41M->4861K(64M), 0.0011802 secs]
Application time: 0.2477060 seconds
[GC pause (G1 Evacuation Pause) (young) 41M->4866K(64M), 0.0011677 secs]
Application time: 0.2556091 seconds
[GC pause (G1 Evacuation Pause) (young) 41M->4869K(64M), 0.0011927 secs]
Application time: 0.2433156 seconds
[GC pause (G1 Evacuation Pause) (young) 41M->4869K(64M), 0.0011743 secs]
Application time: 0.2437697 seconds
[GC pause (G1 Evacuation Pause) (young) 41M->4874K(64M), 0.0010671 secs]
Application time: 0.2470956 seconds
[GC pause (G1 Evacuation Pause) (young) 41M->4876K(64M), 0.0012112 secs]
Application time: 0.2448258 seconds
[GC pause (G1 Evacuation Pause) (young) 41M->4879K(64M), 0.0012325 secs]
Application time: 0.2558988 seconds
[GC pause (G1 Evacuation Pause) (young) 41M->4881K(64M), 0.0011892 secs]
Application time: 0.2437580 seconds
[GC pause (G1 Evacuation Pause) (young) 41M->4883K(64M), 0.0011875 secs]
Application time: 0.2459305 seconds
[GC pause (G1 Evacuation Pause) (young) 41M->4888K(64M), 0.0011431 secs]
Application time: 0.2425441 seconds
[GC pause (G1 Evacuation Pause) (young) 41M->4872K(64M), 0.0011339 secs]
Application time: 0.2437189 seconds
[GC pause (G1 Evacuation Pause) (young) 41M->4891K(64M), 0.0010819 secs]
Application time: 0.2400884 seconds
[GC pause (G1 Evacuation Pause) (young) 41M->4894K(64M), 0.0011153 secs]
Application time: 0.2384633 seconds
[GC pause (G1 Evacuation Pause) (young) 41M->4898K(64M), 0.0011845 secs]
Application time: 0.2459942 seconds
[GC pause (G1 Evacuation Pause) (young) 41M->4901K(64M), 0.0010957 secs]
Application time: 0.2385525 seconds
[GC pause (G1 Evacuation Pause) (young) 41M->4901K(64M), 0.0011876 secs]
Application time: 0.2512740 seconds
[GC pause (G1 Evacuation Pause) (young) 41M->4908K(64M), 0.0011665 secs]
Application time: 0.2424815 seconds
[GC pause (G1 Evacuation Pause) (young) 41M->4909K(64M), 0.0011327 secs]
Application time: 0.2394995 seconds
[GC pause (G1 Evacuation Pause) (young) 41M->4914K(64M), 0.0011554 secs]
Application time: 0.2419800 seconds
[GC pause (G1 Evacuation Pause) (young) 41M->4917K(64M), 0.0011462 secs]
Application time: 0.2475963 seconds
[GC pause (G1 Evacuation Pause) (young) 41M->4920K(64M), 0.0010623 secs]
Application time: 0.2408111 seconds
[GC pause (G1 Evacuation Pause) (young) 41M->4919K(64M), 0.0012305 secs]
Application time: 0.2485517 seconds
[GC pause (G1 Evacuation Pause) (young) 41M->4925K(64M), 0.0011577 secs]
Application time: 0.2406306 seconds
[GC pause (G1 Evacuation Pause) (young) 41M->4926K(64M), 0.0012372 secs]
Application time: 0.2475362 seconds
[GC pause (G1 Evacuation Pause) (young) 41M->4929K(64M), 0.0011790 secs]
Application time: 0.2445293 seconds
[GC pause (G1 Evacuation Pause) (young) 41M->4932K(64M), 0.0011324 secs]
Application time: 0.2390426 seconds
[GC pause (G1 Evacuation Pause) (young) 41M->4935K(64M), 0.0011131 secs]
Application time: 0.2360952 seconds
[GC pause (G1 Evacuation Pause) (young) 41M->4937K(64M), 0.0010954 secs]
Application time: 0.2420383 seconds
[GC pause (G1 Evacuation Pause) (young) 41M->4939K(64M), 0.0011374 secs]
Application time: 0.2428859 seconds
[GC pause (G1 Evacuation Pause) (young) 41M->4942K(64M), 0.0011749 secs]
Application time: 0.2442239 seconds
[GC pause (G1 Evacuation Pause) (young) 41M->4945K(64M), 0.0011441 secs]
Application time: 0.2427224 seconds
[GC pause (G1 Evacuation Pause) (young) 41M->4949K(64M), 0.0017934 secs]
Application time: 0.2472271 seconds
[GC pause (G1 Evacuation Pause) (young) 41M->4951K(64M), 0.0011506 secs]
Application time: 0.2389532 seconds
[GC pause (G1 Evacuation Pause) (young) 41M->4953K(64M), 0.0008839 secs]
Application time: 0.2343531 seconds
[GC pause (G1 Evacuation Pause) (young) 41M->4955K(64M), 0.0009305 secs]
Application time: 0.2337462 seconds
[GC pause (G1 Evacuation Pause) (young) 41M->4961K(64M), 0.0008064 secs]
Application time: 0.2341139 seconds
[GC pause (G1 Evacuation Pause) (young) 41M->4962K(64M), 0.0010263 secs]
Application time: 0.2374112 seconds
[GC pause (G1 Evacuation Pause) (young) 41M->4962K(64M), 0.0008419 secs]
Application time: 0.2473579 seconds
[GC pause (G1 Evacuation Pause) (young) 41M->4964K(64M), 0.0008808 secs]
Application time: 0.2440317 seconds
[GC pause (G1 Evacuation Pause) (young) 41M->4967K(64M), 0.0009039 secs]
Application time: 0.2479917 seconds
[GC pause (G1 Evacuation Pause) (young) 41M->4969K(64M), 0.0007454 secs]
Application time: 0.2362381 seconds
[GC pause (G1 Evacuation Pause) (young) 41M->4977K(64M), 0.0009213 secs]
Application time: 0.2334054 seconds
[GC pause (G1 Evacuation Pause) (young) 41M->4976K(64M), 0.0007878 secs]
Application time: 0.2381600 seconds
[GC pause (G1 Evacuation Pause) (young) 41M->4978K(64M), 0.0014704 secs]
Application time: 0.2552192 seconds
[GC pause (G1 Evacuation Pause) (young) 41M->4984K(64M), 0.0011684 secs]
Application time: 0.2447144 seconds
[GC pause (G1 Evacuation Pause) (young) 41M->4983K(64M), 0.0012237 secs]
Application time: 0.2446879 seconds
[GC pause (G1 Evacuation Pause) (young) 41M->4987K(64M), 0.0011520 secs]
Application time: 0.2471540 seconds
[GC pause (G1 Evacuation Pause) (young) 41M->4986K(64M), 0.0010357 secs]
Application time: 0.2291946 seconds
[GC pause (G1 Evacuation Pause) (young) 41M->4994K(64M), 0.0009845 secs]
Application time: 0.2238607 seconds
[GC pause (G1 Evacuation Pause) (young) 41M->4996K(64M), 0.0010527 secs]
Application time: 0.2141601 seconds
[GC pause (G1 Evacuation Pause) (young) 41M->4998K(64M), 0.0010513 secs]
Application time: 0.2156657 seconds
[GC pause (G1 Evacuation Pause) (young) 41M->5000K(64M), 0.0011000 secs]
Application time: 0.2186014 seconds
[GC pause (G1 Evacuation Pause) (young) 41M->5002K(64M), 0.0011201 secs]
Application time: 0.2179772 seconds
[GC pause (G1 Evacuation Pause) (young) 41M->5005K(64M), 0.0010536 secs]
Application time: 0.2194622 seconds
[GC pause (G1 Evacuation Pause) (young) 41M->5006K(64M), 0.0011474 secs]
Application time: 0.2253402 seconds
[GC pause (G1 Evacuation Pause) (young) 41M->5013K(64M), 0.0010062 secs]
Application time: 0.2197061 seconds
[GC pause (G1 Evacuation Pause) (young) 41M->5017K(64M), 0.0010794 secs]
Application time: 0.2133725 seconds
[GC pause (G1 Evacuation Pause) (young) 41M->5018K(64M), 0.0011273 secs]
Application time: 0.2526658 seconds
[GC pause (G1 Evacuation Pause) (young) 41M->5016K(64M), 0.0009673 secs]
Application time: 0.2158076 seconds
[GC pause (G1 Evacuation Pause) (young) 41M->5021K(64M), 0.0011591 secs]
Application time: 0.2185415 seconds
[GC pause (G1 Evacuation Pause) (young) 41M->5024K(64M), 0.0008551 secs]
Application time: 0.2419026 seconds
[GC pause (G1 Evacuation Pause) (young) 41M->5027K(64M), 0.0011812 secs]
Application time: 0.2445962 seconds
[GC pause (G1 Evacuation Pause) (young) 41M->5029K(64M), 0.0008154 secs]
Application time: 0.2077179 seconds
[GC pause (G1 Evacuation Pause) (young) 41M->5031K(64M), 0.0008431 secs]
Application time: 0.2105665 seconds
[GC pause (G1 Evacuation Pause) (young) 41M->5035K(64M), 0.0008551 secs]
Application time: 0.2176011 seconds
[GC pause (G1 Evacuation Pause) (young) 41M->5036K(64M), 0.0009428 secs]
Application time: 0.1981541 seconds
[GC pause (G1 Evacuation Pause) (young) 41M->5043K(64M), 0.0008489 secs]
Application time: 0.2074080 seconds
[GC pause (G1 Evacuation Pause) (young) 41M->5041K(64M), 0.0008301 secs]
Application time: 0.1937096 seconds
[GC pause (G1 Evacuation Pause) (young) 41M->5003K(64M), 0.0007189 secs]
Application time: 0.1992751 seconds
[GC pause (G1 Evacuation Pause) (young) 41M->5048K(64M), 0.0007643 secs]
Application time: 0.2015905 seconds
[GC pause (G1 Evacuation Pause) (young) 41M->5049K(64M), 0.0007131 secs]
Application time: 0.1976913 seconds
[GC pause (G1 Evacuation Pause) (young) 41M->5053K(64M), 0.0011147 secs]
Application time: 0.1968898 seconds
[GC pause (G1 Evacuation Pause) (young) 41M->5055K(64M), 0.0007296 secs]
Application time: 0.1960075 seconds
[GC pause (G1 Evacuation Pause) (young) 41M->5059K(64M), 0.0007627 secs]
Application time: 0.2127337 seconds
[GC pause (G1 Evacuation Pause) (young) 41M->5058K(64M), 0.0008482 secs]
Application time: 0.2107096 seconds
[GC pause (G1 Evacuation Pause) (young) 41M->5061K(64M), 0.0007478 secs]
Application time: 0.2219088 seconds
[GC pause (G1 Evacuation Pause) (young) 41M->5064K(64M), 0.0011721 secs]
Application time: 0.2214815 seconds
[GC pause (G1 Evacuation Pause) (young) 41M->5066K(64M), 0.0012052 secs]
Application time: 0.2312385 seconds
[GC pause (G1 Evacuation Pause) (young) 41M->5070K(64M), 0.0011068 secs]
Application time: 0.2296638 seconds
[GC pause (G1 Evacuation Pause) (young) 41M->5072K(64M), 0.0010395 secs]
Application time: 0.2229055 seconds
[GC pause (G1 Evacuation Pause) (young) 41M->5075K(64M), 0.0011209 secs]
Application time: 0.2272160 seconds
[GC pause (G1 Evacuation Pause) (young) 41M->5074K(64M), 0.0011248 secs]
Application time: 0.2314638 seconds
[GC pause (G1 Evacuation Pause) (young) 41M->5076K(64M), 0.0011299 secs]
Application time: 0.2250137 seconds
[GC pause (G1 Evacuation Pause) (young) 41M->5080K(64M), 0.0011657 secs]
Application time: 0.2215360 seconds
[GC pause (G1 Evacuation Pause) (young) 41M->5083K(64M), 0.0011571 secs]
Application time: 0.2237806 seconds
[GC pause (G1 Evacuation Pause) (young) 41M->5082K(64M), 0.0010187 secs]
Application time: 0.2214849 seconds
[GC pause (G1 Evacuation Pause) (young) 41M->5085K(64M), 0.0010586 secs]
Application time: 0.2233877 seconds
[GC pause (G1 Evacuation Pause) (young) 41M->5090K(64M), 0.0011232 secs]
Application time: 0.2188526 seconds
[GC pause (G1 Evacuation Pause) (young) 41M->5097K(64M), 0.0011718 secs]
Application time: 0.2151328 seconds
[GC pause (G1 Evacuation Pause) (young) 41M->5097K(64M), 0.0011300 secs]
Application time: 0.2257960 seconds
[GC pause (G1 Evacuation Pause) (young) 41M->5100K(64M), 0.0011563 secs]
Application time: 0.2319290 seconds
[GC pause (G1 Evacuation Pause) (young) 41M->5104K(64M), 0.0010883 secs]
Application time: 0.2214789 seconds
[GC pause (G1 Evacuation Pause) (young) 41M->5110K(64M), 0.0011591 secs]
Application time: 0.2203756 seconds
[GC pause (G1 Evacuation Pause) (young) 41M->5111K(64M), 0.0012375 secs]
Application time: 0.2159711 seconds
[GC pause (G1 Evacuation Pause) (young) 41M->5110K(64M), 0.0011242 secs]
Application time: 0.2134223 seconds
[GC pause (G1 Evacuation Pause) (young) 41M->5113K(64M), 0.0011150 secs]
Application time: 0.2375364 seconds
[GC pause (G1 Evacuation Pause) (young) 41M->5116K(64M), 0.0011604 secs]
Application time: 0.2224909 seconds
[GC pause (G1 Evacuation Pause) (young) 41M->5119K(64M), 0.0011005 secs]
Application time: 0.2286403 seconds
[GC pause (G1 Evacuation Pause) (young) 41M->5138K(64M), 0.0012167 secs]
Application time: 0.2294680 seconds
[GC pause (G1 Evacuation Pause) (young) 42M->5137K(64M), 0.0011719 secs]
Application time: 0.2283470 seconds
[GC pause (G1 Evacuation Pause) (young) 42M->5142K(64M), 0.0011714 secs]
Application time: 0.2293316 seconds
[GC pause (G1 Evacuation Pause) (young) 42M->5145K(64M), 0.0011251 secs]
Application time: 0.2208518 seconds
[GC pause (G1 Evacuation Pause) (young) 42M->5147K(64M), 0.0011138 secs]
Application time: 0.2210755 seconds
[GC pause (G1 Evacuation Pause) (young) 42M->5146K(64M), 0.0011014 secs]
Application time: 0.2140908 seconds
[GC pause (G1 Evacuation Pause) (young) 42M->5156K(64M), 0.0010274 secs]
Application time: 0.2130549 seconds
[GC pause (G1 Evacuation Pause) (young) 42M->5158K(64M), 0.0009950 secs]
Application time: 0.2183200 seconds
[GC pause (G1 Evacuation Pause) (young) 42M->5160K(64M), 0.0010954 secs]
Application time: 0.2423427 seconds
[GC pause (G1 Evacuation Pause) (young) 42M->5164K(64M), 0.0009238 secs]
Application time: 0.2349604 seconds
[GC pause (G1 Evacuation Pause) (young) 42M->5163K(64M), 0.0008939 secs]
Application time: 0.2281574 seconds
[GC pause (G1 Evacuation Pause) (young) 42M->5165K(64M), 0.0011170 secs]
Application time: 0.2169459 seconds
[GC pause (G1 Evacuation Pause) (young) 42M->5173K(64M), 0.0011206 secs]
Application time: 0.2164813 seconds
[GC pause (G1 Evacuation Pause) (young) 42M->5170K(64M), 0.0011032 secs]
Application time: 0.2204108 seconds
[GC pause (G1 Evacuation Pause) (young) 42M->5175K(64M), 0.0010647 secs]
Application time: 0.2176042 seconds
[GC pause (G1 Evacuation Pause) (young) 42M->5174K(64M), 0.0011329 secs]
Application time: 0.2158118 seconds
[GC pause (G1 Evacuation Pause) (young) 42M->5178K(64M), 0.0010229 secs]
Application time: 0.2537222 seconds
[GC pause (G1 Evacuation Pause) (young) 42M->5181K(64M), 0.0011156 secs]
Application time: 0.2172751 seconds
[GC pause (G1 Evacuation Pause) (young) 42M->5181K(64M), 0.0011299 secs]
Application time: 0.2218504 seconds
[GC pause (G1 Evacuation Pause) (young) 42M->5185K(64M), 0.0010423 secs]
Application time: 0.2266486 seconds
[GC pause (G1 Evacuation Pause) (young) 42M->5189K(64M), 0.0011299 secs]
Application time: 0.2179300 seconds
[GC pause (G1 Evacuation Pause) (young) 42M->5192K(64M), 0.0011330 secs]
Application time: 0.2283029 seconds
[GC pause (G1 Evacuation Pause) (young) 42M->5191K(64M), 0.0010813 secs]
Application time: 0.2147653 seconds
[GC pause (G1 Evacuation Pause) (young) 42M->5197K(64M), 0.0010814 secs]
Application time: 0.2437230 seconds
[GC pause (G1 Evacuation Pause) (young) 42M->5199K(64M), 0.0009141 secs]
Application time: 0.2220331 seconds
[GC pause (G1 Evacuation Pause) (young) 42M->5202K(64M), 0.0009721 secs]
Application time: 0.2115683 seconds
[GC pause (G1 Evacuation Pause) (young) 42M->5204K(64M), 0.0010134 secs]
Application time: 0.2137267 seconds
[GC pause (G1 Evacuation Pause) (young) 42M->5207K(64M), 0.0010459 secs]
Application time: 0.2550937 seconds
[GC pause (G1 Evacuation Pause) (young) 42M->5211K(64M), 0.0009517 secs]
Application time: 0.2208443 seconds
[GC pause (G1 Evacuation Pause) (young) 42M->5214K(64M), 0.0007838 secs]
Application time: 0.2235935 seconds
[GC pause (G1 Evacuation Pause) (young) 42M->5216K(64M), 0.0008896 secs]
Application time: 0.2199074 seconds
[GC pause (G1 Evacuation Pause) (young) 42M->5218K(64M), 0.0007571 secs]
Application time: 0.2344267 seconds
[GC pause (G1 Evacuation Pause) (young) 42M->5220K(64M), 0.0009215 secs]
Application time: 0.2213536 seconds
[GC pause (G1 Evacuation Pause) (young) 42M->5222K(64M), 0.0007688 secs]
Application time: 0.2172487 seconds
[GC pause (G1 Evacuation Pause) (young) 42M->5224K(64M), 0.0007701 secs]
Application time: 0.2253430 seconds
[GC pause (G1 Evacuation Pause) (young) 42M->5227K(64M), 0.0007991 secs]
Application time: 0.2180630 seconds
[GC pause (G1 Evacuation Pause) (young) 42M->5232K(64M), 0.0008222 secs]
Application time: 0.2204984 seconds
[GC pause (G1 Evacuation Pause) (young) 42M->5234K(64M), 0.0008492 secs]
Application time: 0.2260273 seconds
[GC pause (G1 Evacuation Pause) (young) 42M->5236K(64M), 0.0008571 secs]
Application time: 0.2160164 seconds
[GC pause (G1 Evacuation Pause) (young) 42M->5239K(64M), 0.0007560 secs]
Application time: 0.2277013 seconds
[GC pause (G1 Evacuation Pause) (young) 42M->5241K(64M), 0.0011666 secs]
Application time: 0.2555140 seconds
[GC pause (G1 Evacuation Pause) (young) 42M->5246K(64M), 0.0011153 secs]
Warmup (60s) ends:   Tue May 15 23:35:24 GMT 2018
Warmup (60s) result: 594.67 ops/m

Iteration 1 (120s) begins: Tue May 15 23:35:24 GMT 2018
Application time: 0.2163722 seconds
Application time: 0.1387353 seconds
[GC pause (G1 Evacuation Pause) (young) 42M->5248K(64M), 0.0012129 secs]
Application time: 0.2560258 seconds
[GC pause (G1 Evacuation Pause) (young) 42M->5250K(64M), 0.0012071 secs]
Application time: 0.2637905 seconds
[GC pause (G1 Evacuation Pause) (young) 42M->5252K(64M), 0.0011980 secs]
Application time: 0.2522200 seconds
[GC pause (G1 Evacuation Pause) (young) 42M->5255K(64M), 0.0011842 secs]
Application time: 0.2541352 seconds
[GC pause (G1 Evacuation Pause) (young) 42M->5255K(64M), 0.0011986 secs]
Application time: 0.2552499 seconds
[GC pause (G1 Evacuation Pause) (young) 42M->5264K(64M), 0.0011531 secs]
Application time: 0.2597251 seconds
[GC pause (G1 Evacuation Pause) (young) 42M->5266K(64M), 0.0011870 secs]
Application time: 0.2532786 seconds
[GC pause (G1 Evacuation Pause) (young) 42M->5268K(64M), 0.0010817 secs]
Application time: 0.2518061 seconds
[GC pause (G1 Evacuation Pause) (young) 42M->5267K(64M), 0.0011313 secs]
Application time: 0.2527960 seconds
[GC pause (G1 Evacuation Pause) (young) 42M->5272K(64M), 0.0012023 secs]
Application time: 0.2518766 seconds
[GC pause (G1 Evacuation Pause) (young) 42M->5271K(64M), 0.0011791 secs]
Application time: 0.2530634 seconds
[GC pause (G1 Evacuation Pause) (young) 42M->5279K(64M), 0.0011745 secs]
Application time: 0.2732567 seconds
[GC pause (G1 Evacuation Pause) (young) 42M->5276K(64M), 0.0011037 secs]
Application time: 0.2525816 seconds
[GC pause (G1 Evacuation Pause) (young) 42M->5283K(64M), 0.0011563 secs]
Application time: 0.2558778 seconds
[GC pause (G1 Evacuation Pause) (young) 42M->5286K(64M), 0.0012094 secs]
Application time: 0.2523934 seconds
[GC pause (G1 Evacuation Pause) (young) 42M->5285K(64M), 0.0012030 secs]
Application time: 0.2519927 seconds
[GC pause (G1 Evacuation Pause) (young) 42M->5292K(64M), 0.0011369 secs]
Application time: 0.2586506 seconds
[GC pause (G1 Evacuation Pause) (young) 42M->5294K(64M), 0.0011797 secs]
Application time: 0.2523066 seconds
[GC pause (G1 Evacuation Pause) (young) 42M->5296K(64M), 0.0011087 secs]
Application time: 0.2540959 seconds
[GC pause (G1 Evacuation Pause) (young) 42M->5294K(64M), 0.0011844 secs]
Application time: 0.2547719 seconds
[GC pause (G1 Evacuation Pause) (young) 42M->5298K(64M), 0.0012291 secs]
Application time: 0.2549570 seconds
[GC pause (G1 Evacuation Pause) (young) 42M->5305K(64M), 0.0011401 secs]
Application time: 0.2546838 seconds
[GC pause (G1 Evacuation Pause) (young) 42M->5295K(64M), 0.0011889 secs]
Application time: 0.2637161 seconds
[GC pause (G1 Evacuation Pause) (young) 42M->5310K(64M), 0.0012653 secs]
Application time: 0.2584845 seconds
[GC pause (G1 Evacuation Pause) (young) 42M->5316K(64M), 0.0011872 secs]
Application time: 0.2544637 seconds
[GC pause (G1 Evacuation Pause) (young) 42M->5318K(64M), 0.0011413 secs]
Application time: 0.2565946 seconds
[GC pause (G1 Evacuation Pause) (young) 42M->5322K(64M), 0.0011128 secs]
Application time: 0.2532512 seconds
[GC pause (G1 Evacuation Pause) (young) 42M->5322K(64M), 0.0012145 secs]
Application time: 0.2547845 seconds
[GC pause (G1 Evacuation Pause) (young) 42M->5330K(64M), 0.0012532 secs]
Application time: 0.2529672 seconds
[GC pause (G1 Evacuation Pause) (young) 42M->5331K(64M), 0.0011094 secs]
Application time: 0.2531543 seconds
[GC pause (G1 Evacuation Pause) (young) 42M->5334K(64M), 0.0011558 secs]
Application time: 0.2631331 seconds
[GC pause (G1 Evacuation Pause) (young) 42M->5340K(64M), 0.0013134 secs]
Application time: 0.2554280 seconds
[GC pause (G1 Evacuation Pause) (young) 42M->5336K(64M), 0.0012055 secs]
Application time: 0.2572946 seconds
[GC pause (G1 Evacuation Pause) (young) 42M->5341K(64M), 0.0013036 secs]
Application time: 0.2590865 seconds
[GC pause (G1 Evacuation Pause) (young) 42M->5344K(64M), 0.0012052 secs]
Application time: 0.2533757 seconds
[GC pause (G1 Evacuation Pause) (young) 42M->5346K(64M), 0.0010762 secs]
Application time: 0.2548710 seconds
[GC pause (G1 Evacuation Pause) (young) 42M->5349K(64M), 0.0011570 secs]
Application time: 0.2537116 seconds
[GC pause (G1 Evacuation Pause) (young) 42M->5347K(64M), 0.0010768 secs]
Application time: 0.2562545 seconds
[GC pause (G1 Evacuation Pause) (young) 42M->5352K(64M), 0.0011732 secs]
Application time: 0.2517514 seconds
[GC pause (G1 Evacuation Pause) (young) 42M->5355K(64M), 0.0012127 secs]
Application time: 0.2473790 seconds
[GC pause (G1 Evacuation Pause) (young) 42M->5357K(64M), 0.0011924 secs]
Application time: 0.2478395 seconds
[GC pause (G1 Evacuation Pause) (young) 42M->5362K(64M), 0.0012443 secs]
Application time: 0.2658136 seconds
[GC pause (G1 Evacuation Pause) (young) 42M->5362K(64M), 0.0011333 secs]
Application time: 0.2430763 seconds
[GC pause (G1 Evacuation Pause) (young) 42M->5364K(64M), 0.0011168 secs]
Application time: 0.2426205 seconds
[GC pause (G1 Evacuation Pause) (young) 42M->5368K(64M), 0.0012278 secs]
Application time: 0.2536586 seconds
[GC pause (G1 Evacuation Pause) (young) 42M->5370K(64M), 0.0011023 secs]
Application time: 0.2478910 seconds
[GC pause (G1 Evacuation Pause) (young) 42M->5373K(64M), 0.0011295 secs]
Application time: 0.2632091 seconds
[GC pause (G1 Evacuation Pause) (young) 42M->5372K(64M), 0.0015328 secs]
Application time: 0.2801464 seconds
[GC pause (G1 Evacuation Pause) (young) 42M->5378K(64M), 0.0014445 secs]
Application time: 0.2602130 seconds
[GC pause (G1 Evacuation Pause) (young) 42M->5381K(64M), 0.0013908 secs]
Application time: 0.2498510 seconds
[GC pause (G1 Evacuation Pause) (young) 42M->5381K(64M), 0.0015108 secs]
Application time: 0.2473430 seconds
[GC pause (G1 Evacuation Pause) (young) 42M->5381K(64M), 0.0014026 secs]
Application time: 0.2502874 seconds
[GC pause (G1 Evacuation Pause) (young) 42M->5388K(64M), 0.0013655 secs]
Application time: 0.2496784 seconds
[GC pause (G1 Evacuation Pause) (young) 42M->5392K(64M), 0.0008416 secs]
Application time: 0.2493387 seconds
[GC pause (G1 Evacuation Pause) (young) 42M->5395K(64M), 0.0008558 secs]
Application time: 0.2520227 seconds
[GC pause (G1 Evacuation Pause) (young) 42M->5394K(64M), 0.0007898 secs]
Application time: 0.2492996 seconds
[GC pause (G1 Evacuation Pause) (young) 42M->5397K(64M), 0.0008972 secs]
Application time: 0.2506639 seconds
[GC pause (G1 Evacuation Pause) (young) 42M->5400K(64M), 0.0008133 secs]
Application time: 0.2512287 seconds
[GC pause (G1 Evacuation Pause) (young) 42M->5405K(64M), 0.0009029 secs]
Application time: 0.2850945 seconds
[GC pause (G1 Evacuation Pause) (young) 42M->5408K(64M), 0.0010962 secs]
Application time: 0.2391662 seconds
[GC pause (G1 Evacuation Pause) (young) 42M->5408K(64M), 0.0011450 secs]
Application time: 0.2408232 seconds
[GC pause (G1 Evacuation Pause) (young) 42M->5410K(64M), 0.0017608 secs]
Application time: 0.2393716 seconds
[GC pause (G1 Evacuation Pause) (young) 42M->5413K(64M), 0.0012366 secs]
Application time: 0.2447545 seconds
[GC pause (G1 Evacuation Pause) (young) 42M->5415K(64M), 0.0011436 secs]
Application time: 0.2424803 seconds
[GC pause (G1 Evacuation Pause) (young) 42M->5418K(64M), 0.0011495 secs]
Application time: 0.2426798 seconds
[GC pause (G1 Evacuation Pause) (young) 42M->5422K(64M), 0.0010733 secs]
Application time: 0.2589488 seconds
[GC pause (G1 Evacuation Pause) (young) 42M->5428K(64M), 0.0009410 secs]
Application time: 0.2534714 seconds
[GC pause (G1 Evacuation Pause) (young) 42M->5425K(64M), 0.0010282 secs]
Application time: 0.2500254 seconds
[GC pause (G1 Evacuation Pause) (young) 42M->5428K(64M), 0.0008755 secs]
Application time: 0.2467502 seconds
[GC pause (G1 Evacuation Pause) (young) 42M->5431K(64M), 0.0010992 secs]
Application time: 0.2477769 seconds
[GC pause (G1 Evacuation Pause) (young) 42M->5434K(64M), 0.0011710 secs]
Application time: 0.2461911 seconds
[GC pause (G1 Evacuation Pause) (young) 42M->5431K(64M), 0.0011366 secs]
Application time: 0.2409130 seconds
[GC pause (G1 Evacuation Pause) (young) 42M->5437K(64M), 0.0012155 secs]
Application time: 0.2431230 seconds
[GC pause (G1 Evacuation Pause) (young) 42M->5423K(64M), 0.0011756 secs]
Application time: 0.2432626 seconds
[GC pause (G1 Evacuation Pause) (young) 42M->5445K(64M), 0.0011522 secs]
Application time: 0.2640340 seconds
[GC pause (G1 Evacuation Pause) (young) 42M->5450K(64M), 0.0008453 secs]
Application time: 0.2519593 seconds
[GC pause (G1 Evacuation Pause) (young) 42M->5447K(64M), 0.0011848 secs]
Application time: 0.2480121 seconds
[GC pause (G1 Evacuation Pause) (young) 42M->5453K(64M), 0.0091602 secs]
Application time: 0.2416538 seconds
[GC pause (G1 Evacuation Pause) (young) 42M->5457K(64M), 0.0010707 secs]
Application time: 0.2413458 seconds
[GC pause (G1 Evacuation Pause) (young) 42M->5454K(64M), 0.0010534 secs]
Application time: 0.2428112 seconds
[GC pause (G1 Evacuation Pause) (young) 42M->5460K(64M), 0.0010998 secs]
Application time: 0.2415694 seconds
[GC pause (G1 Evacuation Pause) (young) 42M->5462K(64M), 0.0018175 secs]
Application time: 0.2416706 seconds
[GC pause (G1 Evacuation Pause) (young) 42M->5465K(64M), 0.0011088 secs]
Application time: 0.2437513 seconds
[GC pause (G1 Evacuation Pause) (young) 42M->5465K(64M), 0.0011295 secs]
Application time: 0.2406460 seconds
[GC pause (G1 Evacuation Pause) (young) 42M->5469K(64M), 0.0011452 secs]
Application time: 0.2421984 seconds
[GC pause (G1 Evacuation Pause) (young) 42M->5473K(64M), 0.0010557 secs]
Application time: 0.2433315 seconds
[GC pause (G1 Evacuation Pause) (young) 42M->5475K(64M), 0.0012173 secs]
Application time: 0.2443707 seconds
[GC pause (G1 Evacuation Pause) (young) 42M->5474K(64M), 0.0011252 secs]
Application time: 0.2407199 seconds
[GC pause (G1 Evacuation Pause) (young) 42M->5481K(64M), 0.0011880 secs]
Application time: 0.2408826 seconds
[GC pause (G1 Evacuation Pause) (young) 42M->5480K(64M), 0.0011430 secs]
Application time: 0.2408920 seconds
[GC pause (G1 Evacuation Pause) (young) 42M->5485K(64M), 0.0031894 secs]
Application time: 0.2405607 seconds
[GC pause (G1 Evacuation Pause) (young) 42M->5488K(64M), 0.0011601 secs]
Application time: 0.2385279 seconds
[GC pause (G1 Evacuation Pause) (young) 42M->5491K(64M), 0.0012217 secs]
Application time: 0.2424244 seconds
[GC pause (G1 Evacuation Pause) (young) 42M->5493K(64M), 0.0012941 secs]
Application time: 0.2682298 seconds
[GC pause (G1 Evacuation Pause) (young) 42M->5496K(64M), 0.0009288 secs]
Application time: 0.2501210 seconds
[GC pause (G1 Evacuation Pause) (young) 42M->5498K(64M), 0.0009654 secs]
Application time: 0.2515212 seconds
[GC pause (G1 Evacuation Pause) (young) 42M->5501K(64M), 0.0009522 secs]
Application time: 0.2541537 seconds
[GC pause (G1 Evacuation Pause) (young) 42M->5503K(64M), 0.0009367 secs]
Application time: 0.2501521 seconds
[GC pause (G1 Evacuation Pause) (young) 42M->5502K(64M), 0.0009011 secs]
Application time: 0.2492560 seconds
[GC pause (G1 Evacuation Pause) (young) 42M->5506K(64M), 0.0008482 secs]
Application time: 0.2481522 seconds
[GC pause (G1 Evacuation Pause) (young) 42M->5509K(64M), 0.0010873 secs]
Application time: 0.2717978 seconds
[GC pause (G1 Evacuation Pause) (young) 42M->5512K(64M), 0.0008583 secs]
Application time: 0.2563846 seconds
[GC pause (G1 Evacuation Pause) (young) 42M->5515K(64M), 0.0008278 secs]
Application time: 0.2519785 seconds
[GC pause (G1 Evacuation Pause) (young) 42M->5518K(64M), 0.0009365 secs]
Application time: 0.2486451 seconds
[GC pause (G1 Evacuation Pause) (young) 42M->5521K(64M), 0.0008397 secs]
Application time: 0.2520050 seconds
[GC pause (G1 Evacuation Pause) (young) 42M->5523K(64M), 0.0008355 secs]
Application time: 0.2508373 seconds
[GC pause (G1 Evacuation Pause) (young) 42M->5526K(64M), 0.0009221 secs]
Application time: 0.2610870 seconds
[GC pause (G1 Evacuation Pause) (young) 42M->5528K(64M), 0.0009220 secs]
Application time: 0.2526704 seconds
[GC pause (G1 Evacuation Pause) (young) 42M->5528K(64M), 0.0009232 secs]
Application time: 0.2516467 seconds
[GC pause (G1 Evacuation Pause) (young) 42M->5533K(64M), 0.0009297 secs]
Application time: 0.2533715 seconds
[GC pause (G1 Evacuation Pause) (young) 42M->5532K(64M), 0.0009245 secs]
Application time: 0.2511412 seconds
[GC pause (G1 Evacuation Pause) (young) 42M->5539K(64M), 0.0008919 secs]
Application time: 0.2787524 seconds
[GC pause (G1 Evacuation Pause) (young) 42M->5542K(64M), 0.0009664 secs]
Application time: 0.2616243 seconds
[GC pause (G1 Evacuation Pause) (young) 42M->5545K(64M), 0.0010786 secs]
Application time: 0.2624330 seconds
[GC pause (G1 Evacuation Pause) (young) 42M->5549K(64M), 0.0008403 secs]
Application time: 0.2497851 seconds
[GC pause (G1 Evacuation Pause) (young) 42M->5549K(64M), 0.0008711 secs]
Application time: 0.2494443 seconds
[GC pause (G1 Evacuation Pause) (young) 42M->5552K(64M), 0.0008191 secs]
Application time: 0.2520187 seconds
[GC pause (G1 Evacuation Pause) (young) 42M->5556K(64M), 0.0008286 secs]
Application time: 0.2504654 seconds
[GC pause (G1 Evacuation Pause) (young) 42M->5554K(64M), 0.0008472 secs]
Application time: 0.2520292 seconds
[GC pause (G1 Evacuation Pause) (young) 42M->5558K(64M), 0.0009081 secs]
Application time: 0.2535940 seconds
[GC pause (G1 Evacuation Pause) (young) 42M->5565K(64M), 0.0008447 secs]
Application time: 0.2554326 seconds
[GC pause (G1 Evacuation Pause) (young) 42M->5566K(64M), 0.0008329 secs]
Application time: 0.2480481 seconds
[GC pause (G1 Evacuation Pause) (young) 42M->5568K(64M), 0.0007900 secs]
Application time: 0.2517314 seconds
[GC pause (G1 Evacuation Pause) (young) 42M->5569K(64M), 0.0008937 secs]
Application time: 0.2491490 seconds
[GC pause (G1 Evacuation Pause) (young) 42M->5571K(64M), 0.0008792 secs]
Application time: 0.2488935 seconds
[GC pause (G1 Evacuation Pause) (young) 42M->5574K(64M), 0.0009529 secs]
Application time: 0.2486998 seconds
[GC pause (G1 Evacuation Pause) (young) 42M->5576K(64M), 0.0008325 secs]
Application time: 0.2525376 seconds
[GC pause (G1 Evacuation Pause) (young) 42M->5578K(64M), 0.0008538 secs]
Application time: 0.2572356 seconds
[GC pause (G1 Evacuation Pause) (young) 42M->5582K(64M), 0.0008955 secs]
Application time: 0.2507380 seconds
[GC pause (G1 Evacuation Pause) (young) 42M->5584K(64M), 0.0008297 secs]
Application time: 0.2481633 seconds
[GC pause (G1 Evacuation Pause) (young) 42M->5587K(64M), 0.0008421 secs]
Application time: 0.2612656 seconds
[GC pause (G1 Evacuation Pause) (young) 42M->5590K(64M), 0.0009485 secs]
Application time: 0.2500065 seconds
[GC pause (G1 Evacuation Pause) (young) 42M->5593K(64M), 0.0009030 secs]
Application time: 0.2486490 seconds
[GC pause (G1 Evacuation Pause) (young) 42M->5592K(64M), 0.0008450 secs]
Application time: 0.2495505 seconds
[GC pause (G1 Evacuation Pause) (young) 42M->5596K(64M), 0.0009157 secs]
Application time: 0.2534438 seconds
[GC pause (G1 Evacuation Pause) (young) 42M->5600K(64M), 0.0009918 secs]
Application time: 0.2519179 seconds
[GC pause (G1 Evacuation Pause) (young) 42M->5602K(64M), 0.0010909 secs]
Application time: 0.2533140 seconds
[GC pause (G1 Evacuation Pause) (young) 42M->5605K(64M), 0.0012088 secs]
Application time: 0.2471261 seconds
[GC pause (G1 Evacuation Pause) (young) 42M->5607K(64M), 0.0010731 secs]
Application time: 0.2406962 seconds
[GC pause (G1 Evacuation Pause) (young) 42M->5612K(64M), 0.0010572 secs]
Application time: 0.2455224 seconds
[GC pause (G1 Evacuation Pause) (young) 42M->5610K(64M), 0.0011117 secs]
Application time: 0.2397195 seconds
[GC pause (G1 Evacuation Pause) (young) 42M->5616K(64M), 0.0011218 secs]
Application time: 0.2452220 seconds
[GC pause (G1 Evacuation Pause) (young) 42M->5619K(64M), 0.0011055 secs]
Application time: 0.2371971 seconds
[GC pause (G1 Evacuation Pause) (young) 42M->5616K(64M), 0.0010772 secs]
Application time: 0.2371481 seconds
[GC pause (G1 Evacuation Pause) (young) 42M->5619K(64M), 0.0011162 secs]
Application time: 0.2608691 seconds
[GC pause (G1 Evacuation Pause) (young) 42M->5624K(64M), 0.0011139 secs]
Application time: 0.2420610 seconds
[GC pause (G1 Evacuation Pause) (young) 42M->5626K(64M), 0.0010856 secs]
Application time: 0.2383023 seconds
[GC pause (G1 Evacuation Pause) (young) 42M->5630K(64M), 0.0011327 secs]
Application time: 0.2369606 seconds
[GC pause (G1 Evacuation Pause) (young) 42M->5633K(64M), 0.0011811 secs]
Application time: 0.2370527 seconds
[GC pause (G1 Evacuation Pause) (young) 42M->5635K(64M), 0.0011969 secs]
Application time: 0.2393606 seconds
[GC pause (G1 Evacuation Pause) (young) 42M->5638K(64M), 0.0012430 secs]
Application time: 0.2409212 seconds
[GC pause (G1 Evacuation Pause) (young) 42M->5640K(64M), 0.0011822 secs]
Application time: 0.2388449 seconds
[GC pause (G1 Evacuation Pause) (young) 42M->5643K(64M), 0.0012010 secs]
Application time: 0.2437646 seconds
[GC pause (G1 Evacuation Pause) (young) 42M->5643K(64M), 0.0011528 secs]
Application time: 0.2403874 seconds
[GC pause (G1 Evacuation Pause) (young) 42M->5647K(64M), 0.0011525 secs]
Application time: 0.2410362 seconds
[GC pause (G1 Evacuation Pause) (young) 42M->5651K(64M), 0.0010476 secs]
Application time: 0.2426628 seconds
[GC pause (G1 Evacuation Pause) (young) 42M->5656K(64M), 0.0011543 secs]
Application time: 0.2475320 seconds
[GC pause (G1 Evacuation Pause) (young) 42M->5658K(64M), 0.0011011 secs]
Application time: 0.2409589 seconds
[GC pause (G1 Evacuation Pause) (young) 42M->5663K(64M), 0.0011456 secs]
Application time: 0.2553521 seconds
[GC pause (G1 Evacuation Pause) (young) 42M->5661K(64M), 0.0010613 secs]
Application time: 0.2416034 seconds
[GC pause (G1 Evacuation Pause) (young) 42M->5664K(64M), 0.0011675 secs]
Application time: 0.2390173 seconds
[GC pause (G1 Evacuation Pause) (young) 42M->5670K(64M), 0.0011168 secs]
Application time: 0.2431817 seconds
[GC pause (G1 Evacuation Pause) (young) 42M->5671K(64M), 0.0008279 secs]
Application time: 0.2387048 seconds
[GC pause (G1 Evacuation Pause) (young) 42M->5669K(64M), 0.0008077 secs]
Application time: 0.2338106 seconds
[GC pause (G1 Evacuation Pause) (young) 42M->5673K(64M), 0.0007662 secs]
Application time: 0.2413918 seconds
[GC pause (G1 Evacuation Pause) (young) 42M->5677K(64M), 0.0008691 secs]
Application time: 0.2315403 seconds
[GC pause (G1 Evacuation Pause) (young) 42M->5681K(64M), 0.0007549 secs]
Application time: 0.2234670 seconds
[GC pause (G1 Evacuation Pause) (young) 42M->5681K(64M), 0.0010955 secs]
Application time: 0.2172102 seconds
[GC pause (G1 Evacuation Pause) (young) 42M->5680K(64M), 0.0010882 secs]
Application time: 0.2239752 seconds
[GC pause (G1 Evacuation Pause) (young) 42M->5682K(64M), 0.0010864 secs]
Application time: 0.2303764 seconds
[GC pause (G1 Evacuation Pause) (young) 42M->5716K(64M), 0.0010882 secs]
Application time: 0.2294212 seconds
[GC pause (G1 Evacuation Pause) (young) 42M->5723K(64M), 0.0011469 secs]
Application time: 0.2288540 seconds
[GC pause (G1 Evacuation Pause) (young) 42M->5726K(64M), 0.0011824 secs]
Application time: 0.2206804 seconds
[GC pause (G1 Evacuation Pause) (young) 42M->5733K(64M), 0.0011486 secs]
Application time: 0.2172185 seconds
[GC pause (G1 Evacuation Pause) (young) 42M->5728K(64M), 0.0010754 secs]
Application time: 0.2205794 seconds
[GC pause (G1 Evacuation Pause) (young) 42M->5736K(64M), 0.0011568 secs]
Application time: 0.2235625 seconds
[GC pause (G1 Evacuation Pause) (young) 42M->5738K(64M), 0.0011187 secs]
Application time: 0.2286617 seconds
[GC pause (G1 Evacuation Pause) (young) 42M->5740K(64M), 0.0010924 secs]
Application time: 0.2250000 seconds
[GC pause (G1 Evacuation Pause) (young) 42M->5743K(64M), 0.0011728 secs]
Application time: 0.2245547 seconds
[GC pause (G1 Evacuation Pause) (young) 42M->5743K(64M), 0.0008195 secs]
Application time: 0.2469531 seconds
[GC pause (G1 Evacuation Pause) (young) 42M->5747K(64M), 0.0013951 secs]
Application time: 0.2354003 seconds
[GC pause (G1 Evacuation Pause) (young) 42M->5751K(64M), 0.0011093 secs]
Application time: 0.2406954 seconds
[GC pause (G1 Evacuation Pause) (young) 42M->5757K(64M), 0.0009116 secs]
Application time: 0.2369326 seconds
[GC pause (G1 Evacuation Pause) (young) 42M->5758K(64M), 0.0008226 secs]
Application time: 0.2242506 seconds
[GC pause (G1 Evacuation Pause) (young) 42M->5758K(64M), 0.0011910 secs]
Application time: 0.2410073 seconds
[GC pause (G1 Evacuation Pause) (young) 42M->5759K(64M), 0.0012313 secs]
Application time: 0.2407781 seconds
[GC pause (G1 Evacuation Pause) (young) 42M->5763K(64M), 0.0011872 secs]
Application time: 0.2659007 seconds
[GC pause (G1 Evacuation Pause) (young) 42M->5766K(64M), 0.0010492 secs]
Application time: 0.2460654 seconds
[GC pause (G1 Evacuation Pause) (young) 42M->5753K(64M), 0.0012180 secs]
Application time: 0.2437684 seconds
[GC pause (G1 Evacuation Pause) (young) 42M->5767K(64M), 0.0008684 secs]
Application time: 0.2531062 seconds
[GC pause (G1 Evacuation Pause) (young) 42M->5772K(64M), 0.0010015 secs]
Application time: 0.2488869 seconds
[GC pause (G1 Evacuation Pause) (young) 42M->5775K(64M), 0.0008241 secs]
Application time: 0.2558810 seconds
[GC pause (G1 Evacuation Pause) (young) 42M->5778K(64M), 0.0013050 secs]
Application time: 0.2465149 seconds
[GC pause (G1 Evacuation Pause) (young) 42M->5781K(64M), 0.0011811 secs]
Application time: 0.2409301 seconds
[GC pause (G1 Evacuation Pause) (young) 42M->5784K(64M), 0.0011567 secs]
Application time: 0.2378068 seconds
[GC pause (G1 Evacuation Pause) (young) 42M->5786K(64M), 0.0011797 secs]
Application time: 0.2433529 seconds
[GC pause (G1 Evacuation Pause) (young) 42M->5786K(64M), 0.0011856 secs]
Application time: 0.2421833 seconds
[GC pause (G1 Evacuation Pause) (young) 42M->5793K(64M), 0.0011396 secs]
Application time: 0.2383434 seconds
[GC pause (G1 Evacuation Pause) (young) 42M->5795K(64M), 0.0011446 secs]
Application time: 0.2611685 seconds
[GC pause (G1 Evacuation Pause) (young) 42M->5795K(64M), 0.0011280 secs]
Application time: 0.2419569 seconds
[GC pause (G1 Evacuation Pause) (young) 42M->5798K(64M), 0.0012450 secs]
Application time: 0.2467957 seconds
[GC pause (G1 Evacuation Pause) (young) 42M->5800K(64M), 0.0011985 secs]
Application time: 0.2400365 seconds
[GC pause (G1 Evacuation Pause) (young) 42M->5802K(64M), 0.0013172 secs]
Application time: 0.2431917 seconds
[GC pause (G1 Evacuation Pause) (young) 42M->5806K(64M), 0.0011288 secs]
Application time: 0.2464173 seconds
[GC pause (G1 Evacuation Pause) (young) 42M->5808K(64M), 0.0011744 secs]
Application time: 0.2439193 seconds
[GC pause (G1 Evacuation Pause) (young) 42M->5808K(64M), 0.0012539 secs]
Application time: 0.2403562 seconds
[GC pause (G1 Evacuation Pause) (young) 42M->5815K(64M), 0.0011360 secs]
Application time: 0.2448987 seconds
[GC pause (G1 Evacuation Pause) (young) 42M->5816K(64M), 0.0011843 secs]
Application time: 0.2377843 seconds
[GC pause (G1 Evacuation Pause) (young) 42M->5820K(64M), 0.0011488 secs]
Application time: 0.2519083 seconds
[GC pause (G1 Evacuation Pause) (young) 42M->5817K(64M), 0.0011533 secs]
Application time: 0.2405259 seconds
[GC pause (G1 Evacuation Pause) (young) 42M->5823K(64M), 0.0011838 secs]
Application time: 0.2397119 seconds
[GC pause (G1 Evacuation Pause) (young) 42M->5825K(64M), 0.0011842 secs]
Application time: 0.2398959 seconds
[GC pause (G1 Evacuation Pause) (young) 42M->5828K(64M), 0.0012426 secs]
Application time: 0.2396523 seconds
[GC pause (G1 Evacuation Pause) (young) 42M->5831K(64M), 0.0011787 secs]
Application time: 0.2424235 seconds
[GC pause (G1 Evacuation Pause) (young) 42M->5834K(64M), 0.0011094 secs]
Application time: 0.2395640 seconds
[GC pause (G1 Evacuation Pause) (young) 42M->5835K(64M), 0.0011683 secs]
Application time: 0.2511364 seconds
[GC pause (G1 Evacuation Pause) (young) 42M->5841K(64M), 0.0011495 secs]
Application time: 0.2503613 seconds
[GC pause (G1 Evacuation Pause) (young) 42M->5843K(64M), 0.0010723 secs]
Application time: 0.2569154 seconds
[GC pause (G1 Evacuation Pause) (young) 42M->5842K(64M), 0.0011527 secs]
Application time: 0.2418499 seconds
[GC pause (G1 Evacuation Pause) (young) 42M->5845K(64M), 0.0011387 secs]
Application time: 0.2431450 seconds
[GC pause (G1 Evacuation Pause) (young) 42M->5848K(64M), 0.0012695 secs]
Application time: 0.2426709 seconds
[GC pause (G1 Evacuation Pause) (young) 42M->5847K(64M), 0.0008009 secs]
Application time: 0.2374664 seconds
[GC pause (G1 Evacuation Pause) (young) 42M->5852K(64M), 0.0009322 secs]
Application time: 0.2392063 seconds
[GC pause (G1 Evacuation Pause) (young) 42M->5855K(64M), 0.0008691 secs]
Application time: 0.2301696 seconds
[GC pause (G1 Evacuation Pause) (young) 42M->5857K(64M), 0.0008021 secs]
Application time: 0.2678657 seconds
[GC pause (G1 Evacuation Pause) (young) 42M->5860K(64M), 0.0012750 secs]
Application time: 0.2456501 seconds
[GC pause (G1 Evacuation Pause) (young) 42M->5865K(64M), 0.0011074 secs]
Application time: 0.2469334 seconds
[GC pause (G1 Evacuation Pause) (young) 42M->5866K(64M), 0.0012136 secs]
Application time: 0.2502538 seconds
[GC pause (G1 Evacuation Pause) (young) 42M->5869K(64M), 0.0011867 secs]
Application time: 0.2421102 seconds
[GC pause (G1 Evacuation Pause) (young) 42M->5870K(64M), 0.0010455 secs]
Application time: 0.2396965 seconds
[GC pause (G1 Evacuation Pause) (young) 42M->5872K(64M), 0.0011544 secs]
Application time: 0.2536044 seconds
[GC pause (G1 Evacuation Pause) (young) 42M->5876K(64M), 0.0011692 secs]
Application time: 0.2394195 seconds
[GC pause (G1 Evacuation Pause) (young) 42M->5878K(64M), 0.0011905 secs]
Application time: 0.2541536 seconds
[GC pause (G1 Evacuation Pause) (young) 42M->5881K(64M), 0.0011467 secs]
Application time: 0.2451561 seconds
[GC pause (G1 Evacuation Pause) (young) 42M->5884K(64M), 0.0012265 secs]
Application time: 0.2493543 seconds
[GC pause (G1 Evacuation Pause) (young) 42M->5882K(64M), 0.0012448 secs]
Application time: 0.2421982 seconds
[GC pause (G1 Evacuation Pause) (young) 42M->5906K(64M), 0.0011295 secs]
Application time: 0.2426123 seconds
[GC pause (G1 Evacuation Pause) (young) 42M->5906K(64M), 0.0034595 secs]
Application time: 0.2399740 seconds
[GC pause (G1 Evacuation Pause) (young) 42M->5910K(64M), 0.0011887 secs]
Application time: 0.2446856 seconds
[GC pause (G1 Evacuation Pause) (young) 42M->5912K(64M), 0.0010849 secs]
Application time: 0.2439395 seconds
[GC pause (G1 Evacuation Pause) (young) 42M->5915K(64M), 0.0011553 secs]
Application time: 0.2401394 seconds
[GC pause (G1 Evacuation Pause) (young) 42M->5917K(64M), 0.0011954 secs]
Application time: 0.2469931 seconds
[GC pause (G1 Evacuation Pause) (young) 42M->5919K(64M), 0.0010909 secs]
Application time: 0.2399108 seconds
[GC pause (G1 Evacuation Pause) (young) 42M->5922K(64M), 0.0011273 secs]
Application time: 0.2687640 seconds
[GC pause (G1 Evacuation Pause) (young) 42M->5924K(64M), 0.0010649 secs]
Application time: 0.2410483 seconds
[GC pause (G1 Evacuation Pause) (young) 42M->5927K(64M), 0.0010405 secs]
Application time: 0.2453977 seconds
[GC pause (G1 Evacuation Pause) (young) 42M->5929K(64M), 0.0010731 secs]
Application time: 0.2436959 seconds
[GC pause (G1 Evacuation Pause) (young) 42M->5934K(64M), 0.0011254 secs]
Application time: 0.2395863 seconds
[GC pause (G1 Evacuation Pause) (young) 42M->5936K(64M), 0.0011266 secs]
Application time: 0.2408110 seconds
[GC pause (G1 Evacuation Pause) (young) 42M->5938K(64M), 0.0010928 secs]
Application time: 0.2450854 seconds
[GC pause (G1 Evacuation Pause) (young) 42M->5940K(64M), 0.0011319 secs]
Application time: 0.2409914 seconds
[GC pause (G1 Evacuation Pause) (young) 42M->5943K(64M), 0.0010785 secs]
Application time: 0.2382055 seconds
[GC pause (G1 Evacuation Pause) (young) 42M->5949K(64M), 0.0012116 secs]
Application time: 0.2408479 seconds
[GC pause (G1 Evacuation Pause) (young) 42M->5947K(64M), 0.0011124 secs]
Application time: 0.2402255 seconds
[GC pause (G1 Evacuation Pause) (young) 42M->5949K(64M), 0.0011139 secs]
Application time: 0.2408713 seconds
[GC pause (G1 Evacuation Pause) (young) 42M->5951K(64M), 0.0007868 secs]
Application time: 0.2289238 seconds
[GC pause (G1 Evacuation Pause) (young) 42M->5955K(64M), 0.0008250 secs]
Application time: 0.2287204 seconds
[GC pause (G1 Evacuation Pause) (young) 42M->5955K(64M), 0.0007821 secs]
Application time: 0.2297668 seconds
[GC pause (G1 Evacuation Pause) (young) 42M->5962K(64M), 0.0008054 secs]
Application time: 0.2343911 seconds
[GC pause (G1 Evacuation Pause) (young) 42M->5963K(64M), 0.0008104 secs]
Application time: 0.2263775 seconds
[GC pause (G1 Evacuation Pause) (young) 42M->5965K(64M), 0.0007987 secs]
Application time: 0.2381579 seconds
[GC pause (G1 Evacuation Pause) (young) 42M->5967K(64M), 0.0007707 secs]
Application time: 0.2390948 seconds
[GC pause (G1 Evacuation Pause) (young) 42M->5970K(64M), 0.0008794 secs]
Application time: 0.2287630 seconds
[GC pause (G1 Evacuation Pause) (young) 42M->5974K(64M), 0.0008034 secs]
Application time: 0.2319872 seconds
[GC pause (G1 Evacuation Pause) (young) 42M->5978K(64M), 0.0007973 secs]
Application time: 0.2438596 seconds
[GC pause (G1 Evacuation Pause) (young) 42M->5976K(64M), 0.0008174 secs]
Application time: 0.2360227 seconds
[GC pause (G1 Evacuation Pause) (young) 42M->5980K(64M), 0.0008784 secs]
Application time: 0.2266117 seconds
[GC pause (G1 Evacuation Pause) (young) 42M->5984K(64M), 0.0008388 secs]
Application time: 0.2354785 seconds
[GC pause (G1 Evacuation Pause) (young) 42M->5986K(64M), 0.0011317 secs]
Application time: 0.2389252 seconds
[GC pause (G1 Evacuation Pause) (young) 42M->5988K(64M), 0.0012114 secs]
Application time: 0.2387014 seconds
[GC pause (G1 Evacuation Pause) (young) 42M->5982K(64M), 0.0012215 secs]
Application time: 0.2389612 seconds
[GC pause (G1 Evacuation Pause) (young) 42M->5995K(64M), 0.0011763 secs]
Application time: 0.2429634 seconds
[GC pause (G1 Evacuation Pause) (young) 42M->5997K(64M), 0.0011808 secs]
Application time: 0.2397899 seconds
[GC pause (G1 Evacuation Pause) (young) 42M->6005K(64M), 0.0012478 secs]
Application time: 0.2446169 seconds
[GC pause (G1 Evacuation Pause) (young) 42M->5999K(64M), 0.0011496 secs]
Application time: 0.2446043 seconds
[GC pause (G1 Evacuation Pause) (young) 42M->6004K(64M), 0.0011590 secs]
Application time: 0.2433611 seconds
[GC pause (G1 Evacuation Pause) (young) 42M->6008K(64M), 0.0011521 secs]
Application time: 0.2450789 seconds
[GC pause (G1 Evacuation Pause) (young) 42M->6011K(64M), 0.0011823 secs]
Application time: 0.2434174 seconds
[GC pause (G1 Evacuation Pause) (young) 42M->6014K(64M), 0.0018114 secs]
Application time: 0.2418247 seconds
[GC pause (G1 Evacuation Pause) (young) 42M->6016K(64M), 0.0011352 secs]
Application time: 0.2458863 seconds
[GC pause (G1 Evacuation Pause) (young) 42M->6019K(64M), 0.0011954 secs]
Application time: 0.2549303 seconds
[GC pause (G1 Evacuation Pause) (young) 42M->6005K(64M), 0.0011457 secs]
Application time: 0.2428349 seconds
[GC pause (G1 Evacuation Pause) (young) 42M->6023K(64M), 0.0011489 secs]
Application time: 0.2412220 seconds
[GC pause (G1 Evacuation Pause) (young) 42M->6026K(64M), 0.0010907 secs]
Application time: 0.2472592 seconds
[GC pause (G1 Evacuation Pause) (young) 42M->6029K(64M), 0.0011165 secs]
Application time: 0.2438910 seconds
[GC pause (G1 Evacuation Pause) (young) 42M->6031K(64M), 0.0011911 secs]
Application time: 0.2430695 seconds
[GC pause (G1 Evacuation Pause) (young) 42M->6034K(64M), 0.0010860 secs]
Application time: 0.2405332 seconds
[GC pause (G1 Evacuation Pause) (young) 42M->6036K(64M), 0.0011778 secs]
Application time: 0.2405115 seconds
[GC pause (G1 Evacuation Pause) (young) 42M->6038K(64M), 0.0011528 secs]
Application time: 0.2622615 seconds
[GC pause (G1 Evacuation Pause) (young) 42M->6037K(64M), 0.0012011 secs]
Application time: 0.2404629 seconds
[GC pause (G1 Evacuation Pause) (young) 42M->6044K(64M), 0.0010928 secs]
Application time: 0.2416833 seconds
[GC pause (G1 Evacuation Pause) (young) 42M->6045K(64M), 0.0011706 secs]
Application time: 0.2619326 seconds
[GC pause (G1 Evacuation Pause) (young) 42M->6048K(64M), 0.0011146 secs]
Application time: 0.2383072 seconds
[GC pause (G1 Evacuation Pause) (young) 42M->6051K(64M), 0.0011236 secs]
Application time: 0.2413978 seconds
[GC pause (G1 Evacuation Pause) (young) 42M->6054K(64M), 0.0011666 secs]
Application time: 0.2436140 seconds
[GC pause (G1 Evacuation Pause) (young) 42M->6053K(64M), 0.0011361 secs]
Application time: 0.2408698 seconds
[GC pause (G1 Evacuation Pause) (young) 42M->6060K(64M), 0.0011668 secs]
Application time: 0.2366717 seconds
[GC pause (G1 Evacuation Pause) (young) 42M->6065K(64M), 0.0011342 secs]
Application time: 0.2394161 seconds
[GC pause (G1 Evacuation Pause) (young) 42M->6065K(64M), 0.0012263 secs]
Application time: 0.2418477 seconds
[GC pause (G1 Evacuation Pause) (young) 42M->6065K(64M), 0.0012293 secs]
Application time: 0.2889530 seconds
[GC pause (G1 Evacuation Pause) (young) 42M->6068K(64M), 0.0012167 secs]
Application time: 0.2534998 seconds
[GC pause (G1 Evacuation Pause) (young) 42M->6071K(64M), 0.0011803 secs]
Application time: 0.2452953 seconds
[GC pause (G1 Evacuation Pause) (young) 42M->6073K(64M), 0.0011555 secs]
Application time: 0.2411991 seconds
[GC pause (G1 Evacuation Pause) (young) 42M->6076K(64M), 0.0011319 secs]
Application time: 0.2402491 seconds
[GC pause (G1 Evacuation Pause) (young) 42M->6079K(64M), 0.0010784 secs]
Application time: 0.2369555 seconds
[GC pause (G1 Evacuation Pause) (young) 42M->6079K(64M), 0.0010736 secs]
Application time: 0.2492260 seconds
[GC pause (G1 Evacuation Pause) (young) 42M->6084K(64M), 0.0011199 secs]
Application time: 0.2438552 seconds
[GC pause (G1 Evacuation Pause) (young) 42M->6085K(64M), 0.0011938 secs]
Application time: 0.2399284 seconds
[GC pause (G1 Evacuation Pause) (young) 42M->6089K(64M), 0.0011870 secs]
Application time: 0.2386331 seconds
[GC pause (G1 Evacuation Pause) (young) 42M->6091K(64M), 0.0011121 secs]
Application time: 0.2413563 seconds
[GC pause (G1 Evacuation Pause) (young) 42M->6090K(64M), 0.0011295 secs]
Application time: 0.2501727 seconds
[GC pause (G1 Evacuation Pause) (young) 42M->6096K(64M), 0.0011877 secs]
Application time: 0.2400701 seconds
[GC pause (G1 Evacuation Pause) (young) 42M->6099K(64M), 0.0011645 secs]
Application time: 0.2568306 seconds
[GC pause (G1 Evacuation Pause) (young) 42M->6101K(64M), 0.0012138 secs]
Application time: 0.2428323 seconds
[GC pause (G1 Evacuation Pause) (young) 42M->6100K(64M), 0.0011932 secs]
Application time: 0.2385002 seconds
[GC pause (G1 Evacuation Pause) (young) 42M->6102K(64M), 0.0011273 secs]
Application time: 0.2366706 seconds
[GC pause (G1 Evacuation Pause) (young) 42M->6106K(64M), 0.0012269 secs]
Application time: 0.2419192 seconds
[GC pause (G1 Evacuation Pause) (young) 42M->6113K(64M), 0.0011311 secs]
Application time: 0.2403457 seconds
[GC pause (G1 Evacuation Pause) (young) 42M->6115K(64M), 0.0011189 secs]
Application time: 0.2392125 seconds
[GC pause (G1 Evacuation Pause) (young) 42M->6118K(64M), 0.0011737 secs]
Application time: 0.2363116 seconds
[GC pause (G1 Evacuation Pause) (young) 42M->6120K(64M), 0.0010632 secs]
Application time: 0.2381295 seconds
[GC pause (G1 Evacuation Pause) (young) 42M->6120K(64M), 0.0010655 secs]
Application time: 0.2411361 seconds
[GC pause (G1 Evacuation Pause) (young) 42M->6125K(64M), 0.0011521 secs]
Application time: 0.2383809 seconds
[GC pause (G1 Evacuation Pause) (young) 42M->6126K(64M), 0.0011899 secs]
Application time: 0.2353845 seconds
[GC pause (G1 Evacuation Pause) (young) 42M->6130K(64M), 0.0011392 secs]
Application time: 0.2409499 seconds
[GC pause (G1 Evacuation Pause) (young) 42M->6132K(64M), 0.0011216 secs]
Application time: 0.2404092 seconds
[GC pause (G1 Evacuation Pause) (young) 42M->6134K(64M), 0.0011300 secs]
Application time: 0.2393925 seconds
[GC pause (G1 Evacuation Pause) (young) 42M->6137K(64M), 0.0011368 secs]
Application time: 0.2382356 seconds
[GC pause (G1 Evacuation Pause) (young) 42M->6140K(64M), 0.0011402 secs]
Application time: 0.2424199 seconds
[GC pause (G1 Evacuation Pause) (young) 42M->6139K(64M), 0.0011644 secs]
Application time: 0.2419503 seconds
[GC pause (G1 Evacuation Pause) (young) 42M->6147K(64M), 0.0011377 secs]
Application time: 0.2391968 seconds
[GC pause (G1 Evacuation Pause) (young) 43M->6145K(64M), 0.0011176 secs]
Application time: 0.2363465 seconds
[GC pause (G1 Evacuation Pause) (young) 43M->6147K(64M), 0.0012183 secs]
Application time: 0.2379645 seconds
[GC pause (G1 Evacuation Pause) (young) 43M->6153K(64M), 0.0011221 secs]
Application time: 0.2371621 seconds
[GC pause (G1 Evacuation Pause) (young) 43M->6155K(64M), 0.0012162 secs]
Application time: 0.2382269 seconds
[GC pause (G1 Evacuation Pause) (young) 43M->6142K(64M), 0.0011766 secs]
Application time: 0.2372897 seconds
[GC pause (G1 Evacuation Pause) (young) 42M->6156K(64M), 0.0010824 secs]
Application time: 0.2408609 seconds
[GC pause (G1 Evacuation Pause) (young) 43M->6162K(64M), 0.0010791 secs]
Application time: 0.2366879 seconds
[GC pause (G1 Evacuation Pause) (young) 43M->6165K(64M), 0.0011483 secs]
Application time: 0.2372230 seconds
[GC pause (G1 Evacuation Pause) (young) 43M->6136K(64M), 0.0011481 secs]
Application time: 0.2458175 seconds
[GC pause (G1 Evacuation Pause) (young) 42M->6172K(64M), 0.0011761 secs]
Application time: 0.2792014 seconds
[GC pause (G1 Evacuation Pause) (young) 43M->6173K(64M), 0.0008462 secs]
Application time: 0.2516610 seconds
[GC pause (G1 Evacuation Pause) (young) 43M->6175K(64M), 0.0010996 secs]
Application time: 0.2405513 seconds
[GC pause (G1 Evacuation Pause) (young) 43M->6180K(64M), 0.0011044 secs]
Application time: 0.2396823 seconds
[GC pause (G1 Evacuation Pause) (young) 43M->6178K(64M), 0.0011377 secs]
Application time: 0.2397131 seconds
[GC pause (G1 Evacuation Pause) (young) 43M->6182K(64M), 0.0011913 secs]
Application time: 0.2388252 seconds
[GC pause (G1 Evacuation Pause) (young) 43M->6184K(64M), 0.0011924 secs]
Application time: 0.2406978 seconds
[GC pause (G1 Evacuation Pause) (young) 43M->6187K(64M), 0.0011956 secs]
Application time: 0.2640674 seconds
[GC pause (G1 Evacuation Pause) (young) 43M->6191K(64M), 0.0012176 secs]
Application time: 0.2700905 seconds
[GC pause (G1 Evacuation Pause) (young) 43M->6193K(64M), 0.0012216 secs]
Application time: 0.2510836 seconds
[GC pause (G1 Evacuation Pause) (young) 43M->6179K(64M), 0.0011383 secs]
Application time: 0.2518194 seconds
[GC pause (G1 Evacuation Pause) (young) 43M->6197K(64M), 0.0011785 secs]
Application time: 0.2433089 seconds
[GC pause (G1 Evacuation Pause) (young) 43M->6200K(64M), 0.0011067 secs]
Application time: 0.2436298 seconds
[GC pause (G1 Evacuation Pause) (young) 43M->6203K(64M), 0.0011034 secs]
Application time: 0.2413023 seconds
[GC pause (G1 Evacuation Pause) (young) 43M->6205K(64M), 0.0011734 secs]
Application time: 0.2371533 seconds
[GC pause (G1 Evacuation Pause) (young) 43M->6208K(64M), 0.0010516 secs]
Application time: 0.2284861 seconds
[GC pause (G1 Evacuation Pause) (young) 43M->6210K(64M), 0.0011879 secs]
Application time: 0.2372354 seconds
[GC pause (G1 Evacuation Pause) (young) 43M->6213K(64M), 0.0010944 secs]
Application time: 0.2367215 seconds
[GC pause (G1 Evacuation Pause) (young) 43M->6213K(64M), 0.0011224 secs]
Application time: 0.2405547 seconds
[GC pause (G1 Evacuation Pause) (young) 43M->6217K(64M), 0.0010548 secs]
Application time: 0.2328075 seconds
[GC pause (G1 Evacuation Pause) (young) 43M->6220K(64M), 0.0011193 secs]
Application time: 0.2292536 seconds
[GC pause (G1 Evacuation Pause) (young) 43M->6223K(64M), 0.0010850 secs]
Application time: 0.2227974 seconds
[GC pause (G1 Evacuation Pause) (young) 43M->6226K(64M), 0.0010520 secs]
Application time: 0.2255201 seconds
[GC pause (G1 Evacuation Pause) (young) 43M->6232K(64M), 0.0011037 secs]
Application time: 0.2252831 seconds
[GC pause (G1 Evacuation Pause) (young) 43M->6232K(64M), 0.0010192 secs]
Application time: 0.2246959 seconds
[GC pause (G1 Evacuation Pause) (young) 43M->6231K(64M), 0.0011154 secs]
Application time: 0.2588496 seconds
[GC pause (G1 Evacuation Pause) (young) 43M->6231K(64M), 0.0009504 secs]
Application time: 0.2446584 seconds
[GC pause (G1 Evacuation Pause) (young) 43M->6235K(64M), 0.0008841 secs]
Application time: 0.2420712 seconds
[GC pause (G1 Evacuation Pause) (young) 43M->6226K(64M), 0.0008516 secs]
Application time: 0.2420364 seconds
[GC pause (G1 Evacuation Pause) (young) 43M->6243K(64M), 0.0008228 secs]
Application time: 0.2361117 seconds
[GC pause (G1 Evacuation Pause) (young) 43M->6245K(64M), 0.0008648 secs]
Application time: 0.2219521 seconds
[GC pause (G1 Evacuation Pause) (young) 43M->6247K(64M), 0.0008917 secs]
Application time: 0.2254860 seconds
[GC pause (G1 Evacuation Pause) (young) 43M->6252K(64M), 0.0014228 secs]
Application time: 0.2242697 seconds
[GC pause (G1 Evacuation Pause) (young) 43M->6253K(64M), 0.0011718 secs]
Application time: 0.2248790 seconds
[GC pause (G1 Evacuation Pause) (young) 43M->6252K(64M), 0.0011802 secs]
Application time: 0.2240420 seconds
[GC pause (G1 Evacuation Pause) (young) 43M->6257K(64M), 0.0013153 secs]
Application time: 0.2227181 seconds
[GC pause (G1 Evacuation Pause) (young) 43M->6260K(64M), 0.0013088 secs]
Application time: 0.2268609 seconds
[GC pause (G1 Evacuation Pause) (young) 43M->6263K(64M), 0.0012550 secs]
Application time: 0.2240567 seconds
[GC pause (G1 Evacuation Pause) (young) 43M->6265K(64M), 0.0010940 secs]
Application time: 0.2572545 seconds
[GC pause (G1 Evacuation Pause) (young) 43M->6264K(64M), 0.0010913 secs]
Application time: 0.2282444 seconds
[GC pause (G1 Evacuation Pause) (young) 43M->6271K(64M), 0.0011127 secs]
Application time: 0.2238091 seconds
[GC pause (G1 Evacuation Pause) (young) 43M->6274K(64M), 0.0011272 secs]
Application time: 0.2273179 seconds
[GC pause (G1 Evacuation Pause) (young) 43M->6274K(64M), 0.0011823 secs]
Application time: 0.2266382 seconds
[GC pause (G1 Evacuation Pause) (young) 43M->6277K(64M), 0.0011854 secs]
Application time: 0.2269726 seconds
[GC pause (G1 Evacuation Pause) (young) 43M->6276K(64M), 0.0010958 secs]
Application time: 0.2262823 seconds
[GC pause (G1 Evacuation Pause) (young) 43M->6281K(64M), 0.0011960 secs]
Application time: 0.2240061 seconds
[GC pause (G1 Evacuation Pause) (young) 43M->6285K(64M), 0.0011529 secs]
Application time: 0.2293454 seconds
[GC pause (G1 Evacuation Pause) (young) 43M->6285K(64M), 0.0011243 secs]
Application time: 0.2216370 seconds
[GC pause (G1 Evacuation Pause) (young) 43M->6287K(64M), 0.0011277 secs]
Application time: 0.2238076 seconds
[GC pause (G1 Evacuation Pause) (young) 43M->6291K(64M), 0.0015690 secs]
Application time: 0.2274327 seconds
[GC pause (G1 Evacuation Pause) (young) 43M->6278K(64M), 0.0011102 secs]
Application time: 0.2389212 seconds
[GC pause (G1 Evacuation Pause) (young) 43M->6298K(64M), 0.0008634 secs]
Application time: 0.2409040 seconds
[GC pause (G1 Evacuation Pause) (young) 43M->6301K(64M), 0.0008596 secs]
Application time: 0.2419384 seconds
[GC pause (G1 Evacuation Pause) (young) 43M->6307K(64M), 0.0008496 secs]
Application time: 0.2259122 seconds
[GC pause (G1 Evacuation Pause) (young) 43M->6302K(64M), 0.0008037 secs]
Application time: 0.2262376 seconds
[GC pause (G1 Evacuation Pause) (young) 43M->6305K(64M), 0.0008673 secs]
Application time: 0.2265502 seconds
[GC pause (G1 Evacuation Pause) (young) 43M->6308K(64M), 0.0008120 secs]
Application time: 0.2341899 seconds
[GC pause (G1 Evacuation Pause) (young) 43M->6312K(64M), 0.0009371 secs]
Application time: 0.2211102 seconds
[GC pause (G1 Evacuation Pause) (young) 43M->6315K(64M), 0.0008991 secs]
Application time: 0.2169931 seconds
[GC pause (G1 Evacuation Pause) (young) 43M->6318K(64M), 0.0009059 secs]
Application time: 0.2154066 seconds
[GC pause (G1 Evacuation Pause) (young) 43M->6320K(64M), 0.0007950 secs]
Application time: 0.2201673 seconds
[GC pause (G1 Evacuation Pause) (young) 43M->6323K(64M), 0.0010528 secs]
Application time: 0.2182018 seconds
[GC pause (G1 Evacuation Pause) (young) 43M->6323K(64M), 0.0011020 secs]
Application time: 0.2206741 seconds
[GC pause (G1 Evacuation Pause) (young) 43M->6330K(64M), 0.0011468 secs]
Application time: 0.2133964 seconds
[GC pause (G1 Evacuation Pause) (young) 43M->6331K(64M), 0.0011663 secs]
Application time: 0.2257735 seconds
[GC pause (G1 Evacuation Pause) (young) 43M->6333K(64M), 0.0007978 secs]
Application time: 0.2289096 seconds
[GC pause (G1 Evacuation Pause) (young) 43M->6337K(64M), 0.0008160 secs]
Application time: 0.2333527 seconds
[GC pause (G1 Evacuation Pause) (young) 43M->6339K(64M), 0.0009414 secs]
Application time: 0.2369782 seconds
[GC pause (G1 Evacuation Pause) (young) 43M->6341K(64M), 0.0008168 secs]
Application time: 0.2413625 seconds
[GC pause (G1 Evacuation Pause) (young) 43M->6344K(64M), 0.0008699 secs]
Application time: 0.2280000 seconds
[GC pause (G1 Evacuation Pause) (young) 43M->6343K(64M), 0.0008351 secs]
Application time: 0.2358986 seconds
[GC pause (G1 Evacuation Pause) (young) 43M->6346K(64M), 0.0007985 secs]
Application time: 0.2291883 seconds
[GC pause (G1 Evacuation Pause) (young) 43M->6352K(64M), 0.0011012 secs]
Application time: 0.2569971 seconds
[GC pause (G1 Evacuation Pause) (young) 43M->6355K(64M), 0.0011244 secs]
Application time: 0.2384375 seconds
[GC pause (G1 Evacuation Pause) (young) 43M->6355K(64M), 0.0011553 secs]
Application time: 0.2388718 seconds
[GC pause (G1 Evacuation Pause) (young) 43M->6358K(64M), 0.0010662 secs]
Application time: 0.2398715 seconds
[GC pause (G1 Evacuation Pause) (young) 43M->6363K(64M), 0.0011701 secs]
Application time: 0.2562045 seconds
[GC pause (G1 Evacuation Pause) (young) 43M->6365K(64M), 0.0010800 secs]
Application time: 0.2393038 seconds
[GC pause (G1 Evacuation Pause) (young) 43M->6364K(64M), 0.0011191 secs]
Application time: 0.2456064 seconds
[GC pause (G1 Evacuation Pause) (young) 43M->6352K(64M), 0.0011270 secs]
Application time: 0.2399656 seconds
[GC pause (G1 Evacuation Pause) (young) 43M->6370K(64M), 0.0010555 secs]
Application time: 0.2399893 seconds
[GC pause (G1 Evacuation Pause) (young) 43M->6375K(64M), 0.0011375 secs]
Application time: 0.2377840 seconds
[GC pause (G1 Evacuation Pause) (young) 43M->6375K(64M), 0.0010327 secs]
Application time: 0.2374970 seconds
[GC pause (G1 Evacuation Pause) (young) 43M->6376K(64M), 0.0011266 secs]
Application time: 0.2352516 seconds
[GC pause (G1 Evacuation Pause) (young) 43M->6383K(64M), 0.0011476 secs]
Application time: 0.2368434 seconds
[GC pause (G1 Evacuation Pause) (young) 43M->6384K(64M), 0.0011547 secs]
Application time: 0.2499009 seconds
[GC pause (G1 Evacuation Pause) (young) 43M->6387K(64M), 0.0011110 secs]
Application time: 0.2416263 seconds
[GC pause (G1 Evacuation Pause) (young) 43M->6389K(64M), 0.0010537 secs]
Application time: 0.2383266 seconds
[GC pause (G1 Evacuation Pause) (young) 43M->6392K(64M), 0.0011228 secs]
Application time: 0.2452836 seconds
[GC pause (G1 Evacuation Pause) (young) 43M->6391K(64M), 0.0010388 secs]
Application time: 0.2400730 seconds
[GC pause (G1 Evacuation Pause) (young) 43M->6395K(64M), 0.0010779 secs]
Application time: 0.2385358 seconds
[GC pause (G1 Evacuation Pause) (young) 43M->6399K(64M), 0.0011063 secs]
Application time: 0.2416371 seconds
[GC pause (G1 Evacuation Pause) (young) 43M->6402K(64M), 0.0010921 secs]
Application time: 0.2507104 seconds
[GC pause (G1 Evacuation Pause) (young) 43M->6404K(64M), 0.0011245 secs]
Application time: 0.2433775 seconds
[GC pause (G1 Evacuation Pause) (young) 43M->6406K(64M), 0.0010565 secs]
Application time: 0.2409276 seconds
[GC pause (G1 Evacuation Pause) (young) 43M->6403K(64M), 0.0011885 secs]
Application time: 0.2707943 seconds
[GC pause (G1 Evacuation Pause) (young) 43M->6413K(64M), 0.0010932 secs]
Application time: 0.2440950 seconds
[GC pause (G1 Evacuation Pause) (young) 43M->6418K(64M), 0.0012180 secs]
Application time: 0.2458403 seconds
[GC pause (G1 Evacuation Pause) (young) 43M->6421K(64M), 0.0010621 secs]
Application time: 0.2402696 seconds
[GC pause (G1 Evacuation Pause) (young) 43M->6423K(64M), 0.0011613 secs]
Application time: 0.2411532 seconds
[GC pause (G1 Evacuation Pause) (young) 43M->6425K(64M), 0.0010133 secs]
Application time: 0.2411205 seconds
[GC pause (G1 Evacuation Pause) (young) 43M->6425K(64M), 0.0011393 secs]
Application time: 0.2411796 seconds
[GC pause (G1 Evacuation Pause) (young) 43M->6429K(64M), 0.0011792 secs]
Application time: 0.2511675 seconds
[GC pause (G1 Evacuation Pause) (young) 43M->6433K(64M), 0.0010744 secs]
Application time: 0.2360414 seconds
[GC pause (G1 Evacuation Pause) (young) 43M->6436K(64M), 0.0007691 secs]
Application time: 0.2289054 seconds
[GC pause (G1 Evacuation Pause) (young) 43M->6439K(64M), 0.0008353 secs]
Application time: 0.2297730 seconds
[GC pause (G1 Evacuation Pause) (young) 43M->6441K(64M), 0.0007915 secs]
Application time: 0.2580435 seconds
[GC pause (G1 Evacuation Pause) (young) 43M->6475K(64M), 0.0011182 secs]
Application time: 0.2386022 seconds
[GC pause (G1 Evacuation Pause) (young) 43M->6477K(64M), 0.0011604 secs]
Application time: 0.2376854 seconds
[GC pause (G1 Evacuation Pause) (young) 43M->6481K(64M), 0.0012422 secs]
Application time: 0.2436590 seconds
[GC pause (G1 Evacuation Pause) (young) 43M->6483K(64M), 0.0011194 secs]
Application time: 0.2451428 seconds
[GC pause (G1 Evacuation Pause) (young) 43M->6485K(64M), 0.0012301 secs]
Application time: 0.2374603 seconds
[GC pause (G1 Evacuation Pause) (young) 43M->6488K(64M), 0.0011578 secs]
Application time: 0.2489369 seconds
[GC pause (G1 Evacuation Pause) (young) 43M->6488K(64M), 0.0011478 secs]
Application time: 0.2409761 seconds
[GC pause (G1 Evacuation Pause) (young) 43M->6495K(64M), 0.0012167 secs]
Application time: 0.2362399 seconds
[GC pause (G1 Evacuation Pause) (young) 43M->6496K(64M), 0.0011672 secs]
Application time: 0.2408842 seconds
[GC pause (G1 Evacuation Pause) (young) 43M->6498K(64M), 0.0011519 secs]
Application time: 0.2379598 seconds
[GC pause (G1 Evacuation Pause) (young) 43M->6498K(64M), 0.0011469 secs]
Application time: 0.2451728 seconds
[GC pause (G1 Evacuation Pause) (young) 43M->6504K(64M), 0.0012538 secs]
Application time: 0.2427735 seconds
[GC pause (G1 Evacuation Pause) (young) 43M->6507K(64M), 0.0011795 secs]
Application time: 0.2442718 seconds
[GC pause (G1 Evacuation Pause) (young) 43M->6510K(64M), 0.0011934 secs]
Application time: 0.2684093 seconds
[GC pause (G1 Evacuation Pause) (young) 43M->6512K(64M), 0.0008307 secs]
Application time: 0.2355293 seconds
[GC pause (G1 Evacuation Pause) (young) 43M->6514K(64M), 0.0008555 secs]
Application time: 0.2321300 seconds
[GC pause (G1 Evacuation Pause) (young) 43M->6517K(64M), 0.0008062 secs]
Application time: 0.2424378 seconds
[GC pause (G1 Evacuation Pause) (young) 43M->6519K(64M), 0.0008472 secs]
Application time: 0.2325214 seconds
[GC pause (G1 Evacuation Pause) (young) 43M->6522K(64M), 0.0008407 secs]
Application time: 0.2351742 seconds
[GC pause (G1 Evacuation Pause) (young) 43M->6526K(64M), 0.0008729 secs]
Application time: 0.2309916 seconds
[GC pause (G1 Evacuation Pause) (young) 43M->6528K(64M), 0.0008652 secs]
Application time: 0.2317350 seconds
[GC pause (G1 Evacuation Pause) (young) 43M->6527K(64M), 0.0008330 secs]
Application time: 0.2390394 seconds
[GC pause (G1 Evacuation Pause) (young) 43M->6532K(64M), 0.0008403 secs]
Application time: 0.2295662 seconds
[GC pause (G1 Evacuation Pause) (young) 43M->6535K(64M), 0.0008897 secs]
Application time: 0.2285723 seconds
[GC pause (G1 Evacuation Pause) (young) 43M->6537K(64M), 0.0007998 secs]
Application time: 0.2289132 seconds
[GC pause (G1 Evacuation Pause) (young) 43M->6539K(64M), 0.0008547 secs]
Application time: 0.2362708 seconds
[GC pause (G1 Evacuation Pause) (young) 43M->6541K(64M), 0.0008698 secs]
Application time: 0.2355261 seconds
[GC pause (G1 Evacuation Pause) (young) 43M->6544K(64M), 0.0007947 secs]
Application time: 0.2319999 seconds
[GC pause (G1 Evacuation Pause) (young) 43M->6547K(64M), 0.0009417 secs]
Application time: 0.2300155 seconds
[GC pause (G1 Evacuation Pause) (young) 43M->6546K(64M), 0.0009017 secs]
Application time: 0.2295903 seconds
[GC pause (G1 Evacuation Pause) (young) 43M->6555K(64M), 0.0008774 secs]
Application time: 0.2302055 seconds
[GC pause (G1 Evacuation Pause) (young) 43M->6555K(64M), 0.0008271 secs]
Application time: 0.2369314 seconds
[GC pause (G1 Evacuation Pause) (young) 43M->6557K(64M), 0.0008933 secs]
Application time: 0.2302212 seconds
[GC pause (G1 Evacuation Pause) (young) 43M->6559K(64M), 0.0007979 secs]
Application time: 0.2372498 seconds
[GC pause (G1 Evacuation Pause) (young) 43M->6559K(64M), 0.0008779 secs]
Application time: 0.2407216 seconds
[GC pause (G1 Evacuation Pause) (young) 43M->6567K(64M), 0.0008210 secs]
Application time: 0.2342288 seconds
[GC pause (G1 Evacuation Pause) (young) 43M->6564K(64M), 0.0007549 secs]
Application time: 0.2334775 seconds
[GC pause (G1 Evacuation Pause) (young) 43M->6567K(64M), 0.0008706 secs]
Application time: 0.2296950 seconds
[GC pause (G1 Evacuation Pause) (young) 43M->6571K(64M), 0.0008770 secs]
Application time: 0.2327451 seconds
[GC pause (G1 Evacuation Pause) (young) 43M->6571K(64M), 0.0008559 secs]
Application time: 0.2313457 seconds
[GC pause (G1 Evacuation Pause) (young) 43M->6575K(64M), 0.0008081 secs]
Application time: 0.2375581 seconds
[GC pause (G1 Evacuation Pause) (young) 43M->6575K(64M), 0.0008824 secs]
Application time: 0.0052020 seconds
Iteration 1 (120s) ends:   Tue May 15 23:37:24 GMT 2018
Iteration 1 (120s) result: 576.55 ops/m

Valid run!
Score on crypto.rsa: 576.55 ops/m


--- --- --- --- --- --- --- --- ---

  Benchmark:   crypto.signverify
  Run mode:    timed run
  Test type:   multi
  Threads:     2
  Warmup:      60s
  Iterations:  1
  Run length:  120s
Application time: 0.0690754 seconds

Warmup (60s) begins: Tue May 15 23:37:24 GMT 2018
Application time: 0.0008073 seconds
Application time: 0.0098002 seconds
Application time: 0.1457054 seconds
[GC pause (G1 Humongous Allocation) (young) (initial-mark) 24M->8676K(64M), 0.0035045 secs]
[GC concurrent-root-region-scan-start]
[GC concurrent-root-region-scan-end, 0.0001422 secs]
[GC concurrent-mark-start]
[GC concurrent-mark-end, 0.0053347 secs]
Application time: 0.0066819 seconds
[GC remark, 0.0028670 secs]
Application time: 0.0000565 seconds
Application time: 0.0000260 seconds
Application time: 0.0000328 seconds
Application time: 0.0001026 seconds
[GC cleanup 10079K->9366K(64M), 0.0039336 secs]
[GC concurrent-cleanup-start]
[GC concurrent-cleanup-end, 0.0000084 secs]
Application time: 0.2257227 seconds
[GC pause (G1 Humongous Allocation) (young) 33M->7982K(64M), 0.0158167 secs]
Application time: 0.2975502 seconds
[GC pause (G1 Humongous Allocation) (mixed) 32M->6436K(64M), 0.0164890 secs]
Application time: 0.0905701 seconds
[GC pause (G1 Humongous Allocation) (young) (initial-mark) 16M->6436K(64M), 0.0033396 secs]
[GC concurrent-root-region-scan-start]
[GC concurrent-root-region-scan-end, 0.0044988 secs]
[GC concurrent-mark-start]
[GC concurrent-mark-end, 0.0048469 secs]
Application time: 0.0164942 seconds
[GC remark, 0.0029492 secs]
Application time: 0.0042644 seconds
[GC cleanup 9508K->9508K(64M), 0.0001444 secs]
Application time: 0.3081253 seconds
[GC pause (G1 Humongous Allocation) (young) 33M->6426K(64M), 0.0073192 secs]
Application time: 0.0594159 seconds
[GC pause (G1 Humongous Allocation) (young) (initial-mark) 16M->6468K(64M), 0.0034242 secs]
[GC concurrent-root-region-scan-start]
[GC concurrent-root-region-scan-end, 0.0001711 secs]
[GC concurrent-mark-start]
[GC concurrent-mark-end, 0.0052667 secs]
Application time: 0.0111384 seconds
[GC remark, 0.0026873 secs]
Application time: 0.0000418 seconds
[GC cleanup 8516K->8516K(64M), 0.0001416 secs]
Application time: 0.1633926 seconds
[GC pause (G1 Humongous Allocation) (young) 33M->6533K(64M), 0.0074067 secs]
Application time: 0.0799813 seconds
[GC pause (G1 Humongous Allocation) (young) (initial-mark) 16M->6458K(64M), 0.0034339 secs]
[GC concurrent-root-region-scan-start]
[GC concurrent-root-region-scan-end, 0.0001501 secs]
[GC concurrent-mark-start]
[GC concurrent-mark-end, 0.0050926 secs]
Application time: 0.0052852 seconds
[GC remark, 0.0026865 secs]
Application time: 0.0000388 seconds
[GC cleanup 8506K->8506K(64M), 0.0001616 secs]
Application time: 0.1737127 seconds
[GC pause (G1 Humongous Allocation) (young) 33M->6507K(64M), 0.0090885 secs]
Application time: 0.0669168 seconds
[GC pause (G1 Humongous Allocation) (young) (initial-mark) 16M->6427K(64M), 0.0041594 secs]
[GC concurrent-root-region-scan-start]
[GC concurrent-root-region-scan-end, 0.0001796 secs]
[GC concurrent-mark-start]
[GC concurrent-mark-end, 0.0041490 secs]
Application time: 0.0043842 seconds
[GC remark, 0.0032411 secs]
Application time: 0.0000544 seconds
[GC cleanup 7451K->7451K(64M), 0.0001784 secs]
Application time: 0.1793224 seconds
[GC pause (G1 Humongous Allocation) (young) 33M->5416K(64M), 0.0091590 secs]
Application time: 0.0741494 seconds
[GC pause (G1 Humongous Allocation) (young) (initial-mark) 16M->5499K(64M), 0.0046965 secs]
[GC concurrent-root-region-scan-start]
[GC concurrent-root-region-scan-end, 0.0001699 secs]
[GC concurrent-mark-start]
[GC concurrent-mark-end, 0.0041996 secs]
Application time: 0.0044206 seconds
[GC remark, 0.0033039 secs]
Application time: 0.0000445 seconds
[GC cleanup 8571K->8571K(64M), 0.0001855 secs]
Application time: 0.1558905 seconds
[GC pause (G1 Humongous Allocation) (young) 32M->6510K(64M), 0.0094498 secs]
Application time: 0.0573279 seconds
[GC pause (G1 Humongous Allocation) (young) (initial-mark) 16M->6505K(64M), 0.0042943 secs]
[GC concurrent-root-region-scan-start]
[GC concurrent-root-region-scan-end, 0.0001691 secs]
[GC concurrent-mark-start]
[GC concurrent-mark-end, 0.0051563 secs]
Application time: 0.0053756 seconds
[GC remark, 0.0034506 secs]
Application time: 0.0000540 seconds
[GC cleanup 8041K->8041K(64M), 0.0001902 secs]
Application time: 0.1670844 seconds
[GC pause (G1 Humongous Allocation) (young) 33M->6506K(64M), 0.0091388 secs]
Application time: 0.0594871 seconds
[GC pause (G1 Humongous Allocation) (young) (initial-mark) 16M->6515K(64M), 0.0046274 secs]
[GC concurrent-root-region-scan-start]
[GC concurrent-root-region-scan-end, 0.0002057 secs]
[GC concurrent-mark-start]
[GC concurrent-mark-end, 0.0051009 secs]
Application time: 0.0053652 seconds
[GC remark, 0.0035069 secs]
Application time: 0.0000522 seconds
[GC cleanup 8051K->8051K(64M), 0.0001778 secs]
Application time: 0.1665704 seconds
[GC pause (G1 Humongous Allocation) (young) 32M->6490K(64M), 0.0090243 secs]
Application time: 0.0548954 seconds
[GC pause (G1 Humongous Allocation) (young) (initial-mark) 16M->6485K(64M), 0.0041679 secs]
[GC concurrent-root-region-scan-start]
[GC concurrent-root-region-scan-end, 0.0002280 secs]
[GC concurrent-mark-start]
[GC concurrent-mark-end, 0.0051510 secs]
Application time: 0.0054272 seconds
[GC remark, 0.0033067 secs]
Application time: 0.0000484 seconds
[GC cleanup 8021K->8021K(64M), 0.0001905 secs]
Application time: 0.1539968 seconds
[GC pause (G1 Humongous Allocation) (young) 33M->6482K(64M), 0.0089519 secs]
Application time: 0.0570128 seconds
[GC pause (G1 Humongous Allocation) (young) (initial-mark) 16M->6480K(64M), 0.0041743 secs]
[GC concurrent-root-region-scan-start]
[GC concurrent-root-region-scan-end, 0.0002081 secs]
[GC concurrent-mark-start]
[GC concurrent-mark-end, 0.0050101 secs]
Application time: 0.0052762 seconds
[GC remark, 0.0033273 secs]
Application time: 0.0000542 seconds
[GC cleanup 8016K->8016K(64M), 0.0002066 secs]
Application time: 0.1875256 seconds
[GC pause (G1 Humongous Allocation) (young) 32M->6480K(64M), 0.0089005 secs]
Application time: 0.0615072 seconds
[GC pause (G1 Humongous Allocation) (young) (initial-mark) 16M->5477K(64M), 0.0040923 secs]
[GC concurrent-root-region-scan-start]
[GC concurrent-root-region-scan-end, 0.0002090 secs]
[GC concurrent-mark-start]
[GC concurrent-mark-end, 0.0049128 secs]
Application time: 0.0051758 seconds
[GC remark, 0.0034891 secs]
Application time: 0.0000591 seconds
[GC cleanup 7013K->7013K(64M), 0.0001936 secs]
Application time: 0.1679362 seconds
[GC pause (G1 Humongous Allocation) (young) 33M->5470K(64M), 0.0094192 secs]
Application time: 0.0612607 seconds
[GC pause (G1 Humongous Allocation) (young) (initial-mark) 16M->6490K(64M), 0.0059207 secs]
[GC concurrent-root-region-scan-start]
[GC concurrent-root-region-scan-end, 0.0002193 secs]
[GC concurrent-mark-start]
[GC concurrent-mark-end, 0.0049941 secs]
Application time: 0.0087984 seconds
[GC remark, 0.0034024 secs]
Application time: 0.0004136 seconds
[GC cleanup 8026K->8026K(64M), 0.0001755 secs]
Application time: 0.1951850 seconds
[GC pause (G1 Humongous Allocation) (young) 33M->6493K(64M), 0.0092169 secs]
Application time: 0.0597170 seconds
[GC pause (G1 Humongous Allocation) (young) (initial-mark) 16M->6496K(64M), 0.0041642 secs]
[GC concurrent-root-region-scan-start]
[GC concurrent-root-region-scan-end, 0.0002168 secs]
[GC concurrent-mark-start]
[GC concurrent-mark-end, 0.0049872 secs]
Application time: 0.0052588 seconds
[GC remark, 0.0036311 secs]
Application time: 0.0000793 seconds
[GC cleanup 8032K->8032K(64M), 0.0001959 secs]
Application time: 0.1638848 seconds
[GC pause (G1 Humongous Allocation) (young) 33M->6503K(64M), 0.0096541 secs]
Application time: 0.0612165 seconds
[GC pause (G1 Humongous Allocation) (young) (initial-mark) 16M->6505K(64M), 0.0043026 secs]
[GC concurrent-root-region-scan-start]
[GC concurrent-root-region-scan-end, 0.0002224 secs]
[GC concurrent-mark-start]
[GC concurrent-mark-end, 0.0070719 secs]
Application time: 0.0073569 seconds
[GC remark, 0.0034580 secs]
Application time: 0.0000652 seconds
[GC cleanup 8041K->8041K(64M), 0.0001903 secs]
Application time: 0.1590309 seconds
[GC pause (G1 Humongous Allocation) (young) 33M->6502K(64M), 0.0091510 secs]
Application time: 0.0655966 seconds
[GC pause (G1 Humongous Allocation) (young) (initial-mark) 16M->6506K(64M), 0.0042799 secs]
[GC concurrent-root-region-scan-start]
[GC concurrent-root-region-scan-end, 0.0002223 secs]
[GC concurrent-mark-start]
[GC concurrent-mark-end, 0.0050385 secs]
Application time: 0.0053113 seconds
[GC remark, 0.0034496 secs]
Application time: 0.0000557 seconds
[GC cleanup 8042K->8042K(64M), 0.0002000 secs]
Application time: 0.1624127 seconds
[GC pause (G1 Humongous Allocation) (young) 33M->6506K(64M), 0.0091618 secs]
Application time: 0.0640367 seconds
[GC pause (G1 Humongous Allocation) (young) (initial-mark) 16M->6511K(64M), 0.0043761 secs]
[GC concurrent-root-region-scan-start]
[GC concurrent-root-region-scan-end, 0.0001926 secs]
[GC concurrent-mark-start]
[GC concurrent-mark-end, 0.0055804 secs]
Application time: 0.0058002 seconds
[GC remark, 0.0036857 secs]
Application time: 0.0000363 seconds
[GC cleanup 7535K->7535K(64M), 0.0001945 secs]
Application time: 0.1677144 seconds
[GC pause (G1 Humongous Allocation) (young) 33M->6511K(64M), 0.0089752 secs]
Application time: 0.0623537 seconds
[GC pause (G1 Humongous Allocation) (young) (initial-mark) 16M->6513K(64M), 0.0041405 secs]
[GC concurrent-root-region-scan-start]
[GC concurrent-root-region-scan-end, 0.0002183 secs]
[GC concurrent-mark-start]
[GC concurrent-mark-end, 0.0050071 secs]
Application time: 0.0052950 seconds
[GC remark, 0.0036521 secs]
Application time: 0.0000428 seconds
[GC cleanup 8049K->8049K(64M), 0.0001919 secs]
Application time: 0.1527143 seconds
[GC pause (G1 Humongous Allocation) (young) 33M->6513K(64M), 0.0091688 secs]
Application time: 0.0724895 seconds
[GC pause (G1 Humongous Allocation) (young) (initial-mark) 16M->5494K(64M), 0.0042330 secs]
[GC concurrent-root-region-scan-start]
[GC concurrent-root-region-scan-end, 0.0001530 secs]
[GC concurrent-mark-start]
[GC concurrent-mark-end, 0.0050784 secs]
Application time: 0.0052902 seconds
[GC remark, 0.0034618 secs]
Application time: 0.0000407 seconds
[GC cleanup 7030K->7030K(64M), 0.0002083 secs]
Application time: 0.1650427 seconds
[GC pause (G1 Humongous Allocation) (young) 33M->6523K(64M), 0.0093251 secs]
Application time: 0.0541913 seconds
[GC pause (G1 Humongous Allocation) (young) (initial-mark) 16M->6523K(64M), 0.0042091 secs]
[GC concurrent-root-region-scan-start]
[GC concurrent-root-region-scan-end, 0.0002066 secs]
[GC concurrent-mark-start]
[GC concurrent-mark-end, 0.0049772 secs]
Application time: 0.0052483 seconds
[GC remark, 0.0033503 secs]
Application time: 0.0000429 seconds
[GC cleanup 8059K->8059K(64M), 0.0001981 secs]
Application time: 0.1632767 seconds
[GC pause (G1 Humongous Allocation) (young) 32M->6523K(64M), 0.0090568 secs]
Application time: 0.0650681 seconds
[GC pause (G1 Humongous Allocation) (young) (initial-mark) 16M->6523K(64M), 0.0041955 secs]
[GC concurrent-root-region-scan-start]
[GC concurrent-root-region-scan-end, 0.0002311 secs]
[GC concurrent-mark-start]
[GC concurrent-mark-end, 0.0050395 secs]
Application time: 0.0052864 seconds
[GC remark, 0.0034254 secs]
Application time: 0.0000331 seconds
[GC cleanup 8059K->8059K(64M), 0.0001758 secs]
Application time: 0.1584371 seconds
[GC pause (G1 Humongous Allocation) (young) 32M->6525K(64M), 0.0092200 secs]
Application time: 0.0706587 seconds
[GC pause (G1 Humongous Allocation) (young) (initial-mark) 16M->5508K(64M), 0.0043647 secs]
[GC concurrent-root-region-scan-start]
[GC concurrent-root-region-scan-end, 0.0073301 secs]
[GC concurrent-mark-start]
[GC concurrent-mark-end, 0.0056598 secs]
Application time: 0.0130550 seconds
[GC remark, 0.0039245 secs]
Application time: 0.0000577 seconds
[GC cleanup 8580K->8580K(64M), 0.0001858 secs]
Application time: 0.1700866 seconds
[GC pause (G1 Humongous Allocation) (young) 33M->6531K(64M), 0.0094387 secs]
Application time: 0.0537209 seconds
[GC pause (G1 Humongous Allocation) (young) (initial-mark) 16M->6530K(64M), 0.0042953 secs]
[GC concurrent-root-region-scan-start]
[GC concurrent-root-region-scan-end, 0.0001590 secs]
[GC concurrent-mark-start]
[GC concurrent-mark-end, 0.0048792 secs]
Application time: 0.0050955 seconds
[GC remark, 0.0033583 secs]
Application time: 0.0000593 seconds
[GC cleanup 8578K->8578K(64M), 0.0002078 secs]
Application time: 0.1715092 seconds
[GC pause (G1 Humongous Allocation) (young) 33M->6530K(64M), 0.0091514 secs]
Application time: 0.0551656 seconds
[GC pause (G1 Humongous Allocation) (young) (initial-mark) 16M->6534K(64M), 0.0042455 secs]
[GC concurrent-root-region-scan-start]
[GC concurrent-root-region-scan-end, 0.0001736 secs]
[GC concurrent-mark-start]
[GC concurrent-mark-end, 0.0049001 secs]
Application time: 0.0051426 seconds
[GC remark, 0.0033758 secs]
Application time: 0.0000463 seconds
[GC cleanup 8582K->8582K(64M), 0.0002096 secs]
Application time: 0.1593829 seconds
[GC pause (G1 Humongous Allocation) (young) 33M->6534K(64M), 0.0089675 secs]
Application time: 0.0561087 seconds
[GC pause (G1 Humongous Allocation) (young) (initial-mark) 16M->6537K(64M), 0.0041646 secs]
[GC concurrent-root-region-scan-start]
[GC concurrent-root-region-scan-end, 0.0001752 secs]
[GC concurrent-mark-start]
[GC concurrent-mark-end, 0.0052122 secs]
Application time: 0.0054465 seconds
[GC remark, 0.0034105 secs]
Application time: 0.0000485 seconds
[GC cleanup 8585K->8585K(64M), 0.0001845 secs]
Application time: 0.1834708 seconds
[GC pause (G1 Humongous Allocation) (young) 33M->6537K(64M), 0.0091546 secs]
Application time: 0.0553586 seconds
[GC pause (G1 Humongous Allocation) (young) (initial-mark) 16M->6537K(64M), 0.0042074 secs]
[GC concurrent-root-region-scan-start]
[GC concurrent-root-region-scan-end, 0.0001367 secs]
[GC concurrent-mark-start]
[GC concurrent-mark-end, 0.0048584 secs]
Application time: 0.0050540 seconds
[GC remark, 0.0033306 secs]
Application time: 0.0000444 seconds
[GC cleanup 8585K->8585K(64M), 0.0001728 secs]
Application time: 0.1782333 seconds
[GC pause (G1 Humongous Allocation) (young) 33M->6539K(64M), 0.0094822 secs]
Application time: 0.0579122 seconds
[GC pause (G1 Humongous Allocation) (young) (initial-mark) 16M->6542K(64M), 0.0042989 secs]
[GC concurrent-root-region-scan-start]
[GC concurrent-root-region-scan-end, 0.0001344 secs]
[GC concurrent-mark-start]
[GC concurrent-mark-end, 0.0051394 secs]
Application time: 0.0053385 seconds
[GC remark, 0.0034517 secs]
Application time: 0.0000567 seconds
[GC cleanup 8078K->8078K(64M), 0.0001868 secs]
Application time: 0.1614198 seconds
[GC pause (G1 Humongous Allocation) (young) 33M->6542K(64M), 0.0091572 secs]
Application time: 0.0695885 seconds
[GC pause (G1 Humongous Allocation) (young) (initial-mark) 16M->6542K(64M), 0.0042674 secs]
[GC concurrent-root-region-scan-start]
[GC concurrent-root-region-scan-end, 0.0002072 secs]
[GC concurrent-mark-start]
[GC concurrent-mark-end, 0.0058233 secs]
Application time: 0.0066204 seconds
[GC remark, 0.0035928 secs]
Application time: 0.0025875 seconds
[GC cleanup 8078K->8078K(64M), 0.0001810 secs]
Application time: 0.1952523 seconds
[GC pause (G1 Humongous Allocation) (young) 33M->6542K(64M), 0.0090862 secs]
Application time: 0.0668944 seconds
[GC pause (G1 Humongous Allocation) (young) (initial-mark) 16M->6544K(64M), 0.0043272 secs]
[GC concurrent-root-region-scan-start]
[GC concurrent-root-region-scan-end, 0.0001426 secs]
[GC concurrent-mark-start]
[GC concurrent-mark-end, 0.0049409 secs]
Application time: 0.0058418 seconds
[GC remark, 0.0033522 secs]
Application time: 0.0000496 seconds
[GC cleanup 9616K->9616K(64M), 0.0002252 secs]
Application time: 0.1526478 seconds
[GC pause (G1 Humongous Allocation) (young) 33M->6547K(64M), 0.0089553 secs]
Application time: 0.0639734 seconds
[GC pause (G1 Humongous Allocation) (young) (initial-mark) 16M->6547K(64M), 0.0042226 secs]
[GC concurrent-root-region-scan-start]
[GC concurrent-root-region-scan-end, 0.0001448 secs]
[GC concurrent-mark-start]
[GC concurrent-mark-end, 0.0050192 secs]
Application time: 0.0052207 seconds
[GC remark, 0.0034085 secs]
Application time: 0.0000446 seconds
[GC cleanup 9619K->9619K(64M), 0.0001772 secs]
Application time: 0.1640346 seconds
[GC pause (G1 Humongous Allocation) (young) 33M->6547K(64M), 0.0090081 secs]
Application time: 0.0634729 seconds
[GC pause (G1 Humongous Allocation) (young) (initial-mark) 16M->6549K(64M), 0.0040767 secs]
[GC concurrent-root-region-scan-start]
[GC concurrent-root-region-scan-end, 0.0001418 secs]
[GC concurrent-mark-start]
[GC concurrent-mark-end, 0.0050224 secs]
Application time: 0.0052180 seconds
[GC remark, 0.0034380 secs]
Application time: 0.0000470 seconds
[GC cleanup 8085K->8085K(64M), 0.0001792 secs]
Application time: 0.1738089 seconds
[GC pause (G1 Humongous Allocation) (young) 33M->6551K(64M), 0.0088874 secs]
Application time: 0.0557085 seconds
[GC pause (G1 Humongous Allocation) (young) (initial-mark) 16M->6552K(64M), 0.0037684 secs]
[GC concurrent-root-region-scan-start]
[GC concurrent-root-region-scan-end, 0.0001529 secs]
[GC concurrent-mark-start]
[GC concurrent-mark-end, 0.0049774 secs]
Application time: 0.0051890 seconds
[GC remark, 0.0033450 secs]
Application time: 0.0000445 seconds
[GC cleanup 8600K->8600K(64M), 0.0001748 secs]
Application time: 0.1668154 seconds
[GC pause (G1 Humongous Allocation) (young) 33M->5530K(64M), 0.0092987 secs]
Application time: 0.0602723 seconds
[GC pause (G1 Humongous Allocation) (young) (initial-mark) 16M->6552K(64M), 0.0045888 secs]
[GC concurrent-root-region-scan-start]
[GC concurrent-root-region-scan-end, 0.0001328 secs]
[GC concurrent-mark-start]
[GC concurrent-mark-end, 0.0050234 secs]
Application time: 0.0053727 seconds
[GC remark, 0.0033465 secs]
Application time: 0.0000453 seconds
[GC cleanup 8088K->8088K(64M), 0.0001558 secs]
Application time: 0.1867961 seconds
[GC pause (G1 Humongous Allocation) (young) 33M->6554K(64M), 0.0089482 secs]
Application time: 0.0565316 seconds
[GC pause (G1 Humongous Allocation) (young) (initial-mark) 16M->6554K(64M), 0.0042440 secs]
[GC concurrent-root-region-scan-start]
[GC concurrent-root-region-scan-end, 0.0001325 secs]
[GC concurrent-mark-start]
[GC concurrent-mark-end, 0.0049141 secs]
Application time: 0.0051065 seconds
[GC remark, 0.0033545 secs]
Application time: 0.0000450 seconds
[GC cleanup 9626K->9626K(64M), 0.0001768 secs]
Application time: 0.1584956 seconds
[GC pause (G1 Humongous Allocation) (young) 33M->6555K(64M), 0.0089805 secs]
Application time: 0.0659620 seconds
[GC pause (G1 Humongous Allocation) (young) (initial-mark) 16M->6557K(64M), 0.0042174 secs]
[GC concurrent-root-region-scan-start]
[GC concurrent-root-region-scan-end, 0.0001262 secs]
[GC concurrent-mark-start]
[GC concurrent-mark-end, 0.0050159 secs]
Application time: 0.0052050 seconds
[GC remark, 0.0033425 secs]
Application time: 0.0000447 seconds
[GC cleanup 9629K->9629K(64M), 0.0001985 secs]
Application time: 0.1586037 seconds
[GC pause (G1 Humongous Allocation) (young) 33M->6557K(64M), 0.0091435 secs]
Application time: 0.0617762 seconds
[GC pause (G1 Humongous Allocation) (young) (initial-mark) 16M->6559K(64M), 0.0043832 secs]
[GC concurrent-root-region-scan-start]
[GC concurrent-root-region-scan-end, 0.0001810 secs]
[GC concurrent-mark-start]
[GC concurrent-mark-end, 0.0050732 secs]
Application time: 0.0058768 seconds
[GC remark, 0.0033143 secs]
Application time: 0.0000506 seconds
[GC cleanup 9631K->9631K(64M), 0.0001726 secs]
Application time: 0.1585156 seconds
[GC pause (G1 Humongous Allocation) (young) 33M->6559K(64M), 0.0087998 secs]
Application time: 0.0637964 seconds
[GC pause (G1 Humongous Allocation) (young) (initial-mark) 16M->6564K(64M), 0.0040476 secs]
[GC concurrent-root-region-scan-start]
[GC concurrent-root-region-scan-end, 0.0001094 secs]
[GC concurrent-mark-start]
[GC concurrent-mark-end, 0.0050367 secs]
Application time: 0.0067164 seconds
[GC remark, 0.0031989 secs]
Application time: 0.0000476 seconds
[GC cleanup 9636K->9636K(64M), 0.0002044 secs]
Application time: 0.1585365 seconds
[GC pause (G1 Humongous Allocation) (young) 33M->6562K(64M), 0.0089862 secs]
Application time: 0.0583575 seconds
[GC pause (G1 Humongous Allocation) (young) (initial-mark) 16M->6562K(64M), 0.0041573 secs]
[GC concurrent-root-region-scan-start]
[GC concurrent-root-region-scan-end, 0.0001419 secs]
[GC concurrent-mark-start]
[GC concurrent-mark-end, 0.0053915 secs]
Application time: 0.0082249 seconds
[GC remark, 0.0032451 secs]
Application time: 0.0000561 seconds
[GC cleanup 8098K->8098K(64M), 0.0002436 secs]
Application time: 0.1496676 seconds
[GC pause (G1 Humongous Allocation) (young) 32M->6566K(64M), 0.0089172 secs]
Application time: 0.0641104 seconds
[GC pause (G1 Humongous Allocation) (young) (initial-mark) 16M->5543K(64M), 0.0040638 secs]
[GC concurrent-root-region-scan-start]
[GC concurrent-root-region-scan-end, 0.0001206 secs]
[GC concurrent-mark-start]
[GC concurrent-mark-end, 0.0050495 secs]
Application time: 0.0052249 seconds
[GC remark, 0.0032215 secs]
Application time: 0.0000439 seconds
[GC cleanup 8615K->8615K(64M), 0.0001805 secs]
Application time: 0.1819507 seconds
[GC pause (G1 Humongous Allocation) (young) 32M->6569K(64M), 0.0091823 secs]
Application time: 0.0571367 seconds
[GC pause (G1 Humongous Allocation) (young) (initial-mark) 16M->6585K(64M), 0.0039895 secs]
[GC concurrent-root-region-scan-start]
[GC concurrent-root-region-scan-end, 0.0001412 secs]
[GC concurrent-mark-start]
[GC concurrent-mark-end, 0.0049444 secs]
Application time: 0.0051509 seconds
[GC remark, 0.0033974 secs]
Application time: 0.0000494 seconds
[GC cleanup 8121K->8121K(64M), 0.0001979 secs]
Application time: 0.1713750 seconds
[GC pause (G1 Humongous Allocation) (young) 33M->6583K(64M), 0.0089130 secs]
Application time: 0.0655414 seconds
[GC pause (G1 Humongous Allocation) (young) (initial-mark) 16M->5561K(64M), 0.0041861 secs]
[GC concurrent-root-region-scan-start]
[GC concurrent-root-region-scan-end, 0.0001827 secs]
[GC concurrent-mark-start]
[GC concurrent-mark-end, 0.0058903 secs]
Application time: 0.0061331 seconds
[GC remark, 0.0035435 secs]
Application time: 0.0082016 seconds
[GC cleanup 8633K->8633K(64M), 0.0002131 secs]
Application time: 0.1548707 seconds
[GC pause (G1 Humongous Allocation) (young) 33M->6588K(64M), 0.0092426 secs]
Application time: 0.0580513 seconds
[GC pause (G1 Humongous Allocation) (young) (initial-mark) 16M->6590K(64M), 0.0043100 secs]
[GC concurrent-root-region-scan-start]
[GC concurrent-root-region-scan-end, 0.0001308 secs]
[GC concurrent-mark-start]
[GC concurrent-mark-end, 0.0051779 secs]
Application time: 0.0053764 seconds
[GC remark, 0.0033332 secs]
Application time: 0.0000442 seconds
[GC cleanup 8126K->8126K(64M), 0.0001863 secs]
Application time: 0.1649223 seconds
[GC pause (G1 Humongous Allocation) (young) 33M->6590K(64M), 0.0089957 secs]
Application time: 0.0565195 seconds
[GC pause (G1 Humongous Allocation) (young) (initial-mark) 16M->6593K(64M), 0.0042293 secs]
[GC concurrent-root-region-scan-start]
[GC concurrent-root-region-scan-end, 0.0001338 secs]
[GC concurrent-mark-start]
[GC concurrent-mark-end, 0.0050025 secs]
Application time: 0.0106567 seconds
[GC remark, 0.0035427 secs]
Application time: 0.0000722 seconds
[GC cleanup 8641K->8641K(64M), 0.0001936 secs]
Application time: 0.1530757 seconds
[GC pause (G1 Humongous Allocation) (young) 33M->6593K(64M), 0.0090890 secs]
Application time: 0.0664198 seconds
[GC pause (G1 Humongous Allocation) (young) (initial-mark) 16M->6595K(64M), 0.0040276 secs]
[GC concurrent-root-region-scan-start]
[GC concurrent-root-region-scan-end, 0.0001551 secs]
[GC concurrent-mark-start]
[GC concurrent-mark-end, 0.0050236 secs]
Application time: 0.0052399 seconds
[GC remark, 0.0033935 secs]
Application time: 0.0000486 seconds
[GC cleanup 8643K->8643K(64M), 0.0001765 secs]
Application time: 0.1629756 seconds
[GC pause (G1 Humongous Allocation) (young) 33M->6600K(64M), 0.0089353 secs]
Application time: 0.0583073 seconds
[GC pause (G1 Humongous Allocation) (young) (initial-mark) 16M->6600K(64M), 0.0042610 secs]
[GC concurrent-root-region-scan-start]
[GC concurrent-root-region-scan-end, 0.0001560 secs]
[GC concurrent-mark-start]
[GC concurrent-mark-end, 0.0051313 secs]
Application time: 0.0053486 seconds
[GC remark, 0.0035019 secs]
Application time: 0.0000516 seconds
[GC cleanup 8136K->8136K(64M), 0.0001828 secs]
Application time: 0.1659936 seconds
[GC pause (G1 Humongous Allocation) (young) 33M->6602K(64M), 0.0088986 secs]
Application time: 0.0562213 seconds
[GC pause (G1 Humongous Allocation) (young) (initial-mark) 16M->6602K(64M), 0.0041396 secs]
[GC concurrent-root-region-scan-start]
[GC concurrent-root-region-scan-end, 0.0001498 secs]
[GC concurrent-mark-start]
[GC concurrent-mark-end, 0.0050026 secs]
Application time: 0.0052184 seconds
[GC remark, 0.0033941 secs]
Application time: 0.0000515 seconds
[GC cleanup 8138K->8138K(64M), 0.0001609 secs]
Application time: 0.1661690 seconds
[GC pause (G1 Humongous Allocation) (young) 33M->5597K(64M), 0.0089259 secs]
Application time: 0.0569977 seconds
[GC pause (G1 Humongous Allocation) (young) (initial-mark) 16M->6605K(64M), 0.0043167 secs]
[GC concurrent-root-region-scan-start]
[GC concurrent-root-region-scan-end, 0.0001428 secs]
[GC concurrent-mark-start]
[GC concurrent-mark-end, 0.0050150 secs]
Application time: 0.0118021 seconds
[GC remark, 0.0034265 secs]
Application time: 0.0000663 seconds
[GC cleanup 8653K->8653K(64M), 0.0002026 secs]
Application time: 0.1488442 seconds
[GC pause (G1 Humongous Allocation) (young) 32M->6605K(64M), 0.0090366 secs]
Application time: 0.0577465 seconds
[GC pause (G1 Humongous Allocation) (young) (initial-mark) 16M->6608K(64M), 0.0041285 secs]
[GC concurrent-root-region-scan-start]
[GC concurrent-root-region-scan-end, 0.0001490 secs]
[GC concurrent-mark-start]
[GC concurrent-mark-end, 0.0050184 secs]
Application time: 0.0052420 seconds
[GC remark, 0.0033657 secs]
Application time: 0.0000487 seconds
[GC cleanup 8144K->8144K(64M), 0.0001880 secs]
Application time: 0.1609023 seconds
[GC pause (G1 Humongous Allocation) (young) 33M->5584K(64M), 0.0085512 secs]
Application time: 0.0541403 seconds
[GC pause (G1 Humongous Allocation) (young) (initial-mark) 16M->6610K(64M), 0.0043075 secs]
[GC concurrent-root-region-scan-start]
[GC concurrent-root-region-scan-end, 0.0001360 secs]
[GC concurrent-mark-start]
[GC concurrent-mark-end, 0.0052670 secs]
Application time: 0.0054581 seconds
[GC remark, 0.0033144 secs]
Application time: 0.0000441 seconds
[GC cleanup 8658K->8658K(64M), 0.0001964 secs]
Application time: 0.1524881 seconds
[GC pause (G1 Humongous Allocation) (young) 33M->6610K(64M), 0.0087514 secs]
Application time: 0.0547340 seconds
[GC pause (G1 Humongous Allocation) (young) (initial-mark) 16M->6613K(64M), 0.0038996 secs]
[GC concurrent-root-region-scan-start]
[GC concurrent-root-region-scan-end, 0.0001492 secs]
[GC concurrent-mark-start]
[GC concurrent-mark-end, 0.0052574 secs]
Application time: 0.0054671 seconds
[GC remark, 0.0033779 secs]
Application time: 0.0000501 seconds
[GC cleanup 8661K->8661K(64M), 0.0001841 secs]
Application time: 0.1528417 seconds
[GC pause (G1 Humongous Allocation) (young) 33M->6613K(64M), 0.0087363 secs]
Application time: 0.0545937 seconds
[GC pause (G1 Humongous Allocation) (young) (initial-mark) 16M->6615K(64M), 0.0039106 secs]
[GC concurrent-root-region-scan-start]
[GC concurrent-root-region-scan-end, 0.0001192 secs]
[GC concurrent-mark-start]
[GC concurrent-mark-end, 0.0051774 secs]
Application time: 0.0053526 seconds
[GC remark, 0.0034017 secs]
Application time: 0.0000432 seconds
[GC cleanup 9687K->9687K(64M), 0.0001640 secs]
Application time: 0.1517850 seconds
[GC pause (G1 Humongous Allocation) (young) 32M->5595K(64M), 0.0087914 secs]
Application time: 0.0651052 seconds
[GC pause (G1 Humongous Allocation) (young) (initial-mark) 17M->6615K(64M), 0.0042756 secs]
[GC concurrent-root-region-scan-start]
[GC concurrent-root-region-scan-end, 0.0001136 secs]
[GC concurrent-mark-start]
[GC concurrent-mark-end, 0.0050308 secs]
Application time: 0.0052134 seconds
[GC remark, 0.0032628 secs]
Application time: 0.0000435 seconds
[GC cleanup 8151K->8151K(64M), 0.0001600 secs]
Application time: 0.1501268 seconds
[GC pause (G1 Humongous Allocation) (young) 32M->6618K(64M), 0.0087235 secs]
Application time: 0.0543134 seconds
[GC pause (G1 Humongous Allocation) (young) (initial-mark) 16M->6618K(64M), 0.0041888 secs]
[GC concurrent-root-region-scan-start]
[GC concurrent-root-region-scan-end, 0.0001228 secs]
[GC concurrent-mark-start]
[GC concurrent-mark-end, 0.0051712 secs]
Application time: 0.0084818 seconds
[GC remark, 0.0034318 secs]
Application time: 0.0000501 seconds
[GC cleanup 8666K->8666K(64M), 0.0001908 secs]
Application time: 0.1478047 seconds
[GC pause (G1 Humongous Allocation) (young) 33M->6620K(64M), 0.0087322 secs]
Application time: 0.0597885 seconds
[GC pause (G1 Humongous Allocation) (young) (initial-mark) 16M->6620K(64M), 0.0038776 secs]
[GC concurrent-root-region-scan-start]
[GC concurrent-root-region-scan-end, 0.0001214 secs]
[GC concurrent-mark-start]
[GC concurrent-mark-end, 0.0050991 secs]
Application time: 0.0052739 seconds
[GC remark, 0.0032474 secs]
Application time: 0.0000473 seconds
[GC cleanup 8156K->8156K(64M), 0.0001683 secs]
Application time: 0.1638396 seconds
[GC pause (G1 Humongous Allocation) (young) 33M->6620K(64M), 0.0087016 secs]
Application time: 0.0591926 seconds
[GC pause (G1 Humongous Allocation) (young) (initial-mark) 16M->6625K(64M), 0.0038960 secs]
[GC concurrent-root-region-scan-start]
[GC concurrent-root-region-scan-end, 0.0001113 secs]
[GC concurrent-mark-start]
[GC concurrent-mark-end, 0.0051608 secs]
Application time: 0.0053241 seconds
[GC remark, 0.0031794 secs]
Application time: 0.0000445 seconds
[GC cleanup 8673K->8673K(64M), 0.0002873 secs]
Application time: 0.1542028 seconds
[GC pause (G1 Humongous Allocation) (young) 33M->6625K(64M), 0.0122880 secs]
Application time: 0.0638757 seconds
[GC pause (G1 Humongous Allocation) (young) (initial-mark) 16M->5623K(64M), 0.0040148 secs]
[GC concurrent-root-region-scan-start]
[GC concurrent-root-region-scan-end, 0.0001206 secs]
[GC concurrent-mark-start]
[GC concurrent-mark-end, 0.0051476 secs]
Application time: 0.0053222 seconds
[GC remark, 0.0035262 secs]
Application time: 0.0000441 seconds
[GC cleanup 8695K->8695K(64M), 0.0001684 secs]
Application time: 0.1561925 seconds
[GC pause (G1 Humongous Allocation) (young) 33M->6627K(64M), 0.0089568 secs]
Application time: 0.0535688 seconds
[GC pause (G1 Humongous Allocation) (young) (initial-mark) 16M->6627K(64M), 0.0036122 secs]
[GC concurrent-root-region-scan-start]
[GC concurrent-root-region-scan-end, 0.0001351 secs]
[GC concurrent-mark-start]
[GC concurrent-mark-end, 0.0053262 secs]
Application time: 0.0055127 seconds
[GC remark, 0.0034759 secs]
Application time: 0.0000581 seconds
[GC cleanup 8675K->8675K(64M), 0.0001768 secs]
Application time: 0.1554977 seconds
[GC pause (G1 Humongous Allocation) (young) 32M->6629K(64M), 0.0092253 secs]
Application time: 0.0664817 seconds
[GC pause (G1 Humongous Allocation) (young) (initial-mark) 16M->5608K(64M), 0.0043184 secs]
[GC concurrent-root-region-scan-start]
[GC concurrent-root-region-scan-end, 0.0001011 secs]
[GC concurrent-mark-start]
[GC concurrent-mark-end, 0.0052418 secs]
Application time: 0.0054111 seconds
[GC remark, 0.0033405 secs]
Application time: 0.0000449 seconds
[GC cleanup 7656K->7656K(64M), 0.0002085 secs]
Application time: 0.1584177 seconds
[GC pause (G1 Humongous Allocation) (young) 32M->6632K(64M), 0.0091924 secs]
Application time: 0.0589624 seconds
[GC pause (G1 Humongous Allocation) (young) (initial-mark) 16M->6630K(64M), 0.0041355 secs]
[GC concurrent-root-region-scan-start]
[GC concurrent-root-region-scan-end, 0.0001253 secs]
[GC concurrent-mark-start]
[GC concurrent-mark-end, 0.0051867 secs]
Application time: 0.0053762 seconds
[GC remark, 0.0040211 secs]
Application time: 0.0000404 seconds
[GC cleanup 8166K->8166K(64M), 0.0001704 secs]
Application time: 0.1578499 seconds
[GC pause (G1 Humongous Allocation) (young) 33M->6630K(64M), 0.0088850 secs]
Application time: 0.0558639 seconds
[GC pause (G1 Humongous Allocation) (young) (initial-mark) 16M->6634K(64M), 0.0039303 secs]
[GC concurrent-root-region-scan-start]
[GC concurrent-root-region-scan-end, 0.0001240 secs]
[GC concurrent-mark-start]
[GC concurrent-mark-end, 0.0054216 secs]
Application time: 0.0056078 seconds
[GC remark, 0.0035427 secs]
Application time: 0.0000450 seconds
[GC cleanup 8170K->8170K(64M), 0.0001831 secs]
Application time: 0.1609771 seconds
[GC pause (G1 Humongous Allocation) (young) 33M->6636K(64M), 0.0088195 secs]
Application time: 0.0573153 seconds
[GC pause (G1 Humongous Allocation) (young) (initial-mark) 16M->6639K(64M), 0.0041804 secs]
[GC concurrent-root-region-scan-start]
[GC concurrent-root-region-scan-end, 0.0001068 secs]
[GC concurrent-mark-start]
[GC concurrent-mark-end, 0.0051796 secs]
Application time: 0.0052475 seconds
[GC remark, 0.0033996 secs]
Application time: 0.0000348 seconds
[GC cleanup 8175K->8175K(64M), 0.0001677 secs]
Application time: 0.1672755 seconds
[GC pause (G1 Humongous Allocation) (young) 33M->6639K(64M), 0.0087960 secs]
Application time: 0.0623540 seconds
[GC pause (G1 Humongous Allocation) (young) (initial-mark) 16M->5633K(64M), 0.0040287 secs]
[GC concurrent-root-region-scan-start]
[GC concurrent-root-region-scan-end, 0.0001074 secs]
[GC concurrent-mark-start]
[GC concurrent-mark-end, 0.0053908 secs]
Application time: 0.0055759 seconds
[GC remark, 0.0032849 secs]
Application time: 0.0000438 seconds
[GC cleanup 7169K->7169K(64M), 0.0001685 secs]
Application time: 0.1566790 seconds
[GC pause (G1 Humongous Allocation) (young) 33M->6643K(64M), 0.0088391 secs]
Application time: 0.0571569 seconds
[GC pause (G1 Humongous Allocation) (young) (initial-mark) 16M->6644K(64M), 0.0042208 secs]
[GC concurrent-root-region-scan-start]
[GC concurrent-root-region-scan-end, 0.0001235 secs]
[GC concurrent-mark-start]
[GC concurrent-mark-end, 0.0049917 secs]
Application time: 0.0105143 seconds
[GC remark, 0.0033514 secs]
Application time: 0.0000587 seconds
[GC cleanup 8692K->8692K(64M), 0.0001978 secs]
Application time: 0.1466433 seconds
[GC pause (G1 Humongous Allocation) (young) 33M->6648K(64M), 0.0088697 secs]
Application time: 0.0619460 seconds
[GC pause (G1 Humongous Allocation) (young) (initial-mark) 16M->6648K(64M), 0.0040223 secs]
[GC concurrent-root-region-scan-start]
[GC concurrent-root-region-scan-end, 0.0001227 secs]
[GC concurrent-mark-start]
[GC concurrent-mark-end, 0.0054050 secs]
Application time: 0.0055861 seconds
[GC remark, 0.0033736 secs]
Application time: 0.0000439 seconds
[GC cleanup 8696K->8696K(64M), 0.0001956 secs]
Application time: 0.1428169 seconds
[GC pause (G1 Humongous Allocation) (young) 32M->6646K(64M), 0.0087374 secs]
Application time: 0.0598659 seconds
[GC pause (G1 Humongous Allocation) (young) (initial-mark) 16M->6648K(64M), 0.0039774 secs]
[GC concurrent-root-region-scan-start]
[GC concurrent-root-region-scan-end, 0.0001258 secs]
[GC concurrent-mark-start]
[GC concurrent-mark-end, 0.0050139 secs]
Application time: 0.0051921 seconds
[GC remark, 0.0033721 secs]
Application time: 0.0000426 seconds
[GC cleanup 8696K->8696K(64M), 0.0002148 secs]
Application time: 0.1693612 seconds
[GC pause (G1 Humongous Allocation) (young) 33M->6648K(64M), 0.0085848 secs]
Application time: 0.0710066 seconds
[GC pause (G1 Humongous Allocation) (young) (initial-mark) 16M->5645K(64M), 0.0041005 secs]
[GC concurrent-root-region-scan-start]
[GC concurrent-root-region-scan-end, 0.0001156 secs]
[GC concurrent-mark-start]
[GC concurrent-mark-end, 0.0051081 secs]
Application time: 0.0052799 seconds
[GC remark, 0.0033093 secs]
Application time: 0.0000431 seconds
[GC cleanup 8717K->8717K(64M), 0.0002166 secs]
Application time: 0.1555748 seconds
[GC pause (G1 Humongous Allocation) (young) 33M->6653K(64M), 0.0095522 secs]
Application time: 0.0549554 seconds
[GC pause (G1 Humongous Allocation) (young) (initial-mark) 16M->6657K(64M), 0.0040636 secs]
[GC concurrent-root-region-scan-start]
[GC concurrent-root-region-scan-end, 0.0001277 secs]
[GC concurrent-mark-start]
[GC concurrent-mark-end, 0.0054471 secs]
Application time: 0.0056349 seconds
[GC remark, 0.0034506 secs]
Application time: 0.0000449 seconds
[GC cleanup 8193K->8193K(64M), 0.0002075 secs]
Application time: 0.1658425 seconds
[GC pause (G1 Humongous Allocation) (young) 33M->6655K(64M), 0.0088766 secs]
Application time: 0.0546461 seconds
[GC pause (G1 Humongous Allocation) (young) (initial-mark) 16M->6660K(64M), 0.0040925 secs]
[GC concurrent-root-region-scan-start]
[GC concurrent-root-region-scan-end, 0.0001527 secs]
[GC concurrent-mark-start]
[GC concurrent-mark-end, 0.0050421 secs]
Application time: 0.0052509 seconds
[GC remark, 0.0033888 secs]
Application time: 0.0000457 seconds
[GC cleanup 8196K->8196K(64M), 0.0002794 secs]
Application time: 0.1604894 seconds
[GC pause (G1 Humongous Allocation) (young) 33M->6662K(64M), 0.0097607 secs]
Application time: 0.0649304 seconds
[GC pause (G1 Humongous Allocation) (young) (initial-mark) 17M->5654K(64M), 0.0040770 secs]
[GC concurrent-root-region-scan-start]
[GC concurrent-root-region-scan-end, 0.0001356 secs]
[GC concurrent-mark-start]
[GC concurrent-mark-end, 0.0051720 secs]
Application time: 0.0053721 seconds
[GC remark, 0.0033418 secs]
Application time: 0.0000452 seconds
[GC cleanup 8726K->8726K(64M), 0.0001852 secs]
Application time: 0.1612322 seconds
[GC pause (G1 Humongous Allocation) (young) 33M->6662K(64M), 0.0093417 secs]
Application time: 0.0612106 seconds
[GC pause (G1 Humongous Allocation) (young) (initial-mark) 16M->6664K(64M), 0.0041995 secs]
[GC concurrent-root-region-scan-start]
[GC concurrent-root-region-scan-end, 0.0001596 secs]
[GC concurrent-mark-start]
[GC concurrent-mark-end, 0.0049754 secs]
Application time: 0.0051915 seconds
[GC remark, 0.0034406 secs]
Application time: 0.0000468 seconds
[GC cleanup 8200K->8200K(64M), 0.0016649 secs]
Application time: 0.1665780 seconds
[GC pause (G1 Humongous Allocation) (young) 33M->6664K(64M), 0.0089315 secs]
Application time: 0.0748721 seconds
[GC pause (G1 Humongous Allocation) (young) (initial-mark) 17M->6667K(64M), 0.0041196 secs]
[GC concurrent-root-region-scan-start]
[GC concurrent-root-region-scan-end, 0.0001529 secs]
[GC concurrent-mark-start]
[GC concurrent-mark-end, 0.0051447 secs]
Application time: 0.0053623 seconds
[GC remark, 0.0034182 secs]
Application time: 0.0000488 seconds
[GC cleanup 9739K->9739K(64M), 0.0001958 secs]
Application time: 0.1852350 seconds
[GC pause (G1 Humongous Allocation) (young) 33M->6665K(64M), 0.0091237 secs]
Application time: 0.0630429 seconds
[GC pause (G1 Humongous Allocation) (young) (initial-mark) 16M->6669K(64M), 0.0042046 secs]
[GC concurrent-root-region-scan-start]
[GC concurrent-root-region-scan-end, 0.0001319 secs]
[GC concurrent-mark-start]
[GC concurrent-mark-end, 0.0052514 secs]
Application time: 0.0054601 seconds
[GC remark, 0.0033041 secs]
Application time: 0.0024404 seconds
[GC cleanup 8717K->8717K(64M), 0.0002166 secs]
Application time: 0.1608622 seconds
[GC pause (G1 Humongous Allocation) (young) 33M->6667K(64M), 0.0090014 secs]
Application time: 0.0764388 seconds
[GC pause (G1 Humongous Allocation) (young) (initial-mark) 17M->6672K(64M), 0.0041718 secs]
[GC concurrent-root-region-scan-start]
[GC concurrent-root-region-scan-end, 0.0001199 secs]
[GC concurrent-mark-start]
[GC concurrent-mark-end, 0.0051728 secs]
Application time: 0.0053534 seconds
[GC remark, 0.0033359 secs]
Application time: 0.0000445 seconds
[GC cleanup 9744K->9744K(64M), 0.0003019 secs]
Application time: 0.1581377 seconds
[GC pause (G1 Humongous Allocation) (young) 33M->6674K(64M), 0.0102172 secs]
Application time: 0.0569892 seconds
[GC pause (G1 Humongous Allocation) (young) (initial-mark) 16M->6677K(64M), 0.0042598 secs]
[GC concurrent-root-region-scan-start]
[GC concurrent-root-region-scan-end, 0.0001249 secs]
[GC concurrent-mark-start]
[GC concurrent-mark-end, 0.0051572 secs]
Application time: 0.0053466 seconds
[GC remark, 0.0034293 secs]
Application time: 0.0000463 seconds
[GC cleanup 8213K->8213K(64M), 0.0001643 secs]
Application time: 0.1618241 seconds
[GC pause (G1 Humongous Allocation) (young) 33M->6677K(64M), 0.0089493 secs]
Application time: 0.0607732 seconds
[GC pause (G1 Humongous Allocation) (young) (initial-mark) 16M->6677K(64M), 0.0042865 secs]
[GC concurrent-root-region-scan-start]
[GC concurrent-root-region-scan-end, 0.0001491 secs]
[GC concurrent-mark-start]
[GC concurrent-mark-end, 0.0052489 secs]
Application time: 0.0089829 seconds
[GC remark, 0.0037024 secs]
Application time: 0.0000615 seconds
[GC cleanup 9749K->9749K(64M), 0.0001836 secs]
Application time: 0.1507300 seconds
[GC pause (G1 Humongous Allocation) (young) 33M->6677K(64M), 0.0090675 secs]
Application time: 0.0650387 seconds
[GC pause (G1 Humongous Allocation) (young) (initial-mark) 16M->6679K(64M), 0.0041853 secs]
[GC concurrent-root-region-scan-start]
[GC concurrent-root-region-scan-end, 0.0001487 secs]
[GC concurrent-mark-start]
[GC concurrent-mark-end, 0.0050438 secs]
Application time: 0.0052608 seconds
[GC remark, 0.0036869 secs]
Application time: 0.0000494 seconds
[GC cleanup 8727K->8727K(64M), 0.0001870 secs]
Application time: 0.1592277 seconds
[GC pause (G1 Humongous Allocation) (young) 33M->6682K(64M), 0.0090110 secs]
Application time: 0.0602038 seconds
[GC pause (G1 Humongous Allocation) (young) (initial-mark) 17M->6682K(64M), 0.0042725 secs]
[GC concurrent-root-region-scan-start]
[GC concurrent-root-region-scan-end, 0.0001359 secs]
[GC concurrent-mark-start]
[GC concurrent-mark-end, 0.0050380 secs]
Application time: 0.0052465 seconds
[GC remark, 0.0036147 secs]
Application time: 0.0000539 seconds
[GC cleanup 8218K->8218K(64M), 0.0001840 secs]
Application time: 0.1597514 seconds
[GC pause (G1 Humongous Allocation) (young) 33M->6684K(64M), 0.0091315 secs]
Application time: 0.0625243 seconds
[GC pause (G1 Humongous Allocation) (young) (initial-mark) 16M->6684K(64M), 0.0042006 secs]
[GC concurrent-root-region-scan-start]
[GC concurrent-root-region-scan-end, 0.0001258 secs]
[GC concurrent-mark-start]
[GC concurrent-mark-end, 0.0050497 secs]
Application time: 0.0052370 seconds
[GC remark, 0.0036605 secs]
Application time: 0.0000706 seconds
[GC cleanup 9756K->9756K(64M), 0.0002171 secs]
Application time: 0.1539165 seconds
[GC pause (G1 Humongous Allocation) (young) 33M->6684K(64M), 0.0088913 secs]
Application time: 0.0637794 seconds
[GC pause (G1 Humongous Allocation) (young) (initial-mark) 16M->6687K(64M), 0.0041790 secs]
[GC concurrent-root-region-scan-start]
[GC concurrent-root-region-scan-end, 0.0001346 secs]
[GC concurrent-mark-start]
[GC concurrent-mark-end, 0.0050775 secs]
Application time: 0.0100222 seconds
[GC remark, 0.0037365 secs]
Application time: 0.0000610 seconds
[GC cleanup 8735K->8735K(64M), 0.0002010 secs]
Application time: 0.1509537 seconds
[GC pause (G1 Humongous Allocation) (young) 33M->6687K(64M), 0.0090266 secs]
Application time: 0.0639254 seconds
[GC pause (G1 Humongous Allocation) (young) (initial-mark) 16M->6687K(64M), 0.0042737 secs]
[GC concurrent-root-region-scan-start]
[GC concurrent-root-region-scan-end, 0.0001387 secs]
[GC concurrent-mark-start]
[GC concurrent-mark-end, 0.0050021 secs]
Application time: 0.0052086 seconds
[GC remark, 0.0034493 secs]
Application time: 0.0000443 seconds
[GC cleanup 9247K->9247K(64M), 0.0001964 secs]
Application time: 0.1650676 seconds
[GC pause (G1 Humongous Allocation) (young) 33M->5667K(64M), 0.0089731 secs]
Application time: 0.0759919 seconds
[GC pause (G1 Humongous Allocation) (young) (initial-mark) 17M->5668K(64M), 0.0043201 secs]
[GC concurrent-root-region-scan-start]
[GC concurrent-root-region-scan-end, 0.0001856 secs]
[GC concurrent-mark-start]
[GC concurrent-mark-end, 0.0051100 secs]
Application time: 0.0053825 seconds
[GC remark, 0.0035515 secs]
Application time: 0.0000430 seconds
[GC cleanup 7204K->7204K(64M), 0.0003052 secs]
Application time: 0.0002451 seconds
[GC pause (G1 Humongous Allocation) (young) (initial-mark) 7204K->6692K(64M), 0.0016348 secs]
[GC concurrent-root-region-scan-start]
[GC concurrent-root-region-scan-end, 0.0055920 secs]
[GC concurrent-mark-start]
[GC concurrent-mark-end, 0.0052336 secs]
Application time: 0.0108829 seconds
[GC remark, 0.0059582 secs]
Application time: 0.0000580 seconds
[GC cleanup 9764K->9764K(64M), 0.0002868 secs]
Application time: 0.1532317 seconds
[GC pause (G1 Humongous Allocation) (young) 33M->6692K(64M), 0.0093032 secs]
Application time: 0.0587627 seconds
[GC pause (G1 Humongous Allocation) (young) (initial-mark) 16M->6692K(64M), 0.0043818 secs]
[GC concurrent-root-region-scan-start]
[GC concurrent-root-region-scan-end, 0.0001394 secs]
[GC concurrent-mark-start]
[GC concurrent-mark-end, 0.0050552 secs]
Application time: 0.0052651 seconds
[GC remark, 0.0036439 secs]
Application time: 0.0000553 seconds
[GC cleanup 8228K->8228K(64M), 0.0001862 secs]
Application time: 0.1700817 seconds
[GC pause (G1 Humongous Allocation) (young) 33M->6694K(64M), 0.0092927 secs]
Application time: 0.0541902 seconds
[GC pause (G1 Humongous Allocation) (young) (initial-mark) 16M->6694K(64M), 0.0041451 secs]
[GC concurrent-root-region-scan-start]
[GC concurrent-root-region-scan-end, 0.0001270 secs]
[GC concurrent-mark-start]
[GC concurrent-mark-end, 0.0049865 secs]
Application time: 0.0051710 seconds
[GC remark, 0.0035704 secs]
Application time: 0.0000535 seconds
[GC cleanup 8742K->8742K(64M), 0.0001973 secs]
Application time: 0.1586493 seconds
[GC pause (G1 Humongous Allocation) (young) 33M->6697K(64M), 0.0090309 secs]
Application time: 0.0592531 seconds
[GC pause (G1 Humongous Allocation) (young) (initial-mark) 16M->6697K(64M), 0.0041497 secs]
[GC concurrent-root-region-scan-start]
[GC concurrent-root-region-scan-end, 0.0001595 secs]
[GC concurrent-mark-start]
[GC concurrent-mark-end, 0.0051618 secs]
Application time: 0.0108282 seconds
[GC remark, 0.0037923 secs]
Application time: 0.0000625 seconds
[GC cleanup 8745K->8745K(64M), 0.0002285 secs]
Application time: 0.1492787 seconds
[GC pause (G1 Humongous Allocation) (young) 33M->6705K(64M), 0.0088112 secs]
Application time: 0.0595803 seconds
[GC pause (G1 Humongous Allocation) (young) (initial-mark) 16M->6707K(64M), 0.0041844 secs]
[GC concurrent-root-region-scan-start]
[GC concurrent-root-region-scan-end, 0.0001350 secs]
[GC concurrent-mark-start]
[GC concurrent-mark-end, 0.0050029 secs]
Application time: 0.0102940 seconds
[GC remark, 0.0036560 secs]
Application time: 0.0000541 seconds
[GC cleanup 9779K->9779K(64M), 0.0001903 secs]
Application time: 0.1468386 seconds
[GC pause (G1 Humongous Allocation) (young) 33M->6710K(64M), 0.0089093 secs]
Application time: 0.0646705 seconds
[GC pause (G1 Humongous Allocation) (young) (initial-mark) 16M->5687K(64M), 0.0041897 secs]
[GC concurrent-root-region-scan-start]
[GC concurrent-root-region-scan-end, 0.0001646 secs]
[GC concurrent-mark-start]
[GC concurrent-mark-end, 0.0051683 secs]
Application time: 0.0053909 seconds
[GC remark, 0.0036561 secs]
Application time: 0.0000460 seconds
[GC cleanup 8759K->8759K(64M), 0.0001906 secs]
Application time: 0.1809287 seconds
[GC pause (G1 Humongous Allocation) (young) 33M->6710K(64M), 0.0092694 secs]
Application time: 0.0886450 seconds
[GC pause (G1 Humongous Allocation) (young) (initial-mark) 17M->5688K(64M), 0.0040737 secs]
[GC concurrent-root-region-scan-start]
[GC concurrent-root-region-scan-end, 0.0001744 secs]
[GC concurrent-mark-start]
[GC concurrent-mark-end, 0.0050493 secs]
Application time: 0.0052844 seconds
[GC remark, 0.0034155 secs]
Application time: 0.0000478 seconds
[GC cleanup 8760K->8760K(64M), 0.0001999 secs]
Application time: 0.1768504 seconds
[GC pause (G1 Humongous Allocation) (young) 33M->6712K(64M), 0.0093899 secs]
Application time: 0.0576844 seconds
[GC pause (G1 Humongous Allocation) (young) (initial-mark) 16M->6715K(64M), 0.0041875 secs]
[GC concurrent-root-region-scan-start]
[GC concurrent-root-region-scan-end, 0.0001468 secs]
[GC concurrent-mark-start]
[GC concurrent-mark-end, 0.0050970 secs]
Application time: 0.0105920 seconds
[GC remark, 0.0035870 secs]
Application time: 0.0003562 seconds
[GC cleanup 8763K->8763K(64M), 0.0012883 secs]
Application time: 0.1517268 seconds
[GC pause (G1 Humongous Allocation) (young) 33M->6715K(64M), 0.0089909 secs]
Application time: 0.0613840 seconds
[GC pause (G1 Humongous Allocation) (young) (initial-mark) 16M->6715K(64M), 0.0043360 secs]
[GC concurrent-root-region-scan-start]
[GC concurrent-root-region-scan-end, 0.0001763 secs]
[GC concurrent-mark-start]
[GC concurrent-mark-end, 0.0050765 secs]
Application time: 0.0053212 seconds
[GC remark, 0.0037025 secs]
Application time: 0.0000509 seconds
[GC cleanup 9787K->9787K(64M), 0.0001786 secs]
Application time: 0.1631784 seconds
[GC pause (G1 Humongous Allocation) (young) 33M->6715K(64M), 0.0090325 secs]
Application time: 0.0646386 seconds
[GC pause (G1 Humongous Allocation) (young) (initial-mark) 16M->5693K(64M), 0.0041101 secs]
[GC concurrent-root-region-scan-start]
[GC concurrent-root-region-scan-end, 0.0001313 secs]
Application time: 0.0001463 seconds
[GC concurrent-mark-start]
[GC concurrent-mark-end, 0.0052484 secs]
Application time: 0.0051180 seconds
[GC remark, 0.0035447 secs]
Application time: 0.0000589 seconds
[GC cleanup 8253K->8253K(64M), 0.0001654 secs]
Application time: 0.1732060 seconds
[GC pause (G1 Humongous Allocation) (young) 33M->6717K(64M), 0.0093737 secs]
Application time: 0.0656456 seconds
[GC pause (G1 Humongous Allocation) (young) (initial-mark) 16M->6720K(64M), 0.0041447 secs]
[GC concurrent-root-region-scan-start]
[GC concurrent-root-region-scan-end, 0.0001629 secs]
[GC concurrent-mark-start]
[GC concurrent-mark-end, 0.0051594 secs]
Application time: 0.0053915 seconds
[GC remark, 0.0034726 secs]
Application time: 0.0000523 seconds
[GC cleanup 8768K->8768K(64M), 0.0001963 secs]
Application time: 0.1599301 seconds
[GC pause (G1 Humongous Allocation) (young) 33M->5700K(64M), 0.0089955 secs]
Application time: 0.0641514 seconds
[GC pause (G1 Humongous Allocation) (young) (initial-mark) 17M->6720K(64M), 0.0045015 secs]
[GC concurrent-root-region-scan-start]
[GC concurrent-root-region-scan-end, 0.0001344 secs]
[GC concurrent-mark-start]
[GC concurrent-mark-end, 0.0050285 secs]
Application time: 0.0052188 seconds
[GC remark, 0.0034131 secs]
Application time: 0.0000470 seconds
[GC cleanup 9792K->9792K(64M), 0.0001936 secs]
Application time: 0.1649536 seconds
[GC pause (G1 Humongous Allocation) (young) 33M->5698K(64M), 0.0090843 secs]
Application time: 0.0644718 seconds
[GC pause (G1 Humongous Allocation) (young) (initial-mark) 16M->6725K(64M), 0.0044530 secs]
[GC concurrent-root-region-scan-start]
[GC concurrent-root-region-scan-end, 0.0001299 secs]
[GC concurrent-mark-start]
[GC concurrent-mark-end, 0.0049533 secs]
Application time: 0.0051354 seconds
[GC remark, 0.0033135 secs]
Application time: 0.0000484 seconds
[GC cleanup 8773K->8773K(64M), 0.0002713 secs]
Application time: 0.1580499 seconds
[GC pause (G1 Humongous Allocation) (young) 33M->6723K(64M), 0.0096489 secs]
Application time: 0.0586595 seconds
[GC pause (G1 Humongous Allocation) (young) (initial-mark) 17M->6723K(64M), 0.0041245 secs]
[GC concurrent-root-region-scan-start]
[GC concurrent-root-region-scan-end, 0.0001318 secs]
[GC concurrent-mark-start]
[GC concurrent-mark-end, 0.0049804 secs]
Application time: 0.0110903 seconds
[GC remark, 0.0034804 secs]
Application time: 0.0000546 seconds
[GC cleanup 9795K->9795K(64M), 0.0001899 secs]
Application time: 0.1503254 seconds
[GC pause (G1 Humongous Allocation) (young) 33M->6723K(64M), 0.0089021 secs]
Application time: 0.0615482 seconds
[GC pause (G1 Humongous Allocation) (young) (initial-mark) 16M->6725K(64M), 0.0042581 secs]
[GC concurrent-root-region-scan-start]
[GC concurrent-root-region-scan-end, 0.0001339 secs]
[GC concurrent-mark-start]
[GC concurrent-mark-end, 0.0051092 secs]
Application time: 0.0053071 seconds
[GC remark, 0.0036242 secs]
Application time: 0.0000455 seconds
[GC cleanup 9797K->9797K(64M), 0.0001654 secs]
Application time: 0.1534037 seconds
[GC pause (G1 Humongous Allocation) (young) 33M->6728K(64M), 0.0089641 secs]
Application time: 0.0630710 seconds
[GC pause (G1 Humongous Allocation) (young) (initial-mark) 16M->6728K(64M), 0.0041280 secs]
[GC concurrent-root-region-scan-start]
[GC concurrent-root-region-scan-end, 0.0001219 secs]
[GC concurrent-mark-start]
[GC concurrent-mark-end, 0.0050380 secs]
Application time: 0.0075487 seconds
[GC remark, 0.0034038 secs]
Application time: 0.0000396 seconds
[GC cleanup 8776K->8776K(64M), 0.0001898 secs]
Application time: 0.1570391 seconds
[GC pause (G1 Humongous Allocation) (young) 33M->6728K(64M), 0.0092288 secs]
Application time: 0.0544471 seconds
[GC pause (G1 Humongous Allocation) (young) (initial-mark) 16M->6728K(64M), 0.0041855 secs]
[GC concurrent-root-region-scan-start]
[GC concurrent-root-region-scan-end, 0.0002352 secs]
[GC concurrent-mark-start]
[GC concurrent-mark-end, 0.0052311 secs]
Application time: 0.0055296 seconds
[GC remark, 0.0037097 secs]
Application time: 0.0000431 seconds
[GC cleanup 8264K->8264K(64M), 0.0002101 secs]
Application time: 0.1648860 seconds
[GC pause (G1 Humongous Allocation) (young) 33M->6730K(64M), 0.0090622 secs]
Application time: 0.0709919 seconds
[GC pause (G1 Humongous Allocation) (young) (initial-mark) 16M->5715K(64M), 0.0042024 secs]
[GC concurrent-root-region-scan-start]
[GC concurrent-root-region-scan-end, 0.0001304 secs]
[GC concurrent-mark-start]
[GC concurrent-mark-end, 0.0125112 secs]
Application time: 0.0126662 seconds
[GC remark, 0.0035336 secs]
Application time: 0.0000321 seconds
[GC cleanup 9811K->9811K(64M), 0.0002183 secs]
Application time: 0.1678713 seconds
[GC pause (G1 Humongous Allocation) (young) 33M->6734K(64M), 0.0093939 secs]
Application time: 0.0541835 seconds
[GC pause (G1 Humongous Allocation) (young) (initial-mark) 16M->6733K(64M), 0.0041078 secs]
[GC concurrent-root-region-scan-start]
[GC concurrent-root-region-scan-end, 0.0001208 secs]
[GC concurrent-mark-start]
[GC concurrent-mark-end, 0.0050198 secs]
Application time: 0.0051979 seconds
[GC remark, 0.0033914 secs]
Application time: 0.0000419 seconds
[GC cleanup 8269K->8269K(64M), 0.0001979 secs]
Application time: 0.1605427 seconds
[GC pause (G1 Humongous Allocation) (young) 33M->6735K(64M), 0.0092783 secs]
Application time: 0.0587412 seconds
[GC pause (G1 Humongous Allocation) (young) (initial-mark) 16M->6737K(64M), 0.0041494 secs]
[GC concurrent-root-region-scan-start]
[GC concurrent-root-region-scan-end, 0.0002373 secs]
[GC concurrent-mark-start]
[GC concurrent-mark-end, 0.0052761 secs]
Application time: 0.0055779 seconds
[GC remark, 0.0034836 secs]
Application time: 0.0000361 seconds
[GC cleanup 8273K->8273K(64M), 0.0002256 secs]
Application time: 0.1566306 seconds
[GC pause (G1 Humongous Allocation) (young) 33M->6737K(64M), 0.0089862 secs]
Application time: 0.0656453 seconds
[GC pause (G1 Humongous Allocation) (young) (initial-mark) 17M->5715K(64M), 0.0040012 secs]
[GC concurrent-root-region-scan-start]
[GC concurrent-root-region-scan-end, 0.0002065 secs]
[GC concurrent-mark-start]
[GC concurrent-mark-end, 0.0050490 secs]
Application time: 0.0053483 seconds
[GC remark, 0.0035769 secs]
Application time: 0.0032330 seconds
[GC cleanup 7763K->7763K(64M), 0.0001827 secs]
Application time: 0.1562823 seconds
[GC pause (G1 Humongous Allocation) (young) 33M->6736K(64M), 0.0096265 secs]
Application time: 0.0622089 seconds
[GC pause (G1 Humongous Allocation) (young) (initial-mark) 16M->6740K(64M), 0.0039834 secs]
[GC concurrent-root-region-scan-start]
[GC concurrent-root-region-scan-end, 0.0001047 secs]
[GC concurrent-mark-start]
[GC concurrent-mark-end, 0.0052023 secs]
Application time: 0.0053841 seconds
[GC remark, 0.0056431 secs]
Application time: 0.0000335 seconds
[GC cleanup 6740K->6740K(64M), 0.0003060 secs]
Application time: 0.1606795 seconds
[GC pause (G1 Humongous Allocation) (young) 33M->6738K(64M), 0.0097942 secs]
Application time: 0.0579602 seconds
[GC pause (G1 Humongous Allocation) (young) (initial-mark) 16M->6742K(64M), 0.0040929 secs]
[GC concurrent-root-region-scan-start]
[GC concurrent-root-region-scan-end, 0.0001220 secs]
[GC concurrent-mark-start]
[GC concurrent-mark-end, 0.0049756 secs]
Application time: 0.0051495 seconds
[GC remark, 0.0033170 secs]
Application time: 0.0000400 seconds
[GC cleanup 8278K->8278K(64M), 0.0002322 secs]
Application time: 0.1737120 seconds
[GC pause (G1 Humongous Allocation) (young) 33M->6742K(64M), 0.0088873 secs]
Application time: 0.0653059 seconds
[GC pause (G1 Humongous Allocation) (young) (initial-mark) 16M->6740K(64M), 0.0041130 secs]
[GC concurrent-root-region-scan-start]
[GC concurrent-root-region-scan-end, 0.0001192 secs]
[GC concurrent-mark-start]
[GC concurrent-mark-end, 0.0050357 secs]
Application time: 0.0052659 seconds
[GC remark, 0.0043986 secs]
Application time: 0.0000612 seconds
[GC cleanup 8276K->8276K(64M), 0.0002118 secs]
Application time: 0.1799798 seconds
[GC pause (G1 Humongous Allocation) (young) 33M->6742K(64M), 0.0094974 secs]
Application time: 0.0611033 seconds
[GC pause (G1 Humongous Allocation) (young) (initial-mark) 16M->6745K(64M), 0.0042904 secs]
[GC concurrent-root-region-scan-start]
[GC concurrent-root-region-scan-end, 0.0002353 secs]
[GC concurrent-mark-start]
[GC concurrent-mark-end, 0.0053273 secs]
Application time: 0.0056211 seconds
[GC remark, 0.0037061 secs]
Application time: 0.0000527 seconds
[GC cleanup 8281K->8281K(64M), 0.0002080 secs]
Application time: 0.1717142 seconds
[GC pause (G1 Humongous Allocation) (young) 33M->6749K(64M), 0.0092523 secs]
Application time: 0.0701008 seconds
[GC pause (G1 Humongous Allocation) (young) (initial-mark) 16M->6749K(64M), 0.0043831 secs]
[GC concurrent-root-region-scan-start]
[GC concurrent-root-region-scan-end, 0.0001002 secs]
[GC concurrent-mark-start]
[GC concurrent-mark-end, 0.0051150 secs]
Application time: 0.0051436 seconds
[GC remark, 0.0034889 secs]
Application time: 0.0000369 seconds
[GC cleanup 8285K->8285K(64M), 0.0001852 secs]
Application time: 0.1790294 seconds
[GC pause (G1 Humongous Allocation) (young) 33M->6747K(64M), 0.0096169 secs]
Application time: 0.0629710 seconds
[GC pause (G1 Humongous Allocation) (young) (initial-mark) 17M->6752K(64M), 0.0043341 secs]
[GC concurrent-root-region-scan-start]
[GC concurrent-root-region-scan-end, 0.0001121 secs]
[GC concurrent-mark-start]
[GC concurrent-mark-end, 0.0054301 secs]
Application time: 0.0054100 seconds
[GC remark, 0.0036419 secs]
Application time: 0.0000550 seconds
[GC cleanup 8288K->8288K(64M), 0.0001865 secs]
Application time: 0.1725353 seconds
[GC pause (G1 Humongous Allocation) (young) 33M->6750K(64M), 0.0096657 secs]
Application time: 0.0643158 seconds
[GC pause (G1 Humongous Allocation) (young) (initial-mark) 16M->6754K(64M), 0.0034615 secs]
[GC concurrent-root-region-scan-start]
[GC concurrent-root-region-scan-end, 0.0001497 secs]
[GC concurrent-mark-start]
[GC concurrent-mark-end, 0.0056676 secs]
Application time: 0.0129379 seconds
[GC remark, 0.0030252 secs]
Application time: 0.0088771 seconds
[GC cleanup 9826K->9826K(64M), 0.0001538 secs]
Application time: 0.1679968 seconds
[GC pause (G1 Humongous Allocation) (young) 33M->6752K(64M), 0.0074929 secs]
Application time: 0.0639447 seconds
[GC pause (G1 Humongous Allocation) (young) (initial-mark) 16M->6755K(64M), 0.0034315 secs]
[GC concurrent-root-region-scan-start]
[GC concurrent-root-region-scan-end, 0.0001235 secs]
[GC concurrent-mark-start]
[GC concurrent-mark-end, 0.0054595 secs]
Application time: 0.0057599 seconds
[GC remark, 0.0046589 secs]
Application time: 0.0048352 seconds
[GC cleanup 8803K->8803K(64M), 0.0001934 secs]
Application time: 0.1619332 seconds
[GC pause (G1 Humongous Allocation) (young) 33M->6755K(64M), 0.0073161 secs]
Application time: 0.0655721 seconds
[GC pause (G1 Humongous Allocation) (young) (initial-mark) 16M->6757K(64M), 0.0034219 secs]
[GC concurrent-root-region-scan-start]
[GC concurrent-root-region-scan-end, 0.0001227 secs]
[GC concurrent-mark-start]
[GC concurrent-mark-end, 0.0052298 secs]
Application time: 0.0053952 seconds
[GC remark, 0.0031441 secs]
Application time: 0.0000490 seconds
[GC cleanup 8293K->8293K(64M), 0.0001762 secs]
Application time: 0.1560973 seconds
[GC pause (G1 Humongous Allocation) (young) 33M->6757K(64M), 0.0072192 secs]
Application time: 0.0644311 seconds
[GC pause (G1 Humongous Allocation) (young) (initial-mark) 16M->6757K(64M), 0.0033543 secs]
[GC concurrent-root-region-scan-start]
[GC concurrent-root-region-scan-end, 0.0001044 secs]
[GC concurrent-mark-start]
[GC concurrent-mark-end, 0.0051144 secs]
Application time: 0.0052824 seconds
[GC remark, 0.0043747 secs]
Application time: 0.0000379 seconds
[GC cleanup 6757K->6757K(64M), 0.0001533 secs]
Application time: 0.1667579 seconds
[GC pause (G1 Humongous Allocation) (young) 33M->5735K(64M), 0.0072609 secs]
Application time: 0.0658455 seconds
[GC pause (G1 Humongous Allocation) (young) (initial-mark) 17M->6762K(64M), 0.0038202 secs]
[GC concurrent-root-region-scan-start]
[GC concurrent-root-region-scan-end, 0.0001249 secs]
[GC concurrent-mark-start]
[GC concurrent-mark-end, 0.0055212 secs]
Application time: 0.0055366 seconds
[GC remark, 0.0029952 secs]
Application time: 0.0000525 seconds
[GC cleanup 8298K->8298K(64M), 0.0001700 secs]
Application time: 0.1596896 seconds
[GC pause (G1 Humongous Allocation) (young) 33M->6764K(64M), 0.0071869 secs]
Application time: 0.0575065 seconds
[GC pause (G1 Humongous Allocation) (young) (initial-mark) 16M->6764K(64M), 0.0034180 secs]
[GC concurrent-root-region-scan-start]
[GC concurrent-root-region-scan-end, 0.0001379 secs]
[GC concurrent-mark-start]
[GC concurrent-mark-end, 0.0049884 secs]
Application time: 0.0052083 seconds
[GC remark, 0.0027781 secs]
Application time: 0.0000359 seconds
[GC cleanup 7276K->7276K(64M), 0.0002336 secs]
Application time: 0.1664153 seconds
[GC pause (G1 Humongous Allocation) (young) 33M->6762K(64M), 0.0073939 secs]
Application time: 0.0672923 seconds
[GC pause (G1 Humongous Allocation) (young) (initial-mark) 16M->6767K(64M), 0.0033743 secs]
[GC concurrent-root-region-scan-start]
[GC concurrent-root-region-scan-end, 0.0001382 secs]
[GC concurrent-mark-start]
[GC concurrent-mark-end, 0.0051606 secs]
Application time: 0.0053403 seconds
[GC remark, 0.0027222 secs]
Application time: 0.0000505 seconds
[GC cleanup 8303K->8303K(64M), 0.0002294 secs]
Application time: 0.1613393 seconds
[GC pause (G1 Humongous Allocation) (young) 33M->6765K(64M), 0.0103355 secs]
Application time: 0.0729949 seconds
[GC pause (G1 Humongous Allocation) (young) (initial-mark) 16M->6767K(64M), 0.0046148 secs]
[GC concurrent-root-region-scan-start]
[GC concurrent-root-region-scan-end, 0.0002454 secs]
[GC concurrent-mark-start]
[GC concurrent-mark-end, 0.0056700 secs]
Application time: 0.0060428 seconds
[GC remark, 0.0038056 secs]
Application time: 0.0000270 seconds
[GC cleanup 6767K->6767K(64M), 0.0001927 secs]
Application time: 0.1935890 seconds
[GC pause (G1 Humongous Allocation) (young) 33M->6769K(64M), 0.0093768 secs]
Application time: 0.0657517 seconds
[GC pause (G1 Humongous Allocation) (young) (initial-mark) 16M->6767K(64M), 0.0041586 secs]
[GC concurrent-root-region-scan-start]
[GC concurrent-root-region-scan-end, 0.0002124 secs]
[GC concurrent-mark-start]
[GC concurrent-mark-end, 0.0050829 secs]
Application time: 0.0053622 seconds
[GC remark, 0.0040865 secs]
Application time: 0.0000396 seconds
[GC cleanup 8303K->8303K(64M), 0.0002017 secs]
Application time: 0.1785613 seconds
[GC pause (G1 Humongous Allocation) (young) 33M->6770K(64M), 0.0093649 secs]
Application time: 0.0639252 seconds
[GC pause (G1 Humongous Allocation) (young) (initial-mark) 16M->6772K(64M), 0.0042775 secs]
[GC concurrent-root-region-scan-start]
[GC concurrent-root-region-scan-end, 0.0002315 secs]
[GC concurrent-mark-start]
[GC concurrent-mark-end, 0.0051032 secs]
Application time: 0.0053942 seconds
[GC remark, 0.0035946 secs]
Application time: 0.0000315 seconds
[GC cleanup 8308K->8308K(64M), 0.0002124 secs]
Application time: 0.1733587 seconds
[GC pause (G1 Humongous Allocation) (young) 33M->5748K(64M), 0.0094544 secs]
Application time: 0.0669783 seconds
[GC pause (G1 Humongous Allocation) (young) (initial-mark) 16M->6774K(64M), 0.0046853 secs]
[GC concurrent-root-region-scan-start]
[GC concurrent-root-region-scan-end, 0.0002405 secs]
[GC concurrent-mark-start]
[GC concurrent-mark-end, 0.0054454 secs]
Application time: 0.0057364 seconds
[GC remark, 0.0036451 secs]
Application time: 0.0000455 seconds
[GC cleanup 8310K->8310K(64M), 0.0001921 secs]
Application time: 0.1707222 seconds
[GC pause (G1 Humongous Allocation) (young) 33M->6774K(64M), 0.0093600 secs]
Application time: 0.0623687 seconds
[GC pause (G1 Humongous Allocation) (young) (initial-mark) 17M->6777K(64M), 0.0041048 secs]
[GC concurrent-root-region-scan-start]
[GC concurrent-root-region-scan-end, 0.0002095 secs]
[GC concurrent-mark-start]
[GC concurrent-mark-end, 0.0051882 secs]
Application time: 0.0054509 seconds
[GC remark, 0.0039387 secs]
Application time: 0.0000345 seconds
[GC cleanup 8313K->8313K(64M), 0.0001838 secs]
Application time: 0.1681049 seconds
[GC pause (G1 Humongous Allocation) (young) 33M->6777K(64M), 0.0093159 secs]
Application time: 0.0646144 seconds
[GC pause (G1 Humongous Allocation) (young) (initial-mark) 16M->6779K(64M), 0.0041922 secs]
[GC concurrent-root-region-scan-start]
[GC concurrent-root-region-scan-end, 0.0002279 secs]
[GC concurrent-mark-start]
[GC concurrent-mark-end, 0.0053340 secs]
Application time: 0.0056177 seconds
[GC remark, 0.0034778 secs]
Application time: 0.0000303 seconds
[GC cleanup 8315K->8315K(64M), 0.0002047 secs]
Application time: 0.1760733 seconds
[GC pause (G1 Humongous Allocation) (young) 33M->6779K(64M), 0.0094221 secs]
Application time: 0.0595209 seconds
[GC pause (G1 Humongous Allocation) (young) (initial-mark) 16M->6784K(64M), 0.0043451 secs]
[GC concurrent-root-region-scan-start]
[GC concurrent-root-region-scan-end, 0.0002472 secs]
[GC concurrent-mark-start]
[GC concurrent-mark-end, 0.0052659 secs]
Application time: 0.0055134 seconds
[GC remark, 0.0036588 secs]
Application time: 0.0000324 seconds
[GC cleanup 8320K->8320K(64M), 0.0001648 secs]
Application time: 0.1773381 seconds
[GC pause (G1 Humongous Allocation) (young) 33M->6786K(64M), 0.0094299 secs]
Application time: 0.0598841 seconds
[GC pause (G1 Humongous Allocation) (young) (initial-mark) 16M->6784K(64M), 0.0042699 secs]
[GC concurrent-root-region-scan-start]
[GC concurrent-root-region-scan-end, 0.0001133 secs]
[GC concurrent-mark-start]
[GC concurrent-mark-end, 0.0052314 secs]
Application time: 0.0052505 seconds
[GC remark, 0.0036462 secs]
Application time: 0.0000322 seconds
[GC cleanup 8320K->8320K(64M), 0.0001685 secs]
Application time: 0.1765822 seconds
[GC pause (G1 Humongous Allocation) (young) 33M->6786K(64M), 0.0094124 secs]
Application time: 0.0630474 seconds
[GC pause (G1 Humongous Allocation) (young) (initial-mark) 17M->6786K(64M), 0.0040817 secs]
[GC concurrent-root-region-scan-start]
[GC concurrent-root-region-scan-end, 0.0001033 secs]
[GC concurrent-mark-start]
[GC concurrent-mark-end, 0.0053380 secs]
Application time: 0.0055510 seconds
[GC remark, 0.0035410 secs]
Application time: 0.0000438 seconds
[GC cleanup 8322K->8322K(64M), 0.0002043 secs]
Application time: 0.1824164 seconds
[GC pause (G1 Humongous Allocation) (young) 33M->5764K(64M), 0.0093929 secs]
Application time: 0.0665294 seconds
[GC pause (G1 Humongous Allocation) (young) (initial-mark) 17M->6789K(64M), 0.0044423 secs]
[GC concurrent-root-region-scan-start]
[GC concurrent-root-region-scan-end, 0.0001153 secs]
[GC concurrent-mark-start]
[GC concurrent-mark-end, 0.0052870 secs]
Application time: 0.0054699 seconds
[GC remark, 0.0036190 secs]
Application time: 0.0000427 seconds
[GC cleanup 9861K->9861K(64M), 0.0001777 secs]
Application time: 0.1686337 seconds
[GC pause (G1 Humongous Allocation) (young) 33M->6789K(64M), 0.0092968 secs]
Application time: 0.0638744 seconds
[GC pause (G1 Humongous Allocation) (young) (initial-mark) 16M->6791K(64M), 0.0039946 secs]
[GC concurrent-root-region-scan-start]
[GC concurrent-root-region-scan-end, 0.0001275 secs]
[GC concurrent-mark-start]
[GC concurrent-mark-end, 0.0049983 secs]
Application time: 0.0051835 seconds
[GC remark, 0.0034069 secs]
Application time: 0.0000453 seconds
[GC cleanup 9863K->9863K(64M), 0.0001991 secs]
Application time: 0.1646923 seconds
[GC pause (G1 Humongous Allocation) (young) 33M->6791K(64M), 0.0093833 secs]
Application time: 0.0603137 seconds
[GC pause (G1 Humongous Allocation) (young) (initial-mark) 16M->6794K(64M), 0.0041342 secs]
[GC concurrent-root-region-scan-start]
[GC concurrent-root-region-scan-end, 0.0001102 secs]
[GC concurrent-mark-start]
[GC concurrent-mark-end, 0.0051801 secs]
Application time: 0.0053515 seconds
[GC remark, 0.0035774 secs]
Application time: 0.0000439 seconds
[GC cleanup 8842K->8842K(64M), 0.0001763 secs]
Application time: 0.1727130 seconds
[GC pause (G1 Humongous Allocation) (young) 33M->6794K(64M), 0.0094719 secs]
Application time: 0.0687006 seconds
[GC pause (G1 Humongous Allocation) (young) (initial-mark) 17M->5788K(64M), 0.0042270 secs]
[GC concurrent-root-region-scan-start]
[GC concurrent-root-region-scan-end, 0.0001201 secs]
[GC concurrent-mark-start]
[GC concurrent-mark-end, 0.0051240 secs]
Application time: 0.0053087 seconds
[GC remark, 0.0033947 secs]
Application time: 0.0000433 seconds
[GC cleanup 8348K->8348K(64M), 0.0001656 secs]
Application time: 0.1765769 seconds
[GC pause (G1 Humongous Allocation) (young) 33M->5792K(64M), 0.0099868 secs]
Application time: 0.0685073 seconds
[GC pause (G1 Humongous Allocation) (young) (initial-mark) 16M->6800K(64M), 0.0046319 secs]
[GC concurrent-root-region-scan-start]
[GC concurrent-root-region-scan-end, 0.0000965 secs]
[GC concurrent-mark-start]
[GC concurrent-mark-end, 0.0053831 secs]
Application time: 0.0055679 seconds
[GC remark, 0.0035871 secs]
Application time: 0.0000435 seconds
[GC cleanup 8336K->8336K(64M), 0.0001806 secs]
Application time: 0.1798312 seconds
[GC pause (G1 Humongous Allocation) (young) 33M->6800K(64M), 0.0093276 secs]
Application time: 0.0662646 seconds
[GC pause (G1 Humongous Allocation) (young) (initial-mark) 16M->6803K(64M), 0.0043129 secs]
[GC concurrent-root-region-scan-start]
[GC concurrent-root-region-scan-end, 0.0001403 secs]
[GC concurrent-mark-start]
[GC concurrent-mark-end, 0.0051340 secs]
Application time: 0.0053233 seconds
[GC remark, 0.0033721 secs]
Application time: 0.0000314 seconds
[GC cleanup 8339K->8339K(64M), 0.0001668 secs]
Application time: 0.1830105 seconds
[GC pause (G1 Humongous Allocation) (young) 33M->6805K(64M), 0.0095750 secs]
Application time: 0.0694905 seconds
[GC pause (G1 Humongous Allocation) (young) (initial-mark) 16M->6805K(64M), 0.0042757 secs]
[GC concurrent-root-region-scan-start]
[GC concurrent-root-region-scan-end, 0.0001016 secs]
[GC concurrent-mark-start]
[GC concurrent-mark-end, 0.0051206 secs]
Application time: 0.0052682 seconds
[GC remark, 0.0035936 secs]
Application time: 0.0000321 seconds
[GC cleanup 8341K->8341K(64M), 0.0001879 secs]
Application time: 0.1696240 seconds
[GC pause (G1 Humongous Allocation) (young) 33M->6805K(64M), 0.0094973 secs]
Application time: 0.0591536 seconds
[GC pause (G1 Humongous Allocation) (young) (initial-mark) 16M->6808K(64M), 0.0044186 secs]
[GC concurrent-root-region-scan-start]
[GC concurrent-root-region-scan-end, 0.0001120 secs]
[GC concurrent-mark-start]
[GC concurrent-mark-end, 0.0051381 secs]
Application time: 0.0052714 seconds
[GC remark, 0.0037086 secs]
Application time: 0.0017476 seconds
[GC cleanup 8344K->8344K(64M), 0.0002774 secs]
Application time: 0.1753978 seconds
[GC pause (G1 Humongous Allocation) (young) 33M->5786K(64M), 0.0095374 secs]
Application time: 0.0694590 seconds
[GC pause (G1 Humongous Allocation) (young) (initial-mark) 16M->6810K(64M), 0.0047226 secs]
[GC concurrent-root-region-scan-start]
[GC concurrent-root-region-scan-end, 0.0001236 secs]
[GC concurrent-mark-start]
[GC concurrent-mark-end, 0.0060103 secs]
Application time: 0.0059974 seconds
[GC remark, 0.0034342 secs]
Application time: 0.0000343 seconds
[GC cleanup 8346K->8346K(64M), 0.0001877 secs]
Application time: 0.1745692 seconds
[GC pause (G1 Humongous Allocation) (young) 33M->6810K(64M), 0.0093501 secs]
Application time: 0.0638026 seconds
[GC pause (G1 Humongous Allocation) (young) (initial-mark) 16M->6810K(64M), 0.0041977 secs]
[GC concurrent-root-region-scan-start]
[GC concurrent-root-region-scan-end, 0.0000968 secs]
[GC concurrent-mark-start]
[GC concurrent-mark-end, 0.0052769 secs]
Application time: 0.0054551 seconds
[GC remark, 0.0035287 secs]
Application time: 0.0000450 seconds
[GC cleanup 8346K->8346K(64M), 0.0002153 secs]
Application time: 0.1726250 seconds
[GC pause (G1 Humongous Allocation) (young) 33M->6813K(64M), 0.0093485 secs]
Application time: 0.0643836 seconds
[GC pause (G1 Humongous Allocation) (young) (initial-mark) 16M->6815K(64M), 0.0042176 secs]
[GC concurrent-root-region-scan-start]
[GC concurrent-root-region-scan-end, 0.0001215 secs]
[GC concurrent-mark-start]
[GC concurrent-mark-end, 0.0052567 secs]
Application time: 0.0054463 seconds
[GC remark, 0.0036939 secs]
Application time: 0.0000432 seconds
[GC cleanup 9887K->9887K(64M), 0.0001870 secs]
Application time: 0.1702702 seconds
[GC pause (G1 Humongous Allocation) (young) 33M->6815K(64M), 0.0093024 secs]
Application time: 0.0656099 seconds
[GC pause (G1 Humongous Allocation) (young) (initial-mark) 16M->6816K(64M), 0.0043286 secs]
[GC concurrent-root-region-scan-start]
[GC concurrent-root-region-scan-end, 0.0001245 secs]
[GC concurrent-mark-start]
[GC concurrent-mark-end, 0.0053154 secs]
Application time: 0.0055105 seconds
[GC remark, 0.0034510 secs]
Application time: 0.0000415 seconds
[GC cleanup 9888K->9888K(64M), 0.0002054 secs]
Application time: 0.1648978 seconds
[GC pause (G1 Humongous Allocation) (young) 33M->6816K(64M), 0.0093422 secs]
Application time: 0.0688309 seconds
[GC pause (G1 Humongous Allocation) (young) (initial-mark) 16M->6818K(64M), 0.0044399 secs]
[GC concurrent-root-region-scan-start]
[GC concurrent-root-region-scan-end, 0.0001338 secs]
[GC concurrent-mark-start]
[GC concurrent-mark-end, 0.0051325 secs]
Application time: 0.0105744 seconds
[GC remark, 0.0034702 secs]
Application time: 0.0000390 seconds
[GC cleanup 8866K->8866K(64M), 0.0002113 secs]
Application time: 0.1660943 seconds
[GC pause (G1 Humongous Allocation) (young) 33M->6821K(64M), 0.0093298 secs]
Application time: 0.0594329 seconds
[GC pause (G1 Humongous Allocation) (young) (initial-mark) 16M->6821K(64M), 0.0042126 secs]
[GC concurrent-root-region-scan-start]
[GC concurrent-root-region-scan-end, 0.0002445 secs]
[GC concurrent-mark-start]
[GC concurrent-mark-end, 0.0052960 secs]
Application time: 0.0056058 seconds
[GC remark, 0.0034119 secs]
Application time: 0.0000327 seconds
[GC cleanup 8357K->8357K(64M), 0.0002051 secs]
Application time: 0.1898119 seconds
[GC pause (G1 Humongous Allocation) (young) 33M->6821K(64M), 0.0094565 secs]
Application time: 0.0676624 seconds
[GC pause (G1 Humongous Allocation) (young) (initial-mark) 16M->6823K(64M), 0.0041643 secs]
[GC concurrent-root-region-scan-start]
[GC concurrent-root-region-scan-end, 0.0002438 secs]
[GC concurrent-mark-start]
[GC concurrent-mark-end, 0.0061132 secs]
Application time: 0.0063668 seconds
[GC remark, 0.0047536 secs]
Application time: 0.0050591 seconds
[GC cleanup 8871K->8871K(64M), 0.0002059 secs]
Application time: 0.1655404 seconds
[GC pause (G1 Humongous Allocation) (young) 33M->6823K(64M), 0.0093241 secs]
Application time: 0.0863436 seconds
[GC pause (G1 Humongous Allocation) (young) (initial-mark) 17M->5820K(64M), 0.0042498 secs]
[GC concurrent-root-region-scan-start]
[GC concurrent-root-region-scan-end, 0.0001189 secs]
[GC concurrent-mark-start]
[GC concurrent-mark-end, 0.0064245 secs]
Application time: 0.0066222 seconds
[GC remark, 0.0034188 secs]
Application time: 0.0000498 seconds
[GC cleanup 8892K->8892K(64M), 0.0001615 secs]
Application time: 0.1739311 seconds
[GC pause (G1 Humongous Allocation) (young) 33M->6826K(64M), 0.0097118 secs]
Application time: 0.0593343 seconds
[GC pause (G1 Humongous Allocation) (young) (initial-mark) 16M->6826K(64M), 0.0042245 secs]
[GC concurrent-root-region-scan-start]
[GC concurrent-root-region-scan-end, 0.0001283 secs]
[GC concurrent-mark-start]
[GC concurrent-mark-end, 0.0052253 secs]
Application time: 0.0054224 seconds
[GC remark, 0.0035334 secs]
Application time: 0.0000448 seconds
[GC cleanup 8362K->8362K(64M), 0.0001691 secs]
Application time: 0.1942447 seconds
[GC pause (G1 Humongous Allocation) (young) 33M->6826K(64M), 0.0098728 secs]
Application time: 0.0711377 seconds
[GC pause (G1 Humongous Allocation) (young) (initial-mark) 16M->6828K(64M), 0.0043337 secs]
[GC concurrent-root-region-scan-start]
[GC concurrent-root-region-scan-end, 0.0001419 secs]
[GC concurrent-mark-start]
[GC concurrent-mark-end, 0.0051497 secs]
Application time: 0.0102290 seconds
[GC remark, 0.0035904 secs]
Application time: 0.0000705 seconds
[GC cleanup 8876K->8876K(64M), 0.0001893 secs]
Application time: 0.1678055 seconds
[GC pause (G1 Humongous Allocation) (young) 33M->5820K(64M), 0.0093277 secs]
Application time: 0.0706048 seconds
[GC pause (G1 Humongous Allocation) (young) (initial-mark) 17M->6828K(64M), 0.0046224 secs]
[GC concurrent-root-region-scan-start]
[GC concurrent-root-region-scan-end, 0.0001467 secs]
[GC concurrent-mark-start]
[GC concurrent-mark-end, 0.0052138 secs]
Application time: 0.0108881 seconds
[GC remark, 0.0035549 secs]
Application time: 0.0000474 seconds
[GC cleanup 9900K->9900K(64M), 0.0001802 secs]
Application time: 0.1661471 seconds
[GC pause (G1 Humongous Allocation) (young) 33M->6828K(64M), 0.0095075 secs]
Application time: 0.0606117 seconds
[GC pause (G1 Humongous Allocation) (young) (initial-mark) 16M->6831K(64M), 0.0045438 secs]
[GC concurrent-root-region-scan-start]
[GC concurrent-root-region-scan-end, 0.0001162 secs]
[GC concurrent-mark-start]
[GC concurrent-mark-end, 0.0052158 secs]
Application time: 0.0079807 seconds
[GC remark, 0.0035320 secs]
Application time: 0.0000620 seconds
[GC cleanup 8879K->8879K(64M), 0.0002069 secs]
Application time: 0.1643295 seconds
[GC pause (G1 Humongous Allocation) (young) 33M->6831K(64M), 0.0094450 secs]
Application time: 0.0646542 seconds
[GC pause (G1 Humongous Allocation) (young) (initial-mark) 16M->6833K(64M), 0.0043888 secs]
[GC concurrent-root-region-scan-start]
[GC concurrent-root-region-scan-end, 0.0001613 secs]
[GC concurrent-mark-start]
[GC concurrent-mark-end, 0.0054076 secs]
Application time: 0.0079827 seconds
[GC remark, 0.0036890 secs]
Application time: 0.0000588 seconds
[GC cleanup 9905K->9905K(64M), 0.0001912 secs]
Application time: 0.1664765 seconds
[GC pause (G1 Humongous Allocation) (young) 33M->6833K(64M), 0.0093315 secs]
Application time: 0.0634399 seconds
[GC pause (G1 Humongous Allocation) (young) (initial-mark) 16M->6833K(64M), 0.0042747 secs]
[GC concurrent-root-region-scan-start]
[GC concurrent-root-region-scan-end, 0.0001395 secs]
[GC concurrent-mark-start]
[GC concurrent-mark-end, 0.0053101 secs]
Application time: 0.0103972 seconds
[GC remark, 0.0036318 secs]
Application time: 0.0000343 seconds
[GC cleanup 8369K->8369K(64M), 0.0002291 secs]
Application time: 0.1644466 seconds
[GC pause (G1 Humongous Allocation) (young) 33M->6835K(64M), 0.0094720 secs]
Application time: 0.0625712 seconds
[GC pause (G1 Humongous Allocation) (young) (initial-mark) 16M->6836K(64M), 0.0042793 secs]
[GC concurrent-root-region-scan-start]
[GC concurrent-root-region-scan-end, 0.0002405 secs]
[GC concurrent-mark-start]
[GC concurrent-mark-end, 0.0051697 secs]
Application time: 0.0054813 seconds
[GC remark, 0.0038973 secs]
Application time: 0.0078195 seconds
[GC cleanup 8884K->8884K(64M), 0.0002325 secs]
Application time: 0.1649562 seconds
[GC pause (G1 Humongous Allocation) (young) 33M->6836K(64M), 0.0095422 secs]
Application time: 0.0645747 seconds
[GC pause (G1 Humongous Allocation) (young) (initial-mark) 17M->6836K(64M), 0.0043085 secs]
[GC concurrent-root-region-scan-start]
[GC concurrent-root-region-scan-end, 0.0001509 secs]
[GC concurrent-mark-start]
[GC concurrent-mark-end, 0.0052096 secs]
Application time: 0.0054265 seconds
[GC remark, 0.0035632 secs]
Application time: 0.0000433 seconds
[GC cleanup 8884K->8884K(64M), 0.0001831 secs]
Application time: 0.1670401 seconds
[GC pause (G1 Humongous Allocation) (young) 33M->6836K(64M), 0.0094522 secs]
Application time: 0.0593915 seconds
[GC pause (G1 Humongous Allocation) (young) (initial-mark) 16M->6838K(64M), 0.0095665 secs]
[GC concurrent-root-region-scan-start]
[GC concurrent-root-region-scan-end, 0.0001256 secs]
[GC concurrent-mark-start]
[GC concurrent-mark-end, 0.0053547 secs]
Application time: 0.0055423 seconds
[GC remark, 0.0034120 secs]
Application time: 0.0000440 seconds
[GC cleanup 8374K->8374K(64M), 0.0001769 secs]
Application time: 0.1777505 seconds
[GC pause (G1 Humongous Allocation) (young) 33M->6841K(64M), 0.0093098 secs]
Application time: 0.0627683 seconds
[GC pause (G1 Humongous Allocation) (young) (initial-mark) 16M->6841K(64M), 0.0042001 secs]
[GC concurrent-root-region-scan-start]
[GC concurrent-root-region-scan-end, 0.0001142 secs]
[GC concurrent-mark-start]
[GC concurrent-mark-end, 0.0052507 secs]
Application time: 0.0092576 seconds
[GC remark, 0.0036267 secs]
Application time: 0.0000472 seconds
[GC cleanup 9913K->9913K(64M), 0.0001979 secs]
Application time: 0.1670128 seconds
[GC pause (G1 Humongous Allocation) (young) 33M->6841K(64M), 0.0093324 secs]
Application time: 0.0610735 seconds
[GC pause (G1 Humongous Allocation) (young) (initial-mark) 16M->6841K(64M), 0.0042539 secs]
[GC concurrent-root-region-scan-start]
[GC concurrent-root-region-scan-end, 0.0001263 secs]
[GC concurrent-mark-start]
[GC concurrent-mark-end, 0.0053740 secs]
Application time: 0.0097758 seconds
[GC remark, 0.0034581 secs]
Application time: 0.0000476 seconds
[GC cleanup 8889K->8889K(64M), 0.0001796 secs]
Application time: 0.1764604 seconds
[GC pause (G1 Humongous Allocation) (young) 34M->6843K(64M), 0.0094368 secs]
Application time: 0.0605462 seconds
[GC pause (G1 Humongous Allocation) (young) (initial-mark) 16M->6846K(64M), 0.0041796 secs]
[GC concurrent-root-region-scan-start]
[GC concurrent-root-region-scan-end, 0.0001173 secs]
[GC concurrent-mark-start]
[GC concurrent-mark-end, 0.0060346 secs]
Application time: 0.0062233 seconds
[GC remark, 0.0035283 secs]
Application time: 0.0000450 seconds
[GC cleanup 9918K->9918K(64M), 0.0003095 secs]
Application time: 0.1673138 seconds
[GC pause (G1 Humongous Allocation) (young) 33M->6846K(64M), 0.0119112 secs]
Application time: 0.0611781 seconds
[GC pause (G1 Humongous Allocation) (young) (initial-mark) 16M->6844K(64M), 0.0041997 secs]
[GC concurrent-root-region-scan-start]
[GC concurrent-root-region-scan-end, 0.0001225 secs]
[GC concurrent-mark-start]
[GC concurrent-mark-end, 0.0051542 secs]
Application time: 0.0053424 seconds
[GC remark, 0.0036058 secs]
Application time: 0.0000441 seconds
[GC cleanup 8892K->8892K(64M), 0.0001788 secs]
Application time: 0.1737116 seconds
[GC pause (G1 Humongous Allocation) (young) 33M->5824K(64M), 0.0093193 secs]
Application time: 0.0696755 seconds
[GC pause (G1 Humongous Allocation) (young) (initial-mark) 16M->6848K(64M), 0.0045616 secs]
[GC concurrent-root-region-scan-start]
[GC concurrent-root-region-scan-end, 0.0001295 secs]
[GC concurrent-mark-start]
[GC concurrent-mark-end, 0.0050375 secs]
Application time: 0.0057759 seconds
[GC remark, 0.0035206 secs]
Application time: 0.0000473 seconds
[GC cleanup 8384K->8384K(64M), 0.0001943 secs]
Application time: 0.1650885 seconds
[GC pause (G1 Humongous Allocation) (young) 33M->6848K(64M), 0.0093871 secs]
Application time: 0.0623351 seconds
[GC pause (G1 Humongous Allocation) (young) (initial-mark) 16M->6850K(64M), 0.0041797 secs]
[GC concurrent-root-region-scan-start]
[GC concurrent-root-region-scan-end, 0.0001323 secs]
[GC concurrent-mark-start]
[GC concurrent-mark-end, 0.0051014 secs]
Application time: 0.0052944 seconds
[GC remark, 0.0034625 secs]
Application time: 0.0000492 seconds
[GC cleanup 9922K->9922K(64M), 0.0002048 secs]
Application time: 0.1705384 seconds
[GC pause (G1 Humongous Allocation) (young) 33M->6848K(64M), 0.0094784 secs]
Application time: 0.0598857 seconds
[GC pause (G1 Humongous Allocation) (young) (initial-mark) 16M->6851K(64M), 0.0046115 secs]
[GC concurrent-root-region-scan-start]
[GC concurrent-root-region-scan-end, 0.0003263 secs]
[GC concurrent-mark-start]
[GC concurrent-mark-end, 0.0050970 secs]
Application time: 0.0054885 seconds
[GC remark, 0.0034817 secs]
Application time: 0.0000478 seconds
[GC cleanup 8387K->8387K(64M), 0.0001955 secs]
Application time: 0.1668927 seconds
[GC pause (G1 Humongous Allocation) (young) 33M->6851K(64M), 0.0093384 secs]
Application time: 0.0645195 seconds
[GC pause (G1 Humongous Allocation) (young) (initial-mark) 16M->6853K(64M), 0.0042110 secs]
[GC concurrent-root-region-scan-start]
[GC concurrent-root-region-scan-end, 0.0001310 secs]
[GC concurrent-mark-start]
[GC concurrent-mark-end, 0.0050552 secs]
Application time: 0.0052431 seconds
[GC remark, 0.0039308 secs]
Application time: 0.0000438 seconds
[GC cleanup 8901K->8901K(64M), 0.0002030 secs]
Application time: 0.1903445 seconds
[GC pause (G1 Humongous Allocation) (young) 33M->5829K(64M), 0.0092588 secs]
Application time: 0.0638415 seconds
[GC pause (G1 Humongous Allocation) (young) (initial-mark) 16M->6853K(64M), 0.0046559 secs]
[GC concurrent-root-region-scan-start]
[GC concurrent-root-region-scan-end, 0.0001176 secs]
[GC concurrent-mark-start]
[GC concurrent-mark-end, 0.0053920 secs]
Application time: 0.0055652 seconds
[GC remark, 0.0035369 secs]
Application time: 0.0000471 seconds
[GC cleanup 9925K->9925K(64M), 0.0001676 secs]
Application time: 0.1678988 seconds
[GC pause (G1 Humongous Allocation) (young) 33M->6855K(64M), 0.0092123 secs]
Application time: 0.0626125 seconds
[GC pause (G1 Humongous Allocation) (young) (initial-mark) 16M->6856K(64M), 0.0042148 secs]
[GC concurrent-root-region-scan-start]
[GC concurrent-root-region-scan-end, 0.0001133 secs]
[GC concurrent-mark-start]
[GC concurrent-mark-end, 0.0052327 secs]
Application time: 0.0053999 seconds
[GC remark, 0.0033371 secs]
Application time: 0.0000435 seconds
[GC cleanup 8904K->8904K(64M), 0.0002013 secs]
Application time: 0.1672378 seconds
[GC pause (G1 Humongous Allocation) (young) 33M->6856K(64M), 0.0072110 secs]
Application time: 0.0628451 seconds
[GC pause (G1 Humongous Allocation) (young) (initial-mark) 16M->6856K(64M), 0.0032701 secs]
[GC concurrent-root-region-scan-start]
[GC concurrent-root-region-scan-end, 0.0001042 secs]
[GC concurrent-mark-start]
[GC concurrent-mark-end, 0.0051300 secs]
Application time: 0.0052769 seconds
[GC remark, 0.0028288 secs]
Application time: 0.0000391 seconds
[GC cleanup 9928K->9928K(64M), 0.0001635 secs]
Application time: 0.1578483 seconds
[GC pause (G1 Humongous Allocation) (young) 33M->6856K(64M), 0.0070732 secs]
Application time: 0.0585042 seconds
[GC pause (G1 Humongous Allocation) (young) (initial-mark) 16M->6860K(64M), 0.0033977 secs]
[GC concurrent-root-region-scan-start]
[GC concurrent-root-region-scan-end, 0.0001650 secs]
[GC concurrent-mark-start]
[GC concurrent-mark-end, 0.0050374 secs]
Application time: 0.0051877 seconds
[GC remark, 0.0029597 secs]
Application time: 0.0000346 seconds
[GC cleanup 8396K->8396K(64M), 0.0001862 secs]
Application time: 0.1600416 seconds
[GC pause (G1 Humongous Allocation) (young) 33M->6863K(64M), 0.0072319 secs]
Application time: 0.0658642 seconds
[GC pause (G1 Humongous Allocation) (young) (initial-mark) 16M->6863K(64M), 0.0032093 secs]
[GC concurrent-root-region-scan-start]
[GC concurrent-root-region-scan-end, 0.0001246 secs]
[GC concurrent-mark-start]
[GC concurrent-mark-end, 0.0051359 secs]
Application time: 0.0053118 seconds
[GC remark, 0.0029316 secs]
Application time: 0.0000340 seconds
[GC cleanup 8399K->8399K(64M), 0.0001559 secs]
Application time: 0.1575780 seconds
[GC pause (G1 Humongous Allocation) (young) 33M->6863K(64M), 0.0072941 secs]
Application time: 0.0663327 seconds
[GC pause (G1 Humongous Allocation) (young) (initial-mark) 17M->6863K(64M), 0.0035954 secs]
[GC concurrent-root-region-scan-start]
[GC concurrent-root-region-scan-end, 0.0001283 secs]
[GC concurrent-mark-start]
[GC concurrent-mark-end, 0.0054301 secs]
Application time: 0.0065857 seconds
[GC remark, 0.0027466 secs]
Application time: 0.0000428 seconds
[GC cleanup 9935K->9935K(64M), 0.0001460 secs]
Application time: 0.1618017 seconds
[GC pause (G1 Humongous Allocation) (young) 33M->5857K(64M), 0.0072874 secs]
Application time: 0.0632121 seconds
[GC pause (G1 Humongous Allocation) (young) (initial-mark) 16M->6865K(64M), 0.0034840 secs]
[GC concurrent-root-region-scan-start]
[GC concurrent-root-region-scan-end, 0.0001398 secs]
[GC concurrent-mark-start]
[GC concurrent-mark-end, 0.0051164 secs]
Application time: 0.0053187 seconds
[GC remark, 0.0027853 secs]
Application time: 0.0000406 seconds
[GC cleanup 8913K->8913K(64M), 0.0001563 secs]
Application time: 0.1589235 seconds
[GC pause (G1 Humongous Allocation) (young) 33M->6865K(64M), 0.0069657 secs]
Application time: 0.0643473 seconds
[GC pause (G1 Humongous Allocation) (young) (initial-mark) 16M->6865K(64M), 0.0032871 secs]
[GC concurrent-root-region-scan-start]
[GC concurrent-root-region-scan-end, 0.0001116 secs]
[GC concurrent-mark-start]
[GC concurrent-mark-end, 0.0052172 secs]
Application time: 0.0053719 seconds
[GC remark, 0.0027227 secs]
Application time: 0.0000357 seconds
[GC cleanup 8401K->8401K(64M), 0.0001574 secs]
Application time: 0.1567144 seconds
[GC pause (G1 Humongous Allocation) (young) 33M->6867K(64M), 0.0070659 secs]
Application time: 0.0592227 seconds
[GC pause (G1 Humongous Allocation) (young) (initial-mark) 17M->6868K(64M), 0.0033449 secs]
[GC concurrent-root-region-scan-start]
[GC concurrent-root-region-scan-end, 0.0001244 secs]
[GC concurrent-mark-start]
[GC concurrent-mark-end, 0.0050233 secs]
Application time: 0.0051903 seconds
[GC remark, 0.0028637 secs]
Application time: 0.0000404 seconds
[GC cleanup 8404K->8404K(64M), 0.0001626 secs]
Application time: 0.1653174 seconds
[GC pause (G1 Humongous Allocation) (young) 33M->5862K(64M), 0.0071821 secs]
Application time: 0.0634386 seconds
[GC pause (G1 Humongous Allocation) (young) (initial-mark) 16M->6868K(64M), 0.0035087 secs]
[GC concurrent-root-region-scan-start]
[GC concurrent-root-region-scan-end, 0.0001011 secs]
[GC concurrent-mark-start]
[GC concurrent-mark-end, 0.0052857 secs]
Application time: 0.0054367 seconds
[GC remark, 0.0027376 secs]
Application time: 0.0000404 seconds
[GC cleanup 8916K->8916K(64M), 0.0002070 secs]
Application time: 0.1584973 seconds
[GC pause (G1 Humongous Allocation) (young) 33M->6868K(64M), 0.0069953 secs]
Application time: 0.0623067 seconds
[GC pause (G1 Humongous Allocation) (young) (initial-mark) 17M->6868K(64M), 0.0047672 secs]
[GC concurrent-root-region-scan-start]
[GC concurrent-root-region-scan-end, 0.0002006 secs]
[GC concurrent-mark-start]
[GC concurrent-mark-end, 0.0074667 secs]
Application time: 0.0077208 seconds
[GC remark, 0.0038490 secs]
Application time: 0.0000601 seconds
[GC cleanup 8404K->8404K(64M), 0.0002489 secs]
Application time: 0.1832233 seconds
[GC pause (G1 Humongous Allocation) (young) 33M->6870K(64M), 0.0097150 secs]
Application time: 0.0674379 seconds
[GC pause (G1 Humongous Allocation) (young) (initial-mark) 16M->6873K(64M), 0.0041549 secs]
[GC concurrent-root-region-scan-start]
[GC concurrent-root-region-scan-end, 0.0002260 secs]
[GC concurrent-mark-start]
[GC concurrent-mark-end, 0.0052607 secs]
Application time: 0.0089336 seconds
[GC remark, 0.0033996 secs]
Application time: 0.0000320 seconds
[GC cleanup 8921K->8921K(64M), 0.0002037 secs]
Application time: 0.1642968 seconds
[GC pause (G1 Humongous Allocation) (young) 33M->6873K(64M), 0.0095907 secs]
Application time: 0.0641480 seconds
[GC pause (G1 Humongous Allocation) (young) (initial-mark) 17M->6873K(64M), 0.0042693 secs]
[GC concurrent-root-region-scan-start]
[GC concurrent-root-region-scan-end, 0.0002395 secs]
[GC concurrent-mark-start]
[GC concurrent-mark-end, 0.0053283 secs]
Application time: 0.0056306 seconds
[GC remark, 0.0036067 secs]
Application time: 0.0000324 seconds
[GC cleanup 8409K->8409K(64M), 0.0002052 secs]
Application time: 0.1666255 seconds
[GC pause (G1 Humongous Allocation) (young) 33M->6875K(64M), 0.0095309 secs]
Application time: 0.0651965 seconds
[GC pause (G1 Humongous Allocation) (young) (initial-mark) 16M->6877K(64M), 0.0044384 secs]
[GC concurrent-root-region-scan-start]
[GC concurrent-root-region-scan-end, 0.0002421 secs]
[GC concurrent-mark-start]
[GC concurrent-mark-end, 0.0054081 secs]
Application time: 0.0058513 seconds
[GC remark, 0.0049530 secs]
Application time: 0.0000388 seconds
[GC cleanup 6877K->6877K(64M), 0.0002212 secs]
Application time: 0.1769311 seconds
[GC pause (G1 Humongous Allocation) (young) 33M->6877K(64M), 0.0094794 secs]
Application time: 0.0601395 seconds
[GC pause (G1 Humongous Allocation) (young) (initial-mark) 16M->6877K(64M), 0.0041978 secs]
[GC concurrent-root-region-scan-start]
[GC concurrent-root-region-scan-end, 0.0002349 secs]
[GC concurrent-mark-start]
[GC concurrent-mark-end, 0.0053427 secs]
Application time: 0.0056256 seconds
[GC remark, 0.0033956 secs]
Application time: 0.0000296 seconds
[GC cleanup 8925K->8925K(64M), 0.0001924 secs]
Application time: 0.1729957 seconds
[GC pause (G1 Humongous Allocation) (young) 33M->6877K(64M), 0.0094775 secs]
Application time: 0.0645071 seconds
[GC pause (G1 Humongous Allocation) (young) (initial-mark) 16M->6880K(64M), 0.0043614 secs]
[GC concurrent-root-region-scan-start]
[GC concurrent-root-region-scan-end, 0.0002529 secs]
[GC concurrent-mark-start]
[GC concurrent-mark-end, 0.0054721 secs]
Application time: 0.0057445 seconds
[GC remark, 0.0049558 secs]
Application time: 0.0000587 seconds
[GC cleanup 7904K->7904K(64M), 0.0002678 secs]
Application time: 0.1797624 seconds
[GC pause (G1 Humongous Allocation) (young) 33M->6882K(64M), 0.0093225 secs]
Application time: 0.0626732 seconds
[GC pause (G1 Humongous Allocation) (young) (initial-mark) 16M->6882K(64M), 0.0043306 secs]
[GC concurrent-root-region-scan-start]
[GC concurrent-root-region-scan-end, 0.0002740 secs]
[GC concurrent-mark-start]
[GC concurrent-mark-end, 0.0054016 secs]
Application time: 0.0056977 seconds
[GC remark, 0.0035930 secs]
Application time: 0.0000385 seconds
[GC cleanup 8418K->8418K(64M), 0.0001751 secs]
Application time: 0.1654207 seconds
[GC pause (G1 Humongous Allocation) (young) 33M->6882K(64M), 0.0093941 secs]
Application time: 0.0647857 seconds
[GC pause (G1 Humongous Allocation) (young) (initial-mark) 16M->6882K(64M), 0.0041665 secs]
[GC concurrent-root-region-scan-start]
[GC concurrent-root-region-scan-end, 0.0002234 secs]
[GC concurrent-mark-start]
[GC concurrent-mark-end, 0.0051818 secs]
Application time: 0.0054653 seconds
[GC remark, 0.0036141 secs]
Application time: 0.0000322 seconds
[GC cleanup 8418K->8418K(64M), 0.0002134 secs]
Application time: 0.1654022 seconds
[GC pause (G1 Humongous Allocation) (young) 33M->6885K(64M), 0.0094803 secs]
Application time: 0.0664903 seconds
[GC pause (G1 Humongous Allocation) (young) (initial-mark) 16M->6887K(64M), 0.0045132 secs]
[GC concurrent-root-region-scan-start]
[GC concurrent-root-region-scan-end, 0.0002625 secs]
[GC concurrent-mark-start]
[GC concurrent-mark-end, 0.0054214 secs]
Application time: 0.0056941 seconds
[GC remark, 0.0036129 secs]
Application time: 0.0000269 seconds
[GC cleanup 8423K->8423K(64M), 0.0001890 secs]
Application time: 0.1713992 seconds
[GC pause (G1 Humongous Allocation) (young) 33M->6887K(64M), 0.0095510 secs]
Application time: 0.0609693 seconds
[GC pause (G1 Humongous Allocation) (young) (initial-mark) 16M->6887K(64M), 0.0042587 secs]
[GC concurrent-root-region-scan-start]
[GC concurrent-root-region-scan-end, 0.0002408 secs]
[GC concurrent-mark-start]
[GC concurrent-mark-end, 0.0054415 secs]
Application time: 0.0057297 seconds
[GC remark, 0.0036055 secs]
Application time: 0.0000331 seconds
[GC cleanup 8423K->8423K(64M), 0.0002111 secs]
Application time: 0.1756816 seconds
[GC pause (G1 Humongous Allocation) (young) 33M->5863K(64M), 0.0095570 secs]
Application time: 0.0654197 seconds
[GC pause (G1 Humongous Allocation) (young) (initial-mark) 17M->6892K(64M), 0.0046151 secs]
[GC concurrent-root-region-scan-start]
[GC concurrent-root-region-scan-end, 0.0002226 secs]
[GC concurrent-mark-start]
[GC concurrent-mark-end, 0.0053060 secs]
Application time: 0.0055772 seconds
[GC remark, 0.0034884 secs]
Application time: 0.0000333 seconds
[GC cleanup 8428K->8428K(64M), 0.0002029 secs]
Application time: 0.1668484 seconds
[GC pause (G1 Humongous Allocation) (young) 33M->6890K(64M), 0.0093855 secs]
Application time: 0.0626751 seconds
[GC pause (G1 Humongous Allocation) (young) (initial-mark) 16M->6890K(64M), 0.0044931 secs]
[GC concurrent-root-region-scan-start]
[GC concurrent-root-region-scan-end, 0.0002282 secs]
[GC concurrent-mark-start]
[GC concurrent-mark-end, 0.0070673 secs]
Application time: 0.0052236 seconds
[GC remark, 0.0035179 secs]
Application time: 0.0000256 seconds
[GC cleanup 7914K->7914K(64M), 0.0002087 secs]
Application time: 0.1761616 seconds
[GC pause (G1 Humongous Allocation) (young) 33M->6890K(64M), 0.0095845 secs]
Application time: 0.0637425 seconds
[GC pause (G1 Humongous Allocation) (young) (initial-mark) 16M->6890K(64M), 0.0042961 secs]
[GC concurrent-root-region-scan-start]
[GC concurrent-root-region-scan-end, 0.0002645 secs]
[GC concurrent-mark-start]
[GC concurrent-mark-end, 0.0054323 secs]
Application time: 0.0057497 seconds
[GC remark, 0.0036253 secs]
Application time: 0.0000321 seconds
[GC cleanup 8426K->8426K(64M), 0.0001944 secs]
Application time: 0.1724858 seconds
[GC pause (G1 Humongous Allocation) (young) 33M->6890K(64M), 0.0094824 secs]
Application time: 0.0607417 seconds
[GC pause (G1 Humongous Allocation) (young) (initial-mark) 17M->6892K(64M), 0.0042608 secs]
[GC concurrent-root-region-scan-start]
[GC concurrent-root-region-scan-end, 0.0002468 secs]
[GC concurrent-mark-start]
[GC concurrent-mark-end, 0.0054055 secs]
Application time: 0.0057147 seconds
[GC remark, 0.0035672 secs]
Application time: 0.0000334 seconds
[GC cleanup 8428K->8428K(64M), 0.0001923 secs]
Application time: 0.1643988 seconds
[GC pause (G1 Humongous Allocation) (young) 33M->6892K(64M), 0.0094334 secs]
Application time: 0.0684717 seconds
[GC pause (G1 Humongous Allocation) (young) (initial-mark) 16M->6892K(64M), 0.0046781 secs]
[GC concurrent-root-region-scan-start]
[GC concurrent-root-region-scan-end, 0.0002341 secs]
[GC concurrent-mark-start]
[GC concurrent-mark-end, 0.0050781 secs]
Application time: 0.0053613 seconds
[GC remark, 0.0035441 secs]
Application time: 0.0000326 seconds
[GC cleanup 8428K->8428K(64M), 0.0002130 secs]
Application time: 0.1652715 seconds
[GC pause (G1 Humongous Allocation) (young) 33M->6892K(64M), 0.0093763 secs]
Application time: 0.0592044 seconds
[GC pause (G1 Humongous Allocation) (young) (initial-mark) 16M->6895K(64M), 0.0043990 secs]
[GC concurrent-root-region-scan-start]
[GC concurrent-root-region-scan-end, 0.0002885 secs]
[GC concurrent-mark-start]
[GC concurrent-mark-end, 0.0053905 secs]
Application time: 0.0056859 seconds
[GC remark, 0.0036713 secs]
Application time: 0.0000301 seconds
[GC cleanup 7919K->7919K(64M), 0.0002012 secs]
Application time: 0.1867993 seconds
[GC pause (G1 Humongous Allocation) (young) 33M->6895K(64M), 0.0096576 secs]
Application time: 0.0711997 seconds
[GC pause (G1 Humongous Allocation) (young) (initial-mark) 16M->6895K(64M), 0.0045001 secs]
[GC concurrent-root-region-scan-start]
[GC concurrent-root-region-scan-end, 0.0002477 secs]
[GC concurrent-mark-start]
[GC concurrent-mark-end, 0.0052943 secs]
Application time: 0.0055565 seconds
[GC remark, 0.0052257 secs]
Application time: 0.0012594 seconds
[GC cleanup 8431K->8431K(64M), 0.0002001 secs]
Application time: 0.1770203 seconds
[GC pause (G1 Humongous Allocation) (young) 33M->6895K(64M), 0.0098327 secs]
Application time: 0.0648352 seconds
[GC pause (G1 Humongous Allocation) (young) (initial-mark) 17M->6895K(64M), 0.0044143 secs]
[GC concurrent-root-region-scan-start]
[GC concurrent-root-region-scan-end, 0.0001323 secs]
[GC concurrent-mark-start]
[GC concurrent-mark-end, 0.0053237 secs]
Application time: 0.0055152 seconds
[GC remark, 0.0038189 secs]
Application time: 0.0000516 seconds
[GC cleanup 8431K->8431K(64M), 0.0002067 secs]
Application time: 0.1813520 seconds
[GC pause (G1 Humongous Allocation) (young) 33M->6897K(64M), 0.0093395 secs]
Application time: 0.0685511 seconds
[GC pause (G1 Humongous Allocation) (young) (initial-mark) 16M->6897K(64M), 0.0042695 secs]
[GC concurrent-root-region-scan-start]
[GC concurrent-root-region-scan-end, 0.0001697 secs]
[GC concurrent-mark-start]
[GC concurrent-mark-end, 0.0050239 secs]
Application time: 0.0052530 seconds
[GC remark, 0.0034235 secs]
Application time: 0.0000454 seconds
[GC cleanup 8945K->8945K(64M), 0.0002947 secs]
Application time: 0.1820127 seconds
[GC pause (G1 Humongous Allocation) (young) 33M->6897K(64M), 0.0115821 secs]
Application time: 0.0611717 seconds
[GC pause (G1 Humongous Allocation) (young) (initial-mark) 16M->6897K(64M), 0.0043156 secs]
[GC concurrent-root-region-scan-start]
[GC concurrent-root-region-scan-end, 0.0001389 secs]
[GC concurrent-mark-start]
[GC concurrent-mark-end, 0.0050947 secs]
Application time: 0.0052942 seconds
[GC remark, 0.0034092 secs]
Application time: 0.0000490 seconds
[GC cleanup 8433K->8433K(64M), 0.0002043 secs]
Application time: 0.1829309 seconds
[GC pause (G1 Humongous Allocation) (young) 33M->6897K(64M), 0.0096760 secs]
Application time: 0.0636592 seconds
[GC pause (G1 Humongous Allocation) (young) (initial-mark) 16M->6900K(64M), 0.0042508 secs]
[GC concurrent-root-region-scan-start]
[GC concurrent-root-region-scan-end, 0.0001282 secs]
[GC concurrent-mark-start]
[GC concurrent-mark-end, 0.0050326 secs]
Application time: 0.0052196 seconds
[GC remark, 0.0033622 secs]
Application time: 0.0000443 seconds
[GC cleanup 8948K->8948K(64M), 0.0003104 secs]
Application time: 0.1669642 seconds
[GC pause (G1 Humongous Allocation) (young) 33M->6900K(64M), 0.0093294 secs]
Application time: 0.0623288 seconds
[GC pause (G1 Humongous Allocation) (young) (initial-mark) 16M->6900K(64M), 0.0043125 secs]
[GC concurrent-root-region-scan-start]
[GC concurrent-root-region-scan-end, 0.0001283 secs]
[GC concurrent-mark-start]
[GC concurrent-mark-end, 0.0051140 secs]
Application time: 0.0110565 seconds
[GC remark, 0.0035635 secs]
Application time: 0.0000517 seconds
[GC cleanup 9972K->9972K(64M), 0.0002066 secs]
Application time: 0.1695263 seconds
[GC pause (G1 Humongous Allocation) (young) 33M->6900K(64M), 0.0095751 secs]
Application time: 0.0621511 seconds
[GC pause (G1 Humongous Allocation) (young) (initial-mark) 17M->6902K(64M), 0.0042980 secs]
[GC concurrent-root-region-scan-start]
[GC concurrent-root-region-scan-end, 0.0001352 secs]
[GC concurrent-mark-start]
[GC concurrent-mark-end, 0.0050436 secs]
Application time: 0.0052460 seconds
[GC remark, 0.0033216 secs]
Application time: 0.0000494 seconds
[GC cleanup 8438K->8438K(64M), 0.0002082 secs]
Application time: 0.1783682 seconds
[GC pause (G1 Humongous Allocation) (young) 33M->6905K(64M), 0.0095422 secs]
Application time: 0.0589025 seconds
[GC pause (G1 Humongous Allocation) (young) (initial-mark) 16M->6905K(64M), 0.0042723 secs]
[GC concurrent-root-region-scan-start]
[GC concurrent-root-region-scan-end, 0.0001424 secs]
[GC concurrent-mark-start]
[GC concurrent-mark-end, 0.0053528 secs]
Application time: 0.0055501 seconds
[GC remark, 0.0038401 secs]
Application time: 0.0000453 seconds
[GC cleanup 8953K->8953K(64M), 0.0002020 secs]
Application time: 0.1634892 seconds
[GC pause (G1 Humongous Allocation) (young) 33M->6905K(64M), 0.0093755 secs]
Application time: 0.0646006 seconds
[GC pause (G1 Humongous Allocation) (young) (initial-mark) 16M->6905K(64M), 0.0042240 secs]
[GC concurrent-root-region-scan-start]
[GC concurrent-root-region-scan-end, 0.0001322 secs]
[GC concurrent-mark-start]
[GC concurrent-mark-end, 0.0050943 secs]
Application time: 0.0052827 seconds
[GC remark, 0.0043482 secs]
Application time: 0.0000462 seconds
[GC cleanup 8953K->8953K(64M), 0.0001972 secs]
Application time: 0.1608395 seconds
[GC pause (G1 Humongous Allocation) (young) 33M->6907K(64M), 0.0093973 secs]
Application time: 0.0745349 seconds
[GC pause (G1 Humongous Allocation) (young) (initial-mark) 17M->6910K(64M), 0.0043916 secs]
[GC concurrent-root-region-scan-start]
[GC concurrent-root-region-scan-end, 0.0001350 secs]
[GC concurrent-mark-start]
[GC concurrent-mark-end, 0.0051850 secs]
Application time: 0.0053786 seconds
[GC remark, 0.0036115 secs]
Application time: 0.0000458 seconds
[GC cleanup 8958K->8958K(64M), 0.0001945 secs]
Application time: 0.1617830 seconds
[GC pause (G1 Humongous Allocation) (young) 33M->6910K(64M), 0.0093379 secs]
Application time: 0.0594014 seconds
[GC pause (G1 Humongous Allocation) (young) (initial-mark) 16M->6910K(64M), 0.0043849 secs]
[GC concurrent-root-region-scan-start]
[GC concurrent-root-region-scan-end, 0.0001378 secs]
[GC concurrent-mark-start]
[GC concurrent-mark-end, 0.0050556 secs]
Application time: 0.0052535 seconds
[GC remark, 0.0034750 secs]
Application time: 0.0000526 seconds
[GC cleanup 8446K->8446K(64M), 0.0001872 secs]
Application time: 0.1849748 seconds
[GC pause (G1 Humongous Allocation) (young) 33M->5904K(64M), 0.0096453 secs]
Application time: 0.0651063 seconds
[GC pause (G1 Humongous Allocation) (young) (initial-mark) 16M->6912K(64M), 0.0052907 secs]
[GC concurrent-root-region-scan-start]
[GC concurrent-root-region-scan-end, 0.0002212 secs]
[GC concurrent-mark-start]
[GC concurrent-mark-end, 0.0052045 secs]
Application time: 0.0054324 seconds
[GC remark, 0.0036448 secs]
Application time: 0.0000344 seconds
[GC cleanup 8448K->8448K(64M), 0.0001906 secs]
Application time: 0.1720381 seconds
[GC pause (G1 Humongous Allocation) (young) 33M->6912K(64M), 0.0093213 secs]
Application time: 0.0591443 seconds
[GC pause (G1 Humongous Allocation) (young) (initial-mark) 16M->6912K(64M), 0.0043456 secs]
[GC concurrent-root-region-scan-start]
[GC concurrent-root-region-scan-end, 0.0002382 secs]
[GC concurrent-mark-start]
[GC concurrent-mark-end, 0.0051093 secs]
Application time: 0.0053539 seconds
[GC remark, 0.0033826 secs]
Application time: 0.0000390 seconds
[GC cleanup 8448K->8448K(64M), 0.0002576 secs]
Application time: 0.1663124 seconds
[GC pause (G1 Humongous Allocation) (young) 33M->6912K(64M), 0.0093056 secs]
Application time: 0.0647906 seconds
[GC pause (G1 Humongous Allocation) (young) (initial-mark) 16M->6912K(64M), 0.0041712 secs]
[GC concurrent-root-region-scan-start]
[GC concurrent-root-region-scan-end, 0.0002167 secs]
[GC concurrent-mark-start]
[GC concurrent-mark-end, 0.0050967 secs]
Application time: 0.0053620 seconds
[GC remark, 0.0036143 secs]
Application time: 0.0000404 seconds
[GC cleanup 8448K->8448K(64M), 0.0002492 secs]
Application time: 0.1648711 seconds
[GC pause (G1 Humongous Allocation) (young) 33M->6915K(64M), 0.0097672 secs]
Application time: 0.0641331 seconds
[GC pause (G1 Humongous Allocation) (young) (initial-mark) 16M->6917K(64M), 0.0045140 secs]
[GC concurrent-root-region-scan-start]
[GC concurrent-root-region-scan-end, 0.0002637 secs]
[GC concurrent-mark-start]
[GC concurrent-mark-end, 0.0053255 secs]
Application time: 0.0055966 seconds
[GC remark, 0.0036235 secs]
Application time: 0.0000356 seconds
[GC cleanup 8453K->8453K(64M), 0.0002110 secs]
Application time: 0.1653387 seconds
[GC pause (G1 Humongous Allocation) (young) 33M->6917K(64M), 0.0093765 secs]
Application time: 0.0594486 seconds
[GC pause (G1 Humongous Allocation) (young) (initial-mark) 16M->6917K(64M), 0.0043460 secs]
[GC concurrent-root-region-scan-start]
[GC concurrent-root-region-scan-end, 0.0002336 secs]
[GC concurrent-mark-start]
[GC concurrent-mark-end, 0.0053835 secs]
Application time: 0.0056298 seconds
[GC remark, 0.0038351 secs]
Application time: 0.0000364 seconds
[GC cleanup 8453K->8453K(64M), 0.0001823 secs]
Application time: 0.1758601 seconds
[GC pause (G1 Humongous Allocation) (young) 33M->6917K(64M), 0.0094127 secs]
Application time: 0.0615977 seconds
[GC pause (G1 Humongous Allocation) (young) (initial-mark) 16M->6920K(64M), 0.0043094 secs]
[GC concurrent-root-region-scan-start]
[GC concurrent-root-region-scan-end, 0.0002487 secs]
[GC concurrent-mark-start]
[GC concurrent-mark-end, 0.0050933 secs]
Application time: 0.0053523 seconds
[GC remark, 0.0041922 secs]
Application time: 0.0006970 seconds
[GC cleanup 8968K->8968K(64M), 0.0001926 secs]
Application time: 0.1673792 seconds
[GC pause (G1 Humongous Allocation) (young) 33M->6922K(64M), 0.0093702 secs]
Application time: 0.0665447 seconds
[GC pause (G1 Humongous Allocation) (young) (initial-mark) 17M->6922K(64M), 0.0050167 secs]
[GC concurrent-root-region-scan-start]
[GC concurrent-root-region-scan-end, 0.0001379 secs]
[GC concurrent-mark-start]
[GC concurrent-mark-end, 0.0051014 secs]
Application time: 0.0053238 seconds
[GC remark, 0.0039000 secs]
Application time: 0.0000532 seconds
[GC cleanup 9482K->9482K(64M), 0.0002041 secs]
Application time: 0.1898168 seconds
[GC pause (G1 Humongous Allocation) (young) 33M->6922K(64M), 0.0094388 secs]
Application time: 0.0716378 seconds
[GC pause (G1 Humongous Allocation) (young) (initial-mark) 17M->5903K(64M), 0.0042073 secs]
[GC concurrent-root-region-scan-start]
[GC concurrent-root-region-scan-end, 0.0001255 secs]
[GC concurrent-mark-start]
[GC concurrent-mark-end, 0.0050058 secs]
Application time: 0.0051891 seconds
[GC remark, 0.0033671 secs]
Application time: 0.0000449 seconds
[GC cleanup 8975K->8975K(64M), 0.0001914 secs]
Application time: 0.1778426 seconds
[GC pause (G1 Humongous Allocation) (young) 33M->6925K(64M), 0.0101757 secs]
Application time: 0.0683997 seconds
[GC pause (G1 Humongous Allocation) (young) (initial-mark) 16M->6927K(64M), 0.0042752 secs]
[GC concurrent-root-region-scan-start]
[GC concurrent-root-region-scan-end, 0.0001278 secs]
[GC concurrent-mark-start]
[GC concurrent-mark-end, 0.0051516 secs]
Application time: 0.0053356 seconds
[GC remark, 0.0044761 secs]
Application time: 0.0000480 seconds
[GC cleanup 9999K->9999K(64M), 0.0001909 secs]
Application time: 0.1778801 seconds
[GC pause (G1 Humongous Allocation) (young) 33M->6927K(64M), 0.0094341 secs]
Application time: 0.0602079 seconds
[GC pause (G1 Humongous Allocation) (young) (initial-mark) 16M->6927K(64M), 0.0042951 secs]
[GC concurrent-root-region-scan-start]
[GC concurrent-root-region-scan-end, 0.0001276 secs]
[GC concurrent-mark-start]
[GC concurrent-mark-end, 0.0050141 secs]
Application time: 0.0052042 seconds
[GC remark, 0.0035093 secs]
Application time: 0.0000842 seconds
[GC cleanup 8975K->8975K(64M), 0.0002095 secs]
Application time: 0.1845233 seconds
[GC pause (G1 Humongous Allocation) (young) 33M->6930K(64M), 0.0095068 secs]
Application time: 0.0643077 seconds
[GC pause (G1 Humongous Allocation) (young) (initial-mark) 16M->6934K(64M), 0.0044745 secs]
[GC concurrent-root-region-scan-start]
[GC concurrent-root-region-scan-end, 0.0001337 secs]
[GC concurrent-mark-start]
[GC concurrent-mark-end, 0.0050939 secs]
Application time: 0.0052861 seconds
[GC remark, 0.0033570 secs]
Application time: 0.0000482 seconds
[GC cleanup 8470K->8470K(64M), 0.0001825 secs]
Application time: 0.1766276 seconds
[GC pause (G1 Humongous Allocation) (young) 33M->6934K(64M), 0.0095431 secs]
Application time: 0.0728257 seconds
[GC pause (G1 Humongous Allocation) (young) (initial-mark) 16M->6934K(64M), 0.0042558 secs]
[GC concurrent-root-region-scan-start]
[GC concurrent-root-region-scan-end, 0.0001529 secs]
[GC concurrent-mark-start]
[GC concurrent-mark-end, 0.0053056 secs]
Application time: 0.0055170 seconds
[GC remark, 0.0036507 secs]
Application time: 0.0000452 seconds
[GC cleanup 8982K->8982K(64M), 0.0002260 secs]
Application time: 0.1777405 seconds
[GC pause (G1 Humongous Allocation) (young) 33M->5912K(64M), 0.0095954 secs]
Application time: 0.0695149 seconds
[GC pause (G1 Humongous Allocation) (young) (initial-mark) 16M->6937K(64M), 0.0045148 secs]
[GC concurrent-root-region-scan-start]
[GC concurrent-root-region-scan-end, 0.0002355 secs]
[GC concurrent-mark-start]
[GC concurrent-mark-end, 0.0060749 secs]
Application time: 0.0063711 seconds
[GC remark, 0.0036329 secs]
Application time: 0.0000532 seconds
[GC cleanup 8473K->8473K(64M), 0.0002149 secs]
Application time: 0.1858381 seconds
[GC pause (G1 Humongous Allocation) (young) 33M->6939K(64M), 0.0095355 secs]
Application time: 0.0684409 seconds
[GC pause (G1 Humongous Allocation) (young) (initial-mark) 17M->6939K(64M), 0.0042721 secs]
[GC concurrent-root-region-scan-start]
[GC concurrent-root-region-scan-end, 0.0002430 secs]
[GC concurrent-mark-start]
[GC concurrent-mark-end, 0.0055493 secs]
Application time: 0.0058617 seconds
[GC remark, 0.0036155 secs]
Application time: 0.0000362 seconds
[GC cleanup 8475K->8475K(64M), 0.0001808 secs]
Application time: 0.1712156 seconds
[GC pause (G1 Humongous Allocation) (young) 33M->6939K(64M), 0.0094418 secs]
Application time: 0.0684063 seconds
[GC pause (G1 Humongous Allocation) (young) (initial-mark) 16M->6939K(64M), 0.0043381 secs]
[GC concurrent-root-region-scan-start]
[GC concurrent-root-region-scan-end, 0.0001097 secs]
[GC concurrent-mark-start]
[GC concurrent-mark-end, 0.0055940 secs]
Application time: 0.0056031 seconds
[GC remark, 0.0036342 secs]
Application time: 0.0000300 seconds
[GC cleanup 8475K->8475K(64M), 0.0001890 secs]
Application time: 0.1706751 seconds
[GC pause (G1 Humongous Allocation) (young) 33M->6944K(64M), 0.0091759 secs]
Application time: 0.0646616 seconds
[GC pause (G1 Humongous Allocation) (young) (initial-mark) 16M->6946K(64M), 0.0041318 secs]
[GC concurrent-root-region-scan-start]
[GC concurrent-root-region-scan-end, 0.0000969 secs]
[GC concurrent-mark-start]
[GC concurrent-mark-end, 0.0054330 secs]
Application time: 0.0056157 seconds
[GC remark, 0.0034366 secs]
Application time: 0.0000413 seconds
[GC cleanup 8482K->8482K(64M), 0.0001890 secs]
Application time: 0.1691870 seconds
[GC pause (G1 Humongous Allocation) (young) 33M->6946K(64M), 0.0093299 secs]
Application time: 0.0620935 seconds
[GC pause (G1 Humongous Allocation) (young) (initial-mark) 16M->6948K(64M), 0.0043783 secs]
[GC concurrent-root-region-scan-start]
[GC concurrent-root-region-scan-end, 0.0001906 secs]
[GC concurrent-mark-start]
[GC concurrent-mark-end, 0.0093281 secs]
Application time: 0.0093227 seconds
[GC remark, 0.0040660 secs]
Application time: 0.0032850 seconds
[GC cleanup 8484K->8484K(64M), 0.0002292 secs]
Application time: 0.1752833 seconds
[GC pause (G1 Humongous Allocation) (young) 33M->6946K(64M), 0.0095830 secs]
Application time: 0.0723193 seconds
[GC pause (G1 Humongous Allocation) (young) (initial-mark) 16M->5928K(64M), 0.0042129 secs]
[GC concurrent-root-region-scan-start]
[GC concurrent-root-region-scan-end, 0.0001089 secs]
[GC concurrent-mark-start]
[GC concurrent-mark-end, 0.0055369 secs]
Application time: 0.0057298 seconds
[GC remark, 0.0035950 secs]
Application time: 0.0000362 seconds
[GC cleanup 6440K->6440K(64M), 0.0001770 secs]
Application time: 0.1803870 seconds
[GC pause (G1 Humongous Allocation) (young) 33M->6952K(64M), 0.0099784 secs]
Application time: 0.0684839 seconds
[GC pause (G1 Humongous Allocation) (young) (initial-mark) 16M->6953K(64M), 0.0043479 secs]
[GC concurrent-root-region-scan-start]
[GC concurrent-root-region-scan-end, 0.0001280 secs]
[GC concurrent-mark-start]
[GC concurrent-mark-end, 0.0057714 secs]
Application time: 0.0057733 seconds
[GC remark, 0.0035428 secs]
Application time: 0.0000445 seconds
[GC cleanup 8489K->8489K(64M), 0.0002009 secs]
Application time: 0.1872199 seconds
[GC pause (G1 Humongous Allocation) (young) 33M->6953K(64M), 0.0099044 secs]
Application time: 0.0679207 seconds
[GC pause (G1 Humongous Allocation) (young) (initial-mark) 16M->6955K(64M), 0.0045216 secs]
[GC concurrent-root-region-scan-start]
[GC concurrent-root-region-scan-end, 0.0001254 secs]
[GC concurrent-mark-start]
[GC concurrent-mark-end, 0.0057555 secs]
Application time: 0.0059726 seconds
[GC remark, 0.0038637 secs]
Application time: 0.0000383 seconds
[GC cleanup 6955K->6955K(64M), 0.0002464 secs]
Application time: 0.1783938 seconds
[GC pause (G1 Humongous Allocation) (young) 33M->6955K(64M), 0.0097168 secs]
Application time: 0.0716402 seconds
[GC pause (G1 Humongous Allocation) (young) (initial-mark) 16M->6956K(64M), 0.0042249 secs]
[GC concurrent-root-region-scan-start]
[GC concurrent-root-region-scan-end, 0.0001220 secs]
[GC concurrent-mark-start]
[GC concurrent-mark-end, 0.0057245 secs]
Application time: 0.0059459 seconds
[GC remark, 0.0036431 secs]
Application time: 0.0000427 seconds
[GC cleanup 8492K->8492K(64M), 0.0001784 secs]
Application time: 0.1841229 seconds
[GC pause (G1 Humongous Allocation) (young) 33M->6957K(64M), 0.0099475 secs]
Application time: 0.0715735 seconds
[GC pause (G1 Humongous Allocation) (young) (initial-mark) 16M->6958K(64M), 0.0042939 secs]
[GC concurrent-root-region-scan-start]
[GC concurrent-root-region-scan-end, 0.0001795 secs]
[GC concurrent-mark-start]
[GC concurrent-mark-end, 0.0056282 secs]
Application time: 0.0056366 seconds
[GC remark, 0.0036727 secs]
Application time: 0.0000419 seconds
[GC cleanup 8494K->8494K(64M), 0.0002139 secs]
Application time: 0.1758851 seconds
[GC pause (G1 Humongous Allocation) (young) 33M->6960K(64M), 0.0096578 secs]
Application time: 0.0772672 seconds
[GC pause (G1 Humongous Allocation) (young) (initial-mark) 17M->6963K(64M), 0.0043512 secs]
[GC concurrent-root-region-scan-start]
[GC concurrent-root-region-scan-end, 0.0001080 secs]
[GC concurrent-mark-start]
[GC concurrent-mark-end, 0.0058834 secs]
Application time: 0.0060836 seconds
[GC remark, 0.0037673 secs]
Application time: 0.0000476 seconds
[GC cleanup 8499K->8499K(64M), 0.0002884 secs]
Application time: 0.1943993 seconds
[GC pause (G1 Humongous Allocation) (young) 33M->6962K(64M), 0.0144278 secs]
Application time: 0.0926034 seconds
[GC pause (G1 Humongous Allocation) (young) (initial-mark) 17M->6963K(64M), 0.0041979 secs]
[GC concurrent-root-region-scan-start]
[GC concurrent-root-region-scan-end, 0.0001378 secs]
[GC concurrent-mark-start]
[GC concurrent-mark-end, 0.0050937 secs]
Application time: 0.0094107 seconds
[GC remark, 0.0035134 secs]
Application time: 0.0000788 seconds
[GC cleanup 10035K->10035K(64M), 0.0001941 secs]
Application time: 0.1653269 seconds
[GC pause (G1 Humongous Allocation) (young) 33M->5941K(64M), 0.0092247 secs]
Application time: 0.0657709 seconds
[GC pause (G1 Humongous Allocation) (young) (initial-mark) 17M->6965K(64M), 0.0043860 secs]
[GC concurrent-root-region-scan-start]
[GC concurrent-root-region-scan-end, 0.0001355 secs]
[GC concurrent-mark-start]
[GC concurrent-mark-end, 0.0052895 secs]
Application time: 0.0054846 seconds
[GC remark, 0.0033467 secs]
Application time: 0.0000437 seconds
[GC cleanup 9013K->9013K(64M), 0.0002116 secs]
Application time: 0.1878735 seconds
[GC pause (G1 Humongous Allocation) (young) 33M->6965K(64M), 0.0080578 secs]
Application time: 0.0602471 seconds
[GC pause (G1 Humongous Allocation) (young) (initial-mark) 16M->6967K(64M), 0.0034876 secs]
[GC concurrent-root-region-scan-start]
[GC concurrent-root-region-scan-end, 0.0001148 secs]
[GC concurrent-mark-start]
[GC concurrent-mark-end, 0.0051013 secs]
Application time: 0.0052708 seconds
[GC remark, 0.0035507 secs]
Application time: 0.0000644 seconds
[GC cleanup 8503K->8503K(64M), 0.0001767 secs]
Application time: 0.1894702 seconds
[GC pause (G1 Humongous Allocation) (young) 33M->6967K(64M), 0.0080176 secs]
Application time: 0.0715062 seconds
[GC pause (G1 Humongous Allocation) (young) (initial-mark) 16M->5948K(64M), 0.0035943 secs]
[GC concurrent-root-region-scan-start]
[GC concurrent-root-region-scan-end, 0.0001334 secs]
[GC concurrent-mark-start]
[GC concurrent-mark-end, 0.0049457 secs]
Application time: 0.0051325 seconds
[GC remark, 0.0027704 secs]
Application time: 0.0000404 seconds
[GC cleanup 6972K->6972K(64M), 0.0001818 secs]
Application time: 0.1820476 seconds
[GC pause (G1 Humongous Allocation) (young) 33M->6970K(64M), 0.0084792 secs]
Application time: 0.0721388 seconds
[GC pause (G1 Humongous Allocation) (young) (initial-mark) 16M->6974K(64M), 0.0036658 secs]
[GC concurrent-root-region-scan-start]
[GC concurrent-root-region-scan-end, 0.0001199 secs]
[GC concurrent-mark-start]
[GC concurrent-mark-end, 0.0051070 secs]
Application time: 0.0052845 seconds
[GC remark, 0.0029569 secs]
Application time: 0.0000412 seconds
[GC cleanup 9022K->9022K(64M), 0.0001710 secs]
Application time: 0.1777697 seconds
[GC pause (G1 Humongous Allocation) (young) 33M->6974K(64M), 0.0080383 secs]
Application time: 0.0822213 seconds
[GC pause (G1 Humongous Allocation) (young) (initial-mark) 17M->6972K(64M), 0.0035921 secs]
[GC concurrent-root-region-scan-start]
[GC concurrent-root-region-scan-end, 0.0001218 secs]
[GC concurrent-mark-start]
[GC concurrent-mark-end, 0.0049651 secs]
Application time: 0.0051411 seconds
[GC remark, 0.0029216 secs]
Application time: 0.0000406 seconds
[GC cleanup 8508K->8508K(64M), 0.0001515 secs]
Application time: 0.1770494 seconds
[GC pause (G1 Humongous Allocation) (young) 33M->6974K(64M), 0.0080152 secs]
Application time: 0.0684414 seconds
[GC pause (G1 Humongous Allocation) (young) (initial-mark) 16M->6977K(64M), 0.0036120 secs]
[GC concurrent-root-region-scan-start]
[GC concurrent-root-region-scan-end, 0.0001147 secs]
[GC concurrent-mark-start]
[GC concurrent-mark-end, 0.0048267 secs]
Application time: 0.0049974 seconds
[GC remark, 0.0027594 secs]
Application time: 0.0000399 seconds
[GC cleanup 8513K->8513K(64M), 0.0001861 secs]
Application time: 0.1768795 seconds
[GC pause (G1 Humongous Allocation) (young) 33M->6979K(64M), 0.0080700 secs]
Application time: 0.0678650 seconds
[GC pause (G1 Humongous Allocation) (young) (initial-mark) 17M->6982K(64M), 0.0035918 secs]
[GC concurrent-root-region-scan-start]
[GC concurrent-root-region-scan-end, 0.0001176 secs]
[GC concurrent-mark-start]
[GC concurrent-mark-end, 0.0049105 secs]
Application time: 0.0050829 seconds
[GC remark, 0.0027995 secs]
Application time: 0.0000430 seconds
[GC cleanup 8518K->8518K(64M), 0.0001739 secs]
Application time: 0.1800032 seconds
[GC pause (G1 Humongous Allocation) (young) 33M->6982K(64M), 0.0081822 secs]
Application time: 0.0634962 seconds
[GC pause (G1 Humongous Allocation) (young) (initial-mark) 16M->6984K(64M), 0.0034994 secs]
[GC concurrent-root-region-scan-start]
[GC concurrent-root-region-scan-end, 0.0001102 secs]
[GC concurrent-mark-start]
[GC concurrent-mark-end, 0.0044205 secs]
Application time: 0.0045988 seconds
[GC remark, 0.0027968 secs]
Application time: 0.0000616 seconds
[GC cleanup 8520K->8520K(64M), 0.0001809 secs]
Application time: 0.1772327 seconds
[GC pause (G1 Humongous Allocation) (young) 33M->6984K(64M), 0.0078682 secs]
Application time: 0.0590929 seconds
[GC pause (G1 Humongous Allocation) (young) (initial-mark) 16M->6987K(64M), 0.0036593 secs]
[GC concurrent-root-region-scan-start]
[GC concurrent-root-region-scan-end, 0.0001205 secs]
[GC concurrent-mark-start]
[GC concurrent-mark-end, 0.0046894 secs]
Application time: 0.0048720 seconds
[GC remark, 0.0032302 secs]
Application time: 0.0000570 seconds
[GC cleanup 8523K->8523K(64M), 0.0001675 secs]
Application time: 0.1725938 seconds
[GC pause (G1 Humongous Allocation) (young) 33M->6987K(64M), 0.0078118 secs]
Application time: 0.0663153 seconds
[GC pause (G1 Humongous Allocation) (young) (initial-mark) 16M->6987K(64M), 0.0035155 secs]
[GC concurrent-root-region-scan-start]
[GC concurrent-root-region-scan-end, 0.0001137 secs]
[GC concurrent-mark-start]
[GC concurrent-mark-end, 0.0048543 secs]
Application time: 0.0050322 seconds
[GC remark, 0.0028584 secs]
Application time: 0.0000593 seconds
[GC cleanup 8523K->8523K(64M), 0.0001685 secs]
Application time: 0.1645756 seconds
[GC pause (G1 Humongous Allocation) (young) 33M->6989K(64M), 0.0077920 secs]
Application time: 0.0588142 seconds
[GC pause (G1 Humongous Allocation) (young) (initial-mark) 16M->6989K(64M), 0.0034971 secs]
[GC concurrent-root-region-scan-start]
[GC concurrent-root-region-scan-end, 0.0001092 secs]
[GC concurrent-mark-start]
[GC concurrent-mark-end, 0.0044243 secs]
Application time: 0.0046029 seconds
[GC remark, 0.0028728 secs]
Application time: 0.0000428 seconds
[GC cleanup 8525K->8525K(64M), 0.0001768 secs]
Application time: 0.1795098 seconds
[GC pause (G1 Humongous Allocation) (young) 33M->6994K(64M), 0.0082939 secs]
Application time: 0.0602987 seconds
[GC pause (G1 Humongous Allocation) (young) (initial-mark) 16M->6994K(64M), 0.0035972 secs]
[GC concurrent-root-region-scan-start]
[GC concurrent-root-region-scan-end, 0.0001111 secs]
[GC concurrent-mark-start]
[GC concurrent-mark-end, 0.0044731 secs]
Application time: 0.0046492 seconds
[GC remark, 0.0028184 secs]
Application time: 0.0000407 seconds
[GC cleanup 10066K->10066K(64M), 0.0001581 secs]
Application time: 0.1630393 seconds
[GC pause (G1 Humongous Allocation) (young) 33M->6994K(64M), 0.0078610 secs]
Application time: 0.0588847 seconds
[GC pause (G1 Humongous Allocation) (young) (initial-mark) 16M->6996K(64M), 0.0033772 secs]
[GC concurrent-root-region-scan-start]
[GC concurrent-root-region-scan-end, 0.0001123 secs]
[GC concurrent-mark-start]
[GC concurrent-mark-end, 0.0047934 secs]
Application time: 0.0049593 seconds
[GC remark, 0.0029238 secs]
Application time: 0.0000364 seconds
[GC cleanup 8532K->8532K(64M), 0.0001717 secs]
Application time: 0.1928576 seconds
[GC pause (G1 Humongous Allocation) (young) 33M->5944K(64M), 0.0080176 secs]
Application time: 0.1252026 seconds
[GC pause (G1 Humongous Allocation) (young) (initial-mark) 16M->5946K(64M), 0.0038040 secs]
[GC concurrent-root-region-scan-start]
[GC concurrent-root-region-scan-end, 0.0001085 secs]
[GC concurrent-mark-start]
[GC concurrent-mark-end, 0.0043964 secs]
Application time: 0.0045626 seconds
[GC remark, 0.0031980 secs]
Application time: 0.0000326 seconds
[GC cleanup 7482K->7482K(64M), 0.0001630 secs]
Warmup (60s) ends:   Tue May 15 23:38:25 GMT 2018
Warmup (60s) result: 188.74 ops/m

Iteration 1 (120s) begins: Tue May 15 23:38:25 GMT 2018
Application time: 0.0944651 seconds
Application time: 0.1384871 seconds
[GC pause (G1 Humongous Allocation) (young) 34M->7037K(64M), 0.0082206 secs]
Application time: 0.1716589 seconds
[GC pause (G1 Humongous Allocation) (mixed) 34M->6467K(64M), 0.0082168 secs]
Application time: 0.0652049 seconds
[GC pause (G1 Humongous Allocation) (young) (initial-mark) 16M->6471K(64M), 0.0033830 secs]
[GC concurrent-root-region-scan-start]
[GC concurrent-root-region-scan-end, 0.0001223 secs]
[GC concurrent-mark-start]
[GC concurrent-mark-end, 0.0049070 secs]
Application time: 0.0050869 seconds
[GC remark, 0.0029202 secs]
Application time: 0.0000355 seconds
[GC cleanup 8007K->8007K(64M), 0.0001712 secs]
Application time: 0.1697329 seconds
[GC pause (G1 Evacuation Pause) (young) 34M->7526K(64M), 0.0081546 secs]
Application time: 0.0558994 seconds
[GC pause (G1 Humongous Allocation) (young) (initial-mark) 16M->6534K(64M), 0.0030705 secs]
[GC concurrent-root-region-scan-start]
[GC concurrent-root-region-scan-end, 0.0001565 secs]
[GC concurrent-mark-start]
[GC concurrent-mark-end, 0.0049437 secs]
Application time: 0.0051125 seconds
[GC remark, 0.0047946 secs]
Application time: 0.0000273 seconds
[GC cleanup 7558K->7558K(64M), 0.0001898 secs]
Application time: 0.1734497 seconds
[GC pause (G1 Humongous Allocation) (young) 34M->6534K(64M), 0.0079556 secs]
Application time: 0.0603975 seconds
[GC pause (G1 Humongous Allocation) (young) (initial-mark) 16M->6538K(64M), 0.0035264 secs]
[GC concurrent-root-region-scan-start]
[GC concurrent-root-region-scan-end, 0.0000945 secs]
[GC concurrent-mark-start]
[GC concurrent-mark-end, 0.0045414 secs]
Application time: 0.0046385 seconds
[GC remark, 0.0029387 secs]
Application time: 0.0063206 seconds
[GC cleanup 8586K->8586K(64M), 0.0001858 secs]
Application time: 0.1641176 seconds
[GC pause (G1 Humongous Allocation) (young) 34M->6537K(64M), 0.0079202 secs]
Application time: 0.0592485 seconds
[GC pause (G1 Humongous Allocation) (young) (initial-mark) 16M->6541K(64M), 0.0034754 secs]
[GC concurrent-root-region-scan-start]
[GC concurrent-root-region-scan-end, 0.0001262 secs]
[GC concurrent-mark-start]
[GC concurrent-mark-end, 0.0045246 secs]
Application time: 0.0047090 seconds
[GC remark, 0.0028705 secs]
Application time: 0.0000419 seconds
[GC cleanup 8077K->8077K(64M), 0.0001607 secs]
Application time: 0.1775532 seconds
[GC pause (G1 Humongous Allocation) (young) 34M->6597K(64M), 0.0099044 secs]
Application time: 0.0812286 seconds
[GC pause (G1 Humongous Allocation) (young) (initial-mark) 17M->5579K(64M), 0.0043423 secs]
[GC concurrent-root-region-scan-start]
[GC concurrent-root-region-scan-end, 0.0001139 secs]
[GC concurrent-mark-start]
[GC concurrent-mark-end, 0.0053214 secs]
Application time: 0.0062840 seconds
[GC remark, 0.0035853 secs]
Application time: 0.0000526 seconds
[GC cleanup 8652K->8652K(64M), 0.0002103 secs]
Application time: 0.1707381 seconds
[GC pause (G1 Humongous Allocation) (young) 34M->6600K(64M), 0.0101629 secs]
Application time: 0.0672772 seconds
[GC pause (G1 Humongous Allocation) (young) (initial-mark) 16M->6602K(64M), 0.0043879 secs]
[GC concurrent-root-region-scan-start]
[GC concurrent-root-region-scan-end, 0.0001271 secs]
[GC concurrent-mark-start]
[GC concurrent-mark-end, 0.0051437 secs]
Application time: 0.0053313 seconds
[GC remark, 0.0033553 secs]
Application time: 0.0000459 seconds
[GC cleanup 9674K->9674K(64M), 0.0001734 secs]
Application time: 0.1705031 seconds
[GC pause (G1 Humongous Allocation) (young) 34M->6660K(64M), 0.0098685 secs]
Application time: 0.0632064 seconds
[GC pause (G1 Humongous Allocation) (young) (initial-mark) 16M->6664K(64M), 0.0043133 secs]
[GC concurrent-root-region-scan-start]
[GC concurrent-root-region-scan-end, 0.0001130 secs]
[GC concurrent-mark-start]
[GC concurrent-mark-end, 0.0050531 secs]
Application time: 0.0052242 seconds
[GC remark, 0.0032987 secs]
Application time: 0.0000416 seconds
[GC cleanup 7689K->7689K(64M), 0.0001847 secs]
Application time: 0.1797474 seconds
[GC pause (G1 Humongous Allocation) (young) 34M->6663K(64M), 0.0098473 secs]
Application time: 0.0602787 seconds
[GC pause (G1 Humongous Allocation) (young) (initial-mark) 16M->6665K(64M), 0.0043409 secs]
[GC concurrent-root-region-scan-start]
[GC concurrent-root-region-scan-end, 0.0001277 secs]
[GC concurrent-mark-start]
[GC concurrent-mark-end, 0.0051569 secs]
Application time: 0.0053503 seconds
[GC remark, 0.0034492 secs]
Application time: 0.0000455 seconds
[GC cleanup 8713K->8713K(64M), 0.0002139 secs]
Application time: 0.1760849 seconds
[GC pause (G1 Humongous Allocation) (young) 34M->6695K(64M), 0.0097518 secs]
Application time: 0.0659645 seconds
[GC pause (G1 Humongous Allocation) (young) (initial-mark) 16M->6697K(64M), 0.0043755 secs]
[GC concurrent-root-region-scan-start]
[GC concurrent-root-region-scan-end, 0.0000996 secs]
[GC concurrent-mark-start]
[GC concurrent-mark-end, 0.0052282 secs]
Application time: 0.0053966 seconds
[GC remark, 0.0037260 secs]
Application time: 0.0000448 seconds
[GC cleanup 9769K->9769K(64M), 0.0001949 secs]
Application time: 0.1756938 seconds
[GC pause (G1 Humongous Allocation) (young) 34M->5706K(64M), 0.0104300 secs]
Application time: 0.0652229 seconds
[GC pause (G1 Humongous Allocation) (young) (initial-mark) 17M->6732K(64M), 0.0049122 secs]
[GC concurrent-root-region-scan-start]
[GC concurrent-root-region-scan-end, 0.0002320 secs]
[GC concurrent-mark-start]
[GC concurrent-mark-end, 0.0055950 secs]
Application time: 0.0058378 seconds
[GC remark, 0.0036860 secs]
Application time: 0.0000322 seconds
[GC cleanup 8268K->8268K(64M), 0.0002113 secs]
Application time: 0.1741702 seconds
[GC pause (G1 Humongous Allocation) (young) 34M->6734K(64M), 0.0099932 secs]
Application time: 0.0654050 seconds
[GC pause (G1 Humongous Allocation) (young) (initial-mark) 16M->6767K(64M), 0.0043101 secs]
[GC concurrent-root-region-scan-start]
[GC concurrent-root-region-scan-end, 0.0001144 secs]
[GC concurrent-mark-start]
[GC concurrent-mark-end, 0.0054818 secs]
Application time: 0.0056619 seconds
[GC remark, 0.0035824 secs]
Application time: 0.0000446 seconds
[GC cleanup 9839K->9839K(64M), 0.0001867 secs]
Application time: 0.1757516 seconds
[GC pause (G1 Humongous Allocation) (young) 34M->6795K(64M), 0.0099131 secs]
Application time: 0.0626013 seconds
[GC pause (G1 Humongous Allocation) (young) (initial-mark) 17M->6797K(64M), 0.0043425 secs]
[GC concurrent-root-region-scan-start]
[GC concurrent-root-region-scan-end, 0.0001301 secs]
[GC concurrent-mark-start]
[GC concurrent-mark-end, 0.0049882 secs]
Application time: 0.0051794 seconds
[GC remark, 0.0035489 secs]
Application time: 0.0000454 seconds
[GC cleanup 8333K->8333K(64M), 0.0002319 secs]
Application time: 0.1705023 seconds
[GC pause (G1 Humongous Allocation) (young) 34M->6799K(64M), 0.0097671 secs]
Application time: 0.0610540 seconds
[GC pause (G1 Humongous Allocation) (young) (initial-mark) 16M->6803K(64M), 0.0042668 secs]
[GC concurrent-root-region-scan-start]
[GC concurrent-root-region-scan-end, 0.0001980 secs]
[GC concurrent-mark-start]
[GC concurrent-mark-end, 0.0051623 secs]
Application time: 0.0054127 seconds
[GC remark, 0.0036273 secs]
Application time: 0.0000452 seconds
[GC cleanup 8339K->8339K(64M), 0.0001873 secs]
Application time: 0.1760495 seconds
[GC pause (G1 Humongous Allocation) (young) 34M->6832K(64M), 0.0098717 secs]
Application time: 0.0750166 seconds
[GC pause (G1 Humongous Allocation) (young) (initial-mark) 17M->5856K(64M), 0.0042636 secs]
[GC concurrent-root-region-scan-start]
[GC concurrent-root-region-scan-end, 0.0001288 secs]
[GC concurrent-mark-start]
[GC concurrent-mark-end, 0.0052640 secs]
Application time: 0.0054573 seconds
[GC remark, 0.0033844 secs]
Application time: 0.0000549 seconds
[GC cleanup 8928K->8928K(64M), 0.0001876 secs]
Application time: 0.1739169 seconds
[GC pause (G1 Humongous Allocation) (young) 34M->6864K(64M), 0.0099616 secs]
Application time: 0.0597128 seconds
[GC pause (G1 Humongous Allocation) (young) (initial-mark) 16M->6866K(64M), 0.0042594 secs]
[GC concurrent-root-region-scan-start]
[GC concurrent-root-region-scan-end, 0.0001215 secs]
[GC concurrent-mark-start]
[GC concurrent-mark-end, 0.0051384 secs]
Application time: 0.0053184 seconds
[GC remark, 0.0036105 secs]
Application time: 0.0000494 seconds
[GC cleanup 8914K->8914K(64M), 0.0001850 secs]
Application time: 0.1732634 seconds
[GC pause (G1 Humongous Allocation) (young) 34M->6895K(64M), 0.0098615 secs]
Application time: 0.0661089 seconds
[GC pause (G1 Humongous Allocation) (young) (initial-mark) 16M->6899K(64M), 0.0040819 secs]
[GC concurrent-root-region-scan-start]
[GC concurrent-root-region-scan-end, 0.0001269 secs]
[GC concurrent-mark-start]
[GC concurrent-mark-end, 0.0049435 secs]
Application time: 0.0051277 seconds
[GC remark, 0.0033170 secs]
Application time: 0.0000472 seconds
[GC cleanup 8435K->8435K(64M), 0.0001997 secs]
Application time: 0.1864766 seconds
[GC pause (G1 Humongous Allocation) (young) 34M->6927K(64M), 0.0098011 secs]
Application time: 0.0610574 seconds
[GC pause (G1 Humongous Allocation) (young) (initial-mark) 16M->6931K(64M), 0.0042637 secs]
[GC concurrent-root-region-scan-start]
[GC concurrent-root-region-scan-end, 0.0001257 secs]
[GC concurrent-mark-start]
[GC concurrent-mark-end, 0.0050497 secs]
Application time: 0.0099447 seconds
[GC remark, 0.0035378 secs]
Application time: 0.0000486 seconds
[GC cleanup 10004K->10004K(64M), 0.0001881 secs]
Application time: 0.1677120 seconds
[GC pause (G1 Humongous Allocation) (young) 34M->6960K(64M), 0.0099660 secs]
Application time: 0.0627570 seconds
[GC pause (G1 Humongous Allocation) (young) (initial-mark) 16M->6962K(64M), 0.0042049 secs]
[GC concurrent-root-region-scan-start]
[GC concurrent-root-region-scan-end, 0.0001533 secs]
[GC concurrent-mark-start]
[GC concurrent-mark-end, 0.0052409 secs]
Application time: 0.0107190 seconds
[GC remark, 0.0035356 secs]
Application time: 0.0000357 seconds
[GC cleanup 9010K->9010K(64M), 0.0002042 secs]
Application time: 0.1727212 seconds
[GC pause (G1 Humongous Allocation) (young) 34M->6964K(64M), 0.0099950 secs]
Application time: 0.0625667 seconds
[GC pause (G1 Humongous Allocation) (young) (initial-mark) 16M->6997K(64M), 0.0042088 secs]
[GC concurrent-root-region-scan-start]
[GC concurrent-root-region-scan-end, 0.0002517 secs]
[GC concurrent-mark-start]
[GC concurrent-mark-end, 0.0054867 secs]
Application time: 0.0057602 seconds
[GC remark, 0.0049974 secs]
Application time: 0.0000392 seconds
[GC cleanup 8021K->8021K(64M), 0.0001930 secs]
Application time: 0.1850960 seconds
[GC pause (G1 Humongous Allocation) (young) 34M->6997K(64M), 0.0098324 secs]
Application time: 0.0589133 seconds
[GC pause (G1 Humongous Allocation) (young) (initial-mark) 16M->7029K(64M), 0.0040018 secs]
[GC concurrent-root-region-scan-start]
[GC concurrent-root-region-scan-end, 0.0001250 secs]
[GC concurrent-mark-start]
[GC concurrent-mark-end, 0.0051168 secs]
Application time: 0.0053006 seconds
[GC remark, 0.0035441 secs]
Application time: 0.0000353 seconds
[GC cleanup 8565K->8565K(64M), 0.0002128 secs]
Application time: 0.1749948 seconds
[GC pause (G1 Humongous Allocation) (young) 34M->7029K(64M), 0.0098616 secs]
Application time: 0.0611963 seconds
[GC pause (G1 Humongous Allocation) (young) (initial-mark) 16M->7033K(64M), 0.0041857 secs]
[GC concurrent-root-region-scan-start]
[GC concurrent-root-region-scan-end, 0.0002389 secs]
[GC concurrent-mark-start]
[GC concurrent-mark-end, 0.0055043 secs]
Application time: 0.0057589 seconds
[GC remark, 0.0049535 secs]
Application time: 0.0000377 seconds
[GC cleanup 8569K->8569K(64M), 0.0002000 secs]
Application time: 0.1759255 seconds
[GC pause (G1 Humongous Allocation) (young) 34M->6038K(64M), 0.0096487 secs]
Application time: 0.0717674 seconds
[GC pause (G1 Humongous Allocation) (young) (initial-mark) 17M->6058K(64M), 0.0044753 secs]
[GC concurrent-root-region-scan-start]
[GC concurrent-root-region-scan-end, 0.0002258 secs]
[GC concurrent-mark-start]
[GC concurrent-mark-end, 0.0050139 secs]
Application time: 0.0052961 seconds
[GC remark, 0.0037981 secs]
Application time: 0.0000341 seconds
[GC cleanup 8106K->8106K(64M), 0.0002165 secs]
Application time: 0.1719422 seconds
[GC pause (G1 Humongous Allocation) (young) 34M->7094K(64M), 0.0100169 secs]
Application time: 0.0655694 seconds
[GC pause (G1 Humongous Allocation) (young) (initial-mark) 16M->7098K(64M), 0.0041802 secs]
[GC concurrent-root-region-scan-start]
[GC concurrent-root-region-scan-end, 0.0002370 secs]
[GC concurrent-mark-start]
[GC concurrent-mark-end, 0.0055415 secs]
Application time: 0.0057842 seconds
[GC remark, 0.0033979 secs]
Application time: 0.0049393 seconds
[GC cleanup 9146K->9146K(64M), 0.0002310 secs]
Application time: 0.1732492 seconds
[GC pause (G1 Humongous Allocation) (young) 34M->7127K(64M), 0.0097886 secs]
Application time: 0.0620945 seconds
[GC pause (G1 Humongous Allocation) (young) (initial-mark) 16M->7133K(64M), 0.0042128 secs]
[GC concurrent-root-region-scan-start]
[GC concurrent-root-region-scan-end, 0.0001165 secs]
[GC concurrent-mark-start]
[GC concurrent-mark-end, 0.0051152 secs]
Application time: 0.0052934 seconds
[GC remark, 0.0034545 secs]
Application time: 0.0000477 seconds
[GC cleanup 8669K->8669K(64M), 0.0001974 secs]
Application time: 0.1857397 seconds
[GC pause (G1 Humongous Allocation) (young) 34M->7159K(64M), 0.0098199 secs]
Application time: 0.0611069 seconds
[GC pause (G1 Humongous Allocation) (young) (initial-mark) 16M->7161K(64M), 0.0039996 secs]
[GC concurrent-root-region-scan-start]
[GC concurrent-root-region-scan-end, 0.0001046 secs]
[GC concurrent-mark-start]
[GC concurrent-mark-end, 0.0050388 secs]
Application time: 0.0051981 seconds
[GC remark, 0.0032601 secs]
Application time: 0.0000462 seconds
[GC cleanup 8697K->8697K(64M), 0.0002103 secs]
Application time: 0.2077524 seconds
[GC pause (G1 Humongous Allocation) (young) 34M->7164K(64M), 0.0097870 secs]
Application time: 0.0988870 seconds
[GC pause (G1 Humongous Allocation) (young) (initial-mark) 17M->7194K(64M), 0.0042828 secs]
[GC concurrent-root-region-scan-start]
[GC concurrent-root-region-scan-end, 0.0001352 secs]
[GC concurrent-mark-start]
[GC concurrent-mark-end, 0.0051049 secs]
Application time: 0.0096608 seconds
[GC remark, 0.0036186 secs]
Application time: 0.0000346 seconds
[GC cleanup 8730K->8730K(64M), 0.0002103 secs]
Application time: 0.1702351 seconds
[GC pause (G1 Humongous Allocation) (young) 35M->7196K(64M), 0.0097185 secs]
Application time: 0.0628768 seconds
[GC pause (G1 Humongous Allocation) (young) (initial-mark) 17M->7200K(64M), 0.0041452 secs]
[GC concurrent-root-region-scan-start]
[GC concurrent-root-region-scan-end, 0.0002480 secs]
[GC concurrent-mark-start]
[GC concurrent-mark-end, 0.0053882 secs]
Application time: 0.0056305 seconds
[GC remark, 0.0049910 secs]
Application time: 0.0000323 seconds
[GC cleanup 8225K->8225K(64M), 0.0001970 secs]
Application time: 0.1981866 seconds
[GC pause (G1 Humongous Allocation) (young) 35M->7229K(64M), 0.0096533 secs]
Application time: 0.0659962 seconds
[GC pause (G1 Humongous Allocation) (young) (initial-mark) 17M->7261K(64M), 0.0043075 secs]
[GC concurrent-root-region-scan-start]
[GC concurrent-root-region-scan-end, 0.0002230 secs]
[GC concurrent-mark-start]
[GC concurrent-mark-end, 0.0053340 secs]
Application time: 0.0055692 seconds
[GC remark, 0.0035885 secs]
Application time: 0.0000465 seconds
[GC cleanup 8797K->8797K(64M), 0.0001878 secs]
Application time: 0.1770128 seconds
[GC pause (G1 Humongous Allocation) (young) 35M->7259K(64M), 0.0099802 secs]
Application time: 0.0681091 seconds
[GC pause (G1 Humongous Allocation) (young) (initial-mark) 17M->6239K(64M), 0.0042467 secs]
[GC concurrent-root-region-scan-start]
[GC concurrent-root-region-scan-end, 0.0003865 secs]
[GC concurrent-mark-start]
[GC concurrent-mark-end, 0.0054177 secs]
Application time: 0.0058615 seconds
[GC remark, 0.0036317 secs]
Application time: 0.0000393 seconds
[GC cleanup 8287K->8287K(64M), 0.0001964 secs]
Application time: 0.1749956 seconds
[GC pause (G1 Humongous Allocation) (young) 35M->7292K(64M), 0.0100753 secs]
Application time: 0.0654291 seconds
[GC pause (G1 Humongous Allocation) (young) (initial-mark) 17M->7294K(64M), 0.0041516 secs]
[GC concurrent-root-region-scan-start]
[GC concurrent-root-region-scan-end, 0.0002286 secs]
[GC concurrent-mark-start]
[GC concurrent-mark-end, 0.0054157 secs]
Application time: 0.0056554 seconds
[GC remark, 0.0035901 secs]
Application time: 0.0000324 seconds
[GC cleanup 8830K->8830K(64M), 0.0002142 secs]
Application time: 0.1726923 seconds
[GC pause (G1 Humongous Allocation) (young) 35M->7324K(64M), 0.0097531 secs]
Application time: 0.0693059 seconds
[GC pause (G1 Humongous Allocation) (young) (initial-mark) 17M->7328K(64M), 0.0041229 secs]
[GC concurrent-root-region-scan-start]
[GC concurrent-root-region-scan-end, 0.0002057 secs]
[GC concurrent-mark-start]
[GC concurrent-mark-end, 0.0052878 secs]
Application time: 0.0055503 seconds
[GC remark, 0.0035685 secs]
Application time: 0.0000378 seconds
[GC cleanup 8864K->8864K(64M), 0.0002107 secs]
Application time: 0.1727690 seconds
[GC pause (G1 Humongous Allocation) (young) 35M->7357K(64M), 0.0100803 secs]
Application time: 0.0642448 seconds
[GC pause (G1 Humongous Allocation) (young) (initial-mark) 17M->7359K(64M), 0.0042488 secs]
[GC concurrent-root-region-scan-start]
[GC concurrent-root-region-scan-end, 0.0002498 secs]
[GC concurrent-mark-start]
[GC concurrent-mark-end, 0.0053560 secs]
Application time: 0.0056240 seconds
[GC remark, 0.0050572 secs]
Application time: 0.0000325 seconds
[GC cleanup 8895K->8895K(64M), 0.0002048 secs]
Application time: 0.2080266 seconds
[GC pause (G1 Humongous Allocation) (young)-- 35M->8389K(64M), 0.0107071 secs]
Application time: 0.0667693 seconds
[GC pause (G1 Humongous Allocation) (young) (initial-mark) 18M->7383K(64M), 0.0044340 secs]
[GC concurrent-root-region-scan-start]
[GC concurrent-root-region-scan-end, 0.0000997 secs]
[GC concurrent-mark-start]
[GC concurrent-mark-end, 0.0057868 secs]
Application time: 0.0059408 seconds
[GC remark, 0.0036336 secs]
Application time: 0.0000597 seconds
[GC cleanup 8919K->8919K(64M), 0.0002031 secs]
Application time: 0.1783076 seconds
[GC pause (G1 Humongous Allocation) (young) 35M->8396K(64M), 0.0097125 secs]
Application time: 0.1533009 seconds
[GC pause (G1 Evacuation Pause) (mixed) 32M->7471K(64M), 0.0088898 secs]
Application time: 0.0574407 seconds
[GC pause (G1 Humongous Allocation) (young) (initial-mark) 16M->6445K(64M), 0.0037633 secs]
[GC concurrent-root-region-scan-start]
[GC concurrent-root-region-scan-end, 0.0001127 secs]
[GC concurrent-mark-start]
[GC concurrent-mark-end, 0.0049985 secs]
Application time: 0.0051679 seconds
[GC remark, 0.0033615 secs]
Application time: 0.0000453 seconds
[GC cleanup 8493K->8493K(64M), 0.0001820 secs]
Application time: 0.1644105 seconds
[GC pause (G1 Humongous Allocation) (young) 33M->6475K(64M), 0.0095410 secs]
Application time: 0.0648682 seconds
[GC pause (G1 Humongous Allocation) (young) (initial-mark) 16M->6475K(64M), 0.0042424 secs]
[GC concurrent-root-region-scan-start]
[GC concurrent-root-region-scan-end, 0.0001119 secs]
[GC concurrent-mark-start]
[GC concurrent-mark-end, 0.0051855 secs]
Application time: 0.0053512 seconds
[GC remark, 0.0037230 secs]
Application time: 0.0000445 seconds
[GC cleanup 8011K->8011K(64M), 0.0002107 secs]
Application time: 0.1689820 seconds
[GC pause (G1 Humongous Allocation) (young) 33M->6475K(64M), 0.0098018 secs]
Application time: 0.0599659 seconds
[GC pause (G1 Humongous Allocation) (young) (initial-mark) 16M->6475K(64M), 0.0041105 secs]
[GC concurrent-root-region-scan-start]
[GC concurrent-root-region-scan-end, 0.0001248 secs]
[GC concurrent-mark-start]
[GC concurrent-mark-end, 0.0051028 secs]
Application time: 0.0052845 seconds
[GC remark, 0.0034425 secs]
Application time: 0.0000445 seconds
[GC cleanup 8011K->8011K(64M), 0.0001996 secs]
Application time: 0.1712754 seconds
[GC pause (G1 Humongous Allocation) (young) 33M->6475K(64M), 0.0094372 secs]
Application time: 0.0670829 seconds
[GC pause (G1 Humongous Allocation) (young) (initial-mark) 16M->6475K(64M), 0.0042767 secs]
[GC concurrent-root-region-scan-start]
[GC concurrent-root-region-scan-end, 0.0001339 secs]
[GC concurrent-mark-start]
[GC concurrent-mark-end, 0.0051099 secs]
Application time: 0.0052993 seconds
[GC remark, 0.0034504 secs]
Application time: 0.0000449 seconds
[GC cleanup 8523K->8523K(64M), 0.0001828 secs]
Application time: 0.1632792 seconds
[GC pause (G1 Humongous Allocation) (young) 33M->6473K(64M), 0.0093226 secs]
Application time: 0.0617622 seconds
[GC pause (G1 Humongous Allocation) (young) (initial-mark) 16M->6475K(64M), 0.0041281 secs]
[GC concurrent-root-region-scan-start]
[GC concurrent-root-region-scan-end, 0.0001109 secs]
[GC concurrent-mark-start]
[GC concurrent-mark-end, 0.0051965 secs]
Application time: 0.0053586 seconds
[GC remark, 0.0034984 secs]
Application time: 0.0000448 seconds
[GC cleanup 8011K->8011K(64M), 0.0002367 secs]
Application time: 0.1702777 seconds
[GC pause (G1 Humongous Allocation) (young) 33M->6475K(64M), 0.0094056 secs]
Application time: 0.0588923 seconds
[GC pause (G1 Humongous Allocation) (young) (initial-mark) 16M->6475K(64M), 0.0042209 secs]
[GC concurrent-root-region-scan-start]
[GC concurrent-root-region-scan-end, 0.0001253 secs]
[GC concurrent-mark-start]
[GC concurrent-mark-end, 0.0053508 secs]
Application time: 0.0055391 seconds
[GC remark, 0.0035305 secs]
Application time: 0.0000454 seconds
[GC cleanup 8011K->8011K(64M), 0.0001855 secs]
Application time: 0.1832725 seconds
[GC pause (G1 Humongous Allocation) (young) 33M->6475K(64M), 0.0103298 secs]
Application time: 0.0799983 seconds
[GC pause (G1 Humongous Allocation) (young) (initial-mark) 16M->5467K(64M), 0.0041646 secs]
[GC concurrent-root-region-scan-start]
[GC concurrent-root-region-scan-end, 0.0002220 secs]
[GC concurrent-mark-start]
[GC concurrent-mark-end, 0.0050381 secs]
Application time: 0.0053161 seconds
[GC remark, 0.0034155 secs]
Application time: 0.0000460 seconds
[GC cleanup 7003K->7003K(64M), 0.0001927 secs]
Application time: 0.1869036 seconds
[GC pause (G1 Humongous Allocation) (young) 33M->6477K(64M), 0.0098996 secs]
Application time: 0.0591556 seconds
[GC pause (G1 Humongous Allocation) (young) (initial-mark) 16M->6477K(64M), 0.0042586 secs]
[GC concurrent-root-region-scan-start]
[GC concurrent-root-region-scan-end, 0.0001280 secs]
[GC concurrent-mark-start]
[GC concurrent-mark-end, 0.0050587 secs]
Application time: 0.0052542 seconds
[GC remark, 0.0034496 secs]
Application time: 0.0000440 seconds
[GC cleanup 8525K->8525K(64M), 0.0001763 secs]
Application time: 0.1674383 seconds
[GC pause (G1 Humongous Allocation) (young) 32M->6477K(64M), 0.0094434 secs]
Application time: 0.0643053 seconds
[GC pause (G1 Humongous Allocation) (young) (initial-mark) 16M->5460K(64M), 0.0042028 secs]
[GC concurrent-root-region-scan-start]
[GC concurrent-root-region-scan-end, 0.0001246 secs]
[GC concurrent-mark-start]
[GC concurrent-mark-end, 0.0054543 secs]
Application time: 0.0056678 seconds
[GC remark, 0.0032870 secs]
Application time: 0.0000452 seconds
[GC cleanup 8532K->8532K(64M), 0.0001952 secs]
Application time: 0.1703400 seconds
[GC pause (G1 Humongous Allocation) (young) 33M->6480K(64M), 0.0096206 secs]
Application time: 0.0632794 seconds
[GC pause (G1 Humongous Allocation) (young) (initial-mark) 16M->6480K(64M), 0.0042351 secs]
[GC concurrent-root-region-scan-start]
[GC concurrent-root-region-scan-end, 0.0001204 secs]
[GC concurrent-mark-start]
[GC concurrent-mark-end, 0.0052182 secs]
Application time: 0.0054046 seconds
[GC remark, 0.0041640 secs]
Application time: 0.0000438 seconds
[GC cleanup 8016K->8016K(64M), 0.0001842 secs]
Application time: 0.1769908 seconds
[GC pause (G1 Humongous Allocation) (young) 33M->5460K(64M), 0.0092970 secs]
Application time: 0.0623712 seconds
[GC pause (G1 Humongous Allocation) (young) (initial-mark) 16M->6482K(64M), 0.0043527 secs]
[GC concurrent-root-region-scan-start]
[GC concurrent-root-region-scan-end, 0.0001133 secs]
[GC concurrent-mark-start]
[GC concurrent-mark-end, 0.0051830 secs]
Application time: 0.0053411 seconds
[GC remark, 0.0033719 secs]
Application time: 0.0000436 seconds
[GC cleanup 8018K->8018K(64M), 0.0001770 secs]
Application time: 0.1785018 seconds
[GC pause (G1 Humongous Allocation) (young) 33M->6484K(64M), 0.0093453 secs]
Application time: 0.0752743 seconds
[GC pause (G1 Humongous Allocation) (young) (initial-mark) 16M->6485K(64M), 0.0041486 secs]
[GC concurrent-root-region-scan-start]
[GC concurrent-root-region-scan-end, 0.0001283 secs]
[GC concurrent-mark-start]
[GC concurrent-mark-end, 0.0053562 secs]
Application time: 0.0055651 seconds
[GC remark, 0.0036593 secs]
Application time: 0.0000506 seconds
[GC cleanup 8021K->8021K(64M), 0.0003513 secs]
Application time: 0.1796137 seconds
[GC pause (G1 Humongous Allocation) (young) 33M->6485K(64M), 0.0102760 secs]
Application time: 0.0619778 seconds
[GC pause (G1 Humongous Allocation) (young) (initial-mark) 16M->6487K(64M), 0.0040543 secs]
[GC concurrent-root-region-scan-start]
[GC concurrent-root-region-scan-end, 0.0001276 secs]
[GC concurrent-mark-start]
[GC concurrent-mark-end, 0.0049300 secs]
Application time: 0.0050991 seconds
[GC remark, 0.0032732 secs]
Application time: 0.0000510 seconds
[GC cleanup 8023K->8023K(64M), 0.0002031 secs]
Application time: 0.1693660 seconds
[GC pause (G1 Humongous Allocation) (young) 33M->6487K(64M), 0.0093363 secs]
Application time: 0.0674039 seconds
[GC pause (G1 Humongous Allocation) (young) (initial-mark) 16M->6490K(64M), 0.0042745 secs]
[GC concurrent-root-region-scan-start]
[GC concurrent-root-region-scan-end, 0.0001204 secs]
[GC concurrent-mark-start]
[GC concurrent-mark-end, 0.0051323 secs]
Application time: 0.0107928 seconds
[GC remark, 0.0035540 secs]
Application time: 0.0000472 seconds
[GC cleanup 8538K->8538K(64M), 0.0001982 secs]
Application time: 0.1885582 seconds
[GC pause (G1 Humongous Allocation) (young) 33M->6490K(64M), 0.0094208 secs]
Application time: 0.0732286 seconds
[GC pause (G1 Humongous Allocation) (young) (initial-mark) 16M->6492K(64M), 0.0042203 secs]
[GC concurrent-root-region-scan-start]
[GC concurrent-root-region-scan-end, 0.0001275 secs]
[GC concurrent-mark-start]
[GC concurrent-mark-end, 0.0056009 secs]
Application time: 0.0058117 seconds
[GC remark, 0.0033548 secs]
Application time: 0.0000439 seconds
[GC cleanup 9564K->9564K(64M), 0.0001887 secs]
Application time: 0.1746062 seconds
[GC pause (G1 Humongous Allocation) (young) 33M->5484K(64M), 0.0092397 secs]
Application time: 0.0647222 seconds
[GC pause (G1 Humongous Allocation) (young) (initial-mark) 16M->6492K(64M), 0.0046152 secs]
[GC concurrent-root-region-scan-start]
[GC concurrent-root-region-scan-end, 0.0001572 secs]
[GC concurrent-mark-start]
[GC concurrent-mark-end, 0.0052556 secs]
Application time: 0.0054848 seconds
[GC remark, 0.0035308 secs]
Application time: 0.0000489 seconds
[GC cleanup 9564K->9564K(64M), 0.0002078 secs]
Application time: 0.1720876 seconds
[GC pause (G1 Humongous Allocation) (young) 33M->6495K(64M), 0.0094496 secs]
Application time: 0.0642833 seconds
[GC pause (G1 Humongous Allocation) (young) (initial-mark) 16M->6497K(64M), 0.0042566 secs]
[GC concurrent-root-region-scan-start]
[GC concurrent-root-region-scan-end, 0.0001235 secs]
[GC concurrent-mark-start]
[GC concurrent-mark-end, 0.0050992 secs]
Application time: 0.0052950 seconds
[GC remark, 0.0033062 secs]
Application time: 0.0000436 seconds
[GC cleanup 8545K->8545K(64M), 0.0001823 secs]
Application time: 0.1664996 seconds
[GC pause (G1 Humongous Allocation) (young) 33M->6497K(64M), 0.0093205 secs]
Application time: 0.0636668 seconds
[GC pause (G1 Humongous Allocation) (young) (initial-mark) 16M->6497K(64M), 0.0042485 secs]
[GC concurrent-root-region-scan-start]
[GC concurrent-root-region-scan-end, 0.0001396 secs]
[GC concurrent-mark-start]
[GC concurrent-mark-end, 0.0055389 secs]
Application time: 0.0057383 seconds
[GC remark, 0.0035396 secs]
Application time: 0.0000483 seconds
[GC cleanup 8545K->8545K(64M), 0.0002468 secs]
Application time: 0.1684925 seconds
[GC pause (G1 Humongous Allocation) (young) 33M->6497K(64M), 0.0094851 secs]
Application time: 0.0858907 seconds
[GC pause (G1 Humongous Allocation) (young) (initial-mark) 16M->5478K(64M), 0.0044589 secs]
[GC concurrent-root-region-scan-start]
[GC concurrent-root-region-scan-end, 0.0001409 secs]
[GC concurrent-mark-start]
[GC concurrent-mark-end, 0.0053369 secs]
Application time: 0.0083353 seconds
[GC remark, 0.0034881 secs]
Application time: 0.0000483 seconds
[GC cleanup 8550K->8550K(64M), 0.0002122 secs]
Application time: 0.1686280 seconds
[GC pause (G1 Humongous Allocation) (young) 33M->5478K(64M), 0.0098679 secs]
Application time: 0.0651670 seconds
[GC pause (G1 Humongous Allocation) (young) (initial-mark) 16M->6502K(64M), 0.0044502 secs]
[GC concurrent-root-region-scan-start]
[GC concurrent-root-region-scan-end, 0.0001196 secs]
[GC concurrent-mark-start]
[GC concurrent-mark-end, 0.0050804 secs]
Application time: 0.0052604 seconds
[GC remark, 0.0035021 secs]
Application time: 0.0000449 seconds
[GC cleanup 8550K->8550K(64M), 0.0002598 secs]
Application time: 0.1666878 seconds
[GC pause (G1 Humongous Allocation) (young) 33M->6502K(64M), 0.0111459 secs]
Application time: 0.0614912 seconds
[GC pause (G1 Humongous Allocation) (young) (initial-mark) 16M->6502K(64M), 0.0033760 secs]
[GC concurrent-root-region-scan-start]
[GC concurrent-root-region-scan-end, 0.0001092 secs]
[GC concurrent-mark-start]
[GC concurrent-mark-end, 0.0051401 secs]
Application time: 0.0123344 seconds
[GC remark, 0.0027223 secs]
Application time: 0.0000437 seconds
[GC cleanup 8038K->8038K(64M), 0.0001535 secs]
Application time: 0.1736828 seconds
[GC pause (G1 Humongous Allocation) (young) 33M->5497K(64M), 0.0077141 secs]
Application time: 0.0702711 seconds
[GC pause (G1 Humongous Allocation) (young) (initial-mark) 16M->5487K(64M), 0.0037798 secs]
[GC concurrent-root-region-scan-start]
[GC concurrent-root-region-scan-end, 0.0001070 secs]
[GC concurrent-mark-start]
[GC concurrent-mark-end, 0.0050262 secs]
Application time: 0.0051878 seconds
[GC remark, 0.0027347 secs]
Application time: 0.0000476 seconds
[GC cleanup 7023K->7023K(64M), 0.0001453 secs]
Application time: 0.1704715 seconds
[GC pause (G1 Humongous Allocation) (young) 33M->6507K(64M), 0.0079364 secs]
Application time: 0.0638949 seconds
[GC pause (G1 Humongous Allocation) (young) (initial-mark) 16M->6507K(64M), 0.0034366 secs]
[GC concurrent-root-region-scan-start]
[GC concurrent-root-region-scan-end, 0.0001079 secs]
[GC concurrent-mark-start]
[GC concurrent-mark-end, 0.0050266 secs]
Application time: 0.0051816 seconds
[GC remark, 0.0027303 secs]
Application time: 0.0000371 seconds
[GC cleanup 8555K->8555K(64M), 0.0001574 secs]
Application time: 0.1582559 seconds
[GC pause (G1 Humongous Allocation) (young) 33M->6507K(64M), 0.0076025 secs]
Application time: 0.0740862 seconds
[GC pause (G1 Humongous Allocation) (young) (initial-mark) 16M->6510K(64M), 0.0034177 secs]
[GC concurrent-root-region-scan-start]
[GC concurrent-root-region-scan-end, 0.0001250 secs]
[GC concurrent-mark-start]
[GC concurrent-mark-end, 0.0049840 secs]
Application time: 0.0051578 seconds
[GC remark, 0.0026916 secs]
Application time: 0.0000375 seconds
[GC cleanup 8558K->8558K(64M), 0.0001683 secs]
Application time: 0.1623728 seconds
[GC pause (G1 Humongous Allocation) (young) 33M->6512K(64M), 0.0077186 secs]
Application time: 0.0635722 seconds
[GC pause (G1 Humongous Allocation) (young) (initial-mark) 16M->6512K(64M), 0.0033958 secs]
[GC concurrent-root-region-scan-start]
[GC concurrent-root-region-scan-end, 0.0001036 secs]
[GC concurrent-mark-start]
[GC concurrent-mark-end, 0.0049207 secs]
Application time: 0.0050748 seconds
[GC remark, 0.0026924 secs]
Application time: 0.0003206 seconds
[GC cleanup 7536K->7536K(64M), 0.0018795 secs]
Application time: 0.1670358 seconds
[GC pause (G1 Humongous Allocation) (young) 33M->6514K(64M), 0.0089656 secs]
Application time: 0.0692049 seconds
[GC pause (G1 Humongous Allocation) (young) (initial-mark) 16M->6512K(64M), 0.0035239 secs]
[GC concurrent-root-region-scan-start]
[GC concurrent-root-region-scan-end, 0.0001142 secs]
[GC concurrent-mark-start]
[GC concurrent-mark-end, 0.0049854 secs]
Application time: 0.0051544 seconds
[GC remark, 0.0028191 secs]
Application time: 0.0000395 seconds
[GC cleanup 8560K->8560K(64M), 0.0002098 secs]
Application time: 0.1657804 seconds
[GC pause (G1 Humongous Allocation) (young) 33M->6515K(64M), 0.0077786 secs]
Application time: 0.0765391 seconds
[GC pause (G1 Humongous Allocation) (young) (initial-mark) 16M->6517K(64M), 0.0045741 secs]
[GC concurrent-root-region-scan-start]
[GC concurrent-root-region-scan-end, 0.0001336 secs]
[GC concurrent-mark-start]
[GC concurrent-mark-end, 0.0050274 secs]
Application time: 0.0052690 seconds
[GC remark, 0.0035533 secs]
Application time: 0.0000546 seconds
[GC cleanup 9589K->9589K(64M), 0.0002593 secs]
Application time: 0.1617415 seconds
[GC pause (G1 Humongous Allocation) (young) 32M->6517K(64M), 0.0101847 secs]
Application time: 0.0731227 seconds
[GC pause (G1 Humongous Allocation) (young) (initial-mark) 16M->6517K(64M), 0.0041490 secs]
[GC concurrent-root-region-scan-start]
[GC concurrent-root-region-scan-end, 0.0001170 secs]
[GC concurrent-mark-start]
[GC concurrent-mark-end, 0.0049865 secs]
Application time: 0.0051618 seconds
[GC remark, 0.0032290 secs]
Application time: 0.0000430 seconds
[GC cleanup 8565K->8565K(64M), 0.0003608 secs]
Application time: 0.1652529 seconds
[GC pause (G1 Humongous Allocation) (young) 33M->6517K(64M), 0.0104574 secs]
Application time: 0.0587816 seconds
[GC pause (G1 Humongous Allocation) (young) (initial-mark) 16M->6520K(64M), 0.0040727 secs]
[GC concurrent-root-region-scan-start]
[GC concurrent-root-region-scan-end, 0.0001218 secs]
[GC concurrent-mark-start]
[GC concurrent-mark-end, 0.0050441 secs]
Application time: 0.0052355 seconds
[GC remark, 0.0035095 secs]
Application time: 0.0000460 seconds
[GC cleanup 8568K->8568K(64M), 0.0001723 secs]
Application time: 0.1682366 seconds
[GC pause (G1 Humongous Allocation) (young) 33M->6520K(64M), 0.0091810 secs]
Application time: 0.0650501 seconds
[GC pause (G1 Humongous Allocation) (young) (initial-mark) 16M->6522K(64M), 0.0042556 secs]
[GC concurrent-root-region-scan-start]
[GC concurrent-root-region-scan-end, 0.0001356 secs]
[GC concurrent-mark-start]
[GC concurrent-mark-end, 0.0052945 secs]
Application time: 0.0054917 seconds
[GC remark, 0.0033787 secs]
Application time: 0.0000453 seconds
[GC cleanup 9594K->9594K(64M), 0.0002787 secs]
Application time: 0.1605739 seconds
[GC pause (G1 Humongous Allocation) (young) 33M->6520K(64M), 0.0114493 secs]
Application time: 0.0729576 seconds
[GC pause (G1 Humongous Allocation) (young) (initial-mark) 16M->5498K(64M), 0.0043287 secs]
[GC concurrent-root-region-scan-start]
[GC concurrent-root-region-scan-end, 0.0002505 secs]
[GC concurrent-mark-start]
Application time: 0.0013933 seconds
[GC concurrent-mark-end, 0.0054515 secs]
Application time: 0.0041516 seconds
[GC remark, 0.0038415 secs]
Application time: 0.0000413 seconds
[GC cleanup 8570K->8570K(64M), 0.0002175 secs]
Application time: 0.1679204 seconds
[GC pause (G1 Humongous Allocation) (young) 33M->6522K(64M), 0.0097203 secs]
Application time: 0.0651378 seconds
[GC pause (G1 Humongous Allocation) (young) (initial-mark) 16M->6525K(64M), 0.0044234 secs]
[GC concurrent-root-region-scan-start]
[GC concurrent-root-region-scan-end, 0.0001418 secs]
[GC concurrent-mark-start]
[GC concurrent-mark-end, 0.0052199 secs]
Application time: 0.0054244 seconds
[GC remark, 0.0036860 secs]
Application time: 0.0016032 seconds
[GC cleanup 8573K->8573K(64M), 0.0001867 secs]
Application time: 0.1596797 seconds
[GC pause (G1 Humongous Allocation) (young) 33M->6525K(64M), 0.0093728 secs]
Application time: 0.0660708 seconds
[GC pause (G1 Humongous Allocation) (young) (initial-mark) 16M->6525K(64M), 0.0042334 secs]
[GC concurrent-root-region-scan-start]
[GC concurrent-root-region-scan-end, 0.0001224 secs]
[GC concurrent-mark-start]
[GC concurrent-mark-end, 0.0050961 secs]
Application time: 0.0052793 seconds
[GC remark, 0.0034665 secs]
Application time: 0.0000466 seconds
[GC cleanup 9597K->9597K(64M), 0.0002132 secs]
Application time: 0.1692130 seconds
[GC pause (G1 Humongous Allocation) (young) 33M->6527K(64M), 0.0095865 secs]
Application time: 0.0691539 seconds
[GC pause (G1 Humongous Allocation) (young) (initial-mark) 16M->6530K(64M), 0.0041868 secs]
[GC concurrent-root-region-scan-start]
[GC concurrent-root-region-scan-end, 0.0001278 secs]
[GC concurrent-mark-start]
[GC concurrent-mark-end, 0.0049931 secs]
Application time: 0.0051842 seconds
[GC remark, 0.0034197 secs]
Application time: 0.0000439 seconds
[GC cleanup 9602K->9602K(64M), 0.0001853 secs]
Application time: 0.1627336 seconds
[GC pause (G1 Humongous Allocation) (young) 33M->6530K(64M), 0.0094016 secs]
Application time: 0.0592455 seconds
[GC pause (G1 Humongous Allocation) (young) (initial-mark) 16M->6530K(64M), 0.0042235 secs]
[GC concurrent-root-region-scan-start]
[GC concurrent-root-region-scan-end, 0.0001108 secs]
[GC concurrent-mark-start]
[GC concurrent-mark-end, 0.0051850 secs]
Application time: 0.0053727 seconds
[GC remark, 0.0035648 secs]
Application time: 0.0000434 seconds
[GC cleanup 8578K->8578K(64M), 0.0001799 secs]
Application time: 0.1728905 seconds
[GC pause (G1 Humongous Allocation) (young) 33M->6530K(64M), 0.0092652 secs]
Application time: 0.0611792 seconds
[GC pause (G1 Humongous Allocation) (young) (initial-mark) 16M->6532K(64M), 0.0042709 secs]
[GC concurrent-root-region-scan-start]
[GC concurrent-root-region-scan-end, 0.0001302 secs]
[GC concurrent-mark-start]
[GC concurrent-mark-end, 0.0052759 secs]
Application time: 0.0054721 seconds
[GC remark, 0.0035241 secs]
Application time: 0.0000427 seconds
[GC cleanup 8068K->8068K(64M), 0.0001988 secs]
Application time: 0.1654849 seconds
[GC pause (G1 Humongous Allocation) (young) 33M->6535K(64M), 0.0091924 secs]
Application time: 0.0701527 seconds
[GC pause (G1 Humongous Allocation) (young) (initial-mark) 16M->6535K(64M), 0.0042110 secs]
[GC concurrent-root-region-scan-start]
[GC concurrent-root-region-scan-end, 0.0000886 secs]
[GC concurrent-mark-start]
[GC concurrent-mark-end, 0.0051998 secs]
Application time: 0.0052660 seconds
[GC remark, 0.0035264 secs]
Application time: 0.0038885 seconds
[GC cleanup 8071K->8071K(64M), 0.0003163 secs]
Application time: 0.1625912 seconds
[GC pause (G1 Humongous Allocation) (young) 33M->6535K(64M), 0.0094147 secs]
Application time: 0.0659047 seconds
[GC pause (G1 Humongous Allocation) (young) (initial-mark) 16M->6535K(64M), 0.0041406 secs]
[GC concurrent-root-region-scan-start]
[GC concurrent-root-region-scan-end, 0.0000940 secs]
[GC concurrent-mark-start]
[GC concurrent-mark-end, 0.0050545 secs]
Application time: 0.0052395 seconds
[GC remark, 0.0035420 secs]
Application time: 0.0000441 seconds
[GC cleanup 8071K->8071K(64M), 0.0002165 secs]
Application time: 0.1633625 seconds
[GC pause (G1 Humongous Allocation) (young) 33M->6537K(64M), 0.0092404 secs]
Application time: 0.0761000 seconds
[GC pause (G1 Humongous Allocation) (young) (initial-mark) 16M->6540K(64M), 0.0042141 secs]
[GC concurrent-root-region-scan-start]
[GC concurrent-root-region-scan-end, 0.0001101 secs]
[GC concurrent-mark-start]
[GC concurrent-mark-end, 0.0053403 secs]
Application time: 0.0055199 seconds
[GC remark, 0.0037029 secs]
Application time: 0.0000445 seconds
[GC cleanup 8588K->8588K(64M), 0.0002418 secs]
Application time: 0.1623770 seconds
[GC pause (G1 Humongous Allocation) (young) 33M->6540K(64M), 0.0091075 secs]
Application time: 0.0609123 seconds
[GC pause (G1 Humongous Allocation) (young) (initial-mark) 16M->6540K(64M), 0.0041688 secs]
[GC concurrent-root-region-scan-start]
[GC concurrent-root-region-scan-end, 0.0001082 secs]
[GC concurrent-mark-start]
[GC concurrent-mark-end, 0.0050203 secs]
Application time: 0.0052108 seconds
[GC remark, 0.0032920 secs]
Application time: 0.0000429 seconds
[GC cleanup 8588K->8588K(64M), 0.0003106 secs]
Application time: 0.1645856 seconds
[GC pause (G1 Humongous Allocation) (young) 33M->6538K(64M), 0.0120144 secs]
Application time: 0.0716809 seconds
[GC pause (G1 Humongous Allocation) (young) (initial-mark) 16M->6542K(64M), 0.0035991 secs]
[GC concurrent-root-region-scan-start]
[GC concurrent-root-region-scan-end, 0.0001150 secs]
[GC concurrent-mark-start]
[GC concurrent-mark-end, 0.0051056 secs]
Application time: 0.0052995 seconds
[GC remark, 0.0029613 secs]
Application time: 0.0000404 seconds
[GC cleanup 8078K->8078K(64M), 0.0001544 secs]
Application time: 0.1842106 seconds
[GC pause (G1 Humongous Allocation) (young) 33M->6544K(64M), 0.0078280 secs]
Application time: 0.0628741 seconds
[GC pause (G1 Humongous Allocation) (young) (initial-mark) 16M->6542K(64M), 0.0034371 secs]
[GC concurrent-root-region-scan-start]
[GC concurrent-root-region-scan-end, 0.0001316 secs]
[GC concurrent-mark-start]
[GC concurrent-mark-end, 0.0053492 secs]
Application time: 0.0055321 seconds
[GC remark, 0.0028307 secs]
Application time: 0.0000373 seconds
[GC cleanup 9614K->9614K(64M), 0.0001830 secs]
Application time: 0.1644149 seconds
[GC pause (G1 Humongous Allocation) (young) 33M->6542K(64M), 0.0075810 secs]
Application time: 0.0656086 seconds
[GC pause (G1 Humongous Allocation) (young) (initial-mark) 16M->6542K(64M), 0.0034882 secs]
[GC concurrent-root-region-scan-start]
[GC concurrent-root-region-scan-end, 0.0001199 secs]
[GC concurrent-mark-start]
[GC concurrent-mark-end, 0.0050233 secs]
Application time: 0.0051923 seconds
[GC remark, 0.0028419 secs]
Application time: 0.0000385 seconds
[GC cleanup 9614K->9614K(64M), 0.0001468 secs]
Application time: 0.1783222 seconds
[GC pause (G1 Humongous Allocation) (young) 33M->6545K(64M), 0.0098766 secs]
Application time: 0.0707994 seconds
[GC pause (G1 Humongous Allocation) (young) (initial-mark) 16M->5523K(64M), 0.0044410 secs]
[GC concurrent-root-region-scan-start]
[GC concurrent-root-region-scan-end, 0.0002016 secs]
[GC concurrent-mark-start]
[GC concurrent-mark-end, 0.0053435 secs]
Application time: 0.0056006 seconds
[GC remark, 0.0035154 secs]
Application time: 0.0000444 seconds
[GC cleanup 7059K->7059K(64M), 0.0001856 secs]
Application time: 0.1914170 seconds
[GC pause (G1 Humongous Allocation) (young) 33M->6545K(64M), 0.0102267 secs]
Application time: 0.0616038 seconds
[GC pause (G1 Humongous Allocation) (young) (initial-mark) 16M->6545K(64M), 0.0043591 secs]
[GC concurrent-root-region-scan-start]
[GC concurrent-root-region-scan-end, 0.0001350 secs]
[GC concurrent-mark-start]
[GC concurrent-mark-end, 0.0052888 secs]
Application time: 0.0062489 seconds
[GC remark, 0.0035395 secs]
Application time: 0.0000495 seconds
[GC cleanup 9617K->9617K(64M), 0.0001937 secs]
Application time: 0.1648445 seconds
[GC pause (G1 Humongous Allocation) (young) 33M->6547K(64M), 0.0093375 secs]
Application time: 0.0652993 seconds
[GC pause (G1 Humongous Allocation) (young) (initial-mark) 16M->6549K(64M), 0.0043750 secs]
[GC concurrent-root-region-scan-start]
[GC concurrent-root-region-scan-end, 0.0001214 secs]
[GC concurrent-mark-start]
[GC concurrent-mark-end, 0.0052537 secs]
Application time: 0.0072913 seconds
[GC remark, 0.0036789 secs]
Application time: 0.0000599 seconds
[GC cleanup 9621K->9621K(64M), 0.0002067 secs]
Application time: 0.1643375 seconds
[GC pause (G1 Humongous Allocation) (young) 33M->6549K(64M), 0.0093209 secs]
Application time: 0.0666672 seconds
[GC pause (G1 Humongous Allocation) (young) (initial-mark) 16M->6547K(64M), 0.0042544 secs]
[GC concurrent-root-region-scan-start]
[GC concurrent-root-region-scan-end, 0.0001197 secs]
[GC concurrent-mark-start]
[GC concurrent-mark-end, 0.0052691 secs]
Application time: 0.0071142 seconds
[GC remark, 0.0035537 secs]
Application time: 0.0000492 seconds
[GC cleanup 9619K->9619K(64M), 0.0001838 secs]
Application time: 0.1654248 seconds
[GC pause (G1 Humongous Allocation) (young) 33M->6547K(64M), 0.0093528 secs]
Application time: 0.0634650 seconds
[GC pause (G1 Humongous Allocation) (young) (initial-mark) 16M->6550K(64M), 0.0042249 secs]
[GC concurrent-root-region-scan-start]
[GC concurrent-root-region-scan-end, 0.0001307 secs]
[GC concurrent-mark-start]
[GC concurrent-mark-end, 0.0052484 secs]
Application time: 0.0054548 seconds
[GC remark, 0.0033052 secs]
Application time: 0.0000467 seconds
[GC cleanup 8598K->8598K(64M), 0.0001782 secs]
Application time: 0.1963428 seconds
[GC pause (G1 Humongous Allocation) (young) 33M->6552K(64M), 0.0097486 secs]
Application time: 0.0598028 seconds
[GC pause (G1 Humongous Allocation) (young) (initial-mark) 16M->6552K(64M), 0.0042727 secs]
[GC concurrent-root-region-scan-start]
[GC concurrent-root-region-scan-end, 0.0001371 secs]
[GC concurrent-mark-start]
[GC concurrent-mark-end, 0.0052689 secs]
Application time: 0.0054738 seconds
[GC remark, 0.0036117 secs]
Application time: 0.0000448 seconds
[GC cleanup 8600K->8600K(64M), 0.0002346 secs]
Application time: 0.1711516 seconds
[GC pause (G1 Humongous Allocation) (young) 33M->6552K(64M), 0.0093464 secs]
Application time: 0.0610989 seconds
[GC pause (G1 Humongous Allocation) (young) (initial-mark) 16M->6552K(64M), 0.0042625 secs]
[GC concurrent-root-region-scan-start]
[GC concurrent-root-region-scan-end, 0.0001489 secs]
[GC concurrent-mark-start]
[GC concurrent-mark-end, 0.0051340 secs]
Application time: 0.0096875 seconds
[GC remark, 0.0037007 secs]
Application time: 0.0000414 seconds
[GC cleanup 8088K->8088K(64M), 0.0001975 secs]
Application time: 0.1765704 seconds
[GC pause (G1 Humongous Allocation) (young) 33M->5546K(64M), 0.0093164 secs]
Application time: 0.0617810 seconds
[GC pause (G1 Humongous Allocation) (young) (initial-mark) 16M->6555K(64M), 0.0046643 secs]
[GC concurrent-root-region-scan-start]
[GC concurrent-root-region-scan-end, 0.0002813 secs]
[GC concurrent-mark-start]
[GC concurrent-mark-end, 0.0055581 secs]
Application time: 0.0058499 seconds
[GC remark, 0.0039032 secs]
Application time: 0.0000302 seconds
[GC cleanup 7579K->7579K(64M), 0.0002097 secs]
Application time: 0.1751587 seconds
[GC pause (G1 Humongous Allocation) (young) 33M->6555K(64M), 0.0095180 secs]
Application time: 0.0614903 seconds
[GC pause (G1 Humongous Allocation) (young) (initial-mark) 16M->6555K(64M), 0.0042257 secs]
[GC concurrent-root-region-scan-start]
[GC concurrent-root-region-scan-end, 0.0002109 secs]
[GC concurrent-mark-start]
[GC concurrent-mark-end, 0.0054009 secs]
Application time: 0.0056811 seconds
[GC remark, 0.0035367 secs]
Application time: 0.0000369 seconds
[GC cleanup 8091K->8091K(64M), 0.0001925 secs]
Application time: 0.1756759 seconds
[GC pause (G1 Humongous Allocation) (young) 33M->6555K(64M), 0.0092147 secs]
Application time: 0.0589179 seconds
[GC pause (G1 Humongous Allocation) (young) (initial-mark) 16M->6557K(64M), 0.0041090 secs]
[GC concurrent-root-region-scan-start]
[GC concurrent-root-region-scan-end, 0.0002117 secs]
[GC concurrent-mark-start]
[GC concurrent-mark-end, 0.0051885 secs]
Application time: 0.0054589 seconds
[GC remark, 0.0036435 secs]
Application time: 0.0000489 seconds
[GC cleanup 8093K->8093K(64M), 0.0001955 secs]
Application time: 0.1704280 seconds
[GC pause (G1 Humongous Allocation) (young) 33M->6557K(64M), 0.0094266 secs]
Application time: 0.0593492 seconds
[GC pause (G1 Humongous Allocation) (young) (initial-mark) 16M->6557K(64M), 0.0042539 secs]
[GC concurrent-root-region-scan-start]
[GC concurrent-root-region-scan-end, 0.0002580 secs]
[GC concurrent-mark-start]
[GC concurrent-mark-end, 0.0056675 secs]
Application time: 0.0059848 seconds
[GC remark, 0.0034282 secs]
Application time: 0.0000408 seconds
[GC cleanup 8093K->8093K(64M), 0.0001803 secs]
Application time: 0.1715985 seconds
[GC pause (G1 Humongous Allocation) (young) 33M->6557K(64M), 0.0092846 secs]
Application time: 0.0617031 seconds
[GC pause (G1 Humongous Allocation) (young) (initial-mark) 16M->6557K(64M), 0.0041118 secs]
[GC concurrent-root-region-scan-start]
[GC concurrent-root-region-scan-end, 0.0001135 secs]
[GC concurrent-mark-start]
[GC concurrent-mark-end, 0.0051073 secs]
Application time: 0.0052292 seconds
[GC remark, 0.0048906 secs]
Application time: 0.0000349 seconds
[GC cleanup 8093K->8093K(64M), 0.0001899 secs]
Application time: 0.1712112 seconds
[GC pause (G1 Humongous Allocation) (young) 33M->6560K(64M), 0.0092771 secs]
Application time: 0.0591213 seconds
[GC pause (G1 Humongous Allocation) (young) (initial-mark) 16M->6562K(64M), 0.0042141 secs]
[GC concurrent-root-region-scan-start]
[GC concurrent-root-region-scan-end, 0.0002573 secs]
[GC concurrent-mark-start]
[GC concurrent-mark-end, 0.0051225 secs]
Application time: 0.0054452 seconds
[GC remark, 0.0037812 secs]
Application time: 0.0000385 seconds
[GC cleanup 8098K->8098K(64M), 0.0001851 secs]
Application time: 0.1715319 seconds
[GC pause (G1 Humongous Allocation) (young) 33M->6562K(64M), 0.0092427 secs]
Application time: 0.0821825 seconds
[GC pause (G1 Humongous Allocation) (young) (initial-mark) 16M->6564K(64M), 0.0045888 secs]
[GC concurrent-root-region-scan-start]
[GC concurrent-root-region-scan-end, 0.0002471 secs]
[GC concurrent-mark-start]
[GC concurrent-mark-end, 0.0057685 secs]
Application time: 0.0060158 seconds
[GC remark, 0.0039745 secs]
Application time: 0.0000496 seconds
[GC cleanup 8100K->8100K(64M), 0.0002012 secs]
Application time: 0.1675621 seconds
[GC pause (G1 Humongous Allocation) (young) 33M->6562K(64M), 0.0093482 secs]
Application time: 0.0645183 seconds
[GC pause (G1 Humongous Allocation) (young) (initial-mark) 16M->6565K(64M), 0.0042342 secs]
[GC concurrent-root-region-scan-start]
[GC concurrent-root-region-scan-end, 0.0002549 secs]
[GC concurrent-mark-start]
[GC concurrent-mark-end, 0.0054756 secs]
Application time: 0.0057393 seconds
[GC remark, 0.0041463 secs]
Application time: 0.0043316 seconds
[GC cleanup 8613K->8613K(64M), 0.0001987 secs]
Application time: 0.1590378 seconds
[GC pause (G1 Humongous Allocation) (young) 33M->6565K(64M), 0.0091653 secs]
Application time: 0.0660085 seconds
[GC pause (G1 Humongous Allocation) (young) (initial-mark) 16M->6565K(64M), 0.0041942 secs]
[GC concurrent-root-region-scan-start]
[GC concurrent-root-region-scan-end, 0.0001201 secs]
[GC concurrent-mark-start]
[GC concurrent-mark-end, 0.0050828 secs]
Application time: 0.0052612 seconds
[GC remark, 0.0033517 secs]
Application time: 0.0000454 seconds
[GC cleanup 9637K->9637K(64M), 0.0002032 secs]
Application time: 0.1621343 seconds
[GC pause (G1 Humongous Allocation) (young) 33M->6565K(64M), 0.0091148 secs]
Application time: 0.0722468 seconds
[GC pause (G1 Humongous Allocation) (young) (initial-mark) 16M->6567K(64M), 0.0048348 secs]
[GC concurrent-root-region-scan-start]
[GC concurrent-root-region-scan-end, 0.0001346 secs]
[GC concurrent-mark-start]
[GC concurrent-mark-end, 0.0052271 secs]
Application time: 0.0085349 seconds
[GC remark, 0.0035740 secs]
Application time: 0.0000583 seconds
[GC cleanup 8615K->8615K(64M), 0.0001963 secs]
Application time: 0.1646640 seconds
[GC pause (G1 Humongous Allocation) (young) 33M->6570K(64M), 0.0093248 secs]
Application time: 0.0632692 seconds
[GC pause (G1 Humongous Allocation) (young) (initial-mark) 16M->6570K(64M), 0.0045093 secs]
[GC concurrent-root-region-scan-start]
[GC concurrent-root-region-scan-end, 0.0001526 secs]
[GC concurrent-mark-start]
[GC concurrent-mark-end, 0.0053903 secs]
Application time: 0.0056189 seconds
[GC remark, 0.0035627 secs]
Application time: 0.0000476 seconds
[GC cleanup 8106K->8106K(64M), 0.0001846 secs]
Application time: 0.1700284 seconds
[GC pause (G1 Humongous Allocation) (young) 33M->6570K(64M), 0.0093866 secs]
Application time: 0.0693597 seconds
[GC pause (G1 Humongous Allocation) (young) (initial-mark) 16M->5548K(64M), 0.0043770 secs]
[GC concurrent-root-region-scan-start]
[GC concurrent-root-region-scan-end, 0.0001499 secs]
[GC concurrent-mark-start]
[GC concurrent-mark-end, 0.0051346 secs]
Application time: 0.0053603 seconds
[GC remark, 0.0036030 secs]
Application time: 0.0000488 seconds
[GC cleanup 8620K->8620K(64M), 0.0001835 secs]
Application time: 0.1819310 seconds
[GC pause (G1 Humongous Allocation) (young) 33M->6572K(64M), 0.0102371 secs]
Application time: 0.0619824 seconds
[GC pause (G1 Humongous Allocation) (young) (initial-mark) 16M->6575K(64M), 0.0034679 secs]
[GC concurrent-root-region-scan-start]
[GC concurrent-root-region-scan-end, 0.0001113 secs]
[GC concurrent-mark-start]
[GC concurrent-mark-end, 0.0050759 secs]
Application time: 0.0052441 seconds
[GC remark, 0.0028275 secs]
Application time: 0.0000398 seconds
[GC cleanup 8111K->8111K(64M), 0.0001521 secs]
Application time: 0.1687550 seconds
[GC pause (G1 Humongous Allocation) (young) 33M->6577K(64M), 0.0103467 secs]
Application time: 0.0689300 seconds
[GC pause (G1 Humongous Allocation) (young) (initial-mark) 16M->6575K(64M), 0.0042854 secs]
[GC concurrent-root-region-scan-start]
[GC concurrent-root-region-scan-end, 0.0001455 secs]
[GC concurrent-mark-start]
[GC concurrent-mark-end, 0.0053327 secs]
Application time: 0.0055389 seconds
[GC remark, 0.0034263 secs]
Application time: 0.0001148 seconds
[GC cleanup 8623K->8623K(64M), 0.0001748 secs]
Application time: 0.1709299 seconds
[GC pause (G1 Humongous Allocation) (young) 33M->6575K(64M), 0.0092789 secs]
Application time: 0.0674541 seconds
[GC pause (G1 Humongous Allocation) (young) (initial-mark) 16M->6577K(64M), 0.0041668 secs]
[GC concurrent-root-region-scan-start]
[GC concurrent-root-region-scan-end, 0.0001200 secs]
[GC concurrent-mark-start]
[GC concurrent-mark-end, 0.0059452 secs]
Application time: 0.0065320 seconds
[GC remark, 0.0033395 secs]
Application time: 0.0000590 seconds
[GC cleanup 8625K->8625K(64M), 0.0001665 secs]
Application time: 0.1630873 seconds
[GC pause (G1 Humongous Allocation) (young) 33M->6580K(64M), 0.0092045 secs]
Application time: 0.0699993 seconds
[GC pause (G1 Humongous Allocation) (young) (initial-mark) 16M->6580K(64M), 0.0041472 secs]
[GC concurrent-root-region-scan-start]
[GC concurrent-root-region-scan-end, 0.0001404 secs]
[GC concurrent-mark-start]
[GC concurrent-mark-end, 0.0053786 secs]
Application time: 0.0104190 seconds
[GC remark, 0.0035701 secs]
Application time: 0.0000369 seconds
[GC cleanup 8628K->8628K(64M), 0.0001998 secs]
Application time: 0.1629609 seconds
[GC pause (G1 Humongous Allocation) (young) 33M->6580K(64M), 0.0093794 secs]
Application time: 0.0626187 seconds
[GC pause (G1 Humongous Allocation) (young) (initial-mark) 16M->6580K(64M), 0.0032602 secs]
[GC concurrent-root-region-scan-start]
[GC concurrent-root-region-scan-end, 0.0001444 secs]
[GC concurrent-mark-start]
[GC concurrent-mark-end, 0.0055061 secs]
Application time: 0.0056613 seconds
[GC remark, 0.0041701 secs]
Application time: 0.0000280 seconds
[GC cleanup 8116K->8116K(64M), 0.0001590 secs]
Application time: 0.1711819 seconds
[GC pause (G1 Humongous Allocation) (young) 33M->6582K(64M), 0.0074774 secs]
Application time: 0.0647796 seconds
[GC pause (G1 Humongous Allocation) (young) (initial-mark) 16M->6585K(64M), 0.0035084 secs]
[GC concurrent-root-region-scan-start]
[GC concurrent-root-region-scan-end, 0.0001385 secs]
[GC concurrent-mark-start]
[GC concurrent-mark-end, 0.0057383 secs]
Application time: 0.0059084 seconds
[GC remark, 0.0040311 secs]
Application time: 0.0000320 seconds
[GC cleanup 7609K->7609K(64M), 0.0001372 secs]
Application time: 0.1605001 seconds
[GC pause (G1 Humongous Allocation) (young) 33M->6585K(64M), 0.0075624 secs]
Application time: 0.0592609 seconds
[GC pause (G1 Humongous Allocation) (young) (initial-mark) 16M->6585K(64M), 0.0034677 secs]
[GC concurrent-root-region-scan-start]
[GC concurrent-root-region-scan-end, 0.0001274 secs]
[GC concurrent-mark-start]
[GC concurrent-mark-end, 0.0050233 secs]
Application time: 0.0052012 seconds
[GC remark, 0.0029246 secs]
Application time: 0.0000330 seconds
[GC cleanup 8121K->8121K(64M), 0.0001595 secs]
Application time: 0.1600203 seconds
[GC pause (G1 Humongous Allocation) (young) 33M->6585K(64M), 0.0073917 secs]
Application time: 0.0639299 seconds
[GC pause (G1 Humongous Allocation) (young) (initial-mark) 16M->6587K(64M), 0.0034577 secs]
[GC concurrent-root-region-scan-start]
[GC concurrent-root-region-scan-end, 0.0001334 secs]
[GC concurrent-mark-start]
[GC concurrent-mark-end, 0.0058127 secs]
Application time: 0.0059567 seconds
[GC remark, 0.0045825 secs]
Application time: 0.0000283 seconds
[GC cleanup 8123K->8123K(64M), 0.0001443 secs]
Application time: 0.1638532 seconds
[GC pause (G1 Humongous Allocation) (young) 33M->6587K(64M), 0.0075636 secs]
Application time: 0.0561900 seconds
[GC pause (G1 Humongous Allocation) (young) (initial-mark) 16M->6587K(64M), 0.0033377 secs]
[GC concurrent-root-region-scan-start]
[GC concurrent-root-region-scan-end, 0.0001253 secs]
[GC concurrent-mark-start]
[GC concurrent-mark-end, 0.0052920 secs]
Application time: 0.0054641 seconds
[GC remark, 0.0027622 secs]
Application time: 0.0000310 seconds
[GC cleanup 8123K->8123K(64M), 0.0001451 secs]
Application time: 0.1656745 seconds
[GC pause (G1 Humongous Allocation) (young) 33M->6585K(64M), 0.0077039 secs]
Application time: 0.0752568 seconds
[GC pause (G1 Humongous Allocation) (young) (initial-mark) 17M->5582K(64M), 0.0036294 secs]
[GC concurrent-root-region-scan-start]
[GC concurrent-root-region-scan-end, 0.0001250 secs]
[GC concurrent-mark-start]
[GC concurrent-mark-end, 0.0051874 secs]
Application time: 0.0053180 seconds
[GC remark, 0.0033391 secs]
Application time: 0.0000434 seconds
[GC cleanup 7118K->7118K(64M), 0.0001559 secs]
Application time: 0.1638959 seconds
[GC pause (G1 Humongous Allocation) (young) 33M->6590K(64M), 0.0077541 secs]
Application time: 0.0622881 seconds
[GC pause (G1 Humongous Allocation) (young) (initial-mark) 16M->6592K(64M), 0.0034179 secs]
[GC concurrent-root-region-scan-start]
[GC concurrent-root-region-scan-end, 0.0001256 secs]
[GC concurrent-mark-start]
[GC concurrent-mark-end, 0.0050483 secs]
Application time: 0.0052154 seconds
[GC remark, 0.0027702 secs]
Application time: 0.0000382 seconds
[GC cleanup 9664K->9664K(64M), 0.0001462 secs]
Application time: 0.1631960 seconds
[GC pause (G1 Humongous Allocation) (young) 33M->6592K(64M), 0.0073651 secs]
Application time: 0.0533840 seconds
[GC pause (G1 Humongous Allocation) (young) (initial-mark) 16M->6592K(64M), 0.0035933 secs]
[GC concurrent-root-region-scan-start]
[GC concurrent-root-region-scan-end, 0.0001084 secs]
[GC concurrent-mark-start]
[GC concurrent-mark-end, 0.0050276 secs]
Application time: 0.0051582 seconds
[GC remark, 0.0029573 secs]
Application time: 0.0106699 seconds
[GC cleanup 9664K->9664K(64M), 0.0001477 secs]
Application time: 0.1578042 seconds
[GC pause (G1 Humongous Allocation) (young) 33M->6595K(64M), 0.0074871 secs]
Application time: 0.0638719 seconds
[GC pause (G1 Humongous Allocation) (young) (initial-mark) 16M->6597K(64M), 0.0033492 secs]
[GC concurrent-root-region-scan-start]
[GC concurrent-root-region-scan-end, 0.0001365 secs]
[GC concurrent-mark-start]
[GC concurrent-mark-end, 0.0052395 secs]
Application time: 0.0054233 seconds
[GC remark, 0.0030058 secs]
Application time: 0.0000347 seconds
[GC cleanup 8133K->8133K(64M), 0.0001479 secs]
Application time: 0.1589284 seconds
[GC pause (G1 Humongous Allocation) (young) 33M->6599K(64M), 0.0076759 secs]
Application time: 0.0611037 seconds
[GC pause (G1 Humongous Allocation) (young) (initial-mark) 16M->6597K(64M), 0.0033889 secs]
[GC concurrent-root-region-scan-start]
[GC concurrent-root-region-scan-end, 0.0001394 secs]
[GC concurrent-mark-start]
[GC concurrent-mark-end, 0.0055018 secs]
Application time: 0.0056512 seconds
[GC remark, 0.0031562 secs]
Application time: 0.0000292 seconds
[GC cleanup 8133K->8133K(64M), 0.0001604 secs]
Application time: 0.1605914 seconds
[GC pause (G1 Humongous Allocation) (young) 33M->6597K(64M), 0.0073455 secs]
Application time: 0.0633532 seconds
[GC pause (G1 Humongous Allocation) (young) (initial-mark) 16M->6600K(64M), 0.0034542 secs]
[GC concurrent-root-region-scan-start]
[GC concurrent-root-region-scan-end, 0.0001266 secs]
[GC concurrent-mark-start]
[GC concurrent-mark-end, 0.0053979 secs]
Application time: 0.0055390 seconds
[GC remark, 0.0031665 secs]
Application time: 0.0000320 seconds
[GC cleanup 7624K->7624K(64M), 0.0001465 secs]
Application time: 0.1636392 seconds
[GC pause (G1 Humongous Allocation) (young) 33M->6600K(64M), 0.0077118 secs]
Application time: 0.0568764 seconds
[GC pause (G1 Humongous Allocation) (young) (initial-mark) 16M->6602K(64M), 0.0033974 secs]
[GC concurrent-root-region-scan-start]
[GC concurrent-root-region-scan-end, 0.0001231 secs]
[GC concurrent-mark-start]
[GC concurrent-mark-end, 0.0054694 secs]
Application time: 0.0056366 seconds
[GC remark, 0.0027858 secs]
Application time: 0.0000323 seconds
[GC cleanup 8138K->8138K(64M), 0.0001461 secs]
Application time: 0.1646549 seconds
[GC pause (G1 Humongous Allocation) (young) 33M->6602K(64M), 0.0074394 secs]
Application time: 0.0708804 seconds
[GC pause (G1 Humongous Allocation) (young) (initial-mark) 16M->6602K(64M), 0.0033082 secs]
[GC concurrent-root-region-scan-start]
[GC concurrent-root-region-scan-end, 0.0001714 secs]
[GC concurrent-mark-start]
[GC concurrent-mark-end, 0.0051881 secs]
Application time: 0.0054075 seconds
[GC remark, 0.0027701 secs]
Application time: 0.0000328 seconds
[GC cleanup 8138K->8138K(64M), 0.0001524 secs]
Application time: 0.1566771 seconds
[GC pause (G1 Humongous Allocation) (young) 33M->6605K(64M), 0.0073901 secs]
Application time: 0.0633202 seconds
[GC pause (G1 Humongous Allocation) (young) (initial-mark) 16M->5585K(64M), 0.0034428 secs]
[GC concurrent-root-region-scan-start]
[GC concurrent-root-region-scan-end, 0.0001213 secs]
[GC concurrent-mark-start]
[GC concurrent-mark-end, 0.0052729 secs]
Application time: 0.0054475 seconds
[GC remark, 0.0029152 secs]
Application time: 0.0000318 seconds
[GC cleanup 7121K->7121K(64M), 0.0001706 secs]
Application time: 0.1675012 seconds
[GC pause (G1 Humongous Allocation) (young) 33M->6607K(64M), 0.0076668 secs]
Application time: 0.0608106 seconds
[GC pause (G1 Humongous Allocation) (young) (initial-mark) 16M->6609K(64M), 0.0033435 secs]
[GC concurrent-root-region-scan-start]
[GC concurrent-root-region-scan-end, 0.0001305 secs]
[GC concurrent-mark-start]
[GC concurrent-mark-end, 0.0050018 secs]
Application time: 0.0051441 seconds
[GC remark, 0.0027046 secs]
Application time: 0.0005031 seconds
[GC cleanup 7633K->7633K(64M), 0.0003681 secs]
Application time: 0.1850843 seconds
[GC pause (G1 Humongous Allocation) (young) 33M->5601K(64M), 0.0100401 secs]
Application time: 0.0674651 seconds
[GC pause (G1 Humongous Allocation) (young) (initial-mark) 16M->6610K(64M), 0.0045774 secs]
[GC concurrent-root-region-scan-start]
[GC concurrent-root-region-scan-end, 0.0001394 secs]
[GC concurrent-mark-start]
[GC concurrent-mark-end, 0.0051965 secs]
Application time: 0.0054040 seconds
[GC remark, 0.0034068 secs]
Application time: 0.0000502 seconds
[GC cleanup 8146K->8146K(64M), 0.0001792 secs]
Application time: 0.1720384 seconds
[GC pause (G1 Humongous Allocation) (young) 33M->6612K(64M), 0.0094773 secs]
Application time: 0.0621434 seconds
[GC pause (G1 Humongous Allocation) (young) (initial-mark) 16M->6612K(64M), 0.0043859 secs]
[GC concurrent-root-region-scan-start]
[GC concurrent-root-region-scan-end, 0.0001199 secs]
[GC concurrent-mark-start]
[GC concurrent-mark-end, 0.0051583 secs]
Application time: 0.0053515 seconds
[GC remark, 0.0033404 secs]
Application time: 0.0000473 seconds
[GC cleanup 8148K->8148K(64M), 0.0001801 secs]
Application time: 0.1723553 seconds
[GC pause (G1 Humongous Allocation) (young) 33M->6612K(64M), 0.0092518 secs]
Application time: 0.0660511 seconds
[GC pause (G1 Humongous Allocation) (young) (initial-mark) 16M->6615K(64M), 0.0045374 secs]
[GC concurrent-root-region-scan-start]
[GC concurrent-root-region-scan-end, 0.0001414 secs]
[GC concurrent-mark-start]
[GC concurrent-mark-end, 0.0051638 secs]
Application time: 0.0053727 seconds
[GC remark, 0.0055749 secs]
Application time: 0.0000311 seconds
[GC cleanup 8151K->8151K(64M), 0.0002658 secs]
Application time: 0.1765381 seconds
[GC pause (G1 Humongous Allocation) (young) 33M->5591K(64M), 0.0099253 secs]
Application time: 0.0699747 seconds
[GC pause (G1 Humongous Allocation) (young) (initial-mark) 16M->6617K(64M), 0.0038098 secs]
[GC concurrent-root-region-scan-start]
[GC concurrent-root-region-scan-end, 0.0001306 secs]
[GC concurrent-mark-start]
[GC concurrent-mark-end, 0.0051114 secs]
Application time: 0.0053047 seconds
[GC remark, 0.0027546 secs]
Application time: 0.0000340 seconds
[GC cleanup 8153K->8153K(64M), 0.0001544 secs]
Application time: 0.1657137 seconds
[GC pause (G1 Humongous Allocation) (young) 33M->6615K(64M), 0.0076907 secs]
Application time: 0.0615603 seconds
[GC pause (G1 Humongous Allocation) (young) (initial-mark) 16M->6617K(64M), 0.0035692 secs]
[GC concurrent-root-region-scan-start]
[GC concurrent-root-region-scan-end, 0.0001662 secs]
[GC concurrent-mark-start]
[GC concurrent-mark-end, 0.0054521 secs]
Application time: 0.0056356 seconds
[GC remark, 0.0028713 secs]
Application time: 0.0000382 seconds
[GC cleanup 8153K->8153K(64M), 0.0001756 secs]
Application time: 0.1594450 seconds
[GC pause (G1 Humongous Allocation) (young) 33M->6617K(64M), 0.0075064 secs]
Application time: 0.0730203 seconds
[GC pause (G1 Humongous Allocation) (young) (initial-mark) 16M->6620K(64M), 0.0035880 secs]
[GC concurrent-root-region-scan-start]
[GC concurrent-root-region-scan-end, 0.0001462 secs]
[GC concurrent-mark-start]
[GC concurrent-mark-end, 0.0052961 secs]
Application time: 0.0054489 seconds
[GC remark, 0.0031776 secs]
Application time: 0.0000340 seconds
[GC cleanup 8156K->8156K(64M), 0.0001528 secs]
Application time: 0.1712912 seconds
[GC pause (G1 Humongous Allocation) (young) 33M->6620K(64M), 0.0098475 secs]
Application time: 0.0692171 seconds
[GC pause (G1 Humongous Allocation) (young) (initial-mark) 16M->6620K(64M), 0.0048194 secs]
[GC concurrent-root-region-scan-start]
[GC concurrent-root-region-scan-end, 0.0002794 secs]
[GC concurrent-mark-start]
[GC concurrent-mark-end, 0.0057796 secs]
Application time: 0.0060808 seconds
[GC remark, 0.0037856 secs]
Application time: 0.0000410 seconds
[GC cleanup 8668K->8668K(64M), 0.0002325 secs]
Application time: 0.1912251 seconds
[GC pause (G1 Humongous Allocation) (young) 33M->6620K(64M), 0.0098155 secs]
Application time: 0.0634402 seconds
[GC pause (G1 Humongous Allocation) (young) (initial-mark) 16M->6622K(64M), 0.0045069 secs]
[GC concurrent-root-region-scan-start]
[GC concurrent-root-region-scan-end, 0.0002529 secs]
[GC concurrent-mark-start]
[GC concurrent-mark-end, 0.0054231 secs]
Application time: 0.0056863 seconds
[GC remark, 0.0037381 secs]
Application time: 0.0000273 seconds
[GC cleanup 7646K->7646K(64M), 0.0001754 secs]
Application time: 0.1866768 seconds
[GC pause (G1 Humongous Allocation) (young) 33M->6622K(64M), 0.0095457 secs]
Application time: 0.0646751 seconds
[GC pause (G1 Humongous Allocation) (young) (initial-mark) 16M->6625K(64M), 0.0043074 secs]
[GC concurrent-root-region-scan-start]
[GC concurrent-root-region-scan-end, 0.0002592 secs]
[GC concurrent-mark-start]
[GC concurrent-mark-end, 0.0054593 secs]
Application time: 0.0057803 seconds
[GC remark, 0.0037733 secs]
Application time: 0.0000394 seconds
[GC cleanup 8161K->8161K(64M), 0.0001917 secs]
Application time: 0.1732643 seconds
[GC pause (G1 Humongous Allocation) (young) 33M->6625K(64M), 0.0094863 secs]
Application time: 0.0723576 seconds
[GC pause (G1 Humongous Allocation) (young) (initial-mark) 16M->6625K(64M), 0.0042796 secs]
[GC concurrent-root-region-scan-start]
[GC concurrent-root-region-scan-end, 0.0002359 secs]
[GC concurrent-mark-start]
[GC concurrent-mark-end, 0.0050958 secs]
Application time: 0.0053816 seconds
[GC remark, 0.0036911 secs]
Application time: 0.0000328 seconds
[GC cleanup 8161K->8161K(64M), 0.0002017 secs]
Application time: 0.1716627 seconds
[GC pause (G1 Humongous Allocation) (young) 33M->6627K(64M), 0.0080316 secs]
Application time: 0.0777354 seconds
[GC pause (G1 Humongous Allocation) (young) (initial-mark) 16M->6630K(64M), 0.0036029 secs]
[GC concurrent-root-region-scan-start]
[GC concurrent-root-region-scan-end, 0.0001332 secs]
[GC concurrent-mark-start]
[GC concurrent-mark-end, 0.0054698 secs]
Application time: 0.0056129 seconds
[GC remark, 0.0029669 secs]
Application time: 0.0000282 seconds
[GC cleanup 9702K->9702K(64M), 0.0001638 secs]
Application time: 0.1768671 seconds
[GC pause (G1 Humongous Allocation) (young) 33M->5622K(64M), 0.0080819 secs]
Application time: 0.0680678 seconds
[GC pause (G1 Humongous Allocation) (young) (initial-mark) 16M->6630K(64M), 0.0038917 secs]
[GC concurrent-root-region-scan-start]
[GC concurrent-root-region-scan-end, 0.0001430 secs]
[GC concurrent-mark-start]
[GC concurrent-mark-end, 0.0055234 secs]
Application time: 0.0057061 seconds
[GC remark, 0.0029826 secs]
Application time: 0.0000296 seconds
[GC cleanup 7654K->7654K(64M), 0.0001330 secs]
Application time: 0.1768119 seconds
[GC pause (G1 Humongous Allocation) (young) 33M->6630K(64M), 0.0080753 secs]
Application time: 0.0673074 seconds
[GC pause (G1 Humongous Allocation) (young) (initial-mark) 16M->6632K(64M), 0.0036861 secs]
[GC concurrent-root-region-scan-start]
[GC concurrent-root-region-scan-end, 0.0001425 secs]
[GC concurrent-mark-start]
[GC concurrent-mark-end, 0.0056985 secs]
Application time: 0.0058540 seconds
[GC remark, 0.0030242 secs]
Application time: 0.0000367 seconds
[GC cleanup 7656K->7656K(64M), 0.0001723 secs]
Application time: 0.1778651 seconds
[GC pause (G1 Humongous Allocation) (young) 33M->6635K(64M), 0.0083659 secs]
Application time: 0.0600290 seconds
[GC pause (G1 Humongous Allocation) (young) (initial-mark) 16M->6633K(64M), 0.0036778 secs]
[GC concurrent-root-region-scan-start]
[GC concurrent-root-region-scan-end, 0.0001460 secs]
[GC concurrent-mark-start]
[GC concurrent-mark-end, 0.0055387 secs]
Application time: 0.0057419 seconds
[GC remark, 0.0030964 secs]
Application time: 0.0000356 seconds
[GC cleanup 8169K->8169K(64M), 0.0001638 secs]
Application time: 0.1771559 seconds
[GC pause (G1 Humongous Allocation) (young) 33M->6635K(64M), 0.0086999 secs]
Application time: 0.0693894 seconds
[GC pause (G1 Humongous Allocation) (young) (initial-mark) 16M->6637K(64M), 0.0037465 secs]
[GC concurrent-root-region-scan-start]
[GC concurrent-root-region-scan-end, 0.0001683 secs]
[GC concurrent-mark-start]
[GC concurrent-mark-end, 0.0061119 secs]
Application time: 0.0063332 seconds
[GC remark, 0.0031252 secs]
Application time: 0.0000347 seconds
[GC cleanup 8173K->8173K(64M), 0.0001793 secs]
Application time: 0.1684386 seconds
[GC pause (G1 Humongous Allocation) (young) 33M->6637K(64M), 0.0078666 secs]
Application time: 0.0671972 seconds
[GC pause (G1 Humongous Allocation) (young) (initial-mark) 16M->6642K(64M), 0.0035512 secs]
[GC concurrent-root-region-scan-start]
[GC concurrent-root-region-scan-end, 0.0001854 secs]
[GC concurrent-mark-start]
[GC concurrent-mark-end, 0.0056064 secs]
Application time: 0.0058502 seconds
[GC remark, 0.0030604 secs]
Application time: 0.0000383 seconds
[GC cleanup 8178K->8178K(64M), 0.0001717 secs]
Application time: 0.1604721 seconds
[GC pause (G1 Humongous Allocation) (young) 33M->6642K(64M), 0.0081981 secs]
Application time: 0.0817718 seconds
[GC pause (G1 Humongous Allocation) (young) (initial-mark) 16M->5636K(64M), 0.0034534 secs]
[GC concurrent-root-region-scan-start]
[GC concurrent-root-region-scan-end, 0.0001246 secs]
[GC concurrent-mark-start]
[GC concurrent-mark-end, 0.0056074 secs]
Application time: 0.0057459 seconds
[GC remark, 0.0045148 secs]
Application time: 0.0000292 seconds
[GC cleanup 7172K->7172K(64M), 0.0001636 secs]
Application time: 0.1771191 seconds
[GC pause (G1 Humongous Allocation) (young) 33M->6642K(64M), 0.0080626 secs]
Application time: 0.0847293 seconds
[GC pause (G1 Humongous Allocation) (young) (initial-mark) 16M->6644K(64M), 0.0054272 secs]
[GC concurrent-root-region-scan-start]
[GC concurrent-root-region-scan-end, 0.0038840 secs]
[GC concurrent-mark-start]
[GC concurrent-mark-end, 0.0092253 secs]
Application time: 0.0131724 seconds
[GC remark, 0.0048451 secs]
Application time: 0.0014672 seconds
[GC cleanup 9204K->9204K(64M), 0.0001750 secs]
Application time: 0.1647560 seconds
[GC pause (G1 Humongous Allocation) (young) 33M->6647K(64M), 0.0077246 secs]
Application time: 0.0713688 seconds
[GC pause (G1 Humongous Allocation) (young) (initial-mark) 16M->6647K(64M), 0.0035581 secs]
[GC concurrent-root-region-scan-start]
[GC concurrent-root-region-scan-end, 0.0009237 secs]
[GC concurrent-mark-start]
[GC concurrent-mark-end, 0.0057533 secs]
Application time: 0.0067365 seconds
[GC remark, 0.0028499 secs]
Application time: 0.0000417 seconds
[GC cleanup 8183K->8183K(64M), 0.0001658 secs]
Application time: 0.1653838 seconds
[GC pause (G1 Humongous Allocation) (young) 33M->6647K(64M), 0.0077227 secs]
Application time: 0.0589143 seconds
[GC pause (G1 Humongous Allocation) (young) (initial-mark) 16M->6649K(64M), 0.0035175 secs]
[GC concurrent-root-region-scan-start]
[GC concurrent-root-region-scan-end, 0.0001097 secs]
[GC concurrent-mark-start]
[GC concurrent-mark-end, 0.0055252 secs]
Application time: 0.0056793 seconds
[GC remark, 0.0027882 secs]
Application time: 0.0000381 seconds
[GC cleanup 8697K->8697K(64M), 0.0001589 secs]
Application time: 0.1724460 seconds
[GC pause (G1 Humongous Allocation) (young) 33M->6649K(64M), 0.0077485 secs]
Application time: 0.0620631 seconds
[GC pause (G1 Humongous Allocation) (young) (initial-mark) 16M->6652K(64M), 0.0036174 secs]
[GC concurrent-root-region-scan-start]
[GC concurrent-root-region-scan-end, 0.0002017 secs]
[GC concurrent-mark-start]
[GC concurrent-mark-end, 0.0056096 secs]
Application time: 0.0058579 seconds
[GC remark, 0.0028951 secs]
Application time: 0.0000455 seconds
[GC cleanup 8188K->8188K(64M), 0.0001531 secs]
Application time: 0.1828377 seconds
[GC pause (G1 Humongous Allocation) (young) 33M->5630K(64M), 0.0078896 secs]
Application time: 0.0648675 seconds
[GC pause (G1 Humongous Allocation) (young) (initial-mark) 16M->6652K(64M), 0.0039001 secs]
[GC concurrent-root-region-scan-start]
[GC concurrent-root-region-scan-end, 0.0001465 secs]
[GC concurrent-mark-start]
[GC concurrent-mark-end, 0.0055519 secs]
Application time: 0.0057519 seconds
[GC remark, 0.0028130 secs]
Application time: 0.0000405 seconds
[GC cleanup 8188K->8188K(64M), 0.0001810 secs]
Application time: 0.1707221 seconds
[GC pause (G1 Humongous Allocation) (young) 33M->6654K(64M), 0.0077785 secs]
Application time: 0.0821918 seconds
[GC pause (G1 Humongous Allocation) (young) (initial-mark) 17M->6657K(64M), 0.0046799 secs]
[GC concurrent-root-region-scan-start]
[GC concurrent-root-region-scan-end, 0.0001485 secs]
[GC concurrent-mark-start]
[GC concurrent-mark-end, 0.0064388 secs]
Application time: 0.0066880 seconds
[GC remark, 0.0040547 secs]
Application time: 0.0000538 seconds
[GC cleanup 8193K->8193K(64M), 0.0002363 secs]
Application time: 0.1674088 seconds
[GC pause (G1 Humongous Allocation) (young) 33M->6657K(64M), 0.0106396 secs]
Application time: 0.0714522 seconds
[GC pause (G1 Humongous Allocation) (young) (initial-mark) 16M->6657K(64M), 0.0042710 secs]
[GC concurrent-root-region-scan-start]
[GC concurrent-root-region-scan-end, 0.0002282 secs]
[GC concurrent-mark-start]
[GC concurrent-mark-end, 0.0053055 secs]
Application time: 0.0056015 seconds
[GC remark, 0.0035452 secs]
Application time: 0.0000440 seconds
[GC cleanup 8193K->8193K(64M), 0.0002983 secs]
Application time: 0.1767947 seconds
[GC pause (G1 Humongous Allocation) (young) 33M->6657K(64M), 0.0094995 secs]
Application time: 0.0684720 seconds
[GC pause (G1 Humongous Allocation) (young) (initial-mark) 16M->6659K(64M), 0.0042962 secs]
[GC concurrent-root-region-scan-start]
[GC concurrent-root-region-scan-end, 0.0001290 secs]
[GC concurrent-mark-start]
[GC concurrent-mark-end, 0.0050926 secs]
Application time: 0.0052729 seconds
[GC remark, 0.0035132 secs]
Application time: 0.0000644 seconds
[GC cleanup 8195K->8195K(64M), 0.0001824 secs]
Application time: 0.1760410 seconds
[GC pause (G1 Humongous Allocation) (young) 33M->6659K(64M), 0.0097234 secs]
Application time: 0.0624835 seconds
[GC pause (G1 Humongous Allocation) (young) (initial-mark) 16M->6662K(64M), 0.0044442 secs]
[GC concurrent-root-region-scan-start]
[GC concurrent-root-region-scan-end, 0.0001292 secs]
[GC concurrent-mark-start]
[GC concurrent-mark-end, 0.0050994 secs]
Application time: 0.0067529 seconds
[GC remark, 0.0034226 secs]
Application time: 0.0000495 seconds
[GC cleanup 8198K->8198K(64M), 0.0001836 secs]
Application time: 0.1733698 seconds
[GC pause (G1 Humongous Allocation) (young) 33M->6662K(64M), 0.0096445 secs]
Application time: 0.0682706 seconds
[GC pause (G1 Humongous Allocation) (young) (initial-mark) 17M->6664K(64M), 0.0044601 secs]
[GC concurrent-root-region-scan-start]
[GC concurrent-root-region-scan-end, 0.0001213 secs]
[GC concurrent-mark-start]
[GC concurrent-mark-end, 0.0052004 secs]
Application time: 0.0099333 seconds
[GC remark, 0.0033191 secs]
Application time: 0.0000559 seconds
[GC cleanup 9736K->9736K(64M), 0.0001882 secs]
Application time: 0.1601605 seconds
[GC pause (G1 Humongous Allocation) (young) 33M->6664K(64M), 0.0096209 secs]
Application time: 0.0625067 seconds
[GC pause (G1 Humongous Allocation) (young) (initial-mark) 16M->6667K(64M), 0.0042495 secs]
[GC concurrent-root-region-scan-start]
[GC concurrent-root-region-scan-end, 0.0001214 secs]
[GC concurrent-mark-start]
[GC concurrent-mark-end, 0.0057734 secs]
Application time: 0.0059798 seconds
[GC remark, 0.0033891 secs]
Application time: 0.0000535 seconds
[GC cleanup 9739K->9739K(64M), 0.0002774 secs]
Application time: 0.1638838 seconds
[GC pause (G1 Humongous Allocation) (young) 33M->6667K(64M), 0.0097204 secs]
Application time: 0.0588374 seconds
[GC pause (G1 Humongous Allocation) (young) (initial-mark) 16M->6669K(64M), 0.0042636 secs]
[GC concurrent-root-region-scan-start]
[GC concurrent-root-region-scan-end, 0.0002230 secs]
[GC concurrent-mark-start]
[GC concurrent-mark-end, 0.0052094 secs]
Application time: 0.0054824 seconds
[GC remark, 0.0033429 secs]
Application time: 0.0000459 seconds
[GC cleanup 8205K->8205K(64M), 0.0002126 secs]
Application time: 0.1670662 seconds
[GC pause (G1 Humongous Allocation) (young) 33M->6669K(64M), 0.0093284 secs]
Application time: 0.0736990 seconds
[GC pause (G1 Humongous Allocation) (young) (initial-mark) 17M->5645K(64M), 0.0056725 secs]
[GC concurrent-root-region-scan-start]
Application time: 0.0001572 seconds
[GC concurrent-root-region-scan-end, 0.0001253 secs]
[GC concurrent-mark-start]
[GC concurrent-mark-end, 0.0112824 secs]
Application time: 0.0111160 seconds
[GC remark, 0.0047546 secs]
Application time: 0.0000718 seconds
[GC cleanup 8717K->8717K(64M), 0.0001991 secs]
Application time: 0.1771452 seconds
[GC pause (G1 Humongous Allocation) (young) 33M->5652K(64M), 0.0095274 secs]
Application time: 0.0645380 seconds
[GC pause (G1 Humongous Allocation) (young) (initial-mark) 17M->5664K(64M), 0.0043934 secs]
[GC concurrent-root-region-scan-start]
[GC concurrent-root-region-scan-end, 0.0001181 secs]
[GC concurrent-mark-start]
[GC concurrent-mark-end, 0.0043709 secs]
Application time: 0.0045456 seconds
[GC remark, 0.0032347 secs]
Application time: 0.0000456 seconds
[GC cleanup 8736K->8736K(64M), 0.0002151 secs]
Application time: 0.1617699 seconds
[GC pause (G1 Humongous Allocation) (young) 33M->6672K(64M), 0.0095489 secs]
Application time: 0.0549475 seconds
[GC pause (G1 Humongous Allocation) (young) (initial-mark) 16M->6674K(64M), 0.0040775 secs]
[GC concurrent-root-region-scan-start]
[GC concurrent-root-region-scan-end, 0.0001370 secs]
[GC concurrent-mark-start]
[GC concurrent-mark-end, 0.0041822 secs]
Application time: 0.0043710 seconds
[GC remark, 0.0032325 secs]
Application time: 0.0000460 seconds
[GC cleanup 8722K->8722K(64M), 0.0002120 secs]
Application time: 0.1502191 seconds
[GC pause (G1 Humongous Allocation) (young) 33M->6674K(64M), 0.0090099 secs]
Application time: 0.0604371 seconds
[GC pause (G1 Humongous Allocation) (young) (initial-mark) 17M->6677K(64M), 0.0041966 secs]
[GC concurrent-root-region-scan-start]
[GC concurrent-root-region-scan-end, 0.0001193 secs]
[GC concurrent-mark-start]
[GC concurrent-mark-end, 0.0044343 secs]
Application time: 0.0046124 seconds
[GC remark, 0.0032373 secs]
Application time: 0.0000496 seconds
[GC cleanup 8213K->8213K(64M), 0.0001930 secs]
Application time: 0.1488691 seconds
[GC pause (G1 Humongous Allocation) (young) 33M->6679K(64M), 0.0096585 secs]
Application time: 0.0570203 seconds
[GC pause (G1 Humongous Allocation) (young) (initial-mark) 16M->6677K(64M), 0.0042314 secs]
[GC concurrent-root-region-scan-start]
[GC concurrent-root-region-scan-end, 0.0001208 secs]
[GC concurrent-mark-start]
[GC concurrent-mark-end, 0.0043626 secs]
Application time: 0.0045299 seconds
[GC remark, 0.0033788 secs]
Application time: 0.0000459 seconds
[GC cleanup 8213K->8213K(64M), 0.0002058 secs]
Application time: 0.1484992 seconds
[GC pause (G1 Humongous Allocation) (young) 33M->6679K(64M), 0.0088996 secs]
Application time: 0.0537150 seconds
[GC pause (G1 Humongous Allocation) (young) (initial-mark) 16M->6679K(64M), 0.0041080 secs]
[GC concurrent-root-region-scan-start]
[GC concurrent-root-region-scan-end, 0.0001205 secs]
[GC concurrent-mark-start]
[GC concurrent-mark-end, 0.0042200 secs]
Application time: 0.0056169 seconds
[GC remark, 0.0034506 secs]
Application time: 0.0000554 seconds
[GC cleanup 8215K->8215K(64M), 0.0002154 secs]
Application time: 0.1459061 seconds
[GC pause (G1 Humongous Allocation) (young) 33M->6682K(64M), 0.0090650 secs]
Application time: 0.0632815 seconds
[GC pause (G1 Humongous Allocation) (young) (initial-mark) 17M->6682K(64M), 0.0040236 secs]
[GC concurrent-root-region-scan-start]
[GC concurrent-root-region-scan-end, 0.0001106 secs]
[GC concurrent-mark-start]
[GC concurrent-mark-end, 0.0042350 secs]
Application time: 0.0044142 seconds
[GC remark, 0.0032533 secs]
Application time: 0.0000442 seconds
[GC cleanup 8218K->8218K(64M), 0.0002822 secs]
Application time: 0.1439283 seconds
[GC pause (G1 Humongous Allocation) (young) 33M->6682K(64M), 0.0117042 secs]
Application time: 0.0556422 seconds
[GC pause (G1 Humongous Allocation) (young) (initial-mark) 16M->6684K(64M), 0.0041666 secs]
[GC concurrent-root-region-scan-start]
[GC concurrent-root-region-scan-end, 0.0001144 secs]
[GC concurrent-mark-start]
[GC concurrent-mark-end, 0.0045645 secs]
Application time: 0.0047264 seconds
[GC remark, 0.0035006 secs]
Application time: 0.0000454 seconds
[GC cleanup 8220K->8220K(64M), 0.0002180 secs]
Application time: 0.1470103 seconds
[GC pause (G1 Humongous Allocation) (young) 33M->6684K(64M), 0.0095183 secs]
Application time: 0.0563973 seconds
[GC pause (G1 Humongous Allocation) (young) (initial-mark) 16M->6687K(64M), 0.0046402 secs]
[GC concurrent-root-region-scan-start]
[GC concurrent-root-region-scan-end, 0.0001246 secs]
[GC concurrent-mark-start]
[GC concurrent-mark-end, 0.0042408 secs]
Application time: 0.0045120 seconds
[GC remark, 0.0032999 secs]
Application time: 0.0000513 seconds
[GC cleanup 8223K->8223K(64M), 0.0002112 secs]
Application time: 0.1552841 seconds
[GC pause (G1 Humongous Allocation) (young) 33M->6687K(64M), 0.0090718 secs]
Application time: 0.0547207 seconds
[GC pause (G1 Humongous Allocation) (young) (initial-mark) 16M->6689K(64M), 0.0040959 secs]
[GC concurrent-root-region-scan-start]
[GC concurrent-root-region-scan-end, 0.0001148 secs]
[GC concurrent-mark-start]
[GC concurrent-mark-end, 0.0045120 secs]
Application time: 0.0046794 seconds
[GC remark, 0.0046022 secs]
Application time: 0.0000478 seconds
[GC cleanup 8225K->8225K(64M), 0.0002049 secs]
Application time: 0.1485241 seconds
[GC pause (G1 Humongous Allocation) (young) 33M->6689K(64M), 0.0091479 secs]
Application time: 0.0595238 seconds
[GC pause (G1 Humongous Allocation) (young) (initial-mark) 16M->6689K(64M), 0.0040986 secs]
[GC concurrent-root-region-scan-start]
[GC concurrent-root-region-scan-end, 0.0001330 secs]
[GC concurrent-mark-start]
[GC concurrent-mark-end, 0.0047586 secs]
Application time: 0.0049420 seconds
[GC remark, 0.0034371 secs]
Application time: 0.0000495 seconds
[GC cleanup 8225K->8225K(64M), 0.0003750 secs]
Application time: 0.1544541 seconds
[GC pause (G1 Humongous Allocation) (young) 33M->6692K(64M), 0.0101271 secs]
Application time: 0.0769664 seconds
[GC pause (G1 Humongous Allocation) (young) (initial-mark) 17M->5686K(64M), 0.0035047 secs]
[GC concurrent-root-region-scan-start]
[GC concurrent-root-region-scan-end, 0.0001744 secs]
[GC concurrent-mark-start]
[GC concurrent-mark-end, 0.0057339 secs]
Application time: 0.0060379 seconds
[GC remark, 0.0029269 secs]
Application time: 0.0065640 seconds
[GC cleanup 8758K->8758K(64M), 0.0001531 secs]
Application time: 0.1661931 seconds
[GC pause (G1 Humongous Allocation) (young) 33M->6694K(64M), 0.0078217 secs]
Application time: 0.0644571 seconds
[GC pause (G1 Humongous Allocation) (young) (initial-mark) 16M->6694K(64M), 0.0047850 secs]
[GC concurrent-root-region-scan-start]
[GC concurrent-root-region-scan-end, 0.0001575 secs]
[GC concurrent-mark-start]
[GC concurrent-mark-end, 0.0070456 secs]
Application time: 0.0072649 seconds
[GC remark, 0.0038372 secs]
Application time: 0.0000579 seconds
[GC cleanup 8230K->8230K(64M), 0.0002414 secs]
Application time: 0.1693260 seconds
[GC pause (G1 Humongous Allocation) (young) 33M->6694K(64M), 0.0092532 secs]
Application time: 0.0557927 seconds
[GC pause (G1 Humongous Allocation) (young) (initial-mark) 16M->6697K(64M), 0.0040200 secs]
[GC concurrent-root-region-scan-start]
[GC concurrent-root-region-scan-end, 0.0002543 secs]
[GC concurrent-mark-start]
[GC concurrent-mark-end, 0.0047684 secs]
Application time: 0.0050713 seconds
[GC remark, 0.0036635 secs]
Application time: 0.0000481 seconds
[GC cleanup 8745K->8745K(64M), 0.0002028 secs]
Application time: 0.1436887 seconds
[GC pause (G1 Humongous Allocation) (young) 33M->6699K(64M), 0.0089279 secs]
Application time: 0.0663355 seconds
[GC pause (G1 Humongous Allocation) (young) (initial-mark) 17M->6699K(64M), 0.0045998 secs]
[GC concurrent-root-region-scan-start]
[GC concurrent-root-region-scan-end, 0.0001384 secs]
[GC concurrent-mark-start]
[GC concurrent-mark-end, 0.0043581 secs]
Application time: 0.0045471 seconds
[GC remark, 0.0033651 secs]
Application time: 0.0000463 seconds
[GC cleanup 8235K->8235K(64M), 0.0002043 secs]
Application time: 0.1477567 seconds
[GC pause (G1 Humongous Allocation) (young) 33M->6699K(64M), 0.0090544 secs]
Application time: 0.0577294 seconds
[GC pause (G1 Humongous Allocation) (young) (initial-mark) 16M->6699K(64M), 0.0041035 secs]
[GC concurrent-root-region-scan-start]
[GC concurrent-root-region-scan-end, 0.0001502 secs]
[GC concurrent-mark-start]
[GC concurrent-mark-end, 0.0045384 secs]
Application time: 0.0047442 seconds
[GC remark, 0.0033921 secs]
Application time: 0.0000453 seconds
[GC cleanup 8747K->8747K(64M), 0.0002041 secs]
Application time: 0.1503644 seconds
[GC pause (G1 Humongous Allocation) (young) 33M->6699K(64M), 0.0090537 secs]
Application time: 0.0647746 seconds
[GC pause (G1 Humongous Allocation) (young) (initial-mark) 16M->6702K(64M), 0.0041702 secs]
[GC concurrent-root-region-scan-start]
[GC concurrent-root-region-scan-end, 0.0001194 secs]
[GC concurrent-mark-start]
[GC concurrent-mark-end, 0.0045564 secs]
Application time: 0.0047365 seconds
[GC remark, 0.0036394 secs]
Application time: 0.0000825 seconds
[GC cleanup 8750K->8750K(64M), 0.0002216 secs]
Application time: 0.1659362 seconds
[GC pause (G1 Humongous Allocation) (young) 33M->6702K(64M), 0.0090296 secs]
Application time: 0.0577283 seconds
[GC pause (G1 Humongous Allocation) (young) (initial-mark) 16M->6702K(64M), 0.0041972 secs]
[GC concurrent-root-region-scan-start]
[GC concurrent-root-region-scan-end, 0.0001232 secs]
[GC concurrent-mark-start]
[GC concurrent-mark-end, 0.0048050 secs]
Application time: 0.0049886 seconds
[GC remark, 0.0036354 secs]
Application time: 0.0056406 seconds
[GC cleanup 9774K->9774K(64M), 0.0001974 secs]
Application time: 0.1501513 seconds
[GC pause (G1 Humongous Allocation) (young) 33M->6702K(64M), 0.0093075 secs]
Application time: 0.0612981 seconds
[GC pause (G1 Humongous Allocation) (young) (initial-mark) 16M->6704K(64M), 0.0042702 secs]
[GC concurrent-root-region-scan-start]
[GC concurrent-root-region-scan-end, 0.0002451 secs]
[GC concurrent-mark-start]
[GC concurrent-mark-end, 0.0048045 secs]
Application time: 0.0072610 seconds
[GC remark, 0.0051676 secs]
Application time: 0.0000495 seconds
[GC cleanup 9776K->9776K(64M), 0.0002748 secs]
Application time: 0.1509969 seconds
[GC pause (G1 Humongous Allocation) (young) 33M->6707K(64M), 0.0143828 secs]
Application time: 0.0657358 seconds
[GC pause (G1 Humongous Allocation) (young) (initial-mark) 16M->5685K(64M), 0.0042894 secs]
[GC concurrent-root-region-scan-start]
[GC concurrent-root-region-scan-end, 0.0001351 secs]
[GC concurrent-mark-start]
[GC concurrent-mark-end, 0.0048074 secs]
Application time: 0.0050069 seconds
[GC remark, 0.0036631 secs]
Application time: 0.0000492 seconds
[GC cleanup 7733K->7733K(64M), 0.0001968 secs]
Application time: 0.1674963 seconds
[GC pause (G1 Humongous Allocation) (young) 33M->6707K(64M), 0.0095914 secs]
Application time: 0.0581547 seconds
[GC pause (G1 Humongous Allocation) (young) (initial-mark) 16M->6707K(64M), 0.0042596 secs]
[GC concurrent-root-region-scan-start]
[GC concurrent-root-region-scan-end, 0.0001492 secs]
[GC concurrent-mark-start]
[GC concurrent-mark-end, 0.0049255 secs]
Application time: 0.0051377 seconds
[GC remark, 0.0036817 secs]
Application time: 0.0000551 seconds
[GC cleanup 8243K->8243K(64M), 0.0001753 secs]
Application time: 0.1759482 seconds
[GC pause (G1 Humongous Allocation) (young) 33M->6711K(64M), 0.0091106 secs]
Application time: 0.0614176 seconds
[GC pause (G1 Humongous Allocation) (young) (initial-mark) 16M->6714K(64M), 0.0041017 secs]
[GC concurrent-root-region-scan-start]
[GC concurrent-root-region-scan-end, 0.0001278 secs]
[GC concurrent-mark-start]
[GC concurrent-mark-end, 0.0045689 secs]
Application time: 0.0047631 seconds
[GC remark, 0.0033769 secs]
Application time: 0.0000546 seconds
[GC cleanup 8250K->8250K(64M), 0.0001693 secs]
Application time: 0.1970469 seconds
[GC pause (G1 Humongous Allocation) (young) 33M->6714K(64M), 0.0083444 secs]
Application time: 0.0673352 seconds
[GC pause (G1 Humongous Allocation) (young) (initial-mark) 16M->6714K(64M), 0.0037275 secs]
[GC concurrent-root-region-scan-start]
[GC concurrent-root-region-scan-end, 0.0001300 secs]
[GC concurrent-mark-start]
[GC concurrent-mark-end, 0.0056241 secs]
Application time: 0.0057959 seconds
[GC remark, 0.0030323 secs]
Application time: 0.0000498 seconds
[GC cleanup 8250K->8250K(64M), 0.0001635 secs]
Application time: 0.1799369 seconds
[GC pause (G1 Humongous Allocation) (young) 33M->6714K(64M), 0.0078599 secs]
Application time: 0.0733331 seconds
[GC pause (G1 Humongous Allocation) (young) (initial-mark) 17M->5708K(64M), 0.0034575 secs]
[GC concurrent-root-region-scan-start]
[GC concurrent-root-region-scan-end, 0.0001114 secs]
[GC concurrent-mark-start]
[GC concurrent-mark-end, 0.0055067 secs]
Application time: 0.0056747 seconds
[GC remark, 0.0027976 secs]
Application time: 0.0001330 seconds
[GC cleanup 6732K->6732K(64M), 0.0001627 secs]
Application time: 0.1779066 seconds
[GC pause (G1 Humongous Allocation) (young) 33M->5708K(64M), 0.0085433 secs]
Application time: 0.0762944 seconds
[GC pause (G1 Humongous Allocation) (young) (initial-mark) 17M->6716K(64M), 0.0052435 secs]
[GC concurrent-root-region-scan-start]
[GC concurrent-root-region-scan-end, 0.0001740 secs]
[GC concurrent-mark-start]
[GC concurrent-mark-end, 0.0079208 secs]
Application time: 0.0081626 seconds
[GC remark, 0.0038517 secs]
Application time: 0.0000554 seconds
[GC cleanup 7740K->7740K(64M), 0.0002337 secs]
Application time: 0.1827705 seconds
[GC pause (G1 Humongous Allocation) (young) 33M->6718K(64M), 0.0095570 secs]
Application time: 0.0618909 seconds
[GC pause (G1 Humongous Allocation) (young) (initial-mark) 16M->6719K(64M), 0.0042092 secs]
[GC concurrent-root-region-scan-start]
[GC concurrent-root-region-scan-end, 0.0001303 secs]
[GC concurrent-mark-start]
[GC concurrent-mark-end, 0.0055660 secs]
Application time: 0.0057757 seconds
[GC remark, 0.0037558 secs]
Application time: 0.0000536 seconds
[GC cleanup 8255K->8255K(64M), 0.0002169 secs]
Application time: 0.1777209 seconds
[GC pause (G1 Humongous Allocation) (young) 33M->6721K(64M), 0.0096629 secs]
Application time: 0.0640643 seconds
[GC pause (G1 Humongous Allocation) (young) (initial-mark) 17M->6721K(64M), 0.0042144 secs]
[GC concurrent-root-region-scan-start]
[GC concurrent-root-region-scan-end, 0.0001410 secs]
[GC concurrent-mark-start]
[GC concurrent-mark-end, 0.0051478 secs]
Application time: 0.0096066 seconds
[GC remark, 0.0048301 secs]
Application time: 0.0000338 seconds
[GC cleanup 8769K->8769K(64M), 0.0002068 secs]
Application time: 0.1666038 seconds
[GC pause (G1 Humongous Allocation) (young) 33M->6721K(64M), 0.0093562 secs]
Application time: 0.0593061 seconds
[GC pause (G1 Humongous Allocation) (young) (initial-mark) 16M->6721K(64M), 0.0042412 secs]
[GC concurrent-root-region-scan-start]
[GC concurrent-root-region-scan-end, 0.0002518 secs]
[GC concurrent-mark-start]
[GC concurrent-mark-end, 0.0055500 secs]
Application time: 0.0057958 seconds
[GC remark, 0.0036805 secs]
Application time: 0.0000356 seconds
[GC cleanup 8257K->8257K(64M), 0.0002010 secs]
Application time: 0.1736127 seconds
[GC pause (G1 Humongous Allocation) (young) 33M->6721K(64M), 0.0094435 secs]
Application time: 0.0614468 seconds
[GC pause (G1 Humongous Allocation) (young) (initial-mark) 16M->6724K(64M), 0.0034942 secs]
[GC concurrent-root-region-scan-start]
[GC concurrent-root-region-scan-end, 0.0001289 secs]
[GC concurrent-mark-start]
[GC concurrent-mark-end, 0.0055607 secs]
Application time: 0.0057391 seconds
[GC remark, 0.0027828 secs]
Application time: 0.0000335 seconds
[GC cleanup 8260K->8260K(64M), 0.0001592 secs]
Application time: 0.1740118 seconds
[GC pause (G1 Humongous Allocation) (young) 33M->6724K(64M), 0.0079530 secs]
Application time: 0.0703411 seconds
[GC pause (G1 Humongous Allocation) (young) (initial-mark) 17M->6724K(64M), 0.0034638 secs]
[GC concurrent-root-region-scan-start]
[GC concurrent-root-region-scan-end, 0.0001402 secs]
[GC concurrent-mark-start]
[GC concurrent-mark-end, 0.0055788 secs]
Application time: 0.0057921 seconds
[GC remark, 0.0028206 secs]
Application time: 0.0000321 seconds
[GC cleanup 8260K->8260K(64M), 0.0001604 secs]
Application time: 0.1575175 seconds
[GC pause (G1 Humongous Allocation) (young) 33M->6724K(64M), 0.0078545 secs]
Application time: 0.0616248 seconds
[GC pause (G1 Humongous Allocation) (young) (initial-mark) 16M->6726K(64M), 0.0032643 secs]
[GC concurrent-root-region-scan-start]
[GC concurrent-root-region-scan-end, 0.0001164 secs]
[GC concurrent-mark-start]
[GC concurrent-mark-end, 0.0051836 secs]
Application time: 0.0053429 seconds
[GC remark, 0.0030026 secs]
Application time: 0.0000323 seconds
[GC cleanup 8262K->8262K(64M), 0.0001510 secs]
Application time: 0.1581007 seconds
[GC pause (G1 Humongous Allocation) (young) 33M->6729K(64M), 0.0076265 secs]
Application time: 0.0665623 seconds
[GC pause (G1 Humongous Allocation) (young) (initial-mark) 16M->6729K(64M), 0.0034219 secs]
[GC concurrent-root-region-scan-start]
[GC concurrent-root-region-scan-end, 0.0001057 secs]
[GC concurrent-mark-start]
[GC concurrent-mark-end, 0.0054362 secs]
Application time: 0.0055857 seconds
[GC remark, 0.0029376 secs]
Application time: 0.0000318 seconds
[GC cleanup 8265K->8265K(64M), 0.0001485 secs]
Application time: 0.1764454 seconds
[GC pause (G1 Humongous Allocation) (young) 33M->6729K(64M), 0.0075260 secs]
Application time: 0.0568214 seconds
[GC pause (G1 Humongous Allocation) (young) (initial-mark) 16M->6729K(64M), 0.0034815 secs]
[GC concurrent-root-region-scan-start]
[GC concurrent-root-region-scan-end, 0.0001230 secs]
[GC concurrent-mark-start]
[GC concurrent-mark-end, 0.0052146 secs]
Application time: 0.0053871 seconds
[GC remark, 0.0028009 secs]
Application time: 0.0000332 seconds
[GC cleanup 8265K->8265K(64M), 0.0001595 secs]
Application time: 0.1683780 seconds
[GC pause (G1 Humongous Allocation) (young) 33M->6731K(64M), 0.0078301 secs]
Application time: 0.0558802 seconds
[GC pause (G1 Humongous Allocation) (young) (initial-mark) 16M->6734K(64M), 0.0034669 secs]
[GC concurrent-root-region-scan-start]
[GC concurrent-root-region-scan-end, 0.0001235 secs]
[GC concurrent-mark-start]
[GC concurrent-mark-end, 0.0055526 secs]
Application time: 0.0057292 seconds
[GC remark, 0.0029836 secs]
Application time: 0.0000323 seconds
[GC cleanup 8270K->8270K(64M), 0.0001825 secs]
Application time: 0.1645200 seconds
[GC pause (G1 Humongous Allocation) (young) 33M->6734K(64M), 0.0081191 secs]
Application time: 0.0665606 seconds
[GC pause (G1 Humongous Allocation) (young) (initial-mark) 16M->6734K(64M), 0.0034027 secs]
[GC concurrent-root-region-scan-start]
[GC concurrent-root-region-scan-end, 0.0001254 secs]
[GC concurrent-mark-start]
[GC concurrent-mark-end, 0.0052187 secs]
Application time: 0.0053899 seconds
[GC remark, 0.0029042 secs]
Application time: 0.0000316 seconds
[GC cleanup 8270K->8270K(64M), 0.0001533 secs]
Application time: 0.1560450 seconds
[GC pause (G1 Humongous Allocation) (young) 33M->6734K(64M), 0.0075976 secs]
Application time: 0.0715303 seconds
[GC pause (G1 Humongous Allocation) (young) (initial-mark) 17M->6736K(64M), 0.0035724 secs]
[GC concurrent-root-region-scan-start]
[GC concurrent-root-region-scan-end, 0.0001491 secs]
[GC concurrent-mark-start]
[GC concurrent-mark-end, 0.0053186 secs]
Application time: 0.0054679 seconds
[GC remark, 0.0046094 secs]
Application time: 0.0000358 seconds
[GC cleanup 8272K->8272K(64M), 0.0001603 secs]
Application time: 0.1713755 seconds
[GC pause (G1 Humongous Allocation) (young) 33M->6736K(64M), 0.0076534 secs]
Application time: 0.0625216 seconds
[GC pause (G1 Humongous Allocation) (young) (initial-mark) 16M->6736K(64M), 0.0035037 secs]
[GC concurrent-root-region-scan-start]
[GC concurrent-root-region-scan-end, 0.0001539 secs]
[GC concurrent-mark-start]
[GC concurrent-mark-end, 0.0055815 secs]
Application time: 0.0057472 seconds
[GC remark, 0.0031233 secs]
Application time: 0.0000259 seconds
[GC cleanup 7760K->7760K(64M), 0.0001476 secs]
Application time: 0.1777601 seconds
[GC pause (G1 Humongous Allocation) (young) 33M->6736K(64M), 0.0079196 secs]
Application time: 0.0603235 seconds
[GC pause (G1 Humongous Allocation) (young) (initial-mark) 16M->6739K(64M), 0.0034304 secs]
[GC concurrent-root-region-scan-start]
[GC concurrent-root-region-scan-end, 0.0001290 secs]
[GC concurrent-mark-start]
[GC concurrent-mark-end, 0.0051232 secs]
Application time: 0.0053013 seconds
[GC remark, 0.0027830 secs]
Application time: 0.0000356 seconds
[GC cleanup 8275K->8275K(64M), 0.0001493 secs]
Application time: 0.1864775 seconds
[GC pause (G1 Humongous Allocation) (young) 33M->6741K(64M), 0.0100646 secs]
Application time: 0.0664154 seconds
[GC pause (G1 Humongous Allocation) (young) (initial-mark) 17M->6741K(64M), 0.0045229 secs]
[GC concurrent-root-region-scan-start]
[GC concurrent-root-region-scan-end, 0.0002442 secs]
[GC concurrent-mark-start]
[GC concurrent-mark-end, 0.0053875 secs]
Application time: 0.0056417 seconds
[GC remark, 0.0039340 secs]
Application time: 0.0000322 seconds
[GC cleanup 8277K->8277K(64M), 0.0001841 secs]
Application time: 0.1909000 seconds
[GC pause (G1 Humongous Allocation) (young) 33M->6741K(64M), 0.0097224 secs]
Application time: 0.0764995 seconds
[GC pause (G1 Humongous Allocation) (young) (initial-mark) 17M->6741K(64M), 0.0042413 secs]
[GC concurrent-root-region-scan-start]
[GC concurrent-root-region-scan-end, 0.0002318 secs]
[GC concurrent-mark-start]
[GC concurrent-mark-end, 0.0051815 secs]
Application time: 0.0054641 seconds
[GC remark, 0.0037591 secs]
Application time: 0.0000341 seconds
[GC cleanup 8277K->8277K(64M), 0.0002255 secs]
Application time: 0.1717007 seconds
[GC pause (G1 Humongous Allocation) (young) 33M->6741K(64M), 0.0093927 secs]
Application time: 0.0681171 seconds
[GC pause (G1 Humongous Allocation) (young) (initial-mark) 17M->5738K(64M), 0.0043560 secs]
[GC concurrent-root-region-scan-start]
[GC concurrent-root-region-scan-end, 0.0002345 secs]
[GC concurrent-mark-start]
[GC concurrent-mark-end, 0.0051386 secs]
Application time: 0.0054292 seconds
[GC remark, 0.0035696 secs]
Application time: 0.0000368 seconds
[GC cleanup 7274K->7274K(64M), 0.0001968 secs]
Application time: 0.1860875 seconds
[GC pause (G1 Humongous Allocation) (young) 33M->5736K(64M), 0.0098202 secs]
Application time: 0.0704038 seconds
[GC pause (G1 Humongous Allocation) (young) (initial-mark) 16M->6744K(64M), 0.0047760 secs]
[GC concurrent-root-region-scan-start]
[GC concurrent-root-region-scan-end, 0.0002297 secs]
[GC concurrent-mark-start]
[GC concurrent-mark-end, 0.0055382 secs]
Application time: 0.0058016 seconds
[GC remark, 0.0058050 secs]
Application time: 0.0000299 seconds
[GC cleanup 8280K->8280K(64M), 0.0001857 secs]
Application time: 0.1764506 seconds
[GC pause (G1 Humongous Allocation) (young) 33M->6744K(64M), 0.0096077 secs]
Application time: 0.0608414 seconds
[GC pause (G1 Humongous Allocation) (young) (initial-mark) 16M->6746K(64M), 0.0043756 secs]
[GC concurrent-root-region-scan-start]
[GC concurrent-root-region-scan-end, 0.0002337 secs]
[GC concurrent-mark-start]
[GC concurrent-mark-end, 0.0053819 secs]
Application time: 0.0056660 seconds
[GC remark, 0.0037556 secs]
Application time: 0.0000448 seconds
[GC cleanup 8282K->8282K(64M), 0.0001943 secs]
Application time: 0.1772502 seconds
[GC pause (G1 Humongous Allocation) (young) 33M->5727K(64M), 0.0095246 secs]
Application time: 0.0680396 seconds
[GC pause (G1 Humongous Allocation) (young) (initial-mark) 17M->6749K(64M), 0.0047085 secs]
[GC concurrent-root-region-scan-start]
[GC concurrent-root-region-scan-end, 0.0002514 secs]
[GC concurrent-mark-start]
[GC concurrent-mark-end, 0.0056152 secs]
Application time: 0.0059148 seconds
[GC remark, 0.0036745 secs]
Application time: 0.0000352 seconds
[GC cleanup 8285K->8285K(64M), 0.0001984 secs]
Application time: 0.1699334 seconds
[GC pause (G1 Humongous Allocation) (young) 33M->6749K(64M), 0.0094901 secs]
Application time: 0.0589059 seconds
[GC pause (G1 Humongous Allocation) (young) (initial-mark) 16M->6749K(64M), 0.0043832 secs]
[GC concurrent-root-region-scan-start]
[GC concurrent-root-region-scan-end, 0.0002626 secs]
[GC concurrent-mark-start]
[GC concurrent-mark-end, 0.0054184 secs]
Application time: 0.0056726 seconds
[GC remark, 0.0039163 secs]
Application time: 0.0000341 seconds
[GC cleanup 8285K->8285K(64M), 0.0001906 secs]
Application time: 0.1829539 seconds
[GC pause (G1 Humongous Allocation) (young) 33M->6755K(64M), 0.0095513 secs]
Application time: 0.0601735 seconds
[GC pause (G1 Humongous Allocation) (young) (initial-mark) 16M->6756K(64M), 0.0042600 secs]
[GC concurrent-root-region-scan-start]
[GC concurrent-root-region-scan-end, 0.0002718 secs]
[GC concurrent-mark-start]
[GC concurrent-mark-end, 0.0075982 secs]
Application time: 0.0079315 seconds
[GC remark, 0.0033564 secs]
Application time: 0.0000360 seconds
[GC cleanup 8292K->8292K(64M), 0.0002029 secs]
Application time: 0.1662026 seconds
[GC pause (G1 Humongous Allocation) (young) 33M->6756K(64M), 0.0093942 secs]
Application time: 0.0676871 seconds
[GC pause (G1 Humongous Allocation) (young) (initial-mark) 16M->6756K(64M), 0.0042454 secs]
[GC concurrent-root-region-scan-start]
[GC concurrent-root-region-scan-end, 0.0002456 secs]
[GC concurrent-mark-start]
[GC concurrent-mark-end, 0.0054417 secs]
Application time: 0.0057013 seconds
[GC remark, 0.0060777 secs]
Application time: 0.0055189 seconds
[GC cleanup 8292K->8292K(64M), 0.0003507 secs]
Application time: 0.1637916 seconds
[GC pause (G1 Humongous Allocation) (young) 33M->6754K(64M), 0.0097658 secs]
Application time: 0.0675915 seconds
[GC pause (G1 Humongous Allocation) (young) (initial-mark) 16M->6758K(64M), 0.0042632 secs]
[GC concurrent-root-region-scan-start]
[GC concurrent-root-region-scan-end, 0.0002379 secs]
[GC concurrent-mark-start]
[GC concurrent-mark-end, 0.0054812 secs]
Application time: 0.0057727 seconds
[GC remark, 0.0035832 secs]
Application time: 0.0000332 seconds
[GC cleanup 8294K->8294K(64M), 0.0001939 secs]
Application time: 0.1701327 seconds
[GC pause (G1 Humongous Allocation) (young) 33M->6758K(64M), 0.0094693 secs]
Application time: 0.0645489 seconds
[GC pause (G1 Humongous Allocation) (young) (initial-mark) 17M->6758K(64M), 0.0042500 secs]
[GC concurrent-root-region-scan-start]
[GC concurrent-root-region-scan-end, 0.0002364 secs]
[GC concurrent-mark-start]
[GC concurrent-mark-end, 0.0052007 secs]
Application time: 0.0054840 seconds
[GC remark, 0.0036583 secs]
Application time: 0.0000319 seconds
[GC cleanup 8294K->8294K(64M), 0.0001992 secs]
Application time: 0.1694253 seconds
[GC pause (G1 Humongous Allocation) (young) 33M->6758K(64M), 0.0094163 secs]
Application time: 0.0674326 seconds
[GC pause (G1 Humongous Allocation) (young) (initial-mark) 16M->6761K(64M), 0.0043857 secs]
[GC concurrent-root-region-scan-start]
[GC concurrent-root-region-scan-end, 0.0002316 secs]
[GC concurrent-mark-start]
[GC concurrent-mark-end, 0.0054957 secs]
Application time: 0.0057734 seconds
[GC remark, 0.0037100 secs]
Application time: 0.0000360 seconds
[GC cleanup 8297K->8297K(64M), 0.0001930 secs]
Application time: 0.1685106 seconds
[GC pause (G1 Humongous Allocation) (young) 33M->6761K(64M), 0.0094507 secs]
Application time: 0.0707742 seconds
[GC pause (G1 Humongous Allocation) (young) (initial-mark) 16M->6763K(64M), 0.0042667 secs]
[GC concurrent-root-region-scan-start]
[GC concurrent-root-region-scan-end, 0.0002280 secs]
[GC concurrent-mark-start]
[GC concurrent-mark-end, 0.0051358 secs]
Application time: 0.0054182 seconds
[GC remark, 0.0036254 secs]
Application time: 0.0000372 seconds
[GC cleanup 8299K->8299K(64M), 0.0001966 secs]
Application time: 0.1750378 seconds
[GC pause (G1 Humongous Allocation) (young) 33M->5741K(64M), 0.0096303 secs]
Application time: 0.0680867 seconds
[GC pause (G1 Humongous Allocation) (young) (initial-mark) 17M->6763K(64M), 0.0047394 secs]
[GC concurrent-root-region-scan-start]
[GC concurrent-root-region-scan-end, 0.0002396 secs]
[GC concurrent-mark-start]
[GC concurrent-mark-end, 0.0054677 secs]
Application time: 0.0057712 seconds
[GC remark, 0.0033765 secs]
Application time: 0.0000313 seconds
[GC cleanup 8299K->8299K(64M), 0.0001887 secs]
Application time: 0.1729219 seconds
[GC pause (G1 Humongous Allocation) (young) 33M->6763K(64M), 0.0094230 secs]
Application time: 0.0598923 seconds
[GC pause (G1 Humongous Allocation) (young) (initial-mark) 16M->6766K(64M), 0.0043199 secs]
[GC concurrent-root-region-scan-start]
[GC concurrent-root-region-scan-end, 0.0002980 secs]
[GC concurrent-mark-start]
[GC concurrent-mark-end, 0.0051514 secs]
Application time: 0.0054730 seconds
[GC remark, 0.0034028 secs]
Application time: 0.0000351 seconds
[GC cleanup 8302K->8302K(64M), 0.0001734 secs]
Application time: 0.1742792 seconds
[GC pause (G1 Humongous Allocation) (young) 33M->6766K(64M), 0.0094881 secs]
Application time: 0.0607015 seconds
[GC pause (G1 Humongous Allocation) (young) (initial-mark) 16M->6766K(64M), 0.0042982 secs]
[GC concurrent-root-region-scan-start]
[GC concurrent-root-region-scan-end, 0.0002432 secs]
[GC concurrent-mark-start]
[GC concurrent-mark-end, 0.0055638 secs]
Application time: 0.0058505 seconds
[GC remark, 0.0037232 secs]
Application time: 0.0000288 seconds
[GC cleanup 8302K->8302K(64M), 0.0002037 secs]
Application time: 0.1838991 seconds
[GC pause (G1 Humongous Allocation) (young) 33M->6766K(64M), 0.0093999 secs]
Application time: 0.0624383 seconds
[GC pause (G1 Humongous Allocation) (young) (initial-mark) 16M->6768K(64M), 0.0043686 secs]
[GC concurrent-root-region-scan-start]
[GC concurrent-root-region-scan-end, 0.0002354 secs]
[GC concurrent-mark-start]
[GC concurrent-mark-end, 0.0054329 secs]
Application time: 0.0056765 seconds
[GC remark, 0.0040201 secs]
Application time: 0.0000332 seconds
[GC cleanup 8304K->8304K(64M), 0.0001853 secs]
Application time: 0.1645344 seconds
[GC pause (G1 Humongous Allocation) (young) 33M->6773K(64M), 0.0094190 secs]
Application time: 0.0666256 seconds
[GC pause (G1 Humongous Allocation) (young) (initial-mark) 16M->6775K(64M), 0.0042213 secs]
[GC concurrent-root-region-scan-start]
[GC concurrent-root-region-scan-end, 0.0002120 secs]
[GC concurrent-mark-start]
[GC concurrent-mark-end, 0.0052488 secs]
Application time: 0.0055102 seconds
[GC remark, 0.0034185 secs]
Application time: 0.0000357 seconds
[GC cleanup 8311K->8311K(64M), 0.0001990 secs]
Application time: 0.1791374 seconds
[GC pause (G1 Humongous Allocation) (young) 33M->6773K(64M), 0.0093409 secs]
Application time: 0.0595898 seconds
[GC pause (G1 Humongous Allocation) (young) (initial-mark) 16M->6773K(64M), 0.0043630 secs]
[GC concurrent-root-region-scan-start]
[GC concurrent-root-region-scan-end, 0.0002432 secs]
[GC concurrent-mark-start]
[GC concurrent-mark-end, 0.0054413 secs]
Application time: 0.0057310 seconds
[GC remark, 0.0035973 secs]
Application time: 0.0000375 seconds
[GC cleanup 8309K->8309K(64M), 0.0001890 secs]
Application time: 0.1760581 seconds
[GC pause (G1 Humongous Allocation) (young) 33M->6773K(64M), 0.0093154 secs]
Application time: 0.0595702 seconds
[GC pause (G1 Humongous Allocation) (young) (initial-mark) 16M->6775K(64M), 0.0043440 secs]
[GC concurrent-root-region-scan-start]
[GC concurrent-root-region-scan-end, 0.0002535 secs]
[GC concurrent-mark-start]
[GC concurrent-mark-end, 0.0054666 secs]
Application time: 0.0057343 seconds
[GC remark, 0.0033740 secs]
Application time: 0.0000356 seconds
[GC cleanup 8311K->8311K(64M), 0.0001810 secs]
Application time: 0.1708580 seconds
[GC pause (G1 Humongous Allocation) (young) 33M->6775K(64M), 0.0093514 secs]
Application time: 0.0590521 seconds
[GC pause (G1 Humongous Allocation) (young) (initial-mark) 16M->6775K(64M), 0.0042599 secs]
[GC concurrent-root-region-scan-start]
[GC concurrent-root-region-scan-end, 0.0002220 secs]
[GC concurrent-mark-start]
[GC concurrent-mark-end, 0.0052597 secs]
Application time: 0.0055484 seconds
[GC remark, 0.0035815 secs]
Application time: 0.0000358 seconds
[GC cleanup 8311K->8311K(64M), 0.0002072 secs]
Application time: 0.1757347 seconds
[GC pause (G1 Humongous Allocation) (young) 33M->6775K(64M), 0.0093522 secs]
Application time: 0.0647721 seconds
[GC pause (G1 Humongous Allocation) (young) (initial-mark) 17M->6778K(64M), 0.0042713 secs]
[GC concurrent-root-region-scan-start]
[GC concurrent-root-region-scan-end, 0.0002477 secs]
[GC concurrent-mark-start]
[GC concurrent-mark-end, 0.0055582 secs]
Application time: 0.0058084 seconds
[GC remark, 0.0033699 secs]
Application time: 0.0000311 seconds
[GC cleanup 8314K->8314K(64M), 0.0001881 secs]
Application time: 0.1709891 seconds
[GC pause (G1 Humongous Allocation) (young) 33M->6778K(64M), 0.0093307 secs]
Application time: 0.0629371 seconds
[GC pause (G1 Humongous Allocation) (young) (initial-mark) 16M->6778K(64M), 0.0042683 secs]
[GC concurrent-root-region-scan-start]
[GC concurrent-root-region-scan-end, 0.0002346 secs]
[GC concurrent-mark-start]
[GC concurrent-mark-end, 0.0051805 secs]
Application time: 0.0054619 seconds
[GC remark, 0.0033595 secs]
Application time: 0.0000376 seconds
[GC cleanup 8314K->8314K(64M), 0.0001887 secs]
Application time: 0.1634968 seconds
[GC pause (G1 Humongous Allocation) (young) 33M->6778K(64M), 0.0094491 secs]
Application time: 0.0612191 seconds
[GC pause (G1 Humongous Allocation) (young) (initial-mark) 16M->6778K(64M), 0.0043058 secs]
[GC concurrent-root-region-scan-start]
[GC concurrent-root-region-scan-end, 0.0002620 secs]
[GC concurrent-mark-start]
[GC concurrent-mark-end, 0.0055205 secs]
Application time: 0.0058334 seconds
[GC remark, 0.0036212 secs]
Application time: 0.0000319 seconds
[GC cleanup 8314K->8314K(64M), 0.0001805 secs]
Application time: 0.1743172 seconds
[GC pause (G1 Humongous Allocation) (young) 33M->6780K(64M), 0.0094437 secs]
Application time: 0.0629669 seconds
[GC pause (G1 Humongous Allocation) (young) (initial-mark) 16M->6780K(64M), 0.0043250 secs]
[GC concurrent-root-region-scan-start]
[GC concurrent-root-region-scan-end, 0.0002351 secs]
[GC concurrent-mark-start]
[GC concurrent-mark-end, 0.0052576 secs]
Application time: 0.0055284 seconds
[GC remark, 0.0059143 secs]
Application time: 0.0046407 seconds
[GC cleanup 8316K->8316K(64M), 0.0003109 secs]
Application time: 0.1687314 seconds
[GC pause (G1 Humongous Allocation) (young) 33M->6778K(64M), 0.0099582 secs]
Application time: 0.0680834 seconds
[GC pause (G1 Humongous Allocation) (young) (initial-mark) 17M->6780K(64M), 0.0049860 secs]
[GC concurrent-root-region-scan-start]
[GC concurrent-root-region-scan-end, 0.0002479 secs]
[GC concurrent-mark-start]
[GC concurrent-mark-end, 0.0051865 secs]
Application time: 0.0055244 seconds
[GC remark, 0.0035011 secs]
Application time: 0.0000504 seconds
[GC cleanup 8828K->8828K(64M), 0.0002432 secs]
Application time: 0.1703920 seconds
[GC pause (G1 Humongous Allocation) (young) 33M->6780K(64M), 0.0094808 secs]
Application time: 0.0626270 seconds
[GC pause (G1 Humongous Allocation) (young) (initial-mark) 16M->6783K(64M), 0.0043097 secs]
[GC concurrent-root-region-scan-start]
[GC concurrent-root-region-scan-end, 0.0001416 secs]
[GC concurrent-mark-start]
[GC concurrent-mark-end, 0.0051058 secs]
Application time: 0.0052972 seconds
[GC remark, 0.0034172 secs]
Application time: 0.0000457 seconds
[GC cleanup 8319K->8319K(64M), 0.0002048 secs]
Application time: 0.1835480 seconds
[GC pause (G1 Humongous Allocation) (young) 33M->6783K(64M), 0.0094878 secs]
Application time: 0.0595228 seconds
[GC pause (G1 Humongous Allocation) (young) (initial-mark) 16M->6783K(64M), 0.0038122 secs]
[GC concurrent-root-region-scan-start]
[GC concurrent-root-region-scan-end, 0.0001516 secs]
[GC concurrent-mark-start]
[GC concurrent-mark-end, 0.0052418 secs]
Application time: 0.0054375 seconds
[GC remark, 0.0033282 secs]
Application time: 0.0000436 seconds
[GC cleanup 8319K->8319K(64M), 0.0003232 secs]
Application time: 0.1766837 seconds
[GC pause (G1 Humongous Allocation) (young) 33M->6783K(64M), 0.0110101 secs]
Application time: 0.0632292 seconds
[GC pause (G1 Humongous Allocation) (young) (initial-mark) 17M->6783K(64M), 0.0043541 secs]
[GC concurrent-root-region-scan-start]
[GC concurrent-root-region-scan-end, 0.0001292 secs]
[GC concurrent-mark-start]
[GC concurrent-mark-end, 0.0056197 secs]
Application time: 0.0058006 seconds
[GC remark, 0.0036861 secs]
Application time: 0.0000567 seconds
[GC cleanup 8319K->8319K(64M), 0.0001912 secs]
Application time: 0.1688115 seconds
[GC pause (G1 Humongous Allocation) (young) 33M->6785K(64M), 0.0095006 secs]
Application time: 0.0710767 seconds
[GC pause (G1 Humongous Allocation) (young) (initial-mark) 17M->6785K(64M), 0.0042105 secs]
[GC concurrent-root-region-scan-start]
[GC concurrent-root-region-scan-end, 0.0001227 secs]
[GC concurrent-mark-start]
[GC concurrent-mark-end, 0.0052866 secs]
Application time: 0.0054795 seconds
[GC remark, 0.0033727 secs]
Application time: 0.0000455 seconds
[GC cleanup 8321K->8321K(64M), 0.0002688 secs]
Application time: 0.1670039 seconds
[GC pause (G1 Humongous Allocation) (young) 33M->6785K(64M), 0.0094835 secs]
Application time: 0.0637508 seconds
[GC pause (G1 Humongous Allocation) (young) (initial-mark) 16M->5761K(64M), 0.0043578 secs]
[GC concurrent-root-region-scan-start]
[GC concurrent-root-region-scan-end, 0.0001301 secs]
[GC concurrent-mark-start]
[GC concurrent-mark-end, 0.0052576 secs]
Application time: 0.0054451 seconds
[GC remark, 0.0035465 secs]
Application time: 0.0000519 seconds
[GC cleanup 8833K->8833K(64M), 0.0002108 secs]
Application time: 0.1754756 seconds
[GC pause (G1 Humongous Allocation) (young) 33M->6787K(64M), 0.0098773 secs]
Application time: 0.0659081 seconds
[GC pause (G1 Humongous Allocation) (young) (initial-mark) 17M->6790K(64M), 0.0042734 secs]
[GC concurrent-root-region-scan-start]
[GC concurrent-root-region-scan-end, 0.0001272 secs]
[GC concurrent-mark-start]
[GC concurrent-mark-end, 0.0052029 secs]
Application time: 0.0053855 seconds
[GC remark, 0.0034676 secs]
Application time: 0.0000467 seconds
[GC cleanup 8838K->8838K(64M), 0.0002042 secs]
Application time: 0.1638115 seconds
[GC pause (G1 Humongous Allocation) (young) 33M->6788K(64M), 0.0095415 secs]
Application time: 0.0713468 seconds
[GC pause (G1 Humongous Allocation) (young) (initial-mark) 17M->6788K(64M), 0.0042856 secs]
[GC concurrent-root-region-scan-start]
[GC concurrent-root-region-scan-end, 0.0001361 secs]
[GC concurrent-mark-start]
[GC concurrent-mark-end, 0.0050079 secs]
Application time: 0.0052021 seconds
[GC remark, 0.0034212 secs]
Application time: 0.0000861 seconds
[GC cleanup 9860K->9860K(64M), 0.0002206 secs]
Application time: 0.1635914 seconds
[GC pause (G1 Humongous Allocation) (young) 33M->6788K(64M), 0.0097753 secs]
Application time: 0.0636779 seconds
[GC pause (G1 Humongous Allocation) (young) (initial-mark) 16M->6790K(64M), 0.0042777 secs]
[GC concurrent-root-region-scan-start]
[GC concurrent-root-region-scan-end, 0.0001342 secs]
[GC concurrent-mark-start]
[GC concurrent-mark-end, 0.0050405 secs]
Application time: 0.0052285 seconds
[GC remark, 0.0034522 secs]
Application time: 0.0000480 seconds
[GC cleanup 8326K->8326K(64M), 0.0001869 secs]
Application time: 0.1736964 seconds
[GC pause (G1 Humongous Allocation) (young) 33M->6793K(64M), 0.0093321 secs]
Application time: 0.0657750 seconds
[GC pause (G1 Humongous Allocation) (young) (initial-mark) 16M->6793K(64M), 0.0043591 secs]
[GC concurrent-root-region-scan-start]
[GC concurrent-root-region-scan-end, 0.0001456 secs]
[GC concurrent-mark-start]
[GC concurrent-mark-end, 0.0050233 secs]
Application time: 0.0051550 seconds
[GC remark, 0.0035602 secs]
Application time: 0.0092118 seconds
[GC cleanup 8841K->8841K(64M), 0.0002265 secs]
Application time: 0.1680273 seconds
[GC pause (G1 Humongous Allocation) (young) 33M->6793K(64M), 0.0094406 secs]
Application time: 0.0649431 seconds
[GC pause (G1 Humongous Allocation) (young) (initial-mark) 17M->6793K(64M), 0.0041872 secs]
[GC concurrent-root-region-scan-start]
[GC concurrent-root-region-scan-end, 0.0001246 secs]
[GC concurrent-mark-start]
[GC concurrent-mark-end, 0.0049804 secs]
Application time: 0.0051721 seconds
[GC remark, 0.0043789 secs]
Application time: 0.0000479 seconds
[GC cleanup 8329K->8329K(64M), 0.0002018 secs]
Application time: 0.1787083 seconds
[GC pause (G1 Humongous Allocation) (young) 33M->6795K(64M), 0.0092867 secs]
Application time: 0.0600312 seconds
[GC pause (G1 Humongous Allocation) (young) (initial-mark) 16M->6798K(64M), 0.0041009 secs]
[GC concurrent-root-region-scan-start]
[GC concurrent-root-region-scan-end, 0.0001295 secs]
[GC concurrent-mark-start]
[GC concurrent-mark-end, 0.0049730 secs]
Application time: 0.0051516 seconds
[GC remark, 0.0033623 secs]
Application time: 0.0000888 seconds
[GC cleanup 8846K->8846K(64M), 0.0002103 secs]
Application time: 0.1647932 seconds
[GC pause (G1 Humongous Allocation) (young) 33M->6798K(64M), 0.0095307 secs]
Application time: 0.0651549 seconds
[GC pause (G1 Humongous Allocation) (young) (initial-mark) 16M->6798K(64M), 0.0042195 secs]
[GC concurrent-root-region-scan-start]
[GC concurrent-root-region-scan-end, 0.0001217 secs]
[GC concurrent-mark-start]
[GC concurrent-mark-end, 0.0050533 secs]
Application time: 0.0098839 seconds
[GC remark, 0.0034401 secs]
Application time: 0.0000321 seconds
[GC cleanup 8846K->8846K(64M), 0.0001957 secs]
Application time: 0.1650641 seconds
[GC pause (G1 Humongous Allocation) (young) 33M->6798K(64M), 0.0094302 secs]
Application time: 0.0644669 seconds
[GC pause (G1 Humongous Allocation) (young) (initial-mark) 17M->6800K(64M), 0.0040292 secs]
[GC concurrent-root-region-scan-start]
[GC concurrent-root-region-scan-end, 0.0002200 secs]
[GC concurrent-mark-start]
[GC concurrent-mark-end, 0.0052697 secs]
Application time: 0.0055480 seconds
[GC remark, 0.0034483 secs]
Application time: 0.0000353 seconds
[GC cleanup 8336K->8336K(64M), 0.0002042 secs]
Application time: 0.1777543 seconds
[GC pause (G1 Humongous Allocation) (young) 33M->6800K(64M), 0.0092519 secs]
Application time: 0.0623719 seconds
[GC pause (G1 Humongous Allocation) (young) (initial-mark) 16M->6802K(64M), 0.0042787 secs]
[GC concurrent-root-region-scan-start]
[GC concurrent-root-region-scan-end, 0.0002348 secs]
[GC concurrent-mark-start]
[GC concurrent-mark-end, 0.0053601 secs]
Application time: 0.0056394 seconds
[GC remark, 0.0037606 secs]
Application time: 0.0000684 seconds
[GC cleanup 7826K->7826K(64M), 0.0002142 secs]
Application time: 0.1689929 seconds
[GC pause (G1 Humongous Allocation) (young) 33M->6800K(64M), 0.0092429 secs]
Application time: 0.0666042 seconds
[GC pause (G1 Humongous Allocation) (young) (initial-mark) 16M->6800K(64M), 0.0040133 secs]
[GC concurrent-root-region-scan-start]
[GC concurrent-root-region-scan-end, 0.0002003 secs]
[GC concurrent-mark-start]
[GC concurrent-mark-end, 0.0049333 secs]
Application time: 0.0051827 seconds
[GC remark, 0.0035401 secs]
Application time: 0.0000421 seconds
[GC cleanup 8336K->8336K(64M), 0.0002328 secs]
Application time: 0.1696440 seconds
[GC pause (G1 Humongous Allocation) (young) 33M->6803K(64M), 0.0094102 secs]
Application time: 0.0678914 seconds
[GC pause (G1 Humongous Allocation) (young) (initial-mark) 16M->5779K(64M), 0.0041106 secs]
[GC concurrent-root-region-scan-start]
[GC concurrent-root-region-scan-end, 0.0001865 secs]
[GC concurrent-mark-start]
[GC concurrent-mark-end, 0.0050385 secs]
Application time: 0.0052769 seconds
[GC remark, 0.0035252 secs]
Application time: 0.0000455 seconds
[GC cleanup 8851K->8851K(64M), 0.0002297 secs]
Application time: 0.1705474 seconds
[GC pause (G1 Humongous Allocation) (young) 33M->6803K(64M), 0.0098480 secs]
Application time: 0.0655306 seconds
[GC pause (G1 Humongous Allocation) (young) (initial-mark) 16M->6803K(64M), 0.0043588 secs]
[GC concurrent-root-region-scan-start]
[GC concurrent-root-region-scan-end, 0.0001287 secs]
[GC concurrent-mark-start]
[GC concurrent-mark-end, 0.0049943 secs]
Application time: 0.0051727 seconds
[GC remark, 0.0036212 secs]
Application time: 0.0000484 seconds
[GC cleanup 9875K->9875K(64M), 0.0001921 secs]
Application time: 0.1653528 seconds
[GC pause (G1 Humongous Allocation) (young) 33M->6803K(64M), 0.0094737 secs]
Application time: 0.0665070 seconds
[GC pause (G1 Humongous Allocation) (young) (initial-mark) 16M->6805K(64M), 0.0042092 secs]
[GC concurrent-root-region-scan-start]
[GC concurrent-root-region-scan-end, 0.0001204 secs]
[GC concurrent-mark-start]
[GC concurrent-mark-end, 0.0050133 secs]
Application time: 0.0052082 seconds
[GC remark, 0.0035810 secs]
Application time: 0.0000511 seconds
[GC cleanup 9877K->9877K(64M), 0.0001904 secs]
Application time: 0.1654038 seconds
[GC pause (G1 Humongous Allocation) (young) 33M->6805K(64M), 0.0093204 secs]
Application time: 0.0635160 seconds
[GC pause (G1 Humongous Allocation) (young) (initial-mark) 16M->6805K(64M), 0.0043788 secs]
[GC concurrent-root-region-scan-start]
[GC concurrent-root-region-scan-end, 0.0001229 secs]
[GC concurrent-mark-start]
[GC concurrent-mark-end, 0.0049090 secs]
Application time: 0.0050995 seconds
[GC remark, 0.0033155 secs]
Application time: 0.0000447 seconds
[GC cleanup 8853K->8853K(64M), 0.0001897 secs]
Application time: 0.1700918 seconds
[GC pause (G1 Humongous Allocation) (young) 33M->6807K(64M), 0.0092658 secs]
Application time: 0.0656525 seconds
[GC pause (G1 Humongous Allocation) (young) (initial-mark) 17M->6808K(64M), 0.0041450 secs]
[GC concurrent-root-region-scan-start]
[GC concurrent-root-region-scan-end, 0.0001169 secs]
[GC concurrent-mark-start]
[GC concurrent-mark-end, 0.0048830 secs]
Application time: 0.0107787 seconds
[GC remark, 0.0034699 secs]
Application time: 0.0000531 seconds
[GC cleanup 9880K->9880K(64M), 0.0001732 secs]
Application time: 0.1624330 seconds
[GC pause (G1 Humongous Allocation) (young) 33M->6810K(64M), 0.0094518 secs]
Application time: 0.0606580 seconds
[GC pause (G1 Humongous Allocation) (young) (initial-mark) 16M->6810K(64M), 0.0041503 secs]
[GC concurrent-root-region-scan-start]
[GC concurrent-root-region-scan-end, 0.0001300 secs]
[GC concurrent-mark-start]
[GC concurrent-mark-end, 0.0049351 secs]
Application time: 0.0051224 seconds
[GC remark, 0.0033618 secs]
Application time: 0.0000436 seconds
[GC cleanup 8858K->8858K(64M), 0.0001812 secs]
Application time: 0.1667617 seconds
[GC pause (G1 Humongous Allocation) (young) 33M->6808K(64M), 0.0092308 secs]
Application time: 0.0665995 seconds
[GC pause (G1 Humongous Allocation) (young) (initial-mark) 16M->6810K(64M), 0.0042468 secs]
[GC concurrent-root-region-scan-start]
[GC concurrent-root-region-scan-end, 0.0001197 secs]
[GC concurrent-mark-start]
[GC concurrent-mark-end, 0.0049878 secs]
Application time: 0.0051588 seconds
[GC remark, 0.0035116 secs]
Application time: 0.0000477 seconds
[GC cleanup 8346K->8346K(64M), 0.0002109 secs]
Application time: 0.1802056 seconds
[GC pause (G1 Humongous Allocation) (young) 33M->6813K(64M), 0.0093464 secs]
Application time: 0.0671230 seconds
[GC pause (G1 Humongous Allocation) (young) (initial-mark) 16M->6815K(64M), 0.0041343 secs]
[GC concurrent-root-region-scan-start]
[GC concurrent-root-region-scan-end, 0.0002196 secs]
[GC concurrent-mark-start]
[GC concurrent-mark-end, 0.0049407 secs]
Application time: 0.0072786 seconds
[GC remark, 0.0034438 secs]
Application time: 0.0000485 seconds
[GC cleanup 9887K->9887K(64M), 0.0002154 secs]
Application time: 0.1639885 seconds
[GC pause (G1 Humongous Allocation) (young) 33M->6815K(64M), 0.0092845 secs]
Application time: 0.0676294 seconds
[GC pause (G1 Humongous Allocation) (young) (initial-mark) 16M->6815K(64M), 0.0042241 secs]
[GC concurrent-root-region-scan-start]
[GC concurrent-root-region-scan-end, 0.0001395 secs]
[GC concurrent-mark-start]
[GC concurrent-mark-end, 0.0049210 secs]
Application time: 0.0051261 seconds
[GC remark, 0.0033598 secs]
Application time: 0.0000559 seconds
[GC cleanup 8351K->8351K(64M), 0.0001955 secs]
Application time: 0.1701871 seconds
[GC pause (G1 Humongous Allocation) (young) 33M->6815K(64M), 0.0093609 secs]
Application time: 0.0726209 seconds
[GC pause (G1 Humongous Allocation) (young) (initial-mark) 17M->5810K(64M), 0.0041857 secs]
[GC concurrent-root-region-scan-start]
[GC concurrent-root-region-scan-end, 0.0001219 secs]
[GC concurrent-mark-start]
[GC concurrent-mark-end, 0.0049489 secs]
Application time: 0.0051318 seconds
[GC remark, 0.0033883 secs]
Application time: 0.0000444 seconds
[GC cleanup 8882K->8882K(64M), 0.0002597 secs]
Application time: 0.1703887 seconds
[GC pause (G1 Humongous Allocation) (young) 33M->6820K(64M), 0.0096870 secs]
Application time: 0.0647106 seconds
[GC pause (G1 Humongous Allocation) (young) (initial-mark) 16M->6820K(64M), 0.0041581 secs]
[GC concurrent-root-region-scan-start]
[GC concurrent-root-region-scan-end, 0.0001209 secs]
[GC concurrent-mark-start]
[GC concurrent-mark-end, 0.0049837 secs]
Application time: 0.0051550 seconds
[GC remark, 0.0034808 secs]
Application time: 0.0000525 seconds
[GC cleanup 9892K->9892K(64M), 0.0001858 secs]
Application time: 0.1647049 seconds
[GC pause (G1 Humongous Allocation) (young) 33M->6820K(64M), 0.0093264 secs]
Application time: 0.0626134 seconds
[GC pause (G1 Humongous Allocation) (young) (initial-mark) 16M->6823K(64M), 0.0040688 secs]
[GC concurrent-root-region-scan-start]
[GC concurrent-root-region-scan-end, 0.0001200 secs]
[GC concurrent-mark-start]
[GC concurrent-mark-end, 0.0048868 secs]
Application time: 0.0096435 seconds
[GC remark, 0.0033233 secs]
Application time: 0.0000571 seconds
[GC cleanup 8871K->8871K(64M), 0.0001987 secs]
Application time: 0.1676184 seconds
[GC pause (G1 Humongous Allocation) (young) 33M->6823K(64M), 0.0093980 secs]
Application time: 0.0604221 seconds
[GC pause (G1 Humongous Allocation) (young) (initial-mark) 17M->6825K(64M), 0.0040376 secs]
[GC concurrent-root-region-scan-start]
[GC concurrent-root-region-scan-end, 0.0002057 secs]
[GC concurrent-mark-start]
[GC concurrent-mark-end, 0.0049900 secs]
Application time: 0.0063137 seconds
[GC remark, 0.0034139 secs]
Application time: 0.0000520 seconds
[GC cleanup 8361K->8361K(64M), 0.0001916 secs]
Application time: 0.1661371 seconds
[GC pause (G1 Humongous Allocation) (young) 33M->6825K(64M), 0.0092252 secs]
Application time: 0.0664967 seconds
[GC pause (G1 Humongous Allocation) (young) (initial-mark) 16M->6825K(64M), 0.0042524 secs]
[GC concurrent-root-region-scan-start]
[GC concurrent-root-region-scan-end, 0.0001479 secs]
[GC concurrent-mark-start]
[GC concurrent-mark-end, 0.0049099 secs]
Application time: 0.0051103 seconds
[GC remark, 0.0033594 secs]
Application time: 0.0000503 seconds
[GC cleanup 8361K->8361K(64M), 0.0002002 secs]
Application time: 0.1722803 seconds
[GC pause (G1 Humongous Allocation) (young) 33M->6825K(64M), 0.0093538 secs]
Application time: 0.0664239 seconds
[GC pause (G1 Humongous Allocation) (young) (initial-mark) 16M->6828K(64M), 0.0040508 secs]
[GC concurrent-root-region-scan-start]
[GC concurrent-root-region-scan-end, 0.0001956 secs]
[GC concurrent-mark-start]
[GC concurrent-mark-end, 0.0049510 secs]
Application time: 0.0064184 seconds
[GC remark, 0.0034383 secs]
Application time: 0.0000640 seconds
[GC cleanup 8364K->8364K(64M), 0.0002154 secs]
Application time: 0.1660895 seconds
[GC pause (G1 Humongous Allocation) (young) 33M->6828K(64M), 0.0092986 secs]
Application time: 0.0683745 seconds
[GC pause (G1 Humongous Allocation) (young) (initial-mark) 17M->6828K(64M), 0.0041792 secs]
[GC concurrent-root-region-scan-start]
[GC concurrent-root-region-scan-end, 0.0001241 secs]
[GC concurrent-mark-start]
[GC concurrent-mark-end, 0.0050184 secs]
Application time: 0.0081523 seconds
[GC remark, 0.0034199 secs]
Application time: 0.0000723 seconds
[GC cleanup 9900K->9900K(64M), 0.0002002 secs]
Application time: 0.1629498 seconds
[GC pause (G1 Humongous Allocation) (young) 33M->6828K(64M), 0.0092789 secs]
Application time: 0.0588207 seconds
[GC pause (G1 Humongous Allocation) (young) (initial-mark) 16M->6832K(64M), 0.0041284 secs]
[GC concurrent-root-region-scan-start]
[GC concurrent-root-region-scan-end, 0.0001355 secs]
[GC concurrent-mark-start]
[GC concurrent-mark-end, 0.0049353 secs]
Application time: 0.0051419 seconds
[GC remark, 0.0033738 secs]
Application time: 0.0000445 seconds
[GC cleanup 8880K->8880K(64M), 0.0001939 secs]
Application time: 0.1674224 seconds
[GC pause (G1 Humongous Allocation) (young) 33M->6830K(64M), 0.0089553 secs]
Application time: 0.0666890 seconds
[GC pause (G1 Humongous Allocation) (young) (initial-mark) 16M->6833K(64M), 0.0044325 secs]
[GC concurrent-root-region-scan-start]
[GC concurrent-root-region-scan-end, 0.0001284 secs]
[GC concurrent-mark-start]
[GC concurrent-mark-end, 0.0049045 secs]
Application time: 0.0050929 seconds
[GC remark, 0.0034505 secs]
Application time: 0.0000444 seconds
[GC cleanup 9905K->9905K(64M), 0.0001762 secs]
Application time: 0.1786909 seconds
[GC pause (G1 Humongous Allocation) (young) 33M->6833K(64M), 0.0095679 secs]
Application time: 0.0610923 seconds
[GC pause (G1 Humongous Allocation) (young) (initial-mark) 16M->6833K(64M), 0.0042780 secs]
[GC concurrent-root-region-scan-start]
[GC concurrent-root-region-scan-end, 0.0001199 secs]
[GC concurrent-mark-start]
[GC concurrent-mark-end, 0.0050236 secs]
Application time: 0.0051877 seconds
[GC remark, 0.0034673 secs]
Application time: 0.0000323 seconds
[GC cleanup 8881K->8881K(64M), 0.0002083 secs]
Application time: 0.1758632 seconds
[GC pause (G1 Humongous Allocation) (young) 33M->6835K(64M), 0.0094068 secs]
Application time: 0.0638061 seconds
[GC pause (G1 Humongous Allocation) (young) (initial-mark) 16M->6838K(64M), 0.0042305 secs]
[GC concurrent-root-region-scan-start]
[GC concurrent-root-region-scan-end, 0.0001072 secs]
[GC concurrent-mark-start]
[GC concurrent-mark-end, 0.0051279 secs]
Application time: 0.0052857 seconds
[GC remark, 0.0036386 secs]
Application time: 0.0000324 seconds
[GC cleanup 8374K->8374K(64M), 0.0002033 secs]
Application time: 0.1776623 seconds
[GC pause (G1 Humongous Allocation) (young) 33M->6838K(64M), 0.0094113 secs]
Application time: 0.0644304 seconds
[GC pause (G1 Humongous Allocation) (young) (initial-mark) 17M->6838K(64M), 0.0041310 secs]
[GC concurrent-root-region-scan-start]
[GC concurrent-root-region-scan-end, 0.0001067 secs]
[GC concurrent-mark-start]
[GC concurrent-mark-end, 0.0055923 secs]
Application time: 0.0056177 seconds
[GC remark, 0.0037053 secs]
Application time: 0.0070307 seconds
[GC cleanup 8374K->8374K(64M), 0.0002777 secs]
Application time: 0.1685171 seconds
[GC pause (G1 Humongous Allocation) (young) 33M->5816K(64M), 0.0095696 secs]
Application time: 0.0718179 seconds
[GC pause (G1 Humongous Allocation) (young) (initial-mark) 17M->6840K(64M), 0.0044440 secs]
[GC concurrent-root-region-scan-start]
[GC concurrent-root-region-scan-end, 0.0002538 secs]
[GC concurrent-mark-start]
[GC concurrent-mark-end, 0.0051854 secs]
Application time: 0.0055000 seconds
[GC remark, 0.0039579 secs]
Application time: 0.0000381 seconds
[GC cleanup 8376K->8376K(64M), 0.0001935 secs]
Application time: 0.1717422 seconds
[GC pause (G1 Humongous Allocation) (young) 33M->5834K(64M), 0.0093668 secs]
Application time: 0.0621192 seconds
[GC pause (G1 Humongous Allocation) (young) (initial-mark) 16M->6845K(64M), 0.0052052 secs]
[GC concurrent-root-region-scan-start]
[GC concurrent-root-region-scan-end, 0.0001728 secs]
[GC concurrent-mark-start]
[GC concurrent-mark-end, 0.0067074 secs]
Application time: 0.0068911 seconds
[GC remark, 0.0035607 secs]
Application time: 0.0000325 seconds
[GC cleanup 8381K->8381K(64M), 0.0001953 secs]
Application time: 0.1698500 seconds
[GC pause (G1 Humongous Allocation) (young) 33M->6843K(64M), 0.0094734 secs]
Application time: 0.0589914 seconds
[GC pause (G1 Humongous Allocation) (young) (initial-mark) 16M->6845K(64M), 0.0041959 secs]
[GC concurrent-root-region-scan-start]
[GC concurrent-root-region-scan-end, 0.0002244 secs]
[GC concurrent-mark-start]
[GC concurrent-mark-end, 0.0050267 secs]
Application time: 0.0053108 seconds
[GC remark, 0.0036405 secs]
Application time: 0.0000342 seconds
[GC cleanup 8893K->8893K(64M), 0.0001911 secs]
Application time: 0.1663417 seconds
[GC pause (G1 Humongous Allocation) (young) 33M->6845K(64M), 0.0094601 secs]
Application time: 0.0656711 seconds
[GC pause (G1 Humongous Allocation) (young) (initial-mark) 16M->6848K(64M), 0.0043001 secs]
[GC concurrent-root-region-scan-start]
[GC concurrent-root-region-scan-end, 0.0002440 secs]
[GC concurrent-mark-start]
[GC concurrent-mark-end, 0.0052865 secs]
Application time: 0.0055904 seconds
[GC remark, 0.0034837 secs]
Application time: 0.0000397 seconds
[GC cleanup 8384K->8384K(64M), 0.0001860 secs]
Application time: 0.1714331 seconds
[GC pause (G1 Humongous Allocation) (young) 33M->5824K(64M), 0.0093532 secs]
Application time: 0.0624474 seconds
[GC pause (G1 Humongous Allocation) (young) (initial-mark) 16M->6848K(64M), 0.0045033 secs]
[GC concurrent-root-region-scan-start]
[GC concurrent-root-region-scan-end, 0.0002281 secs]
[GC concurrent-mark-start]
[GC concurrent-mark-end, 0.0051507 secs]
Application time: 0.0053912 seconds
[GC remark, 0.0036085 secs]
Application time: 0.0000324 seconds
[GC cleanup 7872K->7872K(64M), 0.0001975 secs]
Application time: 0.1756548 seconds
[GC pause (G1 Humongous Allocation) (young) 33M->6848K(64M), 0.0079229 secs]
Application time: 0.0636210 seconds
[GC pause (G1 Humongous Allocation) (young) (initial-mark) 16M->6850K(64M), 0.0033444 secs]
[GC concurrent-root-region-scan-start]
[GC concurrent-root-region-scan-end, 0.0001424 secs]
[GC concurrent-mark-start]
[GC concurrent-mark-end, 0.0051351 secs]
Application time: 0.0053338 seconds
[GC remark, 0.0029231 secs]
Application time: 0.0000360 seconds
[GC cleanup 8386K->8386K(64M), 0.0001595 secs]
Application time: 0.1584274 seconds
[GC pause (G1 Humongous Allocation) (young) 33M->6853K(64M), 0.0076142 secs]
Application time: 0.0620482 seconds
[GC pause (G1 Humongous Allocation) (young) (initial-mark) 16M->6853K(64M), 0.0035269 secs]
[GC concurrent-root-region-scan-start]
[GC concurrent-root-region-scan-end, 0.0001356 secs]
[GC concurrent-mark-start]
[GC concurrent-mark-end, 0.0052130 secs]
Application time: 0.0053593 seconds
[GC remark, 0.0029497 secs]
Application time: 0.0000303 seconds
[GC cleanup 8389K->8389K(64M), 0.0001663 secs]
Application time: 0.1638307 seconds
[GC pause (G1 Humongous Allocation) (young) 33M->5829K(64M), 0.0075250 secs]
Application time: 0.0662205 seconds
[GC pause (G1 Humongous Allocation) (young) (initial-mark) 16M->6855K(64M), 0.0035823 secs]
[GC concurrent-root-region-scan-start]
[GC concurrent-root-region-scan-end, 0.0001410 secs]
[GC concurrent-mark-start]
[GC concurrent-mark-end, 0.0050880 secs]
Application time: 0.0052851 seconds
[GC remark, 0.0027134 secs]
Application time: 0.0000334 seconds
[GC cleanup 8391K->8391K(64M), 0.0001566 secs]
Application time: 0.1598585 seconds
[GC pause (G1 Humongous Allocation) (young) 33M->6855K(64M), 0.0075463 secs]
Application time: 0.0707596 seconds
[GC pause (G1 Humongous Allocation) (young) (initial-mark) 17M->6858K(64M), 0.0035252 secs]
[GC concurrent-root-region-scan-start]
[GC concurrent-root-region-scan-end, 0.0001347 secs]
[GC concurrent-mark-start]
[GC concurrent-mark-end, 0.0052659 secs]
Application time: 0.0054089 seconds
[GC remark, 0.0029531 secs]
Application time: 0.0000298 seconds
[GC cleanup 8394K->8394K(64M), 0.0001495 secs]
Application time: 0.1626814 seconds
[GC pause (G1 Humongous Allocation) (young) 33M->6858K(64M), 0.0074669 secs]
Application time: 0.0582931 seconds
[GC pause (G1 Humongous Allocation) (young) (initial-mark) 17M->6858K(64M), 0.0033379 secs]
[GC concurrent-root-region-scan-start]
[GC concurrent-root-region-scan-end, 0.0001242 secs]
[GC concurrent-mark-start]
[GC concurrent-mark-end, 0.0051714 secs]
Application time: 0.0053643 seconds
[GC remark, 0.0027301 secs]
Application time: 0.0000341 seconds
[GC cleanup 8394K->8394K(64M), 0.0001423 secs]
Application time: 0.1628171 seconds
[GC pause (G1 Humongous Allocation) (young) 33M->6860K(64M), 0.0076714 secs]
Application time: 0.0673819 seconds
[GC pause (G1 Humongous Allocation) (young) (initial-mark) 16M->6863K(64M), 0.0034569 secs]
[GC concurrent-root-region-scan-start]
[GC concurrent-root-region-scan-end, 0.0001275 secs]
[GC concurrent-mark-start]
[GC concurrent-mark-end, 0.0049528 secs]
Application time: 0.0050866 seconds
[GC remark, 0.0027452 secs]
Application time: 0.0000343 seconds
[GC cleanup 8399K->8399K(64M), 0.0001453 secs]
Application time: 0.1585615 seconds
[GC pause (G1 Humongous Allocation) (young) 33M->6863K(64M), 0.0071331 secs]
Application time: 0.0618521 seconds
[GC pause (G1 Humongous Allocation) (young) (initial-mark) 16M->6863K(64M), 0.0037705 secs]
[GC concurrent-root-region-scan-start]
[GC concurrent-root-region-scan-end, 0.0001411 secs]
[GC concurrent-mark-start]
[GC concurrent-mark-end, 0.0057894 secs]
Application time: 0.0059404 seconds
[GC remark, 0.0029237 secs]
Application time: 0.0000297 seconds
[GC cleanup 8399K->8399K(64M), 0.0001639 secs]
Application time: 0.1646012 seconds
[GC pause (G1 Humongous Allocation) (young) 33M->6863K(64M), 0.0076634 secs]
Application time: 0.0544164 seconds
[GC pause (G1 Humongous Allocation) (young) (initial-mark) 16M->6865K(64M), 0.0034027 secs]
[GC concurrent-root-region-scan-start]
[GC concurrent-root-region-scan-end, 0.0001380 secs]
[GC concurrent-mark-start]
[GC concurrent-mark-end, 0.0052003 secs]
Application time: 0.0053864 seconds
[GC remark, 0.0027634 secs]
Application time: 0.0000330 seconds
[GC cleanup 8401K->8401K(64M), 0.0001435 secs]
Application time: 0.1843038 seconds
[GC pause (G1 Humongous Allocation) (young) 33M->6865K(64M), 0.0078657 secs]
Application time: 0.0581014 seconds
[GC pause (G1 Humongous Allocation) (young) (initial-mark) 16M->6868K(64M), 0.0034655 secs]
[GC concurrent-root-region-scan-start]
[GC concurrent-root-region-scan-end, 0.0001445 secs]
[GC concurrent-mark-start]
[GC concurrent-mark-end, 0.0055630 secs]
Application time: 0.0057184 seconds
[GC remark, 0.0030217 secs]
Application time: 0.0000313 seconds
[GC cleanup 8404K->8404K(64M), 0.0001733 secs]
Application time: 0.1664361 seconds
[GC pause (G1 Humongous Allocation) (young) 33M->6868K(64M), 0.0075395 secs]
Application time: 0.0602609 seconds
[GC pause (G1 Humongous Allocation) (young) (initial-mark) 16M->6870K(64M), 0.0035934 secs]
[GC concurrent-root-region-scan-start]
[GC concurrent-root-region-scan-end, 0.0001461 secs]
[GC concurrent-mark-start]
[GC concurrent-mark-end, 0.0051594 secs]
Application time: 0.0053575 seconds
[GC remark, 0.0029255 secs]
Application time: 0.0000335 seconds
[GC cleanup 8406K->8406K(64M), 0.0001460 secs]
Application time: 0.1646925 seconds
[GC pause (G1 Humongous Allocation) (young) 33M->6870K(64M), 0.0076001 secs]
Application time: 0.0608101 seconds
[GC pause (G1 Humongous Allocation) (young) (initial-mark) 16M->6871K(64M), 0.0034168 secs]
[GC concurrent-root-region-scan-start]
[GC concurrent-root-region-scan-end, 0.0001339 secs]
[GC concurrent-mark-start]
[GC concurrent-mark-end, 0.0053083 secs]
Application time: 0.0054866 seconds
[GC remark, 0.0027584 secs]
Application time: 0.0000410 seconds
[GC cleanup 8407K->8407K(64M), 0.0001531 secs]
Application time: 0.1617475 seconds
[GC pause (G1 Humongous Allocation) (young) 33M->6873K(64M), 0.0078067 secs]
Application time: 0.0692087 seconds
[GC pause (G1 Humongous Allocation) (young) (initial-mark) 17M->6873K(64M), 0.0032244 secs]
[GC concurrent-root-region-scan-start]
[GC concurrent-root-region-scan-end, 0.0001140 secs]
[GC concurrent-mark-start]
[GC concurrent-mark-end, 0.0050700 secs]
Application time: 0.0052312 seconds
[GC remark, 0.0027848 secs]
Application time: 0.0000333 seconds
[GC cleanup 8409K->8409K(64M), 0.0001504 secs]
Application time: 0.1622310 seconds
[GC pause (G1 Humongous Allocation) (young) 33M->6875K(64M), 0.0077047 secs]
Application time: 0.0636164 seconds
[GC pause (G1 Humongous Allocation) (young) (initial-mark) 16M->5853K(64M), 0.0033961 secs]
[GC concurrent-root-region-scan-start]
[GC concurrent-root-region-scan-end, 0.0001309 secs]
[GC concurrent-mark-start]
[GC concurrent-mark-end, 0.0051352 secs]
Application time: 0.0053116 seconds
[GC remark, 0.0027765 secs]
Application time: 0.0000368 seconds
[GC cleanup 7389K->7389K(64M), 0.0001502 secs]
Application time: 0.1703212 seconds
[GC pause (G1 Humongous Allocation) (young) 33M->6878K(64M), 0.0078707 secs]
Application time: 0.0587609 seconds
[GC pause (G1 Humongous Allocation) (young) (initial-mark) 16M->6878K(64M), 0.0034977 secs]
[GC concurrent-root-region-scan-start]
[GC concurrent-root-region-scan-end, 0.0001429 secs]
[GC concurrent-mark-start]
[GC concurrent-mark-end, 0.0049235 secs]
Application time: 0.0051221 seconds
[GC remark, 0.0028640 secs]
Application time: 0.0000392 seconds
[GC cleanup 8414K->8414K(64M), 0.0001547 secs]
Application time: 0.1696271 seconds
[GC pause (G1 Humongous Allocation) (young) 33M->5870K(64M), 0.0100980 secs]
Application time: 0.0766013 seconds
[GC pause (G1 Humongous Allocation) (young) (initial-mark) 17M->6880K(64M), 0.0045107 secs]
[GC concurrent-root-region-scan-start]
[GC concurrent-root-region-scan-end, 0.0002054 secs]
[GC concurrent-mark-start]
[GC concurrent-mark-end, 0.0053960 secs]
Application time: 0.0056518 seconds
[GC remark, 0.0035970 secs]
Application time: 0.0000421 seconds
[GC cleanup 8416K->8416K(64M), 0.0002234 secs]
Application time: 0.1690216 seconds
[GC pause (G1 Humongous Allocation) (young) 33M->6880K(64M), 0.0094359 secs]
Application time: 0.0593020 seconds
[GC pause (G1 Humongous Allocation) (young) (initial-mark) 16M->6883K(64M), 0.0042853 secs]
[GC concurrent-root-region-scan-start]
[GC concurrent-root-region-scan-end, 0.0001946 secs]
[GC concurrent-mark-start]
[GC concurrent-mark-end, 0.0053118 secs]
Application time: 0.0055035 seconds
[GC remark, 0.0035840 secs]
Application time: 0.0000327 seconds
[GC cleanup 8931K->8931K(64M), 0.0001940 secs]
Application time: 0.1692772 seconds
[GC pause (G1 Humongous Allocation) (young) 33M->6883K(64M), 0.0093922 secs]
Application time: 0.0665515 seconds
[GC pause (G1 Humongous Allocation) (young) (initial-mark) 17M->5877K(64M), 0.0040369 secs]
[GC concurrent-root-region-scan-start]
[GC concurrent-root-region-scan-end, 0.0002269 secs]
[GC concurrent-mark-start]
[GC concurrent-mark-end, 0.0050830 secs]
Application time: 0.0053724 seconds
[GC remark, 0.0036515 secs]
Application time: 0.0000370 seconds
[GC cleanup 7413K->7413K(64M), 0.0001992 secs]
Application time: 0.1597962 seconds
[GC pause (G1 Humongous Allocation) (young) 33M->6885K(64M), 0.0092842 secs]
Application time: 0.0539343 seconds
[GC pause (G1 Humongous Allocation) (young) (initial-mark) 16M->6885K(64M), 0.0038674 secs]
[GC concurrent-root-region-scan-start]
[GC concurrent-root-region-scan-end, 0.0002047 secs]
[GC concurrent-mark-start]
[GC concurrent-mark-end, 0.0043701 secs]
Application time: 0.0046298 seconds
[GC remark, 0.0036088 secs]
Application time: 0.0000451 seconds
[GC cleanup 8421K->8421K(64M), 0.0002155 secs]
Application time: 0.1737570 seconds
[GC pause (G1 Humongous Allocation) (young) 33M->6888K(64M), 0.0074299 secs]
Application time: 0.0586231 seconds
[GC pause (G1 Humongous Allocation) (young) (initial-mark) 17M->6888K(64M), 0.0031426 secs]
[GC concurrent-root-region-scan-start]
[GC concurrent-root-region-scan-end, 0.0001305 secs]
[GC concurrent-mark-start]
[GC concurrent-mark-end, 0.0118604 secs]
Application time: 0.0120412 seconds
[GC remark, 0.0029308 secs]
Application time: 0.0000322 seconds
[GC cleanup 8424K->8424K(64M), 0.0001612 secs]
Application time: 0.1554426 seconds
[GC pause (G1 Humongous Allocation) (young) 33M->6888K(64M), 0.0073639 secs]
Application time: 0.0584946 seconds
[GC pause (G1 Humongous Allocation) (young) (initial-mark) 16M->6890K(64M), 0.0031490 secs]
[GC concurrent-root-region-scan-start]
[GC concurrent-root-region-scan-end, 0.0001226 secs]
[GC concurrent-mark-start]
[GC concurrent-mark-end, 0.0044899 secs]
Application time: 0.0046643 seconds
[GC remark, 0.0029478 secs]
Application time: 0.0000312 seconds
[GC cleanup 8426K->8426K(64M), 0.0001691 secs]
Application time: 0.1564564 seconds
[GC pause (G1 Humongous Allocation) (young) 33M->6890K(64M), 0.0074628 secs]
Application time: 0.0687537 seconds
[GC pause (G1 Humongous Allocation) (young) (initial-mark) 17M->6893K(64M), 0.0033863 secs]
[GC concurrent-root-region-scan-start]
[GC concurrent-root-region-scan-end, 0.0001327 secs]
[GC concurrent-mark-start]
[GC concurrent-mark-end, 0.0045387 secs]
Application time: 0.0046836 seconds
[GC remark, 0.0047127 secs]
Application time: 0.0000278 seconds
[GC cleanup 8429K->8429K(64M), 0.0001573 secs]
Application time: 0.1618767 seconds
[GC pause (G1 Humongous Allocation) (young) 33M->6893K(64M), 0.0076989 secs]
Application time: 0.0615370 seconds
[GC pause (G1 Humongous Allocation) (young) (initial-mark) 16M->5871K(64M), 0.0035065 secs]
[GC concurrent-root-region-scan-start]
[GC concurrent-root-region-scan-end, 0.0001085 secs]
[GC concurrent-mark-start]
[GC concurrent-mark-end, 0.0045993 secs]
Application time: 0.0047835 seconds
[GC remark, 0.0036663 secs]
Application time: 0.0000637 seconds
[GC cleanup 7407K->7407K(64M), 0.0002191 secs]
Application time: 0.1651660 seconds
[GC pause (G1 Humongous Allocation) (young) 33M->6895K(64M), 0.0079935 secs]
Application time: 0.0712450 seconds
[GC pause (G1 Humongous Allocation) (young) (initial-mark) 17M->5876K(64M), 0.0033743 secs]
[GC concurrent-root-region-scan-start]
[GC concurrent-root-region-scan-end, 0.0001142 secs]
[GC concurrent-mark-start]
[GC concurrent-mark-end, 0.0043932 secs]
Application time: 0.0045558 seconds
[GC remark, 0.0039961 secs]
Application time: 0.0000410 seconds
[GC cleanup 8948K->8948K(64M), 0.0001764 secs]
Application time: 0.1973177 seconds
[GC pause (G1 Humongous Allocation) (young) 33M->6898K(64M), 0.0079956 secs]
Application time: 0.0594328 seconds
[GC pause (G1 Humongous Allocation) (young) (initial-mark) 16M->6898K(64M), 0.0034245 secs]
[GC concurrent-root-region-scan-start]
[GC concurrent-root-region-scan-end, 0.0001251 secs]
[GC concurrent-mark-start]
[GC concurrent-mark-end, 0.0043422 secs]
Application time: 0.0045129 seconds
[GC remark, 0.0027206 secs]
Application time: 0.0000505 seconds
[GC cleanup 8946K->8946K(64M), 0.0001665 secs]
Application time: 0.1666183 seconds
[GC pause (G1 Humongous Allocation) (young) 33M->6900K(64M), 0.0076254 secs]
Application time: 0.0691936 seconds
[GC pause (G1 Humongous Allocation) (young) (initial-mark) 16M->6900K(64M), 0.0032666 secs]
[GC concurrent-root-region-scan-start]
[GC concurrent-root-region-scan-end, 0.0001023 secs]
[GC concurrent-mark-start]
[GC concurrent-mark-end, 0.0046221 secs]
Application time: 0.0047779 seconds
[GC remark, 0.0031335 secs]
Application time: 0.0000396 seconds
[GC cleanup 8436K->8436K(64M), 0.0002639 secs]
Application time: 0.1588034 seconds
[GC pause (G1 Humongous Allocation) (young) 33M->6903K(64M), 0.0075169 secs]
Application time: 0.0634249 seconds
[GC pause (G1 Humongous Allocation) (young) (initial-mark) 16M->5883K(64M), 0.0033929 secs]
[GC concurrent-root-region-scan-start]
[GC concurrent-root-region-scan-end, 0.0001092 secs]
[GC concurrent-mark-start]
[GC concurrent-mark-end, 0.0044694 secs]
Application time: 0.0046307 seconds
[GC remark, 0.0029238 secs]
Application time: 0.0000416 seconds
[GC cleanup 6907K->6907K(64M), 0.0001728 secs]
Application time: 0.1806730 seconds
[GC pause (G1 Humongous Allocation) (young) 33M->6903K(64M), 0.0080680 secs]
Application time: 0.0616887 seconds
[GC pause (G1 Humongous Allocation) (young) (initial-mark) 17M->6905K(64M), 0.0034855 secs]
[GC concurrent-root-region-scan-start]
[GC concurrent-root-region-scan-end, 0.0001216 secs]
[GC concurrent-mark-start]
[GC concurrent-mark-end, 0.0047608 secs]
Application time: 0.0049467 seconds
[GC remark, 0.0031962 secs]
Application time: 0.0000402 seconds
[GC cleanup 8441K->8441K(64M), 0.0002586 secs]
Application time: 0.1658747 seconds
[GC pause (G1 Humongous Allocation) (young) 33M->6905K(64M), 0.0077540 secs]
Application time: 0.0647850 seconds
[GC pause (G1 Humongous Allocation) (young) (initial-mark) 17M->5900K(64M), 0.0034434 secs]
[GC concurrent-root-region-scan-start]
[GC concurrent-root-region-scan-end, 0.0001070 secs]
[GC concurrent-mark-start]
[GC concurrent-mark-end, 0.0046665 secs]
Application time: 0.0048236 seconds
[GC remark, 0.0029333 secs]
Application time: 0.0000392 seconds
[GC cleanup 7436K->7436K(64M), 0.0001648 secs]
Application time: 0.1688487 seconds
[GC pause (G1 Humongous Allocation) (young) 33M->6908K(64M), 0.0078285 secs]
Application time: 0.0695700 seconds
[GC pause (G1 Humongous Allocation) (young) (initial-mark) 17M->5892K(64M), 0.0032798 secs]
[GC concurrent-root-region-scan-start]
[GC concurrent-root-region-scan-end, 0.0001260 secs]
[GC concurrent-mark-start]
[GC concurrent-mark-end, 0.0043185 secs]
Application time: 0.0044970 seconds
[GC remark, 0.0027226 secs]
Application time: 0.0000441 seconds
[GC cleanup 7940K->7940K(64M), 0.0001591 secs]
Application time: 0.1691117 seconds
[GC pause (G1 Humongous Allocation) (young) 33M->6912K(64M), 0.0079536 secs]
Application time: 0.0628388 seconds
[GC pause (G1 Humongous Allocation) (young) (initial-mark) 16M->6914K(64M), 0.0035082 secs]
[GC concurrent-root-region-scan-start]
[GC concurrent-root-region-scan-end, 0.0001356 secs]
[GC concurrent-mark-start]
[GC concurrent-mark-end, 0.0043875 secs]
Application time: 0.0045650 seconds
[GC remark, 0.0027751 secs]
Application time: 0.0000401 seconds
[GC cleanup 8450K->8450K(64M), 0.0002226 secs]
Application time: 0.1638808 seconds
[GC pause (G1 Humongous Allocation) (young) 33M->6912K(64M), 0.0075362 secs]
Application time: 0.0613429 seconds
[GC pause (G1 Humongous Allocation) (young) (initial-mark) 16M->6915K(64M), 0.0035179 secs]
[GC concurrent-root-region-scan-start]
[GC concurrent-root-region-scan-end, 0.0001392 secs]
[GC concurrent-mark-start]
[GC concurrent-mark-end, 0.0043859 secs]
Application time: 0.0045725 seconds
[GC remark, 0.0027308 secs]
Application time: 0.0000453 seconds
[GC cleanup 8451K->8451K(64M), 0.0001791 secs]
Application time: 0.1692235 seconds
[GC pause (G1 Humongous Allocation) (young) 33M->6917K(64M), 0.0076731 secs]
Application time: 0.0588025 seconds
[GC pause (G1 Humongous Allocation) (young) (initial-mark) 16M->6917K(64M), 0.0035768 secs]
[GC concurrent-root-region-scan-start]
[GC concurrent-root-region-scan-end, 0.0001176 secs]
[GC concurrent-mark-start]
[GC concurrent-mark-end, 0.0044145 secs]
Application time: 0.0045752 seconds
[GC remark, 0.0029193 secs]
Application time: 0.0000394 seconds
[GC cleanup 7941K->7941K(64M), 0.0001701 secs]
Application time: 0.1703275 seconds
[GC pause (G1 Humongous Allocation) (young) 33M->6917K(64M), 0.0077274 secs]
Application time: 0.0678559 seconds
[GC pause (G1 Humongous Allocation) (young) (initial-mark) 17M->6920K(64M), 0.0042301 secs]
[GC concurrent-root-region-scan-start]
[GC concurrent-root-region-scan-end, 0.0001206 secs]
[GC concurrent-mark-start]
[GC concurrent-mark-end, 0.0044440 secs]
Application time: 0.0046205 seconds
[GC remark, 0.0037309 secs]
Application time: 0.0000488 seconds
[GC cleanup 8968K->8968K(64M), 0.0002058 secs]
Application time: 0.1564875 seconds
[GC pause (G1 Humongous Allocation) (young) 33M->6920K(64M), 0.0088298 secs]
Application time: 0.0589906 seconds
[GC pause (G1 Humongous Allocation) (young) (initial-mark) 16M->6922K(64M), 0.0039101 secs]
[GC concurrent-root-region-scan-start]
[GC concurrent-root-region-scan-end, 0.0002590 secs]
[GC concurrent-mark-start]
[GC concurrent-mark-end, 0.0044392 secs]
Application time: 0.0052798 seconds
[GC remark, 0.0034751 secs]
Application time: 0.0000461 seconds
[GC cleanup 9994K->9994K(64M), 0.0025034 secs]
Application time: 0.1443007 seconds
[GC pause (G1 Humongous Allocation) (young) 33M->6922K(64M), 0.0089294 secs]
Application time: 0.0655796 seconds
[GC pause (G1 Humongous Allocation) (young) (initial-mark) 16M->6922K(64M), 0.0040136 secs]
[GC concurrent-root-region-scan-start]
[GC concurrent-root-region-scan-end, 0.0002239 secs]
[GC concurrent-mark-start]
[GC concurrent-mark-end, 0.0042481 secs]
Application time: 0.0045283 seconds
[GC remark, 0.0036287 secs]
Application time: 0.0061167 seconds
[GC cleanup 8970K->8970K(64M), 0.0001881 secs]
Application time: 0.1412281 seconds
[GC pause (G1 Humongous Allocation) (young) 33M->6925K(64M), 0.0091133 secs]
Application time: 0.0549857 seconds
[GC pause (G1 Humongous Allocation) (young) (initial-mark) 16M->6927K(64M), 0.0055338 secs]
[GC concurrent-root-region-scan-start]
[GC concurrent-root-region-scan-end, 0.0002541 secs]
[GC concurrent-mark-start]
[GC concurrent-mark-end, 0.0049232 secs]
Application time: 0.0101964 seconds
[GC remark, 0.0048580 secs]
Application time: 0.0036801 seconds
[GC cleanup 8975K->8975K(64M), 0.0002294 secs]
Application time: 0.1447243 seconds
[GC pause (G1 Humongous Allocation) (young) 33M->6927K(64M), 0.0091139 secs]
Application time: 0.0577926 seconds
[GC pause (G1 Humongous Allocation) (young) (initial-mark) 16M->6927K(64M), 0.0040645 secs]
[GC concurrent-root-region-scan-start]
[GC concurrent-root-region-scan-end, 0.0001265 secs]
[GC concurrent-mark-start]
[GC concurrent-mark-end, 0.0045678 secs]
Application time: 0.0047591 seconds
[GC remark, 0.0034257 secs]
Application time: 0.0000463 seconds
[GC cleanup 8463K->8463K(64M), 0.0001816 secs]
Application time: 0.1529454 seconds
[GC pause (G1 Humongous Allocation) (young) 33M->6927K(64M), 0.0090292 secs]
Application time: 0.0631465 seconds
[GC pause (G1 Humongous Allocation) (young) (initial-mark) 16M->6930K(64M), 0.0041949 secs]
[GC concurrent-root-region-scan-start]
[GC concurrent-root-region-scan-end, 0.0001255 secs]
[GC concurrent-mark-start]
[GC concurrent-mark-end, 0.0042886 secs]
Application time: 0.0044686 seconds
[GC remark, 0.0035068 secs]
Application time: 0.0000426 seconds
[GC cleanup 8978K->8978K(64M), 0.0001958 secs]
Application time: 0.1619466 seconds
[GC pause (G1 Humongous Allocation) (young) 33M->6932K(64M), 0.0091753 secs]
Application time: 0.0540183 seconds
[GC pause (G1 Humongous Allocation) (young) (initial-mark) 17M->6930K(64M), 0.0042653 secs]
[GC concurrent-root-region-scan-start]
[GC concurrent-root-region-scan-end, 0.0001129 secs]
[GC concurrent-mark-start]
[GC concurrent-mark-end, 0.0045110 secs]
Application time: 0.0046243 seconds
[GC remark, 0.0040038 secs]
Application time: 0.0000314 seconds
[GC cleanup 8466K->8466K(64M), 0.0002207 secs]
Application time: 0.1508236 seconds
[GC pause (G1 Humongous Allocation) (young) 33M->6932K(64M), 0.0090245 secs]
Application time: 0.0541624 seconds
[GC pause (G1 Humongous Allocation) (young) (initial-mark) 17M->6932K(64M), 0.0039693 secs]
[GC concurrent-root-region-scan-start]
[GC concurrent-root-region-scan-end, 0.0002337 secs]
[GC concurrent-mark-start]
[GC concurrent-mark-end, 0.0041886 secs]
Application time: 0.0045114 seconds
[GC remark, 0.0036643 secs]
Application time: 0.0000330 seconds
[GC cleanup 8468K->8468K(64M), 0.0001870 secs]
Application time: 0.1518481 seconds
[GC pause (G1 Humongous Allocation) (young) 33M->6935K(64M), 0.0091198 secs]
Application time: 0.0646680 seconds
[GC pause (G1 Humongous Allocation) (young) (initial-mark) 16M->5915K(64M), 0.0043052 secs]
[GC concurrent-root-region-scan-start]
[GC concurrent-root-region-scan-end, 0.0002792 secs]
[GC concurrent-mark-start]
[GC concurrent-mark-end, 0.0050107 secs]
Application time: 0.0053370 seconds
[GC remark, 0.0038996 secs]
Application time: 0.0000454 seconds
[GC cleanup 7451K->7451K(64M), 0.0002346 secs]
Application time: 0.1529291 seconds
[GC pause (G1 Humongous Allocation) (young) 33M->6937K(64M), 0.0093015 secs]
Application time: 0.0576725 seconds
[GC pause (G1 Humongous Allocation) (young) (initial-mark) 16M->6937K(64M), 0.0040314 secs]
[GC concurrent-root-region-scan-start]
[GC concurrent-root-region-scan-end, 0.0002802 secs]
[GC concurrent-mark-start]
[GC concurrent-mark-end, 0.0045156 secs]
Application time: 0.0048101 seconds
[GC remark, 0.0038472 secs]
Application time: 0.0000255 seconds
[GC cleanup 7961K->7961K(64M), 0.0002180 secs]
Application time: 0.1520119 seconds
[GC pause (G1 Humongous Allocation) (young) 33M->6937K(64M), 0.0089594 secs]
Application time: 0.0543706 seconds
[GC pause (G1 Humongous Allocation) (young) (initial-mark) 16M->6940K(64M), 0.0037109 secs]
[GC concurrent-root-region-scan-start]
[GC concurrent-root-region-scan-end, 0.0002289 secs]
[GC concurrent-mark-start]
[GC concurrent-mark-end, 0.0045156 secs]
Application time: 0.0048023 seconds
[GC remark, 0.0035972 secs]
Application time: 0.0000335 seconds
[GC cleanup 8476K->8476K(64M), 0.0002474 secs]
Application time: 0.1506205 seconds
[GC pause (G1 Humongous Allocation) (young) 33M->6942K(64M), 0.0091959 secs]
Application time: 0.0630993 seconds
[GC pause (G1 Humongous Allocation) (young) (initial-mark) 17M->5936K(64M), 0.0042788 secs]
[GC concurrent-root-region-scan-start]
[GC concurrent-root-region-scan-end, 0.0002170 secs]
[GC concurrent-mark-start]
[GC concurrent-mark-end, 0.0045231 secs]
Application time: 0.0047875 seconds
[GC remark, 0.0033881 secs]
Application time: 0.0000312 seconds
[GC cleanup 7472K->7472K(64M), 0.0001756 secs]
Application time: 0.1579822 seconds
[GC pause (G1 Humongous Allocation) (young) 33M->6942K(64M), 0.0092305 secs]
Application time: 0.0557319 seconds
[GC pause (G1 Humongous Allocation) (young) (initial-mark) 16M->6945K(64M), 0.0041284 secs]
[GC concurrent-root-region-scan-start]
[GC concurrent-root-region-scan-end, 0.0001947 secs]
[GC concurrent-mark-start]
[GC concurrent-mark-end, 0.0043772 secs]
Application time: 0.0046174 seconds
[GC remark, 0.0049298 secs]
Application time: 0.0000304 seconds
[GC cleanup 8481K->8481K(64M), 0.0002656 secs]
Application time: 0.1515815 seconds
[GC pause (G1 Humongous Allocation) (young) 33M->6945K(64M), 0.0106483 secs]
Application time: 0.0561270 seconds
[GC pause (G1 Humongous Allocation) (young) (initial-mark) 16M->6947K(64M), 0.0041042 secs]
[GC concurrent-root-region-scan-start]
[GC concurrent-root-region-scan-end, 0.0002671 secs]
[GC concurrent-mark-start]
[GC concurrent-mark-end, 0.0045848 secs]
Application time: 0.0048984 seconds
[GC remark, 0.0037376 secs]
Application time: 0.0000415 seconds
[GC cleanup 8483K->8483K(64M), 0.0001924 secs]
Application time: 0.1527782 seconds
[GC pause (G1 Humongous Allocation) (young) 33M->6949K(64M), 0.0091731 secs]
Application time: 0.0590509 seconds
[GC pause (G1 Humongous Allocation) (young) (initial-mark) 16M->6947K(64M), 0.0039749 secs]
[GC concurrent-root-region-scan-start]
[GC concurrent-root-region-scan-end, 0.0002021 secs]
[GC concurrent-mark-start]
[GC concurrent-mark-end, 0.0043267 secs]
Application time: 0.0045733 seconds
[GC remark, 0.0033696 secs]
Application time: 0.0000309 seconds
[GC cleanup 8483K->8483K(64M), 0.0001841 secs]
Application time: 0.1535038 seconds
[GC pause (G1 Humongous Allocation) (young) 33M->6948K(64M), 0.0089503 secs]
Application time: 0.0584729 seconds
[GC pause (G1 Humongous Allocation) (young) (initial-mark) 16M->6950K(64M), 0.0042237 secs]
[GC concurrent-root-region-scan-start]
[GC concurrent-root-region-scan-end, 0.0002314 secs]
[GC concurrent-mark-start]
[GC concurrent-mark-end, 0.0043934 secs]
Application time: 0.0046339 seconds
[GC remark, 0.0033411 secs]
Application time: 0.0000278 seconds
[GC cleanup 8486K->8486K(64M), 0.0001744 secs]
Application time: 0.1620798 seconds
[GC pause (G1 Humongous Allocation) (young) 33M->5944K(64M), 0.0091678 secs]
Application time: 0.0592781 seconds
[GC pause (G1 Humongous Allocation) (young) (initial-mark) 16M->6952K(64M), 0.0045483 secs]
[GC concurrent-root-region-scan-start]
[GC concurrent-root-region-scan-end, 0.0002155 secs]
[GC concurrent-mark-start]
[GC concurrent-mark-end, 0.0045639 secs]
Application time: 0.0047897 seconds
[GC remark, 0.0048104 secs]
Application time: 0.0000475 seconds
[GC cleanup 8488K->8488K(64M), 0.0003619 secs]
Application time: 0.1563812 seconds
[GC pause (G1 Humongous Allocation) (young) 33M->6952K(64M), 0.0089674 secs]
Application time: 0.0605923 seconds
[GC pause (G1 Humongous Allocation) (young) (initial-mark) 17M->6955K(64M), 0.0040933 secs]
[GC concurrent-root-region-scan-start]
[GC concurrent-root-region-scan-end, 0.0001173 secs]
[GC concurrent-mark-start]
[GC concurrent-mark-end, 0.0042283 secs]
Application time: 0.0043995 seconds
[GC remark, 0.0033897 secs]
Application time: 0.0000518 seconds
[GC cleanup 10027K->10027K(64M), 0.0002780 secs]
Application time: 0.1534835 seconds
[GC pause (G1 Humongous Allocation) (young) 33M->5933K(64M), 0.0097895 secs]
Application time: 0.0575371 seconds
[GC pause (G1 Humongous Allocation) (young) (initial-mark) 16M->6957K(64M), 0.0043580 secs]
[GC concurrent-root-region-scan-start]
[GC concurrent-root-region-scan-end, 0.0001113 secs]
[GC concurrent-mark-start]
[GC concurrent-mark-end, 0.0041456 secs]
Application time: 0.0043038 seconds
[GC remark, 0.0033129 secs]
Application time: 0.0000446 seconds
[GC cleanup 9005K->9005K(64M), 0.0002023 secs]
Application time: 0.1482586 seconds
[GC pause (G1 Humongous Allocation) (young) 33M->5936K(64M), 0.0086838 secs]
Application time: 0.0647351 seconds
[GC pause (G1 Humongous Allocation) (young) (initial-mark) 17M->5952K(64M), 0.0044632 secs]
[GC concurrent-root-region-scan-start]
[GC concurrent-root-region-scan-end, 0.0001122 secs]
[GC concurrent-mark-start]
[GC concurrent-mark-end, 0.0040721 secs]
Application time: 0.0062504 seconds
[GC remark, 0.0032338 secs]
Application time: 0.0000457 seconds
[GC cleanup 9024K->9024K(64M), 0.0001994 secs]
Application time: 0.1499542 seconds
[GC pause (G1 Humongous Allocation) (young) 33M->6960K(64M), 0.0093158 secs]
Application time: 0.0585072 seconds
[GC pause (G1 Humongous Allocation) (young) (initial-mark) 16M->6962K(64M), 0.0042384 secs]
[GC concurrent-root-region-scan-start]
[GC concurrent-root-region-scan-end, 0.0001177 secs]
[GC concurrent-mark-start]
[GC concurrent-mark-end, 0.0046558 secs]
Application time: 0.0048216 seconds
[GC remark, 0.0035091 secs]
Application time: 0.0000435 seconds
[GC cleanup 8498K->8498K(64M), 0.0001984 secs]
Application time: 0.1679866 seconds
[GC pause (G1 Humongous Allocation) (young) 33M->6962K(64M), 0.0090369 secs]
Application time: 0.0545888 seconds
[GC pause (G1 Humongous Allocation) (young) (initial-mark) 16M->6962K(64M), 0.0040591 secs]
[GC concurrent-root-region-scan-start]
[GC concurrent-root-region-scan-end, 0.0001260 secs]
[GC concurrent-mark-start]
[GC concurrent-mark-end, 0.0045215 secs]
Application time: 0.0046924 seconds
[GC remark, 0.0036494 secs]
Application time: 0.0000442 seconds
[GC cleanup 9010K->9010K(64M), 0.0002040 secs]
Application time: 0.1566735 seconds
[GC pause (G1 Humongous Allocation) (young) 33M->5956K(64M), 0.0089808 secs]
Application time: 0.0562705 seconds
[GC pause (G1 Humongous Allocation) (young) (initial-mark) 17M->6965K(64M), 0.0043834 secs]
[GC concurrent-root-region-scan-start]
[GC concurrent-root-region-scan-end, 0.0001140 secs]
[GC concurrent-mark-start]
[GC concurrent-mark-end, 0.0041254 secs]
Application time: 0.0042907 seconds
[GC remark, 0.0032962 secs]
Application time: 0.0000490 seconds
[GC cleanup 9013K->9013K(64M), 0.0002594 secs]
Application time: 0.1559918 seconds
[GC pause (G1 Humongous Allocation) (young) 33M->6965K(64M), 0.0121363 secs]
Application time: 0.0610784 seconds
[GC pause (G1 Humongous Allocation) (young) (initial-mark) 16M->6969K(64M), 0.0041681 secs]
[GC concurrent-root-region-scan-start]
[GC concurrent-root-region-scan-end, 0.0001183 secs]
[GC concurrent-mark-start]
[GC concurrent-mark-end, 0.0045908 secs]
Application time: 0.0103287 seconds
[GC remark, 0.0035815 secs]
Application time: 0.0000405 seconds
[GC cleanup 9017K->9017K(64M), 0.0002060 secs]
Application time: 0.1418714 seconds
[GC pause (G1 Humongous Allocation) (young) 33M->6967K(64M), 0.0091256 secs]
Application time: 0.0587362 seconds
[GC pause (G1 Humongous Allocation) (young) (initial-mark) 16M->6970K(64M), 0.0043524 secs]
[GC concurrent-root-region-scan-start]
[GC concurrent-root-region-scan-end, 0.0002540 secs]
[GC concurrent-mark-start]
[GC concurrent-mark-end, 0.0046088 secs]
Application time: 0.0048837 seconds
[GC remark, 0.0042128 secs]
Application time: 0.0015781 seconds
[GC cleanup 9018K->9018K(64M), 0.0002631 secs]
Application time: 0.1574657 seconds
[GC pause (G1 Humongous Allocation) (young) 33M->6970K(64M), 0.0091355 secs]
Application time: 0.0533037 seconds
[GC pause (G1 Humongous Allocation) (young) (initial-mark) 16M->6972K(64M), 0.0041626 secs]
[GC concurrent-root-region-scan-start]
[GC concurrent-root-region-scan-end, 0.0001179 secs]
[GC concurrent-mark-start]
[GC concurrent-mark-end, 0.0045214 secs]
Application time: 0.0046976 seconds
[GC remark, 0.0034442 secs]
Application time: 0.0000457 seconds
[GC cleanup 8508K->8508K(64M), 0.0001781 secs]
Application time: 0.1608745 seconds
[GC pause (G1 Humongous Allocation) (young) 33M->6972K(64M), 0.0091002 secs]
Application time: 0.0654689 seconds
[GC pause (G1 Humongous Allocation) (young) (initial-mark) 17M->5967K(64M), 0.0042539 secs]
[GC concurrent-root-region-scan-start]
[GC concurrent-root-region-scan-end, 0.0001257 secs]
[GC concurrent-mark-start]
[GC concurrent-mark-end, 0.0045975 secs]
Application time: 0.0048023 seconds
[GC remark, 0.0042502 secs]
Application time: 0.0000469 seconds
[GC cleanup 9039K->9039K(64M), 0.0002007 secs]
Application time: 0.1643183 seconds
[GC pause (G1 Humongous Allocation) (young) 33M->6975K(64M), 0.0096162 secs]
Application time: 0.0528288 seconds
[GC pause (G1 Humongous Allocation) (young) (initial-mark) 16M->6975K(64M), 0.0042566 secs]
[GC concurrent-root-region-scan-start]
[GC concurrent-root-region-scan-end, 0.0001363 secs]
[GC concurrent-mark-start]
[GC concurrent-mark-end, 0.0047901 secs]
Application time: 0.0049848 seconds
[GC remark, 0.0037814 secs]
Application time: 0.0000486 seconds
[GC cleanup 9023K->9023K(64M), 0.0002078 secs]
Application time: 0.1607809 seconds
[GC pause (G1 Humongous Allocation) (young) 33M->6975K(64M), 0.0090762 secs]
Application time: 0.0617158 seconds
[GC pause (G1 Humongous Allocation) (young) (initial-mark) 16M->6977K(64M), 0.0043584 secs]
[GC concurrent-root-region-scan-start]
[GC concurrent-root-region-scan-end, 0.0002356 secs]
[GC concurrent-mark-start]
[GC concurrent-mark-end, 0.0045988 secs]
Application time: 0.0059200 seconds
[GC remark, 0.0036677 secs]
Application time: 0.0000580 seconds
[GC cleanup 8513K->8513K(64M), 0.0001961 secs]
Application time: 0.1559965 seconds
[GC pause (G1 Humongous Allocation) (young) 33M->6980K(64M), 0.0092721 secs]
Application time: 0.0544115 seconds
[GC pause (G1 Humongous Allocation) (young) (initial-mark) 16M->6980K(64M), 0.0044212 secs]
[GC concurrent-root-region-scan-start]
[GC concurrent-root-region-scan-end, 0.0001563 secs]
[GC concurrent-mark-start]
[GC concurrent-mark-end, 0.0045984 secs]
Application time: 0.0048247 seconds
[GC remark, 0.0033614 secs]
Application time: 0.0000637 seconds
[GC cleanup 8516K->8516K(64M), 0.0001872 secs]
Application time: 0.1914466 seconds
[GC pause (G1 Humongous Allocation) (young) 33M->6980K(64M), 0.0092294 secs]
Application time: 0.0579339 seconds
[GC pause (G1 Humongous Allocation) (young) (initial-mark) 16M->6980K(64M), 0.0042370 secs]
[GC concurrent-root-region-scan-start]
[GC concurrent-root-region-scan-end, 0.0001279 secs]
[GC concurrent-mark-start]
[GC concurrent-mark-end, 0.0047351 secs]
Application time: 0.0049179 seconds
[GC remark, 0.0034020 secs]
Application time: 0.0000460 seconds
[GC cleanup 9028K->9028K(64M), 0.0002707 secs]
Application time: 0.1575017 seconds
[GC pause (G1 Humongous Allocation) (young) 33M->6984K(64M), 0.0103141 secs]
Application time: 0.0565020 seconds
[GC pause (G1 Humongous Allocation) (young) (initial-mark) 16M->6987K(64M), 0.0041050 secs]
[GC concurrent-root-region-scan-start]
[GC concurrent-root-region-scan-end, 0.0001136 secs]
[GC concurrent-mark-start]
[GC concurrent-mark-end, 0.0046444 secs]
Application time: 0.0048197 seconds
[GC remark, 0.0035966 secs]
Application time: 0.0000442 seconds
[GC cleanup 10059K->10059K(64M), 0.0002774 secs]
Application time: 0.1531687 seconds
[GC pause (G1 Humongous Allocation) (young) 33M->6987K(64M), 0.0089250 secs]
Application time: 0.0604720 seconds
[GC pause (G1 Humongous Allocation) (young) (initial-mark) 17M->6987K(64M), 0.0040808 secs]
[GC concurrent-root-region-scan-start]
[GC concurrent-root-region-scan-end, 0.0001154 secs]
[GC concurrent-mark-start]
[GC concurrent-mark-end, 0.0044680 secs]
Application time: 0.0046306 seconds
[GC remark, 0.0033973 secs]
Application time: 0.0000448 seconds
[GC cleanup 10059K->10059K(64M), 0.0002001 secs]
Application time: 0.1512648 seconds
[GC pause (G1 Humongous Allocation) (young) 33M->5979K(64M), 0.0091276 secs]
Application time: 0.0614233 seconds
[GC pause (G1 Humongous Allocation) (young) (initial-mark) 16M->6989K(64M), 0.0044503 secs]
[GC concurrent-root-region-scan-start]
[GC concurrent-root-region-scan-end, 0.0001218 secs]
[GC concurrent-mark-start]
[GC concurrent-mark-end, 0.0040919 secs]
Application time: 0.0042833 seconds
[GC remark, 0.0031970 secs]
Application time: 0.0000473 seconds
[GC cleanup 8525K->8525K(64M), 0.0001774 secs]
Application time: 0.1541171 seconds
[GC pause (G1 Humongous Allocation) (young) 33M->6989K(64M), 0.0091850 secs]
Application time: 0.0591534 seconds
[GC pause (G1 Humongous Allocation) (young) (initial-mark) 16M->6989K(64M), 0.0041129 secs]
[GC concurrent-root-region-scan-start]
[GC concurrent-root-region-scan-end, 0.0001208 secs]
[GC concurrent-mark-start]
[GC concurrent-mark-end, 0.0042473 secs]
Application time: 0.0044233 seconds
[GC remark, 0.0034326 secs]
Application time: 0.0000462 seconds
[GC cleanup 9037K->9037K(64M), 0.0001810 secs]
Application time: 0.1593584 seconds
[GC pause (G1 Humongous Allocation) (young) 33M->6989K(64M), 0.0090792 secs]
Application time: 0.0578161 seconds
[GC pause (G1 Humongous Allocation) (young) (initial-mark) 16M->6992K(64M), 0.0039681 secs]
[GC concurrent-root-region-scan-start]
[GC concurrent-root-region-scan-end, 0.0001103 secs]
[GC concurrent-mark-start]
[GC concurrent-mark-end, 0.0044041 secs]
Application time: 0.0045686 seconds
[GC remark, 0.0034781 secs]
Application time: 0.0000446 seconds
[GC cleanup 9040K->9040K(64M), 0.0002281 secs]
Application time: 0.1593074 seconds
[GC pause (G1 Humongous Allocation) (young) 34M->6994K(64M), 0.0089976 secs]
Application time: 0.0595961 seconds
[GC pause (G1 Humongous Allocation) (young) (initial-mark) 16M->6994K(64M), 0.0040962 secs]
[GC concurrent-root-region-scan-start]
[GC concurrent-root-region-scan-end, 0.0001145 secs]
[GC concurrent-mark-start]
[GC concurrent-mark-end, 0.0041961 secs]
Application time: 0.0043661 seconds
[GC remark, 0.0033163 secs]
Application time: 0.0000459 seconds
[GC cleanup 8530K->8530K(64M), 0.0001799 secs]
Application time: 0.1615974 seconds
[GC pause (G1 Humongous Allocation) (young) 33M->6994K(64M), 0.0091734 secs]
Application time: 0.0593756 seconds
[GC pause (G1 Humongous Allocation) (young) (initial-mark) 16M->6994K(64M), 0.0040926 secs]
[GC concurrent-root-region-scan-start]
[GC concurrent-root-region-scan-end, 0.0001283 secs]
[GC concurrent-mark-start]
[GC concurrent-mark-end, 0.0043753 secs]
Application time: 0.0045705 seconds
[GC remark, 0.0046786 secs]
Application time: 0.0000506 seconds
[GC cleanup 8530K->8530K(64M), 0.0002141 secs]
Application time: 0.1753339 seconds
[GC pause (G1 Humongous Allocation) (young) 33M->6997K(64M), 0.0089770 secs]
Application time: 0.0604076 seconds
[GC pause (G1 Humongous Allocation) (young) (initial-mark) 17M->6999K(64M), 0.0030492 secs]
[GC concurrent-root-region-scan-start]
[GC concurrent-root-region-scan-end, 0.0000949 secs]
[GC concurrent-mark-start]
[GC concurrent-mark-end, 0.0044302 secs]
Application time: 0.0045652 seconds
[GC remark, 0.0026671 secs]
Application time: 0.0000394 seconds
[GC cleanup 9047K->9047K(64M), 0.0001600 secs]
Application time: 0.1481156 seconds
[GC pause (G1 Humongous Allocation) (young) 33M->6999K(64M), 0.0071171 secs]
Application time: 0.0574743 seconds
[GC pause (G1 Humongous Allocation) (young) (initial-mark) 16M->6999K(64M), 0.0047780 secs]
[GC concurrent-root-region-scan-start]
[GC concurrent-root-region-scan-end, 0.0001084 secs]
[GC concurrent-mark-start]
[GC concurrent-mark-end, 0.0041233 secs]
Application time: 0.0042873 seconds
[GC remark, 0.0026295 secs]
Application time: 0.0000393 seconds
[GC cleanup 9047K->9047K(64M), 0.0001279 secs]
Application time: 0.1439579 seconds
[GC pause (G1 Humongous Allocation) (young) 33M->5977K(64M), 0.0070595 secs]
Application time: 0.0580570 seconds
[GC pause (G1 Humongous Allocation) (young) (initial-mark) 17M->7002K(64M), 0.0031795 secs]
[GC concurrent-root-region-scan-start]
[GC concurrent-root-region-scan-end, 0.0001099 secs]
[GC concurrent-mark-start]
[GC concurrent-mark-end, 0.0042498 secs]
Application time: 0.0043993 seconds
[GC remark, 0.0026142 secs]
Application time: 0.0000403 seconds
[GC cleanup 10074K->10074K(64M), 0.0001357 secs]
Application time: 0.1427571 seconds
[GC pause (G1 Humongous Allocation) (young) 33M->7004K(64M), 0.0070285 secs]
Application time: 0.0554585 seconds
[GC pause (G1 Humongous Allocation) (young) (initial-mark) 16M->7002K(64M), 0.0033021 secs]
[GC concurrent-root-region-scan-start]
[GC concurrent-root-region-scan-end, 0.0001092 secs]
[GC concurrent-mark-start]
[GC concurrent-mark-end, 0.0044738 secs]
Application time: 0.0046209 seconds
[GC remark, 0.0026224 secs]
Application time: 0.0000403 seconds
[GC cleanup 9050K->9050K(64M), 0.0001416 secs]
Application time: 0.1439774 seconds
[GC pause (G1 Humongous Allocation) (young) 33M->7002K(64M), 0.0070647 secs]
Application time: 0.0498404 seconds
[GC pause (G1 Humongous Allocation) (young) (initial-mark) 16M->7002K(64M), 0.0030859 secs]
[GC concurrent-root-region-scan-start]
[GC concurrent-root-region-scan-end, 0.0001042 secs]
[GC concurrent-mark-start]
[GC concurrent-mark-end, 0.0042164 secs]
Application time: 0.0043658 seconds
[GC remark, 0.0032262 secs]
Application time: 0.0000433 seconds
[GC cleanup 8538K->8538K(64M), 0.0001625 secs]
Application time: 0.1594222 seconds
[GC pause (G1 Humongous Allocation) (young) 33M->7004K(64M), 0.0073997 secs]
Application time: 0.0555133 seconds
[GC pause (G1 Humongous Allocation) (young) (initial-mark) 16M->7007K(64M), 0.0033160 secs]
[GC concurrent-root-region-scan-start]
[GC concurrent-root-region-scan-end, 0.0001045 secs]
[GC concurrent-mark-start]
[GC concurrent-mark-end, 0.0047305 secs]
Application time: 0.0056400 seconds
[GC remark, 0.0036347 secs]
Application time: 0.0000752 seconds
[GC cleanup 8543K->8543K(64M), 0.0002184 secs]
Application time: 0.1794539 seconds
[GC pause (G1 Humongous Allocation) (young) 33M->7007K(64M), 0.0076881 secs]
Application time: 0.0582748 seconds
[GC pause (G1 Humongous Allocation) (young) (initial-mark) 16M->7007K(64M), 0.0032570 secs]
[GC concurrent-root-region-scan-start]
[GC concurrent-root-region-scan-end, 0.0001088 secs]
[GC concurrent-mark-start]
[GC concurrent-mark-end, 0.0044434 secs]
Application time: 0.0045970 seconds
[GC remark, 0.0027757 secs]
Application time: 0.0000401 seconds
[GC cleanup 9055K->9055K(64M), 0.0001613 secs]
Application time: 0.1647660 seconds
[GC pause (G1 Humongous Allocation) (young) 33M->7007K(64M), 0.0074717 secs]
Application time: 0.0587146 seconds
[GC pause (G1 Humongous Allocation) (young) (initial-mark) 16M->7011K(64M), 0.0032655 secs]
[GC concurrent-root-region-scan-start]
[GC concurrent-root-region-scan-end, 0.0001067 secs]
[GC concurrent-mark-start]
[GC concurrent-mark-end, 0.0041787 secs]
Application time: 0.0043587 seconds
[GC remark, 0.0027883 secs]
Application time: 0.0000621 seconds
[GC cleanup 8547K->8547K(64M), 0.0001546 secs]
Application time: 0.1522598 seconds
[GC pause (G1 Humongous Allocation) (young) 33M->7011K(64M), 0.0075321 secs]
Application time: 0.0592257 seconds
[GC pause (G1 Humongous Allocation) (young) (initial-mark) 16M->7011K(64M), 0.0032760 secs]
[GC concurrent-root-region-scan-start]
[GC concurrent-root-region-scan-end, 0.0001009 secs]
[GC concurrent-mark-start]
[GC concurrent-mark-end, 0.0043769 secs]
Application time: 0.0045456 seconds
[GC remark, 0.0027167 secs]
Application time: 0.0000435 seconds
[GC cleanup 9059K->9059K(64M), 0.0001563 secs]
Application time: 0.1613067 seconds
[GC pause (G1 Humongous Allocation) (young) 33M->7011K(64M), 0.0075509 secs]
Application time: 0.0591671 seconds
[GC pause (G1 Humongous Allocation) (young) (initial-mark) 17M->7011K(64M), 0.0031812 secs]
[GC concurrent-root-region-scan-start]
[GC concurrent-root-region-scan-end, 0.0001042 secs]
[GC concurrent-mark-start]
[GC concurrent-mark-end, 0.0044675 secs]
Application time: 0.0046281 seconds
[GC remark, 0.0031689 secs]
Application time: 0.0000389 seconds
[GC cleanup 10083K->10083K(64M), 0.0001861 secs]
Application time: 0.1570208 seconds
[GC pause (G1 Humongous Allocation) (young) 33M->7014K(64M), 0.0075222 secs]
Application time: 0.0586617 seconds
[GC pause (G1 Humongous Allocation) (young) (initial-mark) 16M->7014K(64M), 0.0031423 secs]
[GC concurrent-root-region-scan-start]
[GC concurrent-root-region-scan-end, 0.0000988 secs]
[GC concurrent-mark-start]
[GC concurrent-mark-end, 0.0048312 secs]
Application time: 0.0049757 seconds
[GC remark, 0.0027233 secs]
Application time: 0.0000381 seconds
[GC cleanup 8550K->8550K(64M), 0.0001650 secs]
Application time: 0.1596383 seconds
[GC pause (G1 Humongous Allocation) (young) 33M->5994K(64M), 0.0074535 secs]
Application time: 0.0588561 seconds
[GC pause (G1 Humongous Allocation) (young) (initial-mark) 17M->7014K(64M), 0.0035255 secs]
[GC concurrent-root-region-scan-start]
[GC concurrent-root-region-scan-end, 0.0001001 secs]
[GC concurrent-mark-start]
[GC concurrent-mark-end, 0.0041509 secs]
Application time: 0.0043060 seconds
[GC remark, 0.0026984 secs]
Application time: 0.0000420 seconds
[GC cleanup 8550K->8550K(64M), 0.0001580 secs]
Application time: 0.1653286 seconds
[GC pause (G1 Humongous Allocation) (young) 34M->7014K(64M), 0.0076028 secs]
Application time: 0.0593192 seconds
[GC pause (G1 Humongous Allocation) (young) (initial-mark) 16M->7016K(64M), 0.0033106 secs]
[GC concurrent-root-region-scan-start]
[GC concurrent-root-region-scan-end, 0.0001022 secs]
[GC concurrent-mark-start]
[GC concurrent-mark-end, 0.0050721 secs]
Application time: 0.0131125 seconds
[GC remark, 0.0028318 secs]
Application time: 0.0000320 seconds
[GC cleanup 9064K->9064K(64M), 0.0001734 secs]
Application time: 0.1593505 seconds
[GC pause (G1 Humongous Allocation) (young) 33M->7016K(64M), 0.0077608 secs]
Application time: 0.0610082 seconds
[GC pause (G1 Humongous Allocation) (young) (initial-mark) 16M->7016K(64M), 0.0034061 secs]
[GC concurrent-root-region-scan-start]
[GC concurrent-root-region-scan-end, 0.0001412 secs]
[GC concurrent-mark-start]
[GC concurrent-mark-end, 0.0047790 secs]
Application time: 0.0049236 seconds
[GC remark, 0.0029679 secs]
Application time: 0.0000287 seconds
[GC cleanup 8552K->8552K(64M), 0.0001552 secs]
Application time: 0.1673653 seconds
[GC pause (G1 Humongous Allocation) (young) 33M->7016K(64M), 0.0077006 secs]
Application time: 0.0589894 seconds
[GC pause (G1 Humongous Allocation) (young) (initial-mark) 17M->7019K(64M), 0.0033114 secs]
[GC concurrent-root-region-scan-start]
[GC concurrent-root-region-scan-end, 0.0001124 secs]
[GC concurrent-mark-start]
[GC concurrent-mark-end, 0.0049468 secs]
Application time: 0.0051115 seconds
[GC remark, 0.0029714 secs]
Application time: 0.0000326 seconds
[GC cleanup 8555K->8555K(64M), 0.0001808 secs]
Application time: 0.1603935 seconds
[GC pause (G1 Humongous Allocation) (young) 33M->7021K(64M), 0.0075228 secs]
Application time: 0.0590640 seconds
[GC pause (G1 Humongous Allocation) (young) (initial-mark) 16M->5999K(64M), 0.0032209 secs]
[GC concurrent-root-region-scan-start]
[GC concurrent-root-region-scan-end, 0.0001346 secs]
[GC concurrent-mark-start]
[GC concurrent-mark-end, 0.0045934 secs]
Application time: 0.0047787 seconds
[GC remark, 0.0029924 secs]
Application time: 0.0000327 seconds
[GC cleanup 8047K->8047K(64M), 0.0001767 secs]
Application time: 0.1657974 seconds
[GC pause (G1 Humongous Allocation) (young) 33M->7023K(64M), 0.0080055 secs]
Application time: 0.0581224 seconds
[GC pause (G1 Humongous Allocation) (young) (initial-mark) 16M->7021K(64M), 0.0033338 secs]
[GC concurrent-root-region-scan-start]
[GC concurrent-root-region-scan-end, 0.0001248 secs]
[GC concurrent-mark-start]
[GC concurrent-mark-end, 0.0048034 secs]
Application time: 0.0049526 seconds
[GC remark, 0.0029382 secs]
Application time: 0.0000912 seconds
[GC cleanup 8557K->8557K(64M), 0.0001646 secs]
Application time: 0.1686414 seconds
[GC pause (G1 Humongous Allocation) (young) 33M->7024K(64M), 0.0076754 secs]
Application time: 0.0587828 seconds
[GC pause (G1 Humongous Allocation) (young) (initial-mark) 16M->7026K(64M), 0.0032315 secs]
[GC concurrent-root-region-scan-start]
[GC concurrent-root-region-scan-end, 0.0001253 secs]
[GC concurrent-mark-start]
[GC concurrent-mark-end, 0.0045978 secs]
Application time: 0.0047811 seconds
[GC remark, 0.0027567 secs]
Application time: 0.0000323 seconds
[GC cleanup 8562K->8562K(64M), 0.0001563 secs]
Application time: 0.1606966 seconds
[GC pause (G1 Humongous Allocation) (young) 33M->7026K(64M), 0.0075748 secs]
Application time: 0.0755208 seconds
[GC pause (G1 Humongous Allocation) (young) (initial-mark) 16M->7026K(64M), 0.0031785 secs]
[GC concurrent-root-region-scan-start]
[GC concurrent-root-region-scan-end, 0.0001201 secs]
[GC concurrent-mark-start]
[GC concurrent-mark-end, 0.0043662 secs]
Application time: 0.0045392 seconds
[GC remark, 0.0030140 secs]
Application time: 0.0018597 seconds
[GC cleanup 8562K->8562K(64M), 0.0002677 secs]
Application time: 0.1578142 seconds
[GC pause (G1 Humongous Allocation) (young) 33M->7026K(64M), 0.0076249 secs]
Application time: 0.0598656 seconds
[GC pause (G1 Humongous Allocation) (young) (initial-mark) 16M->7029K(64M), 0.0033254 secs]
[GC concurrent-root-region-scan-start]
[GC concurrent-root-region-scan-end, 0.0001156 secs]
[GC concurrent-mark-start]
[GC concurrent-mark-end, 0.0044423 secs]
Application time: 0.0046029 seconds
[GC remark, 0.0030110 secs]
Application time: 0.0000429 seconds
[GC cleanup 8565K->8565K(64M), 0.0001579 secs]
Application time: 0.1583870 seconds
[GC pause (G1 Humongous Allocation) (young) 33M->7029K(64M), 0.0073648 secs]
Application time: 0.0661049 seconds
[GC pause (G1 Humongous Allocation) (young) (initial-mark) 17M->6007K(64M), 0.0036524 secs]
[GC concurrent-root-region-scan-start]
[GC concurrent-root-region-scan-end, 0.0000992 secs]
[GC concurrent-mark-start]
[GC concurrent-mark-end, 0.0042159 secs]
Application time: 0.0050312 seconds
[GC remark, 0.0026977 secs]
Application time: 0.0000425 seconds
[GC cleanup 9079K->9079K(64M), 0.0001550 secs]
Application time: 0.1588307 seconds
[GC pause (G1 Humongous Allocation) (young) 33M->7029K(64M), 0.0077989 secs]
Application time: 0.0585323 seconds
[GC pause (G1 Humongous Allocation) (young) (initial-mark) 16M->7029K(64M), 0.0031821 secs]
[GC concurrent-root-region-scan-start]
[GC concurrent-root-region-scan-end, 0.0000988 secs]
[GC concurrent-mark-start]
[GC concurrent-mark-end, 0.0042267 secs]
Application time: 0.0043786 seconds
[GC remark, 0.0039628 secs]
Application time: 0.0000448 seconds
[GC cleanup 8565K->8565K(64M), 0.0001711 secs]
Application time: 0.1685830 seconds
[GC pause (G1 Humongous Allocation) (young) 33M->7031K(64M), 0.0074886 secs]
Application time: 0.0597244 seconds
[GC pause (G1 Humongous Allocation) (young) (initial-mark) 16M->7034K(64M), 0.0037081 secs]
[GC concurrent-root-region-scan-start]
[GC concurrent-root-region-scan-end, 0.0001059 secs]
[GC concurrent-mark-start]
[GC concurrent-mark-end, 0.0045533 secs]
Application time: 0.0047110 seconds
[GC remark, 0.0027062 secs]
Application time: 0.0000386 seconds
[GC cleanup 9082K->9082K(64M), 0.0001737 secs]
Application time: 0.1550193 seconds
[GC pause (G1 Humongous Allocation) (young) 33M->7034K(64M), 0.0075802 secs]
Application time: 0.0587632 seconds
[GC pause (G1 Humongous Allocation) (young) (initial-mark) 16M->7034K(64M), 0.0032215 secs]
[GC concurrent-root-region-scan-start]
[GC concurrent-root-region-scan-end, 0.0001140 secs]
[GC concurrent-mark-start]
[GC concurrent-mark-end, 0.0043842 secs]
Application time: 0.0045458 seconds
[GC remark, 0.0029000 secs]
Application time: 0.0000444 seconds
[GC cleanup 9082K->9082K(64M), 0.0001567 secs]
Application time: 0.1686372 seconds
[GC pause (G1 Humongous Allocation) (young) 33M->7036K(64M), 0.0076144 secs]
Application time: 0.0592389 seconds
[GC pause (G1 Humongous Allocation) (young) (initial-mark) 16M->7039K(64M), 0.0035476 secs]
[GC concurrent-root-region-scan-start]
[GC concurrent-root-region-scan-end, 0.0001204 secs]
[GC concurrent-mark-start]
[GC concurrent-mark-end, 0.0047943 secs]
Application time: 0.0049636 seconds
[GC remark, 0.0030730 secs]
Application time: 0.0000454 seconds
[GC cleanup 9087K->9087K(64M), 0.0001483 secs]
Application time: 0.1587175 seconds
[GC pause (G1 Humongous Allocation) (young) 33M->7039K(64M), 0.0075677 secs]
Application time: 0.0570325 seconds
[GC pause (G1 Humongous Allocation) (young) (initial-mark) 16M->7039K(64M), 0.0032397 secs]
[GC concurrent-root-region-scan-start]
[GC concurrent-root-region-scan-end, 0.0000980 secs]
[GC concurrent-mark-start]
[GC concurrent-mark-end, 0.0041820 secs]
Application time: 0.0106484 seconds
[GC remark, 0.0027989 secs]
Application time: 0.0000316 seconds
[GC cleanup 9087K->9087K(64M), 0.0001775 secs]
Application time: 0.1558800 seconds
[GC pause (G1 Humongous Allocation) (young) 33M->6033K(64M), 0.0074024 secs]
Application time: 0.0605828 seconds
[GC pause (G1 Humongous Allocation) (young) (initial-mark) 17M->7041K(64M), 0.0033935 secs]
[GC concurrent-root-region-scan-start]
[GC concurrent-root-region-scan-end, 0.0001255 secs]
[GC concurrent-mark-start]
[GC concurrent-mark-end, 0.0043235 secs]
Application time: 0.0044998 seconds
[GC remark, 0.0029058 secs]
Application time: 0.0000324 seconds
[GC cleanup 8577K->8577K(64M), 0.0001518 secs]
Application time: 0.1520001 seconds
[GC pause (G1 Humongous Allocation) (young) 33M->7044K(64M), 0.0075112 secs]
Application time: 0.0661677 seconds
[GC pause (G1 Humongous Allocation) (young) (initial-mark) 17M->7044K(64M), 0.0032846 secs]
[GC concurrent-root-region-scan-start]
[GC concurrent-root-region-scan-end, 0.0001509 secs]
[GC concurrent-mark-start]
[GC concurrent-mark-end, 0.0044668 secs]
Application time: 0.0046295 seconds
[GC remark, 0.0030924 secs]
Application time: 0.0000292 seconds
[GC cleanup 8068K->8068K(64M), 0.0001745 secs]
Application time: 0.1710738 seconds
[GC pause (G1 Humongous Allocation) (young) 33M->7044K(64M), 0.0075390 secs]
Application time: 0.0588342 seconds
[GC pause (G1 Humongous Allocation) (young) (initial-mark) 17M->6038K(64M), 0.0034052 secs]
[GC concurrent-root-region-scan-start]
[GC concurrent-root-region-scan-end, 0.0001334 secs]
[GC concurrent-mark-start]
[GC concurrent-mark-end, 0.0044248 secs]
Application time: 0.0045607 seconds
[GC remark, 0.0032384 secs]
Application time: 0.0002281 seconds
[GC cleanup 8086K->8086K(64M), 0.0001571 secs]
Application time: 0.1570414 seconds
[GC pause (G1 Humongous Allocation) (young) 33M->7046K(64M), 0.0075966 secs]
Application time: 0.0563747 seconds
[GC pause (G1 Humongous Allocation) (young) (initial-mark) 16M->7049K(64M), 0.0031577 secs]
[GC concurrent-root-region-scan-start]
[GC concurrent-root-region-scan-end, 0.0000955 secs]
[GC concurrent-mark-start]
[GC concurrent-mark-end, 0.0041599 secs]
Application time: 0.0043033 seconds
[GC remark, 0.0026725 secs]
Application time: 0.0000406 seconds
[GC cleanup 9097K->9097K(64M), 0.0001503 secs]
Application time: 0.1551790 seconds
[GC pause (G1 Humongous Allocation) (young) 33M->7049K(64M), 0.0073238 secs]
Application time: 0.0529185 seconds
[GC pause (G1 Humongous Allocation) (young) (initial-mark) 16M->7049K(64M), 0.0030946 secs]
[GC concurrent-root-region-scan-start]
[GC concurrent-root-region-scan-end, 0.0000932 secs]
[GC concurrent-mark-start]
[GC concurrent-mark-end, 0.0040392 secs]
Application time: 0.0041778 seconds
[GC remark, 0.0026200 secs]
Application time: 0.0000403 seconds
[GC cleanup 9097K->9097K(64M), 0.0001426 secs]
Application time: 0.1546966 seconds
[GC pause (G1 Humongous Allocation) (young) 33M->7049K(64M), 0.0072709 secs]
Application time: 0.0633446 seconds
[GC pause (G1 Humongous Allocation) (young) (initial-mark) 16M->7051K(64M), 0.0032796 secs]
[GC concurrent-root-region-scan-start]
[GC concurrent-root-region-scan-end, 0.0001265 secs]
[GC concurrent-mark-start]
[GC concurrent-mark-end, 0.0043203 secs]
Application time: 0.0098702 seconds
[GC remark, 0.0031668 secs]
Application time: 0.0000311 seconds
[GC cleanup 9099K->9099K(64M), 0.0001752 secs]
Application time: 0.1444082 seconds
[GC pause (G1 Humongous Allocation) (young) 33M->7051K(64M), 0.0074182 secs]
Application time: 0.0622224 seconds
[GC pause (G1 Humongous Allocation) (young) (initial-mark) 16M->7053K(64M), 0.0031454 secs]
[GC concurrent-root-region-scan-start]
[GC concurrent-root-region-scan-end, 0.0001282 secs]
[GC concurrent-mark-start]
[GC concurrent-mark-end, 0.0040735 secs]
Application time: 0.0042048 seconds
[GC remark, 0.0029612 secs]
Application time: 0.0000325 seconds
[GC cleanup 8589K->8589K(64M), 0.0001894 secs]
Application time: 0.1559421 seconds
[GC pause (G1 Humongous Allocation) (young) 33M->7051K(64M), 0.0074739 secs]
Application time: 0.0557606 seconds
[GC pause (G1 Humongous Allocation) (young) (initial-mark) 16M->7051K(64M), 0.0031532 secs]
[GC concurrent-root-region-scan-start]
[GC concurrent-root-region-scan-end, 0.0001415 secs]
[GC concurrent-mark-start]
[GC concurrent-mark-end, 0.0042978 secs]
Application time: 0.0044519 seconds
[GC remark, 0.0030420 secs]
Application time: 0.0000300 seconds
[GC cleanup 8587K->8587K(64M), 0.0001586 secs]
Application time: 0.1715010 seconds
[GC pause (G1 Humongous Allocation) (young) 33M->7054K(64M), 0.0074353 secs]
Application time: 0.0606859 seconds
[GC pause (G1 Humongous Allocation) (young) (initial-mark) 17M->7054K(64M), 0.0032763 secs]
[GC concurrent-root-region-scan-start]
[GC concurrent-root-region-scan-end, 0.0001297 secs]
[GC concurrent-mark-start]
[GC concurrent-mark-end, 0.0045853 secs]
Application time: 0.0047206 seconds
[GC remark, 0.0029763 secs]
Application time: 0.0046687 seconds
[GC cleanup 9102K->9102K(64M), 0.0001854 secs]
Application time: 0.1507422 seconds
[GC pause (G1 Humongous Allocation) (young) 33M->7054K(64M), 0.0073340 secs]
Application time: 0.0562177 seconds
[GC pause (G1 Humongous Allocation) (young) (initial-mark) 16M->7054K(64M), 0.0031087 secs]
[GC concurrent-root-region-scan-start]
[GC concurrent-root-region-scan-end, 0.0000966 secs]
[GC concurrent-mark-start]
[GC concurrent-mark-end, 0.0040603 secs]
Application time: 0.0042069 seconds
[GC remark, 0.0027046 secs]
Application time: 0.0000399 seconds
[GC cleanup 8590K->8590K(64M), 0.0001626 secs]
Application time: 0.1556071 seconds
[GC pause (G1 Humongous Allocation) (young) 34M->7054K(64M), 0.0071463 secs]
Application time: 0.0601712 seconds
[GC pause (G1 Humongous Allocation) (young) (initial-mark) 16M->7056K(64M), 0.0034299 secs]
[GC concurrent-root-region-scan-start]
[GC concurrent-root-region-scan-end, 0.0001109 secs]
[GC concurrent-mark-start]
[GC concurrent-mark-end, 0.0046186 secs]
Application time: 0.0054616 seconds
[GC remark, 0.0029760 secs]
Application time: 0.0000533 seconds
[GC cleanup 9104K->9104K(64M), 0.0001724 secs]
Application time: 0.1619907 seconds
[GC pause (G1 Humongous Allocation) (young) 33M->7056K(64M), 0.0094619 secs]
Application time: 0.0640242 seconds
[GC pause (G1 Humongous Allocation) (young) (initial-mark) 16M->7056K(64M), 0.0043570 secs]
[GC concurrent-root-region-scan-start]
[GC concurrent-root-region-scan-end, 0.0001948 secs]
[GC concurrent-mark-start]
[GC concurrent-mark-end, 0.0055832 secs]
Application time: 0.0058314 seconds
[GC remark, 0.0034536 secs]
Application time: 0.0000429 seconds
[GC cleanup 9104K->9104K(64M), 0.0002575 secs]
Application time: 0.1777862 seconds
[GC pause (G1 Humongous Allocation) (young) 33M->7056K(64M), 0.0093026 secs]
Application time: 0.0592856 seconds
[GC pause (G1 Humongous Allocation) (young) (initial-mark) 16M->7059K(64M), 0.0045008 secs]
[GC concurrent-root-region-scan-start]
[GC concurrent-root-region-scan-end, 0.0001238 secs]
[GC concurrent-mark-start]
[GC concurrent-mark-end, 0.0056295 secs]
Application time: 0.0057564 seconds
[GC remark, 0.0034732 secs]
Application time: 0.0000296 seconds
[GC cleanup 9107K->9107K(64M), 0.0002321 secs]
Application time: 0.1732492 seconds
[GC pause (G1 Humongous Allocation) (young) 33M->7063K(64M), 0.0092017 secs]
Application time: 0.0609035 seconds
[GC pause (G1 Humongous Allocation) (young) (initial-mark) 17M->7063K(64M), 0.0033160 secs]
[GC concurrent-root-region-scan-start]
[GC concurrent-root-region-scan-end, 0.0001460 secs]
[GC concurrent-mark-start]
[GC concurrent-mark-end, 0.0044535 secs]
Application time: 0.0046117 seconds
[GC remark, 0.0030865 secs]
Application time: 0.0000354 seconds
[GC cleanup 8087K->8087K(64M), 0.0001552 secs]
Application time: 0.1479129 seconds
[GC pause (G1 Humongous Allocation) (young) 33M->7063K(64M), 0.0072982 secs]
Application time: 0.0586662 seconds
[GC pause (G1 Humongous Allocation) (young) (initial-mark) 16M->7063K(64M), 0.0031355 secs]
[GC concurrent-root-region-scan-start]
[GC concurrent-root-region-scan-end, 0.0001227 secs]
[GC concurrent-mark-start]
[GC concurrent-mark-end, 0.0043416 secs]
Application time: 0.0045178 seconds
[GC remark, 0.0028929 secs]
Application time: 0.0000330 seconds
[GC cleanup 8599K->8599K(64M), 0.0001603 secs]
Application time: 0.1600127 seconds
[GC pause (G1 Humongous Allocation) (young) 33M->7066K(64M), 0.0072892 secs]
Application time: 0.0576723 seconds
[GC pause (G1 Humongous Allocation) (young) (initial-mark) 17M->7070K(64M), 0.0032772 secs]
[GC concurrent-root-region-scan-start]
[GC concurrent-root-region-scan-end, 0.0001460 secs]
[GC concurrent-mark-start]
[GC concurrent-mark-end, 0.0043711 secs]
Application time: 0.0045277 seconds
[GC remark, 0.0030903 secs]
Application time: 0.0000262 seconds
[GC cleanup 8606K->8606K(64M), 0.0001750 secs]
Application time: 0.1477593 seconds
[GC pause (G1 Humongous Allocation) (young) 33M->7072K(64M), 0.0074319 secs]
Application time: 0.0645878 seconds
[GC pause (G1 Humongous Allocation) (young) (initial-mark) 17M->7072K(64M), 0.0032877 secs]
[GC concurrent-root-region-scan-start]
[GC concurrent-root-region-scan-end, 0.0001074 secs]
[GC concurrent-mark-start]
[GC concurrent-mark-end, 0.0043845 secs]
Application time: 0.0045235 seconds
[GC remark, 0.0030645 secs]
Application time: 0.0000285 seconds
[GC cleanup 8608K->8608K(64M), 0.0001665 secs]
Application time: 0.1546617 seconds
[GC pause (G1 Humongous Allocation) (young) 33M->7070K(64M), 0.0072647 secs]
Application time: 0.0569082 seconds
[GC pause (G1 Humongous Allocation) (young) (initial-mark) 17M->7075K(64M), 0.0032305 secs]
[GC concurrent-root-region-scan-start]
[GC concurrent-root-region-scan-end, 0.0001416 secs]
[GC concurrent-mark-start]
[GC concurrent-mark-end, 0.0042895 secs]
Application time: 0.0044410 seconds
[GC remark, 0.0031099 secs]
Application time: 0.0000265 seconds
[GC cleanup 8611K->8611K(64M), 0.0001636 secs]
Application time: 0.1568220 seconds
[GC pause (G1 Humongous Allocation) (young) 33M->7075K(64M), 0.0073452 secs]
Application time: 0.0590525 seconds
[GC pause (G1 Humongous Allocation) (young) (initial-mark) 17M->7075K(64M), 0.0031270 secs]
[GC concurrent-root-region-scan-start]
[GC concurrent-root-region-scan-end, 0.0000971 secs]
[GC concurrent-mark-start]
[GC concurrent-mark-end, 0.0043063 secs]
Application time: 0.0044570 seconds
[GC remark, 0.0029265 secs]
Application time: 0.0000320 seconds
[GC cleanup 8611K->8611K(64M), 0.0001687 secs]
Application time: 0.1554919 seconds
[GC pause (G1 Humongous Allocation) (young) 33M->7075K(64M), 0.0076989 secs]
Application time: 0.0558922 seconds
[GC pause (G1 Humongous Allocation) (young) (initial-mark) 16M->7075K(64M), 0.0032579 secs]
[GC concurrent-root-region-scan-start]
[GC concurrent-root-region-scan-end, 0.0001444 secs]
[GC concurrent-mark-start]
[GC concurrent-mark-end, 0.0040917 secs]
Application time: 0.0042463 seconds
[GC remark, 0.0026476 secs]
Application time: 0.0000315 seconds
[GC cleanup 8099K->8099K(64M), 0.0001594 secs]
Application time: 0.1565026 seconds
[GC pause (G1 Humongous Allocation) (young) 34M->7077K(64M), 0.0075361 secs]
Application time: 0.0552283 seconds
[GC pause (G1 Humongous Allocation) (young) (initial-mark) 16M->7080K(64M), 0.0031490 secs]
[GC concurrent-root-region-scan-start]
[GC concurrent-root-region-scan-end, 0.0001205 secs]
[GC concurrent-mark-start]
[GC concurrent-mark-end, 0.0043559 secs]
Application time: 0.0045326 seconds
[GC remark, 0.0029193 secs]
Application time: 0.0000337 seconds
[GC cleanup 8616K->8616K(64M), 0.0001524 secs]
Application time: 0.1574403 seconds
[GC pause (G1 Humongous Allocation) (young) 33M->7080K(64M), 0.0074301 secs]
Application time: 0.0624335 seconds
[GC pause (G1 Humongous Allocation) (young) (initial-mark) 16M->6056K(64M), 0.0031222 secs]
[GC concurrent-root-region-scan-start]
[GC concurrent-root-region-scan-end, 0.0001216 secs]
[GC concurrent-mark-start]
[GC concurrent-mark-end, 0.0044089 secs]
Application time: 0.0045847 seconds
[GC remark, 0.0027200 secs]
Application time: 0.0000304 seconds
[GC cleanup 7592K->7592K(64M), 0.0001728 secs]
Application time: 0.1565622 seconds
[GC pause (G1 Humongous Allocation) (young) 33M->7080K(64M), 0.0072902 secs]
Application time: 0.0673578 seconds
[GC pause (G1 Humongous Allocation) (young) (initial-mark) 17M->7082K(64M), 0.0035890 secs]
[GC concurrent-root-region-scan-start]
[GC concurrent-root-region-scan-end, 0.0001447 secs]
[GC concurrent-mark-start]
[GC concurrent-mark-end, 0.0045032 secs]
Application time: 0.0046705 seconds
[GC remark, 0.0030792 secs]
Application time: 0.0000270 seconds
[GC cleanup 8106K->8106K(64M), 0.0001730 secs]
Application time: 0.1557089 seconds
[GC pause (G1 Humongous Allocation) (young) 33M->7082K(64M), 0.0074212 secs]
Application time: 0.0592285 seconds
[GC pause (G1 Humongous Allocation) (young) (initial-mark) 16M->7082K(64M), 0.0031829 secs]
[GC concurrent-root-region-scan-start]
[GC concurrent-root-region-scan-end, 0.0001056 secs]
[GC concurrent-mark-start]
[GC concurrent-mark-end, 0.0042486 secs]
Application time: 0.0044139 seconds
[GC remark, 0.0030095 secs]
Application time: 0.0000328 seconds
[GC cleanup 8618K->8618K(64M), 0.0001647 secs]
Application time: 0.1629186 seconds
[GC pause (G1 Humongous Allocation) (young) 33M->7082K(64M), 0.0073773 secs]
Application time: 0.0593208 seconds
[GC pause (G1 Humongous Allocation) (young) (initial-mark) 17M->7082K(64M), 0.0032057 secs]
[GC concurrent-root-region-scan-start]
[GC concurrent-root-region-scan-end, 0.0001325 secs]
[GC concurrent-mark-start]
[GC concurrent-mark-end, 0.0045860 secs]
Application time: 0.0047729 seconds
[GC remark, 0.0027832 secs]
Application time: 0.0000329 seconds
[GC cleanup 8618K->8618K(64M), 0.0001625 secs]
Application time: 0.1489737 seconds
[GC pause (G1 Humongous Allocation) (young) 33M->7085K(64M), 0.0074766 secs]
Application time: 0.0591556 seconds
[GC pause (G1 Humongous Allocation) (young) (initial-mark) 16M->7085K(64M), 0.0032810 secs]
[GC concurrent-root-region-scan-start]
[GC concurrent-root-region-scan-end, 0.0001251 secs]
[GC concurrent-mark-start]
[GC concurrent-mark-end, 0.0041792 secs]
Application time: 0.0043605 seconds
[GC remark, 0.0029571 secs]
Application time: 0.0000331 seconds
[GC cleanup 8621K->8621K(64M), 0.0001695 secs]
Application time: 0.1590804 seconds
[GC pause (G1 Humongous Allocation) (young) 33M->7085K(64M), 0.0074756 secs]
Application time: 0.0601231 seconds
[GC pause (G1 Humongous Allocation) (young) (initial-mark) 17M->7085K(64M), 0.0032428 secs]
[GC concurrent-root-region-scan-start]
[GC concurrent-root-region-scan-end, 0.0001190 secs]
[GC concurrent-mark-start]
[GC concurrent-mark-end, 0.0043824 secs]
Application time: 0.0045610 seconds
[GC remark, 0.0046550 secs]
Application time: 0.0000307 seconds
[GC cleanup 8621K->8621K(64M), 0.0001866 secs]
Application time: 0.1705704 seconds
[GC pause (G1 Humongous Allocation) (young) 33M->7085K(64M), 0.0075192 secs]
Application time: 0.0607105 seconds
[GC pause (G1 Humongous Allocation) (young) (initial-mark) 16M->6065K(64M), 0.0032946 secs]
[GC concurrent-root-region-scan-start]
[GC concurrent-root-region-scan-end, 0.0001240 secs]
[GC concurrent-mark-start]
[GC concurrent-mark-end, 0.0045096 secs]
Application time: 0.0046879 seconds
[GC remark, 0.0027641 secs]
Application time: 0.0000368 seconds
[GC cleanup 9137K->9137K(64M), 0.0001609 secs]
Application time: 0.1641055 seconds
[GC pause (G1 Humongous Allocation) (young) 33M->7087K(64M), 0.0076682 secs]
Application time: 0.0590852 seconds
[GC pause (G1 Humongous Allocation) (young) (initial-mark) 16M->7087K(64M), 0.0031716 secs]
[GC concurrent-root-region-scan-start]
[GC concurrent-root-region-scan-end, 0.0001089 secs]
[GC concurrent-mark-start]
[GC concurrent-mark-end, 0.0042468 secs]
Application time: 0.0044059 seconds
[GC remark, 0.0029317 secs]
Application time: 0.0000335 seconds
[GC cleanup 8623K->8623K(64M), 0.0001661 secs]
Application time: 0.1483955 seconds
[GC pause (G1 Humongous Allocation) (young) 33M->7085K(64M), 0.0074161 secs]
Application time: 0.0597138 seconds
[GC pause (G1 Humongous Allocation) (young) (initial-mark) 16M->7090K(64M), 0.0034735 secs]
[GC concurrent-root-region-scan-start]
[GC concurrent-root-region-scan-end, 0.0001375 secs]
[GC concurrent-mark-start]
[GC concurrent-mark-end, 0.0042649 secs]
Application time: 0.0044601 seconds
[GC remark, 0.0029138 secs]
Application time: 0.0000332 seconds
[GC cleanup 8626K->8626K(64M), 0.0001572 secs]
Application time: 0.1628298 seconds
[GC pause (G1 Humongous Allocation) (young) 33M->7092K(64M), 0.0075910 secs]
Application time: 0.0568005 seconds
[GC pause (G1 Humongous Allocation) (young) (initial-mark) 16M->7092K(64M), 0.0032334 secs]
[GC concurrent-root-region-scan-start]
[GC concurrent-root-region-scan-end, 0.0001353 secs]
[GC concurrent-mark-start]
[GC concurrent-mark-end, 0.0044528 secs]
Application time: 0.0046389 seconds
[GC remark, 0.0027870 secs]
Application time: 0.0000316 seconds
[GC cleanup 8628K->8628K(64M), 0.0001742 secs]
Application time: 0.1615239 seconds
[GC pause (G1 Humongous Allocation) (young) 33M->7092K(64M), 0.0075080 secs]
Application time: 0.0592832 seconds
[GC pause (G1 Humongous Allocation) (young) (initial-mark) 16M->7092K(64M), 0.0031703 secs]
[GC concurrent-root-region-scan-start]
[GC concurrent-root-region-scan-end, 0.0001162 secs]
[GC concurrent-mark-start]
[GC concurrent-mark-end, 0.0042587 secs]
Application time: 0.0044288 seconds
[GC remark, 0.0027202 secs]
Application time: 0.0000314 seconds
[GC cleanup 8628K->8628K(64M), 0.0001591 secs]
Application time: 0.1658969 seconds
[GC pause (G1 Humongous Allocation) (young) 33M->7095K(64M), 0.0075051 secs]
Application time: 0.0586563 seconds
[GC pause (G1 Humongous Allocation) (young) (initial-mark) 17M->7097K(64M), 0.0031331 secs]
[GC concurrent-root-region-scan-start]
[GC concurrent-root-region-scan-end, 0.0001328 secs]
[GC concurrent-mark-start]
[GC concurrent-mark-end, 0.0041782 secs]
Application time: 0.0043639 seconds
[GC remark, 0.0029238 secs]
Application time: 0.0000317 seconds
[GC cleanup 8633K->8633K(64M), 0.0002263 secs]
Application time: 0.1484747 seconds
[GC pause (G1 Humongous Allocation) (young) 33M->7097K(64M), 0.0073479 secs]
Application time: 0.0593259 seconds
[GC pause (G1 Humongous Allocation) (young) (initial-mark) 16M->7097K(64M), 0.0031494 secs]
[GC concurrent-root-region-scan-start]
[GC concurrent-root-region-scan-end, 0.0000937 secs]
[GC concurrent-mark-start]
[GC concurrent-mark-end, 0.0040472 secs]
Application time: 0.0041912 seconds
[GC remark, 0.0029407 secs]
Application time: 0.0000325 seconds
[GC cleanup 8633K->8633K(64M), 0.0001724 secs]
Application time: 0.1623521 seconds
[GC pause (G1 Humongous Allocation) (young) 33M->7097K(64M), 0.0077693 secs]
Application time: 0.0576582 seconds
[GC pause (G1 Humongous Allocation) (young) (initial-mark) 16M->7100K(64M), 0.0033631 secs]
[GC concurrent-root-region-scan-start]
[GC concurrent-root-region-scan-end, 0.0001348 secs]
[GC concurrent-mark-start]
[GC concurrent-mark-end, 0.0045220 secs]
Application time: 0.0047116 seconds
[GC remark, 0.0029266 secs]
Application time: 0.0000358 seconds
[GC cleanup 8636K->8636K(64M), 0.0001715 secs]
Application time: 0.1605085 seconds
[GC pause (G1 Humongous Allocation) (young) 33M->7100K(64M), 0.0077528 secs]
Application time: 0.0605931 seconds
[GC pause (G1 Humongous Allocation) (young) (initial-mark) 16M->7100K(64M), 0.0036029 secs]
[GC concurrent-root-region-scan-start]
[GC concurrent-root-region-scan-end, 0.0001536 secs]
[GC concurrent-mark-start]
[GC concurrent-mark-end, 0.0045212 secs]
Application time: 0.0046851 seconds
[GC remark, 0.0031655 secs]
Application time: 0.0000282 seconds
[GC cleanup 8124K->8124K(64M), 0.0001678 secs]
Application time: 0.1762858 seconds
[GC pause (G1 Humongous Allocation) (young) 33M->7100K(64M), 0.0075797 secs]
Application time: 0.0559557 seconds
[GC pause (G1 Humongous Allocation) (young) (initial-mark) 16M->7102K(64M), 0.0033196 secs]
[GC concurrent-root-region-scan-start]
[GC concurrent-root-region-scan-end, 0.0001395 secs]
[GC concurrent-mark-start]
[GC concurrent-mark-end, 0.0041174 secs]
Application time: 0.0042744 seconds
[GC remark, 0.0028914 secs]
Application time: 0.0000273 seconds
[GC cleanup 8638K->8638K(64M), 0.0001699 secs]
Application time: 0.1629993 seconds
[GC pause (G1 Humongous Allocation) (young) 33M->7102K(64M), 0.0076621 secs]
Application time: 0.0579270 seconds
[GC pause (G1 Humongous Allocation) (young) (initial-mark) 16M->7105K(64M), 0.0034897 secs]
[GC concurrent-root-region-scan-start]
[GC concurrent-root-region-scan-end, 0.0001713 secs]
[GC concurrent-mark-start]
[GC concurrent-mark-end, 0.0045350 secs]
Application time: 0.0047220 seconds
[GC remark, 0.0043421 secs]
Application time: 0.0000285 seconds
[GC cleanup 8129K->8129K(64M), 0.0001660 secs]
Application time: 0.1700875 seconds
[GC pause (G1 Humongous Allocation) (young) 33M->7105K(64M), 0.0077099 secs]
Application time: 0.0573001 seconds
[GC pause (G1 Humongous Allocation) (young) (initial-mark) 16M->7105K(64M), 0.0034828 secs]
[GC concurrent-root-region-scan-start]
[GC concurrent-root-region-scan-end, 0.0001312 secs]
[GC concurrent-mark-start]
[GC concurrent-mark-end, 0.0046220 secs]
Application time: 0.0047675 seconds
[GC remark, 0.0032186 secs]
Application time: 0.0000373 seconds
[GC cleanup 8129K->8129K(64M), 0.0001506 secs]
Application time: 0.1589904 seconds
[GC pause (G1 Humongous Allocation) (young) 33M->7107K(64M), 0.0074911 secs]
Application time: 0.0594279 seconds
[GC pause (G1 Humongous Allocation) (young) (initial-mark) 17M->7107K(64M), 0.0031329 secs]
[GC concurrent-root-region-scan-start]
[GC concurrent-root-region-scan-end, 0.0001301 secs]
[GC concurrent-mark-start]
[GC concurrent-mark-end, 0.0041701 secs]
Application time: 0.0043566 seconds
[GC remark, 0.0028664 secs]
Application time: 0.0000334 seconds
[GC cleanup 8643K->8643K(64M), 0.0001637 secs]
Application time: 0.1579025 seconds
[GC pause (G1 Humongous Allocation) (young) 33M->7110K(64M), 0.0075644 secs]
Application time: 0.0566360 seconds
[GC pause (G1 Humongous Allocation) (young) (initial-mark) 16M->7110K(64M), 0.0033068 secs]
[GC concurrent-root-region-scan-start]
[GC concurrent-root-region-scan-end, 0.0001430 secs]
[GC concurrent-mark-start]
[GC concurrent-mark-end, 0.0043859 secs]
Application time: 0.0045399 seconds
[GC remark, 0.0031161 secs]
Application time: 0.0000272 seconds
[GC cleanup 8134K->8134K(64M), 0.0001716 secs]
Application time: 0.1607778 seconds
[GC pause (G1 Humongous Allocation) (young) 33M->7110K(64M), 0.0073506 secs]
Application time: 0.0592644 seconds
[GC pause (G1 Humongous Allocation) (young) (initial-mark) 17M->7112K(64M), 0.0031942 secs]
[GC concurrent-root-region-scan-start]
[GC concurrent-root-region-scan-end, 0.0001318 secs]
[GC concurrent-mark-start]
[GC concurrent-mark-end, 0.0040725 secs]
Application time: 0.0042072 seconds
[GC remark, 0.0031996 secs]
Application time: 0.0000304 seconds
[GC cleanup 9160K->9160K(64M), 0.0001619 secs]
Application time: 0.1569644 seconds
[GC pause (G1 Humongous Allocation) (young) 33M->7112K(64M), 0.0074477 secs]
Application time: 0.0601705 seconds
[GC pause (G1 Humongous Allocation) (young) (initial-mark) 16M->7115K(64M), 0.0031638 secs]
[GC concurrent-root-region-scan-start]
[GC concurrent-root-region-scan-end, 0.0001405 secs]
[GC concurrent-mark-start]
[GC concurrent-mark-end, 0.0042903 secs]
Application time: 0.0044826 seconds
[GC remark, 0.0029752 secs]
Application time: 0.0000335 seconds
[GC cleanup 8651K->8651K(64M), 0.0001615 secs]
Application time: 0.1559632 seconds
[GC pause (G1 Humongous Allocation) (young) 33M->7115K(64M), 0.0074413 secs]
Application time: 0.0534192 seconds
[GC pause (G1 Humongous Allocation) (young) (initial-mark) 16M->7115K(64M), 0.0032547 secs]
[GC concurrent-root-region-scan-start]
[GC concurrent-root-region-scan-end, 0.0001131 secs]
[GC concurrent-mark-start]
[GC concurrent-mark-end, 0.0040574 secs]
Application time: 0.0042213 seconds
[GC remark, 0.0027958 secs]
Application time: 0.0000504 seconds
[GC cleanup 8139K->8139K(64M), 0.0001737 secs]
Application time: 0.1621493 seconds
[GC pause (G1 Humongous Allocation) (young) 33M->7117K(64M), 0.0074112 secs]
Application time: 0.0621384 seconds
[GC pause (G1 Humongous Allocation) (young) (initial-mark) 17M->6112K(64M), 0.0033213 secs]
[GC concurrent-root-region-scan-start]
[GC concurrent-root-region-scan-end, 0.0001041 secs]
[GC concurrent-mark-start]
[GC concurrent-mark-end, 0.0041787 secs]
Application time: 0.0063987 seconds
[GC remark, 0.0026159 secs]
Application time: 0.0000439 seconds
[GC cleanup 9184K->9184K(64M), 0.0001748 secs]
Application time: 0.1544756 seconds
[GC pause (G1 Humongous Allocation) (young) 33M->7120K(64M), 0.0075341 secs]
Application time: 0.0566343 seconds
[GC pause (G1 Humongous Allocation) (young) (initial-mark) 16M->7120K(64M), 0.0031306 secs]
[GC concurrent-root-region-scan-start]
[GC concurrent-root-region-scan-end, 0.0000951 secs]
[GC concurrent-mark-start]
[GC concurrent-mark-end, 0.0041255 secs]
Application time: 0.0042908 seconds
[GC remark, 0.0028347 secs]
Application time: 0.0000387 seconds
[GC cleanup 8656K->8656K(64M), 0.0001573 secs]
Application time: 0.1590373 seconds
[GC pause (G1 Humongous Allocation) (young) 33M->7120K(64M), 0.0074755 secs]
Application time: 0.0596260 seconds
[GC pause (G1 Humongous Allocation) (young) (initial-mark) 16M->7122K(64M), 0.0038304 secs]
[GC concurrent-root-region-scan-start]
[GC concurrent-root-region-scan-end, 0.0001024 secs]
[GC concurrent-mark-start]
[GC concurrent-mark-end, 0.0043565 secs]
Application time: 0.0045019 seconds
[GC remark, 0.0028893 secs]
Application time: 0.0000407 seconds
[GC cleanup 8658K->8658K(64M), 0.0001629 secs]
Application time: 0.1605243 seconds
[GC pause (G1 Humongous Allocation) (young) 33M->7125K(64M), 0.0073372 secs]
Application time: 0.0677547 seconds
[GC pause (G1 Humongous Allocation) (young) (initial-mark) 17M->7125K(64M), 0.0034122 secs]
[GC concurrent-root-region-scan-start]
[GC concurrent-root-region-scan-end, 0.0001078 secs]
[GC concurrent-mark-start]
[GC concurrent-mark-end, 0.0047810 secs]
Application time: 0.0049475 seconds
[GC remark, 0.0033152 secs]
Application time: 0.0000524 seconds
[GC cleanup 10197K->10197K(64M), 0.0001815 secs]
Application time: 0.1732780 seconds
[GC pause (G1 Humongous Allocation) (young) 33M->6119K(64M), 0.0077550 secs]
Application time: 0.0693549 seconds
[GC pause (G1 Humongous Allocation) (young) (initial-mark) 17M->7125K(64M), 0.0045723 secs]
[GC concurrent-root-region-scan-start]
[GC concurrent-root-region-scan-end, 0.0001250 secs]
[GC concurrent-mark-start]
[GC concurrent-mark-end, 0.0041946 secs]
Application time: 0.0043782 seconds
[GC remark, 0.0033055 secs]
Application time: 0.0000491 seconds
[GC cleanup 8661K->8661K(64M), 0.0002022 secs]
Application time: 0.1553983 seconds
[GC pause (G1 Humongous Allocation) (young) 33M->6105K(64M), 0.0090884 secs]
Application time: 0.0593243 seconds
[GC pause (G1 Humongous Allocation) (young) (initial-mark) 16M->7130K(64M), 0.0043413 secs]
[GC concurrent-root-region-scan-start]
[GC concurrent-root-region-scan-end, 0.0001290 secs]
[GC concurrent-mark-start]
[GC concurrent-mark-end, 0.0042758 secs]
Application time: 0.0044583 seconds
[GC remark, 0.0034392 secs]
Application time: 0.0000478 seconds
[GC cleanup 8666K->8666K(64M), 0.0002001 secs]
Application time: 0.1758813 seconds
[GC pause (G1 Humongous Allocation) (young) 33M->7130K(64M), 0.0091101 secs]
Application time: 0.0563434 seconds
[GC pause (G1 Humongous Allocation) (young) (initial-mark) 16M->7130K(64M), 0.0040956 secs]
[GC concurrent-root-region-scan-start]
[GC concurrent-root-region-scan-end, 0.0001203 secs]
[GC concurrent-mark-start]
[GC concurrent-mark-end, 0.0044050 secs]
Application time: 0.0045852 seconds
[GC remark, 0.0034367 secs]
Application time: 0.0000507 seconds
[GC cleanup 10202K->10202K(64M), 0.0002889 secs]
Application time: 0.1505699 seconds
[GC pause (G1 Humongous Allocation) (young) 33M->7130K(64M), 0.0096220 secs]
Application time: 0.0670726 seconds
[GC pause (G1 Humongous Allocation) (young) (initial-mark) 17M->6126K(64M), 0.0039149 secs]
[GC concurrent-root-region-scan-start]
[GC concurrent-root-region-scan-end, 0.0002322 secs]
[GC concurrent-mark-start]
[GC concurrent-mark-end, 0.0042202 secs]
Application time: 0.0045147 seconds
[GC remark, 0.0033442 secs]
Application time: 0.0000454 seconds
[GC cleanup 9198K->9198K(64M), 0.0004050 secs]
Application time: 0.1561897 seconds
[GC pause (G1 Humongous Allocation) (young) 33M->7135K(64M), 0.0103374 secs]
Application time: 0.0588054 seconds
[GC pause (G1 Humongous Allocation) (young) (initial-mark) 17M->7135K(64M), 0.0039263 secs]
[GC concurrent-root-region-scan-start]
[GC concurrent-root-region-scan-end, 0.0001317 secs]
[GC concurrent-mark-start]
[GC concurrent-mark-end, 0.0047893 secs]
Application time: 0.0049904 seconds
[GC remark, 0.0050598 secs]
Application time: 0.0000628 seconds
[GC cleanup 10207K->10207K(64M), 0.0002084 secs]
Application time: 0.1573999 seconds
[GC pause (G1 Humongous Allocation) (young) 33M->7135K(64M), 0.0091328 secs]
Application time: 0.0606226 seconds
[GC pause (G1 Humongous Allocation) (young) (initial-mark) 17M->6129K(64M), 0.0040528 secs]
[GC concurrent-root-region-scan-start]
[GC concurrent-root-region-scan-end, 0.0001144 secs]
[GC concurrent-mark-start]
[GC concurrent-mark-end, 0.0047007 secs]
Application time: 0.0048788 seconds
[GC remark, 0.0034608 secs]
Application time: 0.0000456 seconds
[GC cleanup 9201K->9201K(64M), 0.0002044 secs]
Application time: 0.1581988 seconds
[GC pause (G1 Humongous Allocation) (young) 33M->7137K(64M), 0.0093732 secs]
Application time: 0.0617888 seconds
[GC pause (G1 Humongous Allocation) (young) (initial-mark) 17M->7140K(64M), 0.0039839 secs]
[GC concurrent-root-region-scan-start]
[GC concurrent-root-region-scan-end, 0.0001140 secs]
[GC concurrent-mark-start]
[GC concurrent-mark-end, 0.0043827 secs]
Application time: 0.0045560 seconds
[GC remark, 0.0032817 secs]
Application time: 0.0000446 seconds
[GC cleanup 10212K->10212K(64M), 0.0002816 secs]
Application time: 0.1515392 seconds
[GC pause (G1 Humongous Allocation) (young) 33M->6134K(64M), 0.0140058 secs]
Application time: 0.0585846 seconds
[GC pause (G1 Humongous Allocation) (young) (initial-mark) 16M->7142K(64M), 0.0044461 secs]
[GC concurrent-root-region-scan-start]
[GC concurrent-root-region-scan-end, 0.0001308 secs]
[GC concurrent-mark-start]
[GC concurrent-mark-end, 0.0046620 secs]
Application time: 0.0048486 seconds
[GC remark, 0.0036695 secs]
Application time: 0.0000450 seconds
[GC cleanup 9190K->9190K(64M), 0.0002329 secs]
Application time: 0.1548721 seconds
[GC pause (G1 Humongous Allocation) (young) 33M->6120K(64M), 0.0089207 secs]
Application time: 0.0648193 seconds
[GC pause (G1 Humongous Allocation) (young) (initial-mark) 17M->7142K(64M), 0.0043276 secs]
[GC concurrent-root-region-scan-start]
[GC concurrent-root-region-scan-end, 0.0001098 secs]
[GC concurrent-mark-start]
[GC concurrent-mark-end, 0.0041455 secs]
Application time: 0.0043095 seconds
[GC remark, 0.0033388 secs]
Application time: 0.0000455 seconds
[GC cleanup 10214K->10214K(64M), 0.0001697 secs]
Application time: 0.1436294 seconds
[GC pause (G1 Humongous Allocation) (young) 33M->7145K(64M), 0.0088418 secs]
Application time: 0.0552136 seconds
[GC pause (G1 Humongous Allocation) (young) (initial-mark) 16M->7145K(64M), 0.0036769 secs]
[GC concurrent-root-region-scan-start]
[GC concurrent-root-region-scan-end, 0.0001881 secs]
[GC concurrent-mark-start]
[GC concurrent-mark-end, 0.0040124 secs]
Application time: 0.0042595 seconds
[GC remark, 0.0032500 secs]
Application time: 0.0000547 seconds
[GC cleanup 8681K->8681K(64M), 0.0001826 secs]
Application time: 0.1459902 seconds
[GC pause (G1 Humongous Allocation) (young) 33M->7145K(64M), 0.0088312 secs]
Application time: 0.0551410 seconds
[GC pause (G1 Humongous Allocation) (young) (initial-mark) 16M->7147K(64M), 0.0041834 secs]
[GC concurrent-root-region-scan-start]
[GC concurrent-root-region-scan-end, 0.0001200 secs]
[GC concurrent-mark-start]
[GC concurrent-mark-end, 0.0044352 secs]
Application time: 0.0046218 seconds
[GC remark, 0.0033282 secs]
Application time: 0.0000471 seconds
[GC cleanup 8683K->8683K(64M), 0.0002227 secs]
Application time: 0.1628354 seconds
[GC pause (G1 Humongous Allocation) (young) 33M->6130K(64M), 0.0090585 secs]
Application time: 0.0564783 seconds
[GC pause (G1 Humongous Allocation) (young) (initial-mark) 17M->7150K(64M), 0.0045396 secs]
[GC concurrent-root-region-scan-start]
[GC concurrent-root-region-scan-end, 0.0001368 secs]
[GC concurrent-mark-start]
[GC concurrent-mark-end, 0.0045051 secs]
Application time: 0.0047099 seconds
[GC remark, 0.0036679 secs]
Application time: 0.0000530 seconds
[GC cleanup 8686K->8686K(64M), 0.0002226 secs]
Application time: 0.1613770 seconds
[GC pause (G1 Humongous Allocation) (young) 33M->7150K(64M), 0.0091276 secs]
Application time: 0.0598453 seconds
[GC pause (G1 Humongous Allocation) (young) (initial-mark) 16M->7152K(64M), 0.0040583 secs]
[GC concurrent-root-region-scan-start]
[GC concurrent-root-region-scan-end, 0.0001177 secs]
[GC concurrent-mark-start]
[GC concurrent-mark-end, 0.0043627 secs]
Application time: 0.0045362 seconds
[GC remark, 0.0033622 secs]
Application time: 0.0000458 seconds
[GC cleanup 10224K->10224K(64M), 0.0001762 secs]
Application time: 0.1529461 seconds
[GC pause (G1 Humongous Allocation) (young) 33M->7152K(64M), 0.0089926 secs]
Application time: 0.0600776 seconds
[GC pause (G1 Humongous Allocation) (young) (initial-mark) 16M->7155K(64M), 0.0042873 secs]
[GC concurrent-root-region-scan-start]
[GC concurrent-root-region-scan-end, 0.0001286 secs]
[GC concurrent-mark-start]
[GC concurrent-mark-end, 0.0041845 secs]
Application time: 0.0043744 seconds
[GC remark, 0.0032739 secs]
Application time: 0.0000478 seconds
[GC cleanup 8691K->8691K(64M), 0.0001948 secs]
Application time: 0.1501925 seconds
[GC pause (G1 Humongous Allocation) (young) 33M->7155K(64M), 0.0088863 secs]
Application time: 0.0602098 seconds
[GC pause (G1 Humongous Allocation) (young) (initial-mark) 17M->7155K(64M), 0.0041105 secs]
[GC concurrent-root-region-scan-start]
[GC concurrent-root-region-scan-end, 0.0001244 secs]
[GC concurrent-mark-start]
[GC concurrent-mark-end, 0.0045349 secs]
Application time: 0.0047085 seconds
[GC remark, 0.0035894 secs]
Application time: 0.0000444 seconds
[GC cleanup 8691K->8691K(64M), 0.0001688 secs]
Application time: 0.1500910 seconds
[GC pause (G1 Humongous Allocation) (young) 33M->7155K(64M), 0.0088660 secs]
Application time: 0.0567783 seconds
[GC pause (G1 Humongous Allocation) (young) (initial-mark) 16M->7159K(64M), 0.0040597 secs]
[GC concurrent-root-region-scan-start]
[GC concurrent-root-region-scan-end, 0.0001298 secs]
[GC concurrent-mark-start]
[GC concurrent-mark-end, 0.0045987 secs]
Application time: 0.0047749 seconds
[GC remark, 0.0036051 secs]
Application time: 0.0000442 seconds
[GC cleanup 10231K->10231K(64M), 0.0003133 secs]
Application time: 0.1477951 seconds
[GC pause (G1 Humongous Allocation) (young) 33M->7159K(64M), 0.0110580 secs]
Application time: 0.0547098 seconds
[GC pause (G1 Humongous Allocation) (young) (initial-mark) 16M->7159K(64M), 0.0062348 secs]
[GC concurrent-root-region-scan-start]
[GC concurrent-root-region-scan-end, 0.0002705 secs]
[GC concurrent-mark-start]
[GC concurrent-mark-end, 0.0046772 secs]
Application time: 0.0059581 seconds
[GC remark, 0.0049509 secs]
Application time: 0.0029474 seconds
[GC cleanup 8695K->8695K(64M), 0.0016602 secs]
Application time: 0.1529637 seconds
[GC pause (G1 Humongous Allocation) (young) 33M->7159K(64M), 0.0100909 secs]
Application time: 0.0541291 seconds
[GC pause (G1 Humongous Allocation) (young) (initial-mark) 16M->7161K(64M), 0.0041930 secs]
[GC concurrent-root-region-scan-start]
[GC concurrent-root-region-scan-end, 0.0001247 secs]
[GC concurrent-mark-start]
[GC concurrent-mark-end, 0.0044482 secs]
Application time: 0.0046339 seconds
[GC remark, 0.0034719 secs]
Application time: 0.0000448 seconds
[GC cleanup 9209K->9209K(64M), 0.0004412 secs]
Application time: 0.1503755 seconds
[GC pause (G1 Humongous Allocation) (young) 33M->7162K(64M), 0.0094813 secs]
Application time: 0.0557575 seconds
[GC pause (G1 Humongous Allocation) (young) (initial-mark) 16M->7162K(64M), 0.0042011 secs]
[GC concurrent-root-region-scan-start]
[GC concurrent-root-region-scan-end, 0.0001121 secs]
[GC concurrent-mark-start]
[GC concurrent-mark-end, 0.0041988 secs]
Application time: 0.0043634 seconds
[GC remark, 0.0034675 secs]
Application time: 0.0000474 seconds
[GC cleanup 10234K->10234K(64M), 0.0001724 secs]
Application time: 0.1546768 seconds
[GC pause (G1 Humongous Allocation) (young) 33M->7162K(64M), 0.0089581 secs]
Application time: 0.0538940 seconds
[GC pause (G1 Humongous Allocation) (young) (initial-mark) 17M->7162K(64M), 0.0040909 secs]
[GC concurrent-root-region-scan-start]
[GC concurrent-root-region-scan-end, 0.0001254 secs]
[GC concurrent-mark-start]
[GC concurrent-mark-end, 0.0043663 secs]
Application time: 0.0045498 seconds
[GC remark, 0.0037019 secs]
Application time: 0.0000462 seconds
[GC cleanup 8698K->8698K(64M), 0.0002101 secs]
Application time: 0.1526889 seconds
[GC pause (G1 Humongous Allocation) (young) 33M->7162K(64M), 0.0088949 secs]
Application time: 0.0565351 seconds
[GC pause (G1 Humongous Allocation) (young) (initial-mark) 16M->7164K(64M), 0.0039423 secs]
[GC concurrent-root-region-scan-start]
[GC concurrent-root-region-scan-end, 0.0001445 secs]
[GC concurrent-mark-start]
[GC concurrent-mark-end, 0.0043789 secs]
Application time: 0.0045951 seconds
[GC remark, 0.0041270 secs]
Application time: 0.0000483 seconds
[GC cleanup 9212K->9212K(64M), 0.0002336 secs]
Application time: 0.1430805 seconds
[GC pause (G1 Humongous Allocation) (young) 33M->7164K(64M), 0.0089140 secs]
Application time: 0.0581959 seconds
[GC pause (G1 Humongous Allocation) (young) (initial-mark) 16M->7164K(64M), 0.0039845 secs]
[GC concurrent-root-region-scan-start]
[GC concurrent-root-region-scan-end, 0.0001323 secs]
[GC concurrent-mark-start]
[GC concurrent-mark-end, 0.0046245 secs]
Application time: 0.0048095 seconds
[GC remark, 0.0034405 secs]
Application time: 0.0000456 seconds
[GC cleanup 8700K->8700K(64M), 0.0002176 secs]
Application time: 0.1560489 seconds
[GC pause (G1 Humongous Allocation) (young) 33M->7164K(64M), 0.0090788 secs]
Application time: 0.0573598 seconds
[GC pause (G1 Humongous Allocation) (young) (initial-mark) 17M->7167K(64M), 0.0040211 secs]
[GC concurrent-root-region-scan-start]
[GC concurrent-root-region-scan-end, 0.0001131 secs]
[GC concurrent-mark-start]
[GC concurrent-mark-end, 0.0041591 secs]
Application time: 0.0043379 seconds
[GC remark, 0.0032111 secs]
Application time: 0.0000439 seconds
[GC cleanup 8703K->8703K(64M), 0.0002270 secs]
Application time: 0.1485920 seconds
[GC pause (G1 Humongous Allocation) (young) 33M->7167K(64M), 0.0098981 secs]
Application time: 0.0598978 seconds
[GC pause (G1 Humongous Allocation) (young) (initial-mark) 16M->7167K(64M), 0.0042733 secs]
[GC concurrent-root-region-scan-start]
[GC concurrent-root-region-scan-end, 0.0001541 secs]
[GC concurrent-mark-start]
[GC concurrent-mark-end, 0.0048474 secs]
Application time: 0.0050614 seconds
[GC remark, 0.0035954 secs]
Application time: 0.0000449 seconds
[GC cleanup 10239K->10239K(64M), 0.0001986 secs]
Application time: 0.1558956 seconds
[GC pause (G1 Humongous Allocation) (young) 33M->7167K(64M), 0.0092051 secs]
Application time: 0.0557167 seconds
[GC pause (G1 Humongous Allocation) (young) (initial-mark) 16M->7167K(64M), 0.0049110 secs]
[GC concurrent-root-region-scan-start]
[GC concurrent-root-region-scan-end, 0.0001352 secs]
[GC concurrent-mark-start]
[GC concurrent-mark-end, 0.0043798 secs]
Application time: 0.0045737 seconds
[GC remark, 0.0035060 secs]
Application time: 0.0000489 seconds
[GC cleanup 8703K->8703K(64M), 0.0001874 secs]
Application time: 0.1768427 seconds
[GC pause (G1 Humongous Allocation) (young) 33M->7169K(64M), 0.0092410 secs]
Application time: 0.0637221 seconds
[GC pause (G1 Humongous Allocation) (young) (initial-mark) 17M->7172K(64M), 0.0036259 secs]
[GC concurrent-root-region-scan-start]
[GC concurrent-root-region-scan-end, 0.0001293 secs]
[GC concurrent-mark-start]
[GC concurrent-mark-end, 0.0054158 secs]
Application time: 0.0106703 seconds
[GC remark, 0.0030588 secs]
Application time: 0.0000325 seconds
[GC cleanup 9220K->9220K(64M), 0.0001645 secs]
Application time: 0.1631178 seconds
[GC pause (G1 Humongous Allocation) (young) 34M->7172K(64M), 0.0075856 secs]
Application time: 0.0549557 seconds
[GC pause (G1 Humongous Allocation) (young) (initial-mark) 17M->7172K(64M), 0.0035388 secs]
[GC concurrent-root-region-scan-start]
[GC concurrent-root-region-scan-end, 0.0001107 secs]
[GC concurrent-mark-start]
[GC concurrent-mark-end, 0.0051069 secs]
Application time: 0.0052197 seconds
[GC remark, 0.0027433 secs]
Application time: 0.0000356 seconds
[GC cleanup 8196K->8196K(64M), 0.0001417 secs]
Application time: 0.1629844 seconds
[GC pause (G1 Humongous Allocation) (young) 34M->7172K(64M), 0.0076315 secs]
Application time: 0.0601240 seconds
[GC pause (G1 Humongous Allocation) (young) (initial-mark) 17M->7174K(64M), 0.0033900 secs]
[GC concurrent-root-region-scan-start]
[GC concurrent-root-region-scan-end, 0.0001208 secs]
[GC concurrent-mark-start]
[GC concurrent-mark-end, 0.0049727 secs]
Application time: 0.0051506 seconds
[GC remark, 0.0027905 secs]
Application time: 0.0060949 seconds
[GC cleanup 9222K->9222K(64M), 0.0001158 secs]
Application time: 0.1513858 seconds
[GC pause (G1 Humongous Allocation) (young) 34M->7174K(64M), 0.0079521 secs]
Application time: 0.0676119 seconds
[GC pause (G1 Humongous Allocation) (young) (initial-mark) 17M->7174K(64M), 0.0032985 secs]
[GC concurrent-root-region-scan-start]
[GC concurrent-root-region-scan-end, 0.0001061 secs]
[GC concurrent-mark-start]
[GC concurrent-mark-end, 0.0051211 secs]
Application time: 0.0052667 seconds
[GC remark, 0.0027217 secs]
Application time: 0.0000379 seconds
[GC cleanup 8710K->8710K(64M), 0.0001806 secs]
Application time: 0.1632709 seconds
[GC pause (G1 Humongous Allocation) (young) 34M->7174K(64M), 0.0077999 secs]
Application time: 0.0576909 seconds
[GC pause (G1 Humongous Allocation) (young) (initial-mark) 17M->7174K(64M), 0.0033565 secs]
[GC concurrent-root-region-scan-start]
[GC concurrent-root-region-scan-end, 0.0001055 secs]
[GC concurrent-mark-start]
[GC concurrent-mark-end, 0.0050391 secs]
Application time: 0.0051880 seconds
[GC remark, 0.0028744 secs]
Application time: 0.0000394 seconds
[GC cleanup 9222K->9222K(64M), 0.0001489 secs]
Application time: 0.1737438 seconds
[GC pause (G1 Humongous Allocation) (young) 34M->7175K(64M), 0.0077720 secs]
Application time: 0.0604564 seconds
[GC pause (G1 Humongous Allocation) (young) (initial-mark) 17M->7177K(64M), 0.0032623 secs]
[GC concurrent-root-region-scan-start]
[GC concurrent-root-region-scan-end, 0.0001133 secs]
[GC concurrent-mark-start]
[GC concurrent-mark-end, 0.0050632 secs]
Application time: 0.0052179 seconds
[GC remark, 0.0028635 secs]
Application time: 0.0000408 seconds
[GC cleanup 8713K->8713K(64M), 0.0001893 secs]
Application time: 0.1621707 seconds
[GC pause (G1 Humongous Allocation) (young) 34M->7177K(64M), 0.0077562 secs]
Application time: 0.0562319 seconds
[GC pause (G1 Humongous Allocation) (young) (initial-mark) 17M->7177K(64M), 0.0035581 secs]
[GC concurrent-root-region-scan-start]
[GC concurrent-root-region-scan-end, 0.0001067 secs]
[GC concurrent-mark-start]
[GC concurrent-mark-end, 0.0051816 secs]
Application time: 0.0097798 seconds
[GC remark, 0.0029030 secs]
Application time: 0.0000447 seconds
[GC cleanup 9225K->9225K(64M), 0.0001542 secs]
Application time: 0.1547783 seconds
[GC pause (G1 Humongous Allocation) (young) 34M->7177K(64M), 0.0074447 secs]
Application time: 0.0646653 seconds
[GC pause (G1 Humongous Allocation) (young) (initial-mark) 17M->7179K(64M), 0.0035601 secs]
[GC concurrent-root-region-scan-start]
[GC concurrent-root-region-scan-end, 0.0001157 secs]
[GC concurrent-mark-start]
[GC concurrent-mark-end, 0.0050148 secs]
Application time: 0.0051769 seconds
[GC remark, 0.0027697 secs]
Application time: 0.0000382 seconds
[GC cleanup 8715K->8715K(64M), 0.0001488 secs]
Application time: 0.1652835 seconds
[GC pause (G1 Humongous Allocation) (young) 34M->7179K(64M), 0.0074738 secs]
Application time: 0.0615495 seconds
[GC pause (G1 Humongous Allocation) (young) (initial-mark) 17M->7179K(64M), 0.0033231 secs]
[GC concurrent-root-region-scan-start]
[GC concurrent-root-region-scan-end, 0.0001261 secs]
[GC concurrent-mark-start]
[GC concurrent-mark-end, 0.0050033 secs]
Application time: 0.0051767 seconds
[GC remark, 0.0028019 secs]
Application time: 0.0000402 seconds
[GC cleanup 10M->10M(64M), 0.0001557 secs]
Application time: 0.1566045 seconds
[GC pause (G1 Humongous Allocation) (young) 34M->6173K(64M), 0.0076352 secs]
Application time: 0.0643682 seconds
[GC pause (G1 Humongous Allocation) (young) (initial-mark) 17M->7182K(64M), 0.0036811 secs]
[GC concurrent-root-region-scan-start]
[GC concurrent-root-region-scan-end, 0.0001477 secs]
[GC concurrent-mark-start]
[GC concurrent-mark-end, 0.0050069 secs]
Application time: 0.0052145 seconds
[GC remark, 0.0027546 secs]
Application time: 0.0000397 seconds
[GC cleanup 8718K->8718K(64M), 0.0001430 secs]
Application time: 0.1585240 seconds
[GC pause (G1 Humongous Allocation) (young) 34M->7184K(64M), 0.0073956 secs]
Application time: 0.0596633 seconds
[GC pause (G1 Humongous Allocation) (young) (initial-mark) 17M->7184K(64M), 0.0033620 secs]
[GC concurrent-root-region-scan-start]
[GC concurrent-root-region-scan-end, 0.0001136 secs]
[GC concurrent-mark-start]
[GC concurrent-mark-end, 0.0050785 secs]
Application time: 0.0052379 seconds
[GC remark, 0.0029939 secs]
Application time: 0.0000446 seconds
[GC cleanup 8720K->8720K(64M), 0.0001681 secs]
Application time: 0.1696653 seconds
[GC pause (G1 Humongous Allocation) (young) 34M->7184K(64M), 0.0074198 secs]
Application time: 0.0539905 seconds
[GC pause (G1 Humongous Allocation) (young) (initial-mark) 17M->7184K(64M), 0.0034204 secs]
[GC concurrent-root-region-scan-start]
[GC concurrent-root-region-scan-end, 0.0001852 secs]
[GC concurrent-mark-start]
[GC concurrent-mark-end, 0.0050439 secs]
Application time: 0.0052787 seconds
[GC remark, 0.0029837 secs]
Application time: 0.0000420 seconds
[GC cleanup 9232K->9232K(64M), 0.0001736 secs]
Application time: 0.1585707 seconds
[GC pause (G1 Humongous Allocation) (young) 34M->7184K(64M), 0.0074877 secs]
Application time: 0.0536334 seconds
[GC pause (G1 Humongous Allocation) (young) (initial-mark) 17M->7187K(64M), 0.0034034 secs]
[GC concurrent-root-region-scan-start]
[GC concurrent-root-region-scan-end, 0.0001318 secs]
[GC concurrent-mark-start]
[GC concurrent-mark-end, 0.0050586 secs]
Application time: 0.0052369 seconds
[GC remark, 0.0026913 secs]
Application time: 0.0000435 seconds
[GC cleanup 8723K->8723K(64M), 0.0001600 secs]
Application time: 0.1566298 seconds
[GC pause (G1 Humongous Allocation) (young) 34M->7187K(64M), 0.0074094 secs]
Application time: 0.0637651 seconds
[GC pause (G1 Humongous Allocation) (young) (initial-mark) 17M->7187K(64M), 0.0033786 secs]
[GC concurrent-root-region-scan-start]
[GC concurrent-root-region-scan-end, 0.0001306 secs]
[GC concurrent-mark-start]
[GC concurrent-mark-end, 0.0054785 secs]
Application time: 0.0056633 seconds
[GC remark, 0.0028533 secs]
Application time: 0.0000371 seconds
[GC cleanup 8723K->8723K(64M), 0.0002128 secs]
Application time: 0.1580537 seconds
[GC pause (G1 Humongous Allocation) (young) 34M->7187K(64M), 0.0073867 secs]
Application time: 0.0541488 seconds
[GC pause (G1 Humongous Allocation) (young) (initial-mark) 17M->7189K(64M), 0.0041307 secs]
[GC concurrent-root-region-scan-start]
[GC concurrent-root-region-scan-end, 0.0001443 secs]
[GC concurrent-mark-start]
[GC concurrent-mark-end, 0.0049149 secs]
Application time: 0.0051803 seconds
[GC remark, 0.0038863 secs]
Application time: 0.0000701 seconds
[GC cleanup 8213K->8213K(64M), 0.0002103 secs]
Application time: 0.1917111 seconds
[GC pause (G1 Humongous Allocation) (young) 34M->7191K(64M), 0.0091686 secs]
Application time: 0.0541115 seconds
[GC pause (G1 Humongous Allocation) (young) (initial-mark) 17M->7189K(64M), 0.0042511 secs]
[GC concurrent-root-region-scan-start]
[GC concurrent-root-region-scan-end, 0.0001536 secs]
[GC concurrent-mark-start]
[GC concurrent-mark-end, 0.0049810 secs]
Application time: 0.0104647 seconds
[GC remark, 0.0038030 secs]
Application time: 0.0000750 seconds
[GC cleanup 9237K->9237K(64M), 0.0001985 secs]
Application time: 0.1474351 seconds
[GC pause (G1 Humongous Allocation) (young) 33M->7189K(64M), 0.0091526 secs]
Application time: 0.0602974 seconds
[GC pause (G1 Humongous Allocation) (young) (initial-mark) 17M->7189K(64M), 0.0041464 secs]
[GC concurrent-root-region-scan-start]
[GC concurrent-root-region-scan-end, 0.0001176 secs]
[GC concurrent-mark-start]
[GC concurrent-mark-end, 0.0050543 secs]
Application time: 0.0052268 seconds
[GC remark, 0.0035081 secs]
Application time: 0.0000434 seconds
[GC cleanup 9237K->9237K(64M), 0.0001931 secs]
Application time: 0.1417885 seconds
[GC pause (G1 Humongous Allocation) (young) 33M->7192K(64M), 0.0090515 secs]
Application time: 0.0583604 seconds
[GC pause (G1 Humongous Allocation) (young) (initial-mark) 17M->7194K(64M), 0.0038774 secs]
[GC concurrent-root-region-scan-start]
[GC concurrent-root-region-scan-end, 0.0001415 secs]
[GC concurrent-mark-start]
[GC concurrent-mark-end, 0.0050872 secs]
Application time: 0.0052830 seconds
[GC remark, 0.0032572 secs]
Application time: 0.0000453 seconds
[GC cleanup 10M->10M(64M), 0.0002039 secs]
Application time: 0.1491933 seconds
[GC pause (G1 Humongous Allocation) (young) 34M->7194K(64M), 0.0090898 secs]
Application time: 0.0661298 seconds
[GC pause (G1 Humongous Allocation) (young) (initial-mark) 17M->7194K(64M), 0.0042969 secs]
[GC concurrent-root-region-scan-start]
[GC concurrent-root-region-scan-end, 0.0001997 secs]
[GC concurrent-mark-start]
[GC concurrent-mark-end, 0.0049796 secs]
Application time: 0.0102639 seconds
[GC remark, 0.0036790 secs]
Application time: 0.0000386 seconds
[GC cleanup 10M->10M(64M), 0.0002082 secs]
Application time: 0.1428867 seconds
[GC pause (G1 Humongous Allocation) (young) 34M->7194K(64M), 0.0091683 secs]
Application time: 0.0553428 seconds
[GC pause (G1 Humongous Allocation) (young) (initial-mark) 17M->7197K(64M), 0.0039378 secs]
[GC concurrent-root-region-scan-start]
[GC concurrent-root-region-scan-end, 0.0002267 secs]
[GC concurrent-mark-start]
[GC concurrent-mark-end, 0.0052471 secs]
Application time: 0.0055330 seconds
[GC remark, 0.0038377 secs]
Application time: 0.0000358 seconds
[GC cleanup 8733K->8733K(64M), 0.0001938 secs]
Application time: 0.1620327 seconds
[GC pause (G1 Humongous Allocation) (young) 33M->7197K(64M), 0.0072599 secs]
Application time: 0.0656719 seconds
[GC pause (G1 Humongous Allocation) (young) (initial-mark) 17M->7197K(64M), 0.0030374 secs]
[GC concurrent-root-region-scan-start]
[GC concurrent-root-region-scan-end, 0.0001270 secs]
[GC concurrent-mark-start]
[GC concurrent-mark-end, 0.0050358 secs]
Application time: 0.0052262 seconds
[GC remark, 0.0028063 secs]
Application time: 0.0000339 seconds
[GC cleanup 8733K->8733K(64M), 0.0001746 secs]
Application time: 0.1489103 seconds
[GC pause (G1 Humongous Allocation) (young) 34M->7199K(64M), 0.0074379 secs]
Application time: 0.0591435 seconds
[GC pause (G1 Humongous Allocation) (young) (initial-mark) 17M->7197K(64M), 0.0033032 secs]
[GC concurrent-root-region-scan-start]
[GC concurrent-root-region-scan-end, 0.0001758 secs]
[GC concurrent-mark-start]
[GC concurrent-mark-end, 0.0053678 secs]
Application time: 0.0055526 seconds
[GC remark, 0.0031366 secs]
Application time: 0.0000295 seconds
[GC cleanup 8221K->8221K(64M), 0.0001718 secs]
Application time: 0.1711678 seconds
[GC pause (G1 Humongous Allocation) (young) 34M->7199K(64M), 0.0076319 secs]
Application time: 0.0592808 seconds
[GC pause (G1 Humongous Allocation) (young) (initial-mark) 17M->7199K(64M), 0.0034578 secs]
[GC concurrent-root-region-scan-start]
[GC concurrent-root-region-scan-end, 0.0001278 secs]
[GC concurrent-mark-start]
[GC concurrent-mark-end, 0.0054122 secs]
Application time: 0.0055492 seconds
[GC remark, 0.0033717 secs]
Application time: 0.0000316 seconds
[GC cleanup 8735K->8735K(64M), 0.0001636 secs]
Application time: 0.1637690 seconds
[GC pause (G1 Humongous Allocation) (young) 34M->7199K(64M), 0.0077959 secs]
Application time: 0.0590871 seconds
[GC pause (G1 Humongous Allocation) (young) (initial-mark) 17M->7199K(64M), 0.0033543 secs]
[GC concurrent-root-region-scan-start]
[GC concurrent-root-region-scan-end, 0.0001412 secs]
[GC concurrent-mark-start]
[GC concurrent-mark-end, 0.0054353 secs]
Application time: 0.0055849 seconds
[GC remark, 0.0030212 secs]
Application time: 0.0000326 seconds
[GC cleanup 9247K->9247K(64M), 0.0001644 secs]
Application time: 0.1698204 seconds
[GC pause (G1 Humongous Allocation) (young) 34M->7199K(64M), 0.0076410 secs]
Application time: 0.0592769 seconds
[GC pause (G1 Humongous Allocation) (young) (initial-mark) 17M->7202K(64M), 0.0031970 secs]
[GC concurrent-root-region-scan-start]
[GC concurrent-root-region-scan-end, 0.0001547 secs]
[GC concurrent-mark-start]
[GC concurrent-mark-end, 0.0053648 secs]
Application time: 0.0055267 seconds
[GC remark, 0.0031158 secs]
Application time: 0.0078248 seconds
[GC cleanup 9250K->9250K(64M), 0.0001812 secs]
Application time: 0.1609279 seconds
[GC pause (G1 Humongous Allocation) (young) 33M->7202K(64M), 0.0074577 secs]
Application time: 0.0535259 seconds
[GC pause (G1 Humongous Allocation) (young) (initial-mark) 17M->7202K(64M), 0.0032490 secs]
[GC concurrent-root-region-scan-start]
[GC concurrent-root-region-scan-end, 0.0001186 secs]
[GC concurrent-mark-start]
[GC concurrent-mark-end, 0.0053693 secs]
Application time: 0.0055446 seconds
[GC remark, 0.0028295 secs]
Application time: 0.0000586 seconds
[GC cleanup 9250K->9250K(64M), 0.0001778 secs]
Application time: 0.1561053 seconds
[GC pause (G1 Humongous Allocation) (young) 34M->7202K(64M), 0.0072005 secs]
Application time: 0.0589973 seconds
[GC pause (G1 Humongous Allocation) (young) (initial-mark) 17M->7204K(64M), 0.0031139 secs]
[GC concurrent-root-region-scan-start]
[GC concurrent-root-region-scan-end, 0.0001062 secs]
[GC concurrent-mark-start]
[GC concurrent-mark-end, 0.0050321 secs]
Application time: 0.0051879 seconds
[GC remark, 0.0026661 secs]
Application time: 0.0000391 seconds
[GC cleanup 8740K->8740K(64M), 0.0001407 secs]
Application time: 0.1539310 seconds
[GC pause (G1 Humongous Allocation) (young) 34M->7207K(64M), 0.0074019 secs]
Application time: 0.0587096 seconds
[GC pause (G1 Humongous Allocation) (young) (initial-mark) 17M->7207K(64M), 0.0030920 secs]
[GC concurrent-root-region-scan-start]
[GC concurrent-root-region-scan-end, 0.0001347 secs]
[GC concurrent-mark-start]
[GC concurrent-mark-end, 0.0050928 secs]
Application time: 0.0052710 seconds
[GC remark, 0.0026645 secs]
Application time: 0.0000394 seconds
[GC cleanup 9255K->9255K(64M), 0.0001741 secs]
Application time: 0.1558663 seconds
[GC pause (G1 Humongous Allocation) (young) 34M->7207K(64M), 0.0072361 secs]
Application time: 0.0580775 seconds
[GC pause (G1 Humongous Allocation) (young) (initial-mark) 17M->7209K(64M), 0.0030753 secs]
[GC concurrent-root-region-scan-start]
[GC concurrent-root-region-scan-end, 0.0001047 secs]
[GC concurrent-mark-start]
[GC concurrent-mark-end, 0.0050945 secs]
Application time: 0.0052676 seconds
[GC remark, 0.0027174 secs]
Application time: 0.0000392 seconds
[GC cleanup 9257K->9257K(64M), 0.0001741 secs]
Application time: 0.1666077 seconds
[GC pause (G1 Humongous Allocation) (young) 34M->6203K(64M), 0.0072796 secs]
Application time: 0.0586050 seconds
[GC pause (G1 Humongous Allocation) (young) (initial-mark) 17M->7212K(64M), 0.0052723 secs]
[GC concurrent-root-region-scan-start]
[GC concurrent-root-region-scan-end, 0.0001111 secs]
[GC concurrent-mark-start]
[GC concurrent-mark-end, 0.0051497 secs]
Application time: 0.0053052 seconds
[GC remark, 0.0027302 secs]
Application time: 0.0000383 seconds
[GC cleanup 8748K->8748K(64M), 0.0001627 secs]
Application time: 0.1674466 seconds
[GC pause (G1 Humongous Allocation) (young) 33M->7212K(64M), 0.0074117 secs]
Application time: 0.0568845 seconds
[GC pause (G1 Humongous Allocation) (young) (initial-mark) 17M->7212K(64M), 0.0033214 secs]
[GC concurrent-root-region-scan-start]
[GC concurrent-root-region-scan-end, 0.0001108 secs]
[GC concurrent-mark-start]
[GC concurrent-mark-end, 0.0050138 secs]
Application time: 0.0117602 seconds
[GC remark, 0.0028920 secs]
Application time: 0.0000437 seconds
[GC cleanup 10M->10M(64M), 0.0001605 secs]
Application time: 0.1522704 seconds
[GC pause (G1 Humongous Allocation) (young) 34M->7212K(64M), 0.0103004 secs]
Application time: 0.0795456 seconds
[GC pause (G1 Humongous Allocation) (young) (initial-mark) 18M->6192K(64M), 0.0048682 secs]
[GC concurrent-root-region-scan-start]
[GC concurrent-root-region-scan-end, 0.0001410 secs]
[GC concurrent-mark-start]
[GC concurrent-mark-end, 0.0052022 secs]
Application time: 0.0054146 seconds
[GC remark, 0.0037549 secs]
Application time: 0.0000650 seconds
[GC cleanup 7728K->7728K(64M), 0.0002024 secs]
Application time: 0.1857098 seconds
[GC pause (G1 Humongous Allocation) (young) 34M->7217K(64M), 0.0098707 secs]
Application time: 0.0709406 seconds
[GC pause (G1 Humongous Allocation) (young) (initial-mark) 17M->7217K(64M), 0.0044777 secs]
[GC concurrent-root-region-scan-start]
[GC concurrent-root-region-scan-end, 0.0001270 secs]
[GC concurrent-mark-start]
[GC concurrent-mark-end, 0.0051196 secs]
Application time: 0.0060402 seconds
[GC remark, 0.0033822 secs]
Application time: 0.0000447 seconds
[GC cleanup 10M->10M(64M), 0.0001976 secs]
Application time: 0.1715152 seconds
[GC pause (G1 Humongous Allocation) (young) 34M->7217K(64M), 0.0095829 secs]
Application time: 0.0638616 seconds
[GC pause (G1 Humongous Allocation) (young) (initial-mark) 17M->7217K(64M), 0.0042183 secs]
[GC concurrent-root-region-scan-start]
[GC concurrent-root-region-scan-end, 0.0001213 secs]
[GC concurrent-mark-start]
[GC concurrent-mark-end, 0.0050286 secs]
Application time: 0.0052052 seconds
[GC remark, 0.0033622 secs]
Application time: 0.0000419 seconds
[GC cleanup 10M->10M(64M), 0.0001904 secs]
Application time: 0.1808143 seconds
[GC pause (G1 Humongous Allocation) (young) 34M->7219K(64M), 0.0096374 secs]
Application time: 0.0630649 seconds
[GC pause (G1 Humongous Allocation) (young) (initial-mark) 17M->7222K(64M), 0.0043050 secs]
[GC concurrent-root-region-scan-start]
[GC concurrent-root-region-scan-end, 0.0001278 secs]
[GC concurrent-mark-start]
[GC concurrent-mark-end, 0.0052662 secs]
Application time: 0.0135437 seconds
[GC remark, 0.0037394 secs]
Application time: 0.0000644 seconds
[GC cleanup 9270K->9270K(64M), 0.0001879 secs]
Application time: 0.1804000 seconds
[GC pause (G1 Humongous Allocation) (young) 34M->7222K(64M), 0.0096415 secs]
Application time: 0.0596790 seconds
[GC pause (G1 Humongous Allocation) (young) (initial-mark) 17M->7222K(64M), 0.0039248 secs]
[GC concurrent-root-region-scan-start]
[GC concurrent-root-region-scan-end, 0.0001267 secs]
[GC concurrent-mark-start]
[GC concurrent-mark-end, 0.0054103 secs]
Application time: 0.0055963 seconds
[GC remark, 0.0033680 secs]
Application time: 0.0000416 seconds
[GC cleanup 9270K->9270K(64M), 0.0001834 secs]
Application time: 0.1808161 seconds
[GC pause (G1 Humongous Allocation) (young) 34M->7222K(64M), 0.0081011 secs]
Application time: 0.0587606 seconds
[GC pause (G1 Humongous Allocation) (young) (initial-mark) 17M->7222K(64M), 0.0031826 secs]
[GC concurrent-root-region-scan-start]
[GC concurrent-root-region-scan-end, 0.0001109 secs]
[GC concurrent-mark-start]
[GC concurrent-mark-end, 0.0053319 secs]
Application time: 0.0055050 seconds
[GC remark, 0.0031352 secs]
Application time: 0.0000850 seconds
[GC cleanup 9270K->9270K(64M), 0.0002084 secs]
Application time: 0.1768211 seconds
[GC pause (G1 Humongous Allocation) (young) 34M->7224K(64M), 0.0082789 secs]
Application time: 0.0611171 seconds
[GC pause (G1 Humongous Allocation) (young) (initial-mark) 17M->7224K(64M), 0.0034148 secs]
[GC concurrent-root-region-scan-start]
[GC concurrent-root-region-scan-end, 0.0001151 secs]
[GC concurrent-mark-start]
[GC concurrent-mark-end, 0.0051625 secs]
Application time: 0.0095401 seconds
[GC remark, 0.0027752 secs]
Application time: 0.0000496 seconds
[GC cleanup 8760K->8760K(64M), 0.0001646 secs]
Application time: 0.1661689 seconds
[GC pause (G1 Humongous Allocation) (young) 34M->7224K(64M), 0.0078910 secs]
Application time: 0.0647908 seconds
[GC pause (G1 Humongous Allocation) (young) (initial-mark) 17M->7224K(64M), 0.0034327 secs]
[GC concurrent-root-region-scan-start]
[GC concurrent-root-region-scan-end, 0.0001122 secs]
[GC concurrent-mark-start]
[GC concurrent-mark-end, 0.0050965 secs]
Application time: 0.0102159 seconds
[GC remark, 0.0030145 secs]
Application time: 0.0000746 seconds
[GC cleanup 9272K->9272K(64M), 0.0001617 secs]
Application time: 0.1655888 seconds
[GC pause (G1 Humongous Allocation) (young) 34M->7227K(64M), 0.0076366 secs]
Application time: 0.0597708 seconds
[GC pause (G1 Humongous Allocation) (young) (initial-mark) 17M->7227K(64M), 0.0034965 secs]
[GC concurrent-root-region-scan-start]
[GC concurrent-root-region-scan-end, 0.0001263 secs]
[GC concurrent-mark-start]
[GC concurrent-mark-end, 0.0054224 secs]
Application time: 0.0055934 seconds
[GC remark, 0.0028160 secs]
Application time: 0.0000490 seconds
[GC cleanup 8763K->8763K(64M), 0.0001942 secs]
Application time: 0.1722433 seconds
[GC pause (G1 Humongous Allocation) (young) 34M->7227K(64M), 0.0078432 secs]
Application time: 0.0645074 seconds
[GC pause (G1 Humongous Allocation) (young) (initial-mark) 17M->7227K(64M), 0.0034790 secs]
[GC concurrent-root-region-scan-start]
[GC concurrent-root-region-scan-end, 0.0001292 secs]
[GC concurrent-mark-start]
[GC concurrent-mark-end, 0.0053356 secs]
Application time: 0.0055166 seconds
[GC remark, 0.0029340 secs]
Application time: 0.0000389 seconds
[GC cleanup 10M->10M(64M), 0.0001559 secs]
Application time: 0.1660385 seconds
[GC pause (G1 Humongous Allocation) (young) 34M->7227K(64M), 0.0078596 secs]
Application time: 0.0722165 seconds
[GC pause (G1 Humongous Allocation) (young) (initial-mark) 17M->6207K(64M), 0.0036713 secs]
[GC concurrent-root-region-scan-start]
[GC concurrent-root-region-scan-end, 0.0001248 secs]
[GC concurrent-mark-start]
[GC concurrent-mark-end, 0.0051859 secs]
Application time: 0.0053619 seconds
[GC remark, 0.0034553 secs]
Application time: 0.0000548 seconds
[GC cleanup 7743K->7743K(64M), 0.0002718 secs]
Application time: 0.1993788 seconds
[GC pause (G1 Humongous Allocation) (young) 33M->7229K(64M), 0.0082795 secs]
Application time: 0.0637255 seconds
[GC pause (G1 Humongous Allocation) (young) (initial-mark) 17M->7231K(64M), 0.0035253 secs]
[GC concurrent-root-region-scan-start]
[GC concurrent-root-region-scan-end, 0.0001171 secs]
[GC concurrent-mark-start]
[GC concurrent-mark-end, 0.0052601 secs]
Application time: 0.0054409 seconds
[GC remark, 0.0028454 secs]
Application time: 0.0000369 seconds
[GC cleanup 10M->10M(64M), 0.0001424 secs]
Application time: 0.1841105 seconds
[GC pause (G1 Humongous Allocation) (young) 34M->7229K(64M), 0.0079046 secs]
Application time: 0.0620926 seconds
[GC pause (G1 Humongous Allocation) (young) (initial-mark) 17M->7232K(64M), 0.0033931 secs]
[GC concurrent-root-region-scan-start]
[GC concurrent-root-region-scan-end, 0.0001095 secs]
[GC concurrent-mark-start]
[GC concurrent-mark-end, 0.0050650 secs]
Application time: 0.0111839 seconds
[GC remark, 0.0027546 secs]
Application time: 0.0000427 seconds
[GC cleanup 10M->10M(64M), 0.0001442 secs]
Application time: 0.1661894 seconds
[GC pause (G1 Humongous Allocation) (young) 34M->7232K(64M), 0.0079225 secs]
Application time: 0.0679270 seconds
[GC pause (G1 Humongous Allocation) (young) (initial-mark) 17M->7232K(64M), 0.0034700 secs]
[GC concurrent-root-region-scan-start]
[GC concurrent-root-region-scan-end, 0.0001288 secs]
[GC concurrent-mark-start]
[GC concurrent-mark-end, 0.0050292 secs]
Application time: 0.0052206 seconds
[GC remark, 0.0028507 secs]
Application time: 0.0000433 seconds
[GC cleanup 8768K->8768K(64M), 0.0001371 secs]
Application time: 0.1803593 seconds
[GC pause (G1 Humongous Allocation) (young) 34M->7232K(64M), 0.0080031 secs]
Application time: 0.0639801 seconds
[GC pause (G1 Humongous Allocation) (young) (initial-mark) 17M->7232K(64M), 0.0035786 secs]
[GC concurrent-root-region-scan-start]
[GC concurrent-root-region-scan-end, 0.0001207 secs]
[GC concurrent-mark-start]
[GC concurrent-mark-end, 0.0050810 secs]
Application time: 0.0089438 seconds
[GC remark, 0.0028150 secs]
Application time: 0.0001009 seconds
[GC cleanup 9280K->9280K(64M), 0.0001507 secs]
Application time: 0.1686178 seconds
[GC pause (G1 Humongous Allocation) (young) 34M->7234K(64M), 0.0080315 secs]
Application time: 0.0699849 seconds
[GC pause (G1 Humongous Allocation) (young) (initial-mark) 17M->7237K(64M), 0.0034647 secs]
[GC concurrent-root-region-scan-start]
[GC concurrent-root-region-scan-end, 0.0001216 secs]
[GC concurrent-mark-start]
[GC concurrent-mark-end, 0.0055596 secs]
Application time: 0.0057314 seconds
[GC remark, 0.0028269 secs]
Application time: 0.0000381 seconds
[GC cleanup 10M->10M(64M), 0.0001536 secs]
Application time: 0.1755393 seconds
[GC pause (G1 Humongous Allocation) (young) 34M->7237K(64M), 0.0080774 secs]
Application time: 0.0591738 seconds
[GC pause (G1 Humongous Allocation) (young) (initial-mark) 17M->7237K(64M), 0.0031189 secs]
[GC concurrent-root-region-scan-start]
[GC concurrent-root-region-scan-end, 0.0001114 secs]
[GC concurrent-mark-start]
[GC concurrent-mark-end, 0.0050835 secs]
Application time: 0.0052435 seconds
[GC remark, 0.0028536 secs]
Application time: 0.0000587 seconds
[GC cleanup 9285K->9285K(64M), 0.0001747 secs]
Application time: 0.1760366 seconds
[GC pause (G1 Humongous Allocation) (young) 34M->7237K(64M), 0.0105358 secs]
Application time: 0.1183354 seconds
[GC pause (G1 Humongous Allocation) (young) (initial-mark) 17M->6187K(64M), 0.0035648 secs]
[GC concurrent-root-region-scan-start]
[GC concurrent-root-region-scan-end, 0.0001106 secs]
[GC concurrent-mark-start]
[GC concurrent-mark-end, 0.0050573 secs]
Application time: 0.0052144 seconds
[GC remark, 0.0028494 secs]
Application time: 0.0000431 seconds
[GC cleanup 7723K->7723K(64M), 0.0001615 secs]
Application time: 0.3702934 seconds
[GC pause (G1 Humongous Allocation) (young) 34M->6187K(64M), 0.0098978 secs]
Iteration 1 (120s) ends:   Tue May 15 23:40:26 GMT 2018
Iteration 1 (120s) result: 193.71 ops/m

Valid run!
Score on crypto.signverify: 193.71 ops/m

Application time: 0.0622791 seconds
