Application time: 0.0409089 seconds

SPECjvm2008 Peak
  Properties file:   none
  Base dir:          /home/kadilier/MaxineVM/maxineGCBenchmark/SPEC
  Benchmarks:        serial

  WARNING: Run will not be compliant.
  Property specjvm.create.xml.report must be true for publication.
  Not a compliant sequence of benchmarks for publication.
  Property specjvm.run.checksum.validation must be true for publication.
  Property specjvm.iteration.time must be at least 240 seconds for publication.


--- --- --- --- --- --- --- --- ---

  Benchmark:   check
  Run mode:    static run
  Test type:   functional
  Threads:     1
  Iterations:  1
  Run length:  1 operation

Iteration 1 (1 operation) begins: Wed May 16 01:46:16 GMT 2018
Application time: 0.1330176 seconds
[GC pause (G1 Evacuation Pause) (young) 7168K->3332K(128M), 0.0061175 secs]
Application time: 0.0358622 seconds
[Full GC (System.gc())  5220K->2559K(128M), 0.0106337 secs]
Application time: 0.0030986 seconds
[Full GC (System.gc())  2559K->2559K(128M), 0.0092411 secs]
Iteration 1 (1 operation) ends:   Wed May 16 01:46:16 GMT 2018
Iteration 1 (1 operation) result: PASSED

Valid run!


--- --- --- --- --- --- --- --- ---

  Benchmark:   serial
  Run mode:    timed run
  Test type:   multi
  Threads:     2
  Warmup:      60s
  Iterations:  1
  Run length:  120s

Warmup (60s) begins: Wed May 16 01:46:16 GMT 2018
Application time: 0.0291085 seconds
Application time: 0.1457417 seconds
[GC pause (G1 Evacuation Pause) (young) 13M->7023K(128M), 0.0021926 secs]
Application time: 0.3657727 seconds
[GC pause (G1 Evacuation Pause) (young) 45M->19M(128M), 0.0016705 secs]
Application time: 0.2206389 seconds
[GC pause (G1 Humongous Allocation) (young) (initial-mark) 70M->34M(128M), 0.0024238 secs]
[GC concurrent-root-region-scan-start]
[GC concurrent-root-region-scan-end, 0.0006751 secs]
[GC concurrent-mark-start]
[GC concurrent-mark-end, 0.0042441 secs]
Application time: 0.0114186 seconds
[GC remark, 0.0027933 secs]
Application time: 0.0000675 seconds
[GC cleanup 65M->65M(128M), 0.0002602 secs]
[GC concurrent-cleanup-start]
[GC concurrent-cleanup-end, 0.0000148 secs]
Application time: 0.1259627 seconds
Application time: 0.1727742 seconds
[GC pause (G1 Evacuation Pause) (young)-- 124M->75M(128M), 0.0214133 secs]
Application time: 0.1698052 seconds
[GC pause (G1 Evacuation Pause) (young) 111M->75M(128M), 0.0019291 secs]
Application time: 0.1616888 seconds
[GC pause (G1 Evacuation Pause) (young) (initial-mark) 111M->75M(128M), 0.0012889 secs]
[GC concurrent-root-region-scan-start]
[GC concurrent-root-region-scan-end, 0.0002874 secs]
[GC concurrent-mark-start]
[GC concurrent-mark-end, 0.0227368 secs]
Application time: 0.0231065 seconds
[GC remark, 0.0032670 secs]
Application time: 0.0028606 seconds
[GC cleanup 79M->79M(128M), 0.0002317 secs]
Application time: 0.1117348 seconds
[GC pause (G1 Evacuation Pause) (young) 111M->75M(128M), 0.0013365 secs]
Application time: 0.0186496 seconds
[GC pause (G1 Evacuation Pause) (mixed) 80M->69M(128M), 0.0010968 secs]
Application time: 0.1390076 seconds
[GC pause (G1 Evacuation Pause) (young) 110M->69M(128M), 0.0012781 secs]
Application time: 0.1615083 seconds
[GC pause (G1 Evacuation Pause) (young) (initial-mark) 110M->69M(128M), 0.0019036 secs]
[GC concurrent-root-region-scan-start]
[GC concurrent-root-region-scan-end, 0.0002502 secs]
[GC concurrent-mark-start]
[GC concurrent-mark-end, 0.0135949 secs]
Application time: 0.0139441 seconds
[GC remark, 0.0033999 secs]
Application time: 0.0000581 seconds
[GC cleanup 71M->71M(128M), 0.0002413 secs]
Application time: 0.1587955 seconds
[GC pause (G1 Evacuation Pause) (young) 110M->69M(128M), 0.0012386 secs]
Application time: 0.1698777 seconds
[GC pause (G1 Evacuation Pause) (young) 110M->69M(128M), 0.0013540 secs]
Application time: 0.1571468 seconds
[GC pause (G1 Evacuation Pause) (young) (initial-mark) 110M->69M(128M), 0.0012769 secs]
[GC concurrent-root-region-scan-start]
[GC concurrent-root-region-scan-end, 0.0002417 secs]
[GC concurrent-mark-start]
[GC concurrent-mark-end, 0.0064040 secs]
Application time: 0.0086804 seconds
[GC remark, 0.0032190 secs]
Application time: 0.0000562 seconds
[GC cleanup 70M->70M(128M), 0.0002257 secs]
Application time: 0.1456452 seconds
[GC pause (G1 Evacuation Pause) (young) 110M->69M(128M), 0.0011220 secs]
Application time: 0.2284415 seconds
[GC pause (G1 Evacuation Pause) (young) 110M->69M(128M), 0.0010857 secs]
Application time: 0.2205175 seconds
[GC pause (G1 Evacuation Pause) (young) (initial-mark) 110M->69M(128M), 0.0012652 secs]
[GC concurrent-root-region-scan-start]
[GC concurrent-root-region-scan-end, 0.0002489 secs]
[GC concurrent-mark-start]
[GC concurrent-mark-end, 0.0067877 secs]
Application time: 0.0070481 seconds
[GC remark, 0.0032521 secs]
Application time: 0.0000565 seconds
[GC cleanup 69M->69M(128M), 0.0002016 secs]
Application time: 0.1569124 seconds
[GC pause (G1 Evacuation Pause) (young) 110M->69M(128M), 0.0011747 secs]
Application time: 0.1559680 seconds
[GC pause (G1 Evacuation Pause) (young) 110M->69M(128M), 0.0012007 secs]
Application time: 0.1688916 seconds
[GC pause (G1 Evacuation Pause) (young) (initial-mark) 110M->69M(128M), 0.0013658 secs]
[GC concurrent-root-region-scan-start]
[GC concurrent-root-region-scan-end, 0.0002781 secs]
[GC concurrent-mark-start]
[GC concurrent-mark-end, 0.0068316 secs]
Application time: 0.0072122 seconds
[GC remark, 0.0035305 secs]
Application time: 0.0000582 seconds
[GC cleanup 71M->71M(128M), 0.0002460 secs]
Application time: 0.1496507 seconds
[GC pause (G1 Evacuation Pause) (young) 110M->69M(128M), 0.0013576 secs]
Application time: 0.0079615 seconds
Application time: 0.1268610 seconds
[GC pause (G1 Evacuation Pause) (young) 110M->69M(128M), 0.0013082 secs]
Application time: 0.1163298 seconds
[GC pause (G1 Evacuation Pause) (young) (initial-mark) 110M->69M(128M), 0.0012281 secs]
[GC concurrent-root-region-scan-start]
[GC concurrent-root-region-scan-end, 0.0001640 secs]
[GC concurrent-mark-start]
[GC concurrent-mark-end, 0.0107106 secs]
Application time: 0.0109443 seconds
[GC remark, 0.0036166 secs]
Application time: 0.0032219 seconds
[GC cleanup 74M->74M(128M), 0.0002815 secs]
Application time: 0.0788955 seconds
[GC pause (G1 Evacuation Pause) (young) 110M->69M(128M), 0.0010618 secs]
Application time: 0.0869665 seconds
[GC pause (G1 Evacuation Pause) (young) 110M->69M(128M), 0.0011304 secs]
Application time: 0.1500521 seconds
[GC pause (G1 Evacuation Pause) (young) (initial-mark) 110M->69M(128M), 0.0013114 secs]
[GC concurrent-root-region-scan-start]
[GC concurrent-root-region-scan-end, 0.0016418 secs]
[GC concurrent-mark-start]
[GC concurrent-mark-end, 0.0068773 secs]
Application time: 0.0086057 seconds
[GC remark, 0.0039000 secs]
Application time: 0.0044292 seconds
[GC cleanup 73M->73M(128M), 0.0002499 secs]
Application time: 0.1203645 seconds
[GC pause (G1 Evacuation Pause) (young) 110M->69M(128M), 0.0010609 secs]
Application time: 0.1120541 seconds
[GC pause (G1 Evacuation Pause) (young) 110M->69M(128M), 0.0010769 secs]
Application time: 0.0628180 seconds
[GC pause (G1 Evacuation Pause) (young) (initial-mark) 110M->69M(128M), 0.0012344 secs]
[GC concurrent-root-region-scan-start]
[GC concurrent-root-region-scan-end, 0.0002073 secs]
[GC concurrent-mark-start]
[GC concurrent-mark-end, 0.0146276 secs]
Application time: 0.0148394 seconds
[GC remark, 0.0056878 secs]
Application time: 0.0000554 seconds
[GC cleanup 78M->78M(128M), 0.0002460 secs]
Application time: 0.0624057 seconds
[GC pause (G1 Evacuation Pause) (young) 110M->69M(128M), 0.0013515 secs]
Application time: 0.0783132 seconds
[GC pause (G1 Evacuation Pause) (young) 110M->69M(128M), 0.0015143 secs]
Application time: 0.0964800 seconds
[GC pause (G1 Evacuation Pause) (young) (initial-mark) 110M->69M(128M), 0.0017601 secs]
[GC concurrent-root-region-scan-start]
[GC concurrent-root-region-scan-end, 0.0003517 secs]
[GC concurrent-mark-start]
[GC concurrent-mark-end, 0.0068781 secs]
Application time: 0.0072711 seconds
[GC remark, 0.0035488 secs]
Application time: 0.0000381 seconds
[GC cleanup 71M->71M(128M), 0.0002419 secs]
Application time: 0.0529530 seconds
[GC pause (G1 Evacuation Pause) (young) 110M->69M(128M), 0.0024237 secs]
Application time: 0.0643899 seconds
[GC pause (G1 Evacuation Pause) (young) 110M->69M(128M), 0.0013240 secs]
Application time: 0.0589329 seconds
[GC pause (G1 Evacuation Pause) (young) (initial-mark) 110M->69M(128M), 0.0012644 secs]
[GC concurrent-root-region-scan-start]
[GC concurrent-root-region-scan-end, 0.0001886 secs]
[GC concurrent-mark-start]
[GC concurrent-mark-end, 0.0069999 secs]
Application time: 0.0071980 seconds
[GC remark, 0.0033004 secs]
Application time: 0.0000378 seconds
[GC cleanup 72M->72M(128M), 0.0002367 secs]
Application time: 0.0497596 seconds
[GC pause (G1 Evacuation Pause) (young) 110M->69M(128M), 0.0012618 secs]
Application time: 0.0138066 seconds
Application time: 0.1036041 seconds
[GC pause (G1 Evacuation Pause) (young) 110M->69M(128M), 0.0010609 secs]
Application time: 0.1532472 seconds
[GC pause (G1 Evacuation Pause) (young) (initial-mark) 110M->69M(128M), 0.0012022 secs]
[GC concurrent-root-region-scan-start]
[GC concurrent-root-region-scan-end, 0.0002411 secs]
[GC concurrent-mark-start]
[GC concurrent-mark-end, 0.0067741 secs]
Application time: 0.0131779 seconds
[GC remark, 0.0034615 secs]
Application time: 0.0000373 seconds
[GC cleanup 70M->70M(128M), 0.0002190 secs]
Application time: 0.1022774 seconds
[GC pause (G1 Evacuation Pause) (young) 110M->69M(128M), 0.0010989 secs]
Application time: 0.0544968 seconds
[GC pause (G1 Evacuation Pause) (young) 110M->69M(128M), 0.0011967 secs]
Application time: 0.0500180 seconds
[GC pause (G1 Evacuation Pause) (young) (initial-mark) 110M->69M(128M), 0.0013830 secs]
[GC concurrent-root-region-scan-start]
[GC concurrent-root-region-scan-end, 0.0003165 secs]
[GC concurrent-mark-start]
[GC concurrent-mark-end, 0.0065591 secs]
Application time: 0.0068932 seconds
[GC remark, 0.0036037 secs]
Application time: 0.0014912 seconds
[GC cleanup 73M->73M(128M), 0.0003148 secs]
Application time: 0.0607140 seconds
[GC pause (G1 Evacuation Pause) (young) 110M->69M(128M), 0.0011970 secs]
Application time: 0.0523320 seconds
[GC pause (G1 Evacuation Pause) (young) 110M->69M(128M), 0.0013269 secs]
Application time: 0.0527041 seconds
[GC pause (G1 Evacuation Pause) (young) (initial-mark) 110M->69M(128M), 0.0012273 secs]
[GC concurrent-root-region-scan-start]
[GC concurrent-root-region-scan-end, 0.0004205 secs]
[GC concurrent-mark-start]
[GC concurrent-mark-end, 0.0081292 secs]
Application time: 0.0086107 seconds
[GC remark, 0.0033559 secs]
Application time: 0.0010235 seconds
[GC cleanup 73M->73M(128M), 0.0002472 secs]
Application time: 0.0441863 seconds
[GC pause (G1 Evacuation Pause) (young) 110M->69M(128M), 0.0013597 secs]
Application time: 0.0571643 seconds
[GC pause (G1 Evacuation Pause) (young) 110M->69M(128M), 0.0011759 secs]
Application time: 0.0704417 seconds
[GC pause (G1 Evacuation Pause) (young) (initial-mark) 110M->69M(128M), 0.0012579 secs]
[GC concurrent-root-region-scan-start]
[GC concurrent-root-region-scan-end, 0.0003211 secs]
[GC concurrent-mark-start]
[GC concurrent-mark-end, 0.0143779 secs]
Application time: 0.0147752 seconds
[GC remark, 0.0033123 secs]
Application time: 0.0015743 seconds
[GC cleanup 73M->73M(128M), 0.0002048 secs]
Application time: 0.1215680 seconds
[GC pause (G1 Evacuation Pause) (young) 110M->69M(128M), 0.0013295 secs]
Application time: 0.0886488 seconds
[GC pause (G1 Evacuation Pause) (young) 110M->69M(128M), 0.0013052 secs]
Application time: 0.0539164 seconds
[GC pause (G1 Evacuation Pause) (young) (initial-mark) 110M->69M(128M), 0.0015529 secs]
[GC concurrent-root-region-scan-start]
[GC concurrent-root-region-scan-end, 0.0004371 secs]
[GC concurrent-mark-start]
[GC concurrent-mark-end, 0.0114047 secs]
Application time: 0.0119046 seconds
[GC remark, 0.0034096 secs]
Application time: 0.0000553 seconds
[GC cleanup 75M->75M(128M), 0.0002430 secs]
Application time: 0.0415718 seconds
[GC pause (G1 Evacuation Pause) (young) 110M->69M(128M), 0.0011196 secs]
Application time: 0.0490156 seconds
[GC pause (G1 Evacuation Pause) (young) 110M->69M(128M), 0.0011824 secs]
Application time: 0.0494290 seconds
[GC pause (G1 Evacuation Pause) (young) (initial-mark) 110M->69M(128M), 0.0014157 secs]
[GC concurrent-root-region-scan-start]
[GC concurrent-root-region-scan-end, 0.0002338 secs]
[GC concurrent-mark-start]
[GC concurrent-mark-end, 0.0074718 secs]
Application time: 0.0077580 seconds
[GC remark, 0.0036690 secs]
Application time: 0.0000461 seconds
[GC cleanup 73M->73M(128M), 0.0002640 secs]
Application time: 0.0479058 seconds
[GC pause (G1 Evacuation Pause) (young) 110M->69M(128M), 0.0011993 secs]
Application time: 0.0529454 seconds
[GC pause (G1 Evacuation Pause) (young) 110M->69M(128M), 0.0013224 secs]
Application time: 0.0487744 seconds
[GC pause (G1 Evacuation Pause) (young) (initial-mark) 110M->69M(128M), 0.0013373 secs]
[GC concurrent-root-region-scan-start]
[GC concurrent-root-region-scan-end, 0.0003271 secs]
[GC concurrent-mark-start]
[GC concurrent-mark-end, 0.0076684 secs]
Application time: 0.0080545 seconds
[GC remark, 0.0033699 secs]
Application time: 0.0000485 seconds
[GC cleanup 73M->73M(128M), 0.0002447 secs]
Application time: 0.0459826 seconds
[GC pause (G1 Evacuation Pause) (young) 110M->69M(128M), 0.0010635 secs]
Application time: 0.0709707 seconds
[GC pause (G1 Evacuation Pause) (young) 110M->69M(128M), 0.0009841 secs]
Application time: 0.1542405 seconds
[GC pause (G1 Evacuation Pause) (young) (initial-mark) 110M->69M(128M), 0.0014200 secs]
[GC concurrent-root-region-scan-start]
[GC concurrent-root-region-scan-end, 0.0003219 secs]
[GC concurrent-mark-start]
[GC concurrent-mark-end, 0.0076828 secs]
Application time: 0.0080303 seconds
[GC remark, 0.0031943 secs]
Application time: 0.0000480 seconds
[GC cleanup 73M->73M(128M), 0.0002392 secs]
Application time: 0.0577811 seconds
[GC pause (G1 Evacuation Pause) (young) 110M->69M(128M), 0.0012500 secs]
Application time: 0.0499173 seconds
[GC pause (G1 Evacuation Pause) (young) 110M->69M(128M), 0.0012212 secs]
Application time: 0.0496847 seconds
[GC pause (G1 Evacuation Pause) (young) (initial-mark) 110M->69M(128M), 0.0013141 secs]
[GC concurrent-root-region-scan-start]
[GC concurrent-root-region-scan-end, 0.0002760 secs]
[GC concurrent-mark-start]
[GC concurrent-mark-end, 0.0077142 secs]
Application time: 0.0088669 seconds
[GC remark, 0.0034890 secs]
Application time: 0.0000287 seconds
[GC cleanup 73M->73M(128M), 0.0002327 secs]
Application time: 0.0435815 seconds
[GC pause (G1 Evacuation Pause) (young) 110M->69M(128M), 0.0012128 secs]
Application time: 0.0486395 seconds
[GC pause (G1 Evacuation Pause) (young) 110M->69M(128M), 0.0012114 secs]
Application time: 0.0548515 seconds
[GC pause (G1 Evacuation Pause) (young) (initial-mark) 110M->69M(128M), 0.0012433 secs]
[GC concurrent-root-region-scan-start]
[GC concurrent-root-region-scan-end, 0.0003218 secs]
[GC concurrent-mark-start]
[GC concurrent-mark-end, 0.0128447 secs]
Application time: 0.0132284 seconds
[GC remark, 0.0031267 secs]
Application time: 0.0000343 seconds
[GC cleanup 75M->75M(128M), 0.0002114 secs]
Application time: 0.0767424 seconds
[GC pause (G1 Evacuation Pause) (young) 110M->69M(128M), 0.0013377 secs]
Application time: 0.0491965 seconds
[GC pause (G1 Evacuation Pause) (young) 110M->69M(128M), 0.0012961 secs]
Application time: 0.0485359 seconds
[GC pause (G1 Evacuation Pause) (young) (initial-mark) 110M->69M(128M), 0.0013379 secs]
[GC concurrent-root-region-scan-start]
[GC concurrent-root-region-scan-end, 0.0002782 secs]
[GC concurrent-mark-start]
[GC concurrent-mark-end, 0.0067730 secs]
Application time: 0.0071049 seconds
[GC remark, 0.0032289 secs]
Application time: 0.0000255 seconds
[GC cleanup 72M->72M(128M), 0.0002354 secs]
Application time: 0.1294219 seconds
[GC pause (G1 Evacuation Pause) (young) 110M->69M(128M), 0.0010781 secs]
Application time: 0.1349714 seconds
[GC pause (G1 Evacuation Pause) (young) 110M->69M(128M), 0.0012811 secs]
Application time: 0.0525808 seconds
[GC pause (G1 Evacuation Pause) (young) (initial-mark) 110M->69M(128M), 0.0014084 secs]
[GC concurrent-root-region-scan-start]
[GC concurrent-root-region-scan-end, 0.0002917 secs]
[GC concurrent-mark-start]
[GC concurrent-mark-end, 0.0069191 secs]
Application time: 0.0072797 seconds
[GC remark, 0.0031638 secs]
Application time: 0.0000295 seconds
[GC cleanup 73M->73M(128M), 0.0002366 secs]
Application time: 0.0567931 seconds
[GC pause (G1 Evacuation Pause) (young) 110M->69M(128M), 0.0011500 secs]
Application time: 0.0490952 seconds
[GC pause (G1 Evacuation Pause) (young) 110M->69M(128M), 0.0012598 secs]
Application time: 0.0603472 seconds
[GC pause (G1 Evacuation Pause) (young) (initial-mark) 110M->69M(128M), 0.0016179 secs]
[GC concurrent-root-region-scan-start]
[GC concurrent-root-region-scan-end, 0.0004158 secs]
[GC concurrent-mark-start]
[GC concurrent-mark-end, 0.0153691 secs]
Application time: 0.0158384 seconds
[GC remark, 0.0034106 secs]
Application time: 0.0000311 seconds
[GC cleanup 74M->74M(128M), 0.0002309 secs]
Application time: 0.0482980 seconds
[GC pause (G1 Evacuation Pause) (young) 110M->69M(128M), 0.0011701 secs]
Application time: 0.0522751 seconds
[GC pause (G1 Evacuation Pause) (young) 110M->69M(128M), 0.0012248 secs]
Application time: 0.0541672 seconds
[GC pause (G1 Evacuation Pause) (young) (initial-mark) 110M->69M(128M), 0.0012722 secs]
[GC concurrent-root-region-scan-start]
[GC concurrent-root-region-scan-end, 0.0002008 secs]
[GC concurrent-mark-start]
[GC concurrent-mark-end, 0.0141883 secs]
Application time: 0.0144483 seconds
[GC remark, 0.0034100 secs]
Application time: 0.0000368 seconds
[GC cleanup 79M->79M(128M), 0.0002148 secs]
Application time: 0.0429027 seconds
[GC pause (G1 Evacuation Pause) (young) 110M->69M(128M), 0.0011594 secs]
Application time: 0.0784676 seconds
[GC pause (G1 Evacuation Pause) (young) 110M->69M(128M), 0.0011463 secs]
Application time: 0.1229210 seconds
[GC pause (G1 Evacuation Pause) (young) (initial-mark) 110M->69M(128M), 0.0013236 secs]
[GC concurrent-root-region-scan-start]
[GC concurrent-root-region-scan-end, 0.0002555 secs]
[GC concurrent-mark-start]
[GC concurrent-mark-end, 0.0103536 secs]
Application time: 0.0106707 seconds
[GC remark, 0.0031559 secs]
Application time: 0.0000359 seconds
[GC cleanup 72M->72M(128M), 0.0016887 secs]
Application time: 0.0744615 seconds
[GC pause (G1 Evacuation Pause) (young) 110M->69M(128M), 0.0011875 secs]
Application time: 0.0654597 seconds
[GC pause (G1 Evacuation Pause) (young) 110M->69M(128M), 0.0012522 secs]
Application time: 0.0650429 seconds
[GC pause (G1 Evacuation Pause) (young) (initial-mark) 110M->69M(128M), 0.0012624 secs]
[GC concurrent-root-region-scan-start]
[GC concurrent-root-region-scan-end, 0.0002257 secs]
[GC concurrent-mark-start]
[GC concurrent-mark-end, 0.0220868 secs]
Application time: 0.0223786 seconds
[GC remark, 0.0033182 secs]
Application time: 0.0000305 seconds
[GC cleanup 81M->81M(128M), 0.0002281 secs]
Application time: 0.0593761 seconds
[GC pause (G1 Evacuation Pause) (young) 110M->69M(128M), 0.0011502 secs]
Application time: 0.0689037 seconds
[GC pause (G1 Evacuation Pause) (young) 110M->69M(128M), 0.0011858 secs]
Application time: 0.0541883 seconds
[GC pause (G1 Evacuation Pause) (young) (initial-mark) 110M->69M(128M), 0.0013663 secs]
[GC concurrent-root-region-scan-start]
[GC concurrent-root-region-scan-end, 0.0001929 secs]
[GC concurrent-mark-start]
[GC concurrent-mark-end, 0.0076725 secs]
Application time: 0.0079306 seconds
[GC remark, 0.0030419 secs]
Application time: 0.0000307 seconds
[GC cleanup 73M->73M(128M), 0.0002092 secs]
Application time: 0.0596329 seconds
[GC pause (G1 Evacuation Pause) (young) 110M->69M(128M), 0.0011263 secs]
Application time: 0.0512952 seconds
[GC pause (G1 Evacuation Pause) (young) 110M->69M(128M), 0.0011363 secs]
Application time: 0.0623074 seconds
[GC pause (G1 Evacuation Pause) (young) (initial-mark) 110M->69M(128M), 0.0013437 secs]
[GC concurrent-root-region-scan-start]
[GC concurrent-root-region-scan-end, 0.0003184 secs]
[GC concurrent-mark-start]
[GC concurrent-mark-end, 0.0095796 secs]
Application time: 0.0099059 seconds
[GC remark, 0.0032205 secs]
Application time: 0.0000323 seconds
[GC cleanup 74M->74M(128M), 0.0002221 secs]
Application time: 0.0917477 seconds
[GC pause (G1 Evacuation Pause) (young) 110M->69M(128M), 0.0010989 secs]
Application time: 0.1361902 seconds
[GC pause (G1 Evacuation Pause) (young) 110M->69M(128M), 0.0011601 secs]
Application time: 0.0609451 seconds
[GC pause (G1 Evacuation Pause) (young) (initial-mark) 110M->69M(128M), 0.0013225 secs]
[GC concurrent-root-region-scan-start]
[GC concurrent-root-region-scan-end, 0.0002943 secs]
[GC concurrent-mark-start]
[GC concurrent-mark-end, 0.0074955 secs]
Application time: 0.0078650 seconds
[GC remark, 0.0032994 secs]
Application time: 0.0000278 seconds
[GC cleanup 73M->73M(128M), 0.0002438 secs]
Application time: 0.0518095 seconds
[GC pause (G1 Evacuation Pause) (young) 110M->69M(128M), 0.0011877 secs]
Application time: 0.0472283 seconds
[GC pause (G1 Evacuation Pause) (young) 110M->69M(128M), 0.0011664 secs]
Application time: 0.0471489 seconds
[GC pause (G1 Evacuation Pause) (young) (initial-mark) 110M->69M(128M), 0.0013971 secs]
[GC concurrent-root-region-scan-start]
[GC concurrent-root-region-scan-end, 0.0003130 secs]
[GC concurrent-mark-start]
[GC concurrent-mark-end, 0.0078508 secs]
Application time: 0.0082222 seconds
[GC remark, 0.0032277 secs]
Application time: 0.0000267 seconds
[GC cleanup 73M->73M(128M), 0.0002001 secs]
Application time: 0.0443136 seconds
[GC pause (G1 Evacuation Pause) (young) 110M->69M(128M), 0.0012237 secs]
Application time: 0.0473660 seconds
[GC pause (G1 Evacuation Pause) (young) 110M->69M(128M), 0.0011919 secs]
Application time: 0.0584337 seconds
[GC pause (G1 Evacuation Pause) (young) (initial-mark) 110M->69M(128M), 0.0012471 secs]
[GC concurrent-root-region-scan-start]
[GC concurrent-root-region-scan-end, 0.0001782 secs]
[GC concurrent-mark-start]
[GC concurrent-mark-end, 0.0074459 secs]
Application time: 0.0076848 seconds
[GC remark, 0.0033150 secs]
Application time: 0.0000375 seconds
[GC cleanup 72M->72M(128M), 0.0002296 secs]
Application time: 0.0449646 seconds
[GC pause (G1 Evacuation Pause) (young) 110M->69M(128M), 0.0011802 secs]
Application time: 0.0471682 seconds
[GC pause (G1 Evacuation Pause) (young) 110M->69M(128M), 0.0011854 secs]
Application time: 0.1342760 seconds
[GC pause (G1 Evacuation Pause) (young) (initial-mark) 110M->69M(128M), 0.0011827 secs]
[GC concurrent-root-region-scan-start]
[GC concurrent-root-region-scan-end, 0.0002498 secs]
[GC concurrent-mark-start]
[GC concurrent-mark-end, 0.0143250 secs]
Application time: 0.0145764 seconds
[GC remark, 0.0038982 secs]
Application time: 0.0000518 seconds
[GC cleanup 71M->71M(128M), 0.0002933 secs]
Application time: 0.0823189 seconds
[GC pause (G1 Evacuation Pause) (young) 110M->69M(128M), 0.0012452 secs]
Application time: 0.0464370 seconds
[GC pause (G1 Evacuation Pause) (young) 110M->69M(128M), 0.0011226 secs]
Application time: 0.0498495 seconds
[GC pause (G1 Evacuation Pause) (young) (initial-mark) 110M->69M(128M), 0.0012212 secs]
[GC concurrent-root-region-scan-start]
[GC concurrent-root-region-scan-end, 0.0002131 secs]
[GC concurrent-mark-start]
[GC concurrent-mark-end, 0.0072704 secs]
Application time: 0.0075374 seconds
[GC remark, 0.0031890 secs]
Application time: 0.0000564 seconds
[GC cleanup 71M->71M(128M), 0.0002354 secs]
Application time: 0.0522698 seconds
[GC pause (G1 Evacuation Pause) (young) 110M->69M(128M), 0.0012659 secs]
Application time: 0.0468914 seconds
[GC pause (G1 Evacuation Pause) (young) 110M->69M(128M), 0.0011587 secs]
Application time: 0.0599216 seconds
[GC pause (G1 Evacuation Pause) (young) (initial-mark) 110M->69M(128M), 0.0014091 secs]
[GC concurrent-root-region-scan-start]
[GC concurrent-root-region-scan-end, 0.0001579 secs]
[GC concurrent-mark-start]
[GC concurrent-mark-end, 0.0077524 secs]
Application time: 0.0090530 seconds
[GC remark, 0.0033403 secs]
Application time: 0.0000368 seconds
[GC cleanup 73M->73M(128M), 0.0002298 secs]
Application time: 0.0425586 seconds
[GC pause (G1 Evacuation Pause) (young) 110M->69M(128M), 0.0011355 secs]
Application time: 0.0479444 seconds
[GC pause (G1 Evacuation Pause) (young) 110M->69M(128M), 0.0012999 secs]
Application time: 0.0470320 seconds
[GC pause (G1 Evacuation Pause) (young) (initial-mark) 110M->69M(128M), 0.0012774 secs]
[GC concurrent-root-region-scan-start]
[GC concurrent-root-region-scan-end, 0.0002225 secs]
[GC concurrent-mark-start]
[GC concurrent-mark-end, 0.0157690 secs]
Application time: 0.0160071 seconds
[GC remark, 0.0027749 secs]
Application time: 0.0000316 seconds
[GC cleanup 79M->79M(128M), 0.0001698 secs]
Application time: 0.0647300 seconds
[GC pause (G1 Evacuation Pause) (young) 110M->69M(128M), 0.0008580 secs]
Application time: 0.1491240 seconds
[GC pause (G1 Evacuation Pause) (young) 110M->69M(128M), 0.0008063 secs]
Application time: 0.0482070 seconds
[GC pause (G1 Evacuation Pause) (young) (initial-mark) 110M->69M(128M), 0.0009153 secs]
[GC concurrent-root-region-scan-start]
[GC concurrent-root-region-scan-end, 0.0001683 secs]
[GC concurrent-mark-start]
[GC concurrent-mark-end, 0.0065957 secs]
Application time: 0.0068202 seconds
[GC remark, 0.0026168 secs]
Application time: 0.0000314 seconds
[GC cleanup 72M->72M(128M), 0.0001825 secs]
Application time: 0.0419778 seconds
[GC pause (G1 Evacuation Pause) (young) 110M->69M(128M), 0.0008621 secs]
Application time: 0.0583347 seconds
[GC pause (G1 Evacuation Pause) (young) 110M->69M(128M), 0.0009842 secs]
Application time: 0.0456260 seconds
[GC pause (G1 Evacuation Pause) (young) (initial-mark) 110M->69M(128M), 0.0011290 secs]
[GC concurrent-root-region-scan-start]
[GC concurrent-root-region-scan-end, 0.0002436 secs]
[GC concurrent-mark-start]
[GC concurrent-mark-end, 0.0067759 secs]
Application time: 0.0070768 seconds
[GC remark, 0.0025440 secs]
Application time: 0.0000280 seconds
[GC cleanup 73M->73M(128M), 0.0001872 secs]
Application time: 0.0428659 seconds
[GC pause (G1 Evacuation Pause) (young) 110M->69M(128M), 0.0009333 secs]
Application time: 0.0454252 seconds
[GC pause (G1 Evacuation Pause) (young) 110M->69M(128M), 0.0008631 secs]
Application time: 0.0458388 seconds
[GC pause (G1 Evacuation Pause) (young) (initial-mark) 110M->69M(128M), 0.0010673 secs]
[GC concurrent-root-region-scan-start]
[GC concurrent-root-region-scan-end, 0.0002371 secs]
[GC concurrent-mark-start]
[GC concurrent-mark-end, 0.0069828 secs]
Application time: 0.0072758 seconds
[GC remark, 0.0025506 secs]
Application time: 0.0000258 seconds
[GC cleanup 73M->73M(128M), 0.0001726 secs]
Application time: 0.0430200 seconds
[GC pause (G1 Evacuation Pause) (young) 110M->69M(128M), 0.0008388 secs]
Application time: 0.0492430 seconds
[GC pause (G1 Evacuation Pause) (young) 110M->69M(128M), 0.0011733 secs]
Application time: 0.1123142 seconds
[GC pause (G1 Evacuation Pause) (young) (initial-mark) 110M->69M(128M), 0.0009765 secs]
[GC concurrent-root-region-scan-start]
[GC concurrent-root-region-scan-end, 0.0001516 secs]
[GC concurrent-mark-start]
[GC concurrent-mark-end, 0.0071718 secs]
Application time: 0.0073325 seconds
[GC remark, 0.0029300 secs]
Application time: 0.0000317 seconds
[GC cleanup 71M->71M(128M), 0.0001823 secs]
Application time: 0.1010827 seconds
[GC pause (G1 Evacuation Pause) (young) 110M->69M(128M), 0.0008955 secs]
Application time: 0.0461673 seconds
[GC pause (G1 Evacuation Pause) (young) 110M->69M(128M), 0.0008280 secs]
Application time: 0.0464928 seconds
[GC pause (G1 Evacuation Pause) (young) (initial-mark) 110M->69M(128M), 0.0009907 secs]
[GC concurrent-root-region-scan-start]
[GC concurrent-root-region-scan-end, 0.0001795 secs]
[GC concurrent-mark-start]
[GC concurrent-mark-end, 0.0068864 secs]
Application time: 0.0071354 seconds
[GC remark, 0.0025028 secs]
Application time: 0.0000281 seconds
[GC cleanup 73M->73M(128M), 0.0001683 secs]
Application time: 0.0433980 seconds
[GC pause (G1 Evacuation Pause) (young) 110M->69M(128M), 0.0008299 secs]
Application time: 0.0458926 seconds
[GC pause (G1 Evacuation Pause) (young) 110M->69M(128M), 0.0008395 secs]
Application time: 0.0463561 seconds
[GC pause (G1 Evacuation Pause) (young) (initial-mark) 110M->69M(128M), 0.0009317 secs]
[GC concurrent-root-region-scan-start]
[GC concurrent-root-region-scan-end, 0.0001685 secs]
[GC concurrent-mark-start]
[GC concurrent-mark-end, 0.0089812 secs]
Application time: 0.0092154 seconds
[GC remark, 0.0026742 secs]
Application time: 0.0000460 seconds
[GC cleanup 74M->74M(128M), 0.0002424 secs]
Application time: 0.0414089 seconds
[GC pause (G1 Evacuation Pause) (young) 110M->69M(128M), 0.0008602 secs]
Application time: 0.0449957 seconds
[GC pause (G1 Evacuation Pause) (young) 110M->69M(128M), 0.0008669 secs]
Application time: 0.0460268 seconds
[GC pause (G1 Evacuation Pause) (young) (initial-mark) 110M->69M(128M), 0.0009038 secs]
[GC concurrent-root-region-scan-start]
[GC concurrent-root-region-scan-end, 0.0001567 secs]
[GC concurrent-mark-start]
[GC concurrent-mark-end, 0.0067807 secs]
Application time: 0.0069971 seconds
[GC remark, 0.0026185 secs]
Application time: 0.0000289 seconds
[GC cleanup 72M->72M(128M), 0.0001701 secs]
Application time: 0.0560519 seconds
[GC pause (G1 Evacuation Pause) (young) 110M->69M(128M), 0.0012734 secs]
Application time: 0.1532857 seconds
[GC pause (G1 Evacuation Pause) (young) 110M->69M(128M), 0.0012529 secs]
Application time: 0.0640944 seconds
[GC pause (G1 Evacuation Pause) (young) (initial-mark) 110M->69M(128M), 0.0012432 secs]
[GC concurrent-root-region-scan-start]
[GC concurrent-root-region-scan-end, 0.0002111 secs]
[GC concurrent-mark-start]
[GC concurrent-mark-end, 0.0094695 secs]
Application time: 0.0097400 seconds
[GC remark, 0.0033393 secs]
Application time: 0.0000488 seconds
[GC cleanup 74M->74M(128M), 0.0003775 secs]
Application time: 0.0553072 seconds
[GC pause (G1 Evacuation Pause) (young) 110M->69M(128M), 0.0013689 secs]
Application time: 0.0547474 seconds
[GC pause (G1 Evacuation Pause) (young) 110M->69M(128M), 0.0011911 secs]
Application time: 0.0656291 seconds
[GC pause (G1 Evacuation Pause) (young) (initial-mark) 110M->69M(128M), 0.0015851 secs]
[GC concurrent-root-region-scan-start]
[GC concurrent-root-region-scan-end, 0.0003607 secs]
[GC concurrent-mark-start]
[GC concurrent-mark-end, 0.0098505 secs]
Application time: 0.0102911 seconds
[GC remark, 0.0036254 secs]
Application time: 0.0012023 seconds
[GC cleanup 73M->73M(128M), 0.0002997 secs]
Application time: 0.0456201 seconds
[GC pause (G1 Evacuation Pause) (young) 110M->69M(128M), 0.0012129 secs]
Application time: 0.0473590 seconds
[GC pause (G1 Evacuation Pause) (young) 110M->69M(128M), 0.0013010 secs]
Application time: 0.0509671 seconds
[GC pause (G1 Evacuation Pause) (young) (initial-mark) 110M->69M(128M), 0.0009841 secs]
[GC concurrent-root-region-scan-start]
[GC concurrent-root-region-scan-end, 0.0001753 secs]
[GC concurrent-mark-start]
[GC concurrent-mark-end, 0.0065249 secs]
Application time: 0.0067469 seconds
[GC remark, 0.0027810 secs]
Application time: 0.0004521 seconds
[GC cleanup 72M->72M(128M), 0.0001944 secs]
Application time: 0.0415036 seconds
[GC pause (G1 Evacuation Pause) (young) 110M->69M(128M), 0.0008785 secs]
Application time: 0.0450618 seconds
[GC pause (G1 Evacuation Pause) (young) 110M->69M(128M), 0.0010069 secs]
Application time: 0.0966839 seconds
[GC pause (G1 Evacuation Pause) (young) (initial-mark) 110M->69M(128M), 0.0009143 secs]
[GC concurrent-root-region-scan-start]
[GC concurrent-root-region-scan-end, 0.0001756 secs]
[GC concurrent-mark-start]
[GC concurrent-mark-end, 0.0066488 secs]
Application time: 0.0068862 seconds
[GC remark, 0.0026166 secs]
Application time: 0.0000361 seconds
[GC cleanup 71M->71M(128M), 0.0001740 secs]
Application time: 0.1146180 seconds
[GC pause (G1 Evacuation Pause) (young) 110M->69M(128M), 0.0009055 secs]
Application time: 0.0440959 seconds
[GC pause (G1 Evacuation Pause) (young) 110M->69M(128M), 0.0009378 secs]
Application time: 0.0444010 seconds
[GC pause (G1 Evacuation Pause) (young) (initial-mark) 110M->69M(128M), 0.0010475 secs]
[GC concurrent-root-region-scan-start]
[GC concurrent-root-region-scan-end, 0.0002003 secs]
[GC concurrent-mark-start]
[GC concurrent-mark-end, 0.0068246 secs]
Application time: 0.0070329 seconds
[GC remark, 0.0025810 secs]
Application time: 0.0000294 seconds
[GC cleanup 73M->73M(128M), 0.0001661 secs]
Application time: 0.0408269 seconds
[GC pause (G1 Evacuation Pause) (young) 110M->69M(128M), 0.0008659 secs]
Application time: 0.0487526 seconds
[GC pause (G1 Evacuation Pause) (young) 110M->69M(128M), 0.0009346 secs]
Application time: 0.0465463 seconds
[GC pause (G1 Evacuation Pause) (young) (initial-mark) 110M->69M(128M), 0.0010931 secs]
[GC concurrent-root-region-scan-start]
[GC concurrent-root-region-scan-end, 0.0002291 secs]
[GC concurrent-mark-start]
[GC concurrent-mark-end, 0.0065314 secs]
Application time: 0.0068422 seconds
[GC remark, 0.0025836 secs]
Application time: 0.0000429 seconds
[GC cleanup 72M->72M(128M), 0.0001766 secs]
Application time: 0.0417822 seconds
[GC pause (G1 Evacuation Pause) (young) 110M->69M(128M), 0.0009903 secs]
Application time: 0.0453202 seconds
[GC pause (G1 Evacuation Pause) (young) 110M->69M(128M), 0.0008646 secs]
Application time: 0.0447770 seconds
[GC pause (G1 Evacuation Pause) (young) (initial-mark) 110M->69M(128M), 0.0009395 secs]
[GC concurrent-root-region-scan-start]
[GC concurrent-root-region-scan-end, 0.0001268 secs]
[GC concurrent-mark-start]
[GC concurrent-mark-end, 0.0066619 secs]
Application time: 0.0068535 seconds
[GC remark, 0.0026485 secs]
Application time: 0.0000344 seconds
[GC cleanup 73M->73M(128M), 0.0001750 secs]
Application time: 0.0517654 seconds
[GC pause (G1 Evacuation Pause) (young) 110M->69M(128M), 0.0008450 secs]
Application time: 0.1276404 seconds
[GC pause (G1 Evacuation Pause) (young) 110M->69M(128M), 0.0008447 secs]
Application time: 0.0808061 seconds
[GC pause (G1 Evacuation Pause) (young) (initial-mark) 110M->69M(128M), 0.0010950 secs]
[GC concurrent-root-region-scan-start]
[GC concurrent-root-region-scan-end, 0.0002399 secs]
[GC concurrent-mark-start]
[GC concurrent-mark-end, 0.0149952 secs]
Application time: 0.0153138 seconds
[GC remark, 0.0028785 secs]
Application time: 0.0002368 seconds
[GC cleanup 79M->79M(128M), 0.0001935 secs]
Application time: 0.0332588 seconds
[GC pause (G1 Evacuation Pause) (young) 110M->69M(128M), 0.0008244 secs]
Application time: 0.0440333 seconds
[GC pause (G1 Evacuation Pause) (young) 110M->69M(128M), 0.0008834 secs]
Application time: 0.0442835 seconds
[GC pause (G1 Evacuation Pause) (young) (initial-mark) 110M->69M(128M), 0.0008796 secs]
[GC concurrent-root-region-scan-start]
[GC concurrent-root-region-scan-end, 0.0001377 secs]
[GC concurrent-mark-start]
[GC concurrent-mark-end, 0.0064966 secs]
Application time: 0.0066822 seconds
[GC remark, 0.0024735 secs]
Application time: 0.0000399 seconds
[GC cleanup 72M->72M(128M), 0.0001973 secs]
Application time: 0.0415053 seconds
[GC pause (G1 Evacuation Pause) (young) 110M->69M(128M), 0.0007819 secs]
Application time: 0.0483397 seconds
[GC pause (G1 Evacuation Pause) (young) 110M->69M(128M), 0.0012110 secs]
Application time: 0.0481301 seconds
[GC pause (G1 Evacuation Pause) (young) (initial-mark) 110M->69M(128M), 0.0012679 secs]
[GC concurrent-root-region-scan-start]
[GC concurrent-root-region-scan-end, 0.0002980 secs]
[GC concurrent-mark-start]
[GC concurrent-mark-end, 0.0068948 secs]
Application time: 0.0072720 seconds
[GC remark, 0.0034808 secs]
Application time: 0.0000456 seconds
[GC cleanup 72M->72M(128M), 0.0002020 secs]
Application time: 0.0482711 seconds
[GC pause (G1 Evacuation Pause) (young) 110M->69M(128M), 0.0011011 secs]
Application time: 0.0482223 seconds
[GC pause (G1 Evacuation Pause) (young) 110M->69M(128M), 0.0011363 secs]
Application time: 0.0798838 seconds
[GC pause (G1 Evacuation Pause) (young) (initial-mark) 110M->69M(128M), 0.0011684 secs]
[GC concurrent-root-region-scan-start]
[GC concurrent-root-region-scan-end, 0.0002506 secs]
[GC concurrent-mark-start]
[GC concurrent-mark-end, 0.0162318 secs]
Application time: 0.0165609 seconds
[GC remark, 0.0038292 secs]
Application time: 0.0000610 seconds
[GC cleanup 72M->72M(128M), 0.0003541 secs]
Application time: 0.1181446 seconds
[GC pause (G1 Evacuation Pause) (young) 110M->69M(128M), 0.0012829 secs]
Application time: 0.0715644 seconds
[GC pause (G1 Evacuation Pause) (young) 110M->69M(128M), 0.0010593 secs]
Application time: 0.0472972 seconds
[GC pause (G1 Evacuation Pause) (young) (initial-mark) 110M->69M(128M), 0.0012571 secs]
[GC concurrent-root-region-scan-start]
[GC concurrent-root-region-scan-end, 0.0003295 secs]
[GC concurrent-mark-start]
[GC concurrent-mark-end, 0.0076034 secs]
Application time: 0.0080003 seconds
[GC remark, 0.0034392 secs]
Application time: 0.0012679 seconds
[GC cleanup 73M->73M(128M), 0.0002481 secs]
Application time: 0.0419161 seconds
[GC pause (G1 Evacuation Pause) (young) 110M->69M(128M), 0.0013046 secs]
Application time: 0.0493737 seconds
[GC pause (G1 Evacuation Pause) (young) 110M->69M(128M), 0.0011619 secs]
Application time: 0.0564454 seconds
[GC pause (G1 Evacuation Pause) (young) (initial-mark) 110M->69M(128M), 0.0012521 secs]
[GC concurrent-root-region-scan-start]
[GC concurrent-root-region-scan-end, 0.0001849 secs]
[GC concurrent-mark-start]
[GC concurrent-mark-end, 0.0064163 secs]
Application time: 0.0066764 seconds
[GC remark, 0.0034644 secs]
Application time: 0.0000364 seconds
[GC cleanup 73M->73M(128M), 0.0003141 secs]
Application time: 0.0449991 seconds
[GC pause (G1 Evacuation Pause) (young) 110M->69M(128M), 0.0011745 secs]
Application time: 0.0681425 seconds
[GC pause (G1 Evacuation Pause) (young) 110M->69M(128M), 0.0012688 secs]
Application time: 0.0509722 seconds
[GC pause (G1 Evacuation Pause) (young) (initial-mark) 110M->69M(128M), 0.0012919 secs]
[GC concurrent-root-region-scan-start]
[GC concurrent-root-region-scan-end, 0.0001841 secs]
[GC concurrent-mark-start]
[GC concurrent-mark-end, 0.0065058 secs]
Application time: 0.0067493 seconds
[GC remark, 0.0032250 secs]
Application time: 0.0000554 seconds
[GC cleanup 73M->73M(128M), 0.0002427 secs]
Application time: 0.0606415 seconds
[GC pause (G1 Evacuation Pause) (young) 110M->69M(128M), 0.0011152 secs]
Application time: 0.0936631 seconds
[GC pause (G1 Evacuation Pause) (young) 110M->69M(128M), 0.0009810 secs]
Application time: 0.0776458 seconds
[GC pause (G1 Evacuation Pause) (young) (initial-mark) 110M->69M(128M), 0.0012433 secs]
[GC concurrent-root-region-scan-start]
[GC concurrent-root-region-scan-end, 0.0003200 secs]
[GC concurrent-mark-start]
[GC concurrent-mark-end, 0.0154050 secs]
Application time: 0.0158166 seconds
[GC remark, 0.0034502 secs]
Application time: 0.0015485 seconds
[GC cleanup 75M->75M(128M), 0.0002389 secs]
Application time: 0.0542107 seconds
[GC pause (G1 Evacuation Pause) (young) 110M->69M(128M), 0.0010388 secs]
Application time: 0.0468158 seconds
[GC pause (G1 Evacuation Pause) (young) 110M->69M(128M), 0.0013083 secs]
Application time: 0.0474891 seconds
[GC pause (G1 Evacuation Pause) (young) (initial-mark) 110M->69M(128M), 0.0011681 secs]
[GC concurrent-root-region-scan-start]
[GC concurrent-root-region-scan-end, 0.0002518 secs]
[GC concurrent-mark-start]
[GC concurrent-mark-end, 0.0066440 secs]
Application time: 0.0069568 seconds
[GC remark, 0.0032558 secs]
Application time: 0.0000530 seconds
[GC cleanup 73M->73M(128M), 0.0002325 secs]
Application time: 0.0445683 seconds
[GC pause (G1 Evacuation Pause) (young) 110M->69M(128M), 0.0012774 secs]
Application time: 0.0474905 seconds
[GC pause (G1 Evacuation Pause) (young) 110M->69M(128M), 0.0015117 secs]
Application time: 0.0499681 seconds
[GC pause (G1 Evacuation Pause) (young) (initial-mark) 110M->69M(128M), 0.0014456 secs]
[GC concurrent-root-region-scan-start]
[GC concurrent-root-region-scan-end, 0.0003998 secs]
[GC concurrent-mark-start]
[GC concurrent-mark-end, 0.0074060 secs]
Application time: 0.0078714 seconds
[GC remark, 0.0031308 secs]
Application time: 0.0000573 seconds
[GC cleanup 73M->73M(128M), 0.0004253 secs]
Application time: 0.0457115 seconds
[GC pause (G1 Evacuation Pause) (young) 110M->69M(128M), 0.0013600 secs]
Application time: 0.0546556 seconds
[GC pause (G1 Evacuation Pause) (young) 110M->69M(128M), 0.0010466 secs]
Application time: 0.0719155 seconds
[GC pause (G1 Evacuation Pause) (young) (initial-mark) 110M->69M(128M), 0.0012967 secs]
[GC concurrent-root-region-scan-start]
[GC concurrent-root-region-scan-end, 0.0002910 secs]
[GC concurrent-mark-start]
[GC concurrent-mark-end, 0.0068731 secs]
Application time: 0.0072201 seconds
[GC remark, 0.0033120 secs]
Application time: 0.0000506 seconds
[GC cleanup 73M->73M(128M), 0.0002290 secs]
Application time: 0.0953402 seconds
[GC pause (G1 Evacuation Pause) (young) 110M->69M(128M), 0.0010185 secs]
Application time: 0.0724381 seconds
[GC pause (G1 Evacuation Pause) (young) 110M->69M(128M), 0.0012763 secs]
Application time: 0.0586470 seconds
[GC pause (G1 Evacuation Pause) (young) (initial-mark) 110M->69M(128M), 0.0012462 secs]
[GC concurrent-root-region-scan-start]
[GC concurrent-root-region-scan-end, 0.0002732 secs]
[GC concurrent-mark-start]
[GC concurrent-mark-end, 0.0073559 secs]
Application time: 0.0076916 seconds
[GC remark, 0.0031293 secs]
Application time: 0.0000513 seconds
[GC cleanup 73M->73M(128M), 0.0002185 secs]
Application time: 0.0436489 seconds
[GC pause (G1 Evacuation Pause) (young) 110M->69M(128M), 0.0010602 secs]
Application time: 0.0537588 seconds
[GC pause (G1 Evacuation Pause) (young) 110M->69M(128M), 0.0009842 secs]
Application time: 0.0475752 seconds
[GC pause (G1 Evacuation Pause) (young) (initial-mark) 110M->69M(128M), 0.0009974 secs]
[GC concurrent-root-region-scan-start]
[GC concurrent-root-region-scan-end, 0.0001871 secs]
[GC concurrent-mark-start]
[GC concurrent-mark-end, 0.0082258 secs]
Application time: 0.0084696 seconds
[GC remark, 0.0028540 secs]
Application time: 0.0000392 seconds
[GC cleanup 73M->73M(128M), 0.0001825 secs]
Application time: 0.0520260 seconds
[GC pause (G1 Evacuation Pause) (young) 110M->69M(128M), 0.0010718 secs]
Application time: 0.0484327 seconds
[GC pause (G1 Evacuation Pause) (young) 110M->69M(128M), 0.0009380 secs]
Application time: 0.0506595 seconds
[GC pause (G1 Evacuation Pause) (young) (initial-mark) 110M->69M(128M), 0.0010435 secs]
[GC concurrent-root-region-scan-start]
[GC concurrent-root-region-scan-end, 0.0002022 secs]
[GC concurrent-mark-start]
[GC concurrent-mark-end, 0.0077364 secs]
Application time: 0.0096458 seconds
[GC remark, 0.0028490 secs]
Application time: 0.0004114 seconds
[GC cleanup 73M->73M(128M), 0.0001811 secs]
Application time: 0.0644928 seconds
[GC pause (G1 Evacuation Pause) (young) 110M->69M(128M), 0.0009798 secs]
Application time: 0.0864861 seconds
[GC pause (G1 Evacuation Pause) (young) 110M->69M(128M), 0.0007652 secs]
Application time: 0.0998617 seconds
[GC pause (G1 Evacuation Pause) (young) (initial-mark) 110M->69M(128M), 0.0011492 secs]
[GC concurrent-root-region-scan-start]
[GC concurrent-root-region-scan-end, 0.0001779 secs]
[GC concurrent-mark-start]
[GC concurrent-mark-end, 0.0174004 secs]
Application time: 0.0176342 seconds
[GC remark, 0.0027067 secs]
Application time: 0.0000502 seconds
[GC cleanup 77M->77M(128M), 0.0001881 secs]
Application time: 0.0639136 seconds
[GC pause (G1 Evacuation Pause) (young) 110M->69M(128M), 0.0009136 secs]
Application time: 0.0512202 seconds
[GC pause (G1 Evacuation Pause) (young) 110M->69M(128M), 0.0009434 secs]
Application time: 0.0496331 seconds
[GC pause (G1 Evacuation Pause) (young) (initial-mark) 110M->69M(128M), 0.0010894 secs]
[GC concurrent-root-region-scan-start]
[GC concurrent-root-region-scan-end, 0.0001915 secs]
[GC concurrent-mark-start]
[GC concurrent-mark-end, 0.0075899 secs]
Application time: 0.0078284 seconds
[GC remark, 0.0037988 secs]
Application time: 0.0000390 seconds
[GC cleanup 73M->73M(128M), 0.0002085 secs]
Application time: 0.0430885 seconds
[GC pause (G1 Evacuation Pause) (young) 110M->69M(128M), 0.0009520 secs]
Application time: 0.0614905 seconds
[GC pause (G1 Evacuation Pause) (young) 110M->69M(128M), 0.0009088 secs]
Application time: 0.0522890 seconds
[GC pause (G1 Evacuation Pause) (young) (initial-mark) 110M->69M(128M), 0.0010181 secs]
[GC concurrent-root-region-scan-start]
[GC concurrent-root-region-scan-end, 0.0001831 secs]
[GC concurrent-mark-start]
[GC concurrent-mark-end, 0.0146002 secs]
Application time: 0.0148431 seconds
[GC remark, 0.0027261 secs]
Application time: 0.0014799 seconds
[GC cleanup 78M->78M(128M), 0.0002073 secs]
Application time: 0.0385599 seconds
[GC pause (G1 Evacuation Pause) (young) 110M->69M(128M), 0.0010793 secs]
Application time: 0.0624310 seconds
[GC pause (G1 Evacuation Pause) (young) 110M->69M(128M), 0.0008969 secs]
Application time: 0.0727204 seconds
[GC pause (G1 Evacuation Pause) (young) (initial-mark) 110M->69M(128M), 0.0009240 secs]
[GC concurrent-root-region-scan-start]
[GC concurrent-root-region-scan-end, 0.0001734 secs]
[GC concurrent-mark-start]
[GC concurrent-mark-end, 0.0077807 secs]
Application time: 0.0080083 seconds
[GC remark, 0.0024103 secs]
Application time: 0.0000404 seconds
[GC cleanup 71M->71M(128M), 0.0001709 secs]
Application time: 0.0939962 seconds
[GC pause (G1 Evacuation Pause) (young) 110M->69M(128M), 0.0008669 secs]
Application time: 0.0735522 seconds
[GC pause (G1 Evacuation Pause) (young) 110M->69M(128M), 0.0008564 secs]
Application time: 0.0702041 seconds
[GC pause (G1 Evacuation Pause) (young) (initial-mark) 110M->69M(128M), 0.0016908 secs]
[GC concurrent-root-region-scan-start]
[GC concurrent-root-region-scan-end, 0.0001863 secs]
[GC concurrent-mark-start]
[GC concurrent-mark-end, 0.0156297 secs]
Application time: 0.0158701 seconds
[GC remark, 0.0027292 secs]
Application time: 0.0000545 seconds
[GC cleanup 79M->79M(128M), 0.0002620 secs]
Application time: 0.0388411 seconds
[GC pause (G1 Evacuation Pause) (young) 110M->69M(128M), 0.0008785 secs]
Application time: 0.0496299 seconds
[GC pause (G1 Evacuation Pause) (young) 110M->69M(128M), 0.0010077 secs]
Application time: 0.0501893 seconds
[GC pause (G1 Evacuation Pause) (young) (initial-mark) 110M->69M(128M), 0.0011068 secs]
[GC concurrent-root-region-scan-start]
[GC concurrent-root-region-scan-end, 0.0003060 secs]
[GC concurrent-mark-start]
[GC concurrent-mark-end, 0.0081545 secs]
Application time: 0.0084752 seconds
[GC remark, 0.0040723 secs]
Application time: 0.0000539 seconds
[GC cleanup 73M->73M(128M), 0.0001798 secs]
Application time: 0.0466373 seconds
[GC pause (G1 Evacuation Pause) (young) 110M->69M(128M), 0.0009004 secs]
Application time: 0.0495607 seconds
[GC pause (G1 Evacuation Pause) (young) 110M->69M(128M), 0.0008901 secs]
Application time: 0.0510640 seconds
[GC pause (G1 Evacuation Pause) (young) (initial-mark) 110M->69M(128M), 0.0011039 secs]
[GC concurrent-root-region-scan-start]
[GC concurrent-root-region-scan-end, 0.0001759 secs]
[GC concurrent-mark-start]
[GC concurrent-mark-end, 0.0147789 secs]
Application time: 0.0150414 seconds
[GC remark, 0.0028915 secs]
Application time: 0.0000380 seconds
[GC cleanup 74M->74M(128M), 0.0002048 secs]
Application time: 0.0688850 seconds
[GC pause (G1 Evacuation Pause) (young) 110M->69M(128M), 0.0009361 secs]
Application time: 0.0777044 seconds
[GC pause (G1 Evacuation Pause) (young) 110M->69M(128M), 0.0007886 secs]
Application time: 0.0932889 seconds
[GC pause (G1 Evacuation Pause) (young) (initial-mark) 110M->69M(128M), 0.0010843 secs]
[GC concurrent-root-region-scan-start]
[GC concurrent-root-region-scan-end, 0.0002542 secs]
[GC concurrent-mark-start]
[GC concurrent-mark-end, 0.0072542 secs]
Application time: 0.0075005 seconds
[GC remark, 0.0028498 secs]
Application time: 0.0000544 seconds
[GC cleanup 71M->71M(128M), 0.0001963 secs]
Application time: 0.0818455 seconds
[GC pause (G1 Evacuation Pause) (young) 110M->69M(128M), 0.0010195 secs]
Application time: 0.0629860 seconds
[GC pause (G1 Evacuation Pause) (young) 110M->69M(128M), 0.0008708 secs]
Application time: 0.0499582 seconds
[GC pause (G1 Evacuation Pause) (young) (initial-mark) 110M->69M(128M), 0.0010526 secs]
[GC concurrent-root-region-scan-start]
[GC concurrent-root-region-scan-end, 0.0001974 secs]
[GC concurrent-mark-start]
[GC concurrent-mark-end, 0.0077895 secs]
Application time: 0.0080472 seconds
[GC remark, 0.0026403 secs]
Application time: 0.0000327 seconds
[GC cleanup 73M->73M(128M), 0.0002090 secs]
Application time: 0.0470849 seconds
[GC pause (G1 Evacuation Pause) (young) 110M->69M(128M), 0.0009846 secs]
Application time: 0.0564754 seconds
[GC pause (G1 Evacuation Pause) (young) 110M->69M(128M), 0.0009701 secs]
Application time: 0.0499971 seconds
[GC pause (G1 Evacuation Pause) (young) (initial-mark) 110M->69M(128M), 0.0022678 secs]
[GC concurrent-root-region-scan-start]
[GC concurrent-root-region-scan-end, 0.0002153 secs]
[GC concurrent-mark-start]
[GC concurrent-mark-end, 0.0077480 secs]
Application time: 0.0079709 seconds
[GC remark, 0.0027206 secs]
Application time: 0.0000549 seconds
[GC cleanup 70M->70M(128M), 0.0002120 secs]
Application time: 0.0519483 seconds
[GC pause (G1 Evacuation Pause) (young) 110M->69M(128M), 0.0007745 secs]
Application time: 0.0685929 seconds
[GC pause (G1 Evacuation Pause) (young) 110M->69M(128M), 0.0011881 secs]
Application time: 0.0766832 seconds
[GC pause (G1 Evacuation Pause) (young) (initial-mark) 110M->69M(128M), 0.0012576 secs]
[GC concurrent-root-region-scan-start]
[GC concurrent-root-region-scan-end, 0.0002135 secs]
[GC concurrent-mark-start]
[GC concurrent-mark-end, 0.0076372 secs]
Application time: 0.0078587 seconds
[GC remark, 0.0032028 secs]
Application time: 0.0000301 seconds
[GC cleanup 70M->70M(128M), 0.0002213 secs]
Application time: 0.0804493 seconds
[GC pause (G1 Evacuation Pause) (young) 110M->69M(128M), 0.0011307 secs]
Application time: 0.0702768 seconds
[GC pause (G1 Evacuation Pause) (young) 110M->69M(128M), 0.0011239 secs]
Application time: 0.0705566 seconds
[GC pause (G1 Evacuation Pause) (young) (initial-mark) 110M->69M(128M), 0.0012478 secs]
[GC concurrent-root-region-scan-start]
[GC concurrent-root-region-scan-end, 0.0003043 secs]
[GC concurrent-mark-start]
[GC concurrent-mark-end, 0.0071846 secs]
Application time: 0.0075509 seconds
[GC remark, 0.0030474 secs]
Application time: 0.0000303 seconds
[GC cleanup 73M->73M(128M), 0.0002099 secs]
Application time: 0.0545654 seconds
[GC pause (G1 Evacuation Pause) (young) 110M->69M(128M), 0.0011931 secs]
Application time: 0.0470761 seconds
[GC pause (G1 Evacuation Pause) (young) 110M->69M(128M), 0.0011120 secs]
Application time: 0.0467782 seconds
[GC pause (G1 Evacuation Pause) (young) (initial-mark) 110M->69M(128M), 0.0011698 secs]
[GC concurrent-root-region-scan-start]
[GC concurrent-root-region-scan-end, 0.0001989 secs]
[GC concurrent-mark-start]
[GC concurrent-mark-end, 0.0074289 secs]
Application time: 0.0077137 seconds
[GC remark, 0.0032864 secs]
Application time: 0.0000351 seconds
[GC cleanup 73M->73M(128M), 0.0002493 secs]
Application time: 0.0442587 seconds
[GC pause (G1 Evacuation Pause) (young) 110M->69M(128M), 0.0011323 secs]
Application time: 0.0471198 seconds
[GC pause (G1 Evacuation Pause) (young) 110M->69M(128M), 0.0011161 secs]
Application time: 0.0570651 seconds
[GC pause (G1 Evacuation Pause) (young) (initial-mark) 110M->69M(128M), 0.0012775 secs]
[GC concurrent-root-region-scan-start]
[GC concurrent-root-region-scan-end, 0.0001962 secs]
[GC concurrent-mark-start]
[GC concurrent-mark-end, 0.0077839 secs]
Application time: 0.0079811 seconds
[GC remark, 0.0031587 secs]
Application time: 0.0000526 seconds
[GC cleanup 70M->70M(128M), 0.0002298 secs]
Application time: 0.0689784 seconds
[GC pause (G1 Evacuation Pause) (young) 110M->69M(128M), 0.0010995 secs]
Application time: 0.0717071 seconds
[GC pause (G1 Evacuation Pause) (young) 110M->69M(128M), 0.0012265 secs]
Application time: 0.0451074 seconds
[GC pause (G1 Evacuation Pause) (young) (initial-mark) 110M->69M(128M), 0.0012292 secs]
[GC concurrent-root-region-scan-start]
[GC concurrent-root-region-scan-end, 0.0002345 secs]
[GC concurrent-mark-start]
[GC concurrent-mark-end, 0.0071371 secs]
Application time: 0.0074507 seconds
[GC remark, 0.0031870 secs]
Application time: 0.0000335 seconds
[GC cleanup 73M->73M(128M), 0.0002606 secs]
Application time: 0.0622653 seconds
[GC pause (G1 Evacuation Pause) (young) 110M->69M(128M), 0.0012018 secs]
Application time: 0.0709800 seconds
[GC pause (G1 Evacuation Pause) (young) 110M->69M(128M), 0.0011563 secs]
Application time: 0.0582909 seconds
[GC pause (G1 Evacuation Pause) (young) (initial-mark) 110M->69M(128M), 0.0012536 secs]
[GC concurrent-root-region-scan-start]
[GC concurrent-root-region-scan-end, 0.0002876 secs]
[GC concurrent-mark-start]
[GC concurrent-mark-end, 0.0096461 secs]
Application time: 0.0099348 seconds
[GC remark, 0.0032979 secs]
Application time: 0.0000299 seconds
[GC cleanup 72M->72M(128M), 0.0002597 secs]
Application time: 0.0427592 seconds
[GC pause (G1 Evacuation Pause) (young) 110M->69M(128M), 0.0011009 secs]
Application time: 0.0450875 seconds
[GC pause (G1 Evacuation Pause) (young) 110M->69M(128M), 0.0012120 secs]
Application time: 0.0444740 seconds
[GC pause (G1 Evacuation Pause) (young) (initial-mark) 110M->69M(128M), 0.0013759 secs]
[GC concurrent-root-region-scan-start]
[GC concurrent-root-region-scan-end, 0.0002372 secs]
[GC concurrent-mark-start]
[GC concurrent-mark-end, 0.0068169 secs]
Application time: 0.0071377 seconds
[GC remark, 0.0030454 secs]
Application time: 0.0000391 seconds
[GC cleanup 72M->72M(128M), 0.0002224 secs]
Application time: 0.0448554 seconds
[GC pause (G1 Evacuation Pause) (young) 110M->69M(128M), 0.0010669 secs]
Application time: 0.0793157 seconds
[GC pause (G1 Evacuation Pause) (young) 110M->69M(128M), 0.0011137 secs]
Application time: 0.0655392 seconds
[GC pause (G1 Evacuation Pause) (young) (initial-mark) 110M->69M(128M), 0.0011807 secs]
[GC concurrent-root-region-scan-start]
[GC concurrent-root-region-scan-end, 0.0003642 secs]
[GC concurrent-mark-start]
[GC concurrent-mark-end, 0.0148188 secs]
Application time: 0.0152541 seconds
[GC remark, 0.0030852 secs]
Application time: 0.0000303 seconds
[GC cleanup 75M->75M(128M), 0.0002243 secs]
Application time: 0.0453679 seconds
[GC pause (G1 Evacuation Pause) (young) 110M->69M(128M), 0.0011210 secs]
Application time: 0.0503368 seconds
[GC pause (G1 Evacuation Pause) (young) 110M->69M(128M), 0.0010451 secs]
Application time: 0.0650211 seconds
[GC pause (G1 Evacuation Pause) (young) (initial-mark) 110M->69M(128M), 0.0012367 secs]
[GC concurrent-root-region-scan-start]
[GC concurrent-root-region-scan-end, 0.0002994 secs]
[GC concurrent-mark-start]
[GC concurrent-mark-end, 0.0094655 secs]
Application time: 0.0098322 seconds
[GC remark, 0.0030615 secs]
Application time: 0.0000278 seconds
[GC cleanup 72M->72M(128M), 0.0002502 secs]
Application time: 0.0623034 seconds
[GC pause (G1 Evacuation Pause) (young) 110M->69M(128M), 0.0011249 secs]
Application time: 0.0575048 seconds
[GC pause (G1 Evacuation Pause) (young) 110M->69M(128M), 0.0010742 secs]
Application time: 0.0446764 seconds
[GC pause (G1 Evacuation Pause) (young) (initial-mark) 110M->69M(128M), 0.0011447 secs]
[GC concurrent-root-region-scan-start]
[GC concurrent-root-region-scan-end, 0.0002008 secs]
[GC concurrent-mark-start]
[GC concurrent-mark-end, 0.0071584 secs]
Application time: 0.0073535 seconds
[GC remark, 0.0032018 secs]
Application time: 0.0000429 seconds
[GC cleanup 71M->71M(128M), 0.0002366 secs]
Application time: 0.0532543 seconds
[GC pause (G1 Evacuation Pause) (young) 110M->69M(128M), 0.0011641 secs]
Application time: 0.0471922 seconds
[GC pause (G1 Evacuation Pause) (young) 110M->69M(128M), 0.0011391 secs]
Application time: 0.0567808 seconds
[GC pause (G1 Evacuation Pause) (young) (initial-mark) 110M->69M(128M), 0.0012018 secs]
[GC concurrent-root-region-scan-start]
[GC concurrent-root-region-scan-end, 0.0001969 secs]
[GC concurrent-mark-start]
[GC concurrent-mark-end, 0.0155853 secs]
Application time: 0.0158424 seconds
[GC remark, 0.0032584 secs]
Application time: 0.0000425 seconds
[GC cleanup 77M->77M(128M), 0.0002389 secs]
Application time: 0.0575723 seconds
[GC pause (G1 Evacuation Pause) (young) 110M->69M(128M), 0.0011965 secs]
Application time: 0.0694096 seconds
[GC pause (G1 Evacuation Pause) (young) 110M->69M(128M), 0.0012301 secs]
Application time: 0.0475235 seconds
[GC pause (G1 Evacuation Pause) (young) (initial-mark) 110M->69M(128M), 0.0013608 secs]
[GC concurrent-root-region-scan-start]
[GC concurrent-root-region-scan-end, 0.0002637 secs]
[GC concurrent-mark-start]
[GC concurrent-mark-end, 0.0071882 secs]
Application time: 0.0074570 seconds
[GC remark, 0.0035807 secs]
Application time: 0.0000299 seconds
[GC cleanup 71M->71M(128M), 0.0002658 secs]
Application time: 0.0611492 seconds
[GC pause (G1 Evacuation Pause) (young) 110M->69M(128M), 0.0011472 secs]
Application time: 0.0699992 seconds
[GC pause (G1 Evacuation Pause) (young) 110M->69M(128M), 0.0011687 secs]
Application time: 0.0651526 seconds
[GC pause (G1 Evacuation Pause) (young) (initial-mark) 110M->69M(128M), 0.0013082 secs]
[GC concurrent-root-region-scan-start]
[GC concurrent-root-region-scan-end, 0.0003228 secs]
[GC concurrent-mark-start]
[GC concurrent-mark-end, 0.0159815 secs]
Application time: 0.0163822 seconds
[GC remark, 0.0031066 secs]
Application time: 0.0000403 seconds
[GC cleanup 80M->80M(128M), 0.0002194 secs]
Application time: 0.0433794 seconds
[GC pause (G1 Evacuation Pause) (young) 110M->69M(128M), 0.0010688 secs]
Application time: 0.0453359 seconds
[GC pause (G1 Evacuation Pause) (young) 110M->69M(128M), 0.0012085 secs]
Application time: 0.0448570 seconds
[GC pause (G1 Evacuation Pause) (young) (initial-mark) 110M->69M(128M), 0.0013930 secs]
[GC concurrent-root-region-scan-start]
[GC concurrent-root-region-scan-end, 0.0002173 secs]
[GC concurrent-mark-start]
[GC concurrent-mark-end, 0.0099175 secs]
Application time: 0.0102584 seconds
[GC remark, 0.0038184 secs]
Application time: 0.0000457 seconds
[GC cleanup 75M->75M(128M), 0.0003502 secs]
Application time: 0.0427506 seconds
[GC pause (G1 Evacuation Pause) (young) 110M->69M(128M), 0.0010202 secs]
Application time: 0.0684023 seconds
[GC pause (G1 Evacuation Pause) (young) 110M->70M(128M), 0.0012660 secs]
Application time: 0.0721957 seconds
[GC pause (G1 Evacuation Pause) (young) (initial-mark) 111M->69M(128M), 0.0013525 secs]
[GC concurrent-root-region-scan-start]
[GC concurrent-root-region-scan-end, 0.0002377 secs]
[GC concurrent-mark-start]
[GC concurrent-mark-end, 0.0069966 secs]
Application time: 0.0073076 seconds
[GC remark, 0.0033028 secs]
Application time: 0.0000508 seconds
[GC cleanup 72M->72M(128M), 0.0002607 secs]
Application time: 0.0583402 seconds
[GC pause (G1 Evacuation Pause) (young) 110M->69M(128M), 0.0011157 secs]
Application time: 0.0476597 seconds
[GC pause (G1 Evacuation Pause) (young) 110M->69M(128M), 0.0013306 secs]
Application time: 0.0646837 seconds
[GC pause (G1 Evacuation Pause) (young) (initial-mark) 110M->69M(128M), 0.0011347 secs]
[GC concurrent-root-region-scan-start]
[GC concurrent-root-region-scan-end, 0.0002063 secs]
[GC concurrent-mark-start]
[GC concurrent-mark-end, 0.0141882 secs]
Application time: 0.0144745 seconds
[GC remark, 0.0030783 secs]
Application time: 0.0000491 seconds
[GC cleanup 75M->75M(128M), 0.0002514 secs]
Application time: 0.0575351 seconds
[GC pause (G1 Evacuation Pause) (young) 110M->69M(128M), 0.0011590 secs]
Application time: 0.0561994 seconds
[GC pause (G1 Evacuation Pause) (young) 110M->69M(128M), 0.0010645 secs]
Application time: 0.0437766 seconds
[GC pause (G1 Evacuation Pause) (young) (initial-mark) 110M->69M(128M), 0.0012275 secs]
[GC concurrent-root-region-scan-start]
[GC concurrent-root-region-scan-end, 0.0002814 secs]
[GC concurrent-mark-start]
[GC concurrent-mark-end, 0.0069708 secs]
Application time: 0.0073228 seconds
[GC remark, 0.0029547 secs]
Application time: 0.0000434 seconds
[GC cleanup 73M->73M(128M), 0.0002653 secs]
Application time: 0.0411429 seconds
[GC pause (G1 Evacuation Pause) (young) 110M->69M(128M), 0.0012280 secs]
Application time: 0.0435069 seconds
[GC pause (G1 Evacuation Pause) (young) 110M->70M(128M), 0.0012231 secs]
Application time: 0.0524615 seconds
[GC pause (G1 Evacuation Pause) (young) (initial-mark) 111M->69M(128M), 0.0013066 secs]
[GC concurrent-root-region-scan-start]
[GC concurrent-root-region-scan-end, 0.0002856 secs]
[GC concurrent-mark-start]
[GC concurrent-mark-end, 0.0066835 secs]
Application time: 0.0069687 seconds
[GC remark, 0.0033191 secs]
Application time: 0.0000397 seconds
[GC cleanup 73M->73M(128M), 0.0002319 secs]
Application time: 0.0657525 seconds
[GC pause (G1 Evacuation Pause) (young) 110M->69M(128M), 0.0010608 secs]
Application time: 0.0681294 seconds
[GC pause (G1 Evacuation Pause) (young) 110M->69M(128M), 0.0012515 secs]
Application time: 0.0504000 seconds
[GC pause (G1 Evacuation Pause) (young) (initial-mark) 110M->69M(128M), 0.0012783 secs]
[GC concurrent-root-region-scan-start]
[GC concurrent-root-region-scan-end, 0.0002629 secs]
[GC concurrent-mark-start]
[GC concurrent-mark-end, 0.0152151 secs]
Application time: 0.0154791 seconds
[GC remark, 0.0031394 secs]
Application time: 0.0000296 seconds
[GC cleanup 79M->79M(128M), 0.0002415 secs]
Application time: 0.0440358 seconds
[GC pause (G1 Evacuation Pause) (young) 110M->69M(128M), 0.0010463 secs]
Application time: 0.0692723 seconds
[GC pause (G1 Evacuation Pause) (young) 110M->69M(128M), 0.0011669 secs]
Application time: 0.0660913 seconds
[GC pause (G1 Evacuation Pause) (young) (initial-mark) 110M->69M(128M), 0.0010937 secs]
[GC concurrent-root-region-scan-start]
[GC concurrent-root-region-scan-end, 0.0002516 secs]
[GC concurrent-mark-start]
[GC concurrent-mark-end, 0.0098347 secs]
Application time: 0.0100921 seconds
[GC remark, 0.0034882 secs]
Application time: 0.0000431 seconds
[GC cleanup 74M->74M(128M), 0.0002195 secs]
Application time: 0.0406331 seconds
[GC pause (G1 Evacuation Pause) (young) 110M->69M(128M), 0.0012034 secs]
Application time: 0.0446288 seconds
[GC pause (G1 Evacuation Pause) (young) 110M->69M(128M), 0.0010447 secs]
Application time: 0.0456358 seconds
[GC pause (G1 Evacuation Pause) (young) (initial-mark) 110M->69M(128M), 0.0012929 secs]
[GC concurrent-root-region-scan-start]
[GC concurrent-root-region-scan-end, 0.0001921 secs]
[GC concurrent-mark-start]
[GC concurrent-mark-end, 0.0066475 secs]
Application time: 0.0068551 seconds
[GC remark, 0.0035375 secs]
Application time: 0.0000369 seconds
[GC cleanup 70M->70M(128M), 0.0002435 secs]
Application time: 0.0522320 seconds
[GC pause (G1 Evacuation Pause) (young) 110M->69M(128M), 0.0011883 secs]
Application time: 0.0568855 seconds
[GC pause (G1 Evacuation Pause) (young) 110M->69M(128M), 0.0011464 secs]
Application time: 0.0664457 seconds
[GC pause (G1 Evacuation Pause) (young) (initial-mark) 110M->69M(128M), 0.0012118 secs]
[GC concurrent-root-region-scan-start]
[GC concurrent-root-region-scan-end, 0.0002045 secs]
[GC concurrent-mark-start]
[GC concurrent-mark-end, 0.0073094 secs]
Application time: 0.0075081 seconds
[GC remark, 0.0038309 secs]
Application time: 0.0006755 seconds
[GC cleanup 71M->71M(128M), 0.0003409 secs]
Application time: 0.0626345 seconds
[GC pause (G1 Evacuation Pause) (young) 110M->69M(128M), 0.0011908 secs]
Application time: 0.0455203 seconds
[GC pause (G1 Evacuation Pause) (young) 110M->70M(128M), 0.0012103 secs]
Application time: 0.0673765 seconds
[GC pause (G1 Evacuation Pause) (young) (initial-mark) 111M->70M(128M), 0.0013270 secs]
[GC concurrent-root-region-scan-start]
[GC concurrent-root-region-scan-end, 0.0003162 secs]
[GC concurrent-mark-start]
[GC concurrent-mark-end, 0.0069105 secs]
Application time: 0.0072979 seconds
[GC remark, 0.0032772 secs]
Application time: 0.0000475 seconds
[GC cleanup 71M->71M(128M), 0.0002274 secs]
Application time: 0.0705713 seconds
[GC pause (G1 Evacuation Pause) (young) 111M->69M(128M), 0.0011816 secs]
Application time: 0.0600621 seconds
[GC pause (G1 Evacuation Pause) (young) 110M->70M(128M), 0.0010717 secs]
Application time: 0.0457107 seconds
[GC pause (G1 Evacuation Pause) (young) (initial-mark) 111M->69M(128M), 0.0013487 secs]
[GC concurrent-root-region-scan-start]
[GC concurrent-root-region-scan-end, 0.0002978 secs]
[GC concurrent-mark-start]
[GC concurrent-mark-end, 0.0069314 secs]
Application time: 0.0072986 seconds
[GC remark, 0.0033365 secs]
Application time: 0.0000464 seconds
[GC cleanup 73M->73M(128M), 0.0001976 secs]
Application time: 0.0422326 seconds
[GC pause (G1 Evacuation Pause) (young) 110M->70M(128M), 0.0011065 secs]
Application time: 0.0455124 seconds
[GC pause (G1 Evacuation Pause) (young) 111M->70M(128M), 0.0010905 secs]
Application time: 0.0464888 seconds
[GC pause (G1 Evacuation Pause) (young) (initial-mark) 111M->69M(128M), 0.0013192 secs]
[GC concurrent-root-region-scan-start]
[GC concurrent-root-region-scan-end, 0.0001658 secs]
[GC concurrent-mark-start]
[GC concurrent-mark-end, 0.0067666 secs]
Application time: 0.0070139 seconds
[GC remark, 0.0032084 secs]
Application time: 0.0000482 seconds
[GC cleanup 73M->73M(128M), 0.0002311 secs]
Application time: 0.0722734 seconds
[GC pause (G1 Evacuation Pause) (young) 110M->69M(128M), 0.0012453 secs]
Application time: 0.0695241 seconds
[GC pause (G1 Evacuation Pause) (young) 110M->69M(128M), 0.0011808 secs]
Application time: 0.0611383 seconds
[GC pause (G1 Evacuation Pause) (young) (initial-mark) 110M->70M(128M), 0.0013426 secs]
[GC concurrent-root-region-scan-start]
[GC concurrent-root-region-scan-end, 0.0003084 secs]
[GC concurrent-mark-start]
[GC concurrent-mark-end, 0.0069250 secs]
Application time: 0.0073115 seconds
[GC remark, 0.0029606 secs]
Application time: 0.0000496 seconds
[GC cleanup 73M->73M(128M), 0.0002516 secs]
Application time: 0.0548562 seconds
[GC pause (G1 Evacuation Pause) (young) 111M->69M(128M), 0.0011957 secs]
Application time: 0.0682013 seconds
[GC pause (G1 Evacuation Pause) (young) 110M->69M(128M), 0.0011612 secs]
Application time: 0.0655219 seconds
[GC pause (G1 Evacuation Pause) (young) (initial-mark) 110M->70M(128M), 0.0012306 secs]
[GC concurrent-root-region-scan-start]
[GC concurrent-root-region-scan-end, 0.0003168 secs]
[GC concurrent-mark-start]
[GC concurrent-mark-end, 0.0143498 secs]
Application time: 0.0147587 seconds
[GC remark, 0.0032773 secs]
Application time: 0.0000493 seconds
[GC cleanup 75M->75M(128M), 0.0002144 secs]
Application time: 0.0403006 seconds
[GC pause (G1 Evacuation Pause) (young) 111M->70M(128M), 0.0012268 secs]
Application time: 0.0445189 seconds
[GC pause (G1 Evacuation Pause) (young) 111M->70M(128M), 0.0011796 secs]
Application time: 0.0447011 seconds
[GC pause (G1 Evacuation Pause) (young) (initial-mark) 111M->70M(128M), 0.0012172 secs]
[GC concurrent-root-region-scan-start]
[GC concurrent-root-region-scan-end, 0.0003326 secs]
[GC concurrent-mark-start]
[GC concurrent-mark-end, 0.0129654 secs]
Application time: 0.0133711 seconds
[GC remark, 0.0034659 secs]
Application time: 0.0000523 seconds
[GC cleanup 78M->78M(128M), 0.0002456 secs]
Application time: 0.0362649 seconds
[GC pause (G1 Evacuation Pause) (young) 111M->70M(128M), 0.0010834 secs]
Application time: 0.0547865 seconds
[GC pause (G1 Evacuation Pause) (young) 111M->69M(128M), 0.0011696 secs]
Application time: 0.0679936 seconds
[GC pause (G1 Evacuation Pause) (young) (initial-mark) 110M->69M(128M), 0.0011978 secs]
[GC concurrent-root-region-scan-start]
[GC concurrent-root-region-scan-end, 0.0002804 secs]
[GC concurrent-mark-start]
[GC concurrent-mark-end, 0.0067730 secs]
Application time: 0.0071167 seconds
[GC remark, 0.0030857 secs]
Application time: 0.0000465 seconds
[GC cleanup 71M->71M(128M), 0.0002347 secs]
Application time: 0.0698962 seconds
[GC pause (G1 Evacuation Pause) (young) 110M->69M(128M), 0.0010935 secs]
Application time: 0.0484582 seconds
[GC pause (G1 Evacuation Pause) (young) 110M->69M(128M), 0.0009950 secs]
Application time: 0.0584468 seconds
[GC pause (G1 Evacuation Pause) (young) (initial-mark) 110M->69M(128M), 0.0012552 secs]
[GC concurrent-root-region-scan-start]
[GC concurrent-root-region-scan-end, 0.0003324 secs]
[GC concurrent-mark-start]
[GC concurrent-mark-end, 0.0068997 secs]
Application time: 0.0072883 seconds
[GC remark, 0.0030164 secs]
Application time: 0.0000479 seconds
[GC cleanup 71M->71M(128M), 0.0003516 secs]
Application time: 0.0652728 seconds
[GC pause (G1 Evacuation Pause) (young) 110M->69M(128M), 0.0010629 secs]
Application time: 0.0623638 seconds
[GC pause (G1 Evacuation Pause) (young) 110M->69M(128M), 0.0011883 secs]
Application time: 0.0449615 seconds
[GC pause (G1 Evacuation Pause) (young) (initial-mark) 110M->70M(128M), 0.0012318 secs]
[GC concurrent-root-region-scan-start]
[GC concurrent-root-region-scan-end, 0.0002691 secs]
[GC concurrent-mark-start]
[GC concurrent-mark-end, 0.0069021 secs]
Application time: 0.0072460 seconds
[GC remark, 0.0031681 secs]
Application time: 0.0000578 seconds
[GC cleanup 73M->73M(128M), 0.0003088 secs]
Application time: 0.0424684 seconds
[GC pause (G1 Evacuation Pause) (young) 111M->69M(128M), 0.0011274 secs]
Application time: 0.0462180 seconds
[GC pause (G1 Evacuation Pause) (young) 110M->70M(128M), 0.0011106 secs]
Application time: 0.0443684 seconds
[GC pause (G1 Evacuation Pause) (young) (initial-mark) 111M->70M(128M), 0.0013904 secs]
[GC concurrent-root-region-scan-start]
[GC concurrent-root-region-scan-end, 0.0002370 secs]
[GC concurrent-mark-start]
[GC concurrent-mark-end, 0.0068389 secs]
Application time: 0.0071754 seconds
[GC remark, 0.0031719 secs]
Application time: 0.0000446 seconds
[GC cleanup 73M->73M(128M), 0.0002368 secs]
Application time: 0.0631516 seconds
[GC pause (G1 Evacuation Pause) (young) 111M->70M(128M), 0.0011124 secs]
Application time: 0.0649199 seconds
[GC pause (G1 Evacuation Pause) (young) 111M->70M(128M), 0.0010748 secs]
Application time: 0.0591502 seconds
[GC pause (G1 Evacuation Pause) (young) (initial-mark) 111M->69M(128M), 0.0012484 secs]
[GC concurrent-root-region-scan-start]
[GC concurrent-root-region-scan-end, 0.0002567 secs]
[GC concurrent-mark-start]
[GC concurrent-mark-end, 0.0066832 secs]
Application time: 0.0084770 seconds
[GC remark, 0.0031928 secs]
Application time: 0.0000486 seconds
[GC cleanup 74M->74M(128M), 0.0003308 secs]
Application time: 0.0447767 seconds
[GC pause (G1 Evacuation Pause) (young) 110M->69M(128M), 0.0012315 secs]
Application time: 0.0675457 seconds
[GC pause (G1 Evacuation Pause) (young) 110M->70M(128M), 0.0012184 secs]
Application time: 0.0674524 seconds
[GC pause (G1 Evacuation Pause) (young) (initial-mark) 111M->70M(128M), 0.0012287 secs]
[GC concurrent-root-region-scan-start]
[GC concurrent-root-region-scan-end, 0.0001553 secs]
[GC concurrent-mark-start]
[GC concurrent-mark-end, 0.0067552 secs]
Application time: 0.0069884 seconds
[GC remark, 0.0031009 secs]
Application time: 0.0000530 seconds
[GC cleanup 73M->73M(128M), 0.0002259 secs]
Application time: 0.0524207 seconds
[GC pause (G1 Evacuation Pause) (young) 111M->70M(128M), 0.0016824 secs]
Application time: 0.0433449 seconds
[GC pause (G1 Evacuation Pause) (young) 111M->69M(128M), 0.0014188 secs]
Application time: 0.0449031 seconds
[GC pause (G1 Evacuation Pause) (young) (initial-mark) 110M->70M(128M), 0.0017527 secs]
[GC concurrent-root-region-scan-start]
[GC concurrent-root-region-scan-end, 0.0002748 secs]
[GC concurrent-mark-start]
[GC concurrent-mark-end, 0.0067534 secs]
Application time: 0.0070259 seconds
[GC remark, 0.0046830 secs]
Application time: 0.0000458 seconds
[GC cleanup 72M->72M(128M), 0.0003371 secs]
Application time: 0.0422145 seconds
[GC pause (G1 Evacuation Pause) (young) 111M->70M(128M), 0.0011157 secs]
Application time: 0.0524033 seconds
[GC pause (G1 Evacuation Pause) (young) 111M->70M(128M), 0.0011823 secs]
Application time: 0.0641261 seconds
[GC pause (G1 Evacuation Pause) (young) (initial-mark) 111M->70M(128M), 0.0012585 secs]
[GC concurrent-root-region-scan-start]
[GC concurrent-root-region-scan-end, 0.0002960 secs]
[GC concurrent-mark-start]
[GC concurrent-mark-end, 0.0090079 secs]
Application time: 0.0093100 seconds
[GC remark, 0.0030908 secs]
Application time: 0.0000426 seconds
[GC cleanup 70M->70M(128M), 0.0002229 secs]
Application time: 0.0669083 seconds
[GC pause (G1 Evacuation Pause) (young) 111M->70M(128M), 0.0011004 secs]
Application time: 0.0479965 seconds
[GC pause (G1 Evacuation Pause) (young) 111M->70M(128M), 0.0011388 secs]
Application time: 0.0629737 seconds
[GC pause (G1 Evacuation Pause) (young) (initial-mark) 111M->70M(128M), 0.0012062 secs]
[GC concurrent-root-region-scan-start]
[GC concurrent-root-region-scan-end, 0.0002430 secs]
[GC concurrent-mark-start]
[GC concurrent-mark-end, 0.0132813 secs]
Application time: 0.0135901 seconds
[GC remark, 0.0033328 secs]
Application time: 0.0000328 seconds
[GC cleanup 76M->76M(128M), 0.0002860 secs]
Application time: 0.0569527 seconds
[GC pause (G1 Evacuation Pause) (young) 111M->70M(128M), 0.0010431 secs]
Application time: 0.0690563 seconds
[GC pause (G1 Evacuation Pause) (young) 111M->70M(128M), 0.0011433 secs]
Application time: 0.0492025 seconds
[GC pause (G1 Evacuation Pause) (young) (initial-mark) 111M->70M(128M), 0.0012391 secs]
[GC concurrent-root-region-scan-start]
[GC concurrent-root-region-scan-end, 0.0001859 secs]
[GC concurrent-mark-start]
[GC concurrent-mark-end, 0.0066665 secs]
Application time: 0.0069168 seconds
[GC remark, 0.0030301 secs]
Application time: 0.0000291 seconds
[GC cleanup 73M->73M(128M), 0.0002194 secs]
Application time: 0.0397576 seconds
[GC pause (G1 Evacuation Pause) (young) 111M->70M(128M), 0.0010755 secs]
Application time: 0.0427716 seconds
[GC pause (G1 Evacuation Pause) (young) 111M->70M(128M), 0.0011832 secs]
Application time: 0.0436057 seconds
[GC pause (G1 Evacuation Pause) (young) (initial-mark) 111M->70M(128M), 0.0012230 secs]
[GC concurrent-root-region-scan-start]
[GC concurrent-root-region-scan-end, 0.0001945 secs]
[GC concurrent-mark-start]
[GC concurrent-mark-end, 0.0073090 secs]
Application time: 0.0075711 seconds
[GC remark, 0.0031186 secs]
Application time: 0.0000288 seconds
[GC cleanup 71M->71M(128M), 0.0002228 secs]
Application time: 0.0630288 seconds
[GC pause (G1 Evacuation Pause) (young) 111M->70M(128M), 0.0010397 secs]
Application time: 0.0822035 seconds
[GC pause (G1 Evacuation Pause) (young) 111M->69M(128M), 0.0010105 secs]
Application time: 0.0535283 seconds
[GC pause (G1 Evacuation Pause) (young) (initial-mark) 110M->70M(128M), 0.0012671 secs]
[GC concurrent-root-region-scan-start]
[GC concurrent-root-region-scan-end, 0.0002408 secs]
[GC concurrent-mark-start]
[GC concurrent-mark-end, 0.0068898 secs]
Application time: 0.0072000 seconds
[GC remark, 0.0033550 secs]
Application time: 0.0000372 seconds
[GC cleanup 73M->73M(128M), 0.0002173 secs]
Application time: 0.0509472 seconds
[GC pause (G1 Evacuation Pause) (young) 111M->70M(128M), 0.0011778 secs]
Application time: 0.0556624 seconds
[GC pause (G1 Evacuation Pause) (young) 111M->70M(128M), 0.0010868 secs]
Application time: 0.0660601 seconds
[GC pause (G1 Evacuation Pause) (young) (initial-mark) 111M->70M(128M), 0.0012782 secs]
[GC concurrent-root-region-scan-start]
[GC concurrent-root-region-scan-end, 0.0001745 secs]
[GC concurrent-mark-start]
[GC concurrent-mark-end, 0.0071012 secs]
Application time: 0.0073431 seconds
[GC remark, 0.0033114 secs]
Application time: 0.0000390 seconds
[GC cleanup 73M->73M(128M), 0.0002377 secs]
Application time: 0.0649111 seconds
[GC pause (G1 Evacuation Pause) (young) 111M->70M(128M), 0.0011343 secs]
Application time: 0.0431901 seconds
[GC pause (G1 Evacuation Pause) (young) 111M->70M(128M), 0.0010477 secs]
Application time: 0.0433127 seconds
[GC pause (G1 Evacuation Pause) (young) (initial-mark) 111M->70M(128M), 0.0012012 secs]
[GC concurrent-root-region-scan-start]
[GC concurrent-root-region-scan-end, 0.0002414 secs]
[GC concurrent-mark-start]
[GC concurrent-mark-end, 0.0124168 secs]
Application time: 0.0126724 seconds
[GC remark, 0.0040639 secs]
Application time: 0.0000509 seconds
[GC cleanup 73M->73M(128M), 0.0003614 secs]
Application time: 0.0564681 seconds
[GC pause (G1 Evacuation Pause) (young) 111M->70M(128M), 0.0012508 secs]
Application time: 0.0671903 seconds
[GC pause (G1 Evacuation Pause) (young) 111M->70M(128M), 0.0012466 secs]
Application time: 0.0700782 seconds
[GC pause (G1 Evacuation Pause) (young) (initial-mark) 111M->70M(128M), 0.0012417 secs]
[GC concurrent-root-region-scan-start]
[GC concurrent-root-region-scan-end, 0.0002411 secs]
[GC concurrent-mark-start]
[GC concurrent-mark-end, 0.0073438 secs]
Application time: 0.0076793 seconds
[GC remark, 0.0031652 secs]
Application time: 0.0000329 seconds
[GC cleanup 70M->70M(128M), 0.0002314 secs]
Application time: 0.0671392 seconds
[GC pause (G1 Evacuation Pause) (young) 111M->70M(128M), 0.0012443 secs]
Application time: 0.0443945 seconds
[GC pause (G1 Evacuation Pause) (young) 111M->70M(128M), 0.0012159 secs]
Application time: 0.0449981 seconds
[GC pause (G1 Evacuation Pause) (young) (initial-mark) 111M->70M(128M), 0.0014383 secs]
[GC concurrent-root-region-scan-start]
[GC concurrent-root-region-scan-end, 0.0003163 secs]
[GC concurrent-mark-start]
[GC concurrent-mark-end, 0.0077811 secs]
Application time: 0.0081913 seconds
[GC remark, 0.0032893 secs]
Application time: 0.0000316 seconds
[GC cleanup 73M->73M(128M), 0.0002475 secs]
Application time: 0.0607079 seconds
[GC pause (G1 Evacuation Pause) (young) 111M->70M(128M), 0.0012083 secs]
Application time: 0.0697740 seconds
[GC pause (G1 Evacuation Pause) (young) 111M->70M(128M), 0.0011801 secs]
Application time: 0.0697679 seconds
[GC pause (G1 Evacuation Pause) (young) (initial-mark) 111M->70M(128M), 0.0011517 secs]
[GC concurrent-root-region-scan-start]
[GC concurrent-root-region-scan-end, 0.0002367 secs]
[GC concurrent-mark-start]
[GC concurrent-mark-end, 0.0151584 secs]
Application time: 0.0154798 seconds
[GC remark, 0.0034269 secs]
Application time: 0.0000377 seconds
[GC cleanup 75M->75M(128M), 0.0002596 secs]
Application time: 0.0406937 seconds
[GC pause (G1 Evacuation Pause) (young) 111M->70M(128M), 0.0011489 secs]
Application time: 0.0445004 seconds
[GC pause (G1 Evacuation Pause) (young) 111M->70M(128M), 0.0011666 secs]
Application time: 0.0513884 seconds
[GC pause (G1 Evacuation Pause) (young) (initial-mark) 111M->70M(128M), 0.0011869 secs]
[GC concurrent-root-region-scan-start]
[GC concurrent-root-region-scan-end, 0.0002824 secs]
[GC concurrent-mark-start]
[GC concurrent-mark-end, 0.0108815 secs]
Application time: 0.0112362 seconds
[GC remark, 0.0032178 secs]
Application time: 0.0000358 seconds
[GC cleanup 75M->75M(128M), 0.0003248 secs]
Application time: 0.0581943 seconds
[GC pause (G1 Evacuation Pause) (young) 111M->70M(128M), 0.0011014 secs]
Application time: 0.0678245 seconds
[GC pause (G1 Evacuation Pause) (young) 111M->70M(128M), 0.0011430 secs]
Application time: 0.0587165 seconds
[GC pause (G1 Evacuation Pause) (young) (initial-mark) 111M->70M(128M), 0.0011906 secs]
[GC concurrent-root-region-scan-start]
[GC concurrent-root-region-scan-end, 0.0001771 secs]
[GC concurrent-mark-start]
[GC concurrent-mark-end, 0.0076328 secs]
Application time: 0.0078811 seconds
[GC remark, 0.0033570 secs]
Application time: 0.0000339 seconds
[GC cleanup 73M->73M(128M), 0.0002140 secs]
Application time: 0.0438907 seconds
[GC pause (G1 Evacuation Pause) (young) 111M->70M(128M), 0.0012108 secs]
Application time: 0.0543534 seconds
[GC pause (G1 Evacuation Pause) (young) 111M->70M(128M), 0.0012236 secs]
Application time: 0.0726494 seconds
[GC pause (G1 Evacuation Pause) (young) (initial-mark) 111M->70M(128M), 0.0013028 secs]
[GC concurrent-root-region-scan-start]
[GC concurrent-root-region-scan-end, 0.0001743 secs]
[GC concurrent-mark-start]
[GC concurrent-mark-end, 0.0139170 secs]
Application time: 0.0141204 seconds
[GC remark, 0.0033389 secs]
Application time: 0.0015403 seconds
[GC cleanup 75M->75M(128M), 0.0002534 secs]
Application time: 0.0621438 seconds
[GC pause (G1 Evacuation Pause) (young) 111M->70M(128M), 0.0012255 secs]
Application time: 0.0451569 seconds
[GC pause (G1 Evacuation Pause) (young) 111M->70M(128M), 0.0011672 secs]
Application time: 0.0455832 seconds
[GC pause (G1 Evacuation Pause) (young) (initial-mark) 111M->70M(128M), 0.0013185 secs]
[GC concurrent-root-region-scan-start]
[GC concurrent-root-region-scan-end, 0.0002577 secs]
[GC concurrent-mark-start]
[GC concurrent-mark-end, 0.0158656 secs]
Application time: 0.0161881 seconds
[GC remark, 0.0032404 secs]
Application time: 0.0000441 seconds
[GC cleanup 80M->80M(128M), 0.0002165 secs]
Application time: 0.0342428 seconds
[GC pause (G1 Evacuation Pause) (young) 111M->70M(128M), 0.0011413 secs]
Application time: 0.0443672 seconds
[GC pause (G1 Evacuation Pause) (young) 111M->70M(128M), 0.0010711 secs]
Application time: 0.0620295 seconds
[GC pause (G1 Evacuation Pause) (young) (initial-mark) 111M->70M(128M), 0.0011177 secs]
[GC concurrent-root-region-scan-start]
[GC concurrent-root-region-scan-end, 0.0002673 secs]
[GC concurrent-mark-start]
[GC concurrent-mark-end, 0.0111732 secs]
Application time: 0.0115061 seconds
[GC remark, 0.0031838 secs]
Application time: 0.0000648 seconds
[GC cleanup 76M->76M(128M), 0.0002066 secs]
Application time: 0.0590832 seconds
[GC pause (G1 Evacuation Pause) (young) 111M->70M(128M), 0.0010956 secs]
Application time: 0.0674382 seconds
[GC pause (G1 Evacuation Pause) (young) 111M->70M(128M), 0.0009934 secs]
Application time: 0.0600117 seconds
[GC pause (G1 Evacuation Pause) (young) (initial-mark) 111M->70M(128M), 0.0013375 secs]
[GC concurrent-root-region-scan-start]
[GC concurrent-root-region-scan-end, 0.0003202 secs]
[GC concurrent-mark-start]
[GC concurrent-mark-end, 0.0075816 secs]
Application time: 0.0087604 seconds
[GC remark, 0.0035339 secs]
Application time: 0.0000616 seconds
[GC cleanup 71M->71M(128M), 0.0002297 secs]
Application time: 0.0712316 seconds
[GC pause (G1 Evacuation Pause) (young) 111M->70M(128M), 0.0012499 secs]
Application time: 0.0775988 seconds
[GC pause (G1 Evacuation Pause) (young) 111M->70M(128M), 0.0012828 secs]
Application time: 0.0490099 seconds
[GC pause (G1 Evacuation Pause) (young) (initial-mark) 111M->70M(128M), 0.0013170 secs]
[GC concurrent-root-region-scan-start]
[GC concurrent-root-region-scan-end, 0.0001596 secs]
[GC concurrent-mark-start]
[GC concurrent-mark-end, 0.0077110 secs]
Application time: 0.0079706 seconds
[GC remark, 0.0032924 secs]
Application time: 0.0000463 seconds
[GC cleanup 73M->73M(128M), 0.0002558 secs]
Application time: 0.0449524 seconds
[GC pause (G1 Evacuation Pause) (young) 111M->70M(128M), 0.0011337 secs]
Application time: 0.0475408 seconds
[GC pause (G1 Evacuation Pause) (young) 111M->70M(128M), 0.0010154 secs]
Application time: 0.0472982 seconds
[GC pause (G1 Evacuation Pause) (young) (initial-mark) 111M->70M(128M), 0.0012498 secs]
[GC concurrent-root-region-scan-start]
[GC concurrent-root-region-scan-end, 0.0002703 secs]
[GC concurrent-mark-start]
[GC concurrent-mark-end, 0.0124236 secs]
Application time: 0.0127525 seconds
[GC remark, 0.0031256 secs]
Application time: 0.0000426 seconds
[GC cleanup 77M->77M(128M), 0.0002401 secs]
Application time: 0.0397907 seconds
[GC pause (G1 Evacuation Pause) (young) 111M->70M(128M), 0.0011513 secs]
Application time: 0.0674450 seconds
[GC pause (G1 Evacuation Pause) (young) 111M->70M(128M), 0.0011298 secs]
Application time: 0.0804409 seconds
[GC pause (G1 Evacuation Pause) (young) (initial-mark) 111M->70M(128M), 0.0012900 secs]
[GC concurrent-root-region-scan-start]
[GC concurrent-root-region-scan-end, 0.0003086 secs]
[GC concurrent-mark-start]
[GC concurrent-mark-end, 0.0158520 secs]
Application time: 0.0162267 seconds
[GC remark, 0.0033604 secs]
Application time: 0.0000370 seconds
[GC cleanup 77M->77M(128M), 0.0003456 secs]
Application time: 0.0600159 seconds
[GC pause (G1 Evacuation Pause) (young) 111M->70M(128M), 0.0010550 secs]
Application time: 0.0764049 seconds
[GC pause (G1 Evacuation Pause) (young) 111M->70M(128M), 0.0011131 secs]
Application time: 0.0739653 seconds
[GC pause (G1 Evacuation Pause) (young) (initial-mark) 111M->70M(128M), 0.0011507 secs]
[GC concurrent-root-region-scan-start]
[GC concurrent-root-region-scan-end, 0.0001412 secs]
[GC concurrent-mark-start]
[GC concurrent-mark-end, 0.0072045 secs]
Application time: 0.0074178 seconds
[GC remark, 0.0036520 secs]
Application time: 0.0000404 seconds
[GC cleanup 73M->73M(128M), 0.0002160 secs]
Application time: 0.0574317 seconds
[GC pause (G1 Evacuation Pause) (young) 111M->70M(128M), 0.0011654 secs]
Application time: 0.0479023 seconds
[GC pause (G1 Evacuation Pause) (young) 111M->70M(128M), 0.0011342 secs]
Application time: 0.0474437 seconds
[GC pause (G1 Evacuation Pause) (young) (initial-mark) 111M->70M(128M), 0.0014170 secs]
[GC concurrent-root-region-scan-start]
[GC concurrent-root-region-scan-end, 0.0004066 secs]
[GC concurrent-mark-start]
[GC concurrent-mark-end, 0.0077087 secs]
Application time: 0.0081563 seconds
[GC remark, 0.0034453 secs]
Application time: 0.0000309 seconds
[GC cleanup 71M->71M(128M), 0.0002257 secs]
Application time: 0.0475869 seconds
[GC pause (G1 Evacuation Pause) (young) 111M->70M(128M), 0.0012643 secs]
Application time: 0.0477529 seconds
[GC pause (G1 Evacuation Pause) (young) 111M->70M(128M), 0.0012172 secs]
Application time: 0.0512261 seconds
[GC pause (G1 Evacuation Pause) (young) (initial-mark) 111M->70M(128M), 0.0013957 secs]
[GC concurrent-root-region-scan-start]
[GC concurrent-root-region-scan-end, 0.0002019 secs]
[GC concurrent-mark-start]
[GC concurrent-mark-end, 0.0076531 secs]
Application time: 0.0079148 seconds
[GC remark, 0.0032762 secs]
Application time: 0.0000396 seconds
[GC cleanup 73M->73M(128M), 0.0002074 secs]
Application time: 0.0687358 seconds
[GC pause (G1 Evacuation Pause) (young) 111M->70M(128M), 0.0010878 secs]
Application time: 0.0744312 seconds
[GC pause (G1 Evacuation Pause) (young) 111M->70M(128M), 0.0011095 secs]
Application time: 0.0696895 seconds
[GC pause (G1 Evacuation Pause) (young) (initial-mark) 111M->70M(128M), 0.0013380 secs]
[GC concurrent-root-region-scan-start]
[GC concurrent-root-region-scan-end, 0.0001806 secs]
[GC concurrent-mark-start]
[GC concurrent-mark-end, 0.0077735 secs]
Application time: 0.0079427 seconds
[GC remark, 0.0032096 secs]
Application time: 0.0001256 seconds
[GC cleanup 71M->71M(128M), 0.0002361 secs]
Application time: 0.0693119 seconds
[GC pause (G1 Evacuation Pause) (young) 111M->70M(128M), 0.0011681 secs]
Application time: 0.0702045 seconds
[GC pause (G1 Evacuation Pause) (young) 111M->70M(128M), 0.0011625 secs]
Application time: 0.0496716 seconds
[GC pause (G1 Evacuation Pause) (young) (initial-mark) 111M->70M(128M), 0.0013835 secs]
[GC concurrent-root-region-scan-start]
[GC concurrent-root-region-scan-end, 0.0002110 secs]
[GC concurrent-mark-start]
[GC concurrent-mark-end, 0.0077697 secs]
Application time: 0.0080561 seconds
[GC remark, 0.0030438 secs]
Application time: 0.0000430 seconds
[GC cleanup 73M->73M(128M), 0.0002149 secs]
Application time: 0.0607722 seconds
[GC pause (G1 Evacuation Pause) (young) 111M->70M(128M), 0.0012569 secs]
Application time: 0.0509456 seconds
[GC pause (G1 Evacuation Pause) (young) 111M->70M(128M), 0.0010745 secs]
Application time: 0.0479411 seconds
[GC pause (G1 Evacuation Pause) (young) (initial-mark) 111M->70M(128M), 0.0011858 secs]
[GC concurrent-root-region-scan-start]
[GC concurrent-root-region-scan-end, 0.0002831 secs]
[GC concurrent-mark-start]
[GC concurrent-mark-end, 0.0073239 secs]
Application time: 0.0076648 seconds
[GC remark, 0.0033131 secs]
Application time: 0.0000521 seconds
[GC cleanup 74M->74M(128M), 0.0002342 secs]
Application time: 0.0430813 seconds
[GC pause (G1 Evacuation Pause) (young) 111M->70M(128M), 0.0010599 secs]
Application time: 0.0551917 seconds
[GC pause (G1 Evacuation Pause) (young) 111M->70M(128M), 0.0012098 secs]
Application time: 0.0734485 seconds
[GC pause (G1 Evacuation Pause) (young) (initial-mark) 111M->70M(128M), 0.0011111 secs]
[GC concurrent-root-region-scan-start]
[GC concurrent-root-region-scan-end, 0.0002501 secs]
[GC concurrent-mark-start]
[GC concurrent-mark-end, 0.0072835 secs]
Application time: 0.0100648 seconds
[GC remark, 0.0031806 secs]
Application time: 0.0000371 seconds
[GC cleanup 74M->74M(128M), 0.0002412 secs]
Application time: 0.0684551 seconds
[GC pause (G1 Evacuation Pause) (young) 111M->70M(128M), 0.0010424 secs]
Application time: 0.0893851 seconds
[GC pause (G1 Evacuation Pause) (young) 111M->70M(128M), 0.0011937 secs]
Application time: 0.0714908 seconds
[GC pause (G1 Evacuation Pause) (young) (initial-mark) 111M->70M(128M), 0.0013947 secs]
[GC concurrent-root-region-scan-start]
[GC concurrent-root-region-scan-end, 0.0001954 secs]
[GC concurrent-mark-start]
[GC concurrent-mark-end, 0.0158174 secs]
Application time: 0.0160149 seconds
[GC remark, 0.0033578 secs]
Application time: 0.0000465 seconds
[GC cleanup 75M->75M(128M), 0.0002475 secs]
Application time: 0.0479547 seconds
[GC pause (G1 Evacuation Pause) (young) 111M->70M(128M), 0.0012389 secs]
Application time: 0.0479659 seconds
[GC pause (G1 Evacuation Pause) (young) 111M->70M(128M), 0.0012081 secs]
Application time: 0.0479479 seconds
[GC pause (G1 Evacuation Pause) (young) (initial-mark) 111M->70M(128M), 0.0013134 secs]
[GC concurrent-root-region-scan-start]
[GC concurrent-root-region-scan-end, 0.0002217 secs]
[GC concurrent-mark-start]
[GC concurrent-mark-end, 0.0151819 secs]
Application time: 0.0154883 seconds
[GC remark, 0.0054820 secs]
Application time: 0.0015154 seconds
[GC cleanup 80M->80M(128M), 0.0002417 secs]
Application time: 0.0363219 seconds
[GC pause (G1 Evacuation Pause) (young) 111M->70M(128M), 0.0011099 secs]
Application time: 0.0478878 seconds
[GC pause (G1 Evacuation Pause) (young) 111M->70M(128M), 0.0011900 secs]
Application time: 0.0477895 seconds
[GC pause (G1 Evacuation Pause) (young) (initial-mark) 111M->70M(128M), 0.0013036 secs]
[GC concurrent-root-region-scan-start]
[GC concurrent-root-region-scan-end, 0.0002092 secs]
[GC concurrent-mark-start]
[GC concurrent-mark-end, 0.0078021 secs]
Application time: 0.0080853 seconds
[GC remark, 0.0033939 secs]
Application time: 0.0000421 seconds
[GC cleanup 73M->73M(128M), 0.0002306 secs]
Application time: 0.0615974 seconds
[GC pause (G1 Evacuation Pause) (young) 111M->70M(128M), 0.0012141 secs]
Application time: 0.0722918 seconds
[GC pause (G1 Evacuation Pause) (young) 111M->70M(128M), 0.0011774 secs]
Application time: 0.0917578 seconds
[GC pause (G1 Evacuation Pause) (young) (initial-mark) 111M->70M(128M), 0.0012220 secs]
[GC concurrent-root-region-scan-start]
[GC concurrent-root-region-scan-end, 0.0002555 secs]
[GC concurrent-mark-start]
[GC concurrent-mark-end, 0.0073252 secs]
Application time: 0.0119400 seconds
[GC remark, 0.0031320 secs]
Application time: 0.0000498 seconds
[GC cleanup 74M->74M(128M), 0.0002869 secs]
Application time: 0.0665631 seconds
[GC pause (G1 Evacuation Pause) (young) 111M->70M(128M), 0.0011041 secs]
Application time: 0.0826956 seconds
[GC pause (G1 Evacuation Pause) (young) 111M->70M(128M), 0.0011995 secs]
Application time: 0.0474781 seconds
[GC pause (G1 Evacuation Pause) (young) (initial-mark) 111M->70M(128M), 0.0012923 secs]
[GC concurrent-root-region-scan-start]
[GC concurrent-root-region-scan-end, 0.0002972 secs]
[GC concurrent-mark-start]
[GC concurrent-mark-end, 0.0073855 secs]
Application time: 0.0077387 seconds
[GC remark, 0.0033699 secs]
Application time: 0.0010801 seconds
[GC cleanup 74M->74M(128M), 0.0002406 secs]
Application time: 0.0434948 seconds
[GC pause (G1 Evacuation Pause) (young) 111M->70M(128M), 0.0013662 secs]
Application time: 0.0477126 seconds
[GC pause (G1 Evacuation Pause) (young) 111M->70M(128M), 0.0011300 secs]
Application time: 0.0484685 seconds
[GC pause (G1 Evacuation Pause) (young) (initial-mark) 111M->70M(128M), 0.0011914 secs]
[GC concurrent-root-region-scan-start]
[GC concurrent-root-region-scan-end, 0.0002655 secs]
[GC concurrent-mark-start]
[GC concurrent-mark-end, 0.0079842 secs]
Application time: 0.0083053 seconds
[GC remark, 0.0030751 secs]
Application time: 0.0000446 seconds
[GC cleanup 73M->73M(128M), 0.0003110 secs]
Application time: 0.0631517 seconds
[GC pause (G1 Evacuation Pause) (young) 111M->70M(128M), 0.0012739 secs]
Application time: 0.0561234 seconds
[GC pause (G1 Evacuation Pause) (young) 111M->70M(128M), 0.0011867 secs]
Application time: 0.0722426 seconds
[GC pause (G1 Evacuation Pause) (young) (initial-mark) 111M->70M(128M), 0.0013045 secs]
[GC concurrent-root-region-scan-start]
[GC concurrent-root-region-scan-end, 0.0002878 secs]
[GC concurrent-mark-start]
[GC concurrent-mark-end, 0.0159084 secs]
Application time: 0.0162896 seconds
[GC remark, 0.0033871 secs]
Application time: 0.0000440 seconds
[GC cleanup 75M->75M(128M), 0.0002490 secs]
Application time: 0.0628999 seconds
[GC pause (G1 Evacuation Pause) (young) 111M->70M(128M), 0.0013291 secs]
Application time: 0.1058303 seconds
[GC pause (G1 Evacuation Pause) (young) 111M->70M(128M), 0.0011154 secs]
Application time: 0.0714203 seconds
[GC pause (G1 Evacuation Pause) (young) (initial-mark) 111M->70M(128M), 0.0013745 secs]
[GC concurrent-root-region-scan-start]
[GC concurrent-root-region-scan-end, 0.0003025 secs]
[GC concurrent-mark-start]
[GC concurrent-mark-end, 0.0093648 secs]
Application time: 0.0097223 seconds
[GC remark, 0.0031093 secs]
Application time: 0.0000547 seconds
[GC cleanup 72M->72M(128M), 0.0002392 secs]
Application time: 0.0592242 seconds
[GC pause (G1 Evacuation Pause) (young) 111M->70M(128M), 0.0012716 secs]
Application time: 0.0474246 seconds
[GC pause (G1 Evacuation Pause) (young) 111M->70M(128M), 0.0012165 secs]
Application time: 0.0468555 seconds
[GC pause (G1 Evacuation Pause) (young) (initial-mark) 111M->70M(128M), 0.0013281 secs]
[GC concurrent-root-region-scan-start]
[GC concurrent-root-region-scan-end, 0.0002628 secs]
[GC concurrent-mark-start]
[GC concurrent-mark-end, 0.0072817 secs]
Application time: 0.0076113 seconds
[GC remark, 0.0032065 secs]
Application time: 0.0000606 seconds
[GC cleanup 74M->74M(128M), 0.0002471 secs]
Application time: 0.0445157 seconds
[GC pause (G1 Evacuation Pause) (young) 111M->70M(128M), 0.0012747 secs]
Application time: 0.0471735 seconds
[GC pause (G1 Evacuation Pause) (young) 111M->70M(128M), 0.0011124 secs]
Application time: 0.0473616 seconds
[GC pause (G1 Evacuation Pause) (young) (initial-mark) 111M->70M(128M), 0.0014236 secs]
[GC concurrent-root-region-scan-start]
[GC concurrent-root-region-scan-end, 0.0002443 secs]
[GC concurrent-mark-start]
[GC concurrent-mark-end, 0.0073585 secs]
Application time: 0.0076646 seconds
[GC remark, 0.0030962 secs]
Application time: 0.0000497 seconds
[GC cleanup 73M->73M(128M), 0.0002060 secs]
Application time: 0.0519935 seconds
[GC pause (G1 Evacuation Pause) (young) 111M->70M(128M), 0.0011501 secs]
Application time: 0.0750234 seconds
[GC pause (G1 Evacuation Pause) (young) 111M->70M(128M), 0.0011577 secs]
Application time: 0.0902894 seconds
[GC pause (G1 Evacuation Pause) (young) (initial-mark) 111M->70M(128M), 0.0011362 secs]
[GC concurrent-root-region-scan-start]
[GC concurrent-root-region-scan-end, 0.0002364 secs]
[GC concurrent-mark-start]
[GC concurrent-mark-end, 0.0074448 secs]
Application time: 0.0077446 seconds
[GC remark, 0.0032541 secs]
Application time: 0.0000621 seconds
[GC cleanup 72M->72M(128M), 0.0002382 secs]
Application time: 0.0685301 seconds
[GC pause (G1 Evacuation Pause) (young) 111M->70M(128M), 0.0010991 secs]
Application time: 0.0712222 seconds
[GC pause (G1 Evacuation Pause) (young) 111M->70M(128M), 0.0010684 secs]
Application time: 0.0497825 seconds
[GC pause (G1 Evacuation Pause) (young) (initial-mark) 111M->70M(128M), 0.0012740 secs]
[GC concurrent-root-region-scan-start]
[GC concurrent-root-region-scan-end, 0.0002116 secs]
[GC concurrent-mark-start]
[GC concurrent-mark-end, 0.0073062 secs]
Application time: 0.0075835 seconds
[GC remark, 0.0031923 secs]
Application time: 0.0000496 seconds
[GC cleanup 73M->73M(128M), 0.0002379 secs]
Application time: 0.0441481 seconds
[GC pause (G1 Evacuation Pause) (young) 111M->70M(128M), 0.0012292 secs]
Application time: 0.0471766 seconds
[GC pause (G1 Evacuation Pause) (young) 111M->70M(128M), 0.0011650 secs]
Application time: 0.0472078 seconds
[GC pause (G1 Evacuation Pause) (young) (initial-mark) 111M->70M(128M), 0.0012978 secs]
[GC concurrent-root-region-scan-start]
[GC concurrent-root-region-scan-end, 0.0002012 secs]
[GC concurrent-mark-start]
[GC concurrent-mark-end, 0.0110143 secs]
Application time: 0.0112835 seconds
[GC remark, 0.0031318 secs]
Application time: 0.0000533 seconds
[GC cleanup 76M->76M(128M), 0.0002305 secs]
Application time: 0.0404422 seconds
[GC pause (G1 Evacuation Pause) (young) 111M->70M(128M), 0.0010902 secs]
Application time: 0.0473563 seconds
[GC pause (G1 Evacuation Pause) (young) 111M->70M(128M), 0.0012007 secs]
Application time: 0.0660069 seconds
[GC pause (G1 Evacuation Pause) (young) (initial-mark) 111M->70M(128M), 0.0012456 secs]
[GC concurrent-root-region-scan-start]
[GC concurrent-root-region-scan-end, 0.0002688 secs]
[GC concurrent-mark-start]
[GC concurrent-mark-end, 0.0152367 secs]
Application time: 0.0155953 seconds
[GC remark, 0.0031433 secs]
Application time: 0.0000580 seconds
[GC cleanup 75M->75M(128M), 0.0002256 secs]
Application time: 0.0606107 seconds
[GC pause (G1 Evacuation Pause) (young) 111M->70M(128M), 0.0011607 secs]
Application time: 0.0857796 seconds
[GC pause (G1 Evacuation Pause) (young) 111M->70M(128M), 0.0011821 secs]
Application time: 0.0702833 seconds
[GC pause (G1 Evacuation Pause) (young) (initial-mark) 111M->70M(128M), 0.0012159 secs]
[GC concurrent-root-region-scan-start]
[GC concurrent-root-region-scan-end, 0.0002823 secs]
[GC concurrent-mark-start]
[GC concurrent-mark-end, 0.0072477 secs]
Application time: 0.0076079 seconds
[GC remark, 0.0031219 secs]
Application time: 0.0000534 seconds
[GC cleanup 73M->73M(128M), 0.0002197 secs]
Application time: 0.0611031 seconds
[GC pause (G1 Evacuation Pause) (young) 111M->70M(128M), 0.0012356 secs]
Application time: 0.0527704 seconds
[GC pause (G1 Evacuation Pause) (young) 111M->70M(128M), 0.0012592 secs]
Application time: 0.0457452 seconds
[GC pause (G1 Evacuation Pause) (young) (initial-mark) 111M->70M(128M), 0.0012529 secs]
[GC concurrent-root-region-scan-start]
[GC concurrent-root-region-scan-end, 0.0002652 secs]
[GC concurrent-mark-start]
[GC concurrent-mark-end, 0.0109931 secs]
Application time: 0.0113289 seconds
[GC remark, 0.0033662 secs]
Application time: 0.0008975 seconds
[GC cleanup 77M->77M(128M), 0.0002661 secs]
Application time: 0.0369686 seconds
[GC pause (G1 Evacuation Pause) (young) 111M->70M(128M), 0.0010653 secs]
Application time: 0.0441189 seconds
[GC pause (G1 Evacuation Pause) (young) 111M->70M(128M), 0.0011819 secs]
Application time: 0.0478506 seconds
[GC pause (G1 Evacuation Pause) (young) (initial-mark) 111M->70M(128M), 0.0013043 secs]
[GC concurrent-root-region-scan-start]
[GC concurrent-root-region-scan-end, 0.0003225 secs]
[GC concurrent-mark-start]
[GC concurrent-mark-end, 0.0072172 secs]
Application time: 0.0076015 seconds
[GC remark, 0.0034570 secs]
Application time: 0.0000620 seconds
[GC cleanup 73M->73M(128M), 0.0002269 secs]
Application time: 0.0468115 seconds
[GC pause (G1 Evacuation Pause) (young) 111M->70M(128M), 0.0012367 secs]
Application time: 0.0650219 seconds
[GC pause (G1 Evacuation Pause) (young) 111M->70M(128M), 0.0011726 secs]
Application time: 0.0681506 seconds
[GC pause (G1 Evacuation Pause) (young) (initial-mark) 111M->70M(128M), 0.0012106 secs]
[GC concurrent-root-region-scan-start]
[GC concurrent-root-region-scan-end, 0.0002827 secs]
[GC concurrent-mark-start]
[GC concurrent-mark-end, 0.0070969 secs]
Application time: 0.0074551 seconds
[GC remark, 0.0033935 secs]
Application time: 0.0000523 seconds
[GC cleanup 71M->71M(128M), 0.0002318 secs]
Application time: 0.0829650 seconds
[GC pause (G1 Evacuation Pause) (young) 111M->70M(128M), 0.0012035 secs]
Application time: 0.0764742 seconds
[GC pause (G1 Evacuation Pause) (young) 111M->70M(128M), 0.0011527 secs]
Application time: 0.0638004 seconds
[GC pause (G1 Evacuation Pause) (young) (initial-mark) 111M->70M(128M), 0.0015995 secs]
[GC concurrent-root-region-scan-start]
[GC concurrent-root-region-scan-end, 0.0003147 secs]
[GC concurrent-mark-start]
[GC concurrent-mark-end, 0.0118163 secs]
Application time: 0.0121959 seconds
[GC remark, 0.0034026 secs]
Application time: 0.0014980 seconds
[GC cleanup 77M->77M(128M), 0.0002368 secs]
Application time: 0.0389789 seconds
[GC pause (G1 Evacuation Pause) (young) 111M->70M(128M), 0.0011673 secs]
Application time: 0.0441482 seconds
[GC pause (G1 Evacuation Pause) (young) 111M->70M(128M), 0.0012233 secs]
Application time: 0.0448645 seconds
[GC pause (G1 Evacuation Pause) (young) (initial-mark) 111M->70M(128M), 0.0012837 secs]
[GC concurrent-root-region-scan-start]
[GC concurrent-root-region-scan-end, 0.0003238 secs]
[GC concurrent-mark-start]
[GC concurrent-mark-end, 0.0071755 secs]
Application time: 0.0075607 seconds
[GC remark, 0.0032038 secs]
Application time: 0.0000492 seconds
[GC cleanup 73M->73M(128M), 0.0002202 secs]
Application time: 0.0418839 seconds
[GC pause (G1 Evacuation Pause) (young) 111M->70M(128M), 0.0010997 secs]
Application time: 0.0445140 seconds
[GC pause (G1 Evacuation Pause) (young) 111M->70M(128M), 0.0011051 secs]
Application time: 0.0442391 seconds
[GC pause (G1 Evacuation Pause) (young) (initial-mark) 111M->70M(128M), 0.0011639 secs]
[GC concurrent-root-region-scan-start]
[GC concurrent-root-region-scan-end, 0.0003131 secs]
[GC concurrent-mark-start]
[GC concurrent-mark-end, 0.0103533 secs]
Application time: 0.0107234 seconds
[GC remark, 0.0031418 secs]
Application time: 0.0000454 seconds
[GC cleanup 73M->73M(128M), 0.0002212 secs]
Application time: 0.0601255 seconds
[GC pause (G1 Evacuation Pause) (young) 111M->70M(128M), 0.0010095 secs]
Application time: 0.1118268 seconds
[GC pause (G1 Evacuation Pause) (young) 111M->70M(128M), 0.0009496 secs]
Application time: 0.0680510 seconds
[GC pause (G1 Evacuation Pause) (young) (initial-mark) 111M->70M(128M), 0.0012347 secs]
[GC concurrent-root-region-scan-start]
[GC concurrent-root-region-scan-end, 0.0001982 secs]
[GC concurrent-mark-start]
[GC concurrent-mark-end, 0.0067419 secs]
Application time: 0.0098896 seconds
[GC remark, 0.0030160 secs]
Application time: 0.0000512 seconds
[GC cleanup 74M->74M(128M), 0.0002110 secs]
Application time: 0.0411836 seconds
[GC pause (G1 Evacuation Pause) (young) 111M->70M(128M), 0.0010822 secs]
Application time: 0.0664371 seconds
[GC pause (G1 Evacuation Pause) (young) 111M->70M(128M), 0.0012771 secs]
Application time: 0.0490723 seconds
[GC pause (G1 Evacuation Pause) (young) (initial-mark) 111M->70M(128M), 0.0011549 secs]
[GC concurrent-root-region-scan-start]
[GC concurrent-root-region-scan-end, 0.0001775 secs]
[GC concurrent-mark-start]
[GC concurrent-mark-end, 0.0076341 secs]
Application time: 0.0078683 seconds
[GC remark, 0.0032236 secs]
Application time: 0.0010560 seconds
[GC cleanup 74M->74M(128M), 0.0003343 secs]
Application time: 0.0384959 seconds
[GC pause (G1 Evacuation Pause) (young) 111M->70M(128M), 0.0010841 secs]
Application time: 0.0426597 seconds
[GC pause (G1 Evacuation Pause) (young) 111M->70M(128M), 0.0011178 secs]
Application time: 0.0427747 seconds
[GC pause (G1 Evacuation Pause) (young) (initial-mark) 111M->70M(128M), 0.0013470 secs]
[GC concurrent-root-region-scan-start]
[GC concurrent-root-region-scan-end, 0.0002451 secs]
[GC concurrent-mark-start]
[GC concurrent-mark-end, 0.0155499 secs]
Application time: 0.0159042 seconds
[GC remark, 0.0030985 secs]
Application time: 0.0006189 seconds
[GC cleanup 81M->81M(128M), 0.0002345 secs]
Application time: 0.0317655 seconds
[GC pause (G1 Evacuation Pause) (young) 111M->70M(128M), 0.0010578 secs]
Application time: 0.0522631 seconds
[GC pause (G1 Evacuation Pause) (young) 111M->70M(128M), 0.0010870 secs]
Application time: 0.0732403 seconds
[GC pause (G1 Evacuation Pause) (young) (initial-mark) 111M->70M(128M), 0.0011653 secs]
[GC concurrent-root-region-scan-start]
[GC concurrent-root-region-scan-end, 0.0002565 secs]
[GC concurrent-mark-start]
[GC concurrent-mark-end, 0.0151122 secs]
Application time: 0.0154255 seconds
[GC remark, 0.0034507 secs]
Application time: 0.0000491 seconds
[GC cleanup 73M->73M(128M), 0.0002268 secs]
Application time: 0.1095804 seconds
[GC pause (G1 Evacuation Pause) (young) 111M->70M(128M), 0.0011931 secs]
Application time: 0.0512048 seconds
[GC pause (G1 Evacuation Pause) (young) 111M->70M(128M), 0.0011104 secs]
Application time: 0.0434770 seconds
[GC pause (G1 Evacuation Pause) (young) (initial-mark) 111M->70M(128M), 0.0011688 secs]
[GC concurrent-root-region-scan-start]
[GC concurrent-root-region-scan-end, 0.0002860 secs]
[GC concurrent-mark-start]
[GC concurrent-mark-end, 0.0071496 secs]
Application time: 0.0074948 seconds
[GC remark, 0.0032503 secs]
Application time: 0.0000574 seconds
[GC cleanup 73M->73M(128M), 0.0002181 secs]
Application time: 0.0410990 seconds
[GC pause (G1 Evacuation Pause) (young) 111M->70M(128M), 0.0011525 secs]
Application time: 0.0444810 seconds
[GC pause (G1 Evacuation Pause) (young) 111M->70M(128M), 0.0010143 secs]
Application time: 0.0441510 seconds
[GC pause (G1 Evacuation Pause) (young) (initial-mark) 111M->70M(128M), 0.0012356 secs]
[GC concurrent-root-region-scan-start]
[GC concurrent-root-region-scan-end, 0.0002959 secs]
[GC concurrent-mark-start]
[GC concurrent-mark-end, 0.0147318 secs]
Application time: 0.0150930 seconds
[GC remark, 0.0035378 secs]
Application time: 0.0000470 seconds
[GC cleanup 80M->80M(128M), 0.0002532 secs]
Application time: 0.0339148 seconds
[GC pause (G1 Evacuation Pause) (young) 111M->70M(128M), 0.0012669 secs]
Application time: 0.0439097 seconds
[GC pause (G1 Evacuation Pause) (young) 111M->70M(128M), 0.0012109 secs]
Application time: 0.0432994 seconds
[GC pause (G1 Evacuation Pause) (young) (initial-mark) 111M->70M(128M), 0.0012566 secs]
[GC concurrent-root-region-scan-start]
[GC concurrent-root-region-scan-end, 0.0002885 secs]
[GC concurrent-mark-start]
[GC concurrent-mark-end, 0.0071771 secs]
Application time: 0.0075279 seconds
[GC remark, 0.0033584 secs]
Application time: 0.0010735 seconds
[GC cleanup 74M->74M(128M), 0.0002343 secs]
Application time: 0.0395726 seconds
[GC pause (G1 Evacuation Pause) (young) 111M->70M(128M), 0.0012235 secs]
Application time: 0.1215115 seconds
[GC pause (G1 Evacuation Pause) (young) 111M->70M(128M), 0.0010989 secs]
Application time: 0.0898309 seconds
[GC pause (G1 Evacuation Pause) (young) (initial-mark) 111M->70M(128M), 0.0013238 secs]
[GC concurrent-root-region-scan-start]
[GC concurrent-root-region-scan-end, 0.0003093 secs]
[GC concurrent-mark-start]
[GC concurrent-mark-end, 0.0146648 secs]
Application time: 0.0150444 seconds
[GC remark, 0.0031086 secs]
Application time: 0.0000550 seconds
[GC cleanup 80M->80M(128M), 0.0002233 secs]
Application time: 0.0356614 seconds
[GC pause (G1 Evacuation Pause) (young) 111M->70M(128M), 0.0012079 secs]
Application time: 0.0443835 seconds
[GC pause (G1 Evacuation Pause) (young) 111M->70M(128M), 0.0012313 secs]
Application time: 0.0441195 seconds
[GC pause (G1 Evacuation Pause) (young) (initial-mark) 111M->70M(128M), 0.0012690 secs]
[GC concurrent-root-region-scan-start]
[GC concurrent-root-region-scan-end, 0.0003377 secs]
[GC concurrent-mark-start]
[GC concurrent-mark-end, 0.0071016 secs]
Application time: 0.0075068 seconds
[GC remark, 0.0034195 secs]
Application time: 0.0000591 seconds
[GC cleanup 73M->73M(128M), 0.0002482 secs]
Application time: 0.0401591 seconds
[GC pause (G1 Evacuation Pause) (young) 110M->70M(128M), 0.0011286 secs]
Application time: 0.0058642 seconds
[GC pause (G1 Evacuation Pause) (mixed) 75M->69M(128M), 0.0008887 secs]
Application time: 0.0452383 seconds
[GC pause (G1 Evacuation Pause) (young) 110M->69M(128M), 0.0012049 secs]
Application time: 0.0439279 seconds
[GC pause (G1 Evacuation Pause) (young) (initial-mark) 110M->69M(128M), 0.0013719 secs]
[GC concurrent-root-region-scan-start]
[GC concurrent-root-region-scan-end, 0.0002293 secs]
[GC concurrent-mark-start]
[GC concurrent-mark-end, 0.0071405 secs]
Application time: 0.0074392 seconds
[GC remark, 0.0032360 secs]
Application time: 0.0000441 seconds
[GC cleanup 72M->72M(128M), 0.0003270 secs]
Application time: 0.0446311 seconds
[GC pause (G1 Evacuation Pause) (young) 110M->69M(128M), 0.0011653 secs]
Application time: 0.0437006 seconds
[GC pause (G1 Evacuation Pause) (young) 110M->69M(128M), 0.0012314 secs]
Application time: 0.0699109 seconds
[GC pause (G1 Evacuation Pause) (young) (initial-mark) 110M->69M(128M), 0.0010894 secs]
[GC concurrent-root-region-scan-start]
[GC concurrent-root-region-scan-end, 0.0002742 secs]
[GC concurrent-mark-start]
[GC concurrent-mark-end, 0.0067000 secs]
Application time: 0.0070315 seconds
[GC remark, 0.0032887 secs]
Application time: 0.0000868 seconds
[GC cleanup 70M->70M(128M), 0.0002650 secs]
Application time: 0.1284210 seconds
[GC pause (G1 Evacuation Pause) (young) 110M->69M(128M), 0.0011198 secs]
Application time: 0.0497352 seconds
[GC pause (G1 Evacuation Pause) (young) 110M->69M(128M), 0.0010654 secs]
Application time: 0.0434549 seconds
[GC pause (G1 Evacuation Pause) (young) (initial-mark) 110M->69M(128M), 0.0012168 secs]
[GC concurrent-root-region-scan-start]
[GC concurrent-root-region-scan-end, 0.0002986 secs]
[GC concurrent-mark-start]
[GC concurrent-mark-end, 0.0066957 secs]
Application time: 0.0070589 seconds
[GC remark, 0.0032468 secs]
Application time: 0.0016235 seconds
[GC cleanup 73M->73M(128M), 0.0002839 secs]
Application time: 0.0384539 seconds
[GC pause (G1 Evacuation Pause) (young) 110M->69M(128M), 0.0012562 secs]
Application time: 0.0422113 seconds
[GC pause (G1 Evacuation Pause) (young) 110M->69M(128M), 0.0010813 secs]
Application time: 0.0422301 seconds
[GC pause (G1 Evacuation Pause) (young) (initial-mark) 110M->69M(128M), 0.0012198 secs]
[GC concurrent-root-region-scan-start]
[GC concurrent-root-region-scan-end, 0.0004569 secs]
[GC concurrent-mark-start]
[GC concurrent-mark-end, 0.0165641 secs]
Application time: 0.0170946 seconds
[GC remark, 0.0032932 secs]
Application time: 0.0000462 seconds
[GC cleanup 81M->81M(128M), 0.0002389 secs]
Application time: 0.0310352 seconds
[GC pause (G1 Evacuation Pause) (young) 110M->69M(128M), 0.0010994 secs]
Application time: 0.0582389 seconds
[GC pause (G1 Evacuation Pause) (young) 110M->69M(128M), 0.0011804 secs]
Application time: 0.0428489 seconds
[GC pause (G1 Evacuation Pause) (young) (initial-mark) 110M->69M(128M), 0.0012753 secs]
[GC concurrent-root-region-scan-start]
[GC concurrent-root-region-scan-end, 0.0003274 secs]
[GC concurrent-mark-start]
[GC concurrent-mark-end, 0.0068363 secs]
Application time: 0.0072392 seconds
[GC remark, 0.0030905 secs]
Application time: 0.0000505 seconds
[GC cleanup 72M->72M(128M), 0.0002152 secs]
Application time: 0.0445757 seconds
[GC pause (G1 Evacuation Pause) (young) 110M->69M(128M), 0.0011704 secs]
Application time: 0.1099755 seconds
[GC pause (G1 Evacuation Pause) (young) 110M->69M(128M), 0.0011114 secs]
Application time: 0.1001362 seconds
[GC pause (G1 Evacuation Pause) (young) (initial-mark) 110M->69M(128M), 0.0012302 secs]
[GC concurrent-root-region-scan-start]
[GC concurrent-root-region-scan-end, 0.0003225 secs]
[GC concurrent-mark-start]
[GC concurrent-mark-end, 0.0087405 secs]
Application time: 0.0091357 seconds
[GC remark, 0.0033722 secs]
Application time: 0.0000641 seconds
[GC cleanup 74M->74M(128M), 0.0002259 secs]
Application time: 0.0380466 seconds
[GC pause (G1 Evacuation Pause) (young) 110M->69M(128M), 0.0012301 secs]
Application time: 0.0554339 seconds
[GC pause (G1 Evacuation Pause) (young) 110M->69M(128M), 0.0012977 secs]
Application time: 0.0440017 seconds
[GC pause (G1 Evacuation Pause) (young) (initial-mark) 110M->69M(128M), 0.0012621 secs]
[GC concurrent-root-region-scan-start]
[GC concurrent-root-region-scan-end, 0.0002218 secs]
[GC concurrent-mark-start]
[GC concurrent-mark-end, 0.0067070 secs]
Application time: 0.0069896 seconds
[GC remark, 0.0030484 secs]
Application time: 0.0000441 seconds
[GC cleanup 72M->72M(128M), 0.0002158 secs]
Application time: 0.0449340 seconds
[GC pause (G1 Evacuation Pause) (young) 110M->69M(128M), 0.0011862 secs]
Application time: 0.0421062 seconds
[GC pause (G1 Evacuation Pause) (young) 110M->69M(128M), 0.0011928 secs]
Application time: 0.0419815 seconds
[GC pause (G1 Evacuation Pause) (young) (initial-mark) 110M->69M(128M), 0.0012342 secs]
[GC concurrent-root-region-scan-start]
[GC concurrent-root-region-scan-end, 0.0002124 secs]
[GC concurrent-mark-start]
[GC concurrent-mark-end, 0.0152210 secs]
Application time: 0.0155045 seconds
[GC remark, 0.0035914 secs]
Application time: 0.0009081 seconds
[GC cleanup 80M->80M(128M), 0.0002219 secs]
Application time: 0.0310748 seconds
[GC pause (G1 Evacuation Pause) (young) 110M->69M(128M), 0.0012292 secs]
Application time: 0.0447876 seconds
[GC pause (G1 Evacuation Pause) (young) 110M->69M(128M), 0.0011616 secs]
Application time: 0.0495718 seconds
[GC pause (G1 Evacuation Pause) (young) (initial-mark) 110M->69M(128M), 0.0012342 secs]
[GC concurrent-root-region-scan-start]
[GC concurrent-root-region-scan-end, 0.0001581 secs]
[GC concurrent-mark-start]
[GC concurrent-mark-end, 0.0072956 secs]
Application time: 0.0075179 seconds
[GC remark, 0.0033649 secs]
Application time: 0.0000757 seconds
[GC cleanup 70M->70M(128M), 0.0002254 secs]
Application time: 0.1343963 seconds
[GC pause (G1 Evacuation Pause) (young) 110M->69M(128M), 0.0010312 secs]
Application time: 0.0536536 seconds
[GC pause (G1 Evacuation Pause) (young) 110M->69M(128M), 0.0011160 secs]
Application time: 0.0420064 seconds
[GC pause (G1 Evacuation Pause) (young) (initial-mark) 110M->69M(128M), 0.0012321 secs]
[GC concurrent-root-region-scan-start]
[GC concurrent-root-region-scan-end, 0.0002970 secs]
[GC concurrent-mark-start]
[GC concurrent-mark-end, 0.0066586 secs]
Application time: 0.0080239 seconds
[GC remark, 0.0030096 secs]
Application time: 0.0000458 seconds
[GC cleanup 73M->73M(128M), 0.0002329 secs]
Application time: 0.0375497 seconds
[GC pause (G1 Evacuation Pause) (young) 110M->69M(128M), 0.0011662 secs]
Application time: 0.0416503 seconds
[GC pause (G1 Evacuation Pause) (young) 110M->69M(128M), 0.0011720 secs]
Application time: 0.0418000 seconds
[GC pause (G1 Evacuation Pause) (young) (initial-mark) 110M->69M(128M), 0.0012092 secs]
[GC concurrent-root-region-scan-start]
[GC concurrent-root-region-scan-end, 0.0002963 secs]
[GC concurrent-mark-start]
[GC concurrent-mark-end, 0.0148241 secs]
Application time: 0.0152214 seconds
[GC remark, 0.0032916 secs]
Application time: 0.0000873 seconds
[GC cleanup 80M->80M(128M), 0.0003250 secs]
Application time: 0.0309672 seconds
[GC pause (G1 Evacuation Pause) (young) 110M->69M(128M), 0.0011319 secs]
Application time: 0.0412484 seconds
[GC pause (G1 Evacuation Pause) (young) 110M->69M(128M), 0.0010951 secs]
Application time: 0.0415797 seconds
[GC pause (G1 Evacuation Pause) (young) (initial-mark) 110M->69M(128M), 0.0011307 secs]
[GC concurrent-root-region-scan-start]
[GC concurrent-root-region-scan-end, 0.0002532 secs]
[GC concurrent-mark-start]
[GC concurrent-mark-end, 0.0067678 secs]
Application time: 0.0083614 seconds
[GC remark, 0.0029945 secs]
Application time: 0.0000535 seconds
[GC cleanup 73M->73M(128M), 0.0002183 secs]
Application time: 0.0375445 seconds
[GC pause (G1 Evacuation Pause) (young) 110M->69M(128M), 0.0011403 secs]
Application time: 0.1119934 seconds
[GC pause (G1 Evacuation Pause) (young) 110M->69M(128M), 0.0010139 secs]
Application time: 0.1071362 seconds
[GC pause (G1 Evacuation Pause) (young) (initial-mark) 110M->69M(128M), 0.0011081 secs]
[GC concurrent-root-region-scan-start]
[GC concurrent-root-region-scan-end, 0.0002583 secs]
[GC concurrent-mark-start]
[GC concurrent-mark-end, 0.0094747 secs]
Application time: 0.0098010 seconds
[GC remark, 0.0029849 secs]
Application time: 0.0000473 seconds
[GC cleanup 75M->75M(128M), 0.0002438 secs]
Application time: 0.0358354 seconds
[GC pause (G1 Evacuation Pause) (young) 110M->69M(128M), 0.0011652 secs]
Application time: 0.0409892 seconds
[GC pause (G1 Evacuation Pause) (young) 110M->69M(128M), 0.0010812 secs]
Application time: 0.0412964 seconds
[GC pause (G1 Evacuation Pause) (young) (initial-mark) 110M->69M(128M), 0.0012495 secs]
[GC concurrent-root-region-scan-start]
[GC concurrent-root-region-scan-end, 0.0003167 secs]
[GC concurrent-mark-start]
[GC concurrent-mark-end, 0.0070848 secs]
Application time: 0.0083746 seconds
[GC remark, 0.0031417 secs]
Application time: 0.0000538 seconds
[GC cleanup 73M->73M(128M), 0.0002543 secs]
Application time: 0.0375685 seconds
[GC pause (G1 Evacuation Pause) (young) 110M->69M(128M), 0.0011597 secs]
Application time: 0.0439937 seconds
[GC pause (G1 Evacuation Pause) (young) 110M->69M(128M), 0.0011380 secs]
Application time: 0.0411947 seconds
[GC pause (G1 Evacuation Pause) (young) (initial-mark) 110M->69M(128M), 0.0012208 secs]
[GC concurrent-root-region-scan-start]
[GC concurrent-root-region-scan-end, 0.0001823 secs]
[GC concurrent-mark-start]
[GC concurrent-mark-end, 0.0071123 secs]
Application time: 0.0073644 seconds
[GC remark, 0.0031691 secs]
Application time: 0.0000452 seconds
[GC cleanup 73M->73M(128M), 0.0002237 secs]
Application time: 0.0404242 seconds
[GC pause (G1 Evacuation Pause) (young) 110M->69M(128M), 0.0010972 secs]
Application time: 0.0417826 seconds
[GC pause (G1 Evacuation Pause) (young) 110M->69M(128M), 0.0011120 secs]
Application time: 0.0442147 seconds
[GC pause (G1 Evacuation Pause) (young) (initial-mark) 110M->69M(128M), 0.0012740 secs]
[GC concurrent-root-region-scan-start]
[GC concurrent-root-region-scan-end, 0.0002064 secs]
[GC concurrent-mark-start]
[GC concurrent-mark-end, 0.0065843 secs]
Application time: 0.0068509 seconds
[GC remark, 0.0030021 secs]
Application time: 0.0000532 seconds
[GC cleanup 72M->72M(128M), 0.0002087 secs]
Application time: 0.1206556 seconds
[GC pause (G1 Evacuation Pause) (young) 110M->69M(128M), 0.0010490 secs]
Application time: 0.0693170 seconds
[GC pause (G1 Evacuation Pause) (young) 110M->69M(128M), 0.0012086 secs]
Application time: 0.0418570 seconds
[GC pause (G1 Evacuation Pause) (young) (initial-mark) 110M->69M(128M), 0.0012210 secs]
[GC concurrent-root-region-scan-start]
[GC concurrent-root-region-scan-end, 0.0003039 secs]
[GC concurrent-mark-start]
[GC concurrent-mark-end, 0.0167193 secs]
Application time: 0.0171203 seconds
[GC remark, 0.0032582 secs]
Application time: 0.0000564 seconds
[GC cleanup 81M->81M(128M), 0.0002261 secs]
Application time: 0.0362330 seconds
[GC pause (G1 Evacuation Pause) (young) 110M->69M(128M), 0.0012218 secs]
Application time: 0.0418403 seconds
[GC pause (G1 Evacuation Pause) (young) 110M->69M(128M), 0.0011304 secs]
Application time: 0.0417362 seconds
[GC pause (G1 Evacuation Pause) (young) (initial-mark) 110M->69M(128M), 0.0013400 secs]
[GC concurrent-root-region-scan-start]
[GC concurrent-root-region-scan-end, 0.0003442 secs]
[GC concurrent-mark-start]
[GC concurrent-mark-end, 0.0070708 secs]
Application time: 0.0082152 seconds
[GC remark, 0.0034369 secs]
Application time: 0.0000389 seconds
[GC cleanup 73M->73M(128M), 0.0002339 secs]
Application time: 0.0376853 seconds
[GC pause (G1 Evacuation Pause) (young) 110M->69M(128M), 0.0011312 secs]
Application time: 0.0425143 seconds
[GC pause (G1 Evacuation Pause) (young) 110M->69M(128M), 0.0010631 secs]
Application time: 0.0420412 seconds
[GC pause (G1 Evacuation Pause) (young) (initial-mark) 110M->69M(128M), 0.0011308 secs]
[GC concurrent-root-region-scan-start]
[GC concurrent-root-region-scan-end, 0.0002665 secs]
[GC concurrent-mark-start]
[GC concurrent-mark-end, 0.0066894 secs]
Application time: 0.0070228 seconds
[GC remark, 0.0035832 secs]
Application time: 0.0000386 seconds
[GC cleanup 73M->73M(128M), 0.0002227 secs]
Application time: 0.0387645 seconds
[GC pause (G1 Evacuation Pause) (young) 110M->69M(128M), 0.0011727 secs]
Application time: 0.0709725 seconds
[GC pause (G1 Evacuation Pause) (young) 110M->69M(128M), 0.0022929 secs]
Application time: 0.1219059 seconds
[GC pause (G1 Evacuation Pause) (young) (initial-mark) 110M->69M(128M), 0.0012582 secs]
[GC concurrent-root-region-scan-start]
[GC concurrent-root-region-scan-end, 0.0002151 secs]
[GC concurrent-mark-start]
[GC concurrent-mark-end, 0.0069827 secs]
Application time: 0.0072628 seconds
[GC remark, 0.0031499 secs]
Application time: 0.0000356 seconds
[GC cleanup 73M->73M(128M), 0.0002255 secs]
Application time: 0.0382050 seconds
[GC pause (G1 Evacuation Pause) (young) 110M->69M(128M), 0.0011419 secs]
Application time: 0.0412066 seconds
[GC pause (G1 Evacuation Pause) (young) 110M->69M(128M), 0.0011827 secs]
Application time: 0.0543301 seconds
[GC pause (G1 Evacuation Pause) (young) (initial-mark) 110M->69M(128M), 0.0011993 secs]
[GC concurrent-root-region-scan-start]
[GC concurrent-root-region-scan-end, 0.0002474 secs]
[GC concurrent-mark-start]
[GC concurrent-mark-end, 0.0070781 secs]
Application time: 0.0073899 seconds
[GC remark, 0.0034804 secs]
Application time: 0.0000332 seconds
[GC cleanup 73M->73M(128M), 0.0002249 secs]
Application time: 0.0394258 seconds
[GC pause (G1 Evacuation Pause) (young) 110M->69M(128M), 0.0010897 secs]
Application time: 0.0419271 seconds
[GC pause (G1 Evacuation Pause) (young) 110M->69M(128M), 0.0011141 secs]
Application time: 0.0423064 seconds
[GC pause (G1 Evacuation Pause) (young) (initial-mark) 110M->69M(128M), 0.0011474 secs]
[GC concurrent-root-region-scan-start]
[GC concurrent-root-region-scan-end, 0.0001876 secs]
[GC concurrent-mark-start]
[GC concurrent-mark-end, 0.0092707 secs]
Application time: 0.0094774 seconds
[GC remark, 0.0036006 secs]
Application time: 0.0012173 seconds
[GC cleanup 75M->75M(128M), 0.0002680 secs]
Application time: 0.0435374 seconds
[GC pause (G1 Evacuation Pause) (young) 110M->69M(128M), 0.0011710 secs]
Application time: 0.0416510 seconds
[GC pause (G1 Evacuation Pause) (young) 110M->69M(128M), 0.0012637 secs]
Application time: 0.0448342 seconds
[GC pause (G1 Evacuation Pause) (young) (initial-mark) 110M->69M(128M), 0.0012141 secs]
[GC concurrent-root-region-scan-start]
[GC concurrent-root-region-scan-end, 0.0001808 secs]
[GC concurrent-mark-start]
[GC concurrent-mark-end, 0.0070798 secs]
Application time: 0.0073265 seconds
[GC remark, 0.0031464 secs]
Application time: 0.0000471 seconds
[GC cleanup 72M->72M(128M), 0.0002164 secs]
Application time: 0.1102067 seconds
[GC pause (G1 Evacuation Pause) (young) 110M->69M(128M), 0.0010252 secs]
Application time: 0.0885663 seconds
[GC pause (G1 Evacuation Pause) (young) 110M->69M(128M), 0.0011916 secs]
Application time: 0.0411437 seconds
[GC pause (G1 Evacuation Pause) (young) (initial-mark) 110M->69M(128M), 0.0011683 secs]
[GC concurrent-root-region-scan-start]
[GC concurrent-root-region-scan-end, 0.0002239 secs]
[GC concurrent-mark-start]
[GC concurrent-mark-end, 0.0066637 secs]
Application time: 0.0069420 seconds
[GC remark, 0.0028830 secs]
Application time: 0.0000430 seconds
[GC cleanup 72M->72M(128M), 0.0002188 secs]
Application time: 0.0418986 seconds
[GC pause (G1 Evacuation Pause) (young) 110M->69M(128M), 0.0011421 secs]
Application time: 0.0417246 seconds
[GC pause (G1 Evacuation Pause) (young) 110M->69M(128M), 0.0010791 secs]
Application time: 0.0413869 seconds
[GC pause (G1 Evacuation Pause) (young) (initial-mark) 110M->69M(128M), 0.0012772 secs]
[GC concurrent-root-region-scan-start]
[GC concurrent-root-region-scan-end, 0.0003398 secs]
[GC concurrent-mark-start]
[GC concurrent-mark-end, 0.0108773 secs]
Application time: 0.0112932 seconds
[GC remark, 0.0031645 secs]
Application time: 0.0000573 seconds
[GC cleanup 76M->76M(128M), 0.0002207 secs]
Application time: 0.0344499 seconds
[GC pause (G1 Evacuation Pause) (young) 110M->69M(128M), 0.0011727 secs]
Application time: 0.0414319 seconds
[GC pause (G1 Evacuation Pause) (young) 110M->69M(128M), 0.0011577 secs]
Application time: 0.0414869 seconds
[GC pause (G1 Evacuation Pause) (young) (initial-mark) 110M->69M(128M), 0.0011816 secs]
[GC concurrent-root-region-scan-start]
[GC concurrent-root-region-scan-end, 0.0002839 secs]
[GC concurrent-mark-start]
[GC concurrent-mark-end, 0.0151607 secs]
Application time: 0.0155190 seconds
[GC remark, 0.0032756 secs]
Application time: 0.0000310 seconds
[GC cleanup 80M->80M(128M), 0.0002690 secs]
Application time: 0.0324198 seconds
[GC pause (G1 Evacuation Pause) (young) 110M->69M(128M), 0.0012161 secs]
Application time: 0.0649642 seconds
[GC pause (G1 Evacuation Pause) (young) 110M->69M(128M), 0.0010984 secs]
Application time: 0.1287049 seconds
[GC pause (G1 Evacuation Pause) (young) (initial-mark) 110M->69M(128M), 0.0011892 secs]
[GC concurrent-root-region-scan-start]
[GC concurrent-root-region-scan-end, 0.0002642 secs]
[GC concurrent-mark-start]
[GC concurrent-mark-end, 0.0066778 secs]
Application time: 0.0069988 seconds
[GC remark, 0.0030601 secs]
Application time: 0.0000374 seconds
[GC cleanup 70M->70M(128M), 0.0002323 secs]
Application time: 0.0490474 seconds
[GC pause (G1 Evacuation Pause) (young) 110M->69M(128M), 0.0010710 secs]
Application time: 0.0409546 seconds
[GC pause (G1 Evacuation Pause) (young) 110M->69M(128M), 0.0011158 secs]
Application time: 0.0483109 seconds
[GC pause (G1 Evacuation Pause) (young) (initial-mark) 110M->69M(128M), 0.0013012 secs]
[GC concurrent-root-region-scan-start]
[GC concurrent-root-region-scan-end, 0.0002173 secs]
[GC concurrent-mark-start]
[GC concurrent-mark-end, 0.0069816 secs]
Application time: 0.0072573 seconds
[GC remark, 0.0034082 secs]
Application time: 0.0000701 seconds
[GC cleanup 73M->73M(128M), 0.0002408 secs]
Application time: 0.0389609 seconds
[GC pause (G1 Evacuation Pause) (young) 110M->69M(128M), 0.0012234 secs]
Application time: 0.0412586 seconds
[GC pause (G1 Evacuation Pause) (young) 110M->69M(128M), 0.0010855 secs]
Application time: 0.0412193 seconds
[GC pause (G1 Evacuation Pause) (young) (initial-mark) 110M->69M(128M), 0.0012408 secs]
[GC concurrent-root-region-scan-start]
[GC concurrent-root-region-scan-end, 0.0002078 secs]
[GC concurrent-mark-start]
[GC concurrent-mark-end, 0.0066049 secs]
Application time: 0.0068814 seconds
[GC remark, 0.0030830 secs]
Application time: 0.0000446 seconds
[GC cleanup 72M->72M(128M), 0.0002144 secs]
Application time: 0.0457414 seconds
[GC pause (G1 Evacuation Pause) (young) 110M->69M(128M), 0.0010519 secs]
Application time: 0.0411648 seconds
[GC pause (G1 Evacuation Pause) (young) 110M->69M(128M), 0.0010933 secs]
Application time: 0.0409954 seconds
[GC pause (G1 Evacuation Pause) (young) (initial-mark) 110M->69M(128M), 0.0012010 secs]
[GC concurrent-root-region-scan-start]
[GC concurrent-root-region-scan-end, 0.0003036 secs]
[GC concurrent-mark-start]
[GC concurrent-mark-end, 0.0067765 secs]
Application time: 0.0080518 seconds
[GC remark, 0.0029886 secs]
Application time: 0.0000782 seconds
[GC cleanup 73M->73M(128M), 0.0002466 secs]
Application time: 0.0889135 seconds
[GC pause (G1 Evacuation Pause) (young) 110M->69M(128M), 0.0010516 secs]
Application time: 0.1011897 seconds
[GC pause (G1 Evacuation Pause) (young) 110M->69M(128M), 0.0010557 secs]
Application time: 0.0421811 seconds
[GC pause (G1 Evacuation Pause) (young) (initial-mark) 110M->69M(128M), 0.0012514 secs]
[GC concurrent-root-region-scan-start]
[GC concurrent-root-region-scan-end, 0.0002944 secs]
[GC concurrent-mark-start]
[GC concurrent-mark-end, 0.0066692 secs]
Application time: 0.0070282 seconds
[GC remark, 0.0030884 secs]
Application time: 0.0000436 seconds
[GC cleanup 73M->73M(128M), 0.0002312 secs]
Application time: 0.0418044 seconds
[GC pause (G1 Evacuation Pause) (young) 110M->69M(128M), 0.0012736 secs]
Application time: 0.0418565 seconds
[GC pause (G1 Evacuation Pause) (young) 110M->69M(128M), 0.0011646 secs]
Application time: 0.0418655 seconds
[GC pause (G1 Evacuation Pause) (young) (initial-mark) 110M->69M(128M), 0.0011905 secs]
[GC concurrent-root-region-scan-start]
[GC concurrent-root-region-scan-end, 0.0002854 secs]
[GC concurrent-mark-start]
[GC concurrent-mark-end, 0.0150020 secs]
Application time: 0.0153744 seconds
[GC remark, 0.0030705 secs]
Application time: 0.0000564 seconds
[GC cleanup 79M->79M(128M), 0.0002287 secs]
Application time: 0.0309393 seconds
[GC pause (G1 Evacuation Pause) (young) 110M->69M(128M), 0.0012178 secs]
Application time: 0.0411644 seconds
[GC pause (G1 Evacuation Pause) (young) 110M->69M(128M), 0.0011449 secs]
Application time: 0.0420778 seconds
[GC pause (G1 Evacuation Pause) (young) (initial-mark) 110M->69M(128M), 0.0011186 secs]
[GC concurrent-root-region-scan-start]
[GC concurrent-root-region-scan-end, 0.0002614 secs]
[GC concurrent-mark-start]
[GC concurrent-mark-end, 0.0066532 secs]
Application time: 0.0069766 seconds
[GC remark, 0.0029349 secs]
Application time: 0.0000444 seconds
[GC cleanup 73M->73M(128M), 0.0002375 secs]
Application time: 0.0394653 seconds
[GC pause (G1 Evacuation Pause) (young) 110M->69M(128M), 0.0011176 secs]
Application time: 0.0463360 seconds
[GC pause (G1 Evacuation Pause) (young) 110M->69M(128M), 0.0011324 secs]
Application time: 0.1300161 seconds
[GC pause (G1 Evacuation Pause) (young) (initial-mark) 110M->69M(128M), 0.0012371 secs]
[GC concurrent-root-region-scan-start]
[GC concurrent-root-region-scan-end, 0.0019817 secs]
[GC concurrent-mark-start]
[GC concurrent-mark-end, 0.0072611 secs]
Application time: 0.0093122 seconds
[GC remark, 0.0035681 secs]
Application time: 0.0000583 seconds
[GC cleanup 71M->71M(128M), 0.0002377 secs]
Application time: 0.0595797 seconds
[GC pause (G1 Evacuation Pause) (young) 110M->69M(128M), 0.0011196 secs]
Application time: 0.0472487 seconds
[GC pause (G1 Evacuation Pause) (young) 110M->69M(128M), 0.0010128 secs]
Application time: 0.0419483 seconds
[GC pause (G1 Evacuation Pause) (young) (initial-mark) 110M->69M(128M), 0.0011137 secs]
[GC concurrent-root-region-scan-start]
[GC concurrent-root-region-scan-end, 0.0002460 secs]
[GC concurrent-mark-start]
[GC concurrent-mark-end, 0.0097132 secs]
Application time: 0.0100416 seconds
[GC remark, 0.0031109 secs]
Application time: 0.0000634 seconds
[GC cleanup 75M->75M(128M), 0.0002292 secs]
Application time: 0.0359186 seconds
[GC pause (G1 Evacuation Pause) (young) 110M->69M(128M), 0.0032119 secs]
Application time: 0.0420148 seconds
[GC pause (G1 Evacuation Pause) (young) 110M->69M(128M), 0.0011974 secs]
Application time: 0.0469011 seconds
[GC pause (G1 Evacuation Pause) (young) (initial-mark) 110M->69M(128M), 0.0012199 secs]
[GC concurrent-root-region-scan-start]
[GC concurrent-root-region-scan-end, 0.0002333 secs]
[GC concurrent-mark-start]
[GC concurrent-mark-end, 0.0066094 secs]
Application time: 0.0069028 seconds
[GC remark, 0.0030833 secs]
Application time: 0.0014290 seconds
[GC cleanup 73M->73M(128M), 0.0002130 secs]
Application time: 0.0380397 seconds
[GC pause (G1 Evacuation Pause) (young) 110M->69M(128M), 0.0010774 secs]
Application time: 0.0419610 seconds
[GC pause (G1 Evacuation Pause) (young) 110M->69M(128M), 0.0010570 secs]
Application time: 0.0418592 seconds
[GC pause (G1 Evacuation Pause) (young) (initial-mark) 110M->69M(128M), 0.0011084 secs]
[GC concurrent-root-region-scan-start]
[GC concurrent-root-region-scan-end, 0.0003029 secs]
[GC concurrent-mark-start]
[GC concurrent-mark-end, 0.0067835 secs]
Application time: 0.0071455 seconds
[GC remark, 0.0029510 secs]
Application time: 0.0000459 seconds
[GC cleanup 73M->73M(128M), 0.0002160 secs]
Application time: 0.0753177 seconds
[GC pause (G1 Evacuation Pause) (young) 110M->69M(128M), 0.0011020 secs]
Application time: 0.1221608 seconds
[GC pause (G1 Evacuation Pause) (young) 110M->69M(128M), 0.0011842 secs]
Application time: 0.0458677 seconds
[GC pause (G1 Evacuation Pause) (young) (initial-mark) 110M->69M(128M), 0.0013193 secs]
[GC concurrent-root-region-scan-start]
[GC concurrent-root-region-scan-end, 0.0002632 secs]
[GC concurrent-mark-start]
[GC concurrent-mark-end, 0.0096595 secs]
Application time: 0.0099964 seconds
[GC remark, 0.0032599 secs]
Application time: 0.0000728 seconds
[GC cleanup 75M->75M(128M), 0.0002293 secs]
Application time: 0.0366155 seconds
[GC pause (G1 Evacuation Pause) (young) 110M->69M(128M), 0.0013698 secs]
Application time: 0.0477929 seconds
[GC pause (G1 Evacuation Pause) (young) 110M->69M(128M), 0.0011764 secs]
Application time: 0.0426064 seconds
[GC pause (G1 Evacuation Pause) (young) (initial-mark) 110M->69M(128M), 0.0012605 secs]
[GC concurrent-root-region-scan-start]
[GC concurrent-root-region-scan-end, 0.0002797 secs]
[GC concurrent-mark-start]
[GC concurrent-mark-end, 0.0145343 secs]
Application time: 0.0148982 seconds
[GC remark, 0.0035340 secs]
Application time: 0.0000489 seconds
[GC cleanup 80M->80M(128M), 0.0002357 secs]
Application time: 0.0319548 seconds
[GC pause (G1 Evacuation Pause) (young) 110M->69M(128M), 0.0011495 secs]
Application time: 0.0416250 seconds
[GC pause (G1 Evacuation Pause) (young) 110M->69M(128M), 0.0011209 secs]
Application time: 0.0418109 seconds
[GC pause (G1 Evacuation Pause) (young) (initial-mark) 110M->69M(128M), 0.0012508 secs]
[GC concurrent-root-region-scan-start]
[GC concurrent-root-region-scan-end, 0.0003395 secs]
[GC concurrent-mark-start]
[GC concurrent-mark-end, 0.0142662 secs]
Application time: 0.0146850 seconds
[GC remark, 0.0032111 secs]
Application time: 0.0000467 seconds
[GC cleanup 79M->79M(128M), 0.0002451 secs]
Application time: 0.0317126 seconds
[GC pause (G1 Evacuation Pause) (young) 110M->69M(128M), 0.0010544 secs]
Application time: 0.0478889 seconds
[GC pause (G1 Evacuation Pause) (young) 110M->69M(128M), 0.0011585 secs]
Application time: 0.1144236 seconds
[GC pause (G1 Evacuation Pause) (young) (initial-mark) 110M->69M(128M), 0.0012184 secs]
[GC concurrent-root-region-scan-start]
[GC concurrent-root-region-scan-end, 0.0001611 secs]
[GC concurrent-mark-start]
[GC concurrent-mark-end, 0.0067762 secs]
Application time: 0.0069983 seconds
[GC remark, 0.0031195 secs]
Application time: 0.0000428 seconds
[GC cleanup 70M->70M(128M), 0.0002131 secs]
Application time: 0.0986469 seconds
[GC pause (G1 Evacuation Pause) (young) 110M->69M(128M), 0.0012356 secs]
Application time: 0.0488175 seconds
[GC pause (G1 Evacuation Pause) (young) 110M->69M(128M), 0.0013427 secs]
Application time: 0.0415008 seconds
[GC pause (G1 Evacuation Pause) (young) (initial-mark) 110M->69M(128M), 0.0013458 secs]
[GC concurrent-root-region-scan-start]
[GC concurrent-root-region-scan-end, 0.0003607 secs]
[GC concurrent-mark-start]
[GC concurrent-mark-end, 0.0072498 secs]
Application time: 0.0076887 seconds
[GC remark, 0.0031643 secs]
Application time: 0.0000472 seconds
[GC cleanup 73M->73M(128M), 0.0002509 secs]
Application time: 0.0388504 seconds
[GC pause (G1 Evacuation Pause) (young) 110M->69M(128M), 0.0011954 secs]
Application time: 0.0424330 seconds
[GC pause (G1 Evacuation Pause) (young) 110M->69M(128M), 0.0011598 secs]
Application time: 0.0423698 seconds
[GC pause (G1 Evacuation Pause) (young) (initial-mark) 110M->69M(128M), 0.0011769 secs]
[GC concurrent-root-region-scan-start]
[GC concurrent-root-region-scan-end, 0.0002883 secs]
[GC concurrent-mark-start]
[GC concurrent-mark-end, 0.0070859 secs]
Application time: 0.0074635 seconds
[GC remark, 0.0031674 secs]
Application time: 0.0000464 seconds
[GC cleanup 72M->72M(128M), 0.0002276 secs]
Application time: 0.0408650 seconds
[GC pause (G1 Evacuation Pause) (young) 110M->69M(128M), 0.0011586 secs]
Application time: 0.0417055 seconds
[GC pause (G1 Evacuation Pause) (young) 110M->69M(128M), 0.0011853 secs]
Application time: 0.0414474 seconds
[GC pause (G1 Evacuation Pause) (young) (initial-mark) 110M->69M(128M), 0.0016786 secs]
[GC concurrent-root-region-scan-start]
[GC concurrent-root-region-scan-end, 0.0003231 secs]
[GC concurrent-mark-start]
[GC concurrent-mark-end, 0.0073196 secs]
Application time: 0.0077077 seconds
[GC remark, 0.0046598 secs]
Application time: 0.0000651 seconds
[GC cleanup 73M->73M(128M), 0.0003071 secs]
Application time: 0.0830874 seconds
[GC pause (G1 Evacuation Pause) (young) 110M->69M(128M), 0.0015492 secs]
Application time: 0.1301646 seconds
[GC pause (G1 Evacuation Pause) (young) 110M->69M(128M), 0.0013813 secs]
Application time: 0.0552489 seconds
[GC pause (G1 Evacuation Pause) (young) (initial-mark) 110M->69M(128M), 0.0016257 secs]
[GC concurrent-root-region-scan-start]
[GC concurrent-root-region-scan-end, 0.0003095 secs]
[GC concurrent-mark-start]
[GC concurrent-mark-end, 0.0066910 secs]
Application time: 0.0070641 seconds
[GC remark, 0.0044640 secs]
Application time: 0.0010660 seconds
[GC cleanup 73M->73M(128M), 0.0003056 secs]
Application time: 0.0374509 seconds
[GC pause (G1 Evacuation Pause) (young) 110M->69M(128M), 0.0013541 secs]
Application time: 0.0432182 seconds
[GC pause (G1 Evacuation Pause) (young) 110M->69M(128M), 0.0015249 secs]
Application time: 0.0449379 seconds
[GC pause (G1 Evacuation Pause) (young) (initial-mark) 110M->69M(128M), 0.0017648 secs]
[GC concurrent-root-region-scan-start]
[GC concurrent-root-region-scan-end, 0.0003103 secs]
[GC concurrent-mark-start]
[GC concurrent-mark-end, 0.0118504 secs]
Application time: 0.0122231 seconds
[GC remark, 0.0044638 secs]
Application time: 0.0000440 seconds
[GC cleanup 77M->77M(128M), 0.0003607 secs]
Application time: 0.0334892 seconds
[GC pause (G1 Evacuation Pause) (young) 110M->69M(128M), 0.0013661 secs]
Application time: 0.0407873 seconds
[GC pause (G1 Evacuation Pause) (young) 110M->69M(128M), 0.0013451 secs]
Application time: 0.0405021 seconds
[GC pause (G1 Evacuation Pause) (young) (initial-mark) 110M->69M(128M), 0.0016211 secs]
[GC concurrent-root-region-scan-start]
[GC concurrent-root-region-scan-end, 0.0003112 secs]
[GC concurrent-mark-start]
[GC concurrent-mark-end, 0.0063951 secs]
Application time: 0.0067719 seconds
[GC remark, 0.0045181 secs]
Application time: 0.0000526 seconds
[GC cleanup 73M->73M(128M), 0.0002770 secs]
Application time: 0.0385307 seconds
[GC pause (G1 Evacuation Pause) (young) 110M->69M(128M), 0.0014076 secs]
Application time: 0.0413525 seconds
[GC pause (G1 Evacuation Pause) (young) 110M->69M(128M), 0.0013794 secs]
Application time: 0.0960686 seconds
[GC pause (G1 Evacuation Pause) (young) (initial-mark) 110M->69M(128M), 0.0016795 secs]
[GC concurrent-root-region-scan-start]
[GC concurrent-root-region-scan-end, 0.0002633 secs]
[GC concurrent-mark-start]
[GC concurrent-mark-end, 0.0065498 secs]
Application time: 0.0118310 seconds
[GC remark, 0.0046481 secs]
Application time: 0.0000541 seconds
[GC cleanup 71M->71M(128M), 0.0002906 secs]
Application time: 0.0882799 seconds
[GC pause (G1 Evacuation Pause) (young) 110M->69M(128M), 0.0017197 secs]
Application time: 0.0412958 seconds
[GC pause (G1 Evacuation Pause) (young) 110M->69M(128M), 0.0016041 secs]
Application time: 0.0418968 seconds
[GC pause (G1 Evacuation Pause) (young) (initial-mark) 110M->69M(128M), 0.0017709 secs]
[GC concurrent-root-region-scan-start]
[GC concurrent-root-region-scan-end, 0.0003409 secs]
[GC concurrent-mark-start]
[GC concurrent-mark-end, 0.0067775 secs]
Application time: 0.0071730 seconds
[GC remark, 0.0052934 secs]
Application time: 0.0010288 seconds
[GC cleanup 73M->73M(128M), 0.0003375 secs]
Application time: 0.0385637 seconds
[GC pause (G1 Evacuation Pause) (young) 110M->69M(128M), 0.0015411 secs]
Application time: 0.0417809 seconds
[GC pause (G1 Evacuation Pause) (young) 110M->69M(128M), 0.0015027 secs]
Application time: 0.0493858 seconds
[GC pause (G1 Evacuation Pause) (young) (initial-mark) 110M->69M(128M), 0.0015707 secs]
[GC concurrent-root-region-scan-start]
[GC concurrent-root-region-scan-end, 0.0002733 secs]
[GC concurrent-mark-start]
[GC concurrent-mark-end, 0.0066077 secs]
Application time: 0.0069489 seconds
[GC remark, 0.0029986 secs]
Application time: 0.0000603 seconds
[GC cleanup 72M->72M(128M), 0.0002192 secs]
Application time: 0.0386485 seconds
[GC pause (G1 Evacuation Pause) (young) 110M->69M(128M), 0.0009534 secs]
Application time: 0.0398155 seconds
[GC pause (G1 Evacuation Pause) (young) 110M->69M(128M), 0.0010485 secs]
Application time: 0.0410785 seconds
[GC pause (G1 Evacuation Pause) (young) (initial-mark) 110M->69M(128M), 0.0011769 secs]
[GC concurrent-root-region-scan-start]
[GC concurrent-root-region-scan-end, 0.0003427 secs]
[GC concurrent-mark-start]
[GC concurrent-mark-end, 0.0066859 secs]
Application time: 0.0071022 seconds
[GC remark, 0.0029412 secs]
Application time: 0.0000497 seconds
[GC cleanup 73M->73M(128M), 0.0002029 secs]
Application time: 0.0450502 seconds
[GC pause (G1 Evacuation Pause) (young) 110M->69M(128M), 0.0010375 secs]
Application time: 0.1366138 seconds
[GC pause (G1 Evacuation Pause) (young) 110M->69M(128M), 0.0010731 secs]
Application time: 0.0575345 seconds
[GC pause (G1 Evacuation Pause) (young) (initial-mark) 110M->69M(128M), 0.0012792 secs]
[GC concurrent-root-region-scan-start]
[GC concurrent-root-region-scan-end, 0.0002919 secs]
[GC concurrent-mark-start]
[GC concurrent-mark-end, 0.0065939 secs]
Application time: 0.0069429 seconds
[GC remark, 0.0029373 secs]
Application time: 0.0000552 seconds
[GC cleanup 73M->73M(128M), 0.0002943 secs]
Application time: 0.0387048 seconds
[GC pause (G1 Evacuation Pause) (young) 110M->69M(128M), 0.0011455 secs]
Application time: 0.0448083 seconds
[GC pause (G1 Evacuation Pause) (young) 110M->69M(128M), 0.0011686 secs]
Application time: 0.0415018 seconds
[GC pause (G1 Evacuation Pause) (young) (initial-mark) 110M->69M(128M), 0.0013113 secs]
[GC concurrent-root-region-scan-start]
[GC concurrent-root-region-scan-end, 0.0003452 secs]
[GC concurrent-mark-start]
[GC concurrent-mark-end, 0.0071343 secs]
Application time: 0.0075379 seconds
[GC remark, 0.0032692 secs]
Application time: 0.0003249 seconds
[GC cleanup 73M->73M(128M), 0.0002293 secs]
Application time: 0.0383942 seconds
[GC pause (G1 Evacuation Pause) (young) 110M->69M(128M), 0.0010493 secs]
Application time: 0.0411612 seconds
[GC pause (G1 Evacuation Pause) (young) 110M->69M(128M), 0.0011338 secs]
Application time: 0.0411632 seconds
[GC pause (G1 Evacuation Pause) (young) (initial-mark) 110M->69M(128M), 0.0012708 secs]
[GC concurrent-root-region-scan-start]
[GC concurrent-root-region-scan-end, 0.0001774 secs]
[GC concurrent-mark-start]
[GC concurrent-mark-end, 0.0071290 secs]
Application time: 0.0073742 seconds
[GC remark, 0.0032315 secs]
Application time: 0.0000494 seconds
[GC cleanup 73M->73M(128M), 0.0003223 secs]
Application time: 0.0425679 seconds
[GC pause (G1 Evacuation Pause) (young) 110M->69M(128M), 0.0011426 secs]
Application time: 0.0411283 seconds
[GC pause (G1 Evacuation Pause) (young) 110M->69M(128M), 0.0010763 secs]
Application time: 0.0834946 seconds
[GC pause (G1 Evacuation Pause) (young) (initial-mark) 110M->69M(128M), 0.0011138 secs]
[GC concurrent-root-region-scan-start]
[GC concurrent-root-region-scan-end, 0.0002660 secs]
[GC concurrent-mark-start]
[GC concurrent-mark-end, 0.0067089 secs]
Application time: 0.0118240 seconds
[GC remark, 0.0031024 secs]
Application time: 0.0000624 seconds
[GC cleanup 71M->71M(128M), 0.0002180 secs]
Application time: 0.1187898 seconds
[GC pause (G1 Evacuation Pause) (young) 110M->69M(128M), 0.0011480 secs]
Application time: 0.0416193 seconds
[GC pause (G1 Evacuation Pause) (young) 110M->69M(128M), 0.0010556 secs]
Application time: 0.0470582 seconds
[GC pause (G1 Evacuation Pause) (young) (initial-mark) 110M->69M(128M), 0.0012189 secs]
[GC concurrent-root-region-scan-start]
[GC concurrent-root-region-scan-end, 0.0002856 secs]
[GC concurrent-mark-start]
[GC concurrent-mark-end, 0.0071177 secs]
Application time: 0.0074570 seconds
[GC remark, 0.0041127 secs]
Application time: 0.0000480 seconds
[GC cleanup 73M->73M(128M), 0.0003253 secs]
Application time: 0.0547969 seconds
[GC pause (G1 Evacuation Pause) (young) 110M->69M(128M), 0.0013369 secs]
Application time: 0.0472991 seconds
[GC pause (G1 Evacuation Pause) (young) 110M->69M(128M), 0.0010647 secs]
Application time: 0.0415967 seconds
[GC pause (G1 Evacuation Pause) (young) (initial-mark) 110M->69M(128M), 0.0012790 secs]
[GC concurrent-root-region-scan-start]
[GC concurrent-root-region-scan-end, 0.0002156 secs]
[GC concurrent-mark-start]
[GC concurrent-mark-end, 0.0066425 secs]
Application time: 0.0069202 seconds
[GC remark, 0.0031314 secs]
Application time: 0.0000489 seconds
[GC cleanup 73M->73M(128M), 0.0002454 secs]
Application time: 0.0434038 seconds
[GC pause (G1 Evacuation Pause) (young) 110M->69M(128M), 0.0011676 secs]
Application time: 0.0414971 seconds
[GC pause (G1 Evacuation Pause) (young) 110M->69M(128M), 0.0011835 secs]
Application time: 0.0414568 seconds
[GC pause (G1 Evacuation Pause) (young) (initial-mark) 110M->69M(128M), 0.0012740 secs]
[GC concurrent-root-region-scan-start]
[GC concurrent-root-region-scan-end, 0.0002939 secs]
[GC concurrent-mark-start]
[GC concurrent-mark-end, 0.0068519 secs]
Application time: 0.0082701 seconds
[GC remark, 0.0032374 secs]
Application time: 0.0000571 seconds
[GC cleanup 73M->73M(128M), 0.0002776 secs]
Application time: 0.0373043 seconds
[GC pause (G1 Evacuation Pause) (young) 110M->69M(128M), 0.0011111 secs]
Application time: 0.1204124 seconds
[GC pause (G1 Evacuation Pause) (young) 110M->69M(128M), 0.0010866 secs]
Application time: 0.0890801 seconds
[GC pause (G1 Evacuation Pause) (young) (initial-mark) 110M->69M(128M), 0.0012567 secs]
[GC concurrent-root-region-scan-start]
[GC concurrent-root-region-scan-end, 0.0007725 secs]
[GC concurrent-mark-start]
[GC concurrent-mark-end, 0.0065725 secs]
Application time: 0.0073673 seconds
[GC remark, 0.0029937 secs]
Application time: 0.0000290 seconds
[GC cleanup 73M->73M(128M), 0.0002038 secs]
Application time: 0.0405329 seconds
[GC pause (G1 Evacuation Pause) (young) 110M->69M(128M), 0.0010465 secs]
Application time: 0.0414743 seconds
[GC pause (G1 Evacuation Pause) (young) 110M->69M(128M), 0.0011032 secs]
Application time: 0.0609877 seconds
[GC pause (G1 Evacuation Pause) (young) (initial-mark) 110M->69M(128M), 0.0013257 secs]
[GC concurrent-root-region-scan-start]
[GC concurrent-root-region-scan-end, 0.0001969 secs]
[GC concurrent-mark-start]
[GC concurrent-mark-end, 0.0071251 secs]
Application time: 0.0073264 seconds
[GC remark, 0.0032829 secs]
Application time: 0.0000344 seconds
[GC cleanup 72M->72M(128M), 0.0002654 secs]
Application time: 0.0491976 seconds
[GC pause (G1 Evacuation Pause) (young) 110M->69M(128M), 0.0012244 secs]
Application time: 0.0411956 seconds
[GC pause (G1 Evacuation Pause) (young) 110M->69M(128M), 0.0011724 secs]
Application time: 0.0410650 seconds
[GC pause (G1 Evacuation Pause) (young) (initial-mark) 110M->69M(128M), 0.0011945 secs]
[GC concurrent-root-region-scan-start]
[GC concurrent-root-region-scan-end, 0.0002820 secs]
[GC concurrent-mark-start]
[GC concurrent-mark-end, 0.0071723 secs]
Application time: 0.0075154 seconds
[GC remark, 0.0032347 secs]
Application time: 0.0000343 seconds
[GC cleanup 73M->73M(128M), 0.0002214 secs]
Application time: 0.0375494 seconds
[GC pause (G1 Evacuation Pause) (young) 110M->69M(128M), 0.0011766 secs]
Application time: 0.0409084 seconds
[GC pause (G1 Evacuation Pause) (young) 110M->69M(128M), 0.0010750 secs]
Application time: 0.0674873 seconds
[GC pause (G1 Evacuation Pause) (young) (initial-mark) 110M->69M(128M), 0.0011354 secs]
[GC concurrent-root-region-scan-start]
[GC concurrent-root-region-scan-end, 0.0001811 secs]
[GC concurrent-mark-start]
[GC concurrent-mark-end, 0.0070582 secs]
Application time: 0.0072359 seconds
[GC remark, 0.0031884 secs]
Application time: 0.0000373 seconds
[GC cleanup 70M->70M(128M), 0.0002291 secs]
Application time: 0.1188909 seconds
[GC pause (G1 Evacuation Pause) (young) 110M->69M(128M), 0.0011205 secs]
Application time: 0.0450484 seconds
[GC pause (G1 Evacuation Pause) (young) 110M->69M(128M), 0.0011119 secs]
Application time: 0.0411601 seconds
[GC pause (G1 Evacuation Pause) (young) (initial-mark) 110M->69M(128M), 0.0011321 secs]
[GC concurrent-root-region-scan-start]
[GC concurrent-root-region-scan-end, 0.0002515 secs]
[GC concurrent-mark-start]
[GC concurrent-mark-end, 0.0066507 secs]
Application time: 0.0069637 seconds
[GC remark, 0.0031951 secs]
Application time: 0.0000335 seconds
[GC cleanup 73M->73M(128M), 0.0002334 secs]
Application time: 0.0383018 seconds
[GC pause (G1 Evacuation Pause) (young) 110M->69M(128M), 0.0011594 secs]
Application time: 0.0409551 seconds
[GC pause (G1 Evacuation Pause) (young) 110M->69M(128M), 0.0011440 secs]
Application time: 0.0408137 seconds
[GC pause (G1 Evacuation Pause) (young) (initial-mark) 110M->69M(128M), 0.0012765 secs]
[GC concurrent-root-region-scan-start]
[GC concurrent-root-region-scan-end, 0.0002763 secs]
[GC concurrent-mark-start]
[GC concurrent-mark-end, 0.0075775 secs]
Application time: 0.0079207 seconds
[GC remark, 0.0034626 secs]
Application time: 0.0001854 seconds
[GC cleanup 73M->73M(128M), 0.0002472 secs]
Application time: 0.0383297 seconds
[GC pause (G1 Evacuation Pause) (young) 110M->69M(128M), 0.0011063 secs]
Application time: 0.0414086 seconds
[GC pause (G1 Evacuation Pause) (young) 110M->69M(128M), 0.0011718 secs]
Application time: 0.0473469 seconds
[GC pause (G1 Evacuation Pause) (young) (initial-mark) 110M->69M(128M), 0.0013028 secs]
[GC concurrent-root-region-scan-start]
[GC concurrent-root-region-scan-end, 0.0002855 secs]
[GC concurrent-mark-start]
[GC concurrent-mark-end, 0.0068131 secs]
Application time: 0.0071808 seconds
[GC remark, 0.0032157 secs]
Application time: 0.0000513 seconds
[GC cleanup 72M->72M(128M), 0.0003143 secs]
Application time: 0.0398562 seconds
[GC pause (G1 Evacuation Pause) (young) 110M->69M(128M), 0.0011220 secs]
Application time: 0.1077679 seconds
[GC pause (G1 Evacuation Pause) (young) 110M->69M(128M), 0.0010909 secs]
Application time: 0.0918213 seconds
[GC pause (G1 Evacuation Pause) (young) (initial-mark) 110M->69M(128M), 0.0013141 secs]
[GC concurrent-root-region-scan-start]
[GC concurrent-root-region-scan-end, 0.0002036 secs]
[GC concurrent-mark-start]
[GC concurrent-mark-end, 0.0066814 secs]
Application time: 0.0069722 seconds
[GC remark, 0.0030678 secs]
Application time: 0.0000563 seconds
[GC cleanup 72M->72M(128M), 0.0002431 secs]
Application time: 0.0417623 seconds
[GC pause (G1 Evacuation Pause) (young) 110M->69M(128M), 0.0011711 secs]
Application time: 0.0414815 seconds
[GC pause (G1 Evacuation Pause) (young) 110M->69M(128M), 0.0010932 secs]
Application time: 0.0411269 seconds
[GC pause (G1 Evacuation Pause) (young) (initial-mark) 110M->69M(128M), 0.0012473 secs]
[GC concurrent-root-region-scan-start]
[GC concurrent-root-region-scan-end, 0.0003232 secs]
[GC concurrent-mark-start]
[GC concurrent-mark-end, 0.0066305 secs]
Application time: 0.0070193 seconds
[GC remark, 0.0029057 secs]
Application time: 0.0000438 seconds
[GC cleanup 73M->73M(128M), 0.0002090 secs]
Application time: 0.0383622 seconds
[GC pause (G1 Evacuation Pause) (young) 110M->69M(128M), 0.0012436 secs]
Application time: 0.0417788 seconds
[GC pause (G1 Evacuation Pause) (young) 110M->69M(128M), 0.0012105 secs]
Application time: 0.0495351 seconds
[GC pause (G1 Evacuation Pause) (young) (initial-mark) 110M->69M(128M), 0.0012672 secs]
[GC concurrent-root-region-scan-start]
[GC concurrent-root-region-scan-end, 0.0003344 secs]
[GC concurrent-mark-start]
[GC concurrent-mark-end, 0.0072586 secs]
Application time: 0.0076407 seconds
[GC remark, 0.0032054 secs]
Application time: 0.0000646 seconds
[GC cleanup 73M->73M(128M), 0.0002241 secs]
Application time: 0.0415432 seconds
[GC pause (G1 Evacuation Pause) (young) 110M->69M(128M), 0.0012150 secs]
Application time: 0.0423457 seconds
[GC pause (G1 Evacuation Pause) (young) 110M->69M(128M), 0.0011228 secs]
Application time: 0.0513845 seconds
[GC pause (G1 Evacuation Pause) (young) (initial-mark) 110M->69M(128M), 0.0011264 secs]
[GC concurrent-root-region-scan-start]
[GC concurrent-root-region-scan-end, 0.0002769 secs]
[GC concurrent-mark-start]
[GC concurrent-mark-end, 0.0113996 secs]
Application time: 0.0117321 seconds
[GC remark, 0.0034954 secs]
Application time: 0.0000351 seconds
[GC cleanup 72M->72M(128M), 0.0003297 secs]
Application time: 0.1273581 seconds
[GC pause (G1 Evacuation Pause) (young) 110M->69M(128M), 0.0014034 secs]
Application time: 0.0535951 seconds
[GC pause (G1 Evacuation Pause) (young) 110M->69M(128M), 0.0014957 secs]
Application time: 0.0424494 seconds
[GC pause (G1 Evacuation Pause) (young) (initial-mark) 110M->69M(128M), 0.0020600 secs]
[GC concurrent-root-region-scan-start]
[GC concurrent-root-region-scan-end, 0.0001604 secs]
[GC concurrent-mark-start]
[GC concurrent-mark-end, 0.0067763 secs]
Application time: 0.0069337 seconds
[GC remark, 0.0044084 secs]
Application time: 0.0000415 seconds
[GC cleanup 72M->72M(128M), 0.0002869 secs]
Application time: 0.0417028 seconds
[GC pause (G1 Evacuation Pause) (young) 110M->69M(128M), 0.0015121 secs]
Application time: 0.0427390 seconds
[GC pause (G1 Evacuation Pause) (young) 110M->69M(128M), 0.0014782 secs]
Application time: 0.0427194 seconds
[GC pause (G1 Evacuation Pause) (young) (initial-mark) 110M->69M(128M), 0.0017673 secs]
[GC concurrent-root-region-scan-start]
[GC concurrent-root-region-scan-end, 0.0001934 secs]
[GC concurrent-mark-start]
[GC concurrent-mark-end, 0.0071548 secs]
Application time: 0.0074066 seconds
[GC remark, 0.0039515 secs]
Application time: 0.0000330 seconds
[GC cleanup 73M->73M(128M), 0.0002156 secs]
Application time: 0.0390250 seconds
[GC pause (G1 Evacuation Pause) (young) 110M->69M(128M), 0.0011695 secs]
Application time: 0.0422898 seconds
[GC pause (G1 Evacuation Pause) (young) 110M->69M(128M), 0.0012062 secs]
Application time: 0.0422583 seconds
[GC pause (G1 Evacuation Pause) (young) (initial-mark) 110M->69M(128M), 0.0012522 secs]
[GC concurrent-root-region-scan-start]
[GC concurrent-root-region-scan-end, 0.0003061 secs]
[GC concurrent-mark-start]
[GC concurrent-mark-end, 0.0067448 secs]
Application time: 0.0071048 seconds
[GC remark, 0.0029441 secs]
Application time: 0.0000310 seconds
[GC cleanup 73M->73M(128M), 0.0002074 secs]
Application time: 0.0392259 seconds
[GC pause (G1 Evacuation Pause) (young) 110M->69M(128M), 0.0011633 secs]
Application time: 0.0908619 seconds
[GC pause (G1 Evacuation Pause) (young) 110M->69M(128M), 0.0011308 secs]
Application time: 0.1218922 seconds
[GC pause (G1 Evacuation Pause) (young) (initial-mark) 110M->69M(128M), 0.0013111 secs]
[GC concurrent-root-region-scan-start]
[GC concurrent-root-region-scan-end, 0.0003082 secs]
[GC concurrent-mark-start]
[GC concurrent-mark-end, 0.0071894 secs]
Application time: 0.0074993 seconds
[GC remark, 0.0030320 secs]
Application time: 0.0000262 seconds
[GC cleanup 72M->72M(128M), 0.0002212 secs]
Application time: 0.0422018 seconds
[GC pause (G1 Evacuation Pause) (young) 110M->69M(128M), 0.0011764 secs]
Application time: 0.0420756 seconds
[GC pause (G1 Evacuation Pause) (young) 110M->69M(128M), 0.0011929 secs]
Application time: 0.0421855 seconds
[GC pause (G1 Evacuation Pause) (young) (initial-mark) 110M->69M(128M), 0.0012194 secs]
[GC concurrent-root-region-scan-start]
[GC concurrent-root-region-scan-end, 0.0002101 secs]
[GC concurrent-mark-start]
[GC concurrent-mark-end, 0.0156193 secs]
Application time: 0.0159262 seconds
[GC remark, 0.0030843 secs]
Application time: 0.0000262 seconds
[GC cleanup 81M->81M(128M), 0.0002161 secs]
Application time: 0.0441078 seconds
[GC pause (G1 Evacuation Pause) (young) 110M->69M(128M), 0.0013258 secs]
Application time: 0.0446120 seconds
[GC pause (G1 Evacuation Pause) (young) 110M->69M(128M), 0.0012527 secs]
Application time: 0.0431958 seconds
[GC pause (G1 Evacuation Pause) (young) (initial-mark) 110M->69M(128M), 0.0013998 secs]
[GC concurrent-root-region-scan-start]
[GC concurrent-root-region-scan-end, 0.0003405 secs]
[GC concurrent-mark-start]
[GC concurrent-mark-end, 0.0071402 secs]
Application time: 0.0075398 seconds
[GC remark, 0.0032011 secs]
Application time: 0.0000352 seconds
[GC cleanup 70M->70M(128M), 0.0002251 secs]
Application time: 0.0418664 seconds
[GC pause (G1 Evacuation Pause) (young) 110M->69M(128M), 0.0011541 secs]
Application time: 0.0417652 seconds
[GC pause (G1 Evacuation Pause) (young) 110M->69M(128M), 0.0011517 secs]
Application time: 0.0442982 seconds
[GC pause (G1 Evacuation Pause) (young) (initial-mark) 110M->69M(128M), 0.0012571 secs]
[GC concurrent-root-region-scan-start]
[GC concurrent-root-region-scan-end, 0.0002877 secs]
[GC concurrent-mark-start]
[GC concurrent-mark-end, 0.0072743 secs]
Application time: 0.0075643 seconds
[GC remark, 0.0032448 secs]
Application time: 0.0014751 seconds
[GC cleanup 71M->71M(128M), 0.0002191 secs]
Application time: 0.1236747 seconds
[GC pause (G1 Evacuation Pause) (young) 110M->69M(128M), 0.0010773 secs]
Application time: 0.0737386 seconds
[GC pause (G1 Evacuation Pause) (young) 110M->69M(128M), 0.0012454 secs]
Application time: 0.0426443 seconds
[GC pause (G1 Evacuation Pause) (young) (initial-mark) 110M->69M(128M), 0.0013730 secs]
[GC concurrent-root-region-scan-start]
[GC concurrent-root-region-scan-end, 0.0003525 secs]
[GC concurrent-mark-start]
[GC concurrent-mark-end, 0.0152181 secs]
Application time: 0.0156484 seconds
[GC remark, 0.0032512 secs]
Application time: 0.0000502 seconds
[GC cleanup 80M->80M(128M), 0.0002253 secs]
Application time: 0.0312385 seconds
[GC pause (G1 Evacuation Pause) (young) 110M->69M(128M), 0.0011219 secs]
Application time: 0.0420416 seconds
[GC pause (G1 Evacuation Pause) (young) 110M->69M(128M), 0.0011344 secs]
Application time: 0.0415889 seconds
[GC pause (G1 Evacuation Pause) (young) (initial-mark) 110M->69M(128M), 0.0012234 secs]
[GC concurrent-root-region-scan-start]
[GC concurrent-root-region-scan-end, 0.0002844 secs]
[GC concurrent-mark-start]
[GC concurrent-mark-end, 0.0070340 secs]
Application time: 0.0084467 seconds
[GC remark, 0.0031931 secs]
Application time: 0.0000575 seconds
[GC cleanup 73M->73M(128M), 0.0003265 secs]
Application time: 0.0398953 seconds
[GC pause (G1 Evacuation Pause) (young) 110M->69M(128M), 0.0011060 secs]
Application time: 0.0423600 seconds
[GC pause (G1 Evacuation Pause) (young) 110M->69M(128M), 0.0010858 secs]
Application time: 0.0424768 seconds
[GC pause (G1 Evacuation Pause) (young) (initial-mark) 110M->69M(128M), 0.0013275 secs]
[GC concurrent-root-region-scan-start]
[GC concurrent-root-region-scan-end, 0.0002041 secs]
[GC concurrent-mark-start]
[GC concurrent-mark-end, 0.0067726 secs]
Application time: 0.0070318 seconds
[GC remark, 0.0030419 secs]
Application time: 0.0000459 seconds
[GC cleanup 73M->73M(128M), 0.0002967 secs]
Application time: 0.0397769 seconds
[GC pause (G1 Evacuation Pause) (young) 110M->69M(128M), 0.0010449 secs]
Application time: 0.0731882 seconds
[GC pause (G1 Evacuation Pause) (young) 110M->69M(128M), 0.0010276 secs]
Application time: 0.1233129 seconds
[GC pause (G1 Evacuation Pause) (young) (initial-mark) 110M->69M(128M), 0.0034352 secs]
[GC concurrent-root-region-scan-start]
[GC concurrent-root-region-scan-end, 0.0002162 secs]
[GC concurrent-mark-start]
[GC concurrent-mark-end, 0.0156685 secs]
Application time: 0.0159520 seconds
[GC remark, 0.0033733 secs]
Application time: 0.0000402 seconds
[GC cleanup 80M->80M(128M), 0.0002978 secs]
Application time: 0.0318585 seconds
[GC pause (G1 Evacuation Pause) (young) 110M->69M(128M), 0.0011589 secs]
Application time: 0.0420444 seconds
[GC pause (G1 Evacuation Pause) (young) 110M->69M(128M), 0.0011473 secs]
Application time: 0.0419855 seconds
[GC pause (G1 Evacuation Pause) (young) (initial-mark) 110M->69M(128M), 0.0017870 secs]
[GC concurrent-root-region-scan-start]
[GC concurrent-root-region-scan-end, 0.0001878 secs]
[GC concurrent-mark-start]
[GC concurrent-mark-end, 0.0065931 secs]
Application time: 0.0068423 seconds
[GC remark, 0.0036310 secs]
Application time: 0.0000379 seconds
[GC cleanup 73M->73M(128M), 0.0002379 secs]
Application time: 0.0402804 seconds
[GC pause (G1 Evacuation Pause) (young) 110M->69M(128M), 0.0012330 secs]
Application time: 0.0436426 seconds
[GC pause (G1 Evacuation Pause) (young) 110M->69M(128M), 0.0012886 secs]
Application time: 0.0423723 seconds
[GC pause (G1 Evacuation Pause) (young) (initial-mark) 110M->69M(128M), 0.0014728 secs]
[GC concurrent-root-region-scan-start]
[GC concurrent-root-region-scan-end, 0.0003637 secs]
[GC concurrent-mark-start]
[GC concurrent-mark-end, 0.0070221 secs]
Application time: 0.0073975 seconds
[GC remark, 0.0052326 secs]
Application time: 0.0000274 seconds
[GC cleanup 73M->73M(128M), 0.0003269 secs]
Application time: 0.0396051 seconds
[GC pause (G1 Evacuation Pause) (young) 110M->69M(128M), 0.0015074 secs]
Application time: 0.0422285 seconds
[GC pause (G1 Evacuation Pause) (young) 110M->69M(128M), 0.0015761 secs]
Application time: 0.0420480 seconds
[GC pause (G1 Evacuation Pause) (young) (initial-mark) 110M->69M(128M), 0.0018370 secs]
[GC concurrent-root-region-scan-start]
[GC concurrent-root-region-scan-end, 0.0001983 secs]
[GC concurrent-mark-start]
[GC concurrent-mark-end, 0.0070524 secs]
Application time: 0.0073059 seconds
[GC remark, 0.0040507 secs]
Application time: 0.0000350 seconds
[GC cleanup 73M->73M(128M), 0.0002205 secs]
Application time: 0.1092321 seconds
[GC pause (G1 Evacuation Pause) (young) 110M->69M(128M), 0.0011325 secs]
Application time: 0.0898239 seconds
[GC pause (G1 Evacuation Pause) (young) 110M->69M(128M), 0.0012629 secs]
Application time: 0.0431796 seconds
[GC pause (G1 Evacuation Pause) (young) (initial-mark) 110M->69M(128M), 0.0012268 secs]
[GC concurrent-root-region-scan-start]
[GC concurrent-root-region-scan-end, 0.0002421 secs]
[GC concurrent-mark-start]
[GC concurrent-mark-end, 0.0067466 secs]
Application time: 0.0070448 seconds
[GC remark, 0.0030185 secs]
Application time: 0.0000361 seconds
[GC cleanup 73M->73M(128M), 0.0001999 secs]
Application time: 0.0400592 seconds
[GC pause (G1 Evacuation Pause) (young) 110M->69M(128M), 0.0010434 secs]
Application time: 0.0429902 seconds
[GC pause (G1 Evacuation Pause) (young) 110M->69M(128M), 0.0012033 secs]
Application time: 0.0423359 seconds
[GC pause (G1 Evacuation Pause) (young) (initial-mark) 110M->69M(128M), 0.0012745 secs]
[GC concurrent-root-region-scan-start]
[GC concurrent-root-region-scan-end, 0.0003093 secs]
[GC concurrent-mark-start]
[GC concurrent-mark-end, 0.0065966 secs]
Application time: 0.0069041 seconds
[GC remark, 0.0031645 secs]
Application time: 0.0000397 seconds
[GC cleanup 70M->70M(128M), 0.0002761 secs]
Application time: 0.0408014 seconds
[GC pause (G1 Evacuation Pause) (young) 110M->69M(128M), 0.0011366 secs]
Application time: 0.0418848 seconds
[GC pause (G1 Evacuation Pause) (young) 110M->69M(128M), 0.0011737 secs]
Application time: 0.0411909 seconds
[GC pause (G1 Evacuation Pause) (young) (initial-mark) 110M->69M(128M), 0.0012301 secs]
[GC concurrent-root-region-scan-start]
[GC concurrent-root-region-scan-end, 0.0001737 secs]
[GC concurrent-mark-start]
[GC concurrent-mark-end, 0.0068287 secs]
Application time: 0.0070772 seconds
[GC remark, 0.0035750 secs]
Application time: 0.0000374 seconds
[GC cleanup 73M->73M(128M), 0.0002100 secs]
Application time: 0.0390902 seconds
[GC pause (G1 Evacuation Pause) (young) 110M->69M(128M), 0.0010493 secs]
Application time: 0.0573390 seconds
[GC pause (G1 Evacuation Pause) (young) 110M->69M(128M), 0.0010658 secs]
Application time: 0.1362644 seconds
[GC pause (G1 Evacuation Pause) (young) (initial-mark) 110M->69M(128M), 0.0010914 secs]
[GC concurrent-root-region-scan-start]
[GC concurrent-root-region-scan-end, 0.0001592 secs]
[GC concurrent-mark-start]
[GC concurrent-mark-end, 0.0068808 secs]
Application time: 0.0070997 seconds
[GC remark, 0.0032121 secs]
Application time: 0.0000355 seconds
[GC cleanup 71M->71M(128M), 0.0002747 secs]
Application time: 0.0434413 seconds
[GC pause (G1 Evacuation Pause) (young) 110M->69M(128M), 0.0011980 secs]
Application time: 0.0420653 seconds
[GC pause (G1 Evacuation Pause) (young) 110M->69M(128M), 0.0010027 secs]
Application time: 0.0414172 seconds
[GC pause (G1 Evacuation Pause) (young) (initial-mark) 110M->69M(128M), 0.0012928 secs]
[GC concurrent-root-region-scan-start]
[GC concurrent-root-region-scan-end, 0.0003212 secs]
[GC concurrent-mark-start]
[GC concurrent-mark-end, 0.0072529 secs]
Application time: 0.0075767 seconds
[GC remark, 0.0031379 secs]
Application time: 0.0000347 seconds
[GC cleanup 73M->73M(128M), 0.0002070 secs]
Application time: 0.0386325 seconds
[GC pause (G1 Evacuation Pause) (young) 110M->69M(128M), 0.0010937 secs]
Application time: 0.0417847 seconds
[GC pause (G1 Evacuation Pause) (young) 110M->69M(128M), 0.0011129 secs]
Application time: 0.0416715 seconds
[GC pause (G1 Evacuation Pause) (young) (initial-mark) 110M->69M(128M), 0.0012591 secs]
[GC concurrent-root-region-scan-start]
[GC concurrent-root-region-scan-end, 0.0002147 secs]
[GC concurrent-mark-start]
[GC concurrent-mark-end, 0.0083679 secs]
Application time: 0.0086412 seconds
[GC remark, 0.0030582 secs]
Application time: 0.0000384 seconds
[GC cleanup 74M->74M(128M), 0.0003086 secs]
Application time: 0.0373972 seconds
[GC pause (G1 Evacuation Pause) (young) 110M->69M(128M), 0.0012267 secs]
Application time: 0.0417871 seconds
[GC pause (G1 Evacuation Pause) (young) 110M->69M(128M), 0.0011028 secs]
Application time: 0.0423053 seconds
[GC pause (G1 Evacuation Pause) (young) (initial-mark) 110M->69M(128M), 0.0011456 secs]
[GC concurrent-root-region-scan-start]
[GC concurrent-root-region-scan-end, 0.0001751 secs]
[GC concurrent-mark-start]
[GC concurrent-mark-end, 0.0065880 secs]
Application time: 0.0068182 seconds
[GC remark, 0.0029656 secs]
Application time: 0.0000338 seconds
[GC cleanup 73M->73M(128M), 0.0002139 secs]
Application time: 0.0931183 seconds
[GC pause (G1 Evacuation Pause) (young) 110M->69M(128M), 0.0010554 secs]
Application time: 0.1091650 seconds
[GC pause (G1 Evacuation Pause) (young) 110M->69M(128M), 0.0012510 secs]
Application time: 0.0422656 seconds
[GC pause (G1 Evacuation Pause) (young) (initial-mark) 110M->70M(128M), 0.0014051 secs]
[GC concurrent-root-region-scan-start]
[GC concurrent-root-region-scan-end, 0.0002548 secs]
[GC concurrent-mark-start]
[GC concurrent-mark-end, 0.0072284 secs]
Application time: 0.0074935 seconds
[GC remark, 0.0032121 secs]
Application time: 0.0000373 seconds
[GC cleanup 73M->73M(128M), 0.0002330 secs]
Application time: 0.0392654 seconds
[GC pause (G1 Evacuation Pause) (young) 111M->69M(128M), 0.0012567 secs]
Application time: 0.0419809 seconds
[GC pause (G1 Evacuation Pause) (young) 110M->70M(128M), 0.0011768 secs]
Application time: 0.0416901 seconds
[GC pause (G1 Evacuation Pause) (young) (initial-mark) 111M->69M(128M), 0.0012788 secs]
[GC concurrent-root-region-scan-start]
[GC concurrent-root-region-scan-end, 0.0001921 secs]
[GC concurrent-mark-start]
[GC concurrent-mark-end, 0.0070981 secs]
Application time: 0.0073003 seconds
[GC remark, 0.0032674 secs]
Application time: 0.0000297 seconds
[GC cleanup 73M->73M(128M), 0.0002122 secs]
Application time: 0.0390345 seconds
[GC pause (G1 Evacuation Pause) (young) 110M->69M(128M), 0.0011426 secs]
Application time: 0.0422846 seconds
[GC pause (G1 Evacuation Pause) (young) 110M->69M(128M), 0.0011151 secs]
Application time: 0.0422826 seconds
[GC pause (G1 Evacuation Pause) (young) (initial-mark) 110M->69M(128M), 0.0011628 secs]
[GC concurrent-root-region-scan-start]
[GC concurrent-root-region-scan-end, 0.0001679 secs]
[GC concurrent-mark-start]
[GC concurrent-mark-end, 0.0065692 secs]
Application time: 0.0067975 seconds
[GC remark, 0.0032238 secs]
Application time: 0.0000435 seconds
[GC cleanup 73M->73M(128M), 0.0002186 secs]
Application time: 0.0386944 seconds
[GC pause (G1 Evacuation Pause) (young) 110M->69M(128M), 0.0011454 secs]
Application time: 0.0486082 seconds
[GC pause (G1 Evacuation Pause) (young) 110M->69M(128M), 0.0011971 secs]
Application time: 0.1236753 seconds
[GC pause (G1 Evacuation Pause) (young) (initial-mark) 110M->69M(128M), 0.0011756 secs]
[GC concurrent-root-region-scan-start]
[GC concurrent-root-region-scan-end, 0.0002947 secs]
[GC concurrent-mark-start]
[GC concurrent-mark-end, 0.0071674 secs]
Application time: 0.0074677 seconds
[GC remark, 0.0034300 secs]
Application time: 0.0000370 seconds
[GC cleanup 70M->70M(128M), 0.0002211 secs]
Application time: 0.0680171 seconds
[GC pause (G1 Evacuation Pause) (young) 110M->69M(128M), 0.0011384 secs]
Application time: 0.0410149 seconds
[GC pause (G1 Evacuation Pause) (young) 110M->69M(128M), 0.0012231 secs]
Application time: 0.0413767 seconds
[GC pause (G1 Evacuation Pause) (young) (initial-mark) 110M->69M(128M), 0.0013068 secs]
[GC concurrent-root-region-scan-start]
[GC concurrent-root-region-scan-end, 0.0002890 secs]
[GC concurrent-mark-start]
[GC concurrent-mark-end, 0.0072594 secs]
Application time: 0.0085289 seconds
[GC remark, 0.0030363 secs]
Application time: 0.0000530 seconds
[GC cleanup 74M->74M(128M), 0.0002437 secs]
Application time: 0.0377602 seconds
[GC pause (G1 Evacuation Pause) (young) 110M->69M(128M), 0.0010550 secs]
Application time: 0.0409964 seconds
[GC pause (G1 Evacuation Pause) (young) 110M->69M(128M), 0.0012219 secs]
Application time: 0.0419933 seconds
[GC pause (G1 Evacuation Pause) (young) (initial-mark) 110M->69M(128M), 0.0011641 secs]
[GC concurrent-root-region-scan-start]
[GC concurrent-root-region-scan-end, 0.0002038 secs]
[GC concurrent-mark-start]
[GC concurrent-mark-end, 0.0077010 secs]
Application time: 0.0079652 seconds
[GC remark, 0.0036567 secs]
Application time: 0.0000503 seconds
[GC cleanup 73M->73M(128M), 0.0002735 secs]
Application time: 0.0560832 seconds
[GC pause (G1 Evacuation Pause) (young) 110M->69M(128M), 0.0012540 secs]
Application time: 0.0537245 seconds
[GC pause (G1 Evacuation Pause) (young) 110M->69M(128M), 0.0011594 secs]
Application time: 0.0476529 seconds
[GC pause (G1 Evacuation Pause) (young) (initial-mark) 110M->69M(128M), 0.0011637 secs]
[GC concurrent-root-region-scan-start]
[GC concurrent-root-region-scan-end, 0.0003197 secs]
[GC concurrent-mark-start]
[GC concurrent-mark-end, 0.0072020 secs]
Application time: 0.0075822 seconds
[GC remark, 0.0031971 secs]
Application time: 0.0000471 seconds
[GC cleanup 71M->71M(128M), 0.0002468 secs]
Application time: 0.0710771 seconds
[GC pause (G1 Evacuation Pause) (young) 110M->69M(128M), 0.0011529 secs]
Application time: 0.1037800 seconds
[GC pause (G1 Evacuation Pause) (young) 110M->69M(128M), 0.0012203 secs]
Application time: 0.0573468 seconds
[GC pause (G1 Evacuation Pause) (young) (initial-mark) 110M->69M(128M), 0.0011563 secs]
[GC concurrent-root-region-scan-start]
[GC concurrent-root-region-scan-end, 0.0001582 secs]
[GC concurrent-mark-start]
[GC concurrent-mark-end, 0.0068323 secs]
Application time: 0.0070578 seconds
[GC remark, 0.0031178 secs]
Application time: 0.0010429 seconds
[GC cleanup 73M->73M(128M), 0.0002303 secs]
Application time: 0.0373808 seconds
[GC pause (G1 Evacuation Pause) (young) 110M->69M(128M), 0.0011153 secs]
Application time: 0.0603778 seconds
[GC pause (G1 Evacuation Pause) (young) 110M->69M(128M), 0.0012767 secs]
Application time: 0.0485521 seconds
[GC pause (G1 Evacuation Pause) (young) (initial-mark) 110M->69M(128M), 0.0013300 secs]
[GC concurrent-root-region-scan-start]
[GC concurrent-root-region-scan-end, 0.0003638 secs]
[GC concurrent-mark-start]
[GC concurrent-mark-end, 0.0071336 secs]
Application time: 0.0075043 seconds
[GC remark, 0.0033256 secs]
Application time: 0.0000339 seconds
[GC cleanup 70M->70M(128M), 0.0002485 secs]
Application time: 0.0445229 seconds
[GC pause (G1 Evacuation Pause) (young) 110M->69M(128M), 0.0011314 secs]
Application time: 0.0414628 seconds
[GC pause (G1 Evacuation Pause) (young) 110M->69M(128M), 0.0010522 secs]
Application time: 0.0420012 seconds
[GC pause (G1 Evacuation Pause) (young) (initial-mark) 110M->69M(128M), 0.0013064 secs]
[GC concurrent-root-region-scan-start]
[GC concurrent-root-region-scan-end, 0.0002023 secs]
[GC concurrent-mark-start]
[GC concurrent-mark-end, 0.0076081 secs]
Application time: 0.0078672 seconds
[GC remark, 0.0032485 secs]
Application time: 0.0000432 seconds
[GC cleanup 73M->73M(128M), 0.0002380 secs]
Application time: 0.0383528 seconds
[GC pause (G1 Evacuation Pause) (young) 110M->69M(128M), 0.0010535 secs]
Application time: 0.0604964 seconds
[GC pause (G1 Evacuation Pause) (young) 110M->69M(128M), 0.0011505 secs]
Application time: 0.0991641 seconds
[GC pause (G1 Evacuation Pause) (young) (initial-mark) 110M->69M(128M), 0.0011674 secs]
[GC concurrent-root-region-scan-start]
[GC concurrent-root-region-scan-end, 0.0001510 secs]
[GC concurrent-mark-start]
[GC concurrent-mark-end, 0.0067082 secs]
Application time: 0.0069179 seconds
[GC remark, 0.0032485 secs]
Application time: 0.0000293 seconds
[GC cleanup 71M->71M(128M), 0.0002497 secs]
Application time: 0.0661478 seconds
[GC pause (G1 Evacuation Pause) (young) 110M->69M(128M), 0.0010791 secs]
Application time: 0.0513379 seconds
[GC pause (G1 Evacuation Pause) (young) 110M->70M(128M), 0.0012707 secs]
Application time: 0.0417515 seconds
[GC pause (G1 Evacuation Pause) (young) (initial-mark) 111M->69M(128M), 0.0012447 secs]
[GC concurrent-root-region-scan-start]
[GC concurrent-root-region-scan-end, 0.0001740 secs]
[GC concurrent-mark-start]
[GC concurrent-mark-end, 0.0070656 secs]
Application time: 0.0072954 seconds
[GC remark, 0.0032868 secs]
Application time: 0.0000334 seconds
[GC cleanup 73M->73M(128M), 0.0003310 secs]
Application time: 0.0391422 seconds
[GC pause (G1 Evacuation Pause) (young) 110M->70M(128M), 0.0011105 secs]
Application time: 0.0462553 seconds
[GC pause (G1 Evacuation Pause) (young) 111M->69M(128M), 0.0011423 secs]
Application time: 0.0418272 seconds
[GC pause (G1 Evacuation Pause) (young) (initial-mark) 110M->70M(128M), 0.0013571 secs]
[GC concurrent-root-region-scan-start]
[GC concurrent-root-region-scan-end, 0.0002405 secs]
[GC concurrent-mark-start]
[GC concurrent-mark-end, 0.0069177 secs]
Application time: 0.0071631 seconds
[GC remark, 0.0034720 secs]
Application time: 0.0000484 seconds
[GC cleanup 73M->73M(128M), 0.0002251 secs]
Application time: 0.0378624 seconds
[GC pause (G1 Evacuation Pause) (young) 111M->70M(128M), 0.0012330 secs]
Application time: 0.0411435 seconds
[GC pause (G1 Evacuation Pause) (young) 111M->70M(128M), 0.0010214 secs]
Application time: 0.0449507 seconds
[GC pause (G1 Evacuation Pause) (young) (initial-mark) 111M->69M(128M), 0.0011165 secs]
[GC concurrent-root-region-scan-start]
[GC concurrent-root-region-scan-end, 0.0001486 secs]
[GC concurrent-mark-start]
[GC concurrent-mark-end, 0.0065986 secs]
Application time: 0.0068145 seconds
[GC remark, 0.0030199 secs]
Application time: 0.0000493 seconds
[GC cleanup 72M->72M(128M), 0.0002134 secs]
Application time: 0.0667859 seconds
[GC pause (G1 Evacuation Pause) (young) 110M->69M(128M), 0.0011710 secs]
Application time: 0.1136486 seconds
[GC pause (G1 Evacuation Pause) (young) 110M->69M(128M), 0.0012305 secs]
Application time: 0.0779964 seconds
[GC pause (G1 Evacuation Pause) (young) (initial-mark) 110M->69M(128M), 0.0013229 secs]
[GC concurrent-root-region-scan-start]
[GC concurrent-root-region-scan-end, 0.0002947 secs]
[GC concurrent-mark-start]
[GC concurrent-mark-end, 0.0143813 secs]
Application time: 0.0147465 seconds
[GC remark, 0.0036917 secs]
Application time: 0.0013425 seconds
[GC cleanup 78M->78M(128M), 0.0002825 secs]
Application time: 0.0352637 seconds
[GC pause (G1 Evacuation Pause) (young) 110M->70M(128M), 0.0011296 secs]
Application time: 0.0417553 seconds
[GC pause (G1 Evacuation Pause) (young) 111M->70M(128M), 0.0012373 secs]
Application time: 0.0447608 seconds
[GC pause (G1 Evacuation Pause) (young) (initial-mark) 111M->70M(128M), 0.0012027 secs]
[GC concurrent-root-region-scan-start]
[GC concurrent-root-region-scan-end, 0.0002628 secs]
[GC concurrent-mark-start]
[GC concurrent-mark-end, 0.0067679 secs]
Application time: 0.0082928 seconds
[GC remark, 0.0030891 secs]
Application time: 0.0000546 seconds
[GC cleanup 74M->74M(128M), 0.0002240 secs]
Application time: 0.0381530 seconds
[GC pause (G1 Evacuation Pause) (young) 111M->70M(128M), 0.0010833 secs]
Application time: 0.0414525 seconds
[GC pause (G1 Evacuation Pause) (young) 111M->69M(128M), 0.0010233 secs]
Application time: 0.0417403 seconds
[GC pause (G1 Evacuation Pause) (young) (initial-mark) 110M->69M(128M), 0.0011458 secs]
[GC concurrent-root-region-scan-start]
[GC concurrent-root-region-scan-end, 0.0002771 secs]
[GC concurrent-mark-start]
[GC concurrent-mark-end, 0.0067574 secs]
Application time: 0.0070878 seconds
[GC remark, 0.0030053 secs]
Application time: 0.0009933 seconds
[GC cleanup 73M->73M(128M), 0.0002168 secs]
Application time: 0.0374657 seconds
[GC pause (G1 Evacuation Pause) (young) 110M->69M(128M), 0.0010324 secs]
Application time: 0.0411524 seconds
[GC pause (G1 Evacuation Pause) (young) 110M->69M(128M), 0.0010992 secs]
Application time: 0.1005066 seconds
[GC pause (G1 Evacuation Pause) (young) (initial-mark) 110M->69M(128M), 0.0011325 secs]
[GC concurrent-root-region-scan-start]
[GC concurrent-root-region-scan-end, 0.0002340 secs]
[GC concurrent-mark-start]
[GC concurrent-mark-end, 0.0067504 secs]
Application time: 0.0070601 seconds
[GC remark, 0.0030748 secs]
Application time: 0.0000485 seconds
[GC cleanup 71M->71M(128M), 0.0002544 secs]
Application time: 0.0966707 seconds
[GC pause (G1 Evacuation Pause) (young) 110M->70M(128M), 0.0011116 secs]
Application time: 0.0417287 seconds
[GC pause (G1 Evacuation Pause) (young) 111M->69M(128M), 0.0011514 secs]
Application time: 0.0420081 seconds
[GC pause (G1 Evacuation Pause) (young) (initial-mark) 110M->70M(128M), 0.0013000 secs]
[GC concurrent-root-region-scan-start]
[GC concurrent-root-region-scan-end, 0.0003326 secs]
[GC concurrent-mark-start]
[GC concurrent-mark-end, 0.0066887 secs]
Application time: 0.0070799 seconds
[GC remark, 0.0031896 secs]
Application time: 0.0010708 seconds
[GC cleanup 74M->74M(128M), 0.0002083 secs]
Application time: 0.0377886 seconds
[GC pause (G1 Evacuation Pause) (young) 111M->69M(128M), 0.0011010 secs]
Application time: 0.0413422 seconds
[GC pause (G1 Evacuation Pause) (young) 110M->70M(128M), 0.0011632 secs]
Application time: 0.0423394 seconds
[GC pause (G1 Evacuation Pause) (young) (initial-mark) 111M->69M(128M), 0.0011351 secs]
[GC concurrent-root-region-scan-start]
[GC concurrent-root-region-scan-end, 0.0002651 secs]
[GC concurrent-mark-start]
[GC concurrent-mark-end, 0.0148889 secs]
Application time: 0.0152601 seconds
[GC remark, 0.0031819 secs]
Application time: 0.0000619 seconds
[GC cleanup 80M->80M(128M), 0.0002467 secs]
Application time: 0.0320254 seconds
[GC pause (G1 Evacuation Pause) (young) 110M->69M(128M), 0.0010168 secs]
Application time: 0.0418579 seconds
[GC pause (G1 Evacuation Pause) (young) 110M->69M(128M), 0.0011808 secs]
Application time: 0.0416829 seconds
[GC pause (G1 Evacuation Pause) (young) (initial-mark) 110M->70M(128M), 0.0012071 secs]
[GC concurrent-root-region-scan-start]
[GC concurrent-root-region-scan-end, 0.0003451 secs]
[GC concurrent-mark-start]
[GC concurrent-mark-end, 0.0066493 secs]
Application time: 0.0070576 seconds
[GC remark, 0.0032264 secs]
Application time: 0.0000571 seconds
[GC cleanup 73M->73M(128M), 0.0003213 secs]
Application time: 0.0470522 seconds
[GC pause (G1 Evacuation Pause) (young) 111M->69M(128M), 0.0010740 secs]
Application time: 0.1376434 seconds
[GC pause (G1 Evacuation Pause) (young) 110M->69M(128M), 0.0010289 secs]
Application time: 0.0556465 seconds
[GC pause (G1 Evacuation Pause) (young) (initial-mark) 110M->70M(128M), 0.0011696 secs]
[GC concurrent-root-region-scan-start]
[GC concurrent-root-region-scan-end, 0.0001847 secs]
[GC concurrent-mark-start]
[GC concurrent-mark-end, 0.0066463 secs]
Application time: 0.0068957 seconds
[GC remark, 0.0031409 secs]
Application time: 0.0011622 seconds
[GC cleanup 74M->74M(128M), 0.0002773 secs]
Application time: 0.0379465 seconds
[GC pause (G1 Evacuation Pause) (young) 111M->70M(128M), 0.0012347 secs]
Application time: 0.0413069 seconds
[GC pause (G1 Evacuation Pause) (young) 111M->70M(128M), 0.0011382 secs]
Application time: 0.0415981 seconds
[GC pause (G1 Evacuation Pause) (young) (initial-mark) 111M->70M(128M), 0.0013181 secs]
[GC concurrent-root-region-scan-start]
[GC concurrent-root-region-scan-end, 0.0003785 secs]
[GC concurrent-mark-start]
[GC concurrent-mark-end, 0.0067045 secs]
Application time: 0.0071548 seconds
[GC remark, 0.0031075 secs]
Application time: 0.0000510 seconds
[GC cleanup 73M->73M(128M), 0.0002188 secs]
Application time: 0.0386963 seconds
[GC pause (G1 Evacuation Pause) (young) 111M->70M(128M), 0.0011064 secs]
Application time: 0.0454676 seconds
[GC pause (G1 Evacuation Pause) (young) 111M->70M(128M), 0.0012370 secs]
Application time: 0.0416832 seconds
[GC pause (G1 Evacuation Pause) (young) (initial-mark) 111M->70M(128M), 0.0012930 secs]
[GC concurrent-root-region-scan-start]
[GC concurrent-root-region-scan-end, 0.0003179 secs]
[GC concurrent-mark-start]
[GC concurrent-mark-end, 0.0056874 secs]
Application time: 0.0070498 seconds
[GC remark, 0.0032207 secs]
Application time: 0.0001320 seconds
[GC cleanup 73M->73M(128M), 0.0002372 secs]
Application time: 0.0390646 seconds
[GC pause (G1 Evacuation Pause) (young) 111M->70M(128M), 0.0012370 secs]
Application time: 0.0054123 seconds
[GC pause (G1 Evacuation Pause) (mixed) 75M->69M(128M), 0.0009168 secs]
Application time: 0.0429443 seconds
[GC pause (G1 Evacuation Pause) (young) 111M->69M(128M), 0.0011797 secs]
Application time: 0.1075508 seconds
[GC pause (G1 Evacuation Pause) (young) (initial-mark) 111M->69M(128M), 0.0012603 secs]
[GC concurrent-root-region-scan-start]
[GC concurrent-root-region-scan-end, 0.0002690 secs]
[GC concurrent-mark-start]
[GC concurrent-mark-end, 0.0056226 secs]
Application time: 0.0059486 seconds
[GC remark, 0.0032654 secs]
Application time: 0.0011892 seconds
[GC cleanup 70M->70M(128M), 0.0002468 secs]
Application time: 0.0914457 seconds
[GC pause (G1 Evacuation Pause) (young) 111M->69M(128M), 0.0012043 secs]
Application time: 0.0424453 seconds
[GC pause (G1 Evacuation Pause) (young) 111M->69M(128M), 0.0011650 secs]
Application time: 0.0423763 seconds
[GC pause (G1 Evacuation Pause) (young) (initial-mark) 111M->69M(128M), 0.0013016 secs]
[GC concurrent-root-region-scan-start]
[GC concurrent-root-region-scan-end, 0.0003444 secs]
[GC concurrent-mark-start]
[GC concurrent-mark-end, 0.0055337 secs]
Application time: 0.0059392 seconds
[GC remark, 0.0031049 secs]
Application time: 0.0000428 seconds
[GC cleanup 72M->72M(128M), 0.0002594 secs]
Application time: 0.0401143 seconds
[GC pause (G1 Evacuation Pause) (young) 111M->69M(128M), 0.0011156 secs]
Application time: 0.0451683 seconds
[GC pause (G1 Evacuation Pause) (young) 111M->69M(128M), 0.0010737 secs]
Application time: 0.0420127 seconds
[GC pause (G1 Evacuation Pause) (young) (initial-mark) 111M->69M(128M), 0.0011066 secs]
[GC concurrent-root-region-scan-start]
[GC concurrent-root-region-scan-end, 0.0002490 secs]
[GC concurrent-mark-start]
[GC concurrent-mark-end, 0.0053108 secs]
Application time: 0.0056367 seconds
[GC remark, 0.0029802 secs]
Application time: 0.0000445 seconds
[GC cleanup 71M->71M(128M), 0.0002189 secs]
Application time: 0.0432934 seconds
[GC pause (G1 Evacuation Pause) (young) 111M->69M(128M), 0.0011352 secs]
Application time: 0.0430507 seconds
[GC pause (G1 Evacuation Pause) (young) 111M->69M(128M), 0.0010956 secs]
Application time: 0.0423159 seconds
[GC pause (G1 Evacuation Pause) (young) (initial-mark) 111M->69M(128M), 0.0012946 secs]
[GC concurrent-root-region-scan-start]
[GC concurrent-root-region-scan-end, 0.0002202 secs]
[GC concurrent-mark-start]
[GC concurrent-mark-end, 0.0051443 secs]
Application time: 0.0054357 seconds
[GC remark, 0.0029381 secs]
Application time: 0.0000464 seconds
[GC cleanup 71M->71M(128M), 0.0002088 secs]
Application time: 0.0706802 seconds
[GC pause (G1 Evacuation Pause) (young) 111M->69M(128M), 0.0010851 secs]
Application time: 0.1269361 seconds
[GC pause (G1 Evacuation Pause) (young) 111M->69M(128M), 0.0011931 secs]
Application time: 0.0424586 seconds
[GC pause (G1 Evacuation Pause) (young) (initial-mark) 111M->69M(128M), 0.0011234 secs]
[GC concurrent-root-region-scan-start]
[GC concurrent-root-region-scan-end, 0.0001452 secs]
[GC concurrent-mark-start]
[GC concurrent-mark-end, 0.0056427 secs]
Application time: 0.0058579 seconds
[GC remark, 0.0031364 secs]
Application time: 0.0000445 seconds
[GC cleanup 72M->72M(128M), 0.0002215 secs]
Application time: 0.0522208 seconds
[GC pause (G1 Evacuation Pause) (young) 111M->69M(128M), 0.0012369 secs]
Application time: 0.0435039 seconds
[GC pause (G1 Evacuation Pause) (young) 111M->69M(128M), 0.0010619 secs]
Application time: 0.0424271 seconds
[GC pause (G1 Evacuation Pause) (young) (initial-mark) 111M->69M(128M), 0.0011919 secs]
[GC concurrent-root-region-scan-start]
[GC concurrent-root-region-scan-end, 0.0003015 secs]
[GC concurrent-mark-start]
[GC concurrent-mark-end, 0.0051943 secs]
Application time: 0.0055544 seconds
[GC remark, 0.0030406 secs]
Application time: 0.0000492 seconds
[GC cleanup 71M->71M(128M), 0.0002209 secs]
Application time: 0.0407605 seconds
[GC pause (G1 Evacuation Pause) (young) 111M->69M(128M), 0.0011326 secs]
Application time: 0.0423985 seconds
[GC pause (G1 Evacuation Pause) (young) 111M->69M(128M), 0.0010508 secs]
Application time: 0.0491073 seconds
[GC pause (G1 Evacuation Pause) (young) (initial-mark) 111M->69M(128M), 0.0012193 secs]
[GC concurrent-root-region-scan-start]
[GC concurrent-root-region-scan-end, 0.0002933 secs]
[GC concurrent-mark-start]
[GC concurrent-mark-end, 0.0042342 secs]
Application time: 0.0045858 seconds
[GC remark, 0.0033592 secs]
Application time: 0.0001116 seconds
[GC cleanup 71M->71M(128M), 0.0002361 secs]
Application time: 0.0411284 seconds
[GC pause (G1 Evacuation Pause) (young) 111M->69M(128M), 0.0012397 secs]
Application time: 0.0478256 seconds
[GC pause (G1 Evacuation Pause) (young) 111M->69M(128M), 0.0010911 secs]
Application time: 0.1304063 seconds
[GC pause (G1 Evacuation Pause) (young) (initial-mark) 111M->69M(128M), 0.0012048 secs]
[GC concurrent-root-region-scan-start]
[GC concurrent-root-region-scan-end, 0.0002967 secs]
[GC concurrent-mark-start]
[GC concurrent-mark-end, 0.0044929 secs]
Application time: 0.0048389 seconds
[GC remark, 0.0037367 secs]
Application time: 0.0000378 seconds
[GC cleanup 70M->70M(128M), 0.0002655 secs]
Application time: 0.0632829 seconds
[GC pause (G1 Evacuation Pause) (young) 111M->69M(128M), 0.0011708 secs]
Application time: 0.0426444 seconds
[GC pause (G1 Evacuation Pause) (young) 111M->69M(128M), 0.0011557 secs]
Application time: 0.0432454 seconds
[GC pause (G1 Evacuation Pause) (young) (initial-mark) 111M->69M(128M), 0.0012812 secs]
[GC concurrent-root-region-scan-start]
[GC concurrent-root-region-scan-end, 0.0001744 secs]
[GC concurrent-mark-start]
[GC concurrent-mark-end, 0.0042297 secs]
Application time: 0.0044686 seconds
[GC remark, 0.0030545 secs]
Application time: 0.0000421 seconds
[GC cleanup 71M->71M(128M), 0.0002308 secs]
Application time: 0.0455936 seconds
[GC pause (G1 Evacuation Pause) (young) 111M->69M(128M), 0.0011438 secs]
Application time: 0.0467384 seconds
[GC pause (G1 Evacuation Pause) (young) 111M->69M(128M), 0.0011894 secs]
Application time: 0.0423387 seconds
[GC pause (G1 Evacuation Pause) (young) (initial-mark) 111M->69M(128M), 0.0012405 secs]
[GC concurrent-root-region-scan-start]
[GC concurrent-root-region-scan-end, 0.0002847 secs]
[GC concurrent-mark-start]
[GC concurrent-mark-end, 0.0044745 secs]
Application time: 0.0048310 seconds
[GC remark, 0.0031098 secs]
Application time: 0.0000359 seconds
[GC cleanup 71M->71M(128M), 0.0002044 secs]
Application time: 0.0405921 seconds
[GC pause (G1 Evacuation Pause) (young) 111M->69M(128M), 0.0011494 secs]
Application time: 0.0424378 seconds
[GC pause (G1 Evacuation Pause) (young) 111M->69M(128M), 0.0010882 secs]
Application time: 0.0457344 seconds
[GC pause (G1 Evacuation Pause) (young) (initial-mark) 111M->69M(128M), 0.0012680 secs]
[GC concurrent-root-region-scan-start]
[GC concurrent-root-region-scan-end, 0.0003242 secs]
[GC concurrent-mark-start]
[GC concurrent-mark-end, 0.0041910 secs]
Application time: 0.0045206 seconds
[GC remark, 0.0031859 secs]
Application time: 0.0000612 seconds
[GC cleanup 71M->71M(128M), 0.0002359 secs]
Application time: 0.1012322 seconds
[GC pause (G1 Evacuation Pause) (young) 111M->69M(128M), 0.0011166 secs]
Application time: 0.0955428 seconds
[GC pause (G1 Evacuation Pause) (young) 111M->69M(128M), 0.0011318 secs]
Application time: 0.0426576 seconds
[GC pause (G1 Evacuation Pause) (young) (initial-mark) 111M->69M(128M), 0.0011410 secs]
[GC concurrent-root-region-scan-start]
[GC concurrent-root-region-scan-end, 0.0002204 secs]
[GC concurrent-mark-start]
[GC concurrent-mark-end, 0.0039098 secs]
Application time: 0.0041310 seconds
[GC remark, 0.0031956 secs]
Application time: 0.0000400 seconds
[GC cleanup 71M->71M(128M), 0.0002321 secs]
Application time: 0.0415040 seconds
[GC pause (G1 Evacuation Pause) (young) 111M->69M(128M), 0.0011590 secs]
Application time: 0.0611467 seconds
[GC pause (G1 Evacuation Pause) (young) 111M->69M(128M), 0.0011753 secs]
Application time: 0.0433973 seconds
[GC pause (G1 Evacuation Pause) (young) (initial-mark) 111M->69M(128M), 0.0012753 secs]
[GC concurrent-root-region-scan-start]
[GC concurrent-root-region-scan-end, 0.0003089 secs]
[GC concurrent-mark-start]
[GC concurrent-mark-end, 0.0043265 secs]
Application time: 0.0046410 seconds
[GC remark, 0.0030741 secs]
Application time: 0.0005823 seconds
[GC cleanup 71M->71M(128M), 0.0009897 secs]
Application time: 0.0415978 seconds
[GC pause (G1 Evacuation Pause) (young) 111M->69M(128M), 0.0011280 secs]
Application time: 0.0436001 seconds
[GC pause (G1 Evacuation Pause) (young) 111M->69M(128M), 0.0010827 secs]
Application time: 0.0434387 seconds
[GC pause (G1 Evacuation Pause) (young) (initial-mark) 111M->69M(128M), 0.0011307 secs]
[GC concurrent-root-region-scan-start]
[GC concurrent-root-region-scan-end, 0.0001814 secs]
[GC concurrent-mark-start]
[GC concurrent-mark-end, 0.0042055 secs]
Application time: 0.0044531 seconds
[GC remark, 0.0029776 secs]
Application time: 0.0000326 seconds
[GC cleanup 71M->71M(128M), 0.0002429 secs]
Application time: 0.0528827 seconds
[GC pause (G1 Evacuation Pause) (young) 111M->69M(128M), 0.0010968 secs]
Application time: 0.0775781 seconds
[GC pause (G1 Evacuation Pause) (young) 111M->69M(128M), 0.0010520 secs]
Application time: 0.1168439 seconds
[GC pause (G1 Evacuation Pause) (young) (initial-mark) 111M->69M(128M), 0.0011599 secs]
[GC concurrent-root-region-scan-start]
[GC concurrent-root-region-scan-end, 0.0001828 secs]
[GC concurrent-mark-start]
[GC concurrent-mark-end, 0.0039792 secs]
Application time: 0.0041599 seconds
[GC remark, 0.0029754 secs]
Application time: 0.0000415 seconds
[GC cleanup 70M->70M(128M), 0.0002880 secs]
Application time: 0.0497892 seconds
[GC pause (G1 Evacuation Pause) (young) 111M->69M(128M), 0.0011144 secs]
Application time: 0.0423921 seconds
[GC pause (G1 Evacuation Pause) (young) 111M->69M(128M), 0.0010379 secs]
Application time: 0.0426050 seconds
[GC pause (G1 Evacuation Pause) (young) (initial-mark) 111M->69M(128M), 0.0012035 secs]
[GC concurrent-root-region-scan-start]
[GC concurrent-root-region-scan-end, 0.0001892 secs]
[GC concurrent-mark-start]
[GC concurrent-mark-end, 0.0039388 secs]
Application time: 0.0041826 seconds
[GC remark, 0.0029862 secs]
Application time: 0.0000345 seconds
[GC cleanup 71M->71M(128M), 0.0002031 secs]
Application time: 0.0410755 seconds
[GC pause (G1 Evacuation Pause) (young) 111M->69M(128M), 0.0010658 secs]
Application time: 0.0424883 seconds
[GC pause (G1 Evacuation Pause) (young) 111M->69M(128M), 0.0011508 secs]
Application time: 0.0427985 seconds
[GC pause (G1 Evacuation Pause) (young) (initial-mark) 111M->69M(128M), 0.0012834 secs]
[GC concurrent-root-region-scan-start]
[GC concurrent-root-region-scan-end, 0.0002987 secs]
[GC concurrent-mark-start]
[GC concurrent-mark-end, 0.0038610 secs]
Application time: 0.0042305 seconds
[GC remark, 0.0029346 secs]
Application time: 0.0000543 seconds
[GC cleanup 71M->71M(128M), 0.0002120 secs]
Application time: 0.0417897 seconds
[GC pause (G1 Evacuation Pause) (young) 111M->69M(128M), 0.0010644 secs]
Application time: 0.0426591 seconds
[GC pause (G1 Evacuation Pause) (young) 111M->69M(128M), 0.0010049 secs]
Application time: 0.0538985 seconds
[GC pause (G1 Evacuation Pause) (young) (initial-mark) 111M->69M(128M), 0.0011459 secs]
[GC concurrent-root-region-scan-start]
[GC concurrent-root-region-scan-end, 0.0001530 secs]
[GC concurrent-mark-start]
[GC concurrent-mark-end, 0.0039834 secs]
Application time: 0.0041928 seconds
[GC remark, 0.0034036 secs]
Application time: 0.0000527 seconds
[GC cleanup 71M->71M(128M), 0.0002482 secs]
Application time: 0.1833386 seconds
[GC pause (G1 Evacuation Pause) (young) 111M->69M(128M), 0.0011750 secs]
Application time: 0.0864382 seconds
[GC pause (G1 Evacuation Pause) (young) 111M->69M(128M), 0.0012895 secs]
Application time: 0.0862091 seconds
[GC pause (G1 Evacuation Pause) (young) (initial-mark) 111M->69M(128M), 0.0011276 secs]
[GC concurrent-root-region-scan-start]
[GC concurrent-root-region-scan-end, 0.0001832 secs]
[GC concurrent-mark-start]
[GC concurrent-mark-end, 0.0060384 secs]
Application time: 0.0062715 seconds
[GC remark, 0.0033841 secs]
Application time: 0.0023767 seconds
[GC cleanup 70M->70M(128M), 0.0002654 secs]
Application time: 0.0817389 seconds
[GC pause (G1 Evacuation Pause) (young) 111M->69M(128M), 0.0011932 secs]
Application time: 0.0977284 seconds
[GC pause (G1 Evacuation Pause) (young) 111M->69M(128M), 0.0012724 secs]
Application time: 0.2045853 seconds
[GC pause (G1 Evacuation Pause) (young) (initial-mark) 111M->69M(128M), 0.0014310 secs]
[GC concurrent-root-region-scan-start]
[GC concurrent-root-region-scan-end, 0.0003295 secs]
[GC concurrent-mark-start]
[GC concurrent-mark-end, 0.0146655 secs]
Application time: 0.0150973 seconds
[GC remark, 0.0039653 secs]
Application time: 0.0000424 seconds
[GC cleanup 71M->71M(128M), 0.0002430 secs]
Application time: 0.1271873 seconds
[GC pause (G1 Evacuation Pause) (young) 111M->69M(128M), 0.0010628 secs]
Application time: 0.0943229 seconds
[GC pause (G1 Evacuation Pause) (young) 111M->69M(128M), 0.0010987 secs]
Application time: 0.0937559 seconds
[GC pause (G1 Evacuation Pause) (young) (initial-mark) 111M->69M(128M), 0.0012926 secs]
[GC concurrent-root-region-scan-start]
[GC concurrent-root-region-scan-end, 0.0001605 secs]
[GC concurrent-mark-start]
[GC concurrent-mark-end, 0.0042017 secs]
Application time: 0.0044253 seconds
[GC remark, 0.0031809 secs]
Application time: 0.0000460 seconds
[GC cleanup 69M->69M(128M), 0.0002430 secs]
Application time: 0.0871945 seconds
[GC pause (G1 Evacuation Pause) (young) 111M->69M(128M), 0.0018090 secs]
Application time: 0.2045111 seconds
[GC pause (G1 Evacuation Pause) (young) 111M->69M(128M), 0.0018902 secs]
Application time: 0.0851562 seconds
[GC pause (G1 Evacuation Pause) (young) (initial-mark) 111M->69M(128M), 0.0021505 secs]
[GC concurrent-root-region-scan-start]
[GC concurrent-root-region-scan-end, 0.0002829 secs]
[GC concurrent-mark-start]
[GC concurrent-mark-end, 0.0075109 secs]
Application time: 0.0078560 seconds
[GC remark, 0.0068158 secs]
Application time: 0.0000403 seconds
[GC cleanup 72M->72M(128M), 0.0004474 secs]
Application time: 0.0829201 seconds
[GC pause (G1 Evacuation Pause) (young) 111M->69M(128M), 0.0020081 secs]
Application time: 0.0894021 seconds
[GC pause (G1 Evacuation Pause) (young) 111M->69M(128M), 0.0015783 secs]
Application time: 0.0891164 seconds
[GC pause (G1 Evacuation Pause) (young) (initial-mark) 111M->69M(128M), 0.0019683 secs]
[GC concurrent-root-region-scan-start]
[GC concurrent-root-region-scan-end, 0.0001997 secs]
[GC concurrent-mark-start]
[GC concurrent-mark-end, 0.0074518 secs]
Application time: 0.0077309 seconds
[GC remark, 0.0068474 secs]
Application time: 0.0000359 seconds
[GC cleanup 72M->72M(128M), 0.0004474 secs]
Warmup (60s) ends:   Wed May 16 01:47:18 GMT 2018
Warmup (60s) result: 55.94 ops/m

Iteration 1 (120s) begins: Wed May 16 01:47:18 GMT 2018
Application time: 0.0752662 seconds
Application time: 0.0827178 seconds
[GC pause (G1 Evacuation Pause) (young) 111M->69M(128M), 0.0015980 secs]
Application time: 0.1178944 seconds
[GC pause (G1 Evacuation Pause) (young) 111M->69M(128M), 0.0012495 secs]
Application time: 0.0468335 seconds
[GC pause (G1 Evacuation Pause) (young) (initial-mark) 111M->69M(128M), 0.0013204 secs]
[GC concurrent-root-region-scan-start]
[GC concurrent-root-region-scan-end, 0.0003616 secs]
[GC concurrent-mark-start]
[GC concurrent-mark-end, 0.0044415 secs]
Application time: 0.0049022 seconds
[GC remark, 0.0033414 secs]
Application time: 0.0000367 seconds
[GC cleanup 71M->71M(128M), 0.0002240 secs]
Application time: 0.0440857 seconds
[GC pause (G1 Evacuation Pause) (young) 111M->69M(128M), 0.0012585 secs]
Application time: 0.0459588 seconds
[GC pause (G1 Evacuation Pause) (young) 111M->69M(128M), 0.0012892 secs]
Application time: 0.0568066 seconds
[GC pause (G1 Evacuation Pause) (young) (initial-mark) 111M->69M(128M), 0.0014620 secs]
[GC concurrent-root-region-scan-start]
[GC concurrent-root-region-scan-end, 0.0004852 secs]
[GC concurrent-mark-start]
[GC concurrent-mark-end, 0.0044676 secs]
Application time: 0.0050223 seconds
[GC remark, 0.0034094 secs]
Application time: 0.0000388 seconds
[GC cleanup 71M->71M(128M), 0.0002094 secs]
Application time: 0.0466290 seconds
[GC pause (G1 Evacuation Pause) (young) 111M->69M(128M), 0.0012289 secs]
Application time: 0.0482593 seconds
[GC pause (G1 Evacuation Pause) (young) 111M->69M(128M), 0.0012155 secs]
Application time: 0.0482092 seconds
[GC pause (G1 Evacuation Pause) (young) (initial-mark) 111M->69M(128M), 0.0013897 secs]
[GC concurrent-root-region-scan-start]
[GC concurrent-root-region-scan-end, 0.0004396 secs]
[GC concurrent-mark-start]
[GC concurrent-mark-end, 0.0043819 secs]
Application time: 0.0048190 seconds
[GC remark, 0.0033502 secs]
Application time: 0.0000319 seconds
[GC cleanup 70M->70M(128M), 0.0002688 secs]
Application time: 0.0546214 seconds
[GC pause (G1 Evacuation Pause) (young) 111M->69M(128M), 0.0013582 secs]
Application time: 0.0637307 seconds
[GC pause (G1 Evacuation Pause) (young) 111M->69M(128M), 0.0011919 secs]
Application time: 0.1507969 seconds
[GC pause (G1 Evacuation Pause) (young) (initial-mark) 111M->69M(128M), 0.0014021 secs]
[GC concurrent-root-region-scan-start]
[GC concurrent-root-region-scan-end, 0.0004615 secs]
[GC concurrent-mark-start]
[GC concurrent-mark-end, 0.0044282 secs]
Application time: 0.0048805 seconds
[GC remark, 0.0032309 secs]
Application time: 0.0000323 seconds
[GC cleanup 70M->70M(128M), 0.0002271 secs]
Application time: 0.0682287 seconds
[GC pause (G1 Evacuation Pause) (young) 111M->69M(128M), 0.0014153 secs]
Application time: 0.0488988 seconds
[GC pause (G1 Evacuation Pause) (young) 111M->69M(128M), 0.0012433 secs]
Application time: 0.0483615 seconds
[GC pause (G1 Evacuation Pause) (young) (initial-mark) 111M->69M(128M), 0.0014735 secs]
[GC concurrent-root-region-scan-start]
[GC concurrent-root-region-scan-end, 0.0004039 secs]
[GC concurrent-mark-start]
[GC concurrent-mark-end, 0.0044477 secs]
Application time: 0.0048577 seconds
[GC remark, 0.0031757 secs]
Application time: 0.0000314 seconds
[GC cleanup 71M->71M(128M), 0.0002205 secs]
Application time: 0.0465483 seconds
[GC pause (G1 Evacuation Pause) (young) 111M->69M(128M), 0.0013361 secs]
Application time: 0.0483930 seconds
[GC pause (G1 Evacuation Pause) (young) 111M->69M(128M), 0.0011191 secs]
Application time: 0.0490757 seconds
[GC pause (G1 Evacuation Pause) (young) (initial-mark) 111M->69M(128M), 0.0034369 secs]
[GC concurrent-root-region-scan-start]
[GC concurrent-root-region-scan-end, 0.0001808 secs]
[GC concurrent-mark-start]
[GC concurrent-mark-end, 0.0047759 secs]
Application time: 0.0050571 seconds
[GC remark, 0.0032577 secs]
Application time: 0.0000279 seconds
[GC cleanup 71M->71M(128M), 0.0002098 secs]
Application time: 0.0474344 seconds
[GC pause (G1 Evacuation Pause) (young) 111M->69M(128M), 0.0011440 secs]
Application time: 0.0490485 seconds
[GC pause (G1 Evacuation Pause) (young) 111M->69M(128M), 0.0011817 secs]
Application time: 0.0548215 seconds
[GC pause (G1 Evacuation Pause) (young) (initial-mark) 111M->69M(128M), 0.0013049 secs]
[GC concurrent-root-region-scan-start]
[GC concurrent-root-region-scan-end, 0.0002933 secs]
[GC concurrent-mark-start]
[GC concurrent-mark-end, 0.0047065 secs]
Application time: 0.0050621 seconds
[GC remark, 0.0031286 secs]
Application time: 0.0000330 seconds
[GC cleanup 71M->71M(128M), 0.0002154 secs]
Application time: 0.1341588 seconds
[GC pause (G1 Evacuation Pause) (young) 111M->69M(128M), 0.0010789 secs]
Application time: 0.0927462 seconds
[GC pause (G1 Evacuation Pause) (young) 111M->69M(128M), 0.0012181 secs]
Application time: 0.0486758 seconds
[GC pause (G1 Evacuation Pause) (young) (initial-mark) 111M->69M(128M), 0.0012704 secs]
[GC concurrent-root-region-scan-start]
[GC concurrent-root-region-scan-end, 0.0002018 secs]
[GC concurrent-mark-start]
[GC concurrent-mark-end, 0.0044907 secs]
Application time: 0.0047559 seconds
[GC remark, 0.0031012 secs]
Application time: 0.0000316 seconds
[GC cleanup 71M->71M(128M), 0.0002230 secs]
Application time: 0.0528277 seconds
[GC pause (G1 Evacuation Pause) (young) 111M->69M(128M), 0.0011842 secs]
Application time: 0.0485832 seconds
[GC pause (G1 Evacuation Pause) (young) 111M->69M(128M), 0.0011107 secs]
Application time: 0.0492066 seconds
[GC pause (G1 Evacuation Pause) (young) (initial-mark) 111M->69M(128M), 0.0013600 secs]
[GC concurrent-root-region-scan-start]
[GC concurrent-root-region-scan-end, 0.0002428 secs]
[GC concurrent-mark-start]
[GC concurrent-mark-end, 0.0047555 secs]
Application time: 0.0050552 seconds
[GC remark, 0.0032306 secs]
Application time: 0.0000269 seconds
[GC cleanup 71M->71M(128M), 0.0002558 secs]
Application time: 0.0477462 seconds
[GC pause (G1 Evacuation Pause) (young) 111M->69M(128M), 0.0011802 secs]
Application time: 0.0489210 seconds
[GC pause (G1 Evacuation Pause) (young) 111M->69M(128M), 0.0011139 secs]
Application time: 0.0491769 seconds
[GC pause (G1 Evacuation Pause) (young) (initial-mark) 111M->69M(128M), 0.0012961 secs]
[GC concurrent-root-region-scan-start]
[GC concurrent-root-region-scan-end, 0.0002943 secs]
[GC concurrent-mark-start]
[GC concurrent-mark-end, 0.0045444 secs]
Application time: 0.0048974 seconds
[GC remark, 0.0036022 secs]
Application time: 0.0000476 seconds
[GC cleanup 71M->71M(128M), 0.0002424 secs]
Application time: 0.0472183 seconds
[GC pause (G1 Evacuation Pause) (young) 111M->69M(128M), 0.0011823 secs]
Application time: 0.0969225 seconds
[GC pause (G1 Evacuation Pause) (young) 111M->69M(128M), 0.0011145 secs]
Application time: 0.1189746 seconds
[GC pause (G1 Evacuation Pause) (young) (initial-mark) 111M->69M(128M), 0.0013616 secs]
[GC concurrent-root-region-scan-start]
[GC concurrent-root-region-scan-end, 0.0002995 secs]
[GC concurrent-mark-start]
[GC concurrent-mark-end, 0.0044357 secs]
Application time: 0.0047949 seconds
[GC remark, 0.0031122 secs]
Application time: 0.0000479 seconds
[GC cleanup 70M->70M(128M), 0.0002979 secs]
Application time: 0.0553044 seconds
[GC pause (G1 Evacuation Pause) (young) 111M->69M(128M), 0.0012081 secs]
Application time: 0.0483992 seconds
[GC pause (G1 Evacuation Pause) (young) 111M->69M(128M), 0.0012586 secs]
Application time: 0.0495680 seconds
[GC pause (G1 Evacuation Pause) (young) (initial-mark) 111M->69M(128M), 0.0013600 secs]
[GC concurrent-root-region-scan-start]
[GC concurrent-root-region-scan-end, 0.0003317 secs]
[GC concurrent-mark-start]
[GC concurrent-mark-end, 0.0045401 secs]
Application time: 0.0065101 seconds
[GC remark, 0.0036151 secs]
Application time: 0.0000496 seconds
[GC cleanup 72M->72M(128M), 0.0003471 secs]
Application time: 0.0463819 seconds
[GC pause (G1 Evacuation Pause) (young) 111M->69M(128M), 0.0012115 secs]
Application time: 0.0490738 seconds
[GC pause (G1 Evacuation Pause) (young) 111M->69M(128M), 0.0012441 secs]
Application time: 0.0563947 seconds
[GC pause (G1 Evacuation Pause) (young) (initial-mark) 111M->69M(128M), 0.0014475 secs]
[GC concurrent-root-region-scan-start]
[GC concurrent-root-region-scan-end, 0.0002216 secs]
[GC concurrent-mark-start]
[GC concurrent-mark-end, 0.0044880 secs]
Application time: 0.0051875 seconds
[GC remark, 0.0032440 secs]
Application time: 0.0017179 seconds
[GC cleanup 72M->72M(128M), 0.0003457 secs]
Application time: 0.0459460 seconds
[GC pause (G1 Evacuation Pause) (young) 111M->69M(128M), 0.0012695 secs]
Application time: 0.0489007 seconds
[GC pause (G1 Evacuation Pause) (young) 111M->69M(128M), 0.0011563 secs]
Application time: 0.0678768 seconds
[GC pause (G1 Evacuation Pause) (young) (initial-mark) 111M->69M(128M), 0.0013155 secs]
[GC concurrent-root-region-scan-start]
[GC concurrent-root-region-scan-end, 0.0002129 secs]
[GC concurrent-mark-start]
[GC concurrent-mark-end, 0.0045018 secs]
Application time: 0.0047727 seconds
[GC remark, 0.0036589 secs]
Application time: 0.0000473 seconds
[GC cleanup 70M->70M(128M), 0.0003511 secs]
Application time: 0.1474071 seconds
[GC pause (G1 Evacuation Pause) (young) 111M->69M(128M), 0.0012659 secs]
Application time: 0.0620971 seconds
[GC pause (G1 Evacuation Pause) (young) 111M->69M(128M), 0.0012828 secs]
Application time: 0.0588827 seconds
[GC pause (G1 Evacuation Pause) (young) (initial-mark) 111M->69M(128M), 0.0012876 secs]
[GC concurrent-root-region-scan-start]
[GC concurrent-root-region-scan-end, 0.0002144 secs]
[GC concurrent-mark-start]
[GC concurrent-mark-end, 0.0044706 secs]
Application time: 0.0047551 seconds
[GC remark, 0.0030007 secs]
Application time: 0.0000571 seconds
[GC cleanup 71M->71M(128M), 0.0002270 secs]
Application time: 0.0469433 seconds
[GC pause (G1 Evacuation Pause) (young) 111M->69M(128M), 0.0011161 secs]
Application time: 0.0483219 seconds
[GC pause (G1 Evacuation Pause) (young) 111M->69M(128M), 0.0011728 secs]
Application time: 0.0584234 seconds
[GC pause (G1 Evacuation Pause) (young) (initial-mark) 111M->69M(128M), 0.0012894 secs]
[GC concurrent-root-region-scan-start]
[GC concurrent-root-region-scan-end, 0.0002948 secs]
[GC concurrent-mark-start]
[GC concurrent-mark-end, 0.0044831 secs]
Application time: 0.0048398 seconds
[GC remark, 0.0031442 secs]
Application time: 0.0000537 seconds
[GC cleanup 71M->71M(128M), 0.0002314 secs]
Application time: 0.0466014 seconds
[GC pause (G1 Evacuation Pause) (young) 111M->69M(128M), 0.0011281 secs]
Application time: 0.0486136 seconds
[GC pause (G1 Evacuation Pause) (young) 111M->69M(128M), 0.0011108 secs]
Application time: 0.0490929 seconds
[GC pause (G1 Evacuation Pause) (young) (initial-mark) 111M->69M(128M), 0.0012176 secs]
[GC concurrent-root-region-scan-start]
[GC concurrent-root-region-scan-end, 0.0003227 secs]
[GC concurrent-mark-start]
[GC concurrent-mark-end, 0.0045259 secs]
Application time: 0.0049170 seconds
[GC remark, 0.0030302 secs]
Application time: 0.0000658 seconds
[GC cleanup 71M->71M(128M), 0.0002964 secs]
Application time: 0.0559990 seconds
[GC pause (G1 Evacuation Pause) (young) 111M->69M(128M), 0.0010516 secs]
Application time: 0.1238170 seconds
[GC pause (G1 Evacuation Pause) (young) 111M->69M(128M), 0.0010499 secs]
Application time: 0.0920232 seconds
[GC pause (G1 Evacuation Pause) (young) (initial-mark) 111M->69M(128M), 0.0012450 secs]
[GC concurrent-root-region-scan-start]
[GC concurrent-root-region-scan-end, 0.0002928 secs]
[GC concurrent-mark-start]
[GC concurrent-mark-end, 0.0045482 secs]
Application time: 0.0048995 seconds
[GC remark, 0.0030812 secs]
Application time: 0.0000576 seconds
[GC cleanup 71M->71M(128M), 0.0002229 secs]
Application time: 0.0493848 seconds
[GC pause (G1 Evacuation Pause) (young) 111M->69M(128M), 0.0012511 secs]
Application time: 0.0486487 seconds
[GC pause (G1 Evacuation Pause) (young) 111M->69M(128M), 0.0011709 secs]
Application time: 0.0490677 seconds
[GC pause (G1 Evacuation Pause) (young) (initial-mark) 111M->69M(128M), 0.0011533 secs]
[GC concurrent-root-region-scan-start]
[GC concurrent-root-region-scan-end, 0.0001958 secs]
[GC concurrent-mark-start]
[GC concurrent-mark-end, 0.0045181 secs]
Application time: 0.0047674 seconds
[GC remark, 0.0032879 secs]
Application time: 0.0000496 seconds
[GC cleanup 71M->71M(128M), 0.0002494 secs]
Application time: 0.0468123 seconds
[GC pause (G1 Evacuation Pause) (young) 111M->69M(128M), 0.0011041 secs]
Application time: 0.0486505 seconds
[GC pause (G1 Evacuation Pause) (young) 111M->69M(128M), 0.0012126 secs]
Application time: 0.0484192 seconds
[GC pause (G1 Evacuation Pause) (young) (initial-mark) 111M->69M(128M), 0.0011971 secs]
[GC concurrent-root-region-scan-start]
[GC concurrent-root-region-scan-end, 0.0004243 secs]
[GC concurrent-mark-start]
[GC concurrent-mark-end, 0.0044906 secs]
Application time: 0.0049865 seconds
[GC remark, 0.0029998 secs]
Application time: 0.0000465 seconds
[GC cleanup 71M->71M(128M), 0.0002508 secs]
Application time: 0.0462209 seconds
[GC pause (G1 Evacuation Pause) (young) 111M->69M(128M), 0.0011439 secs]
Application time: 0.0497879 seconds
[GC pause (G1 Evacuation Pause) (young) 111M->69M(128M), 0.0011647 secs]
Application time: 0.0937283 seconds
[GC pause (G1 Evacuation Pause) (young) (initial-mark) 111M->69M(128M), 0.0011442 secs]
[GC concurrent-root-region-scan-start]
[GC concurrent-root-region-scan-end, 0.0002572 secs]
[GC concurrent-mark-start]
[GC concurrent-mark-end, 0.0043877 secs]
Application time: 0.0047032 seconds
[GC remark, 0.0030640 secs]
Application time: 0.0020895 seconds
[GC cleanup 70M->70M(128M), 0.0002732 secs]
Application time: 0.1136062 seconds
[GC pause (G1 Evacuation Pause) (young) 111M->69M(128M), 0.0010779 secs]
Application time: 0.0586276 seconds
[GC pause (G1 Evacuation Pause) (young) 111M->69M(128M), 0.0025446 secs]
Application time: 0.0479366 seconds
[GC pause (G1 Evacuation Pause) (young) (initial-mark) 111M->69M(128M), 0.0013734 secs]
[GC concurrent-root-region-scan-start]
[GC concurrent-root-region-scan-end, 0.0003439 secs]
[GC concurrent-mark-start]
[GC concurrent-mark-end, 0.0044264 secs]
Application time: 0.0048283 seconds
[GC remark, 0.0029845 secs]
Application time: 0.0000514 seconds
[GC cleanup 71M->71M(128M), 0.0002881 secs]
Application time: 0.0457431 seconds
[GC pause (G1 Evacuation Pause) (young) 111M->69M(128M), 0.0012621 secs]
Application time: 0.0478036 seconds
[GC pause (G1 Evacuation Pause) (young) 111M->69M(128M), 0.0012875 secs]
Application time: 0.0477961 seconds
[GC pause (G1 Evacuation Pause) (young) (initial-mark) 111M->69M(128M), 0.0011733 secs]
[GC concurrent-root-region-scan-start]
[GC concurrent-root-region-scan-end, 0.0002837 secs]
[GC concurrent-mark-start]
[GC concurrent-mark-end, 0.0044171 secs]
Application time: 0.0047666 seconds
[GC remark, 0.0031810 secs]
Application time: 0.0010423 seconds
[GC cleanup 72M->72M(128M), 0.0002354 secs]
Application time: 0.0457820 seconds
[GC pause (G1 Evacuation Pause) (young) 111M->69M(128M), 0.0011956 secs]
Application time: 0.0495386 seconds
[GC pause (G1 Evacuation Pause) (young) 111M->69M(128M), 0.0012811 secs]
Application time: 0.0546666 seconds
[GC pause (G1 Evacuation Pause) (young) (initial-mark) 111M->69M(128M), 0.0014029 secs]
[GC concurrent-root-region-scan-start]
[GC concurrent-root-region-scan-end, 0.0002168 secs]
[GC concurrent-mark-start]
[GC concurrent-mark-end, 0.0044489 secs]
Application time: 0.0047316 seconds
[GC remark, 0.0030848 secs]
Application time: 0.0000324 seconds
[GC cleanup 71M->71M(128M), 0.0002437 secs]
Application time: 0.0658488 seconds
[GC pause (G1 Evacuation Pause) (young) 111M->69M(128M), 0.0011695 secs]
Application time: 0.1382540 seconds
[GC pause (G1 Evacuation Pause) (young) 111M->69M(128M), 0.0012508 secs]
Application time: 0.0672249 seconds
[GC pause (G1 Evacuation Pause) (young) (initial-mark) 111M->69M(128M), 0.0013431 secs]
[GC concurrent-root-region-scan-start]
[GC concurrent-root-region-scan-end, 0.0003146 secs]
[GC concurrent-mark-start]
[GC concurrent-mark-end, 0.0045211 secs]
Application time: 0.0048955 seconds
[GC remark, 0.0032183 secs]
Application time: 0.0000348 seconds
[GC cleanup 71M->71M(128M), 0.0002253 secs]
Application time: 0.0464165 seconds
[GC pause (G1 Evacuation Pause) (young) 111M->69M(128M), 0.0010456 secs]
Application time: 0.0485151 seconds
[GC pause (G1 Evacuation Pause) (young) 111M->69M(128M), 0.0012116 secs]
Application time: 0.0487878 seconds
[GC pause (G1 Evacuation Pause) (young) (initial-mark) 111M->69M(128M), 0.0013431 secs]
[GC concurrent-root-region-scan-start]
[GC concurrent-root-region-scan-end, 0.0002254 secs]
[GC concurrent-mark-start]
[GC concurrent-mark-end, 0.0044494 secs]
Application time: 0.0047422 seconds
[GC remark, 0.0034738 secs]
Application time: 0.0000622 seconds
[GC cleanup 71M->71M(128M), 0.0002250 secs]
Application time: 0.0456919 seconds
[GC pause (G1 Evacuation Pause) (young) 110M->69M(128M), 0.0012301 secs]
Application time: 0.0059912 seconds
[GC pause (G1 Evacuation Pause) (mixed) 74M->68M(128M), 0.0010460 secs]
Application time: 0.0487779 seconds
[GC pause (G1 Evacuation Pause) (young) 110M->68M(128M), 0.0011484 secs]
Application time: 0.0497221 seconds
[GC pause (G1 Evacuation Pause) (young) (initial-mark) 110M->68M(128M), 0.0012368 secs]
[GC concurrent-root-region-scan-start]
[GC concurrent-root-region-scan-end, 0.0003093 secs]
[GC concurrent-mark-start]
[GC concurrent-mark-end, 0.0046395 secs]
Application time: 0.0061426 seconds
[GC remark, 0.0030847 secs]
Application time: 0.0000449 seconds
[GC cleanup 71M->71M(128M), 0.0002110 secs]
Application time: 0.0471300 seconds
[GC pause (G1 Evacuation Pause) (young) 110M->68M(128M), 0.0015486 secs]
Application time: 0.0642037 seconds
[GC pause (G1 Evacuation Pause) (young) 110M->68M(128M), 0.0014045 secs]
Application time: 0.1284261 seconds
[GC pause (G1 Evacuation Pause) (young) (initial-mark) 110M->68M(128M), 0.0015867 secs]
[GC concurrent-root-region-scan-start]
[GC concurrent-root-region-scan-end, 0.0002914 secs]
[GC concurrent-mark-start]
[GC concurrent-mark-end, 0.0046687 secs]
Application time: 0.0050135 seconds
[GC remark, 0.0051466 secs]
Application time: 0.0000608 seconds
[GC cleanup 69M->69M(128M), 0.0002972 secs]
Application time: 0.0787486 seconds
[GC pause (G1 Evacuation Pause) (young) 110M->68M(128M), 0.0013800 secs]
Application time: 0.0496356 seconds
[GC pause (G1 Evacuation Pause) (young) 110M->68M(128M), 0.0014998 secs]
Application time: 0.0495723 seconds
[GC pause (G1 Evacuation Pause) (young) (initial-mark) 110M->68M(128M), 0.0018467 secs]
[GC concurrent-root-region-scan-start]
[GC concurrent-root-region-scan-end, 0.0003592 secs]
[GC concurrent-mark-start]
[GC concurrent-mark-end, 0.0048307 secs]
Application time: 0.0073373 seconds
[GC remark, 0.0045278 secs]
Application time: 0.0000591 seconds
[GC cleanup 71M->71M(128M), 0.0003369 secs]
Application time: 0.0465978 seconds
[GC pause (G1 Evacuation Pause) (young) 110M->68M(128M), 0.0016171 secs]
Application time: 0.0489660 seconds
[GC pause (G1 Evacuation Pause) (young) 110M->68M(128M), 0.0014409 secs]
Application time: 0.0491902 seconds
[GC pause (G1 Evacuation Pause) (young) (initial-mark) 110M->68M(128M), 0.0018666 secs]
[GC concurrent-root-region-scan-start]
[GC concurrent-root-region-scan-end, 0.0003579 secs]
[GC concurrent-mark-start]
[GC concurrent-mark-end, 0.0044716 secs]
Application time: 0.0048926 seconds
[GC remark, 0.0045914 secs]
Application time: 0.0000532 seconds
[GC cleanup 70M->70M(128M), 0.0002920 secs]
Application time: 0.0472977 seconds
[GC pause (G1 Evacuation Pause) (young) 110M->68M(128M), 0.0015490 secs]
Application time: 0.0489559 seconds
[GC pause (G1 Evacuation Pause) (young) 110M->68M(128M), 0.0013567 secs]
Application time: 0.0557909 seconds
[GC pause (G1 Evacuation Pause) (young) (initial-mark) 110M->68M(128M), 0.0015327 secs]
[GC concurrent-root-region-scan-start]
[GC concurrent-root-region-scan-end, 0.0002680 secs]
[GC concurrent-mark-start]
[GC concurrent-mark-end, 0.0044545 secs]
Application time: 0.0073924 seconds
[GC remark, 0.0031125 secs]
Application time: 0.0000343 seconds
[GC cleanup 71M->71M(128M), 0.0002229 secs]
Application time: 0.0971320 seconds
[GC pause (G1 Evacuation Pause) (young) 110M->68M(128M), 0.0010499 secs]
Application time: 0.1095626 seconds
[GC pause (G1 Evacuation Pause) (young) 110M->68M(128M), 0.0012499 secs]
Application time: 0.0584158 seconds
[GC pause (G1 Evacuation Pause) (young) (initial-mark) 110M->68M(128M), 0.0013827 secs]
[GC concurrent-root-region-scan-start]
[GC concurrent-root-region-scan-end, 0.0003166 secs]
[GC concurrent-mark-start]
[GC concurrent-mark-end, 0.0044310 secs]
Application time: 0.0047733 seconds
[GC remark, 0.0035311 secs]
Application time: 0.0000283 seconds
[GC cleanup 68M->68M(128M), 0.0002525 secs]
Application time: 0.0524036 seconds
[GC pause (G1 Evacuation Pause) (young) 110M->68M(128M), 0.0012412 secs]
Application time: 0.0486792 seconds
[GC pause (G1 Evacuation Pause) (young) 110M->68M(128M), 0.0012204 secs]
Application time: 0.0488666 seconds
[GC pause (G1 Evacuation Pause) (young) (initial-mark) 110M->68M(128M), 0.0013940 secs]
[GC concurrent-root-region-scan-start]
[GC concurrent-root-region-scan-end, 0.0003031 secs]
[GC concurrent-mark-start]
[GC concurrent-mark-end, 0.0044443 secs]
Application time: 0.0048050 seconds
[GC remark, 0.0032823 secs]
Application time: 0.0000382 seconds
[GC cleanup 70M->70M(128M), 0.0002533 secs]
Application time: 0.0471332 seconds
[GC pause (G1 Evacuation Pause) (young) 110M->68M(128M), 0.0011361 secs]
Application time: 0.0484411 seconds
[GC pause (G1 Evacuation Pause) (young) 110M->68M(128M), 0.0011836 secs]
Application time: 0.0483720 seconds
[GC pause (G1 Evacuation Pause) (young) (initial-mark) 110M->68M(128M), 0.0014396 secs]
[GC concurrent-root-region-scan-start]
[GC concurrent-root-region-scan-end, 0.0002652 secs]
[GC concurrent-mark-start]
[GC concurrent-mark-end, 0.0043514 secs]
Application time: 0.0046497 seconds
[GC remark, 0.0034574 secs]
Application time: 0.0000302 seconds
[GC cleanup 69M->69M(128M), 0.0002997 secs]
Application time: 0.0512205 seconds
[GC pause (G1 Evacuation Pause) (young) 110M->68M(128M), 0.0012178 secs]
Application time: 0.0760305 seconds
[GC pause (G1 Evacuation Pause) (young) 110M->68M(128M), 0.0010775 secs]
Application time: 0.1294082 seconds
[GC pause (G1 Evacuation Pause) (young) (initial-mark) 110M->68M(128M), 0.0013252 secs]
[GC concurrent-root-region-scan-start]
[GC concurrent-root-region-scan-end, 0.0001604 secs]
[GC concurrent-mark-start]
[GC concurrent-mark-end, 0.0044715 secs]
Application time: 0.0046369 seconds
[GC remark, 0.0031722 secs]
Application time: 0.0000346 seconds
[GC cleanup 69M->69M(128M), 0.0002189 secs]
Application time: 0.0684121 seconds
[GC pause (G1 Evacuation Pause) (young) 110M->68M(128M), 0.0011353 secs]
Application time: 0.0496249 seconds
[GC pause (G1 Evacuation Pause) (young) 110M->68M(128M), 0.0011957 secs]
Application time: 0.0484523 seconds
[GC pause (G1 Evacuation Pause) (young) (initial-mark) 110M->68M(128M), 0.0012179 secs]
[GC concurrent-root-region-scan-start]
[GC concurrent-root-region-scan-end, 0.0001815 secs]
[GC concurrent-mark-start]
[GC concurrent-mark-end, 0.0047572 secs]
Application time: 0.0050106 seconds
[GC remark, 0.0032664 secs]
Application time: 0.0000299 seconds
[GC cleanup 70M->70M(128M), 0.0002253 secs]
Application time: 0.0474717 seconds
[GC pause (G1 Evacuation Pause) (young) 110M->68M(128M), 0.0012245 secs]
Application time: 0.0489842 seconds
[GC pause (G1 Evacuation Pause) (young) 110M->68M(128M), 0.0011135 secs]
Application time: 0.0494580 seconds
[GC pause (G1 Evacuation Pause) (young) (initial-mark) 110M->68M(128M), 0.0012036 secs]
[GC concurrent-root-region-scan-start]
[GC concurrent-root-region-scan-end, 0.0002026 secs]
[GC concurrent-mark-start]
[GC concurrent-mark-end, 0.0045380 secs]
Application time: 0.0048061 seconds
[GC remark, 0.0032672 secs]
Application time: 0.0000360 seconds
[GC cleanup 70M->70M(128M), 0.0002293 secs]
Application time: 0.0480895 seconds
[GC pause (G1 Evacuation Pause) (young) 110M->68M(128M), 0.0012111 secs]
Application time: 0.0491827 seconds
[GC pause (G1 Evacuation Pause) (young) 110M->68M(128M), 0.0011682 secs]
Application time: 0.0656811 seconds
[GC pause (G1 Evacuation Pause) (young) (initial-mark) 110M->68M(128M), 0.0012779 secs]
[GC concurrent-root-region-scan-start]
[GC concurrent-root-region-scan-end, 0.0002897 secs]
[GC concurrent-mark-start]
[GC concurrent-mark-end, 0.0043802 secs]
Application time: 0.0047300 seconds
[GC remark, 0.0032640 secs]
Application time: 0.0000356 seconds
[GC cleanup 70M->70M(128M), 0.0002506 secs]
Application time: 0.1197657 seconds
[GC pause (G1 Evacuation Pause) (young) 110M->68M(128M), 0.0010263 secs]
Application time: 0.0809807 seconds
[GC pause (G1 Evacuation Pause) (young) 110M->68M(128M), 0.0011885 secs]
Application time: 0.0538883 seconds
[GC pause (G1 Evacuation Pause) (young) (initial-mark) 110M->68M(128M), 0.0013382 secs]
[GC concurrent-root-region-scan-start]
[GC concurrent-root-region-scan-end, 0.0003304 secs]
[GC concurrent-mark-start]
[GC concurrent-mark-end, 0.0049721 secs]
Application time: 0.0053347 seconds
[GC remark, 0.0032272 secs]
Application time: 0.0000386 seconds
[GC cleanup 69M->69M(128M), 0.0002374 secs]
Application time: 0.0513849 seconds
[GC pause (G1 Evacuation Pause) (young) 110M->68M(128M), 0.0011235 secs]
Application time: 0.0491951 seconds
[GC pause (G1 Evacuation Pause) (young) 110M->68M(128M), 0.0011683 secs]
Application time: 0.0487265 seconds
[GC pause (G1 Evacuation Pause) (young) (initial-mark) 110M->68M(128M), 0.0013110 secs]
[GC concurrent-root-region-scan-start]
[GC concurrent-root-region-scan-end, 0.0002293 secs]
[GC concurrent-mark-start]
[GC concurrent-mark-end, 0.0047015 secs]
Application time: 0.0049362 seconds
[GC remark, 0.0032319 secs]
Application time: 0.0000350 seconds
[GC cleanup 70M->70M(128M), 0.0002118 secs]
Application time: 0.0461198 seconds
[GC pause (G1 Evacuation Pause) (young) 110M->68M(128M), 0.0010854 secs]
Application time: 0.0486755 seconds
[GC pause (G1 Evacuation Pause) (young) 110M->68M(128M), 0.0011697 secs]
Application time: 0.0487906 seconds
[GC pause (G1 Evacuation Pause) (young) (initial-mark) 110M->68M(128M), 0.0011684 secs]
[GC concurrent-root-region-scan-start]
[GC concurrent-root-region-scan-end, 0.0002903 secs]
[GC concurrent-mark-start]
[GC concurrent-mark-end, 0.0045666 secs]
Application time: 0.0049152 seconds
[GC remark, 0.0032498 secs]
Application time: 0.0000369 seconds
[GC cleanup 70M->70M(128M), 0.0002998 secs]
Application time: 0.0581454 seconds
[GC pause (G1 Evacuation Pause) (young) 110M->68M(128M), 0.0015222 secs]
Application time: 0.0930478 seconds
[GC pause (G1 Evacuation Pause) (young) 110M->68M(128M), 0.0013222 secs]
Application time: 0.1063570 seconds
[GC pause (G1 Evacuation Pause) (young) (initial-mark) 110M->68M(128M), 0.0018448 secs]
[GC concurrent-root-region-scan-start]
[GC concurrent-root-region-scan-end, 0.0002168 secs]
[GC concurrent-mark-start]
[GC concurrent-mark-end, 0.0043623 secs]
Application time: 0.0045438 seconds
[GC remark, 0.0048976 secs]
Application time: 0.0000514 seconds
[GC cleanup 70M->70M(128M), 0.0003447 secs]
Application time: 0.0716898 seconds
[GC pause (G1 Evacuation Pause) (young) 110M->68M(128M), 0.0013623 secs]
Application time: 0.0498681 seconds
[GC pause (G1 Evacuation Pause) (young) 110M->68M(128M), 0.0013833 secs]
Application time: 0.0480620 seconds
[GC pause (G1 Evacuation Pause) (young) (initial-mark) 110M->68M(128M), 0.0017898 secs]
[GC concurrent-root-region-scan-start]
[GC concurrent-root-region-scan-end, 0.0002356 secs]
[GC concurrent-mark-start]
[GC concurrent-mark-end, 0.0045132 secs]
Application time: 0.0047453 seconds
[GC remark, 0.0049236 secs]
Application time: 0.0000494 seconds
[GC cleanup 70M->70M(128M), 0.0003379 secs]
Application time: 0.0469932 seconds
[GC pause (G1 Evacuation Pause) (young) 110M->68M(128M), 0.0014169 secs]
Application time: 0.0479474 seconds
[GC pause (G1 Evacuation Pause) (young) 110M->68M(128M), 0.0012484 secs]
Application time: 0.0490553 seconds
[GC pause (G1 Evacuation Pause) (young) (initial-mark) 110M->68M(128M), 0.0012096 secs]
[GC concurrent-root-region-scan-start]
[GC concurrent-root-region-scan-end, 0.0001752 secs]
[GC concurrent-mark-start]
[GC concurrent-mark-end, 0.0044184 secs]
Application time: 0.0046505 seconds
[GC remark, 0.0032959 secs]
Application time: 0.0000368 seconds
[GC cleanup 70M->70M(128M), 0.0002259 secs]
Application time: 0.0475064 seconds
[GC pause (G1 Evacuation Pause) (young) 110M->68M(128M), 0.0011194 secs]
Application time: 0.0535178 seconds
[GC pause (G1 Evacuation Pause) (young) 110M->68M(128M), 0.0011801 secs]
Application time: 0.0717206 seconds
[GC pause (G1 Evacuation Pause) (young) (initial-mark) 110M->68M(128M), 0.0013813 secs]
[GC concurrent-root-region-scan-start]
[GC concurrent-root-region-scan-end, 0.0002168 secs]
[GC concurrent-mark-start]
[GC concurrent-mark-end, 0.0043391 secs]
Application time: 0.0046153 seconds
[GC remark, 0.0031932 secs]
Application time: 0.0000350 seconds
[GC cleanup 71M->71M(128M), 0.0002154 secs]
Application time: 0.1276180 seconds
[GC pause (G1 Evacuation Pause) (young) 110M->68M(128M), 0.0012343 secs]
Application time: 0.0683850 seconds
[GC pause (G1 Evacuation Pause) (young) 110M->68M(128M), 0.0013104 secs]
Application time: 0.0559898 seconds
[GC pause (G1 Evacuation Pause) (young) (initial-mark) 110M->68M(128M), 0.0014182 secs]
[GC concurrent-root-region-scan-start]
[GC concurrent-root-region-scan-end, 0.0003249 secs]
[GC concurrent-mark-start]
[GC concurrent-mark-end, 0.0047600 secs]
Application time: 0.0050879 seconds
[GC remark, 0.0032598 secs]
Application time: 0.0000387 seconds
[GC cleanup 70M->70M(128M), 0.0002571 secs]
Application time: 0.0474852 seconds
[GC pause (G1 Evacuation Pause) (young) 110M->68M(128M), 0.0010816 secs]
Application time: 0.0484995 seconds
[GC pause (G1 Evacuation Pause) (young) 110M->68M(128M), 0.0011862 secs]
Application time: 0.0478166 seconds
[GC pause (G1 Evacuation Pause) (young) (initial-mark) 110M->68M(128M), 0.0013307 secs]
[GC concurrent-root-region-scan-start]
[GC concurrent-root-region-scan-end, 0.0003379 secs]
[GC concurrent-mark-start]
[GC concurrent-mark-end, 0.0044565 secs]
Application time: 0.0048008 seconds
[GC remark, 0.0031453 secs]
Application time: 0.0000280 seconds
[GC cleanup 69M->69M(128M), 0.0002158 secs]
Application time: 0.0549634 seconds
[GC pause (G1 Evacuation Pause) (young) 110M->68M(128M), 0.0011536 secs]
Application time: 0.0510272 seconds
[GC pause (G1 Evacuation Pause) (young) 110M->68M(128M), 0.0010153 secs]
Application time: 0.0549449 seconds
[GC pause (G1 Evacuation Pause) (young) (initial-mark) 110M->68M(128M), 0.0009795 secs]
[GC concurrent-root-region-scan-start]
[GC concurrent-root-region-scan-end, 0.0001696 secs]
[GC concurrent-mark-start]
[GC concurrent-mark-end, 0.0043140 secs]
Application time: 0.0045689 seconds
[GC remark, 0.0025625 secs]
Application time: 0.0000355 seconds
[GC cleanup 70M->70M(128M), 0.0001847 secs]
Application time: 0.0724523 seconds
[GC pause (G1 Evacuation Pause) (young) 110M->68M(128M), 0.0008042 secs]
Application time: 0.1143007 seconds
[GC pause (G1 Evacuation Pause) (young) 110M->68M(128M), 0.0008746 secs]
Application time: 0.0718545 seconds
[GC pause (G1 Evacuation Pause) (young) (initial-mark) 110M->68M(128M), 0.0009591 secs]
[GC concurrent-root-region-scan-start]
[GC concurrent-root-region-scan-end, 0.0002019 secs]
[GC concurrent-mark-start]
[GC concurrent-mark-end, 0.0046018 secs]
Application time: 0.0048156 seconds
[GC remark, 0.0027905 secs]
Application time: 0.0000471 seconds
[GC cleanup 69M->69M(128M), 0.0001847 secs]
Application time: 0.0742765 seconds
[GC pause (G1 Evacuation Pause) (young) 110M->68M(128M), 0.0009759 secs]
Application time: 0.0499275 seconds
[GC pause (G1 Evacuation Pause) (young) 110M->68M(128M), 0.0008988 secs]
Application time: 0.0501632 seconds
[GC pause (G1 Evacuation Pause) (young) (initial-mark) 110M->68M(128M), 0.0010524 secs]
[GC concurrent-root-region-scan-start]
[GC concurrent-root-region-scan-end, 0.0001892 secs]
[GC concurrent-mark-start]
[GC concurrent-mark-end, 0.0045114 secs]
Application time: 0.0047116 seconds
[GC remark, 0.0027041 secs]
Application time: 0.0000321 seconds
[GC cleanup 70M->70M(128M), 0.0001875 secs]
Application time: 0.0487980 seconds
[GC pause (G1 Evacuation Pause) (young) 110M->68M(128M), 0.0008492 secs]
Application time: 0.0502703 seconds
[GC pause (G1 Evacuation Pause) (young) 110M->68M(128M), 0.0008294 secs]
Application time: 0.0493919 seconds
[GC pause (G1 Evacuation Pause) (young) (initial-mark) 110M->68M(128M), 0.0010663 secs]
[GC concurrent-root-region-scan-start]
[GC concurrent-root-region-scan-end, 0.0002207 secs]
[GC concurrent-mark-start]
[GC concurrent-mark-end, 0.0043688 secs]
Application time: 0.0046557 seconds
[GC remark, 0.0025629 secs]
Application time: 0.0000355 seconds
[GC cleanup 70M->70M(128M), 0.0001759 secs]
Application time: 0.0482506 seconds
[GC pause (G1 Evacuation Pause) (young) 110M->68M(128M), 0.0008915 secs]
Application time: 0.0597698 seconds
[GC pause (G1 Evacuation Pause) (young) 110M->68M(128M), 0.0008039 secs]
Application time: 0.0904781 seconds
[GC pause (G1 Evacuation Pause) (young) (initial-mark) 110M->68M(128M), 0.0009581 secs]
[GC concurrent-root-region-scan-start]
[GC concurrent-root-region-scan-end, 0.0001754 secs]
[GC concurrent-mark-start]
[GC concurrent-mark-end, 0.0043907 secs]
Application time: 0.0045725 seconds
[GC remark, 0.0025807 secs]
Application time: 0.0000337 seconds
[GC cleanup 69M->69M(128M), 0.0001906 secs]
Application time: 0.1062336 seconds
[GC pause (G1 Evacuation Pause) (young) 110M->68M(128M), 0.0008401 secs]
Application time: 0.0652839 seconds
[GC pause (G1 Evacuation Pause) (young) 110M->68M(128M), 0.0009997 secs]
Application time: 0.0496161 seconds
[GC pause (G1 Evacuation Pause) (young) (initial-mark) 110M->68M(128M), 0.0009783 secs]
[GC concurrent-root-region-scan-start]
[GC concurrent-root-region-scan-end, 0.0001329 secs]
[GC concurrent-mark-start]
[GC concurrent-mark-end, 0.0043492 secs]
Application time: 0.0045613 seconds
[GC remark, 0.0024603 secs]
Application time: 0.0000356 seconds
[GC cleanup 70M->70M(128M), 0.0001829 secs]
Application time: 0.0493682 seconds
[GC pause (G1 Evacuation Pause) (young) 110M->68M(128M), 0.0008897 secs]
Application time: 0.0509685 seconds
[GC pause (G1 Evacuation Pause) (young) 110M->68M(128M), 0.0008665 secs]
Application time: 0.0501617 seconds
[GC pause (G1 Evacuation Pause) (young) (initial-mark) 110M->68M(128M), 0.0010297 secs]
[GC concurrent-root-region-scan-start]
[GC concurrent-root-region-scan-end, 0.0002444 secs]
[GC concurrent-mark-start]
[GC concurrent-mark-end, 0.0046415 secs]
Application time: 0.0048979 seconds
[GC remark, 0.0027834 secs]
Application time: 0.0000326 seconds
[GC cleanup 69M->69M(128M), 0.0001800 secs]
Application time: 0.0567210 seconds
[GC pause (G1 Evacuation Pause) (young) 110M->68M(128M), 0.0009054 secs]
Application time: 0.0493905 seconds
[GC pause (G1 Evacuation Pause) (young) 110M->68M(128M), 0.0009503 secs]
Application time: 0.0586230 seconds
[GC pause (G1 Evacuation Pause) (young) (initial-mark) 110M->68M(128M), 0.0009435 secs]
[GC concurrent-root-region-scan-start]
[GC concurrent-root-region-scan-end, 0.0001462 secs]
[GC concurrent-mark-start]
[GC concurrent-mark-end, 0.0043643 secs]
Application time: 0.0045843 seconds
[GC remark, 0.0026341 secs]
Application time: 0.0000377 seconds
[GC cleanup 70M->70M(128M), 0.0001807 secs]
Application time: 0.0654894 seconds
[GC pause (G1 Evacuation Pause) (young) 110M->68M(128M), 0.0009354 secs]
Application time: 0.1386109 seconds
[GC pause (G1 Evacuation Pause) (young) 110M->68M(128M), 0.0009046 secs]
Application time: 0.0693908 seconds
[GC pause (G1 Evacuation Pause) (young) (initial-mark) 110M->68M(128M), 0.0009302 secs]
[GC concurrent-root-region-scan-start]
[GC concurrent-root-region-scan-end, 0.0001766 secs]
[GC concurrent-mark-start]
[GC concurrent-mark-end, 0.0043129 secs]
Application time: 0.0045537 seconds
[GC remark, 0.0024200 secs]
Application time: 0.0000280 seconds
[GC cleanup 71M->71M(128M), 0.0001791 secs]
Application time: 0.0478165 seconds
[GC pause (G1 Evacuation Pause) (young) 110M->68M(128M), 0.0008827 secs]
Application time: 0.0564884 seconds
[GC pause (G1 Evacuation Pause) (young) 110M->68M(128M), 0.0014179 secs]
Application time: 0.0544103 seconds
[GC pause (G1 Evacuation Pause) (young) (initial-mark) 110M->68M(128M), 0.0012577 secs]
[GC concurrent-root-region-scan-start]
[GC concurrent-root-region-scan-end, 0.0002079 secs]
[GC concurrent-mark-start]
[GC concurrent-mark-end, 0.0045839 secs]
Application time: 0.0048501 seconds
[GC remark, 0.0030649 secs]
Application time: 0.0000431 seconds
[GC cleanup 70M->70M(128M), 0.0002315 secs]
Application time: 0.0476455 seconds
[GC pause (G1 Evacuation Pause) (young) 110M->68M(128M), 0.0013263 secs]
Application time: 0.0482633 seconds
[GC pause (G1 Evacuation Pause) (young) 110M->68M(128M), 0.0012088 secs]
Application time: 0.0485769 seconds
[GC pause (G1 Evacuation Pause) (young) (initial-mark) 110M->68M(128M), 0.0013224 secs]
[GC concurrent-root-region-scan-start]
[GC concurrent-root-region-scan-end, 0.0003164 secs]
[GC concurrent-mark-start]
[GC concurrent-mark-end, 0.0046857 secs]
Application time: 0.0050090 seconds
[GC remark, 0.0033320 secs]
Application time: 0.0000345 seconds
[GC cleanup 69M->69M(128M), 0.0002559 secs]
Application time: 0.0589258 seconds
[GC pause (G1 Evacuation Pause) (young) 110M->68M(128M), 0.0010688 secs]
Application time: 0.0568677 seconds
[GC pause (G1 Evacuation Pause) (young) 110M->68M(128M), 0.0009833 secs]
Application time: 0.1270288 seconds
[GC pause (G1 Evacuation Pause) (young) (initial-mark) 110M->68M(128M), 0.0012026 secs]
[GC concurrent-root-region-scan-start]
[GC concurrent-root-region-scan-end, 0.0001353 secs]
[GC concurrent-mark-start]
[GC concurrent-mark-end, 0.0047585 secs]
Application time: 0.0049011 seconds
[GC remark, 0.0033440 secs]
Application time: 0.0000333 seconds
[GC cleanup 69M->69M(128M), 0.0002323 secs]
Application time: 0.0873058 seconds
[GC pause (G1 Evacuation Pause) (young) 110M->68M(128M), 0.0011165 secs]
Application time: 0.0485403 seconds
[GC pause (G1 Evacuation Pause) (young) 110M->68M(128M), 0.0011850 secs]
Application time: 0.0455941 seconds
[GC pause (G1 Evacuation Pause) (young) (initial-mark) 110M->68M(128M), 0.0012461 secs]
[GC concurrent-root-region-scan-start]
[GC concurrent-root-region-scan-end, 0.0002704 secs]
[GC concurrent-mark-start]
[GC concurrent-mark-end, 0.0044139 secs]
Application time: 0.0047436 seconds
[GC remark, 0.0032181 secs]
Application time: 0.0000469 seconds
[GC cleanup 71M->71M(128M), 0.0002474 secs]
Application time: 0.0451320 seconds
[GC pause (G1 Evacuation Pause) (young) 110M->68M(128M), 0.0010517 secs]
Application time: 0.0463510 seconds
[GC pause (G1 Evacuation Pause) (young) 110M->68M(128M), 0.0012326 secs]
Application time: 0.0466673 seconds
[GC pause (G1 Evacuation Pause) (young) (initial-mark) 110M->68M(128M), 0.0011241 secs]
[GC concurrent-root-region-scan-start]
[GC concurrent-root-region-scan-end, 0.0001578 secs]
[GC concurrent-mark-start]
[GC concurrent-mark-end, 0.0045296 secs]
Application time: 0.0047450 seconds
[GC remark, 0.0030340 secs]
Application time: 0.0000292 seconds
[GC cleanup 71M->71M(128M), 0.0002444 secs]
Application time: 0.0456896 seconds
[GC pause (G1 Evacuation Pause) (young) 110M->68M(128M), 0.0010026 secs]
Application time: 0.0464057 seconds
[GC pause (G1 Evacuation Pause) (young) 110M->68M(128M), 0.0010067 secs]
Application time: 0.0465836 seconds
[GC pause (G1 Evacuation Pause) (young) (initial-mark) 110M->68M(128M), 0.0011904 secs]
[GC concurrent-root-region-scan-start]
[GC concurrent-root-region-scan-end, 0.0002199 secs]
[GC concurrent-mark-start]
[GC concurrent-mark-end, 0.0047684 secs]
Application time: 0.0049833 seconds
[GC remark, 0.0032521 secs]
Application time: 0.0000293 seconds
[GC cleanup 71M->71M(128M), 0.0002020 secs]
Application time: 0.0937941 seconds
[GC pause (G1 Evacuation Pause) (young) 110M->68M(128M), 0.0010325 secs]
Application time: 0.1199642 seconds
[GC pause (G1 Evacuation Pause) (young) 110M->68M(128M), 0.0012177 secs]
Application time: 0.0586051 seconds
[GC pause (G1 Evacuation Pause) (young) (initial-mark) 110M->68M(128M), 0.0012074 secs]
[GC concurrent-root-region-scan-start]
[GC concurrent-root-region-scan-end, 0.0002192 secs]
[GC concurrent-mark-start]
[GC concurrent-mark-end, 0.0046482 secs]
Application time: 0.0048851 seconds
[GC remark, 0.0034235 secs]
Application time: 0.0000510 seconds
[GC cleanup 71M->71M(128M), 0.0002247 secs]
Application time: 0.0444328 seconds
[GC pause (G1 Evacuation Pause) (young) 110M->68M(128M), 0.0012255 secs]
Application time: 0.0466881 seconds
[GC pause (G1 Evacuation Pause) (young) 110M->68M(128M), 0.0012231 secs]
Application time: 0.0460368 seconds
[GC pause (G1 Evacuation Pause) (young) (initial-mark) 110M->68M(128M), 0.0011742 secs]
[GC concurrent-root-region-scan-start]
[GC concurrent-root-region-scan-end, 0.0003205 secs]
[GC concurrent-mark-start]
[GC concurrent-mark-end, 0.0044369 secs]
Application time: 0.0048272 seconds
[GC remark, 0.0030705 secs]
Application time: 0.0000656 seconds
[GC cleanup 71M->71M(128M), 0.0002188 secs]
Application time: 0.0527823 seconds
[GC pause (G1 Evacuation Pause) (young) 110M->68M(128M), 0.0013097 secs]
Application time: 0.0561420 seconds
[GC pause (G1 Evacuation Pause) (young) 110M->68M(128M), 0.0012049 secs]
Application time: 0.0490928 seconds
[GC pause (G1 Evacuation Pause) (young) (initial-mark) 110M->68M(128M), 0.0013031 secs]
[GC concurrent-root-region-scan-start]
[GC concurrent-root-region-scan-end, 0.0002845 secs]
[GC concurrent-mark-start]
[GC concurrent-mark-end, 0.0046792 secs]
Application time: 0.0050255 seconds
[GC remark, 0.0031230 secs]
Application time: 0.0011461 seconds
[GC cleanup 71M->71M(128M), 0.0002559 secs]
Application time: 0.0428068 seconds
[GC pause (G1 Evacuation Pause) (young) 110M->68M(128M), 0.0011841 secs]
Application time: 0.0586004 seconds
[GC pause (G1 Evacuation Pause) (young) 110M->68M(128M), 0.0010367 secs]
Application time: 0.1437077 seconds
[GC pause (G1 Evacuation Pause) (young) (initial-mark) 110M->68M(128M), 0.0012656 secs]
[GC concurrent-root-region-scan-start]
[GC concurrent-root-region-scan-end, 0.0001616 secs]
[GC concurrent-mark-start]
[GC concurrent-mark-end, 0.0044545 secs]
Application time: 0.0046928 seconds
[GC remark, 0.0029869 secs]
Application time: 0.0000278 seconds
[GC cleanup 71M->71M(128M), 0.0002094 secs]
Application time: 0.0561426 seconds
[GC pause (G1 Evacuation Pause) (young) 110M->68M(128M), 0.0011983 secs]
Application time: 0.0474624 seconds
[GC pause (G1 Evacuation Pause) (young) 110M->68M(128M), 0.0011425 secs]
Application time: 0.0494723 seconds
[GC pause (G1 Evacuation Pause) (young) (initial-mark) 110M->68M(128M), 0.0012661 secs]
[GC concurrent-root-region-scan-start]
[GC concurrent-root-region-scan-end, 0.0001845 secs]
[GC concurrent-mark-start]
[GC concurrent-mark-end, 0.0045817 secs]
Application time: 0.0048293 seconds
[GC remark, 0.0029970 secs]
Application time: 0.0000325 seconds
[GC cleanup 70M->70M(128M), 0.0002046 secs]
Application time: 0.0446989 seconds
[GC pause (G1 Evacuation Pause) (young) 110M->68M(128M), 0.0011776 secs]
Application time: 0.0501687 seconds
[GC pause (G1 Evacuation Pause) (young) 110M->68M(128M), 0.0011549 secs]
Application time: 0.0467213 seconds
[GC pause (G1 Evacuation Pause) (young) (initial-mark) 110M->68M(128M), 0.0013208 secs]
[GC concurrent-root-region-scan-start]
[GC concurrent-root-region-scan-end, 0.0002121 secs]
[GC concurrent-mark-start]
[GC concurrent-mark-end, 0.0044854 secs]
Application time: 0.0047829 seconds
[GC remark, 0.0030087 secs]
Application time: 0.0000313 seconds
[GC cleanup 71M->71M(128M), 0.0002108 secs]
Application time: 0.0454543 seconds
[GC pause (G1 Evacuation Pause) (young) 110M->68M(128M), 0.0010608 secs]
Application time: 0.0470245 seconds
[GC pause (G1 Evacuation Pause) (young) 110M->68M(128M), 0.0010098 secs]
Application time: 0.0615094 seconds
[GC pause (G1 Evacuation Pause) (young) (initial-mark) 110M->68M(128M), 0.0012502 secs]
[GC concurrent-root-region-scan-start]
[GC concurrent-root-region-scan-end, 0.0002084 secs]
[GC concurrent-mark-start]
[GC concurrent-mark-end, 0.0071458 secs]
Application time: 0.0073571 seconds
[GC remark, 0.0031692 secs]
Application time: 0.0000356 seconds
[GC cleanup 69M->69M(128M), 0.0003018 secs]
Application time: 0.1068879 seconds
[GC pause (G1 Evacuation Pause) (young) 110M->68M(128M), 0.0010446 secs]
Application time: 0.0819859 seconds
[GC pause (G1 Evacuation Pause) (young) 110M->68M(128M), 0.0010342 secs]
Application time: 0.0594733 seconds
[GC pause (G1 Evacuation Pause) (young) (initial-mark) 110M->68M(128M), 0.0012185 secs]
[GC concurrent-root-region-scan-start]
[GC concurrent-root-region-scan-end, 0.0002440 secs]
[GC concurrent-mark-start]
[GC concurrent-mark-end, 0.0044943 secs]
Application time: 0.0047941 seconds
[GC remark, 0.0032207 secs]
Application time: 0.0000282 seconds
[GC cleanup 71M->71M(128M), 0.0002376 secs]
Application time: 0.0450297 seconds
[GC pause (G1 Evacuation Pause) (young) 110M->68M(128M), 0.0012091 secs]
Application time: 0.0460935 seconds
[GC pause (G1 Evacuation Pause) (young) 110M->68M(128M), 0.0011053 secs]
Application time: 0.0505658 seconds
[GC pause (G1 Evacuation Pause) (young) (initial-mark) 110M->68M(128M), 0.0012052 secs]
[GC concurrent-root-region-scan-start]
[GC concurrent-root-region-scan-end, 0.0001991 secs]
[GC concurrent-mark-start]
[GC concurrent-mark-end, 0.0044577 secs]
Application time: 0.0047129 seconds
[GC remark, 0.0030423 secs]
Application time: 0.0000343 seconds
[GC cleanup 71M->71M(128M), 0.0002215 secs]
Application time: 0.0561030 seconds
[GC pause (G1 Evacuation Pause) (young) 110M->68M(128M), 0.0008509 secs]
Application time: 0.0507225 seconds
[GC pause (G1 Evacuation Pause) (young) 110M->68M(128M), 0.0008981 secs]
Application time: 0.0574512 seconds
[GC pause (G1 Evacuation Pause) (young) (initial-mark) 110M->68M(128M), 0.0009726 secs]
[GC concurrent-root-region-scan-start]
[GC concurrent-root-region-scan-end, 0.0002615 secs]
[GC concurrent-mark-start]
[GC concurrent-mark-end, 0.0071193 secs]
Application time: 0.0074428 seconds
[GC remark, 0.0029152 secs]
Application time: 0.0000292 seconds
[GC cleanup 72M->72M(128M), 0.0002528 secs]
Application time: 0.0633705 seconds
[GC pause (G1 Evacuation Pause) (young) 110M->68M(128M), 0.0008731 secs]
Application time: 0.0689594 seconds
[GC pause (G1 Evacuation Pause) (young) 110M->68M(128M), 0.0008156 secs]
Application time: 0.0958657 seconds
[GC pause (G1 Evacuation Pause) (young) (initial-mark) 110M->68M(128M), 0.0009879 secs]
[GC concurrent-root-region-scan-start]
[GC concurrent-root-region-scan-end, 0.0001822 secs]
[GC concurrent-mark-start]
[GC concurrent-mark-end, 0.0046511 secs]
Application time: 0.0048322 seconds
[GC remark, 0.0030247 secs]
Application time: 0.0000377 seconds
[GC cleanup 69M->69M(128M), 0.0001984 secs]
Application time: 0.0705957 seconds
[GC pause (G1 Evacuation Pause) (young) 110M->68M(128M), 0.0009501 secs]
Application time: 0.0458705 seconds
[GC pause (G1 Evacuation Pause) (young) 110M->68M(128M), 0.0009496 secs]
Application time: 0.0532921 seconds
[GC pause (G1 Evacuation Pause) (young) (initial-mark) 110M->68M(128M), 0.0011093 secs]
[GC concurrent-root-region-scan-start]
[GC concurrent-root-region-scan-end, 0.0003031 secs]
[GC concurrent-mark-start]
[GC concurrent-mark-end, 0.0149493 secs]
Application time: 0.0153316 seconds
[GC remark, 0.0026046 secs]
Application time: 0.0000347 seconds
[GC cleanup 78M->78M(128M), 0.0001891 secs]
Application time: 0.0331027 seconds
[GC pause (G1 Evacuation Pause) (young) 110M->68M(128M), 0.0008424 secs]
Application time: 0.0457806 seconds
[GC pause (G1 Evacuation Pause) (young) 110M->68M(128M), 0.0009480 secs]
Application time: 0.0461602 seconds
[GC pause (G1 Evacuation Pause) (young) (initial-mark) 110M->68M(128M), 0.0010683 secs]
[GC concurrent-root-region-scan-start]
[GC concurrent-root-region-scan-end, 0.0001862 secs]
[GC concurrent-mark-start]
[GC concurrent-mark-end, 0.0040522 secs]
Application time: 0.0042928 seconds
[GC remark, 0.0024523 secs]
Application time: 0.0000277 seconds
[GC cleanup 71M->71M(128M), 0.0001797 secs]
Application time: 0.0436065 seconds
[GC pause (G1 Evacuation Pause) (young) 110M->68M(128M), 0.0008911 secs]
Application time: 0.0452512 seconds
[GC pause (G1 Evacuation Pause) (young) 110M->68M(128M), 0.0009297 secs]
Application time: 0.0659846 seconds
[GC pause (G1 Evacuation Pause) (young) (initial-mark) 110M->68M(128M), 0.0010049 secs]
[GC concurrent-root-region-scan-start]
[GC concurrent-root-region-scan-end, 0.0001768 secs]
[GC concurrent-mark-start]
[GC concurrent-mark-end, 0.0040256 secs]
Application time: 0.0042068 seconds
[GC remark, 0.0025745 secs]
Application time: 0.0000328 seconds
[GC cleanup 69M->69M(128M), 0.0001788 secs]
Application time: 0.1111962 seconds
[GC pause (G1 Evacuation Pause) (young) 110M->68M(128M), 0.0009249 secs]
Application time: 0.0684814 seconds
[GC pause (G1 Evacuation Pause) (young) 110M->68M(128M), 0.0009668 secs]
Application time: 0.0456034 seconds
[GC pause (G1 Evacuation Pause) (young) (initial-mark) 110M->68M(128M), 0.0010866 secs]
[GC concurrent-root-region-scan-start]
[GC concurrent-root-region-scan-end, 0.0002361 secs]
[GC concurrent-mark-start]
[GC concurrent-mark-end, 0.0045059 secs]
Application time: 0.0047487 seconds
[GC remark, 0.0026129 secs]
Application time: 0.0000295 seconds
[GC cleanup 70M->70M(128M), 0.0001732 secs]
Application time: 0.0431192 seconds
[GC pause (G1 Evacuation Pause) (young) 110M->68M(128M), 0.0009999 secs]
Application time: 0.0434786 seconds
[GC pause (G1 Evacuation Pause) (young) 110M->68M(128M), 0.0008569 secs]
Application time: 0.0443977 seconds
[GC pause (G1 Evacuation Pause) (young) (initial-mark) 110M->68M(128M), 0.0010370 secs]
[GC concurrent-root-region-scan-start]
[GC concurrent-root-region-scan-end, 0.0002580 secs]
[GC concurrent-mark-start]
[GC concurrent-mark-end, 0.0043374 secs]
Application time: 0.0046048 seconds
[GC remark, 0.0025237 secs]
Application time: 0.0000298 seconds
[GC cleanup 70M->70M(128M), 0.0001756 secs]
Application time: 0.0417319 seconds
[GC pause (G1 Evacuation Pause) (young) 110M->68M(128M), 0.0007791 secs]
Application time: 0.0444476 seconds
[GC pause (G1 Evacuation Pause) (young) 110M->68M(128M), 0.0008365 secs]
Application time: 0.0441958 seconds
[GC pause (G1 Evacuation Pause) (young) (initial-mark) 110M->68M(128M), 0.0008745 secs]
[GC concurrent-root-region-scan-start]
[GC concurrent-root-region-scan-end, 0.0001809 secs]
[GC concurrent-mark-start]
[GC concurrent-mark-end, 0.0040218 secs]
Application time: 0.0042588 seconds
[GC remark, 0.0025290 secs]
Application time: 0.0000633 seconds
[GC cleanup 71M->71M(128M), 0.0001814 secs]
Application time: 0.0648134 seconds
[GC pause (G1 Evacuation Pause) (young) 110M->68M(128M), 0.0007865 secs]
Application time: 0.0989807 seconds
[GC pause (G1 Evacuation Pause) (young) 110M->68M(128M), 0.0008355 secs]
Application time: 0.0734044 seconds
[GC pause (G1 Evacuation Pause) (young) (initial-mark) 110M->68M(128M), 0.0010111 secs]
[GC concurrent-root-region-scan-start]
[GC concurrent-root-region-scan-end, 0.0002239 secs]
[GC concurrent-mark-start]
[GC concurrent-mark-end, 0.0043655 secs]
Application time: 0.0045964 seconds
[GC remark, 0.0027417 secs]
Application time: 0.0000316 seconds
[GC cleanup 69M->69M(128M), 0.0001849 secs]
Application time: 0.0643206 seconds
[GC pause (G1 Evacuation Pause) (young) 110M->68M(128M), 0.0012573 secs]
Application time: 0.0473166 seconds
[GC pause (G1 Evacuation Pause) (young) 110M->68M(128M), 0.0012736 secs]
Application time: 0.0468765 seconds
[GC pause (G1 Evacuation Pause) (young) (initial-mark) 110M->68M(128M), 0.0015482 secs]
[GC concurrent-root-region-scan-start]
[GC concurrent-root-region-scan-end, 0.0003154 secs]
[GC concurrent-mark-start]
[GC concurrent-mark-end, 0.0043548 secs]
Application time: 0.0046951 seconds
[GC remark, 0.0034705 secs]
Application time: 0.0000263 seconds
[GC cleanup 69M->69M(128M), 0.0002501 secs]
Application time: 0.0478479 seconds
[GC pause (G1 Evacuation Pause) (young) 110M->68M(128M), 0.0011342 secs]
Application time: 0.0445703 seconds
[GC pause (G1 Evacuation Pause) (young) 110M->68M(128M), 0.0009161 secs]
Application time: 0.0447806 seconds
[GC pause (G1 Evacuation Pause) (young) (initial-mark) 110M->68M(128M), 0.0009445 secs]
[GC concurrent-root-region-scan-start]
[GC concurrent-root-region-scan-end, 0.0001558 secs]
[GC concurrent-mark-start]
[GC concurrent-mark-end, 0.0041535 secs]
Application time: 0.0043708 seconds
[GC remark, 0.0025057 secs]
Application time: 0.0000334 seconds
[GC cleanup 70M->70M(128M), 0.0001751 secs]
Application time: 0.0430523 seconds
[GC pause (G1 Evacuation Pause) (young) 110M->68M(128M), 0.0008374 secs]
Application time: 0.0739952 seconds
[GC pause (G1 Evacuation Pause) (young) 110M->68M(128M), 0.0009838 secs]
Application time: 0.0772183 seconds
[GC pause (G1 Evacuation Pause) (young) (initial-mark) 110M->68M(128M), 0.0009668 secs]
[GC concurrent-root-region-scan-start]
[GC concurrent-root-region-scan-end, 0.0001541 secs]
[GC concurrent-mark-start]
[GC concurrent-mark-end, 0.0042030 secs]
Application time: 0.0043565 seconds
[GC remark, 0.0032139 secs]
Application time: 0.0000387 seconds
[GC cleanup 69M->69M(128M), 0.0001730 secs]
Application time: 0.1025263 seconds
[GC pause (G1 Evacuation Pause) (young) 110M->68M(128M), 0.0008022 secs]
Application time: 0.0612632 seconds
[GC pause (G1 Evacuation Pause) (young) 110M->68M(128M), 0.0008399 secs]
Application time: 0.0441343 seconds
[GC pause (G1 Evacuation Pause) (young) (initial-mark) 110M->68M(128M), 0.0009728 secs]
[GC concurrent-root-region-scan-start]
[GC concurrent-root-region-scan-end, 0.0001902 secs]
[GC concurrent-mark-start]
[GC concurrent-mark-end, 0.0041079 secs]
Application time: 0.0043598 seconds
[GC remark, 0.0036310 secs]
Application time: 0.0000347 seconds
[GC cleanup 71M->71M(128M), 0.0001824 secs]
Application time: 0.0440161 seconds
[GC pause (G1 Evacuation Pause) (young) 110M->68M(128M), 0.0009484 secs]
Application time: 0.0449554 seconds
[GC pause (G1 Evacuation Pause) (young) 110M->68M(128M), 0.0010226 secs]
Application time: 0.0437614 seconds
[GC pause (G1 Evacuation Pause) (young) (initial-mark) 110M->68M(128M), 0.0009326 secs]
[GC concurrent-root-region-scan-start]
[GC concurrent-root-region-scan-end, 0.0001822 secs]
[GC concurrent-mark-start]
[GC concurrent-mark-end, 0.0041243 secs]
Application time: 0.0043287 seconds
[GC remark, 0.0025976 secs]
Application time: 0.0000331 seconds
[GC cleanup 69M->69M(128M), 0.0001956 secs]
Application time: 0.0491407 seconds
[GC pause (G1 Evacuation Pause) (young) 110M->68M(128M), 0.0008952 secs]
Application time: 0.0433102 seconds
[GC pause (G1 Evacuation Pause) (young) 110M->68M(128M), 0.0008649 secs]
Application time: 0.0458011 seconds
[GC pause (G1 Evacuation Pause) (young) (initial-mark) 110M->68M(128M), 0.0008872 secs]
[GC concurrent-root-region-scan-start]
[GC concurrent-root-region-scan-end, 0.0001882 secs]
[GC concurrent-mark-start]
[GC concurrent-mark-end, 0.0040765 secs]
Application time: 0.0043196 seconds
[GC remark, 0.0025181 secs]
Application time: 0.0000449 seconds
[GC cleanup 69M->69M(128M), 0.0002015 secs]
Application time: 0.0727253 seconds
[GC pause (G1 Evacuation Pause) (young) 110M->68M(128M), 0.0008549 secs]
Application time: 0.1023167 seconds
[GC pause (G1 Evacuation Pause) (young) 110M->68M(128M), 0.0008506 secs]
Application time: 0.0648470 seconds
[GC pause (G1 Evacuation Pause) (young) (initial-mark) 110M->68M(128M), 0.0010199 secs]
[GC concurrent-root-region-scan-start]
[GC concurrent-root-region-scan-end, 0.0001982 secs]
[GC concurrent-mark-start]
[GC concurrent-mark-end, 0.0040435 secs]
Application time: 0.0042875 seconds
[GC remark, 0.0025674 secs]
Application time: 0.0000448 seconds
[GC cleanup 70M->70M(128M), 0.0001864 secs]
Application time: 0.0444990 seconds
[GC pause (G1 Evacuation Pause) (young) 110M->68M(128M), 0.0008217 secs]
Application time: 0.0424744 seconds
[GC pause (G1 Evacuation Pause) (young) 110M->68M(128M), 0.0009332 secs]
Application time: 0.0423826 seconds
[GC pause (G1 Evacuation Pause) (young) (initial-mark) 110M->68M(128M), 0.0008877 secs]
[GC concurrent-root-region-scan-start]
[GC concurrent-root-region-scan-end, 0.0001513 secs]
[GC concurrent-mark-start]
[GC concurrent-mark-end, 0.0039997 secs]
Application time: 0.0050826 seconds
[GC remark, 0.0023766 secs]
Application time: 0.0000459 seconds
[GC cleanup 71M->71M(128M), 0.0001801 secs]
Application time: 0.0408005 seconds
[GC pause (G1 Evacuation Pause) (young) 110M->68M(128M), 0.0008136 secs]
Application time: 0.0429566 seconds
[GC pause (G1 Evacuation Pause) (young) 110M->68M(128M), 0.0008371 secs]
Application time: 0.0430277 seconds
[GC pause (G1 Evacuation Pause) (young) (initial-mark) 110M->68M(128M), 0.0008763 secs]
[GC concurrent-root-region-scan-start]
[GC concurrent-root-region-scan-end, 0.0001825 secs]
[GC concurrent-mark-start]
[GC concurrent-mark-end, 0.0040926 secs]
Application time: 0.0043269 seconds
[GC remark, 0.0024479 secs]
Application time: 0.0000496 seconds
[GC cleanup 70M->70M(128M), 0.0001640 secs]
Application time: 0.0413697 seconds
[GC pause (G1 Evacuation Pause) (young) 110M->68M(128M), 0.0008492 secs]
Application time: 0.0645858 seconds
[GC pause (G1 Evacuation Pause) (young) 110M->68M(128M), 0.0007595 secs]
Application time: 0.0944673 seconds
[GC pause (G1 Evacuation Pause) (young) (initial-mark) 110M->68M(128M), 0.0008884 secs]
[GC concurrent-root-region-scan-start]
[GC concurrent-root-region-scan-end, 0.0001545 secs]
[GC concurrent-mark-start]
[GC concurrent-mark-end, 0.0039989 secs]
Application time: 0.0086929 seconds
[GC remark, 0.0025341 secs]
Application time: 0.0000679 seconds
[GC cleanup 70M->70M(128M), 0.0001783 secs]
Application time: 0.0662071 seconds
[GC pause (G1 Evacuation Pause) (young) 110M->68M(128M), 0.0013564 secs]
Application time: 0.0740206 seconds
[GC pause (G1 Evacuation Pause) (young) 110M->68M(128M), 0.0012051 secs]
Application time: 0.0463898 seconds
[GC pause (G1 Evacuation Pause) (young) (initial-mark) 110M->68M(128M), 0.0012344 secs]
[GC concurrent-root-region-scan-start]
[GC concurrent-root-region-scan-end, 0.0003061 secs]
[GC concurrent-mark-start]
[GC concurrent-mark-end, 0.0046842 secs]
Application time: 0.0050479 seconds
[GC remark, 0.0032974 secs]
Application time: 0.0000494 seconds
[GC cleanup 71M->71M(128M), 0.0002345 secs]
Application time: 0.0437583 seconds
[GC pause (G1 Evacuation Pause) (young) 110M->68M(128M), 0.0011815 secs]
Application time: 0.0464332 seconds
[GC pause (G1 Evacuation Pause) (young) 110M->68M(128M), 0.0011912 secs]
Application time: 0.0488505 seconds
[GC pause (G1 Evacuation Pause) (young) (initial-mark) 110M->68M(128M), 0.0013755 secs]
[GC concurrent-root-region-scan-start]
[GC concurrent-root-region-scan-end, 0.0002376 secs]
[GC concurrent-mark-start]
[GC concurrent-mark-end, 0.0047344 secs]
Application time: 0.0050380 seconds
[GC remark, 0.0030972 secs]
Application time: 0.0010693 seconds
[GC cleanup 71M->71M(128M), 0.0002484 secs]
Application time: 0.0432275 seconds
[GC pause (G1 Evacuation Pause) (young) 110M->68M(128M), 0.0010685 secs]
Application time: 0.0454517 seconds
[GC pause (G1 Evacuation Pause) (young) 110M->68M(128M), 0.0011163 secs]
Application time: 0.0453335 seconds
[GC pause (G1 Evacuation Pause) (young) (initial-mark) 110M->68M(128M), 0.0011864 secs]
[GC concurrent-root-region-scan-start]
[GC concurrent-root-region-scan-end, 0.0001719 secs]
[GC concurrent-mark-start]
[GC concurrent-mark-end, 0.0043899 secs]
Application time: 0.0048019 seconds
[GC remark, 0.0029596 secs]
Application time: 0.0017164 seconds
[GC cleanup 71M->71M(128M), 0.0002183 secs]
Application time: 0.0858633 seconds
[GC pause (G1 Evacuation Pause) (young) 110M->68M(128M), 0.0010857 secs]
Application time: 0.1254551 seconds
[GC pause (G1 Evacuation Pause) (young) 110M->68M(128M), 0.0011992 secs]
Application time: 0.0519661 seconds
[GC pause (G1 Evacuation Pause) (young) (initial-mark) 110M->68M(128M), 0.0013017 secs]
[GC concurrent-root-region-scan-start]
[GC concurrent-root-region-scan-end, 0.0002057 secs]
[GC concurrent-mark-start]
[GC concurrent-mark-end, 0.0047823 secs]
Application time: 0.0050511 seconds
[GC remark, 0.0033756 secs]
Application time: 0.0000428 seconds
[GC cleanup 71M->71M(128M), 0.0002222 secs]
Application time: 0.0482348 seconds
[GC pause (G1 Evacuation Pause) (young) 110M->68M(128M), 0.0011329 secs]
Application time: 0.0464090 seconds
[GC pause (G1 Evacuation Pause) (young) 110M->68M(128M), 0.0012363 secs]
Application time: 0.0459333 seconds
[GC pause (G1 Evacuation Pause) (young) (initial-mark) 110M->68M(128M), 0.0013352 secs]
[GC concurrent-root-region-scan-start]
[GC concurrent-root-region-scan-end, 0.0003369 secs]
[GC concurrent-mark-start]
[GC concurrent-mark-end, 0.0044581 secs]
Application time: 0.0048549 seconds
[GC remark, 0.0029771 secs]
Application time: 0.0000764 seconds
[GC cleanup 71M->71M(128M), 0.0002369 secs]
Application time: 0.0439071 seconds
[GC pause (G1 Evacuation Pause) (young) 110M->68M(128M), 0.0011619 secs]
Application time: 0.0452100 seconds
[GC pause (G1 Evacuation Pause) (young) 110M->68M(128M), 0.0012010 secs]
Application time: 0.0458471 seconds
[GC pause (G1 Evacuation Pause) (young) (initial-mark) 110M->68M(128M), 0.0011906 secs]
[GC concurrent-root-region-scan-start]
[GC concurrent-root-region-scan-end, 0.0002734 secs]
[GC concurrent-mark-start]
[GC concurrent-mark-end, 0.0044979 secs]
Application time: 0.0048322 seconds
[GC remark, 0.0031521 secs]
Application time: 0.0012529 seconds
[GC cleanup 71M->71M(128M), 0.0003219 secs]
Application time: 0.0430187 seconds
[GC pause (G1 Evacuation Pause) (young) 110M->68M(128M), 0.0011664 secs]
Application time: 0.0680158 seconds
[GC pause (G1 Evacuation Pause) (young) 110M->68M(128M), 0.0011007 secs]
Application time: 0.1153585 seconds
[GC pause (G1 Evacuation Pause) (young) (initial-mark) 110M->68M(128M), 0.0013069 secs]
[GC concurrent-root-region-scan-start]
[GC concurrent-root-region-scan-end, 0.0003149 secs]
[GC concurrent-mark-start]
[GC concurrent-mark-end, 0.0043684 secs]
Application time: 0.0047374 seconds
[GC remark, 0.0031676 secs]
Application time: 0.0032777 seconds
[GC cleanup 71M->71M(128M), 0.0006984 secs]
Application time: 0.0634806 seconds
[GC pause (G1 Evacuation Pause) (young) 110M->68M(128M), 0.0010898 secs]
Application time: 0.0510895 seconds
[GC pause (G1 Evacuation Pause) (young) 110M->68M(128M), 0.0010739 secs]
Application time: 0.0458254 seconds
[GC pause (G1 Evacuation Pause) (young) (initial-mark) 110M->68M(128M), 0.0012620 secs]
[GC concurrent-root-region-scan-start]
[GC concurrent-root-region-scan-end, 0.0002283 secs]
[GC concurrent-mark-start]
[GC concurrent-mark-end, 0.0047279 secs]
Application time: 0.0049573 seconds
[GC remark, 0.0033513 secs]
Application time: 0.0000341 seconds
[GC cleanup 71M->71M(128M), 0.0002866 secs]
Application time: 0.0454070 seconds
[GC pause (G1 Evacuation Pause) (young) 110M->68M(128M), 0.0012695 secs]
Application time: 0.0506864 seconds
[GC pause (G1 Evacuation Pause) (young) 110M->68M(128M), 0.0012306 secs]
Application time: 0.0462966 seconds
[GC pause (G1 Evacuation Pause) (young) (initial-mark) 110M->68M(128M), 0.0013870 secs]
[GC concurrent-root-region-scan-start]
[GC concurrent-root-region-scan-end, 0.0002905 secs]
[GC concurrent-mark-start]
[GC concurrent-mark-end, 0.0048375 secs]
Application time: 0.0051846 seconds
[GC remark, 0.0031444 secs]
Application time: 0.0000361 seconds
[GC cleanup 71M->71M(128M), 0.0002075 secs]
Application time: 0.0445598 seconds
[GC pause (G1 Evacuation Pause) (young) 110M->68M(128M), 0.0012396 secs]
Application time: 0.0521457 seconds
[GC pause (G1 Evacuation Pause) (young) 110M->68M(128M), 0.0011055 secs]
Application time: 0.0724663 seconds
[GC pause (G1 Evacuation Pause) (young) (initial-mark) 110M->68M(128M), 0.0013520 secs]
[GC concurrent-root-region-scan-start]
[GC concurrent-root-region-scan-end, 0.0003253 secs]
[GC concurrent-mark-start]
[GC concurrent-mark-end, 0.0047663 secs]
Application time: 0.0050985 seconds
[GC remark, 0.0034333 secs]
Application time: 0.0000267 seconds
[GC cleanup 69M->69M(128M), 0.0002497 secs]
Application time: 0.0988725 seconds
[GC pause (G1 Evacuation Pause) (young) 110M->68M(128M), 0.0011125 secs]
Application time: 0.0688252 seconds
[GC pause (G1 Evacuation Pause) (young) 110M->68M(128M), 0.0011053 secs]
Application time: 0.0666126 seconds
[GC pause (G1 Evacuation Pause) (young) (initial-mark) 110M->68M(128M), 0.0011497 secs]
[GC concurrent-root-region-scan-start]
[GC concurrent-root-region-scan-end, 0.0002687 secs]
[GC concurrent-mark-start]
[GC concurrent-mark-end, 0.0046586 secs]
Application time: 0.0049830 seconds
[GC remark, 0.0031694 secs]
Application time: 0.0000375 seconds
[GC cleanup 71M->71M(128M), 0.0003226 secs]
Application time: 0.0464467 seconds
[GC pause (G1 Evacuation Pause) (young) 110M->68M(128M), 0.0012290 secs]
Application time: 0.0506211 seconds
[GC pause (G1 Evacuation Pause) (young) 110M->68M(128M), 0.0008522 secs]
Application time: 0.0461052 seconds
[GC pause (G1 Evacuation Pause) (young) (initial-mark) 110M->68M(128M), 0.0010491 secs]
[GC concurrent-root-region-scan-start]
[GC concurrent-root-region-scan-end, 0.0001809 secs]
[GC concurrent-mark-start]
[GC concurrent-mark-end, 0.0046661 secs]
Application time: 0.0048482 seconds
[GC remark, 0.0027333 secs]
Application time: 0.0000294 seconds
[GC cleanup 71M->71M(128M), 0.0001865 secs]
Application time: 0.0437001 seconds
[GC pause (G1 Evacuation Pause) (young) 110M->68M(128M), 0.0009232 secs]
Application time: 0.0528562 seconds
[GC pause (G1 Evacuation Pause) (young) 110M->68M(128M), 0.0008469 secs]
Application time: 0.0531210 seconds
[GC pause (G1 Evacuation Pause) (young) (initial-mark) 110M->68M(128M), 0.0010060 secs]
[GC concurrent-root-region-scan-start]
[GC concurrent-root-region-scan-end, 0.0001730 secs]
[GC concurrent-mark-start]
[GC concurrent-mark-end, 0.0046035 secs]
Application time: 0.0047758 seconds
[GC remark, 0.0025428 secs]
Application time: 0.0000299 seconds
[GC cleanup 69M->69M(128M), 0.0002101 secs]
Application time: 0.0700936 seconds
[GC pause (G1 Evacuation Pause) (young) 110M->68M(128M), 0.0008356 secs]
Application time: 0.0753615 seconds
[GC pause (G1 Evacuation Pause) (young) 110M->68M(128M), 0.0009080 secs]
Application time: 0.0572162 seconds
[GC pause (G1 Evacuation Pause) (young) (initial-mark) 110M->68M(128M), 0.0010332 secs]
[GC concurrent-root-region-scan-start]
[GC concurrent-root-region-scan-end, 0.0001783 secs]
[GC concurrent-mark-start]
[GC concurrent-mark-end, 0.0043871 secs]
Application time: 0.0046197 seconds
[GC remark, 0.0028379 secs]
Application time: 0.0000259 seconds
[GC cleanup 71M->71M(128M), 0.0002123 secs]
Application time: 0.0647288 seconds
[GC pause (G1 Evacuation Pause) (young) 110M->68M(128M), 0.0008561 secs]
Application time: 0.0667512 seconds
[GC pause (G1 Evacuation Pause) (young) 110M->68M(128M), 0.0008357 secs]
Application time: 0.0525479 seconds
[GC pause (G1 Evacuation Pause) (young) (initial-mark) 110M->68M(128M), 0.0010564 secs]
[GC concurrent-root-region-scan-start]
[GC concurrent-root-region-scan-end, 0.0001720 secs]
[GC concurrent-mark-start]
[GC concurrent-mark-end, 0.0044667 secs]
Application time: 0.0046936 seconds
[GC remark, 0.0024195 secs]
Application time: 0.0000277 seconds
[GC cleanup 71M->71M(128M), 0.0001883 secs]
Application time: 0.0443111 seconds
[GC pause (G1 Evacuation Pause) (young) 110M->68M(128M), 0.0009207 secs]
Application time: 0.0454516 seconds
[GC pause (G1 Evacuation Pause) (young) 110M->68M(128M), 0.0008823 secs]
Application time: 0.0450547 seconds
[GC pause (G1 Evacuation Pause) (young) (initial-mark) 110M->68M(128M), 0.0009822 secs]
[GC concurrent-root-region-scan-start]
[GC concurrent-root-region-scan-end, 0.0001646 secs]
[GC concurrent-mark-start]
[GC concurrent-mark-end, 0.0043379 secs]
Application time: 0.0045584 seconds
[GC remark, 0.0032481 secs]
Application time: 0.0000405 seconds
[GC cleanup 70M->70M(128M), 0.0002030 secs]
Application time: 0.0645769 seconds
[GC pause (G1 Evacuation Pause) (young) 110M->68M(128M), 0.0009275 secs]
Application time: 0.0728744 seconds
[GC pause (G1 Evacuation Pause) (young) 110M->68M(128M), 0.0009385 secs]
Application time: 0.0561718 seconds
[GC pause (G1 Evacuation Pause) (young) (initial-mark) 110M->68M(128M), 0.0010347 secs]
[GC concurrent-root-region-scan-start]
[GC concurrent-root-region-scan-end, 0.0002077 secs]
[GC concurrent-mark-start]
[GC concurrent-mark-end, 0.0046812 secs]
Application time: 0.0049544 seconds
[GC remark, 0.0028245 secs]
Application time: 0.0000280 seconds
[GC cleanup 71M->71M(128M), 0.0001907 secs]
Application time: 0.0456796 seconds
[GC pause (G1 Evacuation Pause) (young) 110M->68M(128M), 0.0010218 secs]
Application time: 0.0592515 seconds
[GC pause (G1 Evacuation Pause) (young) 110M->68M(128M), 0.0008207 secs]
Application time: 0.0715860 seconds
[GC pause (G1 Evacuation Pause) (young) (initial-mark) 110M->68M(128M), 0.0009124 secs]
[GC concurrent-root-region-scan-start]
[GC concurrent-root-region-scan-end, 0.0001890 secs]
[GC concurrent-mark-start]
[GC concurrent-mark-end, 0.0046449 secs]
Application time: 0.0048861 seconds
[GC remark, 0.0025618 secs]
Application time: 0.0000360 seconds
[GC cleanup 70M->70M(128M), 0.0002001 secs]
Application time: 0.0626202 seconds
[GC pause (G1 Evacuation Pause) (young) 110M->68M(128M), 0.0008648 secs]
Application time: 0.0448990 seconds
[GC pause (G1 Evacuation Pause) (young) 110M->68M(128M), 0.0008817 secs]
Application time: 0.0460267 seconds
[GC pause (G1 Evacuation Pause) (young) (initial-mark) 110M->68M(128M), 0.0008869 secs]
[GC concurrent-root-region-scan-start]
[GC concurrent-root-region-scan-end, 0.0001744 secs]
[GC concurrent-mark-start]
[GC concurrent-mark-end, 0.0047154 secs]
Application time: 0.0049624 seconds
[GC remark, 0.0032347 secs]
Application time: 0.0000282 seconds
[GC cleanup 71M->71M(128M), 0.0001781 secs]
Application time: 0.0432372 seconds
[GC pause (G1 Evacuation Pause) (young) 110M->68M(128M), 0.0008393 secs]
Application time: 0.0450122 seconds
[GC pause (G1 Evacuation Pause) (young) 110M->68M(128M), 0.0008535 secs]
Application time: 0.0679388 seconds
[GC pause (G1 Evacuation Pause) (young) (initial-mark) 110M->68M(128M), 0.0009712 secs]
[GC concurrent-root-region-scan-start]
[GC concurrent-root-region-scan-end, 0.0001824 secs]
[GC concurrent-mark-start]
[GC concurrent-mark-end, 0.0046089 secs]
Application time: 0.0048499 seconds
[GC remark, 0.0025009 secs]
Application time: 0.0000283 seconds
[GC cleanup 71M->71M(128M), 0.0001802 secs]
Application time: 0.0636489 seconds
[GC pause (G1 Evacuation Pause) (young) 110M->68M(128M), 0.0007680 secs]
Application time: 0.0651003 seconds
[GC pause (G1 Evacuation Pause) (young) 110M->68M(128M), 0.0008006 secs]
Application time: 0.0706909 seconds
[GC pause (G1 Evacuation Pause) (young) (initial-mark) 110M->68M(128M), 0.0009186 secs]
[GC concurrent-root-region-scan-start]
[GC concurrent-root-region-scan-end, 0.0001431 secs]
[GC concurrent-mark-start]
[GC concurrent-mark-end, 0.0047307 secs]
Application time: 0.0048777 seconds
[GC remark, 0.0025876 secs]
Application time: 0.0000341 seconds
[GC cleanup 69M->69M(128M), 0.0001851 secs]
Application time: 0.0711297 seconds
[GC pause (G1 Evacuation Pause) (young) 110M->68M(128M), 0.0008054 secs]
Application time: 0.0500001 seconds
[GC pause (G1 Evacuation Pause) (young) 110M->68M(128M), 0.0008624 secs]
Application time: 0.0525920 seconds
[GC pause (G1 Evacuation Pause) (young) (initial-mark) 110M->68M(128M), 0.0010023 secs]
[GC concurrent-root-region-scan-start]
[GC concurrent-root-region-scan-end, 0.0001786 secs]
[GC concurrent-mark-start]
[GC concurrent-mark-end, 0.0044152 secs]
Application time: 0.0046597 seconds
[GC remark, 0.0027821 secs]
Application time: 0.0000307 seconds
[GC cleanup 71M->71M(128M), 0.0001952 secs]
Application time: 0.0441522 seconds
[GC pause (G1 Evacuation Pause) (young) 110M->68M(128M), 0.0009139 secs]
Application time: 0.0458547 seconds
[GC pause (G1 Evacuation Pause) (young) 110M->68M(128M), 0.0009507 secs]
Application time: 0.0457430 seconds
[GC pause (G1 Evacuation Pause) (young) (initial-mark) 110M->68M(128M), 0.0009218 secs]
[GC concurrent-root-region-scan-start]
[GC concurrent-root-region-scan-end, 0.0001684 secs]
[GC concurrent-mark-start]
[GC concurrent-mark-end, 0.0046391 secs]
Application time: 0.0048622 seconds
[GC remark, 0.0029789 secs]
Application time: 0.0000275 seconds
[GC cleanup 71M->71M(128M), 0.0001986 secs]
Application time: 0.0494135 seconds
[GC pause (G1 Evacuation Pause) (young) 110M->68M(128M), 0.0008204 secs]
Application time: 0.0673875 seconds
[GC pause (G1 Evacuation Pause) (young) 110M->68M(128M), 0.0008376 secs]
Application time: 0.0677843 seconds
[GC pause (G1 Evacuation Pause) (young) (initial-mark) 110M->68M(128M), 0.0009334 secs]
[GC concurrent-root-region-scan-start]
[GC concurrent-root-region-scan-end, 0.0001764 secs]
[GC concurrent-mark-start]
[GC concurrent-mark-end, 0.0047233 secs]
Application time: 0.0049277 seconds
[GC remark, 0.0025409 secs]
Application time: 0.0000254 seconds
[GC cleanup 71M->71M(128M), 0.0001808 secs]
Application time: 0.0896019 seconds
[GC pause (G1 Evacuation Pause) (young) 110M->68M(128M), 0.0011525 secs]
Application time: 0.0744481 seconds
[GC pause (G1 Evacuation Pause) (young) 110M->68M(128M), 0.0011103 secs]
Application time: 0.0570434 seconds
[GC pause (G1 Evacuation Pause) (young) (initial-mark) 110M->68M(128M), 0.0014296 secs]
[GC concurrent-root-region-scan-start]
[GC concurrent-root-region-scan-end, 0.0002055 secs]
[GC concurrent-mark-start]
[GC concurrent-mark-end, 0.0047979 secs]
Application time: 0.0050696 seconds
[GC remark, 0.0032805 secs]
Application time: 0.0000390 seconds
[GC cleanup 71M->71M(128M), 0.0002261 secs]
Application time: 0.0473109 seconds
[GC pause (G1 Evacuation Pause) (young) 110M->68M(128M), 0.0016716 secs]
Application time: 0.0522247 seconds
[GC pause (G1 Evacuation Pause) (young) 110M->68M(128M), 0.0012594 secs]
Application time: 0.0496516 seconds
[GC pause (G1 Evacuation Pause) (young) (initial-mark) 110M->68M(128M), 0.0012322 secs]
[GC concurrent-root-region-scan-start]
[GC concurrent-root-region-scan-end, 0.0003307 secs]
[GC concurrent-mark-start]
[GC concurrent-mark-end, 0.0047113 secs]
Application time: 0.0051128 seconds
[GC remark, 0.0037443 secs]
Application time: 0.0000328 seconds
[GC cleanup 71M->71M(128M), 0.0002224 secs]
Application time: 0.0467114 seconds
[GC pause (G1 Evacuation Pause) (young) 110M->68M(128M), 0.0011812 secs]
Application time: 0.0491614 seconds
[GC pause (G1 Evacuation Pause) (young) 110M->68M(128M), 0.0011716 secs]
Application time: 0.0636851 seconds
[GC pause (G1 Evacuation Pause) (young) (initial-mark) 110M->68M(128M), 0.0011723 secs]
[GC concurrent-root-region-scan-start]
[GC concurrent-root-region-scan-end, 0.0002210 secs]
[GC concurrent-mark-start]
[GC concurrent-mark-end, 0.0045742 secs]
Application time: 0.0048533 seconds
[GC remark, 0.0033406 secs]
Application time: 0.0000395 seconds
[GC cleanup 71M->71M(128M), 0.0002444 secs]
Application time: 0.0723687 seconds
[GC pause (G1 Evacuation Pause) (young) 110M->68M(128M), 0.0011422 secs]
Application time: 0.0949218 seconds
[GC pause (G1 Evacuation Pause) (young) 110M->68M(128M), 0.0011740 secs]
Application time: 0.0765816 seconds
[GC pause (G1 Evacuation Pause) (young) (initial-mark) 110M->68M(128M), 0.0013183 secs]
[GC concurrent-root-region-scan-start]
[GC concurrent-root-region-scan-end, 0.0002862 secs]
[GC concurrent-mark-start]
[GC concurrent-mark-end, 0.0044084 secs]
Application time: 0.0047015 seconds
[GC remark, 0.0034082 secs]
Application time: 0.0000307 seconds
[GC cleanup 69M->69M(128M), 0.0002281 secs]
Application time: 0.0684699 seconds
[GC pause (G1 Evacuation Pause) (young) 110M->68M(128M), 0.0012249 secs]
Application time: 0.0472514 seconds
[GC pause (G1 Evacuation Pause) (young) 110M->68M(128M), 0.0012267 secs]
Application time: 0.0464996 seconds
[GC pause (G1 Evacuation Pause) (young) (initial-mark) 110M->69M(128M), 0.0013333 secs]
[GC concurrent-root-region-scan-start]
[GC concurrent-root-region-scan-end, 0.0002573 secs]
[GC concurrent-mark-start]
[GC concurrent-mark-end, 0.0047336 secs]
Application time: 0.0050025 seconds
[GC remark, 0.0032491 secs]
Application time: 0.0000317 seconds
[GC cleanup 71M->71M(128M), 0.0002025 secs]
Application time: 0.0450294 seconds
[GC pause (G1 Evacuation Pause) (young) 111M->68M(128M), 0.0012179 secs]
Application time: 0.0469897 seconds
[GC pause (G1 Evacuation Pause) (young) 110M->68M(128M), 0.0010631 secs]
Application time: 0.0466416 seconds
[GC pause (G1 Evacuation Pause) (young) (initial-mark) 110M->69M(128M), 0.0012400 secs]
[GC concurrent-root-region-scan-start]
[GC concurrent-root-region-scan-end, 0.0002391 secs]
[GC concurrent-mark-start]
[GC concurrent-mark-end, 0.0047227 secs]
Application time: 0.0050166 seconds
[GC remark, 0.0033580 secs]
Application time: 0.0000365 seconds
[GC cleanup 71M->71M(128M), 0.0002263 secs]
Application time: 0.0447340 seconds
[GC pause (G1 Evacuation Pause) (young) 111M->68M(128M), 0.0010990 secs]
Application time: 0.0659175 seconds
[GC pause (G1 Evacuation Pause) (young) 110M->68M(128M), 0.0010243 secs]
Application time: 0.0985023 seconds
[GC pause (G1 Evacuation Pause) (young) (initial-mark) 110M->68M(128M), 0.0011459 secs]
[GC concurrent-root-region-scan-start]
[GC concurrent-root-region-scan-end, 0.0001565 secs]
[GC concurrent-mark-start]
[GC concurrent-mark-end, 0.0046075 secs]
Application time: 0.0047926 seconds
[GC remark, 0.0036369 secs]
Application time: 0.0047215 seconds
[GC cleanup 70M->70M(128M), 0.0002785 secs]
Application time: 0.0810504 seconds
[GC pause (G1 Evacuation Pause) (young) 110M->68M(128M), 0.0011655 secs]
Application time: 0.0560355 seconds
[GC pause (G1 Evacuation Pause) (young) 110M->69M(128M), 0.0012881 secs]
Application time: 0.0451007 seconds
[GC pause (G1 Evacuation Pause) (young) (initial-mark) 111M->68M(128M), 0.0012194 secs]
[GC concurrent-root-region-scan-start]
[GC concurrent-root-region-scan-end, 0.0002788 secs]
[GC concurrent-mark-start]
[GC concurrent-mark-end, 0.0047751 secs]
Application time: 0.0051148 seconds
[GC remark, 0.0031886 secs]
Application time: 0.0004425 seconds
[GC cleanup 71M->71M(128M), 0.0002396 secs]
Application time: 0.0432342 seconds
[GC pause (G1 Evacuation Pause) (young) 110M->68M(128M), 0.0010687 secs]
Application time: 0.0459504 seconds
[GC pause (G1 Evacuation Pause) (young) 110M->68M(128M), 0.0011562 secs]
Application time: 0.0450533 seconds
[GC pause (G1 Evacuation Pause) (young) (initial-mark) 110M->69M(128M), 0.0012212 secs]
[GC concurrent-root-region-scan-start]
[GC concurrent-root-region-scan-end, 0.0003411 secs]
[GC concurrent-mark-start]
[GC concurrent-mark-end, 0.0047089 secs]
Application time: 0.0051036 seconds
[GC remark, 0.0031207 secs]
Application time: 0.0000500 seconds
[GC cleanup 71M->71M(128M), 0.0002477 secs]
Application time: 0.0438087 seconds
[GC pause (G1 Evacuation Pause) (young) 111M->68M(128M), 0.0010936 secs]
Application time: 0.0450670 seconds
[GC pause (G1 Evacuation Pause) (young) 110M->68M(128M), 0.0011862 secs]
Application time: 0.0447355 seconds
[GC pause (G1 Evacuation Pause) (young) (initial-mark) 110M->68M(128M), 0.0012517 secs]
[GC concurrent-root-region-scan-start]
[GC concurrent-root-region-scan-end, 0.0002952 secs]
[GC concurrent-mark-start]
[GC concurrent-mark-end, 0.0043892 secs]
Application time: 0.0060750 seconds
[GC remark, 0.0032173 secs]
Application time: 0.0000520 seconds
[GC cleanup 71M->71M(128M), 0.0003194 secs]
Application time: 0.0769955 seconds
[GC pause (G1 Evacuation Pause) (young) 110M->68M(128M), 0.0011507 secs]
Application time: 0.1293407 seconds
[GC pause (G1 Evacuation Pause) (young) 110M->69M(128M), 0.0010722 secs]
Application time: 0.0452614 seconds
[GC pause (G1 Evacuation Pause) (young) (initial-mark) 111M->69M(128M), 0.0013030 secs]
[GC concurrent-root-region-scan-start]
[GC concurrent-root-region-scan-end, 0.0003543 secs]
[GC concurrent-mark-start]
[GC concurrent-mark-end, 0.0044287 secs]
Application time: 0.0048463 seconds
[GC remark, 0.0030416 secs]
Application time: 0.0000472 seconds
[GC cleanup 71M->71M(128M), 0.0002265 secs]
Application time: 0.0595757 seconds
[GC pause (G1 Evacuation Pause) (young) 111M->69M(128M), 0.0013484 secs]
Application time: 0.0495665 seconds
[GC pause (G1 Evacuation Pause) (young) 111M->69M(128M), 0.0011591 secs]
Application time: 0.0461371 seconds
[GC pause (G1 Evacuation Pause) (young) (initial-mark) 111M->69M(128M), 0.0012036 secs]
[GC concurrent-root-region-scan-start]
[GC concurrent-root-region-scan-end, 0.0001882 secs]
[GC concurrent-mark-start]
[GC concurrent-mark-end, 0.0044571 secs]
Application time: 0.0046983 seconds
[GC remark, 0.0029648 secs]
Application time: 0.0000450 seconds
[GC cleanup 71M->71M(128M), 0.0002452 secs]
Application time: 0.0442977 seconds
[GC pause (G1 Evacuation Pause) (young) 111M->69M(128M), 0.0012979 secs]
Application time: 0.0461789 seconds
[GC pause (G1 Evacuation Pause) (young) 111M->69M(128M), 0.0011510 secs]
Application time: 0.0561026 seconds
[GC pause (G1 Evacuation Pause) (young) (initial-mark) 111M->69M(128M), 0.0014436 secs]
[GC concurrent-root-region-scan-start]
[GC concurrent-root-region-scan-end, 0.0002835 secs]
[GC concurrent-mark-start]
[GC concurrent-mark-end, 0.0047529 secs]
Application time: 0.0063238 seconds
[GC remark, 0.0033419 secs]
Application time: 0.0000603 seconds
[GC cleanup 72M->72M(128M), 0.0002264 secs]
Application time: 0.0426721 seconds
[GC pause (G1 Evacuation Pause) (young) 111M->69M(128M), 0.0011289 secs]
Application time: 0.0607479 seconds
[GC pause (G1 Evacuation Pause) (young) 111M->68M(128M), 0.0010713 secs]
Application time: 0.1354763 seconds
[GC pause (G1 Evacuation Pause) (young) (initial-mark) 110M->68M(128M), 0.0012980 secs]
[GC concurrent-root-region-scan-start]
[GC concurrent-root-region-scan-end, 0.0001716 secs]
[GC concurrent-mark-start]
[GC concurrent-mark-end, 0.0050827 secs]
Application time: 0.0052487 seconds
[GC remark, 0.0035908 secs]
Application time: 0.0027690 seconds
[GC cleanup 69M->69M(128M), 0.0002474 secs]
Application time: 0.0611010 seconds
[GC pause (G1 Evacuation Pause) (young) 110M->69M(128M), 0.0012060 secs]
Application time: 0.0451108 seconds
[GC pause (G1 Evacuation Pause) (young) 111M->69M(128M), 0.0011882 secs]
Application time: 0.0476798 seconds
[GC pause (G1 Evacuation Pause) (young) (initial-mark) 111M->69M(128M), 0.0012389 secs]
[GC concurrent-root-region-scan-start]
[GC concurrent-root-region-scan-end, 0.0002754 secs]
[GC concurrent-mark-start]
[GC concurrent-mark-end, 0.0046968 secs]
Application time: 0.0050332 seconds
[GC remark, 0.0031354 secs]
Application time: 0.0000529 seconds
[GC cleanup 71M->71M(128M), 0.0002112 secs]
Application time: 0.0438535 seconds
[GC pause (G1 Evacuation Pause) (young) 111M->69M(128M), 0.0011811 secs]
Application time: 0.0448279 seconds
[GC pause (G1 Evacuation Pause) (young) 111M->69M(128M), 0.0012423 secs]
Application time: 0.0450306 seconds
[GC pause (G1 Evacuation Pause) (young) (initial-mark) 111M->69M(128M), 0.0011859 secs]
[GC concurrent-root-region-scan-start]
[GC concurrent-root-region-scan-end, 0.0003284 secs]
[GC concurrent-mark-start]
[GC concurrent-mark-end, 0.0044397 secs]
Application time: 0.0048300 seconds
[GC remark, 0.0031453 secs]
Application time: 0.0010238 seconds
[GC cleanup 72M->72M(128M), 0.0002353 secs]
Application time: 0.0422544 seconds
[GC pause (G1 Evacuation Pause) (young) 111M->69M(128M), 0.0011094 secs]
Application time: 0.0445284 seconds
[GC pause (G1 Evacuation Pause) (young) 111M->69M(128M), 0.0011278 secs]
Application time: 0.0452669 seconds
[GC pause (G1 Evacuation Pause) (young) (initial-mark) 111M->69M(128M), 0.0010447 secs]
[GC concurrent-root-region-scan-start]
[GC concurrent-root-region-scan-end, 0.0002262 secs]
[GC concurrent-mark-start]
[GC concurrent-mark-end, 0.0043861 secs]
Application time: 0.0060101 seconds
[GC remark, 0.0025809 secs]
Application time: 0.0000409 seconds
[GC cleanup 72M->72M(128M), 0.0001991 secs]
Application time: 0.1205972 seconds
[GC pause (G1 Evacuation Pause) (young) 111M->68M(128M), 0.0008048 secs]
Application time: 0.1041317 seconds
[GC pause (G1 Evacuation Pause) (young) 110M->68M(128M), 0.0009035 secs]
Application time: 0.0474831 seconds
[GC pause (G1 Evacuation Pause) (young) (initial-mark) 110M->69M(128M), 0.0009718 secs]
[GC concurrent-root-region-scan-start]
[GC concurrent-root-region-scan-end, 0.0001962 secs]
[GC concurrent-mark-start]
[GC concurrent-mark-end, 0.0047393 secs]
Application time: 0.0050070 seconds
[GC remark, 0.0026291 secs]
Application time: 0.0000397 seconds
[GC cleanup 71M->71M(128M), 0.0001632 secs]
Application time: 0.0521933 seconds
[GC pause (G1 Evacuation Pause) (young) 111M->69M(128M), 0.0020333 secs]
Application time: 0.0467031 seconds
[GC pause (G1 Evacuation Pause) (young) 111M->69M(128M), 0.0008366 secs]
Application time: 0.0472100 seconds
[GC pause (G1 Evacuation Pause) (young) (initial-mark) 111M->69M(128M), 0.0010771 secs]
[GC concurrent-root-region-scan-start]
[GC concurrent-root-region-scan-end, 0.0002158 secs]
[GC concurrent-mark-start]
[GC concurrent-mark-end, 0.0047319 secs]
Application time: 0.0057042 seconds
[GC remark, 0.0026601 secs]
Application time: 0.0000503 seconds
[GC cleanup 71M->71M(128M), 0.0001794 secs]
Application time: 0.0444103 seconds
[GC pause (G1 Evacuation Pause) (young) 111M->69M(128M), 0.0008979 secs]
Application time: 0.0513811 seconds
[GC pause (G1 Evacuation Pause) (young) 111M->69M(128M), 0.0008393 secs]
Application time: 0.0473547 seconds
[GC pause (G1 Evacuation Pause) (young) (initial-mark) 111M->69M(128M), 0.0010515 secs]
[GC concurrent-root-region-scan-start]
[GC concurrent-root-region-scan-end, 0.0002248 secs]
[GC concurrent-mark-start]
[GC concurrent-mark-end, 0.0046152 secs]
Application time: 0.0048930 seconds
[GC remark, 0.0027407 secs]
Application time: 0.0000595 seconds
[GC cleanup 71M->71M(128M), 0.0001875 secs]
Application time: 0.0456769 seconds
[GC pause (G1 Evacuation Pause) (young) 111M->69M(128M), 0.0008881 secs]
Application time: 0.0825682 seconds
[GC pause (G1 Evacuation Pause) (young) 111M->68M(128M), 0.0007660 secs]
Application time: 0.1132672 seconds
[GC pause (G1 Evacuation Pause) (young) (initial-mark) 110M->69M(128M), 0.0010627 secs]
[GC concurrent-root-region-scan-start]
[GC concurrent-root-region-scan-end, 0.0002026 secs]
[GC concurrent-mark-start]
[GC concurrent-mark-end, 0.0040150 secs]
Application time: 0.0074341 seconds
[GC remark, 0.0024733 secs]
Application time: 0.0000478 seconds
[GC cleanup 72M->72M(128M), 0.0002453 secs]
Application time: 0.0521151 seconds
[GC pause (G1 Evacuation Pause) (young) 111M->69M(128M), 0.0008726 secs]
Application time: 0.0508075 seconds
[GC pause (G1 Evacuation Pause) (young) 111M->69M(128M), 0.0009011 secs]
Application time: 0.0451893 seconds
[GC pause (G1 Evacuation Pause) (young) (initial-mark) 111M->69M(128M), 0.0009804 secs]
[GC concurrent-root-region-scan-start]
[GC concurrent-root-region-scan-end, 0.0002139 secs]
[GC concurrent-mark-start]
[GC concurrent-mark-end, 0.0041512 secs]
Application time: 0.0044220 seconds
[GC remark, 0.0030869 secs]
Application time: 0.0000426 seconds
[GC cleanup 71M->71M(128M), 0.0002124 secs]
Application time: 0.0438169 seconds
[GC pause (G1 Evacuation Pause) (young) 111M->69M(128M), 0.0008475 secs]
Application time: 0.0468533 seconds
[GC pause (G1 Evacuation Pause) (young) 111M->69M(128M), 0.0008453 secs]
Application time: 0.0458518 seconds
[GC pause (G1 Evacuation Pause) (young) (initial-mark) 111M->69M(128M), 0.0010164 secs]
[GC concurrent-root-region-scan-start]
[GC concurrent-root-region-scan-end, 0.0002547 secs]
[GC concurrent-mark-start]
[GC concurrent-mark-end, 0.0040893 secs]
Application time: 0.0043971 seconds
[GC remark, 0.0023917 secs]
Application time: 0.0000426 seconds
[GC cleanup 71M->71M(128M), 0.0001856 secs]
Application time: 0.0433528 seconds
[GC pause (G1 Evacuation Pause) (young) 111M->69M(128M), 0.0008350 secs]
Application time: 0.0445320 seconds
[GC pause (G1 Evacuation Pause) (young) 111M->69M(128M), 0.0009382 secs]
Application time: 0.0599243 seconds
[GC pause (G1 Evacuation Pause) (young) (initial-mark) 111M->69M(128M), 0.0009230 secs]
[GC concurrent-root-region-scan-start]
[GC concurrent-root-region-scan-end, 0.0001977 secs]
[GC concurrent-mark-start]
[GC concurrent-mark-end, 0.0040716 secs]
Application time: 0.0043208 seconds
[GC remark, 0.0024093 secs]
Application time: 0.0001129 seconds
[GC cleanup 70M->70M(128M), 0.0001721 secs]
Application time: 0.1215619 seconds
[GC pause (G1 Evacuation Pause) (young) 111M->69M(128M), 0.0009417 secs]
Application time: 0.0665144 seconds
[GC pause (G1 Evacuation Pause) (young) 111M->69M(128M), 0.0007724 secs]
Application time: 0.0446469 seconds
[GC pause (G1 Evacuation Pause) (young) (initial-mark) 111M->69M(128M), 0.0009833 secs]
[GC concurrent-root-region-scan-start]
[GC concurrent-root-region-scan-end, 0.0001768 secs]
[GC concurrent-mark-start]
[GC concurrent-mark-end, 0.0040818 secs]
Application time: 0.0052372 seconds
[GC remark, 0.0026024 secs]
Application time: 0.0000489 seconds
[GC cleanup 71M->71M(128M), 0.0002638 secs]
Application time: 0.0439422 seconds
[GC pause (G1 Evacuation Pause) (young) 111M->69M(128M), 0.0008929 secs]
Application time: 0.0461669 seconds
[GC pause (G1 Evacuation Pause) (young) 111M->69M(128M), 0.0008909 secs]
Application time: 0.0458972 seconds
[GC pause (G1 Evacuation Pause) (young) (initial-mark) 111M->69M(128M), 0.0009670 secs]
[GC concurrent-root-region-scan-start]
[GC concurrent-root-region-scan-end, 0.0002220 secs]
[GC concurrent-mark-start]
[GC concurrent-mark-end, 0.0042023 secs]
Application time: 0.0044865 seconds
[GC remark, 0.0025494 secs]
Application time: 0.0000446 seconds
[GC cleanup 71M->71M(128M), 0.0001864 secs]
Application time: 0.0434699 seconds
[GC pause (G1 Evacuation Pause) (young) 111M->69M(128M), 0.0008373 secs]
Application time: 0.0534542 seconds
[GC pause (G1 Evacuation Pause) (young) 111M->69M(128M), 0.0008532 secs]
Application time: 0.0447233 seconds
[GC pause (G1 Evacuation Pause) (young) (initial-mark) 111M->69M(128M), 0.0010670 secs]
[GC concurrent-root-region-scan-start]
[GC concurrent-root-region-scan-end, 0.0002108 secs]
[GC concurrent-mark-start]
[GC concurrent-mark-end, 0.0041227 secs]
Application time: 0.0043859 seconds
[GC remark, 0.0024667 secs]
Application time: 0.0014296 seconds
[GC cleanup 72M->72M(128M), 0.0001696 secs]
Application time: 0.0492082 seconds
[GC pause (G1 Evacuation Pause) (young) 111M->69M(128M), 0.0008077 secs]
Application time: 0.1128923 seconds
[GC pause (G1 Evacuation Pause) (young) 111M->68M(128M), 0.0008122 secs]
Application time: 0.0892971 seconds
[GC pause (G1 Evacuation Pause) (young) (initial-mark) 110M->68M(128M), 0.0008909 secs]
[GC concurrent-root-region-scan-start]
[GC concurrent-root-region-scan-end, 0.0001505 secs]
[GC concurrent-mark-start]
[GC concurrent-mark-end, 0.0040944 secs]
Application time: 0.0043015 seconds
[GC remark, 0.0024499 secs]
Application time: 0.0000384 seconds
[GC cleanup 69M->69M(128M), 0.0001691 secs]
Application time: 0.0507324 seconds
[GC pause (G1 Evacuation Pause) (young) 110M->69M(128M), 0.0007725 secs]
Application time: 0.0450607 seconds
[GC pause (G1 Evacuation Pause) (young) 111M->69M(128M), 0.0008462 secs]
Application time: 0.0453900 seconds
[GC pause (G1 Evacuation Pause) (young) (initial-mark) 111M->69M(128M), 0.0010809 secs]
[GC concurrent-root-region-scan-start]
[GC concurrent-root-region-scan-end, 0.0002245 secs]
[GC concurrent-mark-start]
[GC concurrent-mark-end, 0.0041910 secs]
Application time: 0.0044760 seconds
[GC remark, 0.0024507 secs]
Application time: 0.0000540 seconds
[GC cleanup 71M->71M(128M), 0.0002101 secs]
Application time: 0.0435221 seconds
[GC pause (G1 Evacuation Pause) (young) 111M->69M(128M), 0.0008665 secs]
Application time: 0.0450136 seconds
[GC pause (G1 Evacuation Pause) (young) 111M->69M(128M), 0.0008223 secs]
Application time: 0.0441667 seconds
[GC pause (G1 Evacuation Pause) (young) (initial-mark) 111M->69M(128M), 0.0009718 secs]
[GC concurrent-root-region-scan-start]
[GC concurrent-root-region-scan-end, 0.0002247 secs]
[GC concurrent-mark-start]
[GC concurrent-mark-end, 0.0042030 secs]
Application time: 0.0044776 seconds
[GC remark, 0.0023641 secs]
Application time: 0.0000403 seconds
[GC cleanup 71M->71M(128M), 0.0002289 secs]
Application time: 0.0430474 seconds
[GC pause (G1 Evacuation Pause) (young) 111M->69M(128M), 0.0008402 secs]
Application time: 0.0473810 seconds
[GC pause (G1 Evacuation Pause) (young) 111M->69M(128M), 0.0008733 secs]
Application time: 0.0822597 seconds
[GC pause (G1 Evacuation Pause) (young) (initial-mark) 111M->69M(128M), 0.0008830 secs]
[GC concurrent-root-region-scan-start]
[GC concurrent-root-region-scan-end, 0.0001544 secs]
[GC concurrent-mark-start]
[GC concurrent-mark-end, 0.0041223 secs]
Application time: 0.0043247 seconds
[GC remark, 0.0026041 secs]
Application time: 0.0000599 seconds
[GC cleanup 70M->70M(128M), 0.0002174 secs]
Application time: 0.1140483 seconds
[GC pause (G1 Evacuation Pause) (young) 111M->69M(128M), 0.0008291 secs]
Application time: 0.0635658 seconds
[GC pause (G1 Evacuation Pause) (young) 111M->69M(128M), 0.0008234 secs]
Application time: 0.0451823 seconds
[GC pause (G1 Evacuation Pause) (young) (initial-mark) 111M->69M(128M), 0.0009268 secs]
[GC concurrent-root-region-scan-start]
[GC concurrent-root-region-scan-end, 0.0001640 secs]
[GC concurrent-mark-start]
[GC concurrent-mark-end, 0.0040079 secs]
Application time: 0.0042238 seconds
[GC remark, 0.0026725 secs]
Application time: 0.0000423 seconds
[GC cleanup 71M->71M(128M), 0.0002089 secs]
Application time: 0.0433220 seconds
[GC pause (G1 Evacuation Pause) (young) 111M->69M(128M), 0.0008537 secs]
Application time: 0.0455204 seconds
[GC pause (G1 Evacuation Pause) (young) 111M->69M(128M), 0.0009426 secs]
Application time: 0.0452230 seconds
[GC pause (G1 Evacuation Pause) (young) (initial-mark) 111M->69M(128M), 0.0010276 secs]
[GC concurrent-root-region-scan-start]
[GC concurrent-root-region-scan-end, 0.0001735 secs]
[GC concurrent-mark-start]
[GC concurrent-mark-end, 0.0040612 secs]
Application time: 0.0042950 seconds
[GC remark, 0.0023415 secs]
Application time: 0.0000364 seconds
[GC cleanup 71M->71M(128M), 0.0002333 secs]
Application time: 0.0480967 seconds
[GC pause (G1 Evacuation Pause) (young) 111M->69M(128M), 0.0007869 secs]
Application time: 0.0437649 seconds
[GC pause (G1 Evacuation Pause) (young) 111M->69M(128M), 0.0008686 secs]
Application time: 0.0447123 seconds
[GC pause (G1 Evacuation Pause) (young) (initial-mark) 111M->69M(128M), 0.0009041 secs]
[GC concurrent-root-region-scan-start]
[GC concurrent-root-region-scan-end, 0.0001755 secs]
[GC concurrent-mark-start]
[GC concurrent-mark-end, 0.0041037 secs]
Application time: 0.0043316 seconds
[GC remark, 0.0026264 secs]
Application time: 0.0014274 seconds
[GC cleanup 72M->72M(128M), 0.0001957 secs]
Application time: 0.0504012 seconds
[GC pause (G1 Evacuation Pause) (young) 111M->69M(128M), 0.0008155 secs]
Application time: 0.1379870 seconds
[GC pause (G1 Evacuation Pause) (young) 111M->69M(128M), 0.0008824 secs]
Application time: 0.0613802 seconds
[GC pause (G1 Evacuation Pause) (young) (initial-mark) 111M->69M(128M), 0.0009453 secs]
[GC concurrent-root-region-scan-start]
[GC concurrent-root-region-scan-end, 0.0001878 secs]
[GC concurrent-mark-start]
[GC concurrent-mark-end, 0.0045317 secs]
Application time: 0.0065902 seconds
[GC remark, 0.0023699 secs]
Application time: 0.0000485 seconds
[GC cleanup 72M->72M(128M), 0.0002205 secs]
Application time: 0.0423657 seconds
[GC pause (G1 Evacuation Pause) (young) 111M->69M(128M), 0.0009006 secs]
Application time: 0.0444381 seconds
[GC pause (G1 Evacuation Pause) (young) 111M->69M(128M), 0.0008158 secs]
Application time: 0.0486938 seconds
[GC pause (G1 Evacuation Pause) (young) (initial-mark) 111M->69M(128M), 0.0008950 secs]
[GC concurrent-root-region-scan-start]
[GC concurrent-root-region-scan-end, 0.0001756 secs]
[GC concurrent-mark-start]
[GC concurrent-mark-end, 0.0041142 secs]
Application time: 0.0043410 seconds
[GC remark, 0.0027981 secs]
Application time: 0.0013767 seconds
[GC cleanup 72M->72M(128M), 0.0002094 secs]
Application time: 0.0470543 seconds
[GC pause (G1 Evacuation Pause) (young) 111M->69M(128M), 0.0012831 secs]
Application time: 0.0529479 seconds
[GC pause (G1 Evacuation Pause) (young) 111M->69M(128M), 0.0012823 secs]
Application time: 0.0580442 seconds
[GC pause (G1 Evacuation Pause) (young) (initial-mark) 111M->69M(128M), 0.0012529 secs]
[GC concurrent-root-region-scan-start]
[GC concurrent-root-region-scan-end, 0.0002352 secs]
[GC concurrent-mark-start]
[GC concurrent-mark-end, 0.0042390 secs]
Application time: 0.0045306 seconds
[GC remark, 0.0032238 secs]
Application time: 0.0000577 seconds
[GC cleanup 71M->71M(128M), 0.0002251 secs]
Application time: 0.0419330 seconds
[GC pause (G1 Evacuation Pause) (young) 111M->69M(128M), 0.0011413 secs]
Application time: 0.0438609 seconds
[GC pause (G1 Evacuation Pause) (young) 111M->69M(128M), 0.0010848 secs]
Application time: 0.1068452 seconds
[GC pause (G1 Evacuation Pause) (young) (initial-mark) 111M->69M(128M), 0.0011276 secs]
[GC concurrent-root-region-scan-start]
[GC concurrent-root-region-scan-end, 0.0001356 secs]
[GC concurrent-mark-start]
[GC concurrent-mark-end, 0.0040937 secs]
Application time: 0.0059540 seconds
[GC remark, 0.0030842 secs]
Application time: 0.0000355 seconds
[GC cleanup 70M->70M(128M), 0.0002382 secs]
Application time: 0.0892277 seconds
[GC pause (G1 Evacuation Pause) (young) 111M->69M(128M), 0.0011350 secs]
Application time: 0.0438236 seconds
[GC pause (G1 Evacuation Pause) (young) 111M->69M(128M), 0.0010584 secs]
Application time: 0.0430966 seconds
[GC pause (G1 Evacuation Pause) (young) (initial-mark) 111M->69M(128M), 0.0012945 secs]
[GC concurrent-root-region-scan-start]
[GC concurrent-root-region-scan-end, 0.0002304 secs]
[GC concurrent-mark-start]
[GC concurrent-mark-end, 0.0041695 secs]
Application time: 0.0043953 seconds
[GC remark, 0.0030951 secs]
Application time: 0.0000515 seconds
[GC cleanup 71M->71M(128M), 0.0002316 secs]
Application time: 0.0421524 seconds
[GC pause (G1 Evacuation Pause) (young) 111M->69M(128M), 0.0010794 secs]
Application time: 0.0438374 seconds
[GC pause (G1 Evacuation Pause) (young) 111M->69M(128M), 0.0011373 secs]
Application time: 0.0489426 seconds
[GC pause (G1 Evacuation Pause) (young) (initial-mark) 111M->69M(128M), 0.0012552 secs]
[GC concurrent-root-region-scan-start]
[GC concurrent-root-region-scan-end, 0.0003475 secs]
[GC concurrent-mark-start]
[GC concurrent-mark-end, 0.0042147 secs]
Application time: 0.0046198 seconds
[GC remark, 0.0030140 secs]
Application time: 0.0000627 seconds
[GC cleanup 71M->71M(128M), 0.0002697 secs]
Application time: 0.0495689 seconds
[GC pause (G1 Evacuation Pause) (young) 111M->69M(128M), 0.0010635 secs]
Application time: 0.0540021 seconds
[GC pause (G1 Evacuation Pause) (young) 111M->69M(128M), 0.0010232 secs]
Application time: 0.0555468 seconds
[GC pause (G1 Evacuation Pause) (young) (initial-mark) 111M->69M(128M), 0.0010583 secs]
[GC concurrent-root-region-scan-start]
[GC concurrent-root-region-scan-end, 0.0002266 secs]
[GC concurrent-mark-start]
[GC concurrent-mark-end, 0.0040136 secs]
Application time: 0.0054620 seconds
[GC remark, 0.0027633 secs]
Application time: 0.0000539 seconds
[GC cleanup 71M->71M(128M), 0.0002197 secs]
Application time: 0.0811650 seconds
[GC pause (G1 Evacuation Pause) (young) 111M->69M(128M), 0.0007857 secs]
Application time: 0.1140235 seconds
[GC pause (G1 Evacuation Pause) (young) 111M->69M(128M), 0.0008990 secs]
Application time: 0.0663661 seconds
[GC pause (G1 Evacuation Pause) (young) (initial-mark) 111M->69M(128M), 0.0009318 secs]
[GC concurrent-root-region-scan-start]
[GC concurrent-root-region-scan-end, 0.0001643 secs]
[GC concurrent-mark-start]
[GC concurrent-mark-end, 0.0040475 secs]
Application time: 0.0053773 seconds
[GC remark, 0.0026058 secs]
Application time: 0.0000483 seconds
[GC cleanup 71M->71M(128M), 0.0002434 secs]
Application time: 0.0449663 seconds
[GC pause (G1 Evacuation Pause) (young) 111M->69M(128M), 0.0008449 secs]
Application time: 0.0511946 seconds
[GC pause (G1 Evacuation Pause) (young) 111M->69M(128M), 0.0008143 secs]
Application time: 0.0476432 seconds
[GC pause (G1 Evacuation Pause) (young) (initial-mark) 111M->69M(128M), 0.0009750 secs]
[GC concurrent-root-region-scan-start]
[GC concurrent-root-region-scan-end, 0.0001898 secs]
[GC concurrent-mark-start]
[GC concurrent-mark-end, 0.0040671 secs]
Application time: 0.0043205 seconds
[GC remark, 0.0026521 secs]
Application time: 0.0000400 seconds
[GC cleanup 71M->71M(128M), 0.0001847 secs]
Application time: 0.0567155 seconds
[GC pause (G1 Evacuation Pause) (young) 111M->69M(128M), 0.0008968 secs]
Application time: 0.0472407 seconds
[GC pause (G1 Evacuation Pause) (young) 111M->69M(128M), 0.0008585 secs]
Application time: 0.0471021 seconds
[GC pause (G1 Evacuation Pause) (young) (initial-mark) 111M->69M(128M), 0.0010275 secs]
[GC concurrent-root-region-scan-start]
[GC concurrent-root-region-scan-end, 0.0002339 secs]
[GC concurrent-mark-start]
[GC concurrent-mark-end, 0.0041489 secs]
Application time: 0.0044425 seconds
[GC remark, 0.0025940 secs]
Application time: 0.0000571 seconds
[GC cleanup 71M->71M(128M), 0.0002001 secs]
Application time: 0.0459137 seconds
[GC pause (G1 Evacuation Pause) (young) 111M->69M(128M), 0.0009322 secs]
Application time: 0.0676103 seconds
[GC pause (G1 Evacuation Pause) (young) 111M->69M(128M), 0.0008930 secs]
Application time: 0.1269525 seconds
[GC pause (G1 Evacuation Pause) (young) (initial-mark) 111M->69M(128M), 0.0010366 secs]
[GC concurrent-root-region-scan-start]
[GC concurrent-root-region-scan-end, 0.0002053 secs]
[GC concurrent-mark-start]
[GC concurrent-mark-end, 0.0040988 secs]
Application time: 0.0053154 seconds
[GC remark, 0.0024864 secs]
Application time: 0.0000370 seconds
[GC cleanup 71M->71M(128M), 0.0002209 secs]
Application time: 0.0675122 seconds
[GC pause (G1 Evacuation Pause) (young) 111M->69M(128M), 0.0008822 secs]
Application time: 0.0526591 seconds
[GC pause (G1 Evacuation Pause) (young) 111M->69M(128M), 0.0009004 secs]
Application time: 0.0476703 seconds
[GC pause (G1 Evacuation Pause) (young) (initial-mark) 111M->69M(128M), 0.0010641 secs]
[GC concurrent-root-region-scan-start]
[GC concurrent-root-region-scan-end, 0.0002155 secs]
[GC concurrent-mark-start]
[GC concurrent-mark-end, 0.0042506 secs]
Application time: 0.0044722 seconds
[GC remark, 0.0026886 secs]
Application time: 0.0000403 seconds
[GC cleanup 70M->70M(128M), 0.0002188 secs]
Application time: 0.0470946 seconds
[GC pause (G1 Evacuation Pause) (young) 111M->69M(128M), 0.0009308 secs]
Application time: 0.0476235 seconds
[GC pause (G1 Evacuation Pause) (young) 111M->69M(128M), 0.0008857 secs]
Application time: 0.0471939 seconds
[GC pause (G1 Evacuation Pause) (young) (initial-mark) 111M->69M(128M), 0.0009715 secs]
[GC concurrent-root-region-scan-start]
[GC concurrent-root-region-scan-end, 0.0001634 secs]
[GC concurrent-mark-start]
[GC concurrent-mark-end, 0.0041416 secs]
Application time: 0.0043715 seconds
[GC remark, 0.0026874 secs]
Application time: 0.0000348 seconds
[GC cleanup 71M->71M(128M), 0.0001953 secs]
Application time: 0.0460343 seconds
[GC pause (G1 Evacuation Pause) (young) 111M->69M(128M), 0.0009242 secs]
Application time: 0.0480496 seconds
[GC pause (G1 Evacuation Pause) (young) 111M->69M(128M), 0.0008803 secs]
Application time: 0.0673568 seconds
[GC pause (G1 Evacuation Pause) (young) (initial-mark) 111M->69M(128M), 0.0009886 secs]
[GC concurrent-root-region-scan-start]
[GC concurrent-root-region-scan-end, 0.0001422 secs]
[GC concurrent-mark-start]
[GC concurrent-mark-end, 0.0040509 secs]
Application time: 0.0042571 seconds
[GC remark, 0.0026408 secs]
Application time: 0.0000346 seconds
[GC cleanup 71M->71M(128M), 0.0001998 secs]
Application time: 0.1002879 seconds
[GC pause (G1 Evacuation Pause) (young) 111M->69M(128M), 0.0008687 secs]
Application time: 0.0813121 seconds
[GC pause (G1 Evacuation Pause) (young) 111M->69M(128M), 0.0008617 secs]
Application time: 0.0659486 seconds
[GC pause (G1 Evacuation Pause) (young) (initial-mark) 111M->69M(128M), 0.0010027 secs]
[GC concurrent-root-region-scan-start]
[GC concurrent-root-region-scan-end, 0.0001786 secs]
[GC concurrent-mark-start]
[GC concurrent-mark-end, 0.0040006 secs]
Application time: 0.0042459 seconds
[GC remark, 0.0026407 secs]
Application time: 0.0000424 seconds
[GC cleanup 71M->71M(128M), 0.0002026 secs]
Application time: 0.0460134 seconds
[GC pause (G1 Evacuation Pause) (young) 111M->69M(128M), 0.0009068 secs]
Application time: 0.0476754 seconds
[GC pause (G1 Evacuation Pause) (young) 111M->69M(128M), 0.0009169 secs]
Application time: 0.0473696 seconds
[GC pause (G1 Evacuation Pause) (young) (initial-mark) 111M->69M(128M), 0.0010266 secs]
[GC concurrent-root-region-scan-start]
[GC concurrent-root-region-scan-end, 0.0001905 secs]
[GC concurrent-mark-start]
[GC concurrent-mark-end, 0.0040386 secs]
Application time: 0.0054950 seconds
[GC remark, 0.0026589 secs]
Application time: 0.0000296 seconds
[GC cleanup 70M->70M(128M), 0.0002575 secs]
Application time: 0.0539819 seconds
[GC pause (G1 Evacuation Pause) (young) 111M->69M(128M), 0.0010801 secs]
Application time: 0.0478896 seconds
[GC pause (G1 Evacuation Pause) (young) 111M->69M(128M), 0.0008088 secs]
Application time: 0.0482563 seconds
[GC pause (G1 Evacuation Pause) (young) (initial-mark) 111M->69M(128M), 0.0010719 secs]
[GC concurrent-root-region-scan-start]
[GC concurrent-root-region-scan-end, 0.0001671 secs]
[GC concurrent-mark-start]
[GC concurrent-mark-end, 0.0040764 secs]
Application time: 0.0043124 seconds
[GC remark, 0.0024988 secs]
Application time: 0.0000335 seconds
[GC cleanup 71M->71M(128M), 0.0002211 secs]
Application time: 0.0600569 seconds
[GC pause (G1 Evacuation Pause) (young) 111M->69M(128M), 0.0009139 secs]
Application time: 0.0923570 seconds
[GC pause (G1 Evacuation Pause) (young) 111M->69M(128M), 0.0009961 secs]
Application time: 0.0803285 seconds
[GC pause (G1 Evacuation Pause) (young) (initial-mark) 111M->69M(128M), 0.0010757 secs]
[GC concurrent-root-region-scan-start]
[GC concurrent-root-region-scan-end, 0.0001845 secs]
[GC concurrent-mark-start]
[GC concurrent-mark-end, 0.0042215 secs]
Application time: 0.0044715 seconds
[GC remark, 0.0038190 secs]
Application time: 0.0000338 seconds
[GC cleanup 71M->71M(128M), 0.0001863 secs]
Application time: 0.0701347 seconds
[GC pause (G1 Evacuation Pause) (young) 111M->69M(128M), 0.0009865 secs]
Application time: 0.0616565 seconds
[GC pause (G1 Evacuation Pause) (young) 111M->69M(128M), 0.0008880 secs]
Application time: 0.0460267 seconds
[GC pause (G1 Evacuation Pause) (young) (initial-mark) 111M->69M(128M), 0.0009726 secs]
[GC concurrent-root-region-scan-start]
[GC concurrent-root-region-scan-end, 0.0002054 secs]
[GC concurrent-mark-start]
[GC concurrent-mark-end, 0.0041885 secs]
Application time: 0.0043971 seconds
[GC remark, 0.0025118 secs]
Application time: 0.0000292 seconds
[GC cleanup 71M->71M(128M), 0.0001953 secs]
Application time: 0.0447832 seconds
[GC pause (G1 Evacuation Pause) (young) 111M->69M(128M), 0.0008781 secs]
Application time: 0.0528114 seconds
[GC pause (G1 Evacuation Pause) (young) 111M->69M(128M), 0.0009120 secs]
Application time: 0.0461931 seconds
[GC pause (G1 Evacuation Pause) (young) (initial-mark) 111M->69M(128M), 0.0010917 secs]
[GC concurrent-root-region-scan-start]
[GC concurrent-root-region-scan-end, 0.0001993 secs]
[GC concurrent-mark-start]
[GC concurrent-mark-end, 0.0040572 secs]
Application time: 0.0043251 seconds
[GC remark, 0.0026661 secs]
Application time: 0.0000307 seconds
[GC cleanup 71M->71M(128M), 0.0001859 secs]
Application time: 0.0448593 seconds
[GC pause (G1 Evacuation Pause) (young) 111M->69M(128M), 0.0009143 secs]
Application time: 0.0631122 seconds
[GC pause (G1 Evacuation Pause) (young) 111M->69M(128M), 0.0009237 secs]
Application time: 0.0760296 seconds
[GC pause (G1 Evacuation Pause) (young) (initial-mark) 111M->69M(128M), 0.0009655 secs]
[GC concurrent-root-region-scan-start]
[GC concurrent-root-region-scan-end, 0.0001840 secs]
[GC concurrent-mark-start]
[GC concurrent-mark-end, 0.0040774 secs]
Application time: 0.0043270 seconds
[GC remark, 0.0026750 secs]
Application time: 0.0000373 seconds
[GC cleanup 71M->71M(128M), 0.0001931 secs]
Application time: 0.0691338 seconds
[GC pause (G1 Evacuation Pause) (young) 111M->69M(128M), 0.0009529 secs]
Application time: 0.0706411 seconds
[GC pause (G1 Evacuation Pause) (young) 111M->69M(128M), 0.0008950 secs]
Application time: 0.0674934 seconds
[GC pause (G1 Evacuation Pause) (young) (initial-mark) 111M->69M(128M), 0.0009773 secs]
[GC concurrent-root-region-scan-start]
[GC concurrent-root-region-scan-end, 0.0002036 secs]
[GC concurrent-mark-start]
[GC concurrent-mark-end, 0.0041262 secs]
Application time: 0.0044018 seconds
[GC remark, 0.0026508 secs]
Application time: 0.0000371 seconds
[GC cleanup 70M->70M(128M), 0.0002243 secs]
Application time: 0.0539323 seconds
[GC pause (G1 Evacuation Pause) (young) 111M->69M(128M), 0.0009109 secs]
Application time: 0.0517796 seconds
[GC pause (G1 Evacuation Pause) (young) 111M->69M(128M), 0.0009540 secs]
Application time: 0.0455216 seconds
[GC pause (G1 Evacuation Pause) (young) (initial-mark) 111M->69M(128M), 0.0010475 secs]
[GC concurrent-root-region-scan-start]
[GC concurrent-root-region-scan-end, 0.0002235 secs]
[GC concurrent-mark-start]
[GC concurrent-mark-end, 0.0040916 secs]
Application time: 0.0043763 seconds
[GC remark, 0.0027000 secs]
Application time: 0.0000277 seconds
[GC cleanup 71M->71M(128M), 0.0002034 secs]
Application time: 0.0446995 seconds
[GC pause (G1 Evacuation Pause) (young) 111M->69M(128M), 0.0009925 secs]
Application time: 0.0456016 seconds
[GC pause (G1 Evacuation Pause) (young) 111M->69M(128M), 0.0008889 secs]
Application time: 0.0633947 seconds
[GC pause (G1 Evacuation Pause) (young) (initial-mark) 111M->69M(128M), 0.0009136 secs]
[GC concurrent-root-region-scan-start]
[GC concurrent-root-region-scan-end, 0.0001869 secs]
[GC concurrent-mark-start]
[GC concurrent-mark-end, 0.0040171 secs]
Application time: 0.0042637 seconds
[GC remark, 0.0027036 secs]
Application time: 0.0000370 seconds
[GC cleanup 71M->71M(128M), 0.0001855 secs]
Application time: 0.0690696 seconds
[GC pause (G1 Evacuation Pause) (young) 111M->69M(128M), 0.0007623 secs]
Application time: 0.0657508 seconds
[GC pause (G1 Evacuation Pause) (young) 111M->69M(128M), 0.0011086 secs]
Application time: 0.0595460 seconds
[GC pause (G1 Evacuation Pause) (young) (initial-mark) 111M->69M(128M), 0.0013006 secs]
[GC concurrent-root-region-scan-start]
[GC concurrent-root-region-scan-end, 0.0002324 secs]
[GC concurrent-mark-start]
[GC concurrent-mark-end, 0.0041805 secs]
Application time: 0.0044143 seconds
[GC remark, 0.0030289 secs]
Application time: 0.0000369 seconds
[GC cleanup 70M->70M(128M), 0.0002386 secs]
Application time: 0.0787723 seconds
[GC pause (G1 Evacuation Pause) (young) 111M->69M(128M), 0.0011342 secs]
Application time: 0.0635524 seconds
[GC pause (G1 Evacuation Pause) (young) 111M->69M(128M), 0.0011408 secs]
Application time: 0.0433093 seconds
[GC pause (G1 Evacuation Pause) (young) (initial-mark) 111M->69M(128M), 0.0013301 secs]
[GC concurrent-root-region-scan-start]
[GC concurrent-root-region-scan-end, 0.0002845 secs]
[GC concurrent-mark-start]
[GC concurrent-mark-end, 0.0041367 secs]
Application time: 0.0044197 seconds
[GC remark, 0.0043500 secs]
Application time: 0.0000346 seconds
[GC cleanup 71M->71M(128M), 0.0002766 secs]
Application time: 0.0424326 seconds
[GC pause (G1 Evacuation Pause) (young) 111M->69M(128M), 0.0012788 secs]
Application time: 0.0430935 seconds
[GC pause (G1 Evacuation Pause) (young) 111M->69M(128M), 0.0015105 secs]
Application time: 0.0445344 seconds
[GC pause (G1 Evacuation Pause) (young) (initial-mark) 111M->69M(128M), 0.0017394 secs]
[GC concurrent-root-region-scan-start]
[GC concurrent-root-region-scan-end, 0.0001940 secs]
[GC concurrent-mark-start]
[GC concurrent-mark-end, 0.0042080 secs]
Application time: 0.0043983 seconds
[GC remark, 0.0044646 secs]
Application time: 0.0000322 seconds
[GC cleanup 71M->71M(128M), 0.0003201 secs]
Application time: 0.0573480 seconds
[GC pause (G1 Evacuation Pause) (young) 111M->69M(128M), 0.0014312 secs]
Application time: 0.0673130 seconds
[GC pause (G1 Evacuation Pause) (young) 111M->69M(128M), 0.0013598 secs]
Application time: 0.0633996 seconds
[GC pause (G1 Evacuation Pause) (young) (initial-mark) 111M->69M(128M), 0.0015628 secs]
[GC concurrent-root-region-scan-start]
[GC concurrent-root-region-scan-end, 0.0001428 secs]
[GC concurrent-mark-start]
[GC concurrent-mark-end, 0.0041493 secs]
Application time: 0.0043507 seconds
[GC remark, 0.0043149 secs]
Application time: 0.0000271 seconds
[GC cleanup 71M->71M(128M), 0.0003112 secs]
Application time: 0.0457267 seconds
[GC pause (G1 Evacuation Pause) (young) 111M->69M(128M), 0.0013893 secs]
Application time: 0.0653603 seconds
[GC pause (G1 Evacuation Pause) (young) 111M->69M(128M), 0.0013821 secs]
Application time: 0.0647981 seconds
[GC pause (G1 Evacuation Pause) (young) (initial-mark) 111M->69M(128M), 0.0018971 secs]
[GC concurrent-root-region-scan-start]
[GC concurrent-root-region-scan-end, 0.0002002 secs]
[GC concurrent-mark-start]
[GC concurrent-mark-end, 0.0040570 secs]
Application time: 0.0043128 seconds
[GC remark, 0.0043723 secs]
Application time: 0.0000338 seconds
[GC cleanup 71M->71M(128M), 0.0003169 secs]
Application time: 0.0498502 seconds
[GC pause (G1 Evacuation Pause) (young) 111M->69M(128M), 0.0016117 secs]
Application time: 0.0450337 seconds
[GC pause (G1 Evacuation Pause) (young) 111M->69M(128M), 0.0014273 secs]
Application time: 0.0443823 seconds
[GC pause (G1 Evacuation Pause) (young) (initial-mark) 111M->69M(128M), 0.0016654 secs]
[GC concurrent-root-region-scan-start]
[GC concurrent-root-region-scan-end, 0.0001793 secs]
[GC concurrent-mark-start]
[GC concurrent-mark-end, 0.0041092 secs]
Application time: 0.0042874 seconds
[GC remark, 0.0042809 secs]
Application time: 0.0000512 seconds
[GC cleanup 71M->71M(128M), 0.0002839 secs]
Application time: 0.0425587 seconds
[GC pause (G1 Evacuation Pause) (young) 111M->69M(128M), 0.0014095 secs]
Application time: 0.0522883 seconds
[GC pause (G1 Evacuation Pause) (young) 111M->69M(128M), 0.0014780 secs]
Application time: 0.0685632 seconds
[GC pause (G1 Evacuation Pause) (young) (initial-mark) 111M->69M(128M), 0.0015656 secs]
[GC concurrent-root-region-scan-start]
[GC concurrent-root-region-scan-end, 0.0001575 secs]
[GC concurrent-mark-start]
[GC concurrent-mark-end, 0.0040712 secs]
Application time: 0.0042874 seconds
[GC remark, 0.0044598 secs]
Application time: 0.0000676 seconds
[GC cleanup 71M->71M(128M), 0.0003564 secs]
Application time: 0.0625707 seconds
[GC pause (G1 Evacuation Pause) (young) 111M->69M(128M), 0.0013066 secs]
Application time: 0.0461236 seconds
[GC pause (G1 Evacuation Pause) (young) 111M->69M(128M), 0.0013929 secs]
Application time: 0.0620081 seconds
[GC pause (G1 Evacuation Pause) (young) (initial-mark) 111M->69M(128M), 0.0017040 secs]
[GC concurrent-root-region-scan-start]
[GC concurrent-root-region-scan-end, 0.0002219 secs]
[GC concurrent-mark-start]
[GC concurrent-mark-end, 0.0040930 secs]
Application time: 0.0043163 seconds
[GC remark, 0.0064461 secs]
Application time: 0.0000333 seconds
[GC cleanup 70M->70M(128M), 0.0004015 secs]
Application time: 0.0907259 seconds
[GC pause (G1 Evacuation Pause) (young) 111M->69M(128M), 0.0017494 secs]
Application time: 0.0525297 seconds
[GC pause (G1 Evacuation Pause) (young) 111M->69M(128M), 0.0014073 secs]
Application time: 0.0443951 seconds
[GC pause (G1 Evacuation Pause) (young) (initial-mark) 111M->69M(128M), 0.0017103 secs]
[GC concurrent-root-region-scan-start]
[GC concurrent-root-region-scan-end, 0.0002084 secs]
[GC concurrent-mark-start]
[GC concurrent-mark-end, 0.0044623 secs]
Application time: 0.0047279 seconds
[GC remark, 0.0043631 secs]
Application time: 0.0000336 seconds
[GC cleanup 72M->72M(128M), 0.0003238 secs]
Application time: 0.0432545 seconds
[GC pause (G1 Evacuation Pause) (young) 111M->69M(128M), 0.0016130 secs]
Application time: 0.0449367 seconds
[GC pause (G1 Evacuation Pause) (young) 111M->69M(128M), 0.0015436 secs]
Application time: 0.0455060 seconds
[GC pause (G1 Evacuation Pause) (young) (initial-mark) 111M->69M(128M), 0.0016428 secs]
[GC concurrent-root-region-scan-start]
[GC concurrent-root-region-scan-end, 0.0001807 secs]
[GC concurrent-mark-start]
[GC concurrent-mark-end, 0.0043915 secs]
Application time: 0.0046292 seconds
[GC remark, 0.0052437 secs]
Application time: 0.0000300 seconds
[GC cleanup 71M->71M(128M), 0.0003064 secs]
Application time: 0.0463840 seconds
[GC pause (G1 Evacuation Pause) (young) 111M->69M(128M), 0.0013341 secs]
Application time: 0.0681355 seconds
[GC pause (G1 Evacuation Pause) (young) 111M->69M(128M), 0.0014206 secs]
Application time: 0.0791970 seconds
[GC pause (G1 Evacuation Pause) (young) (initial-mark) 111M->69M(128M), 0.0014902 secs]
[GC concurrent-root-region-scan-start]
[GC concurrent-root-region-scan-end, 0.0001451 secs]
[GC concurrent-mark-start]
[GC concurrent-mark-end, 0.0044646 secs]
Application time: 0.0046629 seconds
[GC remark, 0.0051422 secs]
Application time: 0.0000294 seconds
[GC cleanup 70M->70M(128M), 0.0003055 secs]
Application time: 0.0831417 seconds
[GC pause (G1 Evacuation Pause) (young) 111M->69M(128M), 0.0015851 secs]
Application time: 0.0654035 seconds
[GC pause (G1 Evacuation Pause) (young) 111M->69M(128M), 0.0014458 secs]
Application time: 0.0452458 seconds
[GC pause (G1 Evacuation Pause) (young) (initial-mark) 111M->69M(128M), 0.0019187 secs]
[GC concurrent-root-region-scan-start]
[GC concurrent-root-region-scan-end, 0.0002294 secs]
[GC concurrent-mark-start]
[GC concurrent-mark-end, 0.0043913 secs]
Application time: 0.0046180 seconds
[GC remark, 0.0049830 secs]
Application time: 0.0000407 seconds
[GC cleanup 72M->72M(128M), 0.0002882 secs]
Application time: 0.0436198 seconds
[GC pause (G1 Evacuation Pause) (young) 111M->69M(128M), 0.0014625 secs]
Application time: 0.0460722 seconds
[GC pause (G1 Evacuation Pause) (young) 111M->69M(128M), 0.0012466 secs]
Application time: 0.0445211 seconds
[GC pause (G1 Evacuation Pause) (young) (initial-mark) 111M->69M(128M), 0.0012764 secs]
[GC concurrent-root-region-scan-start]
[GC concurrent-root-region-scan-end, 0.0003184 secs]
[GC concurrent-mark-start]
[GC concurrent-mark-end, 0.0044963 secs]
Application time: 0.0048728 seconds
[GC remark, 0.0033868 secs]
Application time: 0.0000354 seconds
[GC cleanup 72M->72M(128M), 0.0001988 secs]
Application time: 0.0435242 seconds
[GC pause (G1 Evacuation Pause) (young) 111M->69M(128M), 0.0012588 secs]
Application time: 0.0454737 seconds
[GC pause (G1 Evacuation Pause) (young) 111M->69M(128M), 0.0011194 secs]
Application time: 0.0461251 seconds
[GC pause (G1 Evacuation Pause) (young) (initial-mark) 111M->69M(128M), 0.0012202 secs]
[GC concurrent-root-region-scan-start]
[GC concurrent-root-region-scan-end, 0.0002777 secs]
[GC concurrent-mark-start]
[GC concurrent-mark-end, 0.0044404 secs]
Application time: 0.0080853 seconds
[GC remark, 0.0032437 secs]
Application time: 0.0000642 seconds
[GC cleanup 72M->72M(128M), 0.0002392 secs]
Application time: 0.0649003 seconds
[GC pause (G1 Evacuation Pause) (young) 111M->69M(128M), 0.0010729 secs]
Application time: 0.1209424 seconds
[GC pause (G1 Evacuation Pause) (young) 111M->69M(128M), 0.0012222 secs]
Application time: 0.0646770 seconds
[GC pause (G1 Evacuation Pause) (young) (initial-mark) 111M->69M(128M), 0.0012275 secs]
[GC concurrent-root-region-scan-start]
[GC concurrent-root-region-scan-end, 0.0001585 secs]
[GC concurrent-mark-start]
[GC concurrent-mark-end, 0.0045328 secs]
Application time: 0.0047505 seconds
[GC remark, 0.0030756 secs]
Application time: 0.0000344 seconds
[GC cleanup 71M->71M(128M), 0.0002223 secs]
Application time: 0.0439469 seconds
[GC pause (G1 Evacuation Pause) (young) 111M->69M(128M), 0.0010495 secs]
Application time: 0.0459865 seconds
[GC pause (G1 Evacuation Pause) (young) 111M->69M(128M), 0.0011571 secs]
Application time: 0.0460578 seconds
[GC pause (G1 Evacuation Pause) (young) (initial-mark) 111M->69M(128M), 0.0012211 secs]
[GC concurrent-root-region-scan-start]
[GC concurrent-root-region-scan-end, 0.0002882 secs]
[GC concurrent-mark-start]
[GC concurrent-mark-end, 0.0044520 secs]
Application time: 0.0047950 seconds
[GC remark, 0.0035047 secs]
Application time: 0.0000580 seconds
[GC cleanup 71M->71M(128M), 0.0002237 secs]
Application time: 0.0436885 seconds
[GC pause (G1 Evacuation Pause) (young) 111M->69M(128M), 0.0010555 secs]
Application time: 0.0457635 seconds
[GC pause (G1 Evacuation Pause) (young) 111M->69M(128M), 0.0011527 secs]
Application time: 0.0456990 seconds
[GC pause (G1 Evacuation Pause) (young) (initial-mark) 111M->69M(128M), 0.0012552 secs]
[GC concurrent-root-region-scan-start]
[GC concurrent-root-region-scan-end, 0.0003044 secs]
[GC concurrent-mark-start]
[GC concurrent-mark-end, 0.0045400 secs]
Application time: 0.0049050 seconds
[GC remark, 0.0030399 secs]
Application time: 0.0000509 seconds
[GC cleanup 72M->72M(128M), 0.0002301 secs]
Application time: 0.0503677 seconds
[GC pause (G1 Evacuation Pause) (young) 111M->69M(128M), 0.0010302 secs]
Application time: 0.0696646 seconds
[GC pause (G1 Evacuation Pause) (young) 111M->69M(128M), 0.0012783 secs]
Application time: 0.0867562 seconds
[GC pause (G1 Evacuation Pause) (young) (initial-mark) 111M->69M(128M), 0.0013352 secs]
[GC concurrent-root-region-scan-start]
[GC concurrent-root-region-scan-end, 0.0002240 secs]
[GC concurrent-mark-start]
[GC concurrent-mark-end, 0.0043512 secs]
Application time: 0.0081279 seconds
[GC remark, 0.0039407 secs]
Application time: 0.0000449 seconds
[GC cleanup 72M->72M(128M), 0.0002612 secs]
Application time: 0.0621675 seconds
[GC pause (G1 Evacuation Pause) (young) 111M->69M(128M), 0.0010412 secs]
Application time: 0.0674495 seconds
[GC pause (G1 Evacuation Pause) (young) 111M->69M(128M), 0.0011778 secs]
Application time: 0.0470449 seconds
[GC pause (G1 Evacuation Pause) (young) (initial-mark) 111M->69M(128M), 0.0011798 secs]
[GC concurrent-root-region-scan-start]
[GC concurrent-root-region-scan-end, 0.0002299 secs]
[GC concurrent-mark-start]
[GC concurrent-mark-end, 0.0046240 secs]
Application time: 0.0048597 seconds
[GC remark, 0.0029337 secs]
Application time: 0.0000317 seconds
[GC cleanup 72M->72M(128M), 0.0002021 secs]
Application time: 0.0448830 seconds
[GC pause (G1 Evacuation Pause) (young) 111M->69M(128M), 0.0010663 secs]
Application time: 0.0446534 seconds
[GC pause (G1 Evacuation Pause) (young) 110M->69M(128M), 0.0010793 secs]
Application time: 0.0451579 seconds
[GC pause (G1 Evacuation Pause) (young) (initial-mark) 110M->69M(128M), 0.0013332 secs]
[GC concurrent-root-region-scan-start]
[GC concurrent-root-region-scan-end, 0.0002966 secs]
[GC concurrent-mark-start]
[GC concurrent-mark-end, 0.0046023 secs]
Application time: 0.0049580 seconds
[GC remark, 0.0030941 secs]
Application time: 0.0000282 seconds
[GC cleanup 72M->72M(128M), 0.0002100 secs]
Application time: 0.0429156 seconds
[GC pause (G1 Evacuation Pause) (young) 110M->69M(128M), 0.0011661 secs]
Application time: 0.0056898 seconds
[GC pause (G1 Evacuation Pause) (mixed) 74M->68M(128M), 0.0009252 secs]
Application time: 0.0655505 seconds
[GC pause (G1 Evacuation Pause) (young) 110M->68M(128M), 0.0010448 secs]
Application time: 0.0720717 seconds
[GC pause (G1 Evacuation Pause) (young) (initial-mark) 110M->68M(128M), 0.0013176 secs]
[GC concurrent-root-region-scan-start]
[GC concurrent-root-region-scan-end, 0.0002813 secs]
[GC concurrent-mark-start]
[GC concurrent-mark-end, 0.0047000 secs]
Application time: 0.0049965 seconds
[GC remark, 0.0047559 secs]
Application time: 0.0000325 seconds
[GC cleanup 69M->69M(128M), 0.0002261 secs]
Application time: 0.0629321 seconds
[GC pause (G1 Evacuation Pause) (young) 110M->68M(128M), 0.0012435 secs]
Application time: 0.0576447 seconds
[GC pause (G1 Evacuation Pause) (young) 110M->68M(128M), 0.0010940 secs]
Application time: 0.0702232 seconds
[GC pause (G1 Evacuation Pause) (young) (initial-mark) 110M->68M(128M), 0.0013160 secs]
[GC concurrent-root-region-scan-start]
[GC concurrent-root-region-scan-end, 0.0002926 secs]
[GC concurrent-mark-start]
[GC concurrent-mark-end, 0.0047839 secs]
Application time: 0.0051250 seconds
[GC remark, 0.0033115 secs]
Application time: 0.0024102 seconds
[GC cleanup 70M->70M(128M), 0.0002936 secs]
Application time: 0.0646755 seconds
[GC pause (G1 Evacuation Pause) (young) 110M->68M(128M), 0.0011395 secs]
Application time: 0.0447593 seconds
[GC pause (G1 Evacuation Pause) (young) 110M->68M(128M), 0.0012469 secs]
Application time: 0.0566701 seconds
[GC pause (G1 Evacuation Pause) (young) (initial-mark) 110M->68M(128M), 0.0012976 secs]
[GC concurrent-root-region-scan-start]
[GC concurrent-root-region-scan-end, 0.0003082 secs]
[GC concurrent-mark-start]
[GC concurrent-mark-end, 0.0047686 secs]
Application time: 0.0051353 seconds
[GC remark, 0.0034113 secs]
Application time: 0.0013951 seconds
[GC cleanup 71M->71M(128M), 0.0002415 secs]
Application time: 0.0426406 seconds
[GC pause (G1 Evacuation Pause) (young) 110M->68M(128M), 0.0010890 secs]
Application time: 0.0459147 seconds
[GC pause (G1 Evacuation Pause) (young) 110M->68M(128M), 0.0012316 secs]
Application time: 0.0602628 seconds
[GC pause (G1 Evacuation Pause) (young) (initial-mark) 110M->68M(128M), 0.0012104 secs]
[GC concurrent-root-region-scan-start]
[GC concurrent-root-region-scan-end, 0.0002839 secs]
[GC concurrent-mark-start]
[GC concurrent-mark-end, 0.0046563 secs]
Application time: 0.0049452 seconds
[GC remark, 0.0042892 secs]
Application time: 0.0000332 seconds
[GC cleanup 70M->70M(128M), 0.0002227 secs]
Application time: 0.0648832 seconds
[GC pause (G1 Evacuation Pause) (young) 110M->68M(128M), 0.0011488 secs]
Application time: 0.0666622 seconds
[GC pause (G1 Evacuation Pause) (young) 110M->68M(128M), 0.0012283 secs]
Application time: 0.0564020 seconds
[GC pause (G1 Evacuation Pause) (young) (initial-mark) 110M->68M(128M), 0.0014191 secs]
[GC concurrent-root-region-scan-start]
[GC concurrent-root-region-scan-end, 0.0003007 secs]
[GC concurrent-mark-start]
[GC concurrent-mark-end, 0.0048992 secs]
Application time: 0.0052503 seconds
[GC remark, 0.0034913 secs]
Application time: 0.0009645 seconds
[GC cleanup 69M->69M(128M), 0.0002382 secs]
Application time: 0.0696876 seconds
[GC pause (G1 Evacuation Pause) (young) 110M->68M(128M), 0.0010814 secs]
Application time: 0.0694451 seconds
[GC pause (G1 Evacuation Pause) (young) 110M->68M(128M), 0.0011901 secs]
Application time: 0.0454986 seconds
[GC pause (G1 Evacuation Pause) (young) (initial-mark) 110M->68M(128M), 0.0013875 secs]
[GC concurrent-root-region-scan-start]
[GC concurrent-root-region-scan-end, 0.0001717 secs]
[GC concurrent-mark-start]
[GC concurrent-mark-end, 0.0046587 secs]
Application time: 0.0048943 seconds
[GC remark, 0.0033991 secs]
Application time: 0.0000530 seconds
[GC cleanup 71M->71M(128M), 0.0002360 secs]
Application time: 0.0590711 seconds
[GC pause (G1 Evacuation Pause) (young) 110M->68M(128M), 0.0011184 secs]
Application time: 0.0469990 seconds
[GC pause (G1 Evacuation Pause) (young) 110M->68M(128M), 0.0011399 secs]
Application time: 0.0459792 seconds
[GC pause (G1 Evacuation Pause) (young) (initial-mark) 110M->68M(128M), 0.0013461 secs]
[GC concurrent-root-region-scan-start]
[GC concurrent-root-region-scan-end, 0.0003082 secs]
[GC concurrent-mark-start]
[GC concurrent-mark-end, 0.0044248 secs]
Application time: 0.0047869 seconds
[GC remark, 0.0035590 secs]
Application time: 0.0000411 seconds
[GC cleanup 70M->70M(128M), 0.0002400 secs]
Application time: 0.0454008 seconds
[GC pause (G1 Evacuation Pause) (young) 110M->68M(128M), 0.0011045 secs]
Application time: 0.0698678 seconds
[GC pause (G1 Evacuation Pause) (young) 110M->68M(128M), 0.0011059 secs]
Application time: 0.0686306 seconds
[GC pause (G1 Evacuation Pause) (young) (initial-mark) 110M->68M(128M), 0.0012494 secs]
[GC concurrent-root-region-scan-start]
[GC concurrent-root-region-scan-end, 0.0001980 secs]
[GC concurrent-mark-start]
[GC concurrent-mark-end, 0.0044316 secs]
Application time: 0.0046830 seconds
[GC remark, 0.0032326 secs]
Application time: 0.0000395 seconds
[GC cleanup 70M->70M(128M), 0.0003052 secs]
Application time: 0.0656676 seconds
[GC pause (G1 Evacuation Pause) (young) 110M->68M(128M), 0.0014709 secs]
Application time: 0.0795542 seconds
[GC pause (G1 Evacuation Pause) (young) 110M->68M(128M), 0.0011828 secs]
Application time: 0.0713485 seconds
[GC pause (G1 Evacuation Pause) (young) (initial-mark) 110M->68M(128M), 0.0012125 secs]
[GC concurrent-root-region-scan-start]
[GC concurrent-root-region-scan-end, 0.0003440 secs]
[GC concurrent-mark-start]
[GC concurrent-mark-end, 0.0047364 secs]
Application time: 0.0050885 seconds
[GC remark, 0.0044856 secs]
Application time: 0.0000343 seconds
[GC cleanup 69M->69M(128M), 0.0002232 secs]
Application time: 0.0583570 seconds
[GC pause (G1 Evacuation Pause) (young) 110M->68M(128M), 0.0011968 secs]
Application time: 0.0457970 seconds
[GC pause (G1 Evacuation Pause) (young) 110M->68M(128M), 0.0012147 secs]
Application time: 0.0460185 seconds
[GC pause (G1 Evacuation Pause) (young) (initial-mark) 110M->68M(128M), 0.0014916 secs]
[GC concurrent-root-region-scan-start]
[GC concurrent-root-region-scan-end, 0.0003709 secs]
[GC concurrent-mark-start]
[GC concurrent-mark-end, 0.0048209 secs]
Application time: 0.0052468 seconds
[GC remark, 0.0030780 secs]
Application time: 0.0000340 seconds
[GC cleanup 71M->71M(128M), 0.0002374 secs]
Application time: 0.0533543 seconds
[GC pause (G1 Evacuation Pause) (young) 110M->68M(128M), 0.0011672 secs]
Application time: 0.0457073 seconds
[GC pause (G1 Evacuation Pause) (young) 110M->68M(128M), 0.0010428 secs]
Application time: 0.0595270 seconds
[GC pause (G1 Evacuation Pause) (young) (initial-mark) 110M->68M(128M), 0.0012331 secs]
[GC concurrent-root-region-scan-start]
[GC concurrent-root-region-scan-end, 0.0002471 secs]
[GC concurrent-mark-start]
[GC concurrent-mark-end, 0.0046623 secs]
Application time: 0.0049152 seconds
[GC remark, 0.0032252 secs]
Application time: 0.0000693 seconds
[GC cleanup 69M->69M(128M), 0.0002379 secs]
Application time: 0.0719919 seconds
[GC pause (G1 Evacuation Pause) (young) 110M->68M(128M), 0.0012655 secs]
Application time: 0.0752474 seconds
[GC pause (G1 Evacuation Pause) (young) 110M->68M(128M), 0.0012147 secs]
Application time: 0.0603933 seconds
[GC pause (G1 Evacuation Pause) (young) (initial-mark) 110M->68M(128M), 0.0013290 secs]
[GC concurrent-root-region-scan-start]
[GC concurrent-root-region-scan-end, 0.0001771 secs]
[GC concurrent-mark-start]
[GC concurrent-mark-end, 0.0048032 secs]
Application time: 0.0050356 seconds
[GC remark, 0.0033036 secs]
Application time: 0.0000464 seconds
[GC cleanup 69M->69M(128M), 0.0002398 secs]
Application time: 0.0793648 seconds
[GC pause (G1 Evacuation Pause) (young) 110M->68M(128M), 0.0010799 secs]
Application time: 0.0659503 seconds
[GC pause (G1 Evacuation Pause) (young) 110M->68M(128M), 0.0013042 secs]
Application time: 0.0457031 seconds
[GC pause (G1 Evacuation Pause) (young) (initial-mark) 110M->68M(128M), 0.0012336 secs]
[GC concurrent-root-region-scan-start]
[GC concurrent-root-region-scan-end, 0.0002347 secs]
[GC concurrent-mark-start]
[GC concurrent-mark-end, 0.0046557 secs]
Application time: 0.0049474 seconds
[GC remark, 0.0038132 secs]
Application time: 0.0000442 seconds
[GC cleanup 71M->71M(128M), 0.0002680 secs]
Application time: 0.0436263 seconds
[GC pause (G1 Evacuation Pause) (young) 110M->68M(128M), 0.0015388 secs]
Application time: 0.0459026 seconds
[GC pause (G1 Evacuation Pause) (young) 110M->68M(128M), 0.0016637 secs]
Application time: 0.0462636 seconds
[GC pause (G1 Evacuation Pause) (young) (initial-mark) 110M->68M(128M), 0.0017411 secs]
[GC concurrent-root-region-scan-start]
[GC concurrent-root-region-scan-end, 0.0001862 secs]
[GC concurrent-mark-start]
[GC concurrent-mark-end, 0.0047102 secs]
Application time: 0.0048982 seconds
[GC remark, 0.0049308 secs]
Application time: 0.0000285 seconds
[GC cleanup 71M->71M(128M), 0.0002907 secs]
Application time: 0.0444191 seconds
[GC pause (G1 Evacuation Pause) (young) 110M->68M(128M), 0.0015716 secs]
Application time: 0.0663015 seconds
[GC pause (G1 Evacuation Pause) (young) 110M->68M(128M), 0.0014635 secs]
Application time: 0.0671274 seconds
[GC pause (G1 Evacuation Pause) (young) (initial-mark) 110M->68M(128M), 0.0018317 secs]
[GC concurrent-root-region-scan-start]
[GC concurrent-root-region-scan-end, 0.0002156 secs]
[GC concurrent-mark-start]
[GC concurrent-mark-end, 0.0046947 secs]
Application time: 0.0049664 seconds
[GC remark, 0.0046255 secs]
Application time: 0.0000346 seconds
[GC cleanup 71M->71M(128M), 0.0002229 secs]
Application time: 0.0852942 seconds
[GC pause (G1 Evacuation Pause) (young) 110M->68M(128M), 0.0011646 secs]
Application time: 0.0709354 seconds
[GC pause (G1 Evacuation Pause) (young) 110M->68M(128M), 0.0011155 secs]
Application time: 0.0571216 seconds
[GC pause (G1 Evacuation Pause) (young) (initial-mark) 110M->68M(128M), 0.0012576 secs]
[GC concurrent-root-region-scan-start]
[GC concurrent-root-region-scan-end, 0.0002853 secs]
[GC concurrent-mark-start]
[GC concurrent-mark-end, 0.0048483 secs]
Application time: 0.0051945 seconds
[GC remark, 0.0032198 secs]
Application time: 0.0000366 seconds
[GC cleanup 71M->71M(128M), 0.0002358 secs]
Application time: 0.0457501 seconds
[GC pause (G1 Evacuation Pause) (young) 110M->68M(128M), 0.0011125 secs]
Application time: 0.0471693 seconds
[GC pause (G1 Evacuation Pause) (young) 110M->68M(128M), 0.0010456 secs]
Application time: 0.0461204 seconds
[GC pause (G1 Evacuation Pause) (young) (initial-mark) 110M->68M(128M), 0.0013162 secs]
[GC concurrent-root-region-scan-start]
[GC concurrent-root-region-scan-end, 0.0003009 secs]
[GC concurrent-mark-start]
[GC concurrent-mark-end, 0.0047623 secs]
Application time: 0.0051223 seconds
[GC remark, 0.0031706 secs]
Application time: 0.0000304 seconds
[GC cleanup 71M->71M(128M), 0.0002151 secs]
Application time: 0.0440078 seconds
[GC pause (G1 Evacuation Pause) (young) 110M->68M(128M), 0.0011127 secs]
Application time: 0.0458479 seconds
[GC pause (G1 Evacuation Pause) (young) 110M->68M(128M), 0.0011799 secs]
Application time: 0.0589923 seconds
[GC pause (G1 Evacuation Pause) (young) (initial-mark) 110M->68M(128M), 0.0012579 secs]
[GC concurrent-root-region-scan-start]
[GC concurrent-root-region-scan-end, 0.0002107 secs]
[GC concurrent-mark-start]
[GC concurrent-mark-end, 0.0046953 secs]
Application time: 0.0049164 seconds
[GC remark, 0.0030031 secs]
Application time: 0.0000708 seconds
[GC cleanup 69M->69M(128M), 0.0002325 secs]
Application time: 0.0688735 seconds
[GC pause (G1 Evacuation Pause) (young) 110M->68M(128M), 0.0014988 secs]
Application time: 0.0711355 seconds
[GC pause (G1 Evacuation Pause) (young) 110M->68M(128M), 0.0015368 secs]
Application time: 0.0694683 seconds
[GC pause (G1 Evacuation Pause) (young) (initial-mark) 110M->68M(128M), 0.0018441 secs]
[GC concurrent-root-region-scan-start]
[GC concurrent-root-region-scan-end, 0.0002152 secs]
[GC concurrent-mark-start]
[GC concurrent-mark-end, 0.0044991 secs]
Application time: 0.0047802 seconds
[GC remark, 0.0044285 secs]
Application time: 0.0000656 seconds
[GC cleanup 71M->71M(128M), 0.0003281 secs]
Application time: 0.0652364 seconds
[GC pause (G1 Evacuation Pause) (young) 110M->68M(128M), 0.0015404 secs]
Application time: 0.0578644 seconds
[GC pause (G1 Evacuation Pause) (young) 110M->68M(128M), 0.0015279 secs]
Application time: 0.0449693 seconds
[GC pause (G1 Evacuation Pause) (young) (initial-mark) 110M->68M(128M), 0.0014565 secs]
[GC concurrent-root-region-scan-start]
[GC concurrent-root-region-scan-end, 0.0001348 secs]
[GC concurrent-mark-start]
[GC concurrent-mark-end, 0.0041991 secs]
Application time: 0.0043869 seconds
[GC remark, 0.0043985 secs]
Application time: 0.0000322 seconds
[GC cleanup 71M->71M(128M), 0.0002557 secs]
Application time: 0.0422966 seconds
[GC pause (G1 Evacuation Pause) (young) 110M->68M(128M), 0.0014487 secs]
Application time: 0.0437716 seconds
[GC pause (G1 Evacuation Pause) (young) 110M->68M(128M), 0.0013810 secs]
Application time: 0.0437163 seconds
[GC pause (G1 Evacuation Pause) (young) (initial-mark) 110M->68M(128M), 0.0014906 secs]
[GC concurrent-root-region-scan-start]
[GC concurrent-root-region-scan-end, 0.0001443 secs]
[GC concurrent-mark-start]
[GC concurrent-mark-end, 0.0039512 secs]
Application time: 0.0041622 seconds
[GC remark, 0.0042593 secs]
Application time: 0.0000238 seconds
[GC cleanup 70M->70M(128M), 0.0002651 secs]
Application time: 0.0639546 seconds
[GC pause (G1 Evacuation Pause) (young) 110M->68M(128M), 0.0013727 secs]
Application time: 0.0692622 seconds
[GC pause (G1 Evacuation Pause) (young) 110M->68M(128M), 0.0015287 secs]
Application time: 0.0590732 seconds
[GC pause (G1 Evacuation Pause) (young) (initial-mark) 110M->68M(128M), 0.0014145 secs]
[GC concurrent-root-region-scan-start]
[GC concurrent-root-region-scan-end, 0.0001384 secs]
[GC concurrent-mark-start]
[GC concurrent-mark-end, 0.0041418 secs]
Application time: 0.0042830 seconds
[GC remark, 0.0049265 secs]
Application time: 0.0000322 seconds
[GC cleanup 69M->69M(128M), 0.0002706 secs]
Application time: 0.0542619 seconds
[GC pause (G1 Evacuation Pause) (young) 110M->68M(128M), 0.0012935 secs]
Application time: 0.0670976 seconds
[GC pause (G1 Evacuation Pause) (young) 110M->68M(128M), 0.0014348 secs]
Application time: 0.0662099 seconds
[GC pause (G1 Evacuation Pause) (young) (initial-mark) 110M->68M(128M), 0.0016390 secs]
[GC concurrent-root-region-scan-start]
[GC concurrent-root-region-scan-end, 0.0002070 secs]
[GC concurrent-mark-start]
[GC concurrent-mark-end, 0.0041294 secs]
Application time: 0.0043600 seconds
[GC remark, 0.0025153 secs]
Application time: 0.0000272 seconds
[GC cleanup 69M->69M(128M), 0.0001643 secs]
Application time: 0.0474516 seconds
[GC pause (G1 Evacuation Pause) (young) 110M->68M(128M), 0.0007727 secs]
Application time: 0.0443386 seconds
[GC pause (G1 Evacuation Pause) (young) 110M->68M(128M), 0.0009423 secs]
Application time: 0.0441163 seconds
[GC pause (G1 Evacuation Pause) (young) (initial-mark) 110M->68M(128M), 0.0009194 secs]
[GC concurrent-root-region-scan-start]
[GC concurrent-root-region-scan-end, 0.0002009 secs]
[GC concurrent-mark-start]
[GC concurrent-mark-end, 0.0041493 secs]
Application time: 0.0044014 seconds
[GC remark, 0.0026090 secs]
Application time: 0.0000298 seconds
[GC cleanup 71M->71M(128M), 0.0001776 secs]
Application time: 0.0426377 seconds
[GC pause (G1 Evacuation Pause) (young) 110M->68M(128M), 0.0008546 secs]
Application time: 0.0572179 seconds
[GC pause (G1 Evacuation Pause) (young) 110M->68M(128M), 0.0008609 secs]
Application time: 0.0676929 seconds
[GC pause (G1 Evacuation Pause) (young) (initial-mark) 110M->68M(128M), 0.0010029 secs]
[GC concurrent-root-region-scan-start]
[GC concurrent-root-region-scan-end, 0.0001516 secs]
[GC concurrent-mark-start]
[GC concurrent-mark-end, 0.0040277 secs]
Application time: 0.0042316 seconds
[GC remark, 0.0025859 secs]
Application time: 0.0000292 seconds
[GC cleanup 69M->69M(128M), 0.0001702 secs]
Application time: 0.0652773 seconds
[GC pause (G1 Evacuation Pause) (young) 110M->68M(128M), 0.0008572 secs]
Application time: 0.0455903 seconds
[GC pause (G1 Evacuation Pause) (young) 110M->68M(128M), 0.0008350 secs]
Application time: 0.0655740 seconds
[GC pause (G1 Evacuation Pause) (young) (initial-mark) 110M->68M(128M), 0.0009001 secs]
[GC concurrent-root-region-scan-start]
[GC concurrent-root-region-scan-end, 0.0001746 secs]
[GC concurrent-mark-start]
[GC concurrent-mark-end, 0.0041317 secs]
Application time: 0.0043568 seconds
[GC remark, 0.0024080 secs]
Application time: 0.0000273 seconds
[GC cleanup 71M->71M(128M), 0.0001764 secs]
Application time: 0.0651874 seconds
[GC pause (G1 Evacuation Pause) (young) 110M->68M(128M), 0.0009130 secs]
Application time: 0.0553870 seconds
[GC pause (G1 Evacuation Pause) (young) 110M->68M(128M), 0.0009325 secs]
Application time: 0.0446192 seconds
[GC pause (G1 Evacuation Pause) (young) (initial-mark) 110M->68M(128M), 0.0010137 secs]
[GC concurrent-root-region-scan-start]
[GC concurrent-root-region-scan-end, 0.0002233 secs]
[GC concurrent-mark-start]
[GC concurrent-mark-end, 0.0040872 secs]
Application time: 0.0043070 seconds
[GC remark, 0.0029004 secs]
Application time: 0.0000283 seconds
[GC cleanup 69M->69M(128M), 0.0001816 secs]
Application time: 0.0527410 seconds
[GC pause (G1 Evacuation Pause) (young) 110M->68M(128M), 0.0008753 secs]
Application time: 0.0437486 seconds
[GC pause (G1 Evacuation Pause) (young) 110M->68M(128M), 0.0008934 secs]
Application time: 0.0510956 seconds
[GC pause (G1 Evacuation Pause) (young) (initial-mark) 110M->68M(128M), 0.0009785 secs]
[GC concurrent-root-region-scan-start]
[GC concurrent-root-region-scan-end, 0.0001828 secs]
[GC concurrent-mark-start]
[GC concurrent-mark-end, 0.0039503 secs]
Application time: 0.0041947 seconds
[GC remark, 0.0024326 secs]
Application time: 0.0000344 seconds
[GC cleanup 71M->71M(128M), 0.0001706 secs]
Application time: 0.0630776 seconds
[GC pause (G1 Evacuation Pause) (young) 110M->68M(128M), 0.0007737 secs]
Application time: 0.0667531 seconds
[GC pause (G1 Evacuation Pause) (young) 110M->68M(128M), 0.0008481 secs]
Application time: 0.0498864 seconds
[GC pause (G1 Evacuation Pause) (young) (initial-mark) 110M->68M(128M), 0.0009034 secs]
[GC concurrent-root-region-scan-start]
[GC concurrent-root-region-scan-end, 0.0002059 secs]
[GC concurrent-mark-start]
[GC concurrent-mark-end, 0.0042898 secs]
Application time: 0.0045468 seconds
[GC remark, 0.0026038 secs]
Application time: 0.0000338 seconds
[GC cleanup 70M->70M(128M), 0.0001822 secs]
Application time: 0.0615518 seconds
[GC pause (G1 Evacuation Pause) (young) 110M->68M(128M), 0.0008830 secs]
Application time: 0.0726384 seconds
[GC pause (G1 Evacuation Pause) (young) 110M->68M(128M), 0.0008281 secs]
Application time: 0.0610880 seconds
[GC pause (G1 Evacuation Pause) (young) (initial-mark) 110M->68M(128M), 0.0010069 secs]
[GC concurrent-root-region-scan-start]
[GC concurrent-root-region-scan-end, 0.0001999 secs]
[GC concurrent-mark-start]
[GC concurrent-mark-end, 0.0041377 secs]
Application time: 0.0043886 seconds
[GC remark, 0.0025668 secs]
Application time: 0.0000300 seconds
[GC cleanup 71M->71M(128M), 0.0001856 secs]
Application time: 0.0431291 seconds
[GC pause (G1 Evacuation Pause) (young) 110M->68M(128M), 0.0008826 secs]
Application time: 0.0443911 seconds
[GC pause (G1 Evacuation Pause) (young) 110M->68M(128M), 0.0008211 secs]
Application time: 0.0449439 seconds
[GC pause (G1 Evacuation Pause) (young) (initial-mark) 110M->68M(128M), 0.0010198 secs]
[GC concurrent-root-region-scan-start]
[GC concurrent-root-region-scan-end, 0.0002335 secs]
[GC concurrent-mark-start]
[GC concurrent-mark-end, 0.0041827 secs]
Application time: 0.0044751 seconds
[GC remark, 0.0025347 secs]
Application time: 0.0000260 seconds
[GC cleanup 71M->71M(128M), 0.0001721 secs]
Application time: 0.0427066 seconds
[GC pause (G1 Evacuation Pause) (young) 110M->68M(128M), 0.0009168 secs]
Application time: 0.0678168 seconds
[GC pause (G1 Evacuation Pause) (young) 110M->68M(128M), 0.0008759 secs]
Application time: 0.0740235 seconds
[GC pause (G1 Evacuation Pause) (young) (initial-mark) 110M->68M(128M), 0.0009641 secs]
[GC concurrent-root-region-scan-start]
[GC concurrent-root-region-scan-end, 0.0002211 secs]
[GC concurrent-mark-start]
[GC concurrent-mark-end, 0.0084014 secs]
Application time: 0.0086732 seconds
[GC remark, 0.0040199 secs]
Application time: 0.0000327 seconds
[GC cleanup 70M->70M(128M), 0.0002017 secs]
Application time: 0.0525981 seconds
[GC pause (G1 Evacuation Pause) (young) 110M->68M(128M), 0.0011758 secs]
Application time: 0.0497442 seconds
[GC pause (G1 Evacuation Pause) (young) 110M->68M(128M), 0.0009323 secs]
Application time: 0.0675499 seconds
[GC pause (G1 Evacuation Pause) (young) (initial-mark) 110M->68M(128M), 0.0009863 secs]
[GC concurrent-root-region-scan-start]
[GC concurrent-root-region-scan-end, 0.0001887 secs]
[GC concurrent-mark-start]
[GC concurrent-mark-end, 0.0041829 secs]
Application time: 0.0073102 seconds
[GC remark, 0.0026246 secs]
Application time: 0.0000470 seconds
[GC cleanup 71M->71M(128M), 0.0001979 secs]
Application time: 0.0617160 seconds
[GC pause (G1 Evacuation Pause) (young) 110M->68M(128M), 0.0007668 secs]
Application time: 0.0529650 seconds
[GC pause (G1 Evacuation Pause) (young) 110M->68M(128M), 0.0008664 secs]
Application time: 0.0450285 seconds
[GC pause (G1 Evacuation Pause) (young) (initial-mark) 110M->68M(128M), 0.0009423 secs]
[GC concurrent-root-region-scan-start]
[GC concurrent-root-region-scan-end, 0.0001934 secs]
[GC concurrent-mark-start]
[GC concurrent-mark-end, 0.0041965 secs]
Application time: 0.0044276 seconds
[GC remark, 0.0024301 secs]
Application time: 0.0000365 seconds
[GC cleanup 68M->68M(128M), 0.0001862 secs]
Application time: 0.0559117 seconds
[GC pause (G1 Evacuation Pause) (young) 110M->68M(128M), 0.0009037 secs]
Application time: 0.0450953 seconds
[GC pause (G1 Evacuation Pause) (young) 110M->68M(128M), 0.0008303 secs]
Application time: 0.0628214 seconds
[GC pause (G1 Evacuation Pause) (young) (initial-mark) 110M->68M(128M), 0.0009917 secs]
[GC concurrent-root-region-scan-start]
[GC concurrent-root-region-scan-end, 0.0001676 secs]
[GC concurrent-mark-start]
[GC concurrent-mark-end, 0.0042392 secs]
Application time: 0.0044518 seconds
[GC remark, 0.0025333 secs]
Application time: 0.0000400 seconds
[GC cleanup 69M->69M(128M), 0.0001911 secs]
Application time: 0.0781857 seconds
[GC pause (G1 Evacuation Pause) (young) 110M->68M(128M), 0.0009300 secs]
Application time: 0.0634550 seconds
[GC pause (G1 Evacuation Pause) (young) 110M->68M(128M), 0.0007757 secs]
Application time: 0.0442757 seconds
[GC pause (G1 Evacuation Pause) (young) (initial-mark) 110M->68M(128M), 0.0010784 secs]
[GC concurrent-root-region-scan-start]
[GC concurrent-root-region-scan-end, 0.0002013 secs]
[GC concurrent-mark-start]
[GC concurrent-mark-end, 0.0040665 secs]
Application time: 0.0054107 seconds
[GC remark, 0.0025834 secs]
Application time: 0.0000406 seconds
[GC cleanup 71M->71M(128M), 0.0001864 secs]
Application time: 0.0577674 seconds
[GC pause (G1 Evacuation Pause) (young) 110M->68M(128M), 0.0008754 secs]
Application time: 0.0656827 seconds
[GC pause (G1 Evacuation Pause) (young) 110M->68M(128M), 0.0009228 secs]
Application time: 0.0639526 seconds
[GC pause (G1 Evacuation Pause) (young) (initial-mark) 110M->68M(128M), 0.0009556 secs]
[GC concurrent-root-region-scan-start]
[GC concurrent-root-region-scan-end, 0.0001552 secs]
[GC concurrent-mark-start]
[GC concurrent-mark-end, 0.0042279 secs]
Application time: 0.0044284 seconds
[GC remark, 0.0025070 secs]
Application time: 0.0000390 seconds
[GC cleanup 70M->70M(128M), 0.0001620 secs]
Application time: 0.0433356 seconds
[GC pause (G1 Evacuation Pause) (young) 110M->68M(128M), 0.0008878 secs]
Application time: 0.0440406 seconds
[GC pause (G1 Evacuation Pause) (young) 110M->68M(128M), 0.0008488 secs]
Application time: 0.0444648 seconds
[GC pause (G1 Evacuation Pause) (young) (initial-mark) 110M->68M(128M), 0.0009724 secs]
[GC concurrent-root-region-scan-start]
[GC concurrent-root-region-scan-end, 0.0001579 secs]
[GC concurrent-mark-start]
[GC concurrent-mark-end, 0.0040559 secs]
Application time: 0.0042549 seconds
[GC remark, 0.0025958 secs]
Application time: 0.0012118 seconds
[GC cleanup 71M->71M(128M), 0.0001867 secs]
Application time: 0.0562516 seconds
[GC pause (G1 Evacuation Pause) (young) 110M->68M(128M), 0.0008930 secs]
Application time: 0.0675769 seconds
[GC pause (G1 Evacuation Pause) (young) 110M->68M(128M), 0.0008469 secs]
Application time: 0.0639343 seconds
[GC pause (G1 Evacuation Pause) (young) (initial-mark) 110M->68M(128M), 0.0009760 secs]
[GC concurrent-root-region-scan-start]
[GC concurrent-root-region-scan-end, 0.0001912 secs]
[GC concurrent-mark-start]
[GC concurrent-mark-end, 0.0039452 secs]
Application time: 0.0041823 seconds
[GC remark, 0.0023986 secs]
Application time: 0.0000432 seconds
[GC cleanup 69M->69M(128M), 0.0002844 secs]
Application time: 0.0443453 seconds
[GC pause (G1 Evacuation Pause) (young) 110M->68M(128M), 0.0009216 secs]
Application time: 0.0517168 seconds
[GC pause (G1 Evacuation Pause) (young) 110M->68M(128M), 0.0009361 secs]
Application time: 0.0740690 seconds
[GC pause (G1 Evacuation Pause) (young) (initial-mark) 110M->68M(128M), 0.0010067 secs]
[GC concurrent-root-region-scan-start]
[GC concurrent-root-region-scan-end, 0.0002013 secs]
[GC concurrent-mark-start]
[GC concurrent-mark-end, 0.0042372 secs]
Application time: 0.0048914 seconds
[GC remark, 0.0025737 secs]
Application time: 0.0019911 seconds
[GC cleanup 70M->70M(128M), 0.0001968 secs]
Application time: 0.0635120 seconds
[GC pause (G1 Evacuation Pause) (young) 110M->68M(128M), 0.0008061 secs]
Application time: 0.0503540 seconds
[GC pause (G1 Evacuation Pause) (young) 110M->68M(128M), 0.0009615 secs]
Application time: 0.0462137 seconds
[GC pause (G1 Evacuation Pause) (young) (initial-mark) 110M->68M(128M), 0.0010398 secs]
[GC concurrent-root-region-scan-start]
[GC concurrent-root-region-scan-end, 0.0001561 secs]
[GC concurrent-mark-start]
[GC concurrent-mark-end, 0.0041211 secs]
Application time: 0.0043321 seconds
[GC remark, 0.0026588 secs]
Application time: 0.0000306 seconds
[GC cleanup 71M->71M(128M), 0.0001828 secs]
Application time: 0.0432059 seconds
[GC pause (G1 Evacuation Pause) (young) 110M->68M(128M), 0.0008652 secs]
Application time: 0.0528416 seconds
[GC pause (G1 Evacuation Pause) (young) 110M->68M(128M), 0.0007657 secs]
Application time: 0.0672094 seconds
[GC pause (G1 Evacuation Pause) (young) (initial-mark) 110M->68M(128M), 0.0009592 secs]
[GC concurrent-root-region-scan-start]
[GC concurrent-root-region-scan-end, 0.0001798 secs]
[GC concurrent-mark-start]
[GC concurrent-mark-end, 0.0042127 secs]
Application time: 0.0043963 seconds
[GC remark, 0.0026535 secs]
Application time: 0.0007438 seconds
[GC cleanup 69M->69M(128M), 0.0001489 secs]
Application time: 0.0657728 seconds
[GC pause (G1 Evacuation Pause) (young) 110M->68M(128M), 0.0009090 secs]
Application time: 0.0515906 seconds
[GC pause (G1 Evacuation Pause) (young) 110M->68M(128M), 0.0008137 secs]
Application time: 0.0479148 seconds
[GC pause (G1 Evacuation Pause) (young) (initial-mark) 110M->68M(128M), 0.0009716 secs]
[GC concurrent-root-region-scan-start]
[GC concurrent-root-region-scan-end, 0.0002292 secs]
[GC concurrent-mark-start]
[GC concurrent-mark-end, 0.0041948 secs]
Application time: 0.0044669 seconds
[GC remark, 0.0029096 secs]
Application time: 0.0001811 seconds
[GC cleanup 70M->70M(128M), 0.0001778 secs]
Application time: 0.0622852 seconds
[GC pause (G1 Evacuation Pause) (young) 110M->68M(128M), 0.0009407 secs]
Application time: 0.0675220 seconds
[GC pause (G1 Evacuation Pause) (young) 110M->68M(128M), 0.0008607 secs]
Application time: 0.0597674 seconds
[GC pause (G1 Evacuation Pause) (young) (initial-mark) 110M->68M(128M), 0.0009429 secs]
[GC concurrent-root-region-scan-start]
[GC concurrent-root-region-scan-end, 0.0002295 secs]
[GC concurrent-mark-start]
[GC concurrent-mark-end, 0.0041299 secs]
Application time: 0.0044012 seconds
[GC remark, 0.0032179 secs]
Application time: 0.0000412 seconds
[GC cleanup 70M->70M(128M), 0.0001919 secs]
Application time: 0.0426691 seconds
[GC pause (G1 Evacuation Pause) (young) 110M->68M(128M), 0.0007433 secs]
Application time: 0.0440988 seconds
[GC pause (G1 Evacuation Pause) (young) 110M->68M(128M), 0.0007924 secs]
Application time: 0.0439953 seconds
[GC pause (G1 Evacuation Pause) (young) (initial-mark) 110M->68M(128M), 0.0010618 secs]
[GC concurrent-root-region-scan-start]
[GC concurrent-root-region-scan-end, 0.0001954 secs]
[GC concurrent-mark-start]
[GC concurrent-mark-end, 0.0043059 secs]
Application time: 0.0061693 seconds
[GC remark, 0.0025934 secs]
Application time: 0.0000475 seconds
[GC cleanup 71M->71M(128M), 0.0001745 secs]
Application time: 0.0625663 seconds
[GC pause (G1 Evacuation Pause) (young) 110M->68M(128M), 0.0008742 secs]
Application time: 0.0692547 seconds
[GC pause (G1 Evacuation Pause) (young) 110M->68M(128M), 0.0008113 secs]
Application time: 0.0604519 seconds
[GC pause (G1 Evacuation Pause) (young) (initial-mark) 110M->68M(128M), 0.0009263 secs]
[GC concurrent-root-region-scan-start]
[GC concurrent-root-region-scan-end, 0.0001627 secs]
[GC concurrent-mark-start]
[GC concurrent-mark-end, 0.0042501 secs]
Application time: 0.0044991 seconds
[GC remark, 0.0028396 secs]
Application time: 0.0000414 seconds
[GC cleanup 71M->71M(128M), 0.0002659 secs]
Application time: 0.0437172 seconds
[GC pause (G1 Evacuation Pause) (young) 110M->68M(128M), 0.0008763 secs]
Application time: 0.0615574 seconds
[GC pause (G1 Evacuation Pause) (young) 110M->68M(128M), 0.0007741 secs]
Application time: 0.0686877 seconds
[GC pause (G1 Evacuation Pause) (young) (initial-mark) 110M->68M(128M), 0.0009250 secs]
[GC concurrent-root-region-scan-start]
[GC concurrent-root-region-scan-end, 0.0002078 secs]
[GC concurrent-mark-start]
[GC concurrent-mark-end, 0.0040720 secs]
Application time: 0.0042785 seconds
[GC remark, 0.0024576 secs]
Application time: 0.0000276 seconds
[GC cleanup 69M->69M(128M), 0.0001886 secs]
Application time: 0.0740428 seconds
[GC pause (G1 Evacuation Pause) (young) 110M->68M(128M), 0.0009764 secs]
Application time: 0.0449861 seconds
[GC pause (G1 Evacuation Pause) (young) 110M->68M(128M), 0.0008741 secs]
Application time: 0.0458425 seconds
[GC pause (G1 Evacuation Pause) (young) (initial-mark) 110M->68M(128M), 0.0010112 secs]
[GC concurrent-root-region-scan-start]
[GC concurrent-root-region-scan-end, 0.0001598 secs]
[GC concurrent-mark-start]
[GC concurrent-mark-end, 0.0043312 secs]
Application time: 0.0045510 seconds
[GC remark, 0.0024876 secs]
Application time: 0.0000335 seconds
[GC cleanup 70M->70M(128M), 0.0001851 secs]
Application time: 0.0436465 seconds
[GC pause (G1 Evacuation Pause) (young) 110M->68M(128M), 0.0008191 secs]
Application time: 0.0545366 seconds
[GC pause (G1 Evacuation Pause) (young) 110M->68M(128M), 0.0009633 secs]
Application time: 0.0670269 seconds
[GC pause (G1 Evacuation Pause) (young) (initial-mark) 110M->68M(128M), 0.0009609 secs]
[GC concurrent-root-region-scan-start]
[GC concurrent-root-region-scan-end, 0.0001997 secs]
[GC concurrent-mark-start]
[GC concurrent-mark-end, 0.0041718 secs]
Application time: 0.0043731 seconds
[GC remark, 0.0025804 secs]
Application time: 0.0000387 seconds
[GC cleanup 70M->70M(128M), 0.0001859 secs]
Application time: 0.0613896 seconds
[GC pause (G1 Evacuation Pause) (young) 110M->68M(128M), 0.0008510 secs]
Application time: 0.0599690 seconds
[GC pause (G1 Evacuation Pause) (young) 110M->68M(128M), 0.0007847 secs]
Application time: 0.0541087 seconds
[GC pause (G1 Evacuation Pause) (young) (initial-mark) 110M->68M(128M), 0.0009784 secs]
[GC concurrent-root-region-scan-start]
[GC concurrent-root-region-scan-end, 0.0002171 secs]
[GC concurrent-mark-start]
[GC concurrent-mark-end, 0.0042620 secs]
Application time: 0.0044872 seconds
[GC remark, 0.0029628 secs]
Application time: 0.0014800 seconds
[GC cleanup 69M->69M(128M), 0.0002402 secs]
Application time: 0.0933728 seconds
[GC pause (G1 Evacuation Pause) (young) 110M->68M(128M), 0.0011538 secs]
Application time: 0.0813392 seconds
[GC pause (G1 Evacuation Pause) (young) 110M->68M(128M), 0.0011996 secs]
Application time: 0.0483867 seconds
[GC pause (G1 Evacuation Pause) (young) (initial-mark) 110M->68M(128M), 0.0012545 secs]
[GC concurrent-root-region-scan-start]
[GC concurrent-root-region-scan-end, 0.0002128 secs]
[GC concurrent-mark-start]
[GC concurrent-mark-end, 0.0044268 secs]
Application time: 0.0046945 seconds
[GC remark, 0.0031536 secs]
Application time: 0.0000404 seconds
[GC cleanup 71M->71M(128M), 0.0002849 secs]
Application time: 0.0431380 seconds
[GC pause (G1 Evacuation Pause) (young) 110M->68M(128M), 0.0011681 secs]
Application time: 0.0445889 seconds
[GC pause (G1 Evacuation Pause) (young) 110M->68M(128M), 0.0011407 secs]
Application time: 0.0453074 seconds
[GC pause (G1 Evacuation Pause) (young) (initial-mark) 110M->68M(128M), 0.0011958 secs]
[GC concurrent-root-region-scan-start]
[GC concurrent-root-region-scan-end, 0.0002178 secs]
[GC concurrent-mark-start]
[GC concurrent-mark-end, 0.0046545 secs]
Application time: 0.0048594 seconds
[GC remark, 0.0031374 secs]
Application time: 0.0000326 seconds
[GC cleanup 71M->71M(128M), 0.0002032 secs]
Application time: 0.0437300 seconds
[GC pause (G1 Evacuation Pause) (young) 110M->68M(128M), 0.0013113 secs]
Application time: 0.0687933 seconds
[GC pause (G1 Evacuation Pause) (young) 110M->68M(128M), 0.0011770 secs]
Application time: 0.0687266 seconds
[GC pause (G1 Evacuation Pause) (young) (initial-mark) 110M->68M(128M), 0.0009052 secs]
[GC concurrent-root-region-scan-start]
[GC concurrent-root-region-scan-end, 0.0001647 secs]
[GC concurrent-mark-start]
[GC concurrent-mark-end, 0.0040262 secs]
Application time: 0.0042418 seconds
[GC remark, 0.0024941 secs]
Application time: 0.0000300 seconds
[GC cleanup 70M->70M(128M), 0.0001837 secs]
Application time: 0.0861422 seconds
[GC pause (G1 Evacuation Pause) (young) 110M->68M(128M), 0.0008425 secs]
Application time: 0.0683517 seconds
[GC pause (G1 Evacuation Pause) (young) 110M->68M(128M), 0.0007304 secs]
Application time: 0.0479569 seconds
[GC pause (G1 Evacuation Pause) (young) (initial-mark) 110M->68M(128M), 0.0008434 secs]
[GC concurrent-root-region-scan-start]
[GC concurrent-root-region-scan-end, 0.0001770 secs]
[GC concurrent-mark-start]
[GC concurrent-mark-end, 0.0041351 secs]
Application time: 0.0043857 seconds
[GC remark, 0.0026422 secs]
Application time: 0.0000273 seconds
[GC cleanup 71M->71M(128M), 0.0001914 secs]
Application time: 0.0426532 seconds
[GC pause (G1 Evacuation Pause) (young) 110M->68M(128M), 0.0008752 secs]
Application time: 0.0445408 seconds
[GC pause (G1 Evacuation Pause) (young) 110M->68M(128M), 0.0007901 secs]
Application time: 0.0437068 seconds
[GC pause (G1 Evacuation Pause) (young) (initial-mark) 110M->68M(128M), 0.0009936 secs]
[GC concurrent-root-region-scan-start]
[GC concurrent-root-region-scan-end, 0.0001814 secs]
[GC concurrent-mark-start]
[GC concurrent-mark-end, 0.0041057 secs]
Application time: 0.0043482 seconds
[GC remark, 0.0024102 secs]
Application time: 0.0000388 seconds
[GC cleanup 71M->71M(128M), 0.0001886 secs]
Application time: 0.0428425 seconds
[GC pause (G1 Evacuation Pause) (young) 110M->68M(128M), 0.0009031 secs]
Application time: 0.0434722 seconds
[GC pause (G1 Evacuation Pause) (young) 110M->68M(128M), 0.0008266 secs]
Application time: 0.0531469 seconds
[GC pause (G1 Evacuation Pause) (young) (initial-mark) 110M->68M(128M), 0.0010332 secs]
[GC concurrent-root-region-scan-start]
[GC concurrent-root-region-scan-end, 0.0002144 secs]
[GC concurrent-mark-start]
[GC concurrent-mark-end, 0.0041868 secs]
Application time: 0.0044078 seconds
[GC remark, 0.0027649 secs]
Application time: 0.0000291 seconds
[GC cleanup 69M->69M(128M), 0.0001960 secs]
Application time: 0.0751828 seconds
[GC pause (G1 Evacuation Pause) (young) 110M->68M(128M), 0.0008138 secs]
Application time: 0.1036904 seconds
[GC pause (G1 Evacuation Pause) (young) 110M->68M(128M), 0.0008837 secs]
Application time: 0.0701900 seconds
[GC pause (G1 Evacuation Pause) (young) (initial-mark) 110M->68M(128M), 0.0010494 secs]
[GC concurrent-root-region-scan-start]
[GC concurrent-root-region-scan-end, 0.0001584 secs]
[GC concurrent-mark-start]
[GC concurrent-mark-end, 0.0041447 secs]
Application time: 0.0043544 seconds
[GC remark, 0.0025751 secs]
Application time: 0.0000243 seconds
[GC cleanup 71M->71M(128M), 0.0002049 secs]
Application time: 0.0511653 seconds
[GC pause (G1 Evacuation Pause) (young) 110M->68M(128M), 0.0009529 secs]
Application time: 0.0517632 seconds
[GC pause (G1 Evacuation Pause) (young) 110M->68M(128M), 0.0009881 secs]
Application time: 0.0453268 seconds
[GC pause (G1 Evacuation Pause) (young) (initial-mark) 110M->68M(128M), 0.0010990 secs]
[GC concurrent-root-region-scan-start]
[GC concurrent-root-region-scan-end, 0.0002582 secs]
[GC concurrent-mark-start]
[GC concurrent-mark-end, 0.0041693 secs]
Application time: 0.0044301 seconds
[GC remark, 0.0026299 secs]
Application time: 0.0000279 seconds
[GC cleanup 69M->69M(128M), 0.0002009 secs]
Application time: 0.0455925 seconds
[GC pause (G1 Evacuation Pause) (young) 110M->68M(128M), 0.0009114 secs]
Application time: 0.0449997 seconds
[GC pause (G1 Evacuation Pause) (young) 110M->68M(128M), 0.0009246 secs]
Application time: 0.0447363 seconds
[GC pause (G1 Evacuation Pause) (young) (initial-mark) 110M->68M(128M), 0.0010244 secs]
[GC concurrent-root-region-scan-start]
[GC concurrent-root-region-scan-end, 0.0001993 secs]
[GC concurrent-mark-start]
[GC concurrent-mark-end, 0.0040112 secs]
Application time: 0.0042696 seconds
[GC remark, 0.0027335 secs]
Application time: 0.0000291 seconds
[GC cleanup 70M->70M(128M), 0.0001939 secs]
Application time: 0.0419717 seconds
[GC pause (G1 Evacuation Pause) (young) 110M->68M(128M), 0.0009431 secs]
Application time: 0.0651603 seconds
[GC pause (G1 Evacuation Pause) (young) 110M->68M(128M), 0.0009610 secs]
Application time: 0.0977681 seconds
[GC pause (G1 Evacuation Pause) (young) (initial-mark) 110M->68M(128M), 0.0010263 secs]
[GC concurrent-root-region-scan-start]
[GC concurrent-root-region-scan-end, 0.0001598 secs]
[GC concurrent-mark-start]
[GC concurrent-mark-end, 0.0067348 secs]
Application time: 0.0068977 seconds
[GC remark, 0.0026802 secs]
Application time: 0.0000278 seconds
[GC cleanup 70M->70M(128M), 0.0001732 secs]
Application time: 0.0768894 seconds
[GC pause (G1 Evacuation Pause) (young) 110M->68M(128M), 0.0008560 secs]
Application time: 0.0596361 seconds
[GC pause (G1 Evacuation Pause) (young) 110M->68M(128M), 0.0009098 secs]
Application time: 0.0462700 seconds
[GC pause (G1 Evacuation Pause) (young) (initial-mark) 110M->68M(128M), 0.0009250 secs]
[GC concurrent-root-region-scan-start]
[GC concurrent-root-region-scan-end, 0.0001472 secs]
[GC concurrent-mark-start]
[GC concurrent-mark-end, 0.0041179 secs]
Application time: 0.0043281 seconds
[GC remark, 0.0028621 secs]
Application time: 0.0000277 seconds
[GC cleanup 71M->71M(128M), 0.0001773 secs]
Application time: 0.0427477 seconds
[GC pause (G1 Evacuation Pause) (young) 110M->68M(128M), 0.0009418 secs]
Application time: 0.0455462 seconds
[GC pause (G1 Evacuation Pause) (young) 110M->68M(128M), 0.0007787 secs]
Application time: 0.0440449 seconds
[GC pause (G1 Evacuation Pause) (young) (initial-mark) 110M->68M(128M), 0.0009604 secs]
[GC concurrent-root-region-scan-start]
[GC concurrent-root-region-scan-end, 0.0001872 secs]
[GC concurrent-mark-start]
[GC concurrent-mark-end, 0.0041049 secs]
Application time: 0.0043445 seconds
[GC remark, 0.0023929 secs]
Application time: 0.0000315 seconds
[GC cleanup 71M->71M(128M), 0.0001887 secs]
Application time: 0.0426888 seconds
[GC pause (G1 Evacuation Pause) (young) 110M->68M(128M), 0.0008242 secs]
Application time: 0.0447683 seconds
[GC pause (G1 Evacuation Pause) (young) 110M->68M(128M), 0.0008254 secs]
Application time: 0.0514337 seconds
[GC pause (G1 Evacuation Pause) (young) (initial-mark) 110M->68M(128M), 0.0009491 secs]
[GC concurrent-root-region-scan-start]
[GC concurrent-root-region-scan-end, 0.0001956 secs]
[GC concurrent-mark-start]
[GC concurrent-mark-end, 0.0039964 secs]
Application time: 0.0042531 seconds
[GC remark, 0.0025057 secs]
Application time: 0.0000299 seconds
[GC cleanup 71M->71M(128M), 0.0001750 secs]
Application time: 0.0787343 seconds
[GC pause (G1 Evacuation Pause) (young) 110M->68M(128M), 0.0008699 secs]
Application time: 0.1293764 seconds
[GC pause (G1 Evacuation Pause) (young) 110M->68M(128M), 0.0008196 secs]
Application time: 0.0469773 seconds
[GC pause (G1 Evacuation Pause) (young) (initial-mark) 110M->68M(128M), 0.0009310 secs]
[GC concurrent-root-region-scan-start]
[GC concurrent-root-region-scan-end, 0.0001405 secs]
[GC concurrent-mark-start]
[GC concurrent-mark-end, 0.0053574 secs]
Application time: 0.0043246 seconds
[GC remark, 0.0027567 secs]
Application time: 0.0000266 seconds
[GC cleanup 70M->70M(128M), 0.0001971 secs]
Application time: 0.0436013 seconds
[GC pause (G1 Evacuation Pause) (young) 110M->68M(128M), 0.0008964 secs]
Application time: 0.0431679 seconds
[GC pause (G1 Evacuation Pause) (young) 110M->68M(128M), 0.0007787 secs]
Application time: 0.0422646 seconds
[GC pause (G1 Evacuation Pause) (young) (initial-mark) 110M->68M(128M), 0.0010551 secs]
[GC concurrent-root-region-scan-start]
[GC concurrent-root-region-scan-end, 0.0002328 secs]
[GC concurrent-mark-start]
[GC concurrent-mark-end, 0.0039422 secs]
Application time: 0.0042307 seconds
[GC remark, 0.0026278 secs]
Application time: 0.0000339 seconds
[GC cleanup 71M->71M(128M), 0.0001944 secs]
Application time: 0.0410977 seconds
[GC pause (G1 Evacuation Pause) (young) 110M->68M(128M), 0.0008031 secs]
Application time: 0.0479479 seconds
[GC pause (G1 Evacuation Pause) (young) 110M->68M(128M), 0.0013200 secs]
Application time: 0.0536437 seconds
[GC pause (G1 Evacuation Pause) (young) (initial-mark) 110M->68M(128M), 0.0014119 secs]
[GC concurrent-root-region-scan-start]
[GC concurrent-root-region-scan-end, 0.0002585 secs]
[GC concurrent-mark-start]
[GC concurrent-mark-end, 0.0039935 secs]
Application time: 0.0043180 seconds
[GC remark, 0.0032079 secs]
Application time: 0.0000453 seconds
[GC cleanup 70M->70M(128M), 0.0002477 secs]
Application time: 0.0454901 seconds
[GC pause (G1 Evacuation Pause) (young) 110M->68M(128M), 0.0011556 secs]
Application time: 0.0638194 seconds
[GC pause (G1 Evacuation Pause) (young) 110M->68M(128M), 0.0011714 secs]
Application time: 0.1300518 seconds
[GC pause (G1 Evacuation Pause) (young) (initial-mark) 110M->68M(128M), 0.0012730 secs]
[GC concurrent-root-region-scan-start]
[GC concurrent-root-region-scan-end, 0.0002065 secs]
[GC concurrent-mark-start]
[GC concurrent-mark-end, 0.0042672 secs]
Application time: 0.0045109 seconds
[GC remark, 0.0031711 secs]
Application time: 0.0000335 seconds
[GC cleanup 69M->69M(128M), 0.0002468 secs]
Application time: 0.0666688 seconds
[GC pause (G1 Evacuation Pause) (young) 110M->68M(128M), 0.0012247 secs]
Application time: 0.0497799 seconds
[GC pause (G1 Evacuation Pause) (young) 110M->68M(128M), 0.0011582 secs]
Application time: 0.0480722 seconds
[GC pause (G1 Evacuation Pause) (young) (initial-mark) 110M->68M(128M), 0.0012120 secs]
[GC concurrent-root-region-scan-start]
[GC concurrent-root-region-scan-end, 0.0002407 secs]
[GC concurrent-mark-start]
[GC concurrent-mark-end, 0.0042209 secs]
Application time: 0.0044605 seconds
[GC remark, 0.0031757 secs]
Application time: 0.0000342 seconds
[GC cleanup 69M->69M(128M), 0.0002310 secs]
Application time: 0.0545726 seconds
[GC pause (G1 Evacuation Pause) (young) 110M->68M(128M), 0.0008628 secs]
Application time: 0.0467023 seconds
[GC pause (G1 Evacuation Pause) (young) 110M->68M(128M), 0.0009896 secs]
Application time: 0.0472185 seconds
[GC pause (G1 Evacuation Pause) (young) (initial-mark) 110M->68M(128M), 0.0011415 secs]
[GC concurrent-root-region-scan-start]
[GC concurrent-root-region-scan-end, 0.0001890 secs]
[GC concurrent-mark-start]
[GC concurrent-mark-end, 0.0041250 secs]
Application time: 0.0043771 seconds
[GC remark, 0.0025364 secs]
Application time: 0.0000446 seconds
[GC cleanup 71M->71M(128M), 0.0001749 secs]
Application time: 0.0443820 seconds
[GC pause (G1 Evacuation Pause) (young) 110M->68M(128M), 0.0008723 secs]
Application time: 0.0454826 seconds
[GC pause (G1 Evacuation Pause) (young) 110M->68M(128M), 0.0008720 secs]
Application time: 0.0535759 seconds
[GC pause (G1 Evacuation Pause) (young) (initial-mark) 110M->68M(128M), 0.0009663 secs]
[GC concurrent-root-region-scan-start]
[GC concurrent-root-region-scan-end, 0.0001550 secs]
[GC concurrent-mark-start]
[GC concurrent-mark-end, 0.0041736 secs]
Application time: 0.0043818 seconds
[GC remark, 0.0025127 secs]
Application time: 0.0000426 seconds
[GC cleanup 69M->69M(128M), 0.0002004 secs]
Application time: 0.1030490 seconds
[GC pause (G1 Evacuation Pause) (young) 110M->68M(128M), 0.0008042 secs]
Application time: 0.0897240 seconds
[GC pause (G1 Evacuation Pause) (young) 110M->68M(128M), 0.0008463 secs]
Application time: 0.0456609 seconds
[GC pause (G1 Evacuation Pause) (young) (initial-mark) 110M->68M(128M), 0.0010681 secs]
[GC concurrent-root-region-scan-start]
[GC concurrent-root-region-scan-end, 0.0002097 secs]
[GC concurrent-mark-start]
[GC concurrent-mark-end, 0.0041490 secs]
Application time: 0.0044041 seconds
[GC remark, 0.0024925 secs]
Application time: 0.0000375 seconds
[GC cleanup 70M->70M(128M), 0.0001888 secs]
Application time: 0.0419035 seconds
[GC pause (G1 Evacuation Pause) (young) 110M->68M(128M), 0.0009451 secs]
Application time: 0.0443371 seconds
[GC pause (G1 Evacuation Pause) (young) 110M->68M(128M), 0.0009107 secs]
Application time: 0.0586600 seconds
[GC pause (G1 Evacuation Pause) (young) (initial-mark) 110M->68M(128M), 0.0009505 secs]
[GC concurrent-root-region-scan-start]
[GC concurrent-root-region-scan-end, 0.0001442 secs]
[GC concurrent-mark-start]
[GC concurrent-mark-end, 0.0043257 secs]
Application time: 0.0060101 seconds
[GC remark, 0.0025896 secs]
Application time: 0.0000439 seconds
[GC cleanup 71M->71M(128M), 0.0001749 secs]
Application time: 0.0413550 seconds
[GC pause (G1 Evacuation Pause) (young) 110M->68M(128M), 0.0008491 secs]
Application time: 0.0447144 seconds
[GC pause (G1 Evacuation Pause) (young) 110M->68M(128M), 0.0008409 secs]
Application time: 0.0431653 seconds
[GC pause (G1 Evacuation Pause) (young) (initial-mark) 110M->68M(128M), 0.0009673 secs]
[GC concurrent-root-region-scan-start]
[GC concurrent-root-region-scan-end, 0.0001589 secs]
[GC concurrent-mark-start]
[GC concurrent-mark-end, 0.0041500 secs]
Application time: 0.0043620 seconds
[GC remark, 0.0024200 secs]
Application time: 0.0000374 seconds
[GC cleanup 71M->71M(128M), 0.0001799 secs]
Application time: 0.0529845 seconds
[GC pause (G1 Evacuation Pause) (young) 110M->68M(128M), 0.0008439 secs]
Application time: 0.0813092 seconds
[GC pause (G1 Evacuation Pause) (young) 110M->68M(128M), 0.0007013 secs]
Application time: 0.1119048 seconds
[GC pause (G1 Evacuation Pause) (young) (initial-mark) 110M->68M(128M), 0.0010071 secs]
[GC concurrent-root-region-scan-start]
[GC concurrent-root-region-scan-end, 0.0002308 secs]
[GC concurrent-mark-start]
[GC concurrent-mark-end, 0.0044645 secs]
Application time: 0.0047428 seconds
[GC remark, 0.0024587 secs]
Application time: 0.0000371 seconds
[GC cleanup 71M->71M(128M), 0.0001764 secs]
Application time: 0.0515487 seconds
[GC pause (G1 Evacuation Pause) (young) 110M->68M(128M), 0.0008886 secs]
Application time: 0.0440674 seconds
[GC pause (G1 Evacuation Pause) (young) 110M->68M(128M), 0.0013684 secs]
Application time: 0.0430890 seconds
[GC pause (G1 Evacuation Pause) (young) (initial-mark) 110M->68M(128M), 0.0009548 secs]
[GC concurrent-root-region-scan-start]
[GC concurrent-root-region-scan-end, 0.0002324 secs]
[GC concurrent-mark-start]
[GC concurrent-mark-end, 0.0040068 secs]
Application time: 0.0055143 seconds
[GC remark, 0.0024911 secs]
Application time: 0.0000367 seconds
[GC cleanup 72M->72M(128M), 0.0001680 secs]
Application time: 0.0415482 seconds
[GC pause (G1 Evacuation Pause) (young) 110M->68M(128M), 0.0007339 secs]
Application time: 0.0433824 seconds
[GC pause (G1 Evacuation Pause) (young) 110M->68M(128M), 0.0007436 secs]
Application time: 0.0439826 seconds
[GC pause (G1 Evacuation Pause) (young) (initial-mark) 110M->68M(128M), 0.0008747 secs]
[GC concurrent-root-region-scan-start]
[GC concurrent-root-region-scan-end, 0.0001771 secs]
[GC concurrent-mark-start]
[GC concurrent-mark-end, 0.0041731 secs]
Application time: 0.0043987 seconds
[GC remark, 0.0023777 secs]
Application time: 0.0000381 seconds
[GC cleanup 71M->71M(128M), 0.0001662 secs]
Application time: 0.0422592 seconds
[GC pause (G1 Evacuation Pause) (young) 110M->68M(128M), 0.0008331 secs]
Application time: 0.0430773 seconds
[GC pause (G1 Evacuation Pause) (young) 110M->68M(128M), 0.0008276 secs]
Application time: 0.0619231 seconds
[GC pause (G1 Evacuation Pause) (young) (initial-mark) 110M->68M(128M), 0.0009873 secs]
[GC concurrent-root-region-scan-start]
[GC concurrent-root-region-scan-end, 0.0001884 secs]
[GC concurrent-mark-start]
[GC concurrent-mark-end, 0.0042033 secs]
Application time: 0.0044318 seconds
[GC remark, 0.0025354 secs]
Application time: 0.0000419 seconds
[GC cleanup 69M->69M(128M), 0.0001801 secs]
Application time: 0.1246605 seconds
[GC pause (G1 Evacuation Pause) (young) 110M->68M(128M), 0.0009187 secs]
Application time: 0.0664587 seconds
[GC pause (G1 Evacuation Pause) (young) 110M->68M(128M), 0.0008695 secs]
Application time: 0.0455202 seconds
[GC pause (G1 Evacuation Pause) (young) (initial-mark) 110M->68M(128M), 0.0009894 secs]
[GC concurrent-root-region-scan-start]
[GC concurrent-root-region-scan-end, 0.0001805 secs]
[GC concurrent-mark-start]
[GC concurrent-mark-end, 0.0041907 secs]
Application time: 0.0044228 seconds
[GC remark, 0.0026428 secs]
Application time: 0.0002083 seconds
[GC cleanup 70M->70M(128M), 0.0002007 secs]
Application time: 0.0429778 seconds
[GC pause (G1 Evacuation Pause) (young) 110M->68M(128M), 0.0009041 secs]
Application time: 0.0445047 seconds
[GC pause (G1 Evacuation Pause) (young) 110M->68M(128M), 0.0008254 secs]
Application time: 0.0480074 seconds
[GC pause (G1 Evacuation Pause) (young) (initial-mark) 110M->68M(128M), 0.0009276 secs]
[GC concurrent-root-region-scan-start]
[GC concurrent-root-region-scan-end, 0.0001811 secs]
[GC concurrent-mark-start]
[GC concurrent-mark-end, 0.0041662 secs]
Application time: 0.0043924 seconds
[GC remark, 0.0037380 secs]
Application time: 0.0000279 seconds
[GC cleanup 70M->70M(128M), 0.0001955 secs]
Application time: 0.0427231 seconds
[GC pause (G1 Evacuation Pause) (young) 110M->68M(128M), 0.0008393 secs]
Application time: 0.0449513 seconds
[GC pause (G1 Evacuation Pause) (young) 110M->68M(128M), 0.0009083 secs]
Application time: 0.0490228 seconds
[GC pause (G1 Evacuation Pause) (young) (initial-mark) 110M->68M(128M), 0.0022066 secs]
[GC concurrent-root-region-scan-start]
[GC concurrent-root-region-scan-end, 0.0001642 secs]
[GC concurrent-mark-start]
[GC concurrent-mark-end, 0.0041715 secs]
Application time: 0.0043885 seconds
[GC remark, 0.0027632 secs]
Application time: 0.0000286 seconds
[GC cleanup 71M->71M(128M), 0.0001806 secs]
Application time: 0.0556092 seconds
[GC pause (G1 Evacuation Pause) (young) 110M->68M(128M), 0.0008530 secs]
Application time: 0.1071376 seconds
[GC pause (G1 Evacuation Pause) (young) 110M->68M(128M), 0.0008645 secs]
Application time: 0.0829830 seconds
[GC pause (G1 Evacuation Pause) (young) (initial-mark) 110M->68M(128M), 0.0010874 secs]
[GC concurrent-root-region-scan-start]
[GC concurrent-root-region-scan-end, 0.0002139 secs]
[GC concurrent-mark-start]
[GC concurrent-mark-end, 0.0040752 secs]
Application time: 0.0043518 seconds
[GC remark, 0.0024955 secs]
Application time: 0.0000312 seconds
[GC cleanup 71M->71M(128M), 0.0001719 secs]
Application time: 0.0512984 seconds
[GC pause (G1 Evacuation Pause) (young) 110M->68M(128M), 0.0008809 secs]
Application time: 0.0481001 seconds
[GC pause (G1 Evacuation Pause) (young) 110M->68M(128M), 0.0009124 secs]
Application time: 0.0440829 seconds
[GC pause (G1 Evacuation Pause) (young) (initial-mark) 110M->69M(128M), 0.0010279 secs]
[GC concurrent-root-region-scan-start]
[GC concurrent-root-region-scan-end, 0.0002044 secs]
[GC concurrent-mark-start]
[GC concurrent-mark-end, 0.0041327 secs]
Application time: 0.0043888 seconds
[GC remark, 0.0025670 secs]
Application time: 0.0000282 seconds
[GC cleanup 71M->71M(128M), 0.0001744 secs]
Application time: 0.0453193 seconds
[GC pause (G1 Evacuation Pause) (young) 111M->68M(128M), 0.0007634 secs]
Application time: 0.0430332 seconds
[GC pause (G1 Evacuation Pause) (young) 110M->68M(128M), 0.0007902 secs]
Application time: 0.0450227 seconds
[GC pause (G1 Evacuation Pause) (young) (initial-mark) 110M->68M(128M), 0.0009032 secs]
[GC concurrent-root-region-scan-start]
[GC concurrent-root-region-scan-end, 0.0001599 secs]
[GC concurrent-mark-start]
[GC concurrent-mark-end, 0.0041865 secs]
Application time: 0.0043987 seconds
[GC remark, 0.0037892 secs]
Application time: 0.0000269 seconds
[GC cleanup 71M->71M(128M), 0.0001827 secs]
Application time: 0.0429903 seconds
[GC pause (G1 Evacuation Pause) (young) 110M->68M(128M), 0.0009827 secs]
Application time: 0.0513966 seconds
[GC pause (G1 Evacuation Pause) (young) 110M->68M(128M), 0.0007895 secs]
Application time: 0.0802035 seconds
[GC pause (G1 Evacuation Pause) (young) (initial-mark) 110M->68M(128M), 0.0008299 secs]
[GC concurrent-root-region-scan-start]
[GC concurrent-root-region-scan-end, 0.0001199 secs]
[GC concurrent-mark-start]
[GC concurrent-mark-end, 0.0044136 secs]
Application time: 0.0045364 seconds
[GC remark, 0.0025154 secs]
Application time: 0.0000392 seconds
[GC cleanup 70M->70M(128M), 0.0001781 secs]
Application time: 0.1092593 seconds
[GC pause (G1 Evacuation Pause) (young) 110M->68M(128M), 0.0007993 secs]
Application time: 0.0561714 seconds
[GC pause (G1 Evacuation Pause) (young) 110M->68M(128M), 0.0007886 secs]
Application time: 0.0456059 seconds
[GC pause (G1 Evacuation Pause) (young) (initial-mark) 110M->68M(128M), 0.0010045 secs]
[GC concurrent-root-region-scan-start]
[GC concurrent-root-region-scan-end, 0.0001794 secs]
[GC concurrent-mark-start]
[GC concurrent-mark-end, 0.0041567 secs]
Application time: 0.0043403 seconds
[GC remark, 0.0025543 secs]
Application time: 0.0000307 seconds
[GC cleanup 70M->70M(128M), 0.0001950 secs]
Application time: 0.0434892 seconds
[GC pause (G1 Evacuation Pause) (young) 110M->68M(128M), 0.0009054 secs]
Application time: 0.0449270 seconds
[GC pause (G1 Evacuation Pause) (young) 110M->68M(128M), 0.0007917 secs]
Application time: 0.0444332 seconds
[GC pause (G1 Evacuation Pause) (young) (initial-mark) 110M->68M(128M), 0.0009361 secs]
[GC concurrent-root-region-scan-start]
[GC concurrent-root-region-scan-end, 0.0001764 secs]
[GC concurrent-mark-start]
[GC concurrent-mark-end, 0.0042809 secs]
Application time: 0.0044560 seconds
[GC remark, 0.0025578 secs]
Application time: 0.0014934 seconds
[GC cleanup 71M->71M(128M), 0.0001813 secs]
Application time: 0.0422250 seconds
[GC pause (G1 Evacuation Pause) (young) 110M->68M(128M), 0.0009007 secs]
Application time: 0.0458911 seconds
[GC pause (G1 Evacuation Pause) (young) 110M->68M(128M), 0.0007901 secs]
Application time: 0.0452609 seconds
[GC pause (G1 Evacuation Pause) (young) (initial-mark) 110M->68M(128M), 0.0010504 secs]
[GC concurrent-root-region-scan-start]
[GC concurrent-root-region-scan-end, 0.0002098 secs]
[GC concurrent-mark-start]
[GC concurrent-mark-end, 0.0043203 secs]
Application time: 0.0045703 seconds
[GC remark, 0.0024061 secs]
Application time: 0.0000386 seconds
[GC cleanup 71M->71M(128M), 0.0002300 secs]
Application time: 0.0554645 seconds
[GC pause (G1 Evacuation Pause) (young) 110M->68M(128M), 0.0007571 secs]
Application time: 0.1330755 seconds
[GC pause (G1 Evacuation Pause) (young) 110M->68M(128M), 0.0009363 secs]
Application time: 0.0610442 seconds
[GC pause (G1 Evacuation Pause) (young) (initial-mark) 110M->69M(128M), 0.0010067 secs]
[GC concurrent-root-region-scan-start]
[GC concurrent-root-region-scan-end, 0.0002247 secs]
[GC concurrent-mark-start]
[GC concurrent-mark-end, 0.0045456 secs]
Application time: 0.0059641 seconds
[GC remark, 0.0023757 secs]
Application time: 0.0000395 seconds
[GC cleanup 72M->72M(128M), 0.0001810 secs]
Application time: 0.0409591 seconds
[GC pause (G1 Evacuation Pause) (young) 111M->69M(128M), 0.0008451 secs]
Application time: 0.0442887 seconds
[GC pause (G1 Evacuation Pause) (young) 111M->69M(128M), 0.0008774 secs]
Application time: 0.0568062 seconds
[GC pause (G1 Evacuation Pause) (young) (initial-mark) 111M->68M(128M), 0.0009183 secs]
[GC concurrent-root-region-scan-start]
[GC concurrent-root-region-scan-end, 0.0001902 secs]
[GC concurrent-mark-start]
[GC concurrent-mark-end, 0.0040316 secs]
Application time: 0.0042672 seconds
[GC remark, 0.0034039 secs]
Application time: 0.0000415 seconds
[GC cleanup 70M->70M(128M), 0.0002868 secs]
Application time: 0.0422157 seconds
[GC pause (G1 Evacuation Pause) (young) 110M->69M(128M), 0.0008217 secs]
Application time: 0.0510936 seconds
[GC pause (G1 Evacuation Pause) (young) 111M->68M(128M), 0.0008306 secs]
Application time: 0.0454634 seconds
[GC pause (G1 Evacuation Pause) (young) (initial-mark) 110M->69M(128M), 0.0010048 secs]
[GC concurrent-root-region-scan-start]
[GC concurrent-root-region-scan-end, 0.0001858 secs]
[GC concurrent-mark-start]
[GC concurrent-mark-end, 0.0042296 secs]
Application time: 0.0044580 seconds
[GC remark, 0.0024881 secs]
Application time: 0.0000445 seconds
[GC cleanup 70M->70M(128M), 0.0001784 secs]
Application time: 0.0458654 seconds
[GC pause (G1 Evacuation Pause) (young) 111M->69M(128M), 0.0010283 secs]
Application time: 0.0515859 seconds
[GC pause (G1 Evacuation Pause) (young) 111M->69M(128M), 0.0008829 secs]
Application time: 0.1094058 seconds
[GC pause (G1 Evacuation Pause) (young) (initial-mark) 111M->68M(128M), 0.0008915 secs]
[GC concurrent-root-region-scan-start]
[GC concurrent-root-region-scan-end, 0.0001653 secs]
[GC concurrent-mark-start]
[GC concurrent-mark-end, 0.0040115 secs]
Application time: 0.0042205 seconds
[GC remark, 0.0027135 secs]
Application time: 0.0000477 seconds
[GC cleanup 69M->69M(128M), 0.0001743 secs]
Application time: 0.0883785 seconds
[GC pause (G1 Evacuation Pause) (young) 110M->68M(128M), 0.0008558 secs]
Application time: 0.0442429 seconds
[GC pause (G1 Evacuation Pause) (young) 110M->69M(128M), 0.0010341 secs]
Application time: 0.0442203 seconds
[GC pause (G1 Evacuation Pause) (young) (initial-mark) 111M->69M(128M), 0.0010160 secs]
[GC concurrent-root-region-scan-start]
[GC concurrent-root-region-scan-end, 0.0002233 secs]
[GC concurrent-mark-start]
[GC concurrent-mark-end, 0.0042496 secs]
Application time: 0.0045388 seconds
[GC remark, 0.0025669 secs]
Application time: 0.0000350 seconds
[GC cleanup 70M->70M(128M), 0.0001690 secs]
Application time: 0.0428460 seconds
[GC pause (G1 Evacuation Pause) (young) 111M->69M(128M), 0.0008460 secs]
Application time: 0.0438545 seconds
[GC pause (G1 Evacuation Pause) (young) 111M->69M(128M), 0.0014704 secs]
Application time: 0.0436141 seconds
[GC pause (G1 Evacuation Pause) (young) (initial-mark) 111M->69M(128M), 0.0015117 secs]
[GC concurrent-root-region-scan-start]
[GC concurrent-root-region-scan-end, 0.0001645 secs]
[GC concurrent-mark-start]
[GC concurrent-mark-end, 0.0041046 secs]
Application time: 0.0043279 seconds
[GC remark, 0.0025671 secs]
Application time: 0.0000279 seconds
[GC cleanup 71M->71M(128M), 0.0001767 secs]
Application time: 0.0419085 seconds
[GC pause (G1 Evacuation Pause) (young) 111M->68M(128M), 0.0007656 secs]
Application time: 0.0430198 seconds
[GC pause (G1 Evacuation Pause) (young) 110M->69M(128M), 0.0009387 secs]
Application time: 0.0433925 seconds
[GC pause (G1 Evacuation Pause) (young) (initial-mark) 111M->68M(128M), 0.0009162 secs]
[GC concurrent-root-region-scan-start]
[GC concurrent-root-region-scan-end, 0.0001224 secs]
[GC concurrent-mark-start]
[GC concurrent-mark-end, 0.0039568 secs]
Application time: 0.0041350 seconds
[GC remark, 0.0029873 secs]
Application time: 0.0000415 seconds
[GC cleanup 71M->71M(128M), 0.0002490 secs]
Application time: 0.0774872 seconds
[GC pause (G1 Evacuation Pause) (young) 110M->68M(128M), 0.0007278 secs]
Application time: 0.1181043 seconds
[GC pause (G1 Evacuation Pause) (young) 110M->68M(128M), 0.0007950 secs]
Application time: 0.0505279 seconds
[GC pause (G1 Evacuation Pause) (young) (initial-mark) 110M->68M(128M), 0.0009730 secs]
[GC concurrent-root-region-scan-start]
[GC concurrent-root-region-scan-end, 0.0001801 secs]
[GC concurrent-mark-start]
[GC concurrent-mark-end, 0.0039885 secs]
Application time: 0.0056017 seconds
[GC remark, 0.0024575 secs]
Application time: 0.0000430 seconds
[GC cleanup 71M->71M(128M), 0.0001812 secs]
Application time: 0.0419412 seconds
[GC pause (G1 Evacuation Pause) (young) 110M->68M(128M), 0.0008262 secs]
Application time: 0.0440252 seconds
[GC pause (G1 Evacuation Pause) (young) 110M->68M(128M), 0.0016674 secs]
Application time: 0.0431628 seconds
[GC pause (G1 Evacuation Pause) (young) (initial-mark) 110M->69M(128M), 0.0010162 secs]
[GC concurrent-root-region-scan-start]
[GC concurrent-root-region-scan-end, 0.0002353 secs]
[GC concurrent-mark-start]
[GC concurrent-mark-end, 0.0041289 secs]
Application time: 0.0057914 seconds
[GC remark, 0.0025147 secs]
Application time: 0.0000420 seconds
[GC cleanup 72M->72M(128M), 0.0002313 secs]
Application time: 0.0406995 seconds
[GC pause (G1 Evacuation Pause) (young) 111M->68M(128M), 0.0009048 secs]
Application time: 0.0450222 seconds
[GC pause (G1 Evacuation Pause) (young) 110M->69M(128M), 0.0008877 secs]
Application time: 0.0460706 seconds
[GC pause (G1 Evacuation Pause) (young) (initial-mark) 111M->69M(128M), 0.0009692 secs]
[GC concurrent-root-region-scan-start]
[GC concurrent-root-region-scan-end, 0.0002435 secs]
[GC concurrent-mark-start]
[GC concurrent-mark-end, 0.0041477 secs]
Application time: 0.0044318 seconds
[GC remark, 0.0025680 secs]
Application time: 0.0000487 seconds
[GC cleanup 70M->70M(128M), 0.0001917 secs]
Application time: 0.0431906 seconds
[GC pause (G1 Evacuation Pause) (young) 111M->69M(128M), 0.0009014 secs]
Application time: 0.0540834 seconds
[GC pause (G1 Evacuation Pause) (young) 111M->68M(128M), 0.0007917 secs]
Application time: 0.1295980 seconds
[GC pause (G1 Evacuation Pause) (young) (initial-mark) 110M->68M(128M), 0.0008611 secs]
[GC concurrent-root-region-scan-start]
[GC concurrent-root-region-scan-end, 0.0001404 secs]
[GC concurrent-mark-start]
[GC concurrent-mark-end, 0.0040292 secs]
Application time: 0.0042380 seconds
[GC remark, 0.0025835 secs]
Application time: 0.0000278 seconds
[GC cleanup 69M->69M(128M), 0.0001777 secs]
Application time: 0.0561980 seconds
[GC pause (G1 Evacuation Pause) (young) 110M->69M(128M), 0.0008968 secs]
Application time: 0.0426616 seconds
[GC pause (G1 Evacuation Pause) (young) 111M->69M(128M), 0.0009023 secs]
Application time: 0.0425266 seconds
[GC pause (G1 Evacuation Pause) (young) (initial-mark) 111M->69M(128M), 0.0009384 secs]
[GC concurrent-root-region-scan-start]
[GC concurrent-root-region-scan-end, 0.0002031 secs]
[GC concurrent-mark-start]
[GC concurrent-mark-end, 0.0041179 secs]
Application time: 0.0043299 seconds
[GC remark, 0.0024421 secs]
Application time: 0.0000300 seconds
[GC cleanup 69M->69M(128M), 0.0001712 secs]
Application time: 0.0429150 seconds
[GC pause (G1 Evacuation Pause) (young) 111M->69M(128M), 0.0011514 secs]
Application time: 0.0427344 seconds
[GC pause (G1 Evacuation Pause) (young) 111M->69M(128M), 0.0008291 secs]
Application time: 0.0444513 seconds
[GC pause (G1 Evacuation Pause) (young) (initial-mark) 111M->69M(128M), 0.0009835 secs]
[GC concurrent-root-region-scan-start]
[GC concurrent-root-region-scan-end, 0.0002159 secs]
[GC concurrent-mark-start]
[GC concurrent-mark-end, 0.0042677 secs]
Application time: 0.0045517 seconds
[GC remark, 0.0026360 secs]
Application time: 0.0000330 seconds
[GC cleanup 71M->71M(128M), 0.0001787 secs]
Application time: 0.0432704 seconds
[GC pause (G1 Evacuation Pause) (young) 111M->69M(128M), 0.0009053 secs]
Application time: 0.0496608 seconds
[GC pause (G1 Evacuation Pause) (young) 111M->69M(128M), 0.0009919 secs]
Application time: 0.0480708 seconds
[GC pause (G1 Evacuation Pause) (young) (initial-mark) 111M->69M(128M), 0.0009926 secs]
[GC concurrent-root-region-scan-start]
[GC concurrent-root-region-scan-end, 0.0001707 secs]
[GC concurrent-mark-start]
[GC concurrent-mark-end, 0.0043789 secs]
Application time: 0.0046018 seconds
[GC remark, 0.0030204 secs]
Application time: 0.0000425 seconds
[GC cleanup 71M->71M(128M), 0.0001959 secs]
Application time: 0.1116890 seconds
[GC pause (G1 Evacuation Pause) (young) 111M->69M(128M), 0.0008617 secs]
Application time: 0.0948064 seconds
[GC pause (G1 Evacuation Pause) (young) 111M->69M(128M), 0.0008651 secs]
Application time: 0.0523356 seconds
[GC pause (G1 Evacuation Pause) (young) (initial-mark) 111M->69M(128M), 0.0010344 secs]
[GC concurrent-root-region-scan-start]
[GC concurrent-root-region-scan-end, 0.0002008 secs]
[GC concurrent-mark-start]
[GC concurrent-mark-end, 0.0041152 secs]
Application time: 0.0043621 seconds
[GC remark, 0.0024498 secs]
Application time: 0.0000413 seconds
[GC cleanup 71M->71M(128M), 0.0001854 secs]
Application time: 0.0508705 seconds
[GC pause (G1 Evacuation Pause) (young) 111M->69M(128M), 0.0008331 secs]
Application time: 0.0445774 seconds
[GC pause (G1 Evacuation Pause) (young) 111M->69M(128M), 0.0009298 secs]
Application time: 0.0436914 seconds
[GC pause (G1 Evacuation Pause) (young) (initial-mark) 111M->69M(128M), 0.0009220 secs]
[GC concurrent-root-region-scan-start]
[GC concurrent-root-region-scan-end, 0.0001824 secs]
[GC concurrent-mark-start]
[GC concurrent-mark-end, 0.0041114 secs]
Application time: 0.0043369 seconds
[GC remark, 0.0024883 secs]
Application time: 0.0000395 seconds
[GC cleanup 71M->71M(128M), 0.0001777 secs]
Application time: 0.0422333 seconds
[GC pause (G1 Evacuation Pause) (young) 111M->69M(128M), 0.0009033 secs]
Application time: 0.0434815 seconds
[GC pause (G1 Evacuation Pause) (young) 111M->69M(128M), 0.0007731 secs]
Application time: 0.0433643 seconds
[GC pause (G1 Evacuation Pause) (young) (initial-mark) 111M->69M(128M), 0.0009881 secs]
[GC concurrent-root-region-scan-start]
[GC concurrent-root-region-scan-end, 0.0001989 secs]
[GC concurrent-mark-start]
[GC concurrent-mark-end, 0.0041633 secs]
Application time: 0.0057488 seconds
[GC remark, 0.0026280 secs]
Application time: 0.0000506 seconds
[GC cleanup 72M->72M(128M), 0.0001898 secs]
Application time: 0.0410770 seconds
[GC pause (G1 Evacuation Pause) (young) 111M->69M(128M), 0.0009667 secs]
Application time: 0.0820627 seconds
[GC pause (G1 Evacuation Pause) (young) 111M->69M(128M), 0.0007214 secs]
Application time: 0.1219794 seconds
[GC pause (G1 Evacuation Pause) (young) (initial-mark) 111M->69M(128M), 0.0009331 secs]
[GC concurrent-root-region-scan-start]
[GC concurrent-root-region-scan-end, 0.0001753 secs]
[GC concurrent-mark-start]
[GC concurrent-mark-end, 0.0041476 secs]
Application time: 0.0064034 seconds
[GC remark, 0.0024810 secs]
Application time: 0.0000458 seconds
[GC cleanup 72M->72M(128M), 0.0001775 secs]
Application time: 0.0416342 seconds
[GC pause (G1 Evacuation Pause) (young) 111M->69M(128M), 0.0008509 secs]
Application time: 0.0450564 seconds
[GC pause (G1 Evacuation Pause) (young) 111M->69M(128M), 0.0009449 secs]
Application time: 0.0455302 seconds
[GC pause (G1 Evacuation Pause) (young) (initial-mark) 111M->69M(128M), 0.0010837 secs]
[GC concurrent-root-region-scan-start]
[GC concurrent-root-region-scan-end, 0.0001895 secs]
[GC concurrent-mark-start]
[GC concurrent-mark-end, 0.0041496 secs]
Application time: 0.0057493 seconds
[GC remark, 0.0024780 secs]
Application time: 0.0000460 seconds
[GC cleanup 72M->72M(128M), 0.0002299 secs]
Application time: 0.0411345 seconds
[GC pause (G1 Evacuation Pause) (young) 111M->69M(128M), 0.0007957 secs]
Application time: 0.0446551 seconds
[GC pause (G1 Evacuation Pause) (young) 111M->69M(128M), 0.0008769 secs]
Application time: 0.0445325 seconds
[GC pause (G1 Evacuation Pause) (young) (initial-mark) 111M->69M(128M), 0.0009611 secs]
[GC concurrent-root-region-scan-start]
[GC concurrent-root-region-scan-end, 0.0001863 secs]
[GC concurrent-mark-start]
[GC concurrent-mark-end, 0.0040393 secs]
Application time: 0.0055944 seconds
[GC remark, 0.0024382 secs]
Application time: 0.0000428 seconds
[GC cleanup 72M->72M(128M), 0.0002088 secs]
Application time: 0.0420111 seconds
[GC pause (G1 Evacuation Pause) (young) 111M->69M(128M), 0.0008993 secs]
Application time: 0.0444852 seconds
[GC pause (G1 Evacuation Pause) (young) 111M->69M(128M), 0.0008747 secs]
Application time: 0.0525593 seconds
[GC pause (G1 Evacuation Pause) (young) (initial-mark) 111M->69M(128M), 0.0013551 secs]
[GC concurrent-root-region-scan-start]
[GC concurrent-root-region-scan-end, 0.0002572 secs]
[GC concurrent-mark-start]
[GC concurrent-mark-end, 0.0039928 secs]
Application time: 0.0043033 seconds
[GC remark, 0.0031683 secs]
Application time: 0.0000700 seconds
[GC cleanup 70M->70M(128M), 0.0002731 secs]
Application time: 0.1404355 seconds
[GC pause (G1 Evacuation Pause) (young) 111M->69M(128M), 0.0011581 secs]
Application time: 0.0682850 seconds
[GC pause (G1 Evacuation Pause) (young) 111M->69M(128M), 0.0012325 secs]
Application time: 0.0464889 seconds
[GC pause (G1 Evacuation Pause) (young) (initial-mark) 111M->69M(128M), 0.0012331 secs]
[GC concurrent-root-region-scan-start]
[GC concurrent-root-region-scan-end, 0.0002721 secs]
[GC concurrent-mark-start]
[GC concurrent-mark-end, 0.0040626 secs]
Application time: 0.0044019 seconds
[GC remark, 0.0031434 secs]
Application time: 0.0000487 seconds
[GC cleanup 71M->71M(128M), 0.0002409 secs]
Application time: 0.0451255 seconds
[GC pause (G1 Evacuation Pause) (young) 111M->69M(128M), 0.0013239 secs]
Application time: 0.0444485 seconds
[GC pause (G1 Evacuation Pause) (young) 111M->69M(128M), 0.0010722 secs]
Application time: 0.0441013 seconds
[GC pause (G1 Evacuation Pause) (young) (initial-mark) 111M->69M(128M), 0.0012395 secs]
[GC concurrent-root-region-scan-start]
[GC concurrent-root-region-scan-end, 0.0002730 secs]
[GC concurrent-mark-start]
[GC concurrent-mark-end, 0.0041808 secs]
Application time: 0.0045178 seconds
[GC remark, 0.0030355 secs]
Application time: 0.0000441 seconds
[GC cleanup 71M->71M(128M), 0.0002239 secs]
Application time: 0.0434230 seconds
[GC pause (G1 Evacuation Pause) (young) 111M->69M(128M), 0.0011431 secs]
Application time: 0.0443024 seconds
[GC pause (G1 Evacuation Pause) (young) 111M->69M(128M), 0.0011961 secs]
Application time: 0.0441012 seconds
[GC pause (G1 Evacuation Pause) (young) (initial-mark) 111M->69M(128M), 0.0013113 secs]
[GC concurrent-root-region-scan-start]
[GC concurrent-root-region-scan-end, 0.0003251 secs]
[GC concurrent-mark-start]
[GC concurrent-mark-end, 0.0044236 secs]
Application time: 0.0048036 seconds
[GC remark, 0.0036261 secs]
Application time: 0.0000455 seconds
[GC cleanup 71M->71M(128M), 0.0002760 secs]
Application time: 0.0424562 seconds
[GC pause (G1 Evacuation Pause) (young) 111M->69M(128M), 0.0023562 secs]
Application time: 0.1154900 seconds
[GC pause (G1 Evacuation Pause) (young) 111M->69M(128M), 0.0011017 secs]
Application time: 0.0904727 seconds
[GC pause (G1 Evacuation Pause) (young) (initial-mark) 111M->69M(128M), 0.0012819 secs]
[GC concurrent-root-region-scan-start]
[GC concurrent-root-region-scan-end, 0.0002857 secs]
[GC concurrent-mark-start]
[GC concurrent-mark-end, 0.0041981 secs]
Application time: 0.0056502 seconds
[GC remark, 0.0033455 secs]
Application time: 0.0000454 seconds
[GC cleanup 70M->70M(128M), 0.0003261 secs]
Application time: 0.0429610 seconds
[GC pause (G1 Evacuation Pause) (young) 111M->69M(128M), 0.0010649 secs]
Application time: 0.0441079 seconds
[GC pause (G1 Evacuation Pause) (young) 111M->69M(128M), 0.0010431 secs]
Application time: 0.0427469 seconds
[GC pause (G1 Evacuation Pause) (young) (initial-mark) 111M->69M(128M), 0.0011670 secs]
[GC concurrent-root-region-scan-start]
[GC concurrent-root-region-scan-end, 0.0001723 secs]
[GC concurrent-mark-start]
[GC concurrent-mark-end, 0.0038728 secs]
Application time: 0.0041018 seconds
[GC remark, 0.0032994 secs]
Application time: 0.0004886 seconds
[GC cleanup 71M->71M(128M), 0.0003431 secs]
Application time: 0.0406396 seconds
[GC pause (G1 Evacuation Pause) (young) 111M->69M(128M), 0.0011540 secs]
Application time: 0.0552887 seconds
[GC pause (G1 Evacuation Pause) (young) 111M->69M(128M), 0.0010650 secs]
Application time: 0.0435774 seconds
[GC pause (G1 Evacuation Pause) (young) (initial-mark) 111M->69M(128M), 0.0011684 secs]
[GC concurrent-root-region-scan-start]
[GC concurrent-root-region-scan-end, 0.0001833 secs]
[GC concurrent-mark-start]
[GC concurrent-mark-end, 0.0042828 secs]
Application time: 0.0045196 seconds
[GC remark, 0.0034076 secs]
Application time: 0.0000478 seconds
[GC cleanup 71M->71M(128M), 0.0002298 secs]
Application time: 0.0512863 seconds
[GC pause (G1 Evacuation Pause) (young) 111M->69M(128M), 0.0012263 secs]
Application time: 0.0442287 seconds
[GC pause (G1 Evacuation Pause) (young) 111M->69M(128M), 0.0011494 secs]
Application time: 0.0894060 seconds
[GC pause (G1 Evacuation Pause) (young) (initial-mark) 111M->69M(128M), 0.0012277 secs]
[GC concurrent-root-region-scan-start]
[GC concurrent-root-region-scan-end, 0.0002287 secs]
[GC concurrent-mark-start]
[GC concurrent-mark-end, 0.0039711 secs]
Application time: 0.0042686 seconds
[GC remark, 0.0031636 secs]
Application time: 0.0000500 seconds
[GC cleanup 69M->69M(128M), 0.0003027 secs]
Application time: 0.1281629 seconds
[GC pause (G1 Evacuation Pause) (young) 111M->69M(128M), 0.0012621 secs]
Application time: 0.0550194 seconds
[GC pause (G1 Evacuation Pause) (young) 111M->69M(128M), 0.0011969 secs]
Application time: 0.0442715 seconds
[GC pause (G1 Evacuation Pause) (young) (initial-mark) 111M->69M(128M), 0.0012840 secs]
[GC concurrent-root-region-scan-start]
[GC concurrent-root-region-scan-end, 0.0002389 secs]
[GC concurrent-mark-start]
[GC concurrent-mark-end, 0.0043493 secs]
Application time: 0.0045914 seconds
[GC remark, 0.0034563 secs]
Application time: 0.0000356 seconds
[GC cleanup 71M->71M(128M), 0.0002439 secs]
Application time: 0.0421329 seconds
[GC pause (G1 Evacuation Pause) (young) 111M->69M(128M), 0.0011269 secs]
Application time: 0.0436886 seconds
[GC pause (G1 Evacuation Pause) (young) 111M->69M(128M), 0.0011031 secs]
Application time: 0.0437599 seconds
[GC pause (G1 Evacuation Pause) (young) (initial-mark) 111M->69M(128M), 0.0011648 secs]
[GC concurrent-root-region-scan-start]
[GC concurrent-root-region-scan-end, 0.0002564 secs]
[GC concurrent-mark-start]
[GC concurrent-mark-end, 0.0042691 secs]
Application time: 0.0046058 seconds
[GC remark, 0.0032561 secs]
Application time: 0.0000309 seconds
[GC cleanup 70M->70M(128M), 0.0002479 secs]
Application time: 0.0428151 seconds
[GC pause (G1 Evacuation Pause) (young) 111M->69M(128M), 0.0011443 secs]
Application time: 0.0433956 seconds
[GC pause (G1 Evacuation Pause) (young) 111M->69M(128M), 0.0011552 secs]
Application time: 0.0427995 seconds
[GC pause (G1 Evacuation Pause) (young) (initial-mark) 111M->69M(128M), 0.0012417 secs]
[GC concurrent-root-region-scan-start]
[GC concurrent-root-region-scan-end, 0.0002942 secs]
[GC concurrent-mark-start]
[GC concurrent-mark-end, 0.0039021 secs]
Application time: 0.0042785 seconds
[GC remark, 0.0030594 secs]
Application time: 0.0000287 seconds
[GC cleanup 69M->69M(128M), 0.0002247 secs]
Application time: 0.0574699 seconds
[GC pause (G1 Evacuation Pause) (young) 111M->69M(128M), 0.0010992 secs]
Application time: 0.1318043 seconds
[GC pause (G1 Evacuation Pause) (young) 111M->69M(128M), 0.0011050 secs]
Application time: 0.0580801 seconds
[GC pause (G1 Evacuation Pause) (young) (initial-mark) 111M->69M(128M), 0.0011895 secs]
[GC concurrent-root-region-scan-start]
[GC concurrent-root-region-scan-end, 0.0001891 secs]
[GC concurrent-mark-start]
[GC concurrent-mark-end, 0.0039721 secs]
Application time: 0.0042481 seconds
[GC remark, 0.0030734 secs]
Application time: 0.0000308 seconds
[GC cleanup 70M->70M(128M), 0.0002128 secs]
Application time: 0.0458939 seconds
[GC pause (G1 Evacuation Pause) (young) 111M->69M(128M), 0.0011402 secs]
Application time: 0.0462823 seconds
[GC pause (G1 Evacuation Pause) (young) 111M->69M(128M), 0.0011561 secs]
Application time: 0.0461536 seconds
[GC pause (G1 Evacuation Pause) (young) (initial-mark) 111M->69M(128M), 0.0012791 secs]
[GC concurrent-root-region-scan-start]
[GC concurrent-root-region-scan-end, 0.0003384 secs]
[GC concurrent-mark-start]
[GC concurrent-mark-end, 0.0041509 secs]
Application time: 0.0045585 seconds
[GC remark, 0.0030696 secs]
Application time: 0.0000362 seconds
[GC cleanup 71M->71M(128M), 0.0002016 secs]
Application time: 0.0429627 seconds
[GC pause (G1 Evacuation Pause) (young) 111M->69M(128M), 0.0010838 secs]
Application time: 0.0461888 seconds
[GC pause (G1 Evacuation Pause) (young) 111M->69M(128M), 0.0008728 secs]
Application time: 0.0467411 seconds
[GC pause (G1 Evacuation Pause) (young) (initial-mark) 111M->69M(128M), 0.0010514 secs]
[GC concurrent-root-region-scan-start]
[GC concurrent-root-region-scan-end, 0.0002423 secs]
[GC concurrent-mark-start]
[GC concurrent-mark-end, 0.0040725 secs]
Application time: 0.0043666 seconds
[GC remark, 0.0025305 secs]
Application time: 0.0000286 seconds
[GC cleanup 71M->71M(128M), 0.0001705 secs]
Application time: 0.0445532 seconds
[GC pause (G1 Evacuation Pause) (young) 111M->69M(128M), 0.0008564 secs]
Application time: 0.0482284 seconds
[GC pause (G1 Evacuation Pause) (young) 111M->69M(128M), 0.0008651 secs]
Application time: 0.1092661 seconds
[GC pause (G1 Evacuation Pause) (young) (initial-mark) 111M->69M(128M), 0.0008671 secs]
[GC concurrent-root-region-scan-start]
[GC concurrent-root-region-scan-end, 0.0001328 secs]
[GC concurrent-mark-start]
[GC concurrent-mark-end, 0.0046543 secs]
Application time: 0.0048503 seconds
[GC remark, 0.0025457 secs]
Application time: 0.0000309 seconds
[GC cleanup 69M->69M(128M), 0.0001816 secs]
Application time: 0.1016378 seconds
[GC pause (G1 Evacuation Pause) (young) 111M->69M(128M), 0.0008838 secs]
Application time: 0.0451595 seconds
[GC pause (G1 Evacuation Pause) (young) 111M->69M(128M), 0.0008595 secs]
Application time: 0.0551572 seconds
[GC pause (G1 Evacuation Pause) (young) (initial-mark) 111M->69M(128M), 0.0009691 secs]
[GC concurrent-root-region-scan-start]
[GC concurrent-root-region-scan-end, 0.0001504 secs]
[GC concurrent-mark-start]
[GC concurrent-mark-end, 0.0040153 secs]
Application time: 0.0065770 seconds
[GC remark, 0.0024457 secs]
Application time: 0.0000352 seconds
[GC cleanup 70M->70M(128M), 0.0001621 secs]
Application time: 0.0458624 seconds
[GC pause (G1 Evacuation Pause) (young) 111M->69M(128M), 0.0008325 secs]
Application time: 0.0451635 seconds
[GC pause (G1 Evacuation Pause) (young) 111M->69M(128M), 0.0008810 secs]
Application time: 0.0450846 seconds
[GC pause (G1 Evacuation Pause) (young) (initial-mark) 111M->69M(128M), 0.0008847 secs]
[GC concurrent-root-region-scan-start]
[GC concurrent-root-region-scan-end, 0.0002064 secs]
[GC concurrent-mark-start]
[GC concurrent-mark-end, 0.0040140 secs]
Application time: 0.0042865 seconds
[GC remark, 0.0024985 secs]
Application time: 0.0000380 seconds
[GC cleanup 69M->69M(128M), 0.0001641 secs]
Application time: 0.0447439 seconds
[GC pause (G1 Evacuation Pause) (young) 111M->69M(128M), 0.0008970 secs]
Application time: 0.0447596 seconds
[GC pause (G1 Evacuation Pause) (young) 111M->69M(128M), 0.0009331 secs]
Application time: 0.0447247 seconds
[GC pause (G1 Evacuation Pause) (young) (initial-mark) 111M->69M(128M), 0.0008979 secs]
[GC concurrent-root-region-scan-start]
[GC concurrent-root-region-scan-end, 0.0001811 secs]
[GC concurrent-mark-start]
[GC concurrent-mark-end, 0.0041542 secs]
Application time: 0.0043902 seconds
[GC remark, 0.0025566 secs]
Application time: 0.0000364 seconds
[GC cleanup 71M->71M(128M), 0.0001710 secs]
Application time: 0.0774563 seconds
[GC pause (G1 Evacuation Pause) (young) 111M->69M(128M), 0.0007804 secs]
Application time: 0.1146536 seconds
[GC pause (G1 Evacuation Pause) (young) 111M->69M(128M), 0.0008760 secs]
Application time: 0.0542732 seconds
[GC pause (G1 Evacuation Pause) (young) (initial-mark) 111M->69M(128M), 0.0010062 secs]
[GC concurrent-root-region-scan-start]
[GC concurrent-root-region-scan-end, 0.0002153 secs]
[GC concurrent-mark-start]
[GC concurrent-mark-end, 0.0039432 secs]
Application time: 0.0042127 seconds
[GC remark, 0.0025897 secs]
Application time: 0.0000355 seconds
[GC cleanup 71M->71M(128M), 0.0001804 secs]
Application time: 0.0447647 seconds
[GC pause (G1 Evacuation Pause) (young) 111M->69M(128M), 0.0008886 secs]
Application time: 0.0437138 seconds
[GC pause (G1 Evacuation Pause) (young) 111M->69M(128M), 0.0008155 secs]
Application time: 0.0437492 seconds
[GC pause (G1 Evacuation Pause) (young) (initial-mark) 111M->69M(128M), 0.0009135 secs]
[GC concurrent-root-region-scan-start]
[GC concurrent-root-region-scan-end, 0.0001526 secs]
[GC concurrent-mark-start]
[GC concurrent-mark-end, 0.0040867 secs]
Application time: 0.0042836 seconds
[GC remark, 0.0024239 secs]
Application time: 0.0000548 seconds
[GC cleanup 71M->71M(128M), 0.0001631 secs]
Application time: 0.0435972 seconds
[GC pause (G1 Evacuation Pause) (young) 111M->69M(128M), 0.0008665 secs]
Application time: 0.0447109 seconds
[GC pause (G1 Evacuation Pause) (young) 111M->69M(128M), 0.0008947 secs]
Application time: 0.0454217 seconds
[GC pause (G1 Evacuation Pause) (young) (initial-mark) 111M->69M(128M), 0.0010009 secs]
[GC concurrent-root-region-scan-start]
[GC concurrent-root-region-scan-end, 0.0002249 secs]
[GC concurrent-mark-start]
[GC concurrent-mark-end, 0.0040049 secs]
Application time: 0.0044063 seconds
[GC remark, 0.0024963 secs]
Application time: 0.0011486 seconds
[GC cleanup 72M->72M(128M), 0.0001760 secs]
Application time: 0.0429165 seconds
[GC pause (G1 Evacuation Pause) (young) 111M->69M(128M), 0.0008857 secs]
Application time: 0.0704598 seconds
[GC pause (G1 Evacuation Pause) (young) 111M->69M(128M), 0.0009046 secs]
Application time: 0.1220858 seconds
[GC pause (G1 Evacuation Pause) (young) (initial-mark) 111M->69M(128M), 0.0010871 secs]
[GC concurrent-root-region-scan-start]
[GC concurrent-root-region-scan-end, 0.0001641 secs]
[GC concurrent-mark-start]
[GC concurrent-mark-end, 0.0040183 secs]
Application time: 0.0042434 seconds
[GC remark, 0.0024266 secs]
Application time: 0.0000411 seconds
[GC cleanup 71M->71M(128M), 0.0001619 secs]
Application time: 0.0706560 seconds
[GC pause (G1 Evacuation Pause) (young) 111M->69M(128M), 0.0007530 secs]
Application time: 0.0434108 seconds
[GC pause (G1 Evacuation Pause) (young) 111M->69M(128M), 0.0010364 secs]
Application time: 0.0428819 seconds
[GC pause (G1 Evacuation Pause) (young) (initial-mark) 111M->69M(128M), 0.0010136 secs]
[GC concurrent-root-region-scan-start]
[GC concurrent-root-region-scan-end, 0.0002018 secs]
[GC concurrent-mark-start]
[GC concurrent-mark-end, 0.0040039 secs]
Application time: 0.0042470 seconds
[GC remark, 0.0023814 secs]
Application time: 0.0000359 seconds
[GC cleanup 71M->71M(128M), 0.0002022 secs]
Application time: 0.0516004 seconds
[GC pause (G1 Evacuation Pause) (young) 111M->69M(128M), 0.0009014 secs]
Application time: 0.0444893 seconds
[GC pause (G1 Evacuation Pause) (young) 111M->69M(128M), 0.0009883 secs]
Application time: 0.0532468 seconds
[GC pause (G1 Evacuation Pause) (young) (initial-mark) 111M->69M(128M), 0.0010204 secs]
[GC concurrent-root-region-scan-start]
[GC concurrent-root-region-scan-end, 0.0001520 secs]
[GC concurrent-mark-start]
[GC concurrent-mark-end, 0.0042185 secs]
Application time: 0.0048720 seconds
[GC remark, 0.0025904 secs]
Application time: 0.0022801 seconds
[GC cleanup 72M->72M(128M), 0.0002133 secs]
Application time: 0.0431283 seconds
[GC pause (G1 Evacuation Pause) (young) 111M->69M(128M), 0.0008364 secs]
Application time: 0.0458962 seconds
[GC pause (G1 Evacuation Pause) (young) 111M->69M(128M), 0.0009178 secs]
Application time: 0.0555461 seconds
[GC pause (G1 Evacuation Pause) (young) (initial-mark) 111M->69M(128M), 0.0010022 secs]
[GC concurrent-root-region-scan-start]
[GC concurrent-root-region-scan-end, 0.0001342 secs]
[GC concurrent-mark-start]
[GC concurrent-mark-end, 0.0038575 secs]
Application time: 0.0069042 seconds
[GC remark, 0.0025900 secs]
Application time: 0.0000408 seconds
[GC cleanup 72M->72M(128M), 0.0002436 secs]
Application time: 0.0966815 seconds
[GC pause (G1 Evacuation Pause) (young) 111M->69M(128M), 0.0007575 secs]
Application time: 0.0859970 seconds
[GC pause (G1 Evacuation Pause) (young) 111M->69M(128M), 0.0009164 secs]
Application time: 0.0528443 seconds
[GC pause (G1 Evacuation Pause) (young) (initial-mark) 111M->69M(128M), 0.0009632 secs]
[GC concurrent-root-region-scan-start]
[GC concurrent-root-region-scan-end, 0.0002150 secs]
[GC concurrent-mark-start]
[GC concurrent-mark-end, 0.0038500 secs]
Application time: 0.0041401 seconds
[GC remark, 0.0027047 secs]
Application time: 0.0005461 seconds
[GC cleanup 71M->71M(128M), 0.0001747 secs]
Application time: 0.0423001 seconds
[GC pause (G1 Evacuation Pause) (young) 111M->69M(128M), 0.0009480 secs]
Application time: 0.0439732 seconds
[GC pause (G1 Evacuation Pause) (young) 111M->69M(128M), 0.0008315 secs]
Application time: 0.0457663 seconds
[GC pause (G1 Evacuation Pause) (young) (initial-mark) 111M->69M(128M), 0.0010528 secs]
[GC concurrent-root-region-scan-start]
[GC concurrent-root-region-scan-end, 0.0001758 secs]
[GC concurrent-mark-start]
[GC concurrent-mark-end, 0.0041293 secs]
Application time: 0.0057758 seconds
[GC remark, 0.0028475 secs]
Application time: 0.0000428 seconds
[GC cleanup 72M->72M(128M), 0.0002133 secs]
Application time: 0.0417815 seconds
[GC pause (G1 Evacuation Pause) (young) 111M->69M(128M), 0.0008247 secs]
Application time: 0.0453391 seconds
[GC pause (G1 Evacuation Pause) (young) 111M->69M(128M), 0.0008889 secs]
Application time: 0.0455543 seconds
[GC pause (G1 Evacuation Pause) (young) (initial-mark) 111M->69M(128M), 0.0009486 secs]
[GC concurrent-root-region-scan-start]
[GC concurrent-root-region-scan-end, 0.0001827 secs]
[GC concurrent-mark-start]
[GC concurrent-mark-end, 0.0040511 secs]
Application time: 0.0042874 seconds
[GC remark, 0.0027272 secs]
Application time: 0.0000390 seconds
[GC cleanup 71M->71M(128M), 0.0001746 secs]
Application time: 0.0462413 seconds
[GC pause (G1 Evacuation Pause) (young) 111M->69M(128M), 0.0008874 secs]
Application time: 0.0751075 seconds
[GC pause (G1 Evacuation Pause) (young) 111M->69M(128M), 0.0007937 secs]
Application time: 0.1141915 seconds
[GC pause (G1 Evacuation Pause) (young) (initial-mark) 111M->69M(128M), 0.0010179 secs]
[GC concurrent-root-region-scan-start]
[GC concurrent-root-region-scan-end, 0.0001570 secs]
[GC concurrent-mark-start]
[GC concurrent-mark-end, 0.0041025 secs]
Application time: 0.0043111 seconds
[GC remark, 0.0024816 secs]
Application time: 0.0000385 seconds
[GC cleanup 70M->70M(128M), 0.0001789 secs]
Application time: 0.0583604 seconds
[GC pause (G1 Evacuation Pause) (young) 111M->69M(128M), 0.0008266 secs]
Application time: 0.0443959 seconds
[GC pause (G1 Evacuation Pause) (young) 111M->69M(128M), 0.0008424 secs]
Application time: 0.0450129 seconds
[GC pause (G1 Evacuation Pause) (young) (initial-mark) 111M->69M(128M), 0.0010351 secs]
[GC concurrent-root-region-scan-start]
[GC concurrent-root-region-scan-end, 0.0002140 secs]
[GC concurrent-mark-start]
[GC concurrent-mark-end, 0.0040589 secs]
Application time: 0.0043114 seconds
[GC remark, 0.0027131 secs]
Application time: 0.0000390 seconds
[GC cleanup 71M->71M(128M), 0.0001685 secs]
Application time: 0.0436382 seconds
[GC pause (G1 Evacuation Pause) (young) 111M->69M(128M), 0.0007961 secs]
Application time: 0.0450136 seconds
[GC pause (G1 Evacuation Pause) (young) 111M->69M(128M), 0.0008301 secs]
Application time: 0.0457658 seconds
[GC pause (G1 Evacuation Pause) (young) (initial-mark) 111M->69M(128M), 0.0009907 secs]
[GC concurrent-root-region-scan-start]
[GC concurrent-root-region-scan-end, 0.0002154 secs]
[GC concurrent-mark-start]
[GC concurrent-mark-end, 0.0041954 secs]
Application time: 0.0044516 seconds
[GC remark, 0.0024875 secs]
Application time: 0.0000401 seconds
[GC cleanup 71M->71M(128M), 0.0001729 secs]
Application time: 0.0431146 seconds
[GC pause (G1 Evacuation Pause) (young) 111M->69M(128M), 0.0007939 secs]
Application time: 0.0430189 seconds
[GC pause (G1 Evacuation Pause) (young) 111M->69M(128M), 0.0008167 secs]
Application time: 0.0598558 seconds
[GC pause (G1 Evacuation Pause) (young) (initial-mark) 111M->69M(128M), 0.0009712 secs]
[GC concurrent-root-region-scan-start]
[GC concurrent-root-region-scan-end, 0.0001359 secs]
[GC concurrent-mark-start]
[GC concurrent-mark-end, 0.0040247 secs]
Application time: 0.0071798 seconds
[GC remark, 0.0024669 secs]
Application time: 0.0000419 seconds
[GC cleanup 72M->72M(128M), 0.0001685 secs]
Application time: 0.1185580 seconds
[GC pause (G1 Evacuation Pause) (young) 111M->69M(128M), 0.0007771 secs]
Application time: 0.0641463 seconds
[GC pause (G1 Evacuation Pause) (young) 111M->69M(128M), 0.0008466 secs]
Application time: 0.0531663 seconds
[GC pause (G1 Evacuation Pause) (young) (initial-mark) 111M->69M(128M), 0.0009669 secs]
[GC concurrent-root-region-scan-start]
[GC concurrent-root-region-scan-end, 0.0002044 secs]
[GC concurrent-mark-start]
[GC concurrent-mark-end, 0.0041480 secs]
Application time: 0.0043988 seconds
[GC remark, 0.0026149 secs]
Application time: 0.0011765 seconds
[GC cleanup 72M->72M(128M), 0.0001809 secs]
Application time: 0.0411249 seconds
[GC pause (G1 Evacuation Pause) (young) 111M->69M(128M), 0.0008389 secs]
Application time: 0.0438301 seconds
[GC pause (G1 Evacuation Pause) (young) 111M->69M(128M), 0.0007974 secs]
Application time: 0.0422565 seconds
[GC pause (G1 Evacuation Pause) (young) (initial-mark) 111M->69M(128M), 0.0009341 secs]
[GC concurrent-root-region-scan-start]
[GC concurrent-root-region-scan-end, 0.0002149 secs]
[GC concurrent-mark-start]
[GC concurrent-mark-end, 0.0038972 secs]
Application time: 0.0041572 seconds
[GC remark, 0.0023967 secs]
Application time: 0.0000377 seconds
[GC cleanup 71M->71M(128M), 0.0001926 secs]
Application time: 0.0408626 seconds
[GC pause (G1 Evacuation Pause) (young) 111M->69M(128M), 0.0008072 secs]
Application time: 0.0450126 seconds
[GC pause (G1 Evacuation Pause) (young) 111M->69M(128M), 0.0007823 secs]
Application time: 0.0425857 seconds
[GC pause (G1 Evacuation Pause) (young) (initial-mark) 111M->69M(128M), 0.0015381 secs]
[GC concurrent-root-region-scan-start]
[GC concurrent-root-region-scan-end, 0.0003472 secs]
[GC concurrent-mark-start]
[GC concurrent-mark-end, 0.0074049 secs]
Application time: 0.0078146 seconds
[GC remark, 0.0036923 secs]
Application time: 0.0000559 seconds
[GC cleanup 72M->72M(128M), 0.0002939 secs]
Application time: 0.0851785 seconds
[GC pause (G1 Evacuation Pause) (young) 111M->69M(128M), 0.0012344 secs]
Application time: 0.0987338 seconds
[GC pause (G1 Evacuation Pause) (young) 111M->69M(128M), 0.0009771 secs]
Application time: 0.0739664 seconds
[GC pause (G1 Evacuation Pause) (young) (initial-mark) 111M->69M(128M), 0.0011675 secs]
[GC concurrent-root-region-scan-start]
[GC concurrent-root-region-scan-end, 0.0002508 secs]
[GC concurrent-mark-start]
[GC concurrent-mark-end, 0.0045926 secs]
Application time: 0.0067025 seconds
[GC remark, 0.0037015 secs]
Application time: 0.0000449 seconds
[GC cleanup 72M->72M(128M), 0.0002676 secs]
Application time: 0.0622031 seconds
[GC pause (G1 Evacuation Pause) (young) 111M->69M(128M), 0.0011894 secs]
Application time: 0.0512398 seconds
[GC pause (G1 Evacuation Pause) (young) 111M->69M(128M), 0.0011600 secs]
Application time: 0.0452527 seconds
[GC pause (G1 Evacuation Pause) (young) (initial-mark) 111M->69M(128M), 0.0012668 secs]
[GC concurrent-root-region-scan-start]
[GC concurrent-root-region-scan-end, 0.0002374 secs]
[GC concurrent-mark-start]
[GC concurrent-mark-end, 0.0042762 secs]
Application time: 0.0045681 seconds
[GC remark, 0.0031049 secs]
Application time: 0.0000343 seconds
[GC cleanup 71M->71M(128M), 0.0002372 secs]
Application time: 0.0434030 seconds
[GC pause (G1 Evacuation Pause) (young) 111M->69M(128M), 0.0011856 secs]
Application time: 0.0456685 seconds
[GC pause (G1 Evacuation Pause) (young) 111M->69M(128M), 0.0010482 secs]
Application time: 0.0464354 seconds
[GC pause (G1 Evacuation Pause) (young) (initial-mark) 111M->69M(128M), 0.0012616 secs]
[GC concurrent-root-region-scan-start]
[GC concurrent-root-region-scan-end, 0.0002053 secs]
[GC concurrent-mark-start]
[GC concurrent-mark-end, 0.0043756 secs]
Application time: 0.0046334 seconds
[GC remark, 0.0030839 secs]
Application time: 0.0000424 seconds
[GC cleanup 71M->71M(128M), 0.0002361 secs]
Application time: 0.0605899 seconds
[GC pause (G1 Evacuation Pause) (young) 111M->69M(128M), 0.0011320 secs]
Application time: 0.0680929 seconds
[GC pause (G1 Evacuation Pause) (young) 111M->69M(128M), 0.0011240 secs]
Application time: 0.0684972 seconds
[GC pause (G1 Evacuation Pause) (young) (initial-mark) 111M->69M(128M), 0.0013153 secs]
[GC concurrent-root-region-scan-start]
[GC concurrent-root-region-scan-end, 0.0001920 secs]
[GC concurrent-mark-start]
[GC concurrent-mark-end, 0.0043540 secs]
Application time: 0.0046023 seconds
[GC remark, 0.0029905 secs]
Application time: 0.0000384 seconds
[GC cleanup 71M->71M(128M), 0.0001973 secs]
Application time: 0.0712423 seconds
[GC pause (G1 Evacuation Pause) (young) 111M->69M(128M), 0.0011346 secs]
Application time: 0.0707232 seconds
[GC pause (G1 Evacuation Pause) (young) 111M->69M(128M), 0.0011107 secs]
Application time: 0.0730007 seconds
[GC pause (G1 Evacuation Pause) (young) (initial-mark) 111M->69M(128M), 0.0012874 secs]
[GC concurrent-root-region-scan-start]
[GC concurrent-root-region-scan-end, 0.0002033 secs]
[GC concurrent-mark-start]
[GC concurrent-mark-end, 0.0042902 secs]
Application time: 0.0045892 seconds
[GC remark, 0.0031555 secs]
Application time: 0.0000481 seconds
[GC cleanup 71M->71M(128M), 0.0002436 secs]
Application time: 0.0443490 seconds
[GC pause (G1 Evacuation Pause) (young) 111M->69M(128M), 0.0011386 secs]
Application time: 0.0586890 seconds
[GC pause (G1 Evacuation Pause) (young) 111M->69M(128M), 0.0010638 secs]
Application time: 0.0454598 seconds
[GC pause (G1 Evacuation Pause) (young) (initial-mark) 111M->69M(128M), 0.0011595 secs]
[GC concurrent-root-region-scan-start]
[GC concurrent-root-region-scan-end, 0.0002228 secs]
[GC concurrent-mark-start]
[GC concurrent-mark-end, 0.0043288 secs]
Application time: 0.0046056 seconds
[GC remark, 0.0030722 secs]
Application time: 0.0000429 seconds
[GC cleanup 71M->71M(128M), 0.0002324 secs]
Application time: 0.0556739 seconds
[GC pause (G1 Evacuation Pause) (young) 111M->69M(128M), 0.0011250 secs]
Application time: 0.0481550 seconds
[GC pause (G1 Evacuation Pause) (young) 111M->69M(128M), 0.0011676 secs]
Application time: 0.0696179 seconds
[GC pause (G1 Evacuation Pause) (young) (initial-mark) 111M->69M(128M), 0.0011746 secs]
[GC concurrent-root-region-scan-start]
[GC concurrent-root-region-scan-end, 0.0001844 secs]
[GC concurrent-mark-start]
[GC concurrent-mark-end, 0.0042473 secs]
Application time: 0.0044837 seconds
[GC remark, 0.0033425 secs]
Application time: 0.0000583 seconds
[GC cleanup 71M->71M(128M), 0.0002188 secs]
Application time: 0.0642855 seconds
[GC pause (G1 Evacuation Pause) (young) 111M->69M(128M), 0.0011000 secs]
Application time: 0.0759673 seconds
[GC pause (G1 Evacuation Pause) (young) 111M->69M(128M), 0.0011909 secs]
Application time: 0.0720562 seconds
[GC pause (G1 Evacuation Pause) (young) (initial-mark) 111M->69M(128M), 0.0011794 secs]
[GC concurrent-root-region-scan-start]
[GC concurrent-root-region-scan-end, 0.0003479 secs]
[GC concurrent-mark-start]
[GC concurrent-mark-end, 0.0046674 secs]
Application time: 0.0050697 seconds
[GC remark, 0.0032483 secs]
Application time: 0.0000616 seconds
[GC cleanup 70M->70M(128M), 0.0002327 secs]
Application time: 0.0663144 seconds
[GC pause (G1 Evacuation Pause) (young) 111M->69M(128M), 0.0011132 secs]
Application time: 0.0448894 seconds
[GC pause (G1 Evacuation Pause) (young) 111M->69M(128M), 0.0011382 secs]
Application time: 0.0492128 seconds
[GC pause (G1 Evacuation Pause) (young) (initial-mark) 111M->69M(128M), 0.0013161 secs]
[GC concurrent-root-region-scan-start]
[GC concurrent-root-region-scan-end, 0.0003335 secs]
[GC concurrent-mark-start]
[GC concurrent-mark-end, 0.0043534 secs]
Application time: 0.0062004 seconds
[GC remark, 0.0029995 secs]
Application time: 0.0000514 seconds
[GC cleanup 72M->72M(128M), 0.0003007 secs]
Application time: 0.0434889 seconds
[GC pause (G1 Evacuation Pause) (young) 111M->69M(128M), 0.0011258 secs]
Application time: 0.0457527 seconds
[GC pause (G1 Evacuation Pause) (young) 111M->69M(128M), 0.0012247 secs]
Application time: 0.0456439 seconds
[GC pause (G1 Evacuation Pause) (young) (initial-mark) 111M->69M(128M), 0.0012977 secs]
[GC concurrent-root-region-scan-start]
[GC concurrent-root-region-scan-end, 0.0002977 secs]
[GC concurrent-mark-start]
[GC concurrent-mark-end, 0.0042777 secs]
Application time: 0.0046278 seconds
[GC remark, 0.0030136 secs]
Application time: 0.0000439 seconds
[GC cleanup 71M->71M(128M), 0.0002886 secs]
Application time: 0.0440168 seconds
[GC pause (G1 Evacuation Pause) (young) 111M->69M(128M), 0.0011013 secs]
Application time: 0.0660736 seconds
[GC pause (G1 Evacuation Pause) (young) 111M->69M(128M), 0.0011236 secs]
Application time: 0.0931806 seconds
[GC pause (G1 Evacuation Pause) (young) (initial-mark) 111M->69M(128M), 0.0011972 secs]
[GC concurrent-root-region-scan-start]
[GC concurrent-root-region-scan-end, 0.0001584 secs]
[GC concurrent-mark-start]
[GC concurrent-mark-end, 0.0044027 secs]
Application time: 0.0046156 seconds
[GC remark, 0.0032271 secs]
Application time: 0.0000507 seconds
[GC cleanup 70M->70M(128M), 0.0002215 secs]
Application time: 0.0856470 seconds
[GC pause (G1 Evacuation Pause) (young) 111M->69M(128M), 0.0011358 secs]
Application time: 0.0584386 seconds
[GC pause (G1 Evacuation Pause) (young) 111M->69M(128M), 0.0010628 secs]
Application time: 0.0458472 seconds
[GC pause (G1 Evacuation Pause) (young) (initial-mark) 111M->69M(128M), 0.0012382 secs]
[GC concurrent-root-region-scan-start]
[GC concurrent-root-region-scan-end, 0.0003195 secs]
[GC concurrent-mark-start]
[GC concurrent-mark-end, 0.0044245 secs]
Application time: 0.0047991 seconds
[GC remark, 0.0032224 secs]
Application time: 0.0000500 seconds
[GC cleanup 72M->72M(128M), 0.0002296 secs]
Application time: 0.0434342 seconds
[GC pause (G1 Evacuation Pause) (young) 111M->69M(128M), 0.0011872 secs]
Application time: 0.0455391 seconds
[GC pause (G1 Evacuation Pause) (young) 111M->69M(128M), 0.0010650 secs]
Application time: 0.0532117 seconds
[GC pause (G1 Evacuation Pause) (young) (initial-mark) 110M->69M(128M), 0.0011845 secs]
[GC concurrent-root-region-scan-start]
[GC concurrent-root-region-scan-end, 0.0002704 secs]
[GC concurrent-mark-start]
[GC concurrent-mark-end, 0.0046226 secs]
Application time: 0.0049691 seconds
[GC remark, 0.0032753 secs]
Application time: 0.0000701 seconds
[GC cleanup 71M->71M(128M), 0.0002202 secs]
Application time: 0.0455665 seconds
[GC pause (G1 Evacuation Pause) (young) 110M->69M(128M), 0.0011355 secs]
Application time: 0.0058235 seconds
[GC pause (G1 Evacuation Pause) (mixed) 74M->68M(128M), 0.0009965 secs]
Application time: 0.0492568 seconds
[GC pause (G1 Evacuation Pause) (young) 110M->68M(128M), 0.0011767 secs]
Application time: 0.0464513 seconds
[GC pause (G1 Evacuation Pause) (young) (initial-mark) 110M->68M(128M), 0.0012326 secs]
[GC concurrent-root-region-scan-start]
[GC concurrent-root-region-scan-end, 0.0003356 secs]
[GC concurrent-mark-start]
[GC concurrent-mark-end, 0.0043065 secs]
Application time: 0.0046989 seconds
[GC remark, 0.0030656 secs]
Application time: 0.0000436 seconds
[GC cleanup 70M->70M(128M), 0.0002164 secs]
Application time: 0.0833340 seconds
[GC pause (G1 Evacuation Pause) (young) 110M->68M(128M), 0.0009895 secs]
Application time: 0.1294209 seconds
[GC pause (G1 Evacuation Pause) (young) 110M->68M(128M), 0.0011156 secs]
Application time: 0.0544874 seconds
[GC pause (G1 Evacuation Pause) (young) (initial-mark) 110M->68M(128M), 0.0012894 secs]
[GC concurrent-root-region-scan-start]
[GC concurrent-root-region-scan-end, 0.0002938 secs]
[GC concurrent-mark-start]
[GC concurrent-mark-end, 0.0044403 secs]
Application time: 0.0047908 seconds
[GC remark, 0.0030356 secs]
Application time: 0.0000422 seconds
[GC cleanup 70M->70M(128M), 0.0002399 secs]
Application time: 0.0447767 seconds
[GC pause (G1 Evacuation Pause) (young) 110M->68M(128M), 0.0010564 secs]
Application time: 0.0464007 seconds
[GC pause (G1 Evacuation Pause) (young) 110M->68M(128M), 0.0010789 secs]
Application time: 0.0463972 seconds
[GC pause (G1 Evacuation Pause) (young) (initial-mark) 110M->68M(128M), 0.0012458 secs]
[GC concurrent-root-region-scan-start]
[GC concurrent-root-region-scan-end, 0.0003146 secs]
[GC concurrent-mark-start]
[GC concurrent-mark-end, 0.0044106 secs]
Application time: 0.0047793 seconds
[GC remark, 0.0031129 secs]
Application time: 0.0014189 seconds
[GC cleanup 71M->71M(128M), 0.0002222 secs]
Application time: 0.0432152 seconds
[GC pause (G1 Evacuation Pause) (young) 110M->68M(128M), 0.0011028 secs]
Application time: 0.0450828 seconds
[GC pause (G1 Evacuation Pause) (young) 110M->68M(128M), 0.0010425 secs]
Application time: 0.0447781 seconds
[GC pause (G1 Evacuation Pause) (young) (initial-mark) 110M->68M(128M), 0.0012587 secs]
[GC concurrent-root-region-scan-start]
[GC concurrent-root-region-scan-end, 0.0003419 secs]
[GC concurrent-mark-start]
[GC concurrent-mark-end, 0.0045723 secs]
Application time: 0.0059811 seconds
[GC remark, 0.0031613 secs]
Application time: 0.0000428 seconds
[GC cleanup 70M->70M(128M), 0.0002219 secs]
Application time: 0.0435122 seconds
[GC pause (G1 Evacuation Pause) (young) 110M->68M(128M), 0.0010566 secs]
Application time: 0.0750615 seconds
[GC pause (G1 Evacuation Pause) (young) 110M->68M(128M), 0.0010921 secs]
Application time: 0.1063651 seconds
[GC pause (G1 Evacuation Pause) (young) (initial-mark) 110M->68M(128M), 0.0012801 secs]
[GC concurrent-root-region-scan-start]
[GC concurrent-root-region-scan-end, 0.0001742 secs]
[GC concurrent-mark-start]
[GC concurrent-mark-end, 0.0042556 secs]
Application time: 0.0045478 seconds
[GC remark, 0.0030995 secs]
Application time: 0.0000439 seconds
[GC cleanup 70M->70M(128M), 0.0002106 secs]
Application time: 0.0651816 seconds
[GC pause (G1 Evacuation Pause) (young) 110M->68M(128M), 0.0011684 secs]
Application time: 0.0575936 seconds
[GC pause (G1 Evacuation Pause) (young) 110M->68M(128M), 0.0011072 secs]
Application time: 0.0455032 seconds
[GC pause (G1 Evacuation Pause) (young) (initial-mark) 110M->68M(128M), 0.0013912 secs]
[GC concurrent-root-region-scan-start]
[GC concurrent-root-region-scan-end, 0.0002913 secs]
[GC concurrent-mark-start]
[GC concurrent-mark-end, 0.0044578 secs]
Application time: 0.0048137 seconds
[GC remark, 0.0029939 secs]
Application time: 0.0000424 seconds
[GC cleanup 70M->70M(128M), 0.0002183 secs]
Application time: 0.0464221 seconds
[GC pause (G1 Evacuation Pause) (young) 110M->68M(128M), 0.0012020 secs]
Application time: 0.0466769 seconds
[GC pause (G1 Evacuation Pause) (young) 110M->68M(128M), 0.0012253 secs]
Application time: 0.0458939 seconds
[GC pause (G1 Evacuation Pause) (young) (initial-mark) 110M->68M(128M), 0.0013267 secs]
[GC concurrent-root-region-scan-start]
[GC concurrent-root-region-scan-end, 0.0002356 secs]
[GC concurrent-mark-start]
[GC concurrent-mark-end, 0.0045999 secs]
Application time: 0.0048996 seconds
[GC remark, 0.0030503 secs]
Application time: 0.0000434 seconds
[GC cleanup 71M->71M(128M), 0.0002087 secs]
Application time: 0.0466674 seconds
[GC pause (G1 Evacuation Pause) (young) 110M->68M(128M), 0.0011351 secs]
Application time: 0.0514481 seconds
[GC pause (G1 Evacuation Pause) (young) 110M->68M(128M), 0.0010586 secs]
Application time: 0.0702839 seconds
[GC pause (G1 Evacuation Pause) (young) (initial-mark) 110M->68M(128M), 0.0012328 secs]
[GC concurrent-root-region-scan-start]
[GC concurrent-root-region-scan-end, 0.0002895 secs]
[GC concurrent-mark-start]
[GC concurrent-mark-end, 0.0042696 secs]
Application time: 0.0071348 seconds
[GC remark, 0.0031413 secs]
Application time: 0.0003307 seconds
[GC cleanup 71M->71M(128M), 0.0002417 secs]
Application time: 0.0839525 seconds
[GC pause (G1 Evacuation Pause) (young) 110M->68M(128M), 0.0011288 secs]
Application time: 0.0750569 seconds
[GC pause (G1 Evacuation Pause) (young) 110M->68M(128M), 0.0010259 secs]
Application time: 0.0672068 seconds
[GC pause (G1 Evacuation Pause) (young) (initial-mark) 110M->68M(128M), 0.0012304 secs]
[GC concurrent-root-region-scan-start]
[GC concurrent-root-region-scan-end, 0.0002317 secs]
[GC concurrent-mark-start]
[GC concurrent-mark-end, 0.0042453 secs]
Application time: 0.0045427 seconds
[GC remark, 0.0032232 secs]
Application time: 0.0000595 seconds
[GC cleanup 70M->70M(128M), 0.0002175 secs]
Application time: 0.0438822 seconds
[GC pause (G1 Evacuation Pause) (young) 110M->68M(128M), 0.0011489 secs]
Application time: 0.0456270 seconds
[GC pause (G1 Evacuation Pause) (young) 110M->68M(128M), 0.0011817 secs]
Application time: 0.0464089 seconds
[GC pause (G1 Evacuation Pause) (young) (initial-mark) 110M->68M(128M), 0.0014298 secs]
[GC concurrent-root-region-scan-start]
[GC concurrent-root-region-scan-end, 0.0002322 secs]
[GC concurrent-mark-start]
[GC concurrent-mark-end, 0.0043503 secs]
Application time: 0.0060976 seconds
[GC remark, 0.0030476 secs]
Application time: 0.0000536 seconds
[GC cleanup 71M->71M(128M), 0.0002469 secs]
Application time: 0.0433342 seconds
[GC pause (G1 Evacuation Pause) (young) 110M->68M(128M), 0.0011224 secs]
Application time: 0.0462994 seconds
[GC pause (G1 Evacuation Pause) (young) 110M->68M(128M), 0.0011259 secs]
Application time: 0.0459849 seconds
[GC pause (G1 Evacuation Pause) (young) (initial-mark) 110M->68M(128M), 0.0012174 secs]
[GC concurrent-root-region-scan-start]
[GC concurrent-root-region-scan-end, 0.0002857 secs]
[GC concurrent-mark-start]
[GC concurrent-mark-end, 0.0042935 secs]
Application time: 0.0046371 seconds
[GC remark, 0.0030126 secs]
Application time: 0.0000427 seconds
[GC cleanup 70M->70M(128M), 0.0002030 secs]
Application time: 0.0516069 seconds
[GC pause (G1 Evacuation Pause) (young) 110M->68M(128M), 0.0012021 secs]
Application time: 0.0725736 seconds
[GC pause (G1 Evacuation Pause) (young) 110M->68M(128M), 0.0009897 secs]
Application time: 0.1152083 seconds
[GC pause (G1 Evacuation Pause) (young) (initial-mark) 110M->68M(128M), 0.0012401 secs]
[GC concurrent-root-region-scan-start]
[GC concurrent-root-region-scan-end, 0.0003340 secs]
[GC concurrent-mark-start]
[GC concurrent-mark-end, 0.0043492 secs]
Application time: 0.0047653 seconds
[GC remark, 0.0030803 secs]
Application time: 0.0000454 seconds
[GC cleanup 69M->69M(128M), 0.0002358 secs]
Application time: 0.0604739 seconds
[GC pause (G1 Evacuation Pause) (young) 110M->68M(128M), 0.0011494 secs]
Application time: 0.0457373 seconds
[GC pause (G1 Evacuation Pause) (young) 110M->68M(128M), 0.0010551 secs]
Application time: 0.0461920 seconds
[GC pause (G1 Evacuation Pause) (young) (initial-mark) 110M->68M(128M), 0.0012736 secs]
[GC concurrent-root-region-scan-start]
[GC concurrent-root-region-scan-end, 0.0002190 secs]
[GC concurrent-mark-start]
[GC concurrent-mark-end, 0.0045540 secs]
Application time: 0.0048360 seconds
[GC remark, 0.0031222 secs]
Application time: 0.0000424 seconds
[GC cleanup 70M->70M(128M), 0.0002319 secs]
Application time: 0.0461863 seconds
[GC pause (G1 Evacuation Pause) (young) 110M->68M(128M), 0.0010783 secs]
Application time: 0.0458072 seconds
[GC pause (G1 Evacuation Pause) (young) 110M->68M(128M), 0.0011145 secs]
Application time: 0.0456278 seconds
[GC pause (G1 Evacuation Pause) (young) (initial-mark) 110M->68M(128M), 0.0012601 secs]
[GC concurrent-root-region-scan-start]
[GC concurrent-root-region-scan-end, 0.0003350 secs]
[GC concurrent-mark-start]
[GC concurrent-mark-end, 0.0043195 secs]
Application time: 0.0047166 seconds
[GC remark, 0.0030720 secs]
Application time: 0.0014104 seconds
[GC cleanup 71M->71M(128M), 0.0003653 secs]
Application time: 0.0423054 seconds
[GC pause (G1 Evacuation Pause) (young) 110M->68M(128M), 0.0011052 secs]
Application time: 0.0452657 seconds
[GC pause (G1 Evacuation Pause) (young) 110M->68M(128M), 0.0010596 secs]
Application time: 0.0695602 seconds
[GC pause (G1 Evacuation Pause) (young) (initial-mark) 110M->68M(128M), 0.0012703 secs]
[GC concurrent-root-region-scan-start]
[GC concurrent-root-region-scan-end, 0.0003113 secs]
[GC concurrent-mark-start]
[GC concurrent-mark-end, 0.0044171 secs]
Application time: 0.0047832 seconds
[GC remark, 0.0031243 secs]
Application time: 0.0000550 seconds
[GC cleanup 69M->69M(128M), 0.0002082 secs]
Application time: 0.1100959 seconds
[GC pause (G1 Evacuation Pause) (young) 110M->68M(128M), 0.0015391 secs]
Application time: 0.0675439 seconds
[GC pause (G1 Evacuation Pause) (young) 110M->68M(128M), 0.0011124 secs]
Application time: 0.0507342 seconds
[GC pause (G1 Evacuation Pause) (young) (initial-mark) 110M->68M(128M), 0.0011785 secs]
[GC concurrent-root-region-scan-start]
[GC concurrent-root-region-scan-end, 0.0002148 secs]
[GC concurrent-mark-start]
[GC concurrent-mark-end, 0.0039054 secs]
Application time: 0.0041823 seconds
[GC remark, 0.0031306 secs]
Application time: 0.0000497 seconds
[GC cleanup 70M->70M(128M), 0.0002294 secs]
Application time: 0.0434319 seconds
[GC pause (G1 Evacuation Pause) (young) 110M->68M(128M), 0.0010923 secs]
Application time: 0.0443118 seconds
[GC pause (G1 Evacuation Pause) (young) 110M->68M(128M), 0.0011976 secs]
Application time: 0.0431275 seconds
[GC pause (G1 Evacuation Pause) (young) (initial-mark) 110M->68M(128M), 0.0011929 secs]
[GC concurrent-root-region-scan-start]
[GC concurrent-root-region-scan-end, 0.0002925 secs]
[GC concurrent-mark-start]
[GC concurrent-mark-end, 0.0040947 secs]
Application time: 0.0044516 seconds
[GC remark, 0.0032903 secs]
Application time: 0.0000532 seconds
[GC cleanup 70M->70M(128M), 0.0002317 secs]
Application time: 0.0452150 seconds
[GC pause (G1 Evacuation Pause) (young) 110M->68M(128M), 0.0011335 secs]
Application time: 0.0466251 seconds
[GC pause (G1 Evacuation Pause) (young) 110M->68M(128M), 0.0013838 secs]
Application time: 0.0441039 seconds
[GC pause (G1 Evacuation Pause) (young) (initial-mark) 110M->68M(128M), 0.0011335 secs]
[GC concurrent-root-region-scan-start]
[GC concurrent-root-region-scan-end, 0.0002763 secs]
[GC concurrent-mark-start]
[GC concurrent-mark-end, 0.0040352 secs]
Application time: 0.0057333 seconds
[GC remark, 0.0031580 secs]
Application time: 0.0000412 seconds
[GC cleanup 71M->71M(128M), 0.0002463 secs]
Application time: 0.0565358 seconds
[GC pause (G1 Evacuation Pause) (young) 110M->68M(128M), 0.0011432 secs]
Application time: 0.0927699 seconds
[GC pause (G1 Evacuation Pause) (young) 110M->68M(128M), 0.0010164 secs]
Application time: 0.0789640 seconds
[GC pause (G1 Evacuation Pause) (young) (initial-mark) 110M->68M(128M), 0.0012570 secs]
[GC concurrent-root-region-scan-start]
[GC concurrent-root-region-scan-end, 0.0002190 secs]
[GC concurrent-mark-start]
[GC concurrent-mark-end, 0.0039523 secs]
Application time: 0.0042255 seconds
[GC remark, 0.0034915 secs]
Application time: 0.0000621 seconds
[GC cleanup 69M->69M(128M), 0.0002709 secs]
Application time: 0.0581791 seconds
[GC pause (G1 Evacuation Pause) (young) 110M->68M(128M), 0.0012456 secs]
Application time: 0.0436695 seconds
[GC pause (G1 Evacuation Pause) (young) 110M->68M(128M), 0.0011342 secs]
Application time: 0.0437665 seconds
[GC pause (G1 Evacuation Pause) (young) (initial-mark) 110M->68M(128M), 0.0031988 secs]
[GC concurrent-root-region-scan-start]
[GC concurrent-root-region-scan-end, 0.0002011 secs]
[GC concurrent-mark-start]
[GC concurrent-mark-end, 0.0039687 secs]
Application time: 0.0042179 seconds
[GC remark, 0.0031656 secs]
Application time: 0.0000486 seconds
[GC cleanup 70M->70M(128M), 0.0002435 secs]
Application time: 0.0418755 seconds
[GC pause (G1 Evacuation Pause) (young) 110M->68M(128M), 0.0010695 secs]
Application time: 0.0433113 seconds
[GC pause (G1 Evacuation Pause) (young) 110M->68M(128M), 0.0010531 secs]
Application time: 0.0433652 seconds
[GC pause (G1 Evacuation Pause) (young) (initial-mark) 110M->68M(128M), 0.0013318 secs]
[GC concurrent-root-region-scan-start]
[GC concurrent-root-region-scan-end, 0.0002435 secs]
[GC concurrent-mark-start]
[GC concurrent-mark-end, 0.0041355 secs]
Application time: 0.0044353 seconds
[GC remark, 0.0030454 secs]
Application time: 0.0000424 seconds
[GC cleanup 70M->70M(128M), 0.0002234 secs]
Application time: 0.0433849 seconds
[GC pause (G1 Evacuation Pause) (young) 110M->68M(128M), 0.0012031 secs]
Application time: 0.0555620 seconds
[GC pause (G1 Evacuation Pause) (young) 110M->68M(128M), 0.0010721 secs]
Application time: 0.0674125 seconds
[GC pause (G1 Evacuation Pause) (young) (initial-mark) 110M->68M(128M), 0.0012681 secs]
[GC concurrent-root-region-scan-start]
[GC concurrent-root-region-scan-end, 0.0001879 secs]
[GC concurrent-mark-start]
[GC concurrent-mark-end, 0.0039825 secs]
Application time: 0.0042320 seconds
[GC remark, 0.0031452 secs]
Application time: 0.0000473 seconds
[GC cleanup 69M->69M(128M), 0.0002221 secs]
Application time: 0.1027098 seconds
[GC pause (G1 Evacuation Pause) (young) 110M->68M(128M), 0.0010583 secs]
Application time: 0.0672597 seconds
[GC pause (G1 Evacuation Pause) (young) 110M->68M(128M), 0.0010854 secs]
Application time: 0.0454594 seconds
[GC pause (G1 Evacuation Pause) (young) (initial-mark) 110M->68M(128M), 0.0013695 secs]
[GC concurrent-root-region-scan-start]
[GC concurrent-root-region-scan-end, 0.0001733 secs]
[GC concurrent-mark-start]
[GC concurrent-mark-end, 0.0041375 secs]
Application time: 0.0043804 seconds
[GC remark, 0.0033326 secs]
Application time: 0.0000678 seconds
[GC cleanup 70M->70M(128M), 0.0002717 secs]
Application time: 0.0428046 seconds
[GC pause (G1 Evacuation Pause) (young) 110M->68M(128M), 0.0010779 secs]
Application time: 0.0437850 seconds
[GC pause (G1 Evacuation Pause) (young) 110M->68M(128M), 0.0010547 secs]
Application time: 0.0487657 seconds
[GC pause (G1 Evacuation Pause) (young) (initial-mark) 110M->68M(128M), 0.0012618 secs]
[GC concurrent-root-region-scan-start]
[GC concurrent-root-region-scan-end, 0.0002557 secs]
[GC concurrent-mark-start]
[GC concurrent-mark-end, 0.0042150 secs]
Application time: 0.0045393 seconds
[GC remark, 0.0034276 secs]
Application time: 0.0000657 seconds
[GC cleanup 70M->70M(128M), 0.0002492 secs]
Application time: 0.0418619 seconds
[GC pause (G1 Evacuation Pause) (young) 110M->68M(128M), 0.0010296 secs]
Application time: 0.0641844 seconds
[GC pause (G1 Evacuation Pause) (young) 110M->68M(128M), 0.0009852 secs]
Application time: 0.0513499 seconds
[GC pause (G1 Evacuation Pause) (young) (initial-mark) 110M->68M(128M), 0.0010361 secs]
[GC concurrent-root-region-scan-start]
[GC concurrent-root-region-scan-end, 0.0002269 secs]
[GC concurrent-mark-start]
[GC concurrent-mark-end, 0.0049801 secs]
Application time: 0.0052706 seconds
[GC remark, 0.0028301 secs]
Application time: 0.0000559 seconds
[GC cleanup 69M->69M(128M), 0.0002038 secs]
Application time: 0.0668345 seconds
[GC pause (G1 Evacuation Pause) (young) 110M->68M(128M), 0.0007849 secs]
Application time: 0.1198480 seconds
[GC pause (G1 Evacuation Pause) (young) 110M->68M(128M), 0.0008430 secs]
Application time: 0.0640218 seconds
[GC pause (G1 Evacuation Pause) (young) (initial-mark) 110M->68M(128M), 0.0010112 secs]
[GC concurrent-root-region-scan-start]
[GC concurrent-root-region-scan-end, 0.0001687 secs]
[GC concurrent-mark-start]
[GC concurrent-mark-end, 0.0037923 secs]
Application time: 0.0040079 seconds
[GC remark, 0.0026301 secs]
Application time: 0.0000461 seconds
[GC cleanup 69M->69M(128M), 0.0001975 secs]
Application time: 0.0445957 seconds
[GC pause (G1 Evacuation Pause) (young) 110M->68M(128M), 0.0008590 secs]
Application time: 0.0432942 seconds
[GC pause (G1 Evacuation Pause) (young) 110M->68M(128M), 0.0008360 secs]
Application time: 0.0416221 seconds
[GC pause (G1 Evacuation Pause) (young) (initial-mark) 110M->68M(128M), 0.0009796 secs]
[GC concurrent-root-region-scan-start]
[GC concurrent-root-region-scan-end, 0.0001825 secs]
[GC concurrent-mark-start]
[GC concurrent-mark-end, 0.0038197 secs]
Application time: 0.0040528 seconds
[GC remark, 0.0025332 secs]
Application time: 0.0000451 seconds
[GC cleanup 70M->70M(128M), 0.0001885 secs]
Application time: 0.0414775 seconds
[GC pause (G1 Evacuation Pause) (young) 110M->68M(128M), 0.0009039 secs]
Application time: 0.0431782 seconds
[GC pause (G1 Evacuation Pause) (young) 110M->68M(128M), 0.0008824 secs]
Application time: 0.0419438 seconds
[GC pause (G1 Evacuation Pause) (young) (initial-mark) 110M->68M(128M), 0.0009702 secs]
[GC concurrent-root-region-scan-start]
[GC concurrent-root-region-scan-end, 0.0001625 secs]
[GC concurrent-mark-start]
[GC concurrent-mark-end, 0.0038678 secs]
Application time: 0.0040857 seconds
[GC remark, 0.0025712 secs]
Application time: 0.0000394 seconds
[GC cleanup 70M->70M(128M), 0.0002236 secs]
Application time: 0.0405865 seconds
[GC pause (G1 Evacuation Pause) (young) 110M->68M(128M), 0.0007939 secs]
Application time: 0.0564147 seconds
[GC pause (G1 Evacuation Pause) (young) 110M->68M(128M), 0.0007928 secs]
Application time: 0.0812371 seconds
[GC pause (G1 Evacuation Pause) (young) (initial-mark) 110M->68M(128M), 0.0008565 secs]
[GC concurrent-root-region-scan-start]
[GC concurrent-root-region-scan-end, 0.0001447 secs]
[GC concurrent-mark-start]
[GC concurrent-mark-end, 0.0038049 secs]
Application time: 0.0039959 seconds
[GC remark, 0.0028138 secs]
Application time: 0.0000419 seconds
[GC cleanup 69M->69M(128M), 0.0001681 secs]
Application time: 0.0723013 seconds
[GC pause (G1 Evacuation Pause) (young) 110M->68M(128M), 0.0008137 secs]
Application time: 0.0537567 seconds
[GC pause (G1 Evacuation Pause) (young) 110M->68M(128M), 0.0007485 secs]
Application time: 0.0404713 seconds
[GC pause (G1 Evacuation Pause) (young) (initial-mark) 110M->68M(128M), 0.0009014 secs]
[GC concurrent-root-region-scan-start]
[GC concurrent-root-region-scan-end, 0.0002026 secs]
[GC concurrent-mark-start]
[GC concurrent-mark-end, 0.0037192 secs]
Application time: 0.0054902 seconds
[GC remark, 0.0025538 secs]
Application time: 0.0000362 seconds
[GC cleanup 71M->71M(128M), 0.0001856 secs]
Application time: 0.0411084 seconds
[GC pause (G1 Evacuation Pause) (young) 110M->68M(128M), 0.0008966 secs]
Application time: 0.0434359 seconds
[GC pause (G1 Evacuation Pause) (young) 110M->68M(128M), 0.0009268 secs]
Application time: 0.0447790 seconds
[GC pause (G1 Evacuation Pause) (young) (initial-mark) 110M->68M(128M), 0.0009544 secs]
[GC concurrent-root-region-scan-start]
[GC concurrent-root-region-scan-end, 0.0001792 secs]
[GC concurrent-mark-start]
[GC concurrent-mark-end, 0.0039465 secs]
Application time: 0.0041734 seconds
[GC remark, 0.0026407 secs]
Application time: 0.0000430 seconds
[GC cleanup 70M->70M(128M), 0.0001871 secs]
Application time: 0.0417852 seconds
[GC pause (G1 Evacuation Pause) (young) 110M->68M(128M), 0.0007845 secs]
Application time: 0.0425925 seconds
[GC pause (G1 Evacuation Pause) (young) 110M->68M(128M), 0.0007271 secs]
Application time: 0.0573455 seconds
[GC pause (G1 Evacuation Pause) (young) (initial-mark) 110M->68M(128M), 0.0008189 secs]
[GC concurrent-root-region-scan-start]
[GC concurrent-root-region-scan-end, 0.0001364 secs]
[GC concurrent-mark-start]
[GC concurrent-mark-end, 0.0035815 secs]
Application time: 0.0054164 seconds
[GC remark, 0.0023934 secs]
Application time: 0.0000331 seconds
[GC cleanup 70M->70M(128M), 0.0001791 secs]
Application time: 0.0644666 seconds
[GC pause (G1 Evacuation Pause) (young) 110M->68M(128M), 0.0007781 secs]
Application time: 0.0789236 seconds
[GC pause (G1 Evacuation Pause) (young) 110M->68M(128M), 0.0008545 secs]
Application time: 0.0601626 seconds
[GC pause (G1 Evacuation Pause) (young) (initial-mark) 110M->68M(128M), 0.0008889 secs]
[GC concurrent-root-region-scan-start]
[GC concurrent-root-region-scan-end, 0.0001585 secs]
[GC concurrent-mark-start]
[GC concurrent-mark-end, 0.0040348 secs]
Application time: 0.0042504 seconds
[GC remark, 0.0026387 secs]
Application time: 0.0000289 seconds
[GC cleanup 69M->69M(128M), 0.0002107 secs]
Application time: 0.0495052 seconds
[GC pause (G1 Evacuation Pause) (young) 110M->68M(128M), 0.0008742 secs]
Application time: 0.0418679 seconds
[GC pause (G1 Evacuation Pause) (young) 110M->68M(128M), 0.0009343 secs]
Application time: 0.0411801 seconds
[GC pause (G1 Evacuation Pause) (young) (initial-mark) 110M->68M(128M), 0.0009973 secs]
[GC concurrent-root-region-scan-start]
[GC concurrent-root-region-scan-end, 0.0002073 secs]
[GC concurrent-mark-start]
[GC concurrent-mark-end, 0.0038943 secs]
Application time: 0.0041113 seconds
[GC remark, 0.0025281 secs]
Application time: 0.0000286 seconds
[GC cleanup 69M->69M(128M), 0.0002003 secs]
Application time: 0.0453099 seconds
[GC pause (G1 Evacuation Pause) (young) 110M->68M(128M), 0.0008632 secs]
Application time: 0.0415629 seconds
[GC pause (G1 Evacuation Pause) (young) 110M->68M(128M), 0.0009236 secs]
Application time: 0.0414841 seconds
[GC pause (G1 Evacuation Pause) (young) (initial-mark) 110M->68M(128M), 0.0009743 secs]
[GC concurrent-root-region-scan-start]
[GC concurrent-root-region-scan-end, 0.0001942 secs]
[GC concurrent-mark-start]
[GC concurrent-mark-end, 0.0039630 secs]
Application time: 0.0041540 seconds
[GC remark, 0.0025778 secs]
Application time: 0.0000312 seconds
[GC cleanup 71M->71M(128M), 0.0001869 secs]
Application time: 0.0527949 seconds
[GC pause (G1 Evacuation Pause) (young) 110M->68M(128M), 0.0007995 secs]
Application time: 0.0636112 seconds
[GC pause (G1 Evacuation Pause) (young) 110M->68M(128M), 0.0009133 secs]
Application time: 0.0680371 seconds
[GC pause (G1 Evacuation Pause) (young) (initial-mark) 110M->68M(128M), 0.0009768 secs]
[GC concurrent-root-region-scan-start]
[GC concurrent-root-region-scan-end, 0.0002389 secs]
[GC concurrent-mark-start]
[GC concurrent-mark-end, 0.0040715 secs]
Application time: 0.0043203 seconds
[GC remark, 0.0027959 secs]
Application time: 0.0000345 seconds
[GC cleanup 69M->69M(128M), 0.0002564 secs]
Application time: 0.0646002 seconds
[GC pause (G1 Evacuation Pause) (young) 110M->68M(128M), 0.0009558 secs]
Application time: 0.0629721 seconds
[GC pause (G1 Evacuation Pause) (young) 110M->68M(128M), 0.0007862 secs]
Application time: 0.0421603 seconds
[GC pause (G1 Evacuation Pause) (young) (initial-mark) 110M->68M(128M), 0.0011035 secs]
[GC concurrent-root-region-scan-start]
[GC concurrent-root-region-scan-end, 0.0001996 secs]
[GC concurrent-mark-start]
[GC concurrent-mark-end, 0.0040148 secs]
Application time: 0.0042182 seconds
[GC remark, 0.0028246 secs]
Application time: 0.0000351 seconds
[GC cleanup 71M->71M(128M), 0.0002093 secs]
Application time: 0.0534156 seconds
[GC pause (G1 Evacuation Pause) (young) 110M->68M(128M), 0.0008454 secs]
Application time: 0.0457818 seconds
[GC pause (G1 Evacuation Pause) (young) 110M->68M(128M), 0.0009004 secs]
Application time: 0.0446096 seconds
[GC pause (G1 Evacuation Pause) (young) (initial-mark) 110M->68M(128M), 0.0009067 secs]
[GC concurrent-root-region-scan-start]
[GC concurrent-root-region-scan-end, 0.0001798 secs]
[GC concurrent-mark-start]
[GC concurrent-mark-end, 0.0038510 secs]
Application time: 0.0040895 seconds
[GC remark, 0.0024731 secs]
Application time: 0.0000304 seconds
[GC cleanup 71M->71M(128M), 0.0001830 secs]
Application time: 0.0428535 seconds
[GC pause (G1 Evacuation Pause) (young) 110M->68M(128M), 0.0010479 secs]
Application time: 0.0449073 seconds
[GC pause (G1 Evacuation Pause) (young) 110M->68M(128M), 0.0008611 secs]
Application time: 0.0769393 seconds
[GC pause (G1 Evacuation Pause) (young) (initial-mark) 110M->68M(128M), 0.0009000 secs]
[GC concurrent-root-region-scan-start]
[GC concurrent-root-region-scan-end, 0.0001747 secs]
[GC concurrent-mark-start]
[GC concurrent-mark-end, 0.0038467 secs]
Application time: 0.0040233 seconds
[GC remark, 0.0023932 secs]
Application time: 0.0000285 seconds
[GC cleanup 69M->69M(128M), 0.0001818 secs]
Application time: 0.0809449 seconds
[GC pause (G1 Evacuation Pause) (young) 110M->68M(128M), 0.0008074 secs]
Application time: 0.0690104 seconds
[GC pause (G1 Evacuation Pause) (young) 110M->68M(128M), 0.0009251 secs]
Application time: 0.0647363 seconds
[GC pause (G1 Evacuation Pause) (young) (initial-mark) 110M->68M(128M), 0.0010282 secs]
[GC concurrent-root-region-scan-start]
[GC concurrent-root-region-scan-end, 0.0001778 secs]
[GC concurrent-mark-start]
[GC concurrent-mark-end, 0.0042574 secs]
Application time: 0.0044390 seconds
[GC remark, 0.0028622 secs]
Application time: 0.0000283 seconds
[GC cleanup 68M->68M(128M), 0.0001923 secs]
Application time: 0.0545880 seconds
[GC pause (G1 Evacuation Pause) (young) 110M->68M(128M), 0.0008911 secs]
Application time: 0.0450186 seconds
[GC pause (G1 Evacuation Pause) (young) 110M->68M(128M), 0.0008482 secs]
Application time: 0.0447319 seconds
[GC pause (G1 Evacuation Pause) (young) (initial-mark) 110M->68M(128M), 0.0009125 secs]
[GC concurrent-root-region-scan-start]
[GC concurrent-root-region-scan-end, 0.0001557 secs]
[GC concurrent-mark-start]
[GC concurrent-mark-end, 0.0039074 secs]
Application time: 0.0041211 seconds
[GC remark, 0.0026283 secs]
Application time: 0.0000307 seconds
[GC cleanup 70M->70M(128M), 0.0002229 secs]
Application time: 0.0436264 seconds
[GC pause (G1 Evacuation Pause) (young) 110M->68M(128M), 0.0009155 secs]
Application time: 0.0451906 seconds
[GC pause (G1 Evacuation Pause) (young) 110M->68M(128M), 0.0008465 secs]
Application time: 0.0444019 seconds
[GC pause (G1 Evacuation Pause) (young) (initial-mark) 110M->68M(128M), 0.0009764 secs]
[GC concurrent-root-region-scan-start]
[GC concurrent-root-region-scan-end, 0.0001936 secs]
[GC concurrent-mark-start]
[GC concurrent-mark-end, 0.0041269 secs]
Application time: 0.0043809 seconds
[GC remark, 0.0026059 secs]
Application time: 0.0000313 seconds
[GC cleanup 71M->71M(128M), 0.0003082 secs]
Application time: 0.0669829 seconds
[GC pause (G1 Evacuation Pause) (young) 110M->68M(128M), 0.0008868 secs]
Application time: 0.0691080 seconds
[GC pause (G1 Evacuation Pause) (young) 110M->68M(128M), 0.0007721 secs]
Application time: 0.0690223 seconds
[GC pause (G1 Evacuation Pause) (young) (initial-mark) 110M->68M(128M), 0.0010186 secs]
[GC concurrent-root-region-scan-start]
[GC concurrent-root-region-scan-end, 0.0001748 secs]
[GC concurrent-mark-start]
[GC concurrent-mark-end, 0.0042369 secs]
Application time: 0.0044258 seconds
[GC remark, 0.0026637 secs]
Application time: 0.0000301 seconds
[GC cleanup 69M->69M(128M), 0.0002046 secs]
Application time: 0.0667402 seconds
[GC pause (G1 Evacuation Pause) (young) 110M->68M(128M), 0.0008902 secs]
Application time: 0.0602930 seconds
[GC pause (G1 Evacuation Pause) (young) 110M->68M(128M), 0.0008966 secs]
Application time: 0.0471313 seconds
[GC pause (G1 Evacuation Pause) (young) (initial-mark) 110M->68M(128M), 0.0010985 secs]
[GC concurrent-root-region-scan-start]
[GC concurrent-root-region-scan-end, 0.0002071 secs]
[GC concurrent-mark-start]
[GC concurrent-mark-end, 0.0042184 secs]
Application time: 0.0044454 seconds
[GC remark, 0.0026369 secs]
Application time: 0.0000358 seconds
[GC cleanup 70M->70M(128M), 0.0001995 secs]
Application time: 0.0440416 seconds
[GC pause (G1 Evacuation Pause) (young) 110M->68M(128M), 0.0008927 secs]
Application time: 0.0450281 seconds
[GC pause (G1 Evacuation Pause) (young) 110M->68M(128M), 0.0008627 secs]
Application time: 0.0451455 seconds
[GC pause (G1 Evacuation Pause) (young) (initial-mark) 110M->68M(128M), 0.0009443 secs]
[GC concurrent-root-region-scan-start]
[GC concurrent-root-region-scan-end, 0.0002087 secs]
[GC concurrent-mark-start]
[GC concurrent-mark-end, 0.0040550 secs]
Application time: 0.0043225 seconds
[GC remark, 0.0027642 secs]
Application time: 0.0000303 seconds
[GC cleanup 71M->71M(128M), 0.0002100 secs]
Application time: 0.0432502 seconds
[GC pause (G1 Evacuation Pause) (young) 110M->68M(128M), 0.0008083 secs]
Application time: 0.0670551 seconds
[GC pause (G1 Evacuation Pause) (young) 110M->68M(128M), 0.0008302 secs]
Application time: 0.0726396 seconds
[GC pause (G1 Evacuation Pause) (young) (initial-mark) 110M->68M(128M), 0.0010301 secs]
[GC concurrent-root-region-scan-start]
[GC concurrent-root-region-scan-end, 0.0001443 secs]
[GC concurrent-mark-start]
[GC concurrent-mark-end, 0.0039955 secs]
Application time: 0.0041975 seconds
[GC remark, 0.0026615 secs]
Application time: 0.0000345 seconds
[GC cleanup 70M->70M(128M), 0.0001986 secs]
Application time: 0.0575192 seconds
[GC pause (G1 Evacuation Pause) (young) 110M->68M(128M), 0.0008355 secs]
Application time: 0.0642734 seconds
[GC pause (G1 Evacuation Pause) (young) 110M->68M(128M), 0.0008603 secs]
Application time: 0.0647279 seconds
[GC pause (G1 Evacuation Pause) (young) (initial-mark) 110M->68M(128M), 0.0010502 secs]
[GC concurrent-root-region-scan-start]
[GC concurrent-root-region-scan-end, 0.0002139 secs]
[GC concurrent-mark-start]
[GC concurrent-mark-end, 0.0040557 secs]
Application time: 0.0042701 seconds
[GC remark, 0.0025545 secs]
Application time: 0.0000306 seconds
[GC cleanup 69M->69M(128M), 0.0002017 secs]
Application time: 0.0553237 seconds
[GC pause (G1 Evacuation Pause) (young) 110M->68M(128M), 0.0009312 secs]
Application time: 0.0444370 seconds
[GC pause (G1 Evacuation Pause) (young) 110M->68M(128M), 0.0010073 secs]
Application time: 0.0439252 seconds
[GC pause (G1 Evacuation Pause) (young) (initial-mark) 110M->68M(128M), 0.0010820 secs]
[GC concurrent-root-region-scan-start]
[GC concurrent-root-region-scan-end, 0.0002539 secs]
[GC concurrent-mark-start]
[GC concurrent-mark-end, 0.0038878 secs]
Application time: 0.0043332 seconds
[GC remark, 0.0025888 secs]
Application time: 0.0015940 seconds
[GC cleanup 71M->71M(128M), 0.0001695 secs]
Application time: 0.0415084 seconds
[GC pause (G1 Evacuation Pause) (young) 110M->68M(128M), 0.0008396 secs]
Application time: 0.0446785 seconds
[GC pause (G1 Evacuation Pause) (young) 110M->68M(128M), 0.0008466 secs]
Application time: 0.0660838 seconds
[GC pause (G1 Evacuation Pause) (young) (initial-mark) 110M->68M(128M), 0.0008893 secs]
[GC concurrent-root-region-scan-start]
[GC concurrent-root-region-scan-end, 0.0001387 secs]
[GC concurrent-mark-start]
[GC concurrent-mark-end, 0.0039107 secs]
Application time: 0.0055226 seconds
[GC remark, 0.0025864 secs]
Application time: 0.0000327 seconds
[GC cleanup 70M->70M(128M), 0.0001946 secs]
Application time: 0.0671208 seconds
[GC pause (G1 Evacuation Pause) (young) 110M->68M(128M), 0.0008290 secs]
Application time: 0.0571568 seconds
[GC pause (G1 Evacuation Pause) (young) 110M->68M(128M), 0.0009746 secs]
Application time: 0.0536486 seconds
[GC pause (G1 Evacuation Pause) (young) (initial-mark) 110M->68M(128M), 0.0010661 secs]
[GC concurrent-root-region-scan-start]
[GC concurrent-root-region-scan-end, 0.0002141 secs]
[GC concurrent-mark-start]
[GC concurrent-mark-end, 0.0039716 secs]
Application time: 0.0050978 seconds
[GC remark, 0.0026482 secs]
Application time: 0.0000459 seconds
[GC cleanup 69M->69M(128M), 0.0001895 secs]
Application time: 0.0635659 seconds
[GC pause (G1 Evacuation Pause) (young) 110M->68M(128M), 0.0007980 secs]
Application time: 0.0639315 seconds
[GC pause (G1 Evacuation Pause) (young) 110M->68M(128M), 0.0008724 secs]
Application time: 0.0449497 seconds
[GC pause (G1 Evacuation Pause) (young) (initial-mark) 110M->68M(128M), 0.0015282 secs]
[GC concurrent-root-region-scan-start]
[GC concurrent-root-region-scan-end, 0.0002284 secs]
[GC concurrent-mark-start]
[GC concurrent-mark-end, 0.0039702 secs]
Application time: 0.0042852 seconds
[GC remark, 0.0036716 secs]
Application time: 0.0014435 seconds
[GC cleanup 70M->70M(128M), 0.0002836 secs]
Application time: 0.0534078 seconds
[GC pause (G1 Evacuation Pause) (young) 110M->68M(128M), 0.0011118 secs]
Application time: 0.0497284 seconds
[GC pause (G1 Evacuation Pause) (young) 110M->68M(128M), 0.0009914 secs]
Application time: 0.0533357 seconds
[GC pause (G1 Evacuation Pause) (young) (initial-mark) 110M->68M(128M), 0.0012369 secs]
[GC concurrent-root-region-scan-start]
[GC concurrent-root-region-scan-end, 0.0001768 secs]
[GC concurrent-mark-start]
[GC concurrent-mark-end, 0.0038745 secs]
Application time: 0.0047905 seconds
[GC remark, 0.0032423 secs]
Application time: 0.0000388 seconds
[GC cleanup 70M->70M(128M), 0.0002576 secs]
Application time: 0.0693921 seconds
[GC pause (G1 Evacuation Pause) (young) 110M->68M(128M), 0.0009855 secs]
Application time: 0.0708254 seconds
[GC pause (G1 Evacuation Pause) (young) 110M->68M(128M), 0.0011606 secs]
Application time: 0.0581089 seconds
[GC pause (G1 Evacuation Pause) (young) (initial-mark) 110M->68M(128M), 0.0012328 secs]
[GC concurrent-root-region-scan-start]
[GC concurrent-root-region-scan-end, 0.0002800 secs]
[GC concurrent-mark-start]
[GC concurrent-mark-end, 0.0040079 secs]
Application time: 0.0043809 seconds
[GC remark, 0.0034987 secs]
Application time: 0.0000343 seconds
[GC cleanup 70M->70M(128M), 0.0002463 secs]
Application time: 0.0454425 seconds
[GC pause (G1 Evacuation Pause) (young) 110M->68M(128M), 0.0010349 secs]
Application time: 0.0490394 seconds
[GC pause (G1 Evacuation Pause) (young) 110M->68M(128M), 0.0012913 secs]
Application time: 0.0613275 seconds
[GC pause (G1 Evacuation Pause) (young) (initial-mark) 110M->68M(128M), 0.0011516 secs]
[GC concurrent-root-region-scan-start]
[GC concurrent-root-region-scan-end, 0.0002944 secs]
[GC concurrent-mark-start]
[GC concurrent-mark-end, 0.0039820 secs]
Application time: 0.0043311 seconds
[GC remark, 0.0035610 secs]
Application time: 0.0010684 seconds
[GC cleanup 69M->69M(128M), 0.0002898 secs]
Application time: 0.0620165 seconds
[GC pause (G1 Evacuation Pause) (young) 110M->68M(128M), 0.0011484 secs]
Application time: 0.0637666 seconds
[GC pause (G1 Evacuation Pause) (young) 110M->68M(128M), 0.0010346 secs]
Application time: 0.0480976 seconds
[GC pause (G1 Evacuation Pause) (young) (initial-mark) 110M->68M(128M), 0.0013507 secs]
[GC concurrent-root-region-scan-start]
[GC concurrent-root-region-scan-end, 0.0001952 secs]
[GC concurrent-mark-start]
[GC concurrent-mark-end, 0.0038264 secs]
Application time: 0.0040912 seconds
[GC remark, 0.0033303 secs]
Application time: 0.0027761 seconds
[GC cleanup 70M->70M(128M), 0.0003235 secs]
Application time: 0.0671105 seconds
[GC pause (G1 Evacuation Pause) (young) 110M->68M(128M), 0.0010512 secs]
Application time: 0.0713623 seconds
[GC pause (G1 Evacuation Pause) (young) 110M->68M(128M), 0.0009461 secs]
Application time: 0.0726833 seconds
[GC pause (G1 Evacuation Pause) (young) (initial-mark) 110M->68M(128M), 0.0012744 secs]
[GC concurrent-root-region-scan-start]
[GC concurrent-root-region-scan-end, 0.0003414 secs]
[GC concurrent-mark-start]
[GC concurrent-mark-end, 0.0061590 secs]
Application time: 0.0065584 seconds
[GC remark, 0.0038941 secs]
Application time: 0.0013590 seconds
[GC cleanup 71M->71M(128M), 0.0002672 secs]
Application time: 0.0414539 seconds
[GC pause (G1 Evacuation Pause) (young) 110M->68M(128M), 0.0010537 secs]
Application time: 0.0447634 seconds
[GC pause (G1 Evacuation Pause) (young) 110M->68M(128M), 0.0010439 secs]
Application time: 0.0449103 seconds
[GC pause (G1 Evacuation Pause) (young) (initial-mark) 110M->68M(128M), 0.0011463 secs]
[GC concurrent-root-region-scan-start]
[GC concurrent-root-region-scan-end, 0.0002813 secs]
[GC concurrent-mark-start]
[GC concurrent-mark-end, 0.0039496 secs]
Application time: 0.0042870 seconds
[GC remark, 0.0030787 secs]
Application time: 0.0000431 seconds
[GC cleanup 71M->71M(128M), 0.0003016 secs]
Application time: 0.0431357 seconds
[GC pause (G1 Evacuation Pause) (young) 110M->68M(128M), 0.0011225 secs]
Application time: 0.0646561 seconds
[GC pause (G1 Evacuation Pause) (young) 110M->68M(128M), 0.0009941 secs]
Application time: 0.0714566 seconds
[GC pause (G1 Evacuation Pause) (young) (initial-mark) 110M->68M(128M), 0.0012133 secs]
[GC concurrent-root-region-scan-start]
[GC concurrent-root-region-scan-end, 0.0001908 secs]
[GC concurrent-mark-start]
[GC concurrent-mark-end, 0.0039383 secs]
Application time: 0.0041863 seconds
[GC remark, 0.0033161 secs]
Application time: 0.0000336 seconds
[GC cleanup 71M->71M(128M), 0.0002290 secs]
Application time: 0.0538608 seconds
[GC pause (G1 Evacuation Pause) (young) 110M->68M(128M), 0.0012358 secs]
Application time: 0.0819302 seconds
[GC pause (G1 Evacuation Pause) (young) 110M->68M(128M), 0.0010367 secs]
Application time: 0.0738379 seconds
[GC pause (G1 Evacuation Pause) (young) (initial-mark) 110M->68M(128M), 0.0011264 secs]
[GC concurrent-root-region-scan-start]
[GC concurrent-root-region-scan-end, 0.0002358 secs]
[GC concurrent-mark-start]
[GC concurrent-mark-end, 0.0038204 secs]
Application time: 0.0041202 seconds
[GC remark, 0.0035746 secs]
Application time: 0.0024214 seconds
[GC cleanup 70M->70M(128M), 0.0002300 secs]
Application time: 0.0513886 seconds
[GC pause (G1 Evacuation Pause) (young) 110M->68M(128M), 0.0010960 secs]
Application time: 0.0444367 seconds
[GC pause (G1 Evacuation Pause) (young) 110M->68M(128M), 0.0012376 secs]
Application time: 0.0454691 seconds
[GC pause (G1 Evacuation Pause) (young) (initial-mark) 110M->68M(128M), 0.0012734 secs]
[GC concurrent-root-region-scan-start]
[GC concurrent-root-region-scan-end, 0.0002115 secs]
[GC concurrent-mark-start]
[GC concurrent-mark-end, 0.0039536 secs]
Application time: 0.0042211 seconds
[GC remark, 0.0030969 secs]
Application time: 0.0000436 seconds
[GC cleanup 70M->70M(128M), 0.0002110 secs]
Application time: 0.0433494 seconds
[GC pause (G1 Evacuation Pause) (young) 110M->68M(128M), 0.0010981 secs]
Application time: 0.0438471 seconds
[GC pause (G1 Evacuation Pause) (young) 110M->68M(128M), 0.0010761 secs]
Application time: 0.0429788 seconds
[GC pause (G1 Evacuation Pause) (young) (initial-mark) 110M->68M(128M), 0.0011270 secs]
[GC concurrent-root-region-scan-start]
[GC concurrent-root-region-scan-end, 0.0002937 secs]
[GC concurrent-mark-start]
[GC concurrent-mark-end, 0.0037029 secs]
Application time: 0.0040549 seconds
[GC remark, 0.0028788 secs]
Application time: 0.0000418 seconds
[GC cleanup 70M->70M(128M), 0.0002175 secs]
Application time: 0.0679302 seconds
[GC pause (G1 Evacuation Pause) (young) 110M->68M(128M), 0.0010167 secs]
Application time: 0.0690352 seconds
[GC pause (G1 Evacuation Pause) (young) 110M->68M(128M), 0.0010508 secs]
Application time: 0.0772992 seconds
[GC pause (G1 Evacuation Pause) (young) (initial-mark) 110M->68M(128M), 0.0013202 secs]
[GC concurrent-root-region-scan-start]
[GC concurrent-root-region-scan-end, 0.0002127 secs]
[GC concurrent-mark-start]
[GC concurrent-mark-end, 0.0041285 secs]
Application time: 0.0053032 seconds
[GC remark, 0.0030692 secs]
Application time: 0.0000465 seconds
[GC cleanup 69M->69M(128M), 0.0002195 secs]
Application time: 0.0604406 seconds
[GC pause (G1 Evacuation Pause) (young) 110M->68M(128M), 0.0011014 secs]
Application time: 0.0547530 seconds
[GC pause (G1 Evacuation Pause) (young) 110M->68M(128M), 0.0011656 secs]
Application time: 0.0428478 seconds
[GC pause (G1 Evacuation Pause) (young) (initial-mark) 110M->68M(128M), 0.0012817 secs]
[GC concurrent-root-region-scan-start]
[GC concurrent-root-region-scan-end, 0.0002229 secs]
[GC concurrent-mark-start]
[GC concurrent-mark-end, 0.0037959 secs]
Application time: 0.0056730 seconds
[GC remark, 0.0031160 secs]
Application time: 0.0000696 seconds
[GC cleanup 71M->71M(128M), 0.0002144 secs]
Application time: 0.0396822 seconds
[GC pause (G1 Evacuation Pause) (young) 110M->68M(128M), 0.0010332 secs]
Application time: 0.0436396 seconds
[GC pause (G1 Evacuation Pause) (young) 110M->68M(128M), 0.0011319 secs]
Application time: 0.0431183 seconds
[GC pause (G1 Evacuation Pause) (young) (initial-mark) 110M->68M(128M), 0.0010841 secs]
[GC concurrent-root-region-scan-start]
[GC concurrent-root-region-scan-end, 0.0002679 secs]
[GC concurrent-mark-start]
[GC concurrent-mark-end, 0.0037011 secs]
Application time: 0.0040336 seconds
[GC remark, 0.0032554 secs]
Application time: 0.0000341 seconds
[GC cleanup 70M->70M(128M), 0.0002390 secs]
Application time: 0.0520879 seconds
[GC pause (G1 Evacuation Pause) (young) 110M->68M(128M), 0.0010433 secs]
Application time: 0.0697685 seconds
[GC pause (G1 Evacuation Pause) (young) 110M->68M(128M), 0.0009342 secs]
Application time: 0.0629439 seconds
[GC pause (G1 Evacuation Pause) (young) (initial-mark) 110M->68M(128M), 0.0012269 secs]
[GC concurrent-root-region-scan-start]
[GC concurrent-root-region-scan-end, 0.0002197 secs]
[GC concurrent-mark-start]
[GC concurrent-mark-end, 0.0035787 secs]
Application time: 0.0038079 seconds
[GC remark, 0.0029116 secs]
Application time: 0.0000272 seconds
[GC cleanup 70M->70M(128M), 0.0002157 secs]
Application time: 0.0506428 seconds
[GC pause (G1 Evacuation Pause) (young) 110M->68M(128M), 0.0011132 secs]
Application time: 0.0599188 seconds
[GC pause (G1 Evacuation Pause) (young) 110M->68M(128M), 0.0011159 secs]
Application time: 0.0696280 seconds
[GC pause (G1 Evacuation Pause) (young) (initial-mark) 110M->68M(128M), 0.0011370 secs]
[GC concurrent-root-region-scan-start]
[GC concurrent-root-region-scan-end, 0.0001758 secs]
[GC concurrent-mark-start]
[GC concurrent-mark-end, 0.0037705 secs]
Application time: 0.0040032 seconds
[GC remark, 0.0033784 secs]
Application time: 0.0000330 seconds
[GC cleanup 70M->70M(128M), 0.0002085 secs]
Application time: 0.0591570 seconds
[GC pause (G1 Evacuation Pause) (young) 110M->68M(128M), 0.0011647 secs]
Application time: 0.0445275 seconds
[GC pause (G1 Evacuation Pause) (young) 110M->68M(128M), 0.0009313 secs]
Application time: 0.0554564 seconds
[GC pause (G1 Evacuation Pause) (young) (initial-mark) 110M->68M(128M), 0.0011307 secs]
[GC concurrent-root-region-scan-start]
[GC concurrent-root-region-scan-end, 0.0002148 secs]
[GC concurrent-mark-start]
[GC concurrent-mark-end, 0.0040660 secs]
Application time: 0.0043459 seconds
[GC remark, 0.0024787 secs]
Application time: 0.0000323 seconds
[GC cleanup 71M->71M(128M), 0.0024723 secs]
Application time: 0.0494557 seconds
[GC pause (G1 Evacuation Pause) (young) 110M->68M(128M), 0.0009894 secs]
Application time: 0.0508851 seconds
[GC pause (G1 Evacuation Pause) (young) 110M->68M(128M), 0.0010845 secs]
Application time: 0.0770822 seconds
[GC pause (G1 Evacuation Pause) (young) (initial-mark) 110M->68M(128M), 0.0011562 secs]
[GC concurrent-root-region-scan-start]
[GC concurrent-root-region-scan-end, 0.0001995 secs]
[GC concurrent-mark-start]
[GC concurrent-mark-end, 0.0040124 secs]
Application time: 0.0042686 seconds
[GC remark, 0.0024867 secs]
Application time: 0.0000331 seconds
[GC cleanup 70M->70M(128M), 0.0001686 secs]
Application time: 0.0692080 seconds
[GC pause (G1 Evacuation Pause) (young) 110M->68M(128M), 0.0008841 secs]
Application time: 0.0637073 seconds
[GC pause (G1 Evacuation Pause) (young) 110M->68M(128M), 0.0008932 secs]
Application time: 0.0623410 seconds
[GC pause (G1 Evacuation Pause) (young) (initial-mark) 110M->68M(128M), 0.0010501 secs]
[GC concurrent-root-region-scan-start]
[GC concurrent-root-region-scan-end, 0.0001784 secs]
[GC concurrent-mark-start]
[GC concurrent-mark-end, 0.0041430 secs]
Application time: 0.0043205 seconds
[GC remark, 0.0026823 secs]
Application time: 0.0000296 seconds
[GC cleanup 69M->69M(128M), 0.0002164 secs]
Application time: 0.0740873 seconds
[GC pause (G1 Evacuation Pause) (young) 110M->68M(128M), 0.0009613 secs]
Application time: 0.0664687 seconds
[GC pause (G1 Evacuation Pause) (young) 110M->68M(128M), 0.0009119 secs]
Application time: 0.0472340 seconds
[GC pause (G1 Evacuation Pause) (young) (initial-mark) 110M->68M(128M), 0.0010232 secs]
[GC concurrent-root-region-scan-start]
[GC concurrent-root-region-scan-end, 0.0001698 secs]
[GC concurrent-mark-start]
[GC concurrent-mark-end, 0.0042822 secs]
Application time: 0.0044562 seconds
[GC remark, 0.0026646 secs]
Application time: 0.0000335 seconds
[GC cleanup 70M->70M(128M), 0.0001831 secs]
Application time: 0.0463644 seconds
[GC pause (G1 Evacuation Pause) (young) 110M->68M(128M), 0.0009804 secs]
Application time: 0.0463228 seconds
[GC pause (G1 Evacuation Pause) (young) 110M->68M(128M), 0.0008756 secs]
Application time: 0.0467052 seconds
[GC pause (G1 Evacuation Pause) (young) (initial-mark) 110M->68M(128M), 0.0011423 secs]
[GC concurrent-root-region-scan-start]
[GC concurrent-root-region-scan-end, 0.0002159 secs]
[GC concurrent-mark-start]
[GC concurrent-mark-end, 0.0040167 secs]
Application time: 0.0043023 seconds
[GC remark, 0.0026297 secs]
Application time: 0.0000327 seconds
[GC cleanup 70M->70M(128M), 0.0001733 secs]
Application time: 0.0690969 seconds
[GC pause (G1 Evacuation Pause) (young) 110M->68M(128M), 0.0010139 secs]
Application time: 0.0726797 seconds
[GC pause (G1 Evacuation Pause) (young) 110M->68M(128M), 0.0008518 secs]
Application time: 0.0590553 seconds
[GC pause (G1 Evacuation Pause) (young) (initial-mark) 110M->68M(128M), 0.0014948 secs]
[GC concurrent-root-region-scan-start]
[GC concurrent-root-region-scan-end, 0.0002053 secs]
[GC concurrent-mark-start]
[GC concurrent-mark-end, 0.0039464 secs]
Application time: 0.0041644 seconds
[GC remark, 0.0027743 secs]
Application time: 0.0000263 seconds
[GC cleanup 69M->69M(128M), 0.0001826 secs]
Application time: 0.0546784 seconds
[GC pause (G1 Evacuation Pause) (young) 110M->68M(128M), 0.0009518 secs]
Application time: 0.0666522 seconds
[GC pause (G1 Evacuation Pause) (young) 110M->68M(128M), 0.0009370 secs]
Application time: 0.0771765 seconds
[GC pause (G1 Evacuation Pause) (young) (initial-mark) 110M->68M(128M), 0.0009692 secs]
[GC concurrent-root-region-scan-start]
[GC concurrent-root-region-scan-end, 0.0001986 secs]
[GC concurrent-mark-start]
[GC concurrent-mark-end, 0.0038151 secs]
Application time: 0.0040715 seconds
[GC remark, 0.0026849 secs]
Application time: 0.0000310 seconds
[GC cleanup 70M->70M(128M), 0.0001840 secs]
Application time: 0.0606743 seconds
[GC pause (G1 Evacuation Pause) (young) 110M->68M(128M), 0.0008681 secs]
Application time: 0.0461804 seconds
[GC pause (G1 Evacuation Pause) (young) 110M->68M(128M), 0.0009792 secs]
Application time: 0.0459693 seconds
[GC pause (G1 Evacuation Pause) (young) (initial-mark) 110M->68M(128M), 0.0010003 secs]
[GC concurrent-root-region-scan-start]
[GC concurrent-root-region-scan-end, 0.0001808 secs]
[GC concurrent-mark-start]
[GC concurrent-mark-end, 0.0041191 secs]
Application time: 0.0043618 seconds
[GC remark, 0.0026761 secs]
Application time: 0.0000284 seconds
[GC cleanup 71M->71M(128M), 0.0001837 secs]
Application time: 0.0448067 seconds
[GC pause (G1 Evacuation Pause) (young) 110M->68M(128M), 0.0009181 secs]
Application time: 0.0607732 seconds
[GC pause (G1 Evacuation Pause) (young) 110M->68M(128M), 0.0009220 secs]
Application time: 0.0693884 seconds
[GC pause (G1 Evacuation Pause) (young) (initial-mark) 110M->68M(128M), 0.0009501 secs]
[GC concurrent-root-region-scan-start]
[GC concurrent-root-region-scan-end, 0.0001715 secs]
[GC concurrent-mark-start]
[GC concurrent-mark-end, 0.0043509 secs]
Application time: 0.0045573 seconds
[GC remark, 0.0029284 secs]
Application time: 0.0000315 seconds
[GC cleanup 69M->69M(128M), 0.0002023 secs]
Application time: 0.0761357 seconds
[GC pause (G1 Evacuation Pause) (young) 110M->68M(128M), 0.0009789 secs]
Application time: 0.0485678 seconds
[GC pause (G1 Evacuation Pause) (young) 110M->68M(128M), 0.0009910 secs]
Application time: 0.0695434 seconds
[GC pause (G1 Evacuation Pause) (young) (initial-mark) 110M->68M(128M), 0.0008880 secs]
[GC concurrent-root-region-scan-start]
[GC concurrent-root-region-scan-end, 0.0001420 secs]
[GC concurrent-mark-start]
[GC concurrent-mark-end, 0.0038601 secs]
Application time: 0.0040593 seconds
[GC remark, 0.0025279 secs]
Application time: 0.0000298 seconds
[GC cleanup 70M->70M(128M), 0.0001855 secs]
Application time: 0.0753814 seconds
[GC pause (G1 Evacuation Pause) (young) 110M->68M(128M), 0.0009155 secs]
Application time: 0.0588450 seconds
[GC pause (G1 Evacuation Pause) (young) 110M->68M(128M), 0.0009229 secs]
Application time: 0.0460324 seconds
[GC pause (G1 Evacuation Pause) (young) (initial-mark) 110M->68M(128M), 0.0010677 secs]
[GC concurrent-root-region-scan-start]
[GC concurrent-root-region-scan-end, 0.0002097 secs]
[GC concurrent-mark-start]
[GC concurrent-mark-end, 0.0044393 secs]
Application time: 0.0047133 seconds
[GC remark, 0.0025076 secs]
Application time: 0.0000261 seconds
[GC cleanup 70M->70M(128M), 0.0001707 secs]
Application time: 0.0455610 seconds
[GC pause (G1 Evacuation Pause) (young) 110M->68M(128M), 0.0009136 secs]
Application time: 0.0456811 seconds
[GC pause (G1 Evacuation Pause) (young) 110M->68M(128M), 0.0008948 secs]
Application time: 0.0447726 seconds
[GC pause (G1 Evacuation Pause) (young) (initial-mark) 110M->68M(128M), 0.0010240 secs]
[GC concurrent-root-region-scan-start]
[GC concurrent-root-region-scan-end, 0.0002334 secs]
[GC concurrent-mark-start]
[GC concurrent-mark-end, 0.0039761 secs]
Application time: 0.0042157 seconds
[GC remark, 0.0025055 secs]
Application time: 0.0000261 seconds
[GC cleanup 70M->70M(128M), 0.0001714 secs]
Application time: 0.0614626 seconds
[GC pause (G1 Evacuation Pause) (young) 110M->68M(128M), 0.0008894 secs]
Application time: 0.0682495 seconds
[GC pause (G1 Evacuation Pause) (young) 110M->68M(128M), 0.0008302 secs]
Application time: 0.0719057 seconds
[GC pause (G1 Evacuation Pause) (young) (initial-mark) 110M->68M(128M), 0.0010174 secs]
[GC concurrent-root-region-scan-start]
[GC concurrent-root-region-scan-end, 0.0002155 secs]
[GC concurrent-mark-start]
[GC concurrent-mark-end, 0.0040107 secs]
Application time: 0.0042892 seconds
[GC remark, 0.0026654 secs]
Application time: 0.0000323 seconds
[GC cleanup 71M->71M(128M), 0.0001853 secs]
Application time: 0.0697413 seconds
[GC pause (G1 Evacuation Pause) (young) 110M->68M(128M), 0.0008888 secs]
Application time: 0.0741506 seconds
[GC pause (G1 Evacuation Pause) (young) 110M->68M(128M), 0.0009835 secs]
Application time: 0.0544123 seconds
[GC pause (G1 Evacuation Pause) (young) (initial-mark) 110M->68M(128M), 0.0009852 secs]
[GC concurrent-root-region-scan-start]
[GC concurrent-root-region-scan-end, 0.0002211 secs]
[GC concurrent-mark-start]
[GC concurrent-mark-end, 0.0040189 secs]
Application time: 0.0042431 seconds
[GC remark, 0.0025584 secs]
Application time: 0.0000260 seconds
[GC cleanup 70M->70M(128M), 0.0001668 secs]
Application time: 0.0443765 seconds
[GC pause (G1 Evacuation Pause) (young) 110M->68M(128M), 0.0008615 secs]
Application time: 0.0457894 seconds
[GC pause (G1 Evacuation Pause) (young) 110M->68M(128M), 0.0008979 secs]
Application time: 0.0459333 seconds
[GC pause (G1 Evacuation Pause) (young) (initial-mark) 110M->68M(128M), 0.0009600 secs]
[GC concurrent-root-region-scan-start]
[GC concurrent-root-region-scan-end, 0.0001858 secs]
[GC concurrent-mark-start]
[GC concurrent-mark-end, 0.0038500 secs]
Application time: 0.0040977 seconds
[GC remark, 0.0025493 secs]
Application time: 0.0000266 seconds
[GC cleanup 70M->70M(128M), 0.0001760 secs]
Application time: 0.0449773 seconds
[GC pause (G1 Evacuation Pause) (young) 110M->68M(128M), 0.0008502 secs]
Application time: 0.0472546 seconds
[GC pause (G1 Evacuation Pause) (young) 110M->68M(128M), 0.0007998 secs]
Application time: 0.0645851 seconds
[GC pause (G1 Evacuation Pause) (young) (initial-mark) 110M->68M(128M), 0.0009592 secs]
[GC concurrent-root-region-scan-start]
[GC concurrent-root-region-scan-end, 0.0001776 secs]
[GC concurrent-mark-start]
[GC concurrent-mark-end, 0.0039872 secs]
Application time: 0.0041644 seconds
[GC remark, 0.0025357 secs]
Application time: 0.0007373 seconds
[GC cleanup 69M->69M(128M), 0.0002026 secs]
Application time: 0.0695372 seconds
[GC pause (G1 Evacuation Pause) (young) 110M->68M(128M), 0.0008573 secs]
Application time: 0.0983207 seconds
[GC pause (G1 Evacuation Pause) (young) 110M->68M(128M), 0.0009451 secs]
Application time: 0.0724159 seconds
[GC pause (G1 Evacuation Pause) (young) (initial-mark) 110M->68M(128M), 0.0010668 secs]
[GC concurrent-root-region-scan-start]
[GC concurrent-root-region-scan-end, 0.0001912 secs]
[GC concurrent-mark-start]
[GC concurrent-mark-end, 0.0040364 secs]
Application time: 0.0054491 seconds
[GC remark, 0.0026709 secs]
Application time: 0.0000418 seconds
[GC cleanup 71M->71M(128M), 0.0001845 secs]
Application time: 0.0474522 seconds
[GC pause (G1 Evacuation Pause) (young) 110M->68M(128M), 0.0009475 secs]
Application time: 0.0458795 seconds
[GC pause (G1 Evacuation Pause) (young) 110M->68M(128M), 0.0008985 secs]
Application time: 0.0463864 seconds
[GC pause (G1 Evacuation Pause) (young) (initial-mark) 110M->68M(128M), 0.0008880 secs]
[GC concurrent-root-region-scan-start]
[GC concurrent-root-region-scan-end, 0.0001687 secs]
[GC concurrent-mark-start]
[GC concurrent-mark-end, 0.0040636 secs]
Application time: 0.0042883 seconds
[GC remark, 0.0027594 secs]
Application time: 0.0000323 seconds
[GC cleanup 70M->70M(128M), 0.0001942 secs]
Application time: 0.0451610 seconds
[GC pause (G1 Evacuation Pause) (young) 110M->68M(128M), 0.0008716 secs]
Application time: 0.0468176 seconds
[GC pause (G1 Evacuation Pause) (young) 110M->68M(128M), 0.0008296 secs]
Application time: 0.0443807 seconds
[GC pause (G1 Evacuation Pause) (young) (initial-mark) 110M->68M(128M), 0.0009249 secs]
[GC concurrent-root-region-scan-start]
[GC concurrent-root-region-scan-end, 0.0001593 secs]
[GC concurrent-mark-start]
[GC concurrent-mark-end, 0.0039696 secs]
Application time: 0.0041856 seconds
[GC remark, 0.0026932 secs]
Application time: 0.0000260 seconds
[GC cleanup 70M->70M(128M), 0.0001745 secs]
Application time: 0.0440230 seconds
[GC pause (G1 Evacuation Pause) (young) 110M->68M(128M), 0.0008188 secs]
Application time: 0.0666007 seconds
[GC pause (G1 Evacuation Pause) (young) 110M->68M(128M), 0.0007551 secs]
Application time: 0.1153604 seconds
[GC pause (G1 Evacuation Pause) (young) (initial-mark) 110M->68M(128M), 0.0009760 secs]
[GC concurrent-root-region-scan-start]
[GC concurrent-root-region-scan-end, 0.0001394 secs]
[GC concurrent-mark-start]
[GC concurrent-mark-end, 0.0039455 secs]
Application time: 0.0040876 seconds
[GC remark, 0.0024163 secs]
Application time: 0.0000298 seconds
[GC cleanup 69M->69M(128M), 0.0001779 secs]
Application time: 0.0663031 seconds
[GC pause (G1 Evacuation Pause) (young) 110M->68M(128M), 0.0008852 secs]
Application time: 0.0523230 seconds
[GC pause (G1 Evacuation Pause) (young) 110M->68M(128M), 0.0007699 secs]
Application time: 0.0439630 seconds
[GC pause (G1 Evacuation Pause) (young) (initial-mark) 110M->68M(128M), 0.0009448 secs]
[GC concurrent-root-region-scan-start]
[GC concurrent-root-region-scan-end, 0.0001677 secs]
[GC concurrent-mark-start]
[GC concurrent-mark-end, 0.0044771 secs]
Application time: 0.0046406 seconds
[GC remark, 0.0026066 secs]
Application time: 0.0000312 seconds
[GC cleanup 70M->70M(128M), 0.0001841 secs]
Application time: 0.0427656 seconds
[GC pause (G1 Evacuation Pause) (young) 110M->68M(128M), 0.0009601 secs]
Application time: 0.0436269 seconds
[GC pause (G1 Evacuation Pause) (young) 110M->68M(128M), 0.0009071 secs]
Application time: 0.0446398 seconds
[GC pause (G1 Evacuation Pause) (young) (initial-mark) 110M->68M(128M), 0.0009565 secs]
[GC concurrent-root-region-scan-start]
[GC concurrent-root-region-scan-end, 0.0001618 secs]
[GC concurrent-mark-start]
[GC concurrent-mark-end, 0.0044310 secs]
Application time: 0.0046587 seconds
[GC remark, 0.0027199 secs]
Application time: 0.0000291 seconds
[GC cleanup 71M->71M(128M), 0.0001795 secs]
Application time: 0.0427161 seconds
[GC pause (G1 Evacuation Pause) (young) 110M->68M(128M), 0.0009222 secs]
Application time: 0.0455687 seconds
[GC pause (G1 Evacuation Pause) (young) 110M->68M(128M), 0.0009394 secs]
Application time: 0.0593940 seconds
[GC pause (G1 Evacuation Pause) (young) (initial-mark) 110M->68M(128M), 0.0009689 secs]
[GC concurrent-root-region-scan-start]
[GC concurrent-root-region-scan-end, 0.0002064 secs]
[GC concurrent-mark-start]
[GC concurrent-mark-end, 0.0039903 secs]
Application time: 0.0042536 seconds
[GC remark, 0.0026146 secs]
Application time: 0.0000300 seconds
[GC cleanup 71M->71M(128M), 0.0001808 secs]
Application time: 0.0883765 seconds
[GC pause (G1 Evacuation Pause) (young) 110M->68M(128M), 0.0007934 secs]
Application time: 0.0905381 seconds
[GC pause (G1 Evacuation Pause) (young) 110M->68M(128M), 0.0009271 secs]
Application time: 0.0569167 seconds
[GC pause (G1 Evacuation Pause) (young) (initial-mark) 110M->68M(128M), 0.0011581 secs]
[GC concurrent-root-region-scan-start]
[GC concurrent-root-region-scan-end, 0.0001861 secs]
[GC concurrent-mark-start]
[GC concurrent-mark-end, 0.0044007 secs]
Application time: 0.0045878 seconds
[GC remark, 0.0028948 secs]
Application time: 0.0014357 seconds
[GC cleanup 71M->71M(128M), 0.0002027 secs]
Application time: 0.0420061 seconds
[GC pause (G1 Evacuation Pause) (young) 110M->68M(128M), 0.0008347 secs]
Application time: 0.0453922 seconds
[GC pause (G1 Evacuation Pause) (young) 110M->68M(128M), 0.0008736 secs]
Application time: 0.0451142 seconds
[GC pause (G1 Evacuation Pause) (young) (initial-mark) 110M->69M(128M), 0.0010011 secs]
[GC concurrent-root-region-scan-start]
[GC concurrent-root-region-scan-end, 0.0002127 secs]
[GC concurrent-mark-start]
[GC concurrent-mark-end, 0.0041139 secs]
Application time: 0.0043892 seconds
[GC remark, 0.0025159 secs]
Application time: 0.0000371 seconds
[GC cleanup 71M->71M(128M), 0.0002471 secs]
Application time: 0.0431405 seconds
[GC pause (G1 Evacuation Pause) (young) 111M->68M(128M), 0.0008759 secs]
Application time: 0.0452381 seconds
[GC pause (G1 Evacuation Pause) (young) 110M->69M(128M), 0.0008539 secs]
Application time: 0.0439338 seconds
[GC pause (G1 Evacuation Pause) (young) (initial-mark) 111M->68M(128M), 0.0010047 secs]
[GC concurrent-root-region-scan-start]
[GC concurrent-root-region-scan-end, 0.0002007 secs]
[GC concurrent-mark-start]
[GC concurrent-mark-end, 0.0039720 secs]
Application time: 0.0042266 seconds
[GC remark, 0.0025982 secs]
Application time: 0.0000377 seconds
[GC cleanup 71M->71M(128M), 0.0001773 secs]
Application time: 0.0545869 seconds
[GC pause (G1 Evacuation Pause) (young) 110M->68M(128M), 0.0008952 secs]
Application time: 0.0687069 seconds
[GC pause (G1 Evacuation Pause) (young) 110M->68M(128M), 0.0007029 secs]
Application time: 0.1190247 seconds
[GC pause (G1 Evacuation Pause) (young) (initial-mark) 110M->68M(128M), 0.0010327 secs]
[GC concurrent-root-region-scan-start]
[GC concurrent-root-region-scan-end, 0.0001945 secs]
[GC concurrent-mark-start]
[GC concurrent-mark-end, 0.0039715 secs]
Application time: 0.0042070 seconds
[GC remark, 0.0026681 secs]
Application time: 0.0003951 seconds
[GC cleanup 69M->69M(128M), 0.0001865 secs]
Application time: 0.0595848 seconds
[GC pause (G1 Evacuation Pause) (young) 110M->68M(128M), 0.0008854 secs]
Application time: 0.0457594 seconds
[GC pause (G1 Evacuation Pause) (young) 110M->69M(128M), 0.0009149 secs]
Application time: 0.0445755 seconds
[GC pause (G1 Evacuation Pause) (young) (initial-mark) 111M->68M(128M), 0.0009526 secs]
[GC concurrent-root-region-scan-start]
[GC concurrent-root-region-scan-end, 0.0002004 secs]
[GC concurrent-mark-start]
[GC concurrent-mark-end, 0.0042170 secs]
Application time: 0.0044990 seconds
[GC remark, 0.0027134 secs]
Application time: 0.0000430 seconds
[GC cleanup 71M->71M(128M), 0.0001808 secs]
Application time: 0.0431557 seconds
[GC pause (G1 Evacuation Pause) (young) 110M->68M(128M), 0.0009320 secs]
Application time: 0.0454012 seconds
[GC pause (G1 Evacuation Pause) (young) 110M->69M(128M), 0.0009444 secs]
Application time: 0.0447624 seconds
[GC pause (G1 Evacuation Pause) (young) (initial-mark) 111M->68M(128M), 0.0009241 secs]
[GC concurrent-root-region-scan-start]
[GC concurrent-root-region-scan-end, 0.0001846 secs]
[GC concurrent-mark-start]
[GC concurrent-mark-end, 0.0040616 secs]
Application time: 0.0042973 seconds
[GC remark, 0.0025978 secs]
Application time: 0.0000393 seconds
[GC cleanup 71M->71M(128M), 0.0001865 secs]
Application time: 0.0426346 seconds
[GC pause (G1 Evacuation Pause) (young) 110M->68M(128M), 0.0008684 secs]
Application time: 0.0453970 seconds
[GC pause (G1 Evacuation Pause) (young) 110M->69M(128M), 0.0009007 secs]
Application time: 0.0571022 seconds
[GC pause (G1 Evacuation Pause) (young) (initial-mark) 111M->68M(128M), 0.0009879 secs]
[GC concurrent-root-region-scan-start]
[GC concurrent-root-region-scan-end, 0.0001279 secs]
[GC concurrent-mark-start]
[GC concurrent-mark-end, 0.0039241 secs]
Application time: 0.0069191 seconds
[GC remark, 0.0024291 secs]
Application time: 0.0000395 seconds
[GC cleanup 71M->71M(128M), 0.0001778 secs]
Application time: 0.1142510 seconds
[GC pause (G1 Evacuation Pause) (young) 110M->68M(128M), 0.0009078 secs]
Application time: 0.0725687 seconds
[GC pause (G1 Evacuation Pause) (young) 110M->68M(128M), 0.0009138 secs]
Application time: 0.0447490 seconds
[GC pause (G1 Evacuation Pause) (young) (initial-mark) 110M->69M(128M), 0.0011546 secs]
[GC concurrent-root-region-scan-start]
[GC concurrent-root-region-scan-end, 0.0002665 secs]
[GC concurrent-mark-start]
[GC concurrent-mark-end, 0.0040019 secs]
Application time: 0.0043123 seconds
[GC remark, 0.0024934 secs]
Application time: 0.0000432 seconds
[GC cleanup 71M->71M(128M), 0.0001726 secs]
Application time: 0.0427755 seconds
[GC pause (G1 Evacuation Pause) (young) 111M->69M(128M), 0.0007940 secs]
Application time: 0.0434980 seconds
[GC pause (G1 Evacuation Pause) (young) 111M->69M(128M), 0.0008839 secs]
Application time: 0.0442480 seconds
[GC pause (G1 Evacuation Pause) (young) (initial-mark) 111M->69M(128M), 0.0010743 secs]
[GC concurrent-root-region-scan-start]
[GC concurrent-root-region-scan-end, 0.0002378 secs]
[GC concurrent-mark-start]
[GC concurrent-mark-end, 0.0042366 secs]
Application time: 0.0045328 seconds
[GC remark, 0.0027075 secs]
Application time: 0.0000361 seconds
[GC cleanup 71M->71M(128M), 0.0001711 secs]
Application time: 0.0526844 seconds
[GC pause (G1 Evacuation Pause) (young) 111M->69M(128M), 0.0009506 secs]
Application time: 0.0454594 seconds
[GC pause (G1 Evacuation Pause) (young) 111M->69M(128M), 0.0008520 secs]
Application time: 0.0431887 seconds
[GC pause (G1 Evacuation Pause) (young) (initial-mark) 111M->68M(128M), 0.0008646 secs]
[GC concurrent-root-region-scan-start]
[GC concurrent-root-region-scan-end, 0.0001638 secs]
[GC concurrent-mark-start]
[GC concurrent-mark-end, 0.0038360 secs]
Application time: 0.0053759 seconds
[GC remark, 0.0025391 secs]
Application time: 0.0000383 seconds
[GC cleanup 70M->70M(128M), 0.0002031 secs]
Application time: 0.0456838 seconds
[GC pause (G1 Evacuation Pause) (young) 110M->68M(128M), 0.0008100 secs]
Application time: 0.0990513 seconds
[GC pause (G1 Evacuation Pause) (young) 110M->68M(128M), 0.0008930 secs]
Application time: 0.0999775 seconds
[GC pause (G1 Evacuation Pause) (young) (initial-mark) 110M->68M(128M), 0.0010758 secs]
[GC concurrent-root-region-scan-start]
[GC concurrent-root-region-scan-end, 0.0001843 secs]
[GC concurrent-mark-start]
[GC concurrent-mark-end, 0.0041148 secs]
Application time: 0.0043518 seconds
[GC remark, 0.0024994 secs]
Application time: 0.0000420 seconds
[GC cleanup 70M->70M(128M), 0.0001730 secs]
Application time: 0.0498381 seconds
[GC pause (G1 Evacuation Pause) (young) 110M->69M(128M), 0.0009535 secs]
Application time: 0.0470138 seconds
[GC pause (G1 Evacuation Pause) (young) 111M->69M(128M), 0.0008687 secs]
Application time: 0.0446732 seconds
[GC pause (G1 Evacuation Pause) (young) (initial-mark) 111M->69M(128M), 0.0009932 secs]
[GC concurrent-root-region-scan-start]
[GC concurrent-root-region-scan-end, 0.0001723 secs]
[GC concurrent-mark-start]
[GC concurrent-mark-end, 0.0040292 secs]
Application time: 0.0042678 seconds
[GC remark, 0.0027301 secs]
Application time: 0.0000327 seconds
[GC cleanup 70M->70M(128M), 0.0001837 secs]
Application time: 0.0431728 seconds
[GC pause (G1 Evacuation Pause) (young) 111M->69M(128M), 0.0009674 secs]
Application time: 0.0471059 seconds
[GC pause (G1 Evacuation Pause) (young) 111M->69M(128M), 0.0008975 secs]
Application time: 0.0443022 seconds
[GC pause (G1 Evacuation Pause) (young) (initial-mark) 111M->69M(128M), 0.0010219 secs]
[GC concurrent-root-region-scan-start]
[GC concurrent-root-region-scan-end, 0.0001963 secs]
[GC concurrent-mark-start]
[GC concurrent-mark-end, 0.0040911 secs]
Application time: 0.0043503 seconds
[GC remark, 0.0026356 secs]
Application time: 0.0000320 seconds
[GC cleanup 71M->71M(128M), 0.0001803 secs]
Application time: 0.0457739 seconds
[GC pause (G1 Evacuation Pause) (young) 111M->69M(128M), 0.0009288 secs]
Application time: 0.0439679 seconds
[GC pause (G1 Evacuation Pause) (young) 111M->68M(128M), 0.0008300 secs]
Application time: 0.0677254 seconds
[GC pause (G1 Evacuation Pause) (young) (initial-mark) 110M->68M(128M), 0.0010185 secs]
[GC concurrent-root-region-scan-start]
[GC concurrent-root-region-scan-end, 0.0001229 secs]
[GC concurrent-mark-start]
[GC concurrent-mark-end, 0.0042375 secs]
Application time: 0.0044222 seconds
[GC remark, 0.0025289 secs]
Application time: 0.0000394 seconds
[GC cleanup 69M->69M(128M), 0.0001916 secs]
Application time: 0.1229338 seconds
[GC pause (G1 Evacuation Pause) (young) 110M->68M(128M), 0.0008576 secs]
Application time: 0.0631996 seconds
[GC pause (G1 Evacuation Pause) (young) 110M->69M(128M), 0.0009109 secs]
Application time: 0.0440114 seconds
[GC pause (G1 Evacuation Pause) (young) (initial-mark) 111M->68M(128M), 0.0010468 secs]
[GC concurrent-root-region-scan-start]
[GC concurrent-root-region-scan-end, 0.0001500 secs]
[GC concurrent-mark-start]
[GC concurrent-mark-end, 0.0041170 secs]
Application time: 0.0043276 seconds
[GC remark, 0.0025710 secs]
Application time: 0.0000312 seconds
[GC cleanup 70M->70M(128M), 0.0002023 secs]
Application time: 0.0433243 seconds
[GC pause (G1 Evacuation Pause) (young) 110M->69M(128M), 0.0010241 secs]
Application time: 0.0445231 seconds
[GC pause (G1 Evacuation Pause) (young) 111M->69M(128M), 0.0008028 secs]
Application time: 0.0434641 seconds
[GC pause (G1 Evacuation Pause) (young) (initial-mark) 111M->68M(128M), 0.0008933 secs]
[GC concurrent-root-region-scan-start]
[GC concurrent-root-region-scan-end, 0.0001641 secs]
[GC concurrent-mark-start]
[GC concurrent-mark-end, 0.0039678 secs]
Application time: 0.0041383 seconds
[GC remark, 0.0024106 secs]
Application time: 0.0000332 seconds
[GC cleanup 70M->70M(128M), 0.0001836 secs]
Application time: 0.0421745 seconds
[GC pause (G1 Evacuation Pause) (young) 110M->69M(128M), 0.0008116 secs]
Application time: 0.0442535 seconds
[GC pause (G1 Evacuation Pause) (young) 111M->69M(128M), 0.0007970 secs]
Application time: 0.0439505 seconds
[GC pause (G1 Evacuation Pause) (young) (initial-mark) 111M->69M(128M), 0.0009175 secs]
[GC concurrent-root-region-scan-start]
[GC concurrent-root-region-scan-end, 0.0002040 secs]
[GC concurrent-mark-start]
[GC concurrent-mark-end, 0.0039441 secs]
Application time: 0.0042232 seconds
[GC remark, 0.0025295 secs]
Application time: 0.0000327 seconds
[GC cleanup 71M->71M(128M), 0.0001793 secs]
Application time: 0.0547832 seconds
[GC pause (G1 Evacuation Pause) (young) 111M->68M(128M), 0.0008108 secs]
Application time: 0.1234510 seconds
[GC pause (G1 Evacuation Pause) (young) 110M->68M(128M), 0.0008604 secs]
Application time: 0.0744659 seconds
[GC pause (G1 Evacuation Pause) (young) (initial-mark) 110M->69M(128M), 0.0011277 secs]
[GC concurrent-root-region-scan-start]
[GC concurrent-root-region-scan-end, 0.0002018 secs]
[GC concurrent-mark-start]
[GC concurrent-mark-end, 0.0040762 secs]
Application time: 0.0043295 seconds
[GC remark, 0.0026330 secs]
Application time: 0.0000290 seconds
[GC cleanup 71M->71M(128M), 0.0001846 secs]
Application time: 0.0431445 seconds
[GC pause (G1 Evacuation Pause) (young) 111M->69M(128M), 0.0008665 secs]
Application time: 0.0441996 seconds
[GC pause (G1 Evacuation Pause) (young) 111M->69M(128M), 0.0008130 secs]
Application time: 0.0449786 seconds
[GC pause (G1 Evacuation Pause) (young) (initial-mark) 111M->69M(128M), 0.0010840 secs]
[GC concurrent-root-region-scan-start]
[GC concurrent-root-region-scan-end, 0.0002161 secs]
[GC concurrent-mark-start]
[GC concurrent-mark-end, 0.0039227 secs]
Application time: 0.0041417 seconds
[GC remark, 0.0024761 secs]
Application time: 0.0000334 seconds
[GC cleanup 71M->71M(128M), 0.0001858 secs]
Application time: 0.0428765 seconds
[GC pause (G1 Evacuation Pause) (young) 111M->69M(128M), 0.0009237 secs]
Application time: 0.0447857 seconds
[GC pause (G1 Evacuation Pause) (young) 111M->69M(128M), 0.0008182 secs]
Application time: 0.0445360 seconds
[GC pause (G1 Evacuation Pause) (young) (initial-mark) 111M->69M(128M), 0.0011021 secs]
[GC concurrent-root-region-scan-start]
[GC concurrent-root-region-scan-end, 0.0001761 secs]
[GC concurrent-mark-start]
[GC concurrent-mark-end, 0.0042104 secs]
Application time: 0.0043820 seconds
[GC remark, 0.0034296 secs]
Application time: 0.0000409 seconds
[GC cleanup 71M->71M(128M), 0.0001909 secs]
Application time: 0.0438938 seconds
[GC pause (G1 Evacuation Pause) (young) 111M->69M(128M), 0.0008699 secs]
Application time: 0.0446064 seconds
[GC pause (G1 Evacuation Pause) (young) 111M->69M(128M), 0.0009119 secs]
Application time: 0.0982813 seconds
[GC pause (G1 Evacuation Pause) (young) (initial-mark) 111M->69M(128M), 0.0010266 secs]
[GC concurrent-root-region-scan-start]
[GC concurrent-root-region-scan-end, 0.0001474 secs]
[GC concurrent-mark-start]
[GC concurrent-mark-end, 0.0041597 secs]
Application time: 0.0043550 seconds
[GC remark, 0.0027041 secs]
Application time: 0.0000316 seconds
[GC cleanup 70M->70M(128M), 0.0001817 secs]
Application time: 0.1052052 seconds
[GC pause (G1 Evacuation Pause) (young) 111M->69M(128M), 0.0009470 secs]
Application time: 0.0455577 seconds
[GC pause (G1 Evacuation Pause) (young) 111M->69M(128M), 0.0009395 secs]
Application time: 0.0452100 seconds
[GC pause (G1 Evacuation Pause) (young) (initial-mark) 111M->69M(128M), 0.0010827 secs]
[GC concurrent-root-region-scan-start]
[GC concurrent-root-region-scan-end, 0.0001563 secs]
[GC concurrent-mark-start]
[GC concurrent-mark-end, 0.0040749 secs]
Application time: 0.0042833 seconds
[GC remark, 0.0025702 secs]
Application time: 0.0000338 seconds
[GC cleanup 71M->71M(128M), 0.0001920 secs]
Application time: 0.0441755 seconds
[GC pause (G1 Evacuation Pause) (young) 111M->69M(128M), 0.0010085 secs]
Application time: 0.0444765 seconds
[GC pause (G1 Evacuation Pause) (young) 111M->69M(128M), 0.0008769 secs]
Application time: 0.0451128 seconds
[GC pause (G1 Evacuation Pause) (young) (initial-mark) 111M->69M(128M), 0.0009816 secs]
[GC concurrent-root-region-scan-start]
[GC concurrent-root-region-scan-end, 0.0001998 secs]
[GC concurrent-mark-start]
[GC concurrent-mark-end, 0.0041565 secs]
Application time: 0.0043706 seconds
[GC remark, 0.0026442 secs]
Application time: 0.0000304 seconds
[GC cleanup 71M->71M(128M), 0.0002321 secs]
Application time: 0.0488580 seconds
[GC pause (G1 Evacuation Pause) (young) 111M->69M(128M), 0.0008675 secs]
Application time: 0.0448345 seconds
[GC pause (G1 Evacuation Pause) (young) 111M->69M(128M), 0.0009610 secs]
Application time: 0.0444295 seconds
[GC pause (G1 Evacuation Pause) (young) (initial-mark) 111M->69M(128M), 0.0010951 secs]
[GC concurrent-root-region-scan-start]
[GC concurrent-root-region-scan-end, 0.0002249 secs]
[GC concurrent-mark-start]
[GC concurrent-mark-end, 0.0043238 secs]
Application time: 0.0045523 seconds
[GC remark, 0.0026493 secs]
Application time: 0.0000296 seconds
[GC cleanup 71M->71M(128M), 0.0001757 secs]
Application time: 0.0664878 seconds
[GC pause (G1 Evacuation Pause) (young) 111M->69M(128M), 0.0008712 secs]
Application time: 0.1284180 seconds
[GC pause (G1 Evacuation Pause) (young) 111M->69M(128M), 0.0008358 secs]
Application time: 0.0550381 seconds
[GC pause (G1 Evacuation Pause) (young) (initial-mark) 111M->69M(128M), 0.0010656 secs]
[GC concurrent-root-region-scan-start]
[GC concurrent-root-region-scan-end, 0.0002090 secs]
[GC concurrent-mark-start]
[GC concurrent-mark-end, 0.0042831 secs]
Application time: 0.0045454 seconds
[GC remark, 0.0030833 secs]
Application time: 0.0000379 seconds
[GC cleanup 71M->71M(128M), 0.0001640 secs]
Application time: 0.0446891 seconds
[GC pause (G1 Evacuation Pause) (young) 111M->69M(128M), 0.0008562 secs]
Application time: 0.0447891 seconds
[GC pause (G1 Evacuation Pause) (young) 111M->69M(128M), 0.0009409 secs]
Application time: 0.0432706 seconds
[GC pause (G1 Evacuation Pause) (young) (initial-mark) 111M->69M(128M), 0.0022102 secs]
[GC concurrent-root-region-scan-start]
[GC concurrent-root-region-scan-end, 0.0002490 secs]
[GC concurrent-mark-start]
[GC concurrent-mark-end, 0.0039367 secs]
Application time: 0.0042360 seconds
[GC remark, 0.0024522 secs]
Application time: 0.0000398 seconds
[GC cleanup 71M->71M(128M), 0.0002391 secs]
Application time: 0.0438142 seconds
[GC pause (G1 Evacuation Pause) (young) 111M->69M(128M), 0.0008690 secs]
Application time: 0.0453645 seconds
[GC pause (G1 Evacuation Pause) (young) 111M->69M(128M), 0.0007914 secs]
Application time: 0.0436847 seconds
[GC pause (G1 Evacuation Pause) (young) (initial-mark) 111M->69M(128M), 0.0009662 secs]
[GC concurrent-root-region-scan-start]
[GC concurrent-root-region-scan-end, 0.0001955 secs]
[GC concurrent-mark-start]
[GC concurrent-mark-end, 0.0040257 secs]
Application time: 0.0042713 seconds
[GC remark, 0.0028763 secs]
Application time: 0.0000418 seconds
[GC cleanup 71M->71M(128M), 0.0002056 secs]
Application time: 0.0432530 seconds
[GC pause (G1 Evacuation Pause) (young) 111M->69M(128M), 0.0008903 secs]
Application time: 0.0560165 seconds
[GC pause (G1 Evacuation Pause) (young) 111M->69M(128M), 0.0008422 secs]
Application time: 0.1234565 seconds
[GC pause (G1 Evacuation Pause) (young) (initial-mark) 111M->69M(128M), 0.0009815 secs]
[GC concurrent-root-region-scan-start]
[GC concurrent-root-region-scan-end, 0.0001242 secs]
[GC concurrent-mark-start]
[GC concurrent-mark-end, 0.0047169 secs]
Application time: 0.0055385 seconds
[GC remark, 0.0025525 secs]
Application time: 0.0000411 seconds
[GC cleanup 70M->70M(128M), 0.0001861 secs]
Application time: 0.0717791 seconds
[GC pause (G1 Evacuation Pause) (young) 111M->69M(128M), 0.0009110 secs]
Application time: 0.0449285 seconds
[GC pause (G1 Evacuation Pause) (young) 111M->69M(128M), 0.0008656 secs]
Application time: 0.0449754 seconds
[GC pause (G1 Evacuation Pause) (young) (initial-mark) 111M->69M(128M), 0.0010679 secs]
[GC concurrent-root-region-scan-start]
[GC concurrent-root-region-scan-end, 0.0002060 secs]
[GC concurrent-mark-start]
[GC concurrent-mark-end, 0.0041262 secs]
Application time: 0.0043730 seconds
[GC remark, 0.0025041 secs]
Application time: 0.0021338 seconds
[GC cleanup 71M->71M(128M), 0.0001781 secs]
Application time: 0.0426346 seconds
[GC pause (G1 Evacuation Pause) (young) 111M->69M(128M), 0.0008817 secs]
Application time: 0.0444863 seconds
[GC pause (G1 Evacuation Pause) (young) 111M->69M(128M), 0.0009699 secs]
Application time: 0.0450804 seconds
[GC pause (G1 Evacuation Pause) (young) (initial-mark) 111M->69M(128M), 0.0010717 secs]
[GC concurrent-root-region-scan-start]
[GC concurrent-root-region-scan-end, 0.0001813 secs]
[GC concurrent-mark-start]
[GC concurrent-mark-end, 0.0041629 secs]
Application time: 0.0043540 seconds
[GC remark, 0.0024973 secs]
Application time: 0.0000350 seconds
[GC cleanup 71M->71M(128M), 0.0001647 secs]
Application time: 0.0427759 seconds
[GC pause (G1 Evacuation Pause) (young) 111M->69M(128M), 0.0009339 secs]
Application time: 0.0446527 seconds
[GC pause (G1 Evacuation Pause) (young) 111M->69M(128M), 0.0008789 secs]
Application time: 0.0447214 seconds
[GC pause (G1 Evacuation Pause) (young) (initial-mark) 111M->69M(128M), 0.0010083 secs]
[GC concurrent-root-region-scan-start]
[GC concurrent-root-region-scan-end, 0.0001339 secs]
[GC concurrent-mark-start]
[GC concurrent-mark-end, 0.0040200 secs]
Application time: 0.0042048 seconds
[GC remark, 0.0024892 secs]
Application time: 0.0000331 seconds
[GC cleanup 71M->71M(128M), 0.0001681 secs]
Application time: 0.0989601 seconds
[GC pause (G1 Evacuation Pause) (young) 111M->69M(128M), 0.0008184 secs]
Application time: 0.1078524 seconds
[GC pause (G1 Evacuation Pause) (young) 111M->69M(128M), 0.0008936 secs]
Application time: 0.0537110 seconds
[GC pause (G1 Evacuation Pause) (young) (initial-mark) 111M->69M(128M), 0.0009458 secs]
[GC concurrent-root-region-scan-start]
[GC concurrent-root-region-scan-end, 0.0002053 secs]
[GC concurrent-mark-start]
[GC concurrent-mark-end, 0.0043786 secs]
Application time: 0.0045796 seconds
[GC remark, 0.0033098 secs]
Application time: 0.0000312 seconds
[GC cleanup 71M->71M(128M), 0.0001817 secs]
Application time: 0.0432219 seconds
[GC pause (G1 Evacuation Pause) (young) 111M->69M(128M), 0.0008814 secs]
Application time: 0.0432991 seconds
[GC pause (G1 Evacuation Pause) (young) 111M->69M(128M), 0.0009510 secs]
Application time: 0.0456221 seconds
[GC pause (G1 Evacuation Pause) (young) (initial-mark) 111M->69M(128M), 0.0010804 secs]
[GC concurrent-root-region-scan-start]
[GC concurrent-root-region-scan-end, 0.0002042 secs]
[GC concurrent-mark-start]
[GC concurrent-mark-end, 0.0041831 secs]
Application time: 0.0044473 seconds
[GC remark, 0.0027261 secs]
Application time: 0.0000321 seconds
[GC cleanup 71M->71M(128M), 0.0001740 secs]
Application time: 0.0443943 seconds
[GC pause (G1 Evacuation Pause) (young) 111M->69M(128M), 0.0009256 secs]
Application time: 0.0455160 seconds
[GC pause (G1 Evacuation Pause) (young) 111M->69M(128M), 0.0008227 secs]
Application time: 0.0452946 seconds
[GC pause (G1 Evacuation Pause) (young) (initial-mark) 111M->69M(128M), 0.0010191 secs]
[GC concurrent-root-region-scan-start]
[GC concurrent-root-region-scan-end, 0.0001817 secs]
[GC concurrent-mark-start]
[GC concurrent-mark-end, 0.0041358 secs]
Application time: 0.0043382 seconds
[GC remark, 0.0024183 secs]
Application time: 0.0000291 seconds
[GC cleanup 69M->69M(128M), 0.0001718 secs]
Application time: 0.0490237 seconds
[GC pause (G1 Evacuation Pause) (young) 111M->69M(128M), 0.0007954 secs]
Application time: 0.0692250 seconds
[GC pause (G1 Evacuation Pause) (young) 111M->69M(128M), 0.0008323 secs]
Application time: 0.1315247 seconds
[GC pause (G1 Evacuation Pause) (young) (initial-mark) 111M->69M(128M), 0.0008575 secs]
[GC concurrent-root-region-scan-start]
[GC concurrent-root-region-scan-end, 0.0001562 secs]
[GC concurrent-mark-start]
[GC concurrent-mark-end, 0.0039140 secs]
Application time: 0.0041236 seconds
[GC remark, 0.0026612 secs]
Application time: 0.0000337 seconds
[GC cleanup 71M->71M(128M), 0.0001755 secs]
Application time: 0.0522409 seconds
[GC pause (G1 Evacuation Pause) (young) 111M->69M(128M), 0.0009281 secs]
Application time: 0.0448121 seconds
[GC pause (G1 Evacuation Pause) (young) 111M->69M(128M), 0.0008892 secs]
Application time: 0.0447138 seconds
[GC pause (G1 Evacuation Pause) (young) (initial-mark) 111M->69M(128M), 0.0010985 secs]
[GC concurrent-root-region-scan-start]
[GC concurrent-root-region-scan-end, 0.0002043 secs]
[GC concurrent-mark-start]
[GC concurrent-mark-end, 0.0040975 secs]
Application time: 0.0043557 seconds
[GC remark, 0.0028138 secs]
Application time: 0.0000265 seconds
[GC cleanup 71M->71M(128M), 0.0001710 secs]
Application time: 0.0434682 seconds
[GC pause (G1 Evacuation Pause) (young) 111M->69M(128M), 0.0007958 secs]
Application time: 0.0454972 seconds
[GC pause (G1 Evacuation Pause) (young) 111M->69M(128M), 0.0007797 secs]
Application time: 0.0460716 seconds
[GC pause (G1 Evacuation Pause) (young) (initial-mark) 111M->69M(128M), 0.0009486 secs]
[GC concurrent-root-region-scan-start]
[GC concurrent-root-region-scan-end, 0.0001933 secs]
[GC concurrent-mark-start]
[GC concurrent-mark-end, 0.0040670 secs]
Application time: 0.0042655 seconds
[GC remark, 0.0025819 secs]
Application time: 0.0000299 seconds
[GC cleanup 71M->71M(128M), 0.0002482 secs]
Application time: 0.0446970 seconds
[GC pause (G1 Evacuation Pause) (young) 111M->69M(128M), 0.0009306 secs]
Application time: 0.0460794 seconds
[GC pause (G1 Evacuation Pause) (young) 111M->69M(128M), 0.0008648 secs]
Application time: 0.0566302 seconds
[GC pause (G1 Evacuation Pause) (young) (initial-mark) 111M->69M(128M), 0.0009716 secs]
[GC concurrent-root-region-scan-start]
[GC concurrent-root-region-scan-end, 0.0002216 secs]
[GC concurrent-mark-start]
[GC concurrent-mark-end, 0.0042877 secs]
Application time: 0.0044999 seconds
[GC remark, 0.0025417 secs]
Application time: 0.0000346 seconds
[GC cleanup 70M->70M(128M), 0.0001819 secs]
Application time: 0.1219070 seconds
[GC pause (G1 Evacuation Pause) (young) 111M->69M(128M), 0.0007903 secs]
Application time: 0.0758337 seconds
[GC pause (G1 Evacuation Pause) (young) 111M->69M(128M), 0.0008616 secs]
Application time: 0.0460906 seconds
[GC pause (G1 Evacuation Pause) (young) (initial-mark) 111M->69M(128M), 0.0009280 secs]
[GC concurrent-root-region-scan-start]
[GC concurrent-root-region-scan-end, 0.0001953 secs]
[GC concurrent-mark-start]
[GC concurrent-mark-end, 0.0038465 secs]
Application time: 0.0040979 seconds
[GC remark, 0.0028153 secs]
Application time: 0.0000332 seconds
[GC cleanup 71M->71M(128M), 0.0001879 secs]
Application time: 0.0422521 seconds
[GC pause (G1 Evacuation Pause) (young) 111M->69M(128M), 0.0008285 secs]
Application time: 0.0478769 seconds
[GC pause (G1 Evacuation Pause) (young) 111M->69M(128M), 0.0008564 secs]
Application time: 0.0432649 seconds
[GC pause (G1 Evacuation Pause) (young) (initial-mark) 111M->69M(128M), 0.0009639 secs]
[GC concurrent-root-region-scan-start]
[GC concurrent-root-region-scan-end, 0.0001611 secs]
[GC concurrent-mark-start]
[GC concurrent-mark-end, 0.0043487 secs]
Application time: 0.0045230 seconds
[GC remark, 0.0026690 secs]
Application time: 0.0000326 seconds
[GC cleanup 71M->71M(128M), 0.0001846 secs]
Application time: 0.0417227 seconds
[GC pause (G1 Evacuation Pause) (young) 111M->69M(128M), 0.0008402 secs]
Application time: 0.0440400 seconds
[GC pause (G1 Evacuation Pause) (young) 111M->69M(128M), 0.0008387 secs]
Application time: 0.0432497 seconds
[GC pause (G1 Evacuation Pause) (young) (initial-mark) 111M->69M(128M), 0.0009579 secs]
[GC concurrent-root-region-scan-start]
[GC concurrent-root-region-scan-end, 0.0001879 secs]
[GC concurrent-mark-start]
[GC concurrent-mark-end, 0.0042666 secs]
Application time: 0.0044596 seconds
[GC remark, 0.0025116 secs]
Application time: 0.0000278 seconds
[GC cleanup 71M->71M(128M), 0.0001744 secs]
Application time: 0.0554771 seconds
[GC pause (G1 Evacuation Pause) (young) 111M->69M(128M), 0.0007903 secs]
Application time: 0.0917980 seconds
[GC pause (G1 Evacuation Pause) (young) 111M->69M(128M), 0.0007788 secs]
Application time: 0.0981791 seconds
[GC pause (G1 Evacuation Pause) (young) (initial-mark) 111M->69M(128M), 0.0009801 secs]
[GC concurrent-root-region-scan-start]
[GC concurrent-root-region-scan-end, 0.0001753 secs]
[GC concurrent-mark-start]
[GC concurrent-mark-end, 0.0042933 secs]
Application time: 0.0044688 seconds
[GC remark, 0.0029058 secs]
Application time: 0.0004730 seconds
[GC cleanup 70M->70M(128M), 0.0002021 secs]
Application time: 0.0514564 seconds
[GC pause (G1 Evacuation Pause) (young) 111M->69M(128M), 0.0009602 secs]
Application time: 0.0454576 seconds
[GC pause (G1 Evacuation Pause) (young) 111M->69M(128M), 0.0009178 secs]
Application time: 0.0445447 seconds
[GC pause (G1 Evacuation Pause) (young) (initial-mark) 111M->69M(128M), 0.0010163 secs]
[GC concurrent-root-region-scan-start]
[GC concurrent-root-region-scan-end, 0.0002026 secs]
[GC concurrent-mark-start]
[GC concurrent-mark-end, 0.0040704 secs]
Application time: 0.0058325 seconds
[GC remark, 0.0025101 secs]
Application time: 0.0000366 seconds
[GC cleanup 72M->72M(128M), 0.0001824 secs]
Application time: 0.0496661 seconds
[GC pause (G1 Evacuation Pause) (young) 111M->69M(128M), 0.0010205 secs]
Application time: 0.0438857 seconds
[GC pause (G1 Evacuation Pause) (young) 111M->69M(128M), 0.0009424 secs]
Application time: 0.0450662 seconds
[GC pause (G1 Evacuation Pause) (young) (initial-mark) 111M->69M(128M), 0.0009071 secs]
[GC concurrent-root-region-scan-start]
[GC concurrent-root-region-scan-end, 0.0001612 secs]
[GC concurrent-mark-start]
[GC concurrent-mark-end, 0.0040575 secs]
Application time: 0.0042731 seconds
[GC remark, 0.0026501 secs]
Application time: 0.0000401 seconds
[GC cleanup 71M->71M(128M), 0.0001847 secs]
Application time: 0.0441639 seconds
[GC pause (G1 Evacuation Pause) (young) 111M->69M(128M), 0.0008337 secs]
Application time: 0.0457347 seconds
[GC pause (G1 Evacuation Pause) (young) 111M->69M(128M), 0.0009295 secs]
Application time: 0.0653998 seconds
[GC pause (G1 Evacuation Pause) (young) (initial-mark) 111M->69M(128M), 0.0009158 secs]
[GC concurrent-root-region-scan-start]
[GC concurrent-root-region-scan-end, 0.0001545 secs]
[GC concurrent-mark-start]
[GC concurrent-mark-end, 0.0040464 secs]
Application time: 0.0070661 seconds
[GC remark, 0.0025656 secs]
Application time: 0.0000422 seconds
[GC cleanup 70M->70M(128M), 0.0001768 secs]
Application time: 0.1255165 seconds
[GC pause (G1 Evacuation Pause) (young) 111M->69M(128M), 0.0008220 secs]
Application time: 0.0565750 seconds
[GC pause (G1 Evacuation Pause) (young) 111M->69M(128M), 0.0008531 secs]
Application time: 0.0444725 seconds
[GC pause (G1 Evacuation Pause) (young) (initial-mark) 111M->69M(128M), 0.0010253 secs]
[GC concurrent-root-region-scan-start]
[GC concurrent-root-region-scan-end, 0.0002180 secs]
[GC concurrent-mark-start]
[GC concurrent-mark-end, 0.0040714 secs]
Application time: 0.0043534 seconds
[GC remark, 0.0025276 secs]
Application time: 0.0000411 seconds
[GC cleanup 71M->71M(128M), 0.0001712 secs]
Application time: 0.0506255 seconds
[GC pause (G1 Evacuation Pause) (young) 111M->69M(128M), 0.0008616 secs]
Application time: 0.0447176 seconds
[GC pause (G1 Evacuation Pause) (young) 111M->69M(128M), 0.0007827 secs]
Application time: 0.0459227 seconds
[GC pause (G1 Evacuation Pause) (young) (initial-mark) 111M->69M(128M), 0.0009463 secs]
[GC concurrent-root-region-scan-start]
[GC concurrent-root-region-scan-end, 0.0002183 secs]
[GC concurrent-mark-start]
[GC concurrent-mark-end, 0.0042225 secs]
Application time: 0.0044968 seconds
[GC remark, 0.0027259 secs]
Application time: 0.0000409 seconds
[GC cleanup 71M->71M(128M), 0.0001834 secs]
Application time: 0.0432592 seconds
[GC pause (G1 Evacuation Pause) (young) 111M->69M(128M), 0.0008393 secs]
Application time: 0.0431150 seconds
[GC pause (G1 Evacuation Pause) (young) 111M->69M(128M), 0.0008466 secs]
Application time: 0.0572730 seconds
[GC pause (G1 Evacuation Pause) (young) (initial-mark) 111M->69M(128M), 0.0009193 secs]
[GC concurrent-root-region-scan-start]
[GC concurrent-root-region-scan-end, 0.0001498 secs]
[GC concurrent-mark-start]
[GC concurrent-mark-end, 0.0039288 secs]
Application time: 0.0054314 seconds
[GC remark, 0.0025187 secs]
Application time: 0.0000395 seconds
[GC cleanup 72M->72M(128M), 0.0002245 secs]
Application time: 0.0496024 seconds
[GC pause (G1 Evacuation Pause) (young) 111M->69M(128M), 0.0008947 secs]
Application time: 0.1413909 seconds
[GC pause (G1 Evacuation Pause) (young) 111M->69M(128M), 0.0007470 secs]
Application time: 0.0741900 seconds
[GC pause (G1 Evacuation Pause) (young) (initial-mark) 111M->69M(128M), 0.0010168 secs]
[GC concurrent-root-region-scan-start]
[GC concurrent-root-region-scan-end, 0.0002300 secs]
[GC concurrent-mark-start]
[GC concurrent-mark-end, 0.0040457 secs]
Application time: 0.0057568 seconds
[GC remark, 0.0024053 secs]
Application time: 0.0000403 seconds
[GC cleanup 72M->72M(128M), 0.0001687 secs]
Application time: 0.0422366 seconds
[GC pause (G1 Evacuation Pause) (young) 111M->69M(128M), 0.0008623 secs]
Application time: 0.0511699 seconds
[GC pause (G1 Evacuation Pause) (young) 111M->69M(128M), 0.0008764 secs]
Application time: 0.0430814 seconds
[GC pause (G1 Evacuation Pause) (young) (initial-mark) 111M->69M(128M), 0.0009710 secs]
[GC concurrent-root-region-scan-start]
[GC concurrent-root-region-scan-end, 0.0001828 secs]
[GC concurrent-mark-start]
[GC concurrent-mark-end, 0.0039597 secs]
Application time: 0.0055042 seconds
[GC remark, 0.0026333 secs]
Application time: 0.0000386 seconds
[GC cleanup 72M->72M(128M), 0.0001952 secs]
Application time: 0.0409390 seconds
[GC pause (G1 Evacuation Pause) (young) 111M->69M(128M), 0.0008099 secs]
Application time: 0.0437162 seconds
[GC pause (G1 Evacuation Pause) (young) 111M->69M(128M), 0.0008786 secs]
Application time: 0.0436393 seconds
[GC pause (G1 Evacuation Pause) (young) (initial-mark) 111M->69M(128M), 0.0008862 secs]
[GC concurrent-root-region-scan-start]
[GC concurrent-root-region-scan-end, 0.0001771 secs]
[GC concurrent-mark-start]
[GC concurrent-mark-end, 0.0040006 secs]
Application time: 0.0042219 seconds
[GC remark, 0.0026929 secs]
Application time: 0.0000406 seconds
[GC cleanup 71M->71M(128M), 0.0001877 secs]
Application time: 0.0426066 seconds
[GC pause (G1 Evacuation Pause) (young) 111M->69M(128M), 0.0008901 secs]
Application time: 0.0442974 seconds
[GC pause (G1 Evacuation Pause) (young) 111M->69M(128M), 0.0009108 secs]
Application time: 0.0980441 seconds
[GC pause (G1 Evacuation Pause) (young) (initial-mark) 111M->69M(128M), 0.0008364 secs]
[GC concurrent-root-region-scan-start]
[GC concurrent-root-region-scan-end, 0.0001481 secs]
[GC concurrent-mark-start]
[GC concurrent-mark-end, 0.0040648 secs]
Application time: 0.0042547 seconds
[GC remark, 0.0027304 secs]
Application time: 0.0000476 seconds
[GC cleanup 70M->70M(128M), 0.0001965 secs]
Application time: 0.1055748 seconds
[GC pause (G1 Evacuation Pause) (young) 111M->69M(128M), 0.0008915 secs]
Application time: 0.0450934 seconds
[GC pause (G1 Evacuation Pause) (young) 111M->69M(128M), 0.0008854 secs]
Application time: 0.0489589 seconds
[GC pause (G1 Evacuation Pause) (young) (initial-mark) 111M->69M(128M), 0.0010173 secs]
[GC concurrent-root-region-scan-start]
[GC concurrent-root-region-scan-end, 0.0001819 secs]
[GC concurrent-mark-start]
[GC concurrent-mark-end, 0.0043310 secs]
Application time: 0.0045600 seconds
[GC remark, 0.0028621 secs]
Application time: 0.0000426 seconds
[GC cleanup 71M->71M(128M), 0.0001903 secs]
Application time: 0.0434444 seconds
[GC pause (G1 Evacuation Pause) (young) 111M->69M(128M), 0.0010292 secs]
Application time: 0.0428379 seconds
[GC pause (G1 Evacuation Pause) (young) 111M->69M(128M), 0.0009789 secs]
Application time: 0.0449157 seconds
[GC pause (G1 Evacuation Pause) (young) (initial-mark) 111M->69M(128M), 0.0010010 secs]
[GC concurrent-root-region-scan-start]
[GC concurrent-root-region-scan-end, 0.0001628 secs]
[GC concurrent-mark-start]
[GC concurrent-mark-end, 0.0040461 secs]
Application time: 0.0042532 seconds
[GC remark, 0.0027347 secs]
Application time: 0.0000298 seconds
[GC cleanup 71M->71M(128M), 0.0001792 secs]
Application time: 0.0442312 seconds
[GC pause (G1 Evacuation Pause) (young) 111M->69M(128M), 0.0009583 secs]
Application time: 0.0548212 seconds
[GC pause (G1 Evacuation Pause) (young) 111M->69M(128M), 0.0008897 secs]
Application time: 0.0459992 seconds
[GC pause (G1 Evacuation Pause) (young) (initial-mark) 111M->69M(128M), 0.0010260 secs]
[GC concurrent-root-region-scan-start]
[GC concurrent-root-region-scan-end, 0.0001647 secs]
[GC concurrent-mark-start]
[GC concurrent-mark-end, 0.0040056 secs]
Application time: 0.0042259 seconds
[GC remark, 0.0026702 secs]
Application time: 0.0000295 seconds
[GC cleanup 71M->71M(128M), 0.0002351 secs]
Application time: 0.0647342 seconds
[GC pause (G1 Evacuation Pause) (young) 111M->69M(128M), 0.0008401 secs]
Application time: 0.1384264 seconds
[GC pause (G1 Evacuation Pause) (young) 111M->69M(128M), 0.0009016 secs]
Application time: 0.0484918 seconds
[GC pause (G1 Evacuation Pause) (young) (initial-mark) 111M->69M(128M), 0.0010459 secs]
[GC concurrent-root-region-scan-start]
[GC concurrent-root-region-scan-end, 0.0002008 secs]
[GC concurrent-mark-start]
[GC concurrent-mark-end, 0.0039700 secs]
Application time: 0.0042166 seconds
[GC remark, 0.0024798 secs]
Application time: 0.0000385 seconds
[GC cleanup 71M->71M(128M), 0.0001966 secs]
Application time: 0.0430576 seconds
[GC pause (G1 Evacuation Pause) (young) 111M->69M(128M), 0.0008033 secs]
Application time: 0.0450997 seconds
[GC pause (G1 Evacuation Pause) (young) 111M->69M(128M), 0.0008382 secs]
Application time: 0.0446653 seconds
[GC pause (G1 Evacuation Pause) (young) (initial-mark) 111M->69M(128M), 0.0009597 secs]
[GC concurrent-root-region-scan-start]
[GC concurrent-root-region-scan-end, 0.0002042 secs]
[GC concurrent-mark-start]
[GC concurrent-mark-end, 0.0042014 secs]
Application time: 0.0044514 seconds
[GC remark, 0.0027932 secs]
Application time: 0.0013805 seconds
[GC cleanup 72M->72M(128M), 0.0001992 secs]
Application time: 0.0435980 seconds
[GC pause (G1 Evacuation Pause) (young) 111M->69M(128M), 0.0009519 secs]
Application time: 0.0462186 seconds
[GC pause (G1 Evacuation Pause) (young) 111M->69M(128M), 0.0007992 secs]
Application time: 0.0440992 seconds
[GC pause (G1 Evacuation Pause) (young) (initial-mark) 111M->69M(128M), 0.0009463 secs]
[GC concurrent-root-region-scan-start]
[GC concurrent-root-region-scan-end, 0.0001376 secs]
[GC concurrent-mark-start]
[GC concurrent-mark-end, 0.0040640 secs]
Application time: 0.0042431 seconds
[GC remark, 0.0026808 secs]
Application time: 0.0004298 seconds
[GC cleanup 71M->71M(128M), 0.0001955 secs]
Application time: 0.0428953 seconds
[GC pause (G1 Evacuation Pause) (young) 111M->69M(128M), 0.0009377 secs]
Application time: 0.0441997 seconds
[GC pause (G1 Evacuation Pause) (young) 111M->69M(128M), 0.0008174 secs]
Application time: 0.1347793 seconds
[GC pause (G1 Evacuation Pause) (young) (initial-mark) 111M->69M(128M), 0.0009094 secs]
[GC concurrent-root-region-scan-start]
[GC concurrent-root-region-scan-end, 0.0001632 secs]
[GC concurrent-mark-start]
[GC concurrent-mark-end, 0.0041273 secs]
Application time: 0.0043214 seconds
[GC remark, 0.0027581 secs]
Application time: 0.0000487 seconds
[GC cleanup 70M->70M(128M), 0.0001804 secs]
Application time: 0.0760789 seconds
[GC pause (G1 Evacuation Pause) (young) 111M->69M(128M), 0.0008190 secs]
Application time: 0.0450471 seconds
[GC pause (G1 Evacuation Pause) (young) 111M->69M(128M), 0.0008155 secs]
Application time: 0.0449558 seconds
[GC pause (G1 Evacuation Pause) (young) (initial-mark) 111M->69M(128M), 0.0010383 secs]
[GC concurrent-root-region-scan-start]
[GC concurrent-root-region-scan-end, 0.0001541 secs]
[GC concurrent-mark-start]
[GC concurrent-mark-end, 0.0040844 secs]
Application time: 0.0042817 seconds
[GC remark, 0.0024910 secs]
Application time: 0.0000351 seconds
[GC cleanup 71M->71M(128M), 0.0001673 secs]
Application time: 0.0502403 seconds
[GC pause (G1 Evacuation Pause) (young) 111M->69M(128M), 0.0009357 secs]
Application time: 0.0443517 seconds
[GC pause (G1 Evacuation Pause) (young) 111M->69M(128M), 0.0008819 secs]
Application time: 0.0459282 seconds
[GC pause (G1 Evacuation Pause) (young) (initial-mark) 111M->69M(128M), 0.0008667 secs]
[GC concurrent-root-region-scan-start]
[GC concurrent-root-region-scan-end, 0.0001716 secs]
[GC concurrent-mark-start]
[GC concurrent-mark-end, 0.0041395 secs]
Application time: 0.0057377 seconds
[GC remark, 0.0024928 secs]
Application time: 0.0000413 seconds
[GC cleanup 72M->72M(128M), 0.0003467 secs]
Application time: 0.0424604 seconds
[GC pause (G1 Evacuation Pause) (young) 111M->69M(128M), 0.0009920 secs]
Application time: 0.0453563 seconds
[GC pause (G1 Evacuation Pause) (young) 111M->69M(128M), 0.0008902 secs]
Application time: 0.0437608 seconds
[GC pause (G1 Evacuation Pause) (young) (initial-mark) 111M->69M(128M), 0.0010141 secs]
[GC concurrent-root-region-scan-start]
[GC concurrent-root-region-scan-end, 0.0001788 secs]
[GC concurrent-mark-start]
[GC concurrent-mark-end, 0.0042101 secs]
Application time: 0.0057649 seconds
[GC remark, 0.0025447 secs]
Application time: 0.0000391 seconds
[GC cleanup 72M->72M(128M), 0.0001675 secs]
Application time: 0.0931118 seconds
[GC pause (G1 Evacuation Pause) (young) 111M->69M(128M), 0.0008101 secs]
Application time: 0.1091131 seconds
[GC pause (G1 Evacuation Pause) (young) 111M->69M(128M), 0.0008996 secs]
Application time: 0.0448481 seconds
[GC pause (G1 Evacuation Pause) (young) (initial-mark) 111M->69M(128M), 0.0010677 secs]
[GC concurrent-root-region-scan-start]
[GC concurrent-root-region-scan-end, 0.0002280 secs]
[GC concurrent-mark-start]
[GC concurrent-mark-end, 0.0040561 secs]
Application time: 0.0043230 seconds
[GC remark, 0.0024799 secs]
Application time: 0.0000389 seconds
[GC cleanup 71M->71M(128M), 0.0001703 secs]
Application time: 0.0436843 seconds
[GC pause (G1 Evacuation Pause) (young) 111M->69M(128M), 0.0008890 secs]
Application time: 0.0447715 seconds
[GC pause (G1 Evacuation Pause) (young) 111M->69M(128M), 0.0009534 secs]
Application time: 0.0445435 seconds
[GC pause (G1 Evacuation Pause) (young) (initial-mark) 111M->69M(128M), 0.0009391 secs]
[GC concurrent-root-region-scan-start]
[GC concurrent-root-region-scan-end, 0.0002226 secs]
[GC concurrent-mark-start]
[GC concurrent-mark-end, 0.0039479 secs]
Application time: 0.0042496 seconds
[GC remark, 0.0024077 secs]
Application time: 0.0000378 seconds
[GC cleanup 71M->71M(128M), 0.0001743 secs]
Application time: 0.0502152 seconds
[GC pause (G1 Evacuation Pause) (young) 111M->69M(128M), 0.0008832 secs]
Application time: 0.0457145 seconds
[GC pause (G1 Evacuation Pause) (young) 111M->69M(128M), 0.0009150 secs]
Application time: 0.0453527 seconds
[GC pause (G1 Evacuation Pause) (young) (initial-mark) 111M->69M(128M), 0.0009973 secs]
[GC concurrent-root-region-scan-start]
[GC concurrent-root-region-scan-end, 0.0002363 secs]
[GC concurrent-mark-start]
[GC concurrent-mark-end, 0.0040844 secs]
Application time: 0.0043714 seconds
[GC remark, 0.0025086 secs]
Application time: 0.0000530 seconds
[GC cleanup 71M->71M(128M), 0.0001643 secs]
Application time: 0.0429525 seconds
[GC pause (G1 Evacuation Pause) (young) 111M->69M(128M), 0.0008955 secs]
Application time: 0.0654984 seconds
[GC pause (G1 Evacuation Pause) (young) 111M->69M(128M), 0.0007825 secs]
Application time: 0.1340863 seconds
[GC pause (G1 Evacuation Pause) (young) (initial-mark) 111M->69M(128M), 0.0009276 secs]
[GC concurrent-root-region-scan-start]
[GC concurrent-root-region-scan-end, 0.0001906 secs]
[GC concurrent-mark-start]
[GC concurrent-mark-end, 0.0038897 secs]
Application time: 0.0041208 seconds
[GC remark, 0.0024871 secs]
Application time: 0.0000389 seconds
[GC cleanup 70M->70M(128M), 0.0001883 secs]
Application time: 0.0455100 seconds
[GC pause (G1 Evacuation Pause) (young) 111M->69M(128M), 0.0008906 secs]
Application time: 0.0464917 seconds
[GC pause (G1 Evacuation Pause) (young) 111M->69M(128M), 0.0008940 secs]
Application time: 0.0431561 seconds
[GC pause (G1 Evacuation Pause) (young) (initial-mark) 111M->69M(128M), 0.0010059 secs]
[GC concurrent-root-region-scan-start]
[GC concurrent-root-region-scan-end, 0.0001876 secs]
[GC concurrent-mark-start]
[GC concurrent-mark-end, 0.0040081 secs]
Application time: 0.0042555 seconds
[GC remark, 0.0024002 secs]
Application time: 0.0000378 seconds
[GC cleanup 71M->71M(128M), 0.0001690 secs]
Application time: 0.0439928 seconds
[GC pause (G1 Evacuation Pause) (young) 111M->69M(128M), 0.0008556 secs]
Application time: 0.0442010 seconds
[GC pause (G1 Evacuation Pause) (young) 111M->69M(128M), 0.0009292 secs]
Application time: 0.0435838 seconds
[GC pause (G1 Evacuation Pause) (young) (initial-mark) 111M->69M(128M), 0.0010033 secs]
[GC concurrent-root-region-scan-start]
[GC concurrent-root-region-scan-end, 0.0001912 secs]
[GC concurrent-mark-start]
[GC concurrent-mark-end, 0.0039522 secs]
Application time: 0.0055063 seconds
[GC remark, 0.0026543 secs]
Application time: 0.0000409 seconds
[GC cleanup 72M->72M(128M), 0.0002113 secs]
Application time: 0.0424488 seconds
[GC pause (G1 Evacuation Pause) (young) 111M->69M(128M), 0.0007854 secs]
Application time: 0.0439849 seconds
[GC pause (G1 Evacuation Pause) (young) 111M->69M(128M), 0.0007494 secs]
Application time: 0.0435669 seconds
[GC pause (G1 Evacuation Pause) (young) (initial-mark) 111M->69M(128M), 0.0008883 secs]
[GC concurrent-root-region-scan-start]
[GC concurrent-root-region-scan-end, 0.0001757 secs]
[GC concurrent-mark-start]
[GC concurrent-mark-end, 0.0038194 secs]
Application time: 0.0040366 seconds
[GC remark, 0.0024716 secs]
Application time: 0.0000436 seconds
[GC cleanup 70M->70M(128M), 0.0001743 secs]
Application time: 0.1245843 seconds
[GC pause (G1 Evacuation Pause) (young) 111M->69M(128M), 0.0007284 secs]
Application time: 0.0746533 seconds
[GC pause (G1 Evacuation Pause) (young) 111M->69M(128M), 0.0008328 secs]
Application time: 0.0432447 seconds
[GC pause (G1 Evacuation Pause) (young) (initial-mark) 111M->69M(128M), 0.0009172 secs]
[GC concurrent-root-region-scan-start]
[GC concurrent-root-region-scan-end, 0.0001741 secs]
[GC concurrent-mark-start]
[GC concurrent-mark-end, 0.0039766 secs]
Application time: 0.0041943 seconds
[GC remark, 0.0024750 secs]
Application time: 0.0000381 seconds
[GC cleanup 71M->71M(128M), 0.0001938 secs]
Application time: 0.0418530 seconds
[GC pause (G1 Evacuation Pause) (young) 111M->69M(128M), 0.0007981 secs]
Application time: 0.0519054 seconds
[GC pause (G1 Evacuation Pause) (young) 111M->69M(128M), 0.0014061 secs]
Application time: 0.0560513 seconds
[GC pause (G1 Evacuation Pause) (young) (initial-mark) 111M->69M(128M), 0.0014574 secs]
[GC concurrent-root-region-scan-start]
[GC concurrent-root-region-scan-end, 0.0003725 secs]
[GC concurrent-mark-start]
[GC concurrent-mark-end, 0.0062741 secs]
Application time: 0.0067323 seconds
[GC remark, 0.0035867 secs]
Application time: 0.0000490 seconds
[GC cleanup 72M->72M(128M), 0.0002701 secs]
Application time: 0.0538046 seconds
[GC pause (G1 Evacuation Pause) (young) 111M->69M(128M), 0.0012622 secs]
Application time: 0.0470037 seconds
[GC pause (G1 Evacuation Pause) (young) 111M->69M(128M), 0.0011392 secs]
Application time: 0.0528165 seconds
[GC pause (G1 Evacuation Pause) (young) (initial-mark) 111M->69M(128M), 0.0018784 secs]
[GC concurrent-root-region-scan-start]
[GC concurrent-root-region-scan-end, 0.0005049 secs]
[GC concurrent-mark-start]
[GC concurrent-mark-end, 0.0061374 secs]
Application time: 0.0071440 seconds
[GC remark, 0.0037281 secs]
Application time: 0.0012198 seconds
[GC cleanup 73M->73M(128M), 0.0002200 secs]
Application time: 0.0505419 seconds
[GC pause (G1 Evacuation Pause) (young) 111M->69M(128M), 0.0010310 secs]
Application time: 0.1054741 seconds
[GC pause (G1 Evacuation Pause) (young) 111M->69M(128M), 0.0009738 secs]
Application time: 0.1023698 seconds
[GC pause (G1 Evacuation Pause) (young) (initial-mark) 111M->69M(128M), 0.0013544 secs]
[GC concurrent-root-region-scan-start]
[GC concurrent-root-region-scan-end, 0.0003200 secs]
[GC concurrent-mark-start]
[GC concurrent-mark-end, 0.0043349 secs]
Application time: 0.0047099 seconds
[GC remark, 0.0031385 secs]
Application time: 0.0000465 seconds
[GC cleanup 70M->70M(128M), 0.0002232 secs]
Application time: 0.0652540 seconds
[GC pause (G1 Evacuation Pause) (young) 111M->69M(128M), 0.0012441 secs]
Application time: 0.0458730 seconds
[GC pause (G1 Evacuation Pause) (young) 111M->69M(128M), 0.0010850 secs]
Application time: 0.0473188 seconds
[GC pause (G1 Evacuation Pause) (young) (initial-mark) 111M->69M(128M), 0.0010671 secs]
[GC concurrent-root-region-scan-start]
[GC concurrent-root-region-scan-end, 0.0002795 secs]
[GC concurrent-mark-start]
[GC concurrent-mark-end, 0.0042263 secs]
Application time: 0.0045583 seconds
[GC remark, 0.0024680 secs]
Application time: 0.0000431 seconds
[GC cleanup 71M->71M(128M), 0.0001779 secs]
Application time: 0.0541884 seconds
[GC pause (G1 Evacuation Pause) (young) 111M->69M(128M), 0.0008495 secs]
Application time: 0.0426738 seconds
[GC pause (G1 Evacuation Pause) (young) 110M->69M(128M), 0.0009341 secs]
Application time: 0.0431852 seconds
[GC pause (G1 Evacuation Pause) (young) (initial-mark) 110M->69M(128M), 0.0010644 secs]
[GC concurrent-root-region-scan-start]
[GC concurrent-root-region-scan-end, 0.0002568 secs]
[GC concurrent-mark-start]
[GC concurrent-mark-end, 0.0040328 secs]
Application time: 0.0056868 seconds
[GC remark, 0.0026704 secs]
Application time: 0.0000384 seconds
[GC cleanup 72M->72M(128M), 0.0001844 secs]
Application time: 0.0547430 seconds
[GC pause (G1 Evacuation Pause) (young) 110M->69M(128M), 0.0009444 secs]
Application time: 0.0061475 seconds
[GC pause (G1 Evacuation Pause) (mixed) 74M->68M(128M), 0.0007614 secs]
Application time: 0.0452493 seconds
[GC pause (G1 Evacuation Pause) (young) 110M->68M(128M), 0.0009085 secs]
Application time: 0.0685793 seconds
[GC pause (G1 Evacuation Pause) (young) (initial-mark) 110M->68M(128M), 0.0008997 secs]
[GC concurrent-root-region-scan-start]
[GC concurrent-root-region-scan-end, 0.0001662 secs]
[GC concurrent-mark-start]
[GC concurrent-mark-end, 0.0039586 secs]
Application time: 0.0041662 seconds
[GC remark, 0.0024609 secs]
Application time: 0.0000371 seconds
[GC cleanup 69M->69M(128M), 0.0001841 secs]
Application time: 0.1142164 seconds
[GC pause (G1 Evacuation Pause) (young) 110M->68M(128M), 0.0008764 secs]
Application time: 0.0648551 seconds
[GC pause (G1 Evacuation Pause) (young) 110M->68M(128M), 0.0008833 secs]
Application time: 0.0438736 seconds
[GC pause (G1 Evacuation Pause) (young) (initial-mark) 110M->68M(128M), 0.0010005 secs]
[GC concurrent-root-region-scan-start]
[GC concurrent-root-region-scan-end, 0.0001676 secs]
[GC concurrent-mark-start]
[GC concurrent-mark-end, 0.0041103 secs]
Application time: 0.0043224 seconds
[GC remark, 0.0027131 secs]
Application time: 0.0000410 seconds
[GC cleanup 70M->70M(128M), 0.0001723 secs]
Application time: 0.0480619 seconds
[GC pause (G1 Evacuation Pause) (young) 110M->68M(128M), 0.0009925 secs]
Application time: 0.0456386 seconds
[GC pause (G1 Evacuation Pause) (young) 110M->68M(128M), 0.0007586 secs]
Application time: 0.0438868 seconds
[GC pause (G1 Evacuation Pause) (young) (initial-mark) 110M->68M(128M), 0.0009769 secs]
[GC concurrent-root-region-scan-start]
[GC concurrent-root-region-scan-end, 0.0001439 secs]
[GC concurrent-mark-start]
[GC concurrent-mark-end, 0.0039312 secs]
Application time: 0.0041291 seconds
[GC remark, 0.0026690 secs]
Application time: 0.0003939 seconds
[GC cleanup 70M->70M(128M), 0.0001713 secs]
Application time: 0.0417124 seconds
[GC pause (G1 Evacuation Pause) (young) 110M->68M(128M), 0.0008574 secs]
Application time: 0.0440631 seconds
[GC pause (G1 Evacuation Pause) (young) 110M->68M(128M), 0.0007988 secs]
Application time: 0.0435880 seconds
[GC pause (G1 Evacuation Pause) (young) (initial-mark) 110M->68M(128M), 0.0009876 secs]
[GC concurrent-root-region-scan-start]
[GC concurrent-root-region-scan-end, 0.0001870 secs]
[GC concurrent-mark-start]
[GC concurrent-mark-end, 0.0040017 secs]
Application time: 0.0042456 seconds
[GC remark, 0.0025932 secs]
Application time: 0.0000422 seconds
[GC cleanup 70M->70M(128M), 0.0001717 secs]
Application time: 0.0644874 seconds
[GC pause (G1 Evacuation Pause) (young) 110M->68M(128M), 0.0008268 secs]
Application time: 0.1091131 seconds
[GC pause (G1 Evacuation Pause) (young) 110M->68M(128M), 0.0008049 secs]
Application time: 0.0665665 seconds
[GC pause (G1 Evacuation Pause) (young) (initial-mark) 110M->68M(128M), 0.0009331 secs]
[GC concurrent-root-region-scan-start]
[GC concurrent-root-region-scan-end, 0.0001859 secs]
[GC concurrent-mark-start]
[GC concurrent-mark-end, 0.0041016 secs]
Application time: 0.0043316 seconds
[GC remark, 0.0024692 secs]
Application time: 0.0000381 seconds
[GC cleanup 69M->69M(128M), 0.0002448 secs]
Application time: 0.0480307 seconds
[GC pause (G1 Evacuation Pause) (young) 110M->68M(128M), 0.0009655 secs]
Application time: 0.0553918 seconds
[GC pause (G1 Evacuation Pause) (young) 110M->68M(128M), 0.0009225 secs]
Application time: 0.0432667 seconds
[GC pause (G1 Evacuation Pause) (young) (initial-mark) 110M->68M(128M), 0.0010028 secs]
[GC concurrent-root-region-scan-start]
[GC concurrent-root-region-scan-end, 0.0001574 secs]
[GC concurrent-mark-start]
[GC concurrent-mark-end, 0.0041052 secs]
Application time: 0.0043101 seconds
[GC remark, 0.0025010 secs]
Application time: 0.0000383 seconds
[GC cleanup 70M->70M(128M), 0.0001766 secs]
Application time: 0.0430907 seconds
[GC pause (G1 Evacuation Pause) (young) 110M->68M(128M), 0.0008341 secs]
Application time: 0.0444784 seconds
[GC pause (G1 Evacuation Pause) (young) 110M->68M(128M), 0.0008954 secs]
Application time: 0.0436832 seconds
[GC pause (G1 Evacuation Pause) (young) (initial-mark) 110M->68M(128M), 0.0009480 secs]
[GC concurrent-root-region-scan-start]
[GC concurrent-root-region-scan-end, 0.0001846 secs]
[GC concurrent-mark-start]
[GC concurrent-mark-end, 0.0040823 secs]
Application time: 0.0043207 seconds
[GC remark, 0.0024741 secs]
Application time: 0.0000357 seconds
[GC cleanup 70M->70M(128M), 0.0001788 secs]
Application time: 0.0423818 seconds
[GC pause (G1 Evacuation Pause) (young) 110M->68M(128M), 0.0008614 secs]
Application time: 0.0507563 seconds
[GC pause (G1 Evacuation Pause) (young) 110M->68M(128M), 0.0009261 secs]
Application time: 0.0910390 seconds
[GC pause (G1 Evacuation Pause) (young) (initial-mark) 110M->68M(128M), 0.0009936 secs]
[GC concurrent-root-region-scan-start]
[GC concurrent-root-region-scan-end, 0.0001636 secs]
[GC concurrent-mark-start]
[GC concurrent-mark-end, 0.0040110 secs]
Application time: 0.0042211 seconds
[GC remark, 0.0025513 secs]
Application time: 0.0000410 seconds
[GC cleanup 69M->69M(128M), 0.0001642 secs]
Application time: 0.1049376 seconds
[GC pause (G1 Evacuation Pause) (young) 110M->68M(128M), 0.0008319 secs]
Application time: 0.0496823 seconds
[GC pause (G1 Evacuation Pause) (young) 110M->68M(128M), 0.0008171 secs]
Application time: 0.0430994 seconds
[GC pause (G1 Evacuation Pause) (young) (initial-mark) 110M->68M(128M), 0.0010032 secs]
[GC concurrent-root-region-scan-start]
[GC concurrent-root-region-scan-end, 0.0002021 secs]
[GC concurrent-mark-start]
[GC concurrent-mark-end, 0.0041401 secs]
Application time: 0.0043857 seconds
[GC remark, 0.0025970 secs]
Application time: 0.0005112 seconds
[GC cleanup 70M->70M(128M), 0.0001814 secs]
Application time: 0.0432642 seconds
[GC pause (G1 Evacuation Pause) (young) 110M->68M(128M), 0.0009086 secs]
Application time: 0.0448594 seconds
[GC pause (G1 Evacuation Pause) (young) 110M->68M(128M), 0.0009074 secs]
Application time: 0.0583873 seconds
[GC pause (G1 Evacuation Pause) (young) (initial-mark) 110M->68M(128M), 0.0010088 secs]
[GC concurrent-root-region-scan-start]
[GC concurrent-root-region-scan-end, 0.0001940 secs]
[GC concurrent-mark-start]
[GC concurrent-mark-end, 0.0040812 secs]
Application time: 0.0047170 seconds
[GC remark, 0.0026306 secs]
Application time: 0.0023239 seconds
[GC cleanup 71M->71M(128M), 0.0001619 secs]
Application time: 0.0426745 seconds
[GC pause (G1 Evacuation Pause) (young) 110M->68M(128M), 0.0009280 secs]
Application time: 0.0450754 seconds
[GC pause (G1 Evacuation Pause) (young) 110M->68M(128M), 0.0009701 secs]
Application time: 0.0448640 seconds
[GC pause (G1 Evacuation Pause) (young) (initial-mark) 110M->68M(128M), 0.0009913 secs]
[GC concurrent-root-region-scan-start]
[GC concurrent-root-region-scan-end, 0.0002199 secs]
[GC concurrent-mark-start]
[GC concurrent-mark-end, 0.0041194 secs]
Application time: 0.0043803 seconds
[GC remark, 0.0026782 secs]
Application time: 0.0000437 seconds
[GC cleanup 70M->70M(128M), 0.0001715 secs]
Application time: 0.0647051 seconds
[GC pause (G1 Evacuation Pause) (young) 110M->68M(128M), 0.0008119 secs]
Application time: 0.1200334 seconds
[GC pause (G1 Evacuation Pause) (young) 110M->68M(128M), 0.0009131 secs]
Application time: 0.0643481 seconds
[GC pause (G1 Evacuation Pause) (young) (initial-mark) 110M->68M(128M), 0.0009359 secs]
[GC concurrent-root-region-scan-start]
[GC concurrent-root-region-scan-end, 0.0001734 secs]
[GC concurrent-mark-start]
[GC concurrent-mark-end, 0.0041732 secs]
Application time: 0.0043918 seconds
[GC remark, 0.0032625 secs]
Application time: 0.0000308 seconds
[GC cleanup 70M->70M(128M), 0.0001878 secs]
Application time: 0.0436363 seconds
[GC pause (G1 Evacuation Pause) (young) 110M->68M(128M), 0.0009220 secs]
Application time: 0.0444696 seconds
[GC pause (G1 Evacuation Pause) (young) 110M->68M(128M), 0.0008653 secs]
Application time: 0.0448848 seconds
[GC pause (G1 Evacuation Pause) (young) (initial-mark) 110M->68M(128M), 0.0009753 secs]
[GC concurrent-root-region-scan-start]
[GC concurrent-root-region-scan-end, 0.0002088 secs]
[GC concurrent-mark-start]
[GC concurrent-mark-end, 0.0041317 secs]
Application time: 0.0043944 seconds
[GC remark, 0.0025664 secs]
Application time: 0.0000327 seconds
[GC cleanup 71M->71M(128M), 0.0001840 secs]
Application time: 0.0438278 seconds
[GC pause (G1 Evacuation Pause) (young) 110M->68M(128M), 0.0009309 secs]
Application time: 0.0448561 seconds
[GC pause (G1 Evacuation Pause) (young) 110M->68M(128M), 0.0009305 secs]
Application time: 0.0457010 seconds
[GC pause (G1 Evacuation Pause) (young) (initial-mark) 110M->68M(128M), 0.0009223 secs]
[GC concurrent-root-region-scan-start]
[GC concurrent-root-region-scan-end, 0.0002045 secs]
[GC concurrent-mark-start]
[GC concurrent-mark-end, 0.0051708 secs]
Application time: 0.0054485 seconds
[GC remark, 0.0026993 secs]
Application time: 0.0000268 seconds
[GC cleanup 70M->70M(128M), 0.0001720 secs]
Application time: 0.0429211 seconds
[GC pause (G1 Evacuation Pause) (young) 110M->68M(128M), 0.0007750 secs]
Application time: 0.0606738 seconds
[GC pause (G1 Evacuation Pause) (young) 110M->68M(128M), 0.0008538 secs]
Application time: 0.1168755 seconds
[GC pause (G1 Evacuation Pause) (young) (initial-mark) 110M->68M(128M), 0.0009213 secs]
[GC concurrent-root-region-scan-start]
[GC concurrent-root-region-scan-end, 0.0001613 secs]
[GC concurrent-mark-start]
[GC concurrent-mark-end, 0.0040122 secs]
Application time: 0.0042192 seconds
[GC remark, 0.0026081 secs]
Application time: 0.0000315 seconds
[GC cleanup 69M->69M(128M), 0.0001763 secs]
Application time: 0.0694139 seconds
[GC pause (G1 Evacuation Pause) (young) 110M->68M(128M), 0.0008435 secs]
Application time: 0.0477882 seconds
[GC pause (G1 Evacuation Pause) (young) 110M->68M(128M), 0.0008584 secs]
Application time: 0.0439727 seconds
[GC pause (G1 Evacuation Pause) (young) (initial-mark) 110M->68M(128M), 0.0009383 secs]
[GC concurrent-root-region-scan-start]
[GC concurrent-root-region-scan-end, 0.0001576 secs]
[GC concurrent-mark-start]
[GC concurrent-mark-end, 0.0040401 secs]
Application time: 0.0042574 seconds
[GC remark, 0.0024109 secs]
Application time: 0.0000280 seconds
[GC cleanup 70M->70M(128M), 0.0001676 secs]
Application time: 0.0440810 seconds
[GC pause (G1 Evacuation Pause) (young) 110M->68M(128M), 0.0009231 secs]
Application time: 0.0441641 seconds
[GC pause (G1 Evacuation Pause) (young) 110M->68M(128M), 0.0009003 secs]
Application time: 0.0439370 seconds
[GC pause (G1 Evacuation Pause) (young) (initial-mark) 110M->68M(128M), 0.0009814 secs]
[GC concurrent-root-region-scan-start]
[GC concurrent-root-region-scan-end, 0.0001716 secs]
[GC concurrent-mark-start]
[GC concurrent-mark-end, 0.0041589 secs]
Application time: 0.0043513 seconds
[GC remark, 0.0034616 secs]
Application time: 0.0000363 seconds
[GC cleanup 70M->70M(128M), 0.0002198 secs]
Application time: 0.0465357 seconds
[GC pause (G1 Evacuation Pause) (young) 110M->68M(128M), 0.0008397 secs]
Application time: 0.0445689 seconds
[GC pause (G1 Evacuation Pause) (young) 110M->68M(128M), 0.0009129 secs]
Application time: 0.0557438 seconds
[GC pause (G1 Evacuation Pause) (young) (initial-mark) 110M->68M(128M), 0.0010498 secs]
[GC concurrent-root-region-scan-start]
[GC concurrent-root-region-scan-end, 0.0002135 secs]
[GC concurrent-mark-start]
[GC concurrent-mark-end, 0.0044730 secs]
Application time: 0.0046963 seconds
[GC remark, 0.0028418 secs]
Application time: 0.0000279 seconds
[GC cleanup 69M->69M(128M), 0.0001807 secs]
Application time: 0.0929350 seconds
[GC pause (G1 Evacuation Pause) (young) 110M->68M(128M), 0.0007949 secs]
Application time: 0.0947916 seconds
[GC pause (G1 Evacuation Pause) (young) 110M->68M(128M), 0.0009023 secs]
Application time: 0.0586766 seconds
[GC pause (G1 Evacuation Pause) (young) (initial-mark) 110M->68M(128M), 0.0010486 secs]
[GC concurrent-root-region-scan-start]
[GC concurrent-root-region-scan-end, 0.0002600 secs]
[GC concurrent-mark-start]
[GC concurrent-mark-end, 0.0044534 secs]
Application time: 0.0047523 seconds
[GC remark, 0.0029450 secs]
Application time: 0.0000265 seconds
[GC cleanup 69M->69M(128M), 0.0001875 secs]
Application time: 0.0514525 seconds
[GC pause (G1 Evacuation Pause) (young) 110M->68M(128M), 0.0008626 secs]
Application time: 0.0440450 seconds
[GC pause (G1 Evacuation Pause) (young) 110M->68M(128M), 0.0008972 secs]
Application time: 0.0444416 seconds
[GC pause (G1 Evacuation Pause) (young) (initial-mark) 110M->68M(128M), 0.0010186 secs]
[GC concurrent-root-region-scan-start]
[GC concurrent-root-region-scan-end, 0.0001668 secs]
[GC concurrent-mark-start]
[GC concurrent-mark-end, 0.0039861 secs]
Application time: 0.0042133 seconds
[GC remark, 0.0024930 secs]
Application time: 0.0000315 seconds
[GC cleanup 70M->70M(128M), 0.0002274 secs]
Application time: 0.0423921 seconds
[GC pause (G1 Evacuation Pause) (young) 110M->68M(128M), 0.0010260 secs]
Application time: 0.0441189 seconds
[GC pause (G1 Evacuation Pause) (young) 110M->68M(128M), 0.0009326 secs]
Application time: 0.0446698 seconds
[GC pause (G1 Evacuation Pause) (young) (initial-mark) 110M->68M(128M), 0.0010708 secs]
[GC concurrent-root-region-scan-start]
[GC concurrent-root-region-scan-end, 0.0002225 secs]
[GC concurrent-mark-start]
[GC concurrent-mark-end, 0.0042464 secs]
Application time: 0.0045241 seconds
[GC remark, 0.0027120 secs]
Application time: 0.0000251 seconds
[GC cleanup 70M->70M(128M), 0.0001741 secs]
Application time: 0.0486939 seconds
[GC pause (G1 Evacuation Pause) (young) 110M->68M(128M), 0.0008523 secs]
Application time: 0.0785059 seconds
[GC pause (G1 Evacuation Pause) (young) 110M->68M(128M), 0.0008666 secs]
Application time: 0.1094381 seconds
[GC pause (G1 Evacuation Pause) (young) (initial-mark) 110M->68M(128M), 0.0009688 secs]
[GC concurrent-root-region-scan-start]
[GC concurrent-root-region-scan-end, 0.0001829 secs]
[GC concurrent-mark-start]
[GC concurrent-mark-end, 0.0039757 secs]
Application time: 0.0042182 seconds
[GC remark, 0.0025407 secs]
Application time: 0.0000465 seconds
[GC cleanup 69M->69M(128M), 0.0001881 secs]
Application time: 0.0677621 seconds
[GC pause (G1 Evacuation Pause) (young) 110M->68M(128M), 0.0008192 secs]
Application time: 0.0439263 seconds
[GC pause (G1 Evacuation Pause) (young) 110M->68M(128M), 0.0008626 secs]
Application time: 0.0432499 seconds
[GC pause (G1 Evacuation Pause) (young) (initial-mark) 110M->68M(128M), 0.0008755 secs]
[GC concurrent-root-region-scan-start]
[GC concurrent-root-region-scan-end, 0.0001581 secs]
[GC concurrent-mark-start]
[GC concurrent-mark-end, 0.0039059 secs]
Application time: 0.0041172 seconds
[GC remark, 0.0032482 secs]
Application time: 0.0000275 seconds
[GC cleanup 70M->70M(128M), 0.0001783 secs]
Application time: 0.0453803 seconds
[GC pause (G1 Evacuation Pause) (young) 110M->68M(128M), 0.0008357 secs]
Application time: 0.0436090 seconds
[GC pause (G1 Evacuation Pause) (young) 110M->68M(128M), 0.0008659 secs]
Application time: 0.0431483 seconds
[GC pause (G1 Evacuation Pause) (young) (initial-mark) 110M->68M(128M), 0.0009084 secs]
[GC concurrent-root-region-scan-start]
[GC concurrent-root-region-scan-end, 0.0001617 secs]
[GC concurrent-mark-start]
[GC concurrent-mark-end, 0.0039916 secs]
Application time: 0.0042015 seconds
[GC remark, 0.0024760 secs]
Application time: 0.0000295 seconds
[GC cleanup 70M->70M(128M), 0.0001708 secs]
Application time: 0.0424784 seconds
[GC pause (G1 Evacuation Pause) (young) 110M->68M(128M), 0.0008184 secs]
Application time: 0.0439314 seconds
[GC pause (G1 Evacuation Pause) (young) 110M->68M(128M), 0.0007899 secs]
Application time: 0.0626516 seconds
[GC pause (G1 Evacuation Pause) (young) (initial-mark) 110M->68M(128M), 0.0014080 secs]
[GC concurrent-root-region-scan-start]
[GC concurrent-root-region-scan-end, 0.0003360 secs]
[GC concurrent-mark-start]
[GC concurrent-mark-end, 0.0073659 secs]
Application time: 0.0077582 seconds
[GC remark, 0.0037398 secs]
Application time: 0.0000351 seconds
[GC cleanup 72M->72M(128M), 0.0003194 secs]
Application time: 0.1243240 seconds
[GC pause (G1 Evacuation Pause) (young) 110M->68M(128M), 0.0011623 secs]
Application time: 0.0680448 seconds
[GC pause (G1 Evacuation Pause) (young) 110M->68M(128M), 0.0013223 secs]
Application time: 0.0575930 seconds
[GC pause (G1 Evacuation Pause) (young) (initial-mark) 110M->68M(128M), 0.0013439 secs]
[GC concurrent-root-region-scan-start]
[GC concurrent-root-region-scan-end, 0.0003303 secs]
[GC concurrent-mark-start]
[GC concurrent-mark-end, 0.0043366 secs]
Application time: 0.0047200 seconds
[GC remark, 0.0032560 secs]
Application time: 0.0000373 seconds
[GC cleanup 71M->71M(128M), 0.0003220 secs]
Application time: 0.0449012 seconds
[GC pause (G1 Evacuation Pause) (young) 110M->68M(128M), 0.0011916 secs]
Application time: 0.0459309 seconds
[GC pause (G1 Evacuation Pause) (young) 110M->68M(128M), 0.0010727 secs]
Application time: 0.0488298 seconds
[GC pause (G1 Evacuation Pause) (young) (initial-mark) 110M->68M(128M), 0.0012242 secs]
[GC concurrent-root-region-scan-start]
[GC concurrent-root-region-scan-end, 0.0002778 secs]
[GC concurrent-mark-start]
[GC concurrent-mark-end, 0.0043074 secs]
Application time: 0.0046571 seconds
[GC remark, 0.0032263 secs]
Application time: 0.0000350 seconds
[GC cleanup 70M->70M(128M), 0.0002473 secs]
Application time: 0.0441075 seconds
[GC pause (G1 Evacuation Pause) (young) 110M->68M(128M), 0.0010899 secs]
Application time: 0.0460744 seconds
[GC pause (G1 Evacuation Pause) (young) 110M->68M(128M), 0.0011837 secs]
Application time: 0.0451223 seconds
[GC pause (G1 Evacuation Pause) (young) (initial-mark) 110M->68M(128M), 0.0013015 secs]
[GC concurrent-root-region-scan-start]
[GC concurrent-root-region-scan-end, 0.0003118 secs]
[GC concurrent-mark-start]
[GC concurrent-mark-end, 0.0042101 secs]
Application time: 0.0045819 seconds
[GC remark, 0.0034017 secs]
Application time: 0.0000618 seconds
[GC cleanup 71M->71M(128M), 0.0006029 secs]
Application time: 0.0621588 seconds
[GC pause (G1 Evacuation Pause) (young) 110M->68M(128M), 0.0011413 secs]
Application time: 0.0861396 seconds
[GC pause (G1 Evacuation Pause) (young) 110M->68M(128M), 0.0009792 secs]
Application time: 0.0844949 seconds
[GC pause (G1 Evacuation Pause) (young) (initial-mark) 110M->68M(128M), 0.0012946 secs]
[GC concurrent-root-region-scan-start]
[GC concurrent-root-region-scan-end, 0.0002237 secs]
[GC concurrent-mark-start]
[GC concurrent-mark-end, 0.0042625 secs]
Application time: 0.0045398 seconds
[GC remark, 0.0033189 secs]
Application time: 0.0000328 seconds
[GC cleanup 71M->71M(128M), 0.0002223 secs]
Application time: 0.0660081 seconds
[GC pause (G1 Evacuation Pause) (young) 110M->68M(128M), 0.0011374 secs]
Application time: 0.0521127 seconds
[GC pause (G1 Evacuation Pause) (young) 110M->68M(128M), 0.0012079 secs]
Application time: 0.0460789 seconds
[GC pause (G1 Evacuation Pause) (young) (initial-mark) 110M->68M(128M), 0.0012640 secs]
[GC concurrent-root-region-scan-start]
[GC concurrent-root-region-scan-end, 0.0002457 secs]
[GC concurrent-mark-start]
[GC concurrent-mark-end, 0.0048157 secs]
Application time: 0.0058799 seconds
[GC remark, 0.0040789 secs]
Application time: 0.0000506 seconds
[GC cleanup 69M->69M(128M), 0.0003125 secs]
Application time: 0.0459335 seconds
[GC pause (G1 Evacuation Pause) (young) 110M->68M(128M), 0.0010868 secs]
Application time: 0.0467506 seconds
[GC pause (G1 Evacuation Pause) (young) 110M->68M(128M), 0.0012992 secs]
Application time: 0.0498883 seconds
[GC pause (G1 Evacuation Pause) (young) (initial-mark) 110M->68M(128M), 0.0012664 secs]
[GC concurrent-root-region-scan-start]
[GC concurrent-root-region-scan-end, 0.0003167 secs]
[GC concurrent-mark-start]
[GC concurrent-mark-end, 0.0044308 secs]
Application time: 0.0048255 seconds
[GC remark, 0.0033455 secs]
Application time: 0.0000501 seconds
[GC cleanup 70M->70M(128M), 0.0003229 secs]
Application time: 0.0461219 seconds
[GC pause (G1 Evacuation Pause) (young) 110M->68M(128M), 0.0012012 secs]
Application time: 0.0677560 seconds
[GC pause (G1 Evacuation Pause) (young) 110M->68M(128M), 0.0011655 secs]
Application time: 0.0705823 seconds
[GC pause (G1 Evacuation Pause) (young) (initial-mark) 110M->68M(128M), 0.0012553 secs]
[GC concurrent-root-region-scan-start]
[GC concurrent-root-region-scan-end, 0.0002772 secs]
[GC concurrent-mark-start]
[GC concurrent-mark-end, 0.0043745 secs]
Application time: 0.0071770 seconds
[GC remark, 0.0033020 secs]
Application time: 0.0000492 seconds
[GC cleanup 70M->70M(128M), 0.0002461 secs]
Application time: 0.0697104 seconds
[GC pause (G1 Evacuation Pause) (young) 110M->68M(128M), 0.0012609 secs]
Application time: 0.0747698 seconds
[GC pause (G1 Evacuation Pause) (young) 110M->68M(128M), 0.0011909 secs]
Application time: 0.0699372 seconds
[GC pause (G1 Evacuation Pause) (young) (initial-mark) 110M->68M(128M), 0.0012892 secs]
[GC concurrent-root-region-scan-start]
[GC concurrent-root-region-scan-end, 0.0002285 secs]
[GC concurrent-mark-start]
[GC concurrent-mark-end, 0.0042856 secs]
Application time: 0.0045771 seconds
[GC remark, 0.0031254 secs]
Application time: 0.0000500 seconds
[GC cleanup 70M->70M(128M), 0.0002298 secs]
Application time: 0.0439770 seconds
[GC pause (G1 Evacuation Pause) (young) 110M->68M(128M), 0.0012310 secs]
Application time: 0.0681025 seconds
[GC pause (G1 Evacuation Pause) (young) 110M->68M(128M), 0.0013308 secs]
Application time: 0.0522661 seconds
[GC pause (G1 Evacuation Pause) (young) (initial-mark) 110M->68M(128M), 0.0013163 secs]
[GC concurrent-root-region-scan-start]
[GC concurrent-root-region-scan-end, 0.0003356 secs]
[GC concurrent-mark-start]
[GC concurrent-mark-end, 0.0050847 secs]
Application time: 0.0054745 seconds
[GC remark, 0.0035159 secs]
Application time: 0.0000412 seconds
[GC cleanup 71M->71M(128M), 0.0002486 secs]
Application time: 0.0453580 seconds
[GC pause (G1 Evacuation Pause) (young) 110M->68M(128M), 0.0012631 secs]
Application time: 0.0470914 seconds
[GC pause (G1 Evacuation Pause) (young) 110M->68M(128M), 0.0012887 secs]
Application time: 0.0496066 seconds
[GC pause (G1 Evacuation Pause) (young) (initial-mark) 110M->68M(128M), 0.0013277 secs]
[GC concurrent-root-region-scan-start]
[GC concurrent-root-region-scan-end, 0.0001884 secs]
[GC concurrent-mark-start]
[GC concurrent-mark-end, 0.0045218 secs]
Application time: 0.0047697 seconds
[GC remark, 0.0032809 secs]
Application time: 0.0000339 seconds
[GC cleanup 71M->71M(128M), 0.0003051 secs]
Application time: 0.0679545 seconds
[GC pause (G1 Evacuation Pause) (young) 110M->68M(128M), 0.0010411 secs]
Application time: 0.1041320 seconds
[GC pause (G1 Evacuation Pause) (young) 110M->68M(128M), 0.0009910 secs]
Application time: 0.0707918 seconds
[GC pause (G1 Evacuation Pause) (young) (initial-mark) 110M->68M(128M), 0.0013558 secs]
[GC concurrent-root-region-scan-start]
[GC concurrent-root-region-scan-end, 0.0003125 secs]
[GC concurrent-mark-start]
[GC concurrent-mark-end, 0.0046692 secs]
Application time: 0.0054809 seconds
[GC remark, 0.0032766 secs]
Application time: 0.0020520 seconds
[GC cleanup 70M->70M(128M), 0.0002437 secs]
Application time: 0.0541502 seconds
[GC pause (G1 Evacuation Pause) (young) 110M->68M(128M), 0.0011756 secs]
Application time: 0.0454105 seconds
[GC pause (G1 Evacuation Pause) (young) 110M->68M(128M), 0.0010897 secs]
Application time: 0.0465970 seconds
[GC pause (G1 Evacuation Pause) (young) (initial-mark) 110M->68M(128M), 0.0014385 secs]
[GC concurrent-root-region-scan-start]
[GC concurrent-root-region-scan-end, 0.0002303 secs]
[GC concurrent-mark-start]
[GC concurrent-mark-end, 0.0045886 secs]
Application time: 0.0048839 seconds
[GC remark, 0.0033666 secs]
Application time: 0.0000429 seconds
[GC cleanup 71M->71M(128M), 0.0002616 secs]
Application time: 0.0442925 seconds
[GC pause (G1 Evacuation Pause) (young) 110M->68M(128M), 0.0011991 secs]
Application time: 0.0461894 seconds
[GC pause (G1 Evacuation Pause) (young) 110M->68M(128M), 0.0011958 secs]
Application time: 0.0466307 seconds
[GC pause (G1 Evacuation Pause) (young) (initial-mark) 110M->68M(128M), 0.0013015 secs]
[GC concurrent-root-region-scan-start]
[GC concurrent-root-region-scan-end, 0.0003423 secs]
[GC concurrent-mark-start]
[GC concurrent-mark-end, 0.0043433 secs]
Application time: 0.0047392 seconds
[GC remark, 0.0031196 secs]
Application time: 0.0000449 seconds
[GC cleanup 71M->71M(128M), 0.0002187 secs]
Application time: 0.0448488 seconds
[GC pause (G1 Evacuation Pause) (young) 110M->68M(128M), 0.0012185 secs]
Application time: 0.0506657 seconds
[GC pause (G1 Evacuation Pause) (young) 110M->68M(128M), 0.0012377 secs]
Application time: 0.0905250 seconds
[GC pause (G1 Evacuation Pause) (young) (initial-mark) 110M->68M(128M), 0.0012402 secs]
[GC concurrent-root-region-scan-start]
[GC concurrent-root-region-scan-end, 0.0002127 secs]
[GC concurrent-mark-start]
[GC concurrent-mark-end, 0.0045027 secs]
Application time: 0.0047771 seconds
[GC remark, 0.0033248 secs]
Application time: 0.0000462 seconds
[GC cleanup 69M->69M(128M), 0.0002326 secs]
Application time: 0.1155926 seconds
[GC pause (G1 Evacuation Pause) (young) 110M->68M(128M), 0.0011789 secs]
Application time: 0.0551191 seconds
[GC pause (G1 Evacuation Pause) (young) 110M->68M(128M), 0.0011971 secs]
Application time: 0.0462256 seconds
[GC pause (G1 Evacuation Pause) (young) (initial-mark) 110M->68M(128M), 0.0013662 secs]
[GC concurrent-root-region-scan-start]
[GC concurrent-root-region-scan-end, 0.0003967 secs]
[GC concurrent-mark-start]
[GC concurrent-mark-end, 0.0049113 secs]
Application time: 0.0053732 seconds
[GC remark, 0.0035309 secs]
Application time: 0.0013294 seconds
[GC cleanup 71M->71M(128M), 0.0002428 secs]
Application time: 0.0448617 seconds
[GC pause (G1 Evacuation Pause) (young) 110M->68M(128M), 0.0011402 secs]
Application time: 0.0461920 seconds
[GC pause (G1 Evacuation Pause) (young) 110M->68M(128M), 0.0012168 secs]
Application time: 0.0464947 seconds
[GC pause (G1 Evacuation Pause) (young) (initial-mark) 110M->68M(128M), 0.0012264 secs]
[GC concurrent-root-region-scan-start]
[GC concurrent-root-region-scan-end, 0.0002957 secs]
[GC concurrent-mark-start]
[GC concurrent-mark-end, 0.0043013 secs]
Application time: 0.0046571 seconds
[GC remark, 0.0032514 secs]
Application time: 0.0003690 seconds
[GC cleanup 70M->70M(128M), 0.0002659 secs]
Application time: 0.0441039 seconds
[GC pause (G1 Evacuation Pause) (young) 110M->68M(128M), 0.0011149 secs]
Application time: 0.0458112 seconds
[GC pause (G1 Evacuation Pause) (young) 110M->68M(128M), 0.0011875 secs]
Application time: 0.0468285 seconds
[GC pause (G1 Evacuation Pause) (young) (initial-mark) 110M->68M(128M), 0.0013261 secs]
[GC concurrent-root-region-scan-start]
[GC concurrent-root-region-scan-end, 0.0001878 secs]
[GC concurrent-mark-start]
[GC concurrent-mark-end, 0.0046032 secs]
Application time: 0.0069241 seconds
[GC remark, 0.0035000 secs]
Application time: 0.0000471 seconds
[GC cleanup 72M->72M(128M), 0.0002468 secs]
Application time: 0.0661726 seconds
[GC pause (G1 Evacuation Pause) (young) 110M->68M(128M), 0.0013566 secs]
Application time: 0.1218458 seconds
[GC pause (G1 Evacuation Pause) (young) 110M->68M(128M), 0.0012364 secs]
Application time: 0.0701007 seconds
[GC pause (G1 Evacuation Pause) (young) (initial-mark) 110M->68M(128M), 0.0011967 secs]
[GC concurrent-root-region-scan-start]
[GC concurrent-root-region-scan-end, 0.0003052 secs]
[GC concurrent-mark-start]
[GC concurrent-mark-end, 0.0050979 secs]
Application time: 0.0054809 seconds
[GC remark, 0.0033009 secs]
Application time: 0.0000461 seconds
[GC cleanup 70M->70M(128M), 0.0002286 secs]
Application time: 0.0534285 seconds
[GC pause (G1 Evacuation Pause) (young) 110M->68M(128M), 0.0012150 secs]
Application time: 0.0478197 seconds
[GC pause (G1 Evacuation Pause) (young) 110M->68M(128M), 0.0011634 secs]
Application time: 0.0462312 seconds
[GC pause (G1 Evacuation Pause) (young) (initial-mark) 110M->68M(128M), 0.0011874 secs]
[GC concurrent-root-region-scan-start]
[GC concurrent-root-region-scan-end, 0.0003102 secs]
[GC concurrent-mark-start]
[GC concurrent-mark-end, 0.0046211 secs]
Application time: 0.0049837 seconds
[GC remark, 0.0033256 secs]
Application time: 0.0000433 seconds
[GC cleanup 71M->71M(128M), 0.0002199 secs]
Application time: 0.0474967 seconds
[GC pause (G1 Evacuation Pause) (young) 110M->68M(128M), 0.0012239 secs]
Application time: 0.0455033 seconds
[GC pause (G1 Evacuation Pause) (young) 110M->68M(128M), 0.0011284 secs]
Application time: 0.0533143 seconds
[GC pause (G1 Evacuation Pause) (young) (initial-mark) 110M->68M(128M), 0.0011348 secs]
[GC concurrent-root-region-scan-start]
[GC concurrent-root-region-scan-end, 0.0002976 secs]
[GC concurrent-mark-start]
[GC concurrent-mark-end, 0.0046835 secs]
Application time: 0.0061449 seconds
[GC remark, 0.0034858 secs]
Application time: 0.0000494 seconds
[GC cleanup 71M->71M(128M), 0.0003165 secs]
Application time: 0.0431958 seconds
[GC pause (G1 Evacuation Pause) (young) 110M->68M(128M), 0.0012633 secs]
Application time: 0.0659131 seconds
[GC pause (G1 Evacuation Pause) (young) 110M->68M(128M), 0.0010629 secs]
Application time: 0.1065678 seconds
[GC pause (G1 Evacuation Pause) (young) (initial-mark) 110M->68M(128M), 0.0011429 secs]
[GC concurrent-root-region-scan-start]
[GC concurrent-root-region-scan-end, 0.0002780 secs]
[GC concurrent-mark-start]
[GC concurrent-mark-end, 0.0042339 secs]
Application time: 0.0110151 seconds
[GC remark, 0.0031301 secs]
Application time: 0.0000498 seconds
[GC cleanup 70M->70M(128M), 0.0002191 secs]
Application time: 0.0688254 seconds
[GC pause (G1 Evacuation Pause) (young) 110M->68M(128M), 0.0011514 secs]
Application time: 0.0593894 seconds
[GC pause (G1 Evacuation Pause) (young) 110M->68M(128M), 0.0012246 secs]
Application time: 0.0463984 seconds
[GC pause (G1 Evacuation Pause) (young) (initial-mark) 110M->68M(128M), 0.0013204 secs]
[GC concurrent-root-region-scan-start]
[GC concurrent-root-region-scan-end, 0.0003296 secs]
[GC concurrent-mark-start]
[GC concurrent-mark-end, 0.0045701 secs]
Application time: 0.0049626 seconds
[GC remark, 0.0034684 secs]
Application time: 0.0011454 seconds
[GC cleanup 71M->71M(128M), 0.0002964 secs]
Application time: 0.0428504 seconds
[GC pause (G1 Evacuation Pause) (young) 110M->68M(128M), 0.0011265 secs]
Application time: 0.0468180 seconds
[GC pause (G1 Evacuation Pause) (young) 110M->68M(128M), 0.0012265 secs]
Application time: 0.0459790 seconds
[GC pause (G1 Evacuation Pause) (young) (initial-mark) 110M->68M(128M), 0.0012761 secs]
[GC concurrent-root-region-scan-start]
[GC concurrent-root-region-scan-end, 0.0003001 secs]
[GC concurrent-mark-start]
[GC concurrent-mark-end, 0.0046392 secs]
Application time: 0.0050019 seconds
[GC remark, 0.0033158 secs]
Application time: 0.0000410 seconds
[GC cleanup 71M->71M(128M), 0.0002944 secs]
Application time: 0.0528606 seconds
[GC pause (G1 Evacuation Pause) (young) 110M->68M(128M), 0.0010218 secs]
Application time: 0.0464116 seconds
[GC pause (G1 Evacuation Pause) (young) 110M->68M(128M), 0.0010982 secs]
Application time: 0.0673383 seconds
[GC pause (G1 Evacuation Pause) (young) (initial-mark) 110M->68M(128M), 0.0013162 secs]
[GC concurrent-root-region-scan-start]
[GC concurrent-root-region-scan-end, 0.0001913 secs]
[GC concurrent-mark-start]
[GC concurrent-mark-end, 0.0042925 secs]
Application time: 0.0045354 seconds
[GC remark, 0.0031459 secs]
Application time: 0.0000525 seconds
[GC cleanup 69M->69M(128M), 0.0002318 secs]
Application time: 0.0694321 seconds
[GC pause (G1 Evacuation Pause) (young) 110M->68M(128M), 0.0011123 secs]
Application time: 0.0830799 seconds
[GC pause (G1 Evacuation Pause) (young) 110M->68M(128M), 0.0009994 secs]
Application time: 0.0684998 seconds
[GC pause (G1 Evacuation Pause) (young) (initial-mark) 110M->68M(128M), 0.0011790 secs]
[GC concurrent-root-region-scan-start]
[GC concurrent-root-region-scan-end, 0.0001718 secs]
[GC concurrent-mark-start]
[GC concurrent-mark-end, 0.0043415 secs]
Application time: 0.0045688 seconds
[GC remark, 0.0032624 secs]
Application time: 0.0001599 seconds
[GC cleanup 70M->70M(128M), 0.0002403 secs]
Application time: 0.0539991 seconds
[GC pause (G1 Evacuation Pause) (young) 110M->68M(128M), 0.0010629 secs]
Application time: 0.0464412 seconds
[GC pause (G1 Evacuation Pause) (young) 110M->68M(128M), 0.0011499 secs]
Application time: 0.0455615 seconds
[GC pause (G1 Evacuation Pause) (young) (initial-mark) 110M->68M(128M), 0.0013143 secs]
[GC concurrent-root-region-scan-start]
[GC concurrent-root-region-scan-end, 0.0002015 secs]
[GC concurrent-mark-start]
[GC concurrent-mark-end, 0.0043086 secs]
Application time: 0.0045625 seconds
[GC remark, 0.0031136 secs]
Application time: 0.0000520 seconds
[GC cleanup 71M->71M(128M), 0.0002181 secs]
Application time: 0.0435998 seconds
[GC pause (G1 Evacuation Pause) (young) 110M->68M(128M), 0.0011420 secs]
Application time: 0.0456490 seconds
[GC pause (G1 Evacuation Pause) (young) 110M->68M(128M), 0.0012968 secs]
Application time: 0.0482060 seconds
[GC pause (G1 Evacuation Pause) (young) (initial-mark) 110M->68M(128M), 0.0012142 secs]
[GC concurrent-root-region-scan-start]
[GC concurrent-root-region-scan-end, 0.0002916 secs]
[GC concurrent-mark-start]
[GC concurrent-mark-end, 0.0043187 secs]
Application time: 0.0046634 seconds
[GC remark, 0.0030927 secs]
Application time: 0.0000492 seconds
[GC cleanup 69M->69M(128M), 0.0002103 secs]
Application time: 0.0683661 seconds
[GC pause (G1 Evacuation Pause) (young) 110M->68M(128M), 0.0012805 secs]
Application time: 0.0693466 seconds
[GC pause (G1 Evacuation Pause) (young) 110M->68M(128M), 0.0011357 secs]
Application time: 0.0557133 seconds
[GC pause (G1 Evacuation Pause) (young) (initial-mark) 110M->68M(128M), 0.0011524 secs]
[GC concurrent-root-region-scan-start]
[GC concurrent-root-region-scan-end, 0.0002659 secs]
[GC concurrent-mark-start]
[GC concurrent-mark-end, 0.0042928 secs]
Application time: 0.0046160 seconds
[GC remark, 0.0032641 secs]
Application time: 0.0000554 seconds
[GC cleanup 71M->71M(128M), 0.0002385 secs]
Application time: 0.0719253 seconds
[GC pause (G1 Evacuation Pause) (young) 110M->68M(128M), 0.0011538 secs]
Application time: 0.0728389 seconds
[GC pause (G1 Evacuation Pause) (young) 110M->68M(128M), 0.0011386 secs]
Application time: 0.0492802 seconds
[GC pause (G1 Evacuation Pause) (young) (initial-mark) 110M->68M(128M), 0.0013723 secs]
[GC concurrent-root-region-scan-start]
[GC concurrent-root-region-scan-end, 0.0002192 secs]
[GC concurrent-mark-start]
[GC concurrent-mark-end, 0.0043481 secs]
Application time: 0.0059033 seconds
[GC remark, 0.0030990 secs]
Application time: 0.0000518 seconds
[GC cleanup 71M->71M(128M), 0.0002607 secs]
Application time: 0.0434823 seconds
[GC pause (G1 Evacuation Pause) (young) 110M->68M(128M), 0.0012286 secs]
Application time: 0.0465447 seconds
[GC pause (G1 Evacuation Pause) (young) 110M->68M(128M), 0.0011849 secs]
Application time: 0.0463041 seconds
[GC pause (G1 Evacuation Pause) (young) (initial-mark) 110M->68M(128M), 0.0013753 secs]
[GC concurrent-root-region-scan-start]
[GC concurrent-root-region-scan-end, 0.0003877 secs]
[GC concurrent-mark-start]
[GC concurrent-mark-end, 0.0046970 secs]
Application time: 0.0051468 seconds
[GC remark, 0.0034909 secs]
Application time: 0.0000449 seconds
[GC cleanup 71M->71M(128M), 0.0002302 secs]
Application time: 0.0442856 seconds
[GC pause (G1 Evacuation Pause) (young) 110M->68M(128M), 0.0012381 secs]
Application time: 0.0586887 seconds
[GC pause (G1 Evacuation Pause) (young) 110M->68M(128M), 0.0011987 secs]
Application time: 0.0688449 seconds
[GC pause (G1 Evacuation Pause) (young) (initial-mark) 110M->68M(128M), 0.0011860 secs]
[GC concurrent-root-region-scan-start]
[GC concurrent-root-region-scan-end, 0.0002058 secs]
[GC concurrent-mark-start]
[GC concurrent-mark-end, 0.0046218 secs]
Application time: 0.0048800 seconds
[GC remark, 0.0032019 secs]
Application time: 0.0000334 seconds
[GC cleanup 70M->70M(128M), 0.0002391 secs]
Application time: 0.0817224 seconds
[GC pause (G1 Evacuation Pause) (young) 110M->68M(128M), 0.0011760 secs]
Application time: 0.0757165 seconds
[GC pause (G1 Evacuation Pause) (young) 110M->68M(128M), 0.0011094 secs]
Application time: 0.0710203 seconds
[GC pause (G1 Evacuation Pause) (young) (initial-mark) 110M->68M(128M), 0.0012591 secs]
[GC concurrent-root-region-scan-start]
[GC concurrent-root-region-scan-end, 0.0002195 secs]
[GC concurrent-mark-start]
[GC concurrent-mark-end, 0.0042234 secs]
Application time: 0.0044374 seconds
[GC remark, 0.0036111 secs]
Application time: 0.0000319 seconds
[GC cleanup 69M->69M(128M), 0.0002947 secs]
Application time: 0.0470656 seconds
[GC pause (G1 Evacuation Pause) (young) 110M->68M(128M), 0.0012344 secs]
Application time: 0.0470626 seconds
[GC pause (G1 Evacuation Pause) (young) 110M->68M(128M), 0.0011730 secs]
Application time: 0.0465892 seconds
[GC pause (G1 Evacuation Pause) (young) (initial-mark) 110M->68M(128M), 0.0012681 secs]
[GC concurrent-root-region-scan-start]
[GC concurrent-root-region-scan-end, 0.0001942 secs]
[GC concurrent-mark-start]
[GC concurrent-mark-end, 0.0045976 secs]
Application time: 0.0048520 seconds
[GC remark, 0.0032824 secs]
Application time: 0.0000353 seconds
[GC cleanup 71M->71M(128M), 0.0003208 secs]
Application time: 0.0435654 seconds
[GC pause (G1 Evacuation Pause) (young) 110M->68M(128M), 0.0012108 secs]
Application time: 0.0466312 seconds
[GC pause (G1 Evacuation Pause) (young) 110M->68M(128M), 0.0010526 secs]
Application time: 0.0531483 seconds
[GC pause (G1 Evacuation Pause) (young) (initial-mark) 110M->68M(128M), 0.0013915 secs]
[GC concurrent-root-region-scan-start]
[GC concurrent-root-region-scan-end, 0.0003035 secs]
[GC concurrent-mark-start]
[GC concurrent-mark-end, 0.0043272 secs]
Application time: 0.0046373 seconds
[GC remark, 0.0032908 secs]
Application time: 0.0000303 seconds
[GC cleanup 69M->69M(128M), 0.0002478 secs]
Application time: 0.1053113 seconds
[GC pause (G1 Evacuation Pause) (young) 110M->68M(128M), 0.0012224 secs]
Application time: 0.0734375 seconds
[GC pause (G1 Evacuation Pause) (young) 110M->68M(128M), 0.0011529 secs]
Application time: 0.0608865 seconds
[GC pause (G1 Evacuation Pause) (young) (initial-mark) 110M->68M(128M), 0.0013307 secs]
[GC concurrent-root-region-scan-start]
[GC concurrent-root-region-scan-end, 0.0003314 secs]
[GC concurrent-mark-start]
[GC concurrent-mark-end, 0.0045799 secs]
Application time: 0.0049233 seconds
[GC remark, 0.0040170 secs]
Application time: 0.0010223 seconds
[GC cleanup 69M->69M(128M), 0.0003283 secs]
Application time: 0.0764332 seconds
[GC pause (G1 Evacuation Pause) (young) 110M->68M(128M), 0.0011160 secs]
Application time: 0.0703974 seconds
[GC pause (G1 Evacuation Pause) (young) 110M->68M(128M), 0.0011849 secs]
Application time: 0.0497432 seconds
[GC pause (G1 Evacuation Pause) (young) (initial-mark) 110M->68M(128M), 0.0012978 secs]
[GC concurrent-root-region-scan-start]
[GC concurrent-root-region-scan-end, 0.0001900 secs]
[GC concurrent-mark-start]
[GC concurrent-mark-end, 0.0042371 secs]
Application time: 0.0045013 seconds
[GC remark, 0.0031573 secs]
Application time: 0.0000458 seconds
[GC cleanup 70M->70M(128M), 0.0002295 secs]
Application time: 0.0457038 seconds
[GC pause (G1 Evacuation Pause) (young) 110M->68M(128M), 0.0011696 secs]
Application time: 0.0455991 seconds
[GC pause (G1 Evacuation Pause) (young) 110M->68M(128M), 0.0024664 secs]
Application time: 0.0451741 seconds
[GC pause (G1 Evacuation Pause) (young) (initial-mark) 110M->68M(128M), 0.0012106 secs]
[GC concurrent-root-region-scan-start]
[GC concurrent-root-region-scan-end, 0.0002970 secs]
[GC concurrent-mark-start]
[GC concurrent-mark-end, 0.0046823 secs]
Application time: 0.0050323 seconds
[GC remark, 0.0035024 secs]
Application time: 0.0010982 seconds
[GC cleanup 71M->71M(128M), 0.0002134 secs]
Application time: 0.0572890 seconds
[GC pause (G1 Evacuation Pause) (young) 110M->68M(128M), 0.0011023 secs]
Application time: 0.0703070 seconds
[GC pause (G1 Evacuation Pause) (young) 110M->68M(128M), 0.0010794 secs]
Application time: 0.0654247 seconds
[GC pause (G1 Evacuation Pause) (young) (initial-mark) 110M->68M(128M), 0.0011973 secs]
[GC concurrent-root-region-scan-start]
[GC concurrent-root-region-scan-end, 0.0002643 secs]
[GC concurrent-mark-start]
[GC concurrent-mark-end, 0.0045909 secs]
Application time: 0.0049046 seconds
[GC remark, 0.0034467 secs]
Application time: 0.0012340 seconds
[GC cleanup 71M->71M(128M), 0.0002472 secs]
Application time: 0.0418713 seconds
[GC pause (G1 Evacuation Pause) (young) 110M->68M(128M), 0.0012330 secs]
Application time: 0.0603748 seconds
[GC pause (G1 Evacuation Pause) (young) 110M->68M(128M), 0.0011639 secs]
Application time: 0.0675866 seconds
[GC pause (G1 Evacuation Pause) (young) (initial-mark) 110M->68M(128M), 0.0013084 secs]
[GC concurrent-root-region-scan-start]
[GC concurrent-root-region-scan-end, 0.0002162 secs]
[GC concurrent-mark-start]
[GC concurrent-mark-end, 0.0045722 secs]
Application time: 0.0048493 seconds
[GC remark, 0.0032678 secs]
Application time: 0.0000479 seconds
[GC cleanup 70M->70M(128M), 0.0002299 secs]
Application time: 0.0705624 seconds
[GC pause (G1 Evacuation Pause) (young) 110M->68M(128M), 0.0010915 secs]
Application time: 0.0513762 seconds
[GC pause (G1 Evacuation Pause) (young) 110M->68M(128M), 0.0011797 secs]
Application time: 0.0462382 seconds
[GC pause (G1 Evacuation Pause) (young) (initial-mark) 110M->68M(128M), 0.0013544 secs]
[GC concurrent-root-region-scan-start]
[GC concurrent-root-region-scan-end, 0.0003476 secs]
[GC concurrent-mark-start]
[GC concurrent-mark-end, 0.0047680 secs]
Application time: 0.0051697 seconds
[GC remark, 0.0032568 secs]
Application time: 0.0000470 seconds
[GC cleanup 71M->71M(128M), 0.0002144 secs]
Application time: 0.0446189 seconds
[GC pause (G1 Evacuation Pause) (young) 110M->68M(128M), 0.0011974 secs]
Application time: 0.0758685 seconds
[GC pause (G1 Evacuation Pause) (young) 110M->68M(128M), 0.0011194 secs]
Application time: 0.0741137 seconds
[GC pause (G1 Evacuation Pause) (young) (initial-mark) 110M->68M(128M), 0.0012551 secs]
[GC concurrent-root-region-scan-start]
[GC concurrent-root-region-scan-end, 0.0002921 secs]
[GC concurrent-mark-start]
[GC concurrent-mark-end, 0.0043524 secs]
Application time: 0.0046949 seconds
[GC remark, 0.0031426 secs]
Application time: 0.0000512 seconds
[GC cleanup 70M->70M(128M), 0.0002173 secs]
Application time: 0.0598523 seconds
[GC pause (G1 Evacuation Pause) (young) 110M->68M(128M), 0.0011015 secs]
Application time: 0.0497745 seconds
[GC pause (G1 Evacuation Pause) (young) 110M->68M(128M), 0.0012528 secs]
Application time: 0.0463885 seconds
[GC pause (G1 Evacuation Pause) (young) (initial-mark) 110M->68M(128M), 0.0012860 secs]
[GC concurrent-root-region-scan-start]
[GC concurrent-root-region-scan-end, 0.0003019 secs]
[GC concurrent-mark-start]
[GC concurrent-mark-end, 0.0047449 secs]
Application time: 0.0051726 seconds
[GC remark, 0.0033443 secs]
Application time: 0.0010624 seconds
[GC cleanup 71M->71M(128M), 0.0002183 secs]
Application time: 0.0606343 seconds
[GC pause (G1 Evacuation Pause) (young) 110M->68M(128M), 0.0015566 secs]
Application time: 0.0699767 seconds
[GC pause (G1 Evacuation Pause) (young) 110M->68M(128M), 0.0017187 secs]
Application time: 0.0680580 seconds
[GC pause (G1 Evacuation Pause) (young) (initial-mark) 110M->68M(128M), 0.0018107 secs]
[GC concurrent-root-region-scan-start]
[GC concurrent-root-region-scan-end, 0.0003705 secs]
[GC concurrent-mark-start]
[GC concurrent-mark-end, 0.0045461 secs]
Application time: 0.0050022 seconds
[GC remark, 0.0045522 secs]
Application time: 0.0000597 seconds
[GC cleanup 71M->71M(128M), 0.0003009 secs]
Application time: 0.0439603 seconds
[GC pause (G1 Evacuation Pause) (young) 110M->68M(128M), 0.0014159 secs]
Application time: 0.0461379 seconds
[GC pause (G1 Evacuation Pause) (young) 110M->68M(128M), 0.0015392 secs]
Application time: 0.0711968 seconds
[GC pause (G1 Evacuation Pause) (young) (initial-mark) 110M->68M(128M), 0.0015911 secs]
[GC concurrent-root-region-scan-start]
[GC concurrent-root-region-scan-end, 0.0003020 secs]
[GC concurrent-mark-start]
[GC concurrent-mark-end, 0.0044119 secs]
Application time: 0.0047660 seconds
[GC remark, 0.0046720 secs]
Application time: 0.0000529 seconds
[GC cleanup 69M->69M(128M), 0.0002788 secs]
Application time: 0.0703225 seconds
[GC pause (G1 Evacuation Pause) (young) 110M->68M(128M), 0.0014473 secs]
Application time: 0.0551749 seconds
[GC pause (G1 Evacuation Pause) (young) 110M->68M(128M), 0.0016207 secs]
Application time: 0.0450543 seconds
[GC pause (G1 Evacuation Pause) (young) (initial-mark) 110M->68M(128M), 0.0018180 secs]
[GC concurrent-root-region-scan-start]
[GC concurrent-root-region-scan-end, 0.0003511 secs]
[GC concurrent-mark-start]
[GC concurrent-mark-end, 0.0044318 secs]
Application time: 0.0048370 seconds
[GC remark, 0.0045186 secs]
Application time: 0.0010052 seconds
[GC cleanup 71M->71M(128M), 0.0002748 secs]
Application time: 0.0427914 seconds
[GC pause (G1 Evacuation Pause) (young) 110M->68M(128M), 0.0015744 secs]
Application time: 0.0451179 seconds
[GC pause (G1 Evacuation Pause) (young) 110M->68M(128M), 0.0015528 secs]
Application time: 0.0598532 seconds
[GC pause (G1 Evacuation Pause) (young) (initial-mark) 110M->68M(128M), 0.0015878 secs]
[GC concurrent-root-region-scan-start]
[GC concurrent-root-region-scan-end, 0.0002956 secs]
[GC concurrent-mark-start]
[GC concurrent-mark-end, 0.0042377 secs]
Application time: 0.0046005 seconds
[GC remark, 0.0045898 secs]
Application time: 0.0000571 seconds
[GC cleanup 70M->70M(128M), 0.0002813 secs]
Application time: 0.0660532 seconds
[GC pause (G1 Evacuation Pause) (young) 110M->68M(128M), 0.0013615 secs]
Application time: 0.0691147 seconds
[GC pause (G1 Evacuation Pause) (young) 110M->68M(128M), 0.0014285 secs]
Application time: 0.0448377 seconds
[GC pause (G1 Evacuation Pause) (young) (initial-mark) 110M->68M(128M), 0.0017865 secs]
[GC concurrent-root-region-scan-start]
[GC concurrent-root-region-scan-end, 0.0003597 secs]
[GC concurrent-mark-start]
[GC concurrent-mark-end, 0.0046418 secs]
Application time: 0.0079905 seconds
[GC remark, 0.0045207 secs]
Application time: 0.0000539 seconds
[GC cleanup 71M->71M(128M), 0.0003267 secs]
Application time: 0.0623940 seconds
[GC pause (G1 Evacuation Pause) (young) 110M->68M(128M), 0.0015250 secs]
Application time: 0.0684494 seconds
[GC pause (G1 Evacuation Pause) (young) 110M->68M(128M), 0.0014862 secs]
Application time: 0.0623367 seconds
[GC pause (G1 Evacuation Pause) (young) (initial-mark) 110M->68M(128M), 0.0016335 secs]
[GC concurrent-root-region-scan-start]
[GC concurrent-root-region-scan-end, 0.0003700 secs]
[GC concurrent-mark-start]
[GC concurrent-mark-end, 0.0049133 secs]
Application time: 0.0053399 seconds
[GC remark, 0.0052783 secs]
Application time: 0.0008391 seconds
[GC cleanup 71M->71M(128M), 0.0003142 secs]
Application time: 0.0425997 seconds
[GC pause (G1 Evacuation Pause) (young) 110M->68M(128M), 0.0015636 secs]
Application time: 0.0468349 seconds
[GC pause (G1 Evacuation Pause) (young) 110M->68M(128M), 0.0015077 secs]
Application time: 0.0471717 seconds
[GC pause (G1 Evacuation Pause) (young) (initial-mark) 110M->68M(128M), 0.0017848 secs]
[GC concurrent-root-region-scan-start]
[GC concurrent-root-region-scan-end, 0.0003141 secs]
[GC concurrent-mark-start]
[GC concurrent-mark-end, 0.0046900 secs]
Application time: 0.0062175 seconds
[GC remark, 0.0053544 secs]
Application time: 0.0000513 seconds
[GC cleanup 71M->71M(128M), 0.0003220 secs]
Application time: 0.0625131 seconds
[GC pause (G1 Evacuation Pause) (young) 110M->68M(128M), 0.0015799 secs]
Application time: 0.0707544 seconds
[GC pause (G1 Evacuation Pause) (young) 110M->68M(128M), 0.0013235 secs]
Application time: 0.0603888 seconds
[GC pause (G1 Evacuation Pause) (young) (initial-mark) 110M->68M(128M), 0.0018022 secs]
[GC concurrent-root-region-scan-start]
[GC concurrent-root-region-scan-end, 0.0003698 secs]
[GC concurrent-mark-start]
[GC concurrent-mark-end, 0.0042722 secs]
Application time: 0.0060369 seconds
[GC remark, 0.0046494 secs]
Application time: 0.0000544 seconds
[GC cleanup 71M->71M(128M), 0.0002970 secs]
Application time: 0.0427739 seconds
[GC pause (G1 Evacuation Pause) (young) 110M->68M(128M), 0.0015188 secs]
Application time: 0.0456970 seconds
[GC pause (G1 Evacuation Pause) (young) 110M->68M(128M), 0.0016085 secs]
Application time: 0.0679806 seconds
[GC pause (G1 Evacuation Pause) (young) (initial-mark) 110M->68M(128M), 0.0016914 secs]
[GC concurrent-root-region-scan-start]
[GC concurrent-root-region-scan-end, 0.0002735 secs]
[GC concurrent-mark-start]
[GC concurrent-mark-end, 0.0046351 secs]
Application time: 0.0080053 seconds
[GC remark, 0.0049321 secs]
Application time: 0.0000509 seconds
[GC cleanup 71M->71M(128M), 0.0002430 secs]
Application time: 0.0641587 seconds
[GC pause (G1 Evacuation Pause) (young) 110M->68M(128M), 0.0011153 secs]
Application time: 0.0659303 seconds
[GC pause (G1 Evacuation Pause) (young) 110M->68M(128M), 0.0010893 secs]
Application time: 0.0456915 seconds
[GC pause (G1 Evacuation Pause) (young) (initial-mark) 110M->68M(128M), 0.0012543 secs]
[GC concurrent-root-region-scan-start]
[GC concurrent-root-region-scan-end, 0.0003246 secs]
[GC concurrent-mark-start]
[GC concurrent-mark-end, 0.0044716 secs]
Application time: 0.0048512 seconds
[GC remark, 0.0031215 secs]
Application time: 0.0000467 seconds
[GC cleanup 71M->71M(128M), 0.0002294 secs]
Application time: 0.0475274 seconds
[GC pause (G1 Evacuation Pause) (young) 110M->68M(128M), 0.0029919 secs]
Application time: 0.0699972 seconds
[GC pause (G1 Evacuation Pause) (young) 110M->68M(128M), 0.0010558 secs]
Application time: 0.0707046 seconds
[GC pause (G1 Evacuation Pause) (young) (initial-mark) 110M->68M(128M), 0.0013217 secs]
[GC concurrent-root-region-scan-start]
[GC concurrent-root-region-scan-end, 0.0003428 secs]
[GC concurrent-mark-start]
[GC concurrent-mark-end, 0.0042618 secs]
Application time: 0.0046767 seconds
[GC remark, 0.0032591 secs]
Application time: 0.0000523 seconds
[GC cleanup 69M->69M(128M), 0.0002256 secs]
Application time: 0.0507467 seconds
[GC pause (G1 Evacuation Pause) (young) 110M->68M(128M), 0.0011073 secs]
Application time: 0.0477304 seconds
[GC pause (G1 Evacuation Pause) (young) 110M->68M(128M), 0.0011095 secs]
Application time: 0.0462511 seconds
[GC pause (G1 Evacuation Pause) (young) (initial-mark) 110M->68M(128M), 0.0012056 secs]
[GC concurrent-root-region-scan-start]
[GC concurrent-root-region-scan-end, 0.0002967 secs]
[GC concurrent-mark-start]
[GC concurrent-mark-end, 0.0043492 secs]
Application time: 0.0046982 seconds
[GC remark, 0.0032882 secs]
Application time: 0.0000510 seconds
[GC cleanup 71M->71M(128M), 0.0002134 secs]
Application time: 0.0434901 seconds
[GC pause (G1 Evacuation Pause) (young) 110M->68M(128M), 0.0011462 secs]
Application time: 0.0630189 seconds
[GC pause (G1 Evacuation Pause) (young) 110M->68M(128M), 0.0010779 secs]
Application time: 0.0687066 seconds
[GC pause (G1 Evacuation Pause) (young) (initial-mark) 110M->68M(128M), 0.0013558 secs]
[GC concurrent-root-region-scan-start]
[GC concurrent-root-region-scan-end, 0.0002127 secs]
[GC concurrent-mark-start]
[GC concurrent-mark-end, 0.0045472 secs]
Application time: 0.0073060 seconds
[GC remark, 0.0034502 secs]
Application time: 0.0000540 seconds
[GC cleanup 71M->71M(128M), 0.0002351 secs]
Application time: 0.0627980 seconds
[GC pause (G1 Evacuation Pause) (young) 110M->68M(128M), 0.0010756 secs]
Application time: 0.0574587 seconds
[GC pause (G1 Evacuation Pause) (young) 110M->68M(128M), 0.0010033 secs]
Application time: 0.0703295 seconds
[GC pause (G1 Evacuation Pause) (young) (initial-mark) 110M->68M(128M), 0.0013526 secs]
[GC concurrent-root-region-scan-start]
[GC concurrent-root-region-scan-end, 0.0003044 secs]
[GC concurrent-mark-start]
[GC concurrent-mark-end, 0.0046506 secs]
Application time: 0.0050217 seconds
[GC remark, 0.0034216 secs]
Application time: 0.0000508 seconds
[GC cleanup 70M->70M(128M), 0.0002338 secs]
Application time: 0.0653269 seconds
[GC pause (G1 Evacuation Pause) (young) 110M->68M(128M), 0.0011607 secs]
Application time: 0.0479217 seconds
[GC pause (G1 Evacuation Pause) (young) 110M->68M(128M), 0.0010783 secs]
Application time: 0.0451273 seconds
[GC pause (G1 Evacuation Pause) (young) (initial-mark) 110M->68M(128M), 0.0012119 secs]
[GC concurrent-root-region-scan-start]
[GC concurrent-root-region-scan-end, 0.0003462 secs]
[GC concurrent-mark-start]
[GC concurrent-mark-end, 0.0043382 secs]
Application time: 0.0047430 seconds
[GC remark, 0.0032657 secs]
Application time: 0.0011478 seconds
[GC cleanup 71M->71M(128M), 0.0002372 secs]
Application time: 0.0427791 seconds
[GC pause (G1 Evacuation Pause) (young) 110M->68M(128M), 0.0011587 secs]
Application time: 0.0524214 seconds
[GC pause (G1 Evacuation Pause) (young) 110M->69M(128M), 0.0012301 secs]
Application time: 0.0451204 seconds
[GC pause (G1 Evacuation Pause) (young) (initial-mark) 111M->68M(128M), 0.0012909 secs]
[GC concurrent-root-region-scan-start]
[GC concurrent-root-region-scan-end, 0.0003481 secs]
[GC concurrent-mark-start]
[GC concurrent-mark-end, 0.0046268 secs]
Application time: 0.0050180 seconds
[GC remark, 0.0032418 secs]
Application time: 0.0000503 seconds
[GC cleanup 71M->71M(128M), 0.0003081 secs]
Application time: 0.0628786 seconds
[GC pause (G1 Evacuation Pause) (young) 110M->68M(128M), 0.0011099 secs]
Application time: 0.0776539 seconds
[GC pause (G1 Evacuation Pause) (young) 110M->68M(128M), 0.0011034 secs]
Application time: 0.0667808 seconds
[GC pause (G1 Evacuation Pause) (young) (initial-mark) 110M->68M(128M), 0.0013136 secs]
[GC concurrent-root-region-scan-start]
[GC concurrent-root-region-scan-end, 0.0003284 secs]
[GC concurrent-mark-start]
[GC concurrent-mark-end, 0.0045561 secs]
Application time: 0.0086928 seconds
[GC remark, 0.0032334 secs]
Application time: 0.0000323 seconds
[GC cleanup 71M->71M(128M), 0.0002285 secs]
Application time: 0.0648842 seconds
[GC pause (G1 Evacuation Pause) (young) 110M->68M(128M), 0.0010926 secs]
Application time: 0.0724850 seconds
[GC pause (G1 Evacuation Pause) (young) 110M->68M(128M), 0.0010700 secs]
Application time: 0.0554560 seconds
[GC pause (G1 Evacuation Pause) (young) (initial-mark) 110M->68M(128M), 0.0012792 secs]
[GC concurrent-root-region-scan-start]
[GC concurrent-root-region-scan-end, 0.0001769 secs]
[GC concurrent-mark-start]
[GC concurrent-mark-end, 0.0044496 secs]
Application time: 0.0046770 seconds
[GC remark, 0.0032896 secs]
Application time: 0.0000427 seconds
[GC cleanup 70M->70M(128M), 0.0002825 secs]
Application time: 0.0506442 seconds
[GC pause (G1 Evacuation Pause) (young) 110M->68M(128M), 0.0012977 secs]
Application time: 0.0464816 seconds
[GC pause (G1 Evacuation Pause) (young) 110M->68M(128M), 0.0012522 secs]
Application time: 0.0459921 seconds
[GC pause (G1 Evacuation Pause) (young) (initial-mark) 110M->68M(128M), 0.0012532 secs]
[GC concurrent-root-region-scan-start]
[GC concurrent-root-region-scan-end, 0.0003004 secs]
[GC concurrent-mark-start]
[GC concurrent-mark-end, 0.0046612 secs]
Application time: 0.0049742 seconds
[GC remark, 0.0034729 secs]
Application time: 0.0000330 seconds
[GC cleanup 69M->69M(128M), 0.0002637 secs]
Application time: 0.0543638 seconds
[GC pause (G1 Evacuation Pause) (young) 110M->68M(128M), 0.0012349 secs]
Application time: 0.0681975 seconds
[GC pause (G1 Evacuation Pause) (young) 110M->68M(128M), 0.0015239 secs]
Application time: 0.0691460 seconds
[GC pause (G1 Evacuation Pause) (young) (initial-mark) 110M->68M(128M), 0.0012293 secs]
[GC concurrent-root-region-scan-start]
[GC concurrent-root-region-scan-end, 0.0001882 secs]
[GC concurrent-mark-start]
[GC concurrent-mark-end, 0.0043283 secs]
Application time: 0.0045738 seconds
[GC remark, 0.0033982 secs]
Application time: 0.0000367 seconds
[GC cleanup 71M->71M(128M), 0.0002493 secs]
Application time: 0.0612980 seconds
[GC pause (G1 Evacuation Pause) (young) 110M->68M(128M), 0.0011612 secs]
Application time: 0.0689633 seconds
[GC pause (G1 Evacuation Pause) (young) 110M->69M(128M), 0.0012883 secs]
Application time: 0.0707184 seconds
[GC pause (G1 Evacuation Pause) (young) (initial-mark) 111M->68M(128M), 0.0013373 secs]
[GC concurrent-root-region-scan-start]
[GC concurrent-root-region-scan-end, 0.0002966 secs]
[GC concurrent-mark-start]
[GC concurrent-mark-end, 0.0045712 secs]
Application time: 0.0048691 seconds
[GC remark, 0.0036027 secs]
Application time: 0.0000327 seconds
[GC cleanup 69M->69M(128M), 0.0002406 secs]
Application time: 0.0600169 seconds
[GC pause (G1 Evacuation Pause) (young) 110M->68M(128M), 0.0011811 secs]
Application time: 0.0464211 seconds
[GC pause (G1 Evacuation Pause) (young) 110M->68M(128M), 0.0011098 secs]
Application time: 0.0448674 seconds
[GC pause (G1 Evacuation Pause) (young) (initial-mark) 110M->68M(128M), 0.0012127 secs]
[GC concurrent-root-region-scan-start]
[GC concurrent-root-region-scan-end, 0.0002131 secs]
[GC concurrent-mark-start]
[GC concurrent-mark-end, 0.0045913 secs]
Application time: 0.0048621 seconds
[GC remark, 0.0032281 secs]
Application time: 0.0000444 seconds
[GC cleanup 71M->71M(128M), 0.0002398 secs]
Application time: 0.0436012 seconds
[GC pause (G1 Evacuation Pause) (young) 110M->69M(128M), 0.0011814 secs]
Application time: 0.0455171 seconds
[GC pause (G1 Evacuation Pause) (young) 111M->69M(128M), 0.0012039 secs]
Application time: 0.0456414 seconds
[GC pause (G1 Evacuation Pause) (young) (initial-mark) 111M->68M(128M), 0.0012422 secs]
[GC concurrent-root-region-scan-start]
[GC concurrent-root-region-scan-end, 0.0002178 secs]
[GC concurrent-mark-start]
[GC concurrent-mark-end, 0.0043437 secs]
Application time: 0.0046338 seconds
[GC remark, 0.0032347 secs]
Application time: 0.0000359 seconds
[GC cleanup 71M->71M(128M), 0.0002332 secs]
Application time: 0.0618437 seconds
[GC pause (G1 Evacuation Pause) (young) 110M->68M(128M), 0.0012388 secs]
Application time: 0.0691136 seconds
[GC pause (G1 Evacuation Pause) (young) 110M->68M(128M), 0.0011339 secs]
Application time: 0.1004684 seconds
[GC pause (G1 Evacuation Pause) (young) (initial-mark) 110M->68M(128M), 0.0012755 secs]
[GC concurrent-root-region-scan-start]
[GC concurrent-root-region-scan-end, 0.0002087 secs]
[GC concurrent-mark-start]
[GC concurrent-mark-end, 0.0042824 secs]
Application time: 0.0044897 seconds
[GC remark, 0.0031644 secs]
Application time: 0.0000303 seconds
[GC cleanup 69M->69M(128M), 0.0003060 secs]
Application time: 0.0719411 seconds
[GC pause (G1 Evacuation Pause) (young) 110M->68M(128M), 0.0011307 secs]
Application time: 0.0480505 seconds
[GC pause (G1 Evacuation Pause) (young) 110M->68M(128M), 0.0011832 secs]
Application time: 0.0486170 seconds
[GC pause (G1 Evacuation Pause) (young) (initial-mark) 110M->69M(128M), 0.0012742 secs]
[GC concurrent-root-region-scan-start]
[GC concurrent-root-region-scan-end, 0.0003043 secs]
[GC concurrent-mark-start]
[GC concurrent-mark-end, 0.0045026 secs]
Application time: 0.0048616 seconds
[GC remark, 0.0033929 secs]
Application time: 0.0000589 seconds
[GC cleanup 71M->71M(128M), 0.0002625 secs]
Application time: 0.0432563 seconds
[GC pause (G1 Evacuation Pause) (young) 111M->69M(128M), 0.0011867 secs]
Application time: 0.0458533 seconds
[GC pause (G1 Evacuation Pause) (young) 111M->69M(128M), 0.0011129 secs]
Application time: 0.0489551 seconds
[GC pause (G1 Evacuation Pause) (young) (initial-mark) 111M->68M(128M), 0.0011705 secs]
[GC concurrent-root-region-scan-start]
[GC concurrent-root-region-scan-end, 0.0003013 secs]
[GC concurrent-mark-start]
[GC concurrent-mark-end, 0.0046066 secs]
Application time: 0.0049591 seconds
[GC remark, 0.0036536 secs]
Application time: 0.0000733 seconds
[GC cleanup 71M->71M(128M), 0.0024259 secs]
Application time: 0.0435015 seconds
[GC pause (G1 Evacuation Pause) (young) 110M->68M(128M), 0.0009715 secs]
Application time: 0.0579952 seconds
[GC pause (G1 Evacuation Pause) (young) 110M->68M(128M), 0.0011005 secs]
Application time: 0.0705214 seconds
[GC pause (G1 Evacuation Pause) (young) (initial-mark) 110M->68M(128M), 0.0011640 secs]
[GC concurrent-root-region-scan-start]
[GC concurrent-root-region-scan-end, 0.0001625 secs]
[GC concurrent-mark-start]
[GC concurrent-mark-end, 0.0044514 secs]
Application time: 0.0046649 seconds
[GC remark, 0.0030992 secs]
Application time: 0.0000452 seconds
[GC cleanup 70M->70M(128M), 0.0002277 secs]
Application time: 0.0784156 seconds
[GC pause (G1 Evacuation Pause) (young) 110M->68M(128M), 0.0010591 secs]
Application time: 0.0681993 seconds
[GC pause (G1 Evacuation Pause) (young) 110M->69M(128M), 0.0010957 secs]
Application time: 0.0667904 seconds
[GC pause (G1 Evacuation Pause) (young) (initial-mark) 111M->68M(128M), 0.0012748 secs]
[GC concurrent-root-region-scan-start]
[GC concurrent-root-region-scan-end, 0.0002345 secs]
[GC concurrent-mark-start]
[GC concurrent-mark-end, 0.0042837 secs]
Application time: 0.0045824 seconds
[GC remark, 0.0031898 secs]
Application time: 0.0000422 seconds
[GC cleanup 70M->70M(128M), 0.0002918 secs]
Application time: 0.0499776 seconds
[GC pause (G1 Evacuation Pause) (young) 110M->68M(128M), 0.0010090 secs]
Application time: 0.0466005 seconds
[GC pause (G1 Evacuation Pause) (young) 110M->68M(128M), 0.0011180 secs]
Application time: 0.0448683 seconds
[GC pause (G1 Evacuation Pause) (young) (initial-mark) 110M->69M(128M), 0.0011487 secs]
[GC concurrent-root-region-scan-start]
[GC concurrent-root-region-scan-end, 0.0002061 secs]
[GC concurrent-mark-start]
[GC concurrent-mark-end, 0.0042162 secs]
Application time: 0.0044812 seconds
[GC remark, 0.0031401 secs]
Application time: 0.0000514 seconds
[GC cleanup 71M->71M(128M), 0.0002686 secs]
Application time: 0.0427548 seconds
[GC pause (G1 Evacuation Pause) (young) 111M->68M(128M), 0.0009563 secs]
Application time: 0.0449678 seconds
[GC pause (G1 Evacuation Pause) (young) 110M->69M(128M), 0.0011142 secs]
Application time: 0.0656600 seconds
[GC pause (G1 Evacuation Pause) (young) (initial-mark) 111M->69M(128M), 0.0011882 secs]
[GC concurrent-root-region-scan-start]
[GC concurrent-root-region-scan-end, 0.0002615 secs]
[GC concurrent-mark-start]
[GC concurrent-mark-end, 0.0043294 secs]
Application time: 0.0046425 seconds
[GC remark, 0.0029879 secs]
Application time: 0.0000434 seconds
[GC cleanup 70M->70M(128M), 0.0002272 secs]
Application time: 0.0702827 seconds
[GC pause (G1 Evacuation Pause) (young) 111M->68M(128M), 0.0010411 secs]
Application time: 0.0568369 seconds
[GC pause (G1 Evacuation Pause) (young) 110M->68M(128M), 0.0010164 secs]
Application time: 0.0539690 seconds
[GC pause (G1 Evacuation Pause) (young) (initial-mark) 110M->69M(128M), 0.0012546 secs]
[GC concurrent-root-region-scan-start]
[GC concurrent-root-region-scan-end, 0.0002845 secs]
[GC concurrent-mark-start]
[GC concurrent-mark-end, 0.0042205 secs]
Application time: 0.0070669 seconds
[GC remark, 0.0033046 secs]
Application time: 0.0000557 seconds
[GC cleanup 72M->72M(128M), 0.0002220 secs]
Application time: 0.0761964 seconds
[GC pause (G1 Evacuation Pause) (young) 111M->69M(128M), 0.0012205 secs]
Application time: 0.0659439 seconds
[GC pause (G1 Evacuation Pause) (young) 111M->69M(128M), 0.0011605 secs]
Application time: 0.0527394 seconds
[GC pause (G1 Evacuation Pause) (young) (initial-mark) 111M->69M(128M), 0.0012513 secs]
[GC concurrent-root-region-scan-start]
[GC concurrent-root-region-scan-end, 0.0001959 secs]
[GC concurrent-mark-start]
[GC concurrent-mark-end, 0.0042881 secs]
Application time: 0.0045426 seconds
[GC remark, 0.0033916 secs]
Application time: 0.0000455 seconds
[GC cleanup 71M->71M(128M), 0.0002530 secs]
Application time: 0.0490349 seconds
[GC pause (G1 Evacuation Pause) (young) 111M->69M(128M), 0.0011779 secs]
Application time: 0.0459123 seconds
[GC pause (G1 Evacuation Pause) (young) 111M->69M(128M), 0.0011674 secs]
Application time: 0.0498564 seconds
[GC pause (G1 Evacuation Pause) (young) (initial-mark) 111M->69M(128M), 0.0012861 secs]
[GC concurrent-root-region-scan-start]
[GC concurrent-root-region-scan-end, 0.0003434 secs]
[GC concurrent-mark-start]
[GC concurrent-mark-end, 0.0042645 secs]
Application time: 0.0056882 seconds
[GC remark, 0.0031273 secs]
Application time: 0.0000529 seconds
[GC cleanup 70M->70M(128M), 0.0002651 secs]
Application time: 0.0686659 seconds
[GC pause (G1 Evacuation Pause) (young) 111M->68M(128M), 0.0010821 secs]
Application time: 0.0700039 seconds
[GC pause (G1 Evacuation Pause) (young) 110M->69M(128M), 0.0011411 secs]
Application time: 0.0506561 seconds
[GC pause (G1 Evacuation Pause) (young) (initial-mark) 111M->69M(128M), 0.0013617 secs]
[GC concurrent-root-region-scan-start]
[GC concurrent-root-region-scan-end, 0.0004244 secs]
[GC concurrent-mark-start]
[GC concurrent-mark-end, 0.0043722 secs]
Application time: 0.0061415 seconds
[GC remark, 0.0031330 secs]
Application time: 0.0000590 seconds
[GC cleanup 72M->72M(128M), 0.0003404 secs]
Application time: 0.0421823 seconds
[GC pause (G1 Evacuation Pause) (young) 111M->69M(128M), 0.0012844 secs]
Application time: 0.0555306 seconds
[GC pause (G1 Evacuation Pause) (young) 111M->69M(128M), 0.0012344 secs]
Application time: 0.0668271 seconds
[GC pause (G1 Evacuation Pause) (young) (initial-mark) 111M->69M(128M), 0.0012184 secs]
[GC concurrent-root-region-scan-start]
[GC concurrent-root-region-scan-end, 0.0001790 secs]
[GC concurrent-mark-start]
[GC concurrent-mark-end, 0.0045322 secs]
Application time: 0.0047145 seconds
[GC remark, 0.0032472 secs]
Application time: 0.0000392 seconds
[GC cleanup 71M->71M(128M), 0.0002566 secs]
Application time: 0.0701989 seconds
[GC pause (G1 Evacuation Pause) (young) 111M->69M(128M), 0.0011711 secs]
Application time: 0.0541587 seconds
[GC pause (G1 Evacuation Pause) (young) 111M->69M(128M), 0.0011724 secs]
Application time: 0.0458272 seconds
[GC pause (G1 Evacuation Pause) (young) (initial-mark) 111M->69M(128M), 0.0013199 secs]
[GC concurrent-root-region-scan-start]
[GC concurrent-root-region-scan-end, 0.0002199 secs]
[GC concurrent-mark-start]
[GC concurrent-mark-end, 0.0045996 secs]
Application time: 0.0048790 seconds
[GC remark, 0.0032636 secs]
Application time: 0.0000385 seconds
[GC cleanup 71M->71M(128M), 0.0003523 secs]
Application time: 0.0460762 seconds
[GC pause (G1 Evacuation Pause) (young) 111M->69M(128M), 0.0010155 secs]
Application time: 0.0699279 seconds
[GC pause (G1 Evacuation Pause) (young) 111M->69M(128M), 0.0012613 secs]
Application time: 0.0692305 seconds
[GC pause (G1 Evacuation Pause) (young) (initial-mark) 111M->69M(128M), 0.0012821 secs]
[GC concurrent-root-region-scan-start]
[GC concurrent-root-region-scan-end, 0.0002037 secs]
[GC concurrent-mark-start]
[GC concurrent-mark-end, 0.0048624 secs]
Application time: 0.0051490 seconds
[GC remark, 0.0033704 secs]
Application time: 0.0000307 seconds
[GC cleanup 71M->71M(128M), 0.0002289 secs]
Application time: 0.0612338 seconds
[GC pause (G1 Evacuation Pause) (young) 111M->69M(128M), 0.0012927 secs]
Application time: 0.0478559 seconds
[GC pause (G1 Evacuation Pause) (young) 111M->69M(128M), 0.0012185 secs]
Application time: 0.0517614 seconds
[GC pause (G1 Evacuation Pause) (young) (initial-mark) 111M->69M(128M), 0.0012631 secs]
[GC concurrent-root-region-scan-start]
[GC concurrent-root-region-scan-end, 0.0001748 secs]
[GC concurrent-mark-start]
[GC concurrent-mark-end, 0.0043237 secs]
Application time: 0.0045722 seconds
[GC remark, 0.0030995 secs]
Application time: 0.0000310 seconds
[GC cleanup 71M->71M(128M), 0.0001980 secs]
Application time: 0.0683775 seconds
[GC pause (G1 Evacuation Pause) (young) 111M->68M(128M), 0.0011612 secs]
Application time: 0.0708867 seconds
[GC pause (G1 Evacuation Pause) (young) 110M->69M(128M), 0.0011911 secs]
Application time: 0.0614747 seconds
[GC pause (G1 Evacuation Pause) (young) (initial-mark) 111M->69M(128M), 0.0012578 secs]
[GC concurrent-root-region-scan-start]
[GC concurrent-root-region-scan-end, 0.0002267 secs]
[GC concurrent-mark-start]
[GC concurrent-mark-end, 0.0043939 secs]
Application time: 0.0046765 seconds
[GC remark, 0.0030161 secs]
Application time: 0.0000279 seconds
[GC cleanup 71M->71M(128M), 0.0002163 secs]
Application time: 0.0450564 seconds
[GC pause (G1 Evacuation Pause) (young) 111M->69M(128M), 0.0011045 secs]
Application time: 0.0478618 seconds
[GC pause (G1 Evacuation Pause) (young) 111M->69M(128M), 0.0011152 secs]
Application time: 0.0701134 seconds
[GC pause (G1 Evacuation Pause) (young) (initial-mark) 111M->69M(128M), 0.0012258 secs]
[GC concurrent-root-region-scan-start]
[GC concurrent-root-region-scan-end, 0.0001863 secs]
[GC concurrent-mark-start]
[GC concurrent-mark-end, 0.0043547 secs]
Application time: 0.0046056 seconds
[GC remark, 0.0031796 secs]
Application time: 0.0000296 seconds
[GC cleanup 70M->70M(128M), 0.0002382 secs]
Application time: 0.0715773 seconds
[GC pause (G1 Evacuation Pause) (young) 111M->69M(128M), 0.0011445 secs]
Application time: 0.0603126 seconds
[GC pause (G1 Evacuation Pause) (young) 111M->69M(128M), 0.0010836 secs]
Application time: 0.0465533 seconds
[GC pause (G1 Evacuation Pause) (young) (initial-mark) 111M->69M(128M), 0.0012449 secs]
[GC concurrent-root-region-scan-start]
[GC concurrent-root-region-scan-end, 0.0003035 secs]
[GC concurrent-mark-start]
[GC concurrent-mark-end, 0.0043319 secs]
Application time: 0.0046931 seconds
[GC remark, 0.0031527 secs]
Application time: 0.0000320 seconds
[GC cleanup 71M->71M(128M), 0.0002466 secs]
Application time: 0.0454369 seconds
[GC pause (G1 Evacuation Pause) (young) 111M->69M(128M), 0.0012110 secs]
Application time: 0.0520674 seconds
[GC pause (G1 Evacuation Pause) (young) 111M->69M(128M), 0.0012283 secs]
Application time: 0.0701003 seconds
[GC pause (G1 Evacuation Pause) (young) (initial-mark) 111M->69M(128M), 0.0012731 secs]
[GC concurrent-root-region-scan-start]
[GC concurrent-root-region-scan-end, 0.0001833 secs]
[GC concurrent-mark-start]
[GC concurrent-mark-end, 0.0042924 secs]
Application time: 0.0045330 seconds
[GC remark, 0.0031346 secs]
Application time: 0.0000379 seconds
[GC cleanup 71M->71M(128M), 0.0002324 secs]
Application time: 0.0691602 seconds
[GC pause (G1 Evacuation Pause) (young) 111M->69M(128M), 0.0011033 secs]
Application time: 0.0584049 seconds
[GC pause (G1 Evacuation Pause) (young) 111M->69M(128M), 0.0011652 secs]
Application time: 0.0464477 seconds
[GC pause (G1 Evacuation Pause) (young) (initial-mark) 111M->69M(128M), 0.0012728 secs]
[GC concurrent-root-region-scan-start]
[GC concurrent-root-region-scan-end, 0.0003128 secs]
[GC concurrent-mark-start]
[GC concurrent-mark-end, 0.0047123 secs]
Application time: 0.0050893 seconds
[GC remark, 0.0031380 secs]
Application time: 0.0000318 seconds
[GC cleanup 70M->70M(128M), 0.0002256 secs]
Application time: 0.0725145 seconds
[GC pause (G1 Evacuation Pause) (young) 111M->69M(128M), 0.0011674 secs]
Application time: 0.0720578 seconds
[GC pause (G1 Evacuation Pause) (young) 111M->69M(128M), 0.0014161 secs]
Application time: 0.0537449 seconds
[GC pause (G1 Evacuation Pause) (young) (initial-mark) 111M->69M(128M), 0.0019263 secs]
[GC concurrent-root-region-scan-start]
[GC concurrent-root-region-scan-end, 0.0001960 secs]
[GC concurrent-mark-start]
[GC concurrent-mark-end, 0.0046183 secs]
Application time: 0.0048826 seconds
[GC remark, 0.0044380 secs]
Application time: 0.0000329 seconds
[GC cleanup 71M->71M(128M), 0.0002799 secs]
Application time: 0.0450839 seconds
[GC pause (G1 Evacuation Pause) (young) 111M->69M(128M), 0.0015691 secs]
Application time: 0.0461078 seconds
[GC pause (G1 Evacuation Pause) (young) 111M->69M(128M), 0.0015181 secs]
Application time: 0.0462020 seconds
[GC pause (G1 Evacuation Pause) (young) (initial-mark) 111M->69M(128M), 0.0018285 secs]
[GC concurrent-root-region-scan-start]
[GC concurrent-root-region-scan-end, 0.0002151 secs]
[GC concurrent-mark-start]
[GC concurrent-mark-end, 0.0047097 secs]
Application time: 0.0049836 seconds
[GC remark, 0.0046296 secs]
Application time: 0.0000356 seconds
[GC cleanup 71M->71M(128M), 0.0002320 secs]
Application time: 0.0496096 seconds
[GC pause (G1 Evacuation Pause) (young) 111M->69M(128M), 0.0011943 secs]
Application time: 0.0701082 seconds
[GC pause (G1 Evacuation Pause) (young) 111M->69M(128M), 0.0012175 secs]
Application time: 0.0709799 seconds
[GC pause (G1 Evacuation Pause) (young) (initial-mark) 111M->69M(128M), 0.0012372 secs]
[GC concurrent-root-region-scan-start]
[GC concurrent-root-region-scan-end, 0.0003051 secs]
[GC concurrent-mark-start]
[GC concurrent-mark-end, 0.0044373 secs]
Application time: 0.0048082 seconds
[GC remark, 0.0031173 secs]
Application time: 0.0000301 seconds
[GC cleanup 71M->71M(128M), 0.0002315 secs]
Application time: 0.0672698 seconds
[GC pause (G1 Evacuation Pause) (young) 111M->69M(128M), 0.0011831 secs]
Application time: 0.0714014 seconds
[GC pause (G1 Evacuation Pause) (young) 111M->69M(128M), 0.0010677 secs]
Application time: 0.0692149 seconds
[GC pause (G1 Evacuation Pause) (young) (initial-mark) 111M->69M(128M), 0.0012727 secs]
[GC concurrent-root-region-scan-start]
[GC concurrent-root-region-scan-end, 0.0001935 secs]
[GC concurrent-mark-start]
[GC concurrent-mark-end, 0.0044166 secs]
Application time: 0.0046769 seconds
[GC remark, 0.0033080 secs]
Application time: 0.0000397 seconds
[GC cleanup 71M->71M(128M), 0.0002330 secs]
Application time: 0.0447775 seconds
[GC pause (G1 Evacuation Pause) (young) 111M->69M(128M), 0.0011036 secs]
Application time: 0.0465064 seconds
[GC pause (G1 Evacuation Pause) (young) 111M->69M(128M), 0.0011894 secs]
Application time: 0.0459403 seconds
[GC pause (G1 Evacuation Pause) (young) (initial-mark) 111M->69M(128M), 0.0012663 secs]
[GC concurrent-root-region-scan-start]
[GC concurrent-root-region-scan-end, 0.0002399 secs]
[GC concurrent-mark-start]
[GC concurrent-mark-end, 0.0046071 secs]
Application time: 0.0048520 seconds
[GC remark, 0.0032972 secs]
Application time: 0.0000275 seconds
[GC cleanup 72M->72M(128M), 0.0002048 secs]
Application time: 0.0447069 seconds
[GC pause (G1 Evacuation Pause) (young) 111M->69M(128M), 0.0011553 secs]
Application time: 0.0461863 seconds
[GC pause (G1 Evacuation Pause) (young) 111M->69M(128M), 0.0011299 secs]
Application time: 0.0473958 seconds
[GC pause (G1 Evacuation Pause) (young) (initial-mark) 111M->69M(128M), 0.0012723 secs]
[GC concurrent-root-region-scan-start]
[GC concurrent-root-region-scan-end, 0.0001854 secs]
[GC concurrent-mark-start]
[GC concurrent-mark-end, 0.0042973 secs]
Application time: 0.0045350 seconds
[GC remark, 0.0032202 secs]
Application time: 0.0000405 seconds
[GC cleanup 71M->71M(128M), 0.0002201 secs]
Application time: 0.0673585 seconds
[GC pause (G1 Evacuation Pause) (young) 111M->69M(128M), 0.0009921 secs]
Application time: 0.0944701 seconds
[GC pause (G1 Evacuation Pause) (young) 111M->69M(128M), 0.0009618 secs]
Application time: 0.0863836 seconds
[GC pause (G1 Evacuation Pause) (young) (initial-mark) 111M->69M(128M), 0.0011628 secs]
[GC concurrent-root-region-scan-start]
[GC concurrent-root-region-scan-end, 0.0001843 secs]
[GC concurrent-mark-start]
[GC concurrent-mark-end, 0.0042608 secs]
Application time: 0.0044508 seconds
[GC remark, 0.0031282 secs]
Application time: 0.0000266 seconds
[GC cleanup 70M->70M(128M), 0.0002092 secs]
Application time: 0.0602616 seconds
[GC pause (G1 Evacuation Pause) (young) 111M->69M(128M), 0.0012921 secs]
Application time: 0.0480093 seconds
[GC pause (G1 Evacuation Pause) (young) 111M->69M(128M), 0.0011084 secs]
Application time: 0.0475730 seconds
[GC pause (G1 Evacuation Pause) (young) (initial-mark) 111M->69M(128M), 0.0013392 secs]
[GC concurrent-root-region-scan-start]
[GC concurrent-root-region-scan-end, 0.0003343 secs]
[GC concurrent-mark-start]
[GC concurrent-mark-end, 0.0044053 secs]
Application time: 0.0047936 seconds
[GC remark, 0.0032311 secs]
Application time: 0.0000270 seconds
[GC cleanup 71M->71M(128M), 0.0001906 secs]
Application time: 0.0449185 seconds
[GC pause (G1 Evacuation Pause) (young) 111M->69M(128M), 0.0011388 secs]
Application time: 0.0469076 seconds
[GC pause (G1 Evacuation Pause) (young) 111M->69M(128M), 0.0011260 secs]
Application time: 0.0475100 seconds
[GC pause (G1 Evacuation Pause) (young) (initial-mark) 111M->69M(128M), 0.0013627 secs]
[GC concurrent-root-region-scan-start]
[GC concurrent-root-region-scan-end, 0.0002923 secs]
[GC concurrent-mark-start]
[GC concurrent-mark-end, 0.0043367 secs]
Application time: 0.0046848 seconds
[GC remark, 0.0032484 secs]
Application time: 0.0000338 seconds
[GC cleanup 71M->71M(128M), 0.0002147 secs]
Application time: 0.0447459 seconds
[GC pause (G1 Evacuation Pause) (young) 111M->69M(128M), 0.0013338 secs]
Application time: 0.0680993 seconds
[GC pause (G1 Evacuation Pause) (young) 111M->69M(128M), 0.0012414 secs]
Application time: 0.0723633 seconds
[GC pause (G1 Evacuation Pause) (young) (initial-mark) 111M->69M(128M), 0.0013122 secs]
[GC concurrent-root-region-scan-start]
[GC concurrent-root-region-scan-end, 0.0002069 secs]
[GC concurrent-mark-start]
[GC concurrent-mark-end, 0.0047537 secs]
Application time: 0.0049711 seconds
[GC remark, 0.0031885 secs]
Application time: 0.0000388 seconds
[GC cleanup 70M->70M(128M), 0.0002313 secs]
Application time: 0.1009217 seconds
[GC pause (G1 Evacuation Pause) (young) 111M->69M(128M), 0.0011433 secs]
Application time: 0.0874545 seconds
[GC pause (G1 Evacuation Pause) (young) 111M->69M(128M), 0.0011918 secs]
Application time: 0.0860964 seconds
[GC pause (G1 Evacuation Pause) (young) (initial-mark) 111M->69M(128M), 0.0013932 secs]
[GC concurrent-root-region-scan-start]
[GC concurrent-root-region-scan-end, 0.0003464 secs]
[GC concurrent-mark-start]
[GC concurrent-mark-end, 0.0069427 secs]
Application time: 0.0073707 seconds
[GC remark, 0.0035169 secs]
Application time: 0.0000294 seconds
[GC cleanup 69M->69M(128M), 0.0002401 secs]
Application time: 0.1169331 seconds
[GC pause (G1 Evacuation Pause) (young) 111M->69M(128M), 0.0010449 secs]
Application time: 0.1328095 seconds
[GC pause (G1 Evacuation Pause) (young) 111M->69M(128M), 0.0010394 secs]
Application time: 0.1847265 seconds
[GC pause (G1 Evacuation Pause) (young) (initial-mark) 111M->69M(128M), 0.0014483 secs]
[GC concurrent-root-region-scan-start]
[GC concurrent-root-region-scan-end, 0.0002103 secs]
[GC concurrent-mark-start]
[GC concurrent-mark-end, 0.0042940 secs]
Application time: 0.0045985 seconds
[GC remark, 0.0039082 secs]
Application time: 0.0000366 seconds
[GC cleanup 69M->69M(128M), 0.0002803 secs]
Application time: 0.0971408 seconds
[GC pause (G1 Evacuation Pause) (young) 111M->69M(128M), 0.0013957 secs]
Application time: 0.1286085 seconds
[GC pause (G1 Evacuation Pause) (young) 111M->69M(128M), 0.0011864 secs]
Application time: 0.0952378 seconds
[GC pause (G1 Evacuation Pause) (young) (initial-mark) 111M->69M(128M), 0.0015330 secs]
[GC concurrent-root-region-scan-start]
[GC concurrent-root-region-scan-end, 0.0002259 secs]
[GC concurrent-mark-start]
[GC concurrent-mark-end, 0.0045607 secs]
Application time: 0.0048878 seconds
[GC remark, 0.0040505 secs]
Application time: 0.0000390 seconds
[GC cleanup 70M->70M(128M), 0.0003354 secs]
Application time: 0.1492558 seconds
[GC pause (G1 Evacuation Pause) (young) 111M->69M(128M), 0.0011424 secs]
Application time: 0.2165872 seconds
[GC pause (G1 Evacuation Pause) (young) 111M->69M(128M), 0.0011540 secs]
Application time: 0.0947911 seconds
[GC pause (G1 Evacuation Pause) (young) (initial-mark) 111M->69M(128M), 0.0014027 secs]
[GC concurrent-root-region-scan-start]
[GC concurrent-root-region-scan-end, 0.0001729 secs]
[GC concurrent-mark-start]
[GC concurrent-mark-end, 0.0044900 secs]
Application time: 0.0047431 seconds
[GC remark, 0.0035979 secs]
Application time: 0.0000477 seconds
[GC cleanup 70M->70M(128M), 0.0002412 secs]
Application time: 0.0932472 seconds
[GC pause (G1 Evacuation Pause) (young) 111M->69M(128M), 0.0012050 secs]
Application time: 0.0935347 seconds
[GC pause (G1 Evacuation Pause) (young) 111M->69M(128M), 0.0011246 secs]
Application time: 0.0930180 seconds
[GC pause (G1 Evacuation Pause) (young) (initial-mark) 111M->69M(128M), 0.0014296 secs]
[GC concurrent-root-region-scan-start]
[GC concurrent-root-region-scan-end, 0.0001713 secs]
[GC concurrent-mark-start]
[GC concurrent-mark-end, 0.0042437 secs]
Application time: 0.0044213 seconds
[GC remark, 0.0036535 secs]
Application time: 0.0000362 seconds
[GC cleanup 69M->69M(128M), 0.0002928 secs]
Iteration 1 (120s) ends:   Wed May 16 01:49:20 GMT 2018
Iteration 1 (120s) result: 60.61 ops/m

Valid run!
Score on serial: 60.61 ops/m

Application time: 0.0213201 seconds
