Application time: 0.0307670 seconds

SPECjvm2008 Peak
  Properties file:   none
  Base dir:          /home/kadilier/MaxineVM/maxineGCBenchmark/SPEC
  Benchmarks:        derby

  WARNING: Run will not be compliant.
  Property specjvm.create.xml.report must be true for publication.
  Not a compliant sequence of benchmarks for publication.
  Property specjvm.run.checksum.validation must be true for publication.
  Property specjvm.iteration.time must be at least 240 seconds for publication.


--- --- --- --- --- --- --- --- ---

  Benchmark:   check
  Run mode:    static run
  Test type:   functional
  Threads:     1
  Iterations:  1
  Run length:  1 operation

Iteration 1 (1 operation) begins: Wed May 16 00:18:25 GMT 2018
Application time: 0.1677734 seconds
[Full GC (System.gc())  9214K->3331K(256M), 0.0134927 secs]
Application time: 0.0044250 seconds
[Full GC (System.gc())  3331K->3331K(256M), 0.0087120 secs]
Iteration 1 (1 operation) ends:   Wed May 16 00:18:25 GMT 2018
Iteration 1 (1 operation) result: PASSED

Valid run!


--- --- --- --- --- --- --- --- ---

  Benchmark:   derby
  Run mode:    timed run
  Test type:   multi
  Threads:     2
  Warmup:      60s
  Iterations:  1
  Run length:  120s
Application time: 0.0544288 seconds
[GC pause (G1 Evacuation Pause) (young) 15M->7787K(256M), 0.0120641 secs]
Application time: 0.0333733 seconds
[GC pause (G1 Evacuation Pause) (young) 17M->12M(256M), 0.0161170 secs]
Application time: 0.0573711 seconds
Application time: 0.0005713 seconds
[GC pause (G1 Evacuation Pause) (young) 22M->16M(256M), 0.0149618 secs]
Application time: 0.1527241 seconds
[GC pause (G1 Evacuation Pause) (young) 26M->20M(256M), 0.0114230 secs]
Application time: 0.0514394 seconds
Application time: 0.1902493 seconds
Application time: 0.1363221 seconds
Application time: 0.4226847 seconds
Application time: 0.0659660 seconds
[GC pause (G1 Evacuation Pause) (young) 36M->23M(256M), 0.0096881 secs]
Application time: 0.5093000 seconds
Application time: 0.0434787 seconds
Application time: 0.4923810 seconds
Application time: 0.8005166 seconds
[GC pause (G1 Evacuation Pause) (young) 96M->29M(256M), 0.0146125 secs]
Application time: 0.6895848 seconds
Application time: 0.0020178 seconds
Application time: 0.0013668 seconds
Application time: 0.2304487 seconds
Application time: 0.0297804 seconds
Application time: 0.0001196 seconds
Application time: 0.0000743 seconds
Application time: 0.0459399 seconds
[GC pause (G1 Evacuation Pause) (young) 95M->33M(256M), 0.0124200 secs]
Application time: 0.1162125 seconds
Application time: 0.0650670 seconds
Application time: 0.0000476 seconds
Application time: 0.0000501 seconds
Application time: 0.6745901 seconds
Application time: 0.3267132 seconds
Application time: 1.0001755 seconds
Application time: 0.0360473 seconds
[GC pause (G1 Evacuation Pause) (young) 176M->42M(256M), 0.0256319 secs]
Application time: 0.1520786 seconds
Application time: 1.0001594 seconds
Application time: 0.5748810 seconds
[GC pause (G1 Evacuation Pause) (young) 176M->52M(256M), 0.0255989 secs]
Application time: 0.6714099 seconds
Application time: 1.0001360 seconds
Application time: 0.1663667 seconds
Application time: 0.0142974 seconds
[GC pause (G1 Evacuation Pause) (young) 185M->61M(256M), 0.0263000 secs]
Application time: 1.5606803 seconds
Application time: 0.4266853 seconds
[GC pause (G1 Evacuation Pause) (young) 195M->71M(256M), 0.0272634 secs]
Application time: 0.0020177 seconds
Application time: 1.0000973 seconds
Application time: 1.0000839 seconds
Application time: 0.3712663 seconds
[GC pause (G1 Evacuation Pause) (young) 205M->80M(256M), 0.0421398 secs]
Application time: 0.1867842 seconds
Application time: 1.0000968 seconds
Application time: 0.3720119 seconds
[GC pause (G1 Evacuation Pause) (young) 210M->90M(256M), 0.0364707 secs]
Application time: 0.1593976 seconds
Application time: 0.7780921 seconds
Application time: 0.4066678 seconds
[GC pause (G1 Evacuation Pause) (young) 218M->99M(256M), 0.0214282 secs]
Application time: 1.0001530 seconds
Application time: 0.2647747 seconds
[GC pause (G1 Evacuation Pause) (young) 218M->107M(256M), 0.0200810 secs]
Application time: 0.5377657 seconds
Application time: 0.4021463 seconds
[GC pause (G1 Evacuation Pause) (young) 218M->115M(256M), 0.0212419 secs]
Application time: 1.0054421 seconds
Application time: 0.0161141 seconds
[GC pause (G1 Evacuation Pause) (young) 219M->123M(256M), 0.0224389 secs]
Application time: 0.5627508 seconds
Application time: 0.6721192 seconds
[GC pause (G1 Evacuation Pause) (young) (initial-mark) 219M->130M(256M), 0.0256428 secs]
[GC concurrent-root-region-scan-start]
[GC concurrent-root-region-scan-end, 0.0118816 secs]
[GC concurrent-mark-start]
[GC concurrent-mark-end, 0.1319828 secs]
Application time: 0.1440258 seconds
[GC remark, 0.0097104 secs]
Application time: 0.0001160 seconds
[GC cleanup 139M->137M(256M), 0.0012206 secs]
[GC concurrent-cleanup-start]
[GC concurrent-cleanup-end, 0.0000127 secs]
Application time: 0.0019435 seconds
Application time: 0.6837446 seconds
[GC pause (G1 Evacuation Pause) (young) 218M->134M(256M), 0.0252105 secs]
Application time: 0.0321026 seconds
[GC pause (G1 Evacuation Pause) (mixed) 139M->132M(256M), 0.0120516 secs]
Application time: 0.7200662 seconds
Application time: 0.1737287 seconds
[GC pause (G1 Evacuation Pause) (young) 220M->138M(256M), 0.0165661 secs]
Application time: 0.7280371 seconds
[GC pause (G1 Evacuation Pause) (young) (initial-mark) 221M->144M(256M), 0.0121594 secs]
[GC concurrent-root-region-scan-start]
[GC concurrent-root-region-scan-end, 0.0079267 secs]
[GC concurrent-mark-start]
[GC concurrent-mark-end, 0.1866765 secs]
Application time: 0.1947266 seconds
[GC remark, 0.0048220 secs]
Application time: 0.0000814 seconds
[GC cleanup 159M->159M(256M), 0.0006897 secs]
Application time: 0.4976677 seconds
[GC pause (G1 Evacuation Pause) (young) 216M->150M(256M), 0.0168951 secs]
Application time: 0.0150379 seconds
[GC pause (G1 Evacuation Pause) (mixed) 151M->148M(256M), 0.0164669 secs]
Application time: 0.3607956 seconds
Application time: 0.5625541 seconds
[GC pause (G1 Evacuation Pause) (young) 222M->153M(256M), 0.0143991 secs]
Application time: 0.7684764 seconds
[GC pause (G1 Evacuation Pause) (young) (initial-mark) 223M->158M(256M), 0.0122932 secs]
[GC concurrent-root-region-scan-start]
[GC concurrent-root-region-scan-end, 0.0038871 secs]
[GC concurrent-mark-start]
[GC concurrent-mark-end, 0.1714464 secs]
Application time: 0.1754876 seconds
[GC remark, 0.0057265 secs]
Application time: 0.0001234 seconds
[GC cleanup 169M->169M(256M), 0.0009078 secs]
Application time: 1.6598215 seconds
[GC pause (G1 Evacuation Pause) (young) 222M->163M(256M), 0.0137763 secs]
Application time: 0.0530358 seconds
[GC pause (G1 Evacuation Pause) (mixed) 169M->161M(256M), 0.0149112 secs]
Application time: 0.2269775 seconds
Application time: 0.4274241 seconds
[GC pause (G1 Evacuation Pause) (young) 222M->166M(256M), 0.0163339 secs]
Application time: 0.7619968 seconds
[GC pause (G1 Evacuation Pause) (young) (initial-mark) 222M->171M(256M), 0.0148451 secs]
[GC concurrent-root-region-scan-start]
[GC concurrent-root-region-scan-end, 0.0041857 secs]
[GC concurrent-mark-start]
[GC concurrent-mark-end, 0.1810287 secs]
Application time: 0.1853502 seconds
[GC remark, 0.0051603 secs]
Application time: 0.0000570 seconds
[GC cleanup 189M->189M(256M), 0.0008495 secs]
Application time: 0.0007791 seconds
Application time: 0.3068939 seconds
[GC pause (G1 Evacuation Pause) (young) 223M->175M(256M), 0.0133268 secs]
Application time: 0.0555206 seconds
[GC pause (G1 Evacuation Pause) (mixed) 183M->174M(256M), 0.0098232 secs]
Application time: 0.4570960 seconds
[GC pause (G1 Evacuation Pause) (young) 223M->177M(256M), 0.0144637 secs]
Application time: 0.0534867 seconds
Application time: 0.4520254 seconds
[GC pause (G1 Evacuation Pause) (young) (initial-mark) 223M->181M(256M), 0.0099349 secs]
[GC concurrent-root-region-scan-start]
[GC concurrent-root-region-scan-end, 0.0041821 secs]
[GC concurrent-mark-start]
[GC concurrent-mark-end, 0.1937296 secs]
Application time: 0.1980464 seconds
[GC remark, 0.0070784 secs]
Application time: 0.0001005 seconds
[GC cleanup 193M->193M(256M), 0.0037935 secs]
Application time: 0.3332534 seconds
[GC pause (G1 Evacuation Pause) (young) 224M->185M(256M), 0.0139918 secs]
Application time: 0.0900911 seconds
[GC pause (G1 Evacuation Pause) (mixed) 193M->183M(256M), 0.0154707 secs]
Application time: 0.3458580 seconds
[GC pause (G1 Evacuation Pause) (young) 224M->186M(256M), 0.0177154 secs]
Application time: 0.3334997 seconds
[GC pause (G1 Evacuation Pause) (young) (initial-mark) 223M->189M(256M), 0.0098304 secs]
[GC concurrent-root-region-scan-start]
[GC concurrent-root-region-scan-end, 0.0044518 secs]
[GC concurrent-mark-start]
[GC concurrent-mark-end, 0.1964323 secs]
Application time: 0.2009913 seconds
[GC remark, 0.0059077 secs]
Application time: 0.0000353 seconds
[GC cleanup 205M->205M(256M), 0.0011678 secs]
Application time: 0.0790092 seconds
Application time: 0.4923743 seconds
[GC pause (G1 Evacuation Pause) (young) 224M->192M(256M), 0.0121066 secs]
Application time: 0.0716189 seconds
[GC pause (G1 Evacuation Pause) (mixed) 201M->191M(256M), 0.0159500 secs]
Application time: 0.3365526 seconds
[GC pause (G1 Evacuation Pause) (young) 225M->193M(256M), 0.0188855 secs]
Application time: 0.2384223 seconds
[GC pause (G1 Evacuation Pause) (young) (initial-mark) 224M->196M(256M), 0.0089113 secs]
[GC concurrent-root-region-scan-start]
[GC concurrent-root-region-scan-end, 0.0034780 secs]
[GC concurrent-mark-start]
[GC concurrent-mark-end, 0.2066836 secs]
Application time: 0.2102731 seconds
[GC remark, 0.0055481 secs]
Application time: 0.0000458 seconds
[GC cleanup 220M->220M(256M), 0.0012100 secs]
Application time: 0.0627540 seconds
[GC pause (G1 Evacuation Pause) (young) 225M->199M(256M), 0.0095542 secs]
Application time: 0.0571945 seconds
[GC pause (G1 Evacuation Pause) (mixed) 208M->198M(256M), 0.0100597 secs]
Application time: 0.2458399 seconds
[GC pause (G1 Evacuation Pause) (young) 225M->200M(256M), 0.0108766 secs]
Application time: 0.3057149 seconds
[GC pause (G1 Evacuation Pause) (young) (initial-mark) 224M->202M(256M), 0.0119141 secs]
[GC concurrent-root-region-scan-start]
[GC concurrent-root-region-scan-end, 0.0095831 secs]
[GC concurrent-mark-start]
[GC concurrent-mark-end, 0.2358297 secs]
Application time: 0.2455903 seconds
[GC remark, 0.0138464 secs]
Application time: 0.0001175 seconds
[GC cleanup 218M->218M(256M), 0.0032712 secs]
Application time: 0.4458877 seconds
[GC pause (G1 Evacuation Pause) (young) 225M->205M(256M), 0.0100550 secs]
Application time: 0.0735038 seconds
Application time: 0.0355943 seconds
[GC pause (G1 Evacuation Pause) (mixed) 214M->204M(256M), 0.0106470 secs]
Application time: 0.1784333 seconds
[GC pause (G1 Evacuation Pause) (young) 226M->206M(256M), 0.0105364 secs]
Application time: 0.1974043 seconds
[GC pause (G1 Evacuation Pause) (young) (initial-mark) 226M->207M(256M), 0.0093108 secs]
[GC concurrent-root-region-scan-start]
[GC concurrent-root-region-scan-end, 0.0067429 secs]
[GC concurrent-mark-start]
[GC concurrent-mark-end, 0.2074654 secs]
Application time: 0.2143381 seconds
[GC remark, 0.0065332 secs]
Application time: 0.0000924 seconds
[GC cleanup 225M->225M(256M), 0.0016534 secs]
Application time: 0.0098965 seconds
[GC pause (G1 Evacuation Pause) (young) 226M->209M(256M), 0.0078355 secs]
Application time: 0.0747604 seconds
[GC pause (G1 Evacuation Pause) (mixed) 219M->207M(256M), 0.0146810 secs]
Application time: 0.1894426 seconds
[GC pause (G1 Evacuation Pause) (young) 226M->208M(256M), 0.0157743 secs]
Application time: 0.1510248 seconds
[GC pause (G1 Evacuation Pause) (young) (initial-mark) 225M->210M(256M), 0.0086235 secs]
[GC concurrent-root-region-scan-start]
[GC concurrent-root-region-scan-end, 0.0043496 secs]
[GC concurrent-mark-start]
Application time: 0.2021081 seconds
[GC pause (G1 Evacuation Pause) (young) 227M->211M(256M), 0.0081984 secs]
[GC concurrent-mark-end, 0.2238324 secs]
Application time: 0.0173401 seconds
[GC remark, 0.0091342 secs]
Application time: 0.0000591 seconds
[GC cleanup 214M->214M(256M), 0.0026749 secs]
Application time: 0.7317826 seconds
[GC pause (G1 Evacuation Pause) (young) 226M->212M(256M), 0.0185602 secs]
Application time: 0.1104101 seconds
[GC pause (G1 Evacuation Pause) (mixed) 221M->211M(256M), 0.0197134 secs]
Application time: 0.1328806 seconds
[GC pause (G1 Evacuation Pause) (young) 226M->212M(256M), 0.0150329 secs]
Application time: 0.1356773 seconds
[GC pause (G1 Evacuation Pause) (young) (initial-mark) 225M->214M(256M), 0.0084340 secs]
[GC concurrent-root-region-scan-start]
[GC concurrent-root-region-scan-end, 0.0046124 secs]
[GC concurrent-mark-start]
Application time: 0.1891656 seconds
[GC pause (G1 Evacuation Pause) (young) 227M->215M(256M), 0.0085948 secs]
[GC concurrent-mark-end, 0.2691419 secs]
Application time: 0.0754901 seconds
[GC remark, 0.0057309 secs]
Application time: 0.0000549 seconds
[GC cleanup 224M->224M(256M), 0.0016185 secs]
Application time: 0.0204433 seconds
[GC pause (G1 Evacuation Pause) (young) 227M->216M(256M), 0.0070275 secs]
Application time: 0.1030086 seconds
[GC pause (G1 Evacuation Pause) (mixed) 226M->215M(256M), 0.0110973 secs]
Application time: 0.0670682 seconds
Application time: 0.0187813 seconds
[GC pause (G1 Evacuation Pause) (young) 226M->217M(256M), 0.0092324 secs]
Application time: 0.1342487 seconds
[GC pause (G1 Evacuation Pause) (young) (initial-mark) 227M->218M(256M), 0.0085125 secs]
[GC concurrent-root-region-scan-start]
[GC concurrent-root-region-scan-end, 0.0040319 secs]
[GC concurrent-mark-start]
Application time: 0.0977072 seconds
[GC pause (G1 Evacuation Pause) (young) 228M->219M(256M), 0.0066136 secs]
[GC concurrent-mark-end, 0.2124238 secs]
Application time: 0.1116272 seconds
[GC remark, 0.0062025 secs]
Application time: 0.0000910 seconds
[GC cleanup 229M->229M(256M), 0.0016920 secs]
Application time: 0.0016343 seconds
[GC pause (G1 Evacuation Pause) (young) 229M->220M(256M), 0.0066692 secs]
Application time: 0.0683095 seconds
[GC pause (G1 Evacuation Pause) (mixed) 230M->221M(256M), 0.0143479 secs]
Application time: 0.0972580 seconds
[GC pause (G1 Evacuation Pause) (young) 231M->223M(256M), 0.0107129 secs]
Application time: 0.1308863 seconds
[GC pause (G1 Evacuation Pause) (young) (initial-mark) 233M->225M(256M), 0.0079791 secs]
[GC concurrent-root-region-scan-start]
[GC concurrent-root-region-scan-end, 0.0047867 secs]
[GC concurrent-mark-start]
Application time: 0.1394465 seconds
[GC pause (G1 Evacuation Pause) (young) 235M->226M(256M), 0.0066058 secs]
Application time: 0.1047256 seconds
[GC pause (G1 Evacuation Pause) (young) 236M->227M(256M), 0.0061589 secs]
[GC concurrent-mark-end, 0.2560227 secs]
Application time: 0.0029237 seconds
[GC remark, 0.0063174 secs]
Application time: 0.0000674 seconds
[GC cleanup 228M->228M(256M), 0.0018237 secs]
Application time: 0.0943530 seconds
[GC pause (G1 Evacuation Pause) (young) 237M->229M(256M), 0.0070806 secs]
Application time: 0.0639673 seconds
[GC pause (G1 Evacuation Pause) (mixed) 239M->225M(256M), 0.0192497 secs]
Application time: 0.0988884 seconds
[GC pause (G1 Evacuation Pause) (young) 235M->226M(256M), 0.0177533 secs]
Application time: 0.0799921 seconds
[GC pause (G1 Evacuation Pause) (young) (initial-mark) 236M->228M(256M), 0.0083620 secs]
[GC concurrent-root-region-scan-start]
[GC concurrent-root-region-scan-end, 0.0066063 secs]
[GC concurrent-mark-start]
Application time: 0.1208142 seconds
[GC pause (G1 Evacuation Pause) (young) 238M->230M(256M), 0.0064848 secs]
Application time: 0.0880954 seconds
[GC pause (G1 Evacuation Pause) (young) 240M->232M(256M), 0.0062822 secs]
[GC concurrent-mark-end, 0.2444739 secs]
Application time: 0.0285481 seconds
[GC remark, 0.0058510 secs]
Application time: 0.0001106 seconds
[GC cleanup 234M->234M(256M), 0.0034195 secs]
Application time: 0.0735802 seconds
[GC pause (G1 Evacuation Pause) (young) 242M->233M(256M), 0.0128331 secs]
Application time: 0.0722539 seconds
[GC pause (G1 Evacuation Pause) (mixed) 243M->230M(256M), 0.0193104 secs]
Application time: 0.1042162 seconds
[GC pause (G1 Evacuation Pause) (young) 240M->232M(256M), 0.0153805 secs]
Application time: 0.0726637 seconds
[GC pause (G1 Evacuation Pause) (young) (initial-mark) 242M->232M(256M), 0.0080381 secs]
[GC concurrent-root-region-scan-start]
[GC concurrent-root-region-scan-end, 0.0120413 secs]
[GC concurrent-mark-start]
Application time: 0.1577604 seconds
[GC pause (G1 Evacuation Pause) (young) 242M->234M(256M), 0.0068014 secs]
[GC concurrent-mark-end, 0.2300481 secs]
Application time: 0.0769798 seconds
[GC remark, 0.0058189 secs]
Application time: 0.0000538 seconds
[GC cleanup 240M->240M(256M), 0.0019661 secs]
Application time: 0.0684168 seconds
[GC pause (G1 Evacuation Pause) (young) 244M->235M(256M), 0.0070148 secs]
Application time: 0.1213350 seconds
[GC pause (G1 Evacuation Pause) (mixed)-- 245M->250M(256M), 0.0228172 secs]
Application time: 0.0348556 seconds
[GC pause (G1 Evacuation Pause) (young)-- 255M->255M(256M), 0.0241753 secs]
Application time: 0.0000528 seconds
[Full GC (Allocation Failure)  255M->208M(256M), 0.3700712 secs]
Application time: 0.1651432 seconds
[GC pause (G1 Evacuation Pause) (young) 225M->210M(256M), 0.0078026 secs]
Application time: 0.2182187 seconds
[GC pause (G1 Evacuation Pause) (young) (initial-mark) 225M->212M(256M), 0.0079610 secs]
[GC concurrent-root-region-scan-start]
[GC concurrent-root-region-scan-end, 0.0064934 secs]
[GC concurrent-mark-start]
Application time: 0.1437286 seconds
[GC pause (G1 Evacuation Pause) (young) 225M->213M(256M), 0.0101157 secs]
[GC concurrent-mark-end, 0.2615025 secs]
Application time: 0.1134541 seconds
[GC remark, 0.0059743 secs]
Application time: 0.0000543 seconds
[GC cleanup 221M->221M(256M), 0.0018623 secs]
Application time: 0.0265014 seconds
[GC pause (G1 Evacuation Pause) (young) 225M->214M(256M), 0.0081505 secs]
Application time: 0.0696026 seconds
[GC pause (G1 Evacuation Pause) (young) 224M->216M(256M), 0.0087474 secs]
Application time: 0.1018327 seconds
[GC pause (G1 Evacuation Pause) (young) (initial-mark) 226M->218M(256M), 0.0075500 secs]
[GC concurrent-root-region-scan-start]
[GC concurrent-root-region-scan-end, 0.0045983 secs]
[GC concurrent-mark-start]
Application time: 0.0865292 seconds
[GC pause (G1 Evacuation Pause) (young) 228M->219M(256M), 0.0081425 secs]
Application time: 0.1055220 seconds
[GC pause (G1 Evacuation Pause) (young) 229M->219M(256M), 0.0069101 secs]
[GC concurrent-mark-end, 0.2501545 secs]
Application time: 0.0466368 seconds
[GC remark, 0.0060162 secs]
Application time: 0.0000633 seconds
[GC cleanup 220M->220M(256M), 0.0019784 secs]
Application time: 0.7063913 seconds
[GC pause (G1 Evacuation Pause) (young) 229M->220M(256M), 0.0088799 secs]
Application time: 0.0871716 seconds
[GC pause (G1 Evacuation Pause) (young) 230M->222M(256M), 0.0095006 secs]
Application time: 0.1327728 seconds
[GC pause (G1 Evacuation Pause) (young) (initial-mark) 232M->223M(256M), 0.0101192 secs]
[GC concurrent-root-region-scan-start]
[GC concurrent-root-region-scan-end, 0.0077196 secs]
[GC concurrent-mark-start]
Application time: 0.0869202 seconds
[GC pause (G1 Evacuation Pause) (young) 233M->225M(256M), 0.0077754 secs]
Application time: 0.1608283 seconds
[GC pause (G1 Evacuation Pause) (young) 235M->226M(256M), 0.0080789 secs]
[GC concurrent-mark-end, 0.2621812 secs]
Application time: 0.0052980 seconds
[GC remark, 0.0070371 secs]
Application time: 0.0000441 seconds
[GC cleanup 226M->226M(256M), 0.0020266 secs]
Application time: 0.1007147 seconds
[GC pause (G1 Evacuation Pause) (young) 236M->228M(256M), 0.0072019 secs]
Application time: 0.0934662 seconds
[GC pause (G1 Evacuation Pause) (young) 238M->229M(256M), 0.0089766 secs]
Application time: 0.0328474 seconds
Application time: 0.0000312 seconds
Application time: 0.0088839 seconds
Application time: 0.0204928 seconds
Application time: 0.0087000 seconds
Application time: 0.0639010 seconds
Application time: 0.2389136 seconds
Application time: 0.1177039 seconds

Warmup (60s) begins: Wed May 16 00:19:11 GMT 2018
Application time: 0.3852626 seconds
Application time: 0.0057114 seconds
Application time: 0.0374055 seconds
Application time: 0.0001207 seconds
Application time: 0.0025614 seconds
Application time: 0.0055400 seconds
Application time: 0.0030505 seconds
Application time: 0.0144346 seconds
[GC pause (G1 Evacuation Pause) (young) (initial-mark) 239M->232M(256M), 0.0164382 secs]
[GC concurrent-root-region-scan-start]
[GC concurrent-root-region-scan-end, 0.0062070 secs]
[GC concurrent-mark-start]
Application time: 0.0062708 seconds
Application time: 0.0002009 seconds
Application time: 0.0034819 seconds
Application time: 0.0007121 seconds
Application time: 0.0005408 seconds
Application time: 0.0114794 seconds
Application time: 0.0000437 seconds
Application time: 0.0000388 seconds
Application time: 0.0000233 seconds
Application time: 0.0000279 seconds
Application time: 0.0432881 seconds
Application time: 0.0229489 seconds
Application time: 0.0377533 seconds
Application time: 0.1067458 seconds
[GC pause (G1 Evacuation Pause) (young) 242M->234M(256M), 0.0166897 secs]
Application time: 0.0256967 seconds
[GC concurrent-mark-end, 0.3557944 secs]
Application time: 0.0714308 seconds
[GC remark, 0.0091097 secs]
Application time: 0.0065477 seconds
[GC cleanup 244M->244M(256M), 0.0039793 secs]
Application time: 0.0064664 seconds
[GC pause (G1 Evacuation Pause) (young) 244M->234M(256M), 0.0131504 secs]
Application time: 0.0772228 seconds
[GC pause (G1 Evacuation Pause) (mixed)-- 245M->238M(256M), 0.0102389 secs]
Application time: 0.0670694 seconds
[GC pause (G1 Evacuation Pause) (mixed)-- 249M->250M(256M), 0.0646759 secs]
Application time: 0.0228169 seconds
[GC pause (G1 Evacuation Pause) (mixed)-- 253M->253M(256M), 0.0518976 secs]
Application time: 0.0054569 seconds
[GC pause (G1 Evacuation Pause) (young) 253M->253M(256M), 0.0098827 secs]
Application time: 0.0000404 seconds
[Full GC (Allocation Failure)  253M->187M(256M), 0.3041432 secs]
Application time: 0.1865248 seconds
[GC pause (G1 Evacuation Pause) (young) 223M->188M(256M), 0.0037057 secs]
Application time: 0.0398089 seconds
Application time: 0.0093017 seconds
Application time: 0.0674743 seconds
Application time: 0.0359246 seconds
[GC pause (G1 Evacuation Pause) (young) (initial-mark) 224M->190M(256M), 0.0061346 secs]
[GC concurrent-root-region-scan-start]
[GC concurrent-root-region-scan-end, 0.0020768 secs]
[GC concurrent-mark-start]
Application time: 0.1707610 seconds
[GC pause (G1 Evacuation Pause) (young) 224M->190M(256M), 0.0149060 secs]
Application time: 0.1540960 seconds
[GC pause (G1 Evacuation Pause) (young) 224M->191M(256M), 0.0069861 secs]
[GC concurrent-mark-end, 0.3680911 secs]
Application time: 0.0225372 seconds
[GC remark, 0.0095221 secs]
Application time: 0.0030370 seconds
[GC cleanup 200M->200M(256M), 0.0028952 secs]
Application time: 0.0552142 seconds
[GC pause (G1 Evacuation Pause) (young) 223M->192M(256M), 0.0161377 secs]
Application time: 0.0932854 seconds
[GC pause (G1 Evacuation Pause) (young) 223M->193M(256M), 0.0128612 secs]
Application time: 0.0448827 seconds
Application time: 0.0015788 seconds
Application time: 0.0409414 seconds
[GC pause (G1 Evacuation Pause) (young) (initial-mark) 223M->194M(256M), 0.0146828 secs]
[GC concurrent-root-region-scan-start]
[GC concurrent-root-region-scan-end, 0.0034126 secs]
[GC concurrent-mark-start]
Application time: 0.0918257 seconds
[GC pause (G1 Evacuation Pause) (young) 223M->194M(256M), 0.0093234 secs]
Application time: 0.1130835 seconds
[GC pause (G1 Evacuation Pause) (young) 223M->195M(256M), 0.0110159 secs]
Application time: 0.0681344 seconds
[GC pause (G1 Evacuation Pause) (young) 223M->196M(256M), 0.0138662 secs]
Application time: 0.1061268 seconds
[GC pause (G1 Evacuation Pause) (young) 224M->197M(256M), 0.0122915 secs]
Application time: 0.0307106 seconds
[GC concurrent-mark-end, 0.4915024 secs]
Application time: 0.0286891 seconds
[GC remark, 0.0057320 secs]
Application time: 0.0000440 seconds
[GC cleanup 213M->213M(256M), 0.0017029 secs]
Application time: 0.0276111 seconds
[GC pause (G1 Evacuation Pause) (young) 222M->198M(256M), 0.0097187 secs]
Application time: 0.0467757 seconds
[GC pause (G1 Evacuation Pause) (young) 224M->198M(256M), 0.0117791 secs]
Application time: 0.0617747 seconds
[GC pause (G1 Evacuation Pause) (young) (initial-mark) 224M->199M(256M), 0.0095845 secs]
[GC concurrent-root-region-scan-start]
[GC concurrent-root-region-scan-end, 0.0029213 secs]
[GC concurrent-mark-start]
Application time: 0.0370546 seconds
Application time: 0.0384929 seconds
[GC pause (G1 Evacuation Pause) (young) 224M->200M(256M), 0.0099657 secs]
Application time: 0.0839376 seconds
[GC pause (G1 Evacuation Pause) (young) 224M->201M(256M), 0.0081328 secs]
Application time: 0.0953486 seconds
[GC pause (G1 Evacuation Pause) (young) 224M->202M(256M), 0.0144292 secs]
[GC concurrent-mark-end, 0.3023744 secs]
Application time: 0.0141029 seconds
[GC remark, 0.0055715 secs]
Application time: 0.0000315 seconds
[GC cleanup 208M->208M(256M), 0.0016547 secs]
Application time: 0.0375220 seconds
[GC pause (G1 Evacuation Pause) (young) 224M->204M(256M), 0.0093014 secs]
Application time: 0.0425817 seconds
[GC pause (G1 Evacuation Pause) (young) 223M->204M(256M), 0.0169130 secs]
Application time: 0.0406504 seconds
[GC pause (G1 Evacuation Pause) (young) (initial-mark) 223M->205M(256M), 0.0081259 secs]
[GC concurrent-root-region-scan-start]
[GC concurrent-root-region-scan-end, 0.0018499 secs]
[GC concurrent-mark-start]
Application time: 0.0161851 seconds
Application time: 0.0415565 seconds
[GC pause (G1 Evacuation Pause) (young) 223M->205M(256M), 0.0059928 secs]
Application time: 0.0245804 seconds
Application time: 0.0269773 seconds
[GC pause (G1 Evacuation Pause) (young) 223M->206M(256M), 0.0104000 secs]
Application time: 0.0613418 seconds
[GC pause (G1 Evacuation Pause) (young) 223M->206M(256M), 0.0071466 secs]
Application time: 0.0583036 seconds
[GC pause (G1 Evacuation Pause) (young) 223M->207M(256M), 0.0050598 secs]
[GC concurrent-mark-end, 0.2868307 secs]
Application time: 0.0221336 seconds
[GC remark, 0.0065689 secs]
Application time: 0.0027004 seconds
[GC cleanup 216M->216M(256M), 0.0038239 secs]
Application time: 0.0150350 seconds
[GC pause (G1 Evacuation Pause) (young) 224M->206M(256M), 0.0110135 secs]
Application time: 0.0193294 seconds
Application time: 0.0023555 seconds
[GC pause (G1 Evacuation Pause) (mixed) 215M->201M(256M), 0.0117531 secs]
Application time: 0.0201144 seconds
Application time: 0.0212504 seconds
[GC pause (G1 Evacuation Pause) (young) 225M->202M(256M), 0.0112640 secs]
Application time: 0.0009003 seconds
Application time: 0.0337358 seconds
[GC pause (G1 Evacuation Pause) (young) (initial-mark) 224M->201M(256M), 0.0047420 secs]
[GC concurrent-root-region-scan-start]
[GC concurrent-root-region-scan-end, 0.0011108 secs]
[GC concurrent-mark-start]
Application time: 0.0885044 seconds
[GC pause (G1 Evacuation Pause) (young) 225M->202M(256M), 0.0042076 secs]
Application time: 0.0810319 seconds
[GC pause (G1 Evacuation Pause) (young) 224M->201M(256M), 0.0043961 secs]
Application time: 0.0705531 seconds
[GC pause (G1 Evacuation Pause) (young) 225M->202M(256M), 0.0042052 secs]
Application time: 0.0523907 seconds
[GC pause (G1 Evacuation Pause) (young) 224M->201M(256M), 0.0046673 secs]
[GC concurrent-mark-end, 0.3511763 secs]
Application time: 0.0414677 seconds
[GC remark, 0.0073841 secs]
Application time: 0.0000877 seconds
[GC cleanup 219M->219M(256M), 0.0018490 secs]
Application time: 0.0101993 seconds
[GC pause (G1 Evacuation Pause) (young) 225M->201M(256M), 0.0077845 secs]
Application time: 0.0124460 seconds
[GC pause (G1 Evacuation Pause) (mixed) 211M->201M(256M), 0.0044856 secs]
Application time: 0.0370834 seconds
[GC pause (G1 Evacuation Pause) (young) 225M->201M(256M), 0.0049233 secs]
Application time: 0.0302725 seconds
[GC pause (G1 Evacuation Pause) (young) (initial-mark) 225M->202M(256M), 0.0042165 secs]
[GC concurrent-root-region-scan-start]
[GC concurrent-root-region-scan-end, 0.0010389 secs]
[GC concurrent-mark-start]
Application time: 0.0362325 seconds
Application time: 0.0145282 seconds
[GC pause (G1 Evacuation Pause) (young) 224M->201M(256M), 0.0043096 secs]
Application time: 0.0648041 seconds
[GC pause (G1 Evacuation Pause) (young) 225M->201M(256M), 0.0048784 secs]
Application time: 0.0548612 seconds
[GC pause (G1 Evacuation Pause) (young) 224M->201M(256M), 0.0038939 secs]
Application time: 0.0534764 seconds
[GC pause (G1 Evacuation Pause) (young) 224M->201M(256M), 0.0038737 secs]
[GC concurrent-mark-end, 0.2716661 secs]
Application time: 0.0215008 seconds
[GC remark, 0.0059158 secs]
Application time: 0.0020086 seconds
[GC cleanup 217M->217M(256M), 0.0019506 secs]
Application time: 0.0099404 seconds
[GC pause (G1 Evacuation Pause) (young) 226M->201M(256M), 0.0032546 secs]
Application time: 0.0325143 seconds
[GC pause (G1 Evacuation Pause) (young) 226M->201M(256M), 0.0030431 secs]
Application time: 0.0400182 seconds
[GC pause (G1 Evacuation Pause) (young) (initial-mark) 226M->201M(256M), 0.0034085 secs]
[GC concurrent-root-region-scan-start]
[GC concurrent-root-region-scan-end, 0.0003866 secs]
[GC concurrent-mark-start]
Application time: 0.0462038 seconds
Application time: 0.0237066 seconds
[GC pause (G1 Evacuation Pause) (young) 225M->201M(256M), 0.0023736 secs]
Application time: 0.0460474 seconds
[GC pause (G1 Evacuation Pause) (young) 225M->201M(256M), 0.0023141 secs]
Application time: 0.0492395 seconds
[GC pause (G1 Evacuation Pause) (young) 225M->201M(256M), 0.0022139 secs]
Application time: 0.0440868 seconds
Application time: 0.0025112 seconds
[GC pause (G1 Evacuation Pause) (young) 225M->201M(256M), 0.0022472 secs]
Application time: 0.0009785 seconds
Application time: 0.0407492 seconds
[GC pause (G1 Evacuation Pause) (young) 225M->201M(256M), 0.0022673 secs]
Application time: 0.0420995 seconds
[GC pause (G1 Evacuation Pause) (young) 225M->201M(256M), 0.0024506 secs]
Application time: 0.0409798 seconds
[GC pause (G1 Evacuation Pause) (young) 225M->201M(256M), 0.0024856 secs]
[GC concurrent-mark-end, 0.3905951 secs]
Application time: 0.0159499 seconds
[GC remark, 0.0054981 secs]
Application time: 0.0033699 seconds
[GC cleanup 208M->208M(256M), 0.0016954 secs]
Application time: 0.0247110 seconds
Application time: 0.0056167 seconds
Application time: 0.0013919 seconds
[GC pause (G1 Evacuation Pause) (young) 225M->201M(256M), 0.0024152 secs]
Application time: 0.0174453 seconds
[GC pause (G1 Evacuation Pause) (mixed) 212M->201M(256M), 0.0026649 secs]
Application time: 0.0234070 seconds
Application time: 0.0118707 seconds
[GC pause (G1 Evacuation Pause) (young) 226M->201M(256M), 0.0028913 secs]
Application time: 0.0401903 seconds
[GC pause (G1 Evacuation Pause) (young) (initial-mark) 226M->201M(256M), 0.0026413 secs]
[GC concurrent-root-region-scan-start]
[GC concurrent-root-region-scan-end, 0.0003868 secs]
[GC concurrent-mark-start]
Application time: 0.0319421 seconds
Application time: 0.0260768 seconds
[GC pause (G1 Evacuation Pause) (young) 226M->201M(256M), 0.0023208 secs]
Application time: 0.0129760 seconds
Application time: 0.0634724 seconds
[GC pause (G1 Evacuation Pause) (young) 226M->201M(256M), 0.0023196 secs]
Application time: 0.0656522 seconds
[GC pause (G1 Evacuation Pause) (young) 226M->201M(256M), 0.0023541 secs]
Application time: 0.0596592 seconds
[GC pause (G1 Evacuation Pause) (young) 226M->201M(256M), 0.0024613 secs]
[GC concurrent-mark-end, 0.3451448 secs]
Application time: 0.0648183 seconds
[GC remark, 0.0059773 secs]
Application time: 0.0001085 seconds
[GC cleanup 225M->225M(256M), 0.0018044 secs]
Application time: 0.0019624 seconds
[GC pause (G1 Evacuation Pause) (young) 226M->201M(256M), 0.0020673 secs]
Application time: 0.0316811 seconds
[GC pause (G1 Evacuation Pause) (young) 226M->201M(256M), 0.0023056 secs]
Application time: 0.0269372 seconds
[GC pause (G1 Evacuation Pause) (young) (initial-mark) 226M->201M(256M), 0.0026220 secs]
[GC concurrent-root-region-scan-start]
[GC concurrent-root-region-scan-end, 0.0004368 secs]
[GC concurrent-mark-start]
Application time: 0.0446605 seconds
[GC pause (G1 Evacuation Pause) (young) 226M->201M(256M), 0.0024972 secs]
Application time: 0.0573379 seconds
[GC pause (G1 Evacuation Pause) (young) 225M->201M(256M), 0.0024110 secs]
Application time: 0.0391304 seconds
[GC pause (G1 Evacuation Pause) (young) 225M->201M(256M), 0.0023676 secs]
Application time: 0.0541501 seconds
[GC pause (G1 Evacuation Pause) (young) 225M->201M(256M), 0.0023565 secs]
Application time: 0.0510449 seconds
[GC pause (G1 Evacuation Pause) (young) 225M->201M(256M), 0.0022985 secs]
[GC concurrent-mark-end, 0.3187925 secs]
Application time: 0.0501060 seconds
[GC remark, 0.0074925 secs]
Application time: 0.0013676 seconds
[GC cleanup 222M->222M(256M), 0.0017579 secs]
Application time: 0.0065497 seconds
[GC pause (G1 Evacuation Pause) (young) 225M->201M(256M), 0.0023276 secs]
Application time: 0.0140777 seconds
[GC pause (G1 Evacuation Pause) (mixed) 212M->201M(256M), 0.0021794 secs]
Application time: 0.0293038 seconds
[GC pause (G1 Evacuation Pause) (young) 226M->201M(256M), 0.0024783 secs]
Application time: 0.0263070 seconds
[GC pause (G1 Evacuation Pause) (young) (initial-mark) 226M->201M(256M), 0.0026788 secs]
[GC concurrent-root-region-scan-start]
[GC concurrent-root-region-scan-end, 0.0004425 secs]
[GC concurrent-mark-start]
Application time: 0.0425625 seconds
[GC pause (G1 Evacuation Pause) (young) 226M->201M(256M), 0.0023345 secs]
Application time: 0.0392745 seconds
[GC pause (G1 Evacuation Pause) (young) 226M->201M(256M), 0.0023226 secs]
Application time: 0.0426964 seconds
[GC pause (G1 Evacuation Pause) (young) 226M->201M(256M), 0.0022480 secs]
Application time: 0.0446322 seconds
[GC pause (G1 Evacuation Pause) (young) 226M->201M(256M), 0.0025008 secs]
Application time: 0.0437159 seconds
[GC pause (G1 Evacuation Pause) (young) 226M->201M(256M), 0.0021896 secs]
Application time: 0.0113847 seconds
Application time: 0.0004359 seconds
Application time: 0.0477610 seconds
[GC pause (G1 Evacuation Pause) (young) 226M->201M(256M), 0.0021069 secs]
[GC concurrent-mark-end, 0.3168623 secs]
Application time: 0.0164080 seconds
[GC remark, 0.0060952 secs]
Application time: 0.0006594 seconds
[GC cleanup 208M->208M(256M), 0.0029334 secs]
Application time: 0.0007062 seconds
Application time: 0.0124251 seconds
Application time: 0.0127103 seconds
[GC pause (G1 Evacuation Pause) (young) 226M->201M(256M), 0.0022924 secs]
Application time: 0.0298241 seconds
[GC pause (G1 Evacuation Pause) (young) 226M->201M(256M), 0.0021113 secs]
Application time: 0.0138196 seconds
Application time: 0.0121885 seconds
Application time: 0.0095653 seconds
[GC pause (G1 Evacuation Pause) (young) (initial-mark) 226M->201M(256M), 0.0023151 secs]
[GC concurrent-root-region-scan-start]
[GC concurrent-root-region-scan-end, 0.0003917 secs]
[GC concurrent-mark-start]
Application time: 0.0645509 seconds
[GC pause (G1 Evacuation Pause) (young) 226M->201M(256M), 0.0021256 secs]
Application time: 0.0026852 seconds
Application time: 0.0541271 seconds
[GC pause (G1 Evacuation Pause) (young) 226M->201M(256M), 0.0020586 secs]
Application time: 0.0563221 seconds
[GC pause (G1 Evacuation Pause) (young) 226M->201M(256M), 0.0020226 secs]
[GC concurrent-mark-end, 0.1985434 secs]
Application time: 0.0134042 seconds
[GC remark, 0.0054412 secs]
Application time: 0.0000757 seconds
[GC cleanup 207M->207M(256M), 0.0017595 secs]
Application time: 0.0247010 seconds
[GC pause (G1 Evacuation Pause) (young) 225M->201M(256M), 0.0020095 secs]
Application time: 0.0126539 seconds
[GC pause (G1 Evacuation Pause) (mixed) 212M->200M(256M), 0.0023903 secs]
Application time: 0.0078577 seconds
Application time: 0.0039420 seconds
Application time: 0.0167599 seconds
[GC pause (G1 Evacuation Pause) (young) 225M->201M(256M), 0.0028000 secs]
Application time: 0.0289895 seconds
[GC pause (G1 Evacuation Pause) (young) (initial-mark) 226M->201M(256M), 0.0024072 secs]
[GC concurrent-root-region-scan-start]
[GC concurrent-root-region-scan-end, 0.0003827 secs]
[GC concurrent-mark-start]
Application time: 0.0480726 seconds
[GC pause (G1 Evacuation Pause) (young) 226M->201M(256M), 0.0018824 secs]
Application time: 0.0689952 seconds
[GC pause (G1 Evacuation Pause) (young) 226M->201M(256M), 0.0020269 secs]
Application time: 0.0624083 seconds
[GC pause (G1 Evacuation Pause) (young) 226M->201M(256M), 0.0020852 secs]
Application time: 0.0626182 seconds
[GC pause (G1 Evacuation Pause) (young) 226M->201M(256M), 0.0021425 secs]
Application time: 0.0632064 seconds
[GC pause (G1 Evacuation Pause) (young) 226M->201M(256M), 0.0026491 secs]
[GC concurrent-mark-end, 0.3577923 secs]
Application time: 0.0397427 seconds
[GC remark, 0.0063077 secs]
Application time: 0.0000560 seconds
[GC cleanup 220M->220M(256M), 0.0018301 secs]
Application time: 0.0069468 seconds
[GC pause (G1 Evacuation Pause) (young) 226M->201M(256M), 0.0020346 secs]
Application time: 0.0394556 seconds
[GC pause (G1 Evacuation Pause) (young) 226M->201M(256M), 0.0021483 secs]
Application time: 0.0344236 seconds
[GC pause (G1 Evacuation Pause) (young) (initial-mark) 226M->201M(256M), 0.0023263 secs]
[GC concurrent-root-region-scan-start]
[GC concurrent-root-region-scan-end, 0.0003622 secs]
[GC concurrent-mark-start]
Application time: 0.0464072 seconds
[GC pause (G1 Evacuation Pause) (young) 226M->201M(256M), 0.0020653 secs]
Application time: 0.0477987 seconds
[GC pause (G1 Evacuation Pause) (young) 226M->201M(256M), 0.0019813 secs]
Application time: 0.0240138 seconds
Application time: 0.0254119 seconds
[GC pause (G1 Evacuation Pause) (young) 226M->201M(256M), 0.0020794 secs]
Application time: 0.0531459 seconds
[GC pause (G1 Evacuation Pause) (young) 226M->201M(256M), 0.0026843 secs]
Application time: 0.0697255 seconds
[GC pause (G1 Evacuation Pause) (young) 226M->201M(256M), 0.0026319 secs]
[GC concurrent-mark-end, 0.3109647 secs]
Application time: 0.0212157 seconds
[GC remark, 0.0072583 secs]
Application time: 0.0001018 seconds
[GC cleanup 214M->214M(256M), 0.0019691 secs]
Application time: 0.0006065 seconds
Application time: 0.0164672 seconds
[GC pause (G1 Evacuation Pause) (young) 226M->201M(256M), 0.0024828 secs]
Application time: 0.0256230 seconds
Application time: 0.0030291 seconds
[GC pause (G1 Evacuation Pause) (young) 225M->201M(256M), 0.0024968 secs]
Application time: 0.0300564 seconds
[GC pause (G1 Evacuation Pause) (young) (initial-mark) 225M->201M(256M), 0.0027219 secs]
[GC concurrent-root-region-scan-start]
[GC concurrent-root-region-scan-end, 0.0004442 secs]
[GC concurrent-mark-start]
Application time: 0.0588512 seconds
[GC pause (G1 Evacuation Pause) (young) 225M->201M(256M), 0.0026047 secs]
Application time: 0.0638953 seconds
[GC pause (G1 Evacuation Pause) (young) 225M->201M(256M), 0.0026659 secs]
Application time: 0.0001072 seconds
Application time: 0.0337634 seconds
Application time: 0.0296926 seconds
[GC pause (G1 Evacuation Pause) (young) 225M->201M(256M), 0.0026912 secs]
Application time: 0.0142306 seconds
[GC concurrent-mark-end, 0.2332998 secs]
Application time: 0.0148914 seconds
[GC remark, 0.0100533 secs]
Application time: 0.0002408 seconds
[GC cleanup 210M->210M(256M), 0.0020973 secs]
Application time: 0.0079974 seconds
Application time: 0.0052259 seconds
Application time: 0.0142401 seconds
[GC pause (G1 Evacuation Pause) (young) 225M->201M(256M), 0.0025704 secs]
Application time: 0.0126493 seconds
[GC pause (G1 Evacuation Pause) (mixed) 212M->200M(256M), 0.0037740 secs]
Application time: 0.0281440 seconds
[GC pause (G1 Evacuation Pause) (young) 225M->201M(256M), 0.0040882 secs]
Application time: 0.0066294 seconds
Application time: 0.0220497 seconds
[GC pause (G1 Evacuation Pause) (young) (initial-mark) 226M->201M(256M), 0.0045698 secs]
[GC concurrent-root-region-scan-start]
[GC concurrent-root-region-scan-end, 0.0006498 secs]
[GC concurrent-mark-start]
Application time: 0.0695464 seconds
[GC pause (G1 Evacuation Pause) (young) 226M->201M(256M), 0.0058383 secs]
Application time: 0.0609381 seconds
[GC pause (G1 Evacuation Pause) (young) 226M->201M(256M), 0.0028462 secs]
Application time: 0.0409507 seconds
[GC pause (G1 Evacuation Pause) (young) 226M->201M(256M), 0.0025221 secs]
[GC concurrent-mark-end, 0.2212480 secs]
Application time: 0.0333537 seconds
[GC remark, 0.0062927 secs]
Application time: 0.0000950 seconds
[GC cleanup 214M->214M(256M), 0.0019612 secs]
Application time: 0.0164286 seconds
Application time: 0.0019854 seconds
[GC pause (G1 Evacuation Pause) (young) 226M->201M(256M), 0.0024968 secs]
Application time: 0.0279092 seconds
[GC pause (G1 Evacuation Pause) (young) 226M->201M(256M), 0.0026037 secs]
Application time: 0.0296207 seconds
[GC pause (G1 Evacuation Pause) (young) (initial-mark) 226M->201M(256M), 0.0028875 secs]
[GC concurrent-root-region-scan-start]
[GC concurrent-root-region-scan-end, 0.0005751 secs]
[GC concurrent-mark-start]
Application time: 0.0452686 seconds
[GC pause (G1 Evacuation Pause) (young) 226M->201M(256M), 0.0027556 secs]
Application time: 0.0476343 seconds
[GC pause (G1 Evacuation Pause) (young) 226M->201M(256M), 0.0028769 secs]
Application time: 0.0456013 seconds
[GC pause (G1 Evacuation Pause) (young) 225M->201M(256M), 0.0028114 secs]
Application time: 0.0666023 seconds
[GC pause (G1 Evacuation Pause) (young) 225M->201M(256M), 0.0027627 secs]
Application time: 0.0518072 seconds
[GC pause (G1 Evacuation Pause) (young) 225M->201M(256M), 0.0025909 secs]
[GC concurrent-mark-end, 0.3047853 secs]
Application time: 0.0197022 seconds
[GC remark, 0.0062591 secs]
Application time: 0.0000525 seconds
[GC cleanup 209M->209M(256M), 0.0019295 secs]
Application time: 0.0427988 seconds
[GC pause (G1 Evacuation Pause) (young) 225M->201M(256M), 0.0026957 secs]
Application time: 0.0230062 seconds
[GC pause (G1 Evacuation Pause) (mixed) 212M->200M(256M), 0.0037101 secs]
Application time: 0.0516466 seconds
[GC pause (G1 Evacuation Pause) (young) 225M->201M(256M), 0.0039622 secs]
Application time: 0.0520772 seconds
[GC pause (G1 Evacuation Pause) (young) (initial-mark) 226M->201M(256M), 0.0028093 secs]
[GC concurrent-root-region-scan-start]
[GC concurrent-root-region-scan-end, 0.0004784 secs]
[GC concurrent-mark-start]
Application time: 0.0580946 seconds
[GC pause (G1 Evacuation Pause) (young) 225M->201M(256M), 0.0025861 secs]
Application time: 0.0478043 seconds
[GC pause (G1 Evacuation Pause) (young) 225M->201M(256M), 0.0028932 secs]
Application time: 0.0597053 seconds
[GC pause (G1 Evacuation Pause) (young) 225M->201M(256M), 0.0027236 secs]
Application time: 0.0349921 seconds
Application time: 0.0261754 seconds
[GC pause (G1 Evacuation Pause) (young) 225M->201M(256M), 0.0027718 secs]
[GC concurrent-mark-end, 0.2784826 secs]
Application time: 0.0313707 seconds
[GC remark, 0.0066202 secs]
Application time: 0.0001023 seconds
[GC cleanup 210M->210M(256M), 0.0068289 secs]
Application time: 0.0043798 seconds
Application time: 0.0164094 seconds
[GC pause (G1 Evacuation Pause) (young) 225M->201M(256M), 0.0027442 secs]
Application time: 0.0198869 seconds
[GC pause (G1 Evacuation Pause) (mixed) 212M->201M(256M), 0.0039732 secs]
Application time: 0.0253169 seconds
Application time: 0.0116270 seconds
[GC pause (G1 Evacuation Pause) (young) 226M->201M(256M), 0.0046443 secs]
Application time: 0.0092701 seconds
Application time: 0.0293675 seconds
[GC pause (G1 Evacuation Pause) (young) (initial-mark) 225M->201M(256M), 0.0028429 secs]
[GC concurrent-root-region-scan-start]
[GC concurrent-root-region-scan-end, 0.0005191 secs]
[GC concurrent-mark-start]
Application time: 0.0264997 seconds
Application time: 0.0156823 seconds
[GC pause (G1 Evacuation Pause) (young) 225M->201M(256M), 0.0026293 secs]
Application time: 0.0409513 seconds
[GC pause (G1 Evacuation Pause) (young) 225M->201M(256M), 0.0024657 secs]
Application time: 0.0099869 seconds
Application time: 0.0397383 seconds
[GC pause (G1 Evacuation Pause) (young) 225M->201M(256M), 0.0026093 secs]
Application time: 0.0542288 seconds
[GC pause (G1 Evacuation Pause) (young) 225M->201M(256M), 0.0022987 secs]
[GC concurrent-mark-end, 0.2414485 secs]
Application time: 0.0423794 seconds
[GC remark, 0.0064711 secs]
Application time: 0.0035613 seconds
[GC cleanup 222M->222M(256M), 0.0021029 secs]
Application time: 0.0049979 seconds
[GC pause (G1 Evacuation Pause) (young) 225M->201M(256M), 0.0022553 secs]
Application time: 0.0126381 seconds
[GC pause (G1 Evacuation Pause) (mixed) 212M->201M(256M), 0.0027112 secs]
Application time: 0.0308773 seconds
[GC pause (G1 Evacuation Pause) (young) 226M->201M(256M), 0.0028272 secs]
Application time: 0.0274180 seconds
[GC pause (G1 Evacuation Pause) (young) (initial-mark) 225M->201M(256M), 0.0023630 secs]
[GC concurrent-root-region-scan-start]
[GC concurrent-root-region-scan-end, 0.0004371 secs]
[GC concurrent-mark-start]
Application time: 0.0595453 seconds
[GC pause (G1 Evacuation Pause) (young) 225M->201M(256M), 0.0024074 secs]
Application time: 0.0645956 seconds
[GC pause (G1 Evacuation Pause) (young) 225M->201M(256M), 0.0024570 secs]
Application time: 0.0624383 seconds
[GC pause (G1 Evacuation Pause) (young) 225M->201M(256M), 0.0023551 secs]
[GC concurrent-mark-end, 0.2060195 secs]
Application time: 0.0105759 seconds
[GC remark, 0.0144809 secs]
Application time: 0.0000388 seconds
[GC cleanup 206M->206M(256M), 0.0019662 secs]
Application time: 0.0464569 seconds
[GC pause (G1 Evacuation Pause) (young) 225M->201M(256M), 0.0023474 secs]
Application time: 0.0245090 seconds
[GC pause (G1 Evacuation Pause) (mixed) 212M->201M(256M), 0.0021562 secs]
Application time: 0.0337940 seconds
[GC pause (G1 Evacuation Pause) (young) 226M->201M(256M), 0.0024292 secs]
Application time: 0.0300645 seconds
[GC pause (G1 Evacuation Pause) (young) (initial-mark) 226M->201M(256M), 0.0026331 secs]
[GC concurrent-root-region-scan-start]
[GC concurrent-root-region-scan-end, 0.0004060 secs]
[GC concurrent-mark-start]
Application time: 0.0485953 seconds
[GC pause (G1 Evacuation Pause) (young) 226M->201M(256M), 0.0024635 secs]
Application time: 0.0561324 seconds
[GC pause (G1 Evacuation Pause) (young) 226M->201M(256M), 0.0025180 secs]
Application time: 0.0431303 seconds
[GC pause (G1 Evacuation Pause) (young) 226M->201M(256M), 0.0026054 secs]
Application time: 0.0438124 seconds
[GC pause (G1 Evacuation Pause) (young) 226M->201M(256M), 0.0024631 secs]
Application time: 0.0430448 seconds
[GC pause (G1 Evacuation Pause) (young) 226M->201M(256M), 0.0026301 secs]
Application time: 0.0604977 seconds
[GC pause (G1 Evacuation Pause) (young) 226M->201M(256M), 0.0026165 secs]
[GC concurrent-mark-end, 0.3224376 secs]
Application time: 0.0044545 seconds
[GC remark, 0.0062162 secs]
Application time: 0.0000903 seconds
[GC cleanup 203M->203M(256M), 0.0019557 secs]
Application time: 0.0004533 seconds
Application time: 0.0280305 seconds
[GC pause (G1 Evacuation Pause) (young) 225M->201M(256M), 0.0027828 secs]
Application time: 0.0271322 seconds
[GC pause (G1 Evacuation Pause) (young) 225M->201M(256M), 0.0025426 secs]
Application time: 0.0304018 seconds
[GC pause (G1 Evacuation Pause) (young) (initial-mark) 225M->201M(256M), 0.0029079 secs]
[GC concurrent-root-region-scan-start]
[GC concurrent-root-region-scan-end, 0.0004797 secs]
[GC concurrent-mark-start]
Application time: 0.0582910 seconds
[GC pause (G1 Evacuation Pause) (young) 225M->201M(256M), 0.0026321 secs]
Application time: 0.0630639 seconds
[GC pause (G1 Evacuation Pause) (young) 225M->201M(256M), 0.0026183 secs]
Application time: 0.0627766 seconds
[GC pause (G1 Evacuation Pause) (young) 225M->201M(256M), 0.0026763 secs]
[GC concurrent-mark-end, 0.1979798 secs]
Application time: 0.0048415 seconds
[GC remark, 0.0064032 secs]
Application time: 0.0000807 seconds
[GC cleanup 203M->203M(256M), 0.0019754 secs]
Application time: 0.0272775 seconds
[GC pause (G1 Evacuation Pause) (young) 225M->201M(256M), 0.0026571 secs]
Application time: 0.0169760 seconds
[GC pause (G1 Evacuation Pause) (mixed) 212M->201M(256M), 0.0027191 secs]
Application time: 0.0371526 seconds
[GC pause (G1 Evacuation Pause) (young) 226M->201M(256M), 0.0031161 secs]
Application time: 0.0326351 seconds
[GC pause (G1 Evacuation Pause) (young) (initial-mark) 226M->201M(256M), 0.0027090 secs]
[GC concurrent-root-region-scan-start]
[GC concurrent-root-region-scan-end, 0.0005142 secs]
[GC concurrent-mark-start]
Application time: 0.0725533 seconds
[GC pause (G1 Evacuation Pause) (young) 226M->201M(256M), 0.0026028 secs]
Application time: 0.0881578 seconds
[GC pause (G1 Evacuation Pause) (young) 226M->201M(256M), 0.0025895 secs]
[GC concurrent-mark-end, 0.2305613 secs]
Application time: 0.0466787 seconds
[GC remark, 0.0090779 secs]
Application time: 0.0065797 seconds
[GC cleanup 218M->218M(256M), 0.0019098 secs]
Application time: 0.0106722 seconds
[GC pause (G1 Evacuation Pause) (young) 226M->201M(256M), 0.0025806 secs]
Application time: 0.0510466 seconds
[GC pause (G1 Evacuation Pause) (young) 226M->201M(256M), 0.0025489 secs]
Application time: 0.0339863 seconds
[GC pause (G1 Evacuation Pause) (young) (initial-mark) 226M->201M(256M), 0.0030898 secs]
[GC concurrent-root-region-scan-start]
[GC concurrent-root-region-scan-end, 0.0005190 secs]
[GC concurrent-mark-start]
Application time: 0.0476985 seconds
[GC pause (G1 Evacuation Pause) (young) 226M->201M(256M), 0.0030802 secs]
Application time: 0.0612024 seconds
[GC pause (G1 Evacuation Pause) (young) 226M->201M(256M), 0.0026660 secs]
Application time: 0.0592870 seconds
[GC pause (G1 Evacuation Pause) (young) 226M->201M(256M), 0.0027185 secs]
Application time: 0.0595523 seconds
[GC pause (G1 Evacuation Pause) (young) 226M->201M(256M), 0.0026474 secs]
Application time: 0.0600094 seconds
[GC pause (G1 Evacuation Pause) (young) 226M->201M(256M), 0.0027706 secs]
[GC concurrent-mark-end, 0.3586897 secs]
Application time: 0.0391302 seconds
[GC remark, 0.0066370 secs]
Application time: 0.0000685 seconds
[GC cleanup 216M->216M(256M), 0.0020168 secs]
Application time: 0.0183835 seconds
[GC pause (G1 Evacuation Pause) (young) 226M->201M(256M), 0.0029210 secs]
Application time: 0.0272335 seconds
[GC pause (G1 Evacuation Pause) (young) 225M->201M(256M), 0.0027268 secs]
Application time: 0.0270977 seconds
[GC pause (G1 Evacuation Pause) (young) (initial-mark) 225M->201M(256M), 0.0029635 secs]
[GC concurrent-root-region-scan-start]
[GC concurrent-root-region-scan-end, 0.0004620 secs]
[GC concurrent-mark-start]
Application time: 0.0663684 seconds
[GC pause (G1 Evacuation Pause) (young) 225M->201M(256M), 0.0029498 secs]
Application time: 0.0713358 seconds
[GC pause (G1 Evacuation Pause) (young) 225M->201M(256M), 0.0026467 secs]
[GC concurrent-mark-end, 0.1910639 secs]
Application time: 0.0478901 seconds
[GC remark, 0.0075187 secs]
Application time: 0.0001269 seconds
[GC cleanup 217M->217M(256M), 0.0020850 secs]
Application time: 0.0041767 seconds
Application time: 0.0093032 seconds
[GC pause (G1 Evacuation Pause) (young) 225M->201M(256M), 0.0025733 secs]
Application time: 0.0144054 seconds
[GC pause (G1 Evacuation Pause) (mixed) 212M->200M(256M), 0.0036583 secs]
Application time: 0.0275214 seconds
[GC pause (G1 Evacuation Pause) (young) 225M->201M(256M), 0.0045050 secs]
Application time: 0.0303228 seconds
[GC pause (G1 Evacuation Pause) (young) (initial-mark) 226M->201M(256M), 0.0030736 secs]
[GC concurrent-root-region-scan-start]
[GC concurrent-root-region-scan-end, 0.0004707 secs]
[GC concurrent-mark-start]
Application time: 0.0655440 seconds
[GC pause (G1 Evacuation Pause) (young) 226M->201M(256M), 0.0028066 secs]
Application time: 0.0405652 seconds
[GC pause (G1 Evacuation Pause) (young) 226M->201M(256M), 0.0026799 secs]
Application time: 0.0434516 seconds
[GC pause (G1 Evacuation Pause) (young) 225M->201M(256M), 0.0032665 secs]
Application time: 0.0653900 seconds
[GC pause (G1 Evacuation Pause) (young) 225M->201M(256M), 0.0037501 secs]
[GC concurrent-mark-end, 0.2593270 secs]
Application time: 0.0224041 seconds
[GC remark, 0.0090457 secs]
Application time: 0.0010779 seconds
[GC cleanup 211M->211M(256M), 0.0021653 secs]
Application time: 0.0169396 seconds
[GC pause (G1 Evacuation Pause) (young) 225M->201M(256M), 0.0030211 secs]
Application time: 0.0164394 seconds
[GC pause (G1 Evacuation Pause) (mixed) 212M->200M(256M), 0.0037202 secs]
Application time: 0.0306670 seconds
[GC pause (G1 Evacuation Pause) (young) 225M->201M(256M), 0.0041183 secs]
Application time: 0.0311462 seconds
[GC pause (G1 Evacuation Pause) (young) (initial-mark) 225M->201M(256M), 0.0029622 secs]
[GC concurrent-root-region-scan-start]
[GC concurrent-root-region-scan-end, 0.0005028 secs]
[GC concurrent-mark-start]
Application time: 0.0450880 seconds
[GC pause (G1 Evacuation Pause) (young) 225M->201M(256M), 0.0027878 secs]
Application time: 0.0493096 seconds
[GC pause (G1 Evacuation Pause) (young) 225M->201M(256M), 0.0028423 secs]
Application time: 0.0377360 seconds
[GC pause (G1 Evacuation Pause) (young) 225M->201M(256M), 0.0027840 secs]
Application time: 0.0412116 seconds
[GC pause (G1 Evacuation Pause) (young) 225M->201M(256M), 0.0027606 secs]
Application time: 0.0433249 seconds
[GC pause (G1 Evacuation Pause) (young) 225M->201M(256M), 0.0028442 secs]
Application time: 0.0577821 seconds
[GC pause (G1 Evacuation Pause) (young) 225M->201M(256M), 0.0030888 secs]
[GC concurrent-mark-end, 0.3418065 secs]
Application time: 0.0439413 seconds
[GC remark, 0.0067644 secs]
Application time: 0.0001486 seconds
[GC cleanup 220M->220M(256M), 0.0020540 secs]
Application time: 0.0066345 seconds
[GC pause (G1 Evacuation Pause) (young) 225M->201M(256M), 0.0024993 secs]
Application time: 0.0242596 seconds
[GC pause (G1 Evacuation Pause) (mixed) 212M->201M(256M), 0.0026894 secs]
Application time: 0.0273374 seconds
[GC pause (G1 Evacuation Pause) (young) 225M->201M(256M), 0.0033936 secs]
Application time: 0.0293539 seconds
[GC pause (G1 Evacuation Pause) (young) (initial-mark) 225M->201M(256M), 0.0028823 secs]
[GC concurrent-root-region-scan-start]
[GC concurrent-root-region-scan-end, 0.0005432 secs]
[GC concurrent-mark-start]
Application time: 0.0524335 seconds
[GC pause (G1 Evacuation Pause) (young) 225M->201M(256M), 0.0024745 secs]
Application time: 0.0560370 seconds
[GC pause (G1 Evacuation Pause) (young) 225M->201M(256M), 0.0023635 secs]
Application time: 0.0562101 seconds
[GC pause (G1 Evacuation Pause) (young) 225M->201M(256M), 0.0025641 secs]
Application time: 0.0453942 seconds
[GC pause (G1 Evacuation Pause) (young) 225M->201M(256M), 0.0026138 secs]
Application time: 0.0385191 seconds
[GC pause (G1 Evacuation Pause) (young) 225M->201M(256M), 0.0025310 secs]
[GC concurrent-mark-end, 0.2991230 secs]
Application time: 0.0234179 seconds
[GC remark, 0.0068536 secs]
Application time: 0.0001467 seconds
[GC cleanup 213M->213M(256M), 0.0021130 secs]
Application time: 0.0006532 seconds
Application time: 0.0150098 seconds
[GC pause (G1 Evacuation Pause) (young) 225M->201M(256M), 0.0026275 secs]
Application time: 0.0201319 seconds
[GC pause (G1 Evacuation Pause) (mixed) 212M->201M(256M), 0.0026288 secs]
Application time: 0.0355918 seconds
[GC pause (G1 Evacuation Pause) (young) 226M->201M(256M), 0.0029154 secs]
Application time: 0.0313717 seconds
[GC pause (G1 Evacuation Pause) (young) (initial-mark) 226M->201M(256M), 0.0029121 secs]
[GC concurrent-root-region-scan-start]
[GC concurrent-root-region-scan-end, 0.0004582 secs]
[GC concurrent-mark-start]
Application time: 0.0509179 seconds
[GC pause (G1 Evacuation Pause) (young) 226M->201M(256M), 0.0028022 secs]
Application time: 0.0472388 seconds
[GC pause (G1 Evacuation Pause) (young) 226M->201M(256M), 0.0025714 secs]
Application time: 0.0393593 seconds
[GC pause (G1 Evacuation Pause) (young) 225M->201M(256M), 0.0024111 secs]
Application time: 0.0402980 seconds
[GC pause (G1 Evacuation Pause) (young) 225M->201M(256M), 0.0027317 secs]
Application time: 0.0415319 seconds
[GC pause (G1 Evacuation Pause) (young) 225M->201M(256M), 0.0028562 secs]
Application time: 0.0561668 seconds
[GC pause (G1 Evacuation Pause) (young) 225M->201M(256M), 0.0029619 secs]
[GC concurrent-mark-end, 0.3105135 secs]
Application time: 0.0163377 seconds
[GC remark, 0.0088046 secs]
Application time: 0.0000791 seconds
[GC cleanup 204M->204M(256M), 0.0020132 secs]
Application time: 0.0307938 seconds
[GC pause (G1 Evacuation Pause) (young) 225M->201M(256M), 0.0028149 secs]
Application time: 0.0268528 seconds
[GC pause (G1 Evacuation Pause) (young) 225M->201M(256M), 0.0027661 secs]
Application time: 0.0319365 seconds
[GC pause (G1 Evacuation Pause) (young) (initial-mark) 225M->201M(256M), 0.0028780 secs]
[GC concurrent-root-region-scan-start]
[GC concurrent-root-region-scan-end, 0.0005150 secs]
[GC concurrent-mark-start]
Application time: 0.0599003 seconds
[GC pause (G1 Evacuation Pause) (young) 225M->201M(256M), 0.0028619 secs]
Application time: 0.0566976 seconds
[GC pause (G1 Evacuation Pause) (young) 225M->201M(256M), 0.0027742 secs]
Application time: 0.0543337 seconds
[GC pause (G1 Evacuation Pause) (young) 225M->201M(256M), 0.0026523 secs]
[GC concurrent-mark-end, 0.2002443 secs]
Application time: 0.0200131 seconds
[GC remark, 0.0065397 secs]
Application time: 0.0000707 seconds
[GC cleanup 206M->206M(256M), 0.0019133 secs]
Application time: 0.0248584 seconds
[GC pause (G1 Evacuation Pause) (young) 225M->201M(256M), 0.0027449 secs]
Application time: 0.0125014 seconds
[GC pause (G1 Evacuation Pause) (mixed) 212M->201M(256M), 0.0038495 secs]
Application time: 0.0311951 seconds
[GC pause (G1 Evacuation Pause) (young) 226M->201M(256M), 0.0043846 secs]
Application time: 0.0274758 seconds
[GC pause (G1 Evacuation Pause) (young) (initial-mark) 225M->201M(256M), 0.0030579 secs]
[GC concurrent-root-region-scan-start]
[GC concurrent-root-region-scan-end, 0.0004448 secs]
[GC concurrent-mark-start]
Application time: 0.0660651 seconds
[GC pause (G1 Evacuation Pause) (young) 225M->201M(256M), 0.0029268 secs]
Application time: 0.0429758 seconds
[GC pause (G1 Evacuation Pause) (young) 225M->201M(256M), 0.0032102 secs]
Application time: 0.0457304 seconds
[GC pause (G1 Evacuation Pause) (young) 225M->201M(256M), 0.0028553 secs]
Application time: 0.0411886 seconds
[GC pause (G1 Evacuation Pause) (young) 225M->201M(256M), 0.0027793 secs]
Application time: 0.0404417 seconds
[GC pause (G1 Evacuation Pause) (young) 225M->201M(256M), 0.0029019 secs]
Application time: 0.0406150 seconds
[GC pause (G1 Evacuation Pause) (young) 225M->201M(256M), 0.0028285 secs]
[GC concurrent-mark-end, 0.3223778 secs]
Application time: 0.0195182 seconds
[GC remark, 0.0065606 secs]
Application time: 0.0000884 seconds
[GC cleanup 213M->213M(256M), 0.0031817 secs]
Application time: 0.0148293 seconds
[GC pause (G1 Evacuation Pause) (young) 225M->201M(256M), 0.0024762 secs]
Application time: 0.0126111 seconds
[GC pause (G1 Evacuation Pause) (mixed) 212M->201M(256M), 0.0036309 secs]
Application time: 0.0365152 seconds
[GC pause (G1 Evacuation Pause) (young) 226M->201M(256M), 0.0045425 secs]
Application time: 0.0357355 seconds
[GC pause (G1 Evacuation Pause) (young) (initial-mark) 225M->201M(256M), 0.0029502 secs]
[GC concurrent-root-region-scan-start]
[GC concurrent-root-region-scan-end, 0.0004428 secs]
[GC concurrent-mark-start]
Application time: 0.0452023 seconds
[GC pause (G1 Evacuation Pause) (young) 225M->201M(256M), 0.0028404 secs]
Application time: 0.0406574 seconds
[GC pause (G1 Evacuation Pause) (young) 225M->201M(256M), 0.0030120 secs]
Application time: 0.0610829 seconds
[GC pause (G1 Evacuation Pause) (young) 225M->201M(256M), 0.0029930 secs]
Application time: 0.0586086 seconds
[GC pause (G1 Evacuation Pause) (young) 225M->201M(256M), 0.0029022 secs]
[GC concurrent-mark-end, 0.2442439 secs]
Application time: 0.0239835 seconds
[GC remark, 0.0066017 secs]
Application time: 0.0000907 seconds
[GC cleanup 212M->212M(256M), 0.0019551 secs]
Application time: 0.0172868 seconds
[GC pause (G1 Evacuation Pause) (young) 225M->201M(256M), 0.0028577 secs]
Application time: 0.0130542 seconds
[GC pause (G1 Evacuation Pause) (mixed) 212M->201M(256M), 0.0029377 secs]
Application time: 0.0281841 seconds
[GC pause (G1 Evacuation Pause) (young) 225M->201M(256M), 0.0035645 secs]
Application time: 0.0273130 seconds
[GC pause (G1 Evacuation Pause) (young) (initial-mark) 225M->201M(256M), 0.0029220 secs]
[GC concurrent-root-region-scan-start]
[GC concurrent-root-region-scan-end, 0.0004784 secs]
[GC concurrent-mark-start]
Application time: 0.0577375 seconds
[GC pause (G1 Evacuation Pause) (young) 225M->201M(256M), 0.0028594 secs]
Application time: 0.0414426 seconds
[GC pause (G1 Evacuation Pause) (young) 225M->201M(256M), 0.0028500 secs]
Application time: 0.0537014 seconds
[GC pause (G1 Evacuation Pause) (young) 225M->201M(256M), 0.0028095 secs]
Application time: 0.0538984 seconds
[GC pause (G1 Evacuation Pause) (young) 225M->201M(256M), 0.0028496 secs]
[GC concurrent-mark-end, 0.2619556 secs]
Application time: 0.0385336 seconds
[GC remark, 0.0065024 secs]
Application time: 0.0001091 seconds
[GC cleanup 219M->219M(256M), 0.0019805 secs]
Application time: 0.0075167 seconds
[GC pause (G1 Evacuation Pause) (young) 225M->201M(256M), 0.0025489 secs]
Application time: 0.0118863 seconds
[GC pause (G1 Evacuation Pause) (mixed) 212M->201M(256M), 0.0029413 secs]
Application time: 0.0273680 seconds
[GC pause (G1 Evacuation Pause) (young) 226M->201M(256M), 0.0032971 secs]
Application time: 0.0325497 seconds
[GC pause (G1 Evacuation Pause) (young) (initial-mark) 226M->201M(256M), 0.0029763 secs]
[GC concurrent-root-region-scan-start]
[GC concurrent-root-region-scan-end, 0.0004808 secs]
[GC concurrent-mark-start]
Application time: 0.0643669 seconds
[GC pause (G1 Evacuation Pause) (young) 226M->201M(256M), 0.0028663 secs]
Application time: 0.0650729 seconds
[GC pause (G1 Evacuation Pause) (young) 226M->201M(256M), 0.0029071 secs]
Application time: 0.0448526 seconds
[GC pause (G1 Evacuation Pause) (young) 226M->201M(256M), 0.0029043 secs]
Application time: 0.0426236 seconds
[GC pause (G1 Evacuation Pause) (young) 226M->201M(256M), 0.0028301 secs]
[GC concurrent-mark-end, 0.2545135 secs]
Application time: 0.0174272 seconds
[GC remark, 0.0066165 secs]
Application time: 0.0000717 seconds
[GC cleanup 209M->209M(256M), 0.0020010 secs]
Application time: 0.0203300 seconds
[GC pause (G1 Evacuation Pause) (young) 226M->201M(256M), 0.0028580 secs]
Application time: 0.0314803 seconds
[GC pause (G1 Evacuation Pause) (young) 226M->201M(256M), 0.0028691 secs]
Application time: 0.0334708 seconds
[GC pause (G1 Evacuation Pause) (young) (initial-mark) 225M->201M(256M), 0.0030237 secs]
[GC concurrent-root-region-scan-start]
[GC concurrent-root-region-scan-end, 0.0004621 secs]
[GC concurrent-mark-start]
Application time: 0.0412616 seconds
[GC pause (G1 Evacuation Pause) (young) 225M->201M(256M), 0.0029240 secs]
Application time: 0.0422373 seconds
[GC pause (G1 Evacuation Pause) (young) 225M->201M(256M), 0.0028257 secs]
Application time: 0.0382053 seconds
[GC pause (G1 Evacuation Pause) (young) 225M->201M(256M), 0.0027158 secs]
Application time: 0.0380480 seconds
[GC pause (G1 Evacuation Pause) (young) 225M->201M(256M), 0.0026865 secs]
Application time: 0.0565096 seconds
[GC pause (G1 Evacuation Pause) (young) 225M->201M(256M), 0.0025912 secs]
[GC concurrent-mark-end, 0.2808882 secs]
Application time: 0.0487494 seconds
[GC remark, 0.0061779 secs]
Application time: 0.0000838 seconds
[GC cleanup 222M->222M(256M), 0.0018925 secs]
Application time: 0.0059535 seconds
[GC pause (G1 Evacuation Pause) (young) 225M->201M(256M), 0.0025213 secs]
Application time: 0.0168086 seconds
[GC pause (G1 Evacuation Pause) (mixed) 212M->201M(256M), 0.0034265 secs]
Application time: 0.0270531 seconds
[GC pause (G1 Evacuation Pause) (young) 226M->201M(256M), 0.0043005 secs]
Application time: 0.0266123 seconds
[GC pause (G1 Evacuation Pause) (young) (initial-mark) 225M->201M(256M), 0.0030704 secs]
[GC concurrent-root-region-scan-start]
[GC concurrent-root-region-scan-end, 0.0004573 secs]
[GC concurrent-mark-start]
Application time: 0.0597635 seconds
[GC pause (G1 Evacuation Pause) (young) 225M->201M(256M), 0.0027504 secs]
Application time: 0.0584985 seconds
[GC pause (G1 Evacuation Pause) (young) 225M->201M(256M), 0.0027072 secs]
[GC concurrent-mark-end, 0.1857060 secs]
Application time: 0.0610376 seconds
[GC remark, 0.0063979 secs]
Application time: 0.0000427 seconds
[GC cleanup 224M->224M(256M), 0.0019187 secs]
Application time: 0.0052952 seconds
[GC pause (G1 Evacuation Pause) (young) 225M->201M(256M), 0.0024327 secs]
Application time: 0.0244676 seconds
[GC pause (G1 Evacuation Pause) (mixed) 212M->201M(256M), 0.0040097 secs]
Application time: 0.0536308 seconds
[GC pause (G1 Evacuation Pause) (young) 226M->201M(256M), 0.0105861 secs]
Application time: 0.0511549 seconds
[GC pause (G1 Evacuation Pause) (young) (initial-mark) 225M->201M(256M), 0.0043191 secs]
[GC concurrent-root-region-scan-start]
[GC concurrent-root-region-scan-end, 0.0003687 secs]
[GC concurrent-mark-start]
Application time: 0.0830225 seconds
[GC pause (G1 Evacuation Pause) (young) 225M->201M(256M), 0.0058306 secs]
Application time: 0.0778470 seconds
[GC pause (G1 Evacuation Pause) (young) 225M->201M(256M), 0.0029726 secs]
Application time: 0.0448076 seconds
[GC pause (G1 Evacuation Pause) (young) 225M->201M(256M), 0.0028148 secs]
Application time: 0.0431066 seconds
[GC pause (G1 Evacuation Pause) (young) 225M->201M(256M), 0.0028832 secs]
Application time: 0.0383123 seconds
[GC pause (G1 Evacuation Pause) (young) 225M->201M(256M), 0.0030282 secs]
[GC concurrent-mark-end, 0.3583087 secs]
Application time: 0.0466542 seconds
[GC remark, 0.0068541 secs]
Application time: 0.0000848 seconds
[GC cleanup 222M->222M(256M), 0.0020340 secs]
Application time: 0.0060142 seconds
[GC pause (G1 Evacuation Pause) (young) 225M->201M(256M), 0.0025390 secs]
Application time: 0.0120593 seconds
[GC pause (G1 Evacuation Pause) (mixed) 212M->201M(256M), 0.0039351 secs]
Application time: 0.0268590 seconds
[GC pause (G1 Evacuation Pause) (young) 226M->201M(256M), 0.0043053 secs]
Application time: 0.0259538 seconds
[GC pause (G1 Evacuation Pause) (young) (initial-mark) 225M->201M(256M), 0.0035511 secs]
[GC concurrent-root-region-scan-start]
[GC concurrent-root-region-scan-end, 0.0004420 secs]
[GC concurrent-mark-start]
Application time: 0.0591564 seconds
[GC pause (G1 Evacuation Pause) (young) 225M->201M(256M), 0.0027013 secs]
Application time: 0.0539732 seconds
[GC pause (G1 Evacuation Pause) (young) 225M->201M(256M), 0.0027935 secs]
Application time: 0.0379645 seconds
[GC pause (G1 Evacuation Pause) (young) 225M->201M(256M), 0.0028501 secs]
Application time: 0.0399153 seconds
[GC pause (G1 Evacuation Pause) (young) 225M->201M(256M), 0.0027233 secs]
Application time: 0.0338790 seconds
[GC pause (G1 Evacuation Pause) (young) 225M->201M(256M), 0.0026264 secs]
[GC concurrent-mark-end, 0.2646812 secs]
Application time: 0.0169300 seconds
[GC remark, 0.0073155 secs]
Application time: 0.0012191 seconds
[GC cleanup 209M->209M(256M), 0.0022158 secs]
Application time: 0.0237501 seconds
[GC pause (G1 Evacuation Pause) (young) 225M->201M(256M), 0.0028823 secs]
Application time: 0.0140907 seconds
[GC pause (G1 Evacuation Pause) (mixed) 212M->201M(256M), 0.0037079 secs]
Application time: 0.0491668 seconds
[GC pause (G1 Evacuation Pause) (young) 225M->201M(256M), 0.0040285 secs]
Application time: 0.0492727 seconds
[GC pause (G1 Evacuation Pause) (young) (initial-mark) 225M->201M(256M), 0.0034091 secs]
[GC concurrent-root-region-scan-start]
[GC concurrent-root-region-scan-end, 0.0004993 secs]
[GC concurrent-mark-start]
Application time: 0.0597684 seconds
[GC pause (G1 Evacuation Pause) (young) 225M->201M(256M), 0.0029789 secs]
Application time: 0.0571118 seconds
[GC pause (G1 Evacuation Pause) (young) 225M->201M(256M), 0.0030493 secs]
Application time: 0.0440906 seconds
[GC pause (G1 Evacuation Pause) (young) 225M->201M(256M), 0.0026624 secs]
Application time: 0.0395943 seconds
[GC pause (G1 Evacuation Pause) (young) 225M->201M(256M), 0.0025996 secs]
Application time: 0.0405905 seconds
[GC pause (G1 Evacuation Pause) (young) 225M->201M(256M), 0.0026995 secs]
Application time: 0.0411643 seconds
[GC pause (G1 Evacuation Pause) (young) 225M->202M(256M), 0.0028016 secs]
[GC concurrent-mark-end, 0.3401368 secs]
Application time: 0.0278298 seconds
[GC remark, 0.0067586 secs]
Application time: 0.0001107 seconds
[GC cleanup 213M->213M(256M), 0.0020979 secs]
Application time: 0.0149337 seconds
[GC pause (G1 Evacuation Pause) (young) 226M->201M(256M), 0.0026300 secs]
Application time: 0.0125213 seconds
[GC pause (G1 Evacuation Pause) (mixed) 212M->201M(256M), 0.0037440 secs]
Application time: 0.0268874 seconds
[GC pause (G1 Evacuation Pause) (young) 225M->201M(256M), 0.0042845 secs]
Application time: 0.0302380 seconds
[GC pause (G1 Evacuation Pause) (young) (initial-mark) 225M->201M(256M), 0.0029372 secs]
[GC concurrent-root-region-scan-start]
[GC concurrent-root-region-scan-end, 0.0005458 secs]
[GC concurrent-mark-start]
Application time: 0.0605367 seconds
[GC pause (G1 Evacuation Pause) (young) 225M->201M(256M), 0.0028559 secs]
Application time: 0.0601983 seconds
[GC pause (G1 Evacuation Pause) (young) 225M->202M(256M), 0.0027344 secs]
Application time: 0.0586995 seconds
[GC pause (G1 Evacuation Pause) (young) 226M->201M(256M), 0.0027283 secs]
[GC concurrent-mark-end, 0.1923541 secs]
Application time: 0.0036323 seconds
[GC remark, 0.0061582 secs]
Application time: 0.0000759 seconds
[GC cleanup 203M->203M(256M), 0.0018948 secs]
Application time: 0.0274300 seconds
[GC pause (G1 Evacuation Pause) (young) 225M->201M(256M), 0.0029033 secs]
Application time: 0.0128027 seconds
[GC pause (G1 Evacuation Pause) (mixed) 212M->201M(256M), 0.0037868 secs]
Application time: 0.0293436 seconds
[GC pause (G1 Evacuation Pause) (young) 225M->201M(256M), 0.0042031 secs]
Application time: 0.0298413 seconds
[GC pause (G1 Evacuation Pause) (young) (initial-mark) 225M->201M(256M), 0.0028681 secs]
[GC concurrent-root-region-scan-start]
[GC concurrent-root-region-scan-end, 0.0005049 secs]
[GC concurrent-mark-start]
Application time: 0.0433568 seconds
[GC pause (G1 Evacuation Pause) (young) 225M->201M(256M), 0.0027912 secs]
Application time: 0.0611490 seconds
[GC pause (G1 Evacuation Pause) (young) 225M->201M(256M), 0.0029869 secs]
Application time: 0.0598361 seconds
[GC pause (G1 Evacuation Pause) (young) 225M->201M(256M), 0.0029943 secs]
[GC concurrent-mark-end, 0.2205158 secs]
Application time: 0.0404279 seconds
[GC remark, 0.0072348 secs]
Application time: 0.0000959 seconds
[GC cleanup 218M->218M(256M), 0.0021114 secs]
Application time: 0.0119085 seconds
[GC pause (G1 Evacuation Pause) (young) 225M->201M(256M), 0.0029860 secs]
Application time: 0.0131010 seconds
[GC pause (G1 Evacuation Pause) (mixed) 212M->201M(256M), 0.0029879 secs]
Application time: 0.0275859 seconds
[GC pause (G1 Evacuation Pause) (young) 225M->201M(256M), 0.0035839 secs]
Application time: 0.0291902 seconds
[GC pause (G1 Evacuation Pause) (young) (initial-mark) 225M->201M(256M), 0.0033635 secs]
[GC concurrent-root-region-scan-start]
[GC concurrent-root-region-scan-end, 0.0006077 secs]
[GC concurrent-mark-start]
Application time: 0.0437436 seconds
[GC pause (G1 Evacuation Pause) (young) 225M->201M(256M), 0.0027538 secs]
Application time: 0.0454687 seconds
[GC pause (G1 Evacuation Pause) (young) 225M->201M(256M), 0.0029507 secs]
Application time: 0.0413304 seconds
[GC pause (G1 Evacuation Pause) (young) 225M->201M(256M), 0.0027900 secs]
Application time: 0.0459062 seconds
[GC pause (G1 Evacuation Pause) (young) 225M->201M(256M), 0.0028780 secs]
Application time: 0.0595590 seconds
[GC pause (G1 Evacuation Pause) (young) 225M->201M(256M), 0.0028868 secs]
[GC concurrent-mark-end, 0.3046086 secs]
Application time: 0.0392919 seconds
[GC remark, 0.0067138 secs]
Application time: 0.0000939 seconds
[GC cleanup 218M->218M(256M), 0.0019915 secs]
Application time: 0.0155826 seconds
[GC pause (G1 Evacuation Pause) (young) 225M->201M(256M), 0.0025263 secs]
Application time: 0.0129524 seconds
[GC pause (G1 Evacuation Pause) (mixed) 212M->201M(256M), 0.0031408 secs]
Application time: 0.0290843 seconds
[GC pause (G1 Evacuation Pause) (young) 226M->201M(256M), 0.0035557 secs]
Application time: 0.0282382 seconds
[GC pause (G1 Evacuation Pause) (young) (initial-mark) 225M->201M(256M), 0.0029668 secs]
[GC concurrent-root-region-scan-start]
[GC concurrent-root-region-scan-end, 0.0004919 secs]
[GC concurrent-mark-start]
Application time: 0.0470802 seconds
[GC pause (G1 Evacuation Pause) (young) 225M->201M(256M), 0.0028632 secs]
Application time: 0.0439735 seconds
[GC pause (G1 Evacuation Pause) (young) 225M->201M(256M), 0.0029174 secs]
Application time: 0.0600640 seconds
[GC pause (G1 Evacuation Pause) (young) 225M->201M(256M), 0.0028117 secs]
Application time: 0.0588337 seconds
[GC pause (G1 Evacuation Pause) (young) 225M->201M(256M), 0.0028866 secs]
[GC concurrent-mark-end, 0.2445400 secs]
Application time: 0.0192547 seconds
[GC remark, 0.0063939 secs]
Application time: 0.0000462 seconds
[GC cleanup 209M->209M(256M), 0.0019791 secs]
Application time: 0.0242900 seconds
[GC pause (G1 Evacuation Pause) (young) 225M->201M(256M), 0.0029237 secs]
Application time: 0.0127351 seconds
[GC pause (G1 Evacuation Pause) (mixed) 212M->201M(256M), 0.0037234 secs]
Application time: 0.0290066 seconds
[GC pause (G1 Evacuation Pause) (young) 226M->201M(256M), 0.0044078 secs]
Application time: 0.0335408 seconds
[GC pause (G1 Evacuation Pause) (young) (initial-mark) 225M->201M(256M), 0.0031688 secs]
[GC concurrent-root-region-scan-start]
[GC concurrent-root-region-scan-end, 0.0005370 secs]
[GC concurrent-mark-start]
Application time: 0.0622778 seconds
[GC pause (G1 Evacuation Pause) (young) 225M->201M(256M), 0.0029688 secs]
Application time: 0.0624136 seconds
[GC pause (G1 Evacuation Pause) (young) 225M->201M(256M), 0.0028557 secs]
Application time: 0.0601098 seconds
[GC pause (G1 Evacuation Pause) (young) 225M->201M(256M), 0.0028080 secs]
[GC concurrent-mark-end, 0.1951919 secs]
Application time: 0.0094849 seconds
[GC remark, 0.0066394 secs]
Application time: 0.0000964 seconds
[GC cleanup 205M->205M(256M), 0.0021853 secs]
Application time: 0.0246882 seconds
[GC pause (G1 Evacuation Pause) (young) 225M->201M(256M), 0.0030942 secs]
Application time: 0.0157390 seconds
[GC pause (G1 Evacuation Pause) (mixed) 212M->201M(256M), 0.0041289 secs]
Application time: 0.0277180 seconds
[GC pause (G1 Evacuation Pause) (young) 225M->201M(256M), 0.0045376 secs]
Application time: 0.0276701 seconds
[GC pause (G1 Evacuation Pause) (young) (initial-mark) 225M->201M(256M), 0.0029943 secs]
[GC concurrent-root-region-scan-start]
[GC concurrent-root-region-scan-end, 0.0005197 secs]
[GC concurrent-mark-start]
Application time: 0.0449552 seconds
[GC pause (G1 Evacuation Pause) (young) 225M->201M(256M), 0.0028172 secs]
Application time: 0.0430017 seconds
[GC pause (G1 Evacuation Pause) (young) 225M->201M(256M), 0.0029938 secs]
Application time: 0.0536306 seconds
[GC pause (G1 Evacuation Pause) (young) 225M->201M(256M), 0.0027881 secs]
Application time: 0.0585630 seconds
[GC pause (G1 Evacuation Pause) (young) 225M->201M(256M), 0.0026964 secs]
[GC concurrent-mark-end, 0.2441927 secs]
Application time: 0.0313931 seconds
[GC remark, 0.0063571 secs]
Application time: 0.0000488 seconds
[GC cleanup 215M->215M(256M), 0.0019590 secs]
Application time: 0.0167621 seconds
[GC pause (G1 Evacuation Pause) (young) 225M->201M(256M), 0.0025490 secs]
Application time: 0.0128252 seconds
[GC pause (G1 Evacuation Pause) (mixed) 212M->201M(256M), 0.0034571 secs]
Application time: 0.0289962 seconds
[GC pause (G1 Evacuation Pause) (young) 225M->201M(256M), 0.0041475 secs]
Application time: 0.0277429 seconds
[GC pause (G1 Evacuation Pause) (young) (initial-mark) 225M->201M(256M), 0.0029701 secs]
[GC concurrent-root-region-scan-start]
[GC concurrent-root-region-scan-end, 0.0005009 secs]
[GC concurrent-mark-start]
Application time: 0.0473510 seconds
[GC pause (G1 Evacuation Pause) (young) 225M->201M(256M), 0.0027629 secs]
Application time: 0.0392480 seconds
[GC pause (G1 Evacuation Pause) (young) 225M->201M(256M), 0.0028233 secs]
Application time: 0.0588515 seconds
[GC pause (G1 Evacuation Pause) (young) 225M->201M(256M), 0.0028924 secs]
Application time: 0.0589481 seconds
[GC pause (G1 Evacuation Pause) (young) 225M->201M(256M), 0.0029609 secs]
[GC concurrent-mark-end, 0.2379622 secs]
Application time: 0.0196285 seconds
[GC remark, 0.0066460 secs]
Application time: 0.0000896 seconds
[GC cleanup 209M->209M(256M), 0.0020063 secs]
Application time: 0.0290834 seconds
[GC pause (G1 Evacuation Pause) (young) 225M->201M(256M), 0.0028383 secs]
Application time: 0.0126771 seconds
[GC pause (G1 Evacuation Pause) (mixed) 212M->201M(256M), 0.0035754 secs]
Application time: 0.0283891 seconds
[GC pause (G1 Evacuation Pause) (young) 226M->201M(256M), 0.0046441 secs]
Application time: 0.0276393 seconds
[GC pause (G1 Evacuation Pause) (young) (initial-mark) 225M->201M(256M), 0.0030713 secs]
[GC concurrent-root-region-scan-start]
[GC concurrent-root-region-scan-end, 0.0005344 secs]
[GC concurrent-mark-start]
Application time: 0.0517448 seconds
[GC pause (G1 Evacuation Pause) (young) 225M->201M(256M), 0.0029442 secs]
Application time: 0.0640414 seconds
[GC pause (G1 Evacuation Pause) (young) 225M->201M(256M), 0.0030538 secs]
Application time: 0.0436351 seconds
[GC pause (G1 Evacuation Pause) (young) 225M->201M(256M), 0.0028743 secs]
Application time: 0.0447152 seconds
[GC pause (G1 Evacuation Pause) (young) 225M->201M(256M), 0.0027003 secs]
Application time: 0.0398192 seconds
[GC pause (G1 Evacuation Pause) (young) 225M->201M(256M), 0.0028397 secs]
[GC concurrent-mark-end, 0.3134525 secs]
Application time: 0.0381394 seconds
[GC remark, 0.0063443 secs]
Application time: 0.0000556 seconds
[GC cleanup 220M->220M(256M), 0.0019824 secs]
Application time: 0.0108800 seconds
[GC pause (G1 Evacuation Pause) (young) 225M->201M(256M), 0.0027906 secs]
Application time: 0.0136117 seconds
[GC pause (G1 Evacuation Pause) (mixed) 212M->201M(256M), 0.0039830 secs]
Application time: 0.0303589 seconds
[GC pause (G1 Evacuation Pause) (young) 226M->201M(256M), 0.0046761 secs]
Application time: 0.0315831 seconds
[GC pause (G1 Evacuation Pause) (young) (initial-mark) 225M->201M(256M), 0.0031191 secs]
[GC concurrent-root-region-scan-start]
[GC concurrent-root-region-scan-end, 0.0004690 secs]
[GC concurrent-mark-start]
Application time: 0.0711340 seconds
[GC pause (G1 Evacuation Pause) (young) 225M->201M(256M), 0.0046363 secs]
Application time: 0.0611818 seconds
[GC pause (G1 Evacuation Pause) (young) 225M->201M(256M), 0.0030598 secs]
[GC concurrent-mark-end, 0.1935315 secs]
Application time: 0.0530045 seconds
[GC remark, 0.0064291 secs]
Application time: 0.0000592 seconds
[GC cleanup 223M->223M(256M), 0.0019618 secs]
Application time: 0.0006213 seconds
Application time: 0.0052580 seconds
[GC pause (G1 Evacuation Pause) (young) 225M->201M(256M), 0.0027437 secs]
Application time: 0.0153789 seconds
[GC pause (G1 Evacuation Pause) (mixed) 212M->201M(256M), 0.0042578 secs]
Application time: 0.0300127 seconds
[GC pause (G1 Evacuation Pause) (young) 225M->201M(256M), 0.0048427 secs]
Application time: 0.0289396 seconds
[GC pause (G1 Evacuation Pause) (young) (initial-mark) 225M->201M(256M), 0.0030522 secs]
[GC concurrent-root-region-scan-start]
[GC concurrent-root-region-scan-end, 0.0004538 secs]
[GC concurrent-mark-start]
Application time: 0.0557461 seconds
[GC pause (G1 Evacuation Pause) (young) 225M->201M(256M), 0.0029622 secs]
Application time: 0.0419398 seconds
[GC pause (G1 Evacuation Pause) (young) 225M->201M(256M), 0.0028297 secs]
Application time: 0.0411550 seconds
[GC pause (G1 Evacuation Pause) (young) 225M->201M(256M), 0.0029184 secs]
Application time: 0.0547541 seconds
[GC pause (G1 Evacuation Pause) (young) 225M->201M(256M), 0.0028177 secs]
Application time: 0.0386952 seconds
[GC pause (G1 Evacuation Pause) (young) 225M->201M(256M), 0.0028734 secs]
Application time: 0.0423549 seconds
[GC pause (G1 Evacuation Pause) (young) 225M->201M(256M), 0.0026743 secs]
Application time: 0.0423962 seconds
[GC pause (G1 Evacuation Pause) (young) 225M->201M(256M), 0.0028012 secs]
Application time: 0.0395186 seconds
[GC pause (G1 Evacuation Pause) (young) 225M->202M(256M), 0.0028715 secs]
[GC concurrent-mark-end, 0.3971366 secs]
Application time: 0.0063517 seconds
[GC remark, 0.0068779 secs]
Application time: 0.0000476 seconds
[GC cleanup 203M->203M(256M), 0.0020975 secs]
Application time: 0.0038663 seconds
Application time: 0.0289738 seconds
[GC pause (G1 Evacuation Pause) (young) 226M->201M(256M), 0.0030344 secs]
Application time: 0.0214935 seconds
[GC pause (G1 Evacuation Pause) (mixed) 212M->201M(256M), 0.0039465 secs]
Application time: 0.0348110 seconds
[GC pause (G1 Evacuation Pause) (young) 225M->201M(256M), 0.0044997 secs]
Application time: 0.0277047 seconds
[GC pause (G1 Evacuation Pause) (young) (initial-mark) 225M->201M(256M), 0.0030669 secs]
[GC concurrent-root-region-scan-start]
[GC concurrent-root-region-scan-end, 0.0005034 secs]
[GC concurrent-mark-start]
Application time: 0.0572187 seconds
[GC pause (G1 Evacuation Pause) (young) 225M->201M(256M), 0.0029823 secs]
Application time: 0.0665116 seconds
[GC pause (G1 Evacuation Pause) (young) 225M->201M(256M), 0.0027798 secs]
Application time: 0.0647117 seconds
[GC pause (G1 Evacuation Pause) (young) 225M->201M(256M), 0.0028025 secs]
Application time: 0.0597795 seconds
[GC pause (G1 Evacuation Pause) (young) 225M->201M(256M), 0.0028238 secs]
[GC concurrent-mark-end, 0.3058956 secs]
Application time: 0.0448278 seconds
[GC remark, 0.0066404 secs]
Application time: 0.0000856 seconds
[GC cleanup 219M->219M(256M), 0.0034797 secs]
Application time: 0.0116576 seconds
[GC pause (G1 Evacuation Pause) (young) 225M->201M(256M), 0.0027935 secs]
Application time: 0.0129556 seconds
[GC pause (G1 Evacuation Pause) (mixed) 212M->201M(256M), 0.0024764 secs]
Application time: 0.0277186 seconds
[GC pause (G1 Evacuation Pause) (young) 225M->201M(256M), 0.0029264 secs]
Application time: 0.0278346 seconds
[GC pause (G1 Evacuation Pause) (young) (initial-mark) 225M->201M(256M), 0.0029449 secs]
[GC concurrent-root-region-scan-start]
[GC concurrent-root-region-scan-end, 0.0004988 secs]
[GC concurrent-mark-start]
Application time: 0.0440359 seconds
[GC pause (G1 Evacuation Pause) (young) 225M->201M(256M), 0.0029694 secs]
Application time: 0.0434282 seconds
[GC pause (G1 Evacuation Pause) (young) 225M->201M(256M), 0.0029606 secs]
Application time: 0.0544738 seconds
[GC pause (G1 Evacuation Pause) (young) 225M->201M(256M), 0.0030600 secs]
Application time: 0.0597038 seconds
[GC pause (G1 Evacuation Pause) (young) 225M->201M(256M), 0.0028668 secs]
[GC concurrent-mark-end, 0.2708171 secs]
Application time: 0.0471789 seconds
[GC remark, 0.0068129 secs]
Application time: 0.0000965 seconds
[GC cleanup 220M->220M(256M), 0.0020756 secs]
Application time: 0.0178990 seconds
[GC pause (G1 Evacuation Pause) (young) 225M->201M(256M), 0.0028037 secs]
Application time: 0.0131136 seconds
[GC pause (G1 Evacuation Pause) (mixed) 212M->201M(256M), 0.0026489 secs]
Application time: 0.0000676 seconds
Application time: 0.0280521 seconds
[GC pause (G1 Evacuation Pause) (young) 226M->201M(256M), 0.0030208 secs]
Application time: 0.0317912 seconds
[GC pause (G1 Evacuation Pause) (young) (initial-mark) 226M->201M(256M), 0.0032376 secs]
[GC concurrent-root-region-scan-start]
[GC concurrent-root-region-scan-end, 0.0004381 secs]
[GC concurrent-mark-start]
Application time: 0.0634723 seconds
[GC pause (G1 Evacuation Pause) (young) 226M->201M(256M), 0.0041513 secs]
Application time: 0.0445257 seconds
[GC pause (G1 Evacuation Pause) (young) 226M->201M(256M), 0.0029592 secs]
Application time: 0.0441948 seconds
[GC pause (G1 Evacuation Pause) (young) 226M->201M(256M), 0.0028526 secs]
Application time: 0.0435504 seconds
[GC pause (G1 Evacuation Pause) (young) 226M->201M(256M), 0.0028796 secs]
[GC concurrent-mark-end, 0.2682179 secs]
Application time: 0.0553490 seconds
[GC remark, 0.0067539 secs]
Application time: 0.0000954 seconds
[GC cleanup 223M->223M(256M), 0.0020307 secs]
Application time: 0.0066409 seconds
[GC pause (G1 Evacuation Pause) (young) 226M->201M(256M), 0.0026114 secs]
Application time: 0.0314167 seconds
[GC pause (G1 Evacuation Pause) (young) 226M->201M(256M), 0.0030238 secs]
Application time: 0.0285713 seconds
[GC pause (G1 Evacuation Pause) (young) (initial-mark) 226M->201M(256M), 0.0031104 secs]
[GC concurrent-root-region-scan-start]
[GC concurrent-root-region-scan-end, 0.0004921 secs]
[GC concurrent-mark-start]
Application time: 0.0452836 seconds
[GC pause (G1 Evacuation Pause) (young) 226M->201M(256M), 0.0028133 secs]
Application time: 0.0432366 seconds
[GC pause (G1 Evacuation Pause) (young) 226M->201M(256M), 0.0028776 secs]
Application time: 0.0618205 seconds
[GC pause (G1 Evacuation Pause) (young) 225M->201M(256M), 0.0028096 secs]
Application time: 0.0600440 seconds
[GC pause (G1 Evacuation Pause) (young) 225M->201M(256M), 0.0029012 secs]
[GC concurrent-mark-end, 0.2378888 secs]
Application time: 0.0107724 seconds
[GC remark, 0.0066754 secs]
Application time: 0.0052062 seconds
[GC cleanup 207M->207M(256M), 0.0035550 secs]
Application time: 0.0217210 seconds
[GC pause (G1 Evacuation Pause) (young) 225M->201M(256M), 0.0066600 secs]
Application time: 0.0285438 seconds
[GC pause (G1 Evacuation Pause) (young) 225M->201M(256M), 0.0028652 secs]
Application time: 0.0278284 seconds
[GC pause (G1 Evacuation Pause) (young) (initial-mark) 225M->201M(256M), 0.0044146 secs]
[GC concurrent-root-region-scan-start]
[GC concurrent-root-region-scan-end, 0.0004695 secs]
[GC concurrent-mark-start]
Application time: 0.0627344 seconds
[GC pause (G1 Evacuation Pause) (young) 225M->201M(256M), 0.0028893 secs]
Application time: 0.0603389 seconds
[GC pause (G1 Evacuation Pause) (young) 225M->201M(256M), 0.0027672 secs]
Application time: 0.0501977 seconds
[GC pause (G1 Evacuation Pause) (young) 225M->201M(256M), 0.0030930 secs]
[GC concurrent-mark-end, 0.2234604 secs]
Application time: 0.0365645 seconds
[GC remark, 0.0064235 secs]
Application time: 0.0000707 seconds
[GC cleanup 213M->213M(256M), 0.0019247 secs]
Application time: 0.0214311 seconds
[GC pause (G1 Evacuation Pause) (young) 225M->201M(256M), 0.0025227 secs]
Application time: 0.0134028 seconds
[GC pause (G1 Evacuation Pause) (mixed) 212M->200M(256M), 0.0036431 secs]
Application time: 0.0384547 seconds
[GC pause (G1 Evacuation Pause) (young) 225M->201M(256M), 0.0042082 secs]
Application time: 0.0293809 seconds
[GC pause (G1 Evacuation Pause) (young) (initial-mark) 226M->201M(256M), 0.0032125 secs]
[GC concurrent-root-region-scan-start]
[GC concurrent-root-region-scan-end, 0.0005093 secs]
[GC concurrent-mark-start]
Application time: 0.0636378 seconds
[GC pause (G1 Evacuation Pause) (young) 226M->201M(256M), 0.0029241 secs]
Application time: 0.0661277 seconds
[GC pause (G1 Evacuation Pause) (young) 226M->201M(256M), 0.0028839 secs]
Application time: 0.0435835 seconds
[GC pause (G1 Evacuation Pause) (young) 226M->201M(256M), 0.0029811 secs]
Application time: 0.0418770 seconds
[GC pause (G1 Evacuation Pause) (young) 226M->201M(256M), 0.0029798 secs]
Application time: 0.0418890 seconds
[GC pause (G1 Evacuation Pause) (young) 226M->201M(256M), 0.0028275 secs]
[GC concurrent-mark-end, 0.2992217 secs]
Application time: 0.0176625 seconds
[GC remark, 0.0070749 secs]
Application time: 0.0000374 seconds
[GC cleanup 211M->211M(256M), 0.0023956 secs]
Application time: 0.0173679 seconds
[GC pause (G1 Evacuation Pause) (young) 226M->201M(256M), 0.0026913 secs]
Application time: 0.0281618 seconds
[GC pause (G1 Evacuation Pause) (young) 226M->201M(256M), 0.0029594 secs]
Application time: 0.0289365 seconds
[GC pause (G1 Evacuation Pause) (young) (initial-mark) 226M->201M(256M), 0.0030061 secs]
[GC concurrent-root-region-scan-start]
[GC concurrent-root-region-scan-end, 0.0004665 secs]
[GC concurrent-mark-start]
Application time: 0.0697374 seconds
[GC pause (G1 Evacuation Pause) (young) 226M->201M(256M), 0.0029115 secs]
Application time: 0.0627042 seconds
[GC pause (G1 Evacuation Pause) (young) 226M->201M(256M), 0.0029706 secs]
[GC concurrent-mark-end, 0.1873066 secs]
Application time: 0.0484856 seconds
[GC remark, 0.0066475 secs]
Application time: 0.0000961 seconds
[GC cleanup 221M->221M(256M), 0.0019243 secs]
Application time: 0.0107593 seconds
[GC pause (G1 Evacuation Pause) (young) 226M->201M(256M), 0.0026767 secs]
Application time: 0.0280651 seconds
[GC pause (G1 Evacuation Pause) (young) 226M->201M(256M), 0.0025033 secs]
Application time: 0.0278186 seconds
[GC pause (G1 Evacuation Pause) (young) (initial-mark) 226M->201M(256M), 0.0030015 secs]
[GC concurrent-root-region-scan-start]
[GC concurrent-root-region-scan-end, 0.0005221 secs]
[GC concurrent-mark-start]
Application time: 0.0491156 seconds
[GC pause (G1 Evacuation Pause) (young) 226M->201M(256M), 0.0029470 secs]
Application time: 0.0448879 seconds
[GC pause (G1 Evacuation Pause) (young) 226M->201M(256M), 0.0029358 secs]
Application time: 0.0621596 seconds
[GC pause (G1 Evacuation Pause) (young) 226M->201M(256M), 0.0029265 secs]
Application time: 0.0640288 seconds
[GC pause (G1 Evacuation Pause) (young) 226M->201M(256M), 0.0028942 secs]
[GC concurrent-mark-end, 0.2350432 secs]
Application time: 0.0018054 seconds
[GC remark, 0.0059994 secs]
Application time: 0.0034775 seconds
[GC cleanup 203M->203M(256M), 0.0019040 secs]
Application time: 0.0295225 seconds
[GC pause (G1 Evacuation Pause) (young) 225M->201M(256M), 0.0028497 secs]
Application time: 0.0168699 seconds
[GC pause (G1 Evacuation Pause) (mixed) 212M->200M(256M), 0.0035226 secs]
Application time: 0.0324533 seconds
[GC pause (G1 Evacuation Pause) (young) 225M->201M(256M), 0.0042469 secs]
Application time: 0.0266765 seconds
[GC pause (G1 Evacuation Pause) (young) (initial-mark) 225M->201M(256M), 0.0029090 secs]
[GC concurrent-root-region-scan-start]
[GC concurrent-root-region-scan-end, 0.0005114 secs]
[GC concurrent-mark-start]
Application time: 0.0481991 seconds
[GC pause (G1 Evacuation Pause) (young) 225M->201M(256M), 0.0027116 secs]
Application time: 0.0607167 seconds
[GC pause (G1 Evacuation Pause) (young) 225M->201M(256M), 0.0029527 secs]
Application time: 0.0597956 seconds
[GC pause (G1 Evacuation Pause) (young) 225M->201M(256M), 0.0027427 secs]
[GC concurrent-mark-end, 0.2095352 secs]
Application time: 0.0315400 seconds
[GC remark, 0.0066055 secs]
Application time: 0.0000886 seconds
[GC cleanup 214M->214M(256M), 0.0019463 secs]
Application time: 0.0158206 seconds
[GC pause (G1 Evacuation Pause) (young) 225M->201M(256M), 0.0026576 secs]
Application time: 0.0138165 seconds
[GC pause (G1 Evacuation Pause) (mixed) 212M->201M(256M), 0.0057929 secs]
Application time: 0.0298756 seconds
[GC pause (G1 Evacuation Pause) (young) 226M->201M(256M), 0.0046179 secs]
Application time: 0.0270153 seconds
[GC pause (G1 Evacuation Pause) (young) (initial-mark) 225M->201M(256M), 0.0030349 secs]
[GC concurrent-root-region-scan-start]
[GC concurrent-root-region-scan-end, 0.0004970 secs]
[GC concurrent-mark-start]
Application time: 0.0423892 seconds
[GC pause (G1 Evacuation Pause) (young) 225M->201M(256M), 0.0027353 secs]
Application time: 0.0454021 seconds
[GC pause (G1 Evacuation Pause) (young) 225M->201M(256M), 0.0026952 secs]
Application time: 0.0406403 seconds
[GC pause (G1 Evacuation Pause) (young) 225M->201M(256M), 0.0027895 secs]
Application time: 0.0482097 seconds
[GC pause (G1 Evacuation Pause) (young) 225M->201M(256M), 0.0033713 secs]
Application time: 0.0517179 seconds
[GC pause (G1 Evacuation Pause) (young) 225M->201M(256M), 0.0031715 secs]
Application time: 0.0649106 seconds
[GC pause (G1 Evacuation Pause) (young) 225M->201M(256M), 0.0029466 secs]
[GC concurrent-mark-end, 0.3266545 secs]
Application time: 0.0069046 seconds
[GC remark, 0.0064498 secs]
Application time: 0.0000856 seconds
[GC cleanup 204M->204M(256M), 0.0019617 secs]
Application time: 0.0269981 seconds
[GC pause (G1 Evacuation Pause) (young) 225M->201M(256M), 0.0028100 secs]
Application time: 0.0125352 seconds
[GC pause (G1 Evacuation Pause) (mixed) 212M->201M(256M), 0.0037833 secs]
Application time: 0.0274124 seconds
[GC pause (G1 Evacuation Pause) (young) 226M->201M(256M), 0.0040046 secs]
Application time: 0.0265336 seconds
[GC pause (G1 Evacuation Pause) (young) (initial-mark) 225M->201M(256M), 0.0028428 secs]
[GC concurrent-root-region-scan-start]
[GC concurrent-root-region-scan-end, 0.0004943 secs]
[GC concurrent-mark-start]
Application time: 0.0428088 seconds
[GC pause (G1 Evacuation Pause) (young) 225M->201M(256M), 0.0026515 secs]
Application time: 0.0381509 seconds
[GC pause (G1 Evacuation Pause) (young) 225M->201M(256M), 0.0028233 secs]
Application time: 0.0428023 seconds
[GC pause (G1 Evacuation Pause) (young) 225M->201M(256M), 0.0028682 secs]
Application time: 0.0436840 seconds
[GC pause (G1 Evacuation Pause) (young) 225M->201M(256M), 0.0030419 secs]
Application time: 0.0390170 seconds
[GC pause (G1 Evacuation Pause) (young) 225M->201M(256M), 0.0029095 secs]
Application time: 0.0597531 seconds
[GC pause (G1 Evacuation Pause) (young) 225M->201M(256M), 0.0028805 secs]
[GC concurrent-mark-end, 0.3114721 secs]
Application time: 0.0215321 seconds
[GC remark, 0.0068383 secs]
Application time: 0.0003760 seconds
[GC cleanup 210M->210M(256M), 0.0020419 secs]
Application time: 0.0566598 seconds
[GC pause (G1 Evacuation Pause) (young) 225M->201M(256M), 0.0030571 secs]
Application time: 0.0129879 seconds
[GC pause (G1 Evacuation Pause) (mixed) 212M->201M(256M), 0.0035971 secs]
Application time: 0.0280203 seconds
[GC pause (G1 Evacuation Pause) (young) 225M->201M(256M), 0.0041135 secs]
Application time: 0.0272736 seconds
[GC pause (G1 Evacuation Pause) (young) (initial-mark) 225M->202M(256M), 0.0030611 secs]
[GC concurrent-root-region-scan-start]
[GC concurrent-root-region-scan-end, 0.0004789 secs]
[GC concurrent-mark-start]
Application time: 0.0440894 seconds
[GC pause (G1 Evacuation Pause) (young) 226M->202M(256M), 0.0030251 secs]
Application time: 0.0446113 seconds
[GC pause (G1 Evacuation Pause) (young) 226M->202M(256M), 0.0031092 secs]
Application time: 0.0433952 seconds
[GC pause (G1 Evacuation Pause) (young) 226M->202M(256M), 0.0029046 secs]
Application time: 0.0400644 seconds
[GC pause (G1 Evacuation Pause) (young) 226M->202M(256M), 0.0032563 secs]
Application time: 0.0639038 seconds
[GC pause (G1 Evacuation Pause) (young) 226M->202M(256M), 0.0031181 secs]
[GC concurrent-mark-end, 0.2873746 secs]
Application time: 0.0267097 seconds
[GC remark, 0.0083912 secs]
Application time: 0.0000598 seconds
[GC cleanup 212M->212M(256M), 0.0020873 secs]
Application time: 0.0028273 seconds
Application time: 0.0171121 seconds
[GC pause (G1 Evacuation Pause) (young) 226M->202M(256M), 0.0030037 secs]
Application time: 0.0130490 seconds
[GC pause (G1 Evacuation Pause) (mixed) 213M->201M(256M), 0.0042097 secs]
Application time: 0.0317450 seconds
[GC pause (G1 Evacuation Pause) (young) 225M->202M(256M), 0.0042398 secs]
Application time: 0.0267015 seconds
[GC pause (G1 Evacuation Pause) (young) (initial-mark) 226M->202M(256M), 0.0028487 secs]
[GC concurrent-root-region-scan-start]
[GC concurrent-root-region-scan-end, 0.0004698 secs]
[GC concurrent-mark-start]
Application time: 0.0658568 seconds
[GC pause (G1 Evacuation Pause) (young) 226M->202M(256M), 0.0028075 secs]
Application time: 0.0587631 seconds
[GC pause (G1 Evacuation Pause) (young) 226M->202M(256M), 0.0029530 secs]
[GC concurrent-mark-end, 0.1782566 secs]
Application time: 0.0473187 seconds
[GC remark, 0.0062289 secs]
Application time: 0.0000779 seconds
[GC cleanup 222M->222M(256M), 0.0018693 secs]
Application time: 0.0084530 seconds
[GC pause (G1 Evacuation Pause) (young) 226M->202M(256M), 0.0026592 secs]
Application time: 0.0125386 seconds
[GC pause (G1 Evacuation Pause) (mixed) 213M->201M(256M), 0.0027832 secs]
Application time: 0.0267950 seconds
[GC pause (G1 Evacuation Pause) (young) 225M->201M(256M), 0.0040654 secs]
Application time: 0.0436278 seconds
[GC pause (G1 Evacuation Pause) (young) (initial-mark) 225M->201M(256M), 0.0034029 secs]
[GC concurrent-root-region-scan-start]
[GC concurrent-root-region-scan-end, 0.0006589 secs]
[GC concurrent-mark-start]
Application time: 0.0761019 seconds
[GC pause (G1 Evacuation Pause) (young) 225M->201M(256M), 0.0029884 secs]
Application time: 0.0422607 seconds
[GC pause (G1 Evacuation Pause) (young) 225M->202M(256M), 0.0028084 secs]
Application time: 0.0602169 seconds
[GC pause (G1 Evacuation Pause) (young) 226M->201M(256M), 0.0027406 secs]
[GC concurrent-mark-end, 0.2388618 secs]
Application time: 0.0390655 seconds
[GC remark, 0.0066021 secs]
Application time: 0.0050040 seconds
[GC cleanup 220M->220M(256M), 0.0019639 secs]
Application time: 0.0082501 seconds
[GC pause (G1 Evacuation Pause) (young) 225M->201M(256M), 0.0027384 secs]
Application time: 0.0128231 seconds
[GC pause (G1 Evacuation Pause) (mixed) 212M->201M(256M), 0.0030910 secs]
Application time: 0.0280265 seconds
[GC pause (G1 Evacuation Pause) (young) 225M->201M(256M), 0.0037339 secs]
Application time: 0.0301207 seconds
[GC pause (G1 Evacuation Pause) (young) (initial-mark) 225M->201M(256M), 0.0028790 secs]
[GC concurrent-root-region-scan-start]
[GC concurrent-root-region-scan-end, 0.0004889 secs]
[GC concurrent-mark-start]
Application time: 0.0618625 seconds
[GC pause (G1 Evacuation Pause) (young) 225M->201M(256M), 0.0030242 secs]
Application time: 0.0193953 seconds
Application time: 0.0253003 seconds
[GC pause (G1 Evacuation Pause) (young) 225M->201M(256M), 0.0029397 secs]
Application time: 0.0706338 seconds
[GC pause (G1 Evacuation Pause) (young) 225M->201M(256M), 0.0033034 secs]
[GC concurrent-mark-end, 0.2372845 secs]
Application time: 0.0391072 seconds
[GC remark, 0.0065424 secs]
Application time: 0.0013968 seconds
[GC cleanup 215M->215M(256M), 0.0019464 secs]
Application time: 0.0117325 seconds
[GC pause (G1 Evacuation Pause) (young) 225M->201M(256M), 0.0029873 secs]
Application time: 0.0132077 seconds
[GC pause (G1 Evacuation Pause) (mixed) 212M->201M(256M), 0.0040935 secs]
Application time: 0.0345909 seconds
[GC pause (G1 Evacuation Pause) (young) 225M->201M(256M), 0.0045493 secs]
Application time: 0.0282795 seconds
[GC pause (G1 Evacuation Pause) (young) (initial-mark) 225M->201M(256M), 0.0029020 secs]
[GC concurrent-root-region-scan-start]
[GC concurrent-root-region-scan-end, 0.0005150 secs]
[GC concurrent-mark-start]
Application time: 0.0402612 seconds
[GC pause (G1 Evacuation Pause) (young) 225M->201M(256M), 0.0027647 secs]
Application time: 0.0421413 seconds
[GC pause (G1 Evacuation Pause) (young) 225M->201M(256M), 0.0027138 secs]
Application time: 0.0467496 seconds
[GC pause (G1 Evacuation Pause) (young) 225M->201M(256M), 0.0029459 secs]
Application time: 0.0438087 seconds
[GC pause (G1 Evacuation Pause) (young) 225M->201M(256M), 0.0027869 secs]
Application time: 0.0396064 seconds
[GC pause (G1 Evacuation Pause) (young) 225M->201M(256M), 0.0028652 secs]
Application time: 0.0567224 seconds
[GC pause (G1 Evacuation Pause) (young) 225M->201M(256M), 0.0028996 secs]
[GC concurrent-mark-end, 0.3140290 secs]
Application time: 0.0213731 seconds
[GC remark, 0.0081007 secs]
Application time: 0.0000948 seconds
[GC cleanup 210M->210M(256M), 0.0019014 secs]
Application time: 0.0241741 seconds
[GC pause (G1 Evacuation Pause) (young) 225M->201M(256M), 0.0029936 secs]
Application time: 0.0128139 seconds
[GC pause (G1 Evacuation Pause) (mixed) 212M->201M(256M), 0.0031857 secs]
Application time: 0.0271115 seconds
[GC pause (G1 Evacuation Pause) (young) 225M->201M(256M), 0.0036173 secs]
Application time: 0.0291284 seconds
[GC pause (G1 Evacuation Pause) (young) (initial-mark) 225M->201M(256M), 0.0030415 secs]
[GC concurrent-root-region-scan-start]
[GC concurrent-root-region-scan-end, 0.0005091 secs]
[GC concurrent-mark-start]
Application time: 0.0674967 seconds
[GC pause (G1 Evacuation Pause) (young) 225M->201M(256M), 0.0028887 secs]
Application time: 0.0578579 seconds
[GC pause (G1 Evacuation Pause) (young) 225M->201M(256M), 0.0029268 secs]
[GC concurrent-mark-end, 0.1875456 secs]
Application time: 0.0559284 seconds
[GC remark, 0.0063651 secs]
Application time: 0.0000965 seconds
[GC cleanup 225M->225M(256M), 0.0019493 secs]
Application time: 0.0010691 seconds
[GC pause (G1 Evacuation Pause) (young) 225M->201M(256M), 0.0023736 secs]
Application time: 0.0139915 seconds
[GC pause (G1 Evacuation Pause) (mixed) 212M->201M(256M), 0.0027181 secs]
Application time: 0.0284548 seconds
[GC pause (G1 Evacuation Pause) (young) 226M->201M(256M), 0.0033077 secs]
Application time: 0.0304232 seconds
[GC pause (G1 Evacuation Pause) (young) (initial-mark) 225M->201M(256M), 0.0030400 secs]
[GC concurrent-root-region-scan-start]
[GC concurrent-root-region-scan-end, 0.0005309 secs]
[GC concurrent-mark-start]
Application time: 0.0439043 seconds
[GC pause (G1 Evacuation Pause) (young) 225M->201M(256M), 0.0027738 secs]
Application time: 0.0459653 seconds
[GC pause (G1 Evacuation Pause) (young) 225M->201M(256M), 0.0029290 secs]
Application time: 0.0595428 seconds
[GC pause (G1 Evacuation Pause) (young) 225M->201M(256M), 0.0028042 secs]
Application time: 0.0593336 seconds
[GC pause (G1 Evacuation Pause) (young) 225M->201M(256M), 0.0030012 secs]
[GC concurrent-mark-end, 0.2380990 secs]
Application time: 0.0164748 seconds
[GC remark, 0.0066408 secs]
Application time: 0.0000564 seconds
[GC cleanup 208M->208M(256M), 0.0019627 secs]
Application time: 0.0230575 seconds
[GC pause (G1 Evacuation Pause) (young) 225M->201M(256M), 0.0028797 secs]
Application time: 0.0125726 seconds
[GC pause (G1 Evacuation Pause) (mixed) 212M->201M(256M), 0.0035032 secs]
Application time: 0.0286402 seconds
[GC pause (G1 Evacuation Pause) (young) 226M->201M(256M), 0.0043268 secs]
Application time: 0.0316726 seconds
[GC pause (G1 Evacuation Pause) (young) (initial-mark) 225M->201M(256M), 0.0030261 secs]
[GC concurrent-root-region-scan-start]
[GC concurrent-root-region-scan-end, 0.0004875 secs]
[GC concurrent-mark-start]
Application time: 0.0425770 seconds
[GC pause (G1 Evacuation Pause) (young) 225M->201M(256M), 0.0028617 secs]
Application time: 0.0440968 seconds
[GC pause (G1 Evacuation Pause) (young) 225M->201M(256M), 0.0029022 secs]
Application time: 0.0390751 seconds
[GC pause (G1 Evacuation Pause) (young) 225M->201M(256M), 0.0027308 secs]
Application time: 0.0370516 seconds
[GC pause (G1 Evacuation Pause) (young) 225M->201M(256M), 0.0026587 secs]
Application time: 0.0583084 seconds
[GC pause (G1 Evacuation Pause) (young) 225M->201M(256M), 0.0028927 secs]
[GC concurrent-mark-end, 0.2869149 secs]
Application time: 0.0403968 seconds
[GC remark, 0.0065915 secs]
Application time: 0.0001035 seconds
[GC cleanup 219M->219M(256M), 0.0018429 secs]
Application time: 0.0077331 seconds
[GC pause (G1 Evacuation Pause) (young) 225M->201M(256M), 0.0026638 secs]
Application time: 0.0119131 seconds
[GC pause (G1 Evacuation Pause) (mixed) 212M->201M(256M), 0.0038775 secs]
Application time: 0.0266459 seconds
[GC pause (G1 Evacuation Pause) (young) 226M->201M(256M), 0.0043551 secs]
Application time: 0.0284568 seconds
[GC pause (G1 Evacuation Pause) (young) (initial-mark) 225M->201M(256M), 0.0030424 secs]
[GC concurrent-root-region-scan-start]
[GC concurrent-root-region-scan-end, 0.0004648 secs]
[GC concurrent-mark-start]
Application time: 0.0457007 seconds
[GC pause (G1 Evacuation Pause) (young) 225M->201M(256M), 0.0031487 secs]
Application time: 0.0393114 seconds
[GC pause (G1 Evacuation Pause) (young) 225M->201M(256M), 0.0028931 secs]
Application time: 0.0406516 seconds
[GC pause (G1 Evacuation Pause) (young) 225M->201M(256M), 0.0029124 secs]
Application time: 0.0408513 seconds
[GC pause (G1 Evacuation Pause) (young) 225M->201M(256M), 0.0029506 secs]
Application time: 0.0366238 seconds
[GC pause (G1 Evacuation Pause) (young) 225M->201M(256M), 0.0026915 secs]
Application time: 0.0541330 seconds
[GC pause (G1 Evacuation Pause) (young) 225M->201M(256M), 0.0028379 secs]
[GC concurrent-mark-end, 0.3085385 secs]
Application time: 0.0192636 seconds
[GC remark, 0.0067358 secs]
Application time: 0.0008256 seconds
[GC cleanup 210M->210M(256M), 0.0020032 secs]
Application time: 0.0164748 seconds
[GC pause (G1 Evacuation Pause) (young) 225M->201M(256M), 0.0027668 secs]
Application time: 0.0120478 seconds
[GC pause (G1 Evacuation Pause) (mixed) 212M->201M(256M), 0.0029775 secs]
Application time: 0.0258947 seconds
[GC pause (G1 Evacuation Pause) (young) 225M->201M(256M), 0.0031533 secs]
Application time: 0.0252354 seconds
[GC pause (G1 Evacuation Pause) (young) (initial-mark) 225M->201M(256M), 0.0027476 secs]
[GC concurrent-root-region-scan-start]
[GC concurrent-root-region-scan-end, 0.0004108 secs]
[GC concurrent-mark-start]
Application time: 0.0410548 seconds
[GC pause (G1 Evacuation Pause) (young) 225M->201M(256M), 0.0027431 secs]
Application time: 0.0378673 seconds
[GC pause (G1 Evacuation Pause) (young) 225M->201M(256M), 0.0028603 secs]
Application time: 0.0427583 seconds
[GC pause (G1 Evacuation Pause) (young) 225M->201M(256M), 0.0028412 secs]
Application time: 0.0414392 seconds
[GC pause (G1 Evacuation Pause) (young) 225M->201M(256M), 0.0028117 secs]
Application time: 0.0449891 seconds
[GC pause (G1 Evacuation Pause) (young) 225M->201M(256M), 0.0029406 secs]
Application time: 0.0561136 seconds
[GC pause (G1 Evacuation Pause) (young) 225M->201M(256M), 0.0029794 secs]
[GC concurrent-mark-end, 0.2982528 secs]
Application time: 0.0133999 seconds
[GC remark, 0.0062967 secs]
Application time: 0.0000857 seconds
[GC cleanup 208M->208M(256M), 0.0019373 secs]
Application time: 0.0292738 seconds
[GC pause (G1 Evacuation Pause) (young) 225M->201M(256M), 0.0026719 secs]
Application time: 0.0122388 seconds
[GC pause (G1 Evacuation Pause) (mixed) 212M->201M(256M), 0.0027451 secs]
Application time: 0.0000711 seconds
Application time: 0.0277720 seconds
[GC pause (G1 Evacuation Pause) (young) 226M->201M(256M), 0.0031516 secs]
Application time: 0.0273470 seconds
[GC pause (G1 Evacuation Pause) (young) (initial-mark) 225M->201M(256M), 0.0029036 secs]
[GC concurrent-root-region-scan-start]
[GC concurrent-root-region-scan-end, 0.0004913 secs]
[GC concurrent-mark-start]
Application time: 0.0426937 seconds
[GC pause (G1 Evacuation Pause) (young) 225M->201M(256M), 0.0026736 secs]
Application time: 0.0512119 seconds
[GC pause (G1 Evacuation Pause) (young) 225M->201M(256M), 0.0028258 secs]
Application time: 0.0519876 seconds
[GC pause (G1 Evacuation Pause) (young) 225M->201M(256M), 0.0023805 secs]
Application time: 0.0369094 seconds
[GC pause (G1 Evacuation Pause) (young) 225M->201M(256M), 0.0022636 secs]
Application time: 0.0460081 seconds
[GC pause (G1 Evacuation Pause) (young) 225M->201M(256M), 0.0024809 secs]
Application time: 0.0394551 seconds
[GC pause (G1 Evacuation Pause) (young) 225M->201M(256M), 0.0025388 secs]
[GC concurrent-mark-end, 0.3499571 secs]
Application time: 0.0437045 seconds
[GC remark, 0.0054902 secs]
Application time: 0.0000785 seconds
[GC cleanup 219M->219M(256M), 0.0018361 secs]
Application time: 0.0131752 seconds
[GC pause (G1 Evacuation Pause) (young) 225M->201M(256M), 0.0025012 secs]
Application time: 0.0119674 seconds
[GC pause (G1 Evacuation Pause) (mixed) 212M->201M(256M), 0.0029450 secs]
Application time: 0.0317622 seconds
[GC pause (G1 Evacuation Pause) (young) 226M->201M(256M), 0.0035499 secs]
Application time: 0.0248358 seconds
[GC pause (G1 Evacuation Pause) (young) (initial-mark) 225M->201M(256M), 0.0024279 secs]
[GC concurrent-root-region-scan-start]
[GC concurrent-root-region-scan-end, 0.0003996 secs]
[GC concurrent-mark-start]
Application time: 0.0551780 seconds
[GC pause (G1 Evacuation Pause) (young) 225M->201M(256M), 0.0022890 secs]
Application time: 0.0542836 seconds
[GC pause (G1 Evacuation Pause) (young) 225M->201M(256M), 0.0023529 secs]
Application time: 0.0536019 seconds
[GC pause (G1 Evacuation Pause) (young) 225M->201M(256M), 0.0021724 secs]
[GC concurrent-mark-end, 0.1734552 secs]
Application time: 0.0024183 seconds
[GC remark, 0.0052485 secs]
Application time: 0.0000648 seconds
[GC cleanup 203M->203M(256M), 0.0017147 secs]
Application time: 0.0290214 seconds
[GC pause (G1 Evacuation Pause) (young) 225M->201M(256M), 0.0022893 secs]
Application time: 0.0113388 seconds
[GC pause (G1 Evacuation Pause) (mixed) 212M->201M(256M), 0.0028530 secs]
Application time: 0.0313591 seconds
[GC pause (G1 Evacuation Pause) (young) 225M->201M(256M), 0.0044928 secs]
Application time: 0.0300360 seconds
[GC pause (G1 Evacuation Pause) (young) (initial-mark) 225M->201M(256M), 0.0031803 secs]
[GC concurrent-root-region-scan-start]
[GC concurrent-root-region-scan-end, 0.0005258 secs]
[GC concurrent-mark-start]
Application time: 0.0417972 seconds
[GC pause (G1 Evacuation Pause) (young) 225M->202M(256M), 0.0027910 secs]
Application time: 0.0711349 seconds
[GC pause (G1 Evacuation Pause) (young) 226M->201M(256M), 0.0028318 secs]
Application time: 0.0597294 seconds
[GC pause (G1 Evacuation Pause) (young) 225M->202M(256M), 0.0025894 secs]
[GC concurrent-mark-end, 0.2163861 secs]
Application time: 0.0305777 seconds
[GC remark, 0.0075721 secs]
Application time: 0.0000541 seconds
[GC cleanup 214M->214M(256M), 0.0018680 secs]
Application time: 0.0196402 seconds
[GC pause (G1 Evacuation Pause) (young) 226M->201M(256M), 0.0025468 secs]
Application time: 0.0125160 seconds
[GC pause (G1 Evacuation Pause) (mixed) 212M->201M(256M), 0.0032109 secs]
Application time: 0.0259172 seconds
[GC pause (G1 Evacuation Pause) (young) 225M->201M(256M), 0.0038771 secs]
Application time: 0.0260782 seconds
[GC pause (G1 Evacuation Pause) (young) (initial-mark) 225M->201M(256M), 0.0027328 secs]
[GC concurrent-root-region-scan-start]
[GC concurrent-root-region-scan-end, 0.0004209 secs]
[GC concurrent-mark-start]
Application time: 0.0703658 seconds
[GC pause (G1 Evacuation Pause) (young) 225M->201M(256M), 0.0028098 secs]
Application time: 0.0590565 seconds
[GC pause (G1 Evacuation Pause) (young) 225M->201M(256M), 0.0025771 secs]
[GC concurrent-mark-end, 0.1758162 secs]
Application time: 0.0405360 seconds
[GC remark, 0.0062006 secs]
Application time: 0.0003193 seconds
[GC cleanup 218M->218M(256M), 0.0019705 secs]
Application time: 0.0093919 seconds
[GC pause (G1 Evacuation Pause) (young) 225M->201M(256M), 0.0027437 secs]
Application time: 0.0126975 seconds
[GC pause (G1 Evacuation Pause) (mixed) 212M->201M(256M), 0.0031937 secs]
Application time: 0.0269160 seconds
[GC pause (G1 Evacuation Pause) (young) 225M->201M(256M), 0.0034570 secs]
Application time: 0.0267201 seconds
[GC pause (G1 Evacuation Pause) (young) (initial-mark) 225M->201M(256M), 0.0029248 secs]
[GC concurrent-root-region-scan-start]
[GC concurrent-root-region-scan-end, 0.0004727 secs]
[GC concurrent-mark-start]
Application time: 0.0656393 seconds
[GC pause (G1 Evacuation Pause) (young) 225M->201M(256M), 0.0028206 secs]
Application time: 0.0453248 seconds
[GC pause (G1 Evacuation Pause) (young) 225M->201M(256M), 0.0029181 secs]
Application time: 0.0380320 seconds
[GC pause (G1 Evacuation Pause) (young) 225M->201M(256M), 0.0026870 secs]
Application time: 0.0394648 seconds
[GC pause (G1 Evacuation Pause) (young) 225M->201M(256M), 0.0026194 secs]
Application time: 0.0587684 seconds
[GC pause (G1 Evacuation Pause) (young) 225M->201M(256M), 0.0029140 secs]
[GC concurrent-mark-end, 0.2763608 secs]
Application time: 0.0050584 seconds
[GC remark, 0.0060466 secs]
Application time: 0.0000293 seconds
[GC cleanup 204M->204M(256M), 0.0018634 secs]
Application time: 0.0249093 seconds
[GC pause (G1 Evacuation Pause) (young) 225M->201M(256M), 0.0026820 secs]
Application time: 0.0123070 seconds
[GC pause (G1 Evacuation Pause) (mixed) 212M->201M(256M), 0.0040645 secs]
Application time: 0.0055467 seconds
Application time: 0.0245970 seconds
[GC pause (G1 Evacuation Pause) (young) 225M->201M(256M), 0.0039843 secs]
Application time: 0.0255957 seconds
[GC pause (G1 Evacuation Pause) (young) (initial-mark) 225M->201M(256M), 0.0029003 secs]
[GC concurrent-root-region-scan-start]
[GC concurrent-root-region-scan-end, 0.0004813 secs]
[GC concurrent-mark-start]
Application time: 0.0403678 seconds
[GC pause (G1 Evacuation Pause) (young) 225M->201M(256M), 0.0027018 secs]
Application time: 0.0406345 seconds
[GC pause (G1 Evacuation Pause) (young) 225M->202M(256M), 0.0028438 secs]
Application time: 0.0576726 seconds
[GC pause (G1 Evacuation Pause) (young) 226M->201M(256M), 0.0027814 secs]
Application time: 0.0552780 seconds
[GC pause (G1 Evacuation Pause) (young) 225M->202M(256M), 0.0025655 secs]
[GC concurrent-mark-end, 0.2259698 secs]
Application time: 0.0197163 seconds
[GC remark, 0.0061658 secs]
Application time: 0.0000396 seconds
[GC cleanup 210M->210M(256M), 0.0018883 secs]
Application time: 0.0181710 seconds
[GC pause (G1 Evacuation Pause) (young) 226M->202M(256M), 0.0022962 secs]
Application time: 0.0121440 seconds
[GC pause (G1 Evacuation Pause) (mixed) 213M->201M(256M), 0.0030289 secs]
Application time: 0.0263833 seconds
[GC pause (G1 Evacuation Pause) (young) 225M->202M(256M), 0.0035574 secs]
Application time: 0.0256917 seconds
[GC pause (G1 Evacuation Pause) (young) (initial-mark) 226M->202M(256M), 0.0027281 secs]
[GC concurrent-root-region-scan-start]
[GC concurrent-root-region-scan-end, 0.0004626 secs]
[GC concurrent-mark-start]
Application time: 0.0555494 seconds
[GC pause (G1 Evacuation Pause) (young) 226M->202M(256M), 0.0027026 secs]
Application time: 0.0528193 seconds
[GC pause (G1 Evacuation Pause) (young) 226M->202M(256M), 0.0027546 secs]
Application time: 0.0543700 seconds
[GC pause (G1 Evacuation Pause) (young) 226M->202M(256M), 0.0027746 secs]
[GC concurrent-mark-end, 0.1824523 secs]
Application time: 0.0104999 seconds
[GC remark, 0.0066130 secs]
Application time: 0.0000484 seconds
[GC cleanup 206M->206M(256M), 0.0018357 secs]
Application time: 0.0245697 seconds
[GC pause (G1 Evacuation Pause) (young) 226M->202M(256M), 0.0029547 secs]
Application time: 0.0124656 seconds
[GC pause (G1 Evacuation Pause) (mixed) 213M->201M(256M), 0.0029265 secs]
Application time: 0.0283921 seconds
[GC pause (G1 Evacuation Pause) (young) 225M->201M(256M), 0.0033722 secs]
Application time: 0.0314324 seconds
[GC pause (G1 Evacuation Pause) (young) (initial-mark) 225M->201M(256M), 0.0026555 secs]
[GC concurrent-root-region-scan-start]
[GC concurrent-root-region-scan-end, 0.0003499 secs]
[GC concurrent-mark-start]
Application time: 0.0588727 seconds
[GC pause (G1 Evacuation Pause) (young) 225M->201M(256M), 0.0025686 secs]
Application time: 0.0564582 seconds
[GC pause (G1 Evacuation Pause) (young) 225M->201M(256M), 0.0023566 secs]
Application time: 0.0561803 seconds
[GC pause (G1 Evacuation Pause) (young) 225M->201M(256M), 0.0027270 secs]
Application time: 0.0552165 seconds
[GC pause (G1 Evacuation Pause) (young) 225M->201M(256M), 0.0028503 secs]
[GC concurrent-mark-end, 0.2459076 secs]
Application time: 0.0071454 seconds
[GC remark, 0.0107943 secs]
Application time: 0.0000700 seconds
[GC cleanup 204M->204M(256M), 0.0022442 secs]
Application time: 0.0352722 seconds
[GC pause (G1 Evacuation Pause) (young) 225M->202M(256M), 0.0025055 secs]
Application time: 0.0158886 seconds
[GC pause (G1 Evacuation Pause) (mixed) 213M->201M(256M), 0.0029098 secs]
Application time: 0.0333528 seconds
[GC pause (G1 Evacuation Pause) (young) 225M->201M(256M), 0.0032974 secs]
Application time: 0.0289800 seconds
[GC pause (G1 Evacuation Pause) (young) (initial-mark) 225M->201M(256M), 0.0025523 secs]
[GC concurrent-root-region-scan-start]
[GC concurrent-root-region-scan-end, 0.0003862 secs]
[GC concurrent-mark-start]
Application time: 0.0553805 seconds
[GC pause (G1 Evacuation Pause) (young) 225M->201M(256M), 0.0023207 secs]
Application time: 0.0556019 seconds
[GC pause (G1 Evacuation Pause) (young) 225M->201M(256M), 0.0023930 secs]
Application time: 0.0583804 seconds
[GC pause (G1 Evacuation Pause) (young) 225M->201M(256M), 0.0023843 secs]
[GC concurrent-mark-end, 0.2236341 secs]
Application time: 0.0393257 seconds
[GC remark, 0.0055276 secs]
Application time: 0.0000919 seconds
[GC cleanup 222M->222M(256M), 0.0023966 secs]
Application time: 0.0075501 seconds
[GC pause (G1 Evacuation Pause) (young) 225M->201M(256M), 0.0021740 secs]
Application time: 0.0120503 seconds
[GC pause (G1 Evacuation Pause) (mixed) 212M->201M(256M), 0.0030864 secs]
Application time: 0.0263220 seconds
[GC pause (G1 Evacuation Pause) (young) 225M->201M(256M), 0.0035263 secs]
Application time: 0.0288386 seconds
[GC pause (G1 Evacuation Pause) (young) (initial-mark) 225M->201M(256M), 0.0026598 secs]
[GC concurrent-root-region-scan-start]
[GC concurrent-root-region-scan-end, 0.0003974 secs]
[GC concurrent-mark-start]
Application time: 0.0418481 seconds
[GC pause (G1 Evacuation Pause) (young) 225M->201M(256M), 0.0022983 secs]
Application time: 0.0385631 seconds
[GC pause (G1 Evacuation Pause) (young) 225M->202M(256M), 0.0024604 secs]
Application time: 0.0610565 seconds
[GC pause (G1 Evacuation Pause) (young) 226M->201M(256M), 0.0027170 secs]
Application time: 0.0596765 seconds
[GC pause (G1 Evacuation Pause) (young) 225M->202M(256M), 0.0023026 secs]
[GC concurrent-mark-end, 0.2394113 secs]
Application time: 0.0229634 seconds
[GC remark, 0.0080458 secs]
Application time: 0.0000324 seconds
[GC cleanup 211M->211M(256M), 0.0018616 secs]
Application time: 0.0182576 seconds
[GC pause (G1 Evacuation Pause) (young) 226M->202M(256M), 0.0023164 secs]
Application time: 0.0122259 seconds
[GC pause (G1 Evacuation Pause) (mixed) 213M->201M(256M), 0.0030830 secs]
Application time: 0.0260737 seconds
[GC pause (G1 Evacuation Pause) (young) 225M->201M(256M), 0.0034918 secs]
Application time: 0.0260020 seconds
[GC pause (G1 Evacuation Pause) (young) (initial-mark) 225M->202M(256M), 0.0025563 secs]
[GC concurrent-root-region-scan-start]
[GC concurrent-root-region-scan-end, 0.0003338 secs]
[GC concurrent-mark-start]
Application time: 0.0668298 seconds
[GC pause (G1 Evacuation Pause) (young) 226M->202M(256M), 0.0023961 secs]
Application time: 0.0601924 seconds
[GC pause (G1 Evacuation Pause) (young) 226M->202M(256M), 0.0022715 secs]
[GC concurrent-mark-end, 0.1742403 secs]
Application time: 0.0416347 seconds
[GC remark, 0.0056190 secs]
Application time: 0.0001058 seconds
[GC cleanup 219M->219M(256M), 0.0017502 secs]
Application time: 0.0151039 seconds
[GC pause (G1 Evacuation Pause) (young) 226M->202M(256M), 0.0022631 secs]
Application time: 0.0122374 seconds
[GC pause (G1 Evacuation Pause) (mixed) 213M->201M(256M), 0.0029353 secs]
Application time: 0.0285022 seconds
[GC pause (G1 Evacuation Pause) (young) 225M->201M(256M), 0.0032306 secs]
Application time: 0.0273957 seconds
[GC pause (G1 Evacuation Pause) (young) (initial-mark) 225M->201M(256M), 0.0025609 secs]
[GC concurrent-root-region-scan-start]
[GC concurrent-root-region-scan-end, 0.0003704 secs]
[GC concurrent-mark-start]
Application time: 0.0456044 seconds
[GC pause (G1 Evacuation Pause) (young) 225M->202M(256M), 0.0023152 secs]
Application time: 0.0382334 seconds
[GC pause (G1 Evacuation Pause) (young) 226M->201M(256M), 0.0023760 secs]
Application time: 0.0463444 seconds
[GC pause (G1 Evacuation Pause) (young) 225M->201M(256M), 0.0031318 secs]
Application time: 0.0614925 seconds
[GC pause (G1 Evacuation Pause) (young) 225M->202M(256M), 0.0023730 secs]
Application time: 0.0435494 seconds
[GC pause (G1 Evacuation Pause) (young) 226M->202M(256M), 0.0025021 secs]
Application time: 0.0421597 seconds
[GC pause (G1 Evacuation Pause) (young) 226M->202M(256M), 0.0022735 secs]
[GC concurrent-mark-end, 0.3154295 secs]
Application time: 0.0086032 seconds
[GC remark, 0.0061501 secs]
Application time: 0.0000712 seconds
[GC cleanup 208M->208M(256M), 0.0018472 secs]
Application time: 0.0197079 seconds
[GC pause (G1 Evacuation Pause) (young) 226M->202M(256M), 0.0022736 secs]
Application time: 0.0117126 seconds
[GC pause (G1 Evacuation Pause) (mixed) 213M->201M(256M), 0.0027047 secs]
Application time: 0.0272187 seconds
[GC pause (G1 Evacuation Pause) (young) 225M->201M(256M), 0.0031437 secs]
Application time: 0.0254888 seconds
[GC pause (G1 Evacuation Pause) (young) (initial-mark) 225M->201M(256M), 0.0025471 secs]
[GC concurrent-root-region-scan-start]
[GC concurrent-root-region-scan-end, 0.0003983 secs]
[GC concurrent-mark-start]
Application time: 0.0570080 seconds
[GC pause (G1 Evacuation Pause) (young) 225M->201M(256M), 0.0024494 secs]
Application time: 0.0571610 seconds
[GC pause (G1 Evacuation Pause) (young) 225M->201M(256M), 0.0024153 secs]
Application time: 0.0377686 seconds
[GC pause (G1 Evacuation Pause) (young) 225M->202M(256M), 0.0025547 secs]
Application time: 0.0446376 seconds
[GC pause (G1 Evacuation Pause) (young) 226M->201M(256M), 0.0024153 secs]
Application time: 0.0412952 seconds
[GC pause (G1 Evacuation Pause) (young) 225M->202M(256M), 0.0023157 secs]
[GC concurrent-mark-end, 0.2981410 secs]
Application time: 0.0344505 seconds
[GC remark, 0.0054921 secs]
Application time: 0.0000553 seconds
[GC cleanup 226M->226M(256M), 0.0017634 secs]
Application time: 0.0007492 seconds
[GC pause (G1 Evacuation Pause) (young) 226M->201M(256M), 0.0020143 secs]
Application time: 0.0185179 seconds
[GC pause (G1 Evacuation Pause) (mixed) 212M->201M(256M), 0.0031967 secs]
Application time: 0.0250204 seconds
[GC pause (G1 Evacuation Pause) (young) 225M->201M(256M), 0.0034305 secs]
Application time: 0.0247230 seconds
[GC pause (G1 Evacuation Pause) (young) (initial-mark) 225M->201M(256M), 0.0024118 secs]
[GC concurrent-root-region-scan-start]
[GC concurrent-root-region-scan-end, 0.0004049 secs]
[GC concurrent-mark-start]
Application time: 0.0571804 seconds
[GC pause (G1 Evacuation Pause) (young) 225M->201M(256M), 0.0022811 secs]
Application time: 0.0373574 seconds
[GC pause (G1 Evacuation Pause) (young) 225M->201M(256M), 0.0023765 secs]
Application time: 0.0544820 seconds
[GC pause (G1 Evacuation Pause) (young) 225M->201M(256M), 0.0022838 secs]
[GC concurrent-mark-end, 0.2176727 secs]
Application time: 0.0505783 seconds
[GC remark, 0.0054965 secs]
Application time: 0.0019354 seconds
[GC cleanup 225M->225M(256M), 0.0018802 secs]
Application time: 0.0017534 seconds
[GC pause (G1 Evacuation Pause) (young) 225M->201M(256M), 0.0022799 secs]
Application time: 0.0121356 seconds
[GC pause (G1 Evacuation Pause) (mixed) 212M->201M(256M), 0.0031447 secs]
Application time: 0.0258179 seconds
[GC pause (G1 Evacuation Pause) (young) 225M->201M(256M), 0.0034415 secs]
Application time: 0.0259838 seconds
[GC pause (G1 Evacuation Pause) (young) (initial-mark) 225M->201M(256M), 0.0024953 secs]
[GC concurrent-root-region-scan-start]
[GC concurrent-root-region-scan-end, 0.0003217 secs]
[GC concurrent-mark-start]
Application time: 0.0650647 seconds
[GC pause (G1 Evacuation Pause) (young) 225M->201M(256M), 0.0023627 secs]
Application time: 0.0543290 seconds
[GC pause (G1 Evacuation Pause) (young) 225M->202M(256M), 0.0022575 secs]
Application time: 0.0547128 seconds
[GC pause (G1 Evacuation Pause) (young) 226M->202M(256M), 0.0022395 secs]
[GC concurrent-mark-end, 0.1886479 secs]
Application time: 0.0064869 seconds
[GC remark, 0.0052697 secs]
Application time: 0.0000436 seconds
[GC cleanup 205M->205M(256M), 0.0018252 secs]
Application time: 0.0270922 seconds
[GC pause (G1 Evacuation Pause) (young) 226M->202M(256M), 0.0024746 secs]
Application time: 0.0125635 seconds
[GC pause (G1 Evacuation Pause) (mixed) 213M->201M(256M), 0.0029029 secs]
Application time: 0.0255228 seconds
[GC pause (G1 Evacuation Pause) (young) 225M->201M(256M), 0.0032479 secs]
Application time: 0.0254878 seconds
[GC pause (G1 Evacuation Pause) (young) (initial-mark) 225M->202M(256M), 0.0024466 secs]
[GC concurrent-root-region-scan-start]
[GC concurrent-root-region-scan-end, 0.0003499 secs]
[GC concurrent-mark-start]
Application time: 0.0420377 seconds
[GC pause (G1 Evacuation Pause) (young) 226M->202M(256M), 0.0023735 secs]
Application time: 0.0440274 seconds
[GC pause (G1 Evacuation Pause) (young) 226M->202M(256M), 0.0023644 secs]
Application time: 0.0537798 seconds
[GC pause (G1 Evacuation Pause) (young) 226M->202M(256M), 0.0022876 secs]
Application time: 0.0538922 seconds
[GC pause (G1 Evacuation Pause) (young) 226M->202M(256M), 0.0022046 secs]
Application time: 0.0373580 seconds
[GC pause (G1 Evacuation Pause) (young) 226M->202M(256M), 0.0022931 secs]
[GC concurrent-mark-end, 0.2530761 secs]
Application time: 0.0012814 seconds
[GC remark, 0.0053604 secs]
Application time: 0.0007774 seconds
[GC cleanup 203M->203M(256M), 0.0016244 secs]
Application time: 0.0243631 seconds
[GC pause (G1 Evacuation Pause) (young) 226M->202M(256M), 0.0022220 secs]
Application time: 0.0182783 seconds
[GC pause (G1 Evacuation Pause) (mixed) 213M->201M(256M), 0.0028116 secs]
Application time: 0.0237293 seconds
[GC pause (G1 Evacuation Pause) (young) 225M->201M(256M), 0.0029361 secs]
Application time: 0.0238587 seconds
[GC pause (G1 Evacuation Pause) (young) (initial-mark) 225M->201M(256M), 0.0024205 secs]
[GC concurrent-root-region-scan-start]
[GC concurrent-root-region-scan-end, 0.0003835 secs]
[GC concurrent-mark-start]
Application time: 0.0417672 seconds
[GC pause (G1 Evacuation Pause) (young) 225M->201M(256M), 0.0021420 secs]
Application time: 0.0341949 seconds
[GC pause (G1 Evacuation Pause) (young) 225M->201M(256M), 0.0021188 secs]
Application time: 0.0384903 seconds
[GC pause (G1 Evacuation Pause) (young) 225M->201M(256M), 0.0022703 secs]
Application time: 0.0334631 seconds
[GC pause (G1 Evacuation Pause) (young) 225M->201M(256M), 0.0022112 secs]
Application time: 0.0424193 seconds
[GC pause (G1 Evacuation Pause) (young) 225M->201M(256M), 0.0022339 secs]
Application time: 0.0544583 seconds
[GC pause (G1 Evacuation Pause) (young) 225M->201M(256M), 0.0021970 secs]
[GC concurrent-mark-end, 0.2798869 secs]
Application time: 0.0164908 seconds
[GC remark, 0.0054877 secs]
Application time: 0.0000820 seconds
[GC cleanup 209M->209M(256M), 0.0016450 secs]
Application time: 0.0173756 seconds
[GC pause (G1 Evacuation Pause) (young) 225M->202M(256M), 0.0022429 secs]
Application time: 0.0111894 seconds
[GC pause (G1 Evacuation Pause) (mixed) 213M->201M(256M), 0.0028411 secs]
Application time: 0.0280769 seconds
[GC pause (G1 Evacuation Pause) (young) 225M->201M(256M), 0.0033608 secs]
Application time: 0.0247140 seconds
[GC pause (G1 Evacuation Pause) (young) (initial-mark) 225M->201M(256M), 0.0043914 secs]
[GC concurrent-root-region-scan-start]
[GC concurrent-root-region-scan-end, 0.0003357 secs]
[GC concurrent-mark-start]
Application time: 0.0672558 seconds
[GC pause (G1 Evacuation Pause) (young) 225M->201M(256M), 0.0022982 secs]
Application time: 0.0556435 seconds
[GC pause (G1 Evacuation Pause) (young) 225M->201M(256M), 0.0021727 secs]
[GC concurrent-mark-end, 0.1729415 secs]
Application time: 0.0450824 seconds
[GC remark, 0.0057384 secs]
Application time: 0.0014653 seconds
[GC cleanup 220M->220M(256M), 0.0017335 secs]
Application time: 0.0059465 seconds
[GC pause (G1 Evacuation Pause) (young) 225M->201M(256M), 0.0021665 secs]
Application time: 0.0116559 seconds
[GC pause (G1 Evacuation Pause) (mixed) 212M->201M(256M), 0.0029815 secs]
Application time: 0.0322158 seconds
[GC pause (G1 Evacuation Pause) (young) 225M->201M(256M), 0.0032850 secs]
Application time: 0.0245808 seconds
[GC pause (G1 Evacuation Pause) (young) (initial-mark) 225M->201M(256M), 0.0025047 secs]
[GC concurrent-root-region-scan-start]
[GC concurrent-root-region-scan-end, 0.0003460 secs]
[GC concurrent-mark-start]
Application time: 0.0402540 seconds
[GC pause (G1 Evacuation Pause) (young) 225M->201M(256M), 0.0022084 secs]
Application time: 0.0458676 seconds
[GC pause (G1 Evacuation Pause) (young) 225M->202M(256M), 0.0022921 secs]
Application time: 0.0537660 seconds
[GC pause (G1 Evacuation Pause) (young) 226M->201M(256M), 0.0023234 secs]
Application time: 0.0560269 seconds
[GC pause (G1 Evacuation Pause) (young) 225M->202M(256M), 0.0022363 secs]
[GC concurrent-mark-end, 0.2369099 secs]
Application time: 0.0264924 seconds
[GC remark, 0.0053784 secs]
Application time: 0.0000416 seconds
[GC cleanup 213M->213M(256M), 0.0016260 secs]
Application time: 0.0194550 seconds
[GC pause (G1 Evacuation Pause) (young) 226M->202M(256M), 0.0021467 secs]
Application time: 0.0107816 seconds
[GC pause (G1 Evacuation Pause) (mixed) 213M->201M(256M), 0.0031058 secs]
Application time: 0.0300480 seconds
[GC pause (G1 Evacuation Pause) (young) 225M->201M(256M), 0.0041250 secs]
Application time: 0.0297053 seconds
[GC pause (G1 Evacuation Pause) (young) (initial-mark) 225M->201M(256M), 0.0030028 secs]
[GC concurrent-root-region-scan-start]
[GC concurrent-root-region-scan-end, 0.0004812 secs]
[GC concurrent-mark-start]
Application time: 0.0477197 seconds
[GC pause (G1 Evacuation Pause) (young) 225M->201M(256M), 0.0026356 secs]
Application time: 0.0359619 seconds
[GC pause (G1 Evacuation Pause) (young) 225M->201M(256M), 0.0027006 secs]
Application time: 0.0520855 seconds
[GC pause (G1 Evacuation Pause) (young) 225M->201M(256M), 0.0026980 secs]
Application time: 0.0557210 seconds
[GC pause (G1 Evacuation Pause) (young) 225M->201M(256M), 0.0029083 secs]
[GC concurrent-mark-end, 0.2236641 secs]
Application time: 0.0165696 seconds
[GC remark, 0.0061462 secs]
Application time: 0.0000619 seconds
[GC cleanup 209M->209M(256M), 0.0019427 secs]
Application time: 0.0231166 seconds
[GC pause (G1 Evacuation Pause) (young) 225M->201M(256M), 0.0028639 secs]
Application time: 0.0117099 seconds
[GC pause (G1 Evacuation Pause) (mixed) 212M->201M(256M), 0.0031697 secs]
Application time: 0.0255171 seconds
[GC pause (G1 Evacuation Pause) (young) 226M->201M(256M), 0.0037594 secs]
Application time: 0.0249575 seconds
[GC pause (G1 Evacuation Pause) (young) (initial-mark) 225M->201M(256M), 0.0029663 secs]
[GC concurrent-root-region-scan-start]
[GC concurrent-root-region-scan-end, 0.0004788 secs]
[GC concurrent-mark-start]
Application time: 0.0400525 seconds
[GC pause (G1 Evacuation Pause) (young) 225M->201M(256M), 0.0026443 secs]
Application time: 0.0392428 seconds
[GC pause (G1 Evacuation Pause) (young) 225M->201M(256M), 0.0028117 secs]
Application time: 0.0380708 seconds
[GC pause (G1 Evacuation Pause) (young) 225M->201M(256M), 0.0028228 secs]
Application time: 0.0367689 seconds
[GC pause (G1 Evacuation Pause) (young) 225M->201M(256M), 0.0029254 secs]
Application time: 0.0379506 seconds
[GC pause (G1 Evacuation Pause) (young) 225M->201M(256M), 0.0027203 secs]
Application time: 0.0356854 seconds
[GC pause (G1 Evacuation Pause) (young) 225M->201M(256M), 0.0027384 secs]
Application time: 0.0440425 seconds
[GC pause (G1 Evacuation Pause) (young) 225M->201M(256M), 0.0027316 secs]
[GC concurrent-mark-end, 0.3351366 secs]
Application time: 0.0329401 seconds
[GC remark, 0.0072095 secs]
Application time: 0.0000754 seconds
[GC cleanup 216M->216M(256M), 0.0020683 secs]
Application time: 0.0106967 seconds
[GC pause (G1 Evacuation Pause) (young) 225M->201M(256M), 0.0026936 secs]
Application time: 0.0119242 seconds
[GC pause (G1 Evacuation Pause) (mixed) 212M->201M(256M), 0.0037688 secs]
Application time: 0.0253059 seconds
[GC pause (G1 Evacuation Pause) (young) 225M->201M(256M), 0.0044061 secs]
Application time: 0.0325013 seconds
[GC pause (G1 Evacuation Pause) (young) (initial-mark) 225M->201M(256M), 0.0027458 secs]
[GC concurrent-root-region-scan-start]
[GC concurrent-root-region-scan-end, 0.0005885 secs]
[GC concurrent-mark-start]
Application time: 0.0369786 seconds
[GC pause (G1 Evacuation Pause) (young) 225M->201M(256M), 0.0027891 secs]
Application time: 0.0395892 seconds
[GC pause (G1 Evacuation Pause) (young) 225M->201M(256M), 0.0025890 secs]
Application time: 0.0371034 seconds
[GC pause (G1 Evacuation Pause) (young) 225M->201M(256M), 0.0025527 secs]
Application time: 0.0326739 seconds
[GC pause (G1 Evacuation Pause) (young) 225M->201M(256M), 0.0026622 secs]
Application time: 0.0491609 seconds
[GC pause (G1 Evacuation Pause) (young) 225M->201M(256M), 0.0026873 secs]
[GC concurrent-mark-end, 0.2621794 secs]
Application time: 0.0482198 seconds
[GC remark, 0.0064402 secs]
Application time: 0.0000811 seconds
[GC cleanup 225M->225M(256M), 0.0019588 secs]
Application time: 0.0009387 seconds
[GC pause (G1 Evacuation Pause) (young) 225M->201M(256M), 0.0023854 secs]
Application time: 0.0137462 seconds
[GC pause (G1 Evacuation Pause) (mixed) 212M->201M(256M), 0.0034682 secs]
Application time: 0.0310161 seconds
[GC pause (G1 Evacuation Pause) (young) 225M->201M(256M), 0.0035740 secs]
Application time: 0.0248095 seconds
[GC pause (G1 Evacuation Pause) (young) (initial-mark) 225M->202M(256M), 0.0027778 secs]
[GC concurrent-root-region-scan-start]
[GC concurrent-root-region-scan-end, 0.0004849 secs]
[GC concurrent-mark-start]
Application time: 0.0394308 seconds
[GC pause (G1 Evacuation Pause) (young) 226M->202M(256M), 0.0027754 secs]
Application time: 0.0367910 seconds
[GC pause (G1 Evacuation Pause) (young) 226M->202M(256M), 0.0024571 secs]
Application time: 0.0395082 seconds
[GC pause (G1 Evacuation Pause) (young) 226M->202M(256M), 0.0028151 secs]
Application time: 0.0624332 seconds
[GC pause (G1 Evacuation Pause) (young) 226M->202M(256M), 0.0028422 secs]
[GC concurrent-mark-end, 0.2458026 secs]
Application time: 0.0500776 seconds
[GC remark, 0.0061388 secs]
Application time: 0.0007336 seconds
[GC pause (G1 Evacuation Pause) (young) 226M->202M(256M), 0.0025319 secs]
Application time: 0.0027475 seconds
[GC cleanup 203M->203M(256M), 0.0018526 secs]
Application time: 0.0244071 seconds
[GC pause (G1 Evacuation Pause) (young) 226M->202M(256M), 0.0028191 secs]
Application time: 0.0170092 seconds
[GC pause (G1 Evacuation Pause) (mixed) 213M->201M(256M), 0.0030949 secs]
Application time: 0.0247317 seconds
[GC pause (G1 Evacuation Pause) (young) 225M->202M(256M), 0.0036672 secs]
Application time: 0.0245706 seconds
[GC pause (G1 Evacuation Pause) (young) (initial-mark) 226M->202M(256M), 0.0026626 secs]
[GC concurrent-root-region-scan-start]
[GC concurrent-root-region-scan-end, 0.0005042 secs]
[GC concurrent-mark-start]
Application time: 0.0544302 seconds
[GC pause (G1 Evacuation Pause) (young) 226M->202M(256M), 0.0025802 secs]
Application time: 0.0519043 seconds
[GC pause (G1 Evacuation Pause) (young) 226M->202M(256M), 0.0024128 secs]
Application time: 0.0389484 seconds
[GC pause (G1 Evacuation Pause) (young) 226M->202M(256M), 0.0027363 secs]
Application time: 0.0416643 seconds
[GC pause (G1 Evacuation Pause) (young) 226M->202M(256M), 0.0025922 secs]
[GC concurrent-mark-end, 0.2158452 secs]
Application time: 0.0174755 seconds
[GC remark, 0.0062056 secs]
Application time: 0.0000723 seconds
[GC cleanup 210M->210M(256M), 0.0020351 secs]
Application time: 0.0188591 seconds
[GC pause (G1 Evacuation Pause) (young) 226M->202M(256M), 0.0026456 secs]
Application time: 0.0117262 seconds
[GC pause (G1 Evacuation Pause) (mixed) 213M->201M(256M), 0.0031885 secs]
Application time: 0.0246514 seconds
[GC pause (G1 Evacuation Pause) (young) 225M->201M(256M), 0.0030796 secs]
Application time: 0.0256829 seconds
[GC pause (G1 Evacuation Pause) (young) (initial-mark) 225M->201M(256M), 0.0022523 secs]
[GC concurrent-root-region-scan-start]
[GC concurrent-root-region-scan-end, 0.0003421 secs]
[GC concurrent-mark-start]
Application time: 0.0688690 seconds
[GC pause (G1 Evacuation Pause) (young) 225M->201M(256M), 0.0022049 secs]
Application time: 0.0609756 seconds
[GC pause (G1 Evacuation Pause) (young) 225M->201M(256M), 0.0021539 secs]
[GC concurrent-mark-end, 0.1709870 secs]
Application time: 0.0362535 seconds
[GC remark, 0.0053632 secs]
Application time: 0.0000896 seconds
[GC cleanup 216M->216M(256M), 0.0017915 secs]
Application time: 0.0147993 seconds
[GC pause (G1 Evacuation Pause) (young) 225M->201M(256M), 0.0019827 secs]
Application time: 0.0122284 seconds
[GC pause (G1 Evacuation Pause) (mixed) 212M->201M(256M), 0.0028310 secs]
Application time: 0.0267859 seconds
[GC pause (G1 Evacuation Pause) (young) 225M->201M(256M), 0.0033664 secs]
Application time: 0.0268516 seconds
[GC pause (G1 Evacuation Pause) (young) (initial-mark) 225M->201M(256M), 0.0024994 secs]
[GC concurrent-root-region-scan-start]
[GC concurrent-root-region-scan-end, 0.0003784 secs]
[GC concurrent-mark-start]
Application time: 0.0498729 seconds
[GC pause (G1 Evacuation Pause) (young) 225M->201M(256M), 0.0022931 secs]
Application time: 0.0388190 seconds
[GC pause (G1 Evacuation Pause) (young) 225M->201M(256M), 0.0025533 secs]
Application time: 0.0376100 seconds
[GC pause (G1 Evacuation Pause) (young) 225M->201M(256M), 0.0023863 secs]
Application time: 0.0458133 seconds
[GC pause (G1 Evacuation Pause) (young) 225M->201M(256M), 0.0022907 secs]
Application time: 0.0464976 seconds
[GC pause (G1 Evacuation Pause) (young) 225M->201M(256M), 0.0025182 secs]
[GC concurrent-mark-end, 0.2922818 secs]
Application time: 0.0555636 seconds
[GC remark, 0.0075995 secs]
Application time: 0.0000539 seconds
[GC cleanup 224M->224M(256M), 0.0019898 secs]
Application time: 0.0050741 seconds
[GC pause (G1 Evacuation Pause) (young) 225M->201M(256M), 0.0023516 secs]
Application time: 0.0140541 seconds
[GC pause (G1 Evacuation Pause) (mixed) 212M->201M(256M), 0.0033782 secs]
Application time: 0.0293449 seconds
[GC pause (G1 Evacuation Pause) (young) 226M->201M(256M), 0.0041074 secs]
Application time: 0.0288229 seconds
[GC pause (G1 Evacuation Pause) (young) (initial-mark) 225M->201M(256M), 0.0027252 secs]
[GC concurrent-root-region-scan-start]
[GC concurrent-root-region-scan-end, 0.0003603 secs]
[GC concurrent-mark-start]
Application time: 0.0434928 seconds
[GC pause (G1 Evacuation Pause) (young) 225M->201M(256M), 0.0021867 secs]
Application time: 0.0405797 seconds
[GC pause (G1 Evacuation Pause) (young) 225M->201M(256M), 0.0023895 secs]
Application time: 0.0382050 seconds
[GC pause (G1 Evacuation Pause) (young) 225M->201M(256M), 0.0024545 secs]
Application time: 0.0396173 seconds
[GC pause (G1 Evacuation Pause) (young) 225M->201M(256M), 0.0023715 secs]
Application time: 0.0426779 seconds
[GC pause (G1 Evacuation Pause) (young) 225M->201M(256M), 0.0024534 secs]
Application time: 0.0387611 seconds
[GC pause (G1 Evacuation Pause) (young) 225M->201M(256M), 0.0022058 secs]
Application time: 0.0372529 seconds
[GC pause (G1 Evacuation Pause) (young) 225M->201M(256M), 0.0021814 secs]
Application time: 0.0356793 seconds
[GC pause (G1 Evacuation Pause) (young) 225M->201M(256M), 0.0022364 secs]
Application time: 0.0413273 seconds
[GC pause (G1 Evacuation Pause) (young) 225M->201M(256M), 0.0021617 secs]
[GC concurrent-mark-end, 0.4046923 secs]
Application time: 0.0081650 seconds
[GC remark, 0.0053260 secs]
Application time: 0.0000703 seconds
[GC cleanup 205M->205M(256M), 0.0018102 secs]
Application time: 0.0318527 seconds
[GC pause (G1 Evacuation Pause) (young) 225M->201M(256M), 0.0022237 secs]
Application time: 0.0121969 seconds
[GC pause (G1 Evacuation Pause) (mixed) 212M->201M(256M), 0.0018914 secs]
Application time: 0.0257512 seconds
[GC pause (G1 Evacuation Pause) (young) 225M->201M(256M), 0.0021843 secs]
Application time: 0.0258470 seconds
[GC pause (G1 Evacuation Pause) (young) (initial-mark) 225M->201M(256M), 0.0023871 secs]
[GC concurrent-root-region-scan-start]
[GC concurrent-root-region-scan-end, 0.0003899 secs]
[GC concurrent-mark-start]
Application time: 0.0609336 seconds
[GC pause (G1 Evacuation Pause) (young) 225M->201M(256M), 0.0021133 secs]
Application time: 0.0555837 seconds
[GC pause (G1 Evacuation Pause) (young) 225M->201M(256M), 0.0020657 secs]
Application time: 0.0551869 seconds
[GC pause (G1 Evacuation Pause) (young) 225M->201M(256M), 0.0019562 secs]
[GC concurrent-mark-end, 0.1809072 secs]
Application time: 0.0030433 seconds
[GC remark, 0.0077536 secs]
Application time: 0.0000466 seconds
[GC cleanup 202M->202M(256M), 0.0017807 secs]
Application time: 0.0310496 seconds
[GC pause (G1 Evacuation Pause) (young) 225M->201M(256M), 0.0022703 secs]
Application time: 0.0136529 seconds
[GC pause (G1 Evacuation Pause) (mixed) 212M->201M(256M), 0.0019522 secs]
Application time: 0.0287066 seconds
[GC pause (G1 Evacuation Pause) (young) 226M->201M(256M), 0.0020704 secs]
Application time: 0.0283867 seconds
[GC pause (G1 Evacuation Pause) (young) (initial-mark) 226M->201M(256M), 0.0025750 secs]
[GC concurrent-root-region-scan-start]
[GC concurrent-root-region-scan-end, 0.0004465 secs]
[GC concurrent-mark-start]
Application time: 0.0654568 seconds
[GC pause (G1 Evacuation Pause) (young) 226M->201M(256M), 0.0018617 secs]
Application time: 0.0631124 seconds
[GC pause (G1 Evacuation Pause) (young) 226M->201M(256M), 0.0020448 secs]
[GC concurrent-mark-end, 0.1838521 secs]
Application time: 0.0509163 seconds
[GC remark, 0.0056945 secs]
Application time: 0.0001049 seconds
[GC cleanup 222M->222M(256M), 0.0017485 secs]
Application time: 0.0090677 seconds
[GC pause (G1 Evacuation Pause) (young) 226M->201M(256M), 0.0021011 secs]
Application time: 0.0270921 seconds
[GC pause (G1 Evacuation Pause) (young) 226M->201M(256M), 0.0020987 secs]
Application time: 0.0259175 seconds
[GC pause (G1 Evacuation Pause) (young) (initial-mark) 225M->201M(256M), 0.0022314 secs]
[GC concurrent-root-region-scan-start]
[GC concurrent-root-region-scan-end, 0.0003506 secs]
[GC concurrent-mark-start]
Application time: 0.0647756 seconds
[GC pause (G1 Evacuation Pause) (young) 225M->201M(256M), 0.0024254 secs]
Application time: 0.0562783 seconds
[GC pause (G1 Evacuation Pause) (young) 225M->201M(256M), 0.0020041 secs]
Application time: 0.0430572 seconds
[GC pause (G1 Evacuation Pause) (young) 225M->201M(256M), 0.0021955 secs]
[GC concurrent-mark-end, 0.2137910 secs]
Application time: 0.0397067 seconds
[GC remark, 0.0055049 secs]
Application time: 0.0037389 seconds
[GC cleanup 220M->220M(256M), 0.0018517 secs]
Application time: 0.0121661 seconds
[GC pause (G1 Evacuation Pause) (young) 225M->201M(256M), 0.0020017 secs]
Application time: 0.0259117 seconds
[GC pause (G1 Evacuation Pause) (young) 225M->201M(256M), 0.0020770 secs]
Application time: 0.0254551 seconds
[GC pause (G1 Evacuation Pause) (young) (initial-mark) 225M->201M(256M), 0.0023226 secs]
[GC concurrent-root-region-scan-start]
[GC concurrent-root-region-scan-end, 0.0003791 secs]
[GC concurrent-mark-start]
Application time: 0.0558212 seconds
[GC pause (G1 Evacuation Pause) (young) 225M->201M(256M), 0.0020384 secs]
Application time: 0.0557942 seconds
[GC pause (G1 Evacuation Pause) (young) 225M->201M(256M), 0.0022052 secs]
Application time: 0.0537980 seconds
[GC pause (G1 Evacuation Pause) (young) 225M->201M(256M), 0.0019792 secs]
[GC concurrent-mark-end, 0.1872595 secs]
Application time: 0.0145650 seconds
[GC remark, 0.0054195 secs]
Application time: 0.0008926 seconds
[GC cleanup 208M->208M(256M), 0.0018197 secs]
Application time: 0.0201843 seconds
[GC pause (G1 Evacuation Pause) (young) 225M->201M(256M), 0.0020593 secs]
Application time: 0.0118158 seconds
[GC pause (G1 Evacuation Pause) (mixed) 212M->200M(256M), 0.0030617 secs]
Application time: 0.0267920 seconds
[GC pause (G1 Evacuation Pause) (young) 225M->201M(256M), 0.0037207 secs]
Application time: 0.0293004 seconds
[GC pause (G1 Evacuation Pause) (young) (initial-mark) 226M->201M(256M), 0.0023831 secs]
[GC concurrent-root-region-scan-start]
[GC concurrent-root-region-scan-end, 0.0003726 secs]
[GC concurrent-mark-start]
Application time: 0.0644856 seconds
[GC pause (G1 Evacuation Pause) (young) 226M->201M(256M), 0.0022247 secs]
Application time: 0.0584402 seconds
[GC pause (G1 Evacuation Pause) (young) 226M->201M(256M), 0.0022426 secs]
Application time: 0.0413700 seconds
[GC pause (G1 Evacuation Pause) (young) 226M->201M(256M), 0.0021106 secs]
Application time: 0.0380951 seconds
[GC pause (G1 Evacuation Pause) (young) 226M->201M(256M), 0.0022400 secs]
Application time: 0.0376108 seconds
[GC pause (G1 Evacuation Pause) (young) 226M->201M(256M), 0.0022846 secs]
[GC concurrent-mark-end, 0.2606281 secs]
Application time: 0.0065013 seconds
[GC remark, 0.0056737 secs]
Application time: 0.0000472 seconds
[GC cleanup 204M->204M(256M), 0.0017259 secs]
Application time: 0.0262286 seconds
[GC pause (G1 Evacuation Pause) (young) 226M->201M(256M), 0.0025117 secs]
Application time: 0.0268205 seconds
[GC pause (G1 Evacuation Pause) (young) 226M->201M(256M), 0.0023611 secs]
Application time: 0.0270670 seconds
[GC pause (G1 Evacuation Pause) (young) (initial-mark) 226M->201M(256M), 0.0027002 secs]
[GC concurrent-root-region-scan-start]
[GC concurrent-root-region-scan-end, 0.0003852 secs]
[GC concurrent-mark-start]
Application time: 0.0444377 seconds
[GC pause (G1 Evacuation Pause) (young) 226M->201M(256M), 0.0023311 secs]
Application time: 0.0405118 seconds
[GC pause (G1 Evacuation Pause) (young) 226M->201M(256M), 0.0023104 secs]
Application time: 0.0634383 seconds
[GC pause (G1 Evacuation Pause) (young) 226M->201M(256M), 0.0023435 secs]
Application time: 0.0627390 seconds
[GC pause (G1 Evacuation Pause) (young) 226M->201M(256M), 0.0024011 secs]
[GC concurrent-mark-end, 0.2334020 secs]
Application time: 0.0068199 seconds
[GC remark, 0.0057400 secs]
Application time: 0.0000498 seconds
[GC cleanup 204M->204M(256M), 0.0018019 secs]
Application time: 0.0278032 seconds
[GC pause (G1 Evacuation Pause) (young) 226M->201M(256M), 0.0023839 secs]
Application time: 0.0310015 seconds
[GC pause (G1 Evacuation Pause) (young) 226M->201M(256M), 0.0023119 secs]
Application time: 0.0264388 seconds
[GC pause (G1 Evacuation Pause) (young) (initial-mark) 226M->201M(256M), 0.0024901 secs]
[GC concurrent-root-region-scan-start]
[GC concurrent-root-region-scan-end, 0.0003619 secs]
[GC concurrent-mark-start]
Application time: 0.0637746 seconds
[GC pause (G1 Evacuation Pause) (young) 226M->201M(256M), 0.0024386 secs]
Application time: 0.0633907 seconds
[GC pause (G1 Evacuation Pause) (young) 226M->201M(256M), 0.0024327 secs]
[GC concurrent-mark-end, 0.1831696 secs]
Application time: 0.0505692 seconds
[GC remark, 0.0054359 secs]
Application time: 0.0000568 seconds
[GC cleanup 221M->221M(256M), 0.0022404 secs]
Application time: 0.0076729 seconds
[GC pause (G1 Evacuation Pause) (young) 225M->201M(256M), 0.0021594 secs]
Application time: 0.0135708 seconds
[GC pause (G1 Evacuation Pause) (mixed) 212M->201M(256M), 0.0027697 secs]
Application time: 0.0263706 seconds
[GC pause (G1 Evacuation Pause) (young) 226M->201M(256M), 0.0030265 secs]
Application time: 0.0261049 seconds
[GC pause (G1 Evacuation Pause) (young) (initial-mark) 226M->201M(256M), 0.0025673 secs]
[GC concurrent-root-region-scan-start]
[GC concurrent-root-region-scan-end, 0.0003748 secs]
[GC concurrent-mark-start]
Application time: 0.0639383 seconds
[GC pause (G1 Evacuation Pause) (young) 226M->201M(256M), 0.0023608 secs]
Application time: 0.0427244 seconds
[GC pause (G1 Evacuation Pause) (young) 226M->201M(256M), 0.0023964 secs]
Application time: 0.0417547 seconds
[GC pause (G1 Evacuation Pause) (young) 226M->201M(256M), 0.0023331 secs]
Application time: 0.0555443 seconds
[GC pause (G1 Evacuation Pause) (young) 226M->201M(256M), 0.0023149 secs]
[GC concurrent-mark-end, 0.2387142 secs]
Application time: 0.0132626 seconds
[GC remark, 0.0053637 secs]
Application time: 0.0035610 seconds
[GC cleanup 209M->209M(256M), 0.0018343 secs]
Application time: 0.0196200 seconds
[GC pause (G1 Evacuation Pause) (young) 226M->201M(256M), 0.0024676 secs]
Application time: 0.0265687 seconds
[GC pause (G1 Evacuation Pause) (young) 226M->201M(256M), 0.0024503 secs]
Application time: 0.0272612 seconds
[GC pause (G1 Evacuation Pause) (young) (initial-mark) 226M->201M(256M), 0.0027918 secs]
[GC concurrent-root-region-scan-start]
[GC concurrent-root-region-scan-end, 0.0004239 secs]
[GC concurrent-mark-start]
Application time: 0.0420101 seconds
[GC pause (G1 Evacuation Pause) (young) 226M->201M(256M), 0.0023784 secs]
Application time: 0.0411641 seconds
[GC pause (G1 Evacuation Pause) (young) 226M->201M(256M), 0.0022808 secs]
Application time: 0.0525298 seconds
[GC pause (G1 Evacuation Pause) (young) 226M->201M(256M), 0.0023289 secs]
Application time: 0.0559203 seconds
[GC pause (G1 Evacuation Pause) (young) 226M->201M(256M), 0.0025244 secs]
[GC concurrent-mark-end, 0.2414653 secs]
Application time: 0.0388506 seconds
[GC remark, 0.0054820 secs]
Application time: 0.0000553 seconds
[GC cleanup 218M->218M(256M), 0.0017572 secs]
Application time: 0.0151510 seconds
[GC pause (G1 Evacuation Pause) (young) 226M->201M(256M), 0.0032993 secs]
Application time: 0.0320220 seconds
[GC pause (G1 Evacuation Pause) (young) 226M->201M(256M), 0.0032695 secs]
Application time: 0.0292456 seconds
[GC pause (G1 Evacuation Pause) (young) (initial-mark) 225M->201M(256M), 0.0032565 secs]
[GC concurrent-root-region-scan-start]
[GC concurrent-root-region-scan-end, 0.0004531 secs]
[GC concurrent-mark-start]
Application time: 0.0647650 seconds
[GC pause (G1 Evacuation Pause) (young) 225M->201M(256M), 0.0027340 secs]
Application time: 0.0404637 seconds
[GC pause (G1 Evacuation Pause) (young) 225M->201M(256M), 0.0029337 secs]
Application time: 0.0557949 seconds
[GC pause (G1 Evacuation Pause) (young) 225M->201M(256M), 0.0029692 secs]
[GC concurrent-mark-end, 0.2252702 secs]
Application time: 0.0493562 seconds
[GC remark, 0.0066954 secs]
Application time: 0.0000898 seconds
[GC cleanup 222M->222M(256M), 0.0019920 secs]
Application time: 0.0072560 seconds
[GC pause (G1 Evacuation Pause) (young) 225M->201M(256M), 0.0026602 secs]
Application time: 0.0190635 seconds
[GC pause (G1 Evacuation Pause) (mixed) 212M->200M(256M), 0.0037134 secs]
Application time: 0.0277293 seconds
[GC pause (G1 Evacuation Pause) (young) 225M->201M(256M), 0.0045541 secs]
Application time: 0.0275761 seconds
[GC pause (G1 Evacuation Pause) (young) (initial-mark) 226M->201M(256M), 0.0031490 secs]
[GC concurrent-root-region-scan-start]
[GC concurrent-root-region-scan-end, 0.0004955 secs]
[GC concurrent-mark-start]
Application time: 0.0548501 seconds
[GC pause (G1 Evacuation Pause) (young) 226M->201M(256M), 0.0028893 secs]
Application time: 0.0393657 seconds
[GC pause (G1 Evacuation Pause) (young) 225M->201M(256M), 0.0029393 secs]
Application time: 0.0576018 seconds
[GC pause (G1 Evacuation Pause) (young) 225M->201M(256M), 0.0027553 secs]
Application time: 0.0388239 seconds
[GC pause (G1 Evacuation Pause) (young) 225M->201M(256M), 0.0027719 secs]
Application time: 0.0397664 seconds
[GC pause (G1 Evacuation Pause) (young) 225M->201M(256M), 0.0028823 secs]
[GC concurrent-mark-end, 0.2975470 secs]
Application time: 0.0444488 seconds
[GC remark, 0.0066221 secs]
Application time: 0.0000887 seconds
[GC cleanup 222M->222M(256M), 0.0020833 secs]
Application time: 0.0073896 seconds
[GC pause (G1 Evacuation Pause) (young) 225M->201M(256M), 0.0026161 secs]
Application time: 0.0124162 seconds
[GC pause (G1 Evacuation Pause) (mixed) 212M->201M(256M), 0.0031390 secs]
Application time: 0.0265022 seconds
[GC pause (G1 Evacuation Pause) (young) 226M->201M(256M), 0.0038154 secs]
Application time: 0.0269393 seconds
[GC pause (G1 Evacuation Pause) (young) (initial-mark) 226M->201M(256M), 0.0027771 secs]
[GC concurrent-root-region-scan-start]
[GC concurrent-root-region-scan-end, 0.0004743 secs]
[GC concurrent-mark-start]
Application time: 0.0635451 seconds
[GC pause (G1 Evacuation Pause) (young) 226M->201M(256M), 0.0034538 secs]
Application time: 0.0561443 seconds
[GC pause (G1 Evacuation Pause) (young) 226M->201M(256M), 0.0028999 secs]
Application time: 0.0552394 seconds
[GC pause (G1 Evacuation Pause) (young) 226M->201M(256M), 0.0028921 secs]
[GC concurrent-mark-end, 0.1867480 secs]
Application time: 0.0016749 seconds
[GC remark, 0.0064005 secs]
Application time: 0.0030040 seconds
[GC cleanup 203M->203M(256M), 0.0019423 secs]
Application time: 0.0281366 seconds
[GC pause (G1 Evacuation Pause) (young) 226M->201M(256M), 0.0030263 secs]
Application time: 0.0270020 seconds
[GC pause (G1 Evacuation Pause) (young) 226M->201M(256M), 0.0025659 secs]
Application time: 0.0268355 seconds
[GC pause (G1 Evacuation Pause) (young) (initial-mark) 226M->201M(256M), 0.0029197 secs]
[GC concurrent-root-region-scan-start]
[GC concurrent-root-region-scan-end, 0.0004861 secs]
[GC concurrent-mark-start]
Application time: 0.0586131 seconds
[GC pause (G1 Evacuation Pause) (young) 226M->201M(256M), 0.0027072 secs]
Application time: 0.0567705 seconds
[GC pause (G1 Evacuation Pause) (young) 226M->201M(256M), 0.0030550 secs]
Application time: 0.0567262 seconds
[GC pause (G1 Evacuation Pause) (young) 226M->201M(256M), 0.0028210 secs]
[GC concurrent-mark-end, 0.1917383 secs]
Application time: 0.0100707 seconds
[GC remark, 0.0079158 secs]
Application time: 0.0001013 seconds
[GC cleanup 206M->206M(256M), 0.0019951 secs]
Application time: 0.0239585 seconds
[GC pause (G1 Evacuation Pause) (young) 225M->201M(256M), 0.0029824 secs]
Application time: 0.0122724 seconds
[GC pause (G1 Evacuation Pause) (mixed) 212M->200M(256M), 0.0038932 secs]
Application time: 0.0271838 seconds
[GC pause (G1 Evacuation Pause) (young) 225M->200M(256M), 0.0046455 secs]
Application time: 0.0268893 seconds
[GC pause (G1 Evacuation Pause) (young) (initial-mark) 225M->201M(256M), 0.0029401 secs]
[GC concurrent-root-region-scan-start]
[GC concurrent-root-region-scan-end, 0.0004746 secs]
[GC concurrent-mark-start]
Application time: 0.0576606 seconds
[GC pause (G1 Evacuation Pause) (young) 226M->201M(256M), 0.0028263 secs]
Application time: 0.0491636 seconds
[GC pause (G1 Evacuation Pause) (young) 226M->201M(256M), 0.0027391 secs]
Application time: 0.0362787 seconds
[GC pause (G1 Evacuation Pause) (young) 226M->201M(256M), 0.0027627 secs]
Application time: 0.0588460 seconds
[GC pause (G1 Evacuation Pause) (young) 226M->201M(256M), 0.0028734 secs]
[GC concurrent-mark-end, 0.2355464 secs]
Application time: 0.0178149 seconds
[GC remark, 0.0064144 secs]
Application time: 0.0001016 seconds
[GC cleanup 209M->209M(256M), 0.0019116 secs]
Application time: 0.0219401 seconds
[GC pause (G1 Evacuation Pause) (young) 226M->201M(256M), 0.0027698 secs]
Application time: 0.0275836 seconds
[GC pause (G1 Evacuation Pause) (young) 226M->201M(256M), 0.0027314 secs]
Application time: 0.0275950 seconds
[GC pause (G1 Evacuation Pause) (young) (initial-mark) 226M->201M(256M), 0.0031692 secs]
[GC concurrent-root-region-scan-start]
[GC concurrent-root-region-scan-end, 0.0005610 secs]
[GC concurrent-mark-start]
Application time: 0.0446890 seconds
[GC pause (G1 Evacuation Pause) (young) 226M->201M(256M), 0.0027857 secs]
Application time: 0.0424868 seconds
[GC pause (G1 Evacuation Pause) (young) 226M->201M(256M), 0.0030277 secs]
Application time: 0.0413247 seconds
[GC pause (G1 Evacuation Pause) (young) 226M->201M(256M), 0.0028123 secs]
Application time: 0.0455607 seconds
[GC pause (G1 Evacuation Pause) (young) 226M->201M(256M), 0.0028629 secs]
[GC concurrent-mark-end, 0.2626791 secs]
Application time: 0.0756953 seconds
[GC remark, 0.0060737 secs]
Application time: 0.0000811 seconds
[GC cleanup 224M->224M(256M), 0.0017892 secs]
Application time: 0.0060094 seconds
[GC pause (G1 Evacuation Pause) (young) 226M->201M(256M), 0.0021427 secs]
Application time: 0.0352854 seconds
[GC pause (G1 Evacuation Pause) (young) 226M->201M(256M), 0.0023823 secs]
Application time: 0.0270475 seconds
[GC pause (G1 Evacuation Pause) (young) (initial-mark) 226M->201M(256M), 0.0026254 secs]
[GC concurrent-root-region-scan-start]
[GC concurrent-root-region-scan-end, 0.0005346 secs]
[GC concurrent-mark-start]
Application time: 0.0427501 seconds
[GC pause (G1 Evacuation Pause) (young) 226M->201M(256M), 0.0024905 secs]
Application time: 0.0601330 seconds
[GC pause (G1 Evacuation Pause) (young) 226M->201M(256M), 0.0026005 secs]
Application time: 0.0602042 seconds
[GC pause (G1 Evacuation Pause) (young) 226M->201M(256M), 0.0022912 secs]
[GC concurrent-mark-end, 0.2152140 secs]
Application time: 0.0392282 seconds
[GC remark, 0.0058802 secs]
Application time: 0.0000973 seconds
[GC cleanup 218M->218M(256M), 0.0016533 secs]
Application time: 0.0132706 seconds
[GC pause (G1 Evacuation Pause) (young) 226M->201M(256M), 0.0023782 secs]
Application time: 0.0272964 seconds
[GC pause (G1 Evacuation Pause) (young) 226M->201M(256M), 0.0025071 secs]
Application time: 0.0279358 seconds
[GC pause (G1 Evacuation Pause) (young) (initial-mark) 226M->201M(256M), 0.0026557 secs]
[GC concurrent-root-region-scan-start]
[GC concurrent-root-region-scan-end, 0.0004092 secs]
[GC concurrent-mark-start]
Application time: 0.0426630 seconds
[GC pause (G1 Evacuation Pause) (young) 226M->201M(256M), 0.0024265 secs]
Application time: 0.0462177 seconds
[GC pause (G1 Evacuation Pause) (young) 226M->201M(256M), 0.0025666 secs]
Application time: 0.0439181 seconds
[GC pause (G1 Evacuation Pause) (young) 226M->201M(256M), 0.0024533 secs]
Application time: 0.0648780 seconds
[GC pause (G1 Evacuation Pause) (young) 225M->201M(256M), 0.0024846 secs]
Application time: 0.0671897 seconds
[GC pause (G1 Evacuation Pause) (young) 225M->201M(256M), 0.0025500 secs]
[GC concurrent-mark-end, 0.3397535 secs]
Application time: 0.0498212 seconds
[GC remark, 0.0059733 secs]
Application time: 0.0001116 seconds
[GC cleanup 222M->222M(256M), 0.0017938 secs]
Application time: 0.0087433 seconds
[GC pause (G1 Evacuation Pause) (young) 225M->201M(256M), 0.0021679 secs]
Application time: 0.0193266 seconds
[GC pause (G1 Evacuation Pause) (mixed) 212M->201M(256M), 0.0027446 secs]
Application time: 0.0282124 seconds
[GC pause (G1 Evacuation Pause) (young) 226M->201M(256M), 0.0031940 secs]
Application time: 0.0279920 seconds
[GC pause (G1 Evacuation Pause) (young) (initial-mark) 226M->201M(256M), 0.0026523 secs]
[GC concurrent-root-region-scan-start]
[GC concurrent-root-region-scan-end, 0.0003760 secs]
[GC concurrent-mark-start]
Application time: 0.0648691 seconds
[GC pause (G1 Evacuation Pause) (young) 226M->201M(256M), 0.0023416 secs]
Application time: 0.0624658 seconds
[GC pause (G1 Evacuation Pause) (young) 226M->201M(256M), 0.0022977 secs]
[GC concurrent-mark-end, 0.1753823 secs]
Application time: 0.0428243 seconds
[GC remark, 0.0056271 secs]
Application time: 0.0001012 seconds
[GC cleanup 219M->219M(256M), 0.0016441 secs]
Application time: 0.0109861 seconds
[GC pause (G1 Evacuation Pause) (young) 226M->201M(256M), 0.0021978 secs]
Application time: 0.0272777 seconds
[GC pause (G1 Evacuation Pause) (young) 226M->201M(256M), 0.0024144 secs]
Application time: 0.0275936 seconds
[GC pause (G1 Evacuation Pause) (young) (initial-mark) 226M->201M(256M), 0.0026620 secs]
[GC concurrent-root-region-scan-start]
[GC concurrent-root-region-scan-end, 0.0004151 secs]
[GC concurrent-mark-start]
Application time: 0.0624128 seconds
[GC pause (G1 Evacuation Pause) (young) 226M->201M(256M), 0.0023650 secs]
Application time: 0.0632237 seconds
[GC pause (G1 Evacuation Pause) (young) 226M->201M(256M), 0.0024844 secs]
[GC concurrent-mark-end, 0.1779638 secs]
Application time: 0.0471995 seconds
[GC remark, 0.0062384 secs]
Application time: 0.0000564 seconds
[GC cleanup 218M->218M(256M), 0.0018466 secs]
Application time: 0.0115776 seconds
[GC pause (G1 Evacuation Pause) (young) 226M->201M(256M), 0.0023535 secs]
Application time: 0.0308382 seconds
[GC pause (G1 Evacuation Pause) (young) 226M->201M(256M), 0.0023206 secs]
Application time: 0.0265469 seconds
[GC pause (G1 Evacuation Pause) (young) (initial-mark) 226M->201M(256M), 0.0024684 secs]
[GC concurrent-root-region-scan-start]
[GC concurrent-root-region-scan-end, 0.0003699 secs]
[GC concurrent-mark-start]
Application time: 0.0413878 seconds
[GC pause (G1 Evacuation Pause) (young) 225M->201M(256M), 0.0022842 secs]
Application time: 0.0589921 seconds
[GC pause (G1 Evacuation Pause) (young) 225M->201M(256M), 0.0024672 secs]
Application time: 0.0591662 seconds
[GC pause (G1 Evacuation Pause) (young) 225M->201M(256M), 0.0022562 secs]
[GC concurrent-mark-end, 0.2018447 secs]
Application time: 0.0300058 seconds
[GC remark, 0.0058049 secs]
Application time: 0.0001019 seconds
[GC cleanup 213M->213M(256M), 0.0017773 secs]
Application time: 0.0168749 seconds
[GC pause (G1 Evacuation Pause) (young) 225M->201M(256M), 0.0021839 secs]
Application time: 0.0119793 seconds
[GC pause (G1 Evacuation Pause) (mixed) 212M->201M(256M), 0.0019593 secs]
Application time: 0.0299262 seconds
[GC pause (G1 Evacuation Pause) (young) 226M->201M(256M), 0.0022625 secs]
Application time: 0.0273267 seconds
[GC pause (G1 Evacuation Pause) (young) (initial-mark) 226M->201M(256M), 0.0025154 secs]
[GC concurrent-root-region-scan-start]
[GC concurrent-root-region-scan-end, 0.0004023 secs]
[GC concurrent-mark-start]
Application time: 0.0635725 seconds
[GC pause (G1 Evacuation Pause) (young) 226M->201M(256M), 0.0023083 secs]
Application time: 0.0619291 seconds
[GC pause (G1 Evacuation Pause) (young) 226M->201M(256M), 0.0023853 secs]
[GC concurrent-mark-end, 0.1768002 secs]
Application time: 0.0460967 seconds
[GC remark, 0.0055795 secs]
Application time: 0.0000465 seconds
[GC cleanup 221M->221M(256M), 0.0016881 secs]
Application time: 0.0089718 seconds
[GC pause (G1 Evacuation Pause) (young) 226M->201M(256M), 0.0021276 secs]
Application time: 0.0273108 seconds
[GC pause (G1 Evacuation Pause) (young) 226M->201M(256M), 0.0022459 secs]
Application time: 0.0297117 seconds
[GC pause (G1 Evacuation Pause) (young) (initial-mark) 226M->201M(256M), 0.0026783 secs]
[GC concurrent-root-region-scan-start]
[GC concurrent-root-region-scan-end, 0.0003805 secs]
[GC concurrent-mark-start]
Application time: 0.0448117 seconds
[GC pause (G1 Evacuation Pause) (young) 226M->201M(256M), 0.0023579 secs]
Application time: 0.0427893 seconds
[GC pause (G1 Evacuation Pause) (young) 226M->201M(256M), 0.0023874 secs]
Application time: 0.0431586 seconds
[GC pause (G1 Evacuation Pause) (young) 226M->201M(256M), 0.0023080 secs]
Application time: 0.0606150 seconds
[GC pause (G1 Evacuation Pause) (young) 226M->201M(256M), 0.0023873 secs]
[GC concurrent-mark-end, 0.2380867 secs]
Application time: 0.0356409 seconds
[GC remark, 0.0055545 secs]
Application time: 0.0001000 seconds
[GC cleanup 216M->216M(256M), 0.0017567 secs]
Application time: 0.0173528 seconds
[GC pause (G1 Evacuation Pause) (young) 226M->201M(256M), 0.0024352 secs]
Application time: 0.0276331 seconds
[GC pause (G1 Evacuation Pause) (young) 226M->201M(256M), 0.0021945 secs]
Application time: 0.0268143 seconds
[GC pause (G1 Evacuation Pause) (young) (initial-mark) 226M->201M(256M), 0.0024359 secs]
[GC concurrent-root-region-scan-start]
[GC concurrent-root-region-scan-end, 0.0003792 secs]
[GC concurrent-mark-start]
Application time: 0.0461047 seconds
[GC pause (G1 Evacuation Pause) (young) 226M->201M(256M), 0.0022425 secs]
Application time: 0.0396003 seconds
[GC pause (G1 Evacuation Pause) (young) 225M->201M(256M), 0.0022332 secs]
Application time: 0.0403905 seconds
[GC pause (G1 Evacuation Pause) (young) 225M->201M(256M), 0.0022684 secs]
Application time: 0.0582879 seconds
[GC pause (G1 Evacuation Pause) (young) 225M->201M(256M), 0.0023397 secs]
[GC concurrent-mark-end, 0.2410007 secs]
Application time: 0.0460716 seconds
[GC remark, 0.0054732 secs]
Application time: 0.0000521 seconds
[GC cleanup 221M->221M(256M), 0.0016201 secs]
Application time: 0.0060872 seconds
[GC pause (G1 Evacuation Pause) (young) 225M->201M(256M), 0.0022553 secs]
Application time: 0.0123708 seconds
[GC pause (G1 Evacuation Pause) (mixed) 212M->201M(256M), 0.0021040 secs]
Application time: 0.0269106 seconds
[GC pause (G1 Evacuation Pause) (young) 226M->201M(256M), 0.0022508 secs]
Application time: 0.0268272 seconds
[GC pause (G1 Evacuation Pause) (young) (initial-mark) 226M->201M(256M), 0.0025394 secs]
[GC concurrent-root-region-scan-start]
[GC concurrent-root-region-scan-end, 0.0004092 secs]
[GC concurrent-mark-start]
Application time: 0.0665504 seconds
[GC pause (G1 Evacuation Pause) (young) 226M->201M(256M), 0.0022443 secs]
Application time: 0.0607059 seconds
[GC pause (G1 Evacuation Pause) (young) 226M->201M(256M), 0.0023039 secs]
[GC concurrent-mark-end, 0.1769176 secs]
Application time: 0.0445627 seconds
[GC remark, 0.0077010 secs]
Application time: 0.0000923 seconds
[GC cleanup 220M->220M(256M), 0.0017067 secs]
Application time: 0.0123966 seconds
[GC pause (G1 Evacuation Pause) (young) 226M->201M(256M), 0.0021703 secs]
Application time: 0.0275502 seconds
[GC pause (G1 Evacuation Pause) (young) 226M->201M(256M), 0.0024581 secs]
Application time: 0.0271770 seconds
[GC pause (G1 Evacuation Pause) (young) (initial-mark) 226M->201M(256M), 0.0024864 secs]
[GC concurrent-root-region-scan-start]
[GC concurrent-root-region-scan-end, 0.0003817 secs]
[GC concurrent-mark-start]
Application time: 0.0620853 seconds
[GC pause (G1 Evacuation Pause) (young) 226M->201M(256M), 0.0023851 secs]
Application time: 0.0608685 seconds
[GC pause (G1 Evacuation Pause) (young) 226M->201M(256M), 0.0023497 secs]
[GC concurrent-mark-end, 0.1743991 secs]
Application time: 0.0462027 seconds
[GC remark, 0.0058075 secs]
Application time: 0.0000478 seconds
[GC cleanup 220M->220M(256M), 0.0017141 secs]
Application time: 0.0073352 seconds
[GC pause (G1 Evacuation Pause) (young) 226M->201M(256M), 0.0023181 secs]
Application time: 0.0269302 seconds
[GC pause (G1 Evacuation Pause) (young) 226M->201M(256M), 0.0023433 secs]
Application time: 0.0267428 seconds
[GC pause (G1 Evacuation Pause) (young) (initial-mark) 226M->201M(256M), 0.0024990 secs]
[GC concurrent-root-region-scan-start]
[GC concurrent-root-region-scan-end, 0.0003546 secs]
[GC concurrent-mark-start]
Application time: 0.0470642 seconds
[GC pause (G1 Evacuation Pause) (young) 226M->201M(256M), 0.0023002 secs]
Application time: 0.0628542 seconds
[GC pause (G1 Evacuation Pause) (young) 226M->201M(256M), 0.0024249 secs]
Application time: 0.0583732 seconds
[GC pause (G1 Evacuation Pause) (young) 225M->201M(256M), 0.0023004 secs]
[GC concurrent-mark-end, 0.2096394 secs]
Application time: 0.0332793 seconds
[GC remark, 0.0058566 secs]
Application time: 0.0000996 seconds
[GC cleanup 218M->218M(256M), 0.0017736 secs]
Application time: 0.0110860 seconds
[GC pause (G1 Evacuation Pause) (young) 225M->201M(256M), 0.0023302 secs]
Application time: 0.0263351 seconds
[GC pause (G1 Evacuation Pause) (young) 225M->201M(256M), 0.0022269 secs]
Application time: 0.0275304 seconds
[GC pause (G1 Evacuation Pause) (young) (initial-mark) 225M->201M(256M), 0.0026136 secs]
[GC concurrent-root-region-scan-start]
[GC concurrent-root-region-scan-end, 0.0004553 secs]
[GC concurrent-mark-start]
Application time: 0.0438326 seconds
[GC pause (G1 Evacuation Pause) (young) 225M->201M(256M), 0.0023414 secs]
Application time: 0.0420445 seconds
[GC pause (G1 Evacuation Pause) (young) 225M->201M(256M), 0.0023242 secs]
Application time: 0.0371139 seconds
[GC pause (G1 Evacuation Pause) (young) 225M->201M(256M), 0.0023396 secs]
Application time: 0.0411774 seconds
[GC pause (G1 Evacuation Pause) (young) 225M->201M(256M), 0.0023830 secs]
Application time: 0.0401682 seconds
[GC pause (G1 Evacuation Pause) (young) 225M->201M(256M), 0.0022297 secs]
Application time: 0.0397792 seconds
[GC pause (G1 Evacuation Pause) (young) 225M->201M(256M), 0.0023590 secs]
Application time: 0.0415065 seconds
[GC pause (G1 Evacuation Pause) (young) 225M->201M(256M), 0.0029508 secs]
Application time: 0.0390912 seconds
[GC pause (G1 Evacuation Pause) (young) 225M->201M(256M), 0.0046751 secs]
[GC concurrent-mark-end, 0.3944058 secs]
Application time: 0.0321032 seconds
[GC remark, 0.0067167 secs]
Application time: 0.0004467 seconds
[GC cleanup 223M->223M(256M), 0.0017246 secs]
Application time: 0.0035087 seconds
[GC pause (G1 Evacuation Pause) (young) 225M->201M(256M), 0.0020676 secs]
Application time: 0.0120911 seconds
[GC pause (G1 Evacuation Pause) (mixed) 212M->201M(256M), 0.0020750 secs]
Application time: 0.0270543 seconds
[GC pause (G1 Evacuation Pause) (young) 226M->201M(256M), 0.0023076 secs]
Application time: 0.0317406 seconds
[GC pause (G1 Evacuation Pause) (young) (initial-mark) 226M->201M(256M), 0.0025683 secs]
[GC concurrent-root-region-scan-start]
[GC concurrent-root-region-scan-end, 0.0003908 secs]
[GC concurrent-mark-start]
Application time: 0.0482110 seconds
[GC pause (G1 Evacuation Pause) (young) 226M->201M(256M), 0.0022161 secs]
Application time: 0.0601309 seconds
[GC pause (G1 Evacuation Pause) (young) 226M->201M(256M), 0.0024226 secs]
Application time: 0.0642584 seconds
[GC pause (G1 Evacuation Pause) (young) 226M->201M(256M), 0.0029655 secs]
[GC concurrent-mark-end, 0.2026521 secs]
Application time: 0.0213944 seconds
[GC remark, 0.0064669 secs]
Application time: 0.0001092 seconds
[GC cleanup 210M->210M(256M), 0.0019465 secs]
Application time: 0.0235407 seconds
[GC pause (G1 Evacuation Pause) (young) 226M->201M(256M), 0.0028652 secs]
Application time: 0.0284988 seconds
[GC pause (G1 Evacuation Pause) (young) 226M->201M(256M), 0.0033506 secs]
Application time: 0.0270554 seconds
[GC pause (G1 Evacuation Pause) (young) (initial-mark) 225M->201M(256M), 0.0027934 secs]
[GC concurrent-root-region-scan-start]
[GC concurrent-root-region-scan-end, 0.0004510 secs]
[GC concurrent-mark-start]
Application time: 0.0520330 seconds
[GC pause (G1 Evacuation Pause) (young) 225M->201M(256M), 0.0028402 secs]
Application time: 0.0592050 seconds
[GC pause (G1 Evacuation Pause) (young) 225M->201M(256M), 0.0026931 secs]
Application time: 0.0573527 seconds
[GC pause (G1 Evacuation Pause) (young) 225M->201M(256M), 0.0027322 secs]
[GC concurrent-mark-end, 0.2118539 secs]
Application time: 0.0305565 seconds
[GC remark, 0.0063024 secs]
Application time: 0.0000976 seconds
[GC cleanup 214M->214M(256M), 0.0019846 secs]
Application time: 0.0171457 seconds
[GC pause (G1 Evacuation Pause) (young) 225M->201M(256M), 0.0025401 secs]
Application time: 0.0278363 seconds
[GC pause (G1 Evacuation Pause) (young) 225M->201M(256M), 0.0024568 secs]
Application time: 0.0294720 seconds
[GC pause (G1 Evacuation Pause) (young) (initial-mark) 225M->201M(256M), 0.0029185 secs]
[GC concurrent-root-region-scan-start]
[GC concurrent-root-region-scan-end, 0.0004884 secs]
[GC concurrent-mark-start]
Application time: 0.0408866 seconds
[GC pause (G1 Evacuation Pause) (young) 225M->201M(256M), 0.0028423 secs]
Application time: 0.0604287 seconds
[GC pause (G1 Evacuation Pause) (young) 225M->201M(256M), 0.0030519 secs]
Application time: 0.0568637 seconds
[GC pause (G1 Evacuation Pause) (young) 225M->201M(256M), 0.0028790 secs]
[GC concurrent-mark-end, 0.2196970 secs]
Application time: 0.0475647 seconds
[GC remark, 0.0063724 secs]
Application time: 0.0001240 seconds
[GC cleanup 221M->221M(256M), 0.0019514 secs]
Application time: 0.0087736 seconds
[GC pause (G1 Evacuation Pause) (young) 225M->201M(256M), 0.0028251 secs]
Application time: 0.0128542 seconds
[GC pause (G1 Evacuation Pause) (mixed) 212M->201M(256M), 0.0036368 secs]
Application time: 0.0273316 seconds
[GC pause (G1 Evacuation Pause) (young) 226M->201M(256M), 0.0040910 secs]
Application time: 0.0269911 seconds
[GC pause (G1 Evacuation Pause) (young) (initial-mark) 226M->201M(256M), 0.0027057 secs]
[GC concurrent-root-region-scan-start]
[GC concurrent-root-region-scan-end, 0.0004745 secs]
[GC concurrent-mark-start]
Application time: 0.0463815 seconds
[GC pause (G1 Evacuation Pause) (young) 225M->201M(256M), 0.0027100 secs]
Application time: 0.0625768 seconds
[GC pause (G1 Evacuation Pause) (young) 225M->201M(256M), 0.0028157 secs]
Application time: 0.0537398 seconds
[GC pause (G1 Evacuation Pause) (young) 225M->201M(256M), 0.0024604 secs]
[GC concurrent-mark-end, 0.2181455 secs]
Application time: 0.0460429 seconds
[GC remark, 0.0065404 secs]
Application time: 0.0000845 seconds
[GC cleanup 222M->222M(256M), 0.0019436 secs]
Application time: 0.0073855 seconds
[GC pause (G1 Evacuation Pause) (young) 225M->201M(256M), 0.0023474 secs]
Application time: 0.0123699 seconds
[GC pause (G1 Evacuation Pause) (mixed) 212M->201M(256M), 0.0027391 secs]
Application time: 0.0266872 seconds
[GC pause (G1 Evacuation Pause) (young) 226M->201M(256M), 0.0029080 secs]
Application time: 0.0269238 seconds
[GC pause (G1 Evacuation Pause) (young) (initial-mark) 226M->201M(256M), 0.0028901 secs]
[GC concurrent-root-region-scan-start]
[GC concurrent-root-region-scan-end, 0.0005008 secs]
[GC concurrent-mark-start]
Application time: 0.0418597 seconds
[GC pause (G1 Evacuation Pause) (young) 226M->201M(256M), 0.0026099 secs]
Application time: 0.0467185 seconds
[GC pause (G1 Evacuation Pause) (young) 226M->201M(256M), 0.0028448 secs]
Application time: 0.0532476 seconds
[GC pause (G1 Evacuation Pause) (young) 226M->201M(256M), 0.0027235 secs]
Application time: 0.0426288 seconds
[GC pause (G1 Evacuation Pause) (young) 226M->201M(256M), 0.0025807 secs]
Application time: 0.0592134 seconds
[GC pause (G1 Evacuation Pause) (young) 226M->201M(256M), 0.0029963 secs]
[GC concurrent-mark-end, 0.2763868 secs]
Application time: 0.0030052 seconds
[GC remark, 0.0062632 secs]
Application time: 0.0000322 seconds
[GC cleanup 202M->202M(256M), 0.0019327 secs]
Application time: 0.0288720 seconds
[GC pause (G1 Evacuation Pause) (young) 225M->201M(256M), 0.0026178 secs]
Application time: 0.0124424 seconds
[GC pause (G1 Evacuation Pause) (mixed) 212M->200M(256M), 0.0035509 secs]
Application time: 0.0276445 seconds
[GC pause (G1 Evacuation Pause) (young) 225M->201M(256M), 0.0041749 secs]
Application time: 0.0272307 seconds
[GC pause (G1 Evacuation Pause) (young) (initial-mark) 226M->201M(256M), 0.0027554 secs]
[GC concurrent-root-region-scan-start]
[GC concurrent-root-region-scan-end, 0.0004168 secs]
[GC concurrent-mark-start]
Application time: 0.0634225 seconds
[GC pause (G1 Evacuation Pause) (young) 226M->201M(256M), 0.0026566 secs]
Application time: 0.0626959 seconds
[GC pause (G1 Evacuation Pause) (young) 226M->201M(256M), 0.0027709 secs]
[GC concurrent-mark-end, 0.1772331 secs]
Application time: 0.0451761 seconds
[GC remark, 0.0065995 secs]
Application time: 0.0000412 seconds
[GC cleanup 219M->219M(256M), 0.0020407 secs]
Application time: 0.0132037 seconds
[GC pause (G1 Evacuation Pause) (young) 226M->201M(256M), 0.0026549 secs]
Application time: 0.0274511 seconds
[GC pause (G1 Evacuation Pause) (young) 226M->201M(256M), 0.0029402 secs]
Application time: 0.0392951 seconds
[GC pause (G1 Evacuation Pause) (young) (initial-mark) 226M->201M(256M), 0.0030752 secs]
[GC concurrent-root-region-scan-start]
[GC concurrent-root-region-scan-end, 0.0005103 secs]
[GC concurrent-mark-start]
Application time: 0.0704427 seconds
[GC pause (G1 Evacuation Pause) (young) 226M->201M(256M), 0.0027079 secs]
Application time: 0.0593666 seconds
[GC pause (G1 Evacuation Pause) (young) 225M->201M(256M), 0.0028497 secs]
Application time: 0.0505528 seconds
[GC pause (G1 Evacuation Pause) (young) 225M->201M(256M), 0.0026343 secs]
[GC concurrent-mark-end, 0.1972873 secs]
Application time: 0.0036650 seconds
[GC remark, 0.0070056 secs]
Application time: 0.0000487 seconds
[GC cleanup 203M->203M(256M), 0.0020413 secs]
Application time: 0.0255213 seconds
[GC pause (G1 Evacuation Pause) (young) 225M->201M(256M), 0.0026009 secs]
Application time: 0.0123350 seconds
[GC pause (G1 Evacuation Pause) (mixed) 212M->201M(256M), 0.0036238 secs]
Application time: 0.0269639 seconds
[GC pause (G1 Evacuation Pause) (young) 226M->201M(256M), 0.0042129 secs]
Application time: 0.0293057 seconds
[GC pause (G1 Evacuation Pause) (young) (initial-mark) 225M->201M(256M), 0.0029369 secs]
[GC concurrent-root-region-scan-start]
[GC concurrent-root-region-scan-end, 0.0005098 secs]
[GC concurrent-mark-start]
Application time: 0.0483802 seconds
[GC pause (G1 Evacuation Pause) (young) 225M->201M(256M), 0.0027602 secs]
Application time: 0.0398062 seconds
[GC pause (G1 Evacuation Pause) (young) 225M->201M(256M), 0.0027258 secs]
Application time: 0.0378011 seconds
[GC pause (G1 Evacuation Pause) (young) 225M->201M(256M), 0.0027814 secs]
Application time: 0.0400808 seconds
[GC pause (G1 Evacuation Pause) (young) 225M->201M(256M), 0.0030254 secs]
Application time: 0.0402722 seconds
[GC pause (G1 Evacuation Pause) (young) 225M->201M(256M), 0.0028277 secs]
Application time: 0.0389886 seconds
[GC pause (G1 Evacuation Pause) (young) 225M->201M(256M), 0.0028747 secs]
Application time: 0.0379861 seconds
[GC pause (G1 Evacuation Pause) (young) 225M->201M(256M), 0.0027525 secs]
Application time: 0.0405500 seconds
[GC pause (G1 Evacuation Pause) (young) 225M->201M(256M), 0.0027441 secs]
[GC concurrent-mark-end, 0.3853357 secs]
Application time: 0.0349508 seconds
[GC remark, 0.0064636 secs]
Application time: 0.0008368 seconds
[GC cleanup 224M->224M(256M), 0.0019319 secs]
Application time: 0.0015099 seconds
[GC pause (G1 Evacuation Pause) (young) 225M->201M(256M), 0.0022802 secs]
Application time: 0.0122604 seconds
[GC pause (G1 Evacuation Pause) (mixed) 212M->201M(256M), 0.0038779 secs]
Application time: 0.0281206 seconds
[GC pause (G1 Evacuation Pause) (young) 226M->201M(256M), 0.0045746 secs]
Application time: 0.0275836 seconds
[GC pause (G1 Evacuation Pause) (young) (initial-mark) 225M->201M(256M), 0.0030798 secs]
[GC concurrent-root-region-scan-start]
[GC concurrent-root-region-scan-end, 0.0004424 secs]
[GC concurrent-mark-start]
Application time: 0.0742234 seconds
[GC pause (G1 Evacuation Pause) (young) 225M->201M(256M), 0.0028239 secs]
Application time: 0.0594798 seconds
[GC pause (G1 Evacuation Pause) (young) 225M->201M(256M), 0.0026607 secs]
[GC concurrent-mark-end, 0.1960949 secs]
Application time: 0.0563271 seconds
[GC remark, 0.0065022 secs]
Application time: 0.0001186 seconds
[GC cleanup 224M->224M(256M), 0.0039245 secs]
Application time: 0.0032445 seconds
[GC pause (G1 Evacuation Pause) (young) 225M->201M(256M), 0.0041328 secs]
Application time: 0.0172769 seconds
[GC pause (G1 Evacuation Pause) (mixed) 212M->201M(256M), 0.0085728 secs]
Application time: 0.0272602 seconds
[GC pause (G1 Evacuation Pause) (young) 226M->201M(256M), 0.0051440 secs]
Application time: 0.0258875 seconds
[GC pause (G1 Evacuation Pause) (young) (initial-mark) 225M->201M(256M), 0.0029595 secs]
[GC concurrent-root-region-scan-start]
[GC concurrent-root-region-scan-end, 0.0004838 secs]
[GC concurrent-mark-start]
Application time: 0.0454986 seconds
[GC pause (G1 Evacuation Pause) (young) 225M->201M(256M), 0.0025352 secs]
Application time: 0.0351234 seconds
[GC pause (G1 Evacuation Pause) (young) 225M->201M(256M), 0.0026155 secs]
Application time: 0.0490763 seconds
[GC pause (G1 Evacuation Pause) (young) 225M->201M(256M), 0.0026855 secs]
Application time: 0.0398516 seconds
[GC pause (G1 Evacuation Pause) (young) 225M->201M(256M), 0.0027446 secs]
Application time: 0.0527184 seconds
[GC pause (G1 Evacuation Pause) (young) 225M->201M(256M), 0.0028691 secs]
Application time: 0.0453891 seconds
[GC pause (G1 Evacuation Pause) (young) 225M->201M(256M), 0.0025318 secs]
Application time: 0.0406462 seconds
[GC pause (G1 Evacuation Pause) (young) 225M->201M(256M), 0.0025639 secs]
Application time: 0.0387895 seconds
[GC pause (G1 Evacuation Pause) (young) 225M->201M(256M), 0.0027134 secs]
[GC concurrent-mark-end, 0.3854296 secs]
Application time: 0.0130500 seconds
[GC remark, 0.0065557 secs]
Application time: 0.0000594 seconds
[GC cleanup 209M->209M(256M), 0.0019909 secs]
Application time: 0.0337567 seconds
[GC pause (G1 Evacuation Pause) (young) 225M->201M(256M), 0.0030031 secs]
Application time: 0.0140337 seconds
[GC pause (G1 Evacuation Pause) (mixed) 212M->201M(256M), 0.0034254 secs]
Application time: 0.0286743 seconds
[GC pause (G1 Evacuation Pause) (young) 225M->201M(256M), 0.0036594 secs]
Application time: 0.0364158 seconds
[GC pause (G1 Evacuation Pause) (young) (initial-mark) 225M->201M(256M), 0.0034215 secs]
[GC concurrent-root-region-scan-start]
[GC concurrent-root-region-scan-end, 0.0005710 secs]
[GC concurrent-mark-start]
Application time: 0.0437744 seconds
[GC pause (G1 Evacuation Pause) (young) 225M->201M(256M), 0.0031844 secs]
Application time: 0.0605900 seconds
[GC pause (G1 Evacuation Pause) (young) 225M->201M(256M), 0.0028152 secs]
Application time: 0.0604100 seconds
[GC pause (G1 Evacuation Pause) (young) 225M->201M(256M), 0.0029215 secs]
[GC concurrent-mark-end, 0.2101556 secs]
Application time: 0.0307834 seconds
[GC remark, 0.0063325 secs]
Application time: 0.0001179 seconds
[GC cleanup 214M->214M(256M), 0.0019324 secs]
Application time: 0.0163438 seconds
[GC pause (G1 Evacuation Pause) (young) 225M->201M(256M), 0.0027388 secs]
Application time: 0.0126490 seconds
[GC pause (G1 Evacuation Pause) (mixed) 212M->201M(256M), 0.0031017 secs]
Application time: 0.0275494 seconds
[GC pause (G1 Evacuation Pause) (young) 226M->201M(256M), 0.0037509 secs]
Application time: 0.0450663 seconds
[GC pause (G1 Evacuation Pause) (young) (initial-mark) 226M->201M(256M), 0.0035117 secs]
[GC concurrent-root-region-scan-start]
[GC concurrent-root-region-scan-end, 0.0005993 secs]
[GC concurrent-mark-start]
Application time: 0.0656029 seconds
[GC pause (G1 Evacuation Pause) (young) 225M->201M(256M), 0.0028995 secs]
Application time: 0.0598500 seconds
[GC pause (G1 Evacuation Pause) (young) 225M->201M(256M), 0.0029501 secs]
Application time: 0.0516309 seconds
[GC pause (G1 Evacuation Pause) (young) 225M->201M(256M), 0.0026732 secs]
Application time: 0.0384511 seconds
[GC concurrent-mark-end, 0.2251663 secs]
[GC pause (G1 Evacuation Pause) (young) 225M->201M(256M), 0.0028218 secs]
Application time: 0.0000441 seconds
[GC remark, 0.0064376 secs]
Application time: 0.0001160 seconds
[GC cleanup 201M->201M(256M), 0.0019993 secs]
Application time: 0.0271820 seconds
[GC pause (G1 Evacuation Pause) (young) 225M->201M(256M), 0.0028567 secs]
Application time: 0.0150391 seconds
[GC pause (G1 Evacuation Pause) (mixed) 212M->200M(256M), 0.0036786 secs]
Application time: 0.0277937 seconds
[GC pause (G1 Evacuation Pause) (young) 225M->201M(256M), 0.0051235 secs]
Application time: 0.0326660 seconds
[GC pause (G1 Evacuation Pause) (young) (initial-mark) 226M->201M(256M), 0.0034094 secs]
[GC concurrent-root-region-scan-start]
[GC concurrent-root-region-scan-end, 0.0005374 secs]
[GC concurrent-mark-start]
Application time: 0.0437509 seconds
[GC pause (G1 Evacuation Pause) (young) 225M->201M(256M), 0.0028035 secs]
Application time: 0.0374414 seconds
[GC pause (G1 Evacuation Pause) (young) 225M->201M(256M), 0.0028331 secs]
Application time: 0.0435151 seconds
[GC pause (G1 Evacuation Pause) (young) 225M->201M(256M), 0.0028150 secs]
Application time: 0.0391721 seconds
[GC pause (G1 Evacuation Pause) (young) 225M->201M(256M), 0.0028267 secs]
Application time: 0.0382320 seconds
[GC pause (G1 Evacuation Pause) (young) 225M->201M(256M), 0.0026873 secs]
Application time: 0.0453174 seconds
[GC pause (G1 Evacuation Pause) (young) 225M->201M(256M), 0.0029723 secs]
[GC concurrent-mark-end, 0.3209527 secs]
Application time: 0.0459492 seconds
[GC remark, 0.0066082 secs]
Application time: 0.0000941 seconds
[GC cleanup 220M->220M(256M), 0.0018588 secs]
Application time: 0.0064293 seconds
[GC pause (G1 Evacuation Pause) (young) 225M->201M(256M), 0.0024841 secs]
Application time: 0.0120756 seconds
[GC pause (G1 Evacuation Pause) (mixed) 212M->201M(256M), 0.0036836 secs]
Application time: 0.0280130 seconds
[GC pause (G1 Evacuation Pause) (young) 226M->201M(256M), 0.0042635 secs]
Application time: 0.0260402 seconds
[GC pause (G1 Evacuation Pause) (young) (initial-mark) 225M->201M(256M), 0.0030266 secs]
[GC concurrent-root-region-scan-start]
[GC concurrent-root-region-scan-end, 0.0012086 secs]
[GC concurrent-mark-start]
Application time: 0.0455628 seconds
[GC pause (G1 Evacuation Pause) (young) 225M->201M(256M), 0.0027907 secs]
Application time: 0.0608464 seconds
[GC pause (G1 Evacuation Pause) (young) 225M->201M(256M), 0.0027748 secs]
Application time: 0.0577873 seconds
[GC pause (G1 Evacuation Pause) (young) 225M->201M(256M), 0.0028668 secs]
[GC concurrent-mark-end, 0.2008508 secs]
Application time: 0.0239579 seconds
[GC remark, 0.0062064 secs]
Application time: 0.0008832 seconds
[GC cleanup 212M->212M(256M), 0.0019543 secs]
Application time: 0.0153292 seconds
[GC pause (G1 Evacuation Pause) (young) 225M->201M(256M), 0.0027372 secs]
Application time: 0.0119611 seconds
[GC pause (G1 Evacuation Pause) (mixed) 212M->201M(256M), 0.0030721 secs]
Application time: 0.0255204 seconds
[GC pause (G1 Evacuation Pause) (young) 225M->201M(256M), 0.0037255 secs]
Application time: 0.0257101 seconds
[GC pause (G1 Evacuation Pause) (young) (initial-mark) 225M->201M(256M), 0.0029806 secs]
[GC concurrent-root-region-scan-start]
[GC concurrent-root-region-scan-end, 0.0004533 secs]
[GC concurrent-mark-start]
Application time: 0.0656804 seconds
[GC pause (G1 Evacuation Pause) (young) 225M->201M(256M), 0.0038662 secs]
Application time: 0.0589588 seconds
[GC pause (G1 Evacuation Pause) (young) 225M->201M(256M), 0.0028677 secs]
[GC concurrent-mark-end, 0.1743907 secs]
Application time: 0.0425395 seconds
[GC remark, 0.0063436 secs]
Application time: 0.0003831 seconds
[GC cleanup 219M->219M(256M), 0.0018590 secs]
Application time: 0.0099058 seconds
[GC pause (G1 Evacuation Pause) (young) 225M->201M(256M), 0.0028978 secs]
Application time: 0.0125152 seconds
[GC pause (G1 Evacuation Pause) (mixed) 212M->200M(256M), 0.0046867 secs]
Application time: 0.0305168 seconds
[GC pause (G1 Evacuation Pause) (young) 225M->201M(256M), 0.0053405 secs]
Application time: 0.0284256 seconds
[GC pause (G1 Evacuation Pause) (young) (initial-mark) 226M->201M(256M), 0.0028989 secs]
[GC concurrent-root-region-scan-start]
[GC concurrent-root-region-scan-end, 0.0005007 secs]
[GC concurrent-mark-start]
Application time: 0.0694124 seconds
[GC pause (G1 Evacuation Pause) (young) 226M->201M(256M), 0.0028872 secs]
Application time: 0.0582620 seconds
[GC concurrent-mark-end, 0.1717201 secs]
Application time: 0.0408493 seconds
[GC remark, 0.0089038 secs]
Application time: 0.0017136 seconds
[GC cleanup 225M->225M(256M), 0.0030110 secs]
Application time: 0.0007090 seconds
[GC pause (G1 Evacuation Pause) (young) 225M->201M(256M), 0.0024529 secs]
Application time: 0.0162675 seconds
[GC pause (G1 Evacuation Pause) (mixed) 212M->200M(256M), 0.0029569 secs]
Application time: 0.0276350 seconds
[GC pause (G1 Evacuation Pause) (young) 225M->200M(256M), 0.0030668 secs]
Application time: 0.0275926 seconds
[GC pause (G1 Evacuation Pause) (young) (initial-mark) 225M->200M(256M), 0.0030435 secs]
[GC concurrent-root-region-scan-start]
[GC concurrent-root-region-scan-end, 0.0004770 secs]
[GC concurrent-mark-start]
Application time: 0.0460972 seconds
[GC pause (G1 Evacuation Pause) (young) 225M->201M(256M), 0.0029502 secs]
Application time: 0.0428985 seconds
[GC pause (G1 Evacuation Pause) (young) 226M->200M(256M), 0.0028649 secs]
Application time: 0.0648446 seconds
[GC pause (G1 Evacuation Pause) (young) 225M->201M(256M), 0.0027135 secs]
[GC concurrent-mark-end, 0.2244924 secs]
Application time: 0.0612919 seconds
[GC remark, 0.0055639 secs]
Application time: 0.0000694 seconds
[GC cleanup 225M->225M(256M), 0.0018159 secs]
Application time: 0.0031028 seconds
[GC pause (G1 Evacuation Pause) (young) 226M->201M(256M), 0.0022319 secs]
Application time: 0.0257558 seconds
[GC pause (G1 Evacuation Pause) (young) 226M->201M(256M), 0.0022605 secs]
Application time: 0.0260542 seconds
[GC pause (G1 Evacuation Pause) (young) (initial-mark) 226M->201M(256M), 0.0026937 secs]
[GC concurrent-root-region-scan-start]
[GC concurrent-root-region-scan-end, 0.0004373 secs]
[GC concurrent-mark-start]
Application time: 0.0465655 seconds
[GC pause (G1 Evacuation Pause) (young) 226M->201M(256M), 0.0024738 secs]
Application time: 0.0448763 seconds
[GC pause (G1 Evacuation Pause) (young) 226M->201M(256M), 0.0023307 secs]
Application time: 0.0384957 seconds
[GC pause (G1 Evacuation Pause) (young) 226M->201M(256M), 0.0024938 secs]
Application time: 0.0392256 seconds
[GC pause (G1 Evacuation Pause) (young) 226M->201M(256M), 0.0023566 secs]
Application time: 0.0558255 seconds
[GC pause (G1 Evacuation Pause) (young) 226M->201M(256M), 0.0024232 secs]
[GC concurrent-mark-end, 0.2725467 secs]
Application time: 0.0220021 seconds
[GC remark, 0.0066662 secs]
Application time: 0.0000507 seconds
[GC cleanup 210M->210M(256M), 0.0018167 secs]
Application time: 0.0191534 seconds
[GC pause (G1 Evacuation Pause) (young) 226M->201M(256M), 0.0026187 secs]
Application time: 0.0181853 seconds
[GC pause (G1 Evacuation Pause) (mixed) 212M->200M(256M), 0.0030340 secs]
Application time: 0.0260612 seconds
[GC pause (G1 Evacuation Pause) (young) 225M->200M(256M), 0.0047716 secs]
Application time: 0.0255188 seconds
[GC pause (G1 Evacuation Pause) (young) (initial-mark) 225M->200M(256M), 0.0028180 secs]
[GC concurrent-root-region-scan-start]
[GC concurrent-root-region-scan-end, 0.0004046 secs]
[GC concurrent-mark-start]
Application time: 0.0417278 seconds
[GC pause (G1 Evacuation Pause) (young) 225M->200M(256M), 0.0022024 secs]
Application time: 0.0357300 seconds
[GC pause (G1 Evacuation Pause) (young) 225M->200M(256M), 0.0022730 secs]
Application time: 0.0412296 seconds
[GC pause (G1 Evacuation Pause) (young) 225M->200M(256M), 0.0023216 secs]
Application time: 0.0396084 seconds
[GC pause (G1 Evacuation Pause) (young) 225M->200M(256M), 0.0022991 secs]
Application time: 0.0376538 seconds
[GC pause (G1 Evacuation Pause) (young) 225M->200M(256M), 0.0025097 secs]
Application time: 0.0566943 seconds
[GC pause (G1 Evacuation Pause) (young) 225M->200M(256M), 0.0023980 secs]
[GC concurrent-mark-end, 0.2999086 secs]
Application time: 0.0227146 seconds
[GC remark, 0.0057422 secs]
Application time: 0.0000543 seconds
[GC cleanup 211M->211M(256M), 0.0017608 secs]
Application time: 0.0163236 seconds
[GC pause (G1 Evacuation Pause) (young) 225M->200M(256M), 0.0024321 secs]
Application time: 0.0069777 seconds
Application time: 0.0070605 seconds
[GC pause (G1 Evacuation Pause) (mixed) 211M->200M(256M), 0.0032917 secs]
Application time: 0.0273622 seconds
[GC pause (G1 Evacuation Pause) (young) 226M->200M(256M), 0.0037047 secs]
Application time: 0.0288911 seconds
[GC pause (G1 Evacuation Pause) (young) (initial-mark) 225M->200M(256M), 0.0026062 secs]
[GC concurrent-root-region-scan-start]
[GC concurrent-root-region-scan-end, 0.0003734 secs]
[GC concurrent-mark-start]
Application time: 0.0437011 seconds
[GC pause (G1 Evacuation Pause) (young) 225M->200M(256M), 0.0024452 secs]
Application time: 0.0377320 seconds
[GC pause (G1 Evacuation Pause) (young) 225M->200M(256M), 0.0024631 secs]
Application time: 0.0408148 seconds
[GC pause (G1 Evacuation Pause) (young) 225M->200M(256M), 0.0026010 secs]
Application time: 0.0417339 seconds
[GC pause (G1 Evacuation Pause) (young) 225M->200M(256M), 0.0025948 secs]
Application time: 0.0428468 seconds
[GC pause (G1 Evacuation Pause) (young) 225M->200M(256M), 0.0023620 secs]
Application time: 0.0389803 seconds
[GC pause (G1 Evacuation Pause) (young) 225M->200M(256M), 0.0024603 secs]
Application time: 0.0444326 seconds
[GC pause (G1 Evacuation Pause) (young) 225M->200M(256M), 0.0027623 secs]
Application time: 0.0384897 seconds
[GC pause (G1 Evacuation Pause) (young) 225M->200M(256M), 0.0026966 secs]
Application time: 0.0428113 seconds
[GC pause (G1 Evacuation Pause) (young) 225M->200M(256M), 0.0024361 secs]
[GC concurrent-mark-end, 0.4098592 secs]
Application time: 0.0006350 seconds
[GC remark, 0.0056286 secs]
Application time: 0.0000430 seconds
[GC cleanup 201M->201M(256M), 0.0016617 secs]
Application time: 0.0257090 seconds
[GC pause (G1 Evacuation Pause) (young) 225M->200M(256M), 0.0023506 secs]
Application time: 0.0252566 seconds
[GC pause (G1 Evacuation Pause) (young) 225M->200M(256M), 0.0023060 secs]
Application time: 0.0329975 seconds
[GC pause (G1 Evacuation Pause) (young) (initial-mark) 225M->200M(256M), 0.0026028 secs]
[GC concurrent-root-region-scan-start]
[GC concurrent-root-region-scan-end, 0.0004126 secs]
[GC concurrent-mark-start]
Application time: 0.0723495 seconds
[GC pause (G1 Evacuation Pause) (young) 225M->200M(256M), 0.0024509 secs]
Application time: 0.0563301 seconds
[GC pause (G1 Evacuation Pause) (young) 225M->200M(256M), 0.0023665 secs]
[GC concurrent-mark-end, 0.1699729 secs]
Application time: 0.0360330 seconds
[GC remark, 0.0055643 secs]
Application time: 0.0000840 seconds
[GC cleanup 217M->217M(256M), 0.0017482 secs]
Application time: 0.0116069 seconds
[GC pause (G1 Evacuation Pause) (young) 225M->200M(256M), 0.0023642 secs]
Application time: 0.0257151 seconds
[GC pause (G1 Evacuation Pause) (young) 225M->200M(256M), 0.0023984 secs]
Application time: 0.0273439 seconds
[GC pause (G1 Evacuation Pause) (young) (initial-mark) 225M->201M(256M), 0.0025364 secs]
[GC concurrent-root-region-scan-start]
[GC concurrent-root-region-scan-end, 0.0003911 secs]
[GC concurrent-mark-start]
Application time: 0.0438570 seconds
[GC pause (G1 Evacuation Pause) (young) 226M->200M(256M), 0.0022871 secs]
Application time: 0.0631558 seconds
[GC pause (G1 Evacuation Pause) (young) 225M->200M(256M), 0.0024802 secs]
Application time: 0.0573113 seconds
[GC pause (G1 Evacuation Pause) (young) 225M->201M(256M), 0.0025282 secs]
[GC concurrent-mark-end, 0.1973966 secs]
Application time: 0.0246525 seconds
[GC remark, 0.0055959 secs]
Application time: 0.0001008 seconds
[GC cleanup 212M->212M(256M), 0.0016546 secs]
Application time: 0.0150826 seconds
[GC pause (G1 Evacuation Pause) (young) 226M->200M(256M), 0.0023923 secs]
Application time: 0.0255602 seconds
[GC pause (G1 Evacuation Pause) (young) 225M->201M(256M), 0.0023548 secs]
Application time: 0.0261701 seconds
[GC pause (G1 Evacuation Pause) (young) (initial-mark) 226M->200M(256M), 0.0024479 secs]
[GC concurrent-root-region-scan-start]
[GC concurrent-root-region-scan-end, 0.0003705 secs]
[GC concurrent-mark-start]
Application time: 0.0585269 seconds
[GC pause (G1 Evacuation Pause) (young) 225M->201M(256M), 0.0024747 secs]
Application time: 0.0574094 seconds
[GC pause (G1 Evacuation Pause) (young) 226M->201M(256M), 0.0023631 secs]
[GC concurrent-mark-end, 0.1703622 secs]
Application time: 0.0490060 seconds
[GC remark, 0.0055920 secs]
Application time: 0.0000912 seconds
[GC cleanup 223M->223M(256M), 0.0017310 secs]
Application time: 0.0068793 seconds
[GC pause (G1 Evacuation Pause) (young) 226M->201M(256M), 0.0021078 secs]
Application time: 0.0283720 seconds
[GC pause (G1 Evacuation Pause) (young) 226M->201M(256M), 0.0024743 secs]
Application time: 0.0260549 seconds
[GC pause (G1 Evacuation Pause) (young) (initial-mark) 226M->201M(256M), 0.0025474 secs]
[GC concurrent-root-region-scan-start]
[GC concurrent-root-region-scan-end, 0.0004011 secs]
[GC concurrent-mark-start]
Application time: 0.0609525 seconds
[GC pause (G1 Evacuation Pause) (young) 226M->201M(256M), 0.0023705 secs]
Application time: 0.0603555 seconds
[GC pause (G1 Evacuation Pause) (young) 226M->201M(256M), 0.0023460 secs]
[GC concurrent-mark-end, 0.1780246 secs]
Application time: 0.0514608 seconds
[GC remark, 0.0055855 secs]
Application time: 0.0000913 seconds
[GC cleanup 224M->224M(256M), 0.0017551 secs]
Application time: 0.0050901 seconds
[GC pause (G1 Evacuation Pause) (young) 226M->201M(256M), 0.0018507 secs]
Application time: 0.0188355 seconds
[GC pause (G1 Evacuation Pause) (mixed) 212M->200M(256M), 0.0025085 secs]
Application time: 0.0254442 seconds
[GC pause (G1 Evacuation Pause) (young) 225M->200M(256M), 0.0029767 secs]
Application time: 0.0258393 seconds
[GC pause (G1 Evacuation Pause) (young) (initial-mark) 225M->200M(256M), 0.0025810 secs]
[GC concurrent-root-region-scan-start]
[GC concurrent-root-region-scan-end, 0.0003871 secs]
[GC concurrent-mark-start]
Application time: 0.0464797 seconds
[GC pause (G1 Evacuation Pause) (young) 225M->200M(256M), 0.0020826 secs]
Application time: 0.0557190 seconds
[GC pause (G1 Evacuation Pause) (young) 225M->201M(256M), 0.0022710 secs]
Application time: 0.0547068 seconds
[GC pause (G1 Evacuation Pause) (young) 226M->200M(256M), 0.0021090 secs]
[GC concurrent-mark-end, 0.1922752 secs]
Application time: 0.0278439 seconds
[GC remark, 0.0054831 secs]
Application time: 0.0000887 seconds
[GC cleanup 213M->213M(256M), 0.0017364 secs]
Application time: 0.0167481 seconds
[GC pause (G1 Evacuation Pause) (young) 225M->201M(256M), 0.0021775 secs]
Application time: 0.0116188 seconds
[GC pause (G1 Evacuation Pause) (mixed) 212M->200M(256M), 0.0024367 secs]
Application time: 0.0278044 seconds
[GC pause (G1 Evacuation Pause) (young) 226M->200M(256M), 0.0027523 secs]
Application time: 0.0260410 seconds
[GC pause (G1 Evacuation Pause) (young) (initial-mark) 226M->200M(256M), 0.0025496 secs]
[GC concurrent-root-region-scan-start]
[GC concurrent-root-region-scan-end, 0.0004407 secs]
[GC concurrent-mark-start]
Application time: 0.0421918 seconds
[GC pause (G1 Evacuation Pause) (young) 226M->200M(256M), 0.0022078 secs]
Application time: 0.0387389 seconds
[GC pause (G1 Evacuation Pause) (young) 226M->200M(256M), 0.0021921 secs]
Application time: 0.0591315 seconds
[GC pause (G1 Evacuation Pause) (young) 226M->200M(256M), 0.0019608 secs]
Application time: 0.0571428 seconds
[GC pause (G1 Evacuation Pause) (young) 226M->200M(256M), 0.0019975 secs]
[GC concurrent-mark-end, 0.2214677 secs]
Application time: 0.0081570 seconds
[GC remark, 0.0055901 secs]
Application time: 0.0000431 seconds
[GC cleanup 204M->204M(256M), 0.0016879 secs]
Application time: 0.0281409 seconds
[GC pause (G1 Evacuation Pause) (young) 226M->200M(256M), 0.0020940 secs]
Application time: 0.0261242 seconds
[GC pause (G1 Evacuation Pause) (young) 225M->200M(256M), 0.0019661 secs]
Application time: 0.0253819 seconds
[GC pause (G1 Evacuation Pause) (young) (initial-mark) 225M->200M(256M), 0.0022694 secs]
[GC concurrent-root-region-scan-start]
[GC concurrent-root-region-scan-end, 0.0003629 secs]
[GC concurrent-mark-start]
Application time: 0.0517205 seconds
[GC pause (G1 Evacuation Pause) (young) 225M->200M(256M), 0.0018401 secs]
Application time: 0.0568159 seconds
[GC pause (G1 Evacuation Pause) (young) 225M->200M(256M), 0.0019005 secs]
Application time: 0.0555833 seconds
[GC pause (G1 Evacuation Pause) (young) 225M->200M(256M), 0.0037353 secs]
[GC concurrent-mark-end, 0.1839243 secs]
Application time: 0.0112074 seconds
[GC remark, 0.0054494 secs]
Application time: 0.0000399 seconds
[GC cleanup 205M->205M(256M), 0.0017564 secs]
Application time: 0.0220448 seconds
[GC pause (G1 Evacuation Pause) (young) 225M->200M(256M), 0.0018831 secs]
Application time: 0.0250688 seconds
[GC pause (G1 Evacuation Pause) (young) 225M->200M(256M), 0.0019464 secs]
Application time: 0.0338331 seconds
[GC pause (G1 Evacuation Pause) (young) (initial-mark) 225M->200M(256M), 0.0021910 secs]
[GC concurrent-root-region-scan-start]
[GC concurrent-root-region-scan-end, 0.0003774 secs]
[GC concurrent-mark-start]
Application time: 0.0552539 seconds
[GC pause (G1 Evacuation Pause) (young) 225M->200M(256M), 0.0019378 secs]
Application time: 0.0565905 seconds
[GC pause (G1 Evacuation Pause) (young) 225M->200M(256M), 0.0018530 secs]
Application time: 0.0527113 seconds
[GC pause (G1 Evacuation Pause) (young) 225M->200M(256M), 0.0019356 secs]
[GC concurrent-mark-end, 0.1766385 secs]
Application time: 0.0053497 seconds
[GC remark, 0.0056169 secs]
Application time: 0.0010937 seconds
[GC cleanup 203M->203M(256M), 0.0017797 secs]
Application time: 0.0222830 seconds
[GC pause (G1 Evacuation Pause) (young) 225M->200M(256M), 0.0018668 secs]
Application time: 0.0246886 seconds
[GC pause (G1 Evacuation Pause) (young) 225M->200M(256M), 0.0017992 secs]
Application time: 0.0253412 seconds
[GC pause (G1 Evacuation Pause) (young) (initial-mark) 225M->200M(256M), 0.0020590 secs]
[GC concurrent-root-region-scan-start]
[GC concurrent-root-region-scan-end, 0.0003736 secs]
[GC concurrent-mark-start]
Application time: 0.0561290 seconds
[GC pause (G1 Evacuation Pause) (young) 225M->200M(256M), 0.0019449 secs]
Application time: 0.0563498 seconds
[GC pause (G1 Evacuation Pause) (young) 225M->200M(256M), 0.0017854 secs]
[GC concurrent-mark-end, 0.1688058 secs]
Application time: 0.0520628 seconds
[GC remark, 0.0074122 secs]
Application time: 0.0000446 seconds
[GC cleanup 224M->224M(256M), 0.0018878 secs]
Application time: 0.0022357 seconds
[GC pause (G1 Evacuation Pause) (young) 225M->200M(256M), 0.0016010 secs]
Application time: 0.0266701 seconds
[GC pause (G1 Evacuation Pause) (young) 225M->200M(256M), 0.0018151 secs]
Application time: 0.0268522 seconds
[GC pause (G1 Evacuation Pause) (young) (initial-mark) 225M->200M(256M), 0.0020854 secs]
[GC concurrent-root-region-scan-start]
[GC concurrent-root-region-scan-end, 0.0004170 secs]
[GC concurrent-mark-start]
Application time: 0.0439925 seconds
[GC pause (G1 Evacuation Pause) (young) 225M->200M(256M), 0.0018794 secs]
Application time: 0.0374228 seconds
[GC pause (G1 Evacuation Pause) (young) 225M->200M(256M), 0.0020018 secs]
Application time: 0.0470068 seconds
[GC pause (G1 Evacuation Pause) (young) 225M->200M(256M), 0.0021827 secs]
Application time: 0.0568248 seconds
[GC pause (G1 Evacuation Pause) (young) 225M->200M(256M), 0.0052598 secs]
[GC concurrent-mark-end, 0.2646220 secs]
Application time: 0.0585195 seconds
[GC remark, 0.0090690 secs]
Application time: 0.0000420 seconds
[GC cleanup 224M->224M(256M), 0.0018787 secs]
Application time: 0.0020278 seconds
[GC pause (G1 Evacuation Pause) (young) 225M->200M(256M), 0.0020921 secs]
Application time: 0.0274731 seconds
[GC pause (G1 Evacuation Pause) (young) 225M->200M(256M), 0.0069481 secs]
Application time: 0.0336045 seconds
[GC pause (G1 Evacuation Pause) (young) (initial-mark) 225M->200M(256M), 0.0023132 secs]
[GC concurrent-root-region-scan-start]
[GC concurrent-root-region-scan-end, 0.0003792 secs]
[GC concurrent-mark-start]
Application time: 0.0448993 seconds
[GC pause (G1 Evacuation Pause) (young) 225M->200M(256M), 0.0020834 secs]
Application time: 0.0401297 seconds
[GC pause (G1 Evacuation Pause) (young) 225M->200M(256M), 0.0021659 secs]
Application time: 0.0571423 seconds
[GC pause (G1 Evacuation Pause) (young) 225M->200M(256M), 0.0022364 secs]
Application time: 0.0572601 seconds
[GC pause (G1 Evacuation Pause) (young) 225M->200M(256M), 0.0021191 secs]
[GC concurrent-mark-end, 0.2353869 secs]
Application time: 0.0190680 seconds
[GC remark, 0.0055642 secs]
Application time: 0.0000776 seconds
[GC cleanup 209M->209M(256M), 0.0017369 secs]
Application time: 0.0249044 seconds
[GC pause (G1 Evacuation Pause) (young) 225M->200M(256M), 0.0021917 secs]
Application time: 0.0292322 seconds
[GC pause (G1 Evacuation Pause) (young) 225M->200M(256M), 0.0023293 secs]
Application time: 0.0277598 seconds
[GC pause (G1 Evacuation Pause) (young) (initial-mark) 225M->200M(256M), 0.0024428 secs]
[GC concurrent-root-region-scan-start]
[GC concurrent-root-region-scan-end, 0.0003391 secs]
[GC concurrent-mark-start]
Application time: 0.0646460 seconds
[GC pause (G1 Evacuation Pause) (young) 225M->200M(256M), 0.0022949 secs]
Application time: 0.0557294 seconds
[GC pause (G1 Evacuation Pause) (young) 225M->200M(256M), 0.0022734 secs]
Application time: 0.0551936 seconds
[GC pause (G1 Evacuation Pause) (young) 225M->200M(256M), 0.0021546 secs]
[GC concurrent-mark-end, 0.1896263 secs]
Application time: 0.0062312 seconds
[GC remark, 0.0053354 secs]
Application time: 0.0000629 seconds
[GC cleanup 203M->203M(256M), 0.0017023 secs]
Application time: 0.0265500 seconds
[GC pause (G1 Evacuation Pause) (young) 225M->200M(256M), 0.0021997 secs]
Application time: 0.0185598 seconds
[GC pause (G1 Evacuation Pause) (mixed) 211M->200M(256M), 0.0027501 secs]
Application time: 0.0272967 seconds
[GC pause (G1 Evacuation Pause) (young) 225M->200M(256M), 0.0029850 secs]
Application time: 0.0289716 seconds
[GC pause (G1 Evacuation Pause) (young) (initial-mark) 225M->200M(256M), 0.0023355 secs]
[GC concurrent-root-region-scan-start]
[GC concurrent-root-region-scan-end, 0.0004164 secs]
[GC concurrent-mark-start]
Application time: 0.0530047 seconds
[GC pause (G1 Evacuation Pause) (young) 225M->200M(256M), 0.0020623 secs]
Application time: 0.0406485 seconds
[GC pause (G1 Evacuation Pause) (young) 225M->200M(256M), 0.0020635 secs]
Application time: 0.0394758 seconds
[GC pause (G1 Evacuation Pause) (young) 225M->200M(256M), 0.0026446 secs]
Application time: 0.0503697 seconds
[GC pause (G1 Evacuation Pause) (young) 225M->200M(256M), 0.0030567 secs]
Application time: 0.0596448 seconds
[GC pause (G1 Evacuation Pause) (young) 225M->200M(256M), 0.0028785 secs]
[GC concurrent-mark-end, 0.3155687 secs]
Application time: 0.0457202 seconds
[GC remark, 0.0069111 secs]
Application time: 0.0000838 seconds
[GC cleanup 220M->220M(256M), 0.0020774 secs]
Application time: 0.0117273 seconds
[GC pause (G1 Evacuation Pause) (young) 225M->200M(256M), 0.0027284 secs]
Application time: 0.0175706 seconds
[GC pause (G1 Evacuation Pause) (mixed) 211M->200M(256M), 0.0031328 secs]
Application time: 0.0295540 seconds
[GC pause (G1 Evacuation Pause) (young) 226M->200M(256M), 0.0035440 secs]
Application time: 0.0284004 seconds
[GC pause (G1 Evacuation Pause) (young) (initial-mark) 225M->200M(256M), 0.0030785 secs]
[GC concurrent-root-region-scan-start]
[GC concurrent-root-region-scan-end, 0.0004829 secs]
[GC concurrent-mark-start]
Application time: 0.0638571 seconds
[GC pause (G1 Evacuation Pause) (young) 225M->200M(256M), 0.0025271 secs]
Application time: 0.0631807 seconds
[GC pause (G1 Evacuation Pause) (young) 225M->200M(256M), 0.0025323 secs]
Application time: 0.0490010 seconds
[GC pause (G1 Evacuation Pause) (young) 225M->200M(256M), 0.0024501 secs]
[GC concurrent-mark-end, 0.2096798 secs]
Application time: 0.0189983 seconds
[GC remark, 0.0062356 secs]
Application time: 0.0000625 seconds
[GC cleanup 211M->211M(256M), 0.0019077 secs]
Application time: 0.0250225 seconds
[GC pause (G1 Evacuation Pause) (young) 225M->200M(256M), 0.0024427 secs]
Application time: 0.0284031 seconds
[GC pause (G1 Evacuation Pause) (young) 225M->200M(256M), 0.0025735 secs]
Application time: 0.0286936 seconds
[GC pause (G1 Evacuation Pause) (young) (initial-mark) 225M->200M(256M), 0.0027773 secs]
[GC concurrent-root-region-scan-start]
[GC concurrent-root-region-scan-end, 0.0004802 secs]
[GC concurrent-mark-start]
Application time: 0.0699869 seconds
[GC pause (G1 Evacuation Pause) (young) 225M->200M(256M), 0.0024436 secs]
Application time: 0.0617568 seconds
[GC pause (G1 Evacuation Pause) (young) 225M->200M(256M), 0.0026156 secs]
Application time: 0.0554681 seconds
[GC pause (G1 Evacuation Pause) (young) 225M->200M(256M), 0.0025849 secs]
[GC concurrent-mark-end, 0.2094753 secs]
Application time: 0.0135227 seconds
[GC remark, 0.0063172 secs]
Application time: 0.0000586 seconds
[GC cleanup 210M->210M(256M), 0.0019293 secs]
Application time: 0.0206395 seconds
[GC pause (G1 Evacuation Pause) (young) 225M->200M(256M), 0.0039687 secs]
Application time: 0.0264381 seconds
[GC pause (G1 Evacuation Pause) (young) 225M->200M(256M), 0.0043162 secs]
Application time: 0.0263346 seconds
[GC pause (G1 Evacuation Pause) (young) (initial-mark) 225M->200M(256M), 0.0038978 secs]
[GC concurrent-root-region-scan-start]
[GC concurrent-root-region-scan-end, 0.0003996 secs]
[GC concurrent-mark-start]
Application time: 0.0444045 seconds
[GC pause (G1 Evacuation Pause) (young) 225M->200M(256M), 0.0027922 secs]
Application time: 0.0443088 seconds
[GC pause (G1 Evacuation Pause) (young) 225M->200M(256M), 0.0026436 secs]
Application time: 0.0560809 seconds
[GC pause (G1 Evacuation Pause) (young) 225M->200M(256M), 0.0026730 secs]
[GC concurrent-mark-end, 0.2291457 secs]
Application time: 0.0713057 seconds
[GC remark, 0.0076295 secs]
Application time: 0.0001096 seconds
[GC cleanup 225M->225M(256M), 0.0037673 secs]
Application time: 0.0016851 seconds
[GC pause (G1 Evacuation Pause) (young) 225M->200M(256M), 0.0023573 secs]
Application time: 0.0343949 seconds
[GC pause (G1 Evacuation Pause) (young) 225M->200M(256M), 0.0024019 secs]
Application time: 0.0264839 seconds
[GC pause (G1 Evacuation Pause) (young) (initial-mark) 225M->200M(256M), 0.0026590 secs]
[GC concurrent-root-region-scan-start]
[GC concurrent-root-region-scan-end, 0.0004345 secs]
[GC concurrent-mark-start]
Application time: 0.0544864 seconds
[GC pause (G1 Evacuation Pause) (young) 225M->200M(256M), 0.0022619 secs]
Application time: 0.0527837 seconds
[GC pause (G1 Evacuation Pause) (young) 225M->200M(256M), 0.0037858 secs]
Application time: 0.0525383 seconds
[GC pause (G1 Evacuation Pause) (young) 225M->200M(256M), 0.0024207 secs]
[GC concurrent-mark-end, 0.1979181 secs]
Application time: 0.0281042 seconds
[GC remark, 0.0067200 secs]
Application time: 0.0000543 seconds
[GC cleanup 214M->214M(256M), 0.0020014 secs]
Application time: 0.0190536 seconds
[GC pause (G1 Evacuation Pause) (young) 225M->200M(256M), 0.0022515 secs]
Application time: 0.0315728 seconds
[GC pause (G1 Evacuation Pause) (young) 225M->200M(256M), 0.0023722 secs]
Application time: 0.0269686 seconds
[GC pause (G1 Evacuation Pause) (young) (initial-mark) 225M->200M(256M), 0.0025908 secs]
[GC concurrent-root-region-scan-start]
[GC concurrent-root-region-scan-end, 0.0004673 secs]
[GC concurrent-mark-start]
Application time: 0.0425816 seconds
[GC pause (G1 Evacuation Pause) (young) 225M->200M(256M), 0.0023430 secs]
Application time: 0.0470960 seconds
[GC pause (G1 Evacuation Pause) (young) 225M->200M(256M), 0.0025062 secs]
Application time: 0.0440415 seconds
[GC pause (G1 Evacuation Pause) (young) 225M->200M(256M), 0.0023853 secs]
Application time: 0.0543612 seconds
[GC pause (G1 Evacuation Pause) (young) 225M->200M(256M), 0.0023392 secs]
Application time: 0.0527177 seconds
[GC pause (G1 Evacuation Pause) (young) 225M->200M(256M), 0.0022484 secs]
[GC concurrent-mark-end, 0.2747700 secs]
Application time: 0.0092906 seconds
[GC remark, 0.0063443 secs]
Application time: 0.0003686 seconds
[GC cleanup 207M->207M(256M), 0.0019345 secs]
Application time: 0.0189724 seconds
[GC pause (G1 Evacuation Pause) (young) 225M->200M(256M), 0.0020080 secs]
Application time: 0.0262474 seconds
[GC pause (G1 Evacuation Pause) (young) 225M->200M(256M), 0.0020995 secs]
Application time: 0.0260333 seconds
[GC pause (G1 Evacuation Pause) (young) (initial-mark) 225M->200M(256M), 0.0023878 secs]
[GC concurrent-root-region-scan-start]
[GC concurrent-root-region-scan-end, 0.0004539 secs]
[GC concurrent-mark-start]
Application time: 0.0402667 seconds
[GC pause (G1 Evacuation Pause) (young) 225M->200M(256M), 0.0021663 secs]
Application time: 0.0446059 seconds
[GC pause (G1 Evacuation Pause) (young) 225M->200M(256M), 0.0024238 secs]
Application time: 0.0492152 seconds
[GC pause (G1 Evacuation Pause) (young) 225M->200M(256M), 0.0026849 secs]
Application time: 0.0463544 seconds
[GC pause (G1 Evacuation Pause) (young) 225M->200M(256M), 0.0024830 secs]
[GC concurrent-mark-end, 0.2246995 secs]
Application time: 0.0327411 seconds
[GC remark, 0.0066495 secs]
Application time: 0.0001469 seconds
[GC cleanup 216M->216M(256M), 0.0018772 secs]
Application time: 0.0198328 seconds
[GC pause (G1 Evacuation Pause) (young) 225M->200M(256M), 0.0023080 secs]
Application time: 0.0487763 seconds
[GC pause (G1 Evacuation Pause) (young) 225M->200M(256M), 0.0022589 secs]
Application time: 0.0647578 seconds
[GC pause (G1 Evacuation Pause) (young) (initial-mark) 225M->200M(256M), 0.0027079 secs]
[GC concurrent-root-region-scan-start]
[GC concurrent-root-region-scan-end, 0.0006137 secs]
[GC concurrent-mark-start]
Application time: 0.0595078 seconds
[GC pause (G1 Evacuation Pause) (young) 225M->200M(256M), 0.0020523 secs]
Application time: 0.0513968 seconds
[GC pause (G1 Evacuation Pause) (young) 225M->200M(256M), 0.0019645 secs]
Application time: 0.0487945 seconds
[GC pause (G1 Evacuation Pause) (young) 225M->200M(256M), 0.0017225 secs]
[GC concurrent-mark-end, 0.2045285 secs]
Application time: 0.0382814 seconds
[GC remark, 0.0054779 secs]
Application time: 0.0001589 seconds
[GC cleanup 220M->220M(256M), 0.0015484 secs]
Application time: 0.0097879 seconds
[GC pause (G1 Evacuation Pause) (young) 225M->200M(256M), 0.0015693 secs]
Application time: 0.0186236 seconds
[GC pause (G1 Evacuation Pause) (mixed) 211M->200M(256M), 0.0019680 secs]
Application time: 0.0414620 seconds
[GC pause (G1 Evacuation Pause) (young) 225M->200M(256M), 0.0026900 secs]
Application time: 0.0430860 seconds
[GC pause (G1 Evacuation Pause) (young) (initial-mark) 225M->200M(256M), 0.0025997 secs]
[GC concurrent-root-region-scan-start]
[GC concurrent-root-region-scan-end, 0.0005398 secs]
[GC concurrent-mark-start]
Application time: 0.0532822 seconds
[GC pause (G1 Evacuation Pause) (young) 225M->200M(256M), 0.0022087 secs]
Warmup (60s) ends:   Wed May 16 00:20:12 GMT 2018
Warmup (60s) result: 90.23 ops/m

Iteration 1 (120s) begins: Wed May 16 00:20:12 GMT 2018
Application time: 0.0366000 seconds
Application time: 0.0185918 seconds
[GC pause (G1 Evacuation Pause) (young) 225M->200M(256M), 0.0020459 secs]
Application time: 0.0451781 seconds
[GC pause (G1 Evacuation Pause) (young) 225M->200M(256M), 0.0021015 secs]
Application time: 0.0673513 seconds
[GC pause (G1 Evacuation Pause) (young) 225M->200M(256M), 0.0028033 secs]
[GC concurrent-mark-end, 0.2601898 secs]
Application time: 0.0281273 seconds
[GC remark, 0.0069005 secs]
Application time: 0.0008226 seconds
[GC cleanup 210M->210M(256M), 0.0020654 secs]
Application time: 0.0184963 seconds
[GC pause (G1 Evacuation Pause) (young) 225M->200M(256M), 0.0023188 secs]
Application time: 0.0127329 seconds
[GC pause (G1 Evacuation Pause) (mixed) 211M->200M(256M), 0.0027071 secs]
Application time: 0.0296340 seconds
[GC pause (G1 Evacuation Pause) (young) 226M->200M(256M), 0.0031939 secs]
Application time: 0.0295304 seconds
[GC pause (G1 Evacuation Pause) (young) (initial-mark) 226M->200M(256M), 0.0026196 secs]
[GC concurrent-root-region-scan-start]
[GC concurrent-root-region-scan-end, 0.0005974 secs]
[GC concurrent-mark-start]
Application time: 0.0484364 seconds
[GC pause (G1 Evacuation Pause) (young) 226M->200M(256M), 0.0024839 secs]
Application time: 0.0436358 seconds
[GC pause (G1 Evacuation Pause) (young) 226M->200M(256M), 0.0024448 secs]
Application time: 0.0515523 seconds
[GC pause (G1 Evacuation Pause) (young) 226M->200M(256M), 0.0023944 secs]
Application time: 0.0601028 seconds
[GC pause (G1 Evacuation Pause) (young) 226M->200M(256M), 0.0026974 secs]
Application time: 0.0476720 seconds
[GC pause (G1 Evacuation Pause) (young) 226M->200M(256M), 0.0022715 secs]
[GC concurrent-mark-end, 0.3201323 secs]
Application time: 0.0465427 seconds
[GC remark, 0.0064448 secs]
Application time: 0.0001587 seconds
[GC cleanup 219M->219M(256M), 0.0019699 secs]
Application time: 0.0138521 seconds
[GC pause (G1 Evacuation Pause) (young) 226M->200M(256M), 0.0025115 secs]
Application time: 0.0342110 seconds
[GC pause (G1 Evacuation Pause) (young) 226M->200M(256M), 0.0025524 secs]
Application time: 0.0293700 seconds
[GC pause (G1 Evacuation Pause) (young) (initial-mark) 226M->200M(256M), 0.0027510 secs]
[GC concurrent-root-region-scan-start]
[GC concurrent-root-region-scan-end, 0.0006983 secs]
[GC concurrent-mark-start]
Application time: 0.0654981 seconds
[GC pause (G1 Evacuation Pause) (young) 226M->200M(256M), 0.0027772 secs]
Application time: 0.0616572 seconds
[GC pause (G1 Evacuation Pause) (young) 225M->200M(256M), 0.0025321 secs]
[GC concurrent-mark-end, 0.1757073 secs]
Application time: 0.0429779 seconds
[GC remark, 0.0064962 secs]
Application time: 0.0000649 seconds
[GC cleanup 218M->218M(256M), 0.0019313 secs]
Application time: 0.0112466 seconds
[GC pause (G1 Evacuation Pause) (young) 225M->200M(256M), 0.0021934 secs]
Application time: 0.0287150 seconds
[GC pause (G1 Evacuation Pause) (young) 225M->200M(256M), 0.0023835 secs]
Application time: 0.0292448 seconds
[GC pause (G1 Evacuation Pause) (young) (initial-mark) 225M->200M(256M), 0.0028509 secs]
[GC concurrent-root-region-scan-start]
[GC concurrent-root-region-scan-end, 0.0006626 secs]
[GC concurrent-mark-start]
Application time: 0.0606289 seconds
[GC pause (G1 Evacuation Pause) (young) 225M->200M(256M), 0.0025574 secs]
Application time: 0.0594268 seconds
[GC pause (G1 Evacuation Pause) (young) 225M->200M(256M), 0.0025689 secs]
Application time: 0.0567959 seconds
[GC pause (G1 Evacuation Pause) (young) 225M->200M(256M), 0.0023388 secs]
[GC concurrent-mark-end, 0.1895569 secs]
Application time: 0.0043691 seconds
[GC remark, 0.0063068 secs]
Application time: 0.0005798 seconds
[GC cleanup 202M->202M(256M), 0.0019318 secs]
Application time: 0.0285470 seconds
[GC pause (G1 Evacuation Pause) (young) 225M->200M(256M), 0.0027310 secs]
Application time: 0.0301199 seconds
[GC pause (G1 Evacuation Pause) (young) 225M->200M(256M), 0.0023822 secs]
Application time: 0.0280844 seconds
[GC pause (G1 Evacuation Pause) (young) (initial-mark) 225M->200M(256M), 0.0026849 secs]
[GC concurrent-root-region-scan-start]
[GC concurrent-root-region-scan-end, 0.0004852 secs]
[GC concurrent-mark-start]
Application time: 0.0515828 seconds
[GC pause (G1 Evacuation Pause) (young) 225M->200M(256M), 0.0027643 secs]
Application time: 0.0438649 seconds
[GC pause (G1 Evacuation Pause) (young) 225M->200M(256M), 0.0026521 secs]
Application time: 0.0397364 seconds
[GC pause (G1 Evacuation Pause) (young) 225M->200M(256M), 0.0027536 secs]
Application time: 0.0577663 seconds
[GC pause (G1 Evacuation Pause) (young) 225M->200M(256M), 0.0029457 secs]
Application time: 0.0558321 seconds
[GC pause (G1 Evacuation Pause) (young) 225M->200M(256M), 0.0028334 secs]
[GC concurrent-mark-end, 0.2768685 secs]
Application time: 0.0092746 seconds
[GC remark, 0.0064012 secs]
Application time: 0.0000787 seconds
[GC cleanup 205M->205M(256M), 0.0019611 secs]
Application time: 0.0251339 seconds
[GC pause (G1 Evacuation Pause) (young) 225M->200M(256M), 0.0028364 secs]
Application time: 0.0269795 seconds
[GC pause (G1 Evacuation Pause) (young) 225M->200M(256M), 0.0026799 secs]
Application time: 0.0274745 seconds
[GC pause (G1 Evacuation Pause) (young) (initial-mark) 225M->200M(256M), 0.0028637 secs]
[GC concurrent-root-region-scan-start]
[GC concurrent-root-region-scan-end, 0.0004928 secs]
[GC concurrent-mark-start]
Application time: 0.0583757 seconds
[GC pause (G1 Evacuation Pause) (young) 225M->200M(256M), 0.0029270 secs]
Application time: 0.0568385 seconds
[GC pause (G1 Evacuation Pause) (young) 225M->200M(256M), 0.0028093 secs]
[GC concurrent-mark-end, 0.1770868 secs]
Application time: 0.0556123 seconds
[GC remark, 0.0063799 secs]
Application time: 0.0000797 seconds
[GC cleanup 225M->225M(256M), 0.0019187 secs]
Application time: 0.0016866 seconds
[GC pause (G1 Evacuation Pause) (young) 225M->200M(256M), 0.0025604 secs]
Application time: 0.0285785 seconds
[GC pause (G1 Evacuation Pause) (young) 225M->200M(256M), 0.0028696 secs]
Application time: 0.0263478 seconds
[GC pause (G1 Evacuation Pause) (young) (initial-mark) 225M->200M(256M), 0.0032007 secs]
[GC concurrent-root-region-scan-start]
[GC concurrent-root-region-scan-end, 0.0005505 secs]
[GC concurrent-mark-start]
Application time: 0.0463072 seconds
[GC pause (G1 Evacuation Pause) (young) 225M->200M(256M), 0.0028418 secs]
Application time: 0.0432146 seconds
[GC pause (G1 Evacuation Pause) (young) 225M->200M(256M), 0.0030380 secs]
Application time: 0.0448008 seconds
[GC pause (G1 Evacuation Pause) (young) 225M->200M(256M), 0.0029384 secs]
Application time: 0.0570673 seconds
[GC pause (G1 Evacuation Pause) (young) 225M->200M(256M), 0.0028466 secs]
[GC concurrent-mark-end, 0.2608837 secs]
Application time: 0.0500139 seconds
[GC remark, 0.0062682 secs]
Application time: 0.0000773 seconds
[GC cleanup 221M->221M(256M), 0.0018245 secs]
Application time: 0.0102467 seconds
[GC pause (G1 Evacuation Pause) (young) 225M->200M(256M), 0.0027182 secs]
Application time: 0.0273944 seconds
[GC pause (G1 Evacuation Pause) (young) 225M->200M(256M), 0.0028105 secs]
Application time: 0.0271396 seconds
[GC pause (G1 Evacuation Pause) (young) (initial-mark) 225M->200M(256M), 0.0029648 secs]
[GC concurrent-root-region-scan-start]
[GC concurrent-root-region-scan-end, 0.0004790 secs]
[GC concurrent-mark-start]
Application time: 0.0404893 seconds
[GC pause (G1 Evacuation Pause) (young) 225M->200M(256M), 0.0028227 secs]
Application time: 0.0482385 seconds
[GC pause (G1 Evacuation Pause) (young) 225M->200M(256M), 0.0028473 secs]
Application time: 0.0387282 seconds
[GC pause (G1 Evacuation Pause) (young) 225M->200M(256M), 0.0027326 secs]
Application time: 0.0926146 seconds
[GC pause (G1 Evacuation Pause) (young) 225M->200M(256M), 0.0025801 secs]
[GC concurrent-mark-end, 0.2717118 secs]
Application time: 0.0345625 seconds
[GC remark, 0.0066854 secs]
Application time: 0.0022238 seconds
[GC cleanup 218M->218M(256M), 0.0020301 secs]
Application time: 0.0104963 seconds
[GC pause (G1 Evacuation Pause) (young) 225M->200M(256M), 0.0026357 secs]
Application time: 0.0283639 seconds
[GC pause (G1 Evacuation Pause) (young) 225M->200M(256M), 0.0026193 secs]
Application time: 0.0263795 seconds
[GC pause (G1 Evacuation Pause) (young) (initial-mark) 225M->200M(256M), 0.0028387 secs]
[GC concurrent-root-region-scan-start]
[GC concurrent-root-region-scan-end, 0.0004822 secs]
[GC concurrent-mark-start]
Application time: 0.0422807 seconds
[GC pause (G1 Evacuation Pause) (young) 225M->200M(256M), 0.0024286 secs]
Application time: 0.0422387 seconds
[GC pause (G1 Evacuation Pause) (young) 225M->201M(256M), 0.0022998 secs]
Application time: 0.0537226 seconds
[GC pause (G1 Evacuation Pause) (young) 226M->200M(256M), 0.0023515 secs]
Application time: 0.0549311 seconds
[GC pause (G1 Evacuation Pause) (young) 225M->200M(256M), 0.0024722 secs]
[GC concurrent-mark-end, 0.2244138 secs]
Application time: 0.0200743 seconds
[GC remark, 0.0061412 secs]
Application time: 0.0000922 seconds
[GC cleanup 210M->210M(256M), 0.0018777 secs]
Application time: 0.0265071 seconds
[GC pause (G1 Evacuation Pause) (young) 225M->201M(256M), 0.0027654 secs]
Application time: 0.0142337 seconds
[GC pause (G1 Evacuation Pause) (mixed) 212M->200M(256M), 0.0039931 secs]
Application time: 0.0317562 seconds
[GC pause (G1 Evacuation Pause) (young) 225M->201M(256M), 0.0044171 secs]
Application time: 0.0409567 seconds
[GC pause (G1 Evacuation Pause) (young) (initial-mark) 226M->201M(256M), 0.0032898 secs]
[GC concurrent-root-region-scan-start]
[GC concurrent-root-region-scan-end, 0.0006920 secs]
[GC concurrent-mark-start]
Application time: 0.0459538 seconds
[GC pause (G1 Evacuation Pause) (young) 226M->201M(256M), 0.0027822 secs]
Application time: 0.0563937 seconds
[GC pause (G1 Evacuation Pause) (young) 226M->201M(256M), 0.0022338 secs]
Application time: 0.0552311 seconds
[GC pause (G1 Evacuation Pause) (young) 226M->201M(256M), 0.0022676 secs]
[GC concurrent-mark-end, 0.2152660 secs]
Application time: 0.0495390 seconds
[GC remark, 0.0062223 secs]
Application time: 0.0000619 seconds
[GC cleanup 224M->224M(256M), 0.0019247 secs]
Application time: 0.0029974 seconds
[GC pause (G1 Evacuation Pause) (young) 226M->201M(256M), 0.0023938 secs]
Application time: 0.0208714 seconds
[GC pause (G1 Evacuation Pause) (mixed) 212M->200M(256M), 0.0033864 secs]
Application time: 0.0318941 seconds
[GC pause (G1 Evacuation Pause) (young) 225M->201M(256M), 0.0033526 secs]
Application time: 0.0285589 seconds
[GC pause (G1 Evacuation Pause) (young) (initial-mark) 226M->201M(256M), 0.0021395 secs]
[GC concurrent-root-region-scan-start]
[GC concurrent-root-region-scan-end, 0.0004105 secs]
[GC concurrent-mark-start]
Application time: 0.0492001 seconds
[GC pause (G1 Evacuation Pause) (young) 226M->201M(256M), 0.0019177 secs]
Application time: 0.0649329 seconds
[GC pause (G1 Evacuation Pause) (young) 226M->201M(256M), 0.0020066 secs]
Application time: 0.0577173 seconds
[GC pause (G1 Evacuation Pause) (young) 226M->201M(256M), 0.0019586 secs]
Application time: 0.0626561 seconds
[GC pause (G1 Evacuation Pause) (young) 226M->201M(256M), 0.0019986 secs]
[GC concurrent-mark-end, 0.2457098 secs]
Application time: 0.0016774 seconds
[GC remark, 0.0058272 secs]
Application time: 0.0005559 seconds
[GC cleanup 202M->202M(256M), 0.0016981 secs]
Application time: 0.0329975 seconds
[GC pause (G1 Evacuation Pause) (young) 226M->201M(256M), 0.0020090 secs]
Application time: 0.0116376 seconds
[GC pause (G1 Evacuation Pause) (mixed) 212M->200M(256M), 0.0026705 secs]
Application time: 0.0264764 seconds
[GC pause (G1 Evacuation Pause) (young) 225M->200M(256M), 0.0029839 secs]
Application time: 0.0259910 seconds
[GC pause (G1 Evacuation Pause) (young) (initial-mark) 225M->200M(256M), 0.0023038 secs]
[GC concurrent-root-region-scan-start]
[GC concurrent-root-region-scan-end, 0.0004501 secs]
[GC concurrent-mark-start]
Application time: 0.0686544 seconds
[GC pause (G1 Evacuation Pause) (young) 225M->201M(256M), 0.0023011 secs]
Application time: 0.0626277 seconds
[GC pause (G1 Evacuation Pause) (young) 226M->201M(256M), 0.0022000 secs]
[GC concurrent-mark-end, 0.1719914 secs]
Application time: 0.0356526 seconds
[GC remark, 0.0063383 secs]
Application time: 0.0000469 seconds
[GC cleanup 216M->216M(256M), 0.0018659 secs]
Application time: 0.0134373 seconds
[GC pause (G1 Evacuation Pause) (young) 226M->201M(256M), 0.0021177 secs]
Application time: 0.0151180 seconds
[GC pause (G1 Evacuation Pause) (mixed) 212M->200M(256M), 0.0026631 secs]
Application time: 0.0255655 seconds
[GC pause (G1 Evacuation Pause) (young) 225M->200M(256M), 0.0029996 secs]
Application time: 0.0252358 seconds
[GC pause (G1 Evacuation Pause) (young) (initial-mark) 225M->200M(256M), 0.0023752 secs]
[GC concurrent-root-region-scan-start]
[GC concurrent-root-region-scan-end, 0.0004589 secs]
[GC concurrent-mark-start]
Application time: 0.0567377 seconds
[GC pause (G1 Evacuation Pause) (young) 225M->200M(256M), 0.0020320 secs]
Application time: 0.0389151 seconds
[GC pause (G1 Evacuation Pause) (young) 225M->200M(256M), 0.0020876 secs]
Application time: 0.0410101 seconds
[GC pause (G1 Evacuation Pause) (young) 225M->200M(256M), 0.0020962 secs]
Application time: 0.0548854 seconds
[GC pause (G1 Evacuation Pause) (young) 225M->200M(256M), 0.0020750 secs]
[GC concurrent-mark-end, 0.2485177 secs]
Application time: 0.0471972 seconds
[GC remark, 0.0055874 secs]
Application time: 0.0000582 seconds
[GC cleanup 223M->223M(256M), 0.0016195 secs]
Application time: 0.0058255 seconds
[GC pause (G1 Evacuation Pause) (young) 225M->200M(256M), 0.0021189 secs]
Application time: 0.0119409 seconds
[GC pause (G1 Evacuation Pause) (mixed) 211M->200M(256M), 0.0031733 secs]
Application time: 0.0261723 seconds
[GC pause (G1 Evacuation Pause) (young) 226M->200M(256M), 0.0033793 secs]
Application time: 0.0249126 seconds
[GC pause (G1 Evacuation Pause) (young) (initial-mark) 225M->200M(256M), 0.0024409 secs]
[GC concurrent-root-region-scan-start]
[GC concurrent-root-region-scan-end, 0.0004151 secs]
[GC concurrent-mark-start]
Application time: 0.0582050 seconds
[GC pause (G1 Evacuation Pause) (young) 225M->200M(256M), 0.0021350 secs]
Application time: 0.0529067 seconds
[GC pause (G1 Evacuation Pause) (young) 225M->200M(256M), 0.0022607 secs]
Application time: 0.0401672 seconds
[GC pause (G1 Evacuation Pause) (young) 225M->200M(256M), 0.0022792 secs]
Application time: 0.0379534 seconds
[GC pause (G1 Evacuation Pause) (young) 225M->200M(256M), 0.0023052 secs]
Application time: 0.0349284 seconds
[GC pause (G1 Evacuation Pause) (young) 225M->200M(256M), 0.0022627 secs]
[GC concurrent-mark-end, 0.2739662 secs]
Application time: 0.0364588 seconds
[GC remark, 0.0059760 secs]
Application time: 0.0005817 seconds
[GC cleanup 223M->223M(256M), 0.0016698 secs]
Application time: 0.0026137 seconds
[GC pause (G1 Evacuation Pause) (young) 225M->200M(256M), 0.0021589 secs]
Application time: 0.0262089 seconds
[GC pause (G1 Evacuation Pause) (young) 225M->200M(256M), 0.0022008 secs]
Application time: 0.0407427 seconds
[GC pause (G1 Evacuation Pause) (young) (initial-mark) 225M->200M(256M), 0.0032440 secs]
[GC concurrent-root-region-scan-start]
[GC concurrent-root-region-scan-end, 0.0003566 secs]
[GC concurrent-mark-start]
Application time: 0.0850699 seconds
[GC pause (G1 Evacuation Pause) (young) 225M->200M(256M), 0.0026670 secs]
Application time: 0.0632250 seconds
[GC pause (G1 Evacuation Pause) (young) 225M->200M(256M), 0.0025221 secs]
[GC concurrent-mark-end, 0.1845311 secs]
Application time: 0.0264172 seconds
[GC remark, 0.0059789 secs]
Application time: 0.0008175 seconds
[GC cleanup 216M->216M(256M), 0.0017567 secs]
Application time: 0.0097864 seconds
[GC pause (G1 Evacuation Pause) (young) 225M->200M(256M), 0.0024161 secs]
Application time: 0.0257321 seconds
[GC pause (G1 Evacuation Pause) (young) 225M->200M(256M), 0.0023666 secs]
Application time: 0.0252767 seconds
[GC pause (G1 Evacuation Pause) (young) (initial-mark) 225M->200M(256M), 0.0048087 secs]
[GC concurrent-root-region-scan-start]
[GC concurrent-root-region-scan-end, 0.0003720 secs]
[GC concurrent-mark-start]
Application time: 0.0684863 seconds
[GC pause (G1 Evacuation Pause) (young) 225M->200M(256M), 0.0027168 secs]
Application time: 0.0607227 seconds
[GC pause (G1 Evacuation Pause) (young) 225M->200M(256M), 0.0029474 secs]
Application time: 0.0441782 seconds
[GC pause (G1 Evacuation Pause) (young) 225M->200M(256M), 0.0029806 secs]
Application time: 0.0416048 seconds
[GC pause (G1 Evacuation Pause) (young) 225M->201M(256M), 0.0029170 secs]
[GC concurrent-mark-end, 0.2479505 secs]
Application time: 0.0118121 seconds
[GC remark, 0.0067806 secs]
Application time: 0.0001195 seconds
[GC cleanup 210M->210M(256M), 0.0020599 secs]
Application time: 0.0213321 seconds
[GC pause (G1 Evacuation Pause) (young) 226M->200M(256M), 0.0028522 secs]
Application time: 0.0272291 seconds
[GC pause (G1 Evacuation Pause) (young) 225M->200M(256M), 0.0029878 secs]
Application time: 0.0272251 seconds
[GC pause (G1 Evacuation Pause) (young) (initial-mark) 225M->200M(256M), 0.0030434 secs]
[GC concurrent-root-region-scan-start]
[GC concurrent-root-region-scan-end, 0.0005533 secs]
[GC concurrent-mark-start]
Application time: 0.0461551 seconds
[GC pause (G1 Evacuation Pause) (young) 225M->200M(256M), 0.0028968 secs]
Application time: 0.0388015 seconds
[GC pause (G1 Evacuation Pause) (young) 225M->201M(256M), 0.0027948 secs]
Application time: 0.0524958 seconds
[GC pause (G1 Evacuation Pause) (young) 226M->201M(256M), 0.0030645 secs]
Application time: 0.0576925 seconds
[GC pause (G1 Evacuation Pause) (young) 226M->201M(256M), 0.0029565 secs]
[GC concurrent-mark-end, 0.2587303 secs]
Application time: 0.0498281 seconds
[GC remark, 0.0062879 secs]
Application time: 0.0000778 seconds
[GC cleanup 223M->223M(256M), 0.0019237 secs]
Application time: 0.0049311 seconds
[GC pause (G1 Evacuation Pause) (young) 226M->201M(256M), 0.0025074 secs]
Application time: 0.0279285 seconds
[GC pause (G1 Evacuation Pause) (young) 226M->200M(256M), 0.0030581 secs]
Application time: 0.0267314 seconds
[GC pause (G1 Evacuation Pause) (young) (initial-mark) 225M->201M(256M), 0.0029327 secs]
[GC concurrent-root-region-scan-start]
[GC concurrent-root-region-scan-end, 0.0005195 secs]
[GC concurrent-mark-start]
Application time: 0.0464331 seconds
[GC pause (G1 Evacuation Pause) (young) 226M->201M(256M), 0.0028430 secs]
Application time: 0.0575169 seconds
[GC pause (G1 Evacuation Pause) (young) 226M->201M(256M), 0.0029437 secs]
Application time: 0.0583831 seconds
[GC pause (G1 Evacuation Pause) (young) 226M->201M(256M), 0.0028734 secs]
[GC concurrent-mark-end, 0.2138831 secs]
Application time: 0.0420102 seconds
[GC remark, 0.0069507 secs]
Application time: 0.0001050 seconds
[GC cleanup 218M->218M(256M), 0.0020655 secs]
Application time: 0.0114037 seconds
[GC pause (G1 Evacuation Pause) (young) 226M->201M(256M), 0.0027502 secs]
Application time: 0.0322704 seconds
[GC pause (G1 Evacuation Pause) (young) 226M->201M(256M), 0.0028802 secs]
Application time: 0.0278167 seconds
[GC pause (G1 Evacuation Pause) (young) (initial-mark) 226M->201M(256M), 0.0029874 secs]
[GC concurrent-root-region-scan-start]
[GC concurrent-root-region-scan-end, 0.0004728 secs]
[GC concurrent-mark-start]
Application time: 0.0541765 seconds
[GC pause (G1 Evacuation Pause) (young) 226M->201M(256M), 0.0028015 secs]
Application time: 0.0390671 seconds
[GC pause (G1 Evacuation Pause) (young) 226M->201M(256M), 0.0029192 secs]
Application time: 0.0604484 seconds
[GC pause (G1 Evacuation Pause) (young) 226M->201M(256M), 0.0027804 secs]
Application time: 0.0577277 seconds
[GC pause (G1 Evacuation Pause) (young) 226M->201M(256M), 0.0027412 secs]
[GC concurrent-mark-end, 0.2349714 secs]
Application time: 0.0092105 seconds
[GC remark, 0.0063660 secs]
Application time: 0.0000782 seconds
[GC cleanup 205M->205M(256M), 0.0018641 secs]
Application time: 0.0351048 seconds
[GC pause (G1 Evacuation Pause) (young) 226M->201M(256M), 0.0033309 secs]
Application time: 0.0315396 seconds
[GC pause (G1 Evacuation Pause) (young) 226M->201M(256M), 0.0029997 secs]
Application time: 0.0294733 seconds
[GC pause (G1 Evacuation Pause) (young) (initial-mark) 226M->201M(256M), 0.0031846 secs]
[GC concurrent-root-region-scan-start]
[GC concurrent-root-region-scan-end, 0.0005516 secs]
[GC concurrent-mark-start]
Application time: 0.0572506 seconds
[GC pause (G1 Evacuation Pause) (young) 226M->201M(256M), 0.0027813 secs]
Application time: 0.0567121 seconds
[GC pause (G1 Evacuation Pause) (young) 226M->201M(256M), 0.0027405 secs]
Application time: 0.0541270 seconds
[GC pause (G1 Evacuation Pause) (young) 226M->201M(256M), 0.0027230 secs]
[GC concurrent-mark-end, 0.1793047 secs]
Application time: 0.0021337 seconds
[GC remark, 0.0060122 secs]
Application time: 0.0000598 seconds
[GC cleanup 202M->202M(256M), 0.0018717 secs]
Application time: 0.0292858 seconds
[GC pause (G1 Evacuation Pause) (young) 226M->201M(256M), 0.0029128 secs]
Application time: 0.0289266 seconds
[GC pause (G1 Evacuation Pause) (young) 226M->201M(256M), 0.0025721 secs]
Application time: 0.0276427 seconds
[GC pause (G1 Evacuation Pause) (young) (initial-mark) 226M->201M(256M), 0.0031775 secs]
[GC concurrent-root-region-scan-start]
[GC concurrent-root-region-scan-end, 0.0004993 secs]
[GC concurrent-mark-start]
Application time: 0.0431459 seconds
[GC pause (G1 Evacuation Pause) (young) 226M->201M(256M), 0.0025424 secs]
Application time: 0.0393964 seconds
[GC pause (G1 Evacuation Pause) (young) 226M->201M(256M), 0.0026728 secs]
Application time: 0.0400176 seconds
[GC pause (G1 Evacuation Pause) (young) 226M->201M(256M), 0.0027195 secs]
Application time: 0.0387629 seconds
[GC pause (G1 Evacuation Pause) (young) 226M->201M(256M), 0.0027917 secs]
Application time: 0.0574006 seconds
[GC pause (G1 Evacuation Pause) (young) 226M->201M(256M), 0.0027639 secs]
[GC concurrent-mark-end, 0.2755061 secs]
Application time: 0.0409201 seconds
[GC remark, 0.0066035 secs]
Application time: 0.0000755 seconds
[GC cleanup 220M->220M(256M), 0.0020017 secs]
Application time: 0.0143732 seconds
[GC pause (G1 Evacuation Pause) (young) 226M->201M(256M), 0.0026035 secs]
Application time: 0.0279641 seconds
[GC pause (G1 Evacuation Pause) (young) 226M->201M(256M), 0.0026276 secs]
Application time: 0.0284821 seconds
[GC pause (G1 Evacuation Pause) (young) (initial-mark) 226M->201M(256M), 0.0030054 secs]
[GC concurrent-root-region-scan-start]
[GC concurrent-root-region-scan-end, 0.0005018 secs]
[GC concurrent-mark-start]
Application time: 0.0606034 seconds
[GC pause (G1 Evacuation Pause) (young) 226M->201M(256M), 0.0026395 secs]
Application time: 0.0598209 seconds
[GC pause (G1 Evacuation Pause) (young) 226M->201M(256M), 0.0026281 secs]
[GC concurrent-mark-end, 0.1663232 secs]
Application time: 0.0402834 seconds
[GC remark, 0.0063050 secs]
Application time: 0.0000897 seconds
[GC cleanup 219M->219M(256M), 0.0019724 secs]
Application time: 0.0103818 seconds
[GC pause (G1 Evacuation Pause) (young) 226M->201M(256M), 0.0025533 secs]
Application time: 0.0254441 seconds
[GC pause (G1 Evacuation Pause) (young) 226M->201M(256M), 0.0024211 secs]
Application time: 0.0242722 seconds
[GC pause (G1 Evacuation Pause) (young) (initial-mark) 226M->201M(256M), 0.0027645 secs]
[GC concurrent-root-region-scan-start]
[GC concurrent-root-region-scan-end, 0.0004608 secs]
[GC concurrent-mark-start]
Application time: 0.0440315 seconds
[GC pause (G1 Evacuation Pause) (young) 226M->201M(256M), 0.0025137 secs]
Application time: 0.0573444 seconds
[GC pause (G1 Evacuation Pause) (young) 225M->201M(256M), 0.0027337 secs]
Application time: 0.0545289 seconds
[GC pause (G1 Evacuation Pause) (young) 225M->201M(256M), 0.0025216 secs]
[GC concurrent-mark-end, 0.1691715 secs]
Application time: 0.0047288 seconds
[GC remark, 0.0061644 secs]
Application time: 0.0000747 seconds
[GC cleanup 203M->203M(256M), 0.0017724 secs]
Application time: 0.0263762 seconds
[GC pause (G1 Evacuation Pause) (young) 225M->201M(256M), 0.0028680 secs]
Application time: 0.0115822 seconds
[GC pause (G1 Evacuation Pause) (mixed) 212M->200M(256M), 0.0022144 secs]
Application time: 0.0254717 seconds
[GC pause (G1 Evacuation Pause) (young) 225M->200M(256M), 0.0023717 secs]
Application time: 0.0242243 seconds
[GC pause (G1 Evacuation Pause) (young) (initial-mark) 225M->200M(256M), 0.0025089 secs]
[GC concurrent-root-region-scan-start]
[GC concurrent-root-region-scan-end, 0.0004647 secs]
[GC concurrent-mark-start]
Application time: 0.0409263 seconds
[GC pause (G1 Evacuation Pause) (young) 225M->200M(256M), 0.0029225 secs]
Application time: 0.0363578 seconds
[GC pause (G1 Evacuation Pause) (young) 225M->200M(256M), 0.0024549 secs]
Application time: 0.0435289 seconds
[GC pause (G1 Evacuation Pause) (young) 225M->200M(256M), 0.0026155 secs]
Application time: 0.0522419 seconds
[GC pause (G1 Evacuation Pause) (young) 225M->200M(256M), 0.0027638 secs]
[GC concurrent-mark-end, 0.2164710 secs]
Application time: 0.0316389 seconds
[GC remark, 0.0060814 secs]
Application time: 0.0000542 seconds
[GC cleanup 214M->214M(256M), 0.0017772 secs]
Application time: 0.0187324 seconds
[GC pause (G1 Evacuation Pause) (young) 225M->200M(256M), 0.0030576 secs]
Application time: 0.0294968 seconds
[GC pause (G1 Evacuation Pause) (young) 225M->200M(256M), 0.0025248 secs]
Application time: 0.0240690 seconds
[GC pause (G1 Evacuation Pause) (young) (initial-mark) 225M->200M(256M), 0.0027690 secs]
[GC concurrent-root-region-scan-start]
[GC concurrent-root-region-scan-end, 0.0004441 secs]
[GC concurrent-mark-start]
Application time: 0.0384585 seconds
[GC pause (G1 Evacuation Pause) (young) 225M->200M(256M), 0.0024899 secs]
Application time: 0.0674142 seconds
[GC pause (G1 Evacuation Pause) (young) 225M->200M(256M), 0.0027280 secs]
[GC concurrent-mark-end, 0.1673819 secs]
Application time: 0.0509263 seconds
[GC remark, 0.0070465 secs]
Application time: 0.0000532 seconds
[GC cleanup 221M->221M(256M), 0.0033511 secs]
Application time: 0.0059810 seconds
[GC pause (G1 Evacuation Pause) (young) 225M->200M(256M), 0.0043970 secs]
Application time: 0.0260419 seconds
[GC pause (G1 Evacuation Pause) (young) 225M->200M(256M), 0.0049004 secs]
Application time: 0.0262680 seconds
[GC pause (G1 Evacuation Pause) (young) (initial-mark) 225M->200M(256M), 0.0030599 secs]
[GC concurrent-root-region-scan-start]
[GC concurrent-root-region-scan-end, 0.0005254 secs]
[GC concurrent-mark-start]
Application time: 0.0475176 seconds
[GC pause (G1 Evacuation Pause) (young) 225M->200M(256M), 0.0026951 secs]
Application time: 0.0657700 seconds
[GC pause (G1 Evacuation Pause) (young) 225M->200M(256M), 0.0026631 secs]
Application time: 0.0404470 seconds
[GC pause (G1 Evacuation Pause) (young) 225M->200M(256M), 0.0026540 secs]
Application time: 0.0397214 seconds
[GC pause (G1 Evacuation Pause) (young) 225M->200M(256M), 0.0026631 secs]
[GC concurrent-mark-end, 0.2444140 secs]
Application time: 0.0304686 seconds
[GC remark, 0.0065341 secs]
Application time: 0.0000396 seconds
[GC cleanup 219M->219M(256M), 0.0019272 secs]
Application time: 0.0073443 seconds
[GC pause (G1 Evacuation Pause) (young) 225M->200M(256M), 0.0026904 secs]
Application time: 0.0317008 seconds
[GC pause (G1 Evacuation Pause) (young) 225M->200M(256M), 0.0026855 secs]
Application time: 0.0256839 seconds
[GC pause (G1 Evacuation Pause) (young) (initial-mark) 225M->200M(256M), 0.0028813 secs]
[GC concurrent-root-region-scan-start]
[GC concurrent-root-region-scan-end, 0.0004460 secs]
[GC concurrent-mark-start]
Application time: 0.0436230 seconds
[GC pause (G1 Evacuation Pause) (young) 225M->200M(256M), 0.0025412 secs]
Application time: 0.0382522 seconds
[GC pause (G1 Evacuation Pause) (young) 225M->200M(256M), 0.0027421 secs]
Application time: 0.0409547 seconds
[GC pause (G1 Evacuation Pause) (young) 225M->200M(256M), 0.0028878 secs]
Application time: 0.0405988 seconds
[GC pause (G1 Evacuation Pause) (young) 225M->200M(256M), 0.0028436 secs]
Application time: 0.0383957 seconds
[GC pause (G1 Evacuation Pause) (young) 225M->200M(256M), 0.0026850 secs]
Application time: 0.0383054 seconds
[GC pause (G1 Evacuation Pause) (young) 225M->200M(256M), 0.0029331 secs]
Application time: 0.0403431 seconds
[GC pause (G1 Evacuation Pause) (young) 225M->200M(256M), 0.0029792 secs]
[GC concurrent-mark-end, 0.3336840 secs]
Application time: 0.0237368 seconds
[GC remark, 0.0062852 secs]
Application time: 0.0000605 seconds
[GC cleanup 216M->216M(256M), 0.0018714 secs]
Application time: 0.0105117 seconds
[GC pause (G1 Evacuation Pause) (young) 225M->200M(256M), 0.0027663 secs]
Application time: 0.0266932 seconds
[GC pause (G1 Evacuation Pause) (young) 225M->200M(256M), 0.0023378 secs]
Application time: 0.0266375 seconds
[GC pause (G1 Evacuation Pause) (young) (initial-mark) 225M->200M(256M), 0.0027301 secs]
[GC concurrent-root-region-scan-start]
[GC concurrent-root-region-scan-end, 0.0003826 secs]
[GC concurrent-mark-start]
Application time: 0.0527062 seconds
[GC pause (G1 Evacuation Pause) (young) 225M->200M(256M), 0.0025440 secs]
Application time: 0.0383618 seconds
[GC pause (G1 Evacuation Pause) (young) 225M->200M(256M), 0.0024010 secs]
Application time: 0.0568711 seconds
[GC pause (G1 Evacuation Pause) (young) 225M->200M(256M), 0.0023075 secs]
Application time: 0.0613520 seconds
[GC pause (G1 Evacuation Pause) (young) 225M->200M(256M), 0.0023805 secs]
[GC concurrent-mark-end, 0.2454044 secs]
Application time: 0.0234124 seconds
[GC remark, 0.0057467 secs]
Application time: 0.0000890 seconds
[GC cleanup 211M->211M(256M), 0.0017799 secs]
Application time: 0.0207792 seconds
[GC pause (G1 Evacuation Pause) (young) 225M->200M(256M), 0.0023757 secs]
Application time: 0.0265579 seconds
[GC pause (G1 Evacuation Pause) (young) 225M->200M(256M), 0.0024544 secs]
Application time: 0.0262061 seconds
[GC pause (G1 Evacuation Pause) (young) (initial-mark) 225M->200M(256M), 0.0026634 secs]
[GC concurrent-root-region-scan-start]
[GC concurrent-root-region-scan-end, 0.0003989 secs]
[GC concurrent-mark-start]
Application time: 0.0577962 seconds
[GC pause (G1 Evacuation Pause) (young) 225M->200M(256M), 0.0024543 secs]
Application time: 0.0421192 seconds
[GC pause (G1 Evacuation Pause) (young) 225M->201M(256M), 0.0023724 secs]
Application time: 0.0375455 seconds
[GC pause (G1 Evacuation Pause) (young) 226M->201M(256M), 0.0023093 secs]
Application time: 0.0446398 seconds
[GC pause (G1 Evacuation Pause) (young) 226M->200M(256M), 0.0023860 secs]
Application time: 0.0564467 seconds
[GC pause (G1 Evacuation Pause) (young) 225M->201M(256M), 0.0026126 secs]
[GC concurrent-mark-end, 0.2864264 secs]
Application time: 0.0176223 seconds
[GC remark, 0.0057385 secs]
Application time: 0.0000705 seconds
[GC cleanup 213M->213M(256M), 0.0017779 secs]
Application time: 0.0260408 seconds
[GC pause (G1 Evacuation Pause) (young) 226M->201M(256M), 0.0024614 secs]
Application time: 0.0275029 seconds
[GC pause (G1 Evacuation Pause) (young) 226M->200M(256M), 0.0029941 secs]
Application time: 0.0265066 seconds
[GC pause (G1 Evacuation Pause) (young) (initial-mark) 225M->201M(256M), 0.0027004 secs]
[GC concurrent-root-region-scan-start]
[GC concurrent-root-region-scan-end, 0.0004031 secs]
[GC concurrent-mark-start]
Application time: 0.0691930 seconds
[GC pause (G1 Evacuation Pause) (young) 226M->201M(256M), 0.0024409 secs]
Application time: 0.0557463 seconds
[GC pause (G1 Evacuation Pause) (young) 226M->201M(256M), 0.0024771 secs]
Application time: 0.0379664 seconds
[GC pause (G1 Evacuation Pause) (young) 226M->201M(256M), 0.0024377 secs]
Application time: 0.0401887 seconds
[GC pause (G1 Evacuation Pause) (young) 226M->201M(256M), 0.0024473 secs]
[GC concurrent-mark-end, 0.2610467 secs]
Application time: 0.0425703 seconds
[GC remark, 0.0058538 secs]
Application time: 0.0000492 seconds
[GC cleanup 225M->225M(256M), 0.0019288 secs]
Application time: 0.0025989 seconds
[GC pause (G1 Evacuation Pause) (young) 226M->201M(256M), 0.0021647 secs]
Application time: 0.0283633 seconds
[GC pause (G1 Evacuation Pause) (young) 226M->201M(256M), 0.0024092 secs]
Application time: 0.0271348 seconds
[GC pause (G1 Evacuation Pause) (young) (initial-mark) 226M->201M(256M), 0.0025914 secs]
[GC concurrent-root-region-scan-start]
[GC concurrent-root-region-scan-end, 0.0004102 secs]
[GC concurrent-mark-start]
Application time: 0.0457325 seconds
[GC pause (G1 Evacuation Pause) (young) 226M->201M(256M), 0.0023565 secs]
Application time: 0.0420442 seconds
[GC pause (G1 Evacuation Pause) (young) 226M->201M(256M), 0.0024102 secs]
Application time: 0.0441172 seconds
[GC pause (G1 Evacuation Pause) (young) 226M->201M(256M), 0.0024369 secs]
Application time: 0.0427213 seconds
[GC pause (G1 Evacuation Pause) (young) 226M->201M(256M), 0.0023357 secs]
Application time: 0.0432388 seconds
[GC pause (G1 Evacuation Pause) (young) 226M->201M(256M), 0.0023271 secs]
Application time: 0.0405328 seconds
[GC pause (G1 Evacuation Pause) (young) 226M->201M(256M), 0.0022218 secs]
Application time: 0.0394828 seconds
[GC pause (G1 Evacuation Pause) (young) 226M->201M(256M), 0.0024703 secs]
Application time: 0.0388345 seconds
[GC pause (G1 Evacuation Pause) (young) 226M->201M(256M), 0.0023968 secs]
[GC concurrent-mark-end, 0.3758400 secs]
Application time: 0.0085288 seconds
[GC remark, 0.0057796 secs]
Application time: 0.0000751 seconds
[GC cleanup 206M->206M(256M), 0.0018779 secs]
Application time: 0.0248329 seconds
[GC pause (G1 Evacuation Pause) (young) 226M->201M(256M), 0.0024137 secs]
Application time: 0.0297830 seconds
[GC pause (G1 Evacuation Pause) (young) 226M->201M(256M), 0.0024029 secs]
Application time: 0.0277845 seconds
[GC pause (G1 Evacuation Pause) (young) (initial-mark) 226M->201M(256M), 0.0027025 secs]
[GC concurrent-root-region-scan-start]
[GC concurrent-root-region-scan-end, 0.0003888 secs]
[GC concurrent-mark-start]
Application time: 0.0466918 seconds
[GC pause (G1 Evacuation Pause) (young) 226M->201M(256M), 0.0023418 secs]
Application time: 0.0643916 seconds
[GC pause (G1 Evacuation Pause) (young) 226M->201M(256M), 0.0025347 secs]
Application time: 0.0629535 seconds
[GC pause (G1 Evacuation Pause) (young) 226M->201M(256M), 0.0023647 secs]
[GC concurrent-mark-end, 0.2164523 secs]
Application time: 0.0261567 seconds
[GC remark, 0.0058891 secs]
Application time: 0.0000969 seconds
[GC cleanup 211M->211M(256M), 0.0018740 secs]
Application time: 0.0238791 seconds
[GC pause (G1 Evacuation Pause) (young) 226M->201M(256M), 0.0025333 secs]
Application time: 0.0274379 seconds
[GC pause (G1 Evacuation Pause) (young) 226M->201M(256M), 0.0023322 secs]
Application time: 0.0272334 seconds
[GC pause (G1 Evacuation Pause) (young) (initial-mark) 226M->201M(256M), 0.0027806 secs]
[GC concurrent-root-region-scan-start]
[GC concurrent-root-region-scan-end, 0.0004058 secs]
[GC concurrent-mark-start]
Application time: 0.0460999 seconds
[GC pause (G1 Evacuation Pause) (young) 226M->201M(256M), 0.0023078 secs]
Application time: 0.0410057 seconds
[GC pause (G1 Evacuation Pause) (young) 226M->201M(256M), 0.0023959 secs]
Application time: 0.0423471 seconds
[GC pause (G1 Evacuation Pause) (young) 226M->201M(256M), 0.0024678 secs]
Application time: 0.0419597 seconds
[GC pause (G1 Evacuation Pause) (young) 226M->201M(256M), 0.0023576 secs]
Application time: 0.0630097 seconds
[GC pause (G1 Evacuation Pause) (young) 226M->201M(256M), 0.0022899 secs]
[GC concurrent-mark-end, 0.2686345 secs]
Application time: 0.0174225 seconds
[GC remark, 0.0075627 secs]
Application time: 0.0000945 seconds
[GC cleanup 208M->208M(256M), 0.0017764 secs]
Application time: 0.0270419 seconds
[GC pause (G1 Evacuation Pause) (young) 226M->201M(256M), 0.0022872 secs]
Application time: 0.0271475 seconds
[GC pause (G1 Evacuation Pause) (young) 226M->201M(256M), 0.0023871 secs]
Application time: 0.0287950 seconds
[GC pause (G1 Evacuation Pause) (young) (initial-mark) 226M->201M(256M), 0.0031976 secs]
[GC concurrent-root-region-scan-start]
[GC concurrent-root-region-scan-end, 0.0004159 secs]
[GC concurrent-mark-start]
Application time: 0.0657423 seconds
[GC pause (G1 Evacuation Pause) (young) 226M->201M(256M), 0.0024823 secs]
Application time: 0.0624877 seconds
[GC pause (G1 Evacuation Pause) (young) 226M->201M(256M), 0.0023241 secs]
[GC concurrent-mark-end, 0.1733585 secs]
Application time: 0.0398911 seconds
[GC remark, 0.0057627 secs]
Application time: 0.0001000 seconds
[GC cleanup 217M->217M(256M), 0.0018320 secs]
Application time: 0.0117086 seconds
[GC pause (G1 Evacuation Pause) (young) 226M->201M(256M), 0.0024174 secs]
Application time: 0.0255070 seconds
[GC pause (G1 Evacuation Pause) (young) 225M->201M(256M), 0.0022138 secs]
Application time: 0.0255980 seconds
[GC pause (G1 Evacuation Pause) (young) (initial-mark) 225M->201M(256M), 0.0025883 secs]
[GC concurrent-root-region-scan-start]
[GC concurrent-root-region-scan-end, 0.0003958 secs]
[GC concurrent-mark-start]
Application time: 0.0453967 seconds
[GC pause (G1 Evacuation Pause) (young) 225M->201M(256M), 0.0022098 secs]
Application time: 0.0690748 seconds
[GC pause (G1 Evacuation Pause) (young) 225M->201M(256M), 0.0023887 secs]
Application time: 0.0604744 seconds
[GC pause (G1 Evacuation Pause) (young) 225M->201M(256M), 0.0022716 secs]
[GC concurrent-mark-end, 0.2168357 secs]
Application time: 0.0300495 seconds
[GC remark, 0.0057386 secs]
Application time: 0.0000697 seconds
[GC cleanup 220M->220M(256M), 0.0018714 secs]
Application time: 0.0066907 seconds
[GC pause (G1 Evacuation Pause) (young) 225M->201M(256M), 0.0021400 secs]
Application time: 0.0121083 seconds
[GC pause (G1 Evacuation Pause) (mixed) 212M->200M(256M), 0.0019960 secs]
Application time: 0.0263472 seconds
[GC pause (G1 Evacuation Pause) (young) 225M->200M(256M), 0.0023594 secs]
Application time: 0.0269027 seconds
[GC pause (G1 Evacuation Pause) (young) (initial-mark) 225M->200M(256M), 0.0025662 secs]
[GC concurrent-root-region-scan-start]
[GC concurrent-root-region-scan-end, 0.0003773 secs]
[GC concurrent-mark-start]
Application time: 0.0431666 seconds
[GC pause (G1 Evacuation Pause) (young) 225M->200M(256M), 0.0023671 secs]
Application time: 0.0426845 seconds
[GC pause (G1 Evacuation Pause) (young) 225M->200M(256M), 0.0023948 secs]
Application time: 0.0617896 seconds
[GC pause (G1 Evacuation Pause) (young) 225M->200M(256M), 0.0023799 secs]
Application time: 0.0598719 seconds
[GC pause (G1 Evacuation Pause) (young) 225M->200M(256M), 0.0024225 secs]
[GC concurrent-mark-end, 0.2394840 secs]
Application time: 0.0168879 seconds
[GC remark, 0.0055842 secs]
Application time: 0.0000350 seconds
[GC cleanup 208M->208M(256M), 0.0018040 secs]
Application time: 0.0281980 seconds
[GC pause (G1 Evacuation Pause) (young) 225M->200M(256M), 0.0023384 secs]
Application time: 0.0267964 seconds
[GC pause (G1 Evacuation Pause) (young) 225M->200M(256M), 0.0023029 secs]
Application time: 0.0266723 seconds
[GC pause (G1 Evacuation Pause) (young) (initial-mark) 225M->200M(256M), 0.0026550 secs]
[GC concurrent-root-region-scan-start]
[GC concurrent-root-region-scan-end, 0.0003908 secs]
[GC concurrent-mark-start]
Application time: 0.0607687 seconds
[GC pause (G1 Evacuation Pause) (young) 225M->200M(256M), 0.0024354 secs]
Application time: 0.0405180 seconds
[GC pause (G1 Evacuation Pause) (young) 225M->200M(256M), 0.0024932 secs]
Application time: 0.0475908 seconds
[GC pause (G1 Evacuation Pause) (young) 225M->200M(256M), 0.0023576 secs]
Application time: 0.0428689 seconds
[GC pause (G1 Evacuation Pause) (young) 225M->200M(256M), 0.0024231 secs]
[GC concurrent-mark-end, 0.2710690 secs]
Application time: 0.0555183 seconds
[GC remark, 0.0060408 secs]
Application time: 0.0000495 seconds
[GC cleanup 225M->225M(256M), 0.0018782 secs]
Application time: 0.0012972 seconds
[GC pause (G1 Evacuation Pause) (young) 225M->200M(256M), 0.0022215 secs]
Application time: 0.0345653 seconds
[GC pause (G1 Evacuation Pause) (young) 225M->200M(256M), 0.0026285 secs]
Application time: 0.0279543 seconds
[GC pause (G1 Evacuation Pause) (young) (initial-mark) 225M->200M(256M), 0.0027216 secs]
[GC concurrent-root-region-scan-start]
[GC concurrent-root-region-scan-end, 0.0004130 secs]
[GC concurrent-mark-start]
Application time: 0.0605513 seconds
[GC pause (G1 Evacuation Pause) (young) 225M->200M(256M), 0.0023834 secs]
Application time: 0.0560791 seconds
[GC pause (G1 Evacuation Pause) (young) 225M->200M(256M), 0.0023619 secs]
Application time: 0.0557493 seconds
[GC pause (G1 Evacuation Pause) (young) 225M->200M(256M), 0.0023989 secs]
[GC concurrent-mark-end, 0.1869780 secs]
Application time: 0.0059979 seconds
[GC remark, 0.0053956 secs]
Application time: 0.0000317 seconds
[GC cleanup 203M->203M(256M), 0.0017291 secs]
Application time: 0.0253179 seconds
[GC pause (G1 Evacuation Pause) (young) 225M->200M(256M), 0.0024288 secs]
Application time: 0.0260832 seconds
[GC pause (G1 Evacuation Pause) (young) 225M->200M(256M), 0.0023860 secs]
Application time: 0.0267244 seconds
[GC pause (G1 Evacuation Pause) (young) (initial-mark) 225M->200M(256M), 0.0026373 secs]
[GC concurrent-root-region-scan-start]
[GC concurrent-root-region-scan-end, 0.0004039 secs]
[GC concurrent-mark-start]
Application time: 0.0689922 seconds
[GC pause (G1 Evacuation Pause) (young) 225M->200M(256M), 0.0024566 secs]
Application time: 0.0431553 seconds
[GC pause (G1 Evacuation Pause) (young) 225M->200M(256M), 0.0024092 secs]
Application time: 0.0691148 seconds
[GC pause (G1 Evacuation Pause) (young) 225M->200M(256M), 0.0024192 secs]
Application time: 0.0404894 seconds
[GC pause (G1 Evacuation Pause) (young) 225M->200M(256M), 0.0023759 secs]
Application time: 0.0421674 seconds
[GC pause (G1 Evacuation Pause) (young) 225M->200M(256M), 0.0024457 secs]
Application time: 0.0461796 seconds
[GC pause (G1 Evacuation Pause) (young) 225M->200M(256M), 0.0024114 secs]
Application time: 0.0424160 seconds
[GC pause (G1 Evacuation Pause) (young) 225M->200M(256M), 0.0035376 secs]
[GC concurrent-mark-end, 0.3981586 secs]
Application time: 0.0094670 seconds
[GC remark, 0.0081889 secs]
Application time: 0.0014516 seconds
[GC cleanup 206M->206M(256M), 0.0023215 secs]
Application time: 0.0253174 seconds
[GC pause (G1 Evacuation Pause) (young) 225M->200M(256M), 0.0033306 secs]
Application time: 0.0317640 seconds
[GC pause (G1 Evacuation Pause) (young) 225M->200M(256M), 0.0028073 secs]
Application time: 0.0284771 seconds
[GC pause (G1 Evacuation Pause) (young) (initial-mark) 225M->200M(256M), 0.0030526 secs]
[GC concurrent-root-region-scan-start]
[GC concurrent-root-region-scan-end, 0.0005048 secs]
[GC concurrent-mark-start]
Application time: 0.0689216 seconds
[GC pause (G1 Evacuation Pause) (young) 225M->200M(256M), 0.0030811 secs]
Application time: 0.0589182 seconds
[GC pause (G1 Evacuation Pause) (young) 225M->200M(256M), 0.0029222 secs]
[GC concurrent-mark-end, 0.1884196 secs]
Application time: 0.0541379 seconds
[GC remark, 0.0065342 secs]
Application time: 0.0001245 seconds
[GC cleanup 224M->224M(256M), 0.0019439 secs]
Application time: 0.0045898 seconds
[GC pause (G1 Evacuation Pause) (young) 225M->200M(256M), 0.0026417 secs]
Application time: 0.0315814 seconds
[GC pause (G1 Evacuation Pause) (young) 225M->200M(256M), 0.0027101 secs]
Application time: 0.0278836 seconds
[GC pause (G1 Evacuation Pause) (young) (initial-mark) 225M->200M(256M), 0.0029149 secs]
[GC concurrent-root-region-scan-start]
[GC concurrent-root-region-scan-end, 0.0004947 secs]
[GC concurrent-mark-start]
Application time: 0.0610267 seconds
[GC pause (G1 Evacuation Pause) (young) 225M->200M(256M), 0.0027803 secs]
Application time: 0.0591501 seconds
[GC pause (G1 Evacuation Pause) (young) 225M->200M(256M), 0.0027273 secs]
Application time: 0.0576116 seconds
[GC pause (G1 Evacuation Pause) (young) 225M->200M(256M), 0.0029128 secs]
[GC concurrent-mark-end, 0.1911543 secs]
Application time: 0.0038712 seconds
[GC remark, 0.0064957 secs]
Application time: 0.0000868 seconds
[GC cleanup 202M->202M(256M), 0.0019994 secs]
Application time: 0.0319702 seconds
[GC pause (G1 Evacuation Pause) (young) 225M->201M(256M), 0.0028669 secs]
Application time: 0.0275903 seconds
[GC pause (G1 Evacuation Pause) (young) 226M->201M(256M), 0.0025269 secs]
Application time: 0.0350508 seconds
[GC pause (G1 Evacuation Pause) (young) (initial-mark) 226M->200M(256M), 0.0029919 secs]
[GC concurrent-root-region-scan-start]
[GC concurrent-root-region-scan-end, 0.0005263 secs]
[GC concurrent-mark-start]
Application time: 0.0594650 seconds
[GC pause (G1 Evacuation Pause) (young) 225M->201M(256M), 0.0027661 secs]
Application time: 0.0577810 seconds
[GC pause (G1 Evacuation Pause) (young) 226M->201M(256M), 0.0027832 secs]
[GC concurrent-mark-end, 0.1802611 secs]
Application time: 0.0569818 seconds
[GC remark, 0.0065960 secs]
Application time: 0.0005500 seconds
[GC cleanup 226M->226M(256M), 0.0021138 secs]
Application time: 0.0012105 seconds
[GC pause (G1 Evacuation Pause) (young) 226M->201M(256M), 0.0024610 secs]
Application time: 0.0277585 seconds
[GC pause (G1 Evacuation Pause) (young) 226M->201M(256M), 0.0025781 secs]
Application time: 0.0275342 seconds
[GC pause (G1 Evacuation Pause) (young) (initial-mark) 226M->201M(256M), 0.0034969 secs]
[GC concurrent-root-region-scan-start]
[GC concurrent-root-region-scan-end, 0.0004657 secs]
[GC concurrent-mark-start]
Application time: 0.0955154 seconds
[GC pause (G1 Evacuation Pause) (young) 226M->201M(256M), 0.0029790 secs]
Application time: 0.0659775 seconds
[GC pause (G1 Evacuation Pause) (young) 226M->201M(256M), 0.0029307 secs]
[GC concurrent-mark-end, 0.1817868 secs]
Application time: 0.0132452 seconds
[GC remark, 0.0066032 secs]
Application time: 0.0000744 seconds
[GC cleanup 206M->206M(256M), 0.0019660 secs]
Application time: 0.0274235 seconds
[GC pause (G1 Evacuation Pause) (young) 226M->201M(256M), 0.0028771 secs]
Application time: 0.0283079 seconds
[GC pause (G1 Evacuation Pause) (young) 226M->201M(256M), 0.0027194 secs]
Application time: 0.0290449 seconds
[GC pause (G1 Evacuation Pause) (young) (initial-mark) 226M->201M(256M), 0.0030639 secs]
[GC concurrent-root-region-scan-start]
[GC concurrent-root-region-scan-end, 0.0004766 secs]
[GC concurrent-mark-start]
Application time: 0.0441907 seconds
[GC pause (G1 Evacuation Pause) (young) 226M->201M(256M), 0.0028913 secs]
Application time: 0.0619142 seconds
[GC pause (G1 Evacuation Pause) (young) 226M->201M(256M), 0.0030478 secs]
Application time: 0.0626838 seconds
[GC pause (G1 Evacuation Pause) (young) 226M->201M(256M), 0.0029314 secs]
[GC concurrent-mark-end, 0.2151509 secs]
Application time: 0.0360034 seconds
[GC remark, 0.0065181 secs]
Application time: 0.0000597 seconds
[GC cleanup 215M->215M(256M), 0.0019132 secs]
Application time: 0.0125715 seconds
[GC pause (G1 Evacuation Pause) (young) 226M->201M(256M), 0.0026457 secs]
Application time: 0.0303011 seconds
[GC pause (G1 Evacuation Pause) (young) 226M->201M(256M), 0.0028886 secs]
Application time: 0.0279725 seconds
[GC pause (G1 Evacuation Pause) (young) (initial-mark) 226M->201M(256M), 0.0030508 secs]
[GC concurrent-root-region-scan-start]
[GC concurrent-root-region-scan-end, 0.0004656 secs]
[GC concurrent-mark-start]
Application time: 0.0588768 seconds
[GC pause (G1 Evacuation Pause) (young) 226M->201M(256M), 0.0028377 secs]
Application time: 0.0486801 seconds
[GC pause (G1 Evacuation Pause) (young) 226M->201M(256M), 0.0028838 secs]
Application time: 0.0549351 seconds
[GC pause (G1 Evacuation Pause) (young) 226M->201M(256M), 0.0028071 secs]
Application time: 0.0611385 seconds
[GC pause (G1 Evacuation Pause) (young) 226M->201M(256M), 0.0030267 secs]
[GC concurrent-mark-end, 0.2544214 secs]
Application time: 0.0177447 seconds
[GC remark, 0.0063554 secs]
Application time: 0.0000858 seconds
[GC cleanup 208M->208M(256M), 0.0018952 secs]
Application time: 0.0232898 seconds
[GC pause (G1 Evacuation Pause) (young) 226M->201M(256M), 0.0027963 secs]
Application time: 0.0294357 seconds
[GC pause (G1 Evacuation Pause) (young) 226M->201M(256M), 0.0029242 secs]
Application time: 0.0276691 seconds
[GC pause (G1 Evacuation Pause) (young) (initial-mark) 226M->201M(256M), 0.0025383 secs]
[GC concurrent-root-region-scan-start]
[GC concurrent-root-region-scan-end, 0.0004556 secs]
[GC concurrent-mark-start]
Application time: 0.0423170 seconds
[GC pause (G1 Evacuation Pause) (young) 226M->201M(256M), 0.0022712 secs]
Application time: 0.0450247 seconds
[GC pause (G1 Evacuation Pause) (young) 226M->201M(256M), 0.0023996 secs]
Application time: 0.0430510 seconds
[GC pause (G1 Evacuation Pause) (young) 226M->201M(256M), 0.0026138 secs]
Application time: 0.0574781 seconds
[GC pause (G1 Evacuation Pause) (young) 226M->201M(256M), 0.0026705 secs]
Application time: 0.0635883 seconds
[GC pause (G1 Evacuation Pause) (young) 226M->201M(256M), 0.0024948 secs]
[GC concurrent-mark-end, 0.2833071 secs]
Application time: 0.0023631 seconds
[GC remark, 0.0079204 secs]
Application time: 0.0000808 seconds
[GC cleanup 202M->202M(256M), 0.0019501 secs]
Application time: 0.0285352 seconds
[GC pause (G1 Evacuation Pause) (young) 226M->201M(256M), 0.0023615 secs]
Application time: 0.0265301 seconds
[GC pause (G1 Evacuation Pause) (young) 226M->201M(256M), 0.0024210 secs]
Application time: 0.0261760 seconds
[GC pause (G1 Evacuation Pause) (young) (initial-mark) 226M->201M(256M), 0.0025479 secs]
[GC concurrent-root-region-scan-start]
[GC concurrent-root-region-scan-end, 0.0004371 secs]
[GC concurrent-mark-start]
Application time: 0.0450969 seconds
[GC pause (G1 Evacuation Pause) (young) 226M->201M(256M), 0.0024511 secs]
Application time: 0.0455321 seconds
[GC pause (G1 Evacuation Pause) (young) 226M->201M(256M), 0.0024107 secs]
Application time: 0.0621984 seconds
[GC pause (G1 Evacuation Pause) (young) 226M->201M(256M), 0.0026774 secs]
Application time: 0.0593764 seconds
[GC pause (G1 Evacuation Pause) (young) 226M->201M(256M), 0.0022948 secs]
[GC concurrent-mark-end, 0.2477596 secs]
Application time: 0.0161992 seconds
[GC remark, 0.0056804 secs]
Application time: 0.0001322 seconds
[GC cleanup 209M->209M(256M), 0.0017713 secs]
Application time: 0.0227367 seconds
[GC pause (G1 Evacuation Pause) (young) 226M->201M(256M), 0.0024074 secs]
Application time: 0.0333419 seconds
[GC pause (G1 Evacuation Pause) (young) 226M->201M(256M), 0.0032785 secs]
Application time: 0.0310954 seconds
[GC pause (G1 Evacuation Pause) (young) (initial-mark) 225M->201M(256M), 0.0034802 secs]
[GC concurrent-root-region-scan-start]
[GC concurrent-root-region-scan-end, 0.0005143 secs]
[GC concurrent-mark-start]
Application time: 0.0487909 seconds
[GC pause (G1 Evacuation Pause) (young) 225M->201M(256M), 0.0030048 secs]
Application time: 0.0620237 seconds
[GC pause (G1 Evacuation Pause) (young) 225M->201M(256M), 0.0030789 secs]
Application time: 0.0610402 seconds
[GC pause (G1 Evacuation Pause) (young) 225M->201M(256M), 0.0029277 secs]
[GC concurrent-mark-end, 0.2229985 secs]
Application time: 0.0412205 seconds
[GC remark, 0.0069140 secs]
Application time: 0.0000964 seconds
[GC cleanup 218M->218M(256M), 0.0019982 secs]
Application time: 0.0116703 seconds
[GC pause (G1 Evacuation Pause) (young) 225M->201M(256M), 0.0030527 secs]
Application time: 0.0213793 seconds
[GC pause (G1 Evacuation Pause) (mixed) 212M->200M(256M), 0.0029692 secs]
Application time: 0.0289324 seconds
[GC pause (G1 Evacuation Pause) (young) 225M->200M(256M), 0.0029371 secs]
Application time: 0.0304486 seconds
[GC pause (G1 Evacuation Pause) (young) (initial-mark) 225M->200M(256M), 0.0030185 secs]
[GC concurrent-root-region-scan-start]
[GC concurrent-root-region-scan-end, 0.0005589 secs]
[GC concurrent-mark-start]
Application time: 0.0624083 seconds
[GC pause (G1 Evacuation Pause) (young) 225M->200M(256M), 0.0028367 secs]
Application time: 0.0614640 seconds
[GC pause (G1 Evacuation Pause) (young) 225M->200M(256M), 0.0029034 secs]
[GC concurrent-mark-end, 0.1870560 secs]
Application time: 0.0570536 seconds
[GC remark, 0.0065272 secs]
Application time: 0.0000491 seconds
[GC cleanup 223M->223M(256M), 0.0019862 secs]
Application time: 0.0047288 seconds
[GC pause (G1 Evacuation Pause) (young) 225M->200M(256M), 0.0028111 secs]
Application time: 0.0290612 seconds
[GC pause (G1 Evacuation Pause) (young) 225M->200M(256M), 0.0029885 secs]
Application time: 0.0285586 seconds
[GC pause (G1 Evacuation Pause) (young) (initial-mark) 225M->200M(256M), 0.0029366 secs]
[GC concurrent-root-region-scan-start]
[GC concurrent-root-region-scan-end, 0.0005116 secs]
[GC concurrent-mark-start]
Application time: 0.0450733 seconds
[GC pause (G1 Evacuation Pause) (young) 225M->200M(256M), 0.0029084 secs]
Application time: 0.0515342 seconds
[GC pause (G1 Evacuation Pause) (young) 225M->200M(256M), 0.0027793 secs]
Application time: 0.0404383 seconds
[GC pause (G1 Evacuation Pause) (young) 225M->200M(256M), 0.0028039 secs]
Application time: 0.0820670 seconds
[GC pause (G1 Evacuation Pause) (young) 225M->200M(256M), 0.0030595 secs]
[GC concurrent-mark-end, 0.2677545 secs]
Application time: 0.0356893 seconds
[GC remark, 0.0067310 secs]
Application time: 0.0000860 seconds
[GC cleanup 213M->213M(256M), 0.0020060 secs]
Application time: 0.0218042 seconds
[GC pause (G1 Evacuation Pause) (young) 225M->200M(256M), 0.0028741 secs]
Application time: 0.0311707 seconds
[GC pause (G1 Evacuation Pause) (young) 225M->200M(256M), 0.0032240 secs]
Application time: 0.0291069 seconds
[GC pause (G1 Evacuation Pause) (young) (initial-mark) 225M->200M(256M), 0.0030369 secs]
[GC concurrent-root-region-scan-start]
[GC concurrent-root-region-scan-end, 0.0005239 secs]
[GC concurrent-mark-start]
Application time: 0.0532270 seconds
[GC pause (G1 Evacuation Pause) (young) 225M->200M(256M), 0.0028675 secs]
Application time: 0.0422448 seconds
[GC pause (G1 Evacuation Pause) (young) 225M->200M(256M), 0.0031342 secs]
Application time: 0.0604208 seconds
[GC pause (G1 Evacuation Pause) (young) 225M->200M(256M), 0.0031376 secs]
Application time: 0.0631868 seconds
[GC pause (G1 Evacuation Pause) (young) 225M->200M(256M), 0.0031472 secs]
[GC concurrent-mark-end, 0.2876325 secs]
Application time: 0.0427492 seconds
[GC pause (G1 Evacuation Pause) (young) 225M->200M(256M), 0.0030068 secs]
Application time: 0.0017914 seconds
[GC remark, 0.0069627 secs]
Application time: 0.0000474 seconds
[GC cleanup 201M->201M(256M), 0.0020787 secs]
Application time: 0.0332877 seconds
[GC pause (G1 Evacuation Pause) (young) 225M->200M(256M), 0.0027175 secs]
Application time: 0.0285849 seconds
[GC pause (G1 Evacuation Pause) (young) 225M->200M(256M), 0.0029533 secs]
Application time: 0.0289854 seconds
[GC pause (G1 Evacuation Pause) (young) (initial-mark) 225M->200M(256M), 0.0030474 secs]
[GC concurrent-root-region-scan-start]
[GC concurrent-root-region-scan-end, 0.0004840 secs]
[GC concurrent-mark-start]
Application time: 0.0524139 seconds
[GC pause (G1 Evacuation Pause) (young) 225M->200M(256M), 0.0027588 secs]
Application time: 0.0666648 seconds
[GC pause (G1 Evacuation Pause) (young) 225M->200M(256M), 0.0029709 secs]
Application time: 0.0594552 seconds
[GC pause (G1 Evacuation Pause) (young) 225M->200M(256M), 0.0027023 secs]
Application time: 0.0473700 seconds
[GC concurrent-mark-end, 0.2433726 secs]
[GC pause (G1 Evacuation Pause) (young) 225M->200M(256M), 0.0029352 secs]
Application time: 0.0002102 seconds
[GC remark, 0.0080268 secs]
Application time: 0.0000612 seconds
[GC cleanup 201M->201M(256M), 0.0020954 secs]
Application time: 0.0283924 seconds
[GC pause (G1 Evacuation Pause) (young) 225M->200M(256M), 0.0030359 secs]
Application time: 0.0353254 seconds
[GC pause (G1 Evacuation Pause) (young) 225M->200M(256M), 0.0028319 secs]
Application time: 0.0287250 seconds
[GC pause (G1 Evacuation Pause) (young) (initial-mark) 225M->200M(256M), 0.0030211 secs]
[GC concurrent-root-region-scan-start]
[GC concurrent-root-region-scan-end, 0.0004833 secs]
[GC concurrent-mark-start]
Application time: 0.0637917 seconds
[GC pause (G1 Evacuation Pause) (young) 225M->200M(256M), 0.0028207 secs]
Application time: 0.0383670 seconds
[GC pause (G1 Evacuation Pause) (young) 225M->200M(256M), 0.0027289 secs]
Application time: 0.0409978 seconds
[GC pause (G1 Evacuation Pause) (young) 225M->200M(256M), 0.0026968 secs]
Application time: 0.0411708 seconds
[GC pause (G1 Evacuation Pause) (young) 225M->200M(256M), 0.0026886 secs]
Application time: 0.0447885 seconds
[GC pause (G1 Evacuation Pause) (young) 225M->200M(256M), 0.0026056 secs]
[GC concurrent-mark-end, 0.2636508 secs]
Application time: 0.0108762 seconds
[GC remark, 0.0063490 secs]
Application time: 0.0000509 seconds
[GC cleanup 206M->206M(256M), 0.0019209 secs]
Application time: 0.0218816 seconds
[GC pause (G1 Evacuation Pause) (young) 225M->200M(256M), 0.0023526 secs]
Application time: 0.0260956 seconds
[GC pause (G1 Evacuation Pause) (young) 225M->200M(256M), 0.0023149 secs]
Application time: 0.0255319 seconds
[GC pause (G1 Evacuation Pause) (young) (initial-mark) 225M->200M(256M), 0.0026474 secs]
[GC concurrent-root-region-scan-start]
[GC concurrent-root-region-scan-end, 0.0004735 secs]
[GC concurrent-mark-start]
Application time: 0.0662332 seconds
[GC pause (G1 Evacuation Pause) (young) 225M->200M(256M), 0.0027728 secs]
Application time: 0.0412926 seconds
[GC pause (G1 Evacuation Pause) (young) 225M->200M(256M), 0.0025996 secs]
Application time: 0.0411205 seconds
[GC pause (G1 Evacuation Pause) (young) 225M->200M(256M), 0.0029243 secs]
Application time: 0.0421597 seconds
[GC pause (G1 Evacuation Pause) (young) 225M->201M(256M), 0.0025908 secs]
Application time: 0.0369742 seconds
[GC pause (G1 Evacuation Pause) (young) 226M->200M(256M), 0.0023535 secs]
[GC concurrent-mark-end, 0.2755964 secs]
Application time: 0.0202089 seconds
[GC remark, 0.0067049 secs]
Application time: 0.0000625 seconds
[GC cleanup 211M->211M(256M), 0.0019524 secs]
Application time: 0.0216273 seconds
[GC pause (G1 Evacuation Pause) (young) 225M->201M(256M), 0.0023250 secs]
Application time: 0.0263122 seconds
[GC pause (G1 Evacuation Pause) (young) 226M->200M(256M), 0.0022112 secs]
Application time: 0.0259934 seconds
[GC pause (G1 Evacuation Pause) (young) (initial-mark) 225M->201M(256M), 0.0025193 secs]
[GC concurrent-root-region-scan-start]
[GC concurrent-root-region-scan-end, 0.0004592 secs]
[GC concurrent-mark-start]
Application time: 0.0561322 seconds
[GC pause (G1 Evacuation Pause) (young) 226M->200M(256M), 0.0023235 secs]
Application time: 0.0515760 seconds
[GC pause (G1 Evacuation Pause) (young) 225M->201M(256M), 0.0035376 secs]
Application time: 0.0398762 seconds
[GC pause (G1 Evacuation Pause) (young) 226M->201M(256M), 0.0025395 secs]
Application time: 0.0375540 seconds
[GC pause (G1 Evacuation Pause) (young) 226M->201M(256M), 0.0022752 secs]
[GC concurrent-mark-end, 0.2416226 secs]
Application time: 0.0382360 seconds
[GC remark, 0.0065736 secs]
Application time: 0.0001340 seconds
[GC cleanup 219M->219M(256M), 0.0019454 secs]
Application time: 0.0136459 seconds
[GC pause (G1 Evacuation Pause) (young) 226M->201M(256M), 0.0024161 secs]
Application time: 0.0309055 seconds
[GC pause (G1 Evacuation Pause) (young) 226M->201M(256M), 0.0025878 secs]
Application time: 0.0388914 seconds
Application time: 0.0360097 seconds
[GC pause (G1 Evacuation Pause) (young) (initial-mark) 226M->201M(256M), 0.0028151 secs]
[GC concurrent-root-region-scan-start]
[GC concurrent-root-region-scan-end, 0.0005173 secs]
[GC concurrent-mark-start]
Application time: 0.0581716 seconds
[GC pause (G1 Evacuation Pause) (young) 226M->201M(256M), 0.0025900 secs]
Application time: 0.0515711 seconds
[GC pause (G1 Evacuation Pause) (young) 226M->201M(256M), 0.0023823 secs]
Application time: 0.0587496 seconds
[GC pause (G1 Evacuation Pause) (young) 226M->201M(256M), 0.0023860 secs]
[GC concurrent-mark-end, 0.1957123 secs]
Application time: 0.0189692 seconds
[GC remark, 0.0070153 secs]
Application time: 0.0000739 seconds
[GC cleanup 211M->211M(256M), 0.0019866 secs]
Application time: 0.0194161 seconds
[GC pause (G1 Evacuation Pause) (young) 226M->201M(256M), 0.0025024 secs]
Application time: 0.0116011 seconds
[GC pause (G1 Evacuation Pause) (mixed) 212M->200M(256M), 0.0035786 secs]
Application time: 0.0257803 seconds
[GC pause (G1 Evacuation Pause) (young) 225M->200M(256M), 0.0039022 secs]
Application time: 0.0256989 seconds
[GC pause (G1 Evacuation Pause) (young) (initial-mark) 225M->200M(256M), 0.0023801 secs]
[GC concurrent-root-region-scan-start]
[GC concurrent-root-region-scan-end, 0.0004724 secs]
[GC concurrent-mark-start]
Application time: 0.0505828 seconds
[GC pause (G1 Evacuation Pause) (young) 225M->201M(256M), 0.0023374 secs]
Application time: 0.0504761 seconds
[GC pause (G1 Evacuation Pause) (young) 226M->201M(256M), 0.0024521 secs]
Application time: 0.0495365 seconds
[GC pause (G1 Evacuation Pause) (young) 226M->201M(256M), 0.0024672 secs]
[GC concurrent-mark-end, 0.1876299 secs]
Application time: 0.0288402 seconds
[GC remark, 0.0066140 secs]
Application time: 0.0000470 seconds
[GC cleanup 216M->216M(256M), 0.0019357 secs]
Application time: 0.0152831 seconds
[GC pause (G1 Evacuation Pause) (young) 226M->201M(256M), 0.0023095 secs]
Application time: 0.0116271 seconds
[GC pause (G1 Evacuation Pause) (mixed) 212M->200M(256M), 0.0036958 secs]
Application time: 0.0265173 seconds
[GC pause (G1 Evacuation Pause) (young) 226M->200M(256M), 0.0034545 secs]
Application time: 0.0253970 seconds
[GC pause (G1 Evacuation Pause) (young) (initial-mark) 225M->200M(256M), 0.0028565 secs]
[GC concurrent-root-region-scan-start]
[GC concurrent-root-region-scan-end, 0.0005134 secs]
[GC concurrent-mark-start]
Application time: 0.0380564 seconds
[GC pause (G1 Evacuation Pause) (young) 225M->200M(256M), 0.0024649 secs]
Application time: 0.0382620 seconds
[GC pause (G1 Evacuation Pause) (young) 225M->200M(256M), 0.0026300 secs]
Application time: 0.0546285 seconds
[GC pause (G1 Evacuation Pause) (young) 225M->200M(256M), 0.0025704 secs]
Application time: 0.0505718 seconds
[GC pause (G1 Evacuation Pause) (young) 225M->200M(256M), 0.0026236 secs]
[GC concurrent-mark-end, 0.2259971 secs]
Application time: 0.0328788 seconds
[GC remark, 0.0067004 secs]
Application time: 0.0000425 seconds
[GC cleanup 216M->216M(256M), 0.0019291 secs]
Application time: 0.0105736 seconds
[GC pause (G1 Evacuation Pause) (young) 225M->200M(256M), 0.0023915 secs]
Application time: 0.0117185 seconds
[GC pause (G1 Evacuation Pause) (mixed) 211M->200M(256M), 0.0036393 secs]
Application time: 0.0271483 seconds
[GC pause (G1 Evacuation Pause) (young) 226M->200M(256M), 0.0039622 secs]
Application time: 0.0264174 seconds
[GC pause (G1 Evacuation Pause) (young) (initial-mark) 225M->200M(256M), 0.0027633 secs]
[GC concurrent-root-region-scan-start]
[GC concurrent-root-region-scan-end, 0.0004356 secs]
[GC concurrent-mark-start]
Application time: 0.0393292 seconds
[GC pause (G1 Evacuation Pause) (young) 225M->200M(256M), 0.0025234 secs]
Application time: 0.0428599 seconds
[GC pause (G1 Evacuation Pause) (young) 225M->200M(256M), 0.0026449 secs]
Application time: 0.0687022 seconds
[GC pause (G1 Evacuation Pause) (young) 225M->200M(256M), 0.0024208 secs]
[GC concurrent-mark-end, 0.2124982 secs]
Application time: 0.0451217 seconds
[GC remark, 0.0075453 secs]
Application time: 0.0000706 seconds
[GC cleanup 206M->206M(256M), 0.0022072 secs]
Application time: 0.0133263 seconds
Application time: 0.0250035 seconds
[GC pause (G1 Evacuation Pause) (young) 225M->200M(256M), 0.0028365 secs]
Application time: 0.0285639 seconds
[GC pause (G1 Evacuation Pause) (young) 225M->200M(256M), 0.0023301 secs]
Application time: 0.0268562 seconds
[GC pause (G1 Evacuation Pause) (young) (initial-mark) 225M->200M(256M), 0.0026044 secs]
[GC concurrent-root-region-scan-start]
[GC concurrent-root-region-scan-end, 0.0006237 secs]
[GC concurrent-mark-start]
Application time: 0.0405808 seconds
[GC pause (G1 Evacuation Pause) (young) 225M->200M(256M), 0.0023757 secs]
Application time: 0.0482868 seconds
[GC pause (G1 Evacuation Pause) (young) 225M->200M(256M), 0.0024336 secs]
Application time: 0.0620899 seconds
[GC pause (G1 Evacuation Pause) (young) 225M->200M(256M), 0.0025564 secs]
[GC concurrent-mark-end, 0.2093683 secs]
Application time: 0.0424768 seconds
[GC remark, 0.0068400 secs]
Application time: 0.0000870 seconds
[GC cleanup 218M->218M(256M), 0.0020065 secs]
Application time: 0.0126700 seconds
[GC pause (G1 Evacuation Pause) (young) 225M->200M(256M), 0.0021945 secs]
Application time: 0.0263909 seconds
[GC pause (G1 Evacuation Pause) (young) 225M->200M(256M), 0.0023516 secs]
Application time: 0.0258774 seconds
[GC pause (G1 Evacuation Pause) (young) (initial-mark) 225M->200M(256M), 0.0025331 secs]
[GC concurrent-root-region-scan-start]
[GC concurrent-root-region-scan-end, 0.0004594 secs]
[GC concurrent-mark-start]
Application time: 0.0683951 seconds
[GC pause (G1 Evacuation Pause) (young) 225M->200M(256M), 0.0025296 secs]
Application time: 0.0619368 seconds
[GC pause (G1 Evacuation Pause) (young) 225M->200M(256M), 0.0025112 secs]
[GC concurrent-mark-end, 0.1535032 secs]
Application time: 0.0136649 seconds
[GC remark, 0.0064391 secs]
Application time: 0.0000643 seconds
[GC cleanup 206M->206M(256M), 0.0018883 secs]
Application time: 0.0260033 seconds
[GC pause (G1 Evacuation Pause) (young) 225M->200M(256M), 0.0027041 secs]
Application time: 0.0261382 seconds
[GC pause (G1 Evacuation Pause) (young) 225M->200M(256M), 0.0024765 secs]
Application time: 0.0307806 seconds
[GC pause (G1 Evacuation Pause) (young) (initial-mark) 225M->200M(256M), 0.0026492 secs]
[GC concurrent-root-region-scan-start]
[GC concurrent-root-region-scan-end, 0.0005069 secs]
[GC concurrent-mark-start]
Application time: 0.0424080 seconds
[GC pause (G1 Evacuation Pause) (young) 225M->200M(256M), 0.0023649 secs]
Application time: 0.0392132 seconds
[GC pause (G1 Evacuation Pause) (young) 225M->200M(256M), 0.0023296 secs]
Application time: 0.0488197 seconds
[GC pause (G1 Evacuation Pause) (young) 225M->200M(256M), 0.0025733 secs]
Application time: 0.0603755 seconds
[GC pause (G1 Evacuation Pause) (young) 225M->200M(256M), 0.0024938 secs]
[GC concurrent-mark-end, 0.2207606 secs]
Application time: 0.0108749 seconds
[GC remark, 0.0063841 secs]
Application time: 0.0000588 seconds
[GC cleanup 205M->205M(256M), 0.0018348 secs]
Application time: 0.0224983 seconds
[GC pause (G1 Evacuation Pause) (young) 225M->200M(256M), 0.0023471 secs]
Application time: 0.0268948 seconds
[GC pause (G1 Evacuation Pause) (young) 225M->200M(256M), 0.0024761 secs]
Application time: 0.0267021 seconds
[GC pause (G1 Evacuation Pause) (young) (initial-mark) 225M->200M(256M), 0.0024169 secs]
[GC concurrent-root-region-scan-start]
[GC concurrent-root-region-scan-end, 0.0004628 secs]
[GC concurrent-mark-start]
Application time: 0.0446388 seconds
[GC pause (G1 Evacuation Pause) (young) 225M->200M(256M), 0.0021776 secs]
Application time: 0.0635470 seconds
[GC pause (G1 Evacuation Pause) (young) 225M->200M(256M), 0.0024326 secs]
Application time: 0.0489121 seconds
[GC pause (G1 Evacuation Pause) (young) 225M->200M(256M), 0.0024828 secs]
[GC concurrent-mark-end, 0.2000874 secs]
Application time: 0.0277293 seconds
[GC remark, 0.0069861 secs]
Application time: 0.0001083 seconds
[GC cleanup 212M->212M(256M), 0.0026201 secs]
Application time: 0.0151700 seconds
[GC pause (G1 Evacuation Pause) (young) 225M->200M(256M), 0.0021917 secs]
Application time: 0.0337917 seconds
[GC pause (G1 Evacuation Pause) (young) 225M->200M(256M), 0.0024192 secs]
Application time: 0.0282705 seconds
[GC pause (G1 Evacuation Pause) (young) (initial-mark) 225M->200M(256M), 0.0025806 secs]
[GC concurrent-root-region-scan-start]
[GC concurrent-root-region-scan-end, 0.0006251 secs]
[GC concurrent-mark-start]
Application time: 0.0663861 seconds
[GC pause (G1 Evacuation Pause) (young) 225M->201M(256M), 0.0023451 secs]
Application time: 0.0618087 seconds
[GC pause (G1 Evacuation Pause) (young) 226M->200M(256M), 0.0025146 secs]
[GC concurrent-mark-end, 0.1630094 secs]
Application time: 0.0256137 seconds
[GC remark, 0.0066689 secs]
Application time: 0.0000756 seconds
[GC cleanup 212M->212M(256M), 0.0018950 secs]
Application time: 0.0213324 seconds
[GC pause (G1 Evacuation Pause) (young) 225M->201M(256M), 0.0021739 secs]
Application time: 0.0262070 seconds
[GC pause (G1 Evacuation Pause) (young) 226M->200M(256M), 0.0023181 secs]
Application time: 0.0263507 seconds
[GC pause (G1 Evacuation Pause) (young) (initial-mark) 225M->201M(256M), 0.0024049 secs]
[GC concurrent-root-region-scan-start]
[GC concurrent-root-region-scan-end, 0.0003903 secs]
[GC concurrent-mark-start]
Application time: 0.0670351 seconds
[GC pause (G1 Evacuation Pause) (young) 226M->200M(256M), 0.0023330 secs]
Application time: 0.0542444 seconds
[GC pause (G1 Evacuation Pause) (young) 225M->201M(256M), 0.0021362 secs]
Application time: 0.0481146 seconds
[GC pause (G1 Evacuation Pause) (young) 226M->201M(256M), 0.0022939 secs]
[GC concurrent-mark-end, 0.2023673 secs]
Application time: 0.0207450 seconds
[GC remark, 0.0071762 secs]
Application time: 0.0005041 seconds
[GC cleanup 216M->216M(256M), 0.0020053 secs]
Application time: 0.0106201 seconds
[GC pause (G1 Evacuation Pause) (young) 226M->201M(256M), 0.0021736 secs]
Application time: 0.0279626 seconds
[GC pause (G1 Evacuation Pause) (young) 226M->200M(256M), 0.0021318 secs]
Application time: 0.0267815 seconds
[GC pause (G1 Evacuation Pause) (young) (initial-mark) 225M->201M(256M), 0.0026137 secs]
[GC concurrent-root-region-scan-start]
[GC concurrent-root-region-scan-end, 0.0005089 secs]
[GC concurrent-mark-start]
Application time: 0.0493685 seconds
[GC pause (G1 Evacuation Pause) (young) 226M->201M(256M), 0.0022427 secs]
Application time: 0.0518589 seconds
[GC pause (G1 Evacuation Pause) (young) 226M->201M(256M), 0.0022480 secs]
Application time: 0.0496313 seconds
[GC pause (G1 Evacuation Pause) (young) 226M->201M(256M), 0.0024302 secs]
[GC concurrent-mark-end, 0.1863060 secs]
Application time: 0.0275799 seconds
[GC remark, 0.0062742 secs]
Application time: 0.0000458 seconds
[GC cleanup 215M->215M(256M), 0.0018971 secs]
Application time: 0.0137997 seconds
[GC pause (G1 Evacuation Pause) (young) 226M->201M(256M), 0.0021545 secs]
Application time: 0.0261378 seconds
[GC pause (G1 Evacuation Pause) (young) 226M->201M(256M), 0.0023932 secs]
Application time: 0.0261787 seconds
[GC pause (G1 Evacuation Pause) (young) (initial-mark) 226M->201M(256M), 0.0025163 secs]
[GC concurrent-root-region-scan-start]
[GC concurrent-root-region-scan-end, 0.0005069 secs]
[GC concurrent-mark-start]
Application time: 0.0489219 seconds
[GC pause (G1 Evacuation Pause) (young) 226M->201M(256M), 0.0024347 secs]
Application time: 0.0448994 seconds
[GC pause (G1 Evacuation Pause) (young) 226M->201M(256M), 0.0023380 secs]
Application time: 0.0575490 seconds
[GC pause (G1 Evacuation Pause) (young) 226M->201M(256M), 0.0025711 secs]
[GC concurrent-mark-end, 0.2143050 secs]
Application time: 0.0490148 seconds
[GC remark, 0.0065642 secs]
Application time: 0.0001080 seconds
[GC cleanup 222M->222M(256M), 0.0019414 secs]
Application time: 0.0045129 seconds
[GC pause (G1 Evacuation Pause) (young) 226M->201M(256M), 0.0021029 secs]
Application time: 0.0280279 seconds
[GC pause (G1 Evacuation Pause) (young) 226M->201M(256M), 0.0025508 secs]
Application time: 0.0297251 seconds
[GC pause (G1 Evacuation Pause) (young) (initial-mark) 226M->201M(256M), 0.0027364 secs]
[GC concurrent-root-region-scan-start]
[GC concurrent-root-region-scan-end, 0.0004602 secs]
[GC concurrent-mark-start]
Application time: 0.0427727 seconds
[GC pause (G1 Evacuation Pause) (young) 226M->201M(256M), 0.0022923 secs]
Application time: 0.0377690 seconds
[GC pause (G1 Evacuation Pause) (young) 226M->201M(256M), 0.0024977 secs]
Application time: 0.0403511 seconds
[GC pause (G1 Evacuation Pause) (young) 226M->201M(256M), 0.0025948 secs]
Application time: 0.0380657 seconds
[GC pause (G1 Evacuation Pause) (young) 226M->201M(256M), 0.0026120 secs]
Application time: 0.0385360 seconds
[GC pause (G1 Evacuation Pause) (young) 226M->201M(256M), 0.0026455 secs]
[GC concurrent-mark-end, 0.2641281 secs]
Application time: 0.0483216 seconds
[GC remark, 0.0074761 secs]
Application time: 0.0000457 seconds
[GC cleanup 221M->221M(256M), 0.0021450 secs]
Application time: 0.0065031 seconds
[GC pause (G1 Evacuation Pause) (young) 226M->201M(256M), 0.0026816 secs]
Application time: 0.0261973 seconds
[GC pause (G1 Evacuation Pause) (young) 226M->201M(256M), 0.0025910 secs]
Application time: 0.0256636 seconds
[GC pause (G1 Evacuation Pause) (young) (initial-mark) 226M->201M(256M), 0.0029623 secs]
[GC concurrent-root-region-scan-start]
[GC concurrent-root-region-scan-end, 0.0004725 secs]
[GC concurrent-mark-start]
Application time: 0.0490207 seconds
[GC pause (G1 Evacuation Pause) (young) 226M->201M(256M), 0.0028579 secs]
Application time: 0.0443887 seconds
[GC pause (G1 Evacuation Pause) (young) 226M->201M(256M), 0.0028885 secs]
Application time: 0.0472684 seconds
[GC pause (G1 Evacuation Pause) (young) 226M->201M(256M), 0.0029799 secs]
Application time: 0.0583978 seconds
[GC pause (G1 Evacuation Pause) (young) 226M->201M(256M), 0.0030269 secs]
[GC concurrent-mark-end, 0.2363429 secs]
Application time: 0.0175469 seconds
[GC remark, 0.0067007 secs]
Application time: 0.0000887 seconds
[GC cleanup 209M->209M(256M), 0.0019431 secs]
Application time: 0.0187575 seconds
[GC pause (G1 Evacuation Pause) (young) 226M->201M(256M), 0.0028753 secs]
Application time: 0.0251888 seconds
[GC pause (G1 Evacuation Pause) (young) 226M->201M(256M), 0.0028364 secs]
Application time: 0.0306802 seconds
[GC pause (G1 Evacuation Pause) (young) (initial-mark) 226M->201M(256M), 0.0031070 secs]
[GC concurrent-root-region-scan-start]
[GC concurrent-root-region-scan-end, 0.0004962 secs]
[GC concurrent-mark-start]
Application time: 0.0448741 seconds
[GC pause (G1 Evacuation Pause) (young) 226M->201M(256M), 0.0027943 secs]
Application time: 0.0406082 seconds
[GC pause (G1 Evacuation Pause) (young) 226M->201M(256M), 0.0027764 secs]
Application time: 0.0363565 seconds
[GC pause (G1 Evacuation Pause) (young) 225M->201M(256M), 0.0027329 secs]
Application time: 0.0386493 seconds
[GC pause (G1 Evacuation Pause) (young) 225M->201M(256M), 0.0026388 secs]
Application time: 0.0598157 seconds
[GC pause (G1 Evacuation Pause) (young) 225M->201M(256M), 0.0027220 secs]
[GC concurrent-mark-end, 0.2596153 secs]
Application time: 0.0079853 seconds
[GC remark, 0.0072743 secs]
Application time: 0.0000848 seconds
[GC cleanup 204M->204M(256M), 0.0020928 secs]
Application time: 0.0223459 seconds
[GC pause (G1 Evacuation Pause) (young) 225M->201M(256M), 0.0028673 secs]
Application time: 0.0154346 seconds
[GC pause (G1 Evacuation Pause) (mixed) 212M->200M(256M), 0.0026699 secs]
Application time: 0.0257184 seconds
[GC pause (G1 Evacuation Pause) (young) 225M->200M(256M), 0.0025145 secs]
Application time: 0.0251635 seconds
[GC pause (G1 Evacuation Pause) (young) (initial-mark) 225M->200M(256M), 0.0026371 secs]
[GC concurrent-root-region-scan-start]
[GC concurrent-root-region-scan-end, 0.0004292 secs]
[GC concurrent-mark-start]
Application time: 0.0444011 seconds
[GC pause (G1 Evacuation Pause) (young) 225M->200M(256M), 0.0025434 secs]
Application time: 0.0384615 seconds
[GC pause (G1 Evacuation Pause) (young) 225M->200M(256M), 0.0025732 secs]
Application time: 0.0393869 seconds
[GC pause (G1 Evacuation Pause) (young) 225M->200M(256M), 0.0027911 secs]
Application time: 0.0385742 seconds
[GC pause (G1 Evacuation Pause) (young) 225M->200M(256M), 0.0028007 secs]
Application time: 0.0391596 seconds
[GC pause (G1 Evacuation Pause) (young) 225M->200M(256M), 0.0027737 secs]
Application time: 0.0389236 seconds
[GC pause (G1 Evacuation Pause) (young) 225M->200M(256M), 0.0024933 secs]
[GC concurrent-mark-end, 0.2882181 secs]
Application time: 0.0270885 seconds
[GC remark, 0.0067368 secs]
Application time: 0.0000707 seconds
[GC cleanup 213M->213M(256M), 0.0020473 secs]
Application time: 0.0135694 seconds
[GC pause (G1 Evacuation Pause) (young) 225M->200M(256M), 0.0028135 secs]
Application time: 0.0274619 seconds
[GC pause (G1 Evacuation Pause) (young) 225M->200M(256M), 0.0024857 secs]
Application time: 0.0248775 seconds
[GC pause (G1 Evacuation Pause) (young) (initial-mark) 225M->200M(256M), 0.0031211 secs]
[GC concurrent-root-region-scan-start]
[GC concurrent-root-region-scan-end, 0.0004986 secs]
[GC concurrent-mark-start]
Application time: 0.0411628 seconds
[GC pause (G1 Evacuation Pause) (young) 225M->200M(256M), 0.0029181 secs]
Application time: 0.0576446 seconds
[GC pause (G1 Evacuation Pause) (young) 225M->200M(256M), 0.0027636 secs]
Application time: 0.0511772 seconds
[GC pause (G1 Evacuation Pause) (young) 225M->200M(256M), 0.0026699 secs]
[GC concurrent-mark-end, 0.2050143 secs]
Application time: 0.0422907 seconds
[GC remark, 0.0073151 secs]
Application time: 0.0000937 seconds
[GC cleanup 222M->222M(256M), 0.0019540 secs]
Application time: 0.0044785 seconds
[GC pause (G1 Evacuation Pause) (young) 225M->200M(256M), 0.0023158 secs]
Application time: 0.0256608 seconds
[GC pause (G1 Evacuation Pause) (young) 225M->200M(256M), 0.0024620 secs]
Application time: 0.0247320 seconds
[GC pause (G1 Evacuation Pause) (young) (initial-mark) 225M->200M(256M), 0.0026355 secs]
[GC concurrent-root-region-scan-start]
[GC concurrent-root-region-scan-end, 0.0010750 secs]
[GC concurrent-mark-start]
Application time: 0.0583510 seconds
[GC pause (G1 Evacuation Pause) (young) 225M->200M(256M), 0.0029455 secs]
Application time: 0.0492729 seconds
[GC pause (G1 Evacuation Pause) (young) 225M->200M(256M), 0.0026870 secs]
Application time: 0.0358856 seconds
[GC pause (G1 Evacuation Pause) (young) 225M->200M(256M), 0.0026338 secs]
Application time: 0.0371346 seconds
[GC pause (G1 Evacuation Pause) (young) 225M->200M(256M), 0.0027460 secs]
Application time: 0.0353255 seconds
[GC pause (G1 Evacuation Pause) (young) 225M->200M(256M), 0.0029395 secs]
[GC concurrent-mark-end, 0.2460598 secs]
Application time: 0.0109265 seconds
[GC remark, 0.0063934 secs]
Application time: 0.0013336 seconds
[GC cleanup 210M->210M(256M), 0.0019588 secs]
Application time: 0.0152316 seconds
[GC pause (G1 Evacuation Pause) (young) 225M->200M(256M), 0.0027100 secs]
Application time: 0.0340774 seconds
[GC pause (G1 Evacuation Pause) (young) 225M->200M(256M), 0.0026907 secs]
Application time: 0.0246653 seconds
[GC pause (G1 Evacuation Pause) (young) (initial-mark) 225M->200M(256M), 0.0027332 secs]
[GC concurrent-root-region-scan-start]
[GC concurrent-root-region-scan-end, 0.0004229 secs]
[GC concurrent-mark-start]
Application time: 0.0441073 seconds
[GC pause (G1 Evacuation Pause) (young) 225M->200M(256M), 0.0027925 secs]
Application time: 0.0357032 seconds
[GC pause (G1 Evacuation Pause) (young) 225M->200M(256M), 0.0024008 secs]
Application time: 0.0425164 seconds
[GC pause (G1 Evacuation Pause) (young) 225M->200M(256M), 0.0026405 secs]
Application time: 0.0407770 seconds
[GC pause (G1 Evacuation Pause) (young) 225M->200M(256M), 0.0024562 secs]
Application time: 0.0372307 seconds
[GC pause (G1 Evacuation Pause) (young) 225M->200M(256M), 0.0024314 secs]
Application time: 0.0394367 seconds
[GC pause (G1 Evacuation Pause) (young) 225M->200M(256M), 0.0026691 secs]
Application time: 0.0396264 seconds
[GC pause (G1 Evacuation Pause) (young) 225M->201M(256M), 0.0026936 secs]
Application time: 0.0363327 seconds
[GC pause (G1 Evacuation Pause) (young) 226M->201M(256M), 0.0026446 secs]
[GC concurrent-mark-end, 0.3712292 secs]
Application time: 0.0193246 seconds
[GC remark, 0.0063535 secs]
Application time: 0.0010420 seconds
[GC cleanup 216M->216M(256M), 0.0019307 secs]
Application time: 0.0109232 seconds
[GC pause (G1 Evacuation Pause) (young) 226M->200M(256M), 0.0024175 secs]
Application time: 0.0263077 seconds
[GC pause (G1 Evacuation Pause) (young) 225M->201M(256M), 0.0025387 secs]
Application time: 0.0261768 seconds
[GC pause (G1 Evacuation Pause) (young) (initial-mark) 226M->201M(256M), 0.0028202 secs]
[GC concurrent-root-region-scan-start]
[GC concurrent-root-region-scan-end, 0.0005743 secs]
[GC concurrent-mark-start]
Application time: 0.0400565 seconds
[GC pause (G1 Evacuation Pause) (young) 226M->201M(256M), 0.0026614 secs]
Application time: 0.0371922 seconds
[GC pause (G1 Evacuation Pause) (young) 226M->201M(256M), 0.0025864 secs]
Application time: 0.0435638 seconds
[GC pause (G1 Evacuation Pause) (young) 226M->201M(256M), 0.0027759 secs]
Application time: 0.0402578 seconds
[GC pause (G1 Evacuation Pause) (young) 226M->201M(256M), 0.0027617 secs]
Application time: 0.0391908 seconds
[GC pause (G1 Evacuation Pause) (young) 226M->201M(256M), 0.0025173 secs]
Application time: 0.0395639 seconds
[GC pause (G1 Evacuation Pause) (young) 226M->201M(256M), 0.0027133 secs]
[GC concurrent-mark-end, 0.2940124 secs]
Application time: 0.0321505 seconds
[GC remark, 0.0074209 secs]
Application time: 0.0000859 seconds
[GC cleanup 215M->215M(256M), 0.0019920 secs]
Application time: 0.0160555 seconds
[GC pause (G1 Evacuation Pause) (young) 226M->201M(256M), 0.0028521 secs]
Application time: 0.0262557 seconds
[GC pause (G1 Evacuation Pause) (young) 226M->201M(256M), 0.0027325 secs]
Application time: 0.0259890 seconds
[GC pause (G1 Evacuation Pause) (young) (initial-mark) 226M->201M(256M), 0.0027170 secs]
[GC concurrent-root-region-scan-start]
[GC concurrent-root-region-scan-end, 0.0004334 secs]
[GC concurrent-mark-start]
Application time: 0.0615150 seconds
[GC pause (G1 Evacuation Pause) (young) 226M->201M(256M), 0.0025558 secs]
Application time: 0.0575396 seconds
[GC pause (G1 Evacuation Pause) (young) 226M->201M(256M), 0.0026042 secs]
[GC concurrent-mark-end, 0.1498237 secs]
Application time: 0.0250971 seconds
[GC remark, 0.0064314 secs]
Application time: 0.0000933 seconds
[GC cleanup 212M->212M(256M), 0.0018762 secs]
Application time: 0.0175636 seconds
[GC pause (G1 Evacuation Pause) (young) 226M->201M(256M), 0.0025248 secs]
Application time: 0.0251408 seconds
[GC pause (G1 Evacuation Pause) (young) 226M->201M(256M), 0.0025197 secs]
Application time: 0.0280980 seconds
[GC pause (G1 Evacuation Pause) (young) (initial-mark) 226M->201M(256M), 0.0027723 secs]
[GC concurrent-root-region-scan-start]
[GC concurrent-root-region-scan-end, 0.0005276 secs]
[GC concurrent-mark-start]
Application time: 0.0516929 seconds
[GC pause (G1 Evacuation Pause) (young) 226M->201M(256M), 0.0026034 secs]
Application time: 0.0639221 seconds
[GC pause (G1 Evacuation Pause) (young) 226M->201M(256M), 0.0028251 secs]
Application time: 0.0407483 seconds
[GC pause (G1 Evacuation Pause) (young) 226M->201M(256M), 0.0027203 secs]
Application time: 0.0380794 seconds
[GC pause (G1 Evacuation Pause) (young) 226M->201M(256M), 0.0028079 secs]
Application time: 0.0377229 seconds
[GC pause (G1 Evacuation Pause) (young) 226M->201M(256M), 0.0028363 secs]
Application time: 0.0386758 seconds
[GC pause (G1 Evacuation Pause) (young) 226M->201M(256M), 0.0028196 secs]
Application time: 0.0519321 seconds
[GC pause (G1 Evacuation Pause) (young) 226M->201M(256M), 0.0027683 secs]
[GC concurrent-mark-end, 0.3569374 secs]
Application time: 0.0088367 seconds
[GC remark, 0.0066136 secs]
Application time: 0.0004954 seconds
[GC cleanup 207M->207M(256M), 0.0019304 secs]
Application time: 0.0208571 seconds
[GC pause (G1 Evacuation Pause) (young) 226M->201M(256M), 0.0028764 secs]
Application time: 0.0263283 seconds
[GC pause (G1 Evacuation Pause) (young) 226M->201M(256M), 0.0025942 secs]
Application time: 0.0271332 seconds
[GC pause (G1 Evacuation Pause) (young) (initial-mark) 226M->201M(256M), 0.0028918 secs]
[GC concurrent-root-region-scan-start]
[GC concurrent-root-region-scan-end, 0.0005039 secs]
[GC concurrent-mark-start]
Application time: 0.0406271 seconds
[GC pause (G1 Evacuation Pause) (young) 226M->201M(256M), 0.0026165 secs]
Application time: 0.0382767 seconds
[GC pause (G1 Evacuation Pause) (young) 226M->201M(256M), 0.0029565 secs]
Application time: 0.0402872 seconds
[GC pause (G1 Evacuation Pause) (young) 226M->201M(256M), 0.0027677 secs]
Application time: 0.0624483 seconds
[GC pause (G1 Evacuation Pause) (young) 226M->201M(256M), 0.0029681 secs]
[GC concurrent-mark-end, 0.2348596 secs]
Application time: 0.0364599 seconds
[GC remark, 0.0064374 secs]
Application time: 0.0038848 seconds
[GC cleanup 219M->219M(256M), 0.0021020 secs]
Application time: 0.0085007 seconds
[GC pause (G1 Evacuation Pause) (young) 226M->201M(256M), 0.0028220 secs]
Application time: 0.0268125 seconds
[GC pause (G1 Evacuation Pause) (young) 226M->201M(256M), 0.0026600 secs]
Application time: 0.0283877 seconds
[GC pause (G1 Evacuation Pause) (young) (initial-mark) 226M->201M(256M), 0.0027877 secs]
[GC concurrent-root-region-scan-start]
[GC concurrent-root-region-scan-end, 0.0005004 secs]
[GC concurrent-mark-start]
Application time: 0.0608740 seconds
[GC pause (G1 Evacuation Pause) (young) 226M->201M(256M), 0.0026914 secs]
Application time: 0.0583582 seconds
[GC pause (G1 Evacuation Pause) (young) 226M->201M(256M), 0.0028364 secs]
[GC concurrent-mark-end, 0.1614525 secs]
Application time: 0.0361995 seconds
[GC remark, 0.0066567 secs]
Application time: 0.0001165 seconds
[GC cleanup 217M->217M(256M), 0.0020014 secs]
Application time: 0.0132957 seconds
[GC pause (G1 Evacuation Pause) (young) 226M->201M(256M), 0.0024850 secs]
Application time: 0.0267387 seconds
[GC pause (G1 Evacuation Pause) (young) 226M->201M(256M), 0.0028723 secs]
Application time: 0.0255808 seconds
[GC pause (G1 Evacuation Pause) (young) (initial-mark) 225M->201M(256M), 0.0030355 secs]
[GC concurrent-root-region-scan-start]
[GC concurrent-root-region-scan-end, 0.0004977 secs]
[GC concurrent-mark-start]
Application time: 0.0426608 seconds
[GC pause (G1 Evacuation Pause) (young) 225M->201M(256M), 0.0028186 secs]
Application time: 0.0404016 seconds
[GC pause (G1 Evacuation Pause) (young) 225M->201M(256M), 0.0027162 secs]
Application time: 0.0417336 seconds
[GC pause (G1 Evacuation Pause) (young) 225M->201M(256M), 0.0027968 secs]
Application time: 0.0371452 seconds
[GC pause (G1 Evacuation Pause) (young) 225M->201M(256M), 0.0028563 secs]
Application time: 0.0381365 seconds
[GC pause (G1 Evacuation Pause) (young) 225M->201M(256M), 0.0028177 secs]
Application time: 0.0463436 seconds
[GC pause (G1 Evacuation Pause) (young) 225M->201M(256M), 0.0028563 secs]
Application time: 0.0342565 seconds
[GC pause (G1 Evacuation Pause) (young) 225M->201M(256M), 0.0028861 secs]
Application time: 0.0345541 seconds
[GC pause (G1 Evacuation Pause) (young) 225M->201M(256M), 0.0028155 secs]
[GC concurrent-mark-end, 0.3596255 secs]
Application time: 0.0008646 seconds
[GC remark, 0.0065635 secs]
Application time: 0.0032675 seconds
[GC cleanup 203M->203M(256M), 0.0020374 secs]
Application time: 0.0237683 seconds
[GC pause (G1 Evacuation Pause) (young) 225M->201M(256M), 0.0030917 secs]
Application time: 0.0143976 seconds
[GC pause (G1 Evacuation Pause) (mixed) 212M->200M(256M), 0.0024191 secs]
Application time: 0.0257421 seconds
[GC pause (G1 Evacuation Pause) (young) 225M->200M(256M), 0.0027795 secs]
Application time: 0.0276577 seconds
[GC pause (G1 Evacuation Pause) (young) (initial-mark) 225M->200M(256M), 0.0035093 secs]
[GC concurrent-root-region-scan-start]
[GC concurrent-root-region-scan-end, 0.0004342 secs]
[GC concurrent-mark-start]
Application time: 0.0572712 seconds
[GC pause (G1 Evacuation Pause) (young) 225M->200M(256M), 0.0026507 secs]
Application time: 0.0509576 seconds
[GC pause (G1 Evacuation Pause) (young) 225M->200M(256M), 0.0026003 secs]
Application time: 0.0508037 seconds
[GC pause (G1 Evacuation Pause) (young) 225M->200M(256M), 0.0027025 secs]
[GC concurrent-mark-end, 0.1752653 secs]
Application time: 0.0067571 seconds
[GC remark, 0.0079297 secs]
Application time: 0.0030299 seconds
[GC cleanup 205M->205M(256M), 0.0019397 secs]
Application time: 0.0209632 seconds
[GC pause (G1 Evacuation Pause) (young) 225M->200M(256M), 0.0028332 secs]
Application time: 0.0244554 seconds
[GC pause (G1 Evacuation Pause) (young) 225M->200M(256M), 0.0025256 secs]
Application time: 0.0245988 seconds
[GC pause (G1 Evacuation Pause) (young) (initial-mark) 225M->200M(256M), 0.0027597 secs]
[GC concurrent-root-region-scan-start]
[GC concurrent-root-region-scan-end, 0.0004500 secs]
[GC concurrent-mark-start]
Application time: 0.0419990 seconds
[GC pause (G1 Evacuation Pause) (young) 225M->200M(256M), 0.0025054 secs]
Application time: 0.0513121 seconds
[GC pause (G1 Evacuation Pause) (young) 225M->200M(256M), 0.0026804 secs]
Application time: 0.0509071 seconds
[GC pause (G1 Evacuation Pause) (young) 225M->200M(256M), 0.0026049 secs]
[GC concurrent-mark-end, 0.1894736 secs]
Application time: 0.0365503 seconds
[GC remark, 0.0067022 secs]
Application time: 0.0000625 seconds
[GC cleanup 219M->219M(256M), 0.0019494 secs]
Application time: 0.0099685 seconds
[GC pause (G1 Evacuation Pause) (young) 225M->200M(256M), 0.0023500 secs]
Application time: 0.0249818 seconds
[GC pause (G1 Evacuation Pause) (young) 225M->200M(256M), 0.0024942 secs]
Application time: 0.0246342 seconds
[GC pause (G1 Evacuation Pause) (young) (initial-mark) 225M->200M(256M), 0.0031222 secs]
[GC concurrent-root-region-scan-start]
[GC concurrent-root-region-scan-end, 0.0004740 secs]
[GC concurrent-mark-start]
Application time: 0.0572514 seconds
[GC pause (G1 Evacuation Pause) (young) 225M->200M(256M), 0.0025826 secs]
Application time: 0.0513460 seconds
[GC pause (G1 Evacuation Pause) (young) 225M->200M(256M), 0.0028147 secs]
Application time: 0.0512068 seconds
[GC pause (G1 Evacuation Pause) (young) 225M->200M(256M), 0.0026303 secs]
[GC concurrent-mark-end, 0.1742734 secs]
Application time: 0.0054629 seconds
[GC remark, 0.0059868 secs]
Application time: 0.0000435 seconds
[GC cleanup 203M->203M(256M), 0.0017966 secs]
Application time: 0.0272859 seconds
[GC pause (G1 Evacuation Pause) (young) 225M->200M(256M), 0.0026762 secs]
Application time: 0.0249355 seconds
[GC pause (G1 Evacuation Pause) (young) 225M->200M(256M), 0.0027239 secs]
Application time: 0.0259395 seconds
[GC pause (G1 Evacuation Pause) (young) (initial-mark) 225M->200M(256M), 0.0028028 secs]
[GC concurrent-root-region-scan-start]
[GC concurrent-root-region-scan-end, 0.0004506 secs]
[GC concurrent-mark-start]
Application time: 0.0554913 seconds
[GC pause (G1 Evacuation Pause) (young) 225M->200M(256M), 0.0027361 secs]
Application time: 0.0506784 seconds
[GC pause (G1 Evacuation Pause) (young) 225M->200M(256M), 0.0026877 secs]
Application time: 0.0495440 seconds
[GC pause (G1 Evacuation Pause) (young) 225M->200M(256M), 0.0026816 secs]
[GC concurrent-mark-end, 0.1730900 secs]
Application time: 0.0077107 seconds
[GC remark, 0.0061442 secs]
Application time: 0.0000801 seconds
[GC cleanup 204M->204M(256M), 0.0018341 secs]
Application time: 0.0278666 seconds
[GC pause (G1 Evacuation Pause) (young) 225M->200M(256M), 0.0027252 secs]
Application time: 0.0250316 seconds
[GC pause (G1 Evacuation Pause) (young) 225M->200M(256M), 0.0024717 secs]
Application time: 0.0244867 seconds
[GC pause (G1 Evacuation Pause) (young) (initial-mark) 225M->200M(256M), 0.0026883 secs]
[GC concurrent-root-region-scan-start]
[GC concurrent-root-region-scan-end, 0.0004810 secs]
[GC concurrent-mark-start]
Application time: 0.0568978 seconds
[GC pause (G1 Evacuation Pause) (young) 225M->200M(256M), 0.0028921 secs]
Application time: 0.0594965 seconds
[GC pause (G1 Evacuation Pause) (young) 225M->200M(256M), 0.0028261 secs]
Application time: 0.0366098 seconds
[GC pause (G1 Evacuation Pause) (young) 225M->200M(256M), 0.0025562 secs]
Application time: 0.0364726 seconds
[GC pause (G1 Evacuation Pause) (young) 225M->201M(256M), 0.0027661 secs]
[GC concurrent-mark-end, 0.2242046 secs]
Application time: 0.0152926 seconds
[GC remark, 0.0061662 secs]
Application time: 0.0000468 seconds
[GC cleanup 211M->211M(256M), 0.0018949 secs]
Application time: 0.0148823 seconds
[GC pause (G1 Evacuation Pause) (young) 226M->200M(256M), 0.0046034 secs]
Application time: 0.0248491 seconds
[GC pause (G1 Evacuation Pause) (young) 225M->200M(256M), 0.0025007 secs]
Application time: 0.0249748 seconds
[GC pause (G1 Evacuation Pause) (young) (initial-mark) 225M->200M(256M), 0.0027894 secs]
[GC concurrent-root-region-scan-start]
[GC concurrent-root-region-scan-end, 0.0005129 secs]
[GC concurrent-mark-start]
Application time: 0.0573280 seconds
[GC pause (G1 Evacuation Pause) (young) 225M->200M(256M), 0.0026648 secs]
Application time: 0.0515715 seconds
[GC pause (G1 Evacuation Pause) (young) 225M->200M(256M), 0.0026819 secs]
Application time: 0.0496185 seconds
[GC pause (G1 Evacuation Pause) (young) 225M->200M(256M), 0.0026254 secs]
[GC concurrent-mark-end, 0.1754400 secs]
Application time: 0.0079699 seconds
[GC remark, 0.0062602 secs]
Application time: 0.0000797 seconds
[GC cleanup 205M->205M(256M), 0.0023312 secs]
Application time: 0.0277675 seconds
[GC pause (G1 Evacuation Pause) (young) 225M->200M(256M), 0.0028722 secs]
Application time: 0.0288552 seconds
[GC pause (G1 Evacuation Pause) (young) 225M->200M(256M), 0.0027279 secs]
Application time: 0.0294660 seconds
[GC pause (G1 Evacuation Pause) (young) (initial-mark) 225M->200M(256M), 0.0034558 secs]
[GC concurrent-root-region-scan-start]
[GC concurrent-root-region-scan-end, 0.0007231 secs]
[GC concurrent-mark-start]
Application time: 0.0424186 seconds
[GC pause (G1 Evacuation Pause) (young) 225M->201M(256M), 0.0032146 secs]
Application time: 0.0404846 seconds
[GC pause (G1 Evacuation Pause) (young) 226M->200M(256M), 0.0027778 secs]
Application time: 0.0376113 seconds
[GC pause (G1 Evacuation Pause) (young) 225M->200M(256M), 0.0026833 secs]
Application time: 0.0419766 seconds
[GC pause (G1 Evacuation Pause) (young) 225M->201M(256M), 0.0028961 secs]
Application time: 0.0359161 seconds
[GC pause (G1 Evacuation Pause) (young) 226M->201M(256M), 0.0026206 secs]
Application time: 0.0413884 seconds
[GC pause (G1 Evacuation Pause) (young) 226M->201M(256M), 0.0030622 secs]
Application time: 0.0441004 seconds
[GC pause (G1 Evacuation Pause) (young) 226M->201M(256M), 0.0026653 secs]
[GC concurrent-mark-end, 0.3382262 secs]
Application time: 0.0186948 seconds
[GC remark, 0.0066049 secs]
Application time: 0.0009509 seconds
[GC cleanup 210M->210M(256M), 0.0017736 secs]
Application time: 0.0164813 seconds
[GC pause (G1 Evacuation Pause) (young) 226M->201M(256M), 0.0025892 secs]
Application time: 0.0249499 seconds
[GC pause (G1 Evacuation Pause) (young) 226M->201M(256M), 0.0026584 secs]
Application time: 0.0274901 seconds
[GC pause (G1 Evacuation Pause) (young) (initial-mark) 226M->201M(256M), 0.0030704 secs]
[GC concurrent-root-region-scan-start]
[GC concurrent-root-region-scan-end, 0.0004596 secs]
[GC concurrent-mark-start]
Application time: 0.0387249 seconds
[GC pause (G1 Evacuation Pause) (young) 226M->201M(256M), 0.0029640 secs]
Application time: 0.0389094 seconds
[GC pause (G1 Evacuation Pause) (young) 226M->201M(256M), 0.0029160 secs]
Application time: 0.0464968 seconds
[GC pause (G1 Evacuation Pause) (young) 226M->201M(256M), 0.0027994 secs]
Application time: 0.0381918 seconds
[GC pause (G1 Evacuation Pause) (young) 226M->201M(256M), 0.0027231 secs]
Application time: 0.0585951 seconds
[GC pause (G1 Evacuation Pause) (young) 226M->201M(256M), 0.0028386 secs]
[GC concurrent-mark-end, 0.2745493 secs]
Application time: 0.0256653 seconds
[GC remark, 0.0073555 secs]
Application time: 0.0000428 seconds
[GC cleanup 219M->219M(256M), 0.0020809 secs]
Application time: 0.0076169 seconds
[GC pause (G1 Evacuation Pause) (young) 226M->201M(256M), 0.0027169 secs]
Application time: 0.0251353 seconds
[GC pause (G1 Evacuation Pause) (young) 226M->201M(256M), 0.0026996 secs]
Application time: 0.0254576 seconds
[GC pause (G1 Evacuation Pause) (young) (initial-mark) 226M->201M(256M), 0.0030774 secs]
[GC concurrent-root-region-scan-start]
[GC concurrent-root-region-scan-end, 0.0004506 secs]
[GC concurrent-mark-start]
Application time: 0.0375626 seconds
[GC pause (G1 Evacuation Pause) (young) 226M->201M(256M), 0.0027516 secs]
Application time: 0.0401215 seconds
[GC pause (G1 Evacuation Pause) (young) 226M->201M(256M), 0.0028585 secs]
Application time: 0.0395994 seconds
[GC pause (G1 Evacuation Pause) (young) 226M->201M(256M), 0.0027570 secs]
Application time: 0.0393061 seconds
[GC pause (G1 Evacuation Pause) (young) 226M->201M(256M), 0.0026756 secs]
Application time: 0.0377021 seconds
[GC pause (G1 Evacuation Pause) (young) 226M->201M(256M), 0.0026410 secs]
Application time: 0.0378773 seconds
[GC pause (G1 Evacuation Pause) (young) 226M->201M(256M), 0.0028937 secs]
Application time: 0.0355696 seconds
[GC pause (G1 Evacuation Pause) (young) 226M->201M(256M), 0.0028002 secs]
[GC concurrent-mark-end, 0.3327845 secs]
Application time: 0.0349370 seconds
[GC remark, 0.0068451 secs]
Application time: 0.0000895 seconds
[GC cleanup 215M->215M(256M), 0.0020242 secs]
Application time: 0.0117991 seconds
[GC pause (G1 Evacuation Pause) (young) 226M->201M(256M), 0.0027692 secs]
Application time: 0.0251609 seconds
[GC pause (G1 Evacuation Pause) (young) 226M->201M(256M), 0.0028677 secs]
Application time: 0.0248353 seconds
[GC pause (G1 Evacuation Pause) (young) (initial-mark) 226M->201M(256M), 0.0028665 secs]
[GC concurrent-root-region-scan-start]
[GC concurrent-root-region-scan-end, 0.0004811 secs]
[GC concurrent-mark-start]
Application time: 0.0391361 seconds
[GC pause (G1 Evacuation Pause) (young) 226M->201M(256M), 0.0029983 secs]
Application time: 0.0428978 seconds
[GC pause (G1 Evacuation Pause) (young) 226M->201M(256M), 0.0029173 secs]
Application time: 0.0516284 seconds
[GC pause (G1 Evacuation Pause) (young) 226M->201M(256M), 0.0026524 secs]
Application time: 0.0535811 seconds
[GC pause (G1 Evacuation Pause) (young) 226M->201M(256M), 0.0035227 secs]
[GC concurrent-mark-end, 0.2297740 secs]
Application time: 0.0240048 seconds
[GC remark, 0.0081476 secs]
Application time: 0.0000905 seconds
[GC cleanup 212M->212M(256M), 0.0019708 secs]
Application time: 0.0167395 seconds
[GC pause (G1 Evacuation Pause) (young) 226M->201M(256M), 0.0028876 secs]
Application time: 0.0288061 seconds
[GC pause (G1 Evacuation Pause) (young) 226M->201M(256M), 0.0029611 secs]
Application time: 0.0257339 seconds
[GC pause (G1 Evacuation Pause) (young) (initial-mark) 226M->201M(256M), 0.0029961 secs]
[GC concurrent-root-region-scan-start]
[GC concurrent-root-region-scan-end, 0.0005390 secs]
[GC concurrent-mark-start]
Application time: 0.0464978 seconds
[GC pause (G1 Evacuation Pause) (young) 226M->201M(256M), 0.0026846 secs]
Application time: 0.0607767 seconds
[GC pause (G1 Evacuation Pause) (young) 225M->201M(256M), 0.0029597 secs]
Application time: 0.0665058 seconds
[GC pause (G1 Evacuation Pause) (young) 225M->201M(256M), 0.0027961 secs]
[GC concurrent-mark-end, 0.2011261 secs]
Application time: 0.0100928 seconds
[GC remark, 0.0062652 secs]
Application time: 0.0000363 seconds
[GC cleanup 208M->208M(256M), 0.0019823 secs]
Application time: 0.0226420 seconds
[GC pause (G1 Evacuation Pause) (young) 225M->201M(256M), 0.0040260 secs]
Application time: 0.0115046 seconds
[GC pause (G1 Evacuation Pause) (mixed) 212M->200M(256M), 0.0024131 secs]
Application time: 0.0360967 seconds
[GC pause (G1 Evacuation Pause) (young) 225M->200M(256M), 0.0025240 secs]
Application time: 0.0245830 seconds
[GC pause (G1 Evacuation Pause) (young) (initial-mark) 225M->200M(256M), 0.0027532 secs]
[GC concurrent-root-region-scan-start]
[GC concurrent-root-region-scan-end, 0.0004340 secs]
[GC concurrent-mark-start]
Application time: 0.0667203 seconds
[GC pause (G1 Evacuation Pause) (young) 225M->200M(256M), 0.0027260 secs]
Application time: 0.0568418 seconds
[GC pause (G1 Evacuation Pause) (young) 225M->200M(256M), 0.0027676 secs]
[GC concurrent-mark-end, 0.1487350 secs]
Application time: 0.0191639 seconds
[GC remark, 0.0067517 secs]
Application time: 0.0000628 seconds
[GC cleanup 209M->209M(256M), 0.0021003 secs]
Application time: 0.0249326 seconds
[GC pause (G1 Evacuation Pause) (young) 225M->200M(256M), 0.0027414 secs]
Application time: 0.0276389 seconds
[GC pause (G1 Evacuation Pause) (young) 225M->200M(256M), 0.0024985 secs]
Application time: 0.0300335 seconds
[GC pause (G1 Evacuation Pause) (young) (initial-mark) 225M->200M(256M), 0.0028402 secs]
[GC concurrent-root-region-scan-start]
[GC concurrent-root-region-scan-end, 0.0005871 secs]
[GC concurrent-mark-start]
Application time: 0.0665830 seconds
[GC pause (G1 Evacuation Pause) (young) 225M->200M(256M), 0.0027308 secs]
Application time: 0.0625104 seconds
[GC pause (G1 Evacuation Pause) (young) 225M->200M(256M), 0.0026378 secs]
[GC concurrent-mark-end, 0.1471533 secs]
Application time: 0.0123441 seconds
[GC remark, 0.0061269 secs]
Application time: 0.0015082 seconds
[GC cleanup 206M->206M(256M), 0.0020583 secs]
Application time: 0.0217920 seconds
[GC pause (G1 Evacuation Pause) (young) 225M->200M(256M), 0.0025280 secs]
Application time: 0.0275050 seconds
[GC pause (G1 Evacuation Pause) (young) 225M->200M(256M), 0.0026119 secs]
Application time: 0.0253874 seconds
[GC pause (G1 Evacuation Pause) (young) (initial-mark) 225M->200M(256M), 0.0027438 secs]
[GC concurrent-root-region-scan-start]
[GC concurrent-root-region-scan-end, 0.0004190 secs]
[GC concurrent-mark-start]
Application time: 0.0710044 seconds
[GC pause (G1 Evacuation Pause) (young) 225M->200M(256M), 0.0028900 secs]
Application time: 0.0633953 seconds
[GC pause (G1 Evacuation Pause) (young) 225M->200M(256M), 0.0028400 secs]
[GC concurrent-mark-end, 0.1482313 secs]
Application time: 0.0076020 seconds
[GC remark, 0.0064205 secs]
Application time: 0.0000652 seconds
[GC cleanup 203M->203M(256M), 0.0018671 secs]
Application time: 0.0290064 seconds
[GC pause (G1 Evacuation Pause) (young) 225M->200M(256M), 0.0027874 secs]
Application time: 0.0258452 seconds
[GC pause (G1 Evacuation Pause) (young) 225M->200M(256M), 0.0027156 secs]
Application time: 0.0262703 seconds
[GC pause (G1 Evacuation Pause) (young) (initial-mark) 225M->200M(256M), 0.0028960 secs]
[GC concurrent-root-region-scan-start]
[GC concurrent-root-region-scan-end, 0.0005275 secs]
[GC concurrent-mark-start]
Application time: 0.0416764 seconds
[GC pause (G1 Evacuation Pause) (young) 225M->200M(256M), 0.0027624 secs]
Application time: 0.0653044 seconds
[GC pause (G1 Evacuation Pause) (young) 225M->200M(256M), 0.0027977 secs]
Application time: 0.0520322 seconds
[GC pause (G1 Evacuation Pause) (young) 225M->200M(256M), 0.0027368 secs]
Application time: 0.0369455 seconds
[GC pause (G1 Evacuation Pause) (young) 225M->200M(256M), 0.0028192 secs]
Application time: 0.0353770 seconds
[GC pause (G1 Evacuation Pause) (young) 225M->200M(256M), 0.0027650 secs]
[GC concurrent-mark-end, 0.2961884 secs]
Application time: 0.0335630 seconds
[GC remark, 0.0066475 secs]
Application time: 0.0000607 seconds
[GC cleanup 220M->220M(256M), 0.0020104 secs]
Application time: 0.0079228 seconds
[GC pause (G1 Evacuation Pause) (young) 225M->200M(256M), 0.0027054 secs]
Application time: 0.0253163 seconds
[GC pause (G1 Evacuation Pause) (young) 225M->200M(256M), 0.0028228 secs]
Application time: 0.0259108 seconds
[GC pause (G1 Evacuation Pause) (young) (initial-mark) 225M->200M(256M), 0.0029155 secs]
[GC concurrent-root-region-scan-start]
[GC concurrent-root-region-scan-end, 0.0004893 secs]
[GC concurrent-mark-start]
Application time: 0.0610782 seconds
[GC pause (G1 Evacuation Pause) (young) 225M->200M(256M), 0.0028005 secs]
Application time: 0.0549403 seconds
[GC pause (G1 Evacuation Pause) (young) 225M->200M(256M), 0.0027286 secs]
Application time: 0.0501361 seconds
[GC pause (G1 Evacuation Pause) (young) 225M->200M(256M), 0.0033287 secs]
[GC concurrent-mark-end, 0.2340210 secs]
Application time: 0.0580235 seconds
[GC remark, 0.0095858 secs]
Application time: 0.0000794 seconds
[GC cleanup 219M->219M(256M), 0.0022015 secs]
Application time: 0.0159953 seconds
[GC pause (G1 Evacuation Pause) (young) 225M->200M(256M), 0.0028095 secs]
Application time: 0.0280032 seconds
[GC pause (G1 Evacuation Pause) (young) 225M->200M(256M), 0.0024452 secs]
Application time: 0.0279559 seconds
[GC pause (G1 Evacuation Pause) (young) (initial-mark) 225M->200M(256M), 0.0027592 secs]
[GC concurrent-root-region-scan-start]
[GC concurrent-root-region-scan-end, 0.0009959 secs]
[GC concurrent-mark-start]
Application time: 0.0890158 seconds
[GC pause (G1 Evacuation Pause) (young) 225M->200M(256M), 0.0030019 secs]
Application time: 0.0635966 seconds
[GC pause (G1 Evacuation Pause) (young) 225M->200M(256M), 0.0027054 secs]
[GC concurrent-mark-end, 0.1721978 secs]
Application time: 0.0137930 seconds
[GC remark, 0.0067085 secs]
Application time: 0.0000754 seconds
[GC cleanup 206M->206M(256M), 0.0019802 secs]
Application time: 0.0257435 seconds
[GC pause (G1 Evacuation Pause) (young) 225M->200M(256M), 0.0029125 secs]
Application time: 0.0275705 seconds
[GC pause (G1 Evacuation Pause) (young) 225M->200M(256M), 0.0027176 secs]
Application time: 0.0272158 seconds
[GC pause (G1 Evacuation Pause) (young) (initial-mark) 225M->200M(256M), 0.0030134 secs]
[GC concurrent-root-region-scan-start]
[GC concurrent-root-region-scan-end, 0.0005085 secs]
[GC concurrent-mark-start]
Application time: 0.0418861 seconds
[GC pause (G1 Evacuation Pause) (young) 225M->200M(256M), 0.0027643 secs]
Application time: 0.0493213 seconds
[GC pause (G1 Evacuation Pause) (young) 225M->200M(256M), 0.0029211 secs]
Application time: 0.0644077 seconds
[GC pause (G1 Evacuation Pause) (young) 225M->201M(256M), 0.0027500 secs]
Application time: 0.0611532 seconds
[GC pause (G1 Evacuation Pause) (young) 226M->200M(256M), 0.0027910 secs]
[GC concurrent-mark-end, 0.2393486 secs]
Application time: 0.0101440 seconds
[GC remark, 0.0084433 secs]
Application time: 0.0018498 seconds
[GC cleanup 205M->205M(256M), 0.0020183 secs]
Application time: 0.0228925 seconds
[GC pause (G1 Evacuation Pause) (young) 225M->200M(256M), 0.0028438 secs]
Application time: 0.0272903 seconds
[GC pause (G1 Evacuation Pause) (young) 225M->200M(256M), 0.0026482 secs]
Application time: 0.0270814 seconds
[GC pause (G1 Evacuation Pause) (young) (initial-mark) 225M->201M(256M), 0.0029730 secs]
[GC concurrent-root-region-scan-start]
[GC concurrent-root-region-scan-end, 0.0004607 secs]
[GC concurrent-mark-start]
Application time: 0.0724395 seconds
[GC pause (G1 Evacuation Pause) (young) 226M->200M(256M), 0.0036645 secs]
Application time: 0.0621690 seconds
[GC pause (G1 Evacuation Pause) (young) 225M->201M(256M), 0.0029095 secs]
[GC concurrent-mark-end, 0.1805870 secs]
Application time: 0.0389596 seconds
[GC remark, 0.0068003 secs]
Application time: 0.0000761 seconds
[GC cleanup 217M->217M(256M), 0.0020284 secs]
Application time: 0.0165126 seconds
[GC pause (G1 Evacuation Pause) (young) 226M->200M(256M), 0.0027042 secs]
Application time: 0.0268716 seconds
[GC pause (G1 Evacuation Pause) (young) 225M->201M(256M), 0.0028197 secs]
Application time: 0.0281267 seconds
[GC pause (G1 Evacuation Pause) (young) (initial-mark) 226M->201M(256M), 0.0030210 secs]
[GC concurrent-root-region-scan-start]
[GC concurrent-root-region-scan-end, 0.0005055 secs]
[GC concurrent-mark-start]
Application time: 0.0613444 seconds
[GC pause (G1 Evacuation Pause) (young) 226M->201M(256M), 0.0029858 secs]
Application time: 0.0622575 seconds
[GC pause (G1 Evacuation Pause) (young) 226M->201M(256M), 0.0028954 secs]
[GC concurrent-mark-end, 0.1765678 secs]
Application time: 0.0466752 seconds
[GC remark, 0.0064255 secs]
Application time: 0.0000711 seconds
[GC cleanup 220M->220M(256M), 0.0018447 secs]
Application time: 0.0073933 seconds
[GC pause (G1 Evacuation Pause) (young) 226M->201M(256M), 0.0025923 secs]
Application time: 0.0272656 seconds
[GC pause (G1 Evacuation Pause) (young) 226M->201M(256M), 0.0028218 secs]
Application time: 0.0268129 seconds
[GC pause (G1 Evacuation Pause) (young) (initial-mark) 226M->201M(256M), 0.0030512 secs]
[GC concurrent-root-region-scan-start]
[GC concurrent-root-region-scan-end, 0.0005174 secs]
[GC concurrent-mark-start]
Application time: 0.0436269 seconds
[GC pause (G1 Evacuation Pause) (young) 226M->201M(256M), 0.0031362 secs]
Application time: 0.0675926 seconds
[GC pause (G1 Evacuation Pause) (young) 226M->201M(256M), 0.0028550 secs]
Application time: 0.0568866 seconds
[GC pause (G1 Evacuation Pause) (young) 226M->201M(256M), 0.0045121 secs]
Application time: 0.0574361 seconds
[GC pause (G1 Evacuation Pause) (young) 226M->201M(256M), 0.0031914 secs]
[GC concurrent-mark-end, 0.2604283 secs]
Application time: 0.0093359 seconds
[GC remark, 0.0071336 secs]
Application time: 0.0000604 seconds
[GC cleanup 205M->205M(256M), 0.0021001 secs]
Application time: 0.0305081 seconds
[GC pause (G1 Evacuation Pause) (young) 226M->201M(256M), 0.0030136 secs]
Application time: 0.0314105 seconds
[GC pause (G1 Evacuation Pause) (young) 226M->201M(256M), 0.0034818 secs]
Application time: 0.0320529 seconds
[GC pause (G1 Evacuation Pause) (young) (initial-mark) 226M->201M(256M), 0.0037164 secs]
[GC concurrent-root-region-scan-start]
[GC concurrent-root-region-scan-end, 0.0010652 secs]
[GC concurrent-mark-start]
Application time: 0.0630664 seconds
[GC pause (G1 Evacuation Pause) (young) 226M->201M(256M), 0.0029202 secs]
Application time: 0.0589973 seconds
[GC pause (G1 Evacuation Pause) (young) 226M->201M(256M), 0.0032314 secs]
Application time: 0.0575788 seconds
[GC pause (G1 Evacuation Pause) (young) 226M->201M(256M), 0.0028589 secs]
[GC concurrent-mark-end, 0.2198682 secs]
Application time: 0.0306920 seconds
[GC remark, 0.0066939 secs]
Application time: 0.0008850 seconds
[GC cleanup 214M->214M(256M), 0.0020447 secs]
Application time: 0.0134604 seconds
[GC pause (G1 Evacuation Pause) (young) 226M->201M(256M), 0.0027462 secs]
Application time: 0.0285366 seconds
[GC pause (G1 Evacuation Pause) (young) 226M->201M(256M), 0.0027105 secs]
Application time: 0.0414147 seconds
[GC pause (G1 Evacuation Pause) (young) (initial-mark) 226M->201M(256M), 0.0034292 secs]
[GC concurrent-root-region-scan-start]
[GC concurrent-root-region-scan-end, 0.0005980 secs]
[GC concurrent-mark-start]
Application time: 0.0524194 seconds
[GC pause (G1 Evacuation Pause) (young) 226M->201M(256M), 0.0032258 secs]
Application time: 0.0474098 seconds
[GC pause (G1 Evacuation Pause) (young) 226M->201M(256M), 0.0029400 secs]
Application time: 0.0404218 seconds
[GC pause (G1 Evacuation Pause) (young) 226M->201M(256M), 0.0025983 secs]
Application time: 0.0572699 seconds
[GC pause (G1 Evacuation Pause) (young) 226M->201M(256M), 0.0028689 secs]
Application time: 0.0560177 seconds
[GC pause (G1 Evacuation Pause) (young) 226M->201M(256M), 0.0028271 secs]
[GC concurrent-mark-end, 0.2818781 secs]
Application time: 0.0080078 seconds
[GC remark, 0.0062859 secs]
Application time: 0.0000708 seconds
[GC cleanup 205M->205M(256M), 0.0019051 secs]
Application time: 0.0261449 seconds
[GC pause (G1 Evacuation Pause) (young) 226M->201M(256M), 0.0029463 secs]
Application time: 0.0279652 seconds
[GC pause (G1 Evacuation Pause) (young) 226M->201M(256M), 0.0029378 secs]
Application time: 0.0300306 seconds
[GC pause (G1 Evacuation Pause) (young) (initial-mark) 226M->201M(256M), 0.0034017 secs]
[GC concurrent-root-region-scan-start]
[GC concurrent-root-region-scan-end, 0.0005032 secs]
[GC concurrent-mark-start]
Application time: 0.0492172 seconds
[GC pause (G1 Evacuation Pause) (young) 226M->201M(256M), 0.0030678 secs]
Application time: 0.0463839 seconds
[GC pause (G1 Evacuation Pause) (young) 226M->201M(256M), 0.0030145 secs]
Application time: 0.0435243 seconds
[GC pause (G1 Evacuation Pause) (young) 226M->201M(256M), 0.0029137 secs]
Application time: 0.0405907 seconds
[GC pause (G1 Evacuation Pause) (young) 226M->201M(256M), 0.0027084 secs]
Application time: 0.0414889 seconds
[GC pause (G1 Evacuation Pause) (young) 226M->201M(256M), 0.0029003 secs]
Application time: 0.0407436 seconds
[GC pause (G1 Evacuation Pause) (young) 226M->201M(256M), 0.0029368 secs]
Application time: 0.0430601 seconds
[GC pause (G1 Evacuation Pause) (young) 226M->201M(256M), 0.0028861 secs]
Application time: 0.0405785 seconds
[GC pause (G1 Evacuation Pause) (young) 225M->201M(256M), 0.0028094 secs]
[GC concurrent-mark-end, 0.3876960 secs]
Application time: 0.0034777 seconds
[GC remark, 0.0066547 secs]
Application time: 0.0000585 seconds
[GC cleanup 202M->202M(256M), 0.0020182 secs]
Application time: 0.0257311 seconds
[GC pause (G1 Evacuation Pause) (young) 225M->201M(256M), 0.0030548 secs]
Application time: 0.0120173 seconds
[GC pause (G1 Evacuation Pause) (mixed) 212M->200M(256M), 0.0027583 secs]
Application time: 0.0272620 seconds
[GC pause (G1 Evacuation Pause) (young) 225M->200M(256M), 0.0027438 secs]
Application time: 0.0266068 seconds
[GC pause (G1 Evacuation Pause) (young) (initial-mark) 225M->200M(256M), 0.0031128 secs]
[GC concurrent-root-region-scan-start]
[GC concurrent-root-region-scan-end, 0.0004614 secs]
[GC concurrent-mark-start]
Application time: 0.0486625 seconds
[GC pause (G1 Evacuation Pause) (young) 225M->200M(256M), 0.0030353 secs]
Application time: 0.0479044 seconds
[GC pause (G1 Evacuation Pause) (young) 225M->200M(256M), 0.0029458 secs]
Application time: 0.0580105 seconds
[GC pause (G1 Evacuation Pause) (young) 225M->200M(256M), 0.0028441 secs]
Application time: 0.0627307 seconds
[GC pause (G1 Evacuation Pause) (young) 225M->200M(256M), 0.0026986 secs]
[GC concurrent-mark-end, 0.2513891 secs]
Application time: 0.0131402 seconds
[GC remark, 0.0065253 secs]
Application time: 0.0000359 seconds
[GC cleanup 206M->206M(256M), 0.0019466 secs]
Application time: 0.0329538 seconds
[GC pause (G1 Evacuation Pause) (young) 225M->200M(256M), 0.0032441 secs]
Application time: 0.0320425 seconds
[GC pause (G1 Evacuation Pause) (young) 225M->200M(256M), 0.0027770 secs]
Application time: 0.0294182 seconds
[GC pause (G1 Evacuation Pause) (young) (initial-mark) 225M->200M(256M), 0.0030100 secs]
[GC concurrent-root-region-scan-start]
[GC concurrent-root-region-scan-end, 0.0004504 secs]
[GC concurrent-mark-start]
Application time: 0.0670693 seconds
[GC pause (G1 Evacuation Pause) (young) 225M->200M(256M), 0.0027968 secs]
Application time: 0.0621896 seconds
[GC pause (G1 Evacuation Pause) (young) 225M->200M(256M), 0.0030284 secs]
[GC concurrent-mark-end, 0.1846273 secs]
Application time: 0.0451304 seconds
[GC remark, 0.0072874 secs]
Application time: 0.0006065 seconds
[GC cleanup 218M->218M(256M), 0.0021026 secs]
Application time: 0.0086449 seconds
[GC pause (G1 Evacuation Pause) (young) 225M->200M(256M), 0.0026922 secs]
Application time: 0.0293790 seconds
[GC pause (G1 Evacuation Pause) (young) 225M->200M(256M), 0.0027016 secs]
Application time: 0.0276324 seconds
[GC pause (G1 Evacuation Pause) (young) (initial-mark) 225M->200M(256M), 0.0030383 secs]
[GC concurrent-root-region-scan-start]
[GC concurrent-root-region-scan-end, 0.0004595 secs]
[GC concurrent-mark-start]
Application time: 0.0656013 seconds
[GC pause (G1 Evacuation Pause) (young) 225M->200M(256M), 0.0022428 secs]
Application time: 0.0649747 seconds
[GC pause (G1 Evacuation Pause) (young) 225M->200M(256M), 0.0024563 secs]
[GC concurrent-mark-end, 0.1750102 secs]
Application time: 0.0393292 seconds
[GC remark, 0.0059458 secs]
Application time: 0.0000466 seconds
[GC cleanup 216M->216M(256M), 0.0019946 secs]
Application time: 0.0164559 seconds
[GC pause (G1 Evacuation Pause) (young) 225M->200M(256M), 0.0024343 secs]
Application time: 0.0273002 seconds
[GC pause (G1 Evacuation Pause) (young) 225M->200M(256M), 0.0024045 secs]
Application time: 0.0261668 seconds
[GC pause (G1 Evacuation Pause) (young) (initial-mark) 225M->200M(256M), 0.0092151 secs]
[GC concurrent-root-region-scan-start]
[GC concurrent-root-region-scan-end, 0.0004376 secs]
[GC concurrent-mark-start]
Application time: 0.0451213 seconds
[GC pause (G1 Evacuation Pause) (young) 225M->200M(256M), 0.0023348 secs]
Application time: 0.0628536 seconds
[GC pause (G1 Evacuation Pause) (young) 225M->200M(256M), 0.0023346 secs]
Application time: 0.0623205 seconds
[GC pause (G1 Evacuation Pause) (young) 225M->200M(256M), 0.0022457 secs]
[GC concurrent-mark-end, 0.1943759 secs]
Application time: 0.0161866 seconds
[GC remark, 0.0056338 secs]
Application time: 0.0000690 seconds
[GC cleanup 207M->207M(256M), 0.0017907 secs]
Application time: 0.0228462 seconds
[GC pause (G1 Evacuation Pause) (young) 225M->200M(256M), 0.0024529 secs]
Application time: 0.0264898 seconds
[GC pause (G1 Evacuation Pause) (young) 225M->200M(256M), 0.0023529 secs]
Application time: 0.0265319 seconds
[GC pause (G1 Evacuation Pause) (young) (initial-mark) 225M->200M(256M), 0.0024294 secs]
[GC concurrent-root-region-scan-start]
[GC concurrent-root-region-scan-end, 0.0003775 secs]
[GC concurrent-mark-start]
Application time: 0.0428887 seconds
[GC pause (G1 Evacuation Pause) (young) 225M->200M(256M), 0.0023625 secs]
Application time: 0.0376676 seconds
[GC pause (G1 Evacuation Pause) (young) 225M->200M(256M), 0.0024433 secs]
Application time: 0.0572355 seconds
[GC pause (G1 Evacuation Pause) (young) 225M->200M(256M), 0.0023460 secs]
Application time: 0.0592043 seconds
[GC pause (G1 Evacuation Pause) (young) 225M->201M(256M), 0.0024222 secs]
[GC concurrent-mark-end, 0.2195097 secs]
Application time: 0.0095471 seconds
[GC remark, 0.0057440 secs]
Application time: 0.0000868 seconds
[GC cleanup 205M->205M(256M), 0.0018510 secs]
Application time: 0.0293174 seconds
[GC pause (G1 Evacuation Pause) (young) 226M->200M(256M), 0.0024770 secs]
Application time: 0.0255404 seconds
[GC pause (G1 Evacuation Pause) (young) 225M->200M(256M), 0.0021977 secs]
Application time: 0.0251612 seconds
[GC pause (G1 Evacuation Pause) (young) (initial-mark) 225M->200M(256M), 0.0024462 secs]
[GC concurrent-root-region-scan-start]
[GC concurrent-root-region-scan-end, 0.0003779 secs]
[GC concurrent-mark-start]
Application time: 0.0496875 seconds
[GC pause (G1 Evacuation Pause) (young) 225M->200M(256M), 0.0022901 secs]
Application time: 0.0591222 seconds
[GC pause (G1 Evacuation Pause) (young) 225M->201M(256M), 0.0024192 secs]
Application time: 0.0570638 seconds
[GC pause (G1 Evacuation Pause) (young) 226M->200M(256M), 0.0023078 secs]
[GC concurrent-mark-end, 0.1952924 secs]
Application time: 0.0215659 seconds
[GC remark, 0.0058178 secs]
Application time: 0.0001159 seconds
[GC cleanup 210M->210M(256M), 0.0018031 secs]
Application time: 0.0182125 seconds
[GC pause (G1 Evacuation Pause) (young) 225M->201M(256M), 0.0022566 secs]
Application time: 0.0284341 seconds
[GC pause (G1 Evacuation Pause) (young) 226M->200M(256M), 0.0023846 secs]
Application time: 0.0260550 seconds
[GC pause (G1 Evacuation Pause) (young) (initial-mark) 225M->201M(256M), 0.0024562 secs]
[GC concurrent-root-region-scan-start]
[GC concurrent-root-region-scan-end, 0.0003935 secs]
[GC concurrent-mark-start]
Application time: 0.0508997 seconds
[GC pause (G1 Evacuation Pause) (young) 226M->201M(256M), 0.0027064 secs]
Application time: 0.0466823 seconds
[GC pause (G1 Evacuation Pause) (young) 226M->201M(256M), 0.0024008 secs]
Application time: 0.0660642 seconds
[GC pause (G1 Evacuation Pause) (young) 226M->201M(256M), 0.0023686 secs]
[GC concurrent-mark-end, 0.2242925 secs]
Application time: 0.0518521 seconds
[GC remark, 0.0058907 secs]
Application time: 0.0000446 seconds
[GC cleanup 222M->222M(256M), 0.0019059 secs]
Application time: 0.0079525 seconds
[GC pause (G1 Evacuation Pause) (young) 226M->201M(256M), 0.0020947 secs]
Application time: 0.0271044 seconds
[GC pause (G1 Evacuation Pause) (young) 226M->201M(256M), 0.0024850 secs]
Application time: 0.0262352 seconds
[GC pause (G1 Evacuation Pause) (young) (initial-mark) 226M->201M(256M), 0.0026812 secs]
[GC concurrent-root-region-scan-start]
[GC concurrent-root-region-scan-end, 0.0004071 secs]
[GC concurrent-mark-start]
Application time: 0.0448805 seconds
[GC pause (G1 Evacuation Pause) (young) 226M->201M(256M), 0.0023048 secs]
Application time: 0.0395377 seconds
[GC pause (G1 Evacuation Pause) (young) 226M->201M(256M), 0.0022786 secs]
Application time: 0.0631579 seconds
[GC pause (G1 Evacuation Pause) (young) 226M->201M(256M), 0.0023449 secs]
Application time: 0.0634057 seconds
[GC pause (G1 Evacuation Pause) (young) 226M->201M(256M), 0.0024059 secs]
[GC concurrent-mark-end, 0.2252411 secs]
Application time: 0.0007537 seconds
[GC remark, 0.0057131 secs]
Application time: 0.0000688 seconds
[GC cleanup 201M->201M(256M), 0.0017405 secs]
Application time: 0.0277695 seconds
[GC pause (G1 Evacuation Pause) (young) 226M->201M(256M), 0.0022583 secs]
Application time: 0.0268869 seconds
[GC pause (G1 Evacuation Pause) (young) 226M->201M(256M), 0.0024131 secs]
Application time: 0.0268994 seconds
[GC pause (G1 Evacuation Pause) (young) (initial-mark) 226M->201M(256M), 0.0025102 secs]
[GC concurrent-root-region-scan-start]
[GC concurrent-root-region-scan-end, 0.0003736 secs]
[GC concurrent-mark-start]
Application time: 0.0633353 seconds
[GC pause (G1 Evacuation Pause) (young) 226M->201M(256M), 0.0024257 secs]
Application time: 0.0638541 seconds
[GC pause (G1 Evacuation Pause) (young) 226M->201M(256M), 0.0023370 secs]
[GC concurrent-mark-end, 0.1730921 secs]
Application time: 0.0405752 seconds
[GC remark, 0.0056248 secs]
Application time: 0.0000827 seconds
[GC cleanup 218M->218M(256M), 0.0018356 secs]
Application time: 0.0134780 seconds
[GC pause (G1 Evacuation Pause) (young) 226M->201M(256M), 0.0022073 secs]
Application time: 0.0282832 seconds
[GC pause (G1 Evacuation Pause) (young) 226M->201M(256M), 0.0023353 secs]
Application time: 0.0263982 seconds
[GC pause (G1 Evacuation Pause) (young) (initial-mark) 226M->201M(256M), 0.0024838 secs]
[GC concurrent-root-region-scan-start]
[GC concurrent-root-region-scan-end, 0.0003673 secs]
[GC concurrent-mark-start]
Application time: 0.0479863 seconds
[GC pause (G1 Evacuation Pause) (young) 226M->201M(256M), 0.0023472 secs]
Application time: 0.0491294 seconds
[GC pause (G1 Evacuation Pause) (young) 226M->201M(256M), 0.0023236 secs]
Application time: 0.0479026 seconds
[GC pause (G1 Evacuation Pause) (young) 226M->201M(256M), 0.0023082 secs]
Application time: 0.0398071 seconds
[GC pause (G1 Evacuation Pause) (young) 226M->201M(256M), 0.0023713 secs]
Application time: 0.0420935 seconds
[GC pause (G1 Evacuation Pause) (young) 226M->201M(256M), 0.0023408 secs]
Application time: 0.0419190 seconds
[GC pause (G1 Evacuation Pause) (young) 226M->201M(256M), 0.0024590 secs]
Application time: 0.0394088 seconds
[GC pause (G1 Evacuation Pause) (young) 226M->201M(256M), 0.0024543 secs]
Application time: 0.0403515 seconds
[GC pause (G1 Evacuation Pause) (young) 226M->201M(256M), 0.0026111 secs]
[GC concurrent-mark-end, 0.3910734 secs]
Application time: 0.0156940 seconds
[GC remark, 0.0060049 secs]
Application time: 0.0000750 seconds
[GC cleanup 211M->211M(256M), 0.0018558 secs]
Application time: 0.0230939 seconds
[GC pause (G1 Evacuation Pause) (young) 226M->201M(256M), 0.0026652 secs]
Application time: 0.0301512 seconds
[GC pause (G1 Evacuation Pause) (young) 226M->201M(256M), 0.0039428 secs]
Application time: 0.0457940 seconds
[GC pause (G1 Evacuation Pause) (young) (initial-mark) 226M->201M(256M), 0.0042471 secs]
[GC concurrent-root-region-scan-start]
[GC concurrent-root-region-scan-end, 0.0004695 secs]
[GC concurrent-mark-start]
Application time: 0.0772614 seconds
[GC pause (G1 Evacuation Pause) (young) 226M->201M(256M), 0.0025668 secs]
Application time: 0.0605923 seconds
[GC pause (G1 Evacuation Pause) (young) 226M->201M(256M), 0.0025044 secs]
[GC concurrent-mark-end, 0.1831875 secs]
Application time: 0.0392541 seconds
[GC remark, 0.0055833 secs]
Application time: 0.0000582 seconds
[GC cleanup 218M->218M(256M), 0.0017681 secs]
Application time: 0.0122038 seconds
[GC pause (G1 Evacuation Pause) (young) 226M->201M(256M), 0.0023652 secs]
Application time: 0.0333592 seconds
[GC pause (G1 Evacuation Pause) (young) 226M->201M(256M), 0.0023934 secs]
Application time: 0.0270893 seconds
[GC pause (G1 Evacuation Pause) (young) (initial-mark) 226M->201M(256M), 0.0025663 secs]
[GC concurrent-root-region-scan-start]
[GC concurrent-root-region-scan-end, 0.0003915 secs]
[GC concurrent-mark-start]
Application time: 0.0401074 seconds
[GC pause (G1 Evacuation Pause) (young) 225M->201M(256M), 0.0023724 secs]
Application time: 0.0406884 seconds
[GC pause (G1 Evacuation Pause) (young) 225M->201M(256M), 0.0023257 secs]
Application time: 0.0464834 seconds
[GC pause (G1 Evacuation Pause) (young) 225M->201M(256M), 0.0023578 secs]
Application time: 0.0409651 seconds
[GC pause (G1 Evacuation Pause) (young) 225M->201M(256M), 0.0023021 secs]
Application time: 0.0365542 seconds
[GC pause (G1 Evacuation Pause) (young) 225M->201M(256M), 0.0022582 secs]
Application time: 0.0412794 seconds
[GC pause (G1 Evacuation Pause) (young) 225M->201M(256M), 0.0022345 secs]
Application time: 0.0387120 seconds
[GC pause (G1 Evacuation Pause) (young) 225M->201M(256M), 0.0023958 secs]
Application time: 0.0408771 seconds
[GC pause (G1 Evacuation Pause) (young) 225M->201M(256M), 0.0023683 secs]
[GC concurrent-mark-end, 0.3944113 secs]
Application time: 0.0273709 seconds
[GC remark, 0.0060499 secs]
Application time: 0.0020645 seconds
[GC cleanup 219M->219M(256M), 0.0017736 secs]
Application time: 0.0091400 seconds
[GC pause (G1 Evacuation Pause) (young) 225M->201M(256M), 0.0023711 secs]
Application time: 0.0123304 seconds
[GC pause (G1 Evacuation Pause) (mixed) 212M->200M(256M), 0.0020257 secs]
Application time: 0.0273509 seconds
[GC pause (G1 Evacuation Pause) (young) 225M->200M(256M), 0.0024187 secs]
Application time: 0.0273563 seconds
[GC pause (G1 Evacuation Pause) (young) (initial-mark) 225M->200M(256M), 0.0025987 secs]
[GC concurrent-root-region-scan-start]
[GC concurrent-root-region-scan-end, 0.0003569 secs]
[GC concurrent-mark-start]
Application time: 0.0482449 seconds
[GC pause (G1 Evacuation Pause) (young) 225M->200M(256M), 0.0024133 secs]
Application time: 0.0436568 seconds
[GC pause (G1 Evacuation Pause) (young) 225M->200M(256M), 0.0022678 secs]
Application time: 0.0426578 seconds
[GC pause (G1 Evacuation Pause) (young) 225M->200M(256M), 0.0022858 secs]
Application time: 0.0443543 seconds
[GC pause (G1 Evacuation Pause) (young) 225M->200M(256M), 0.0022127 secs]
Application time: 0.0409346 seconds
[GC pause (G1 Evacuation Pause) (young) 225M->200M(256M), 0.0023279 secs]
Application time: 0.0449827 seconds
[GC pause (G1 Evacuation Pause) (young) 225M->200M(256M), 0.0022678 secs]
[GC concurrent-mark-end, 0.3203098 secs]
Application time: 0.0352475 seconds
[GC remark, 0.0055903 secs]
Application time: 0.0000830 seconds
[GC cleanup 215M->215M(256M), 0.0018536 secs]
Application time: 0.0121735 seconds
[GC pause (G1 Evacuation Pause) (young) 225M->200M(256M), 0.0021167 secs]
Application time: 0.0263152 seconds
[GC pause (G1 Evacuation Pause) (young) 225M->200M(256M), 0.0022604 secs]
Application time: 0.0268470 seconds
[GC pause (G1 Evacuation Pause) (young) (initial-mark) 225M->200M(256M), 0.0027140 secs]
[GC concurrent-root-region-scan-start]
[GC concurrent-root-region-scan-end, 0.0003616 secs]
[GC concurrent-mark-start]
Application time: 0.0644427 seconds
[GC pause (G1 Evacuation Pause) (young) 225M->200M(256M), 0.0023551 secs]
Application time: 0.0625386 seconds
[GC pause (G1 Evacuation Pause) (young) 225M->200M(256M), 0.0022730 secs]
Application time: 0.0394222 seconds
[GC pause (G1 Evacuation Pause) (young) 225M->200M(256M), 0.0022374 secs]
Application time: 0.0477865 seconds
[GC pause (G1 Evacuation Pause) (young) 225M->200M(256M), 0.0022492 secs]
[GC concurrent-mark-end, 0.2440881 secs]
Application time: 0.0091934 seconds
[GC remark, 0.0060581 secs]
Application time: 0.0023574 seconds
[GC cleanup 205M->205M(256M), 0.0018392 secs]
Application time: 0.0223512 seconds
[GC pause (G1 Evacuation Pause) (young) 225M->200M(256M), 0.0022373 secs]
Application time: 0.0274850 seconds
[GC pause (G1 Evacuation Pause) (young) 225M->200M(256M), 0.0021310 secs]
Application time: 0.0306016 seconds
[GC pause (G1 Evacuation Pause) (young) (initial-mark) 225M->200M(256M), 0.0024340 secs]
[GC concurrent-root-region-scan-start]
[GC concurrent-root-region-scan-end, 0.0003707 secs]
[GC concurrent-mark-start]
Application time: 0.0431449 seconds
[GC pause (G1 Evacuation Pause) (young) 225M->200M(256M), 0.0020304 secs]
Application time: 0.0368377 seconds
[GC pause (G1 Evacuation Pause) (young) 225M->200M(256M), 0.0021155 secs]
Application time: 0.0415414 seconds
[GC pause (G1 Evacuation Pause) (young) 225M->200M(256M), 0.0037076 secs]
Application time: 0.0383788 seconds
[GC pause (G1 Evacuation Pause) (young) 225M->200M(256M), 0.0018910 secs]
Application time: 0.0548008 seconds
[GC pause (G1 Evacuation Pause) (young) 225M->200M(256M), 0.0018255 secs]
[GC concurrent-mark-end, 0.2795565 secs]
Application time: 0.0465860 seconds
[GC remark, 0.0060571 secs]
Application time: 0.0000730 seconds
[GC cleanup 222M->222M(256M), 0.0024408 secs]
Application time: 0.0091679 seconds
[GC pause (G1 Evacuation Pause) (young) 225M->200M(256M), 0.0029917 secs]
Application time: 0.0329606 seconds
[GC pause (G1 Evacuation Pause) (young) 225M->200M(256M), 0.0024822 secs]
Application time: 0.0301191 seconds
[GC pause (G1 Evacuation Pause) (young) (initial-mark) 225M->200M(256M), 0.0027257 secs]
[GC concurrent-root-region-scan-start]
[GC concurrent-root-region-scan-end, 0.0005164 secs]
[GC concurrent-mark-start]
Application time: 0.0581622 seconds
[GC pause (G1 Evacuation Pause) (young) 225M->200M(256M), 0.0027004 secs]
Application time: 0.0587505 seconds
[GC pause (G1 Evacuation Pause) (young) 225M->200M(256M), 0.0023435 secs]
Application time: 0.0559949 seconds
[GC pause (G1 Evacuation Pause) (young) 225M->200M(256M), 0.0023867 secs]
[GC concurrent-mark-end, 0.2012748 secs]
Application time: 0.0199559 seconds
[GC remark, 0.0064239 secs]
Application time: 0.0000855 seconds
[GC cleanup 210M->210M(256M), 0.0018902 secs]
Application time: 0.0203169 seconds
[GC pause (G1 Evacuation Pause) (young) 225M->200M(256M), 0.0022074 secs]
Application time: 0.0281613 seconds
[GC pause (G1 Evacuation Pause) (young) 225M->200M(256M), 0.0023743 secs]
Application time: 0.0313088 seconds
[GC pause (G1 Evacuation Pause) (young) (initial-mark) 225M->200M(256M), 0.0025201 secs]
[GC concurrent-root-region-scan-start]
[GC concurrent-root-region-scan-end, 0.0004825 secs]
[GC concurrent-mark-start]
Application time: 0.0527965 seconds
[GC pause (G1 Evacuation Pause) (young) 225M->200M(256M), 0.0024297 secs]
Application time: 0.0449320 seconds
[GC pause (G1 Evacuation Pause) (young) 225M->200M(256M), 0.0025336 secs]
Application time: 0.0495407 seconds
[GC pause (G1 Evacuation Pause) (young) 225M->200M(256M), 0.0024333 secs]
Application time: 0.0512438 seconds
[GC pause (G1 Evacuation Pause) (young) 225M->201M(256M), 0.0023838 secs]
Application time: 0.0680946 seconds
[GC pause (G1 Evacuation Pause) (young) 226M->200M(256M), 0.0018627 secs]
[GC concurrent-mark-end, 0.2945736 secs]
Application time: 0.0091108 seconds
[GC remark, 0.0058585 secs]
Application time: 0.0000630 seconds
[GC cleanup 205M->205M(256M), 0.0016412 secs]
Application time: 0.0307887 seconds
[GC pause (G1 Evacuation Pause) (young) 225M->200M(256M), 0.0020720 secs]
Application time: 0.0266137 seconds
[GC pause (G1 Evacuation Pause) (young) 225M->201M(256M), 0.0018348 secs]
Application time: 0.0268778 seconds
[GC pause (G1 Evacuation Pause) (young) (initial-mark) 226M->201M(256M), 0.0021828 secs]
[GC concurrent-root-region-scan-start]
[GC concurrent-root-region-scan-end, 0.0004083 secs]
[GC concurrent-mark-start]
Application time: 0.0475024 seconds
[GC pause (G1 Evacuation Pause) (young) 226M->200M(256M), 0.0018864 secs]
Application time: 0.0601200 seconds
[GC pause (G1 Evacuation Pause) (young) 225M->200M(256M), 0.0022031 secs]
Application time: 0.0480909 seconds
[GC pause (G1 Evacuation Pause) (young) 225M->201M(256M), 0.0021225 secs]
Application time: 0.0605339 seconds
[GC pause (G1 Evacuation Pause) (young) 226M->200M(256M), 0.0019983 secs]
[GC concurrent-mark-end, 0.2520065 secs]
Application time: 0.0242382 seconds
[GC remark, 0.0055881 secs]
Application time: 0.0000598 seconds
[GC cleanup 210M->210M(256M), 0.0016729 secs]
Application time: 0.0223577 seconds
[GC pause (G1 Evacuation Pause) (young) 225M->201M(256M), 0.0021275 secs]
Application time: 0.0277896 seconds
[GC pause (G1 Evacuation Pause) (young) 226M->201M(256M), 0.0019264 secs]
Application time: 0.0273149 seconds
[GC pause (G1 Evacuation Pause) (young) (initial-mark) 226M->201M(256M), 0.0021934 secs]
[GC concurrent-root-region-scan-start]
[GC concurrent-root-region-scan-end, 0.0003402 secs]
[GC concurrent-mark-start]
Application time: 0.0423158 seconds
[GC pause (G1 Evacuation Pause) (young) 226M->201M(256M), 0.0019751 secs]
Application time: 0.0613780 seconds
[GC pause (G1 Evacuation Pause) (young) 226M->201M(256M), 0.0020984 secs]
Application time: 0.0614640 seconds
[GC pause (G1 Evacuation Pause) (young) 226M->201M(256M), 0.0021353 secs]
[GC concurrent-mark-end, 0.2003969 secs]
Application time: 0.0241999 seconds
[GC remark, 0.0061811 secs]
Application time: 0.0000973 seconds
[GC cleanup 211M->211M(256M), 0.0016381 secs]
Application time: 0.0231657 seconds
[GC pause (G1 Evacuation Pause) (young) 226M->201M(256M), 0.0022431 secs]
Application time: 0.0289812 seconds
[GC pause (G1 Evacuation Pause) (young) 226M->201M(256M), 0.0022687 secs]
Application time: 0.0273726 seconds
[GC pause (G1 Evacuation Pause) (young) (initial-mark) 226M->201M(256M), 0.0023116 secs]
[GC concurrent-root-region-scan-start]
[GC concurrent-root-region-scan-end, 0.0003956 secs]
[GC concurrent-mark-start]
Application time: 0.0613778 seconds
[GC pause (G1 Evacuation Pause) (young) 226M->201M(256M), 0.0021331 secs]
Application time: 0.0618381 seconds
[GC pause (G1 Evacuation Pause) (young) 226M->201M(256M), 0.0021234 secs]
[GC concurrent-mark-end, 0.1780722 secs]
Application time: 0.0501616 seconds
[GC remark, 0.0056406 secs]
Application time: 0.0000634 seconds
[GC cleanup 222M->222M(256M), 0.0016690 secs]
Application time: 0.0077264 seconds
[GC pause (G1 Evacuation Pause) (young) 226M->201M(256M), 0.0018835 secs]
Application time: 0.0272882 seconds
[GC pause (G1 Evacuation Pause) (young) 226M->201M(256M), 0.0021494 secs]
Application time: 0.0271197 seconds
[GC pause (G1 Evacuation Pause) (young) (initial-mark) 226M->201M(256M), 0.0022515 secs]
[GC concurrent-root-region-scan-start]
[GC concurrent-root-region-scan-end, 0.0003875 secs]
[GC concurrent-mark-start]
Application time: 0.0487750 seconds
[GC pause (G1 Evacuation Pause) (young) 226M->201M(256M), 0.0020644 secs]
Application time: 0.0461710 seconds
[GC pause (G1 Evacuation Pause) (young) 226M->201M(256M), 0.0022587 secs]
Application time: 0.0382979 seconds
[GC pause (G1 Evacuation Pause) (young) 226M->201M(256M), 0.0022299 secs]
Application time: 0.0599579 seconds
[GC pause (G1 Evacuation Pause) (young) 226M->201M(256M), 0.0022526 secs]
[GC concurrent-mark-end, 0.2500544 secs]
Application time: 0.0442939 seconds
[GC remark, 0.0057380 secs]
Application time: 0.0000671 seconds
[GC cleanup 220M->220M(256M), 0.0017020 secs]
Application time: 0.0141276 seconds
[GC pause (G1 Evacuation Pause) (young) 226M->201M(256M), 0.0022298 secs]
Application time: 0.0272192 seconds
[GC pause (G1 Evacuation Pause) (young) 226M->201M(256M), 0.0022877 secs]
Application time: 0.0267727 seconds
[GC pause (G1 Evacuation Pause) (young) (initial-mark) 226M->201M(256M), 0.0023506 secs]
[GC concurrent-root-region-scan-start]
[GC concurrent-root-region-scan-end, 0.0004748 secs]
[GC concurrent-mark-start]
Application time: 0.0446317 seconds
[GC pause (G1 Evacuation Pause) (young) 226M->201M(256M), 0.0021882 secs]
Application time: 0.0384291 seconds
[GC pause (G1 Evacuation Pause) (young) 226M->201M(256M), 0.0021193 secs]
Application time: 0.0613328 seconds
[GC pause (G1 Evacuation Pause) (young) 226M->201M(256M), 0.0020850 secs]
Application time: 0.0582401 seconds
[GC pause (G1 Evacuation Pause) (young) 226M->201M(256M), 0.0020370 secs]
[GC concurrent-mark-end, 0.2218639 secs]
Application time: 0.0054988 seconds
[GC remark, 0.0054613 secs]
Application time: 0.0000436 seconds
[GC cleanup 203M->203M(256M), 0.0016277 secs]
Application time: 0.0289539 seconds
[GC pause (G1 Evacuation Pause) (young) 226M->201M(256M), 0.0022363 secs]
Application time: 0.0271153 seconds
[GC pause (G1 Evacuation Pause) (young) 226M->201M(256M), 0.0020865 secs]
Application time: 0.0269804 seconds
[GC pause (G1 Evacuation Pause) (young) (initial-mark) 226M->201M(256M), 0.0022798 secs]
[GC concurrent-root-region-scan-start]
[GC concurrent-root-region-scan-end, 0.0003612 secs]
[GC concurrent-mark-start]
Application time: 0.0445571 seconds
[GC pause (G1 Evacuation Pause) (young) 226M->201M(256M), 0.0020493 secs]
Application time: 0.0602517 seconds
[GC pause (G1 Evacuation Pause) (young) 226M->201M(256M), 0.0021259 secs]
Application time: 0.0612067 seconds
[GC pause (G1 Evacuation Pause) (young) 226M->201M(256M), 0.0019497 secs]
[GC concurrent-mark-end, 0.1946814 secs]
Application time: 0.0214617 seconds
[GC remark, 0.0057951 secs]
Application time: 0.0000867 seconds
[GC cleanup 210M->210M(256M), 0.0016414 secs]
Application time: 0.0211902 seconds
[GC pause (G1 Evacuation Pause) (young) 226M->201M(256M), 0.0019059 secs]
Application time: 0.0265739 seconds
[GC pause (G1 Evacuation Pause) (young) 226M->201M(256M), 0.0020078 secs]
Application time: 0.0286635 seconds
[GC pause (G1 Evacuation Pause) (young) (initial-mark) 225M->201M(256M), 0.0023250 secs]
[GC concurrent-root-region-scan-start]
[GC concurrent-root-region-scan-end, 0.0003968 secs]
[GC concurrent-mark-start]
Application time: 0.0490953 seconds
[GC pause (G1 Evacuation Pause) (young) 225M->201M(256M), 0.0020754 secs]
Application time: 0.0578584 seconds
[GC pause (G1 Evacuation Pause) (young) 225M->201M(256M), 0.0018834 secs]
Application time: 0.0576773 seconds
[GC pause (G1 Evacuation Pause) (young) 225M->201M(256M), 0.0018803 secs]
[GC concurrent-mark-end, 0.1983709 secs]
Application time: 0.0267842 seconds
[GC remark, 0.0058126 secs]
Application time: 0.0000637 seconds
[GC cleanup 213M->213M(256M), 0.0016954 secs]
Application time: 0.0189794 seconds
[GC pause (G1 Evacuation Pause) (young) 225M->201M(256M), 0.0018900 secs]
Application time: 0.0131922 seconds
[GC pause (G1 Evacuation Pause) (mixed) 212M->200M(256M), 0.0019012 secs]
Application time: 0.0276483 seconds
[GC pause (G1 Evacuation Pause) (young) 225M->200M(256M), 0.0020154 secs]
Application time: 0.0277550 seconds
[GC pause (G1 Evacuation Pause) (young) (initial-mark) 225M->200M(256M), 0.0020536 secs]
[GC concurrent-root-region-scan-start]
[GC concurrent-root-region-scan-end, 0.0003670 secs]
[GC concurrent-mark-start]
Application time: 0.0440887 seconds
[GC pause (G1 Evacuation Pause) (young) 225M->200M(256M), 0.0017662 secs]
Application time: 0.0412931 seconds
[GC pause (G1 Evacuation Pause) (young) 225M->200M(256M), 0.0019125 secs]
Application time: 0.0423216 seconds
[GC pause (G1 Evacuation Pause) (young) 225M->200M(256M), 0.0019900 secs]
Application time: 0.0408797 seconds
[GC pause (G1 Evacuation Pause) (young) 225M->200M(256M), 0.0022558 secs]
Application time: 0.0407069 seconds
[GC pause (G1 Evacuation Pause) (young) 225M->200M(256M), 0.0026447 secs]
Application time: 0.0411192 seconds
[GC pause (G1 Evacuation Pause) (young) 225M->200M(256M), 0.0026155 secs]
Application time: 0.0474539 seconds
[GC pause (G1 Evacuation Pause) (young) 225M->200M(256M), 0.0024238 secs]
Application time: 0.0406620 seconds
[GC pause (G1 Evacuation Pause) (young) 225M->200M(256M), 0.0023538 secs]
[GC concurrent-mark-end, 0.3744473 secs]
Application time: 0.0105102 seconds
[GC remark, 0.0066521 secs]
Application time: 0.0000590 seconds
[GC cleanup 207M->207M(256M), 0.0020183 secs]
Application time: 0.0208319 seconds
[GC pause (G1 Evacuation Pause) (young) 225M->200M(256M), 0.0023614 secs]
Application time: 0.0284628 seconds
[GC pause (G1 Evacuation Pause) (young) 225M->200M(256M), 0.0022991 secs]
Application time: 0.0280894 seconds
[GC pause (G1 Evacuation Pause) (young) (initial-mark) 225M->200M(256M), 0.0028910 secs]
[GC concurrent-root-region-scan-start]
[GC concurrent-root-region-scan-end, 0.0006436 secs]
[GC concurrent-mark-start]
Application time: 0.0662739 seconds
[GC pause (G1 Evacuation Pause) (young) 225M->200M(256M), 0.0024487 secs]
Application time: 0.0605993 seconds
[GC pause (G1 Evacuation Pause) (young) 225M->200M(256M), 0.0024213 secs]
Application time: 0.0614257 seconds
[GC pause (G1 Evacuation Pause) (young) 225M->200M(256M), 0.0025831 secs]
[GC concurrent-mark-end, 0.2300075 secs]
Application time: 0.0335375 seconds
[GC remark, 0.0064941 secs]
Application time: 0.0000406 seconds
[GC cleanup 221M->221M(256M), 0.0020848 secs]
Application time: 0.0064057 seconds
[GC pause (G1 Evacuation Pause) (young) 225M->200M(256M), 0.0021809 secs]
Application time: 0.0273871 seconds
[GC pause (G1 Evacuation Pause) (young) 225M->200M(256M), 0.0022828 secs]
Application time: 0.0270371 seconds
[GC pause (G1 Evacuation Pause) (young) (initial-mark) 225M->200M(256M), 0.0024092 secs]
[GC concurrent-root-region-scan-start]
[GC concurrent-root-region-scan-end, 0.0004522 secs]
[GC concurrent-mark-start]
Application time: 0.0647117 seconds
[GC pause (G1 Evacuation Pause) (young) 225M->200M(256M), 0.0025471 secs]
Application time: 0.0681484 seconds
[GC pause (G1 Evacuation Pause) (young) 225M->200M(256M), 0.0024772 secs]
[GC concurrent-mark-end, 0.1719471 secs]
Application time: 0.0334888 seconds
[GC remark, 0.0064788 secs]
Application time: 0.0000520 seconds
[GC cleanup 215M->215M(256M), 0.0019857 secs]
Application time: 0.0141911 seconds
[GC pause (G1 Evacuation Pause) (young) 225M->200M(256M), 0.0024052 secs]
Application time: 0.0278074 seconds
[GC pause (G1 Evacuation Pause) (young) 225M->200M(256M), 0.0023952 secs]
Application time: 0.0277531 seconds
[GC pause (G1 Evacuation Pause) (young) (initial-mark) 225M->200M(256M), 0.0026259 secs]
[GC concurrent-root-region-scan-start]
[GC concurrent-root-region-scan-end, 0.0004848 secs]
[GC concurrent-mark-start]
Application time: 0.0628299 seconds
[GC pause (G1 Evacuation Pause) (young) 225M->200M(256M), 0.0023201 secs]
Application time: 0.0616444 seconds
[GC pause (G1 Evacuation Pause) (young) 225M->200M(256M), 0.0023281 secs]
[GC concurrent-mark-end, 0.1763031 secs]
Application time: 0.0466713 seconds
[GC remark, 0.0064560 secs]
Application time: 0.0023459 seconds
[GC cleanup 222M->222M(256M), 0.0019243 secs]
Application time: 0.0051198 seconds
[GC pause (G1 Evacuation Pause) (young) 225M->200M(256M), 0.0021673 secs]
Application time: 0.0269665 seconds
[GC pause (G1 Evacuation Pause) (young) 225M->200M(256M), 0.0020922 secs]
Application time: 0.0265183 seconds
[GC pause (G1 Evacuation Pause) (young) (initial-mark) 225M->200M(256M), 0.0023456 secs]
[GC concurrent-root-region-scan-start]
[GC concurrent-root-region-scan-end, 0.0005143 secs]
[GC concurrent-mark-start]
Application time: 0.0433460 seconds
[GC pause (G1 Evacuation Pause) (young) 225M->200M(256M), 0.0024291 secs]
Application time: 0.0597424 seconds
[GC pause (G1 Evacuation Pause) (young) 225M->200M(256M), 0.0024600 secs]
Application time: 0.0609656 seconds
[GC pause (G1 Evacuation Pause) (young) 225M->200M(256M), 0.0025591 secs]
[GC concurrent-mark-end, 0.1949630 secs]
Application time: 0.0200329 seconds
[GC remark, 0.0062940 secs]
Application time: 0.0000681 seconds
[GC cleanup 209M->209M(256M), 0.0018948 secs]
Application time: 0.0205379 seconds
[GC pause (G1 Evacuation Pause) (young) 225M->200M(256M), 0.0025734 secs]
Application time: 0.0324209 seconds
[GC pause (G1 Evacuation Pause) (young) 225M->200M(256M), 0.0025958 secs]
Application time: 0.0272030 seconds
[GC pause (G1 Evacuation Pause) (young) (initial-mark) 225M->200M(256M), 0.0028088 secs]
[GC concurrent-root-region-scan-start]
[GC concurrent-root-region-scan-end, 0.0004695 secs]
[GC concurrent-mark-start]
Application time: 0.0530801 seconds
[GC pause (G1 Evacuation Pause) (young) 225M->200M(256M), 0.0026040 secs]
Application time: 0.0384686 seconds
[GC pause (G1 Evacuation Pause) (young) 225M->200M(256M), 0.0025032 secs]
Application time: 0.0407742 seconds
[GC pause (G1 Evacuation Pause) (young) 225M->200M(256M), 0.0022511 secs]
Application time: 0.0617335 seconds
[GC pause (G1 Evacuation Pause) (young) 225M->200M(256M), 0.0025084 secs]
[GC concurrent-mark-end, 0.2542493 secs]
Application time: 0.0447614 seconds
[GC remark, 0.0066787 secs]
Application time: 0.0015660 seconds
[GC cleanup 220M->220M(256M), 0.0019350 secs]
Application time: 0.0059181 seconds
[GC pause (G1 Evacuation Pause) (young) 225M->200M(256M), 0.0020523 secs]
Application time: 0.0275752 seconds
[GC pause (G1 Evacuation Pause) (young) 225M->200M(256M), 0.0022557 secs]
Application time: 0.0274013 seconds
[GC pause (G1 Evacuation Pause) (young) (initial-mark) 225M->200M(256M), 0.0024221 secs]
[GC concurrent-root-region-scan-start]
[GC concurrent-root-region-scan-end, 0.0004960 secs]
[GC concurrent-mark-start]
Application time: 0.0453182 seconds
[GC pause (G1 Evacuation Pause) (young) 225M->200M(256M), 0.0024211 secs]
Application time: 0.0474006 seconds
[GC pause (G1 Evacuation Pause) (young) 225M->200M(256M), 0.0023631 secs]
Application time: 0.0606063 seconds
[GC pause (G1 Evacuation Pause) (young) 225M->200M(256M), 0.0023958 secs]
Application time: 0.0130643 seconds
[GC concurrent-mark-end, 0.2207178 secs]
Application time: 0.0458571 seconds
[GC remark, 0.0068593 secs]
Application time: 0.0001108 seconds
[GC cleanup 207M->207M(256M), 0.0020282 secs]
Application time: 0.0253411 seconds
[GC pause (G1 Evacuation Pause) (young) 225M->201M(256M), 0.0050008 secs]
Application time: 0.0277333 seconds
[GC pause (G1 Evacuation Pause) (young) 226M->201M(256M), 0.0024659 secs]
Application time: 0.0269920 seconds
[GC pause (G1 Evacuation Pause) (young) (initial-mark) 226M->201M(256M), 0.0026809 secs]
[GC concurrent-root-region-scan-start]
[GC concurrent-root-region-scan-end, 0.0005887 secs]
[GC concurrent-mark-start]
Application time: 0.0675143 seconds
[GC pause (G1 Evacuation Pause) (young) 226M->201M(256M), 0.0025985 secs]
Application time: 0.0552018 seconds
[GC pause (G1 Evacuation Pause) (young) 226M->201M(256M), 0.0024000 secs]
Application time: 0.0540848 seconds
[GC pause (G1 Evacuation Pause) (young) 226M->201M(256M), 0.0023390 secs]
[GC concurrent-mark-end, 0.1972474 secs]
Application time: 0.0121957 seconds
[GC remark, 0.0066566 secs]
Application time: 0.0021021 seconds
[GC cleanup 207M->207M(256M), 0.0019903 secs]
Application time: 0.0205804 seconds
[GC pause (G1 Evacuation Pause) (young) 226M->201M(256M), 0.0023715 secs]
Application time: 0.0286947 seconds
[GC pause (G1 Evacuation Pause) (young) 226M->201M(256M), 0.0044621 secs]
Application time: 0.0269533 seconds
[GC pause (G1 Evacuation Pause) (young) (initial-mark) 226M->201M(256M), 0.0044693 secs]
[GC concurrent-root-region-scan-start]
[GC concurrent-root-region-scan-end, 0.0006012 secs]
[GC concurrent-mark-start]
Application time: 0.0525260 seconds
[GC pause (G1 Evacuation Pause) (young) 226M->201M(256M), 0.0026283 secs]
Application time: 0.0635286 seconds
[GC pause (G1 Evacuation Pause) (young) 226M->201M(256M), 0.0024364 secs]
Application time: 0.0559612 seconds
[GC pause (G1 Evacuation Pause) (young) 226M->201M(256M), 0.0024217 secs]
[GC concurrent-mark-end, 0.1943773 secs]
Application time: 0.0091909 seconds
[GC remark, 0.0062899 secs]
Application time: 0.0000353 seconds
[GC cleanup 205M->205M(256M), 0.0019983 secs]
Application time: 0.0279568 seconds
[GC pause (G1 Evacuation Pause) (young) 226M->201M(256M), 0.0024289 secs]
Application time: 0.0127491 seconds
[GC pause (G1 Evacuation Pause) (mixed) 212M->200M(256M), 0.0022073 secs]
Application time: 0.0284875 seconds
[GC pause (G1 Evacuation Pause) (young) 225M->201M(256M), 0.0021949 secs]
Application time: 0.0272560 seconds
[GC pause (G1 Evacuation Pause) (young) (initial-mark) 226M->201M(256M), 0.0025593 secs]
[GC concurrent-root-region-scan-start]
[GC concurrent-root-region-scan-end, 0.0003960 secs]
[GC concurrent-mark-start]
Application time: 0.0498486 seconds
[GC pause (G1 Evacuation Pause) (young) 226M->201M(256M), 0.0024849 secs]
Application time: 0.0588956 seconds
[GC pause (G1 Evacuation Pause) (young) 226M->200M(256M), 0.0022828 secs]
Application time: 0.0578597 seconds
[GC pause (G1 Evacuation Pause) (young) 225M->201M(256M), 0.0025706 secs]
[GC concurrent-mark-end, 0.2032548 secs]
Application time: 0.0283009 seconds
[GC remark, 0.0064322 secs]
Application time: 0.0001147 seconds
[GC cleanup 213M->213M(256M), 0.0019180 secs]
Application time: 0.0175321 seconds
[GC pause (G1 Evacuation Pause) (young) 226M->201M(256M), 0.0022095 secs]
Application time: 0.0128409 seconds
[GC pause (G1 Evacuation Pause) (mixed) 212M->200M(256M), 0.0020263 secs]
Application time: 0.0288335 seconds
[GC pause (G1 Evacuation Pause) (young) 225M->200M(256M), 0.0025505 secs]
Application time: 0.0277641 seconds
[GC pause (G1 Evacuation Pause) (young) (initial-mark) 225M->200M(256M), 0.0024701 secs]
[GC concurrent-root-region-scan-start]
[GC concurrent-root-region-scan-end, 0.0004649 secs]
[GC concurrent-mark-start]
Application time: 0.0446940 seconds
[GC pause (G1 Evacuation Pause) (young) 225M->200M(256M), 0.0023580 secs]
Application time: 0.0433614 seconds
[GC pause (G1 Evacuation Pause) (young) 225M->200M(256M), 0.0026461 secs]
Application time: 0.0560504 seconds
[GC pause (G1 Evacuation Pause) (young) 225M->200M(256M), 0.0025625 secs]
Application time: 0.0451455 seconds
[GC pause (G1 Evacuation Pause) (young) 225M->200M(256M), 0.0027006 secs]
Application time: 0.0596742 seconds
[GC pause (G1 Evacuation Pause) (young) 225M->200M(256M), 0.0026896 secs]
Application time: 0.0038553 seconds
[GC concurrent-mark-end, 0.2946491 secs]
Application time: 0.0244197 seconds
[GC remark, 0.0064041 secs]
Application time: 0.0000536 seconds
[GC cleanup 212M->212M(256M), 0.0019529 secs]
Application time: 0.0216617 seconds
[GC pause (G1 Evacuation Pause) (young) 225M->200M(256M), 0.0029455 secs]
Application time: 0.0277643 seconds
[GC pause (G1 Evacuation Pause) (young) 225M->200M(256M), 0.0028148 secs]
Application time: 0.0278842 seconds
[GC pause (G1 Evacuation Pause) (young) (initial-mark) 225M->200M(256M), 0.0028665 secs]
[GC concurrent-root-region-scan-start]
[GC concurrent-root-region-scan-end, 0.0004911 secs]
[GC concurrent-mark-start]
Application time: 0.0607106 seconds
[GC pause (G1 Evacuation Pause) (young) 225M->200M(256M), 0.0025631 secs]
Application time: 0.0579861 seconds
[GC pause (G1 Evacuation Pause) (young) 225M->200M(256M), 0.0026777 secs]
Application time: 0.0417872 seconds
[GC pause (G1 Evacuation Pause) (young) 225M->200M(256M), 0.0026230 secs]
Application time: 0.0387119 seconds
[GC pause (G1 Evacuation Pause) (young) 225M->200M(256M), 0.0026282 secs]
[GC concurrent-mark-end, 0.2323883 secs]
Application time: 0.0175511 seconds
[GC remark, 0.0067587 secs]
Application time: 0.0014499 seconds
[GC cleanup 206M->206M(256M), 0.0020188 secs]
Application time: 0.0225948 seconds
[GC pause (G1 Evacuation Pause) (young) 225M->200M(256M), 0.0027384 secs]
Application time: 0.0277193 seconds
[GC pause (G1 Evacuation Pause) (young) 225M->200M(256M), 0.0026262 secs]
Application time: 0.0281574 seconds
[GC pause (G1 Evacuation Pause) (young) (initial-mark) 225M->200M(256M), 0.0027823 secs]
[GC concurrent-root-region-scan-start]
[GC concurrent-root-region-scan-end, 0.0004869 secs]
[GC concurrent-mark-start]
Application time: 0.0637693 seconds
[GC pause (G1 Evacuation Pause) (young) 225M->200M(256M), 0.0029970 secs]
Application time: 0.0586469 seconds
[GC pause (G1 Evacuation Pause) (young) 225M->200M(256M), 0.0026910 secs]
[GC concurrent-mark-end, 0.1762402 secs]
Application time: 0.0477471 seconds
[GC remark, 0.0063884 secs]
Application time: 0.0000605 seconds
[GC cleanup 222M->222M(256M), 0.0023546 secs]
Application time: 0.0087046 seconds
[GC pause (G1 Evacuation Pause) (young) 225M->200M(256M), 0.0024071 secs]
Application time: 0.0284271 seconds
[GC pause (G1 Evacuation Pause) (young) 225M->200M(256M), 0.0025244 secs]
Application time: 0.0271328 seconds
[GC pause (G1 Evacuation Pause) (young) (initial-mark) 225M->200M(256M), 0.0027825 secs]
[GC concurrent-root-region-scan-start]
[GC concurrent-root-region-scan-end, 0.0005107 secs]
[GC concurrent-mark-start]
Application time: 0.0452631 seconds
[GC pause (G1 Evacuation Pause) (young) 225M->200M(256M), 0.0026039 secs]
Application time: 0.0382637 seconds
[GC pause (G1 Evacuation Pause) (young) 225M->200M(256M), 0.0028725 secs]
Application time: 0.0593581 seconds
[GC pause (G1 Evacuation Pause) (young) 225M->200M(256M), 0.0028907 secs]
Application time: 0.0587693 seconds
[GC pause (G1 Evacuation Pause) (young) 225M->200M(256M), 0.0029132 secs]
[GC concurrent-mark-end, 0.2277116 secs]
Application time: 0.0097837 seconds
[GC remark, 0.0066155 secs]
Application time: 0.0031776 seconds
[GC cleanup 206M->206M(256M), 0.0020200 secs]
Application time: 0.0231293 seconds
[GC pause (G1 Evacuation Pause) (young) 225M->200M(256M), 0.0027806 secs]
Application time: 0.0272090 seconds
[GC pause (G1 Evacuation Pause) (young) 225M->200M(256M), 0.0026785 secs]
Application time: 0.0013154 seconds
Application time: 0.0276837 seconds
[GC pause (G1 Evacuation Pause) (young) (initial-mark) 225M->200M(256M), 0.0028570 secs]
[GC concurrent-root-region-scan-start]
[GC concurrent-root-region-scan-end, 0.0004745 secs]
[GC concurrent-mark-start]
Application time: 0.0662419 seconds
[GC pause (G1 Evacuation Pause) (young) 225M->200M(256M), 0.0035836 secs]
Application time: 0.0587643 seconds
[GC pause (G1 Evacuation Pause) (young) 225M->200M(256M), 0.0026907 secs]
[GC concurrent-mark-end, 0.1825291 secs]
Application time: 0.0503165 seconds
[GC remark, 0.0064896 secs]
Application time: 0.0000708 seconds
[GC cleanup 222M->222M(256M), 0.0019202 secs]
Application time: 0.0075704 seconds
[GC pause (G1 Evacuation Pause) (young) 225M->200M(256M), 0.0025145 secs]
Application time: 0.0131873 seconds
[GC pause (G1 Evacuation Pause) (mixed) 211M->200M(256M), 0.0038853 secs]
Application time: 0.0286042 seconds
[GC pause (G1 Evacuation Pause) (young) 226M->200M(256M), 0.0041911 secs]
Application time: 0.0269528 seconds
[GC pause (G1 Evacuation Pause) (young) (initial-mark) 225M->200M(256M), 0.0030246 secs]
[GC concurrent-root-region-scan-start]
[GC concurrent-root-region-scan-end, 0.0004328 secs]
[GC concurrent-mark-start]
Application time: 0.0614429 seconds
[GC pause (G1 Evacuation Pause) (young) 225M->200M(256M), 0.0028933 secs]
Application time: 0.0607147 seconds
[GC pause (G1 Evacuation Pause) (young) 225M->200M(256M), 0.0026467 secs]
Application time: 0.0413396 seconds
[GC pause (G1 Evacuation Pause) (young) 225M->200M(256M), 0.0026662 secs]
Application time: 0.0373562 seconds
[GC pause (G1 Evacuation Pause) (young) 225M->200M(256M), 0.0026175 secs]
[GC concurrent-mark-end, 0.2614638 secs]
Application time: 0.0398043 seconds
[GC remark, 0.0065966 secs]
Application time: 0.0000569 seconds
[GC cleanup 224M->224M(256M), 0.0019430 secs]
Application time: 0.0034907 seconds
[GC pause (G1 Evacuation Pause) (young) 225M->200M(256M), 0.0022585 secs]
Application time: 0.0291220 seconds
[GC pause (G1 Evacuation Pause) (young) 225M->200M(256M), 0.0028727 secs]
Application time: 0.0287678 seconds
[GC pause (G1 Evacuation Pause) (young) (initial-mark) 225M->200M(256M), 0.0027431 secs]
[GC concurrent-root-region-scan-start]
[GC concurrent-root-region-scan-end, 0.0005181 secs]
[GC concurrent-mark-start]
Application time: 0.0632438 seconds
[GC pause (G1 Evacuation Pause) (young) 225M->200M(256M), 0.0023035 secs]
Application time: 0.0682995 seconds
[GC pause (G1 Evacuation Pause) (young) 225M->200M(256M), 0.0025564 secs]
[GC concurrent-mark-end, 0.1806535 secs]
Application time: 0.0439016 seconds
[GC remark, 0.0082447 secs]
Application time: 0.0000487 seconds
[GC cleanup 214M->214M(256M), 0.0018820 secs]
Application time: 0.0188971 seconds
[GC pause (G1 Evacuation Pause) (young) 225M->200M(256M), 0.0023059 secs]
Application time: 0.0293163 seconds
[GC pause (G1 Evacuation Pause) (young) 225M->200M(256M), 0.0021334 secs]
Application time: 0.0271571 seconds
[GC pause (G1 Evacuation Pause) (young) (initial-mark) 225M->200M(256M), 0.0022589 secs]
[GC concurrent-root-region-scan-start]
[GC concurrent-root-region-scan-end, 0.0003647 secs]
[GC concurrent-mark-start]
Application time: 0.0471021 seconds
[GC pause (G1 Evacuation Pause) (young) 225M->200M(256M), 0.0020213 secs]
Application time: 0.0626916 seconds
[GC pause (G1 Evacuation Pause) (young) 225M->200M(256M), 0.0021425 secs]
Application time: 0.0630601 seconds
[GC pause (G1 Evacuation Pause) (young) 225M->200M(256M), 0.0019703 secs]
[GC concurrent-mark-end, 0.1951567 secs]
Application time: 0.0146519 seconds
[GC remark, 0.0061065 secs]
Application time: 0.0000817 seconds
[GC cleanup 207M->207M(256M), 0.0017625 secs]
Application time: 0.0249267 seconds
[GC pause (G1 Evacuation Pause) (young) 225M->200M(256M), 0.0022293 secs]
Application time: 0.0268742 seconds
[GC pause (G1 Evacuation Pause) (young) 225M->200M(256M), 0.0023720 secs]
Application time: 0.0473561 seconds
[GC pause (G1 Evacuation Pause) (young) (initial-mark) 225M->200M(256M), 0.0024262 secs]
[GC concurrent-root-region-scan-start]
[GC concurrent-root-region-scan-end, 0.0003419 secs]
[GC concurrent-mark-start]
Application time: 0.0558345 seconds
[GC pause (G1 Evacuation Pause) (young) 225M->200M(256M), 0.0022050 secs]
Application time: 0.0681837 seconds
[GC pause (G1 Evacuation Pause) (young) 225M->200M(256M), 0.0020234 secs]
Application time: 0.0628208 seconds
[GC pause (G1 Evacuation Pause) (young) 225M->201M(256M), 0.0020580 secs]
[GC concurrent-mark-end, 0.2211953 secs]
Application time: 0.0269447 seconds
[GC remark, 0.0059992 secs]
Application time: 0.0000532 seconds
[GC cleanup 212M->212M(256M), 0.0017366 secs]
Application time: 0.0194818 seconds
[GC pause (G1 Evacuation Pause) (young) 226M->201M(256M), 0.0020730 secs]
Application time: 0.0353054 seconds
[GC pause (G1 Evacuation Pause) (young) 226M->201M(256M), 0.0024902 secs]
Application time: 0.0281636 seconds
[GC pause (G1 Evacuation Pause) (young) (initial-mark) 226M->201M(256M), 0.0021348 secs]
[GC concurrent-root-region-scan-start]
[GC concurrent-root-region-scan-end, 0.0004653 secs]
[GC concurrent-mark-start]
Application time: 0.0437040 seconds
[GC pause (G1 Evacuation Pause) (young) 226M->201M(256M), 0.0019333 secs]
Application time: 0.0553058 seconds
[GC pause (G1 Evacuation Pause) (young) 226M->201M(256M), 0.0019390 secs]
Application time: 0.0593728 seconds
[GC pause (G1 Evacuation Pause) (young) 226M->201M(256M), 0.0018665 secs]
[GC concurrent-mark-end, 0.1993132 secs]
Application time: 0.0342077 seconds
[GC remark, 0.0056986 secs]
Application time: 0.0000727 seconds
[GC cleanup 215M->215M(256M), 0.0016613 secs]
Application time: 0.0138646 seconds
[GC pause (G1 Evacuation Pause) (young) 226M->201M(256M), 0.0018085 secs]
Application time: 0.0327654 seconds
[GC pause (G1 Evacuation Pause) (young) 226M->201M(256M), 0.0020158 secs]
Application time: 0.0267582 seconds
[GC pause (G1 Evacuation Pause) (young) (initial-mark) 226M->201M(256M), 0.0022500 secs]
[GC concurrent-root-region-scan-start]
[GC concurrent-root-region-scan-end, 0.0003974 secs]
[GC concurrent-mark-start]
Application time: 0.0595700 seconds
[GC pause (G1 Evacuation Pause) (young) 226M->201M(256M), 0.0019789 secs]
Application time: 0.0590611 seconds
[GC pause (G1 Evacuation Pause) (young) 226M->201M(256M), 0.0020161 secs]
[GC concurrent-mark-end, 0.1737136 secs]
Application time: 0.0505815 seconds
[GC remark, 0.0059158 secs]
Application time: 0.0000574 seconds
[GC cleanup 223M->223M(256M), 0.0017843 secs]
Application time: 0.0052343 seconds
[GC pause (G1 Evacuation Pause) (young) 226M->201M(256M), 0.0018358 secs]
Application time: 0.0263778 seconds
[GC pause (G1 Evacuation Pause) (young) 226M->201M(256M), 0.0019770 secs]
Application time: 0.0265189 seconds
[GC pause (G1 Evacuation Pause) (young) (initial-mark) 226M->201M(256M), 0.0022980 secs]
[GC concurrent-root-region-scan-start]
[GC concurrent-root-region-scan-end, 0.0004430 secs]
[GC concurrent-mark-start]
Application time: 0.0653783 seconds
[GC pause (G1 Evacuation Pause) (young) 226M->201M(256M), 0.0025353 secs]
Application time: 0.0878811 seconds
[GC pause (G1 Evacuation Pause) (young) 226M->201M(256M), 0.0020990 secs]
[GC concurrent-mark-end, 0.1792208 secs]
Application time: 0.0208222 seconds
[GC remark, 0.0061473 secs]
Application time: 0.0000747 seconds
[GC cleanup 209M->209M(256M), 0.0017571 secs]
Application time: 0.0246731 seconds
[GC pause (G1 Evacuation Pause) (young) 226M->201M(256M), 0.0020690 secs]
Application time: 0.0298086 seconds
[GC pause (G1 Evacuation Pause) (young) 226M->201M(256M), 0.0020460 secs]
Application time: 0.0272510 seconds
[GC pause (G1 Evacuation Pause) (young) (initial-mark) 226M->201M(256M), 0.0022031 secs]
[GC concurrent-root-region-scan-start]
[GC concurrent-root-region-scan-end, 0.0003723 secs]
[GC concurrent-mark-start]
Application time: 0.0499139 seconds
[GC pause (G1 Evacuation Pause) (young) 226M->201M(256M), 0.0020345 secs]
Application time: 0.0669123 seconds
[GC pause (G1 Evacuation Pause) (young) 226M->201M(256M), 0.0034942 secs]
[GC concurrent-mark-end, 0.1942111 secs]
Application time: 0.0712051 seconds
[GC remark, 0.0066526 secs]
Application time: 0.0001070 seconds
[GC cleanup 221M->221M(256M), 0.0019666 secs]
Application time: 0.0094462 seconds
[GC pause (G1 Evacuation Pause) (young) 226M->201M(256M), 0.0025394 secs]
Application time: 0.0332899 seconds
[GC pause (G1 Evacuation Pause) (young) 226M->201M(256M), 0.0026798 secs]
Application time: 0.0295671 seconds
[GC pause (G1 Evacuation Pause) (young) (initial-mark) 226M->201M(256M), 0.0029759 secs]
[GC concurrent-root-region-scan-start]
[GC concurrent-root-region-scan-end, 0.0004737 secs]
[GC concurrent-mark-start]
Application time: 0.0507626 seconds
[GC pause (G1 Evacuation Pause) (young) 226M->201M(256M), 0.0027054 secs]
Application time: 0.0812479 seconds
[GC pause (G1 Evacuation Pause) (young) 226M->201M(256M), 0.0025837 secs]
[GC concurrent-mark-end, 0.2064677 secs]
Application time: 0.0646200 seconds
[GC remark, 0.0066784 secs]
Application time: 0.0000999 seconds
[GC cleanup 225M->225M(256M), 0.0020237 secs]
Application time: 0.0049463 seconds
[GC pause (G1 Evacuation Pause) (young) 226M->201M(256M), 0.0024040 secs]
Application time: 0.0324388 seconds
[GC pause (G1 Evacuation Pause) (young) 226M->201M(256M), 0.0026386 secs]
Application time: 0.0336080 seconds
[GC pause (G1 Evacuation Pause) (young) (initial-mark) 226M->201M(256M), 0.0026930 secs]
[GC concurrent-root-region-scan-start]
[GC concurrent-root-region-scan-end, 0.0005206 secs]
[GC concurrent-mark-start]
Application time: 0.0514283 seconds
[GC pause (G1 Evacuation Pause) (young) 226M->201M(256M), 0.0023208 secs]
Application time: 0.0419440 seconds
[GC pause (G1 Evacuation Pause) (young) 226M->201M(256M), 0.0026473 secs]
Application time: 0.0416936 seconds
[GC pause (G1 Evacuation Pause) (young) 226M->201M(256M), 0.0022459 secs]
Application time: 0.0410298 seconds
[GC pause (G1 Evacuation Pause) (young) 226M->201M(256M), 0.0025166 secs]
Application time: 0.0486345 seconds
[GC pause (G1 Evacuation Pause) (young) 226M->201M(256M), 0.0026575 secs]
Application time: 0.0450320 seconds
[GC pause (G1 Evacuation Pause) (young) 226M->201M(256M), 0.0031136 secs]
Application time: 0.0606847 seconds
[GC pause (G1 Evacuation Pause) (young) 226M->201M(256M), 0.0026245 secs]
[GC concurrent-mark-end, 0.3706034 secs]
Application time: 0.0073736 seconds
[GC remark, 0.0068358 secs]
Application time: 0.0000900 seconds
[GC cleanup 204M->204M(256M), 0.0020180 secs]
Application time: 0.0261274 seconds
[GC pause (G1 Evacuation Pause) (young) 226M->201M(256M), 0.0028713 secs]
Application time: 0.0277125 seconds
[GC pause (G1 Evacuation Pause) (young) 226M->201M(256M), 0.0027554 secs]
Application time: 0.0280774 seconds
[GC pause (G1 Evacuation Pause) (young) (initial-mark) 226M->201M(256M), 0.0031496 secs]
[GC concurrent-root-region-scan-start]
[GC concurrent-root-region-scan-end, 0.0006535 secs]
[GC concurrent-mark-start]
Application time: 0.0644206 seconds
[GC pause (G1 Evacuation Pause) (young) 225M->201M(256M), 0.0027325 secs]
Application time: 0.0577924 seconds
[GC pause (G1 Evacuation Pause) (young) 225M->201M(256M), 0.0027043 secs]
Application time: 0.0430317 seconds
[GC pause (G1 Evacuation Pause) (young) 225M->201M(256M), 0.0024849 secs]
Application time: 0.0429370 seconds
[GC pause (G1 Evacuation Pause) (young) 225M->201M(256M), 0.0030744 secs]
Application time: 0.0455399 seconds
[GC pause (G1 Evacuation Pause) (young) 225M->201M(256M), 0.0028313 secs]
[GC concurrent-mark-end, 0.3092205 secs]
Application time: 0.0366390 seconds
[GC remark, 0.0070087 secs]
Application time: 0.0000900 seconds
[GC cleanup 222M->222M(256M), 0.0020961 secs]
Application time: 0.0042161 seconds
[GC pause (G1 Evacuation Pause) (young) 225M->201M(256M), 0.0025410 secs]
Application time: 0.0124349 seconds
[GC pause (G1 Evacuation Pause) (mixed) 212M->200M(256M), 0.0023803 secs]
Application time: 0.0279856 seconds
[GC pause (G1 Evacuation Pause) (young) 225M->200M(256M), 0.0028707 secs]
Application time: 0.0297484 seconds
[GC pause (G1 Evacuation Pause) (young) (initial-mark) 225M->200M(256M), 0.0030584 secs]
[GC concurrent-root-region-scan-start]
[GC concurrent-root-region-scan-end, 0.0004838 secs]
[GC concurrent-mark-start]
Application time: 0.0512489 seconds
[GC pause (G1 Evacuation Pause) (young) 225M->200M(256M), 0.0028451 secs]
Application time: 0.0432112 seconds
[GC pause (G1 Evacuation Pause) (young) 225M->200M(256M), 0.0026758 secs]
Application time: 0.0397482 seconds
[GC pause (G1 Evacuation Pause) (young) 225M->200M(256M), 0.0027713 secs]
Application time: 0.0464365 seconds
[GC pause (G1 Evacuation Pause) (young) 225M->200M(256M), 0.0028365 secs]
Application time: 0.0422428 seconds
[GC pause (G1 Evacuation Pause) (young) 225M->200M(256M), 0.0029615 secs]
Application time: 0.0665788 seconds
[GC pause (G1 Evacuation Pause) (young) 225M->200M(256M), 0.0029420 secs]
[GC concurrent-mark-end, 0.3376352 secs]
Application time: 0.0124383 seconds
[GC remark, 0.0064556 secs]
Application time: 0.0000788 seconds
[GC cleanup 207M->207M(256M), 0.0019866 secs]
Application time: 0.0300749 seconds
[GC pause (G1 Evacuation Pause) (young) 225M->200M(256M), 0.0028762 secs]
Application time: 0.0297248 seconds
[GC pause (G1 Evacuation Pause) (young) 225M->200M(256M), 0.0029165 secs]
Application time: 0.0306743 seconds
[GC pause (G1 Evacuation Pause) (young) (initial-mark) 225M->200M(256M), 0.0030893 secs]
[GC concurrent-root-region-scan-start]
[GC concurrent-root-region-scan-end, 0.0004905 secs]
[GC concurrent-mark-start]
Application time: 0.0430551 seconds
[GC pause (G1 Evacuation Pause) (young) 225M->200M(256M), 0.0027037 secs]
Application time: 0.0431702 seconds
[GC pause (G1 Evacuation Pause) (young) 225M->200M(256M), 0.0026586 secs]
Application time: 0.0530694 seconds
[GC pause (G1 Evacuation Pause) (young) 225M->200M(256M), 0.0032459 secs]
Application time: 0.0631141 seconds
[GC pause (G1 Evacuation Pause) (young) 225M->200M(256M), 0.0051403 secs]
Application time: 0.0603789 seconds
[GC pause (G1 Evacuation Pause) (young) 225M->200M(256M), 0.0029283 secs]
[GC concurrent-mark-end, 0.2881703 secs]
Application time: 0.0026546 seconds
[GC remark, 0.0064382 secs]
Application time: 0.0000430 seconds
[GC cleanup 201M->201M(256M), 0.0019790 secs]
Application time: 0.0351375 seconds
[GC pause (G1 Evacuation Pause) (young) 225M->200M(256M), 0.0033983 secs]
Application time: 0.0316369 seconds
[GC pause (G1 Evacuation Pause) (young) 225M->200M(256M), 0.0027358 secs]
Application time: 0.0293043 seconds
[GC pause (G1 Evacuation Pause) (young) (initial-mark) 225M->200M(256M), 0.0029934 secs]
[GC concurrent-root-region-scan-start]
[GC concurrent-root-region-scan-end, 0.0004689 secs]
[GC concurrent-mark-start]
Application time: 0.0527238 seconds
[GC pause (G1 Evacuation Pause) (young) 225M->200M(256M), 0.0027336 secs]
Application time: 0.0519013 seconds
[GC pause (G1 Evacuation Pause) (young) 225M->200M(256M), 0.0029315 secs]
Application time: 0.0431887 seconds
[GC pause (G1 Evacuation Pause) (young) 225M->200M(256M), 0.0027877 secs]
Application time: 0.0425989 seconds
[GC pause (G1 Evacuation Pause) (young) 225M->200M(256M), 0.0028418 secs]
Application time: 0.0414771 seconds
[GC pause (G1 Evacuation Pause) (young) 225M->200M(256M), 0.0026384 secs]
Application time: 0.0397428 seconds
[GC pause (G1 Evacuation Pause) (young) 225M->200M(256M), 0.0025494 secs]
[GC concurrent-mark-end, 0.3347161 secs]
Application time: 0.0404665 seconds
[GC remark, 0.0068291 secs]
Application time: 0.0000977 seconds
[GC cleanup 217M->217M(256M), 0.0020303 secs]
Application time: 0.0183226 seconds
[GC pause (G1 Evacuation Pause) (young) 225M->200M(256M), 0.0025371 secs]
Application time: 0.0299021 seconds
[GC pause (G1 Evacuation Pause) (young) 225M->200M(256M), 0.0028484 secs]
Application time: 0.0304315 seconds
[GC pause (G1 Evacuation Pause) (young) (initial-mark) 225M->200M(256M), 0.0036134 secs]
[GC concurrent-root-region-scan-start]
[GC concurrent-root-region-scan-end, 0.0007192 secs]
[GC concurrent-mark-start]
Application time: 0.0501395 seconds
[GC pause (G1 Evacuation Pause) (young) 225M->200M(256M), 0.0027623 secs]
Application time: 0.0613998 seconds
[GC pause (G1 Evacuation Pause) (young) 225M->200M(256M), 0.0024141 secs]
Application time: 0.0423812 seconds
[GC pause (G1 Evacuation Pause) (young) 225M->200M(256M), 0.0025151 secs]
Application time: 0.0423074 seconds
[GC pause (G1 Evacuation Pause) (young) 225M->200M(256M), 0.0029490 secs]
Application time: 0.0424587 seconds
[GC pause (G1 Evacuation Pause) (young) 225M->201M(256M), 0.0026685 secs]
Application time: 0.0464451 seconds
[GC pause (G1 Evacuation Pause) (young) 226M->201M(256M), 0.0027395 secs]
Application time: 0.0470013 seconds
[GC pause (G1 Evacuation Pause) (young) 226M->201M(256M), 0.0025673 secs]
[GC concurrent-mark-end, 0.4031989 secs]
Application time: 0.0388833 seconds
[GC remark, 0.0070428 secs]
Application time: 0.0001092 seconds
[GC cleanup 218M->218M(256M), 0.0021246 secs]
Application time: 0.0143029 seconds
[GC pause (G1 Evacuation Pause) (young) 226M->201M(256M), 0.0023525 secs]
Application time: 0.0290976 seconds
[GC pause (G1 Evacuation Pause) (young) 226M->201M(256M), 0.0024116 secs]
Application time: 0.0327691 seconds
[GC pause (G1 Evacuation Pause) (young) (initial-mark) 226M->201M(256M), 0.0026622 secs]
[GC concurrent-root-region-scan-start]
[GC concurrent-root-region-scan-end, 0.0005536 secs]
[GC concurrent-mark-start]
Application time: 0.0453768 seconds
[GC pause (G1 Evacuation Pause) (young) 226M->201M(256M), 0.0026232 secs]
Application time: 0.0399032 seconds
[GC pause (G1 Evacuation Pause) (young) 226M->201M(256M), 0.0027354 secs]
Application time: 0.0623052 seconds
[GC pause (G1 Evacuation Pause) (young) 226M->201M(256M), 0.0027165 secs]
Application time: 0.0589230 seconds
[GC pause (G1 Evacuation Pause) (young) 226M->201M(256M), 0.0027138 secs]
[GC concurrent-mark-end, 0.2293844 secs]
Application time: 0.0087729 seconds
[GC remark, 0.0066037 secs]
Application time: 0.0009376 seconds
[GC cleanup 205M->205M(256M), 0.0022740 secs]
Application time: 0.0323061 seconds
[GC pause (G1 Evacuation Pause) (young) 226M->201M(256M), 0.0029745 secs]
Application time: 0.0335803 seconds
[GC pause (G1 Evacuation Pause) (young) 226M->201M(256M), 0.0030619 secs]
Application time: 0.0280952 seconds
[GC pause (G1 Evacuation Pause) (young) (initial-mark) 226M->201M(256M), 0.0046294 secs]
[GC concurrent-root-region-scan-start]
[GC concurrent-root-region-scan-end, 0.0005546 secs]
[GC concurrent-mark-start]
Application time: 0.0467893 seconds
[GC pause (G1 Evacuation Pause) (young) 226M->201M(256M), 0.0045753 secs]
Application time: 0.0391057 seconds
[GC pause (G1 Evacuation Pause) (young) 226M->201M(256M), 0.0022694 secs]
Application time: 0.0620982 seconds
[GC pause (G1 Evacuation Pause) (young) 226M->201M(256M), 0.0023858 secs]
Application time: 0.0600757 seconds
[GC pause (G1 Evacuation Pause) (young) 226M->201M(256M), 0.0023619 secs]
[GC concurrent-mark-end, 0.2355419 secs]
Application time: 0.0138612 seconds
[GC remark, 0.0063975 secs]
Application time: 0.0000798 seconds
[GC cleanup 207M->207M(256M), 0.0019504 secs]
Application time: 0.0272737 seconds
[GC pause (G1 Evacuation Pause) (young) 226M->201M(256M), 0.0023756 secs]
Application time: 0.0310520 seconds
[GC pause (G1 Evacuation Pause) (young) 226M->201M(256M), 0.0023584 secs]
Application time: 0.0314666 seconds
[GC pause (G1 Evacuation Pause) (young) (initial-mark) 226M->201M(256M), 0.0028425 secs]
[GC concurrent-root-region-scan-start]
[GC concurrent-root-region-scan-end, 0.0004736 secs]
[GC concurrent-mark-start]
Application time: 0.0611152 seconds
[GC pause (G1 Evacuation Pause) (young) 226M->201M(256M), 0.0023399 secs]
Application time: 0.0706669 seconds
[GC pause (G1 Evacuation Pause) (young) 226M->201M(256M), 0.0026875 secs]
Application time: 0.0453282 seconds
[GC pause (G1 Evacuation Pause) (young) 226M->201M(256M), 0.0021515 secs]
Application time: 0.0471317 seconds
[GC pause (G1 Evacuation Pause) (young) 226M->201M(256M), 0.0023743 secs]
[GC concurrent-mark-end, 0.2809602 secs]
Application time: 0.0416084 seconds
[GC remark, 0.0077248 secs]
Application time: 0.0000882 seconds
[GC cleanup 225M->225M(256M), 0.0023602 secs]
Application time: 0.0029498 seconds
[GC pause (G1 Evacuation Pause) (young) 226M->201M(256M), 0.0024353 secs]
Application time: 0.0409328 seconds
[GC pause (G1 Evacuation Pause) (young) 226M->201M(256M), 0.0026828 secs]
Application time: 0.0278580 seconds
[GC pause (G1 Evacuation Pause) (young) (initial-mark) 226M->201M(256M), 0.0027038 secs]
[GC concurrent-root-region-scan-start]
[GC concurrent-root-region-scan-end, 0.0005309 secs]
[GC concurrent-mark-start]
Application time: 0.0499012 seconds
[GC pause (G1 Evacuation Pause) (young) 226M->201M(256M), 0.0026288 secs]
Application time: 0.0618157 seconds
[GC pause (G1 Evacuation Pause) (young) 226M->201M(256M), 0.0024160 secs]
Application time: 0.0609580 seconds
[GC pause (G1 Evacuation Pause) (young) 226M->201M(256M), 0.0028345 secs]
[GC concurrent-mark-end, 0.2361114 secs]
Application time: 0.0547554 seconds
[GC remark, 0.0075730 secs]
Application time: 0.0040811 seconds
[GC cleanup 226M->226M(256M), 0.0020058 secs]
Application time: 0.0006239 seconds
[GC pause (G1 Evacuation Pause) (young) 226M->201M(256M), 0.0022090 secs]
Application time: 0.0371266 seconds
[GC pause (G1 Evacuation Pause) (young) 226M->201M(256M), 0.0024607 secs]
Application time: 0.0292336 seconds
[GC pause (G1 Evacuation Pause) (young) (initial-mark) 226M->201M(256M), 0.0027368 secs]
[GC concurrent-root-region-scan-start]
[GC concurrent-root-region-scan-end, 0.0006454 secs]
[GC concurrent-mark-start]
Application time: 0.0489875 seconds
[GC pause (G1 Evacuation Pause) (young) 226M->201M(256M), 0.0025110 secs]
Application time: 0.0580556 seconds
[GC pause (G1 Evacuation Pause) (young) 226M->201M(256M), 0.0029405 secs]
Application time: 0.0572939 seconds
[GC pause (G1 Evacuation Pause) (young) 226M->201M(256M), 0.0029221 secs]
Application time: 0.0561715 seconds
[GC pause (G1 Evacuation Pause) (young) 226M->201M(256M), 0.0024828 secs]
[GC concurrent-mark-end, 0.2535300 secs]
Application time: 0.0157122 seconds
[GC remark, 0.0063723 secs]
Application time: 0.0012473 seconds
[GC cleanup 209M->209M(256M), 0.0021104 secs]
Application time: 0.0207665 seconds
[GC pause (G1 Evacuation Pause) (young) 226M->201M(256M), 0.0025253 secs]
Application time: 0.0276031 seconds
[GC pause (G1 Evacuation Pause) (young) 225M->201M(256M), 0.0025040 secs]
Application time: 0.0269876 seconds
[GC pause (G1 Evacuation Pause) (young) (initial-mark) 225M->201M(256M), 0.0027695 secs]
[GC concurrent-root-region-scan-start]
[GC concurrent-root-region-scan-end, 0.0004310 secs]
[GC concurrent-mark-start]
Application time: 0.0448177 seconds
[GC pause (G1 Evacuation Pause) (young) 225M->201M(256M), 0.0024843 secs]
Application time: 0.0604559 seconds
[GC pause (G1 Evacuation Pause) (young) 225M->201M(256M), 0.0022643 secs]
Application time: 0.0581895 seconds
[GC pause (G1 Evacuation Pause) (young) 225M->201M(256M), 0.0022645 secs]
[GC concurrent-mark-end, 0.2031491 secs]
Application time: 0.0272090 seconds
[GC remark, 0.0069982 secs]
Application time: 0.0000900 seconds
[GC cleanup 212M->212M(256M), 0.0020384 secs]
Application time: 0.0191348 seconds
[GC pause (G1 Evacuation Pause) (young) 225M->201M(256M), 0.0023122 secs]
Application time: 0.0127727 seconds
[GC pause (G1 Evacuation Pause) (mixed) 212M->200M(256M), 0.0023053 secs]
Application time: 0.0284767 seconds
[GC pause (G1 Evacuation Pause) (young) 225M->200M(256M), 0.0023712 secs]
Application time: 0.0283620 seconds
[GC pause (G1 Evacuation Pause) (young) (initial-mark) 225M->200M(256M), 0.0025457 secs]
[GC concurrent-root-region-scan-start]
[GC concurrent-root-region-scan-end, 0.0004213 secs]
[GC concurrent-mark-start]
Application time: 0.0563809 seconds
[GC pause (G1 Evacuation Pause) (young) 225M->200M(256M), 0.0023984 secs]
Application time: 0.0395836 seconds
[GC pause (G1 Evacuation Pause) (young) 225M->200M(256M), 0.0025280 secs]
Application time: 0.0523033 seconds
[GC pause (G1 Evacuation Pause) (young) 225M->200M(256M), 0.0022567 secs]
Application time: 0.0550672 seconds
[GC pause (G1 Evacuation Pause) (young) 225M->200M(256M), 0.0024357 secs]
[GC concurrent-mark-end, 0.2742527 secs]
Application time: 0.0496662 seconds
[GC remark, 0.0064390 secs]
Application time: 0.0000696 seconds
[GC cleanup 224M->224M(256M), 0.0023548 secs]
Application time: 0.0023722 seconds
[GC pause (G1 Evacuation Pause) (young) 225M->200M(256M), 0.0019394 secs]
Application time: 0.0284090 seconds
[GC pause (G1 Evacuation Pause) (young) 225M->200M(256M), 0.0023989 secs]
Application time: 0.0292810 seconds
[GC pause (G1 Evacuation Pause) (young) (initial-mark) 225M->200M(256M), 0.0025218 secs]
[GC concurrent-root-region-scan-start]
[GC concurrent-root-region-scan-end, 0.0004613 secs]
[GC concurrent-mark-start]
Application time: 0.0482568 seconds
[GC pause (G1 Evacuation Pause) (young) 225M->200M(256M), 0.0024277 secs]
Application time: 0.0593889 seconds
[GC pause (G1 Evacuation Pause) (young) 225M->200M(256M), 0.0025557 secs]
Application time: 0.0484344 seconds
[GC pause (G1 Evacuation Pause) (young) 225M->200M(256M), 0.0028269 secs]
Application time: 0.0407380 seconds
[GC pause (G1 Evacuation Pause) (young) 225M->200M(256M), 0.0024949 secs]
[GC concurrent-mark-end, 0.2676533 secs]
Application time: 0.0470329 seconds
[GC remark, 0.0068563 secs]
Application time: 0.0000491 seconds
[GC cleanup 221M->221M(256M), 0.0021392 secs]
Application time: 0.0066387 seconds
[GC pause (G1 Evacuation Pause) (young) 225M->200M(256M), 0.0020013 secs]
Application time: 0.0269793 seconds
[GC pause (G1 Evacuation Pause) (young) 225M->200M(256M), 0.0022125 secs]
Application time: 0.0274366 seconds
[GC pause (G1 Evacuation Pause) (young) (initial-mark) 225M->200M(256M), 0.0025983 secs]
[GC concurrent-root-region-scan-start]
[GC concurrent-root-region-scan-end, 0.0005352 secs]
[GC concurrent-mark-start]
Application time: 0.0436638 seconds
[GC pause (G1 Evacuation Pause) (young) 225M->200M(256M), 0.0033753 secs]
Application time: 0.0406979 seconds
[GC pause (G1 Evacuation Pause) (young) 225M->200M(256M), 0.0030046 secs]
Application time: 0.0588769 seconds
[GC pause (G1 Evacuation Pause) (young) 225M->200M(256M), 0.0025667 secs]
Application time: 0.0466438 seconds
[GC pause (G1 Evacuation Pause) (young) 225M->200M(256M), 0.0025094 secs]
[GC concurrent-mark-end, 0.2626384 secs]
Application time: 0.0558744 seconds
[GC remark, 0.0069031 secs]
Application time: 0.0000629 seconds
[GC cleanup 224M->224M(256M), 0.0019494 secs]
Application time: 0.0047020 seconds
[GC pause (G1 Evacuation Pause) (young) 225M->200M(256M), 0.0022831 secs]
Application time: 0.0331403 seconds
[GC pause (G1 Evacuation Pause) (young) 225M->200M(256M), 0.0025911 secs]
Application time: 0.0322635 seconds
[GC pause (G1 Evacuation Pause) (young) (initial-mark) 225M->200M(256M), 0.0026794 secs]
[GC concurrent-root-region-scan-start]
[GC concurrent-root-region-scan-end, 0.0004460 secs]
[GC concurrent-mark-start]
Application time: 0.0630494 seconds
[GC pause (G1 Evacuation Pause) (young) 225M->200M(256M), 0.0024481 secs]
Application time: 0.0608075 seconds
[GC pause (G1 Evacuation Pause) (young) 225M->200M(256M), 0.0024136 secs]
Application time: 0.0483835 seconds
[GC pause (G1 Evacuation Pause) (young) 225M->200M(256M), 0.0027061 secs]
[GC concurrent-mark-end, 0.2087420 secs]
Application time: 0.0239459 seconds
[GC remark, 0.0079754 secs]
Application time: 0.0000683 seconds
[GC cleanup 210M->210M(256M), 0.0021754 secs]
Application time: 0.0212292 seconds
[GC pause (G1 Evacuation Pause) (young) 225M->200M(256M), 0.0024023 secs]
Application time: 0.0463590 seconds
[GC pause (G1 Evacuation Pause) (young) 225M->200M(256M), 0.0023239 secs]
Application time: 0.0271389 seconds
[GC pause (G1 Evacuation Pause) (young) (initial-mark) 225M->200M(256M), 0.0025501 secs]
[GC concurrent-root-region-scan-start]
[GC concurrent-root-region-scan-end, 0.0005184 secs]
[GC concurrent-mark-start]
Application time: 0.0459171 seconds
[GC pause (G1 Evacuation Pause) (young) 225M->200M(256M), 0.0026232 secs]
Application time: 0.0915233 seconds
[GC pause (G1 Evacuation Pause) (young) 225M->200M(256M), 0.0022139 secs]
Application time: 0.0639517 seconds
[GC pause (G1 Evacuation Pause) (young) 225M->201M(256M), 0.0019650 secs]
[GC concurrent-mark-end, 0.2156145 secs]
Application time: 0.0023252 seconds
[GC remark, 0.0057615 secs]
Application time: 0.0000713 seconds
[GC cleanup 202M->202M(256M), 0.0018399 secs]
Application time: 0.0323644 seconds
[GC pause (G1 Evacuation Pause) (young) 226M->200M(256M), 0.0022172 secs]
Application time: 0.0291238 seconds
[GC pause (G1 Evacuation Pause) (young) 225M->200M(256M), 0.0020978 secs]
Application time: 0.0264621 seconds
[GC pause (G1 Evacuation Pause) (young) (initial-mark) 225M->201M(256M), 0.0024738 secs]
[GC concurrent-root-region-scan-start]
[GC concurrent-root-region-scan-end, 0.0003854 secs]
[GC concurrent-mark-start]
Application time: 0.0685139 seconds
[GC pause (G1 Evacuation Pause) (young) 226M->200M(256M), 0.0021726 secs]
Application time: 0.0557507 seconds
[GC pause (G1 Evacuation Pause) (young) 225M->201M(256M), 0.0022870 secs]
Application time: 0.0672049 seconds
[GC pause (G1 Evacuation Pause) (young) 226M->201M(256M), 0.0022504 secs]
[GC concurrent-mark-end, 0.2127454 secs]
Application time: 0.0012467 seconds
[GC remark, 0.0055824 secs]
Application time: 0.0000364 seconds
[GC cleanup 201M->201M(256M), 0.0017843 secs]
Application time: 0.0274131 seconds
[GC pause (G1 Evacuation Pause) (young) 226M->201M(256M), 0.0024099 secs]
Application time: 0.0266588 seconds
[GC pause (G1 Evacuation Pause) (young) 226M->200M(256M), 0.0022683 secs]
Application time: 0.0272302 seconds
[GC pause (G1 Evacuation Pause) (young) (initial-mark) 225M->201M(256M), 0.0025349 secs]
[GC concurrent-root-region-scan-start]
[GC concurrent-root-region-scan-end, 0.0004093 secs]
[GC concurrent-mark-start]
Application time: 0.0684050 seconds
[GC pause (G1 Evacuation Pause) (young) 226M->201M(256M), 0.0022468 secs]
Application time: 0.0635936 seconds
[GC pause (G1 Evacuation Pause) (young) 226M->201M(256M), 0.0026879 secs]
[GC concurrent-mark-end, 0.1999737 secs]
Application time: 0.0623615 seconds
[GC remark, 0.0057280 secs]
Application time: 0.0000537 seconds
[GC cleanup 225M->225M(256M), 0.0018590 secs]
Application time: 0.0014833 seconds
[GC pause (G1 Evacuation Pause) (young) 226M->201M(256M), 0.0019601 secs]
Application time: 0.0319320 seconds
[GC pause (G1 Evacuation Pause) (young) 226M->201M(256M), 0.0022544 secs]
Application time: 0.0278442 seconds
[GC pause (G1 Evacuation Pause) (young) (initial-mark) 226M->201M(256M), 0.0023084 secs]
[GC concurrent-root-region-scan-start]
[GC concurrent-root-region-scan-end, 0.0003300 secs]
[GC concurrent-mark-start]
Application time: 0.0654820 seconds
[GC pause (G1 Evacuation Pause) (young) 226M->201M(256M), 0.0021792 secs]
Application time: 0.0618755 seconds
[GC pause (G1 Evacuation Pause) (young) 226M->201M(256M), 0.0020793 secs]
Application time: 0.0420416 seconds
[GC pause (G1 Evacuation Pause) (young) 226M->201M(256M), 0.0020776 secs]
Application time: 0.0453707 seconds
[GC pause (G1 Evacuation Pause) (young) 226M->201M(256M), 0.0022005 secs]
[GC concurrent-mark-end, 0.2452842 secs]
Application time: 0.0164631 seconds
[GC remark, 0.0057776 secs]
Application time: 0.0008695 seconds
[GC cleanup 212M->212M(256M), 0.0017795 secs]
Application time: 0.0158768 seconds
[GC pause (G1 Evacuation Pause) (young) 226M->201M(256M), 0.0020291 secs]
Application time: 0.0277219 seconds
[GC pause (G1 Evacuation Pause) (young) 226M->201M(256M), 0.0020196 secs]
Application time: 0.0328754 seconds
[GC pause (G1 Evacuation Pause) (young) (initial-mark) 226M->201M(256M), 0.0022605 secs]
[GC concurrent-root-region-scan-start]
[GC concurrent-root-region-scan-end, 0.0004372 secs]
[GC concurrent-mark-start]
Application time: 0.0445856 seconds
[GC pause (G1 Evacuation Pause) (young) 226M->201M(256M), 0.0019399 secs]
Application time: 0.0408317 seconds
[GC pause (G1 Evacuation Pause) (young) 226M->201M(256M), 0.0020779 secs]
Application time: 0.0439095 seconds
[GC pause (G1 Evacuation Pause) (young) 226M->201M(256M), 0.0020486 secs]
Application time: 0.0615580 seconds
[GC pause (G1 Evacuation Pause) (young) 226M->201M(256M), 0.0021859 secs]
[GC concurrent-mark-end, 0.2550552 secs]
Application time: 0.0542565 seconds
[GC remark, 0.0057951 secs]
Application time: 0.0000702 seconds
[GC cleanup 224M->224M(256M), 0.0018418 secs]
Application time: 0.0058908 seconds
[GC pause (G1 Evacuation Pause) (young) 226M->201M(256M), 0.0019863 secs]
Application time: 0.0272172 seconds
[GC pause (G1 Evacuation Pause) (young) 226M->201M(256M), 0.0021251 secs]
Application time: 0.0275673 seconds
[GC pause (G1 Evacuation Pause) (young) (initial-mark) 226M->201M(256M), 0.0024398 secs]
[GC concurrent-root-region-scan-start]
[GC concurrent-root-region-scan-end, 0.0004788 secs]
[GC concurrent-mark-start]
Application time: 0.0438086 seconds
[GC pause (G1 Evacuation Pause) (young) 226M->201M(256M), 0.0021172 secs]
Application time: 0.0390656 seconds
[GC pause (G1 Evacuation Pause) (young) 226M->201M(256M), 0.0020180 secs]
Application time: 0.0417596 seconds
[GC pause (G1 Evacuation Pause) (young) 226M->201M(256M), 0.0022021 secs]
Application time: 0.0495125 seconds
[GC pause (G1 Evacuation Pause) (young) 226M->201M(256M), 0.0023343 secs]
Application time: 0.0421439 seconds
[GC pause (G1 Evacuation Pause) (young) 226M->201M(256M), 0.0022938 secs]
Application time: 0.0420235 seconds
[GC pause (G1 Evacuation Pause) (young) 226M->201M(256M), 0.0025814 secs]
Application time: 0.0407618 seconds
[GC pause (G1 Evacuation Pause) (young) 226M->201M(256M), 0.0022317 secs]
Application time: 0.0393365 seconds
[GC pause (G1 Evacuation Pause) (young) 226M->201M(256M), 0.0021789 secs]
[GC concurrent-mark-end, 0.3853560 secs]
Application time: 0.0130077 seconds
[GC remark, 0.0058960 secs]
Application time: 0.0000421 seconds
[GC cleanup 209M->209M(256M), 0.0018541 secs]
Application time: 0.0227986 seconds
[GC pause (G1 Evacuation Pause) (young) 226M->201M(256M), 0.0021999 secs]
Application time: 0.0282074 seconds
[GC pause (G1 Evacuation Pause) (young) 226M->201M(256M), 0.0020703 secs]
Application time: 0.0270418 seconds
[GC pause (G1 Evacuation Pause) (young) (initial-mark) 226M->201M(256M), 0.0023757 secs]
[GC concurrent-root-region-scan-start]
[GC concurrent-root-region-scan-end, 0.0003485 secs]
[GC concurrent-mark-start]
Application time: 0.0457439 seconds
[GC pause (G1 Evacuation Pause) (young) 225M->201M(256M), 0.0020668 secs]
Application time: 0.0390515 seconds
[GC pause (G1 Evacuation Pause) (young) 225M->201M(256M), 0.0020349 secs]
Application time: 0.0491632 seconds
[GC pause (G1 Evacuation Pause) (young) 225M->201M(256M), 0.0022439 secs]
Application time: 0.0617856 seconds
[GC pause (G1 Evacuation Pause) (young) 225M->201M(256M), 0.0025004 secs]
Application time: 0.0399019 seconds
[GC pause (G1 Evacuation Pause) (young) 225M->201M(256M), 0.0023386 secs]
[GC concurrent-mark-end, 0.2823605 secs]
Application time: 0.0189178 seconds
[GC remark, 0.0064121 secs]
Application time: 0.0000757 seconds
[GC cleanup 208M->208M(256M), 0.0018754 secs]
Application time: 0.0234733 seconds
[GC pause (G1 Evacuation Pause) (young) 225M->201M(256M), 0.0021639 secs]
Application time: 0.0119810 seconds
[GC pause (G1 Evacuation Pause) (mixed) 212M->200M(256M), 0.0019899 secs]
Application time: 0.0283071 seconds
[GC pause (G1 Evacuation Pause) (young) 225M->200M(256M), 0.0021647 secs]
Application time: 0.0260515 seconds
[GC pause (G1 Evacuation Pause) (young) (initial-mark) 225M->200M(256M), 0.0021670 secs]
[GC concurrent-root-region-scan-start]
[GC concurrent-root-region-scan-end, 0.0003776 secs]
[GC concurrent-mark-start]
Application time: 0.0405018 seconds
[GC pause (G1 Evacuation Pause) (young) 225M->200M(256M), 0.0018700 secs]
Application time: 0.0643635 seconds
[GC pause (G1 Evacuation Pause) (young) 225M->200M(256M), 0.0018594 secs]
Application time: 0.0614120 seconds
[GC pause (G1 Evacuation Pause) (young) 225M->200M(256M), 0.0021289 secs]
[GC concurrent-mark-end, 0.2051885 secs]
Application time: 0.0287634 seconds
[GC remark, 0.0074182 secs]
Application time: 0.0000998 seconds
[GC cleanup 212M->212M(256M), 0.0017663 secs]
Application time: 0.0216811 seconds
[GC pause (G1 Evacuation Pause) (young) 225M->200M(256M), 0.0019093 secs]
Application time: 0.0267884 seconds
[GC pause (G1 Evacuation Pause) (young) 225M->200M(256M), 0.0018070 secs]
Application time: 0.0259763 seconds
[GC pause (G1 Evacuation Pause) (young) (initial-mark) 225M->200M(256M), 0.0020845 secs]
[GC concurrent-root-region-scan-start]
[GC concurrent-root-region-scan-end, 0.0003616 secs]
[GC concurrent-mark-start]
Application time: 0.0646146 seconds
[GC pause (G1 Evacuation Pause) (young) 225M->200M(256M), 0.0018016 secs]
Application time: 0.0550420 seconds
[GC pause (G1 Evacuation Pause) (young) 225M->200M(256M), 0.0017289 secs]
Application time: 0.0438924 seconds
[GC pause (G1 Evacuation Pause) (young) 225M->200M(256M), 0.0018713 secs]
[GC concurrent-mark-end, 0.1874617 secs]
Application time: 0.0175001 seconds
[GC remark, 0.0056194 secs]
Application time: 0.0000521 seconds
[GC cleanup 208M->208M(256M), 0.0016859 secs]
Application time: 0.0208306 seconds
[GC pause (G1 Evacuation Pause) (young) 225M->200M(256M), 0.0018314 secs]
Application time: 0.0243585 seconds
[GC pause (G1 Evacuation Pause) (young) 225M->200M(256M), 0.0018700 secs]
Application time: 0.0248845 seconds
[GC pause (G1 Evacuation Pause) (young) (initial-mark) 225M->200M(256M), 0.0020628 secs]
[GC concurrent-root-region-scan-start]
[GC concurrent-root-region-scan-end, 0.0004258 secs]
[GC concurrent-mark-start]
Application time: 0.0482374 seconds
[GC pause (G1 Evacuation Pause) (young) 225M->200M(256M), 0.0041668 secs]
Application time: 0.0369241 seconds
[GC pause (G1 Evacuation Pause) (young) 225M->200M(256M), 0.0045944 secs]
Application time: 0.0583765 seconds
[GC pause (G1 Evacuation Pause) (young) 225M->200M(256M), 0.0020399 secs]
Application time: 0.0580525 seconds
[GC pause (G1 Evacuation Pause) (young) 225M->200M(256M), 0.0019737 secs]
[GC concurrent-mark-end, 0.2335801 secs]
Application time: 0.0152923 seconds
[GC remark, 0.0055657 secs]
Application time: 0.0000668 seconds
[GC cleanup 207M->207M(256M), 0.0017507 secs]
Application time: 0.0206128 seconds
[GC pause (G1 Evacuation Pause) (young) 225M->200M(256M), 0.0020201 secs]
Application time: 0.0257305 seconds
[GC pause (G1 Evacuation Pause) (young) 225M->200M(256M), 0.0019183 secs]
Application time: 0.0258560 seconds
[GC pause (G1 Evacuation Pause) (young) (initial-mark) 225M->200M(256M), 0.0023802 secs]
[GC concurrent-root-region-scan-start]
[GC concurrent-root-region-scan-end, 0.0003343 secs]
[GC concurrent-mark-start]
Application time: 0.0437989 seconds
[GC pause (G1 Evacuation Pause) (young) 225M->200M(256M), 0.0019386 secs]
Application time: 0.0418165 seconds
[GC pause (G1 Evacuation Pause) (young) 225M->200M(256M), 0.0021473 secs]
Application time: 0.0595099 seconds
[GC pause (G1 Evacuation Pause) (young) 225M->200M(256M), 0.0023528 secs]
Application time: 0.0697681 seconds
[GC pause (G1 Evacuation Pause) (young) 225M->200M(256M), 0.0023424 secs]
Application time: 0.0514075 seconds
[GC pause (G1 Evacuation Pause) (young) 225M->200M(256M), 0.0026768 secs]
Application time: 0.0410101 seconds
[GC concurrent-mark-end, 0.3268273 secs]
[GC pause (G1 Evacuation Pause) (young) 225M->200M(256M), 0.0025827 secs]
Application time: 0.0002464 seconds
[GC remark, 0.0059570 secs]
Application time: 0.0018746 seconds
[GC cleanup 202M->202M(256M), 0.0018338 secs]
Application time: 0.0276944 seconds
[GC pause (G1 Evacuation Pause) (young) 225M->200M(256M), 0.0024677 secs]
Application time: 0.0254863 seconds
[GC pause (G1 Evacuation Pause) (young) 225M->200M(256M), 0.0023117 secs]
Application time: 0.0295730 seconds
[GC pause (G1 Evacuation Pause) (young) (initial-mark) 225M->200M(256M), 0.0025840 secs]
[GC concurrent-root-region-scan-start]
[GC concurrent-root-region-scan-end, 0.0004162 secs]
[GC concurrent-mark-start]
Application time: 0.0602845 seconds
[GC pause (G1 Evacuation Pause) (young) 225M->200M(256M), 0.0022124 secs]
Application time: 0.0559154 seconds
[GC pause (G1 Evacuation Pause) (young) 225M->200M(256M), 0.0024899 secs]
Application time: 0.0395247 seconds
[GC pause (G1 Evacuation Pause) (young) 225M->200M(256M), 0.0024386 secs]
Application time: 0.0376664 seconds
[GC pause (G1 Evacuation Pause) (young) 225M->200M(256M), 0.0022781 secs]
[GC concurrent-mark-end, 0.2279502 secs]
Application time: 0.0237336 seconds
[GC remark, 0.0054788 secs]
Application time: 0.0000757 seconds
[GC cleanup 216M->216M(256M), 0.0016960 secs]
Application time: 0.0158132 seconds
[GC pause (G1 Evacuation Pause) (young) 225M->201M(256M), 0.0021759 secs]
Application time: 0.0246059 seconds
[GC pause (G1 Evacuation Pause) (young) 226M->200M(256M), 0.0022374 secs]
Application time: 0.0243916 seconds
[GC pause (G1 Evacuation Pause) (young) (initial-mark) 225M->201M(256M), 0.0024737 secs]
[GC concurrent-root-region-scan-start]
[GC concurrent-root-region-scan-end, 0.0004196 secs]
[GC concurrent-mark-start]
Application time: 0.0408258 seconds
[GC pause (G1 Evacuation Pause) (young) 226M->200M(256M), 0.0021526 secs]
Application time: 0.0347762 seconds
[GC pause (G1 Evacuation Pause) (young) 225M->200M(256M), 0.0022716 secs]
Application time: 0.0452250 seconds
[GC pause (G1 Evacuation Pause) (young) 225M->200M(256M), 0.0022736 secs]
Application time: 0.0565850 seconds
[GC pause (G1 Evacuation Pause) (young) 225M->200M(256M), 0.0024133 secs]
[GC concurrent-mark-end, 0.2409037 secs]
Application time: 0.0449460 seconds
[GC remark, 0.0056893 secs]
Application time: 0.0000485 seconds
[GC cleanup 218M->218M(256M), 0.0018710 secs]
Application time: 0.0111055 seconds
[GC pause (G1 Evacuation Pause) (young) 225M->200M(256M), 0.0023367 secs]
Application time: 0.0331431 seconds
[GC pause (G1 Evacuation Pause) (young) 225M->200M(256M), 0.0026668 secs]
Application time: 0.0257443 seconds
[GC pause (G1 Evacuation Pause) (young) (initial-mark) 225M->200M(256M), 0.0027904 secs]
[GC concurrent-root-region-scan-start]
[GC concurrent-root-region-scan-end, 0.0004412 secs]
[GC concurrent-mark-start]
Application time: 0.0426800 seconds
[GC pause (G1 Evacuation Pause) (young) 225M->200M(256M), 0.0023222 secs]
Application time: 0.0396118 seconds
[GC pause (G1 Evacuation Pause) (young) 225M->201M(256M), 0.0022279 secs]
Application time: 0.0387443 seconds
[GC pause (G1 Evacuation Pause) (young) 226M->201M(256M), 0.0023957 secs]
Application time: 0.0468707 seconds
[GC pause (G1 Evacuation Pause) (young) 226M->201M(256M), 0.0023821 secs]
Application time: 0.0401963 seconds
[GC pause (G1 Evacuation Pause) (young) 226M->201M(256M), 0.0023610 secs]
Application time: 0.0366920 seconds
[GC pause (G1 Evacuation Pause) (young) 226M->201M(256M), 0.0024026 secs]
Application time: 0.0375234 seconds
[GC pause (G1 Evacuation Pause) (young) 226M->201M(256M), 0.0043357 secs]
[GC concurrent-mark-end, 0.3425552 secs]
Application time: 0.0308974 seconds
[GC remark, 0.0058546 secs]
Application time: 0.0006628 seconds
[GC cleanup 213M->213M(256M), 0.0018151 secs]
Application time: 0.0137747 seconds
[GC pause (G1 Evacuation Pause) (young) 226M->201M(256M), 0.0023508 secs]
Application time: 0.0271397 seconds
[GC pause (G1 Evacuation Pause) (young) 226M->201M(256M), 0.0024561 secs]
Application time: 0.0325109 seconds
[GC pause (G1 Evacuation Pause) (young) (initial-mark) 226M->201M(256M), 0.0026451 secs]
[GC concurrent-root-region-scan-start]
[GC concurrent-root-region-scan-end, 0.0004525 secs]
[GC concurrent-mark-start]
Application time: 0.0411939 seconds
[GC pause (G1 Evacuation Pause) (young) 226M->201M(256M), 0.0023233 secs]
Application time: 0.0655188 seconds
[GC pause (G1 Evacuation Pause) (young) 226M->201M(256M), 0.0022493 secs]
Application time: 0.0568152 seconds
[GC pause (G1 Evacuation Pause) (young) 226M->201M(256M), 0.0022499 secs]
[GC concurrent-mark-end, 0.1912989 secs]
Application time: 0.0200372 seconds
[GC remark, 0.0057496 secs]
Application time: 0.0000795 seconds
[GC cleanup 210M->210M(256M), 0.0017998 secs]
Application time: 0.0166967 seconds
[GC pause (G1 Evacuation Pause) (young) 226M->201M(256M), 0.0023190 secs]
Application time: 0.0291775 seconds
[GC pause (G1 Evacuation Pause) (young) 226M->201M(256M), 0.0023761 secs]
Application time: 0.0253291 seconds
[GC pause (G1 Evacuation Pause) (young) (initial-mark) 226M->201M(256M), 0.0026438 secs]
[GC concurrent-root-region-scan-start]
[GC concurrent-root-region-scan-end, 0.0003890 secs]
[GC concurrent-mark-start]
Application time: 0.0609083 seconds
[GC pause (G1 Evacuation Pause) (young) 226M->201M(256M), 0.0023807 secs]
Application time: 0.0552897 seconds
[GC pause (G1 Evacuation Pause) (young) 226M->201M(256M), 0.0023724 secs]
Application time: 0.0496208 seconds
[GC pause (G1 Evacuation Pause) (young) 226M->201M(256M), 0.0023942 secs]
[GC concurrent-mark-end, 0.1994362 secs]
Application time: 0.0232818 seconds
[GC remark, 0.0060239 secs]
Application time: 0.0000623 seconds
[GC cleanup 211M->211M(256M), 0.0036836 secs]
Application time: 0.0247230 seconds
[GC pause (G1 Evacuation Pause) (young) 226M->201M(256M), 0.0024339 secs]
Application time: 0.0251775 seconds
[GC pause (G1 Evacuation Pause) (young) 226M->201M(256M), 0.0024301 secs]
Application time: 0.0249269 seconds
[GC pause (G1 Evacuation Pause) (young) (initial-mark) 226M->201M(256M), 0.0025094 secs]
[GC concurrent-root-region-scan-start]
[GC concurrent-root-region-scan-end, 0.0004231 secs]
[GC concurrent-mark-start]
Application time: 0.0397199 seconds
[GC pause (G1 Evacuation Pause) (young) 226M->201M(256M), 0.0021974 secs]
Application time: 0.0433462 seconds
[GC pause (G1 Evacuation Pause) (young) 226M->201M(256M), 0.0023327 secs]
Application time: 0.0573064 seconds
[GC pause (G1 Evacuation Pause) (young) 226M->201M(256M), 0.0022489 secs]
Application time: 0.0564458 seconds
[GC pause (G1 Evacuation Pause) (young) 226M->201M(256M), 0.0023193 secs]
[GC concurrent-mark-end, 0.2213402 secs]
Application time: 0.0100244 seconds
[GC remark, 0.0056562 secs]
Application time: 0.0000914 seconds
[GC cleanup 206M->206M(256M), 0.0016586 secs]
Application time: 0.0209991 seconds
[GC pause (G1 Evacuation Pause) (young) 226M->201M(256M), 0.0030171 secs]
Application time: 0.0248238 seconds
[GC pause (G1 Evacuation Pause) (young) 226M->201M(256M), 0.0022283 secs]
Application time: 0.0361396 seconds
[GC pause (G1 Evacuation Pause) (young) (initial-mark) 226M->201M(256M), 0.0035985 secs]
[GC concurrent-root-region-scan-start]
[GC concurrent-root-region-scan-end, 0.0005054 secs]
[GC concurrent-mark-start]
Application time: 0.0527215 seconds
[GC pause (G1 Evacuation Pause) (young) 226M->201M(256M), 0.0028930 secs]
Application time: 0.0480548 seconds
[GC pause (G1 Evacuation Pause) (young) 226M->201M(256M), 0.0030671 secs]
Application time: 0.0406186 seconds
[GC pause (G1 Evacuation Pause) (young) 226M->201M(256M), 0.0029531 secs]
Application time: 0.0440682 seconds
[GC pause (G1 Evacuation Pause) (young) 226M->201M(256M), 0.0027932 secs]
Application time: 0.0379715 seconds
[GC pause (G1 Evacuation Pause) (young) 226M->201M(256M), 0.0026483 secs]
Application time: 0.0559413 seconds
[GC pause (G1 Evacuation Pause) (young) 226M->201M(256M), 0.0027591 secs]
[GC concurrent-mark-end, 0.3164981 secs]
Application time: 0.0061524 seconds
[GC remark, 0.0063186 secs]
Application time: 0.0000944 seconds
[GC cleanup 204M->204M(256M), 0.0018656 secs]
Application time: 0.0304568 seconds
[GC pause (G1 Evacuation Pause) (young) 225M->201M(256M), 0.0027836 secs]
Application time: 0.0122093 seconds
[GC pause (G1 Evacuation Pause) (mixed) 212M->200M(256M), 0.0025285 secs]
Application time: 0.0309137 seconds
[GC pause (G1 Evacuation Pause) (young) 225M->200M(256M), 0.0025889 secs]
Application time: 0.0270797 seconds
[GC pause (G1 Evacuation Pause) (young) (initial-mark) 225M->200M(256M), 0.0028953 secs]
[GC concurrent-root-region-scan-start]
[GC concurrent-root-region-scan-end, 0.0004522 secs]
[GC concurrent-mark-start]
Application time: 0.0606815 seconds
[GC pause (G1 Evacuation Pause) (young) 225M->200M(256M), 0.0026617 secs]
Application time: 0.0555430 seconds
[GC pause (G1 Evacuation Pause) (young) 225M->200M(256M), 0.0027215 secs]
Application time: 0.0563546 seconds
[GC pause (G1 Evacuation Pause) (young) 225M->200M(256M), 0.0025616 secs]
[GC concurrent-mark-end, 0.1820874 secs]
Application time: 0.0005137 seconds
[GC remark, 0.0062258 secs]
Application time: 0.0009037 seconds
[GC cleanup 201M->201M(256M), 0.0019999 secs]
Application time: 0.0278738 seconds
[GC pause (G1 Evacuation Pause) (young) 225M->200M(256M), 0.0031323 secs]
Application time: 0.0277976 seconds
[GC pause (G1 Evacuation Pause) (young) 225M->200M(256M), 0.0028083 secs]
Application time: 0.0270888 seconds
[GC pause (G1 Evacuation Pause) (young) (initial-mark) 225M->200M(256M), 0.0029469 secs]
[GC concurrent-root-region-scan-start]
[GC concurrent-root-region-scan-end, 0.0004686 secs]
[GC concurrent-mark-start]
Application time: 0.0704503 seconds
[GC pause (G1 Evacuation Pause) (young) 225M->200M(256M), 0.0029163 secs]
Application time: 0.0575570 seconds
[GC pause (G1 Evacuation Pause) (young) 225M->200M(256M), 0.0025617 secs]
Application time: 0.0466732 seconds
[GC pause (G1 Evacuation Pause) (young) 225M->200M(256M), 0.0028910 secs]
[GC concurrent-mark-end, 0.2042714 secs]
Application time: 0.0158030 seconds
[GC remark, 0.0061511 secs]
Application time: 0.0002511 seconds
[GC cleanup 212M->212M(256M), 0.0018065 secs]
Application time: 0.0137553 seconds
[GC pause (G1 Evacuation Pause) (young) 225M->200M(256M), 0.0025229 secs]
Application time: 0.0267334 seconds
[GC pause (G1 Evacuation Pause) (young) 225M->200M(256M), 0.0026094 secs]
Application time: 0.0254459 seconds
[GC pause (G1 Evacuation Pause) (young) (initial-mark) 225M->200M(256M), 0.0029340 secs]
[GC concurrent-root-region-scan-start]
[GC concurrent-root-region-scan-end, 0.0004469 secs]
[GC concurrent-mark-start]
Application time: 0.0443845 seconds
[GC pause (G1 Evacuation Pause) (young) 225M->200M(256M), 0.0023719 secs]
Application time: 0.0385437 seconds
[GC pause (G1 Evacuation Pause) (young) 225M->200M(256M), 0.0023724 secs]
Application time: 0.0420748 seconds
[GC pause (G1 Evacuation Pause) (young) 225M->200M(256M), 0.0024458 secs]
Application time: 0.0574857 seconds
[GC pause (G1 Evacuation Pause) (young) 225M->200M(256M), 0.0023864 secs]
Application time: 0.0378429 seconds
[GC pause (G1 Evacuation Pause) (young) 225M->200M(256M), 0.0024715 secs]
[GC concurrent-mark-end, 0.2577257 secs]
Application time: 0.0121625 seconds
[GC remark, 0.0066429 secs]
Application time: 0.0000618 seconds
[GC cleanup 205M->205M(256M), 0.0019510 secs]
Application time: 0.0287200 seconds
[GC pause (G1 Evacuation Pause) (young) 225M->200M(256M), 0.0022581 secs]
Application time: 0.0249150 seconds
[GC pause (G1 Evacuation Pause) (young) 225M->200M(256M), 0.0021427 secs]
Application time: 0.0248986 seconds
[GC pause (G1 Evacuation Pause) (young) (initial-mark) 225M->200M(256M), 0.0023200 secs]
[GC concurrent-root-region-scan-start]
[GC concurrent-root-region-scan-end, 0.0004382 secs]
[GC concurrent-mark-start]
Application time: 0.0651705 seconds
[GC pause (G1 Evacuation Pause) (young) 225M->200M(256M), 0.0023538 secs]
Application time: 0.0589068 seconds
[GC pause (G1 Evacuation Pause) (young) 225M->200M(256M), 0.0022813 secs]
[GC concurrent-mark-end, 0.1475490 secs]
Application time: 0.0183921 seconds
[GC remark, 0.0079435 secs]
Application time: 0.0000771 seconds
[GC cleanup 209M->209M(256M), 0.0018851 secs]
Application time: 0.0221496 seconds
[GC pause (G1 Evacuation Pause) (young) 225M->200M(256M), 0.0020090 secs]
Application time: 0.0245713 seconds
[GC pause (G1 Evacuation Pause) (young) 225M->200M(256M), 0.0020067 secs]
Application time: 0.0250759 seconds
[GC pause (G1 Evacuation Pause) (young) (initial-mark) 225M->200M(256M), 0.0022438 secs]
[GC concurrent-root-region-scan-start]
[GC concurrent-root-region-scan-end, 0.0004498 secs]
[GC concurrent-mark-start]
Application time: 0.0423984 seconds
[GC pause (G1 Evacuation Pause) (young) 225M->200M(256M), 0.0022498 secs]
Application time: 0.0368756 seconds
[GC pause (G1 Evacuation Pause) (young) 225M->200M(256M), 0.0021012 secs]
Application time: 0.0420257 seconds
[GC pause (G1 Evacuation Pause) (young) 225M->200M(256M), 0.0024585 secs]
Application time: 0.0553033 seconds
[GC pause (G1 Evacuation Pause) (young) 225M->200M(256M), 0.0024363 secs]
[GC concurrent-mark-end, 0.2112983 secs]
Application time: 0.0241138 seconds
[GC remark, 0.0083461 secs]
Application time: 0.0000545 seconds
[GC cleanup 211M->211M(256M), 0.0019765 secs]
Application time: 0.0194094 seconds
[GC pause (G1 Evacuation Pause) (young) 225M->200M(256M), 0.0022041 secs]
Application time: 0.0247853 seconds
[GC pause (G1 Evacuation Pause) (young) 225M->200M(256M), 0.0023390 secs]
Application time: 0.0257266 seconds
[GC pause (G1 Evacuation Pause) (young) (initial-mark) 225M->200M(256M), 0.0025979 secs]
[GC concurrent-root-region-scan-start]
[GC concurrent-root-region-scan-end, 0.0005217 secs]
[GC concurrent-mark-start]
Application time: 0.0409333 seconds
[GC pause (G1 Evacuation Pause) (young) 225M->200M(256M), 0.0023285 secs]
Application time: 0.0382212 seconds
[GC pause (G1 Evacuation Pause) (young) 225M->200M(256M), 0.0024835 secs]
Application time: 0.0577371 seconds
[GC pause (G1 Evacuation Pause) (young) 225M->200M(256M), 0.0026671 secs]
[GC concurrent-mark-end, 0.1910434 secs]
Application time: 0.0426943 seconds
[GC remark, 0.0062967 secs]
Application time: 0.0025970 seconds
[GC cleanup 220M->220M(256M), 0.0019674 secs]
Application time: 0.0061680 seconds
[GC pause (G1 Evacuation Pause) (young) 225M->200M(256M), 0.0024043 secs]
Application time: 0.0280692 seconds
[GC pause (G1 Evacuation Pause) (young) 225M->200M(256M), 0.0024441 secs]
Application time: 0.0253567 seconds
[GC pause (G1 Evacuation Pause) (young) (initial-mark) 225M->200M(256M), 0.0025596 secs]
[GC concurrent-root-region-scan-start]
[GC concurrent-root-region-scan-end, 0.0004351 secs]
[GC concurrent-mark-start]
Application time: 0.0399722 seconds
[GC pause (G1 Evacuation Pause) (young) 225M->200M(256M), 0.0026791 secs]
Application time: 0.0648647 seconds
[GC pause (G1 Evacuation Pause) (young) 225M->200M(256M), 0.0027036 secs]
Application time: 0.0603375 seconds
[GC pause (G1 Evacuation Pause) (young) 225M->200M(256M), 0.0026109 secs]
[GC concurrent-mark-end, 0.1914858 secs]
Application time: 0.0150013 seconds
[GC remark, 0.0068702 secs]
Application time: 0.0000727 seconds
[GC cleanup 211M->211M(256M), 0.0019560 secs]
Application time: 0.0171274 seconds
[GC pause (G1 Evacuation Pause) (young) 225M->200M(256M), 0.0025046 secs]
Application time: 0.0283711 seconds
[GC pause (G1 Evacuation Pause) (young) 225M->201M(256M), 0.0025823 secs]
Application time: 0.0251701 seconds
[GC pause (G1 Evacuation Pause) (young) (initial-mark) 226M->201M(256M), 0.0027355 secs]
[GC concurrent-root-region-scan-start]
[GC concurrent-root-region-scan-end, 0.0005292 secs]
[GC concurrent-mark-start]
Application time: 0.0426394 seconds
[GC pause (G1 Evacuation Pause) (young) 226M->200M(256M), 0.0023532 secs]
Application time: 0.0386700 seconds
[GC pause (G1 Evacuation Pause) (young) 225M->201M(256M), 0.0024069 secs]
Application time: 0.0340214 seconds
[GC pause (G1 Evacuation Pause) (young) 226M->200M(256M), 0.0022674 secs]
Application time: 0.0512120 seconds
[GC pause (G1 Evacuation Pause) (young) 225M->201M(256M), 0.0023679 secs]
Application time: 0.0513982 seconds
[GC pause (G1 Evacuation Pause) (young) 226M->201M(256M), 0.0026180 secs]
[GC concurrent-mark-end, 0.2393562 secs]
Application time: 0.0044727 seconds
[GC remark, 0.0066692 secs]
Application time: 0.0000594 seconds
[GC cleanup 203M->203M(256M), 0.0019538 secs]
Application time: 0.0272699 seconds
[GC pause (G1 Evacuation Pause) (young) 226M->200M(256M), 0.0025165 secs]
Application time: 0.0329148 seconds
[GC pause (G1 Evacuation Pause) (young) 225M->201M(256M), 0.0025598 secs]
Application time: 0.0256716 seconds
[GC pause (G1 Evacuation Pause) (young) (initial-mark) 226M->201M(256M), 0.0027268 secs]
[GC concurrent-root-region-scan-start]
[GC concurrent-root-region-scan-end, 0.0012925 secs]
[GC concurrent-mark-start]
Application time: 0.0399097 seconds
[GC pause (G1 Evacuation Pause) (young) 226M->201M(256M), 0.0022481 secs]
Application time: 0.0428779 seconds
[GC pause (G1 Evacuation Pause) (young) 226M->201M(256M), 0.0020177 secs]
Application time: 0.0546913 seconds
[GC pause (G1 Evacuation Pause) (young) 226M->201M(256M), 0.0021841 secs]
Application time: 0.0527799 seconds
[GC pause (G1 Evacuation Pause) (young) 226M->201M(256M), 0.0023768 secs]
[GC concurrent-mark-end, 0.2073042 secs]
Application time: 0.0023884 seconds
[GC remark, 0.0069082 secs]
Application time: 0.0000398 seconds
[GC cleanup 202M->202M(256M), 0.0018858 secs]
Application time: 0.0272480 seconds
[GC pause (G1 Evacuation Pause) (young) 226M->201M(256M), 0.0017817 secs]
Application time: 0.0224434 seconds
[GC pause (G1 Evacuation Pause) (young) 226M->201M(256M), 0.0017544 secs]
Application time: 0.0286575 seconds
[GC pause (G1 Evacuation Pause) (young) (initial-mark) 226M->201M(256M), 0.0020273 secs]
[GC concurrent-root-region-scan-start]
[GC concurrent-root-region-scan-end, 0.0003529 secs]
[GC concurrent-mark-start]
Application time: 0.0524493 seconds
[GC pause (G1 Evacuation Pause) (young) 226M->201M(256M), 0.0018602 secs]
Application time: 0.0525806 seconds
[GC pause (G1 Evacuation Pause) (young) 226M->201M(256M), 0.0016856 secs]
[GC concurrent-mark-end, 0.1480865 secs]
Application time: 0.0389711 seconds
[GC remark, 0.0061483 secs]
Application time: 0.0000701 seconds
[GC cleanup 220M->220M(256M), 0.0016357 secs]
Application time: 0.0087135 seconds
[GC pause (G1 Evacuation Pause) (young) 226M->201M(256M), 0.0016408 secs]
Application time: 0.0241510 seconds
[GC pause (G1 Evacuation Pause) (young) 226M->201M(256M), 0.0017841 secs]
Application time: 0.0247500 seconds
[GC pause (G1 Evacuation Pause) (young) (initial-mark) 226M->201M(256M), 0.0019926 secs]
[GC concurrent-root-region-scan-start]
[GC concurrent-root-region-scan-end, 0.0003353 secs]
[GC concurrent-mark-start]
Application time: 0.0605371 seconds
[GC pause (G1 Evacuation Pause) (young) 226M->201M(256M), 0.0018032 secs]
Application time: 0.0536760 seconds
[GC pause (G1 Evacuation Pause) (young) 226M->201M(256M), 0.0025081 secs]
[GC concurrent-mark-end, 0.1527263 secs]
Application time: 0.0335958 seconds
[GC remark, 0.0055608 secs]
Application time: 0.0000495 seconds
[GC cleanup 217M->217M(256M), 0.0015933 secs]
Application time: 0.0147998 seconds
[GC pause (G1 Evacuation Pause) (young) 226M->201M(256M), 0.0019438 secs]
Application time: 0.0236097 seconds
[GC pause (G1 Evacuation Pause) (young) 226M->201M(256M), 0.0018900 secs]
Application time: 0.0255241 seconds
[GC pause (G1 Evacuation Pause) (young) (initial-mark) 226M->201M(256M), 0.0021447 secs]
[GC concurrent-root-region-scan-start]
[GC concurrent-root-region-scan-end, 0.0004169 secs]
[GC concurrent-mark-start]
Application time: 0.0449794 seconds
[GC pause (G1 Evacuation Pause) (young) 226M->201M(256M), 0.0019342 secs]
Application time: 0.0345905 seconds
[GC pause (G1 Evacuation Pause) (young) 226M->201M(256M), 0.0070003 secs]
Application time: 0.0400694 seconds
[GC pause (G1 Evacuation Pause) (young) 226M->201M(256M), 0.0021630 secs]
Application time: 0.0404196 seconds
[GC pause (G1 Evacuation Pause) (young) 226M->201M(256M), 0.0023033 secs]
Application time: 0.0563352 seconds
[GC pause (G1 Evacuation Pause) (young) 226M->201M(256M), 0.0024013 secs]
Application time: 0.0524221 seconds
[GC pause (G1 Evacuation Pause) (young) 226M->201M(256M), 0.0023878 secs]
[GC concurrent-mark-end, 0.3153006 secs]
Application time: 0.0179061 seconds
[GC remark, 0.0067550 secs]
Application time: 0.0004132 seconds
[GC cleanup 210M->210M(256M), 0.0020274 secs]
Application time: 0.0353083 seconds
[GC pause (G1 Evacuation Pause) (young) 226M->201M(256M), 0.0028189 secs]
Application time: 0.0392608 seconds
[GC pause (G1 Evacuation Pause) (young) 226M->201M(256M), 0.0025276 secs]
Application time: 0.0319312 seconds
[GC pause (G1 Evacuation Pause) (young) (initial-mark) 226M->201M(256M), 0.0025804 secs]
[GC concurrent-root-region-scan-start]
[GC concurrent-root-region-scan-end, 0.0004082 secs]
[GC concurrent-mark-start]
Application time: 0.0483900 seconds
[GC pause (G1 Evacuation Pause) (young) 226M->201M(256M), 0.0020291 secs]
Application time: 0.0348063 seconds
[GC pause (G1 Evacuation Pause) (young) 226M->201M(256M), 0.0022662 secs]
Application time: 0.0383209 seconds
[GC pause (G1 Evacuation Pause) (young) 226M->201M(256M), 0.0021223 secs]
Application time: 0.0451627 seconds
[GC pause (G1 Evacuation Pause) (young) 226M->201M(256M), 0.0023276 secs]
Application time: 0.0569709 seconds
[GC pause (G1 Evacuation Pause) (young) 225M->201M(256M), 0.0028475 secs]
Application time: 0.0492318 seconds
[GC pause (G1 Evacuation Pause) (young) 225M->201M(256M), 0.0023436 secs]
[GC concurrent-mark-end, 0.3081649 secs]
Application time: 0.0109225 seconds
[GC remark, 0.0072292 secs]
Application time: 0.0028654 seconds
[GC cleanup 208M->208M(256M), 0.0017071 secs]
Application time: 0.0194561 seconds
[GC pause (G1 Evacuation Pause) (young) 225M->201M(256M), 0.0023255 secs]
Application time: 0.0181446 seconds
[GC pause (G1 Evacuation Pause) (mixed) 212M->200M(256M), 0.0021205 secs]
Application time: 0.0256142 seconds
[GC pause (G1 Evacuation Pause) (young) 225M->200M(256M), 0.0023336 secs]
Application time: 0.0251203 seconds
[GC pause (G1 Evacuation Pause) (young) (initial-mark) 225M->200M(256M), 0.0023373 secs]
[GC concurrent-root-region-scan-start]
[GC concurrent-root-region-scan-end, 0.0003325 secs]
[GC concurrent-mark-start]
Application time: 0.0390387 seconds
[GC pause (G1 Evacuation Pause) (young) 225M->200M(256M), 0.0021882 secs]
Application time: 0.0361380 seconds
[GC pause (G1 Evacuation Pause) (young) 225M->200M(256M), 0.0020418 secs]
Application time: 0.0515599 seconds
[GC pause (G1 Evacuation Pause) (young) 225M->200M(256M), 0.0021738 secs]
Application time: 0.0532016 seconds
[GC pause (G1 Evacuation Pause) (young) 225M->200M(256M), 0.0020718 secs]
[GC concurrent-mark-end, 0.2191941 secs]
Application time: 0.0261432 seconds
[GC remark, 0.0078868 secs]
Application time: 0.0000561 seconds
[GC cleanup 213M->213M(256M), 0.0017616 secs]
Application time: 0.0172265 seconds
[GC pause (G1 Evacuation Pause) (young) 225M->200M(256M), 0.0020737 secs]
Application time: 0.0288546 seconds
[GC pause (G1 Evacuation Pause) (young) 225M->200M(256M), 0.0020961 secs]
Application time: 0.0253945 seconds
[GC pause (G1 Evacuation Pause) (young) (initial-mark) 225M->200M(256M), 0.0023385 secs]
[GC concurrent-root-region-scan-start]
[GC concurrent-root-region-scan-end, 0.0004061 secs]
[GC concurrent-mark-start]
Application time: 0.0450576 seconds
[GC pause (G1 Evacuation Pause) (young) 225M->200M(256M), 0.0022057 secs]
Application time: 0.0414777 seconds
[GC pause (G1 Evacuation Pause) (young) 225M->200M(256M), 0.0028602 secs]
Application time: 0.0373859 seconds
[GC pause (G1 Evacuation Pause) (young) 225M->200M(256M), 0.0020155 secs]
Application time: 0.0666099 seconds
[GC pause (G1 Evacuation Pause) (young) 225M->200M(256M), 0.0020214 secs]
[GC concurrent-mark-end, 0.2265097 secs]
Application time: 0.0214462 seconds
[GC remark, 0.0063035 secs]
Application time: 0.0000552 seconds
[GC cleanup 209M->209M(256M), 0.0017732 secs]
Application time: 0.0179132 seconds
[GC pause (G1 Evacuation Pause) (young) 225M->200M(256M), 0.0020925 secs]
Application time: 0.0258868 seconds
[GC pause (G1 Evacuation Pause) (young) 225M->200M(256M), 0.0020606 secs]
Application time: 0.0282657 seconds
[GC pause (G1 Evacuation Pause) (young) (initial-mark) 225M->200M(256M), 0.0023740 secs]
[GC concurrent-root-region-scan-start]
[GC concurrent-root-region-scan-end, 0.0004010 secs]
[GC concurrent-mark-start]
Application time: 0.0466862 seconds
[GC pause (G1 Evacuation Pause) (young) 225M->200M(256M), 0.0019580 secs]
Application time: 0.0604068 seconds
[GC pause (G1 Evacuation Pause) (young) 225M->200M(256M), 0.0021392 secs]
Application time: 0.0384577 seconds
[GC pause (G1 Evacuation Pause) (young) 225M->200M(256M), 0.0020137 secs]
Application time: 0.0386213 seconds
[GC pause (G1 Evacuation Pause) (young) 225M->200M(256M), 0.0021141 secs]
[GC concurrent-mark-end, 0.2283383 secs]
Application time: 0.0230519 seconds
[GC remark, 0.0064627 secs]
Application time: 0.0000522 seconds
[GC cleanup 208M->208M(256M), 0.0017739 secs]
Application time: 0.0245271 seconds
[GC pause (G1 Evacuation Pause) (young) 225M->200M(256M), 0.0021706 secs]
Application time: 0.0248086 seconds
[GC pause (G1 Evacuation Pause) (young) 225M->200M(256M), 0.0021599 secs]
Application time: 0.0252752 seconds
[GC pause (G1 Evacuation Pause) (young) (initial-mark) 225M->200M(256M), 0.0022678 secs]
[GC concurrent-root-region-scan-start]
[GC concurrent-root-region-scan-end, 0.0003429 secs]
[GC concurrent-mark-start]
Application time: 0.0694829 seconds
[GC pause (G1 Evacuation Pause) (young) 225M->200M(256M), 0.0021610 secs]
Application time: 0.0601401 seconds
[GC pause (G1 Evacuation Pause) (young) 225M->200M(256M), 0.0022791 secs]
[GC concurrent-mark-end, 0.1563635 secs]
Application time: 0.0217545 seconds
[GC remark, 0.0074161 secs]
Application time: 0.0009604 seconds
[GC cleanup 210M->210M(256M), 0.0016628 secs]
Application time: 0.0165654 seconds
[GC pause (G1 Evacuation Pause) (young) 225M->200M(256M), 0.0021498 secs]
Application time: 0.0252787 seconds
[GC pause (G1 Evacuation Pause) (young) 225M->200M(256M), 0.0021304 secs]
Application time: 0.0253761 seconds
[GC pause (G1 Evacuation Pause) (young) (initial-mark) 225M->200M(256M), 0.0023884 secs]
[GC concurrent-root-region-scan-start]
[GC concurrent-root-region-scan-end, 0.0003316 secs]
[GC concurrent-mark-start]
Application time: 0.0634425 seconds
[GC pause (G1 Evacuation Pause) (young) 225M->200M(256M), 0.0020759 secs]
Application time: 0.0657862 seconds
[GC pause (G1 Evacuation Pause) (young) 225M->200M(256M), 0.0020616 secs]
[GC concurrent-mark-end, 0.1542258 secs]
Application time: 0.0203127 seconds
[GC remark, 0.0058525 secs]
Application time: 0.0020036 seconds
[GC cleanup 210M->210M(256M), 0.0036505 secs]
Application time: 0.0174566 seconds
[GC pause (G1 Evacuation Pause) (young) 225M->200M(256M), 0.0023104 secs]
Application time: 0.0264097 seconds
[GC pause (G1 Evacuation Pause) (young) 225M->200M(256M), 0.0021039 secs]
Application time: 0.0380120 seconds
[GC pause (G1 Evacuation Pause) (young) (initial-mark) 225M->201M(256M), 0.0023910 secs]
[GC concurrent-root-region-scan-start]
[GC concurrent-root-region-scan-end, 0.0003646 secs]
[GC concurrent-mark-start]
Application time: 0.0499277 seconds
[GC pause (G1 Evacuation Pause) (young) 226M->200M(256M), 0.0020925 secs]
Application time: 0.0442903 seconds
[GC pause (G1 Evacuation Pause) (young) 225M->201M(256M), 0.0020979 secs]
Application time: 0.0424288 seconds
[GC pause (G1 Evacuation Pause) (young) 226M->200M(256M), 0.0022597 secs]
Application time: 0.0425523 seconds
[GC pause (G1 Evacuation Pause) (young) 225M->201M(256M), 0.0022604 secs]
Application time: 0.0445238 seconds
[GC pause (G1 Evacuation Pause) (young) 226M->201M(256M), 0.0024545 secs]
Application time: 0.0426527 seconds
[GC pause (G1 Evacuation Pause) (young) 226M->201M(256M), 0.0023895 secs]
Application time: 0.0414706 seconds
[GC pause (G1 Evacuation Pause) (young) 226M->201M(256M), 0.0024168 secs]
[GC concurrent-mark-end, 0.3529769 secs]
Application time: 0.0145401 seconds
[GC remark, 0.0065201 secs]
Application time: 0.0000636 seconds
[GC cleanup 211M->211M(256M), 0.0018180 secs]
Application time: 0.0166686 seconds
[GC pause (G1 Evacuation Pause) (young) 226M->201M(256M), 0.0021931 secs]
Application time: 0.0320337 seconds
[GC pause (G1 Evacuation Pause) (young) 226M->201M(256M), 0.0031505 secs]
Application time: 0.0368943 seconds
[GC pause (G1 Evacuation Pause) (young) (initial-mark) 226M->201M(256M), 0.0031209 secs]
[GC concurrent-root-region-scan-start]
[GC concurrent-root-region-scan-end, 0.0010094 secs]
[GC concurrent-mark-start]
Application time: 0.0471688 seconds
[GC pause (G1 Evacuation Pause) (young) 226M->201M(256M), 0.0027559 secs]
Application time: 0.0658005 seconds
[GC pause (G1 Evacuation Pause) (young) 226M->201M(256M), 0.0029829 secs]
Application time: 0.0600789 seconds
[GC pause (G1 Evacuation Pause) (young) 226M->201M(256M), 0.0029491 secs]
Application time: 0.0481931 seconds
[GC pause (G1 Evacuation Pause) (young) 226M->201M(256M), 0.0029159 secs]
[GC concurrent-mark-end, 0.2517112 secs]
Application time: 0.0099187 seconds
[GC remark, 0.0080918 secs]
Application time: 0.0000492 seconds
[GC cleanup 205M->205M(256M), 0.0019927 secs]
Application time: 0.0264424 seconds
[GC pause (G1 Evacuation Pause) (young) 226M->201M(256M), 0.0030759 secs]
Application time: 0.0281236 seconds
[GC pause (G1 Evacuation Pause) (young) 226M->201M(256M), 0.0027717 secs]
Application time: 0.0278759 seconds
[GC pause (G1 Evacuation Pause) (young) (initial-mark) 226M->201M(256M), 0.0029803 secs]
[GC concurrent-root-region-scan-start]
[GC concurrent-root-region-scan-end, 0.0004506 secs]
[GC concurrent-mark-start]
Application time: 0.0654006 seconds
[GC pause (G1 Evacuation Pause) (young) 226M->201M(256M), 0.0026741 secs]
Application time: 0.0607198 seconds
[GC pause (G1 Evacuation Pause) (young) 226M->201M(256M), 0.0028586 secs]
[GC concurrent-mark-end, 0.1853951 secs]
Application time: 0.0533298 seconds
[GC remark, 0.0065615 secs]
Application time: 0.0000788 seconds
[GC cleanup 223M->223M(256M), 0.0019080 secs]
Application time: 0.0055474 seconds
[GC pause (G1 Evacuation Pause) (young) 226M->201M(256M), 0.0023333 secs]
Application time: 0.0322746 seconds
[GC pause (G1 Evacuation Pause) (young) 226M->201M(256M), 0.0027861 secs]
Application time: 0.0283972 seconds
[GC pause (G1 Evacuation Pause) (young) (initial-mark) 226M->201M(256M), 0.0028969 secs]
[GC concurrent-root-region-scan-start]
[GC concurrent-root-region-scan-end, 0.0004158 secs]
[GC concurrent-mark-start]
Application time: 0.0670671 seconds
[GC pause (G1 Evacuation Pause) (young) 226M->201M(256M), 0.0039146 secs]
Application time: 0.0604107 seconds
[GC pause (G1 Evacuation Pause) (young) 226M->201M(256M), 0.0028713 secs]
[GC concurrent-mark-end, 0.1829319 secs]
Application time: 0.0482224 seconds
[GC remark, 0.0069603 secs]
Application time: 0.0000698 seconds
[GC cleanup 218M->218M(256M), 0.0021266 secs]
Application time: 0.0201171 seconds
[GC pause (G1 Evacuation Pause) (young) 226M->201M(256M), 0.0026380 secs]
Application time: 0.0333367 seconds
[GC pause (G1 Evacuation Pause) (young) 226M->201M(256M), 0.0024425 secs]
Application time: 0.0313089 seconds
[GC pause (G1 Evacuation Pause) (young) (initial-mark) 226M->201M(256M), 0.0026826 secs]
[GC concurrent-root-region-scan-start]
[GC concurrent-root-region-scan-end, 0.0003794 secs]
[GC concurrent-mark-start]
Application time: 0.0507829 seconds
[GC pause (G1 Evacuation Pause) (young) 226M->201M(256M), 0.0023034 secs]
Application time: 0.0396918 seconds
[GC pause (G1 Evacuation Pause) (young) 226M->201M(256M), 0.0023166 secs]
Application time: 0.0634321 seconds
[GC pause (G1 Evacuation Pause) (young) 226M->201M(256M), 0.0025002 secs]
[GC concurrent-mark-end, 0.2209302 secs]
Application time: 0.0571771 seconds
[GC remark, 0.0056731 secs]
Application time: 0.0000643 seconds
[GC cleanup 224M->224M(256M), 0.0017889 secs]
Application time: 0.0057310 seconds
[GC pause (G1 Evacuation Pause) (young) 226M->201M(256M), 0.0019888 secs]
Application time: 0.0289325 seconds
[GC pause (G1 Evacuation Pause) (young) 226M->201M(256M), 0.0022120 secs]
Application time: 0.0274700 seconds
[GC pause (G1 Evacuation Pause) (young) (initial-mark) 226M->201M(256M), 0.0025701 secs]
[GC concurrent-root-region-scan-start]
[GC concurrent-root-region-scan-end, 0.0003791 secs]
[GC concurrent-mark-start]
Application time: 0.0446492 seconds
[GC pause (G1 Evacuation Pause) (young) 226M->201M(256M), 0.0023281 secs]
Application time: 0.0435286 seconds
[GC pause (G1 Evacuation Pause) (young) 226M->201M(256M), 0.0023085 secs]
Application time: 0.0618942 seconds
[GC pause (G1 Evacuation Pause) (young) 226M->201M(256M), 0.0022168 secs]
[GC concurrent-mark-end, 0.2175248 secs]
Application time: 0.0595222 seconds
[GC remark, 0.0057696 secs]
Application time: 0.0000537 seconds
[GC cleanup 224M->224M(256M), 0.0017936 secs]
Application time: 0.0046784 seconds
[GC pause (G1 Evacuation Pause) (young) 226M->201M(256M), 0.0020994 secs]
Application time: 0.0311363 seconds
[GC pause (G1 Evacuation Pause) (young) 226M->201M(256M), 0.0027539 secs]
Application time: 0.0305701 seconds
[GC pause (G1 Evacuation Pause) (young) (initial-mark) 226M->201M(256M), 0.0025475 secs]
[GC concurrent-root-region-scan-start]
[GC concurrent-root-region-scan-end, 0.0003875 secs]
[GC concurrent-mark-start]
Application time: 0.0624372 seconds
[GC pause (G1 Evacuation Pause) (young) 226M->201M(256M), 0.0029592 secs]
Application time: 0.0569894 seconds
[GC pause (G1 Evacuation Pause) (young) 225M->201M(256M), 0.0028248 secs]
[GC concurrent-mark-end, 0.1739347 secs]
Application time: 0.0480598 seconds
[GC remark, 0.0065970 secs]
Application time: 0.0000844 seconds
[GC cleanup 223M->223M(256M), 0.0019770 secs]
Application time: 0.0058645 seconds
[GC pause (G1 Evacuation Pause) (young) 225M->201M(256M), 0.0024029 secs]
Application time: 0.0129833 seconds
[GC pause (G1 Evacuation Pause) (mixed) 212M->200M(256M), 0.0026543 secs]
Application time: 0.0272811 seconds
[GC pause (G1 Evacuation Pause) (young) 225M->200M(256M), 0.0083750 secs]
Application time: 0.0279998 seconds
[GC pause (G1 Evacuation Pause) (young) (initial-mark) 225M->200M(256M), 0.0028825 secs]
[GC concurrent-root-region-scan-start]
[GC concurrent-root-region-scan-end, 0.0005493 secs]
[GC concurrent-mark-start]
Application time: 0.0428491 seconds
[GC pause (G1 Evacuation Pause) (young) 225M->200M(256M), 0.0028271 secs]
Application time: 0.0451222 seconds
[GC pause (G1 Evacuation Pause) (young) 225M->200M(256M), 0.0028781 secs]
Application time: 0.0423930 seconds
[GC pause (G1 Evacuation Pause) (young) 225M->200M(256M), 0.0028714 secs]
Application time: 0.0633420 seconds
[GC pause (G1 Evacuation Pause) (young) 225M->200M(256M), 0.0026037 secs]
[GC concurrent-mark-end, 0.2574288 secs]
Application time: 0.0363234 seconds
[GC remark, 0.0068702 secs]
Application time: 0.0000976 seconds
[GC cleanup 216M->216M(256M), 0.0020951 secs]
Application time: 0.0115339 seconds
[GC pause (G1 Evacuation Pause) (young) 225M->200M(256M), 0.0026126 secs]
Application time: 0.0309581 seconds
[GC pause (G1 Evacuation Pause) (young) 225M->200M(256M), 0.0025594 secs]
Application time: 0.0280040 seconds
[GC pause (G1 Evacuation Pause) (young) (initial-mark) 225M->200M(256M), 0.0033222 secs]
[GC concurrent-root-region-scan-start]
[GC concurrent-root-region-scan-end, 0.0005857 secs]
[GC concurrent-mark-start]
Application time: 0.0433527 seconds
[GC pause (G1 Evacuation Pause) (young) 225M->200M(256M), 0.0031481 secs]
Application time: 0.0457160 seconds
[GC pause (G1 Evacuation Pause) (young) 225M->200M(256M), 0.0029532 secs]
Application time: 0.0425738 seconds
[GC pause (G1 Evacuation Pause) (young) 225M->200M(256M), 0.0028060 secs]
Application time: 0.0378307 seconds
[GC pause (G1 Evacuation Pause) (young) 225M->200M(256M), 0.0028472 secs]
Application time: 0.0424510 seconds
[GC pause (G1 Evacuation Pause) (young) 225M->200M(256M), 0.0028560 secs]
Application time: 0.0404222 seconds
[GC pause (G1 Evacuation Pause) (young) 225M->200M(256M), 0.0027168 secs]
Application time: 0.0385337 seconds
[GC pause (G1 Evacuation Pause) (young) 225M->200M(256M), 0.0026855 secs]
[GC concurrent-mark-end, 0.3452417 secs]
Application time: 0.0262928 seconds
[GC remark, 0.0063724 secs]
Application time: 0.0000606 seconds
[GC cleanup 216M->216M(256M), 0.0018682 secs]
Application time: 0.0159285 seconds
[GC pause (G1 Evacuation Pause) (young) 225M->200M(256M), 0.0025856 secs]
Application time: 0.0248926 seconds
[GC pause (G1 Evacuation Pause) (young) 225M->200M(256M), 0.0025704 secs]
Application time: 0.0256312 seconds
[GC pause (G1 Evacuation Pause) (young) (initial-mark) 225M->200M(256M), 0.0028211 secs]
[GC concurrent-root-region-scan-start]
[GC concurrent-root-region-scan-end, 0.0004589 secs]
[GC concurrent-mark-start]
Application time: 0.0647147 seconds
[GC pause (G1 Evacuation Pause) (young) 225M->200M(256M), 0.0027823 secs]
Application time: 0.0589720 seconds
[GC pause (G1 Evacuation Pause) (young) 225M->200M(256M), 0.0029794 secs]
[GC concurrent-mark-end, 0.1608930 secs]
Application time: 0.0309001 seconds
[GC remark, 0.0071544 secs]
Application time: 0.0006736 seconds
[GC cleanup 214M->214M(256M), 0.0020700 secs]
Application time: 0.0180101 seconds
[GC pause (G1 Evacuation Pause) (young) 225M->200M(256M), 0.0031206 secs]
Application time: 0.0284514 seconds
[GC pause (G1 Evacuation Pause) (young) 225M->200M(256M), 0.0027912 secs]
Application time: 0.0292736 seconds
[GC pause (G1 Evacuation Pause) (young) (initial-mark) 225M->200M(256M), 0.0030529 secs]
[GC concurrent-root-region-scan-start]
[GC concurrent-root-region-scan-end, 0.0004308 secs]
[GC concurrent-mark-start]
Application time: 0.0438751 seconds
[GC pause (G1 Evacuation Pause) (young) 225M->200M(256M), 0.0026667 secs]
Application time: 0.0442634 seconds
[GC pause (G1 Evacuation Pause) (young) 225M->200M(256M), 0.0029711 secs]
Application time: 0.0792949 seconds
[GC pause (G1 Evacuation Pause) (young) 225M->200M(256M), 0.0029243 secs]
[GC concurrent-mark-end, 0.2383070 secs]
Application time: 0.0547332 seconds
[GC remark, 0.0071561 secs]
Application time: 0.0000928 seconds
[GC cleanup 225M->225M(256M), 0.0022865 secs]
Application time: 0.0033453 seconds
[GC pause (G1 Evacuation Pause) (young) 225M->201M(256M), 0.0024395 secs]
Application time: 0.0264417 seconds
[GC pause (G1 Evacuation Pause) (young) 226M->200M(256M), 0.0028617 secs]
Application time: 0.0272847 seconds
[GC pause (G1 Evacuation Pause) (young) (initial-mark) 225M->201M(256M), 0.0031891 secs]
[GC concurrent-root-region-scan-start]
[GC concurrent-root-region-scan-end, 0.0004851 secs]
[GC concurrent-mark-start]
Application time: 0.0407579 seconds
[GC pause (G1 Evacuation Pause) (young) 226M->200M(256M), 0.0040939 secs]
Application time: 0.0609396 seconds
[GC pause (G1 Evacuation Pause) (young) 225M->201M(256M), 0.0032119 secs]
Application time: 0.0571995 seconds
[GC pause (G1 Evacuation Pause) (young) 226M->201M(256M), 0.0030140 secs]
[GC concurrent-mark-end, 0.2196094 secs]
Application time: 0.0454900 seconds
[GC remark, 0.0123052 secs]
Application time: 0.0000730 seconds
[GC cleanup 221M->221M(256M), 0.0020845 secs]
Application time: 0.0065030 seconds
[GC pause (G1 Evacuation Pause) (young) 226M->201M(256M), 0.0032473 secs]
Application time: 0.0127126 seconds
[GC pause (G1 Evacuation Pause) (mixed) 212M->200M(256M), 0.0031568 secs]
Application time: 0.0286966 seconds
[GC pause (G1 Evacuation Pause) (young) 225M->200M(256M), 0.0040430 secs]
Application time: 0.0427510 seconds
[GC pause (G1 Evacuation Pause) (young) (initial-mark) 225M->200M(256M), 0.0050413 secs]
[GC concurrent-root-region-scan-start]
[GC concurrent-root-region-scan-end, 0.0003659 secs]
[GC concurrent-mark-start]
Application time: 0.0578731 seconds
[GC pause (G1 Evacuation Pause) (young) 225M->200M(256M), 0.0033341 secs]
Application time: 0.0419250 seconds
[GC pause (G1 Evacuation Pause) (young) 225M->200M(256M), 0.0029776 secs]
Application time: 0.0391941 seconds
[GC pause (G1 Evacuation Pause) (young) 225M->200M(256M), 0.0029073 secs]
Application time: 0.0421761 seconds
[GC pause (G1 Evacuation Pause) (young) 225M->200M(256M), 0.0029252 secs]
Application time: 0.0463525 seconds
[GC pause (G1 Evacuation Pause) (young) 225M->200M(256M), 0.0029922 secs]
Application time: 0.0411156 seconds
[GC pause (G1 Evacuation Pause) (young) 225M->200M(256M), 0.0033330 secs]
[GC concurrent-mark-end, 0.3300372 secs]
Application time: 0.0272851 seconds
[GC remark, 0.0067566 secs]
Application time: 0.0000558 seconds
[GC cleanup 212M->212M(256M), 0.0020422 secs]
Application time: 0.0198954 seconds
[GC pause (G1 Evacuation Pause) (young) 225M->200M(256M), 0.0027197 secs]
Application time: 0.0114641 seconds
[GC pause (G1 Evacuation Pause) (mixed) 211M->200M(256M), 0.0032432 secs]
Application time: 0.0334423 seconds
[GC pause (G1 Evacuation Pause) (young) 226M->200M(256M), 0.0036359 secs]
Application time: 0.0262873 seconds
[GC pause (G1 Evacuation Pause) (young) (initial-mark) 225M->200M(256M), 0.0027933 secs]
[GC concurrent-root-region-scan-start]
[GC concurrent-root-region-scan-end, 0.0004388 secs]
[GC concurrent-mark-start]
Application time: 0.0624834 seconds
[GC pause (G1 Evacuation Pause) (young) 225M->200M(256M), 0.0029070 secs]
Application time: 0.0585632 seconds
[GC pause (G1 Evacuation Pause) (young) 225M->200M(256M), 0.0029445 secs]
Application time: 0.0409624 seconds
[GC pause (G1 Evacuation Pause) (young) 225M->200M(256M), 0.0025610 secs]
Application time: 0.0139300 seconds
[GC concurrent-mark-end, 0.1944206 secs]
Application time: 0.0070456 seconds
[GC remark, 0.0064536 secs]
Application time: 0.0000799 seconds
[GC cleanup 213M->213M(256M), 0.0019468 secs]
Application time: 0.0132029 seconds
[GC pause (G1 Evacuation Pause) (young) 225M->200M(256M), 0.0027846 secs]
Application time: 0.0298087 seconds
[GC pause (G1 Evacuation Pause) (young) 225M->200M(256M), 0.0027195 secs]
Application time: 0.0271546 seconds
[GC pause (G1 Evacuation Pause) (young) (initial-mark) 225M->200M(256M), 0.0029772 secs]
[GC concurrent-root-region-scan-start]
[GC concurrent-root-region-scan-end, 0.0004216 secs]
[GC concurrent-mark-start]
Application time: 0.0444007 seconds
[GC pause (G1 Evacuation Pause) (young) 225M->200M(256M), 0.0027030 secs]
Application time: 0.0393179 seconds
[GC pause (G1 Evacuation Pause) (young) 225M->200M(256M), 0.0025359 secs]
Application time: 0.0445630 seconds
[GC pause (G1 Evacuation Pause) (young) 225M->200M(256M), 0.0026286 secs]
Application time: 0.0397959 seconds
[GC pause (G1 Evacuation Pause) (young) 225M->200M(256M), 0.0028888 secs]
Application time: 0.0436787 seconds
[GC pause (G1 Evacuation Pause) (young) 225M->200M(256M), 0.0027915 secs]
[GC concurrent-mark-end, 0.2813244 secs]
Application time: 0.0502381 seconds
[GC remark, 0.0080657 secs]
Application time: 0.0000658 seconds
[GC cleanup 223M->223M(256M), 0.0021380 secs]
Application time: 0.0041072 seconds
[GC pause (G1 Evacuation Pause) (young) 225M->200M(256M), 0.0026949 secs]
Application time: 0.0278826 seconds
[GC pause (G1 Evacuation Pause) (young) 225M->200M(256M), 0.0027978 secs]
Application time: 0.0264735 seconds
[GC pause (G1 Evacuation Pause) (young) (initial-mark) 225M->200M(256M), 0.0027824 secs]
[GC concurrent-root-region-scan-start]
[GC concurrent-root-region-scan-end, 0.0004737 secs]
[GC concurrent-mark-start]
Application time: 0.0668647 seconds
[GC pause (G1 Evacuation Pause) (young) 225M->200M(256M), 0.0031314 secs]
Application time: 0.0603549 seconds
[GC pause (G1 Evacuation Pause) (young) 225M->200M(256M), 0.0029203 secs]
Application time: 0.0388591 seconds
[GC pause (G1 Evacuation Pause) (young) 225M->200M(256M), 0.0033338 secs]
[GC concurrent-mark-end, 0.2138005 secs]
Application time: 0.0311653 seconds
[GC remark, 0.0090239 secs]
Application time: 0.0000641 seconds
[GC cleanup 210M->210M(256M), 0.0021743 secs]
Application time: 0.0192896 seconds
[GC pause (G1 Evacuation Pause) (young) 225M->200M(256M), 0.0038913 secs]
Application time: 0.0273127 seconds
[GC pause (G1 Evacuation Pause) (young) 225M->200M(256M), 0.0029339 secs]
Application time: 0.0271516 seconds
[GC pause (G1 Evacuation Pause) (young) (initial-mark) 225M->200M(256M), 0.0031870 secs]
[GC concurrent-root-region-scan-start]
[GC concurrent-root-region-scan-end, 0.0005227 secs]
[GC concurrent-mark-start]
Application time: 0.0403407 seconds
[GC pause (G1 Evacuation Pause) (young) 225M->200M(256M), 0.0025739 secs]
Application time: 0.0431647 seconds
[GC pause (G1 Evacuation Pause) (young) 225M->200M(256M), 0.0028447 secs]
Application time: 0.0417562 seconds
[GC pause (G1 Evacuation Pause) (young) 225M->200M(256M), 0.0028800 secs]
Application time: 0.0406109 seconds
[GC pause (G1 Evacuation Pause) (young) 225M->200M(256M), 0.0030109 secs]
Application time: 0.0413045 seconds
[GC pause (G1 Evacuation Pause) (young) 225M->200M(256M), 0.0028435 secs]
Application time: 0.0402840 seconds
[GC pause (G1 Evacuation Pause) (young) 225M->200M(256M), 0.0031164 secs]
Application time: 0.0457208 seconds
[GC pause (G1 Evacuation Pause) (young) 225M->200M(256M), 0.0026784 secs]
Application time: 0.0422156 seconds
[GC pause (G1 Evacuation Pause) (young) 225M->200M(256M), 0.0029983 secs]
[GC concurrent-mark-end, 0.3796074 secs]
Application time: 0.0057827 seconds
[GC remark, 0.0070449 secs]
Application time: 0.0000939 seconds
[GC cleanup 203M->203M(256M), 0.0019610 secs]
Application time: 0.0304380 seconds
[GC pause (G1 Evacuation Pause) (young) 225M->200M(256M), 0.0028518 secs]
Application time: 0.0264941 seconds
[GC pause (G1 Evacuation Pause) (young) 225M->200M(256M), 0.0031337 secs]
Application time: 0.0268679 seconds
[GC pause (G1 Evacuation Pause) (young) (initial-mark) 225M->200M(256M), 0.0028400 secs]
[GC concurrent-root-region-scan-start]
[GC concurrent-root-region-scan-end, 0.0005201 secs]
[GC concurrent-mark-start]
Application time: 0.0414946 seconds
[GC pause (G1 Evacuation Pause) (young) 225M->200M(256M), 0.0029956 secs]
Application time: 0.0632474 seconds
[GC pause (G1 Evacuation Pause) (young) 225M->200M(256M), 0.0032025 secs]
Application time: 0.0572317 seconds
[GC pause (G1 Evacuation Pause) (young) 225M->200M(256M), 0.0027494 secs]
Application time: 0.0423490 seconds
[GC pause (G1 Evacuation Pause) (young) 225M->200M(256M), 0.0029382 secs]
[GC concurrent-mark-end, 0.2386827 secs]
Application time: 0.0129565 seconds
[GC remark, 0.0070729 secs]
Application time: 0.0001302 seconds
[GC cleanup 209M->209M(256M), 0.0020916 secs]
Application time: 0.0186243 seconds
[GC pause (G1 Evacuation Pause) (young) 225M->200M(256M), 0.0028625 secs]
Application time: 0.0283307 seconds
[GC pause (G1 Evacuation Pause) (young) 225M->200M(256M), 0.0026350 secs]
Application time: 0.0284232 seconds
[GC pause (G1 Evacuation Pause) (young) (initial-mark) 225M->200M(256M), 0.0032162 secs]
[GC concurrent-root-region-scan-start]
[GC concurrent-root-region-scan-end, 0.0005098 secs]
[GC concurrent-mark-start]
Application time: 0.0450696 seconds
[GC pause (G1 Evacuation Pause) (young) 225M->200M(256M), 0.0029887 secs]
Application time: 0.0410574 seconds
[GC pause (G1 Evacuation Pause) (young) 225M->200M(256M), 0.0025409 secs]
Application time: 0.0456775 seconds
[GC pause (G1 Evacuation Pause) (young) 225M->200M(256M), 0.0027869 secs]
Application time: 0.0376022 seconds
[GC pause (G1 Evacuation Pause) (young) 225M->200M(256M), 0.0034953 secs]
Application time: 0.0551482 seconds
[GC pause (G1 Evacuation Pause) (young) 225M->200M(256M), 0.0027271 secs]
[GC concurrent-mark-end, 0.2716396 secs]
Application time: 0.0294923 seconds
[GC remark, 0.0067788 secs]
Application time: 0.0000376 seconds
[GC cleanup 213M->213M(256M), 0.0019529 secs]
Application time: 0.0185311 seconds
[GC pause (G1 Evacuation Pause) (young) 225M->201M(256M), 0.0028583 secs]
Application time: 0.0278658 seconds
[GC pause (G1 Evacuation Pause) (young) 226M->201M(256M), 0.0026444 secs]
Application time: 0.0277902 seconds
[GC pause (G1 Evacuation Pause) (young) (initial-mark) 226M->201M(256M), 0.0028455 secs]
[GC concurrent-root-region-scan-start]
[GC concurrent-root-region-scan-end, 0.0005088 secs]
[GC concurrent-mark-start]
Application time: 0.0506291 seconds
[GC pause (G1 Evacuation Pause) (young) 226M->201M(256M), 0.0028628 secs]
Application time: 0.0406588 seconds
[GC pause (G1 Evacuation Pause) (young) 226M->201M(256M), 0.0031160 secs]
Application time: 0.0397476 seconds
[GC pause (G1 Evacuation Pause) (young) 226M->201M(256M), 0.0028485 secs]
Application time: 0.0441667 seconds
[GC pause (G1 Evacuation Pause) (young) 226M->201M(256M), 0.0026978 secs]
Application time: 0.0381681 seconds
[GC pause (G1 Evacuation Pause) (young) 226M->201M(256M), 0.0027217 secs]
Application time: 0.0558162 seconds
[GC pause (G1 Evacuation Pause) (young) 226M->201M(256M), 0.0030028 secs]
[GC concurrent-mark-end, 0.3182481 secs]
Application time: 0.0215335 seconds
[GC remark, 0.0066893 secs]
Application time: 0.0000795 seconds
[GC cleanup 216M->216M(256M), 0.0019200 secs]
Application time: 0.0168644 seconds
[GC pause (G1 Evacuation Pause) (young) 226M->201M(256M), 0.0024849 secs]
Application time: 0.0258949 seconds
[GC pause (G1 Evacuation Pause) (young) 226M->201M(256M), 0.0024872 secs]
Application time: 0.0260478 seconds
[GC pause (G1 Evacuation Pause) (young) (initial-mark) 226M->201M(256M), 0.0030368 secs]
[GC concurrent-root-region-scan-start]
[GC concurrent-root-region-scan-end, 0.0004859 secs]
[GC concurrent-mark-start]
Application time: 0.0501796 seconds
[GC pause (G1 Evacuation Pause) (young) 226M->201M(256M), 0.0029194 secs]
Application time: 0.0606861 seconds
[GC pause (G1 Evacuation Pause) (young) 226M->201M(256M), 0.0034426 secs]
Application time: 0.0710250 seconds
[GC pause (G1 Evacuation Pause) (young) 226M->201M(256M), 0.0028742 secs]
[GC concurrent-mark-end, 0.2050700 secs]
Application time: 0.0050694 seconds
[GC remark, 0.0066405 secs]
Application time: 0.0000764 seconds
[GC cleanup 204M->204M(256M), 0.0020056 secs]
Application time: 0.0238874 seconds
[GC pause (G1 Evacuation Pause) (young) 226M->201M(256M), 0.0028200 secs]
Application time: 0.0292853 seconds
[GC pause (G1 Evacuation Pause) (young) 226M->201M(256M), 0.0027248 secs]
Application time: 0.0265053 seconds
[GC pause (G1 Evacuation Pause) (young) (initial-mark) 226M->201M(256M), 0.0030402 secs]
[GC concurrent-root-region-scan-start]
[GC concurrent-root-region-scan-end, 0.0005810 secs]
[GC concurrent-mark-start]
Application time: 0.0438660 seconds
[GC pause (G1 Evacuation Pause) (young) 226M->201M(256M), 0.0028147 secs]
Application time: 0.0384464 seconds
[GC pause (G1 Evacuation Pause) (young) 226M->201M(256M), 0.0027344 secs]
Application time: 0.0386565 seconds
[GC pause (G1 Evacuation Pause) (young) 226M->201M(256M), 0.0026917 secs]
Application time: 0.0591511 seconds
[GC pause (G1 Evacuation Pause) (young) 226M->201M(256M), 0.0027088 secs]
[GC concurrent-mark-end, 0.2490999 secs]
Application time: 0.0528258 seconds
[GC remark, 0.0066432 secs]
Application time: 0.0000989 seconds
[GC cleanup 225M->225M(256M), 0.0022032 secs]
Application time: 0.0015655 seconds
[GC pause (G1 Evacuation Pause) (young) 226M->201M(256M), 0.0024358 secs]
Application time: 0.0271510 seconds
[GC pause (G1 Evacuation Pause) (young) 226M->201M(256M), 0.0024918 secs]
Application time: 0.0259075 seconds
[GC pause (G1 Evacuation Pause) (young) (initial-mark) 226M->201M(256M), 0.0028948 secs]
[GC concurrent-root-region-scan-start]
[GC concurrent-root-region-scan-end, 0.0004903 secs]
[GC concurrent-mark-start]
Application time: 0.0412531 seconds
[GC pause (G1 Evacuation Pause) (young) 226M->201M(256M), 0.0026820 secs]
Application time: 0.0427711 seconds
[GC pause (G1 Evacuation Pause) (young) 226M->201M(256M), 0.0030109 secs]
Application time: 0.0418959 seconds
[GC pause (G1 Evacuation Pause) (young) 226M->201M(256M), 0.0027964 secs]
Application time: 0.0492010 seconds
[GC pause (G1 Evacuation Pause) (young) 226M->201M(256M), 0.0033746 secs]
Application time: 0.0408442 seconds
[GC pause (G1 Evacuation Pause) (young) 226M->201M(256M), 0.0028295 secs]
Application time: 0.0598434 seconds
[GC pause (G1 Evacuation Pause) (young) 226M->201M(256M), 0.0029381 secs]
[GC concurrent-mark-end, 0.3055527 secs]
Application time: 0.0015144 seconds
[GC remark, 0.0068941 secs]
Application time: 0.0000610 seconds
[GC cleanup 202M->202M(256M), 0.0019416 secs]
Application time: 0.0259025 seconds
[GC pause (G1 Evacuation Pause) (young) 226M->201M(256M), 0.0026669 secs]
Application time: 0.0254937 seconds
[GC pause (G1 Evacuation Pause) (young) 226M->201M(256M), 0.0026022 secs]
Application time: 0.0261262 seconds
[GC pause (G1 Evacuation Pause) (young) (initial-mark) 226M->201M(256M), 0.0029194 secs]
[GC concurrent-root-region-scan-start]
[GC concurrent-root-region-scan-end, 0.0005191 secs]
[GC concurrent-mark-start]
Application time: 0.0541628 seconds
[GC pause (G1 Evacuation Pause) (young) 226M->201M(256M), 0.0025484 secs]
Application time: 0.0404198 seconds
[GC pause (G1 Evacuation Pause) (young) 226M->201M(256M), 0.0025207 secs]
Application time: 0.0538985 seconds
[GC pause (G1 Evacuation Pause) (young) 226M->201M(256M), 0.0026637 secs]
Application time: 0.0577500 seconds
[GC pause (G1 Evacuation Pause) (young) 226M->201M(256M), 0.0027575 secs]
[GC concurrent-mark-end, 0.2315274 secs]
Application time: 0.0133971 seconds
[GC remark, 0.0067835 secs]
Application time: 0.0000797 seconds
[GC cleanup 207M->207M(256M), 0.0020807 secs]
Application time: 0.0270391 seconds
[GC pause (G1 Evacuation Pause) (young) 226M->201M(256M), 0.0026818 secs]
Application time: 0.0258702 seconds
[GC pause (G1 Evacuation Pause) (young) 225M->201M(256M), 0.0026044 secs]
Application time: 0.0274143 seconds
[GC pause (G1 Evacuation Pause) (young) (initial-mark) 225M->201M(256M), 0.0029895 secs]
[GC concurrent-root-region-scan-start]
[GC concurrent-root-region-scan-end, 0.0005480 secs]
[GC concurrent-mark-start]
Application time: 0.0391291 seconds
[GC pause (G1 Evacuation Pause) (young) 225M->201M(256M), 0.0029408 secs]
Application time: 0.0438902 seconds
[GC pause (G1 Evacuation Pause) (young) 225M->201M(256M), 0.0028942 secs]
Application time: 0.0363671 seconds
[GC pause (G1 Evacuation Pause) (young) 225M->201M(256M), 0.0027624 secs]
Application time: 0.0360661 seconds
[GC pause (G1 Evacuation Pause) (young) 225M->201M(256M), 0.0027893 secs]
Application time: 0.0534276 seconds
[GC pause (G1 Evacuation Pause) (young) 225M->201M(256M), 0.0030457 secs]
[GC concurrent-mark-end, 0.2700196 secs]
Application time: 0.0409933 seconds
[GC remark, 0.0069648 secs]
Application time: 0.0000551 seconds
[GC cleanup 219M->219M(256M), 0.0020801 secs]
Application time: 0.0109802 seconds
[GC pause (G1 Evacuation Pause) (young) 225M->201M(256M), 0.0032869 secs]
Application time: 0.0124932 seconds
[GC pause (G1 Evacuation Pause) (mixed) 212M->200M(256M), 0.0023224 secs]
Application time: 0.0343785 seconds
[GC pause (G1 Evacuation Pause) (young) 225M->200M(256M), 0.0027853 secs]
Application time: 0.0268504 seconds
[GC pause (G1 Evacuation Pause) (young) (initial-mark) 225M->200M(256M), 0.0030499 secs]
[GC concurrent-root-region-scan-start]
[GC concurrent-root-region-scan-end, 0.0004640 secs]
[GC concurrent-mark-start]
Application time: 0.0443277 seconds
[GC pause (G1 Evacuation Pause) (young) 225M->200M(256M), 0.0026812 secs]
Application time: 0.0438818 seconds
[GC pause (G1 Evacuation Pause) (young) 225M->200M(256M), 0.0025210 secs]
Application time: 0.0555755 seconds
[GC pause (G1 Evacuation Pause) (young) 225M->200M(256M), 0.0024950 secs]
Application time: 0.0431380 seconds
[GC pause (G1 Evacuation Pause) (young) 225M->200M(256M), 0.0025892 secs]
Application time: 0.0417920 seconds
[GC pause (G1 Evacuation Pause) (young) 225M->200M(256M), 0.0028290 secs]
Application time: 0.0395295 seconds
[GC pause (G1 Evacuation Pause) (young) 225M->200M(256M), 0.0030708 secs]
[GC concurrent-mark-end, 0.3029439 secs]
Application time: 0.0120146 seconds
[GC remark, 0.0069158 secs]
Application time: 0.0000669 seconds
[GC cleanup 209M->209M(256M), 0.0021008 secs]
Application time: 0.0214045 seconds
[GC pause (G1 Evacuation Pause) (young) 225M->200M(256M), 0.0031715 secs]
Application time: 0.0315998 seconds
[GC pause (G1 Evacuation Pause) (young) 225M->200M(256M), 0.0029372 secs]
Application time: 0.0283533 seconds
[GC pause (G1 Evacuation Pause) (young) (initial-mark) 225M->200M(256M), 0.0027884 secs]
[GC concurrent-root-region-scan-start]
[GC concurrent-root-region-scan-end, 0.0005156 secs]
[GC concurrent-mark-start]
Application time: 0.0400875 seconds
[GC pause (G1 Evacuation Pause) (young) 225M->200M(256M), 0.0027340 secs]
Application time: 0.0464634 seconds
[GC pause (G1 Evacuation Pause) (young) 225M->200M(256M), 0.0029308 secs]
Application time: 0.0434209 seconds
[GC pause (G1 Evacuation Pause) (young) 225M->200M(256M), 0.0028919 secs]
Application time: 0.0552937 seconds
[GC pause (G1 Evacuation Pause) (young) 225M->200M(256M), 0.0032642 secs]
Application time: 0.0491720 seconds
[GC pause (G1 Evacuation Pause) (young) 225M->200M(256M), 0.0031083 secs]
[GC concurrent-mark-end, 0.2830250 secs]
Application time: 0.0222749 seconds
[GC remark, 0.0071347 secs]
Application time: 0.0000683 seconds
[GC cleanup 211M->211M(256M), 0.0020130 secs]
Application time: 0.0198554 seconds
[GC pause (G1 Evacuation Pause) (young) 225M->200M(256M), 0.0028669 secs]
Application time: 0.0256604 seconds
[GC pause (G1 Evacuation Pause) (young) 225M->200M(256M), 0.0027762 secs]
Application time: 0.0280224 seconds
[GC pause (G1 Evacuation Pause) (young) (initial-mark) 225M->200M(256M), 0.0038603 secs]
[GC concurrent-root-region-scan-start]
[GC concurrent-root-region-scan-end, 0.0005920 secs]
[GC concurrent-mark-start]
Application time: 0.0424344 seconds
[GC pause (G1 Evacuation Pause) (young) 225M->200M(256M), 0.0028357 secs]
Application time: 0.0576829 seconds
[GC pause (G1 Evacuation Pause) (young) 225M->200M(256M), 0.0027887 secs]
Application time: 0.0569464 seconds
[GC pause (G1 Evacuation Pause) (young) 225M->200M(256M), 0.0027269 secs]
[GC concurrent-mark-end, 0.1972322 secs]
Application time: 0.0269126 seconds
[GC remark, 0.0068446 secs]
Application time: 0.0000484 seconds
[GC cleanup 212M->212M(256M), 0.0020652 secs]
Application time: 0.0168839 seconds
[GC pause (G1 Evacuation Pause) (young) 225M->200M(256M), 0.0028081 secs]
Application time: 0.0272404 seconds
[GC pause (G1 Evacuation Pause) (young) 225M->200M(256M), 0.0028668 secs]
Application time: 0.0284079 seconds
[GC pause (G1 Evacuation Pause) (young) (initial-mark) 225M->200M(256M), 0.0030585 secs]
[GC concurrent-root-region-scan-start]
[GC concurrent-root-region-scan-end, 0.0004673 secs]
[GC concurrent-mark-start]
Application time: 0.0418678 seconds
[GC pause (G1 Evacuation Pause) (young) 225M->200M(256M), 0.0028850 secs]
Application time: 0.0417114 seconds
[GC pause (G1 Evacuation Pause) (young) 225M->200M(256M), 0.0029280 secs]
Application time: 0.0438864 seconds
[GC pause (G1 Evacuation Pause) (young) 225M->200M(256M), 0.0028150 secs]
Application time: 0.0529011 seconds
[GC pause (G1 Evacuation Pause) (young) 225M->200M(256M), 0.0029608 secs]
[GC concurrent-mark-end, 0.2344279 secs]
Application time: 0.0410853 seconds
[GC remark, 0.0081670 secs]
Application time: 0.0001137 seconds
[GC cleanup 220M->220M(256M), 0.0019955 secs]
Application time: 0.0121316 seconds
[GC pause (G1 Evacuation Pause) (young) 225M->200M(256M), 0.0028252 secs]
Application time: 0.0287657 seconds
[GC pause (G1 Evacuation Pause) (young) 225M->200M(256M), 0.0030564 secs]
Application time: 0.0292324 seconds
[GC pause (G1 Evacuation Pause) (young) (initial-mark) 225M->200M(256M), 0.0031273 secs]
[GC concurrent-root-region-scan-start]
[GC concurrent-root-region-scan-end, 0.0005026 secs]
[GC concurrent-mark-start]
Application time: 0.0465831 seconds
[GC pause (G1 Evacuation Pause) (young) 225M->200M(256M), 0.0028383 secs]
Application time: 0.0409797 seconds
[GC pause (G1 Evacuation Pause) (young) 225M->200M(256M), 0.0028641 secs]
Application time: 0.0401030 seconds
[GC pause (G1 Evacuation Pause) (young) 225M->200M(256M), 0.0026246 secs]
Application time: 0.0429088 seconds
[GC pause (G1 Evacuation Pause) (young) 225M->200M(256M), 0.0029936 secs]
Application time: 0.0640049 seconds
[GC pause (G1 Evacuation Pause) (young) 225M->201M(256M), 0.0023028 secs]
[GC concurrent-mark-end, 0.2822773 secs]
Application time: 0.0252376 seconds
[GC remark, 0.0056269 secs]
Application time: 0.0000591 seconds
[GC cleanup 211M->211M(256M), 0.0018166 secs]
Application time: 0.0241054 seconds
[GC pause (G1 Evacuation Pause) (young) 226M->200M(256M), 0.0024649 secs]
Application time: 0.0270161 seconds
[GC pause (G1 Evacuation Pause) (young) 225M->201M(256M), 0.0024645 secs]
Application time: 0.0266309 seconds
[GC pause (G1 Evacuation Pause) (young) (initial-mark) 226M->201M(256M), 0.0026097 secs]
[GC concurrent-root-region-scan-start]
[GC concurrent-root-region-scan-end, 0.0004235 secs]
[GC concurrent-mark-start]
Application time: 0.0447535 seconds
[GC pause (G1 Evacuation Pause) (young) 226M->201M(256M), 0.0022079 secs]
Application time: 0.0622856 seconds
[GC pause (G1 Evacuation Pause) (young) 226M->201M(256M), 0.0023168 secs]
Application time: 0.0634583 seconds
[GC pause (G1 Evacuation Pause) (young) 226M->201M(256M), 0.0023384 secs]
[GC concurrent-mark-end, 0.1895925 secs]
Application time: 0.0112871 seconds
[GC remark, 0.0077067 secs]
Application time: 0.0000667 seconds
[GC cleanup 205M->205M(256M), 0.0017997 secs]
Application time: 0.0267234 seconds
[GC pause (G1 Evacuation Pause) (young) 226M->201M(256M), 0.0022836 secs]
Application time: 0.0278891 seconds
[GC pause (G1 Evacuation Pause) (young) 226M->201M(256M), 0.0022549 secs]
Application time: 0.0268026 seconds
[GC pause (G1 Evacuation Pause) (young) (initial-mark) 226M->201M(256M), 0.0027717 secs]
[GC concurrent-root-region-scan-start]
[GC concurrent-root-region-scan-end, 0.0004510 secs]
[GC concurrent-mark-start]
Application time: 0.0625624 seconds
[GC pause (G1 Evacuation Pause) (young) 226M->201M(256M), 0.0021977 secs]
Application time: 0.0668101 seconds
[GC pause (G1 Evacuation Pause) (young) 226M->201M(256M), 0.0031604 secs]
Application time: 0.0608219 seconds
[GC pause (G1 Evacuation Pause) (young) 226M->201M(256M), 0.0029145 secs]
[GC concurrent-mark-end, 0.2052447 secs]
Application time: 0.0056846 seconds
[GC remark, 0.0065263 secs]
Application time: 0.0000957 seconds
[GC cleanup 203M->203M(256M), 0.0020074 secs]
Application time: 0.0319833 seconds
[GC pause (G1 Evacuation Pause) (young) 226M->201M(256M), 0.0029367 secs]
Application time: 0.0258720 seconds
[GC pause (G1 Evacuation Pause) (young) 226M->201M(256M), 0.0026559 secs]
Application time: 0.0277382 seconds
[GC pause (G1 Evacuation Pause) (young) (initial-mark) 226M->201M(256M), 0.0029742 secs]
[GC concurrent-root-region-scan-start]
[GC concurrent-root-region-scan-end, 0.0006152 secs]
[GC concurrent-mark-start]
Application time: 0.0440831 seconds
[GC pause (G1 Evacuation Pause) (young) 226M->201M(256M), 0.0028731 secs]
Application time: 0.0431021 seconds
[GC pause (G1 Evacuation Pause) (young) 226M->201M(256M), 0.0027597 secs]
Application time: 0.0397154 seconds
[GC pause (G1 Evacuation Pause) (young) 226M->201M(256M), 0.0028301 secs]
Application time: 0.0644384 seconds
[GC pause (G1 Evacuation Pause) (young) 226M->201M(256M), 0.0029638 secs]
[GC concurrent-mark-end, 0.2441072 secs]
Application time: 0.0377979 seconds
[GC remark, 0.0079623 secs]
Application time: 0.0000999 seconds
[GC cleanup 215M->215M(256M), 0.0019588 secs]
Application time: 0.0190535 seconds
[GC pause (G1 Evacuation Pause) (young) 226M->201M(256M), 0.0027409 secs]
Application time: 0.0289113 seconds
[GC pause (G1 Evacuation Pause) (young) 226M->201M(256M), 0.0028483 secs]
Application time: 0.0288572 seconds
[GC pause (G1 Evacuation Pause) (young) (initial-mark) 226M->201M(256M), 0.0030147 secs]
[GC concurrent-root-region-scan-start]
[GC concurrent-root-region-scan-end, 0.0005019 secs]
[GC concurrent-mark-start]
Application time: 0.0467254 seconds
[GC pause (G1 Evacuation Pause) (young) 226M->201M(256M), 0.0030650 secs]
Application time: 0.0433369 seconds
[GC pause (G1 Evacuation Pause) (young) 226M->201M(256M), 0.0028584 secs]
Application time: 0.0424173 seconds
[GC pause (G1 Evacuation Pause) (young) 226M->201M(256M), 0.0073789 secs]
Application time: 0.0501216 seconds
[GC pause (G1 Evacuation Pause) (young) 226M->201M(256M), 0.0030732 secs]
Application time: 0.0478472 seconds
[GC pause (G1 Evacuation Pause) (young) 226M->201M(256M), 0.0029757 secs]
Application time: 0.0420473 seconds
[GC pause (G1 Evacuation Pause) (young) 226M->201M(256M), 0.0029979 secs]
Application time: 0.0367287 seconds
[GC pause (G1 Evacuation Pause) (young) 226M->201M(256M), 0.0027665 secs]
[GC concurrent-mark-end, 0.3851820 secs]
Application time: 0.0351531 seconds
[GC remark, 0.0088224 secs]
Application time: 0.0000574 seconds
[GC cleanup 223M->223M(256M), 0.0021748 secs]
Application time: 0.0042830 seconds
[GC pause (G1 Evacuation Pause) (young) 226M->201M(256M), 0.0024800 secs]
Application time: 0.0263104 seconds
[GC pause (G1 Evacuation Pause) (young) 226M->201M(256M), 0.0025547 secs]
Application time: 0.0261381 seconds
[GC pause (G1 Evacuation Pause) (young) (initial-mark) 226M->201M(256M), 0.0030044 secs]
[GC concurrent-root-region-scan-start]
[GC concurrent-root-region-scan-end, 0.0004893 secs]
[GC concurrent-mark-start]
Application time: 0.0534533 seconds
[GC pause (G1 Evacuation Pause) (young) 226M->201M(256M), 0.0025893 secs]
Application time: 0.0366573 seconds
[GC pause (G1 Evacuation Pause) (young) 226M->201M(256M), 0.0026731 secs]
Application time: 0.0439750 seconds
[GC pause (G1 Evacuation Pause) (young) 226M->201M(256M), 0.0027686 secs]
Application time: 0.0516065 seconds
[GC pause (G1 Evacuation Pause) (young) 226M->201M(256M), 0.0028383 secs]
Application time: 0.0522822 seconds
[GC pause (G1 Evacuation Pause) (young) 226M->201M(256M), 0.0029457 secs]
[GC concurrent-mark-end, 0.2800419 secs]
Application time: 0.0165422 seconds
[GC remark, 0.0072302 secs]
Application time: 0.0000446 seconds
[GC cleanup 212M->212M(256M), 0.0020520 secs]
Application time: 0.0160671 seconds
[GC pause (G1 Evacuation Pause) (young) 226M->201M(256M), 0.0040680 secs]
Application time: 0.0297188 seconds
[GC pause (G1 Evacuation Pause) (young) 226M->201M(256M), 0.0029967 secs]
Application time: 0.0269525 seconds
[GC pause (G1 Evacuation Pause) (young) (initial-mark) 225M->201M(256M), 0.0029625 secs]
[GC concurrent-root-region-scan-start]
[GC concurrent-root-region-scan-end, 0.0005025 secs]
[GC concurrent-mark-start]
Application time: 0.0531178 seconds
[GC pause (G1 Evacuation Pause) (young) 225M->201M(256M), 0.0029039 secs]
Application time: 0.0530095 seconds
[GC pause (G1 Evacuation Pause) (young) 225M->201M(256M), 0.0028830 secs]
Application time: 0.0424432 seconds
[GC pause (G1 Evacuation Pause) (young) 225M->201M(256M), 0.0029896 secs]
[GC concurrent-mark-end, 0.2110412 secs]
Application time: 0.0484820 seconds
[GC remark, 0.0069622 secs]
Application time: 0.0000947 seconds
[GC cleanup 224M->224M(256M), 0.0019262 secs]
Application time: 0.0018454 seconds
[GC pause (G1 Evacuation Pause) (young) 225M->201M(256M), 0.0023644 secs]
Application time: 0.0125566 seconds
[GC pause (G1 Evacuation Pause) (mixed) 212M->200M(256M), 0.0022010 secs]
Application time: 0.0265247 seconds
[GC pause (G1 Evacuation Pause) (young) 225M->200M(256M), 0.0026373 secs]
Application time: 0.0265075 seconds
[GC pause (G1 Evacuation Pause) (young) (initial-mark) 225M->200M(256M), 0.0029193 secs]
[GC concurrent-root-region-scan-start]
[GC concurrent-root-region-scan-end, 0.0004955 secs]
[GC concurrent-mark-start]
Application time: 0.0467012 seconds
[GC pause (G1 Evacuation Pause) (young) 225M->200M(256M), 0.0032751 secs]
Application time: 0.0426776 seconds
[GC pause (G1 Evacuation Pause) (young) 225M->200M(256M), 0.0029076 secs]
Application time: 0.0388127 seconds
[GC pause (G1 Evacuation Pause) (young) 225M->200M(256M), 0.0056131 secs]
Application time: 0.0537432 seconds
[GC pause (G1 Evacuation Pause) (young) 225M->200M(256M), 0.0026750 secs]
Application time: 0.0525100 seconds
[GC pause (G1 Evacuation Pause) (young) 225M->200M(256M), 0.0028264 secs]
[GC concurrent-mark-end, 0.2776456 secs]
Application time: 0.0049763 seconds
[GC remark, 0.0066421 secs]
Application time: 0.0000868 seconds
[GC cleanup 202M->202M(256M), 0.0019691 secs]
Application time: 0.0251764 seconds
[GC pause (G1 Evacuation Pause) (young) 225M->200M(256M), 0.0027255 secs]
Application time: 0.0265388 seconds
[GC pause (G1 Evacuation Pause) (young) 225M->200M(256M), 0.0024587 secs]
Application time: 0.0331983 seconds
[GC pause (G1 Evacuation Pause) (young) (initial-mark) 225M->200M(256M), 0.0027288 secs]
[GC concurrent-root-region-scan-start]
[GC concurrent-root-region-scan-end, 0.0005316 secs]
[GC concurrent-mark-start]
Application time: 0.0458558 seconds
[GC pause (G1 Evacuation Pause) (young) 225M->200M(256M), 0.0023562 secs]
Application time: 0.0440786 seconds
[GC pause (G1 Evacuation Pause) (young) 225M->200M(256M), 0.0023758 secs]
Application time: 0.0686412 seconds
[GC pause (G1 Evacuation Pause) (young) 225M->200M(256M), 0.0024561 secs]
Application time: 0.0623915 seconds
[GC pause (G1 Evacuation Pause) (young) 225M->200M(256M), 0.0023104 secs]
[GC concurrent-mark-end, 0.2438270 secs]
Application time: 0.0052823 seconds
[GC remark, 0.0055305 secs]
Application time: 0.0000689 seconds
[GC cleanup 203M->203M(256M), 0.0017163 secs]
Application time: 0.0334215 seconds
[GC pause (G1 Evacuation Pause) (young) 225M->200M(256M), 0.0027791 secs]
Application time: 0.0279383 seconds
[GC pause (G1 Evacuation Pause) (young) 225M->200M(256M), 0.0023404 secs]
Application time: 0.0281581 seconds
[GC pause (G1 Evacuation Pause) (young) (initial-mark) 225M->200M(256M), 0.0026077 secs]
[GC concurrent-root-region-scan-start]
[GC concurrent-root-region-scan-end, 0.0004354 secs]
[GC concurrent-mark-start]
Application time: 0.0608620 seconds
[GC pause (G1 Evacuation Pause) (young) 225M->200M(256M), 0.0028353 secs]
Application time: 0.0494557 seconds
[GC pause (G1 Evacuation Pause) (young) 225M->200M(256M), 0.0027256 secs]
Application time: 0.0488285 seconds
[GC pause (G1 Evacuation Pause) (young) 225M->200M(256M), 0.0027669 secs]
[GC concurrent-mark-end, 0.1966706 secs]
Application time: 0.0283670 seconds
[GC remark, 0.0066566 secs]
Application time: 0.0005794 seconds
[GC cleanup 219M->219M(256M), 0.0019606 secs]
Application time: 0.0065036 seconds
[GC pause (G1 Evacuation Pause) (young) 225M->200M(256M), 0.0024191 secs]
Application time: 0.0258352 seconds
[GC pause (G1 Evacuation Pause) (young) 225M->200M(256M), 0.0025098 secs]
Application time: 0.0260857 seconds
[GC pause (G1 Evacuation Pause) (young) (initial-mark) 225M->200M(256M), 0.0027794 secs]
[GC concurrent-root-region-scan-start]
[GC concurrent-root-region-scan-end, 0.0004701 secs]
[GC concurrent-mark-start]
Application time: 0.0416348 seconds
[GC pause (G1 Evacuation Pause) (young) 225M->200M(256M), 0.0027265 secs]
Application time: 0.0397504 seconds
[GC pause (G1 Evacuation Pause) (young) 225M->200M(256M), 0.0027576 secs]
Application time: 0.0400743 seconds
[GC pause (G1 Evacuation Pause) (young) 225M->200M(256M), 0.0027008 secs]
Application time: 0.0409068 seconds
[GC pause (G1 Evacuation Pause) (young) 225M->200M(256M), 0.0028687 secs]
Application time: 0.0396026 seconds
[GC pause (G1 Evacuation Pause) (young) 225M->200M(256M), 0.0029172 secs]
Application time: 0.0530737 seconds
[GC pause (G1 Evacuation Pause) (young) 225M->200M(256M), 0.0028785 secs]
[GC concurrent-mark-end, 0.2880866 secs]
Application time: 0.0139346 seconds
[GC remark, 0.0064503 secs]
Application time: 0.0000893 seconds
[GC cleanup 206M->206M(256M), 0.0018417 secs]
Application time: 0.0205084 seconds
[GC pause (G1 Evacuation Pause) (young) 225M->200M(256M), 0.0028406 secs]
Application time: 0.0283353 seconds
[GC pause (G1 Evacuation Pause) (young) 225M->200M(256M), 0.0028378 secs]
Application time: 0.0264021 seconds
[GC pause (G1 Evacuation Pause) (young) (initial-mark) 225M->200M(256M), 0.0030797 secs]
[GC concurrent-root-region-scan-start]
[GC concurrent-root-region-scan-end, 0.0004921 secs]
[GC concurrent-mark-start]
Application time: 0.0632197 seconds
[GC pause (G1 Evacuation Pause) (young) 225M->200M(256M), 0.0027535 secs]
Application time: 0.0618272 seconds
[GC pause (G1 Evacuation Pause) (young) 225M->200M(256M), 0.0029894 secs]
[GC concurrent-mark-end, 0.1687805 secs]
Application time: 0.0336208 seconds
[GC remark, 0.0069015 secs]
Application time: 0.0000977 seconds
[GC cleanup 215M->215M(256M), 0.0020279 secs]
Application time: 0.0135651 seconds
[GC pause (G1 Evacuation Pause) (young) 225M->200M(256M), 0.0024295 secs]
Application time: 0.0258158 seconds
[GC pause (G1 Evacuation Pause) (young) 225M->200M(256M), 0.0025719 secs]
Application time: 0.0291628 seconds
[GC pause (G1 Evacuation Pause) (young) (initial-mark) 225M->200M(256M), 0.0029930 secs]
[GC concurrent-root-region-scan-start]
[GC concurrent-root-region-scan-end, 0.0004751 secs]
[GC concurrent-mark-start]
Application time: 0.0655780 seconds
[GC pause (G1 Evacuation Pause) (young) 225M->200M(256M), 0.0030120 secs]
Application time: 0.0418231 seconds
[GC pause (G1 Evacuation Pause) (young) 225M->200M(256M), 0.0028682 secs]
Application time: 0.0430380 seconds
[GC pause (G1 Evacuation Pause) (young) 225M->200M(256M), 0.0030338 secs]
[GC concurrent-mark-end, 0.2279010 secs]
Application time: 0.0557397 seconds
[GC remark, 0.0069233 secs]
Application time: 0.0001140 seconds
[GC cleanup 222M->222M(256M), 0.0019926 secs]
Application time: 0.0052428 seconds
[GC pause (G1 Evacuation Pause) (young) 225M->200M(256M), 0.0025224 secs]
Application time: 0.0262540 seconds
[GC pause (G1 Evacuation Pause) (young) 225M->200M(256M), 0.0024792 secs]
Application time: 0.0255345 seconds
[GC pause (G1 Evacuation Pause) (young) (initial-mark) 225M->200M(256M), 0.0031716 secs]
[GC concurrent-root-region-scan-start]
[GC concurrent-root-region-scan-end, 0.0004775 secs]
[GC concurrent-mark-start]
Application time: 0.0464057 seconds
[GC pause (G1 Evacuation Pause) (young) 225M->200M(256M), 0.0029001 secs]
Application time: 0.0645373 seconds
[GC pause (G1 Evacuation Pause) (young) 225M->200M(256M), 0.0032089 secs]
Application time: 0.0630797 seconds
[GC concurrent-mark-end, 0.1838295 secs]
[GC pause (G1 Evacuation Pause) (young) 225M->200M(256M), 0.0026028 secs]
Application time: 0.0042422 seconds
[GC remark, 0.0065739 secs]
Application time: 0.0009839 seconds
[GC cleanup 204M->204M(256M), 0.0018203 secs]
Application time: 0.0224459 seconds
[GC pause (G1 Evacuation Pause) (young) 225M->201M(256M), 0.0025180 secs]
Application time: 0.0263033 seconds
[GC pause (G1 Evacuation Pause) (young) 226M->201M(256M), 0.0026072 secs]
Application time: 0.0264303 seconds
[GC pause (G1 Evacuation Pause) (young) (initial-mark) 226M->201M(256M), 0.0028058 secs]
[GC concurrent-root-region-scan-start]
[GC concurrent-root-region-scan-end, 0.0004490 secs]
[GC concurrent-mark-start]
Application time: 0.0454397 seconds
[GC pause (G1 Evacuation Pause) (young) 226M->201M(256M), 0.0026451 secs]
Application time: 0.0628951 seconds
[GC pause (G1 Evacuation Pause) (young) 226M->201M(256M), 0.0028321 secs]
[GC concurrent-mark-end, 0.1705780 secs]
Application time: 0.0563073 seconds
[GC remark, 0.0068337 secs]
Application time: 0.0000937 seconds
[GC cleanup 223M->223M(256M), 0.0020333 secs]
Application time: 0.0054640 seconds
[GC pause (G1 Evacuation Pause) (young) 226M->201M(256M), 0.0023683 secs]
Application time: 0.0293621 seconds
[GC pause (G1 Evacuation Pause) (young) 226M->201M(256M), 0.0026365 secs]
Application time: 0.0277747 seconds
[GC pause (G1 Evacuation Pause) (young) (initial-mark) 226M->201M(256M), 0.0029199 secs]
[GC concurrent-root-region-scan-start]
[GC concurrent-root-region-scan-end, 0.0004753 secs]
[GC concurrent-mark-start]
Application time: 0.0510917 seconds
[GC pause (G1 Evacuation Pause) (young) 226M->201M(256M), 0.0028434 secs]
Application time: 0.0642490 seconds
[GC pause (G1 Evacuation Pause) (young) 226M->201M(256M), 0.0034710 secs]
Application time: 0.0422710 seconds
[GC pause (G1 Evacuation Pause) (young) 226M->201M(256M), 0.0026869 secs]
Application time: 0.0375592 seconds
[GC pause (G1 Evacuation Pause) (young) 226M->201M(256M), 0.0028501 secs]
[GC concurrent-mark-end, 0.2398385 secs]
Application time: 0.0235755 seconds
[GC remark, 0.0068174 secs]
Application time: 0.0000698 seconds
[GC cleanup 208M->208M(256M), 0.0020189 secs]
Application time: 0.0198899 seconds
[GC pause (G1 Evacuation Pause) (young) 226M->201M(256M), 0.0028377 secs]
Application time: 0.0288661 seconds
[GC pause (G1 Evacuation Pause) (young) 226M->201M(256M), 0.0028572 secs]
Application time: 0.0258169 seconds
[GC pause (G1 Evacuation Pause) (young) (initial-mark) 226M->201M(256M), 0.0030617 secs]
[GC concurrent-root-region-scan-start]
[GC concurrent-root-region-scan-end, 0.0005069 secs]
[GC concurrent-mark-start]
Application time: 0.0518172 seconds
[GC pause (G1 Evacuation Pause) (young) 226M->201M(256M), 0.0027209 secs]
Application time: 0.0543107 seconds
[GC pause (G1 Evacuation Pause) (young) 226M->201M(256M), 0.0030490 secs]
Application time: 0.0427869 seconds
[GC pause (G1 Evacuation Pause) (young) 226M->201M(256M), 0.0054835 secs]
Application time: 0.0375282 seconds
[GC pause (G1 Evacuation Pause) (young) 226M->201M(256M), 0.0029621 secs]
Application time: 0.0538073 seconds
[GC pause (G1 Evacuation Pause) (young) 226M->201M(256M), 0.0028164 secs]
[GC concurrent-mark-end, 0.2790550 secs]
Application time: 0.0150196 seconds
[GC remark, 0.0081969 secs]
Application time: 0.0000747 seconds
[GC cleanup 208M->208M(256M), 0.0019792 secs]
Application time: 0.0209991 seconds
[GC pause (G1 Evacuation Pause) (young) 226M->201M(256M), 0.0027405 secs]
Application time: 0.0266629 seconds
[GC pause (G1 Evacuation Pause) (young) 226M->201M(256M), 0.0026095 secs]
Application time: 0.0260505 seconds
[GC pause (G1 Evacuation Pause) (young) (initial-mark) 226M->201M(256M), 0.0027497 secs]
[GC concurrent-root-region-scan-start]
[GC concurrent-root-region-scan-end, 0.0004581 secs]
[GC concurrent-mark-start]
Application time: 0.0483601 seconds
[GC pause (G1 Evacuation Pause) (young) 226M->201M(256M), 0.0027268 secs]
Application time: 0.0389169 seconds
[GC pause (G1 Evacuation Pause) (young) 226M->201M(256M), 0.0027614 secs]
Application time: 0.0439448 seconds
[GC pause (G1 Evacuation Pause) (young) 226M->201M(256M), 0.0026491 secs]
Application time: 0.0372670 seconds
[GC pause (G1 Evacuation Pause) (young) 226M->201M(256M), 0.0027924 secs]
Application time: 0.0415385 seconds
[GC pause (G1 Evacuation Pause) (young) 226M->201M(256M), 0.0027011 secs]
Application time: 0.0404309 seconds
[GC pause (G1 Evacuation Pause) (young) 226M->201M(256M), 0.0030676 secs]
Application time: 0.0378968 seconds
[GC pause (G1 Evacuation Pause) (young) 226M->201M(256M), 0.0029283 secs]
[GC concurrent-mark-end, 0.3374059 secs]
Application time: 0.0186638 seconds
[GC remark, 0.0068619 secs]
Application time: 0.0013439 seconds
[GC cleanup 211M->211M(256M), 0.0019211 secs]
Application time: 0.0164702 seconds
[GC pause (G1 Evacuation Pause) (young) 226M->201M(256M), 0.0026480 secs]
Application time: 0.0250130 seconds
[GC pause (G1 Evacuation Pause) (young) 226M->201M(256M), 0.0025272 secs]
Application time: 0.0270364 seconds
[GC pause (G1 Evacuation Pause) (young) (initial-mark) 226M->201M(256M), 0.0028195 secs]
[GC concurrent-root-region-scan-start]
[GC concurrent-root-region-scan-end, 0.0004925 secs]
[GC concurrent-mark-start]
Application time: 0.0442597 seconds
[GC pause (G1 Evacuation Pause) (young) 226M->201M(256M), 0.0025357 secs]
Application time: 0.0389325 seconds
[GC pause (G1 Evacuation Pause) (young) 226M->201M(256M), 0.0027701 secs]
Application time: 0.0416614 seconds
[GC pause (G1 Evacuation Pause) (young) 226M->201M(256M), 0.0027694 secs]
Application time: 0.0380564 seconds
[GC pause (G1 Evacuation Pause) (young) 226M->201M(256M), 0.0029800 secs]
Application time: 0.0421124 seconds
[GC pause (G1 Evacuation Pause) (young) 225M->201M(256M), 0.0029568 secs]
Application time: 0.0359132 seconds
[GC pause (G1 Evacuation Pause) (young) 225M->201M(256M), 0.0029695 secs]
Application time: 0.0420969 seconds
[GC pause (G1 Evacuation Pause) (young) 225M->201M(256M), 0.0028843 secs]
[GC concurrent-mark-end, 0.3307538 secs]
Application time: 0.0170359 seconds
[GC remark, 0.0062326 secs]
Application time: 0.0008701 seconds
[GC cleanup 210M->210M(256M), 0.0018100 secs]
Application time: 0.0154388 seconds
[GC pause (G1 Evacuation Pause) (young) 225M->201M(256M), 0.0024625 secs]
Application time: 0.0113331 seconds
[GC pause (G1 Evacuation Pause) (mixed) 212M->200M(256M), 0.0020740 secs]
Application time: 0.0257311 seconds
[GC pause (G1 Evacuation Pause) (young) 225M->200M(256M), 0.0024317 secs]
Application time: 0.0262706 seconds
[GC pause (G1 Evacuation Pause) (young) (initial-mark) 225M->200M(256M), 0.0027939 secs]
[GC concurrent-root-region-scan-start]
[GC concurrent-root-region-scan-end, 0.0004698 secs]
[GC concurrent-mark-start]
Application time: 0.0552382 seconds
[GC pause (G1 Evacuation Pause) (young) 225M->200M(256M), 0.0027054 secs]
Application time: 0.0539849 seconds
[GC pause (G1 Evacuation Pause) (young) 225M->200M(256M), 0.0027718 secs]
Application time: 0.0547763 seconds
[GC pause (G1 Evacuation Pause) (young) 225M->200M(256M), 0.0028515 secs]
[GC concurrent-mark-end, 0.1866046 secs]
Application time: 0.0134676 seconds
[GC remark, 0.0068554 secs]
Application time: 0.0007244 seconds
[GC cleanup 207M->207M(256M), 0.0020107 secs]
Application time: 0.0259118 seconds
[GC pause (G1 Evacuation Pause) (young) 225M->200M(256M), 0.0031609 secs]
Application time: 0.0271412 seconds
[GC pause (G1 Evacuation Pause) (young) 225M->200M(256M), 0.0028950 secs]
Application time: 0.0380573 seconds
[GC pause (G1 Evacuation Pause) (young) (initial-mark) 225M->200M(256M), 0.0048603 secs]
[GC concurrent-root-region-scan-start]
[GC concurrent-root-region-scan-end, 0.0005494 secs]
[GC concurrent-mark-start]
Application time: 0.0427399 seconds
[GC pause (G1 Evacuation Pause) (young) 225M->200M(256M), 0.0027267 secs]
Application time: 0.0393653 seconds
[GC pause (G1 Evacuation Pause) (young) 225M->200M(256M), 0.0027380 secs]
Application time: 0.0410271 seconds
[GC pause (G1 Evacuation Pause) (young) 225M->200M(256M), 0.0026185 secs]
Application time: 0.0389011 seconds
[GC pause (G1 Evacuation Pause) (young) 225M->200M(256M), 0.0025036 secs]
Application time: 0.0410296 seconds
[GC pause (G1 Evacuation Pause) (young) 225M->200M(256M), 0.0025018 secs]
Application time: 0.0376784 seconds
[GC pause (G1 Evacuation Pause) (young) 225M->200M(256M), 0.0025871 secs]
Application time: 0.0435132 seconds
[GC pause (G1 Evacuation Pause) (young) 225M->200M(256M), 0.0029062 secs]
Application time: 0.0418582 seconds
[GC pause (G1 Evacuation Pause) (young) 225M->200M(256M), 0.0027124 secs]
[GC concurrent-mark-end, 0.3683713 secs]
Application time: 0.0098564 seconds
[GC remark, 0.0067409 secs]
Application time: 0.0012943 seconds
[GC cleanup 209M->209M(256M), 0.0019574 secs]
Application time: 0.0170859 seconds
[GC pause (G1 Evacuation Pause) (young) 225M->200M(256M), 0.0063425 secs]
Application time: 0.0271905 seconds
[GC pause (G1 Evacuation Pause) (young) 225M->200M(256M), 0.0036365 secs]
Application time: 0.0270270 seconds
[GC pause (G1 Evacuation Pause) (young) (initial-mark) 225M->200M(256M), 0.0030138 secs]
[GC concurrent-root-region-scan-start]
[GC concurrent-root-region-scan-end, 0.0005339 secs]
[GC concurrent-mark-start]
Application time: 0.0413293 seconds
[GC pause (G1 Evacuation Pause) (young) 225M->200M(256M), 0.0030226 secs]
Application time: 0.0662204 seconds
[GC pause (G1 Evacuation Pause) (young) 225M->200M(256M), 0.0029544 secs]
Application time: 0.0575269 seconds
[GC pause (G1 Evacuation Pause) (young) 225M->200M(256M), 0.0027420 secs]
[GC concurrent-mark-end, 0.1923687 secs]
Application time: 0.0138260 seconds
[GC remark, 0.0067872 secs]
Application time: 0.0000703 seconds
[GC cleanup 207M->207M(256M), 0.0020581 secs]
Application time: 0.0208717 seconds
[GC pause (G1 Evacuation Pause) (young) 225M->200M(256M), 0.0027197 secs]
Application time: 0.0263431 seconds
[GC pause (G1 Evacuation Pause) (young) 225M->200M(256M), 0.0025543 secs]
Application time: 0.0261228 seconds
[GC pause (G1 Evacuation Pause) (young) (initial-mark) 225M->200M(256M), 0.0029844 secs]
[GC concurrent-root-region-scan-start]
[GC concurrent-root-region-scan-end, 0.0005083 secs]
[GC concurrent-mark-start]
Application time: 0.0484520 seconds
[GC pause (G1 Evacuation Pause) (young) 225M->200M(256M), 0.0029152 secs]
Application time: 0.0594325 seconds
[GC pause (G1 Evacuation Pause) (young) 225M->200M(256M), 0.0027642 secs]
Application time: 0.0571050 seconds
[GC pause (G1 Evacuation Pause) (young) 225M->200M(256M), 0.0027392 secs]
[GC concurrent-mark-end, 0.1926098 secs]
Application time: 0.0103570 seconds
[GC remark, 0.0065613 secs]
Application time: 0.0000763 seconds
[GC cleanup 205M->205M(256M), 0.0019862 secs]
Application time: 0.0217065 seconds
[GC pause (G1 Evacuation Pause) (young) 225M->200M(256M), 0.0027093 secs]
Application time: 0.0255456 seconds
[GC pause (G1 Evacuation Pause) (young) 225M->200M(256M), 0.0024083 secs]
Application time: 0.0255611 seconds
[GC pause (G1 Evacuation Pause) (young) (initial-mark) 225M->200M(256M), 0.0026721 secs]
[GC concurrent-root-region-scan-start]
[GC concurrent-root-region-scan-end, 0.0004351 secs]
[GC concurrent-mark-start]
Application time: 0.0479459 seconds
[GC pause (G1 Evacuation Pause) (young) 225M->200M(256M), 0.0026984 secs]
Application time: 0.0382241 seconds
[GC pause (G1 Evacuation Pause) (young) 225M->200M(256M), 0.0026554 secs]
Application time: 0.0369403 seconds
[GC pause (G1 Evacuation Pause) (young) 225M->200M(256M), 0.0026682 secs]
Application time: 0.0414235 seconds
[GC pause (G1 Evacuation Pause) (young) 225M->200M(256M), 0.0027273 secs]
Application time: 0.0420001 seconds
[GC pause (G1 Evacuation Pause) (young) 225M->200M(256M), 0.0027452 secs]
Application time: 0.0390371 seconds
[GC pause (G1 Evacuation Pause) (young) 225M->200M(256M), 0.0025233 secs]
Application time: 0.0375651 seconds
[GC pause (G1 Evacuation Pause) (young) 225M->200M(256M), 0.0024966 secs]
[GC concurrent-mark-end, 0.3139642 secs]
Application time: 0.0093564 seconds
[GC remark, 0.0061655 secs]
Application time: 0.0000784 seconds
[GC cleanup 208M->208M(256M), 0.0018083 secs]
Application time: 0.0188905 seconds
[GC pause (G1 Evacuation Pause) (young) 225M->200M(256M), 0.0026473 secs]
Application time: 0.0254542 seconds
[GC pause (G1 Evacuation Pause) (young) 225M->200M(256M), 0.0025377 secs]
Application time: 0.0281249 seconds
[GC pause (G1 Evacuation Pause) (young) (initial-mark) 225M->200M(256M), 0.0028487 secs]
[GC concurrent-root-region-scan-start]
[GC concurrent-root-region-scan-end, 0.0005483 secs]
[GC concurrent-mark-start]
Application time: 0.0422050 seconds
[GC pause (G1 Evacuation Pause) (young) 225M->201M(256M), 0.0027038 secs]
Application time: 0.0444149 seconds
[GC pause (G1 Evacuation Pause) (young) 226M->201M(256M), 0.0026838 secs]
Application time: 0.0356616 seconds
[GC pause (G1 Evacuation Pause) (young) 226M->201M(256M), 0.0027579 secs]
Application time: 0.0374078 seconds
[GC pause (G1 Evacuation Pause) (young) 226M->201M(256M), 0.0026840 secs]
Application time: 0.0368000 seconds
[GC pause (G1 Evacuation Pause) (young) 226M->201M(256M), 0.0025111 secs]
Application time: 0.0450783 seconds
[GC pause (G1 Evacuation Pause) (young) 226M->201M(256M), 0.0027897 secs]
[GC concurrent-mark-end, 0.2966439 secs]
Application time: 0.0327311 seconds
[GC remark, 0.0063005 secs]
Application time: 0.0030528 seconds
[GC cleanup 218M->218M(256M), 0.0080805 secs]
Application time: 0.0131065 seconds
[GC pause (G1 Evacuation Pause) (young) 226M->201M(256M), 0.0029489 secs]
Application time: 0.0271174 seconds
[GC pause (G1 Evacuation Pause) (young) 226M->201M(256M), 0.0027021 secs]
Application time: 0.0348538 seconds
[GC pause (G1 Evacuation Pause) (young) (initial-mark) 226M->201M(256M), 0.0030009 secs]
[GC concurrent-root-region-scan-start]
[GC concurrent-root-region-scan-end, 0.0004990 secs]
[GC concurrent-mark-start]
Application time: 0.0429893 seconds
[GC pause (G1 Evacuation Pause) (young) 226M->201M(256M), 0.0029340 secs]
Application time: 0.0404803 seconds
[GC pause (G1 Evacuation Pause) (young) 226M->201M(256M), 0.0028290 secs]
Application time: 0.0389156 seconds
[GC pause (G1 Evacuation Pause) (young) 226M->201M(256M), 0.0028362 secs]
Application time: 0.0585380 seconds
[GC pause (G1 Evacuation Pause) (young) 226M->201M(256M), 0.0030819 secs]
Application time: 0.0480095 seconds
[GC pause (G1 Evacuation Pause) (young) 226M->201M(256M), 0.0030831 secs]
Application time: 0.0428246 seconds
[GC pause (G1 Evacuation Pause) (young) 226M->201M(256M), 0.0031246 secs]
Application time: 0.0492491 seconds
[GC pause (G1 Evacuation Pause) (young) 226M->201M(256M), 0.0029154 secs]
[GC concurrent-mark-end, 0.3631422 secs]
Application time: 0.0065455 seconds
[GC remark, 0.0063494 secs]
Application time: 0.0000915 seconds
[GC cleanup 203M->203M(256M), 0.0020033 secs]
Application time: 0.0281552 seconds
[GC pause (G1 Evacuation Pause) (young) 226M->201M(256M), 0.0027323 secs]
Application time: 0.0269570 seconds
[GC pause (G1 Evacuation Pause) (young) 226M->201M(256M), 0.0026385 secs]
Application time: 0.0268225 seconds
[GC pause (G1 Evacuation Pause) (young) (initial-mark) 226M->201M(256M), 0.0027595 secs]
[GC concurrent-root-region-scan-start]
[GC concurrent-root-region-scan-end, 0.0005024 secs]
[GC concurrent-mark-start]
Application time: 0.0521862 seconds
[GC pause (G1 Evacuation Pause) (young) 226M->201M(256M), 0.0029242 secs]
Application time: 0.0611798 seconds
[GC pause (G1 Evacuation Pause) (young) 226M->201M(256M), 0.0026111 secs]
Application time: 0.0598215 seconds
[GC pause (G1 Evacuation Pause) (young) 226M->201M(256M), 0.0026062 secs]
[GC concurrent-mark-end, 0.2259925 secs]
Application time: 0.0383430 seconds
[GC remark, 0.0066062 secs]
Application time: 0.0000946 seconds
[GC cleanup 225M->225M(256M), 0.0020244 secs]
Application time: 0.0017785 seconds
[GC pause (G1 Evacuation Pause) (young) 226M->201M(256M), 0.0024268 secs]
Application time: 0.0276032 seconds
[GC pause (G1 Evacuation Pause) (young) 226M->201M(256M), 0.0027503 secs]
Application time: 0.0272577 seconds
[GC pause (G1 Evacuation Pause) (young) (initial-mark) 226M->201M(256M), 0.0028554 secs]
[GC concurrent-root-region-scan-start]
[GC concurrent-root-region-scan-end, 0.0004842 secs]
[GC concurrent-mark-start]
Application time: 0.0582125 seconds
[GC pause (G1 Evacuation Pause) (young) 226M->201M(256M), 0.0028227 secs]
Application time: 0.0612754 seconds
[GC pause (G1 Evacuation Pause) (young) 226M->201M(256M), 0.0023710 secs]
[GC concurrent-mark-end, 0.1791762 secs]
Application time: 0.0540967 seconds
[GC remark, 0.0064568 secs]
Application time: 0.0000485 seconds
[GC cleanup 224M->224M(256M), 0.0019136 secs]
Application time: 0.0054026 seconds
[GC pause (G1 Evacuation Pause) (young) 226M->201M(256M), 0.0040407 secs]
Application time: 0.0311435 seconds
[GC pause (G1 Evacuation Pause) (young) 226M->201M(256M), 0.0027985 secs]
Application time: 0.0278777 seconds
[GC pause (G1 Evacuation Pause) (young) (initial-mark) 226M->201M(256M), 0.0029707 secs]
[GC concurrent-root-region-scan-start]
[GC concurrent-root-region-scan-end, 0.0006046 secs]
[GC concurrent-mark-start]
Application time: 0.0662975 seconds
[GC pause (G1 Evacuation Pause) (young) 226M->201M(256M), 0.0026387 secs]
Application time: 0.0617700 seconds
[GC pause (G1 Evacuation Pause) (young) 226M->201M(256M), 0.0026143 secs]
Application time: 0.0413182 seconds
[GC pause (G1 Evacuation Pause) (young) 226M->201M(256M), 0.0027519 secs]
[GC concurrent-mark-end, 0.2255349 secs]
Application time: 0.0367757 seconds
[GC remark, 0.0069954 secs]
Application time: 0.0001054 seconds
[GC cleanup 215M->215M(256M), 0.0019650 secs]
Application time: 0.0177200 seconds
[GC pause (G1 Evacuation Pause) (young) 226M->201M(256M), 0.0041100 secs]
Application time: 0.0289608 seconds
[GC pause (G1 Evacuation Pause) (young) 226M->201M(256M), 0.0063840 secs]
Application time: 0.0284344 seconds
[GC pause (G1 Evacuation Pause) (young) (initial-mark) 226M->201M(256M), 0.0033444 secs]
[GC concurrent-root-region-scan-start]
[GC concurrent-root-region-scan-end, 0.0004722 secs]
[GC concurrent-mark-start]
Application time: 0.0442690 seconds
[GC pause (G1 Evacuation Pause) (young) 226M->201M(256M), 0.0029107 secs]
Application time: 0.0511205 seconds
[GC pause (G1 Evacuation Pause) (young) 226M->201M(256M), 0.0029692 secs]
Application time: 0.0476915 seconds
[GC pause (G1 Evacuation Pause) (young) 226M->201M(256M), 0.0027545 secs]
Application time: 0.0407136 seconds
[GC pause (G1 Evacuation Pause) (young) 226M->201M(256M), 0.0029285 secs]
Application time: 0.0420129 seconds
[GC pause (G1 Evacuation Pause) (young) 226M->201M(256M), 0.0028505 secs]
Application time: 0.0397732 seconds
[GC pause (G1 Evacuation Pause) (young) 226M->201M(256M), 0.0029170 secs]
Application time: 0.0454904 seconds
[GC pause (G1 Evacuation Pause) (young) 225M->201M(256M), 0.0027380 secs]
Application time: 0.0445799 seconds
[GC pause (G1 Evacuation Pause) (young) 225M->201M(256M), 0.0025319 secs]
[GC concurrent-mark-end, 0.4028436 secs]
Application time: 0.0166716 seconds
[GC remark, 0.0068873 secs]
Application time: 0.0000889 seconds
[GC cleanup 212M->212M(256M), 0.0019717 secs]
Application time: 0.0206178 seconds
[GC pause (G1 Evacuation Pause) (young) 225M->201M(256M), 0.0028898 secs]
Application time: 0.0127532 seconds
[GC pause (G1 Evacuation Pause) (mixed) 212M->200M(256M), 0.0024377 secs]
Application time: 0.0280544 seconds
[GC pause (G1 Evacuation Pause) (young) 225M->200M(256M), 0.0026336 secs]
Application time: 0.0278502 seconds
[GC pause (G1 Evacuation Pause) (young) (initial-mark) 225M->200M(256M), 0.0026627 secs]
[GC concurrent-root-region-scan-start]
[GC concurrent-root-region-scan-end, 0.0004800 secs]
[GC concurrent-mark-start]
Application time: 0.0436244 seconds
[GC pause (G1 Evacuation Pause) (young) 225M->200M(256M), 0.0028857 secs]
Application time: 0.0440134 seconds
[GC pause (G1 Evacuation Pause) (young) 225M->200M(256M), 0.0026796 secs]
Application time: 0.0440845 seconds
[GC pause (G1 Evacuation Pause) (young) 225M->200M(256M), 0.0026249 secs]
Application time: 0.0558977 seconds
[GC pause (G1 Evacuation Pause) (young) 225M->200M(256M), 0.0028375 secs]
Application time: 0.0390919 seconds
[GC pause (G1 Evacuation Pause) (young) 225M->200M(256M), 0.0026239 secs]
Application time: 0.0410488 seconds
[GC pause (G1 Evacuation Pause) (young) 225M->200M(256M), 0.0028541 secs]
[GC concurrent-mark-end, 0.3401072 secs]
Application time: 0.0381471 seconds
[GC remark, 0.0067248 secs]
Application time: 0.0008165 seconds
[GC cleanup 216M->216M(256M), 0.0022934 secs]
Application time: 0.0134477 seconds
[GC pause (G1 Evacuation Pause) (young) 225M->200M(256M), 0.0027410 secs]
Application time: 0.0272009 seconds
[GC pause (G1 Evacuation Pause) (young) 225M->200M(256M), 0.0026841 secs]
Application time: 0.0275536 seconds
[GC pause (G1 Evacuation Pause) (young) (initial-mark) 225M->200M(256M), 0.0029781 secs]
[GC concurrent-root-region-scan-start]
[GC concurrent-root-region-scan-end, 0.0004580 secs]
[GC concurrent-mark-start]
Application time: 0.0506756 seconds
[GC pause (G1 Evacuation Pause) (young) 225M->200M(256M), 0.0031912 secs]
Application time: 0.0466272 seconds
[GC pause (G1 Evacuation Pause) (young) 225M->200M(256M), 0.0028929 secs]
Application time: 0.0513397 seconds
[GC pause (G1 Evacuation Pause) (young) 225M->200M(256M), 0.0028697 secs]
Application time: 0.0564742 seconds
[GC pause (G1 Evacuation Pause) (young) 225M->200M(256M), 0.0029835 secs]
Application time: 0.0592655 seconds
[GC pause (G1 Evacuation Pause) (young) 225M->200M(256M), 0.0029387 secs]
[GC concurrent-mark-end, 0.2878708 secs]
Application time: 0.0033201 seconds
[GC remark, 0.0062299 secs]
Application time: 0.0000379 seconds
[GC cleanup 202M->202M(256M), 0.0019456 secs]
Application time: 0.0332801 seconds
[GC pause (G1 Evacuation Pause) (young) 225M->200M(256M), 0.0027448 secs]
Application time: 0.0280744 seconds
[GC pause (G1 Evacuation Pause) (young) 225M->200M(256M), 0.0029135 secs]
Application time: 0.0278636 seconds
[GC pause (G1 Evacuation Pause) (young) (initial-mark) 225M->200M(256M), 0.0029397 secs]
[GC concurrent-root-region-scan-start]
[GC concurrent-root-region-scan-end, 0.0004693 secs]
[GC concurrent-mark-start]
Application time: 0.0536099 seconds
[GC pause (G1 Evacuation Pause) (young) 225M->200M(256M), 0.0065451 secs]
Application time: 0.0444251 seconds
[GC pause (G1 Evacuation Pause) (young) 225M->200M(256M), 0.0040841 secs]
Application time: 0.0490083 seconds
[GC pause (G1 Evacuation Pause) (young) 225M->200M(256M), 0.0030549 secs]
Application time: 0.0479444 seconds
[GC pause (G1 Evacuation Pause) (young) 225M->200M(256M), 0.0026585 secs]
Application time: 0.0564496 seconds
[GC pause (G1 Evacuation Pause) (young) 225M->200M(256M), 0.0026951 secs]
[GC concurrent-mark-end, 0.3017339 secs]
Application time: 0.0228033 seconds
[GC remark, 0.0068511 secs]
Application time: 0.0000747 seconds
[GC cleanup 211M->211M(256M), 0.0019561 secs]
Application time: 0.0228759 seconds
[GC pause (G1 Evacuation Pause) (young) 225M->200M(256M), 0.0028169 secs]
Application time: 0.0274151 seconds
[GC pause (G1 Evacuation Pause) (young) 225M->200M(256M), 0.0028686 secs]
Application time: 0.0297348 seconds
[GC pause (G1 Evacuation Pause) (young) (initial-mark) 225M->200M(256M), 0.0028723 secs]
[GC concurrent-root-region-scan-start]
[GC concurrent-root-region-scan-end, 0.0004830 secs]
[GC concurrent-mark-start]
Application time: 0.0599925 seconds
[GC pause (G1 Evacuation Pause) (young) 225M->200M(256M), 0.0027100 secs]
Application time: 0.0587957 seconds
[GC pause (G1 Evacuation Pause) (young) 225M->200M(256M), 0.0032340 secs]
Application time: 0.0576860 seconds
[GC pause (G1 Evacuation Pause) (young) 225M->200M(256M), 0.0029017 secs]
[GC concurrent-mark-end, 0.1901994 secs]
Application time: 0.0038779 seconds
[GC remark, 0.0075439 secs]
Application time: 0.0000319 seconds
[GC cleanup 202M->202M(256M), 0.0019558 secs]
Application time: 0.0336188 seconds
[GC pause (G1 Evacuation Pause) (young) 225M->200M(256M), 0.0028231 secs]
Application time: 0.0272783 seconds
[GC pause (G1 Evacuation Pause) (young) 225M->200M(256M), 0.0026675 secs]
Application time: 0.0269857 seconds
[GC pause (G1 Evacuation Pause) (young) (initial-mark) 225M->200M(256M), 0.0028019 secs]
[GC concurrent-root-region-scan-start]
[GC concurrent-root-region-scan-end, 0.0004910 secs]
[GC concurrent-mark-start]
Application time: 0.0570093 seconds
[GC pause (G1 Evacuation Pause) (young) 225M->200M(256M), 0.0025966 secs]
Application time: 0.0553621 seconds
[GC pause (G1 Evacuation Pause) (young) 225M->200M(256M), 0.0027359 secs]
Application time: 0.0544007 seconds
[GC pause (G1 Evacuation Pause) (young) 225M->200M(256M), 0.0026526 secs]
[GC concurrent-mark-end, 0.1955266 secs]
Application time: 0.0156788 seconds
[GC remark, 0.0063075 secs]
Application time: 0.0000372 seconds
[GC cleanup 208M->208M(256M), 0.0019003 secs]
Application time: 0.0248646 seconds
[GC pause (G1 Evacuation Pause) (young) 225M->200M(256M), 0.0028510 secs]
Application time: 0.0278295 seconds
[GC pause (G1 Evacuation Pause) (young) 225M->200M(256M), 0.0026477 secs]
Application time: 0.0268766 seconds
[GC pause (G1 Evacuation Pause) (young) (initial-mark) 225M->200M(256M), 0.0028230 secs]
[GC concurrent-root-region-scan-start]
[GC concurrent-root-region-scan-end, 0.0004158 secs]
[GC concurrent-mark-start]
Application time: 0.0644059 seconds
[GC pause (G1 Evacuation Pause) (young) 225M->200M(256M), 0.0029260 secs]
Application time: 0.0436904 seconds
[GC pause (G1 Evacuation Pause) (young) 225M->201M(256M), 0.0049094 secs]
Application time: 0.0435692 seconds
[GC pause (G1 Evacuation Pause) (young) 226M->200M(256M), 0.0032318 secs]
Application time: 0.0575144 seconds
[GC pause (G1 Evacuation Pause) (young) 225M->200M(256M), 0.0029843 secs]
[GC concurrent-mark-end, 0.2418887 secs]
Application time: 0.0139366 seconds
[GC remark, 0.0108691 secs]
Application time: 0.0000508 seconds
[GC cleanup 207M->207M(256M), 0.0020859 secs]
Application time: 0.0256213 seconds
[GC pause (G1 Evacuation Pause) (young) 225M->201M(256M), 0.0030739 secs]
Application time: 0.0281647 seconds
[GC pause (G1 Evacuation Pause) (young) 226M->201M(256M), 0.0027518 secs]
Application time: 0.0277080 seconds
[GC pause (G1 Evacuation Pause) (young) (initial-mark) 226M->201M(256M), 0.0032488 secs]
[GC concurrent-root-region-scan-start]
[GC concurrent-root-region-scan-end, 0.0004324 secs]
[GC concurrent-mark-start]
Application time: 0.0661971 seconds
[GC pause (G1 Evacuation Pause) (young) 226M->200M(256M), 0.0062205 secs]
Application time: 0.0587499 seconds
[GC pause (G1 Evacuation Pause) (young) 225M->201M(256M), 0.0031140 secs]
Application time: 0.0579823 seconds
[GC pause (G1 Evacuation Pause) (young) 226M->201M(256M), 0.0026186 secs]
[GC concurrent-mark-end, 0.1982659 secs]
Application time: 0.0024059 seconds
[GC remark, 0.0063736 secs]
Application time: 0.0000916 seconds
[GC cleanup 202M->202M(256M), 0.0020292 secs]
Application time: 0.0300252 seconds
[GC pause (G1 Evacuation Pause) (young) 226M->201M(256M), 0.0030426 secs]
Application time: 0.0304901 seconds
[GC pause (G1 Evacuation Pause) (young) 226M->201M(256M), 0.0028307 secs]
Application time: 0.0280069 seconds
[GC pause (G1 Evacuation Pause) (young) (initial-mark) 226M->201M(256M), 0.0027296 secs]
[GC concurrent-root-region-scan-start]
[GC concurrent-root-region-scan-end, 0.0004921 secs]
[GC concurrent-mark-start]
Application time: 0.0461896 seconds
[GC pause (G1 Evacuation Pause) (young) 226M->201M(256M), 0.0027823 secs]
Application time: 0.0459817 seconds
[GC pause (G1 Evacuation Pause) (young) 226M->201M(256M), 0.0027692 secs]
Application time: 0.0590490 seconds
[GC pause (G1 Evacuation Pause) (young) 226M->201M(256M), 0.0029178 secs]
Application time: 0.0562812 seconds
[GC pause (G1 Evacuation Pause) (young) 226M->201M(256M), 0.0028354 secs]
[GC concurrent-mark-end, 0.2364391 secs]
Application time: 0.0162321 seconds
[GC remark, 0.0062555 secs]
Application time: 0.0000626 seconds
[GC cleanup 208M->208M(256M), 0.0019766 secs]
Application time: 0.0232286 seconds
[GC pause (G1 Evacuation Pause) (young) 226M->201M(256M), 0.0026927 secs]
Application time: 0.0274291 seconds
[GC pause (G1 Evacuation Pause) (young) 226M->201M(256M), 0.0027189 secs]
Application time: 0.0276769 seconds
[GC pause (G1 Evacuation Pause) (young) (initial-mark) 226M->201M(256M), 0.0028907 secs]
[GC concurrent-root-region-scan-start]
[GC concurrent-root-region-scan-end, 0.0005725 secs]
[GC concurrent-mark-start]
Application time: 0.0430005 seconds
[GC pause (G1 Evacuation Pause) (young) 226M->201M(256M), 0.0026930 secs]
Application time: 0.0640285 seconds
[GC pause (G1 Evacuation Pause) (young) 226M->201M(256M), 0.0026825 secs]
Application time: 0.0607228 seconds
[GC pause (G1 Evacuation Pause) (young) 226M->201M(256M), 0.0026339 secs]
Application time: 0.0403187 seconds
[GC pause (G1 Evacuation Pause) (young) 226M->201M(256M), 0.0026085 secs]
[GC concurrent-mark-end, 0.2377212 secs]
Application time: 0.0139431 seconds
[GC remark, 0.0068813 secs]
Application time: 0.0008932 seconds
[GC cleanup 210M->210M(256M), 0.0020215 secs]
Application time: 0.0178982 seconds
[GC pause (G1 Evacuation Pause) (young) 226M->201M(256M), 0.0026556 secs]
Application time: 0.0272659 seconds
[GC pause (G1 Evacuation Pause) (young) 226M->201M(256M), 0.0024274 secs]
Application time: 0.0271842 seconds
[GC pause (G1 Evacuation Pause) (young) (initial-mark) 226M->201M(256M), 0.0029876 secs]
[GC concurrent-root-region-scan-start]
[GC concurrent-root-region-scan-end, 0.0005285 secs]
[GC concurrent-mark-start]
Application time: 0.0502739 seconds
[GC pause (G1 Evacuation Pause) (young) 226M->201M(256M), 0.0025485 secs]
Application time: 0.0666949 seconds
[GC pause (G1 Evacuation Pause) (young) 226M->201M(256M), 0.0027753 secs]
Application time: 0.0590483 seconds
[GC pause (G1 Evacuation Pause) (young) 226M->201M(256M), 0.0028000 secs]
Application time: 0.0475727 seconds
[GC pause (G1 Evacuation Pause) (young) 226M->201M(256M), 0.0024259 secs]
Application time: 0.0389685 seconds
[GC concurrent-mark-end, 0.2783160 secs]
[GC pause (G1 Evacuation Pause) (young) 226M->201M(256M), 0.0025131 secs]
Application time: 0.0015011 seconds
[GC remark, 0.0058500 secs]
Application time: 0.0000927 seconds
[GC cleanup 202M->202M(256M), 0.0017167 secs]
Application time: 0.0259300 seconds
[GC pause (G1 Evacuation Pause) (young) 226M->201M(256M), 0.0022766 secs]
Application time: 0.0265064 seconds
[GC pause (G1 Evacuation Pause) (young) 226M->201M(256M), 0.0024592 secs]
Application time: 0.0253085 seconds
[GC pause (G1 Evacuation Pause) (young) (initial-mark) 226M->201M(256M), 0.0026081 secs]
[GC concurrent-root-region-scan-start]
[GC concurrent-root-region-scan-end, 0.0003743 secs]
[GC concurrent-mark-start]
Application time: 0.0606401 seconds
[GC pause (G1 Evacuation Pause) (young) 226M->201M(256M), 0.0024412 secs]
Application time: 0.0600920 seconds
[GC pause (G1 Evacuation Pause) (young) 226M->201M(256M), 0.0023679 secs]
Application time: 0.0377844 seconds
[GC pause (G1 Evacuation Pause) (young) 226M->201M(256M), 0.0024486 secs]
[GC concurrent-mark-end, 0.2079986 secs]
Application time: 0.0411485 seconds
[GC pause (G1 Evacuation Pause) (young) 226M->201M(256M), 0.0024454 secs]
Application time: 0.0052878 seconds
[GC remark, 0.0063538 secs]
Application time: 0.0000723 seconds
[GC cleanup 204M->204M(256M), 0.0017661 secs]
Application time: 0.0255516 seconds
[GC pause (G1 Evacuation Pause) (young) 226M->201M(256M), 0.0023793 secs]
Application time: 0.0275991 seconds
[GC pause (G1 Evacuation Pause) (young) 226M->201M(256M), 0.0022625 secs]
Application time: 0.0376054 seconds
[GC pause (G1 Evacuation Pause) (young) (initial-mark) 226M->201M(256M), 0.0025243 secs]
[GC concurrent-root-region-scan-start]
[GC concurrent-root-region-scan-end, 0.0003948 secs]
[GC concurrent-mark-start]
Application time: 0.0669581 seconds
[GC pause (G1 Evacuation Pause) (young) 226M->201M(256M), 0.0022986 secs]
Application time: 0.0524549 seconds
[GC pause (G1 Evacuation Pause) (young) 226M->201M(256M), 0.0023601 secs]
[GC concurrent-mark-end, 0.1740706 secs]
Application time: 0.0494431 seconds
[GC remark, 0.0059726 secs]
Application time: 0.0000627 seconds
[GC cleanup 225M->225M(256M), 0.0016978 secs]
Application time: 0.0039465 seconds
[GC pause (G1 Evacuation Pause) (young) 226M->201M(256M), 0.0022042 secs]
Application time: 0.0269790 seconds
[GC pause (G1 Evacuation Pause) (young) 226M->201M(256M), 0.0022238 secs]
Application time: 0.0247181 seconds
[GC pause (G1 Evacuation Pause) (young) (initial-mark) 225M->201M(256M), 0.0024753 secs]
[GC concurrent-root-region-scan-start]
[GC concurrent-root-region-scan-end, 0.0003722 secs]
[GC concurrent-mark-start]
Application time: 0.0384148 seconds
[GC pause (G1 Evacuation Pause) (young) 225M->201M(256M), 0.0023560 secs]
Application time: 0.0580500 seconds
[GC pause (G1 Evacuation Pause) (young) 225M->201M(256M), 0.0023738 secs]
Application time: 0.0527348 seconds
[GC pause (G1 Evacuation Pause) (young) 225M->201M(256M), 0.0021296 secs]
[GC concurrent-mark-end, 0.1961829 secs]
Application time: 0.0390582 seconds
[GC remark, 0.0058285 secs]
Application time: 0.0000772 seconds
[GC cleanup 219M->219M(256M), 0.0016033 secs]
Application time: 0.0110305 seconds
[GC pause (G1 Evacuation Pause) (young) 225M->201M(256M), 0.0022297 secs]
Application time: 0.0115428 seconds
[GC pause (G1 Evacuation Pause) (mixed) 212M->200M(256M), 0.0020984 secs]
Application time: 0.0258405 seconds
[GC pause (G1 Evacuation Pause) (young) 225M->200M(256M), 0.0023763 secs]
Application time: 0.0259579 seconds
[GC pause (G1 Evacuation Pause) (young) (initial-mark) 225M->200M(256M), 0.0025319 secs]
[GC concurrent-root-region-scan-start]
[GC concurrent-root-region-scan-end, 0.0004121 secs]
[GC concurrent-mark-start]
Application time: 0.0538505 seconds
[GC pause (G1 Evacuation Pause) (young) 225M->200M(256M), 0.0022045 secs]
Application time: 0.0526164 seconds
[GC pause (G1 Evacuation Pause) (young) 225M->200M(256M), 0.0027436 secs]
Application time: 0.0549281 seconds
[GC pause (G1 Evacuation Pause) (young) 225M->200M(256M), 0.0023668 secs]
[GC concurrent-mark-end, 0.1820029 secs]
Application time: 0.0122311 seconds
[GC remark, 0.0056275 secs]
Application time: 0.0004792 seconds
[GC cleanup 206M->206M(256M), 0.0017416 secs]
Application time: 0.0207343 seconds
[GC pause (G1 Evacuation Pause) (young) 225M->200M(256M), 0.0023535 secs]
Application time: 0.0298954 seconds
[GC pause (G1 Evacuation Pause) (young) 225M->200M(256M), 0.0023260 secs]
Application time: 0.0261836 seconds
[GC pause (G1 Evacuation Pause) (young) (initial-mark) 225M->200M(256M), 0.0025576 secs]
[GC concurrent-root-region-scan-start]
[GC concurrent-root-region-scan-end, 0.0003842 secs]
[GC concurrent-mark-start]
Application time: 0.0570366 seconds
[GC pause (G1 Evacuation Pause) (young) 225M->200M(256M), 0.0028597 secs]
Application time: 0.0538320 seconds
[GC pause (G1 Evacuation Pause) (young) 225M->200M(256M), 0.0023716 secs]
Application time: 0.0542654 seconds
[GC pause (G1 Evacuation Pause) (young) 225M->200M(256M), 0.0023435 secs]
[GC concurrent-mark-end, 0.1959541 secs]
Application time: 0.0177612 seconds
[GC remark, 0.0060751 secs]
Application time: 0.0000949 seconds
[GC cleanup 209M->209M(256M), 0.0016619 secs]
Application time: 0.0175434 seconds
[GC pause (G1 Evacuation Pause) (young) 225M->200M(256M), 0.0022931 secs]
Application time: 0.0253290 seconds
[GC pause (G1 Evacuation Pause) (young) 225M->200M(256M), 0.0024252 secs]
Application time: 0.0468885 seconds
[GC pause (G1 Evacuation Pause) (young) (initial-mark) 225M->200M(256M), 0.0026129 secs]
[GC concurrent-root-region-scan-start]
[GC concurrent-root-region-scan-end, 0.0003978 secs]
[GC concurrent-mark-start]
Application time: 0.0563634 seconds
[GC pause (G1 Evacuation Pause) (young) 225M->200M(256M), 0.0024139 secs]
Application time: 0.0542215 seconds
[GC pause (G1 Evacuation Pause) (young) 225M->200M(256M), 0.0023216 secs]
Application time: 0.0431826 seconds
[GC pause (G1 Evacuation Pause) (young) 225M->200M(256M), 0.0023848 secs]
Application time: 0.0370406 seconds
[GC pause (G1 Evacuation Pause) (young) 225M->200M(256M), 0.0023310 secs]
Application time: 0.0382440 seconds
[GC pause (G1 Evacuation Pause) (young) 225M->200M(256M), 0.0025243 secs]
[GC concurrent-mark-end, 0.2694583 secs]
Application time: 0.0224700 seconds
[GC remark, 0.0064265 secs]
Application time: 0.0005588 seconds
[GC cleanup 216M->216M(256M), 0.0017395 secs]
Application time: 0.0103899 seconds
[GC pause (G1 Evacuation Pause) (young) 225M->200M(256M), 0.0022755 secs]
Application time: 0.0255265 seconds
[GC pause (G1 Evacuation Pause) (young) 225M->200M(256M), 0.0022670 secs]
Application time: 0.0295369 seconds
[GC pause (G1 Evacuation Pause) (young) (initial-mark) 225M->200M(256M), 0.0026430 secs]
[GC concurrent-root-region-scan-start]
[GC concurrent-root-region-scan-end, 0.0004242 secs]
[GC concurrent-mark-start]
Application time: 0.0564240 seconds
[GC pause (G1 Evacuation Pause) (young) 225M->200M(256M), 0.0023625 secs]
Application time: 0.0551029 seconds
[GC pause (G1 Evacuation Pause) (young) 225M->200M(256M), 0.0022211 secs]
Application time: 0.0393333 seconds
[GC pause (G1 Evacuation Pause) (young) 225M->200M(256M), 0.0022639 secs]
Application time: 0.0389542 seconds
[GC pause (G1 Evacuation Pause) (young) 225M->200M(256M), 0.0024368 secs]
Application time: 0.0368972 seconds
[GC pause (G1 Evacuation Pause) (young) 225M->200M(256M), 0.0024136 secs]
[GC concurrent-mark-end, 0.2632443 secs]
Application time: 0.0174480 seconds
[GC remark, 0.0065498 secs]
Application time: 0.0009808 seconds
[GC cleanup 209M->209M(256M), 0.0034296 secs]
Application time: 0.0176046 seconds
[GC pause (G1 Evacuation Pause) (young) 225M->200M(256M), 0.0060244 secs]
Application time: 0.0259607 seconds
[GC pause (G1 Evacuation Pause) (young) 225M->200M(256M), 0.0025225 secs]
Application time: 0.0273763 seconds
[GC pause (G1 Evacuation Pause) (young) (initial-mark) 225M->200M(256M), 0.0026101 secs]
[GC concurrent-root-region-scan-start]
[GC concurrent-root-region-scan-end, 0.0004038 secs]
[GC concurrent-mark-start]
Application time: 0.0597347 seconds
[GC pause (G1 Evacuation Pause) (young) 225M->200M(256M), 0.0022700 secs]
Application time: 0.0457575 seconds
[GC pause (G1 Evacuation Pause) (young) 225M->200M(256M), 0.0024310 secs]
Application time: 0.0614791 seconds
[GC pause (G1 Evacuation Pause) (young) 225M->200M(256M), 0.0023406 secs]
[GC concurrent-mark-end, 0.2138165 secs]
Application time: 0.0343488 seconds
[GC remark, 0.0060711 secs]
Application time: 0.0012697 seconds
[GC cleanup 221M->221M(256M), 0.0034068 secs]
Application time: 0.0049458 seconds
[GC pause (G1 Evacuation Pause) (young) 225M->200M(256M), 0.0053262 secs]
Application time: 0.0261981 seconds
[GC pause (G1 Evacuation Pause) (young) 225M->200M(256M), 0.0025384 secs]
Application time: 0.0258528 seconds
[GC pause (G1 Evacuation Pause) (young) (initial-mark) 225M->200M(256M), 0.0026051 secs]
[GC concurrent-root-region-scan-start]
[GC concurrent-root-region-scan-end, 0.0004356 secs]
[GC concurrent-mark-start]
Application time: 0.0427295 seconds
[GC pause (G1 Evacuation Pause) (young) 225M->200M(256M), 0.0023801 secs]
Application time: 0.0456776 seconds
[GC pause (G1 Evacuation Pause) (young) 225M->200M(256M), 0.0023526 secs]
Application time: 0.0525322 seconds
[GC pause (G1 Evacuation Pause) (young) 225M->201M(256M), 0.0024964 secs]
Application time: 0.0594856 seconds
[GC pause (G1 Evacuation Pause) (young) 226M->200M(256M), 0.0024050 secs]
[GC concurrent-mark-end, 0.2239778 secs]
Application time: 0.0123396 seconds
[GC remark, 0.0060967 secs]
Application time: 0.0000485 seconds
[GC cleanup 206M->206M(256M), 0.0016973 secs]
Application time: 0.0257319 seconds
[GC pause (G1 Evacuation Pause) (young) 225M->201M(256M), 0.0023123 secs]
Application time: 0.0251562 seconds
[GC pause (G1 Evacuation Pause) (young) 226M->201M(256M), 0.0023593 secs]
Application time: 0.0252864 seconds
[GC pause (G1 Evacuation Pause) (young) (initial-mark) 226M->201M(256M), 0.0025954 secs]
[GC concurrent-root-region-scan-start]
[GC concurrent-root-region-scan-end, 0.0003895 secs]
[GC concurrent-mark-start]
Application time: 0.0475263 seconds
[GC pause (G1 Evacuation Pause) (young) 226M->201M(256M), 0.0023080 secs]
Application time: 0.0389756 seconds
[GC pause (G1 Evacuation Pause) (young) 226M->201M(256M), 0.0024037 secs]
Application time: 0.0405399 seconds
[GC pause (G1 Evacuation Pause) (young) 226M->201M(256M), 0.0024563 secs]
Application time: 0.0468369 seconds
[GC pause (G1 Evacuation Pause) (young) 226M->201M(256M), 0.0025469 secs]
[GC concurrent-mark-end, 0.2371681 secs]
Application time: 0.0518692 seconds
[GC remark, 0.0061584 secs]
Application time: 0.0000812 seconds
[GC cleanup 221M->221M(256M), 0.0017573 secs]
Application time: 0.0107881 seconds
[GC pause (G1 Evacuation Pause) (young) 226M->201M(256M), 0.0023746 secs]
Application time: 0.0279872 seconds
[GC pause (G1 Evacuation Pause) (young) 226M->201M(256M), 0.0024152 secs]
Application time: 0.0259261 seconds
[GC pause (G1 Evacuation Pause) (young) (initial-mark) 226M->201M(256M), 0.0027467 secs]
[GC concurrent-root-region-scan-start]
[GC concurrent-root-region-scan-end, 0.0004395 secs]
[GC concurrent-mark-start]
Application time: 0.0431155 seconds
[GC pause (G1 Evacuation Pause) (young) 226M->201M(256M), 0.0025303 secs]
Application time: 0.0419964 seconds
[GC pause (G1 Evacuation Pause) (young) 226M->201M(256M), 0.0024728 secs]
Application time: 0.0570181 seconds
[GC pause (G1 Evacuation Pause) (young) 226M->201M(256M), 0.0022951 secs]
Application time: 0.0620921 seconds
[GC pause (G1 Evacuation Pause) (young) 226M->201M(256M), 0.0023087 secs]
[GC concurrent-mark-end, 0.2172979 secs]
Application time: 0.0029664 seconds
[GC remark, 0.0060562 secs]
Application time: 0.0001067 seconds
[GC cleanup 202M->202M(256M), 0.0016767 secs]
Application time: 0.0296435 seconds
[GC pause (G1 Evacuation Pause) (young) 226M->201M(256M), 0.0023064 secs]
Application time: 0.0264248 seconds
[GC pause (G1 Evacuation Pause) (young) 226M->201M(256M), 0.0023807 secs]
Application time: 0.0261195 seconds
[GC pause (G1 Evacuation Pause) (young) (initial-mark) 226M->201M(256M), 0.0026460 secs]
[GC concurrent-root-region-scan-start]
[GC concurrent-root-region-scan-end, 0.0003764 secs]
[GC concurrent-mark-start]
Application time: 0.0501728 seconds
[GC pause (G1 Evacuation Pause) (young) 226M->201M(256M), 0.0023288 secs]
Application time: 0.0621413 seconds
[GC pause (G1 Evacuation Pause) (young) 226M->201M(256M), 0.0021874 secs]
Application time: 0.0601462 seconds
[GC pause (G1 Evacuation Pause) (young) 226M->201M(256M), 0.0023496 secs]
[GC concurrent-mark-end, 0.1993922 secs]
Application time: 0.0166110 seconds
[GC remark, 0.0087524 secs]
Application time: 0.0000945 seconds
[GC cleanup 208M->208M(256M), 0.0017336 secs]
Application time: 0.0302032 seconds
[GC pause (G1 Evacuation Pause) (young) 226M->201M(256M), 0.0023056 secs]
Application time: 0.0262469 seconds
[GC pause (G1 Evacuation Pause) (young) 226M->201M(256M), 0.0022898 secs]
Application time: 0.0263465 seconds
[GC pause (G1 Evacuation Pause) (young) (initial-mark) 226M->201M(256M), 0.0025135 secs]
[GC concurrent-root-region-scan-start]
[GC concurrent-root-region-scan-end, 0.0004171 secs]
[GC concurrent-mark-start]
Application time: 0.0461052 seconds
[GC pause (G1 Evacuation Pause) (young) 226M->201M(256M), 0.0021550 secs]
Application time: 0.0613777 seconds
[GC pause (G1 Evacuation Pause) (young) 226M->201M(256M), 0.0022907 secs]
Application time: 0.0561042 seconds
[GC pause (G1 Evacuation Pause) (young) 226M->201M(256M), 0.0023494 secs]
[GC concurrent-mark-end, 0.2223522 secs]
Application time: 0.0476473 seconds
[GC remark, 0.0065493 secs]
Application time: 0.0000996 seconds
[GC cleanup 223M->223M(256M), 0.0018689 secs]
Application time: 0.0042140 seconds
[GC pause (G1 Evacuation Pause) (young) 226M->201M(256M), 0.0038376 secs]
Application time: 0.0261268 seconds
[GC pause (G1 Evacuation Pause) (young) 226M->201M(256M), 0.0055840 secs]
Application time: 0.0261554 seconds
[GC pause (G1 Evacuation Pause) (young) (initial-mark) 226M->201M(256M), 0.0038268 secs]
[GC concurrent-root-region-scan-start]
[GC concurrent-root-region-scan-end, 0.0003879 secs]
[GC concurrent-mark-start]
Application time: 0.0546245 seconds
[GC pause (G1 Evacuation Pause) (young) 226M->201M(256M), 0.0021729 secs]
Application time: 0.0690732 seconds
[GC pause (G1 Evacuation Pause) (young) 226M->201M(256M), 0.0021922 secs]
[GC concurrent-mark-end, 0.1807950 secs]
Application time: 0.0521767 seconds
[GC remark, 0.0058184 secs]
Application time: 0.0000585 seconds
[GC cleanup 223M->223M(256M), 0.0016474 secs]
Application time: 0.0039258 seconds
[GC pause (G1 Evacuation Pause) (young) 226M->201M(256M), 0.0028480 secs]
Application time: 0.0258192 seconds
[GC pause (G1 Evacuation Pause) (young) 226M->201M(256M), 0.0021833 secs]
Application time: 0.0409670 seconds
[GC pause (G1 Evacuation Pause) (young) (initial-mark) 226M->201M(256M), 0.0025104 secs]
[GC concurrent-root-region-scan-start]
[GC concurrent-root-region-scan-end, 0.0004069 secs]
[GC concurrent-mark-start]
Application time: 0.0437252 seconds
[GC pause (G1 Evacuation Pause) (young) 226M->201M(256M), 0.0022776 secs]
Application time: 0.0420433 seconds
[GC pause (G1 Evacuation Pause) (young) 226M->201M(256M), 0.0024983 secs]
Application time: 0.0410552 seconds
[GC pause (G1 Evacuation Pause) (young) 226M->201M(256M), 0.0025415 secs]
Application time: 0.0381731 seconds
[GC pause (G1 Evacuation Pause) (young) 225M->201M(256M), 0.0024328 secs]
Application time: 0.0604924 seconds
[GC pause (G1 Evacuation Pause) (young) 225M->201M(256M), 0.0024325 secs]
[GC concurrent-mark-end, 0.2626035 secs]
Application time: 0.0225838 seconds
[GC remark, 0.0093331 secs]
Application time: 0.0000836 seconds
[GC cleanup 210M->210M(256M), 0.0017670 secs]
Application time: 0.0203011 seconds
[GC pause (G1 Evacuation Pause) (young) 225M->201M(256M), 0.0025870 secs]
Application time: 0.0120226 seconds
[GC pause (G1 Evacuation Pause) (mixed) 212M->200M(256M), 0.0022925 secs]
Application time: 0.0271097 seconds
[GC pause (G1 Evacuation Pause) (young) 225M->200M(256M), 0.0023547 secs]
Application time: 0.0312033 seconds
[GC pause (G1 Evacuation Pause) (young) (initial-mark) 225M->200M(256M), 0.0027917 secs]
[GC concurrent-root-region-scan-start]
[GC concurrent-root-region-scan-end, 0.0004051 secs]
[GC concurrent-mark-start]
Application time: 0.0623767 seconds
[GC pause (G1 Evacuation Pause) (young) 225M->200M(256M), 0.0022239 secs]
Application time: 0.0612945 seconds
[GC pause (G1 Evacuation Pause) (young) 225M->200M(256M), 0.0023445 secs]
[GC concurrent-mark-end, 0.1597739 secs]
Application time: 0.0309410 seconds
[GC remark, 0.0076931 secs]
Application time: 0.0000543 seconds
[GC cleanup 213M->213M(256M), 0.0019124 secs]
Application time: 0.0150302 seconds
[GC pause (G1 Evacuation Pause) (young) 225M->200M(256M), 0.0024729 secs]
Application time: 0.0438621 seconds
[GC pause (G1 Evacuation Pause) (young) 225M->200M(256M), 0.0028736 secs]
Application time: 0.0673797 seconds
[GC pause (G1 Evacuation Pause) (young) (initial-mark) 225M->200M(256M), 0.0029533 secs]
[GC concurrent-root-region-scan-start]
[GC concurrent-root-region-scan-end, 0.0005148 secs]
[GC concurrent-mark-start]
Application time: 0.0448716 seconds
[GC pause (G1 Evacuation Pause) (young) 225M->200M(256M), 0.0027481 secs]
Application time: 0.0662194 seconds
[GC pause (G1 Evacuation Pause) (young) 225M->200M(256M), 0.0024854 secs]
Application time: 0.0451482 seconds
[GC pause (G1 Evacuation Pause) (young) 225M->200M(256M), 0.0024159 secs]
Application time: 0.0426069 seconds
[GC pause (G1 Evacuation Pause) (young) 225M->200M(256M), 0.0022313 secs]
Application time: 0.0446904 seconds
[GC pause (G1 Evacuation Pause) (young) 225M->200M(256M), 0.0022638 secs]
Application time: 0.0428134 seconds
[GC pause (G1 Evacuation Pause) (young) 225M->200M(256M), 0.0022040 secs]
[GC concurrent-mark-end, 0.3214678 secs]
Application time: 0.0023442 seconds
[GC remark, 0.0063578 secs]
Application time: 0.0000426 seconds
[GC cleanup 201M->201M(256M), 0.0017927 secs]
Application time: 0.0263198 seconds
[GC pause (G1 Evacuation Pause) (young) 225M->200M(256M), 0.0021345 secs]
Application time: 0.0115782 seconds
[GC pause (G1 Evacuation Pause) (mixed) 211M->200M(256M), 0.0021182 secs]
Application time: 0.0259508 seconds
[GC pause (G1 Evacuation Pause) (young) 225M->200M(256M), 0.0023142 secs]
Application time: 0.0255242 seconds
[GC pause (G1 Evacuation Pause) (young) (initial-mark) 225M->200M(256M), 0.0024164 secs]
[GC concurrent-root-region-scan-start]
[GC concurrent-root-region-scan-end, 0.0004420 secs]
[GC concurrent-mark-start]
Application time: 0.0510312 seconds
[GC pause (G1 Evacuation Pause) (young) 225M->200M(256M), 0.0021361 secs]
Application time: 0.0449036 seconds
[GC pause (G1 Evacuation Pause) (young) 225M->200M(256M), 0.0022636 secs]
Application time: 0.0560652 seconds
[GC pause (G1 Evacuation Pause) (young) 225M->200M(256M), 0.0021666 secs]
Application time: 0.0563280 seconds
[GC pause (G1 Evacuation Pause) (young) 225M->200M(256M), 0.0022112 secs]
[GC concurrent-mark-end, 0.2276568 secs]
Application time: 0.0089911 seconds
[GC remark, 0.0063234 secs]
Application time: 0.0000456 seconds
[GC cleanup 204M->204M(256M), 0.0016871 secs]
Application time: 0.0242026 seconds
[GC pause (G1 Evacuation Pause) (young) 225M->200M(256M), 0.0022273 secs]
Application time: 0.0116428 seconds
[GC pause (G1 Evacuation Pause) (mixed) 211M->200M(256M), 0.0023097 secs]
Application time: 0.0265910 seconds
[GC pause (G1 Evacuation Pause) (young) 225M->200M(256M), 0.0023811 secs]
Application time: 0.0263801 seconds
[GC pause (G1 Evacuation Pause) (young) (initial-mark) 225M->200M(256M), 0.0022590 secs]
[GC concurrent-root-region-scan-start]
[GC concurrent-root-region-scan-end, 0.0003205 secs]
[GC concurrent-mark-start]
Application time: 0.0637537 seconds
[GC pause (G1 Evacuation Pause) (young) 225M->200M(256M), 0.0020789 secs]
Application time: 0.0457567 seconds
[GC pause (G1 Evacuation Pause) (young) 225M->200M(256M), 0.0021963 secs]
Application time: 0.0406492 seconds
[GC pause (G1 Evacuation Pause) (young) 225M->200M(256M), 0.0022164 secs]
Application time: 0.0411951 seconds
[GC pause (G1 Evacuation Pause) (young) 225M->200M(256M), 0.0022234 secs]
Application time: 0.0398984 seconds
[GC pause (G1 Evacuation Pause) (young) 225M->200M(256M), 0.0023111 secs]
[GC concurrent-mark-end, 0.2978696 secs]
Application time: 0.0388974 seconds
[GC pause (G1 Evacuation Pause) (young) 225M->200M(256M), 0.0022714 secs]
Application time: 0.0000715 seconds
[GC remark, 0.0064931 secs]
Application time: 0.0000476 seconds
[GC cleanup 200M->200M(256M), 0.0018327 secs]
Application time: 0.0032804 seconds
Application time: 0.0302885 seconds
[GC pause (G1 Evacuation Pause) (young) 225M->200M(256M), 0.0024555 secs]
Application time: 0.0255936 seconds
[GC pause (G1 Evacuation Pause) (young) 225M->200M(256M), 0.0023285 secs]
Application time: 0.0283434 seconds
[GC pause (G1 Evacuation Pause) (young) (initial-mark) 225M->200M(256M), 0.0027971 secs]
[GC concurrent-root-region-scan-start]
[GC concurrent-root-region-scan-end, 0.0003829 secs]
[GC concurrent-mark-start]
Application time: 0.0592616 seconds
[GC pause (G1 Evacuation Pause) (young) 225M->200M(256M), 0.0023518 secs]
Application time: 0.0373980 seconds
[GC pause (G1 Evacuation Pause) (young) 225M->200M(256M), 0.0022576 secs]
Application time: 0.0643206 seconds
[GC pause (G1 Evacuation Pause) (young) 225M->200M(256M), 0.0022118 secs]
[GC concurrent-mark-end, 0.2020178 secs]
Application time: 0.0293966 seconds
[GC remark, 0.0064295 secs]
Application time: 0.0000753 seconds
[GC cleanup 212M->212M(256M), 0.0019399 secs]
Application time: 0.0161824 seconds
[GC pause (G1 Evacuation Pause) (young) 225M->200M(256M), 0.0021942 secs]
Application time: 0.0398943 seconds
[GC pause (G1 Evacuation Pause) (young) 225M->200M(256M), 0.0027143 secs]
Application time: 0.0307113 seconds
[GC pause (G1 Evacuation Pause) (young) (initial-mark) 225M->200M(256M), 0.0048550 secs]
[GC concurrent-root-region-scan-start]
[GC concurrent-root-region-scan-end, 0.0004534 secs]
[GC concurrent-mark-start]
Application time: 0.0480790 seconds
[GC pause (G1 Evacuation Pause) (young) 225M->200M(256M), 0.0020596 secs]
Application time: 0.0472074 seconds
[GC pause (G1 Evacuation Pause) (young) 225M->200M(256M), 0.0020721 secs]
Application time: 0.0551776 seconds
[GC pause (G1 Evacuation Pause) (young) 225M->200M(256M), 0.0020128 secs]
Application time: 0.0546444 seconds
[GC pause (G1 Evacuation Pause) (young) 225M->200M(256M), 0.0019502 secs]
[GC concurrent-mark-end, 0.2327612 secs]
Application time: 0.0131797 seconds
[GC remark, 0.0058438 secs]
Application time: 0.0000413 seconds
[GC cleanup 206M->206M(256M), 0.0016751 secs]
Application time: 0.0266863 seconds
[GC pause (G1 Evacuation Pause) (young) 225M->200M(256M), 0.0020505 secs]
Application time: 0.0262092 seconds
[GC pause (G1 Evacuation Pause) (young) 225M->200M(256M), 0.0019816 secs]
Application time: 0.0306186 seconds
[GC pause (G1 Evacuation Pause) (young) (initial-mark) 225M->200M(256M), 0.0021046 secs]
[GC concurrent-root-region-scan-start]
[GC concurrent-root-region-scan-end, 0.0004244 secs]
[GC concurrent-mark-start]
Application time: 0.0579962 seconds
[GC pause (G1 Evacuation Pause) (young) 225M->200M(256M), 0.0018714 secs]
Application time: 0.0548850 seconds
[GC pause (G1 Evacuation Pause) (young) 225M->200M(256M), 0.0019140 secs]
Application time: 0.0547270 seconds
[GC pause (G1 Evacuation Pause) (young) 225M->200M(256M), 0.0020263 secs]
[GC concurrent-mark-end, 0.1763329 secs]
Application time: 0.0018237 seconds
[GC remark, 0.0057605 secs]
Application time: 0.0000670 seconds
[GC cleanup 201M->201M(256M), 0.0016357 secs]
Application time: 0.0294994 seconds
[GC pause (G1 Evacuation Pause) (young) 225M->200M(256M), 0.0020525 secs]
Application time: 0.0263522 seconds
[GC pause (G1 Evacuation Pause) (young) 225M->200M(256M), 0.0020705 secs]
Application time: 0.0260655 seconds
[GC pause (G1 Evacuation Pause) (young) (initial-mark) 225M->200M(256M), 0.0028761 secs]
[GC concurrent-root-region-scan-start]
[GC concurrent-root-region-scan-end, 0.0003651 secs]
[GC concurrent-mark-start]
Application time: 0.0593728 seconds
[GC pause (G1 Evacuation Pause) (young) 225M->200M(256M), 0.0020093 secs]
Application time: 0.0461629 seconds
[GC pause (G1 Evacuation Pause) (young) 225M->200M(256M), 0.0021110 secs]
Application time: 0.0432170 seconds
[GC pause (G1 Evacuation Pause) (young) 225M->200M(256M), 0.0020706 secs]
Application time: 0.0523717 seconds
[GC pause (G1 Evacuation Pause) (young) 225M->200M(256M), 0.0020529 secs]
[GC concurrent-mark-end, 0.2518863 secs]
Application time: 0.0300363 seconds
[GC remark, 0.0067438 secs]
Application time: 0.0000676 seconds
[GC cleanup 214M->214M(256M), 0.0019219 secs]
Application time: 0.0196626 seconds
[GC pause (G1 Evacuation Pause) (young) 225M->200M(256M), 0.0021667 secs]
Application time: 0.0261977 seconds
[GC pause (G1 Evacuation Pause) (young) 225M->200M(256M), 0.0021179 secs]
Application time: 0.0267767 seconds
[GC pause (G1 Evacuation Pause) (young) (initial-mark) 225M->200M(256M), 0.0024721 secs]
[GC concurrent-root-region-scan-start]
[GC concurrent-root-region-scan-end, 0.0004339 secs]
[GC concurrent-mark-start]
Application time: 0.0417512 seconds
[GC pause (G1 Evacuation Pause) (young) 225M->200M(256M), 0.0020309 secs]
Application time: 0.0465935 seconds
[GC pause (G1 Evacuation Pause) (young) 225M->200M(256M), 0.0021486 secs]
Application time: 0.0556287 seconds
[GC pause (G1 Evacuation Pause) (young) 225M->200M(256M), 0.0021008 secs]
Application time: 0.0557239 seconds
[GC pause (G1 Evacuation Pause) (young) 225M->200M(256M), 0.0019916 secs]
[GC concurrent-mark-end, 0.2399272 secs]
Application time: 0.0223606 seconds
[GC remark, 0.0061999 secs]
Application time: 0.0000977 seconds
[GC cleanup 211M->211M(256M), 0.0016746 secs]
Application time: 0.0161640 seconds
[GC pause (G1 Evacuation Pause) (young) 225M->200M(256M), 0.0019084 secs]
Application time: 0.0256177 seconds
[GC pause (G1 Evacuation Pause) (young) 225M->200M(256M), 0.0019783 secs]
Application time: 0.0290114 seconds
[GC pause (G1 Evacuation Pause) (young) (initial-mark) 225M->200M(256M), 0.0023606 secs]
[GC concurrent-root-region-scan-start]
[GC concurrent-root-region-scan-end, 0.0004782 secs]
[GC concurrent-mark-start]
Application time: 0.0473239 seconds
[GC pause (G1 Evacuation Pause) (young) 225M->200M(256M), 0.0019715 secs]
Application time: 0.0579503 seconds
[GC pause (G1 Evacuation Pause) (young) 225M->200M(256M), 0.0019372 secs]
Application time: 0.0539124 seconds
[GC pause (G1 Evacuation Pause) (young) 225M->200M(256M), 0.0020239 secs]
[GC concurrent-mark-end, 0.2020451 secs]
Application time: 0.0319649 seconds
[GC remark, 0.0061062 secs]
Application time: 0.0000679 seconds
[GC cleanup 215M->215M(256M), 0.0016943 secs]
Application time: 0.0112323 seconds
[GC pause (G1 Evacuation Pause) (young) 225M->200M(256M), 0.0017971 secs]
Application time: 0.0282911 seconds
[GC pause (G1 Evacuation Pause) (young) 225M->200M(256M), 0.0018984 secs]
Application time: 0.0300561 seconds
[GC pause (G1 Evacuation Pause) (young) (initial-mark) 225M->200M(256M), 0.0020670 secs]
[GC concurrent-root-region-scan-start]
[GC concurrent-root-region-scan-end, 0.0003505 secs]
[GC concurrent-mark-start]
Application time: 0.0539668 seconds
[GC pause (G1 Evacuation Pause) (young) 225M->200M(256M), 0.0018104 secs]
Application time: 0.0400736 seconds
[GC pause (G1 Evacuation Pause) (young) 225M->200M(256M), 0.0018148 secs]
Application time: 0.0371521 seconds
[GC pause (G1 Evacuation Pause) (young) 225M->200M(256M), 0.0017948 secs]
Application time: 0.0612878 seconds
[GC pause (G1 Evacuation Pause) (young) 225M->201M(256M), 0.0020395 secs]
[GC concurrent-mark-end, 0.2313008 secs]
Application time: 0.0282545 seconds
[GC remark, 0.0059052 secs]
Application time: 0.0000821 seconds
[GC cleanup 213M->213M(256M), 0.0016438 secs]
Application time: 0.0209996 seconds
[GC pause (G1 Evacuation Pause) (young) 226M->200M(256M), 0.0021258 secs]
Application time: 0.0266998 seconds
[GC pause (G1 Evacuation Pause) (young) 225M->201M(256M), 0.0019983 secs]
Application time: 0.0334554 seconds
[GC pause (G1 Evacuation Pause) (young) (initial-mark) 226M->201M(256M), 0.0022614 secs]
[GC concurrent-root-region-scan-start]
[GC concurrent-root-region-scan-end, 0.0004392 secs]
[GC concurrent-mark-start]
Application time: 0.0429974 seconds
[GC pause (G1 Evacuation Pause) (young) 226M->201M(256M), 0.0019428 secs]
Application time: 0.0442862 seconds
[GC pause (G1 Evacuation Pause) (young) 226M->201M(256M), 0.0021486 secs]
Application time: 0.0483044 seconds
[GC pause (G1 Evacuation Pause) (young) 226M->201M(256M), 0.0022271 secs]
Application time: 0.0619694 seconds
[GC pause (G1 Evacuation Pause) (young) 226M->201M(256M), 0.0021351 secs]
[GC concurrent-mark-end, 0.2406253 secs]
Application time: 0.0330563 seconds
[GC remark, 0.0060442 secs]
Application time: 0.0000877 seconds
[GC cleanup 213M->213M(256M), 0.0016522 secs]
Application time: 0.0208578 seconds
[GC pause (G1 Evacuation Pause) (young) 226M->201M(256M), 0.0023623 secs]
Application time: 0.0326110 seconds
[GC pause (G1 Evacuation Pause) (young) 226M->201M(256M), 0.0053900 secs]
Application time: 0.0258997 seconds
[GC pause (G1 Evacuation Pause) (young) (initial-mark) 226M->201M(256M), 0.0043262 secs]
[GC concurrent-root-region-scan-start]
[GC concurrent-root-region-scan-end, 0.0004422 secs]
[GC concurrent-mark-start]
Application time: 0.0413475 seconds
[GC pause (G1 Evacuation Pause) (young) 226M->201M(256M), 0.0020238 secs]
Application time: 0.0475306 seconds
[GC pause (G1 Evacuation Pause) (young) 226M->201M(256M), 0.0021753 secs]
Application time: 0.0395578 seconds
[GC pause (G1 Evacuation Pause) (young) 226M->201M(256M), 0.0021079 secs]
Application time: 0.0425762 seconds
[GC pause (G1 Evacuation Pause) (young) 226M->201M(256M), 0.0022653 secs]
Application time: 0.0554468 seconds
[GC pause (G1 Evacuation Pause) (young) 226M->201M(256M), 0.0021184 secs]
[GC concurrent-mark-end, 0.2727191 secs]
Application time: 0.0332879 seconds
[GC remark, 0.0061515 secs]
Application time: 0.0000698 seconds
[GC cleanup 216M->216M(256M), 0.0017324 secs]
Application time: 0.0131706 seconds
[GC pause (G1 Evacuation Pause) (young) 226M->201M(256M), 0.0021187 secs]
Application time: 0.0256897 seconds
[GC pause (G1 Evacuation Pause) (young) 226M->201M(256M), 0.0021897 secs]
Application time: 0.0264574 seconds
[GC pause (G1 Evacuation Pause) (young) (initial-mark) 226M->201M(256M), 0.0023493 secs]
[GC concurrent-root-region-scan-start]
[GC concurrent-root-region-scan-end, 0.0003815 secs]
[GC concurrent-mark-start]
Application time: 0.0406022 seconds
[GC pause (G1 Evacuation Pause) (young) 226M->201M(256M), 0.0020977 secs]
Application time: 0.0387257 seconds
[GC pause (G1 Evacuation Pause) (young) 226M->201M(256M), 0.0020228 secs]
Application time: 0.0423086 seconds
[GC pause (G1 Evacuation Pause) (young) 226M->201M(256M), 0.0022950 secs]
Application time: 0.0626629 seconds
[GC pause (G1 Evacuation Pause) (young) 226M->201M(256M), 0.0023169 secs]
[GC concurrent-mark-end, 0.2468090 secs]
Application time: 0.0521460 seconds
[GC remark, 0.0063186 secs]
Application time: 0.0000850 seconds
[GC cleanup 224M->224M(256M), 0.0016682 secs]
Application time: 0.0022737 seconds
[GC pause (G1 Evacuation Pause) (young) 226M->201M(256M), 0.0020545 secs]
Application time: 0.0256595 seconds
[GC pause (G1 Evacuation Pause) (young) 226M->201M(256M), 0.0022180 secs]
Application time: 0.0416258 seconds
[GC pause (G1 Evacuation Pause) (young) (initial-mark) 226M->201M(256M), 0.0027166 secs]
[GC concurrent-root-region-scan-start]
[GC concurrent-root-region-scan-end, 0.0003609 secs]
[GC concurrent-mark-start]
Application time: 0.0584559 seconds
[GC pause (G1 Evacuation Pause) (young) 226M->201M(256M), 0.0043042 secs]
Application time: 0.0564945 seconds
[GC pause (G1 Evacuation Pause) (young) 226M->201M(256M), 0.0025384 secs]
Application time: 0.0580296 seconds
[GC pause (G1 Evacuation Pause) (young) 226M->201M(256M), 0.0023543 secs]
[GC concurrent-mark-end, 0.1850672 secs]
Application time: 0.0016540 seconds
[GC remark, 0.0057426 secs]
Application time: 0.0000514 seconds
[GC cleanup 202M->202M(256M), 0.0015693 secs]
Application time: 0.0302671 seconds
[GC pause (G1 Evacuation Pause) (young) 226M->201M(256M), 0.0027401 secs]
Application time: 0.0268853 seconds
[GC pause (G1 Evacuation Pause) (young) 226M->201M(256M), 0.0025553 secs]
Application time: 0.0262151 seconds
[GC pause (G1 Evacuation Pause) (young) (initial-mark) 226M->201M(256M), 0.0026798 secs]
[GC concurrent-root-region-scan-start]
[GC concurrent-root-region-scan-end, 0.0004198 secs]
[GC concurrent-mark-start]
Application time: 0.0422018 seconds
[GC pause (G1 Evacuation Pause) (young) 226M->201M(256M), 0.0024417 secs]
Application time: 0.0395046 seconds
[GC pause (G1 Evacuation Pause) (young) 226M->201M(256M), 0.0024517 secs]
Application time: 0.0375502 seconds
[GC pause (G1 Evacuation Pause) (young) 226M->201M(256M), 0.0025444 secs]
Application time: 0.0377618 seconds
[GC pause (G1 Evacuation Pause) (young) 226M->201M(256M), 0.0023895 secs]
Application time: 0.0414079 seconds
[GC pause (G1 Evacuation Pause) (young) 226M->201M(256M), 0.0024763 secs]
Application time: 0.0402914 seconds
[GC pause (G1 Evacuation Pause) (young) 226M->201M(256M), 0.0023862 secs]
Application time: 0.0378702 seconds
[GC pause (G1 Evacuation Pause) (young) 225M->201M(256M), 0.0024079 secs]
Application time: 0.0394156 seconds
[GC pause (G1 Evacuation Pause) (young) 225M->201M(256M), 0.0024462 secs]
[GC concurrent-mark-end, 0.3619643 secs]
Application time: 0.0184923 seconds
[GC remark, 0.0061539 secs]
Application time: 0.0000471 seconds
[GC cleanup 213M->213M(256M), 0.0017084 secs]
Application time: 0.0169210 seconds
[GC pause (G1 Evacuation Pause) (young) 225M->201M(256M), 0.0024415 secs]
Application time: 0.0115204 seconds
[GC pause (G1 Evacuation Pause) (mixed) 212M->200M(256M), 0.0021095 secs]
Application time: 0.0255819 seconds
[GC pause (G1 Evacuation Pause) (young) 225M->200M(256M), 0.0022993 secs]
Application time: 0.0255942 seconds
[GC pause (G1 Evacuation Pause) (young) (initial-mark) 225M->200M(256M), 0.0024874 secs]
[GC concurrent-root-region-scan-start]
[GC concurrent-root-region-scan-end, 0.0004284 secs]
[GC concurrent-mark-start]
Application time: 0.0427458 seconds
[GC pause (G1 Evacuation Pause) (young) 225M->200M(256M), 0.0023771 secs]
Application time: 0.0419331 seconds
[GC pause (G1 Evacuation Pause) (young) 225M->200M(256M), 0.0024577 secs]
Application time: 0.0560795 seconds
[GC pause (G1 Evacuation Pause) (young) 225M->200M(256M), 0.0022993 secs]
Application time: 0.0548831 seconds
[GC pause (G1 Evacuation Pause) (young) 225M->200M(256M), 0.0023057 secs]
[GC concurrent-mark-end, 0.2396987 secs]
Application time: 0.0236740 seconds
[GC remark, 0.0062152 secs]
Application time: 0.0000542 seconds
[GC cleanup 211M->211M(256M), 0.0017279 secs]
Application time: 0.0208966 seconds
[GC pause (G1 Evacuation Pause) (young) 225M->200M(256M), 0.0031828 secs]
Application time: 0.0266335 seconds
[GC pause (G1 Evacuation Pause) (young) 225M->200M(256M), 0.0023253 secs]
Application time: 0.0260086 seconds
[GC pause (G1 Evacuation Pause) (young) (initial-mark) 225M->200M(256M), 0.0026968 secs]
[GC concurrent-root-region-scan-start]
[GC concurrent-root-region-scan-end, 0.0004088 secs]
[GC concurrent-mark-start]
Application time: 0.0633637 seconds
[GC pause (G1 Evacuation Pause) (young) 225M->200M(256M), 0.0024793 secs]
Application time: 0.0580311 seconds
[GC pause (G1 Evacuation Pause) (young) 225M->200M(256M), 0.0022441 secs]
Application time: 0.0548793 seconds
[GC pause (G1 Evacuation Pause) (young) 225M->200M(256M), 0.0023792 secs]
[GC concurrent-mark-end, 0.1851851 secs]
Application time: 0.0005870 seconds
[GC remark, 0.0056884 secs]
Application time: 0.0000383 seconds
[GC cleanup 200M->200M(256M), 0.0016773 secs]
Application time: 0.0280282 seconds
[GC pause (G1 Evacuation Pause) (young) 225M->200M(256M), 0.0023662 secs]
Application time: 0.0263625 seconds
[GC pause (G1 Evacuation Pause) (young) 225M->200M(256M), 0.0024501 secs]
Application time: 0.0274097 seconds
[GC pause (G1 Evacuation Pause) (young) (initial-mark) 225M->200M(256M), 0.0026664 secs]
[GC concurrent-root-region-scan-start]
[GC concurrent-root-region-scan-end, 0.0003803 secs]
[GC concurrent-mark-start]
Application time: 0.0615906 seconds
[GC pause (G1 Evacuation Pause) (young) 225M->200M(256M), 0.0023341 secs]
Application time: 0.0544330 seconds
[GC pause (G1 Evacuation Pause) (young) 225M->200M(256M), 0.0022931 secs]
Application time: 0.0557424 seconds
[GC pause (G1 Evacuation Pause) (young) 225M->200M(256M), 0.0023519 secs]
[GC concurrent-mark-end, 0.1916464 secs]
Application time: 0.0111079 seconds
[GC remark, 0.0061579 secs]
Application time: 0.0000446 seconds
[GC cleanup 206M->206M(256M), 0.0017098 secs]
Application time: 0.0238557 seconds
[GC pause (G1 Evacuation Pause) (young) 225M->200M(256M), 0.0023865 secs]
Application time: 0.0252928 seconds
[GC pause (G1 Evacuation Pause) (young) 225M->200M(256M), 0.0023760 secs]
Application time: 0.0261605 seconds
[GC pause (G1 Evacuation Pause) (young) (initial-mark) 225M->200M(256M), 0.0024537 secs]
[GC concurrent-root-region-scan-start]
[GC concurrent-root-region-scan-end, 0.0003635 secs]
[GC concurrent-mark-start]
Application time: 0.0608954 seconds
[GC pause (G1 Evacuation Pause) (young) 225M->200M(256M), 0.0023079 secs]
Application time: 0.0556714 seconds
[GC pause (G1 Evacuation Pause) (young) 225M->200M(256M), 0.0022590 secs]
[GC concurrent-mark-end, 0.1824019 secs]
Application time: 0.0601787 seconds
[GC remark, 0.0056963 secs]
Application time: 0.0000395 seconds
[GC cleanup 225M->225M(256M), 0.0017067 secs]
Application time: 0.0020131 seconds
[GC pause (G1 Evacuation Pause) (young) 225M->200M(256M), 0.0022409 secs]
Application time: 0.0278276 seconds
[GC pause (G1 Evacuation Pause) (young) 225M->200M(256M), 0.0023589 secs]
Application time: 0.0259787 seconds
[GC pause (G1 Evacuation Pause) (young) (initial-mark) 225M->200M(256M), 0.0025941 secs]
[GC concurrent-root-region-scan-start]
[GC concurrent-root-region-scan-end, 0.0004636 secs]
[GC concurrent-mark-start]
Application time: 0.0589335 seconds
[GC pause (G1 Evacuation Pause) (young) 225M->200M(256M), 0.0028565 secs]
Application time: 0.0517093 seconds
[GC pause (G1 Evacuation Pause) (young) 225M->200M(256M), 0.0030195 secs]
Application time: 0.0625838 seconds
[GC pause (G1 Evacuation Pause) (young) 225M->200M(256M), 0.0030011 secs]
[GC concurrent-mark-end, 0.1895921 secs]
Application time: 0.0020403 seconds
[GC remark, 0.0070194 secs]
Application time: 0.0000890 seconds
[GC cleanup 201M->201M(256M), 0.0019881 secs]
Application time: 0.0318045 seconds
[GC pause (G1 Evacuation Pause) (young) 225M->200M(256M), 0.0027759 secs]
Application time: 0.0263906 seconds
[GC pause (G1 Evacuation Pause) (young) 225M->200M(256M), 0.0027888 secs]
Application time: 0.0269551 seconds
[GC pause (G1 Evacuation Pause) (young) (initial-mark) 225M->200M(256M), 0.0031686 secs]
[GC concurrent-root-region-scan-start]
[GC concurrent-root-region-scan-end, 0.0004917 secs]
[GC concurrent-mark-start]
Application time: 0.0447080 seconds
[GC pause (G1 Evacuation Pause) (young) 225M->200M(256M), 0.0026967 secs]
Application time: 0.0488181 seconds
[GC pause (G1 Evacuation Pause) (young) 225M->200M(256M), 0.0028588 secs]
Application time: 0.0395680 seconds
[GC pause (G1 Evacuation Pause) (young) 225M->201M(256M), 0.0027388 secs]
Application time: 0.0388778 seconds
[GC pause (G1 Evacuation Pause) (young) 226M->200M(256M), 0.0027865 secs]
Application time: 0.0569667 seconds
[GC pause (G1 Evacuation Pause) (young) 225M->200M(256M), 0.0030152 secs]
[GC concurrent-mark-end, 0.2591903 secs]
Application time: 0.0138853 seconds
[GC remark, 0.0069269 secs]
Application time: 0.0000849 seconds
[GC cleanup 207M->207M(256M), 0.0018732 secs]
Application time: 0.0200931 seconds
[GC pause (G1 Evacuation Pause) (young) 225M->200M(256M), 0.0026929 secs]
Application time: 0.0278178 seconds
[GC pause (G1 Evacuation Pause) (young) 225M->201M(256M), 0.0027712 secs]
Application time: 0.0317990 seconds
[GC pause (G1 Evacuation Pause) (young) (initial-mark) 226M->200M(256M), 0.0032455 secs]
[GC concurrent-root-region-scan-start]
[GC concurrent-root-region-scan-end, 0.0005813 secs]
[GC concurrent-mark-start]
Application time: 0.0416449 seconds
[GC pause (G1 Evacuation Pause) (young) 225M->201M(256M), 0.0028368 secs]
Application time: 0.0416680 seconds
[GC pause (G1 Evacuation Pause) (young) 226M->201M(256M), 0.0028140 secs]
Application time: 0.0417798 seconds
[GC pause (G1 Evacuation Pause) (young) 226M->201M(256M), 0.0027046 secs]
Application time: 0.0382872 seconds
[GC pause (G1 Evacuation Pause) (young) 226M->201M(256M), 0.0026353 secs]
Application time: 0.0491983 seconds
[GC pause (G1 Evacuation Pause) (young) 226M->201M(256M), 0.0027280 secs]
Application time: 0.0595998 seconds
[GC pause (G1 Evacuation Pause) (young) 226M->201M(256M), 0.0028575 secs]
[GC concurrent-mark-end, 0.3094378 secs]
Application time: 0.0102508 seconds
[GC remark, 0.0068689 secs]
Application time: 0.0000819 seconds
[GC cleanup 205M->205M(256M), 0.0020024 secs]
Application time: 0.0261565 seconds
[GC pause (G1 Evacuation Pause) (young) 226M->201M(256M), 0.0026451 secs]
Application time: 0.0267960 seconds
[GC pause (G1 Evacuation Pause) (young) 226M->201M(256M), 0.0026248 secs]
Application time: 0.0271353 seconds
[GC pause (G1 Evacuation Pause) (young) (initial-mark) 226M->201M(256M), 0.0028391 secs]
[GC concurrent-root-region-scan-start]
[GC concurrent-root-region-scan-end, 0.0004690 secs]
[GC concurrent-mark-start]
Application time: 0.0499214 seconds
[GC pause (G1 Evacuation Pause) (young) 226M->201M(256M), 0.0025906 secs]
Application time: 0.0398696 seconds
[GC pause (G1 Evacuation Pause) (young) 226M->201M(256M), 0.0025997 secs]
Application time: 0.0452934 seconds
[GC pause (G1 Evacuation Pause) (young) 226M->201M(256M), 0.0027361 secs]
Application time: 0.0398644 seconds
[GC pause (G1 Evacuation Pause) (young) 226M->201M(256M), 0.0025725 secs]
Application time: 0.0418336 seconds
[GC pause (G1 Evacuation Pause) (young) 226M->201M(256M), 0.0027445 secs]
Application time: 0.0376588 seconds
[GC pause (G1 Evacuation Pause) (young) 226M->201M(256M), 0.0027461 secs]
Application time: 0.0451402 seconds
[GC pause (G1 Evacuation Pause) (young) 226M->201M(256M), 0.0034964 secs]
[GC concurrent-mark-end, 0.3635702 secs]
Application time: 0.0330067 seconds
[GC remark, 0.0072253 secs]
Application time: 0.0000537 seconds
[GC cleanup 216M->216M(256M), 0.0020004 secs]
Application time: 0.0163530 seconds
[GC pause (G1 Evacuation Pause) (young) 226M->201M(256M), 0.0027523 secs]
Application time: 0.0268109 seconds
[GC pause (G1 Evacuation Pause) (young) 226M->201M(256M), 0.0026940 secs]
Application time: 0.0286478 seconds
[GC pause (G1 Evacuation Pause) (young) (initial-mark) 226M->201M(256M), 0.0029753 secs]
[GC concurrent-root-region-scan-start]
[GC concurrent-root-region-scan-end, 0.0004554 secs]
[GC concurrent-mark-start]
Application time: 0.0638019 seconds
[GC pause (G1 Evacuation Pause) (young) 226M->201M(256M), 0.0032667 secs]
Application time: 0.0552539 seconds
[GC pause (G1 Evacuation Pause) (young) 226M->201M(256M), 0.0027466 secs]
Application time: 0.0567200 seconds
[GC pause (G1 Evacuation Pause) (young) 226M->201M(256M), 0.0032813 secs]
[GC concurrent-mark-end, 0.1894172 secs]
Application time: 0.0034363 seconds
[GC remark, 0.0064286 secs]
Application time: 0.0000787 seconds
[GC cleanup 202M->202M(256M), 0.0019039 secs]
Application time: 0.0290923 seconds
[GC pause (G1 Evacuation Pause) (young) 226M->201M(256M), 0.0029914 secs]
Application time: 0.0272865 seconds
[GC pause (G1 Evacuation Pause) (young) 226M->201M(256M), 0.0029131 secs]
Application time: 0.0283991 seconds
[GC pause (G1 Evacuation Pause) (young) (initial-mark) 226M->201M(256M), 0.0029415 secs]
[GC concurrent-root-region-scan-start]
[GC concurrent-root-region-scan-end, 0.0004671 secs]
[GC concurrent-mark-start]
Application time: 0.0608985 seconds
[GC pause (G1 Evacuation Pause) (young) 226M->201M(256M), 0.0029128 secs]
Application time: 0.0562356 seconds
[GC pause (G1 Evacuation Pause) (young) 226M->201M(256M), 0.0026548 secs]
Application time: 0.0540420 seconds
[GC pause (G1 Evacuation Pause) (young) 226M->201M(256M), 0.0027709 secs]
[GC concurrent-mark-end, 0.1890467 secs]
Application time: 0.0086510 seconds
[GC remark, 0.0064452 secs]
Application time: 0.0037123 seconds
[GC cleanup 207M->207M(256M), 0.0020608 secs]
Application time: 0.0218836 seconds
[GC pause (G1 Evacuation Pause) (young) 226M->201M(256M), 0.0027392 secs]
Application time: 0.0264898 seconds
[GC pause (G1 Evacuation Pause) (young) 226M->201M(256M), 0.0028047 secs]
Application time: 0.0299083 seconds
[GC pause (G1 Evacuation Pause) (young) (initial-mark) 226M->201M(256M), 0.0028811 secs]
[GC concurrent-root-region-scan-start]
[GC concurrent-root-region-scan-end, 0.0004949 secs]
[GC concurrent-mark-start]
Application time: 0.0622439 seconds
[GC pause (G1 Evacuation Pause) (young) 226M->201M(256M), 0.0028920 secs]
Application time: 0.0576734 seconds
[GC pause (G1 Evacuation Pause) (young) 226M->201M(256M), 0.0071635 secs]
Application time: 0.0545937 seconds
[GC pause (G1 Evacuation Pause) (young) 226M->201M(256M), 0.0046251 secs]
[GC concurrent-mark-end, 0.2168559 secs]
Application time: 0.0225456 seconds
[GC remark, 0.0096878 secs]
Application time: 0.0000604 seconds
[GC cleanup 212M->212M(256M), 0.0020802 secs]
Application time: 0.0283954 seconds
[GC pause (G1 Evacuation Pause) (young) 226M->201M(256M), 0.0032464 secs]
Application time: 0.0301664 seconds
[GC pause (G1 Evacuation Pause) (young) 226M->201M(256M), 0.0028938 secs]
Application time: 0.0417020 seconds
[GC pause (G1 Evacuation Pause) (young) (initial-mark) 225M->201M(256M), 0.0029126 secs]
[GC concurrent-root-region-scan-start]
[GC concurrent-root-region-scan-end, 0.0004174 secs]
[GC concurrent-mark-start]
Application time: 0.0576347 seconds
[GC pause (G1 Evacuation Pause) (young) 225M->201M(256M), 0.0025427 secs]
Application time: 0.0684900 seconds
[GC pause (G1 Evacuation Pause) (young) 225M->201M(256M), 0.0025399 secs]
Application time: 0.0509118 seconds
[GC pause (G1 Evacuation Pause) (young) 225M->201M(256M), 0.0023210 secs]
[GC concurrent-mark-end, 0.1994451 secs]
Application time: 0.0138921 seconds
[GC remark, 0.0086788 secs]
Application time: 0.0018573 seconds
[GC cleanup 209M->209M(256M), 0.0018220 secs]
Application time: 0.0162162 seconds
[GC pause (G1 Evacuation Pause) (young) 225M->201M(256M), 0.0022843 secs]
Application time: 0.0115859 seconds
[GC pause (G1 Evacuation Pause) (mixed) 212M->200M(256M), 0.0019294 secs]
Application time: 0.0270170 seconds
[GC pause (G1 Evacuation Pause) (young) 225M->200M(256M), 0.0022477 secs]
Application time: 0.0270394 seconds
[GC pause (G1 Evacuation Pause) (young) (initial-mark) 225M->200M(256M), 0.0024706 secs]
[GC concurrent-root-region-scan-start]
[GC concurrent-root-region-scan-end, 0.0003175 secs]
[GC concurrent-mark-start]
Application time: 0.0465502 seconds
[GC pause (G1 Evacuation Pause) (young) 225M->200M(256M), 0.0023209 secs]
Application time: 0.0569777 seconds
[GC pause (G1 Evacuation Pause) (young) 225M->200M(256M), 0.0022706 secs]
Application time: 0.0536298 seconds
[GC pause (G1 Evacuation Pause) (young) 225M->200M(256M), 0.0022944 secs]
[GC concurrent-mark-end, 0.1911181 secs]
Application time: 0.0202021 seconds
[GC remark, 0.0061443 secs]
Application time: 0.0000867 seconds
[GC cleanup 210M->210M(256M), 0.0016436 secs]
Application time: 0.0188137 seconds
[GC pause (G1 Evacuation Pause) (young) 225M->200M(256M), 0.0022985 secs]
Application time: 0.0282346 seconds
[GC pause (G1 Evacuation Pause) (young) 225M->200M(256M), 0.0022842 secs]
Application time: 0.0270057 seconds
[GC pause (G1 Evacuation Pause) (young) (initial-mark) 225M->200M(256M), 0.0026202 secs]
[GC concurrent-root-region-scan-start]
[GC concurrent-root-region-scan-end, 0.0003826 secs]
[GC concurrent-mark-start]
Application time: 0.0413773 seconds
[GC pause (G1 Evacuation Pause) (young) 225M->200M(256M), 0.0022766 secs]
Application time: 0.0366114 seconds
[GC pause (G1 Evacuation Pause) (young) 225M->200M(256M), 0.0022584 secs]
Application time: 0.0530110 seconds
[GC pause (G1 Evacuation Pause) (young) 225M->200M(256M), 0.0021049 secs]
Application time: 0.0523170 seconds
[GC pause (G1 Evacuation Pause) (young) 225M->200M(256M), 0.0022254 secs]
[GC concurrent-mark-end, 0.2066513 secs]
Application time: 0.0109979 seconds
[GC remark, 0.0056577 secs]
Application time: 0.0000676 seconds
[GC cleanup 206M->206M(256M), 0.0015791 secs]
Application time: 0.0221539 seconds
[GC pause (G1 Evacuation Pause) (young) 225M->200M(256M), 0.0022798 secs]
Application time: 0.0229825 seconds
[GC pause (G1 Evacuation Pause) (young) 225M->200M(256M), 0.0028847 secs]
Application time: 0.0238926 seconds
[GC pause (G1 Evacuation Pause) (young) (initial-mark) 225M->200M(256M), 0.0025083 secs]
[GC concurrent-root-region-scan-start]
[GC concurrent-root-region-scan-end, 0.0004005 secs]
[GC concurrent-mark-start]
Application time: 0.0376096 seconds
[GC pause (G1 Evacuation Pause) (young) 225M->200M(256M), 0.0029215 secs]
Application time: 0.0440490 seconds
[GC pause (G1 Evacuation Pause) (young) 225M->200M(256M), 0.0028019 secs]
Application time: 0.0457456 seconds
[GC pause (G1 Evacuation Pause) (young) 225M->200M(256M), 0.0025266 secs]
Application time: 0.0389054 seconds
[GC pause (G1 Evacuation Pause) (young) 225M->200M(256M), 0.0022474 secs]
Application time: 0.0377933 seconds
[GC pause (G1 Evacuation Pause) (young) 225M->200M(256M), 0.0024304 secs]
Application time: 0.0382645 seconds
[GC pause (G1 Evacuation Pause) (young) 225M->200M(256M), 0.0022740 secs]
Application time: 0.0458614 seconds
[GC pause (G1 Evacuation Pause) (young) 225M->200M(256M), 0.0021817 secs]
[GC concurrent-mark-end, 0.3533315 secs]
Application time: 0.0359517 seconds
[GC remark, 0.0061361 secs]
Application time: 0.0000422 seconds
[GC cleanup 218M->218M(256M), 0.0016361 secs]
Application time: 0.0125317 seconds
[GC pause (G1 Evacuation Pause) (young) 225M->200M(256M), 0.0019682 secs]
Application time: 0.0254627 seconds
[GC pause (G1 Evacuation Pause) (young) 225M->200M(256M), 0.0020649 secs]
Application time: 0.0259125 seconds
[GC pause (G1 Evacuation Pause) (young) (initial-mark) 225M->200M(256M), 0.0022524 secs]
[GC concurrent-root-region-scan-start]
[GC concurrent-root-region-scan-end, 0.0003282 secs]
[GC concurrent-mark-start]
Application time: 0.0591935 seconds
[GC pause (G1 Evacuation Pause) (young) 225M->200M(256M), 0.0026400 secs]
Application time: 0.0844500 seconds
[GC pause (G1 Evacuation Pause) (young) 225M->200M(256M), 0.0022709 secs]
[GC concurrent-mark-end, 0.1727439 secs]
Application time: 0.0235183 seconds
[GC remark, 0.0063200 secs]
Application time: 0.0000726 seconds
[GC cleanup 209M->209M(256M), 0.0017272 secs]
Application time: 0.0186669 seconds
[GC pause (G1 Evacuation Pause) (young) 225M->200M(256M), 0.0020938 secs]
Application time: 0.0284220 seconds
[GC pause (G1 Evacuation Pause) (young) 225M->200M(256M), 0.0021225 secs]
Application time: 0.0260957 seconds
[GC pause (G1 Evacuation Pause) (young) (initial-mark) 225M->200M(256M), 0.0022903 secs]
[GC concurrent-root-region-scan-start]
[GC concurrent-root-region-scan-end, 0.0003991 secs]
[GC concurrent-mark-start]
Application time: 0.0666992 seconds
[GC pause (G1 Evacuation Pause) (young) 225M->200M(256M), 0.0029562 secs]
Application time: 0.0710516 seconds
[GC pause (G1 Evacuation Pause) (young) 225M->200M(256M), 0.0025574 secs]
[GC concurrent-mark-end, 0.1810065 secs]
Application time: 0.0368375 seconds
[GC remark, 0.0068517 secs]
Application time: 0.0000836 seconds
[GC cleanup 216M->216M(256M), 0.0019312 secs]
Application time: 0.0148680 seconds
[GC pause (G1 Evacuation Pause) (young) 225M->200M(256M), 0.0025729 secs]
Application time: 0.0265007 seconds
[GC pause (G1 Evacuation Pause) (young) 225M->200M(256M), 0.0023080 secs]
Application time: 0.0259436 seconds
[GC pause (G1 Evacuation Pause) (young) (initial-mark) 225M->200M(256M), 0.0027214 secs]
[GC concurrent-root-region-scan-start]
[GC concurrent-root-region-scan-end, 0.0004788 secs]
[GC concurrent-mark-start]
Application time: 0.0430496 seconds
[GC pause (G1 Evacuation Pause) (young) 225M->200M(256M), 0.0025034 secs]
Application time: 0.0400722 seconds
[GC pause (G1 Evacuation Pause) (young) 225M->201M(256M), 0.0025718 secs]
Application time: 0.0465300 seconds
[GC pause (G1 Evacuation Pause) (young) 226M->200M(256M), 0.0036001 secs]
Application time: 0.0566386 seconds
[GC pause (G1 Evacuation Pause) (young) 225M->201M(256M), 0.0026208 secs]
[GC concurrent-mark-end, 0.2417109 secs]
Application time: 0.0389878 seconds
[GC remark, 0.0074903 secs]
Application time: 0.0000727 seconds
[GC cleanup 219M->219M(256M), 0.0020309 secs]
Application time: 0.0101866 seconds
[GC pause (G1 Evacuation Pause) (young) 226M->200M(256M), 0.0025275 secs]
Application time: 0.0265923 seconds
[GC pause (G1 Evacuation Pause) (young) 225M->201M(256M), 0.0026514 secs]
Application time: 0.0287497 seconds
[GC pause (G1 Evacuation Pause) (young) (initial-mark) 226M->200M(256M), 0.0027522 secs]
[GC concurrent-root-region-scan-start]
[GC concurrent-root-region-scan-end, 0.0004632 secs]
[GC concurrent-mark-start]
Application time: 0.0599910 seconds
[GC pause (G1 Evacuation Pause) (young) 225M->201M(256M), 0.0029131 secs]
Application time: 0.0387137 seconds
[GC pause (G1 Evacuation Pause) (young) 226M->201M(256M), 0.0025560 secs]
Application time: 0.0415002 seconds
[GC pause (G1 Evacuation Pause) (young) 226M->201M(256M), 0.0026480 secs]
Application time: 0.0474652 seconds
[GC pause (G1 Evacuation Pause) (young) 226M->201M(256M), 0.0027309 secs]
Application time: 0.0402420 seconds
[GC pause (G1 Evacuation Pause) (young) 226M->201M(256M), 0.0027976 secs]
[GC concurrent-mark-end, 0.2924038 secs]
Application time: 0.0337062 seconds
[GC remark, 0.0073359 secs]
Application time: 0.0000726 seconds
[GC cleanup 213M->213M(256M), 0.0019942 secs]
Application time: 0.0164737 seconds
[GC pause (G1 Evacuation Pause) (young) 226M->201M(256M), 0.0026510 secs]
Application time: 0.0267199 seconds
[GC pause (G1 Evacuation Pause) (young) 226M->201M(256M), 0.0027024 secs]
Application time: 0.0265467 seconds
[GC pause (G1 Evacuation Pause) (young) (initial-mark) 226M->201M(256M), 0.0029877 secs]
[GC concurrent-root-region-scan-start]
[GC concurrent-root-region-scan-end, 0.0004749 secs]
[GC concurrent-mark-start]
Application time: 0.0695306 seconds
[GC pause (G1 Evacuation Pause) (young) 226M->201M(256M), 0.0026416 secs]
Application time: 0.0627538 seconds
[GC pause (G1 Evacuation Pause) (young) 226M->201M(256M), 0.0025720 secs]
Application time: 0.0400799 seconds
[GC pause (G1 Evacuation Pause) (young) 226M->201M(256M), 0.0062252 secs]
[GC concurrent-mark-end, 0.2107154 secs]
Application time: 0.0192354 seconds
[GC remark, 0.0084691 secs]
Application time: 0.0000955 seconds
[GC cleanup 207M->207M(256M), 0.0035475 secs]
Application time: 0.0246328 seconds
[GC pause (G1 Evacuation Pause) (young) 226M->201M(256M), 0.0054323 secs]
Application time: 0.0269024 seconds
[GC pause (G1 Evacuation Pause) (young) 226M->201M(256M), 0.0029590 secs]
Application time: 0.0281713 seconds
[GC pause (G1 Evacuation Pause) (young) (initial-mark) 226M->201M(256M), 0.0029496 secs]
[GC concurrent-root-region-scan-start]
[GC concurrent-root-region-scan-end, 0.0004730 secs]
[GC concurrent-mark-start]
Application time: 0.0657412 seconds
[GC pause (G1 Evacuation Pause) (young) 226M->201M(256M), 0.0075936 secs]
Application time: 0.0410148 seconds
[GC pause (G1 Evacuation Pause) (young) 226M->201M(256M), 0.0025676 secs]
Application time: 0.0395100 seconds
[GC pause (G1 Evacuation Pause) (young) 226M->201M(256M), 0.0029303 secs]
Application time: 0.0424617 seconds
[GC pause (G1 Evacuation Pause) (young) 226M->201M(256M), 0.0025945 secs]
Application time: 0.0376236 seconds
[GC pause (G1 Evacuation Pause) (young) 226M->201M(256M), 0.0029225 secs]
[GC concurrent-mark-end, 0.2957546 secs]
Application time: 0.0425655 seconds
[GC remark, 0.0069710 secs]
Application time: 0.0000819 seconds
[GC cleanup 225M->225M(256M), 0.0021589 secs]
Application time: 0.0018883 seconds
[GC pause (G1 Evacuation Pause) (young) 226M->201M(256M), 0.0027290 secs]
Application time: 0.0300351 seconds
[GC pause (G1 Evacuation Pause) (young) 226M->201M(256M), 0.0028159 secs]
Application time: 0.0288119 seconds
[GC pause (G1 Evacuation Pause) (young) (initial-mark) 226M->201M(256M), 0.0029750 secs]
[GC concurrent-root-region-scan-start]
[GC concurrent-root-region-scan-end, 0.0005438 secs]
[GC concurrent-mark-start]
Application time: 0.0628545 seconds
[GC pause (G1 Evacuation Pause) (young) 226M->201M(256M), 0.0028411 secs]
Application time: 0.0613984 seconds
[GC pause (G1 Evacuation Pause) (young) 226M->201M(256M), 0.0027788 secs]
[GC concurrent-mark-end, 0.1805021 secs]
Application time: 0.0501867 seconds
[GC remark, 0.0066891 secs]
Application time: 0.0001034 seconds
[GC cleanup 222M->222M(256M), 0.0018732 secs]
Application time: 0.0082326 seconds
[GC pause (G1 Evacuation Pause) (young) 226M->201M(256M), 0.0027720 secs]
Application time: 0.0276790 seconds
[GC pause (G1 Evacuation Pause) (young) 226M->201M(256M), 0.0028132 secs]
Application time: 0.0279473 seconds
[GC pause (G1 Evacuation Pause) (young) (initial-mark) 226M->201M(256M), 0.0029811 secs]
[GC concurrent-root-region-scan-start]
[GC concurrent-root-region-scan-end, 0.0005220 secs]
[GC concurrent-mark-start]
Application time: 0.0660234 seconds
[GC pause (G1 Evacuation Pause) (young) 226M->201M(256M), 0.0027584 secs]
Application time: 0.0634395 seconds
[GC pause (G1 Evacuation Pause) (young) 226M->201M(256M), 0.0027208 secs]
[GC concurrent-mark-end, 0.1780874 secs]
Application time: 0.0421684 seconds
[GC remark, 0.0065609 secs]
Application time: 0.0000876 seconds
[GC cleanup 218M->218M(256M), 0.0018809 secs]
Application time: 0.0104086 seconds
[GC pause (G1 Evacuation Pause) (young) 226M->201M(256M), 0.0029600 secs]
Application time: 0.0279301 seconds
[GC pause (G1 Evacuation Pause) (young) 226M->201M(256M), 0.0026416 secs]
Application time: 0.0272649 seconds
[GC pause (G1 Evacuation Pause) (young) (initial-mark) 225M->201M(256M), 0.0030678 secs]
[GC concurrent-root-region-scan-start]
[GC concurrent-root-region-scan-end, 0.0005676 secs]
[GC concurrent-mark-start]
Application time: 0.0489674 seconds
[GC pause (G1 Evacuation Pause) (young) 225M->201M(256M), 0.0030607 secs]
Application time: 0.0520504 seconds
[GC pause (G1 Evacuation Pause) (young) 225M->201M(256M), 0.0031694 secs]
Application time: 0.0399102 seconds
[GC pause (G1 Evacuation Pause) (young) 225M->201M(256M), 0.0028402 secs]
Application time: 0.0426833 seconds
[GC pause (G1 Evacuation Pause) (young) 225M->201M(256M), 0.0028457 secs]
Application time: 0.0399428 seconds
[GC pause (G1 Evacuation Pause) (young) 225M->201M(256M), 0.0029303 secs]
Application time: 0.0429790 seconds
[GC pause (G1 Evacuation Pause) (young) 225M->201M(256M), 0.0028340 secs]
Application time: 0.0425465 seconds
[GC pause (G1 Evacuation Pause) (young) 225M->201M(256M), 0.0027427 secs]
[GC concurrent-mark-end, 0.3879484 secs]
Application time: 0.0439597 seconds
[GC remark, 0.0070965 secs]
Application time: 0.0028846 seconds
[GC cleanup 219M->219M(256M), 0.0021134 secs]
Application time: 0.0088385 seconds
[GC pause (G1 Evacuation Pause) (young) 225M->201M(256M), 0.0027921 secs]
Application time: 0.0132431 seconds
[GC pause (G1 Evacuation Pause) (mixed) 212M->200M(256M), 0.0025499 secs]
Application time: 0.0279716 seconds
[GC pause (G1 Evacuation Pause) (young) 225M->200M(256M), 0.0026925 secs]
Application time: 0.0306975 seconds
[GC pause (G1 Evacuation Pause) (young) (initial-mark) 225M->200M(256M), 0.0030196 secs]
[GC concurrent-root-region-scan-start]
[GC concurrent-root-region-scan-end, 0.0004410 secs]
[GC concurrent-mark-start]
Application time: 0.0551405 seconds
[GC pause (G1 Evacuation Pause) (young) 225M->200M(256M), 0.0025862 secs]
Application time: 0.0596976 seconds
[GC pause (G1 Evacuation Pause) (young) 225M->200M(256M), 0.0026225 secs]
Application time: 0.0616682 seconds
[GC pause (G1 Evacuation Pause) (young) 225M->200M(256M), 0.0027332 secs]
[GC concurrent-mark-end, 0.2229272 secs]
Application time: 0.0314582 seconds
[GC remark, 0.0066714 secs]
Application time: 0.0000724 seconds
[GC cleanup 212M->212M(256M), 0.0019330 secs]
Application time: 0.0187779 seconds
[GC pause (G1 Evacuation Pause) (young) 225M->200M(256M), 0.0026060 secs]
Application time: 0.0280724 seconds
[GC pause (G1 Evacuation Pause) (young) 225M->200M(256M), 0.0026927 secs]
Application time: 0.0272401 seconds
[GC pause (G1 Evacuation Pause) (young) (initial-mark) 225M->200M(256M), 0.0028886 secs]
[GC concurrent-root-region-scan-start]
[GC concurrent-root-region-scan-end, 0.0004472 secs]
[GC concurrent-mark-start]
Application time: 0.0704741 seconds
[GC pause (G1 Evacuation Pause) (young) 225M->200M(256M), 0.0024757 secs]
Application time: 0.0633140 seconds
[GC pause (G1 Evacuation Pause) (young) 225M->200M(256M), 0.0044705 secs]
[GC concurrent-mark-end, 0.1916887 secs]
Application time: 0.0496327 seconds
[GC remark, 0.0110069 secs]
Application time: 0.0000611 seconds
[GC cleanup 217M->217M(256M), 0.0037766 secs]
Application time: 0.0119766 seconds
[GC pause (G1 Evacuation Pause) (young) 225M->200M(256M), 0.0063439 secs]
Application time: 0.0284130 seconds
[GC pause (G1 Evacuation Pause) (young) 225M->200M(256M), 0.0056396 secs]
Application time: 0.0282651 seconds
[GC pause (G1 Evacuation Pause) (young) (initial-mark) 225M->200M(256M), 0.0028553 secs]
[GC concurrent-root-region-scan-start]
[GC concurrent-root-region-scan-end, 0.0005438 secs]
[GC concurrent-mark-start]
Application time: 0.0519472 seconds
[GC pause (G1 Evacuation Pause) (young) 225M->200M(256M), 0.0027123 secs]
Application time: 0.0451943 seconds
[GC pause (G1 Evacuation Pause) (young) 225M->200M(256M), 0.0023926 secs]
Application time: 0.0435988 seconds
[GC pause (G1 Evacuation Pause) (young) 225M->200M(256M), 0.0026226 secs]
Application time: 0.0398649 seconds
[GC pause (G1 Evacuation Pause) (young) 225M->200M(256M), 0.0026085 secs]
Application time: 0.0458990 seconds
[GC pause (G1 Evacuation Pause) (young) 225M->200M(256M), 0.0026576 secs]
Application time: 0.0572651 seconds
[GC pause (G1 Evacuation Pause) (young) 225M->200M(256M), 0.0029965 secs]
[GC concurrent-mark-end, 0.3127846 secs]
Application time: 0.0050769 seconds
[GC remark, 0.0068986 secs]
Application time: 0.0000670 seconds
[GC cleanup 202M->202M(256M), 0.0020847 secs]
Application time: 0.0259509 seconds
[GC pause (G1 Evacuation Pause) (young) 225M->200M(256M), 0.0048804 secs]
Application time: 0.0290362 seconds
[GC pause (G1 Evacuation Pause) (young) 225M->200M(256M), 0.0026086 secs]
Application time: 0.0337625 seconds
[GC pause (G1 Evacuation Pause) (young) (initial-mark) 225M->200M(256M), 0.0027338 secs]
[GC concurrent-root-region-scan-start]
[GC concurrent-root-region-scan-end, 0.0004720 secs]
[GC concurrent-mark-start]
Application time: 0.0407428 seconds
[GC pause (G1 Evacuation Pause) (young) 225M->200M(256M), 0.0026875 secs]
Application time: 0.0488192 seconds
[GC pause (G1 Evacuation Pause) (young) 225M->200M(256M), 0.0026428 secs]
Application time: 0.0420212 seconds
[GC pause (G1 Evacuation Pause) (young) 225M->200M(256M), 0.0025541 secs]
Application time: 0.0401616 seconds
[GC pause (G1 Evacuation Pause) (young) 225M->200M(256M), 0.0027525 secs]
Application time: 0.0592640 seconds
[GC pause (G1 Evacuation Pause) (young) 225M->200M(256M), 0.0028024 secs]
[GC concurrent-mark-end, 0.2739795 secs]
Application time: 0.0246277 seconds
[GC remark, 0.0068417 secs]
Application time: 0.0000720 seconds
[GC cleanup 210M->210M(256M), 0.0019738 secs]
Application time: 0.0249378 seconds
[GC pause (G1 Evacuation Pause) (young) 225M->200M(256M), 0.0026812 secs]
Application time: 0.0266831 seconds
[GC pause (G1 Evacuation Pause) (young) 225M->200M(256M), 0.0027386 secs]
Application time: 0.0275131 seconds
[GC pause (G1 Evacuation Pause) (young) (initial-mark) 225M->200M(256M), 0.0031123 secs]
[GC concurrent-root-region-scan-start]
[GC concurrent-root-region-scan-end, 0.0005661 secs]
[GC concurrent-mark-start]
Application time: 0.0425090 seconds
[GC pause (G1 Evacuation Pause) (young) 225M->200M(256M), 0.0028158 secs]
Application time: 0.0420559 seconds
[GC pause (G1 Evacuation Pause) (young) 225M->200M(256M), 0.0044364 secs]
Application time: 0.0612910 seconds
[GC pause (G1 Evacuation Pause) (young) 225M->200M(256M), 0.0027913 secs]
[GC concurrent-mark-end, 0.2213821 secs]
Application time: 0.0577840 seconds
[GC remark, 0.0068817 secs]
Application time: 0.0000767 seconds
[GC cleanup 224M->224M(256M), 0.0020328 secs]
Application time: 0.0034093 seconds
[GC pause (G1 Evacuation Pause) (young) 225M->200M(256M), 0.0026155 secs]
Application time: 0.0268937 seconds
[GC pause (G1 Evacuation Pause) (young) 225M->200M(256M), 0.0026571 secs]
Application time: 0.0262908 seconds
[GC pause (G1 Evacuation Pause) (young) (initial-mark) 225M->200M(256M), 0.0029369 secs]
[GC concurrent-root-region-scan-start]
[GC concurrent-root-region-scan-end, 0.0004929 secs]
[GC concurrent-mark-start]
Application time: 0.0453762 seconds
[GC pause (G1 Evacuation Pause) (young) 225M->200M(256M), 0.0026582 secs]
Application time: 0.0386276 seconds
[GC pause (G1 Evacuation Pause) (young) 225M->200M(256M), 0.0026698 secs]
Application time: 0.0606482 seconds
[GC pause (G1 Evacuation Pause) (young) 225M->200M(256M), 0.0025617 secs]
Application time: 0.0591323 seconds
[GC pause (G1 Evacuation Pause) (young) 225M->200M(256M), 0.0027466 secs]
[GC concurrent-mark-end, 0.2186456 secs]
Application time: 0.0030312 seconds
[GC remark, 0.0062339 secs]
Application time: 0.0000842 seconds
[GC cleanup 202M->202M(256M), 0.0018523 secs]
Application time: 0.0314979 seconds
[GC pause (G1 Evacuation Pause) (young) 225M->200M(256M), 0.0029691 secs]
Application time: 0.0258734 seconds
[GC pause (G1 Evacuation Pause) (young) 225M->200M(256M), 0.0027242 secs]
Application time: 0.0272320 seconds
[GC pause (G1 Evacuation Pause) (young) (initial-mark) 225M->200M(256M), 0.0028911 secs]
[GC concurrent-root-region-scan-start]
[GC concurrent-root-region-scan-end, 0.0004936 secs]
[GC concurrent-mark-start]
Application time: 0.0468771 seconds
[GC pause (G1 Evacuation Pause) (young) 225M->201M(256M), 0.0026255 secs]
Application time: 0.0614423 seconds
[GC pause (G1 Evacuation Pause) (young) 226M->200M(256M), 0.0026217 secs]
Application time: 0.0610391 seconds
[GC pause (G1 Evacuation Pause) (young) 225M->201M(256M), 0.0026362 secs]
[GC concurrent-mark-end, 0.1903053 secs]
Application time: 0.0122676 seconds
[GC remark, 0.0065837 secs]
Application time: 0.0000856 seconds
[GC cleanup 206M->206M(256M), 0.0018711 secs]
Application time: 0.0243626 seconds
[GC pause (G1 Evacuation Pause) (young) 226M->201M(256M), 0.0025825 secs]
Application time: 0.0268906 seconds
[GC pause (G1 Evacuation Pause) (young) 226M->201M(256M), 0.0026594 secs]
Application time: 0.0266748 seconds
[GC pause (G1 Evacuation Pause) (young) (initial-mark) 226M->200M(256M), 0.0028151 secs]
[GC concurrent-root-region-scan-start]
[GC concurrent-root-region-scan-end, 0.0004954 secs]
[GC concurrent-mark-start]
Application time: 0.0440172 seconds
[GC pause (G1 Evacuation Pause) (young) 225M->201M(256M), 0.0026716 secs]
Application time: 0.0409924 seconds
[GC pause (G1 Evacuation Pause) (young) 226M->201M(256M), 0.0027915 secs]
Application time: 0.0411468 seconds
[GC pause (G1 Evacuation Pause) (young) 226M->201M(256M), 0.0026939 secs]
Application time: 0.0384134 seconds
[GC pause (G1 Evacuation Pause) (young) 226M->201M(256M), 0.0028708 secs]
Application time: 0.0575654 seconds
[GC pause (G1 Evacuation Pause) (young) 226M->201M(256M), 0.0027526 secs]
[GC concurrent-mark-end, 0.2856508 secs]
Application time: 0.0402093 seconds
[GC remark, 0.0067033 secs]
Application time: 0.0000684 seconds
[GC cleanup 220M->220M(256M), 0.0020177 secs]
Application time: 0.0071848 seconds
[GC pause (G1 Evacuation Pause) (young) 226M->201M(256M), 0.0025319 secs]
Application time: 0.0263939 seconds
[GC pause (G1 Evacuation Pause) (young) 226M->201M(256M), 0.0026248 secs]
Application time: 0.0289137 seconds
[GC pause (G1 Evacuation Pause) (young) (initial-mark) 226M->201M(256M), 0.0031248 secs]
[GC concurrent-root-region-scan-start]
[GC concurrent-root-region-scan-end, 0.0006075 secs]
[GC concurrent-mark-start]
Application time: 0.0455664 seconds
[GC pause (G1 Evacuation Pause) (young) 226M->201M(256M), 0.0028249 secs]
Application time: 0.0560989 seconds
[GC pause (G1 Evacuation Pause) (young) 226M->201M(256M), 0.0026304 secs]
Application time: 0.0566719 seconds
[GC pause (G1 Evacuation Pause) (young) 226M->201M(256M), 0.0032399 secs]
Application time: 0.0415618 seconds
[GC pause (G1 Evacuation Pause) (young) 226M->201M(256M), 0.0027452 secs]
[GC concurrent-mark-end, 0.2398116 secs]
Application time: 0.0235540 seconds
[GC remark, 0.0064426 secs]
Application time: 0.0000827 seconds
[GC cleanup 217M->217M(256M), 0.0019599 secs]
Application time: 0.0141585 seconds
[GC pause (G1 Evacuation Pause) (young) 226M->201M(256M), 0.0027642 secs]
Application time: 0.0264767 seconds
[GC pause (G1 Evacuation Pause) (young) 226M->201M(256M), 0.0026779 secs]
Application time: 0.0264907 seconds
[GC pause (G1 Evacuation Pause) (young) (initial-mark) 226M->201M(256M), 0.0028418 secs]
[GC concurrent-root-region-scan-start]
[GC concurrent-root-region-scan-end, 0.0005351 secs]
[GC concurrent-mark-start]
Application time: 0.0414429 seconds
[GC pause (G1 Evacuation Pause) (young) 226M->201M(256M), 0.0027289 secs]
Application time: 0.0412646 seconds
[GC pause (G1 Evacuation Pause) (young) 226M->201M(256M), 0.0028471 secs]
Application time: 0.0416983 seconds
[GC pause (G1 Evacuation Pause) (young) 226M->201M(256M), 0.0027899 secs]
Application time: 0.0423895 seconds
[GC pause (G1 Evacuation Pause) (young) 226M->201M(256M), 0.0026968 secs]
Application time: 0.0510560 seconds
[GC pause (G1 Evacuation Pause) (young) 226M->201M(256M), 0.0027318 secs]
[GC concurrent-mark-end, 0.2926953 secs]
Application time: 0.0555848 seconds
[GC remark, 0.0067620 secs]
Application time: 0.0000972 seconds
[GC cleanup 222M->222M(256M), 0.0019266 secs]
Application time: 0.0050002 seconds
[GC pause (G1 Evacuation Pause) (young) 226M->201M(256M), 0.0025949 secs]
Application time: 0.0271804 seconds
[GC pause (G1 Evacuation Pause) (young) 226M->201M(256M), 0.0025375 secs]
Application time: 0.0263592 seconds
[GC pause (G1 Evacuation Pause) (young) (initial-mark) 226M->201M(256M), 0.0029282 secs]
[GC concurrent-root-region-scan-start]
[GC concurrent-root-region-scan-end, 0.0004645 secs]
[GC concurrent-mark-start]
Application time: 0.0580980 seconds
[GC pause (G1 Evacuation Pause) (young) 226M->201M(256M), 0.0027062 secs]
Application time: 0.0414774 seconds
[GC pause (G1 Evacuation Pause) (young) 226M->201M(256M), 0.0026686 secs]
Application time: 0.0405329 seconds
[GC pause (G1 Evacuation Pause) (young) 226M->201M(256M), 0.0026860 secs]
Application time: 0.0402003 seconds
[GC pause (G1 Evacuation Pause) (young) 226M->201M(256M), 0.0029369 secs]
Application time: 0.0628458 seconds
[GC pause (G1 Evacuation Pause) (young) 226M->201M(256M), 0.0027027 secs]
[GC concurrent-mark-end, 0.2794695 secs]
Application time: 0.0191529 seconds
[GC remark, 0.0065559 secs]
Application time: 0.0000942 seconds
[GC cleanup 209M->209M(256M), 0.0018802 secs]
Application time: 0.0243173 seconds
[GC pause (G1 Evacuation Pause) (young) 226M->201M(256M), 0.0029615 secs]
Application time: 0.0262676 seconds
[GC pause (G1 Evacuation Pause) (young) 226M->201M(256M), 0.0026826 secs]
Application time: 0.0263305 seconds
[GC pause (G1 Evacuation Pause) (young) (initial-mark) 226M->201M(256M), 0.0028692 secs]
[GC concurrent-root-region-scan-start]
[GC concurrent-root-region-scan-end, 0.0004651 secs]
[GC concurrent-mark-start]
Application time: 0.0411217 seconds
[GC pause (G1 Evacuation Pause) (young) 226M->201M(256M), 0.0028328 secs]
Application time: 0.0495194 seconds
[GC pause (G1 Evacuation Pause) (young) 226M->201M(256M), 0.0028232 secs]
Application time: 0.0467079 seconds
[GC pause (G1 Evacuation Pause) (young) 226M->201M(256M), 0.0028213 secs]
Application time: 0.0409410 seconds
[GC pause (G1 Evacuation Pause) (young) 225M->201M(256M), 0.0027327 secs]
Application time: 0.0508093 seconds
[GC pause (G1 Evacuation Pause) (young) 225M->201M(256M), 0.0027851 secs]
Application time: 0.0387230 seconds
[GC pause (G1 Evacuation Pause) (young) 225M->201M(256M), 0.0026610 secs]
Application time: 0.0359928 seconds
[GC pause (G1 Evacuation Pause) (young) 225M->201M(256M), 0.0027724 secs]
[GC concurrent-mark-end, 0.3564681 secs]
Application time: 0.0222275 seconds
[GC remark, 0.0064275 secs]
Application time: 0.0000885 seconds
[GC cleanup 211M->211M(256M), 0.0018604 secs]
Application time: 0.0303777 seconds
[GC pause (G1 Evacuation Pause) (young) 225M->201M(256M), 0.0027283 secs]
Application time: 0.0121691 seconds
[GC pause (G1 Evacuation Pause) (mixed) 212M->200M(256M), 0.0025372 secs]
Application time: 0.0268408 seconds
[GC pause (G1 Evacuation Pause) (young) 225M->200M(256M), 0.0027556 secs]
Application time: 0.0268275 seconds
[GC pause (G1 Evacuation Pause) (young) (initial-mark) 225M->200M(256M), 0.0028978 secs]
[GC concurrent-root-region-scan-start]
[GC concurrent-root-region-scan-end, 0.0005942 secs]
[GC concurrent-mark-start]
Application time: 0.0458730 seconds
[GC pause (G1 Evacuation Pause) (young) 225M->200M(256M), 0.0027894 secs]
Application time: 0.0411289 seconds
[GC pause (G1 Evacuation Pause) (young) 225M->200M(256M), 0.0027934 secs]
Application time: 0.0418832 seconds
[GC pause (G1 Evacuation Pause) (young) 225M->200M(256M), 0.0026331 secs]
Application time: 0.0394750 seconds
[GC pause (G1 Evacuation Pause) (young) 225M->200M(256M), 0.0026537 secs]
Application time: 0.0383999 seconds
[GC pause (G1 Evacuation Pause) (young) 225M->200M(256M), 0.0027706 secs]
Application time: 0.0432368 seconds
[GC pause (G1 Evacuation Pause) (young) 225M->200M(256M), 0.0025736 secs]
Application time: 0.0413033 seconds
[GC pause (G1 Evacuation Pause) (young) 225M->200M(256M), 0.0026247 secs]
Application time: 0.0392861 seconds
[GC pause (G1 Evacuation Pause) (young) 225M->200M(256M), 0.0026161 secs]
[GC concurrent-mark-end, 0.3738831 secs]
Application time: 0.0113440 seconds
[GC remark, 0.0064959 secs]
Application time: 0.0000508 seconds
[GC cleanup 208M->208M(256M), 0.0019054 secs]
Application time: 0.0215363 seconds
[GC pause (G1 Evacuation Pause) (young) 225M->200M(256M), 0.0027992 secs]
Application time: 0.0275602 seconds
[GC pause (G1 Evacuation Pause) (young) 225M->200M(256M), 0.0027720 secs]
Application time: 0.0306702 seconds
[GC pause (G1 Evacuation Pause) (young) (initial-mark) 225M->200M(256M), 0.0029707 secs]
[GC concurrent-root-region-scan-start]
[GC concurrent-root-region-scan-end, 0.0005240 secs]
[GC concurrent-mark-start]
Application time: 0.0525792 seconds
[GC pause (G1 Evacuation Pause) (young) 225M->200M(256M), 0.0027166 secs]
Application time: 0.0571375 seconds
[GC pause (G1 Evacuation Pause) (young) 225M->200M(256M), 0.0027607 secs]
Application time: 0.0556573 seconds
[GC pause (G1 Evacuation Pause) (young) 225M->200M(256M), 0.0027452 secs]
[GC concurrent-mark-end, 0.2060856 secs]
Application time: 0.0278498 seconds
[GC remark, 0.0076309 secs]
Application time: 0.0000752 seconds
[GC cleanup 219M->219M(256M), 0.0019806 secs]
Application time: 0.0081388 seconds
[GC pause (G1 Evacuation Pause) (young) 225M->200M(256M), 0.0028378 secs]
Application time: 0.0331559 seconds
[GC pause (G1 Evacuation Pause) (young) 225M->200M(256M), 0.0027801 secs]
Application time: 0.0272224 seconds
[GC pause (G1 Evacuation Pause) (young) (initial-mark) 225M->200M(256M), 0.0031723 secs]
[GC concurrent-root-region-scan-start]
[GC concurrent-root-region-scan-end, 0.0004933 secs]
[GC concurrent-mark-start]
Application time: 0.0443834 seconds
[GC pause (G1 Evacuation Pause) (young) 225M->200M(256M), 0.0028280 secs]
Application time: 0.0395499 seconds
[GC pause (G1 Evacuation Pause) (young) 225M->200M(256M), 0.0026583 secs]
Application time: 0.0610379 seconds
[GC pause (G1 Evacuation Pause) (young) 225M->200M(256M), 0.0026571 secs]
Application time: 0.0552401 seconds
[GC pause (G1 Evacuation Pause) (young) 225M->200M(256M), 0.0028777 secs]
[GC concurrent-mark-end, 0.2317460 secs]
Application time: 0.0149295 seconds
[GC remark, 0.0067216 secs]
Application time: 0.0000753 seconds
[GC cleanup 207M->207M(256M), 0.0019431 secs]
Application time: 0.0229059 seconds
[GC pause (G1 Evacuation Pause) (young) 225M->200M(256M), 0.0025888 secs]
Application time: 0.0259901 seconds
[GC pause (G1 Evacuation Pause) (young) 225M->200M(256M), 0.0025549 secs]
Application time: 0.0262608 seconds
[GC pause (G1 Evacuation Pause) (young) (initial-mark) 225M->200M(256M), 0.0029780 secs]
[GC concurrent-root-region-scan-start]
[GC concurrent-root-region-scan-end, 0.0005206 secs]
[GC concurrent-mark-start]
Application time: 0.0401546 seconds
[GC pause (G1 Evacuation Pause) (young) 225M->200M(256M), 0.0027059 secs]
Application time: 0.0402120 seconds
[GC pause (G1 Evacuation Pause) (young) 225M->200M(256M), 0.0027620 secs]
Application time: 0.0384372 seconds
[GC pause (G1 Evacuation Pause) (young) 225M->200M(256M), 0.0026384 secs]
Application time: 0.0451552 seconds
[GC pause (G1 Evacuation Pause) (young) 225M->200M(256M), 0.0027943 secs]
Application time: 0.0424764 seconds
[GC pause (G1 Evacuation Pause) (young) 225M->200M(256M), 0.0026545 secs]
Application time: 0.0403975 seconds
[GC pause (G1 Evacuation Pause) (young) 225M->200M(256M), 0.0026382 secs]
Application time: 0.0444789 seconds
[GC pause (G1 Evacuation Pause) (young) 225M->200M(256M), 0.0026951 secs]
[GC concurrent-mark-end, 0.3521942 secs]
Application time: 0.0316722 seconds
[GC remark, 0.0067780 secs]
Application time: 0.0000819 seconds
[GC cleanup 213M->213M(256M), 0.0019184 secs]
Application time: 0.0164630 seconds
[GC pause (G1 Evacuation Pause) (young) 225M->200M(256M), 0.0030513 secs]
Application time: 0.0272004 seconds
[GC pause (G1 Evacuation Pause) (young) 225M->201M(256M), 0.0025331 secs]
Application time: 0.0268062 seconds
[GC pause (G1 Evacuation Pause) (young) (initial-mark) 226M->200M(256M), 0.0028122 secs]
[GC concurrent-root-region-scan-start]
[GC concurrent-root-region-scan-end, 0.0004968 secs]
[GC concurrent-mark-start]
Application time: 0.0628126 seconds
[GC pause (G1 Evacuation Pause) (young) 225M->200M(256M), 0.0026936 secs]
Application time: 0.0597527 seconds
[GC pause (G1 Evacuation Pause) (young) 225M->200M(256M), 0.0023401 secs]
[GC concurrent-mark-end, 0.1682379 secs]
Application time: 0.0402390 seconds
[GC remark, 0.0076262 secs]
Application time: 0.0000737 seconds
[GC cleanup 218M->218M(256M), 0.0017741 secs]
Application time: 0.0120266 seconds
[GC pause (G1 Evacuation Pause) (young) 225M->201M(256M), 0.0021982 secs]
Application time: 0.0303828 seconds
[GC pause (G1 Evacuation Pause) (young) 226M->201M(256M), 0.0022814 secs]
Application time: 0.0326812 seconds
[GC pause (G1 Evacuation Pause) (young) (initial-mark) 226M->201M(256M), 0.0025146 secs]
[GC concurrent-root-region-scan-start]
[GC concurrent-root-region-scan-end, 0.0003859 secs]
[GC concurrent-mark-start]
Application time: 0.0407564 seconds
[GC pause (G1 Evacuation Pause) (young) 226M->201M(256M), 0.0023851 secs]
Application time: 0.0376301 seconds
[GC pause (G1 Evacuation Pause) (young) 226M->201M(256M), 0.0023393 secs]
Application time: 0.0595908 seconds
[GC pause (G1 Evacuation Pause) (young) 226M->201M(256M), 0.0023675 secs]
[GC concurrent-mark-end, 0.2032105 secs]
Application time: 0.0556050 seconds
[GC remark, 0.0061938 secs]
Application time: 0.0000952 seconds
[GC cleanup 224M->224M(256M), 0.0018598 secs]
Application time: 0.0045456 seconds
[GC pause (G1 Evacuation Pause) (young) 226M->201M(256M), 0.0024018 secs]
Application time: 0.0336375 seconds
[GC pause (G1 Evacuation Pause) (young) 226M->200M(256M), 0.0024305 secs]
Application time: 0.0260821 seconds
[GC pause (G1 Evacuation Pause) (young) (initial-mark) 225M->201M(256M), 0.0025478 secs]
[GC concurrent-root-region-scan-start]
[GC concurrent-root-region-scan-end, 0.0003865 secs]
[GC concurrent-mark-start]
Application time: 0.0648344 seconds
[GC pause (G1 Evacuation Pause) (young) 226M->201M(256M), 0.0022774 secs]
Application time: 0.0386240 seconds
[GC pause (G1 Evacuation Pause) (young) 226M->201M(256M), 0.0031264 secs]
Application time: 0.0350742 seconds
[GC pause (G1 Evacuation Pause) (young) 226M->201M(256M), 0.0023252 secs]
Application time: 0.0406368 seconds
[GC pause (G1 Evacuation Pause) (young) 226M->201M(256M), 0.0024544 secs]
Application time: 0.0355541 seconds
[GC pause (G1 Evacuation Pause) (young) 226M->201M(256M), 0.0022993 secs]
Application time: 0.0358239 seconds
[GC pause (G1 Evacuation Pause) (young) 226M->201M(256M), 0.0024322 secs]
[GC concurrent-mark-end, 0.3220106 secs]
Application time: 0.0345208 seconds
[GC remark, 0.0064539 secs]
Application time: 0.0000743 seconds
[GC cleanup 224M->224M(256M), 0.0018103 secs]
Application time: 0.0055097 seconds
[GC pause (G1 Evacuation Pause) (young) 226M->201M(256M), 0.0021475 secs]
Application time: 0.0262170 seconds
[GC pause (G1 Evacuation Pause) (young) 226M->201M(256M), 0.0023223 secs]
Application time: 0.0270077 seconds
[GC pause (G1 Evacuation Pause) (young) (initial-mark) 226M->201M(256M), 0.0027236 secs]
[GC concurrent-root-region-scan-start]
[GC concurrent-root-region-scan-end, 0.0003841 secs]
[GC concurrent-mark-start]
Application time: 0.0446533 seconds
[GC pause (G1 Evacuation Pause) (young) 226M->201M(256M), 0.0023473 secs]
Application time: 0.0500826 seconds
[GC pause (G1 Evacuation Pause) (young) 226M->201M(256M), 0.0024357 secs]
Application time: 0.0397842 seconds
[GC pause (G1 Evacuation Pause) (young) 226M->201M(256M), 0.0023592 secs]
Application time: 0.0602075 seconds
[GC pause (G1 Evacuation Pause) (young) 226M->201M(256M), 0.0023585 secs]
[GC concurrent-mark-end, 0.2416033 secs]
Application time: 0.0316088 seconds
[GC remark, 0.0059143 secs]
Application time: 0.0000711 seconds
[GC cleanup 214M->214M(256M), 0.0016882 secs]
Application time: 0.0126086 seconds
[GC pause (G1 Evacuation Pause) (young) 226M->201M(256M), 0.0022402 secs]
Application time: 0.0251176 seconds
[GC pause (G1 Evacuation Pause) (young) 226M->201M(256M), 0.0022097 secs]
Application time: 0.0258904 seconds
[GC pause (G1 Evacuation Pause) (young) (initial-mark) 226M->201M(256M), 0.0026485 secs]
[GC concurrent-root-region-scan-start]
[GC concurrent-root-region-scan-end, 0.0004117 secs]
[GC concurrent-mark-start]
Application time: 0.0425270 seconds
[GC pause (G1 Evacuation Pause) (young) 226M->201M(256M), 0.0023283 secs]
Application time: 0.0392786 seconds
[GC pause (G1 Evacuation Pause) (young) 226M->201M(256M), 0.0022944 secs]
Application time: 0.0639633 seconds
[GC pause (G1 Evacuation Pause) (young) 226M->201M(256M), 0.0021962 secs]
[GC concurrent-mark-end, 0.1988030 secs]
Application time: 0.0414820 seconds
[GC remark, 0.0060168 secs]
Application time: 0.0000633 seconds
[GC cleanup 219M->219M(256M), 0.0016982 secs]
Application time: 0.0076945 seconds
[GC pause (G1 Evacuation Pause) (young) 226M->201M(256M), 0.0020333 secs]
Application time: 0.0245708 seconds
[GC pause (G1 Evacuation Pause) (young) 226M->201M(256M), 0.0023176 secs]
Application time: 0.0253553 seconds
[GC pause (G1 Evacuation Pause) (young) (initial-mark) 226M->201M(256M), 0.0024545 secs]
[GC concurrent-root-region-scan-start]
[GC concurrent-root-region-scan-end, 0.0003963 secs]
[GC concurrent-mark-start]
Application time: 0.0407039 seconds
[GC pause (G1 Evacuation Pause) (young) 226M->201M(256M), 0.0021986 secs]
Application time: 0.0368134 seconds
[GC pause (G1 Evacuation Pause) (young) 226M->201M(256M), 0.0023100 secs]
Application time: 0.0604905 seconds
[GC pause (G1 Evacuation Pause) (young) 226M->201M(256M), 0.0023901 secs]
[GC concurrent-mark-end, 0.2019506 secs]
Application time: 0.0538644 seconds
[GC remark, 0.0063752 secs]
Application time: 0.0000484 seconds
[GC cleanup 223M->223M(256M), 0.0018697 secs]
Application time: 0.0062768 seconds
[GC pause (G1 Evacuation Pause) (young) 226M->201M(256M), 0.0020174 secs]
Application time: 0.0308256 seconds
[GC pause (G1 Evacuation Pause) (young) 226M->201M(256M), 0.0023794 secs]
Application time: 0.0247548 seconds
[GC pause (G1 Evacuation Pause) (young) (initial-mark) 226M->201M(256M), 0.0040160 secs]
[GC concurrent-root-region-scan-start]
[GC concurrent-root-region-scan-end, 0.0004145 secs]
[GC concurrent-mark-start]
Application time: 0.0473260 seconds
[GC pause (G1 Evacuation Pause) (young) 226M->201M(256M), 0.0022184 secs]
Application time: 0.0338995 seconds
[GC pause (G1 Evacuation Pause) (young) 226M->201M(256M), 0.0022219 secs]
Application time: 0.0581131 seconds
[GC pause (G1 Evacuation Pause) (young) 226M->201M(256M), 0.0023168 secs]
[GC concurrent-mark-end, 0.2089471 secs]
Application time: 0.0578749 seconds
[GC remark, 0.0057538 secs]
Application time: 0.0000787 seconds
[GC cleanup 225M->225M(256M), 0.0018115 secs]
Application time: 0.0008501 seconds
[GC pause (G1 Evacuation Pause) (young) 225M->201M(256M), 0.0020527 secs]
Application time: 0.0117808 seconds
[GC pause (G1 Evacuation Pause) (mixed) 212M->200M(256M), 0.0018962 secs]
Application time: 0.0287805 seconds
[GC pause (G1 Evacuation Pause) (young) 225M->200M(256M), 0.0022971 secs]
Application time: 0.0363010 seconds
[GC pause (G1 Evacuation Pause) (young) (initial-mark) 225M->200M(256M), 0.0026250 secs]
[GC concurrent-root-region-scan-start]
[GC concurrent-root-region-scan-end, 0.0003924 secs]
[GC concurrent-mark-start]
Application time: 0.0627320 seconds
[GC pause (G1 Evacuation Pause) (young) 225M->200M(256M), 0.0023889 secs]
Application time: 0.0605552 seconds
[GC pause (G1 Evacuation Pause) (young) 225M->200M(256M), 0.0023467 secs]
[GC concurrent-mark-end, 0.1588619 secs]
Application time: 0.0302601 seconds
[GC remark, 0.0060580 secs]
Application time: 0.0000843 seconds
[GC cleanup 213M->213M(256M), 0.0017924 secs]
Application time: 0.0157902 seconds
[GC pause (G1 Evacuation Pause) (young) 225M->200M(256M), 0.0022020 secs]
Application time: 0.0254172 seconds
[GC pause (G1 Evacuation Pause) (young) 225M->200M(256M), 0.0024665 secs]
Application time: 0.0253592 seconds
[GC pause (G1 Evacuation Pause) (young) (initial-mark) 225M->200M(256M), 0.0025376 secs]
[GC concurrent-root-region-scan-start]
[GC concurrent-root-region-scan-end, 0.0003672 secs]
[GC concurrent-mark-start]
Application time: 0.0614851 seconds
[GC pause (G1 Evacuation Pause) (young) 225M->200M(256M), 0.0023082 secs]
Application time: 0.0601403 seconds
[GC pause (G1 Evacuation Pause) (young) 225M->200M(256M), 0.0022426 secs]
[GC concurrent-mark-end, 0.1500956 secs]
Application time: 0.0233790 seconds
[GC remark, 0.0057307 secs]
Application time: 0.0000604 seconds
[GC cleanup 210M->210M(256M), 0.0016092 secs]
Application time: 0.0178826 seconds
[GC pause (G1 Evacuation Pause) (young) 225M->200M(256M), 0.0022101 secs]
Application time: 0.0249317 seconds
[GC pause (G1 Evacuation Pause) (young) 225M->200M(256M), 0.0022666 secs]
Application time: 0.0255969 seconds
[GC pause (G1 Evacuation Pause) (young) (initial-mark) 225M->200M(256M), 0.0026802 secs]
[GC concurrent-root-region-scan-start]
[GC concurrent-root-region-scan-end, 0.0004353 secs]
[GC concurrent-mark-start]
Application time: 0.0423461 seconds
[GC pause (G1 Evacuation Pause) (young) 225M->200M(256M), 0.0022776 secs]
Application time: 0.0396182 seconds
[GC pause (G1 Evacuation Pause) (young) 225M->200M(256M), 0.0025440 secs]
Application time: 0.0554645 seconds
[GC pause (G1 Evacuation Pause) (young) 225M->200M(256M), 0.0021325 secs]
Application time: 0.0538179 seconds
[GC pause (G1 Evacuation Pause) (young) 225M->200M(256M), 0.0023316 secs]
Application time: 0.0372958 seconds
[GC pause (G1 Evacuation Pause) (young) 225M->200M(256M), 0.0028687 secs]
[GC concurrent-mark-end, 0.2621476 secs]
Application time: 0.0112638 seconds
[GC remark, 0.0078570 secs]
Application time: 0.0000895 seconds
[GC cleanup 204M->204M(256M), 0.0020995 secs]
Application time: 0.0303275 seconds
[GC pause (G1 Evacuation Pause) (young) 225M->200M(256M), 0.0023222 secs]
Application time: 0.0257982 seconds
[GC pause (G1 Evacuation Pause) (young) 225M->200M(256M), 0.0021979 secs]
Application time: 0.0291432 seconds
[GC pause (G1 Evacuation Pause) (young) (initial-mark) 225M->200M(256M), 0.0025239 secs]
[GC concurrent-root-region-scan-start]
[GC concurrent-root-region-scan-end, 0.0003745 secs]
[GC concurrent-mark-start]
Application time: 0.0623153 seconds
[GC pause (G1 Evacuation Pause) (young) 225M->200M(256M), 0.0023421 secs]
Application time: 0.0444460 seconds
[GC pause (G1 Evacuation Pause) (young) 225M->200M(256M), 0.0024920 secs]
Application time: 0.0396590 seconds
[GC pause (G1 Evacuation Pause) (young) 225M->200M(256M), 0.0020931 secs]
Application time: 0.0416672 seconds
[GC pause (G1 Evacuation Pause) (young) 225M->200M(256M), 0.0021809 secs]
[GC concurrent-mark-end, 0.2336477 secs]
Application time: 0.0344608 seconds
[GC remark, 0.0057972 secs]
Application time: 0.0000911 seconds
[GC cleanup 215M->215M(256M), 0.0016919 secs]
Application time: 0.0123121 seconds
[GC pause (G1 Evacuation Pause) (young) 225M->200M(256M), 0.0021870 secs]
Application time: 0.0255930 seconds
[GC pause (G1 Evacuation Pause) (young) 225M->200M(256M), 0.0022680 secs]
Application time: 0.0444494 seconds
[GC pause (G1 Evacuation Pause) (young) (initial-mark) 225M->200M(256M), 0.0025071 secs]
[GC concurrent-root-region-scan-start]
[GC concurrent-root-region-scan-end, 0.0005825 secs]
[GC concurrent-mark-start]
Application time: 0.0526943 seconds
[GC pause (G1 Evacuation Pause) (young) 225M->200M(256M), 0.0019293 secs]
Iteration 1 (120s) ends:   Wed May 16 00:22:14 GMT 2018
Iteration 1 (120s) result: 98.57 ops/m
Application time: 0.0847450 seconds

Valid run!
Score on derby: 98.57 ops/m

[GC concurrent-mark-end, 0.1837512 secs]
Application time: 0.0440450 seconds
[GC remark, 0.0057420 secs]
Application time: 0.0000868 seconds
[GC cleanup 225M->225M(256M), 0.0017898 secs]
Application time: 0.0024767 seconds
