Application time: 0.0298817 seconds

SPECjvm2008 Peak
  Properties file:   none
  Base dir:          /home/kadilier/MaxineVM/maxineGCBenchmark/SPEC
  Benchmarks:        xml.transform xml.validation

  WARNING: Run will not be compliant.
  Property specjvm.create.xml.report must be true for publication.
  Not a compliant sequence of benchmarks for publication.
  Property specjvm.run.checksum.validation must be true for publication.
  Property specjvm.iteration.time must be at least 240 seconds for publication.


--- --- --- --- --- --- --- --- ---

  Benchmark:   check
  Run mode:    static run
  Test type:   functional
  Threads:     1
  Iterations:  1
  Run length:  1 operation

Iteration 1 (1 operation) begins: Wed May 16 02:20:13 GMT 2018
Application time: 0.1565508 seconds
[GC pause (G1 Evacuation Pause) (young) 7168K->3298K(128M), 0.0060495 secs]
Application time: 0.0815567 seconds
[Full GC (System.gc())  5529K->2623K(128M), 0.0112154 secs]
Application time: 0.0009182 seconds
[Full GC (System.gc())  2623K->2408K(128M), 0.0113198 secs]
Iteration 1 (1 operation) ends:   Wed May 16 02:20:13 GMT 2018
Iteration 1 (1 operation) result: PASSED

Valid run!


--- --- --- --- --- --- --- --- ---

  Benchmark:   xml.transform
  Run mode:    timed run
  Test type:   multi
  Threads:     2
  Warmup:      60s
  Iterations:  1
  Run length:  120s
Application time: 0.1224645 seconds
Application time: 0.0348828 seconds
[GC pause (G1 Evacuation Pause) (young) 9576K->5992K(128M), 0.0037560 secs]
Application time: 0.0096351 seconds
[GC pause (G1 Evacuation Pause) (young) 17M->6355K(128M), 0.0021176 secs]
Application time: 0.1278389 seconds
Application time: 0.0404142 seconds
Application time: 0.3154778 seconds
Application time: 0.1336494 seconds
Application time: 0.5436417 seconds
Application time: 0.0725317 seconds
[GC pause (G1 Evacuation Pause) (young) 80M->11M(128M), 0.0155645 secs]
Application time: 0.1605395 seconds
Application time: 1.0000893 seconds
Application time: 0.2223802 seconds
Application time: 0.2354083 seconds
Application time: 0.5767539 seconds
Application time: 0.0909267 seconds
Application time: 0.9042120 seconds
[GC pause (G1 Evacuation Pause) (young) 80M->9576K(128M), 0.0051734 secs]
Application time: 0.0018801 seconds
Application time: 0.0000611 seconds
Application time: 0.0000294 seconds
Application time: 0.0000280 seconds
Application time: 0.0000277 seconds
Application time: 0.0000379 seconds
Application time: 0.0000254 seconds
Application time: 0.0000277 seconds
Application time: 0.0000389 seconds
Application time: 0.0000253 seconds
Application time: 0.0000274 seconds
Application time: 0.0000344 seconds
Application time: 0.0000300 seconds
Application time: 0.0000380 seconds
Application time: 0.0000321 seconds
Application time: 0.0000246 seconds
Application time: 0.0000278 seconds
Application time: 0.0000271 seconds
Application time: 0.0000268 seconds
Application time: 0.2718301 seconds
Application time: 0.1309637 seconds
Application time: 1.0000768 seconds
Application time: 1.0001203 seconds
Application time: 0.5741294 seconds
[GC pause (G1 Evacuation Pause) (young) 80M->9576K(128M), 0.0131646 secs]
Application time: 0.0037307 seconds
Application time: 1.0000831 seconds
Application time: 0.9043566 seconds
Application time: 1.0001316 seconds
Application time: 0.6123804 seconds
[GC pause (G1 Evacuation Pause) (young) 80M->10M(128M), 0.0073477 secs]
Application time: 0.0001487 seconds
Application time: 0.0000384 seconds
Application time: 0.0000294 seconds
Application time: 0.0000287 seconds
Application time: 0.0000299 seconds
Application time: 0.0000288 seconds
Application time: 0.0000273 seconds
Application time: 0.0000293 seconds
Application time: 0.0000291 seconds
Application time: 0.0000287 seconds
Application time: 0.0000286 seconds
Application time: 0.0000394 seconds
Application time: 0.0000285 seconds
Application time: 0.0000280 seconds
Application time: 0.0000311 seconds
Application time: 0.0007633 seconds
Application time: 0.0000394 seconds
Application time: 0.0000333 seconds
Application time: 0.0000292 seconds
Application time: 0.0000331 seconds
Application time: 1.0001216 seconds
Application time: 1.0000776 seconds
Application time: 1.0001458 seconds
Application time: 0.1065832 seconds
[GC pause (G1 Evacuation Pause) (young) 80M->10088K(128M), 0.0063119 secs]
Application time: 1.0001266 seconds

Warmup (60s) begins: Wed May 16 02:20:29 GMT 2018
Application time: 0.8772887 seconds
Application time: 0.1462192 seconds
[GC pause (G1 Evacuation Pause) (young) 80M->10088K(128M), 0.0054951 secs]
Application time: 0.2685433 seconds
Application time: 0.0671326 seconds
Application time: 0.0052937 seconds
Application time: 0.0260391 seconds
[GC pause (G1 Evacuation Pause) (young) 80M->11M(128M), 0.0114695 secs]
Application time: 0.0345344 seconds
Application time: 0.0000332 seconds
Application time: 0.3192683 seconds
[GC pause (G1 Evacuation Pause) (young) 80M->11M(128M), 0.0145501 secs]
Application time: 0.2708244 seconds
[GC pause (G1 Evacuation Pause) (young) 81M->11M(128M), 0.0108888 secs]
Application time: 0.2084812 seconds
[GC pause (G1 Evacuation Pause) (young) 81M->10M(128M), 0.0064000 secs]
Application time: 0.1981037 seconds
[GC pause (G1 Evacuation Pause) (young) 81M->10M(128M), 0.0054983 secs]
Application time: 0.1857609 seconds
[GC pause (G1 Evacuation Pause) (young) 80M->10M(128M), 0.0137615 secs]
Application time: 0.2290359 seconds
[GC pause (G1 Evacuation Pause) (young) 81M->10M(128M), 0.0057436 secs]
Application time: 0.1537621 seconds
Application time: 0.0874011 seconds
[GC pause (G1 Evacuation Pause) (young) 81M->10M(128M), 0.0052109 secs]
Application time: 0.1890121 seconds
[GC pause (G1 Evacuation Pause) (young) 81M->11M(128M), 0.0059538 secs]
Application time: 0.2392095 seconds
[GC pause (G1 Evacuation Pause) (young) 81M->10M(128M), 0.0054070 secs]
Application time: 0.2416695 seconds
[GC pause (G1 Evacuation Pause) (young) 82M->11M(128M), 0.0128677 secs]
Application time: 0.1903356 seconds
[GC pause (G1 Evacuation Pause) (young) 83M->11M(128M), 0.0036050 secs]
Application time: 0.2968321 seconds
[GC pause (G1 Evacuation Pause) (young) 84M->11M(128M), 0.0030645 secs]
Application time: 0.2140609 seconds
[GC pause (G1 Evacuation Pause) (young) 84M->12M(128M), 0.0029470 secs]
Application time: 0.1412599 seconds
[GC pause (G1 Evacuation Pause) (young) 84M->12M(128M), 0.0031782 secs]
Application time: 0.2956794 seconds
[GC pause (G1 Evacuation Pause) (young) 84M->12M(128M), 0.0030245 secs]
Application time: 0.1588491 seconds
[GC pause (G1 Evacuation Pause) (young) 85M->12M(128M), 0.0026505 secs]
Application time: 0.2140803 seconds
[GC pause (G1 Evacuation Pause) (young) 85M->12M(128M), 0.0023921 secs]
Application time: 0.1699975 seconds
[GC pause (G1 Evacuation Pause) (young) 86M->12M(128M), 0.0024769 secs]
Application time: 0.2352515 seconds
[GC pause (G1 Evacuation Pause) (young) 85M->12M(128M), 0.0021760 secs]
Application time: 0.2015271 seconds
[GC pause (G1 Evacuation Pause) (young) 86M->12M(128M), 0.0022803 secs]
Application time: 0.2348216 seconds
[GC pause (G1 Evacuation Pause) (young) 86M->12M(128M), 0.0021495 secs]
Application time: 0.1388735 seconds
[GC pause (G1 Evacuation Pause) (young) 86M->14M(128M), 0.0037418 secs]
Application time: 0.2617304 seconds
[GC pause (G1 Evacuation Pause) (young) 85M->12M(128M), 0.0022199 secs]
Application time: 0.1977800 seconds
[GC pause (G1 Evacuation Pause) (young) 86M->12M(128M), 0.0022800 secs]
Application time: 0.1704132 seconds
[GC pause (G1 Evacuation Pause) (young) 85M->12M(128M), 0.0023607 secs]
Application time: 0.1109829 seconds
Application time: 0.0836661 seconds
[GC pause (G1 Evacuation Pause) (young) 85M->12M(128M), 0.0021314 secs]
Application time: 0.1728857 seconds
[GC pause (G1 Evacuation Pause) (young) 85M->12M(128M), 0.0022974 secs]
Application time: 0.1463651 seconds
[GC pause (G1 Evacuation Pause) (young) 86M->14M(128M), 0.0039985 secs]
Application time: 0.2234603 seconds
[GC pause (G1 Evacuation Pause) (young) 86M->12M(128M), 0.0022219 secs]
Application time: 0.1515974 seconds
[GC pause (G1 Evacuation Pause) (young) 85M->13M(128M), 0.0022424 secs]
Application time: 0.1896615 seconds
Application time: 0.0202261 seconds
[GC pause (G1 Evacuation Pause) (young) 86M->12M(128M), 0.0022976 secs]
Application time: 0.1647887 seconds
[GC pause (G1 Evacuation Pause) (young) 86M->12M(128M), 0.0022653 secs]
Application time: 0.2250021 seconds
[GC pause (G1 Evacuation Pause) (young) 86M->12M(128M), 0.0022343 secs]
Application time: 0.1607739 seconds
[GC pause (G1 Evacuation Pause) (young) 85M->12M(128M), 0.0024748 secs]
Application time: 0.1449304 seconds
Application time: 0.0053133 seconds
[GC pause (G1 Evacuation Pause) (young) 86M->13M(128M), 0.0025732 secs]
Application time: 0.2397079 seconds
[GC pause (G1 Evacuation Pause) (young) 86M->12M(128M), 0.0023489 secs]
Application time: 0.1519373 seconds
[GC pause (G1 Evacuation Pause) (young) 86M->12M(128M), 0.0023844 secs]
Application time: 0.1629157 seconds
[GC pause (G1 Evacuation Pause) (young) 85M->12M(128M), 0.0021954 secs]
Application time: 0.1463919 seconds
[GC pause (G1 Evacuation Pause) (young) 85M->14M(128M), 0.0039821 secs]
Application time: 0.1735943 seconds
[GC pause (G1 Evacuation Pause) (young) 86M->12M(128M), 0.0022165 secs]
Application time: 0.1676335 seconds
[GC pause (G1 Evacuation Pause) (young) 86M->12M(128M), 0.0023725 secs]
Application time: 0.1698454 seconds
[GC pause (G1 Evacuation Pause) (young) 85M->12M(128M), 0.0022522 secs]
Application time: 0.1396271 seconds
[GC pause (G1 Evacuation Pause) (young) 86M->12M(128M), 0.0024860 secs]
Application time: 0.2686888 seconds
[GC pause (G1 Evacuation Pause) (young) 86M->12M(128M), 0.0021886 secs]
Application time: 0.1881609 seconds
[GC pause (G1 Evacuation Pause) (young) 86M->12M(128M), 0.0023322 secs]
Application time: 0.1899295 seconds
[GC pause (G1 Evacuation Pause) (young) 85M->12M(128M), 0.0024733 secs]
Application time: 0.1716245 seconds
[GC pause (G1 Evacuation Pause) (young) 85M->12M(128M), 0.0021890 secs]
Application time: 0.1597150 seconds
[GC pause (G1 Evacuation Pause) (young) 85M->12M(128M), 0.0024044 secs]
Application time: 0.1684465 seconds
[GC pause (G1 Evacuation Pause) (young) 86M->12M(128M), 0.0021733 secs]
Application time: 0.1726054 seconds
[GC pause (G1 Evacuation Pause) (young) 86M->12M(128M), 0.0022426 secs]
Application time: 0.1957249 seconds
[GC pause (G1 Evacuation Pause) (young) 85M->12M(128M), 0.0023111 secs]
Application time: 0.1361726 seconds
[GC pause (G1 Evacuation Pause) (young) 85M->13M(128M), 0.0025295 secs]
Application time: 0.2361587 seconds
[GC pause (G1 Evacuation Pause) (young) 86M->12M(128M), 0.0022298 secs]
Application time: 0.1521377 seconds
[GC pause (G1 Evacuation Pause) (young) 86M->12M(128M), 0.0021967 secs]
Application time: 0.1393468 seconds
[GC pause (G1 Evacuation Pause) (young) 86M->12M(128M), 0.0021547 secs]
Application time: 0.2007930 seconds
[GC pause (G1 Evacuation Pause) (young) 86M->12M(128M), 0.0022910 secs]
Application time: 0.1306668 seconds
[GC pause (G1 Evacuation Pause) (young) 85M->12M(128M), 0.0022904 secs]
Application time: 0.1624819 seconds
[GC pause (G1 Evacuation Pause) (young) 85M->12M(128M), 0.0021815 secs]
Application time: 0.1718840 seconds
[GC pause (G1 Evacuation Pause) (young) 85M->12M(128M), 0.0022008 secs]
Application time: 0.2165087 seconds
[GC pause (G1 Evacuation Pause) (young) 85M->12M(128M), 0.0023999 secs]
Application time: 0.1327005 seconds
[GC pause (G1 Evacuation Pause) (young) 85M->12M(128M), 0.0023900 secs]
Application time: 0.1483888 seconds
[GC pause (G1 Evacuation Pause) (young) 85M->12M(128M), 0.0024369 secs]
Application time: 0.1534046 seconds
[GC pause (G1 Evacuation Pause) (young) 85M->12M(128M), 0.0023922 secs]
Application time: 0.1508800 seconds
[GC pause (G1 Evacuation Pause) (young) 85M->12M(128M), 0.0023556 secs]
Application time: 0.1541172 seconds
[GC pause (G1 Evacuation Pause) (young) 85M->12M(128M), 0.0022417 secs]
Application time: 0.1608709 seconds
[GC pause (G1 Evacuation Pause) (young) 86M->12M(128M), 0.0020032 secs]
Application time: 0.1488221 seconds
[GC pause (G1 Evacuation Pause) (young) 86M->12M(128M), 0.0024824 secs]
Application time: 0.1599838 seconds
[GC pause (G1 Evacuation Pause) (young) 85M->12M(128M), 0.0023136 secs]
Application time: 0.2103362 seconds
[GC pause (G1 Evacuation Pause) (young) 85M->12M(128M), 0.0023129 secs]
Application time: 0.1377986 seconds
[GC pause (G1 Evacuation Pause) (young) 85M->12M(128M), 0.0022494 secs]
Application time: 0.1662858 seconds
[GC pause (G1 Evacuation Pause) (young) 86M->12M(128M), 0.0024201 secs]
Application time: 0.1536710 seconds
[GC pause (G1 Evacuation Pause) (young) 86M->12M(128M), 0.0021957 secs]
Application time: 0.1650305 seconds
[GC pause (G1 Evacuation Pause) (young) 86M->12M(128M), 0.0021645 secs]
Application time: 0.2069879 seconds
[GC pause (G1 Evacuation Pause) (young) 86M->12M(128M), 0.0022598 secs]
Application time: 0.1493974 seconds
[GC pause (G1 Evacuation Pause) (young) 85M->12M(128M), 0.0023399 secs]
Application time: 0.1503830 seconds
[GC pause (G1 Evacuation Pause) (young) 85M->12M(128M), 0.0023557 secs]
Application time: 0.1292474 seconds
[GC pause (G1 Evacuation Pause) (young) 85M->12M(128M), 0.0021825 secs]
Application time: 0.1702192 seconds
[GC pause (G1 Evacuation Pause) (young) 86M->12M(128M), 0.0022929 secs]
Application time: 0.1700768 seconds
[GC pause (G1 Evacuation Pause) (young) 85M->12M(128M), 0.0021991 secs]
Application time: 0.1239602 seconds
[GC pause (G1 Evacuation Pause) (young) 86M->12M(128M), 0.0021421 secs]
Application time: 0.1421149 seconds
[GC pause (G1 Evacuation Pause) (young) 85M->12M(128M), 0.0023233 secs]
Application time: 0.1191327 seconds
[GC pause (G1 Evacuation Pause) (young) 85M->12M(128M), 0.0024421 secs]
Application time: 0.1607666 seconds
[GC pause (G1 Evacuation Pause) (young) 85M->12M(128M), 0.0022476 secs]
Application time: 0.1581993 seconds
[GC pause (G1 Evacuation Pause) (young) 85M->12M(128M), 0.0023350 secs]
Application time: 0.1149277 seconds
[GC pause (G1 Evacuation Pause) (young) 85M->12M(128M), 0.0020517 secs]
Application time: 0.1621487 seconds
[GC pause (G1 Evacuation Pause) (young) 86M->12M(128M), 0.0024312 secs]
Application time: 0.1293630 seconds
[GC pause (G1 Evacuation Pause) (young) 85M->12M(128M), 0.0020922 secs]
Application time: 0.1540369 seconds
[GC pause (G1 Evacuation Pause) (young) 86M->12M(128M), 0.0022554 secs]
Application time: 0.1510575 seconds
[GC pause (G1 Evacuation Pause) (young) 86M->12M(128M), 0.0023875 secs]
Application time: 0.1364701 seconds
[GC pause (G1 Evacuation Pause) (young) 85M->12M(128M), 0.0022638 secs]
Application time: 0.1341923 seconds
[GC pause (G1 Evacuation Pause) (young) 85M->12M(128M), 0.0020157 secs]
Application time: 0.1592214 seconds
[GC pause (G1 Evacuation Pause) (young) 85M->12M(128M), 0.0021951 secs]
Application time: 0.1239475 seconds
[GC pause (G1 Evacuation Pause) (young) 86M->12M(128M), 0.0022718 secs]
Application time: 0.1654422 seconds
[GC pause (G1 Evacuation Pause) (young) 85M->12M(128M), 0.0080899 secs]
Application time: 0.1596163 seconds
[GC pause (G1 Evacuation Pause) (young) 85M->12M(128M), 0.0018999 secs]
Application time: 0.1433370 seconds
[GC pause (G1 Evacuation Pause) (young) 86M->12M(128M), 0.0020351 secs]
Application time: 0.1170004 seconds
[GC pause (G1 Evacuation Pause) (young) 85M->12M(128M), 0.0018260 secs]
Application time: 0.1157238 seconds
[GC pause (G1 Evacuation Pause) (young) 85M->12M(128M), 0.0018702 secs]
Application time: 0.1262522 seconds
[GC pause (G1 Evacuation Pause) (young) 85M->12M(128M), 0.0018742 secs]
Application time: 0.1248331 seconds
[GC pause (G1 Evacuation Pause) (young) 85M->12M(128M), 0.0018783 secs]
Application time: 0.1186722 seconds
[GC pause (G1 Evacuation Pause) (young) 85M->12M(128M), 0.0019480 secs]
Application time: 0.1526046 seconds
[GC pause (G1 Evacuation Pause) (young) 85M->12M(128M), 0.0018151 secs]
Application time: 0.1508377 seconds
[GC pause (G1 Evacuation Pause) (young) 86M->13M(128M), 0.0017495 secs]
Application time: 0.1891014 seconds
[GC pause (G1 Evacuation Pause) (young) 86M->12M(128M), 0.0016350 secs]
Application time: 0.1749802 seconds
[GC pause (G1 Evacuation Pause) (young) 86M->12M(128M), 0.0018282 secs]
Application time: 0.1303151 seconds
[GC pause (G1 Evacuation Pause) (young) 86M->15M(128M), 0.0033092 secs]
Application time: 0.1060794 seconds
[GC pause (G1 Evacuation Pause) (young) 86M->13M(128M), 0.0018975 secs]
Application time: 0.1096511 seconds
[GC pause (G1 Evacuation Pause) (young) 86M->12M(128M), 0.0020902 secs]
Application time: 0.1232902 seconds
[GC pause (G1 Evacuation Pause) (young) 86M->12M(128M), 0.0016986 secs]
Application time: 0.1017400 seconds
[GC pause (G1 Evacuation Pause) (young) 86M->12M(128M), 0.0017922 secs]
Application time: 0.1092464 seconds
[GC pause (G1 Evacuation Pause) (young) 86M->12M(128M), 0.0018495 secs]
Application time: 0.1163025 seconds
[GC pause (G1 Evacuation Pause) (young) 86M->13M(128M), 0.0020167 secs]
Application time: 0.1374453 seconds
[GC pause (G1 Evacuation Pause) (young) 86M->12M(128M), 0.0018297 secs]
Application time: 0.1068184 seconds
[GC pause (G1 Evacuation Pause) (young) 86M->12M(128M), 0.0018454 secs]
Application time: 0.1208048 seconds
[GC pause (G1 Evacuation Pause) (young) 86M->13M(128M), 0.0021225 secs]
Application time: 0.1363195 seconds
[GC pause (G1 Evacuation Pause) (young) 86M->13M(128M), 0.0018580 secs]
Application time: 0.1406515 seconds
[GC pause (G1 Evacuation Pause) (young) 86M->13M(128M), 0.0017508 secs]
Application time: 0.1172631 seconds
[GC pause (G1 Evacuation Pause) (young) 86M->13M(128M), 0.0018899 secs]
Application time: 0.1411995 seconds
[GC pause (G1 Evacuation Pause) (young) 86M->13M(128M), 0.0018199 secs]
Application time: 0.1588835 seconds
[GC pause (G1 Evacuation Pause) (young) 86M->13M(128M), 0.0018949 secs]
Application time: 0.1220402 seconds
[GC pause (G1 Evacuation Pause) (young) 86M->13M(128M), 0.0017957 secs]
Application time: 0.1010910 seconds
[GC pause (G1 Evacuation Pause) (young) 86M->12M(128M), 0.0019342 secs]
Application time: 0.1251490 seconds
[GC pause (G1 Evacuation Pause) (young) 86M->13M(128M), 0.0020509 secs]
Application time: 0.0906052 seconds
[GC pause (G1 Evacuation Pause) (young) 86M->14M(128M), 0.0034139 secs]
Application time: 0.1214606 seconds
[GC pause (G1 Evacuation Pause) (young) 86M->13M(128M), 0.0018973 secs]
Application time: 0.1140449 seconds
[GC pause (G1 Evacuation Pause) (young) 86M->13M(128M), 0.0018013 secs]
Application time: 0.1110573 seconds
[GC pause (G1 Evacuation Pause) (young) 86M->13M(128M), 0.0019044 secs]
Application time: 0.1138724 seconds
[GC pause (G1 Evacuation Pause) (young) 86M->13M(128M), 0.0025872 secs]
Application time: 0.1103838 seconds
[GC pause (G1 Evacuation Pause) (young) 86M->14M(128M), 0.0040038 secs]
Application time: 0.1198256 seconds
[GC pause (G1 Evacuation Pause) (young) 86M->13M(128M), 0.0023020 secs]
Application time: 0.1167893 seconds
[GC pause (G1 Evacuation Pause) (young) 86M->12M(128M), 0.0024620 secs]
Application time: 0.1008221 seconds
[GC pause (G1 Evacuation Pause) (young) 86M->14M(128M), 0.0039707 secs]
Application time: 0.1241206 seconds
[GC pause (G1 Evacuation Pause) (young) 86M->12M(128M), 0.0022213 secs]
Application time: 0.1146764 seconds
[GC pause (G1 Evacuation Pause) (young) 86M->13M(128M), 0.0023168 secs]
Application time: 0.1353455 seconds
[GC pause (G1 Evacuation Pause) (young) 86M->13M(128M), 0.0023371 secs]
Application time: 0.1037990 seconds
[GC pause (G1 Evacuation Pause) (young) 86M->12M(128M), 0.0022097 secs]
Application time: 0.1336291 seconds
[GC pause (G1 Evacuation Pause) (young) 86M->12M(128M), 0.0023511 secs]
Application time: 0.1239259 seconds
[GC pause (G1 Evacuation Pause) (young) 86M->12M(128M), 0.0021274 secs]
Application time: 0.1102203 seconds
[GC pause (G1 Evacuation Pause) (young) 86M->12M(128M), 0.0021200 secs]
Application time: 0.1054823 seconds
[GC pause (G1 Evacuation Pause) (young) 86M->13M(128M), 0.0025364 secs]
Application time: 0.1285876 seconds
[GC pause (G1 Evacuation Pause) (young) 86M->13M(128M), 0.0022106 secs]
Application time: 0.0927553 seconds
[GC pause (G1 Evacuation Pause) (young) 86M->13M(128M), 0.0022532 secs]
Application time: 0.1404210 seconds
[GC pause (G1 Evacuation Pause) (young) 86M->13M(128M), 0.0023532 secs]
Application time: 0.1120556 seconds
[GC pause (G1 Evacuation Pause) (young) 86M->15M(128M), 0.0042266 secs]
Application time: 0.1095153 seconds
[GC pause (G1 Evacuation Pause) (young) 86M->13M(128M), 0.0022616 secs]
Application time: 0.1278784 seconds
[GC pause (G1 Evacuation Pause) (young) 86M->13M(128M), 0.0025694 secs]
Application time: 0.1144712 seconds
[GC pause (G1 Evacuation Pause) (young) 86M->13M(128M), 0.0021711 secs]
Application time: 0.0983700 seconds
[GC pause (G1 Evacuation Pause) (young) 86M->13M(128M), 0.0024809 secs]
Application time: 0.1274573 seconds
[GC pause (G1 Evacuation Pause) (young) 86M->13M(128M), 0.0023108 secs]
Application time: 0.1018726 seconds
[GC pause (G1 Evacuation Pause) (young) 86M->13M(128M), 0.0022738 secs]
Application time: 0.1500051 seconds
[GC pause (G1 Evacuation Pause) (young) 86M->12M(128M), 0.0020090 secs]
Application time: 0.1152836 seconds
[GC pause (G1 Evacuation Pause) (young) 86M->13M(128M), 0.0020038 secs]
Application time: 0.1149535 seconds
[GC pause (G1 Evacuation Pause) (young) 86M->12M(128M), 0.0021405 secs]
Application time: 0.1305302 seconds
[GC pause (G1 Evacuation Pause) (young) 86M->13M(128M), 0.0021094 secs]
Application time: 0.1124317 seconds
[GC pause (G1 Evacuation Pause) (young) 86M->13M(128M), 0.0024193 secs]
Application time: 0.1200484 seconds
[GC pause (G1 Evacuation Pause) (young) 86M->13M(128M), 0.0020284 secs]
Application time: 0.1219441 seconds
[GC pause (G1 Evacuation Pause) (young) 86M->12M(128M), 0.0019756 secs]
Application time: 0.1228659 seconds
[GC pause (G1 Evacuation Pause) (young) 86M->13M(128M), 0.0021071 secs]
Application time: 0.1104858 seconds
[GC pause (G1 Evacuation Pause) (young) 86M->13M(128M), 0.0020969 secs]
Application time: 0.1174890 seconds
[GC pause (G1 Evacuation Pause) (young) 86M->12M(128M), 0.0019218 secs]
Application time: 0.1117175 seconds
[GC pause (G1 Evacuation Pause) (young) 86M->12M(128M), 0.0019890 secs]
Application time: 0.1197768 seconds
[GC pause (G1 Evacuation Pause) (young) 86M->12M(128M), 0.0019161 secs]
Application time: 0.1324755 seconds
[GC pause (G1 Evacuation Pause) (young) 86M->12M(128M), 0.0021191 secs]
Application time: 0.1207257 seconds
[GC pause (G1 Evacuation Pause) (young) 86M->13M(128M), 0.0023933 secs]
Application time: 0.1447761 seconds
[GC pause (G1 Evacuation Pause) (young) 86M->12M(128M), 0.0049425 secs]
Application time: 0.1023818 seconds
[GC pause (G1 Evacuation Pause) (young) 86M->13M(128M), 0.0024911 secs]
Application time: 0.1523688 seconds
[GC pause (G1 Evacuation Pause) (young) 86M->13M(128M), 0.0025400 secs]
Application time: 0.1137190 seconds
[GC pause (G1 Evacuation Pause) (young) 86M->13M(128M), 0.0024190 secs]
Application time: 0.1283962 seconds
[GC pause (G1 Evacuation Pause) (young) 86M->13M(128M), 0.0023280 secs]
Application time: 0.1578163 seconds
[GC pause (G1 Evacuation Pause) (young) 86M->12M(128M), 0.0022923 secs]
Application time: 0.1586035 seconds
[GC pause (G1 Evacuation Pause) (young) 86M->13M(128M), 0.0021049 secs]
Application time: 0.1468601 seconds
[GC pause (G1 Evacuation Pause) (young) 86M->12M(128M), 0.0019678 secs]
Application time: 0.1098964 seconds
[GC pause (G1 Evacuation Pause) (young) 86M->13M(128M), 0.0020100 secs]
Application time: 0.1475338 seconds
[GC pause (G1 Evacuation Pause) (young) 86M->12M(128M), 0.0020683 secs]
Application time: 0.1189485 seconds
[GC pause (G1 Evacuation Pause) (young) 86M->13M(128M), 0.0020447 secs]
Application time: 0.1241273 seconds
[GC pause (G1 Evacuation Pause) (young) 86M->12M(128M), 0.0020363 secs]
Application time: 0.1301063 seconds
[GC pause (G1 Evacuation Pause) (young) 86M->14M(128M), 0.0038520 secs]
Application time: 0.1306634 seconds
[GC pause (G1 Evacuation Pause) (young) 86M->13M(128M), 0.0021254 secs]
Application time: 0.1223552 seconds
[GC pause (G1 Evacuation Pause) (young) 86M->13M(128M), 0.0020097 secs]
Application time: 0.1168492 seconds
[GC pause (G1 Evacuation Pause) (young) 86M->12M(128M), 0.0019260 secs]
Application time: 0.1426957 seconds
[GC pause (G1 Evacuation Pause) (young) 86M->12M(128M), 0.0018494 secs]
Application time: 0.1001232 seconds
[GC pause (G1 Evacuation Pause) (young) 86M->12M(128M), 0.0019469 secs]
Application time: 0.1445825 seconds
[GC pause (G1 Evacuation Pause) (young) 86M->13M(128M), 0.0026168 secs]
Application time: 0.1311330 seconds
[GC pause (G1 Evacuation Pause) (young) 86M->13M(128M), 0.0024269 secs]
Application time: 0.1232528 seconds
[GC pause (G1 Evacuation Pause) (young) 86M->13M(128M), 0.0024085 secs]
Application time: 0.1224285 seconds
[GC pause (G1 Evacuation Pause) (young) 86M->12M(128M), 0.0023907 secs]
Application time: 0.1370374 seconds
[GC pause (G1 Evacuation Pause) (young) 86M->15M(128M), 0.0044807 secs]
Application time: 0.1297132 seconds
[GC pause (G1 Evacuation Pause) (young) 86M->13M(128M), 0.0023888 secs]
Application time: 0.1168523 seconds
[GC pause (G1 Evacuation Pause) (young) 86M->13M(128M), 0.0023631 secs]
Application time: 0.1451234 seconds
[GC pause (G1 Evacuation Pause) (young) 86M->12M(128M), 0.0025377 secs]
Application time: 0.1404261 seconds
[GC pause (G1 Evacuation Pause) (young) 86M->13M(128M), 0.0025806 secs]
Application time: 0.1553531 seconds
[GC pause (G1 Evacuation Pause) (young) 86M->13M(128M), 0.0025300 secs]
Application time: 0.1252812 seconds
[GC pause (G1 Evacuation Pause) (young) 86M->13M(128M), 0.0023046 secs]
Application time: 0.1416391 seconds
[GC pause (G1 Evacuation Pause) (young) 86M->13M(128M), 0.0024166 secs]
Application time: 0.1240824 seconds
[GC pause (G1 Evacuation Pause) (young) 86M->13M(128M), 0.0023620 secs]
Application time: 0.1271672 seconds
[GC pause (G1 Evacuation Pause) (young) 86M->12M(128M), 0.0022651 secs]
Application time: 0.0922090 seconds
[GC pause (G1 Evacuation Pause) (young) 86M->13M(128M), 0.0021520 secs]
Application time: 0.1347231 seconds
[GC pause (G1 Evacuation Pause) (young) 86M->12M(128M), 0.0023454 secs]
Application time: 0.1313690 seconds
[GC pause (G1 Evacuation Pause) (young) 86M->15M(128M), 0.0039328 secs]
Application time: 0.1502524 seconds
[GC pause (G1 Evacuation Pause) (young) 86M->13M(128M), 0.0022840 secs]
Application time: 0.1378620 seconds
[GC pause (G1 Evacuation Pause) (young) 86M->12M(128M), 0.0022476 secs]
Application time: 0.1653727 seconds
[GC pause (G1 Evacuation Pause) (young) 86M->13M(128M), 0.0023919 secs]
Application time: 0.1103272 seconds
[GC pause (G1 Evacuation Pause) (young) 86M->12M(128M), 0.0022720 secs]
Application time: 0.1243697 seconds
[GC pause (G1 Evacuation Pause) (young) 86M->12M(128M), 0.0022473 secs]
Application time: 0.1000313 seconds
[GC pause (G1 Evacuation Pause) (young) 86M->13M(128M), 0.0021755 secs]
Application time: 0.1285581 seconds
[GC pause (G1 Evacuation Pause) (young) 86M->12M(128M), 0.0022805 secs]
Application time: 0.1145673 seconds
[GC pause (G1 Evacuation Pause) (young) 86M->12M(128M), 0.0023051 secs]
Application time: 0.1048913 seconds
[GC pause (G1 Evacuation Pause) (young) 86M->15M(128M), 0.0040846 secs]
Application time: 0.1048445 seconds
[GC pause (G1 Evacuation Pause) (young) 86M->12M(128M), 0.0021365 secs]
Application time: 0.1088638 seconds
[GC pause (G1 Evacuation Pause) (young) 86M->12M(128M), 0.0022540 secs]
Application time: 0.0986213 seconds
[GC pause (G1 Evacuation Pause) (young) 86M->13M(128M), 0.0022837 secs]
Application time: 0.1310083 seconds
[GC pause (G1 Evacuation Pause) (young) 86M->13M(128M), 0.0023686 secs]
Application time: 0.0967268 seconds
[GC pause (G1 Evacuation Pause) (young) 86M->13M(128M), 0.0023992 secs]
Application time: 0.1223366 seconds
[GC pause (G1 Evacuation Pause) (young) 86M->12M(128M), 0.0023349 secs]
Application time: 0.1220928 seconds
[GC pause (G1 Evacuation Pause) (young) 86M->14M(128M), 0.0038642 secs]
Application time: 0.1427384 seconds
[GC pause (G1 Evacuation Pause) (young) 86M->13M(128M), 0.0024175 secs]
Application time: 0.1076532 seconds
[GC pause (G1 Evacuation Pause) (young) 86M->13M(128M), 0.0022648 secs]
Application time: 0.1061698 seconds
[GC pause (G1 Evacuation Pause) (young) 86M->12M(128M), 0.0022982 secs]
Application time: 0.1200360 seconds
[GC pause (G1 Evacuation Pause) (young) 86M->14M(128M), 0.0041844 secs]
Application time: 0.1491705 seconds
[GC pause (G1 Evacuation Pause) (young) 86M->13M(128M), 0.0023063 secs]
Application time: 0.0935856 seconds
[GC pause (G1 Evacuation Pause) (young) 86M->13M(128M), 0.0024171 secs]
Application time: 0.1263849 seconds
[GC pause (G1 Evacuation Pause) (young) 86M->13M(128M), 0.0024673 secs]
Application time: 0.0932942 seconds
[GC pause (G1 Evacuation Pause) (young) 86M->13M(128M), 0.0023291 secs]
Application time: 0.1324264 seconds
[GC pause (G1 Evacuation Pause) (young) 86M->13M(128M), 0.0024680 secs]
Application time: 0.1030438 seconds
[GC pause (G1 Evacuation Pause) (young) 86M->13M(128M), 0.0020528 secs]
Application time: 0.1062253 seconds
[GC pause (G1 Evacuation Pause) (young) 86M->12M(128M), 0.0021664 secs]
Application time: 0.1628473 seconds
[GC pause (G1 Evacuation Pause) (young) 86M->13M(128M), 0.0023481 secs]
Application time: 0.1173008 seconds
[GC pause (G1 Evacuation Pause) (young) 86M->13M(128M), 0.0023785 secs]
Application time: 0.1057949 seconds
[GC pause (G1 Evacuation Pause) (young) 86M->12M(128M), 0.0022781 secs]
Application time: 0.1255715 seconds
[GC pause (G1 Evacuation Pause) (young) 86M->12M(128M), 0.0021608 secs]
Application time: 0.1054602 seconds
[GC pause (G1 Evacuation Pause) (young) 86M->13M(128M), 0.0023105 secs]
Application time: 0.1122297 seconds
[GC pause (G1 Evacuation Pause) (young) 86M->12M(128M), 0.0021977 secs]
Application time: 0.1400121 seconds
[GC pause (G1 Evacuation Pause) (young) 86M->13M(128M), 0.0023956 secs]
Application time: 0.1097221 seconds
[GC pause (G1 Evacuation Pause) (young) 86M->12M(128M), 0.0021959 secs]
Application time: 0.1252336 seconds
[GC pause (G1 Evacuation Pause) (young) 86M->13M(128M), 0.0023154 secs]
Application time: 0.1012208 seconds
[GC pause (G1 Evacuation Pause) (young) 86M->13M(128M), 0.0028195 secs]
Application time: 0.1308845 seconds
[GC pause (G1 Evacuation Pause) (young) 86M->13M(128M), 0.0021532 secs]
Application time: 0.1157039 seconds
[GC pause (G1 Evacuation Pause) (young) 86M->14M(128M), 0.0039162 secs]
Application time: 0.2358700 seconds
[GC pause (G1 Evacuation Pause) (young) 86M->12M(128M), 0.0022082 secs]
Application time: 0.0925730 seconds
[GC pause (G1 Evacuation Pause) (young) 86M->13M(128M), 0.0023903 secs]
Application time: 0.1246842 seconds
[GC pause (G1 Evacuation Pause) (young) 86M->12M(128M), 0.0022821 secs]
Application time: 0.1166783 seconds
[GC pause (G1 Evacuation Pause) (young) 86M->13M(128M), 0.0022218 secs]
Application time: 0.0962616 seconds
[GC pause (G1 Evacuation Pause) (young) 86M->13M(128M), 0.0024424 secs]
Application time: 0.1233987 seconds
[GC pause (G1 Evacuation Pause) (young) 86M->13M(128M), 0.0022718 secs]
Application time: 0.0874120 seconds
[GC pause (G1 Evacuation Pause) (young) 86M->13M(128M), 0.0021953 secs]
Application time: 0.1309154 seconds
[GC pause (G1 Evacuation Pause) (young) 86M->12M(128M), 0.0022342 secs]
Application time: 0.1264410 seconds
[GC pause (G1 Evacuation Pause) (young) 86M->12M(128M), 0.0023479 secs]
Application time: 0.1490293 seconds
[GC pause (G1 Evacuation Pause) (young) 86M->13M(128M), 0.0022877 secs]
Application time: 0.1489974 seconds
[GC pause (G1 Evacuation Pause) (young) 86M->13M(128M), 0.0025785 secs]
Application time: 0.1528588 seconds
[GC pause (G1 Evacuation Pause) (young) 86M->12M(128M), 0.0021960 secs]
Application time: 0.1844857 seconds
[GC pause (G1 Evacuation Pause) (young) 86M->13M(128M), 0.0022159 secs]
Application time: 0.1713254 seconds
[GC pause (G1 Evacuation Pause) (young) 86M->12M(128M), 0.0021872 secs]
Application time: 0.1388564 seconds
[GC pause (G1 Evacuation Pause) (young) 86M->12M(128M), 0.0022189 secs]
Application time: 0.1020766 seconds
[GC pause (G1 Evacuation Pause) (young) 86M->13M(128M), 0.0023861 secs]
Application time: 0.1396264 seconds
[GC pause (G1 Evacuation Pause) (young) 86M->12M(128M), 0.0024325 secs]
Application time: 0.1194882 seconds
[GC pause (G1 Evacuation Pause) (young) 86M->13M(128M), 0.0025142 secs]
Application time: 0.1187359 seconds
[GC pause (G1 Evacuation Pause) (young) 86M->12M(128M), 0.0021469 secs]
Application time: 0.1161252 seconds
[GC pause (G1 Evacuation Pause) (young) 86M->13M(128M), 0.0022995 secs]
Application time: 0.1477586 seconds
[GC pause (G1 Evacuation Pause) (young) 86M->13M(128M), 0.0023489 secs]
Application time: 0.1494808 seconds
[GC pause (G1 Evacuation Pause) (young) 86M->13M(128M), 0.0021758 secs]
Application time: 0.1405533 seconds
[GC pause (G1 Evacuation Pause) (young) 86M->13M(128M), 0.0024698 secs]
Application time: 0.0915080 seconds
[GC pause (G1 Evacuation Pause) (young) 86M->14M(128M), 0.0038451 secs]
Application time: 0.1283825 seconds
[GC pause (G1 Evacuation Pause) (young) 86M->13M(128M), 0.0021174 secs]
Application time: 0.0916002 seconds
[GC pause (G1 Evacuation Pause) (young) 86M->13M(128M), 0.0024974 secs]
Application time: 0.1415626 seconds
[GC pause (G1 Evacuation Pause) (young) 86M->12M(128M), 0.0022877 secs]
Application time: 0.1169887 seconds
[GC pause (G1 Evacuation Pause) (young) 86M->12M(128M), 0.0021600 secs]
Application time: 0.1091554 seconds
[GC pause (G1 Evacuation Pause) (young) 86M->13M(128M), 0.0023306 secs]
Application time: 0.1268357 seconds
[GC pause (G1 Evacuation Pause) (young) 86M->12M(128M), 0.0022316 secs]
Application time: 0.1033637 seconds
[GC pause (G1 Evacuation Pause) (young) 86M->13M(128M), 0.0020974 secs]
Application time: 0.1599687 seconds
[GC pause (G1 Evacuation Pause) (young) 86M->13M(128M), 0.0023639 secs]
Application time: 0.1010306 seconds
[GC pause (G1 Evacuation Pause) (young) 86M->12M(128M), 0.0023039 secs]
Application time: 0.1222830 seconds
[GC pause (G1 Evacuation Pause) (young) 86M->13M(128M), 0.0022040 secs]
Application time: 0.1187644 seconds
[GC pause (G1 Evacuation Pause) (young) 86M->12M(128M), 0.0022419 secs]
Application time: 0.1083694 seconds
[GC pause (G1 Evacuation Pause) (young) 86M->12M(128M), 0.0021998 secs]
Application time: 0.1148729 seconds
[GC pause (G1 Evacuation Pause) (young) 86M->12M(128M), 0.0021585 secs]
Application time: 0.1270617 seconds
[GC pause (G1 Evacuation Pause) (young) 86M->13M(128M), 0.0025838 secs]
Application time: 0.0956005 seconds
[GC pause (G1 Evacuation Pause) (young) 86M->13M(128M), 0.0024939 secs]
Application time: 0.1292995 seconds
[GC pause (G1 Evacuation Pause) (young) 86M->12M(128M), 0.0023909 secs]
Application time: 0.0952526 seconds
[GC pause (G1 Evacuation Pause) (young) 86M->14M(128M), 0.0034539 secs]
Application time: 0.1358776 seconds
[GC pause (G1 Evacuation Pause) (young) 86M->12M(128M), 0.0024482 secs]
Application time: 0.0975619 seconds
[GC pause (G1 Evacuation Pause) (young) 86M->13M(128M), 0.0022440 secs]
Application time: 0.1185536 seconds
[GC pause (G1 Evacuation Pause) (young) 86M->12M(128M), 0.0023313 secs]
Application time: 0.1315223 seconds
[GC pause (G1 Evacuation Pause) (young) 86M->13M(128M), 0.0021887 secs]
Application time: 0.1388065 seconds
[GC pause (G1 Evacuation Pause) (young) 86M->13M(128M), 0.0023014 secs]
Application time: 0.1187834 seconds
[GC pause (G1 Evacuation Pause) (young) 86M->12M(128M), 0.0021727 secs]
Application time: 0.1542538 seconds
[GC pause (G1 Evacuation Pause) (young) 86M->13M(128M), 0.0022502 secs]
Application time: 0.0904277 seconds
[GC pause (G1 Evacuation Pause) (young) 86M->13M(128M), 0.0023570 secs]
Application time: 0.1271051 seconds
[GC pause (G1 Evacuation Pause) (young) 86M->12M(128M), 0.0023429 secs]
Application time: 0.1008707 seconds
[GC pause (G1 Evacuation Pause) (young) 86M->13M(128M), 0.0023205 secs]
Application time: 0.1142909 seconds
[GC pause (G1 Evacuation Pause) (young) 86M->13M(128M), 0.0024571 secs]
Application time: 0.1029710 seconds
[GC pause (G1 Evacuation Pause) (young) 86M->13M(128M), 0.0025037 secs]
Application time: 0.1260507 seconds
[GC pause (G1 Evacuation Pause) (young) 86M->12M(128M), 0.0022843 secs]
Application time: 0.1730794 seconds
[GC pause (G1 Evacuation Pause) (young) 86M->13M(128M), 0.0023537 secs]
Application time: 0.1256252 seconds
[GC pause (G1 Evacuation Pause) (young) 86M->12M(128M), 0.0023852 secs]
Application time: 0.1161143 seconds
[GC pause (G1 Evacuation Pause) (young) 86M->13M(128M), 0.0022503 secs]
Application time: 0.1117106 seconds
[GC pause (G1 Evacuation Pause) (young) 86M->13M(128M), 0.0024765 secs]
Application time: 0.1104028 seconds
[GC pause (G1 Evacuation Pause) (young) 86M->13M(128M), 0.0023723 secs]
Application time: 0.1072870 seconds
[GC pause (G1 Evacuation Pause) (young) 86M->12M(128M), 0.0022606 secs]
Application time: 0.1078976 seconds
[GC pause (G1 Evacuation Pause) (young) 86M->13M(128M), 0.0021504 secs]
Application time: 0.1109169 seconds
[GC pause (G1 Evacuation Pause) (young) 86M->13M(128M), 0.0022313 secs]
Application time: 0.1246928 seconds
[GC pause (G1 Evacuation Pause) (young) 86M->13M(128M), 0.0023748 secs]
Application time: 0.0953244 seconds
[GC pause (G1 Evacuation Pause) (young) 86M->13M(128M), 0.0030608 secs]
Application time: 0.1294376 seconds
[GC pause (G1 Evacuation Pause) (young) 86M->13M(128M), 0.0021611 secs]
Application time: 0.0932572 seconds
[GC pause (G1 Evacuation Pause) (young) 86M->13M(128M), 0.0023045 secs]
Application time: 0.1335829 seconds
[GC pause (G1 Evacuation Pause) (young) 86M->13M(128M), 0.0024553 secs]
Application time: 0.1044997 seconds
[GC pause (G1 Evacuation Pause) (young) 86M->13M(128M), 0.0024498 secs]
Application time: 0.1059146 seconds
[GC pause (G1 Evacuation Pause) (young) 86M->12M(128M), 0.0021883 secs]
Application time: 0.1238047 seconds
[GC pause (G1 Evacuation Pause) (young) 86M->12M(128M), 0.0023067 secs]
Application time: 0.0985656 seconds
[GC pause (G1 Evacuation Pause) (young) 86M->14M(128M), 0.0039127 secs]
Application time: 0.1305818 seconds
[GC pause (G1 Evacuation Pause) (young) 86M->12M(128M), 0.0023966 secs]
Application time: 0.1058530 seconds
[GC pause (G1 Evacuation Pause) (young) 86M->13M(128M), 0.0021434 secs]
Application time: 0.1565995 seconds
[GC pause (G1 Evacuation Pause) (young) 86M->13M(128M), 0.0022306 secs]
Application time: 0.1548020 seconds
[GC pause (G1 Evacuation Pause) (young) 86M->12M(128M), 0.0024201 secs]
Application time: 0.1059675 seconds
[GC pause (G1 Evacuation Pause) (young) 86M->13M(128M), 0.0022261 secs]
Application time: 0.1099515 seconds
[GC pause (G1 Evacuation Pause) (young) 86M->12M(128M), 0.0022840 secs]
Application time: 0.1317975 seconds
[GC pause (G1 Evacuation Pause) (young) 86M->13M(128M), 0.0023536 secs]
Application time: 0.0925749 seconds
[GC pause (G1 Evacuation Pause) (young) 86M->13M(128M), 0.0023823 secs]
Application time: 0.1216637 seconds
[GC pause (G1 Evacuation Pause) (young) 86M->13M(128M), 0.0026179 secs]
Application time: 0.0909022 seconds
[GC pause (G1 Evacuation Pause) (young) 86M->14M(128M), 0.0038207 secs]
Application time: 0.1306103 seconds
[GC pause (G1 Evacuation Pause) (young) 86M->13M(128M), 0.0021628 secs]
Application time: 0.1282291 seconds
[GC pause (G1 Evacuation Pause) (young) 86M->13M(128M), 0.0023091 secs]
Application time: 0.1068944 seconds
[GC pause (G1 Evacuation Pause) (young) 86M->13M(128M), 0.0026257 secs]
Application time: 0.1113612 seconds
[GC pause (G1 Evacuation Pause) (young) 86M->13M(128M), 0.0021720 secs]
Application time: 0.1043737 seconds
[GC pause (G1 Evacuation Pause) (young) 86M->13M(128M), 0.0023862 secs]
Application time: 0.1006375 seconds
[GC pause (G1 Evacuation Pause) (young) 86M->13M(128M), 0.0024861 secs]
Application time: 0.1509955 seconds
[GC pause (G1 Evacuation Pause) (young) 86M->12M(128M), 0.0021834 secs]
Application time: 0.0983464 seconds
[GC pause (G1 Evacuation Pause) (young) 86M->12M(128M), 0.0022712 secs]
Application time: 0.1126722 seconds
[GC pause (G1 Evacuation Pause) (young) 86M->13M(128M), 0.0022620 secs]
Application time: 0.1067884 seconds
[GC pause (G1 Evacuation Pause) (young) 86M->14M(128M), 0.0031893 secs]
Application time: 0.1078060 seconds
[GC pause (G1 Evacuation Pause) (young) 86M->13M(128M), 0.0020960 secs]
Application time: 0.1076721 seconds
[GC pause (G1 Evacuation Pause) (young) 86M->13M(128M), 0.0021094 secs]
Application time: 0.0997776 seconds
[GC pause (G1 Evacuation Pause) (young) 86M->13M(128M), 0.0020425 secs]
Application time: 0.1164766 seconds
[GC pause (G1 Evacuation Pause) (young) 86M->12M(128M), 0.0019307 secs]
Application time: 0.0884034 seconds
[GC pause (G1 Evacuation Pause) (young) 86M->13M(128M), 0.0024065 secs]
Application time: 0.1177028 seconds
[GC pause (G1 Evacuation Pause) (young) 86M->13M(128M), 0.0020282 secs]
Application time: 0.0912917 seconds
[GC pause (G1 Evacuation Pause) (young) 86M->12M(128M), 0.0019450 secs]
Application time: 0.1361725 seconds
[GC pause (G1 Evacuation Pause) (young) 86M->13M(128M), 0.0019866 secs]
Application time: 0.1062027 seconds
[GC pause (G1 Evacuation Pause) (young) 86M->13M(128M), 0.0019624 secs]
Application time: 0.1110132 seconds
[GC pause (G1 Evacuation Pause) (young) 86M->13M(128M), 0.0019422 secs]
Application time: 0.1136416 seconds
[GC pause (G1 Evacuation Pause) (young) 86M->12M(128M), 0.0019383 secs]
Application time: 0.0978005 seconds
[GC pause (G1 Evacuation Pause) (young) 86M->13M(128M), 0.0018834 secs]
Application time: 0.1215459 seconds
[GC pause (G1 Evacuation Pause) (young) 86M->12M(128M), 0.0019492 secs]
Application time: 0.0965779 seconds
[GC pause (G1 Evacuation Pause) (young) 86M->13M(128M), 0.0018728 secs]
Application time: 0.1245369 seconds
[GC pause (G1 Evacuation Pause) (young) 86M->12M(128M), 0.0019952 secs]
Application time: 0.1063704 seconds
[GC pause (G1 Evacuation Pause) (young) 86M->14M(128M), 0.0035669 secs]
Application time: 0.1100984 seconds
[GC pause (G1 Evacuation Pause) (young) 86M->13M(128M), 0.0018482 secs]
Application time: 0.1089957 seconds
[GC pause (G1 Evacuation Pause) (young) 86M->13M(128M), 0.0019978 secs]
Application time: 0.1019461 seconds
[GC pause (G1 Evacuation Pause) (young) 86M->13M(128M), 0.0019898 secs]
Application time: 0.1271080 seconds
[GC pause (G1 Evacuation Pause) (young) 86M->13M(128M), 0.0018952 secs]
Application time: 0.0941694 seconds
[GC pause (G1 Evacuation Pause) (young) 86M->13M(128M), 0.0017809 secs]
Application time: 0.1135590 seconds
[GC pause (G1 Evacuation Pause) (young) 86M->12M(128M), 0.0017856 secs]
Application time: 0.0929533 seconds
[GC pause (G1 Evacuation Pause) (young) 86M->13M(128M), 0.0021303 secs]
Application time: 0.1301134 seconds
[GC pause (G1 Evacuation Pause) (young) 86M->13M(128M), 0.0021635 secs]
Application time: 0.1039521 seconds
[GC pause (G1 Evacuation Pause) (young) 86M->13M(128M), 0.0019891 secs]
Application time: 0.1088740 seconds
[GC pause (G1 Evacuation Pause) (young) 86M->13M(128M), 0.0021609 secs]
Application time: 0.1338468 seconds
[GC pause (G1 Evacuation Pause) (young) 86M->13M(128M), 0.0025019 secs]
Application time: 0.1044056 seconds
[GC pause (G1 Evacuation Pause) (young) 86M->13M(128M), 0.0026024 secs]
Application time: 0.1347731 seconds
[GC pause (G1 Evacuation Pause) (young) 86M->13M(128M), 0.0023220 secs]
Application time: 0.1013114 seconds
[GC pause (G1 Evacuation Pause) (young) 86M->13M(128M), 0.0026386 secs]
Application time: 0.1262102 seconds
[GC pause (G1 Evacuation Pause) (young) 86M->12M(128M), 0.0024895 secs]
Application time: 0.1174136 seconds
[GC pause (G1 Evacuation Pause) (young) 86M->13M(128M), 0.0023080 secs]
Application time: 0.1206173 seconds
[GC pause (G1 Evacuation Pause) (young) 86M->13M(128M), 0.0025570 secs]
Application time: 0.1170416 seconds
[GC pause (G1 Evacuation Pause) (young) 86M->12M(128M), 0.0023273 secs]
Application time: 0.1040702 seconds
[GC pause (G1 Evacuation Pause) (young) 86M->13M(128M), 0.0023358 secs]
Application time: 0.1308816 seconds
[GC pause (G1 Evacuation Pause) (young) 86M->13M(128M), 0.0026053 secs]
Application time: 0.1128712 seconds
[GC pause (G1 Evacuation Pause) (young) 86M->15M(128M), 0.0039702 secs]
Application time: 0.1297260 seconds
[GC pause (G1 Evacuation Pause) (young) 86M->13M(128M), 0.0020821 secs]
Application time: 0.1059876 seconds
[GC pause (G1 Evacuation Pause) (young) 86M->13M(128M), 0.0021876 secs]
Application time: 0.1182703 seconds
[GC pause (G1 Evacuation Pause) (young) 86M->12M(128M), 0.0019981 secs]
Application time: 0.1146282 seconds
[GC pause (G1 Evacuation Pause) (young) 86M->13M(128M), 0.0022856 secs]
Application time: 0.1166492 seconds
[GC pause (G1 Evacuation Pause) (young) 86M->15M(128M), 0.0034174 secs]
Application time: 0.1067895 seconds
[GC pause (G1 Evacuation Pause) (young) 86M->12M(128M), 0.0018229 secs]
Application time: 0.1103781 seconds
[GC pause (G1 Evacuation Pause) (young) 86M->13M(128M), 0.0020114 secs]
Application time: 0.1120081 seconds
[GC pause (G1 Evacuation Pause) (young) 86M->12M(128M), 0.0018139 secs]
Application time: 0.1107694 seconds
[GC pause (G1 Evacuation Pause) (young) 86M->13M(128M), 0.0019577 secs]
Application time: 0.1018577 seconds
[GC pause (G1 Evacuation Pause) (young) 86M->13M(128M), 0.0018619 secs]
Application time: 0.1030879 seconds
[GC pause (G1 Evacuation Pause) (young) 86M->13M(128M), 0.0023056 secs]
Application time: 0.1047686 seconds
[GC pause (G1 Evacuation Pause) (young) 86M->15M(128M), 0.0033152 secs]
Application time: 0.1081029 seconds
[GC pause (G1 Evacuation Pause) (young) 86M->14M(128M), 0.0028640 secs]
Application time: 0.1070166 seconds
[GC pause (G1 Evacuation Pause) (young) 86M->12M(128M), 0.0018353 secs]
Application time: 0.1075227 seconds
[GC pause (G1 Evacuation Pause) (young) 86M->13M(128M), 0.0020464 secs]
Application time: 0.1189359 seconds
[GC pause (G1 Evacuation Pause) (young) 86M->13M(128M), 0.0020155 secs]
Application time: 0.1166390 seconds
[GC pause (G1 Evacuation Pause) (young) 86M->12M(128M), 0.0021388 secs]
Application time: 0.1117530 seconds
[GC pause (G1 Evacuation Pause) (young) 86M->13M(128M), 0.0019697 secs]
Application time: 0.1094299 seconds
[GC pause (G1 Evacuation Pause) (young) 86M->13M(128M), 0.0019846 secs]
Application time: 0.1100007 seconds
[GC pause (G1 Evacuation Pause) (young) 86M->13M(128M), 0.0017737 secs]
Application time: 0.1020136 seconds
[GC pause (G1 Evacuation Pause) (young) 86M->12M(128M), 0.0018486 secs]
Application time: 0.1004187 seconds
[GC pause (G1 Evacuation Pause) (young) 86M->12M(128M), 0.0019563 secs]
Application time: 0.1063324 seconds
[GC pause (G1 Evacuation Pause) (young) 86M->13M(128M), 0.0018373 secs]
Application time: 0.1016992 seconds
[GC pause (G1 Evacuation Pause) (young) 86M->12M(128M), 0.0017320 secs]
Application time: 0.1082740 seconds
[GC pause (G1 Evacuation Pause) (young) 86M->12M(128M), 0.0019041 secs]
Application time: 0.1038125 seconds
[GC pause (G1 Evacuation Pause) (young) 86M->13M(128M), 0.0020131 secs]
Application time: 0.0984167 seconds
[GC pause (G1 Evacuation Pause) (young) 86M->13M(128M), 0.0022260 secs]
Application time: 0.1092184 seconds
[GC pause (G1 Evacuation Pause) (young) 86M->13M(128M), 0.0033054 secs]
Application time: 0.1137702 seconds
[GC pause (G1 Evacuation Pause) (young) 86M->13M(128M), 0.0024092 secs]
Application time: 0.1075067 seconds
[GC pause (G1 Evacuation Pause) (young) 86M->12M(128M), 0.0023152 secs]
Application time: 0.0969284 seconds
[GC pause (G1 Evacuation Pause) (young) 86M->13M(128M), 0.0024152 secs]
Application time: 0.1587078 seconds
[GC pause (G1 Evacuation Pause) (young) 86M->12M(128M), 0.0018579 secs]
Application time: 0.1007905 seconds
[GC pause (G1 Evacuation Pause) (young) 86M->13M(128M), 0.0022893 secs]
Application time: 0.1294568 seconds
[GC pause (G1 Evacuation Pause) (young) 86M->13M(128M), 0.0019675 secs]
Application time: 0.1076199 seconds
[GC pause (G1 Evacuation Pause) (young) 86M->14M(128M), 0.0036139 secs]
Application time: 0.1107938 seconds
[GC pause (G1 Evacuation Pause) (young) 86M->13M(128M), 0.0019871 secs]
Application time: 0.1086822 seconds
[GC pause (G1 Evacuation Pause) (young) 86M->12M(128M), 0.0019395 secs]
Application time: 0.1140839 seconds
[GC pause (G1 Evacuation Pause) (young) 86M->13M(128M), 0.0020314 secs]
Application time: 0.1035878 seconds
[GC pause (G1 Evacuation Pause) (young) 86M->13M(128M), 0.0018547 secs]
Application time: 0.1189896 seconds
[GC pause (G1 Evacuation Pause) (young) 86M->13M(128M), 0.0018461 secs]
Application time: 0.0931299 seconds
[GC pause (G1 Evacuation Pause) (young) 86M->12M(128M), 0.0016794 secs]
Application time: 0.1037413 seconds
[GC pause (G1 Evacuation Pause) (young) 86M->12M(128M), 0.0018090 secs]
Application time: 0.1137785 seconds
[GC pause (G1 Evacuation Pause) (young) 86M->13M(128M), 0.0038847 secs]
Application time: 0.1079187 seconds
[GC pause (G1 Evacuation Pause) (young) 86M->14M(128M), 0.0028901 secs]
Application time: 0.1115511 seconds
[GC pause (G1 Evacuation Pause) (young) 86M->13M(128M), 0.0024024 secs]
Application time: 0.1203664 seconds
[GC pause (G1 Evacuation Pause) (young) 86M->13M(128M), 0.0025403 secs]
Application time: 0.0978798 seconds
[GC pause (G1 Evacuation Pause) (young) 86M->13M(128M), 0.0025776 secs]
Application time: 0.1240815 seconds
[GC pause (G1 Evacuation Pause) (young) 86M->13M(128M), 0.0024207 secs]
Application time: 0.1464977 seconds
[GC pause (G1 Evacuation Pause) (young) 86M->13M(128M), 0.0022932 secs]
Application time: 0.1349829 seconds
[GC pause (G1 Evacuation Pause) (young) 86M->12M(128M), 0.0025827 secs]
Application time: 0.0969390 seconds
[GC pause (G1 Evacuation Pause) (young) 86M->13M(128M), 0.0021603 secs]
Application time: 0.1137178 seconds
[GC pause (G1 Evacuation Pause) (young) 86M->12M(128M), 0.0022398 secs]
Application time: 0.1099227 seconds
[GC pause (G1 Evacuation Pause) (young) 86M->12M(128M), 0.0025524 secs]
Application time: 0.1074661 seconds
[GC pause (G1 Evacuation Pause) (young) 86M->13M(128M), 0.0021533 secs]
Application time: 0.1196200 seconds
[GC pause (G1 Evacuation Pause) (young) 86M->12M(128M), 0.0024289 secs]
Application time: 0.0919162 seconds
[GC pause (G1 Evacuation Pause) (young) 86M->12M(128M), 0.0022936 secs]
Application time: 0.1334019 seconds
[GC pause (G1 Evacuation Pause) (young) 86M->12M(128M), 0.0023121 secs]
Application time: 0.0933243 seconds
[GC pause (G1 Evacuation Pause) (young) 86M->14M(128M), 0.0042304 secs]
Application time: 0.1205439 seconds
[GC pause (G1 Evacuation Pause) (young) 86M->13M(128M), 0.0030210 secs]
Application time: 0.1038361 seconds
[GC pause (G1 Evacuation Pause) (young) 86M->13M(128M), 0.0022427 secs]
Application time: 0.1083868 seconds
[GC pause (G1 Evacuation Pause) (young) 86M->12M(128M), 0.0024458 secs]
Application time: 0.1503369 seconds
[GC pause (G1 Evacuation Pause) (young) 86M->13M(128M), 0.0020305 secs]
Application time: 0.0992674 seconds
[GC pause (G1 Evacuation Pause) (young) 86M->13M(128M), 0.0049311 secs]
Application time: 0.1257509 seconds
[GC pause (G1 Evacuation Pause) (young) 86M->12M(128M), 0.0046003 secs]
Application time: 0.0975523 seconds
[GC pause (G1 Evacuation Pause) (young) 86M->14M(128M), 0.0062358 secs]
Application time: 0.1355402 seconds
[GC pause (G1 Evacuation Pause) (young) 86M->13M(128M), 0.0020721 secs]
Application time: 0.1039141 seconds
[GC pause (G1 Evacuation Pause) (young) 86M->12M(128M), 0.0018721 secs]
Application time: 0.1259933 seconds
[GC pause (G1 Evacuation Pause) (young) 86M->13M(128M), 0.0021372 secs]
Application time: 0.1178344 seconds
[GC pause (G1 Evacuation Pause) (young) 86M->12M(128M), 0.0019610 secs]
Application time: 0.1079197 seconds
[GC pause (G1 Evacuation Pause) (young) 86M->13M(128M), 0.0018566 secs]
Application time: 0.1427688 seconds
[GC pause (G1 Evacuation Pause) (young) 86M->13M(128M), 0.0019691 secs]
Application time: 0.0989583 seconds
[GC pause (G1 Evacuation Pause) (young) 86M->14M(128M), 0.0033420 secs]
Application time: 0.1303916 seconds
[GC pause (G1 Evacuation Pause) (young) 86M->13M(128M), 0.0022013 secs]
Application time: 0.0143336 seconds
Application time: 0.1991677 seconds
[GC pause (G1 Evacuation Pause) (young) 86M->12M(128M), 0.0018211 secs]
Application time: 0.2269495 seconds
[GC pause (G1 Evacuation Pause) (young) 86M->13M(128M), 0.0022060 secs]
Warmup (60s) ends:   Wed May 16 02:21:30 GMT 2018
Warmup (60s) result: 126.65 ops/m

Iteration 1 (120s) begins: Wed May 16 02:21:30 GMT 2018
Application time: 0.0969278 seconds
Application time: 0.0001762 seconds
Application time: 0.0128421 seconds
Application time: 0.0117234 seconds
Application time: 0.1009588 seconds
[GC pause (G1 Evacuation Pause) (young) 86M->13M(128M), 0.0021930 secs]
Application time: 0.0685245 seconds
Application time: 0.0000254 seconds
Application time: 0.0532190 seconds
[GC pause (G1 Evacuation Pause) (young) 86M->13M(128M), 0.0025091 secs]
Application time: 0.1467822 seconds
[GC pause (G1 Evacuation Pause) (young) 86M->13M(128M), 0.0022412 secs]
Application time: 0.1276381 seconds
[GC pause (G1 Evacuation Pause) (young) 86M->13M(128M), 0.0025739 secs]
Application time: 0.1446457 seconds
[GC pause (G1 Evacuation Pause) (young) 86M->13M(128M), 0.0024000 secs]
Application time: 0.1188762 seconds
[GC pause (G1 Evacuation Pause) (young) 86M->13M(128M), 0.0023003 secs]
Application time: 0.1513685 seconds
[GC pause (G1 Evacuation Pause) (young) 86M->13M(128M), 0.0024374 secs]
Application time: 0.1503331 seconds
[GC pause (G1 Evacuation Pause) (young) 86M->13M(128M), 0.0022818 secs]
Application time: 0.1095777 seconds
[GC pause (G1 Evacuation Pause) (young) 86M->13M(128M), 0.0025304 secs]
Application time: 0.1321247 seconds
[GC pause (G1 Evacuation Pause) (young) 86M->13M(128M), 0.0034496 secs]
Application time: 0.1354230 seconds
[GC pause (G1 Evacuation Pause) (young) 86M->13M(128M), 0.0027493 secs]
Application time: 0.1055051 seconds
[GC pause (G1 Evacuation Pause) (young) 86M->13M(128M), 0.0027738 secs]
Application time: 0.1432585 seconds
[GC pause (G1 Evacuation Pause) (young) 86M->13M(128M), 0.0028191 secs]
Application time: 0.1050415 seconds
[GC pause (G1 Evacuation Pause) (young) 86M->13M(128M), 0.0030974 secs]
Application time: 0.1316658 seconds
[GC pause (G1 Evacuation Pause) (young) 86M->13M(128M), 0.0027121 secs]
Application time: 0.1166572 seconds
[GC pause (G1 Evacuation Pause) (young) 86M->14M(128M), 0.0034428 secs]
Application time: 0.1283311 seconds
[GC pause (G1 Evacuation Pause) (young) 86M->13M(128M), 0.0025972 secs]
Application time: 0.1168496 seconds
[GC pause (G1 Evacuation Pause) (young) 86M->13M(128M), 0.0024233 secs]
Application time: 0.0931303 seconds
[GC pause (G1 Evacuation Pause) (young) 86M->13M(128M), 0.0025153 secs]
Application time: 0.1199133 seconds
[GC pause (G1 Evacuation Pause) (young) 86M->13M(128M), 0.0021866 secs]
Application time: 0.1013360 seconds
[GC pause (G1 Evacuation Pause) (young) 86M->13M(128M), 0.0023268 secs]
Application time: 0.1227154 seconds
[GC pause (G1 Evacuation Pause) (young) 86M->13M(128M), 0.0023507 secs]
Application time: 0.0912615 seconds
[GC pause (G1 Evacuation Pause) (young) 86M->13M(128M), 0.0022157 secs]
Application time: 0.1296553 seconds
[GC pause (G1 Evacuation Pause) (young) 87M->13M(128M), 0.0026156 secs]
Application time: 0.1448812 seconds
[GC pause (G1 Evacuation Pause) (young) 87M->13M(128M), 0.0024610 secs]
Application time: 0.1223021 seconds
[GC pause (G1 Evacuation Pause) (young) 86M->13M(128M), 0.0023365 secs]
Application time: 0.1238061 seconds
[GC pause (G1 Evacuation Pause) (young) 87M->13M(128M), 0.0023465 secs]
Application time: 0.1083555 seconds
[GC pause (G1 Evacuation Pause) (young) 87M->13M(128M), 0.0023025 secs]
Application time: 0.1412716 seconds
[GC pause (G1 Evacuation Pause) (young) 87M->13M(128M), 0.0026564 secs]
Application time: 0.1178066 seconds
[GC pause (G1 Evacuation Pause) (young) 86M->13M(128M), 0.0024728 secs]
Application time: 0.1217516 seconds
[GC pause (G1 Evacuation Pause) (young) 87M->13M(128M), 0.0024956 secs]
Application time: 0.1177484 seconds
[GC pause (G1 Evacuation Pause) (young) 86M->13M(128M), 0.0024610 secs]
Application time: 0.1209907 seconds
[GC pause (G1 Evacuation Pause) (young) 87M->13M(128M), 0.0023112 secs]
Application time: 0.1413753 seconds
[GC pause (G1 Evacuation Pause) (young) 87M->13M(128M), 0.0023306 secs]
Application time: 0.1656620 seconds
[GC pause (G1 Evacuation Pause) (young) 87M->13M(128M), 0.0023526 secs]
Application time: 0.1757883 seconds
[GC pause (G1 Evacuation Pause) (young) 86M->13M(128M), 0.0024316 secs]
Application time: 0.1100240 seconds
[GC pause (G1 Evacuation Pause) (young) 87M->13M(128M), 0.0024951 secs]
Application time: 0.1346962 seconds
[GC pause (G1 Evacuation Pause) (young) 87M->13M(128M), 0.0023710 secs]
Application time: 0.1012845 seconds
[GC pause (G1 Evacuation Pause) (young) 86M->13M(128M), 0.0025884 secs]
Application time: 0.1444935 seconds
[GC pause (G1 Evacuation Pause) (young) 86M->13M(128M), 0.0025047 secs]
Application time: 0.1099266 seconds
[GC pause (G1 Evacuation Pause) (young) 87M->13M(128M), 0.0022346 secs]
Application time: 0.1192078 seconds
[GC pause (G1 Evacuation Pause) (young) 87M->13M(128M), 0.0023532 secs]
Application time: 0.1302068 seconds
[GC pause (G1 Evacuation Pause) (young) 87M->13M(128M), 0.0024478 secs]
Application time: 0.1155228 seconds
[GC pause (G1 Evacuation Pause) (young) 87M->14M(128M), 0.0025484 secs]
Application time: 0.1360858 seconds
[GC pause (G1 Evacuation Pause) (young) 87M->13M(128M), 0.0022334 secs]
Application time: 0.1005100 seconds
[GC pause (G1 Evacuation Pause) (young) 87M->13M(128M), 0.0023239 secs]
Application time: 0.1381723 seconds
[GC pause (G1 Evacuation Pause) (young) 87M->13M(128M), 0.0024983 secs]
Application time: 0.1160140 seconds
[GC pause (G1 Evacuation Pause) (young) 87M->13M(128M), 0.0023699 secs]
Application time: 0.1133316 seconds
[GC pause (G1 Evacuation Pause) (young) 87M->13M(128M), 0.0023540 secs]
Application time: 0.1216064 seconds
[GC pause (G1 Evacuation Pause) (young) 87M->15M(128M), 0.0040781 secs]
Application time: 0.1178572 seconds
[GC pause (G1 Evacuation Pause) (young) 86M->15M(128M), 0.0041341 secs]
Application time: 0.1174271 seconds
[GC pause (G1 Evacuation Pause) (young) 87M->13M(128M), 0.0022327 secs]
Application time: 0.1212621 seconds
[GC pause (G1 Evacuation Pause) (young) 86M->13M(128M), 0.0023062 secs]
Application time: 0.1199898 seconds
[GC pause (G1 Evacuation Pause) (young) 87M->13M(128M), 0.0024154 secs]
Application time: 0.1313363 seconds
[GC pause (G1 Evacuation Pause) (young) 87M->13M(128M), 0.0022707 secs]
Application time: 0.1063843 seconds
[GC pause (G1 Evacuation Pause) (young) 87M->13M(128M), 0.0024123 secs]
Application time: 0.1049527 seconds
[GC pause (G1 Evacuation Pause) (young) 86M->13M(128M), 0.0021419 secs]
Application time: 0.1101737 seconds
[GC pause (G1 Evacuation Pause) (young) 87M->13M(128M), 0.0022548 secs]
Application time: 0.1030094 seconds
[GC pause (G1 Evacuation Pause) (young) 86M->13M(128M), 0.0023051 secs]
Application time: 0.1169311 seconds
[GC pause (G1 Evacuation Pause) (young) 87M->14M(128M), 0.0023818 secs]
Application time: 0.1163335 seconds
[GC pause (G1 Evacuation Pause) (young) 87M->13M(128M), 0.0021711 secs]
Application time: 0.1264925 seconds
[GC pause (G1 Evacuation Pause) (young) 87M->13M(128M), 0.0026782 secs]
Application time: 0.1277264 seconds
[GC pause (G1 Evacuation Pause) (young) 86M->13M(128M), 0.0024132 secs]
Application time: 0.0973219 seconds
[GC pause (G1 Evacuation Pause) (young) 86M->13M(128M), 0.0023208 secs]
Application time: 0.1107487 seconds
[GC pause (G1 Evacuation Pause) (young) 87M->13M(128M), 0.0023869 secs]
Application time: 0.1101696 seconds
[GC pause (G1 Evacuation Pause) (young) 87M->15M(128M), 0.0038535 secs]
Application time: 0.1422588 seconds
[GC pause (G1 Evacuation Pause) (young) 87M->15M(128M), 0.0042623 secs]
Application time: 0.1067122 seconds
[GC pause (G1 Evacuation Pause) (young) 86M->13M(128M), 0.0023366 secs]
Application time: 0.1121562 seconds
[GC pause (G1 Evacuation Pause) (young) 86M->13M(128M), 0.0023738 secs]
Application time: 0.1268392 seconds
[GC pause (G1 Evacuation Pause) (young) 87M->13M(128M), 0.0025942 secs]
Application time: 0.0980528 seconds
[GC pause (G1 Evacuation Pause) (young) 86M->13M(128M), 0.0024303 secs]
Application time: 0.1172314 seconds
[GC pause (G1 Evacuation Pause) (young) 86M->13M(128M), 0.0023057 secs]
Application time: 0.1016958 seconds
[GC pause (G1 Evacuation Pause) (young) 87M->13M(128M), 0.0021784 secs]
Application time: 0.1126422 seconds
[GC pause (G1 Evacuation Pause) (young) 86M->13M(128M), 0.0023099 secs]
Application time: 0.1132705 seconds
[GC pause (G1 Evacuation Pause) (young) 86M->13M(128M), 0.0022081 secs]
Application time: 0.0939761 seconds
[GC pause (G1 Evacuation Pause) (young) 87M->13M(128M), 0.0022231 secs]
Application time: 0.1202553 seconds
[GC pause (G1 Evacuation Pause) (young) 86M->13M(128M), 0.0022933 secs]
Application time: 0.0877716 seconds
[GC pause (G1 Evacuation Pause) (young) 86M->13M(128M), 0.0023658 secs]
Application time: 0.1264432 seconds
[GC pause (G1 Evacuation Pause) (young) 86M->13M(128M), 0.0024319 secs]
Application time: 0.0960623 seconds
[GC pause (G1 Evacuation Pause) (young) 86M->13M(128M), 0.0021700 secs]
Application time: 0.1031980 seconds
[GC pause (G1 Evacuation Pause) (young) 87M->13M(128M), 0.0022777 secs]
Application time: 0.1081600 seconds
[GC pause (G1 Evacuation Pause) (young) 86M->13M(128M), 0.0022825 secs]
Application time: 0.1023277 seconds
[GC pause (G1 Evacuation Pause) (young) 86M->14M(128M), 0.0033371 secs]
Application time: 0.1086652 seconds
[GC pause (G1 Evacuation Pause) (young) 86M->14M(128M), 0.0030950 secs]
Application time: 0.1135147 seconds
[GC pause (G1 Evacuation Pause) (young) 87M->13M(128M), 0.0023261 secs]
Application time: 0.0977228 seconds
[GC pause (G1 Evacuation Pause) (young) 86M->13M(128M), 0.0024684 secs]
Application time: 0.1317567 seconds
[GC pause (G1 Evacuation Pause) (young) 87M->13M(128M), 0.0021501 secs]
Application time: 0.0902396 seconds
[GC pause (G1 Evacuation Pause) (young) 87M->14M(128M), 0.0023169 secs]
Application time: 0.1195625 seconds
[GC pause (G1 Evacuation Pause) (young) 87M->13M(128M), 0.0022219 secs]
Application time: 0.1001582 seconds
[GC pause (G1 Evacuation Pause) (young) 87M->13M(128M), 0.0020604 secs]
Application time: 0.1069372 seconds
[GC pause (G1 Evacuation Pause) (young) 87M->13M(128M), 0.0022055 secs]
Application time: 0.1196829 seconds
[GC pause (G1 Evacuation Pause) (young) 87M->13M(128M), 0.0021733 secs]
Application time: 0.0919317 seconds
[GC pause (G1 Evacuation Pause) (young) 87M->13M(128M), 0.0024147 secs]
Application time: 0.1198808 seconds
[GC pause (G1 Evacuation Pause) (young) 86M->13M(128M), 0.0021892 secs]
Application time: 0.0972164 seconds
[GC pause (G1 Evacuation Pause) (young) 86M->13M(128M), 0.0022882 secs]
Application time: 0.1231229 seconds
[GC pause (G1 Evacuation Pause) (young) 87M->13M(128M), 0.0022459 secs]
Application time: 0.1036736 seconds
[GC pause (G1 Evacuation Pause) (young) 87M->13M(128M), 0.0024055 secs]
Application time: 0.1187382 seconds
[GC pause (G1 Evacuation Pause) (young) 86M->13M(128M), 0.0025170 secs]
Application time: 0.1047409 seconds
[GC pause (G1 Evacuation Pause) (young) 86M->15M(128M), 0.0036858 secs]
Application time: 0.1180224 seconds
[GC pause (G1 Evacuation Pause) (young) 87M->13M(128M), 0.0023581 secs]
Application time: 0.1083792 seconds
[GC pause (G1 Evacuation Pause) (young) 87M->13M(128M), 0.0023021 secs]
Application time: 0.1218478 seconds
[GC pause (G1 Evacuation Pause) (young) 87M->13M(128M), 0.0022199 secs]
Application time: 0.0885293 seconds
[GC pause (G1 Evacuation Pause) (young) 87M->13M(128M), 0.0023419 secs]
Application time: 0.1239037 seconds
[GC pause (G1 Evacuation Pause) (young) 86M->13M(128M), 0.0022670 secs]
Application time: 0.0869713 seconds
[GC pause (G1 Evacuation Pause) (young) 87M->13M(128M), 0.0023548 secs]
Application time: 0.1366178 seconds
[GC pause (G1 Evacuation Pause) (young) 86M->13M(128M), 0.0022342 secs]
Application time: 0.0997961 seconds
[GC pause (G1 Evacuation Pause) (young) 87M->13M(128M), 0.0024898 secs]
Application time: 0.1088735 seconds
[GC pause (G1 Evacuation Pause) (young) 87M->13M(128M), 0.0024230 secs]
Application time: 0.1082963 seconds
[GC pause (G1 Evacuation Pause) (young) 86M->13M(128M), 0.0021943 secs]
Application time: 0.1025450 seconds
[GC pause (G1 Evacuation Pause) (young) 87M->15M(128M), 0.0038063 secs]
Application time: 0.1307908 seconds
[GC pause (G1 Evacuation Pause) (young) 87M->13M(128M), 0.0023421 secs]
Application time: 0.0893488 seconds
[GC pause (G1 Evacuation Pause) (young) 87M->14M(128M), 0.0024733 secs]
Application time: 0.1195972 seconds
[GC pause (G1 Evacuation Pause) (young) 87M->13M(128M), 0.0023449 secs]
Application time: 0.0959683 seconds
[GC pause (G1 Evacuation Pause) (young) 87M->13M(128M), 0.0022275 secs]
Application time: 0.1171187 seconds
[GC pause (G1 Evacuation Pause) (young) 87M->13M(128M), 0.0022108 secs]
Application time: 0.1069507 seconds
[GC pause (G1 Evacuation Pause) (young) 87M->13M(128M), 0.0021295 secs]
Application time: 0.0984521 seconds
[GC pause (G1 Evacuation Pause) (young) 87M->13M(128M), 0.0020557 secs]
Application time: 0.1486913 seconds
[GC pause (G1 Evacuation Pause) (young) 87M->13M(128M), 0.0024712 secs]
Application time: 0.0846725 seconds
[GC pause (G1 Evacuation Pause) (young) 86M->15M(128M), 0.0036701 secs]
Application time: 0.1245206 seconds
[GC pause (G1 Evacuation Pause) (young) 87M->13M(128M), 0.0022542 secs]
Application time: 0.0920424 seconds
[GC pause (G1 Evacuation Pause) (young) 87M->13M(128M), 0.0020925 secs]
Application time: 0.1091936 seconds
[GC pause (G1 Evacuation Pause) (young) 86M->13M(128M), 0.0023812 secs]
Application time: 0.1090986 seconds
[GC pause (G1 Evacuation Pause) (young) 87M->13M(128M), 0.0021095 secs]
Application time: 0.1030799 seconds
[GC pause (G1 Evacuation Pause) (young) 87M->13M(128M), 0.0022038 secs]
Application time: 0.1087823 seconds
[GC pause (G1 Evacuation Pause) (young) 87M->14M(128M), 0.0024639 secs]
Application time: 0.1058990 seconds
[GC pause (G1 Evacuation Pause) (young) 87M->13M(128M), 0.0021555 secs]
Application time: 0.0981406 seconds
[GC pause (G1 Evacuation Pause) (young) 87M->13M(128M), 0.0021567 secs]
Application time: 0.1286462 seconds
[GC pause (G1 Evacuation Pause) (young) 87M->13M(128M), 0.0020751 secs]
Application time: 0.0877911 seconds
[GC pause (G1 Evacuation Pause) (young) 87M->13M(128M), 0.0020339 secs]
Application time: 0.1237375 seconds
[GC pause (G1 Evacuation Pause) (young) 87M->13M(128M), 0.0025903 secs]
Application time: 0.0902894 seconds
[GC pause (G1 Evacuation Pause) (young) 86M->13M(128M), 0.0023348 secs]
Application time: 0.1200152 seconds
[GC pause (G1 Evacuation Pause) (young) 86M->13M(128M), 0.0025020 secs]
Application time: 0.1036143 seconds
[GC pause (G1 Evacuation Pause) (young) 86M->13M(128M), 0.0024859 secs]
Application time: 0.1033933 seconds
[GC pause (G1 Evacuation Pause) (young) 87M->13M(128M), 0.0023230 secs]
Application time: 0.1166729 seconds
[GC pause (G1 Evacuation Pause) (young) 86M->13M(128M), 0.0020994 secs]
Application time: 0.0940942 seconds
[GC pause (G1 Evacuation Pause) (young) 87M->13M(128M), 0.0021405 secs]
Application time: 0.1230836 seconds
[GC pause (G1 Evacuation Pause) (young) 86M->13M(128M), 0.0021830 secs]
Application time: 0.1025641 seconds
[GC pause (G1 Evacuation Pause) (young) 86M->13M(128M), 0.0022828 secs]
Application time: 0.1052952 seconds
[GC pause (G1 Evacuation Pause) (young) 86M->13M(128M), 0.0021901 secs]
Application time: 0.1064036 seconds
[GC pause (G1 Evacuation Pause) (young) 86M->13M(128M), 0.0021214 secs]
Application time: 0.1042306 seconds
[GC pause (G1 Evacuation Pause) (young) 87M->13M(128M), 0.0021758 secs]
Application time: 0.1085509 seconds
[GC pause (G1 Evacuation Pause) (young) 86M->13M(128M), 0.0023300 secs]
Application time: 0.1261104 seconds
[GC pause (G1 Evacuation Pause) (young) 86M->13M(128M), 0.0022366 secs]
Application time: 0.0932797 seconds
[GC pause (G1 Evacuation Pause) (young) 87M->13M(128M), 0.0021747 secs]
Application time: 0.1155900 seconds
[GC pause (G1 Evacuation Pause) (young) 86M->13M(128M), 0.0021979 secs]
Application time: 0.0930726 seconds
[GC pause (G1 Evacuation Pause) (young) 87M->14M(128M), 0.0028444 secs]
Application time: 0.1217286 seconds
[GC pause (G1 Evacuation Pause) (young) 87M->13M(128M), 0.0023199 secs]
Application time: 0.1044074 seconds
[GC pause (G1 Evacuation Pause) (young) 87M->14M(128M), 0.0031116 secs]
Application time: 0.1062065 seconds
[GC pause (G1 Evacuation Pause) (young) 86M->13M(128M), 0.0021815 secs]
Application time: 0.1009506 seconds
[GC pause (G1 Evacuation Pause) (young) 86M->13M(128M), 0.0024527 secs]
Application time: 0.1030372 seconds
[GC pause (G1 Evacuation Pause) (young) 86M->13M(128M), 0.0023286 secs]
Application time: 0.1053464 seconds
[GC pause (G1 Evacuation Pause) (young) 86M->13M(128M), 0.0024614 secs]
Application time: 0.1186727 seconds
[GC pause (G1 Evacuation Pause) (young) 86M->13M(128M), 0.0021856 secs]
Application time: 0.0948911 seconds
[GC pause (G1 Evacuation Pause) (young) 86M->13M(128M), 0.0030331 secs]
Application time: 0.1057216 seconds
[GC pause (G1 Evacuation Pause) (young) 86M->13M(128M), 0.0018508 secs]
Application time: 0.0977559 seconds
[GC pause (G1 Evacuation Pause) (young) 86M->13M(128M), 0.0018185 secs]
Application time: 0.1041106 seconds
[GC pause (G1 Evacuation Pause) (young) 87M->13M(128M), 0.0020779 secs]
Application time: 0.1068090 seconds
[GC pause (G1 Evacuation Pause) (young) 86M->13M(128M), 0.0017971 secs]
Application time: 0.1059058 seconds
[GC pause (G1 Evacuation Pause) (young) 87M->14M(128M), 0.0020492 secs]
Application time: 0.1165006 seconds
[GC pause (G1 Evacuation Pause) (young) 87M->13M(128M), 0.0017519 secs]
Application time: 0.0908726 seconds
[GC pause (G1 Evacuation Pause) (young) 87M->13M(128M), 0.0018573 secs]
Application time: 0.1284415 seconds
[GC pause (G1 Evacuation Pause) (young) 87M->13M(128M), 0.0019072 secs]
Application time: 0.0945146 seconds
[GC pause (G1 Evacuation Pause) (young) 87M->15M(128M), 0.0029904 secs]
Application time: 0.1113104 seconds
[GC pause (G1 Evacuation Pause) (young) 87M->13M(128M), 0.0017448 secs]
Application time: 0.0988846 seconds
[GC pause (G1 Evacuation Pause) (young) 87M->13M(128M), 0.0018908 secs]
Application time: 0.1164285 seconds
[GC pause (G1 Evacuation Pause) (young) 87M->13M(128M), 0.0028144 secs]
Application time: 0.1219520 seconds
[GC pause (G1 Evacuation Pause) (young) 86M->13M(128M), 0.0025574 secs]
Application time: 0.1099865 seconds
[GC pause (G1 Evacuation Pause) (young) 86M->13M(128M), 0.0022928 secs]
Application time: 0.1110846 seconds
[GC pause (G1 Evacuation Pause) (young) 87M->13M(128M), 0.0021998 secs]
Application time: 0.1294750 seconds
[GC pause (G1 Evacuation Pause) (young) 87M->13M(128M), 0.0023615 secs]
Application time: 0.1010275 seconds
[GC pause (G1 Evacuation Pause) (young) 87M->13M(128M), 0.0046479 secs]
Application time: 0.1264911 seconds
[GC pause (G1 Evacuation Pause) (young) 87M->13M(128M), 0.0046334 secs]
Application time: 0.1076751 seconds
[GC pause (G1 Evacuation Pause) (young) 86M->13M(128M), 0.0040834 secs]
Application time: 0.1204797 seconds
[GC pause (G1 Evacuation Pause) (young) 87M->13M(128M), 0.0034744 secs]
Application time: 0.1363762 seconds
[GC pause (G1 Evacuation Pause) (young) 87M->13M(128M), 0.0024154 secs]
Application time: 0.1007598 seconds
[GC pause (G1 Evacuation Pause) (young) 87M->13M(128M), 0.0027147 secs]
Application time: 0.1469072 seconds
[GC pause (G1 Evacuation Pause) (young) 86M->13M(128M), 0.0022931 secs]
Application time: 0.1229483 seconds
[GC pause (G1 Evacuation Pause) (young) 86M->15M(128M), 0.0045263 secs]
Application time: 0.1521937 seconds
[GC pause (G1 Evacuation Pause) (young) 86M->13M(128M), 0.0022472 secs]
Application time: 0.1071155 seconds
[GC pause (G1 Evacuation Pause) (young) 86M->13M(128M), 0.0021366 secs]
Application time: 0.1269134 seconds
[GC pause (G1 Evacuation Pause) (young) 86M->13M(128M), 0.0020412 secs]
Application time: 0.1136367 seconds
[GC pause (G1 Evacuation Pause) (young) 86M->13M(128M), 0.0019282 secs]
Application time: 0.1199223 seconds
[GC pause (G1 Evacuation Pause) (young) 86M->13M(128M), 0.0019068 secs]
Application time: 0.1244042 seconds
[GC pause (G1 Evacuation Pause) (young) 86M->13M(128M), 0.0018682 secs]
Application time: 0.1050643 seconds
[GC pause (G1 Evacuation Pause) (young) 86M->13M(128M), 0.0020831 secs]
Application time: 0.1349802 seconds
[GC pause (G1 Evacuation Pause) (young) 86M->13M(128M), 0.0019378 secs]
Application time: 0.1198234 seconds
[GC pause (G1 Evacuation Pause) (young) 86M->13M(128M), 0.0020708 secs]
Application time: 0.1141428 seconds
[GC pause (G1 Evacuation Pause) (young) 86M->13M(128M), 0.0020770 secs]
Application time: 0.1297690 seconds
[GC pause (G1 Evacuation Pause) (young) 86M->14M(128M), 0.0023112 secs]
Application time: 0.1170226 seconds
[GC pause (G1 Evacuation Pause) (young) 87M->15M(128M), 0.0037085 secs]
Application time: 0.1145747 seconds
[GC pause (G1 Evacuation Pause) (young) 87M->13M(128M), 0.0019069 secs]
Application time: 0.1223722 seconds
[GC pause (G1 Evacuation Pause) (young) 86M->13M(128M), 0.0019985 secs]
Application time: 0.1153646 seconds
[GC pause (G1 Evacuation Pause) (young) 86M->13M(128M), 0.0021122 secs]
Application time: 0.1276571 seconds
[GC pause (G1 Evacuation Pause) (young) 86M->13M(128M), 0.0020452 secs]
Application time: 0.1151710 seconds
[GC pause (G1 Evacuation Pause) (young) 86M->13M(128M), 0.0020549 secs]
Application time: 0.1190517 seconds
[GC pause (G1 Evacuation Pause) (young) 86M->13M(128M), 0.0021368 secs]
Application time: 0.1188799 seconds
[GC pause (G1 Evacuation Pause) (young) 86M->13M(128M), 0.0020604 secs]
Application time: 0.1114171 seconds
[GC pause (G1 Evacuation Pause) (young) 86M->13M(128M), 0.0020333 secs]
Application time: 0.1217911 seconds
[GC pause (G1 Evacuation Pause) (young) 86M->15M(128M), 0.0037939 secs]
Application time: 0.1373084 seconds
[GC pause (G1 Evacuation Pause) (young) 87M->13M(128M), 0.0018935 secs]
Application time: 0.1104775 seconds
[GC pause (G1 Evacuation Pause) (young) 87M->13M(128M), 0.0021082 secs]
Application time: 0.1396440 seconds
[GC pause (G1 Evacuation Pause) (young) 86M->13M(128M), 0.0020059 secs]
Application time: 0.1106312 seconds
[GC pause (G1 Evacuation Pause) (young) 86M->13M(128M), 0.0020718 secs]
Application time: 0.1174300 seconds
[GC pause (G1 Evacuation Pause) (young) 86M->13M(128M), 0.0020271 secs]
Application time: 0.1169283 seconds
[GC pause (G1 Evacuation Pause) (young) 86M->13M(128M), 0.0027514 secs]
Application time: 0.1200426 seconds
[GC pause (G1 Evacuation Pause) (young) 86M->13M(128M), 0.0027761 secs]
Application time: 0.1210350 seconds
[GC pause (G1 Evacuation Pause) (young) 86M->13M(128M), 0.0025471 secs]
Application time: 0.0977893 seconds
[GC pause (G1 Evacuation Pause) (young) 86M->13M(128M), 0.0024191 secs]
Application time: 0.1353211 seconds
[GC pause (G1 Evacuation Pause) (young) 87M->13M(128M), 0.0023083 secs]
Application time: 0.0943018 seconds
[GC pause (G1 Evacuation Pause) (young) 86M->14M(128M), 0.0028834 secs]
Application time: 0.1265896 seconds
[GC pause (G1 Evacuation Pause) (young) 87M->13M(128M), 0.0023577 secs]
Application time: 0.1060618 seconds
[GC pause (G1 Evacuation Pause) (young) 86M->13M(128M), 0.0024402 secs]
Application time: 0.1198841 seconds
[GC pause (G1 Evacuation Pause) (young) 87M->13M(128M), 0.0024214 secs]
Application time: 0.1188379 seconds
[GC pause (G1 Evacuation Pause) (young) 87M->13M(128M), 0.0023204 secs]
Application time: 0.1052970 seconds
[GC pause (G1 Evacuation Pause) (young) 87M->13M(128M), 0.0019151 secs]
Application time: 0.1287012 seconds
[GC pause (G1 Evacuation Pause) (young) 86M->13M(128M), 0.0020140 secs]
Application time: 0.0969416 seconds
[GC pause (G1 Evacuation Pause) (young) 87M->13M(128M), 0.0018972 secs]
Application time: 0.1350130 seconds
[GC pause (G1 Evacuation Pause) (young) 86M->13M(128M), 0.0020784 secs]
Application time: 0.0968257 seconds
[GC pause (G1 Evacuation Pause) (young) 86M->15M(128M), 0.0034639 secs]
Application time: 0.1307818 seconds
[GC pause (G1 Evacuation Pause) (young) 87M->13M(128M), 0.0018683 secs]
Application time: 0.1052654 seconds
[GC pause (G1 Evacuation Pause) (young) 86M->13M(128M), 0.0020622 secs]
Application time: 0.1177974 seconds
[GC pause (G1 Evacuation Pause) (young) 86M->13M(128M), 0.0019812 secs]
Application time: 0.1307393 seconds
[GC pause (G1 Evacuation Pause) (young) 86M->13M(128M), 0.0049309 secs]
Application time: 0.0982412 seconds
[GC pause (G1 Evacuation Pause) (young) 87M->15M(128M), 0.0035066 secs]
Application time: 0.1315674 seconds
[GC pause (G1 Evacuation Pause) (young) 87M->13M(128M), 0.0018747 secs]
Application time: 0.1024147 seconds
[GC pause (G1 Evacuation Pause) (young) 86M->14M(128M), 0.0021338 secs]
Application time: 0.1298332 seconds
[GC pause (G1 Evacuation Pause) (young) 87M->13M(128M), 0.0020919 secs]
Application time: 0.1090145 seconds
[GC pause (G1 Evacuation Pause) (young) 86M->13M(128M), 0.0019766 secs]
Application time: 0.1219855 seconds
[GC pause (G1 Evacuation Pause) (young) 87M->13M(128M), 0.0019915 secs]
Application time: 0.1182828 seconds
[GC pause (G1 Evacuation Pause) (young) 87M->13M(128M), 0.0019645 secs]
Application time: 0.1168572 seconds
[GC pause (G1 Evacuation Pause) (young) 87M->13M(128M), 0.0022553 secs]
Application time: 0.1225701 seconds
[GC pause (G1 Evacuation Pause) (young) 86M->13M(128M), 0.0020376 secs]
Application time: 0.0980243 seconds
[GC pause (G1 Evacuation Pause) (young) 87M->13M(128M), 0.0019101 secs]
Application time: 0.1361724 seconds
[GC pause (G1 Evacuation Pause) (young) 87M->13M(128M), 0.0019637 secs]
Application time: 0.0972275 seconds
[GC pause (G1 Evacuation Pause) (young) 87M->13M(128M), 0.0019639 secs]
Application time: 0.1275035 seconds
[GC pause (G1 Evacuation Pause) (young) 87M->13M(128M), 0.0020182 secs]
Application time: 0.1127366 seconds
[GC pause (G1 Evacuation Pause) (young) 87M->14M(128M), 0.0022775 secs]
Application time: 0.1223005 seconds
[GC pause (G1 Evacuation Pause) (young) 87M->13M(128M), 0.0019297 secs]
Application time: 0.1169402 seconds
[GC pause (G1 Evacuation Pause) (young) 87M->13M(128M), 0.0020274 secs]
Application time: 0.1040306 seconds
[GC pause (G1 Evacuation Pause) (young) 87M->13M(128M), 0.0020227 secs]
Application time: 0.1403695 seconds
[GC pause (G1 Evacuation Pause) (young) 86M->13M(128M), 0.0021351 secs]
Application time: 0.0937553 seconds
[GC pause (G1 Evacuation Pause) (young) 87M->15M(128M), 0.0035427 secs]
Application time: 0.1271034 seconds
[GC pause (G1 Evacuation Pause) (young) 86M->13M(128M), 0.0019807 secs]
Application time: 0.0941389 seconds
[GC pause (G1 Evacuation Pause) (young) 86M->13M(128M), 0.0020517 secs]
Application time: 0.1416668 seconds
[GC pause (G1 Evacuation Pause) (young) 86M->13M(128M), 0.0022440 secs]
Application time: 0.1141050 seconds
[GC pause (G1 Evacuation Pause) (young) 87M->13M(128M), 0.0018746 secs]
Application time: 0.1082621 seconds
[GC pause (G1 Evacuation Pause) (young) 87M->13M(128M), 0.0022987 secs]
Application time: 0.1373656 seconds
[GC pause (G1 Evacuation Pause) (young) 87M->13M(128M), 0.0018299 secs]
Application time: 0.0971843 seconds
[GC pause (G1 Evacuation Pause) (young) 87M->13M(128M), 0.0038425 secs]
Application time: 0.1296251 seconds
[GC pause (G1 Evacuation Pause) (young) 86M->13M(128M), 0.0028513 secs]
Application time: 0.1222808 seconds
[GC pause (G1 Evacuation Pause) (young) 86M->13M(128M), 0.0024535 secs]
Application time: 0.1379514 seconds
[GC pause (G1 Evacuation Pause) (young) 87M->13M(128M), 0.0023477 secs]
Application time: 0.1195285 seconds
[GC pause (G1 Evacuation Pause) (young) 87M->15M(128M), 0.0042734 secs]
Application time: 0.1265399 seconds
[GC pause (G1 Evacuation Pause) (young) 87M->13M(128M), 0.0021321 secs]
Application time: 0.1260357 seconds
[GC pause (G1 Evacuation Pause) (young) 87M->13M(128M), 0.0020128 secs]
Application time: 0.1290240 seconds
[GC pause (G1 Evacuation Pause) (young) 87M->13M(128M), 0.0020235 secs]
Application time: 0.1338368 seconds
[GC pause (G1 Evacuation Pause) (young) 86M->13M(128M), 0.0020559 secs]
Application time: 0.1060041 seconds
[GC pause (G1 Evacuation Pause) (young) 86M->13M(128M), 0.0018455 secs]
Application time: 0.1402088 seconds
[GC pause (G1 Evacuation Pause) (young) 87M->13M(128M), 0.0020995 secs]
Application time: 0.1128381 seconds
[GC pause (G1 Evacuation Pause) (young) 87M->13M(128M), 0.0020460 secs]
Application time: 0.1299617 seconds
[GC pause (G1 Evacuation Pause) (young) 87M->13M(128M), 0.0024781 secs]
Application time: 0.1219284 seconds
[GC pause (G1 Evacuation Pause) (young) 87M->15M(128M), 0.0047893 secs]
Application time: 0.1139306 seconds
[GC pause (G1 Evacuation Pause) (young) 87M->13M(128M), 0.0019876 secs]
Application time: 0.1216885 seconds
[GC pause (G1 Evacuation Pause) (young) 86M->13M(128M), 0.0019523 secs]
Application time: 0.1071359 seconds
[GC pause (G1 Evacuation Pause) (young) 86M->13M(128M), 0.0019974 secs]
Application time: 0.1295707 seconds
[GC pause (G1 Evacuation Pause) (young) 86M->13M(128M), 0.0019056 secs]
Application time: 0.0998212 seconds
[GC pause (G1 Evacuation Pause) (young) 86M->15M(128M), 0.0028276 secs]
Application time: 0.1426790 seconds
[GC pause (G1 Evacuation Pause) (young) 87M->13M(128M), 0.0020491 secs]
Application time: 0.1055149 seconds
[GC pause (G1 Evacuation Pause) (young) 86M->14M(128M), 0.0020087 secs]
Application time: 0.1266122 seconds
[GC pause (G1 Evacuation Pause) (young) 87M->13M(128M), 0.0020281 secs]
Application time: 0.1273719 seconds
[GC pause (G1 Evacuation Pause) (young) 86M->13M(128M), 0.0020020 secs]
Application time: 0.1012319 seconds
[GC pause (G1 Evacuation Pause) (young) 86M->13M(128M), 0.0021502 secs]
Application time: 0.1366200 seconds
[GC pause (G1 Evacuation Pause) (young) 86M->13M(128M), 0.0020851 secs]
Application time: 0.0963018 seconds
[GC pause (G1 Evacuation Pause) (young) 86M->13M(128M), 0.0019517 secs]
Application time: 0.1430882 seconds
[GC pause (G1 Evacuation Pause) (young) 86M->13M(128M), 0.0022365 secs]
Application time: 0.1098277 seconds
[GC pause (G1 Evacuation Pause) (young) 86M->13M(128M), 0.0019979 secs]
Application time: 0.1157818 seconds
[GC pause (G1 Evacuation Pause) (young) 86M->13M(128M), 0.0018718 secs]
Application time: 0.1215043 seconds
[GC pause (G1 Evacuation Pause) (young) 87M->14M(128M), 0.0021070 secs]
Application time: 0.1254824 seconds
[GC pause (G1 Evacuation Pause) (young) 87M->14M(128M), 0.0021088 secs]
Application time: 0.1138243 seconds
[GC pause (G1 Evacuation Pause) (young) 87M->13M(128M), 0.0019568 secs]
Application time: 0.1128728 seconds
[GC pause (G1 Evacuation Pause) (young) 86M->14M(128M), 0.0025982 secs]
Application time: 0.1365285 seconds
[GC pause (G1 Evacuation Pause) (young) 87M->13M(128M), 0.0019274 secs]
Application time: 0.0998007 seconds
[GC pause (G1 Evacuation Pause) (young) 87M->14M(128M), 0.0020417 secs]
Application time: 0.1390543 seconds
[GC pause (G1 Evacuation Pause) (young) 87M->13M(128M), 0.0019442 secs]
Application time: 0.0982112 seconds
[GC pause (G1 Evacuation Pause) (young) 87M->13M(128M), 0.0019022 secs]
Application time: 0.1564996 seconds
[GC pause (G1 Evacuation Pause) (young) 87M->13M(128M), 0.0023820 secs]
Application time: 0.1244694 seconds
[GC pause (G1 Evacuation Pause) (young) 87M->13M(128M), 0.0023346 secs]
Application time: 0.1102186 seconds
[GC pause (G1 Evacuation Pause) (young) 87M->13M(128M), 0.0024523 secs]
Application time: 0.1444059 seconds
[GC pause (G1 Evacuation Pause) (young) 87M->13M(128M), 0.0023989 secs]
Application time: 0.1013989 seconds
[GC pause (G1 Evacuation Pause) (young) 87M->14M(128M), 0.0024314 secs]
Application time: 0.1381583 seconds
[GC pause (G1 Evacuation Pause) (young) 87M->13M(128M), 0.0023766 secs]
Application time: 0.1006786 seconds
[GC pause (G1 Evacuation Pause) (young) 86M->13M(128M), 0.0023864 secs]
Application time: 0.1290290 seconds
[GC pause (G1 Evacuation Pause) (young) 87M->13M(128M), 0.0024825 secs]
Application time: 0.1202250 seconds
[GC pause (G1 Evacuation Pause) (young) 86M->14M(128M), 0.0023631 secs]
Application time: 0.1173303 seconds
[GC pause (G1 Evacuation Pause) (young) 87M->13M(128M), 0.0024182 secs]
Application time: 0.1133655 seconds
[GC pause (G1 Evacuation Pause) (young) 86M->13M(128M), 0.0021692 secs]
Application time: 0.1191551 seconds
[GC pause (G1 Evacuation Pause) (young) 86M->13M(128M), 0.0023412 secs]
Application time: 0.1199367 seconds
[GC pause (G1 Evacuation Pause) (young) 87M->13M(128M), 0.0022911 secs]
Application time: 0.1364816 seconds
[GC pause (G1 Evacuation Pause) (young) 87M->13M(128M), 0.0025617 secs]
Application time: 0.1155689 seconds
[GC pause (G1 Evacuation Pause) (young) 87M->13M(128M), 0.0023730 secs]
Application time: 0.1214008 seconds
[GC pause (G1 Evacuation Pause) (young) 87M->13M(128M), 0.0024216 secs]
Application time: 0.1155810 seconds
[GC pause (G1 Evacuation Pause) (young) 87M->13M(128M), 0.0025026 secs]
Application time: 0.1242283 seconds
[GC pause (G1 Evacuation Pause) (young) 87M->15M(128M), 0.0043232 secs]
Application time: 0.1215020 seconds
[GC pause (G1 Evacuation Pause) (young) 86M->13M(128M), 0.0024196 secs]
Application time: 0.1176892 seconds
[GC pause (G1 Evacuation Pause) (young) 86M->13M(128M), 0.0024208 secs]
Application time: 0.1105202 seconds
[GC pause (G1 Evacuation Pause) (young) 86M->14M(128M), 0.0025886 secs]
Application time: 0.1458206 seconds
[GC pause (G1 Evacuation Pause) (young) 87M->13M(128M), 0.0018620 secs]
Application time: 0.0999721 seconds
[GC pause (G1 Evacuation Pause) (young) 87M->13M(128M), 0.0020369 secs]
Application time: 0.1432514 seconds
[GC pause (G1 Evacuation Pause) (young) 86M->13M(128M), 0.0019404 secs]
Application time: 0.1039080 seconds
[GC pause (G1 Evacuation Pause) (young) 86M->13M(128M), 0.0025041 secs]
Application time: 0.1318308 seconds
[GC pause (G1 Evacuation Pause) (young) 86M->13M(128M), 0.0025919 secs]
Application time: 0.1305000 seconds
[GC pause (G1 Evacuation Pause) (young) 86M->13M(128M), 0.0025161 secs]
Application time: 0.1049633 seconds
[GC pause (G1 Evacuation Pause) (young) 86M->13M(128M), 0.0024529 secs]
Application time: 0.1327260 seconds
[GC pause (G1 Evacuation Pause) (young) 86M->13M(128M), 0.0024363 secs]
Application time: 0.0948617 seconds
[GC pause (G1 Evacuation Pause) (young) 87M->13M(128M), 0.0023212 secs]
Application time: 0.1270885 seconds
[GC pause (G1 Evacuation Pause) (young) 86M->13M(128M), 0.0023921 secs]
Application time: 0.0945700 seconds
[GC pause (G1 Evacuation Pause) (young) 87M->13M(128M), 0.0022020 secs]
Application time: 0.1331828 seconds
[GC pause (G1 Evacuation Pause) (young) 87M->13M(128M), 0.0023757 secs]
Application time: 0.1046582 seconds
[GC pause (G1 Evacuation Pause) (young) 87M->13M(128M), 0.0022986 secs]
Application time: 0.1216820 seconds
[GC pause (G1 Evacuation Pause) (young) 87M->13M(128M), 0.0022514 secs]
Application time: 0.1269412 seconds
[GC pause (G1 Evacuation Pause) (young) 87M->13M(128M), 0.0023451 secs]
Application time: 0.0972174 seconds
[GC pause (G1 Evacuation Pause) (young) 87M->13M(128M), 0.0023572 secs]
Application time: 0.1282686 seconds
[GC pause (G1 Evacuation Pause) (young) 87M->13M(128M), 0.0022513 secs]
Application time: 0.0943920 seconds
[GC pause (G1 Evacuation Pause) (young) 86M->14M(128M), 0.0023398 secs]
Application time: 0.1282122 seconds
[GC pause (G1 Evacuation Pause) (young) 87M->13M(128M), 0.0022649 secs]
Application time: 0.0971401 seconds
[GC pause (G1 Evacuation Pause) (young) 86M->13M(128M), 0.0022733 secs]
Application time: 0.1275825 seconds
[GC pause (G1 Evacuation Pause) (young) 87M->13M(128M), 0.0024894 secs]
Application time: 0.1082513 seconds
[GC pause (G1 Evacuation Pause) (young) 87M->13M(128M), 0.0021987 secs]
Application time: 0.1067996 seconds
[GC pause (G1 Evacuation Pause) (young) 87M->13M(128M), 0.0025093 secs]
Application time: 0.1247983 seconds
[GC pause (G1 Evacuation Pause) (young) 86M->13M(128M), 0.0023088 secs]
Application time: 0.0933740 seconds
[GC pause (G1 Evacuation Pause) (young) 87M->13M(128M), 0.0022485 secs]
Application time: 0.1188469 seconds
[GC pause (G1 Evacuation Pause) (young) 87M->13M(128M), 0.0024169 secs]
Application time: 0.0941005 seconds
[GC pause (G1 Evacuation Pause) (young) 87M->15M(128M), 0.0035778 secs]
Application time: 0.1252480 seconds
[GC pause (G1 Evacuation Pause) (young) 87M->13M(128M), 0.0023484 secs]
Application time: 0.1020983 seconds
[GC pause (G1 Evacuation Pause) (young) 86M->13M(128M), 0.0023758 secs]
Application time: 0.1108985 seconds
[GC pause (G1 Evacuation Pause) (young) 87M->13M(128M), 0.0021829 secs]
Application time: 0.1055090 seconds
[GC pause (G1 Evacuation Pause) (young) 87M->13M(128M), 0.0024267 secs]
Application time: 0.1100627 seconds
[GC pause (G1 Evacuation Pause) (young) 87M->15M(128M), 0.0040350 secs]
Application time: 0.1077643 seconds
[GC pause (G1 Evacuation Pause) (young) 86M->13M(128M), 0.0022371 secs]
Application time: 0.1100336 seconds
[GC pause (G1 Evacuation Pause) (young) 87M->13M(128M), 0.0022445 secs]
Application time: 0.1115607 seconds
[GC pause (G1 Evacuation Pause) (young) 87M->13M(128M), 0.0022059 secs]
Application time: 0.1094757 seconds
[GC pause (G1 Evacuation Pause) (young) 87M->13M(128M), 0.0024083 secs]
Application time: 0.1096420 seconds
[GC pause (G1 Evacuation Pause) (young) 87M->13M(128M), 0.0024585 secs]
Application time: 0.1013769 seconds
[GC pause (G1 Evacuation Pause) (young) 86M->13M(128M), 0.0022384 secs]
Application time: 0.1055372 seconds
[GC pause (G1 Evacuation Pause) (young) 87M->13M(128M), 0.0022007 secs]
Application time: 0.1229442 seconds
[GC pause (G1 Evacuation Pause) (young) 87M->15M(128M), 0.0041103 secs]
Application time: 0.1100639 seconds
[GC pause (G1 Evacuation Pause) (young) 87M->13M(128M), 0.0022832 secs]
Application time: 0.1198843 seconds
[GC pause (G1 Evacuation Pause) (young) 86M->13M(128M), 0.0022765 secs]
Application time: 0.1418806 seconds
[GC pause (G1 Evacuation Pause) (young) 86M->13M(128M), 0.0021747 secs]
Application time: 0.0986875 seconds
[GC pause (G1 Evacuation Pause) (young) 87M->14M(128M), 0.0025749 secs]
Application time: 0.1396855 seconds
[GC pause (G1 Evacuation Pause) (young) 87M->13M(128M), 0.0020161 secs]
Application time: 0.1052797 seconds
[GC pause (G1 Evacuation Pause) (young) 87M->13M(128M), 0.0018040 secs]
Application time: 0.1232359 seconds
[GC pause (G1 Evacuation Pause) (young) 87M->13M(128M), 0.0019397 secs]
Application time: 0.1317720 seconds
[GC pause (G1 Evacuation Pause) (young) 87M->13M(128M), 0.0020655 secs]
Application time: 0.1061222 seconds
[GC pause (G1 Evacuation Pause) (young) 87M->13M(128M), 0.0021136 secs]
Application time: 0.1312576 seconds
[GC pause (G1 Evacuation Pause) (young) 87M->13M(128M), 0.0020133 secs]
Application time: 0.1006101 seconds
[GC pause (G1 Evacuation Pause) (young) 87M->13M(128M), 0.0020103 secs]
Application time: 0.1493018 seconds
[GC pause (G1 Evacuation Pause) (young) 87M->13M(128M), 0.0021355 secs]
Application time: 0.1098582 seconds
[GC pause (G1 Evacuation Pause) (young) 86M->13M(128M), 0.0020762 secs]
Application time: 0.1142060 seconds
[GC pause (G1 Evacuation Pause) (young) 86M->13M(128M), 0.0021502 secs]
Application time: 0.1318484 seconds
[GC pause (G1 Evacuation Pause) (young) 87M->15M(128M), 0.0035882 secs]
Application time: 0.1184282 seconds
[GC pause (G1 Evacuation Pause) (young) 87M->15M(128M), 0.0035685 secs]
Application time: 0.1106099 seconds
[GC pause (G1 Evacuation Pause) (young) 86M->13M(128M), 0.0020245 secs]
Application time: 0.1236442 seconds
[GC pause (G1 Evacuation Pause) (young) 87M->13M(128M), 0.0021409 secs]
Application time: 0.1094551 seconds
[GC pause (G1 Evacuation Pause) (young) 87M->13M(128M), 0.0019866 secs]
Application time: 0.1378352 seconds
[GC pause (G1 Evacuation Pause) (young) 87M->13M(128M), 0.0020948 secs]
Application time: 0.1087901 seconds
[GC pause (G1 Evacuation Pause) (young) 87M->13M(128M), 0.0021693 secs]
Application time: 0.1250301 seconds
[GC pause (G1 Evacuation Pause) (young) 86M->13M(128M), 0.0020468 secs]
Application time: 0.1125638 seconds
[GC pause (G1 Evacuation Pause) (young) 87M->13M(128M), 0.0018184 secs]
Application time: 0.1184124 seconds
[GC pause (G1 Evacuation Pause) (young) 87M->13M(128M), 0.0020663 secs]
Application time: 0.1325318 seconds
[GC pause (G1 Evacuation Pause) (young) 87M->13M(128M), 0.0019541 secs]
Application time: 0.1089702 seconds
[GC pause (G1 Evacuation Pause) (young) 86M->13M(128M), 0.0020929 secs]
Application time: 0.1312344 seconds
[GC pause (G1 Evacuation Pause) (young) 86M->13M(128M), 0.0018995 secs]
Application time: 0.1025672 seconds
[GC pause (G1 Evacuation Pause) (young) 86M->13M(128M), 0.0021698 secs]
Application time: 0.1319513 seconds
[GC pause (G1 Evacuation Pause) (young) 86M->13M(128M), 0.0022281 secs]
Application time: 0.1176501 seconds
[GC pause (G1 Evacuation Pause) (young) 87M->13M(128M), 0.0020141 secs]
Application time: 0.1137299 seconds
[GC pause (G1 Evacuation Pause) (young) 87M->13M(128M), 0.0019776 secs]
Application time: 0.1121762 seconds
[GC pause (G1 Evacuation Pause) (young) 86M->13M(128M), 0.0018580 secs]
Application time: 0.1222829 seconds
[GC pause (G1 Evacuation Pause) (young) 87M->14M(128M), 0.0033566 secs]
Application time: 0.1126630 seconds
[GC pause (G1 Evacuation Pause) (young) 86M->13M(128M), 0.0020226 secs]
Application time: 0.1267730 seconds
[GC pause (G1 Evacuation Pause) (young) 87M->13M(128M), 0.0019280 secs]
Application time: 0.1041960 seconds
[GC pause (G1 Evacuation Pause) (young) 87M->13M(128M), 0.0018646 secs]
Application time: 0.1355568 seconds
[GC pause (G1 Evacuation Pause) (young) 87M->13M(128M), 0.0020925 secs]
Application time: 0.1195961 seconds
[GC pause (G1 Evacuation Pause) (young) 86M->13M(128M), 0.0020168 secs]
Application time: 0.1110733 seconds
[GC pause (G1 Evacuation Pause) (young) 87M->13M(128M), 0.0020074 secs]
Application time: 0.1181551 seconds
[GC pause (G1 Evacuation Pause) (young) 87M->15M(128M), 0.0037279 secs]
Application time: 0.1161160 seconds
[GC pause (G1 Evacuation Pause) (young) 87M->14M(128M), 0.0020413 secs]
Application time: 0.1134019 seconds
[GC pause (G1 Evacuation Pause) (young) 87M->14M(128M), 0.0022625 secs]
Application time: 0.1286955 seconds
[GC pause (G1 Evacuation Pause) (young) 87M->13M(128M), 0.0021620 secs]
Application time: 0.1090145 seconds
[GC pause (G1 Evacuation Pause) (young) 87M->13M(128M), 0.0024615 secs]
Application time: 0.1407195 seconds
[GC pause (G1 Evacuation Pause) (young) 87M->13M(128M), 0.0023529 secs]
Application time: 0.1132555 seconds
[GC pause (G1 Evacuation Pause) (young) 87M->13M(128M), 0.0023704 secs]
Application time: 0.1233285 seconds
[GC pause (G1 Evacuation Pause) (young) 87M->13M(128M), 0.0025344 secs]
Application time: 0.1177471 seconds
[GC pause (G1 Evacuation Pause) (young) 87M->13M(128M), 0.0023810 secs]
Application time: 0.1222252 seconds
[GC pause (G1 Evacuation Pause) (young) 87M->13M(128M), 0.0024497 secs]
Application time: 0.1358750 seconds
[GC pause (G1 Evacuation Pause) (young) 87M->13M(128M), 0.0022606 secs]
Application time: 0.1058187 seconds
[GC pause (G1 Evacuation Pause) (young) 87M->13M(128M), 0.0023757 secs]
Application time: 0.1356039 seconds
[GC pause (G1 Evacuation Pause) (young) 87M->13M(128M), 0.0023214 secs]
Application time: 0.0963733 seconds
[GC pause (G1 Evacuation Pause) (young) 87M->13M(128M), 0.0022952 secs]
Application time: 0.1328508 seconds
[GC pause (G1 Evacuation Pause) (young) 87M->13M(128M), 0.0023399 secs]
Application time: 0.1002938 seconds
[GC pause (G1 Evacuation Pause) (young) 87M->13M(128M), 0.0022808 secs]
Application time: 0.1392933 seconds
[GC pause (G1 Evacuation Pause) (young) 87M->13M(128M), 0.0024795 secs]
Application time: 0.1125534 seconds
[GC pause (G1 Evacuation Pause) (young) 87M->13M(128M), 0.0023853 secs]
Application time: 0.1093317 seconds
[GC pause (G1 Evacuation Pause) (young) 87M->13M(128M), 0.0024763 secs]
Application time: 0.1295242 seconds
[GC pause (G1 Evacuation Pause) (young) 87M->14M(128M), 0.0020762 secs]
Application time: 0.1054823 seconds
[GC pause (G1 Evacuation Pause) (young) 87M->14M(128M), 0.0020593 secs]
Application time: 0.1490519 seconds
[GC pause (G1 Evacuation Pause) (young) 87M->13M(128M), 0.0020624 secs]
Application time: 0.1022304 seconds
[GC pause (G1 Evacuation Pause) (young) 87M->13M(128M), 0.0019927 secs]
Application time: 0.1292364 seconds
[GC pause (G1 Evacuation Pause) (young) 87M->13M(128M), 0.0021877 secs]
Application time: 0.1096983 seconds
[GC pause (G1 Evacuation Pause) (young) 87M->16M(128M), 0.0034684 secs]
Application time: 0.1148979 seconds
[GC pause (G1 Evacuation Pause) (young) 87M->14M(128M), 0.0020500 secs]
Application time: 0.1084873 seconds
[GC pause (G1 Evacuation Pause) (young) 87M->13M(128M), 0.0019967 secs]
Application time: 0.1164983 seconds
[GC pause (G1 Evacuation Pause) (young) 87M->13M(128M), 0.0020842 secs]
Application time: 0.1220081 seconds
[GC pause (G1 Evacuation Pause) (young) 87M->13M(128M), 0.0019149 secs]
Application time: 0.1051693 seconds
[GC pause (G1 Evacuation Pause) (young) 87M->14M(128M), 0.0020754 secs]
Application time: 0.1627873 seconds
[GC pause (G1 Evacuation Pause) (young) 87M->13M(128M), 0.0020559 secs]
Application time: 0.0951446 seconds
[GC pause (G1 Evacuation Pause) (young) 87M->15M(128M), 0.0041827 secs]
Application time: 0.1444548 seconds
[GC pause (G1 Evacuation Pause) (young) 87M->13M(128M), 0.0021717 secs]
Application time: 0.1323196 seconds
[GC pause (G1 Evacuation Pause) (young) 87M->13M(128M), 0.0020549 secs]
Application time: 0.1201729 seconds
[GC pause (G1 Evacuation Pause) (young) 87M->14M(128M), 0.0020367 secs]
Application time: 0.1173266 seconds
[GC pause (G1 Evacuation Pause) (young) 87M->13M(128M), 0.0020095 secs]
Application time: 0.1250646 seconds
[GC pause (G1 Evacuation Pause) (young) 87M->13M(128M), 0.0020968 secs]
Application time: 0.1329436 seconds
[GC pause (G1 Evacuation Pause) (young) 87M->13M(128M), 0.0019051 secs]
Application time: 0.1050559 seconds
[GC pause (G1 Evacuation Pause) (young) 87M->13M(128M), 0.0020096 secs]
Application time: 0.1397135 seconds
[GC pause (G1 Evacuation Pause) (young) 87M->13M(128M), 0.0020936 secs]
Application time: 0.1153881 seconds
[GC pause (G1 Evacuation Pause) (young) 87M->14M(128M), 0.0021132 secs]
Application time: 0.1251460 seconds
[GC pause (G1 Evacuation Pause) (young) 87M->14M(128M), 0.0021356 secs]
Application time: 0.1150983 seconds
[GC pause (G1 Evacuation Pause) (young) 87M->13M(128M), 0.0020023 secs]
Application time: 0.1171100 seconds
[GC pause (G1 Evacuation Pause) (young) 87M->13M(128M), 0.0021031 secs]
Application time: 0.1403949 seconds
[GC pause (G1 Evacuation Pause) (young) 87M->13M(128M), 0.0020918 secs]
Application time: 0.1024153 seconds
[GC pause (G1 Evacuation Pause) (young) 87M->14M(128M), 0.0020302 secs]
Application time: 0.1353050 seconds
[GC pause (G1 Evacuation Pause) (young) 87M->14M(128M), 0.0022066 secs]
Application time: 0.1027966 seconds
[GC pause (G1 Evacuation Pause) (young) 87M->14M(128M), 0.0025086 secs]
Application time: 0.1441566 seconds
[GC pause (G1 Evacuation Pause) (young) 87M->14M(128M), 0.0019507 secs]
Application time: 0.1071722 seconds
[GC pause (G1 Evacuation Pause) (young) 87M->13M(128M), 0.0019610 secs]
Application time: 0.1331361 seconds
[GC pause (G1 Evacuation Pause) (young) 87M->14M(128M), 0.0020101 secs]
Application time: 0.1498766 seconds
[GC pause (G1 Evacuation Pause) (young) 87M->14M(128M), 0.0028491 secs]
Application time: 0.1169987 seconds
[GC pause (G1 Evacuation Pause) (young) 87M->14M(128M), 0.0024021 secs]
Application time: 0.1465633 seconds
[GC pause (G1 Evacuation Pause) (young) 87M->14M(128M), 0.0023866 secs]
Application time: 0.1035937 seconds
[GC pause (G1 Evacuation Pause) (young) 87M->15M(128M), 0.0040472 secs]
Application time: 0.1412927 seconds
[GC pause (G1 Evacuation Pause) (young) 87M->14M(128M), 0.0024129 secs]
Application time: 0.1061289 seconds
[GC pause (G1 Evacuation Pause) (young) 87M->14M(128M), 0.0025699 secs]
Application time: 0.1544324 seconds
[GC pause (G1 Evacuation Pause) (young) 87M->14M(128M), 0.0023587 secs]
Application time: 0.1178074 seconds
[GC pause (G1 Evacuation Pause) (young) 87M->13M(128M), 0.0023484 secs]
Application time: 0.1143045 seconds
[GC pause (G1 Evacuation Pause) (young) 87M->13M(128M), 0.0025234 secs]
Application time: 0.1259310 seconds
[GC pause (G1 Evacuation Pause) (young) 87M->13M(128M), 0.0022599 secs]
Application time: 0.0973328 seconds
[GC pause (G1 Evacuation Pause) (young) 87M->14M(128M), 0.0023114 secs]
Application time: 0.1300910 seconds
[GC pause (G1 Evacuation Pause) (young) 87M->13M(128M), 0.0022665 secs]
Application time: 0.0959130 seconds
[GC pause (G1 Evacuation Pause) (young) 87M->13M(128M), 0.0022298 secs]
Application time: 0.1263472 seconds
[GC pause (G1 Evacuation Pause) (young) 87M->13M(128M), 0.0023265 secs]
Application time: 0.1090104 seconds
[GC pause (G1 Evacuation Pause) (young) 87M->13M(128M), 0.0022826 secs]
Application time: 0.1167248 seconds
[GC pause (G1 Evacuation Pause) (young) 87M->13M(128M), 0.0022029 secs]
Application time: 0.1105089 seconds
[GC pause (G1 Evacuation Pause) (young) 87M->13M(128M), 0.0023023 secs]
Application time: 0.1160484 seconds
[GC pause (G1 Evacuation Pause) (young) 87M->13M(128M), 0.0023789 secs]
Application time: 0.1043452 seconds
[GC pause (G1 Evacuation Pause) (young) 87M->13M(128M), 0.0021475 secs]
Application time: 0.1325928 seconds
[GC pause (G1 Evacuation Pause) (young) 87M->13M(128M), 0.0023232 secs]
Application time: 0.0955115 seconds
[GC pause (G1 Evacuation Pause) (young) 87M->14M(128M), 0.0030925 secs]
Application time: 0.1338526 seconds
[GC pause (G1 Evacuation Pause) (young) 87M->14M(128M), 0.0023033 secs]
Application time: 0.1037991 seconds
[GC pause (G1 Evacuation Pause) (young) 87M->13M(128M), 0.0023141 secs]
Application time: 0.1086960 seconds
[GC pause (G1 Evacuation Pause) (young) 87M->14M(128M), 0.0023358 secs]
Application time: 0.1146118 seconds
[GC pause (G1 Evacuation Pause) (young) 87M->14M(128M), 0.0025768 secs]
Application time: 0.1073926 seconds
[GC pause (G1 Evacuation Pause) (young) 87M->14M(128M), 0.0023025 secs]
Application time: 0.1318847 seconds
[GC pause (G1 Evacuation Pause) (young) 87M->14M(128M), 0.0025541 secs]
Application time: 0.1213812 seconds
[GC pause (G1 Evacuation Pause) (young) 87M->13M(128M), 0.0023589 secs]
Application time: 0.1008557 seconds
[GC pause (G1 Evacuation Pause) (young) 87M->13M(128M), 0.0024207 secs]
Application time: 0.1537211 seconds
[GC pause (G1 Evacuation Pause) (young) 87M->13M(128M), 0.0023258 secs]
Application time: 0.1530580 seconds
[GC pause (G1 Evacuation Pause) (young) 87M->13M(128M), 0.0022834 secs]
Application time: 0.1655025 seconds
[GC pause (G1 Evacuation Pause) (young) 87M->13M(128M), 0.0024567 secs]
Application time: 0.1444347 seconds
[GC pause (G1 Evacuation Pause) (young) 87M->14M(128M), 0.0024886 secs]
Application time: 0.1635967 seconds
[GC pause (G1 Evacuation Pause) (young) 87M->13M(128M), 0.0024538 secs]
Application time: 0.2168792 seconds
[GC pause (G1 Evacuation Pause) (young) 87M->13M(128M), 0.0025161 secs]
Application time: 0.1502144 seconds
[GC pause (G1 Evacuation Pause) (young) 87M->13M(128M), 0.0023953 secs]
Application time: 0.1115535 seconds
[GC pause (G1 Evacuation Pause) (young) 87M->13M(128M), 0.0024713 secs]
Application time: 0.1283204 seconds
[GC pause (G1 Evacuation Pause) (young) 87M->13M(128M), 0.0024063 secs]
Application time: 0.1228501 seconds
[GC pause (G1 Evacuation Pause) (young) 87M->13M(128M), 0.0024724 secs]
Application time: 0.1138377 seconds
[GC pause (G1 Evacuation Pause) (young) 87M->13M(128M), 0.0022345 secs]
Application time: 0.1144311 seconds
[GC pause (G1 Evacuation Pause) (young) 87M->13M(128M), 0.0024182 secs]
Application time: 0.1311488 seconds
[GC pause (G1 Evacuation Pause) (young) 87M->13M(128M), 0.0024555 secs]
Application time: 0.1175374 seconds
[GC pause (G1 Evacuation Pause) (young) 87M->13M(128M), 0.0024276 secs]
Application time: 0.1275925 seconds
[GC pause (G1 Evacuation Pause) (young) 87M->13M(128M), 0.0022157 secs]
Application time: 0.1012712 seconds
[GC pause (G1 Evacuation Pause) (young) 87M->14M(128M), 0.0022886 secs]
Application time: 0.1509706 seconds
[GC pause (G1 Evacuation Pause) (young) 87M->13M(128M), 0.0022776 secs]
Application time: 0.1094953 seconds
[GC pause (G1 Evacuation Pause) (young) 87M->13M(128M), 0.0019435 secs]
Application time: 0.1611694 seconds
[GC pause (G1 Evacuation Pause) (young) 87M->13M(128M), 0.0020293 secs]
Application time: 0.1040066 seconds
[GC pause (G1 Evacuation Pause) (young) 87M->14M(128M), 0.0020401 secs]
Application time: 0.1412633 seconds
[GC pause (G1 Evacuation Pause) (young) 87M->13M(128M), 0.0021469 secs]
Application time: 0.1104863 seconds
[GC pause (G1 Evacuation Pause) (young) 87M->13M(128M), 0.0020231 secs]
Application time: 0.1188076 seconds
[GC pause (G1 Evacuation Pause) (young) 87M->14M(128M), 0.0019230 secs]
Application time: 0.1141619 seconds
[GC pause (G1 Evacuation Pause) (young) 87M->14M(128M), 0.0018883 secs]
Application time: 0.1089881 seconds
[GC pause (G1 Evacuation Pause) (young) 87M->14M(128M), 0.0021820 secs]
Application time: 0.1243463 seconds
[GC pause (G1 Evacuation Pause) (young) 87M->13M(128M), 0.0018532 secs]
Application time: 0.1206943 seconds
[GC pause (G1 Evacuation Pause) (young) 87M->14M(128M), 0.0020759 secs]
Application time: 0.1096115 seconds
[GC pause (G1 Evacuation Pause) (young) 87M->14M(128M), 0.0018632 secs]
Application time: 0.1255690 seconds
[GC pause (G1 Evacuation Pause) (young) 87M->14M(128M), 0.0020022 secs]
Application time: 0.1111227 seconds
[GC pause (G1 Evacuation Pause) (young) 87M->15M(128M), 0.0031375 secs]
Application time: 0.1171601 seconds
[GC pause (G1 Evacuation Pause) (young) 87M->16M(128M), 0.0035894 secs]
Application time: 0.1076399 seconds
[GC pause (G1 Evacuation Pause) (young) 87M->13M(128M), 0.0021131 secs]
Application time: 0.1248008 seconds
[GC pause (G1 Evacuation Pause) (young) 87M->14M(128M), 0.0021018 secs]
Application time: 0.1044737 seconds
[GC pause (G1 Evacuation Pause) (young) 87M->14M(128M), 0.0020071 secs]
Application time: 0.1358383 seconds
[GC pause (G1 Evacuation Pause) (young) 87M->13M(128M), 0.0021819 secs]
Application time: 0.1065358 seconds
[GC pause (G1 Evacuation Pause) (young) 87M->15M(128M), 0.0033723 secs]
Application time: 0.1268889 seconds
[GC pause (G1 Evacuation Pause) (young) 87M->14M(128M), 0.0019468 secs]
Application time: 0.1087489 seconds
[GC pause (G1 Evacuation Pause) (young) 87M->13M(128M), 0.0018674 secs]
Application time: 0.1246135 seconds
[GC pause (G1 Evacuation Pause) (young) 87M->13M(128M), 0.0019640 secs]
Application time: 0.1337558 seconds
[GC pause (G1 Evacuation Pause) (young) 87M->14M(128M), 0.0020008 secs]
Application time: 0.0938458 seconds
[GC pause (G1 Evacuation Pause) (young) 87M->16M(128M), 0.0037311 secs]
Application time: 0.1228844 seconds
[GC pause (G1 Evacuation Pause) (young) 87M->13M(128M), 0.0022875 secs]
Application time: 0.1225200 seconds
[GC pause (G1 Evacuation Pause) (young) 87M->13M(128M), 0.0022746 secs]
Application time: 0.1429145 seconds
[GC pause (G1 Evacuation Pause) (young) 87M->13M(128M), 0.0023979 secs]
Application time: 0.1072432 seconds
[GC pause (G1 Evacuation Pause) (young) 87M->13M(128M), 0.0023220 secs]
Application time: 0.1181843 seconds
[GC pause (G1 Evacuation Pause) (young) 87M->14M(128M), 0.0022659 secs]
Application time: 0.1076941 seconds
[GC pause (G1 Evacuation Pause) (young) 87M->14M(128M), 0.0022120 secs]
Application time: 0.1160714 seconds
[GC pause (G1 Evacuation Pause) (young) 87M->13M(128M), 0.0024146 secs]
Application time: 0.1153029 seconds
[GC pause (G1 Evacuation Pause) (young) 87M->13M(128M), 0.0022134 secs]
Application time: 0.1244203 seconds
[GC pause (G1 Evacuation Pause) (young) 87M->13M(128M), 0.0022579 secs]
Application time: 0.0961273 seconds
[GC pause (G1 Evacuation Pause) (young) 87M->14M(128M), 0.0022398 secs]
Application time: 0.1259723 seconds
[GC pause (G1 Evacuation Pause) (young) 87M->13M(128M), 0.0024202 secs]
Application time: 0.1024089 seconds
[GC pause (G1 Evacuation Pause) (young) 87M->14M(128M), 0.0023675 secs]
Application time: 0.1252265 seconds
[GC pause (G1 Evacuation Pause) (young) 87M->13M(128M), 0.0023823 secs]
Application time: 0.1136981 seconds
[GC pause (G1 Evacuation Pause) (young) 87M->13M(128M), 0.0022655 secs]
Application time: 0.1113719 seconds
[GC pause (G1 Evacuation Pause) (young) 87M->14M(128M), 0.0024801 secs]
Application time: 0.1210810 seconds
[GC pause (G1 Evacuation Pause) (young) 87M->13M(128M), 0.0021772 secs]
Application time: 0.1255182 seconds
[GC pause (G1 Evacuation Pause) (young) 87M->15M(128M), 0.0036726 secs]
Application time: 0.1311137 seconds
[GC pause (G1 Evacuation Pause) (young) 87M->13M(128M), 0.0021152 secs]
Application time: 0.1056904 seconds
[GC pause (G1 Evacuation Pause) (young) 87M->13M(128M), 0.0018871 secs]
Application time: 0.1589255 seconds
[GC pause (G1 Evacuation Pause) (young) 87M->13M(128M), 0.0019919 secs]
Application time: 0.1054825 seconds
[GC pause (G1 Evacuation Pause) (young) 87M->13M(128M), 0.0019672 secs]
Application time: 0.1569661 seconds
[GC pause (G1 Evacuation Pause) (young) 87M->13M(128M), 0.0019893 secs]
Application time: 0.1389196 seconds
[GC pause (G1 Evacuation Pause) (young) 87M->14M(128M), 0.0018921 secs]
Application time: 0.1518961 seconds
[GC pause (G1 Evacuation Pause) (young) 87M->14M(128M), 0.0020593 secs]
Application time: 0.1583610 seconds
[GC pause (G1 Evacuation Pause) (young) 87M->14M(128M), 0.0019997 secs]
Application time: 0.1516144 seconds
[GC pause (G1 Evacuation Pause) (young) 87M->14M(128M), 0.0019074 secs]
Application time: 0.2972382 seconds
[GC pause (G1 Evacuation Pause) (young) 87M->14M(128M), 0.0023140 secs]
Application time: 0.1368564 seconds
[GC pause (G1 Evacuation Pause) (young) 87M->13M(128M), 0.0020629 secs]
Application time: 0.1163286 seconds
[GC pause (G1 Evacuation Pause) (young) 87M->13M(128M), 0.0019161 secs]
Application time: 0.1195055 seconds
[GC pause (G1 Evacuation Pause) (young) 87M->15M(128M), 0.0035728 secs]
Application time: 0.1166790 seconds
[GC pause (G1 Evacuation Pause) (young) 87M->14M(128M), 0.0019802 secs]
Application time: 0.1072840 seconds
[GC pause (G1 Evacuation Pause) (young) 87M->14M(128M), 0.0020044 secs]
Application time: 0.1043358 seconds
[GC pause (G1 Evacuation Pause) (young) 87M->14M(128M), 0.0020333 secs]
Application time: 0.1216800 seconds
[GC pause (G1 Evacuation Pause) (young) 87M->14M(128M), 0.0019755 secs]
Application time: 0.1017953 seconds
[GC pause (G1 Evacuation Pause) (young) 87M->14M(128M), 0.0020060 secs]
Application time: 0.1104896 seconds
[GC pause (G1 Evacuation Pause) (young) 87M->14M(128M), 0.0020410 secs]
Application time: 0.1115273 seconds
[GC pause (G1 Evacuation Pause) (young) 87M->14M(128M), 0.0020748 secs]
Application time: 0.1055405 seconds
[GC pause (G1 Evacuation Pause) (young) 87M->13M(128M), 0.0019098 secs]
Application time: 0.1041857 seconds
[GC pause (G1 Evacuation Pause) (young) 87M->13M(128M), 0.0020225 secs]
Application time: 0.1143683 seconds
[GC pause (G1 Evacuation Pause) (young) 87M->15M(128M), 0.0034168 secs]
Application time: 0.1211081 seconds
[GC pause (G1 Evacuation Pause) (young) 87M->13M(128M), 0.0019096 secs]
Application time: 0.0941901 seconds
[GC pause (G1 Evacuation Pause) (young) 87M->14M(128M), 0.0019659 secs]
Application time: 0.1280020 seconds
[GC pause (G1 Evacuation Pause) (young) 87M->13M(128M), 0.0020417 secs]
Application time: 0.1083149 seconds
[GC pause (G1 Evacuation Pause) (young) 87M->15M(128M), 0.0035150 secs]
Application time: 0.1275974 seconds
[GC pause (G1 Evacuation Pause) (young) 87M->13M(128M), 0.0019281 secs]
Application time: 0.1060818 seconds
[GC pause (G1 Evacuation Pause) (young) 87M->13M(128M), 0.0020430 secs]
Application time: 0.1137715 seconds
[GC pause (G1 Evacuation Pause) (young) 87M->13M(128M), 0.0020680 secs]
Application time: 0.1170023 seconds
[GC pause (G1 Evacuation Pause) (young) 87M->13M(128M), 0.0021097 secs]
Application time: 0.1123341 seconds
[GC pause (G1 Evacuation Pause) (young) 87M->15M(128M), 0.0035246 secs]
Application time: 0.1281930 seconds
[GC pause (G1 Evacuation Pause) (young) 87M->13M(128M), 0.0019430 secs]
Application time: 0.0953207 seconds
[GC pause (G1 Evacuation Pause) (young) 87M->14M(128M), 0.0020639 secs]
Application time: 0.1264709 seconds
[GC pause (G1 Evacuation Pause) (young) 87M->13M(128M), 0.0020119 secs]
Application time: 0.1076819 seconds
[GC pause (G1 Evacuation Pause) (young) 87M->14M(128M), 0.0020091 secs]
Application time: 0.1299432 seconds
[GC pause (G1 Evacuation Pause) (young) 87M->13M(128M), 0.0018889 secs]
Application time: 0.1093832 seconds
[GC pause (G1 Evacuation Pause) (young) 87M->13M(128M), 0.0019356 secs]
Application time: 0.1101860 seconds
[GC pause (G1 Evacuation Pause) (young) 87M->14M(128M), 0.0021350 secs]
Application time: 0.1359580 seconds
[GC pause (G1 Evacuation Pause) (young) 87M->13M(128M), 0.0019170 secs]
Application time: 0.0970503 seconds
[GC pause (G1 Evacuation Pause) (young) 87M->13M(128M), 0.0019541 secs]
Application time: 0.1325859 seconds
[GC pause (G1 Evacuation Pause) (young) 87M->13M(128M), 0.0018910 secs]
Application time: 0.0951432 seconds
[GC pause (G1 Evacuation Pause) (young) 87M->14M(128M), 0.0020277 secs]
Application time: 0.1178359 seconds
[GC pause (G1 Evacuation Pause) (young) 87M->13M(128M), 0.0017942 secs]
Application time: 0.1045657 seconds
[GC pause (G1 Evacuation Pause) (young) 87M->13M(128M), 0.0017637 secs]
Application time: 0.1062436 seconds
[GC pause (G1 Evacuation Pause) (young) 87M->13M(128M), 0.0019000 secs]
Application time: 0.1017150 seconds
[GC pause (G1 Evacuation Pause) (young) 87M->13M(128M), 0.0018908 secs]
Application time: 0.1063490 seconds
[GC pause (G1 Evacuation Pause) (young) 87M->13M(128M), 0.0019186 secs]
Application time: 0.1132692 seconds
[GC pause (G1 Evacuation Pause) (young) 87M->13M(128M), 0.0017788 secs]
Application time: 0.0891630 seconds
[GC pause (G1 Evacuation Pause) (young) 87M->13M(128M), 0.0018060 secs]
Application time: 0.1307473 seconds
[GC pause (G1 Evacuation Pause) (young) 87M->13M(128M), 0.0018635 secs]
Application time: 0.1095574 seconds
[GC pause (G1 Evacuation Pause) (young) 87M->13M(128M), 0.0020095 secs]
Application time: 0.1163908 seconds
[GC pause (G1 Evacuation Pause) (young) 87M->13M(128M), 0.0020129 secs]
Application time: 0.1120311 seconds
[GC pause (G1 Evacuation Pause) (young) 87M->15M(128M), 0.0028164 secs]
Application time: 0.1080801 seconds
[GC pause (G1 Evacuation Pause) (young) 87M->14M(128M), 0.0020431 secs]
Application time: 0.1134534 seconds
[GC pause (G1 Evacuation Pause) (young) 87M->13M(128M), 0.0018658 secs]
Application time: 0.1050693 seconds
[GC pause (G1 Evacuation Pause) (young) 87M->15M(128M), 0.0034475 secs]
Application time: 0.1227252 seconds
[GC pause (G1 Evacuation Pause) (young) 87M->13M(128M), 0.0019033 secs]
Application time: 0.0914518 seconds
[GC pause (G1 Evacuation Pause) (young) 87M->14M(128M), 0.0020622 secs]
Application time: 0.1410407 seconds
[GC pause (G1 Evacuation Pause) (young) 87M->13M(128M), 0.0021365 secs]
Application time: 0.1068478 seconds
[GC pause (G1 Evacuation Pause) (young) 87M->15M(128M), 0.0035354 secs]
Application time: 0.1171422 seconds
[GC pause (G1 Evacuation Pause) (young) 87M->13M(128M), 0.0018579 secs]
Application time: 0.1078855 seconds
[GC pause (G1 Evacuation Pause) (young) 87M->13M(128M), 0.0020390 secs]
Application time: 0.1133028 seconds
[GC pause (G1 Evacuation Pause) (young) 87M->14M(128M), 0.0019462 secs]
Application time: 0.1195343 seconds
[GC pause (G1 Evacuation Pause) (young) 87M->13M(128M), 0.0019162 secs]
Application time: 0.0966735 seconds
[GC pause (G1 Evacuation Pause) (young) 87M->13M(128M), 0.0026246 secs]
Application time: 0.1378440 seconds
[GC pause (G1 Evacuation Pause) (young) 87M->13M(128M), 0.0018138 secs]
Application time: 0.0963742 seconds
[GC pause (G1 Evacuation Pause) (young) 87M->13M(128M), 0.0017903 secs]
Application time: 0.1232348 seconds
[GC pause (G1 Evacuation Pause) (young) 87M->14M(128M), 0.0020442 secs]
Application time: 0.1126815 seconds
[GC pause (G1 Evacuation Pause) (young) 87M->15M(128M), 0.0033980 secs]
Application time: 0.1239200 seconds
[GC pause (G1 Evacuation Pause) (young) 87M->13M(128M), 0.0020541 secs]
Application time: 0.1122265 seconds
[GC pause (G1 Evacuation Pause) (young) 87M->14M(128M), 0.0019754 secs]
Application time: 0.1089610 seconds
[GC pause (G1 Evacuation Pause) (young) 87M->14M(128M), 0.0021313 secs]
Application time: 0.1244074 seconds
[GC pause (G1 Evacuation Pause) (young) 87M->14M(128M), 0.0019009 secs]
Application time: 0.0963626 seconds
[GC pause (G1 Evacuation Pause) (young) 87M->14M(128M), 0.0018141 secs]
Application time: 0.1333599 seconds
[GC pause (G1 Evacuation Pause) (young) 87M->14M(128M), 0.0021281 secs]
Application time: 0.1049017 seconds
[GC pause (G1 Evacuation Pause) (young) 87M->14M(128M), 0.0019710 secs]
Application time: 0.1123774 seconds
[GC pause (G1 Evacuation Pause) (young) 87M->13M(128M), 0.0019460 secs]
Application time: 0.1322219 seconds
[GC pause (G1 Evacuation Pause) (young) 87M->14M(128M), 0.0026081 secs]
Application time: 0.1236563 seconds
[GC pause (G1 Evacuation Pause) (young) 87M->13M(128M), 0.0019349 secs]
Application time: 0.1219778 seconds
[GC pause (G1 Evacuation Pause) (young) 87M->15M(128M), 0.0033388 secs]
Application time: 0.1289895 seconds
[GC pause (G1 Evacuation Pause) (young) 87M->14M(128M), 0.0025075 secs]
Application time: 0.0983659 seconds
[GC pause (G1 Evacuation Pause) (young) 87M->13M(128M), 0.0019452 secs]
Application time: 0.1404741 seconds
[GC pause (G1 Evacuation Pause) (young) 87M->13M(128M), 0.0021406 secs]
Application time: 0.0981385 seconds
[GC pause (G1 Evacuation Pause) (young) 87M->14M(128M), 0.0024396 secs]
Application time: 0.1320501 seconds
[GC pause (G1 Evacuation Pause) (young) 87M->13M(128M), 0.0021005 secs]
Application time: 0.1113208 seconds
[GC pause (G1 Evacuation Pause) (young) 87M->14M(128M), 0.0020495 secs]
Application time: 0.1208701 seconds
[GC pause (G1 Evacuation Pause) (young) 87M->13M(128M), 0.0021149 secs]
Application time: 0.1149279 seconds
[GC pause (G1 Evacuation Pause) (young) 87M->13M(128M), 0.0018593 secs]
Application time: 0.1142619 seconds
[GC pause (G1 Evacuation Pause) (young) 87M->13M(128M), 0.0021145 secs]
Application time: 0.1270517 seconds
[GC pause (G1 Evacuation Pause) (young) 87M->13M(128M), 0.0019844 secs]
Application time: 0.1262562 seconds
[GC pause (G1 Evacuation Pause) (young) 87M->13M(128M), 0.0020527 secs]
Application time: 0.1224833 seconds
[GC pause (G1 Evacuation Pause) (young) 87M->13M(128M), 0.0021259 secs]
Application time: 0.1159703 seconds
[GC pause (G1 Evacuation Pause) (young) 87M->13M(128M), 0.0021256 secs]
Application time: 0.1140061 seconds
[GC pause (G1 Evacuation Pause) (young) 87M->13M(128M), 0.0018422 secs]
Application time: 0.1175403 seconds
[GC pause (G1 Evacuation Pause) (young) 87M->13M(128M), 0.0020093 secs]
Application time: 0.1224396 seconds
[GC pause (G1 Evacuation Pause) (young) 87M->13M(128M), 0.0020535 secs]
Application time: 0.1315101 seconds
[GC pause (G1 Evacuation Pause) (young) 87M->13M(128M), 0.0019954 secs]
Application time: 0.1062926 seconds
[GC pause (G1 Evacuation Pause) (young) 87M->15M(128M), 0.0036817 secs]
Application time: 0.1348830 seconds
[GC pause (G1 Evacuation Pause) (young) 87M->14M(128M), 0.0019906 secs]
Application time: 0.0941346 seconds
[GC pause (G1 Evacuation Pause) (young) 87M->15M(128M), 0.0035454 secs]
Application time: 0.1361055 seconds
[GC pause (G1 Evacuation Pause) (young) 87M->13M(128M), 0.0020034 secs]
Application time: 0.1145626 seconds
[GC pause (G1 Evacuation Pause) (young) 87M->15M(128M), 0.0025682 secs]
Application time: 0.1184270 seconds
[GC pause (G1 Evacuation Pause) (young) 87M->13M(128M), 0.0019787 secs]
Application time: 0.1121008 seconds
[GC pause (G1 Evacuation Pause) (young) 87M->14M(128M), 0.0036717 secs]
Application time: 0.1197933 seconds
[GC pause (G1 Evacuation Pause) (young) 87M->14M(128M), 0.0025573 secs]
Application time: 0.1206466 seconds
[GC pause (G1 Evacuation Pause) (young) 87M->13M(128M), 0.0022489 secs]
Application time: 0.1200972 seconds
[GC pause (G1 Evacuation Pause) (young) 87M->13M(128M), 0.0019381 secs]
Application time: 0.1207538 seconds
[GC pause (G1 Evacuation Pause) (young) 87M->13M(128M), 0.0019853 secs]
Application time: 0.1243748 seconds
[GC pause (G1 Evacuation Pause) (young) 87M->14M(128M), 0.0020959 secs]
Application time: 0.1144930 seconds
[GC pause (G1 Evacuation Pause) (young) 87M->13M(128M), 0.0020435 secs]
Application time: 0.1373306 seconds
[GC pause (G1 Evacuation Pause) (young) 87M->15M(128M), 0.0037693 secs]
Application time: 0.1189891 seconds
[GC pause (G1 Evacuation Pause) (young) 87M->13M(128M), 0.0020885 secs]
Application time: 0.1168544 seconds
[GC pause (G1 Evacuation Pause) (young) 87M->14M(128M), 0.0019946 secs]
Application time: 0.1189591 seconds
[GC pause (G1 Evacuation Pause) (young) 87M->14M(128M), 0.0022817 secs]
Application time: 0.1134577 seconds
[GC pause (G1 Evacuation Pause) (young) 87M->13M(128M), 0.0019994 secs]
Application time: 0.1346781 seconds
[GC pause (G1 Evacuation Pause) (young) 87M->14M(128M), 0.0021120 secs]
Application time: 0.1086616 seconds
[GC pause (G1 Evacuation Pause) (young) 87M->14M(128M), 0.0019012 secs]
Application time: 0.1196002 seconds
[GC pause (G1 Evacuation Pause) (young) 87M->14M(128M), 0.0020035 secs]
Application time: 0.1154866 seconds
[GC pause (G1 Evacuation Pause) (young) 87M->14M(128M), 0.0019374 secs]
Application time: 0.1175174 seconds
[GC pause (G1 Evacuation Pause) (young) 87M->13M(128M), 0.0018463 secs]
Application time: 0.1335039 seconds
[GC pause (G1 Evacuation Pause) (young) 87M->14M(128M), 0.0019433 secs]
Application time: 0.0984554 seconds
[GC pause (G1 Evacuation Pause) (young) 87M->14M(128M), 0.0018918 secs]
Application time: 0.1316092 seconds
[GC pause (G1 Evacuation Pause) (young) 87M->13M(128M), 0.0020140 secs]
Application time: 0.0981352 seconds
[GC pause (G1 Evacuation Pause) (young) 87M->15M(128M), 0.0034746 secs]
Application time: 0.1348233 seconds
[GC pause (G1 Evacuation Pause) (young) 87M->13M(128M), 0.0018792 secs]
Application time: 0.1033279 seconds
[GC pause (G1 Evacuation Pause) (young) 87M->13M(128M), 0.0018643 secs]
Application time: 0.1295804 seconds
[GC pause (G1 Evacuation Pause) (young) 87M->13M(128M), 0.0023620 secs]
Application time: 0.1179375 seconds
[GC pause (G1 Evacuation Pause) (young) 87M->14M(128M), 0.0023527 secs]
Application time: 0.1032865 seconds
[GC pause (G1 Evacuation Pause) (young) 87M->14M(128M), 0.0024707 secs]
Application time: 0.1296961 seconds
[GC pause (G1 Evacuation Pause) (young) 87M->13M(128M), 0.0022915 secs]
Application time: 0.0908016 seconds
[GC pause (G1 Evacuation Pause) (young) 87M->16M(128M), 0.0040334 secs]
Application time: 0.1282150 seconds
[GC pause (G1 Evacuation Pause) (young) 87M->14M(128M), 0.0024113 secs]
Application time: 0.0991466 seconds
[GC pause (G1 Evacuation Pause) (young) 87M->13M(128M), 0.0049820 secs]
Application time: 0.1133634 seconds
[GC pause (G1 Evacuation Pause) (young) 87M->13M(128M), 0.0023805 secs]
Application time: 0.1118727 seconds
[GC pause (G1 Evacuation Pause) (young) 87M->13M(128M), 0.0023102 secs]
Application time: 0.1246832 seconds
[GC pause (G1 Evacuation Pause) (young) 87M->13M(128M), 0.0022860 secs]
Application time: 0.1260257 seconds
[GC pause (G1 Evacuation Pause) (young) 87M->14M(128M), 0.0019982 secs]
Application time: 0.1101923 seconds
[GC pause (G1 Evacuation Pause) (young) 87M->14M(128M), 0.0026492 secs]
Application time: 0.1151520 seconds
[GC pause (G1 Evacuation Pause) (young) 87M->14M(128M), 0.0019819 secs]
Application time: 0.1081445 seconds
[GC pause (G1 Evacuation Pause) (young) 87M->13M(128M), 0.0020553 secs]
Application time: 0.1317943 seconds
[GC pause (G1 Evacuation Pause) (young) 87M->14M(128M), 0.0021019 secs]
Application time: 0.1028124 seconds
[GC pause (G1 Evacuation Pause) (young) 87M->14M(128M), 0.0019136 secs]
Application time: 0.1038270 seconds
[GC pause (G1 Evacuation Pause) (young) 87M->14M(128M), 0.0019312 secs]
Application time: 0.1079405 seconds
[GC pause (G1 Evacuation Pause) (young) 87M->13M(128M), 0.0019857 secs]
Application time: 0.1189279 seconds
[GC pause (G1 Evacuation Pause) (young) 87M->13M(128M), 0.0019330 secs]
Application time: 0.1063342 seconds
[GC pause (G1 Evacuation Pause) (young) 87M->13M(128M), 0.0017306 secs]
Application time: 0.1035599 seconds
[GC pause (G1 Evacuation Pause) (young) 87M->14M(128M), 0.0019543 secs]
Application time: 0.1253759 seconds
[GC pause (G1 Evacuation Pause) (young) 87M->13M(128M), 0.0019657 secs]
Application time: 0.0993210 seconds
[GC pause (G1 Evacuation Pause) (young) 87M->13M(128M), 0.0017975 secs]
Application time: 0.1171171 seconds
[GC pause (G1 Evacuation Pause) (young) 87M->13M(128M), 0.0019029 secs]
Application time: 0.1092576 seconds
[GC pause (G1 Evacuation Pause) (young) 87M->14M(128M), 0.0019967 secs]
Application time: 0.1058333 seconds
[GC pause (G1 Evacuation Pause) (young) 87M->13M(128M), 0.0019568 secs]
Application time: 0.1049663 seconds
[GC pause (G1 Evacuation Pause) (young) 87M->13M(128M), 0.0018538 secs]
Application time: 0.1159661 seconds
[GC pause (G1 Evacuation Pause) (young) 87M->15M(128M), 0.0034228 secs]
Application time: 0.1121903 seconds
[GC pause (G1 Evacuation Pause) (young) 87M->13M(128M), 0.0019631 secs]
Application time: 0.0992146 seconds
[GC pause (G1 Evacuation Pause) (young) 87M->13M(128M), 0.0019494 secs]
Application time: 0.1197164 seconds
[GC pause (G1 Evacuation Pause) (young) 87M->13M(128M), 0.0019189 secs]
Application time: 0.0978085 seconds
[GC pause (G1 Evacuation Pause) (young) 87M->13M(128M), 0.0019482 secs]
Application time: 0.1100684 seconds
[GC pause (G1 Evacuation Pause) (young) 87M->13M(128M), 0.0020187 secs]
Application time: 0.1150209 seconds
[GC pause (G1 Evacuation Pause) (young) 87M->13M(128M), 0.0018372 secs]
Application time: 0.1044773 seconds
[GC pause (G1 Evacuation Pause) (young) 87M->13M(128M), 0.0018278 secs]
Application time: 0.1015248 seconds
[GC pause (G1 Evacuation Pause) (young) 87M->13M(128M), 0.0019458 secs]
Application time: 0.1171949 seconds
[GC pause (G1 Evacuation Pause) (young) 87M->15M(128M), 0.0035124 secs]
Application time: 0.1146541 seconds
[GC pause (G1 Evacuation Pause) (young) 87M->14M(128M), 0.0019150 secs]
Application time: 0.1041661 seconds
[GC pause (G1 Evacuation Pause) (young) 87M->14M(128M), 0.0026317 secs]
Application time: 0.1422576 seconds
[GC pause (G1 Evacuation Pause) (young) 87M->14M(128M), 0.0023413 secs]
Application time: 0.1034240 seconds
[GC pause (G1 Evacuation Pause) (young) 87M->14M(128M), 0.0020785 secs]
Application time: 0.1345076 seconds
[GC pause (G1 Evacuation Pause) (young) 87M->14M(128M), 0.0019832 secs]
Application time: 0.1019143 seconds
[GC pause (G1 Evacuation Pause) (young) 87M->14M(128M), 0.0018639 secs]
Application time: 0.1094147 seconds
[GC pause (G1 Evacuation Pause) (young) 87M->13M(128M), 0.0018412 secs]
Application time: 0.1293513 seconds
[GC pause (G1 Evacuation Pause) (young) 87M->14M(128M), 0.0022442 secs]
Application time: 0.0928106 seconds
[GC pause (G1 Evacuation Pause) (young) 87M->13M(128M), 0.0025932 secs]
Application time: 0.1341316 seconds
[GC pause (G1 Evacuation Pause) (young) 87M->14M(128M), 0.0023316 secs]
Application time: 0.1059987 seconds
[GC pause (G1 Evacuation Pause) (young) 87M->13M(128M), 0.0021319 secs]
Application time: 0.1236411 seconds
[GC pause (G1 Evacuation Pause) (young) 87M->13M(128M), 0.0019697 secs]
Application time: 0.1148958 seconds
[GC pause (G1 Evacuation Pause) (young) 87M->13M(128M), 0.0019113 secs]
Application time: 0.1126483 seconds
[GC pause (G1 Evacuation Pause) (young) 87M->13M(128M), 0.0020140 secs]
Application time: 0.1137218 seconds
[GC pause (G1 Evacuation Pause) (young) 87M->13M(128M), 0.0021745 secs]
Application time: 0.1254952 seconds
[GC pause (G1 Evacuation Pause) (young) 87M->14M(128M), 0.0019839 secs]
Application time: 0.0927628 seconds
[GC pause (G1 Evacuation Pause) (young) 87M->14M(128M), 0.0019922 secs]
Application time: 0.1206855 seconds
[GC pause (G1 Evacuation Pause) (young) 87M->13M(128M), 0.0017500 secs]
Application time: 0.0870337 seconds
[GC pause (G1 Evacuation Pause) (young) 87M->14M(128M), 0.0018535 secs]
Application time: 0.1129272 seconds
[GC pause (G1 Evacuation Pause) (young) 87M->13M(128M), 0.0018988 secs]
Application time: 0.0891989 seconds
[GC pause (G1 Evacuation Pause) (young) 87M->14M(128M), 0.0018362 secs]
Application time: 0.1117902 seconds
[GC pause (G1 Evacuation Pause) (young) 87M->13M(128M), 0.0018232 secs]
Application time: 0.1037493 seconds
[GC pause (G1 Evacuation Pause) (young) 87M->13M(128M), 0.0018654 secs]
Application time: 0.1033263 seconds
[GC pause (G1 Evacuation Pause) (young) 87M->14M(128M), 0.0020071 secs]
Application time: 0.1251686 seconds
[GC pause (G1 Evacuation Pause) (young) 87M->13M(128M), 0.0017888 secs]
Application time: 0.0911873 seconds
[GC pause (G1 Evacuation Pause) (young) 87M->13M(128M), 0.0017083 secs]
Application time: 0.1152741 seconds
[GC pause (G1 Evacuation Pause) (young) 87M->13M(128M), 0.0017883 secs]
Application time: 0.0882350 seconds
[GC pause (G1 Evacuation Pause) (young) 87M->13M(128M), 0.0018642 secs]
Application time: 0.1258634 seconds
[GC pause (G1 Evacuation Pause) (young) 87M->13M(128M), 0.0018103 secs]
Application time: 0.0842240 seconds
[GC pause (G1 Evacuation Pause) (young) 87M->14M(128M), 0.0017886 secs]
Application time: 0.1181912 seconds
[GC pause (G1 Evacuation Pause) (young) 87M->13M(128M), 0.0017712 secs]
Application time: 0.1127538 seconds
[GC pause (G1 Evacuation Pause) (young) 87M->13M(128M), 0.0018956 secs]
Application time: 0.0917553 seconds
[GC pause (G1 Evacuation Pause) (young) 87M->14M(128M), 0.0018184 secs]
Application time: 0.1246354 seconds
[GC pause (G1 Evacuation Pause) (young) 87M->13M(128M), 0.0019501 secs]
Application time: 0.0972597 seconds
[GC pause (G1 Evacuation Pause) (young) 87M->14M(128M), 0.0021455 secs]
Application time: 0.1269327 seconds
[GC pause (G1 Evacuation Pause) (young) 87M->13M(128M), 0.0035872 secs]
Application time: 0.0984756 seconds
[GC pause (G1 Evacuation Pause) (young) 87M->13M(128M), 0.0017344 secs]
Application time: 0.1305743 seconds
[GC pause (G1 Evacuation Pause) (young) 87M->13M(128M), 0.0019332 secs]
Application time: 0.0935913 seconds
[GC pause (G1 Evacuation Pause) (young) 87M->14M(128M), 0.0018047 secs]
Application time: 0.1088390 seconds
[GC pause (G1 Evacuation Pause) (young) 87M->13M(128M), 0.0018503 secs]
Application time: 0.1174164 seconds
[GC pause (G1 Evacuation Pause) (young) 87M->13M(128M), 0.0017869 secs]
Application time: 0.0913953 seconds
[GC pause (G1 Evacuation Pause) (young) 87M->13M(128M), 0.0018108 secs]
Application time: 0.1234759 seconds
[GC pause (G1 Evacuation Pause) (young) 87M->13M(128M), 0.0017425 secs]
Application time: 0.0904005 seconds
[GC pause (G1 Evacuation Pause) (young) 87M->14M(128M), 0.0022074 secs]
Application time: 0.1198770 seconds
[GC pause (G1 Evacuation Pause) (young) 87M->13M(128M), 0.0019436 secs]
Application time: 0.0907248 seconds
[GC pause (G1 Evacuation Pause) (young) 87M->13M(128M), 0.0018108 secs]
Application time: 0.1306731 seconds
[GC pause (G1 Evacuation Pause) (young) 87M->14M(128M), 0.0024730 secs]
Application time: 0.1101933 seconds
[GC pause (G1 Evacuation Pause) (young) 87M->14M(128M), 0.0027191 secs]
Application time: 0.1150852 seconds
[GC pause (G1 Evacuation Pause) (young) 87M->13M(128M), 0.0024747 secs]
Application time: 0.1100385 seconds
[GC pause (G1 Evacuation Pause) (young) 87M->13M(128M), 0.0022265 secs]
Application time: 0.1212082 seconds
[GC pause (G1 Evacuation Pause) (young) 87M->13M(128M), 0.0023628 secs]
Application time: 0.1002622 seconds
[GC pause (G1 Evacuation Pause) (young) 87M->14M(128M), 0.0023197 secs]
Application time: 0.1319920 seconds
[GC pause (G1 Evacuation Pause) (young) 87M->13M(128M), 0.0022208 secs]
Application time: 0.0890226 seconds
[GC pause (G1 Evacuation Pause) (young) 87M->14M(128M), 0.0023351 secs]
Application time: 0.1342007 seconds
[GC pause (G1 Evacuation Pause) (young) 87M->13M(128M), 0.0022745 secs]
Application time: 0.0999781 seconds
[GC pause (G1 Evacuation Pause) (young) 87M->13M(128M), 0.0022734 secs]
Application time: 0.1143387 seconds
[GC pause (G1 Evacuation Pause) (young) 87M->13M(128M), 0.0023383 secs]
Application time: 0.1073459 seconds
[GC pause (G1 Evacuation Pause) (young) 87M->13M(128M), 0.0026462 secs]
Application time: 0.1135535 seconds
[GC pause (G1 Evacuation Pause) (young) 87M->13M(128M), 0.0024107 secs]
Application time: 0.1350400 seconds
[GC pause (G1 Evacuation Pause) (young) 87M->13M(128M), 0.0020895 secs]
Application time: 0.1241422 seconds
[GC pause (G1 Evacuation Pause) (young) 87M->13M(128M), 0.0020193 secs]
Application time: 0.1278113 seconds
[GC pause (G1 Evacuation Pause) (young) 87M->13M(128M), 0.0019493 secs]
Application time: 0.1307956 seconds
[GC pause (G1 Evacuation Pause) (young) 87M->13M(128M), 0.0026049 secs]
Application time: 0.1233212 seconds
[GC pause (G1 Evacuation Pause) (young) 87M->13M(128M), 0.0023920 secs]
Application time: 0.1288245 seconds
[GC pause (G1 Evacuation Pause) (young) 87M->14M(128M), 0.0026754 secs]
Application time: 0.1276725 seconds
[GC pause (G1 Evacuation Pause) (young) 87M->14M(128M), 0.0027918 secs]
Application time: 0.1207737 seconds
[GC pause (G1 Evacuation Pause) (young) 87M->14M(128M), 0.0023769 secs]
Application time: 0.1203698 seconds
[GC pause (G1 Evacuation Pause) (young) 87M->14M(128M), 0.0024427 secs]
Application time: 0.1412894 seconds
[GC pause (G1 Evacuation Pause) (young) 87M->13M(128M), 0.0022879 secs]
Application time: 0.1157714 seconds
[GC pause (G1 Evacuation Pause) (young) 87M->13M(128M), 0.0023701 secs]
Application time: 0.1175657 seconds
[GC pause (G1 Evacuation Pause) (young) 87M->13M(128M), 0.0023557 secs]
Application time: 0.1137720 seconds
[GC pause (G1 Evacuation Pause) (young) 87M->14M(128M), 0.0022758 secs]
Application time: 0.1053376 seconds
[GC pause (G1 Evacuation Pause) (young) 87M->14M(128M), 0.0024792 secs]
Application time: 0.1156522 seconds
[GC pause (G1 Evacuation Pause) (young) 87M->14M(128M), 0.0022627 secs]
Application time: 0.1115439 seconds
[GC pause (G1 Evacuation Pause) (young) 87M->14M(128M), 0.0022179 secs]
Application time: 0.1121342 seconds
[GC pause (G1 Evacuation Pause) (young) 87M->13M(128M), 0.0020652 secs]
Application time: 0.1062185 seconds
[GC pause (G1 Evacuation Pause) (young) 87M->14M(128M), 0.0023665 secs]
Application time: 0.1314137 seconds
[GC pause (G1 Evacuation Pause) (young) 87M->14M(128M), 0.0024473 secs]
Application time: 0.0903467 seconds
[GC pause (G1 Evacuation Pause) (young) 87M->15M(128M), 0.0038389 secs]
Application time: 0.1361698 seconds
[GC pause (G1 Evacuation Pause) (young) 87M->14M(128M), 0.0023849 secs]
Application time: 0.1169546 seconds
[GC pause (G1 Evacuation Pause) (young) 87M->14M(128M), 0.0019382 secs]
Application time: 0.1162522 seconds
[GC pause (G1 Evacuation Pause) (young) 87M->14M(128M), 0.0020069 secs]
Application time: 0.1170181 seconds
[GC pause (G1 Evacuation Pause) (young) 87M->13M(128M), 0.0018962 secs]
Application time: 0.1141317 seconds
[GC pause (G1 Evacuation Pause) (young) 87M->13M(128M), 0.0019520 secs]
Application time: 0.1159364 seconds
[GC pause (G1 Evacuation Pause) (young) 87M->14M(128M), 0.0020837 secs]
Application time: 0.1276480 seconds
[GC pause (G1 Evacuation Pause) (young) 87M->14M(128M), 0.0020177 secs]
Application time: 0.1044881 seconds
[GC pause (G1 Evacuation Pause) (young) 87M->14M(128M), 0.0019169 secs]
Application time: 0.1185837 seconds
[GC pause (G1 Evacuation Pause) (young) 87M->14M(128M), 0.0019898 secs]
Application time: 0.1134661 seconds
[GC pause (G1 Evacuation Pause) (young) 87M->14M(128M), 0.0021318 secs]
Application time: 0.1178396 seconds
[GC pause (G1 Evacuation Pause) (young) 87M->13M(128M), 0.0020506 secs]
Application time: 0.1252580 seconds
[GC pause (G1 Evacuation Pause) (young) 87M->13M(128M), 0.0019900 secs]
Application time: 0.1088039 seconds
[GC pause (G1 Evacuation Pause) (young) 87M->15M(128M), 0.0035719 secs]
Application time: 0.1303841 seconds
[GC pause (G1 Evacuation Pause) (young) 87M->13M(128M), 0.0019145 secs]
Application time: 0.1020784 seconds
[GC pause (G1 Evacuation Pause) (young) 87M->13M(128M), 0.0019282 secs]
Application time: 0.1267181 seconds
[GC pause (G1 Evacuation Pause) (young) 87M->13M(128M), 0.0019339 secs]
Application time: 0.1132923 seconds
[GC pause (G1 Evacuation Pause) (young) 87M->13M(128M), 0.0019408 secs]
Application time: 0.1201143 seconds
[GC pause (G1 Evacuation Pause) (young) 87M->13M(128M), 0.0018318 secs]
Application time: 0.1129186 seconds
[GC pause (G1 Evacuation Pause) (young) 87M->13M(128M), 0.0020165 secs]
Application time: 0.1142206 seconds
[GC pause (G1 Evacuation Pause) (young) 87M->13M(128M), 0.0021106 secs]
Application time: 0.1132385 seconds
[GC pause (G1 Evacuation Pause) (young) 87M->14M(128M), 0.0019590 secs]
Application time: 0.1296522 seconds
[GC pause (G1 Evacuation Pause) (young) 87M->13M(128M), 0.0021784 secs]
Application time: 0.0996113 seconds
[GC pause (G1 Evacuation Pause) (young) 87M->14M(128M), 0.0018895 secs]
Application time: 0.1297472 seconds
[GC pause (G1 Evacuation Pause) (young) 87M->13M(128M), 0.0017635 secs]
Application time: 0.0871605 seconds
[GC pause (G1 Evacuation Pause) (young) 87M->13M(128M), 0.0019128 secs]
Application time: 0.1269839 seconds
[GC pause (G1 Evacuation Pause) (young) 87M->13M(128M), 0.0019113 secs]
Application time: 0.0939175 seconds
[GC pause (G1 Evacuation Pause) (young) 87M->14M(128M), 0.0019269 secs]
Application time: 0.1054495 seconds
[GC pause (G1 Evacuation Pause) (young) 87M->13M(128M), 0.0017654 secs]
Application time: 0.1190202 seconds
[GC pause (G1 Evacuation Pause) (young) 87M->13M(128M), 0.0017559 secs]
Application time: 0.0881938 seconds
[GC pause (G1 Evacuation Pause) (young) 87M->14M(128M), 0.0018151 secs]
Application time: 0.1179751 seconds
[GC pause (G1 Evacuation Pause) (young) 87M->14M(128M), 0.0020231 secs]
Application time: 0.0970814 seconds
[GC pause (G1 Evacuation Pause) (young) 87M->13M(128M), 0.0016900 secs]
Application time: 0.1424105 seconds
[GC pause (G1 Evacuation Pause) (young) 87M->13M(128M), 0.0024285 secs]
Application time: 0.1059767 seconds
[GC pause (G1 Evacuation Pause) (young) 87M->14M(128M), 0.0024361 secs]
Application time: 0.1015778 seconds
[GC pause (G1 Evacuation Pause) (young) 87M->13M(128M), 0.0023467 secs]
Application time: 0.1057616 seconds
[GC pause (G1 Evacuation Pause) (young) 87M->14M(128M), 0.0030513 secs]
Application time: 0.1152547 seconds
[GC pause (G1 Evacuation Pause) (young) 87M->16M(128M), 0.0039029 secs]
Application time: 0.1003680 seconds
[GC pause (G1 Evacuation Pause) (young) 87M->13M(128M), 0.0022041 secs]
Application time: 0.1126532 seconds
[GC pause (G1 Evacuation Pause) (young) 87M->13M(128M), 0.0023912 secs]
Application time: 0.0993604 seconds
[GC pause (G1 Evacuation Pause) (young) 87M->13M(128M), 0.0021685 secs]
Application time: 0.1339398 seconds
[GC pause (G1 Evacuation Pause) (young) 87M->14M(128M), 0.0026288 secs]
Application time: 0.1046989 seconds
[GC pause (G1 Evacuation Pause) (young) 87M->13M(128M), 0.0022156 secs]
Application time: 0.1183007 seconds
[GC pause (G1 Evacuation Pause) (young) 87M->13M(128M), 0.0022190 secs]
Application time: 0.1185791 seconds
[GC pause (G1 Evacuation Pause) (young) 87M->13M(128M), 0.0021355 secs]
Application time: 0.1119809 seconds
[GC pause (G1 Evacuation Pause) (young) 87M->15M(128M), 0.0033522 secs]
Application time: 0.1069818 seconds
[GC pause (G1 Evacuation Pause) (young) 87M->14M(128M), 0.0019299 secs]
Application time: 0.1091910 seconds
[GC pause (G1 Evacuation Pause) (young) 87M->14M(128M), 0.0018186 secs]
Application time: 0.1098035 seconds
[GC pause (G1 Evacuation Pause) (young) 87M->13M(128M), 0.0019166 secs]
Application time: 0.1151220 seconds
[GC pause (G1 Evacuation Pause) (young) 87M->13M(128M), 0.0023356 secs]
Application time: 0.1075388 seconds
[GC pause (G1 Evacuation Pause) (young) 87M->13M(128M), 0.0016876 secs]
Application time: 0.1026082 seconds
[GC pause (G1 Evacuation Pause) (young) 87M->14M(128M), 0.0019890 secs]
Application time: 0.1080793 seconds
[GC pause (G1 Evacuation Pause) (young) 87M->14M(128M), 0.0020210 secs]
Application time: 0.1063564 seconds
[GC pause (G1 Evacuation Pause) (young) 87M->14M(128M), 0.0020823 secs]
Application time: 0.0996450 seconds
[GC pause (G1 Evacuation Pause) (young) 87M->13M(128M), 0.0018829 secs]
Application time: 0.1053333 seconds
[GC pause (G1 Evacuation Pause) (young) 87M->13M(128M), 0.0019817 secs]
Application time: 0.1114358 seconds
[GC pause (G1 Evacuation Pause) (young) 87M->13M(128M), 0.0019124 secs]
Application time: 0.1060219 seconds
[GC pause (G1 Evacuation Pause) (young) 87M->13M(128M), 0.0017824 secs]
Application time: 0.1108456 seconds
[GC pause (G1 Evacuation Pause) (young) 87M->13M(128M), 0.0023826 secs]
Application time: 0.1115610 seconds
[GC pause (G1 Evacuation Pause) (young) 87M->14M(128M), 0.0022741 secs]
Application time: 0.1140570 seconds
[GC pause (G1 Evacuation Pause) (young) 87M->13M(128M), 0.0024339 secs]
Application time: 0.1086854 seconds
[GC pause (G1 Evacuation Pause) (young) 87M->13M(128M), 0.0021899 secs]
Application time: 0.1074985 seconds
[GC pause (G1 Evacuation Pause) (young) 87M->13M(128M), 0.0023907 secs]
Application time: 0.1251017 seconds
[GC pause (G1 Evacuation Pause) (young) 87M->13M(128M), 0.0021858 secs]
Application time: 0.0921406 seconds
[GC pause (G1 Evacuation Pause) (young) 87M->14M(128M), 0.0022605 secs]
Application time: 0.1210272 seconds
[GC pause (G1 Evacuation Pause) (young) 87M->13M(128M), 0.0023565 secs]
Application time: 0.0913191 seconds
[GC pause (G1 Evacuation Pause) (young) 87M->14M(128M), 0.0022484 secs]
Application time: 0.1166831 seconds
[GC pause (G1 Evacuation Pause) (young) 87M->14M(128M), 0.0023618 secs]
Application time: 0.1121866 seconds
[GC pause (G1 Evacuation Pause) (young) 87M->15M(128M), 0.0036667 secs]
Application time: 0.1137590 seconds
[GC pause (G1 Evacuation Pause) (young) 87M->13M(128M), 0.0023808 secs]
Application time: 0.1019195 seconds
[GC pause (G1 Evacuation Pause) (young) 87M->14M(128M), 0.0034983 secs]
Application time: 0.1123761 seconds
[GC pause (G1 Evacuation Pause) (young) 87M->13M(128M), 0.0046257 secs]
Application time: 0.1099419 seconds
[GC pause (G1 Evacuation Pause) (young) 87M->14M(128M), 0.0027723 secs]
Application time: 0.1314289 seconds
[GC pause (G1 Evacuation Pause) (young) 87M->14M(128M), 0.0024717 secs]
Application time: 0.1059007 seconds
[GC pause (G1 Evacuation Pause) (young) 87M->14M(128M), 0.0023640 secs]
Application time: 0.1215196 seconds
[GC pause (G1 Evacuation Pause) (young) 87M->14M(128M), 0.0021006 secs]
Application time: 0.1167498 seconds
[GC pause (G1 Evacuation Pause) (young) 87M->14M(128M), 0.0020182 secs]
Application time: 0.1204589 seconds
[GC pause (G1 Evacuation Pause) (young) 87M->14M(128M), 0.0020968 secs]
Application time: 0.1182182 seconds
[GC pause (G1 Evacuation Pause) (young) 87M->13M(128M), 0.0021479 secs]
Application time: 0.1338320 seconds
[GC pause (G1 Evacuation Pause) (young) 87M->14M(128M), 0.0022278 secs]
Application time: 0.1069346 seconds
[GC pause (G1 Evacuation Pause) (young) 87M->14M(128M), 0.0021303 secs]
Application time: 0.1426968 seconds
[GC pause (G1 Evacuation Pause) (young) 87M->14M(128M), 0.0024222 secs]
Application time: 0.1071950 seconds
[GC pause (G1 Evacuation Pause) (young) 87M->16M(128M), 0.0037751 secs]
Application time: 0.1416877 seconds
[GC pause (G1 Evacuation Pause) (young) 87M->14M(128M), 0.0021747 secs]
Application time: 0.1108449 seconds
[GC pause (G1 Evacuation Pause) (young) 87M->14M(128M), 0.0020429 secs]
Application time: 0.1352658 seconds
[GC pause (G1 Evacuation Pause) (young) 87M->14M(128M), 0.0021349 secs]
Application time: 0.1305581 seconds
[GC pause (G1 Evacuation Pause) (young) 87M->13M(128M), 0.0023087 secs]
Application time: 0.1142777 seconds
[GC pause (G1 Evacuation Pause) (young) 87M->14M(128M), 0.0021733 secs]
Application time: 0.1526159 seconds
[GC pause (G1 Evacuation Pause) (young) 87M->14M(128M), 0.0021596 secs]
Application time: 0.1055569 seconds
[GC pause (G1 Evacuation Pause) (young) 87M->13M(128M), 0.0020275 secs]
Application time: 0.1468401 seconds
[GC pause (G1 Evacuation Pause) (young) 87M->14M(128M), 0.0026179 secs]
Application time: 0.1117959 seconds
[GC pause (G1 Evacuation Pause) (young) 87M->14M(128M), 0.0026113 secs]
Application time: 0.1220153 seconds
[GC pause (G1 Evacuation Pause) (young) 87M->13M(128M), 0.0022520 secs]
Application time: 0.1059255 seconds
[GC pause (G1 Evacuation Pause) (young) 87M->14M(128M), 0.0026631 secs]
Application time: 0.1146765 seconds
[GC pause (G1 Evacuation Pause) (young) 87M->14M(128M), 0.0023392 secs]
Application time: 0.1091339 seconds
[GC pause (G1 Evacuation Pause) (young) 87M->14M(128M), 0.0022071 secs]
Application time: 0.1053046 seconds
[GC pause (G1 Evacuation Pause) (young) 87M->13M(128M), 0.0021552 secs]
Application time: 0.1282081 seconds
[GC pause (G1 Evacuation Pause) (young) 87M->13M(128M), 0.0045875 secs]
Application time: 0.1039236 seconds
[GC pause (G1 Evacuation Pause) (young) 87M->14M(128M), 0.0022820 secs]
Application time: 0.1108340 seconds
[GC pause (G1 Evacuation Pause) (young) 87M->13M(128M), 0.0025002 secs]
Application time: 0.1051199 seconds
[GC pause (G1 Evacuation Pause) (young) 87M->13M(128M), 0.0023386 secs]
Application time: 0.1101607 seconds
[GC pause (G1 Evacuation Pause) (young) 87M->14M(128M), 0.0022277 secs]
Application time: 0.1070345 seconds
[GC pause (G1 Evacuation Pause) (young) 87M->13M(128M), 0.0021748 secs]
Application time: 0.1018409 seconds
[GC pause (G1 Evacuation Pause) (young) 87M->14M(128M), 0.0021817 secs]
Application time: 0.1051038 seconds
[GC pause (G1 Evacuation Pause) (young) 87M->15M(128M), 0.0030107 secs]
Application time: 0.1215126 seconds
[GC pause (G1 Evacuation Pause) (young) 87M->14M(128M), 0.0022715 secs]
Application time: 0.0900708 seconds
[GC pause (G1 Evacuation Pause) (young) 87M->14M(128M), 0.0023910 secs]
Application time: 0.1200119 seconds
[GC pause (G1 Evacuation Pause) (young) 87M->13M(128M), 0.0023831 secs]
Application time: 0.0961640 seconds
[GC pause (G1 Evacuation Pause) (young) 87M->14M(128M), 0.0023625 secs]
Application time: 0.1213490 seconds
[GC pause (G1 Evacuation Pause) (young) 87M->14M(128M), 0.0023477 secs]
Application time: 0.1100179 seconds
[GC pause (G1 Evacuation Pause) (young) 87M->14M(128M), 0.0022533 secs]
Application time: 0.0935017 seconds
[GC pause (G1 Evacuation Pause) (young) 87M->14M(128M), 0.0024733 secs]
Application time: 0.1231548 seconds
[GC pause (G1 Evacuation Pause) (young) 87M->13M(128M), 0.0022400 secs]
Application time: 0.0952067 seconds
[GC pause (G1 Evacuation Pause) (young) 87M->14M(128M), 0.0027510 secs]
Application time: 0.1275887 seconds
[GC pause (G1 Evacuation Pause) (young) 87M->14M(128M), 0.0022670 secs]
Application time: 0.0880909 seconds
[GC pause (G1 Evacuation Pause) (young) 87M->16M(128M), 0.0038464 secs]
Application time: 0.1202955 seconds
[GC pause (G1 Evacuation Pause) (young) 87M->14M(128M), 0.0022618 secs]
Application time: 0.1004336 seconds
[GC pause (G1 Evacuation Pause) (young) 87M->14M(128M), 0.0024693 secs]
Application time: 0.1177973 seconds
[GC pause (G1 Evacuation Pause) (young) 87M->14M(128M), 0.0027657 secs]
Application time: 0.1244042 seconds
[GC pause (G1 Evacuation Pause) (young) 87M->13M(128M), 0.0022660 secs]
Application time: 0.0944340 seconds
[GC pause (G1 Evacuation Pause) (young) 87M->14M(128M), 0.0023005 secs]
Application time: 0.1213018 seconds
[GC pause (G1 Evacuation Pause) (young) 87M->13M(128M), 0.0023222 secs]
Application time: 0.0929543 seconds
[GC pause (G1 Evacuation Pause) (young) 87M->15M(128M), 0.0034900 secs]
Application time: 0.1265129 seconds
[GC pause (G1 Evacuation Pause) (young) 87M->14M(128M), 0.0022820 secs]
Application time: 0.0977456 seconds
[GC pause (G1 Evacuation Pause) (young) 87M->14M(128M), 0.0022298 secs]
Application time: 0.1155846 seconds
[GC pause (G1 Evacuation Pause) (young) 87M->14M(128M), 0.0023468 secs]
Application time: 0.1074053 seconds
[GC pause (G1 Evacuation Pause) (young) 87M->14M(128M), 0.0023079 secs]
Application time: 0.1089063 seconds
[GC pause (G1 Evacuation Pause) (young) 87M->14M(128M), 0.0024055 secs]
Application time: 0.1222958 seconds
[GC pause (G1 Evacuation Pause) (young) 87M->13M(128M), 0.0023567 secs]
Application time: 0.0925212 seconds
[GC pause (G1 Evacuation Pause) (young) 87M->15M(128M), 0.0039632 secs]
Application time: 0.1174399 seconds
[GC pause (G1 Evacuation Pause) (young) 87M->14M(128M), 0.0023207 secs]
Application time: 0.0916125 seconds
[GC pause (G1 Evacuation Pause) (young) 87M->13M(128M), 0.0023210 secs]
Application time: 0.1428176 seconds
[GC pause (G1 Evacuation Pause) (young) 87M->14M(128M), 0.0023853 secs]
Application time: 0.0997817 seconds
[GC pause (G1 Evacuation Pause) (young) 87M->14M(128M), 0.0025664 secs]
Application time: 0.1051765 seconds
[GC pause (G1 Evacuation Pause) (young) 87M->13M(128M), 0.0021962 secs]
Application time: 0.1148456 seconds
[GC pause (G1 Evacuation Pause) (young) 87M->13M(128M), 0.0024067 secs]
Application time: 0.0990251 seconds
[GC pause (G1 Evacuation Pause) (young) 87M->15M(128M), 0.0039214 secs]
Application time: 0.1236927 seconds
[GC pause (G1 Evacuation Pause) (young) 87M->14M(128M), 0.0045094 secs]
Application time: 0.0939467 seconds
[GC pause (G1 Evacuation Pause) (young) 87M->13M(128M), 0.0021642 secs]
Application time: 0.1194609 seconds
[GC pause (G1 Evacuation Pause) (young) 87M->13M(128M), 0.0023070 secs]
Application time: 0.1081291 seconds
[GC pause (G1 Evacuation Pause) (young) 87M->14M(128M), 0.0024136 secs]
Application time: 0.1057171 seconds
[GC pause (G1 Evacuation Pause) (young) 87M->14M(128M), 0.0026308 secs]
Application time: 0.1102281 seconds
[GC pause (G1 Evacuation Pause) (young) 87M->14M(128M), 0.0025676 secs]
Application time: 0.1016601 seconds
[GC pause (G1 Evacuation Pause) (young) 87M->14M(128M), 0.0022243 secs]
Application time: 0.1031626 seconds
[GC pause (G1 Evacuation Pause) (young) 87M->13M(128M), 0.0024644 secs]
Application time: 0.1249577 seconds
[GC pause (G1 Evacuation Pause) (young) 87M->13M(128M), 0.0021881 secs]
Application time: 0.0914733 seconds
[GC pause (G1 Evacuation Pause) (young) 87M->14M(128M), 0.0023694 secs]
Application time: 0.1229511 seconds
[GC pause (G1 Evacuation Pause) (young) 87M->14M(128M), 0.0027151 secs]
Application time: 0.0935620 seconds
[GC pause (G1 Evacuation Pause) (young) 87M->13M(128M), 0.0021840 secs]
Application time: 0.1241845 seconds
[GC pause (G1 Evacuation Pause) (young) 87M->14M(128M), 0.0024100 secs]
Application time: 0.1191947 seconds
[GC pause (G1 Evacuation Pause) (young) 87M->14M(128M), 0.0024717 secs]
Application time: 0.0976598 seconds
[GC pause (G1 Evacuation Pause) (young) 87M->13M(128M), 0.0023860 secs]
Application time: 0.1594355 seconds
[GC pause (G1 Evacuation Pause) (young) 87M->13M(128M), 0.0018873 secs]
Application time: 0.1083895 seconds
[GC pause (G1 Evacuation Pause) (young) 87M->16M(128M), 0.0035559 secs]
Application time: 0.1438635 seconds
[GC pause (G1 Evacuation Pause) (young) 87M->14M(128M), 0.0026814 secs]
Application time: 0.1078327 seconds
[GC pause (G1 Evacuation Pause) (young) 87M->15M(128M), 0.0037980 secs]
Application time: 0.1198994 seconds
[GC pause (G1 Evacuation Pause) (young) 87M->14M(128M), 0.0023100 secs]
Application time: 0.1051724 seconds
[GC pause (G1 Evacuation Pause) (young) 87M->14M(128M), 0.0022474 secs]
Application time: 0.1097443 seconds
[GC pause (G1 Evacuation Pause) (young) 87M->14M(128M), 0.0025027 secs]
Application time: 0.1094121 seconds
[GC pause (G1 Evacuation Pause) (young) 87M->14M(128M), 0.0025122 secs]
Application time: 0.1066566 seconds
[GC pause (G1 Evacuation Pause) (young) 87M->15M(128M), 0.0038884 secs]
Application time: 0.1292271 seconds
[GC pause (G1 Evacuation Pause) (young) 87M->14M(128M), 0.0022635 secs]
Application time: 0.0973346 seconds
[GC pause (G1 Evacuation Pause) (young) 87M->14M(128M), 0.0023683 secs]
Application time: 0.1258043 seconds
[GC pause (G1 Evacuation Pause) (young) 87M->13M(128M), 0.0022634 secs]
Application time: 0.1119186 seconds
[GC pause (G1 Evacuation Pause) (young) 87M->14M(128M), 0.0025067 secs]
Application time: 0.1087690 seconds
[GC pause (G1 Evacuation Pause) (young) 87M->14M(128M), 0.0027898 secs]
Application time: 0.1096519 seconds
[GC pause (G1 Evacuation Pause) (young) 87M->14M(128M), 0.0024593 secs]
Application time: 0.1163839 seconds
[GC pause (G1 Evacuation Pause) (young) 87M->16M(128M), 0.0042575 secs]
Application time: 0.1122956 seconds
[GC pause (G1 Evacuation Pause) (young) 87M->14M(128M), 0.0022764 secs]
Application time: 0.1044258 seconds
[GC pause (G1 Evacuation Pause) (young) 87M->13M(128M), 0.0024391 secs]
Application time: 0.1279250 seconds
[GC pause (G1 Evacuation Pause) (young) 87M->14M(128M), 0.0024803 secs]
Application time: 0.1078905 seconds
[GC pause (G1 Evacuation Pause) (young) 87M->13M(128M), 0.0023888 secs]
Application time: 0.1102007 seconds
[GC pause (G1 Evacuation Pause) (young) 87M->13M(128M), 0.0023408 secs]
Application time: 0.1154937 seconds
[GC pause (G1 Evacuation Pause) (young) 87M->14M(128M), 0.0027345 secs]
Application time: 0.1125921 seconds
[GC pause (G1 Evacuation Pause) (young) 87M->14M(128M), 0.0023495 secs]
Application time: 0.1101952 seconds
[GC pause (G1 Evacuation Pause) (young) 87M->14M(128M), 0.0023305 secs]
Application time: 0.1148554 seconds
[GC pause (G1 Evacuation Pause) (young) 87M->14M(128M), 0.0021268 secs]
Application time: 0.1219929 seconds
[GC pause (G1 Evacuation Pause) (young) 87M->14M(128M), 0.0019240 secs]
Application time: 0.1112656 seconds
[GC pause (G1 Evacuation Pause) (young) 87M->13M(128M), 0.0018902 secs]
Application time: 0.1211753 seconds
[GC pause (G1 Evacuation Pause) (young) 87M->13M(128M), 0.0018895 secs]
Application time: 0.1263523 seconds
[GC pause (G1 Evacuation Pause) (young) 87M->14M(128M), 0.0019455 secs]
Application time: 0.1085165 seconds
[GC pause (G1 Evacuation Pause) (young) 87M->14M(128M), 0.0020792 secs]
Application time: 0.1125781 seconds
[GC pause (G1 Evacuation Pause) (young) 87M->14M(128M), 0.0025864 secs]
Application time: 0.1181425 seconds
[GC pause (G1 Evacuation Pause) (young) 87M->15M(128M), 0.0034388 secs]
Application time: 0.1157647 seconds
[GC pause (G1 Evacuation Pause) (young) 87M->14M(128M), 0.0019549 secs]
Application time: 0.1110174 seconds
[GC pause (G1 Evacuation Pause) (young) 87M->14M(128M), 0.0019816 secs]
Application time: 0.1269228 seconds
[GC pause (G1 Evacuation Pause) (young) 87M->14M(128M), 0.0020303 secs]
Application time: 0.1097298 seconds
[GC pause (G1 Evacuation Pause) (young) 87M->14M(128M), 0.0020126 secs]
Application time: 0.1097114 seconds
[GC pause (G1 Evacuation Pause) (young) 87M->14M(128M), 0.0019052 secs]
Application time: 0.1177943 seconds
[GC pause (G1 Evacuation Pause) (young) 87M->14M(128M), 0.0019341 secs]
Application time: 0.1160526 seconds
[GC pause (G1 Evacuation Pause) (young) 87M->13M(128M), 0.0018982 secs]
Application time: 0.1107433 seconds
[GC pause (G1 Evacuation Pause) (young) 87M->13M(128M), 0.0018531 secs]
Application time: 0.1172054 seconds
[GC pause (G1 Evacuation Pause) (young) 87M->14M(128M), 0.0019564 secs]
Application time: 0.1215169 seconds
[GC pause (G1 Evacuation Pause) (young) 87M->14M(128M), 0.0020145 secs]
Application time: 0.1185161 seconds
[GC pause (G1 Evacuation Pause) (young) 87M->13M(128M), 0.0019211 secs]
Application time: 0.1215293 seconds
[GC pause (G1 Evacuation Pause) (young) 87M->14M(128M), 0.0018111 secs]
Application time: 0.1118568 seconds
[GC pause (G1 Evacuation Pause) (young) 87M->13M(128M), 0.0018778 secs]
Application time: 0.1122459 seconds
[GC pause (G1 Evacuation Pause) (young) 87M->14M(128M), 0.0020683 secs]
Application time: 0.1200102 seconds
[GC pause (G1 Evacuation Pause) (young) 87M->15M(128M), 0.0034822 secs]
Application time: 0.1159843 seconds
[GC pause (G1 Evacuation Pause) (young) 87M->14M(128M), 0.0027227 secs]
Application time: 0.1126785 seconds
[GC pause (G1 Evacuation Pause) (young) 87M->14M(128M), 0.0019844 secs]
Application time: 0.1148416 seconds
[GC pause (G1 Evacuation Pause) (young) 87M->14M(128M), 0.0020172 secs]
Application time: 0.1294265 seconds
[GC pause (G1 Evacuation Pause) (young) 87M->13M(128M), 0.0024433 secs]
Application time: 0.1279876 seconds
[GC pause (G1 Evacuation Pause) (young) 87M->14M(128M), 0.0029840 secs]
Application time: 0.1166923 seconds
[GC pause (G1 Evacuation Pause) (young) 87M->14M(128M), 0.0024136 secs]
Application time: 0.1165054 seconds
[GC pause (G1 Evacuation Pause) (young) 87M->14M(128M), 0.0023274 secs]
Application time: 0.1163057 seconds
[GC pause (G1 Evacuation Pause) (young) 87M->14M(128M), 0.0024217 secs]
Application time: 0.1186746 seconds
[GC pause (G1 Evacuation Pause) (young) 87M->13M(128M), 0.0023359 secs]
Application time: 0.1072398 seconds
[GC pause (G1 Evacuation Pause) (young) 87M->14M(128M), 0.0023064 secs]
Application time: 0.1042690 seconds
[GC pause (G1 Evacuation Pause) (young) 87M->14M(128M), 0.0025117 secs]
Application time: 0.1191761 seconds
[GC pause (G1 Evacuation Pause) (young) 87M->14M(128M), 0.0024005 secs]
Application time: 0.1053746 seconds
[GC pause (G1 Evacuation Pause) (young) 87M->14M(128M), 0.0023688 secs]
Application time: 0.1055383 seconds
[GC pause (G1 Evacuation Pause) (young) 87M->14M(128M), 0.0023364 secs]
Application time: 0.1055421 seconds
[GC pause (G1 Evacuation Pause) (young) 87M->13M(128M), 0.0021868 secs]
Application time: 0.1063174 seconds
[GC pause (G1 Evacuation Pause) (young) 87M->13M(128M), 0.0022607 secs]
Application time: 0.1080594 seconds
[GC pause (G1 Evacuation Pause) (young) 87M->14M(128M), 0.0022226 secs]
Application time: 0.1199350 seconds
[GC pause (G1 Evacuation Pause) (young) 87M->13M(128M), 0.0024742 secs]
Application time: 0.0928258 seconds
[GC pause (G1 Evacuation Pause) (young) 87M->15M(128M), 0.0030345 secs]
Application time: 0.1255585 seconds
[GC pause (G1 Evacuation Pause) (young) 87M->14M(128M), 0.0025500 secs]
Application time: 0.0930654 seconds
[GC pause (G1 Evacuation Pause) (young) 87M->13M(128M), 0.0022654 secs]
Application time: 0.1128760 seconds
[GC pause (G1 Evacuation Pause) (young) 87M->13M(128M), 0.0028235 secs]
Application time: 0.1129206 seconds
[GC pause (G1 Evacuation Pause) (young) 87M->14M(128M), 0.0024998 secs]
Application time: 0.1212974 seconds
[GC pause (G1 Evacuation Pause) (young) 87M->14M(128M), 0.0020651 secs]
Application time: 0.1212773 seconds
[GC pause (G1 Evacuation Pause) (young) 87M->14M(128M), 0.0023046 secs]
Application time: 0.1327473 seconds
[GC pause (G1 Evacuation Pause) (young) 87M->14M(128M), 0.0020519 secs]
Application time: 0.0996122 seconds
[GC pause (G1 Evacuation Pause) (young) 87M->15M(128M), 0.0034842 secs]
Application time: 0.1305509 seconds
[GC pause (G1 Evacuation Pause) (young) 87M->14M(128M), 0.0020633 secs]
Application time: 0.0988687 seconds
[GC pause (G1 Evacuation Pause) (young) 87M->14M(128M), 0.0020521 secs]
Application time: 0.1428193 seconds
[GC pause (G1 Evacuation Pause) (young) 87M->14M(128M), 0.0021669 secs]
Application time: 0.1471322 seconds
[GC pause (G1 Evacuation Pause) (young) 87M->14M(128M), 0.0020820 secs]
Application time: 0.1938081 seconds
[GC pause (G1 Evacuation Pause) (young) 87M->15M(128M), 0.0034134 secs]
Application time: 0.1985255 seconds
[GC pause (G1 Evacuation Pause) (young) 87M->14M(128M), 0.0022330 secs]
Iteration 1 (120s) ends:   Wed May 16 02:23:31 GMT 2018
Iteration 1 (120s) result: 145.25 ops/m

Valid run!
Score on xml.transform: 145.25 ops/m

Application time: 0.1605460 seconds

--- --- --- --- --- --- --- --- ---

  Benchmark:   xml.validation
  Run mode:    timed run
  Test type:   multi
  Threads:     2
  Warmup:      60s
  Iterations:  1
  Run length:  120s
Application time: 0.0136178 seconds
Application time: 0.0013012 seconds
Application time: 0.0200622 seconds
Application time: 0.0001787 seconds
Application time: 0.0141313 seconds
Application time: 0.0002619 seconds
Application time: 0.0233343 seconds
Application time: 0.0192298 seconds
Application time: 0.0508648 seconds

Warmup (60s) begins: Wed May 16 02:23:31 GMT 2018
Application time: 0.0170123 seconds
Application time: 0.0259973 seconds
Application time: 0.0002407 seconds
Application time: 0.0034293 seconds
Application time: 0.0004522 seconds
Application time: 0.0030806 seconds
Application time: 0.0002307 seconds
Application time: 0.0010373 seconds
Application time: 0.0634110 seconds
[GC pause (G1 Evacuation Pause) (young) 88M->23M(128M), 0.0118650 secs]
Application time: 0.0455821 seconds
Application time: 0.0003007 seconds
Application time: 0.0003910 seconds
Application time: 0.0000671 seconds
Application time: 0.0046303 seconds
Application time: 0.0007066 seconds
Application time: 0.0000703 seconds
Application time: 0.0004245 seconds
Application time: 0.0024380 seconds
Application time: 0.0001074 seconds
Application time: 0.0015775 seconds
Application time: 0.0000308 seconds
Application time: 0.0016541 seconds
Application time: 0.0000250 seconds
Application time: 0.0033191 seconds
Application time: 0.0000228 seconds
Application time: 0.0000333 seconds
Application time: 0.0031540 seconds
Application time: 0.0088416 seconds
Application time: 0.0000259 seconds
Application time: 0.0523634 seconds
Application time: 0.0017650 seconds
Application time: 0.0085140 seconds
Application time: 0.0000290 seconds
Application time: 0.0000178 seconds
Application time: 0.0013096 seconds
Application time: 0.0000202 seconds
Application time: 0.0000185 seconds
Application time: 0.0000213 seconds
Application time: 0.0000526 seconds
Application time: 0.0000197 seconds
Application time: 0.0000185 seconds
Application time: 0.0000209 seconds
Application time: 0.0001547 seconds
Application time: 0.0000400 seconds
Application time: 0.2552929 seconds
Application time: 0.4037078 seconds
[GC pause (G1 Evacuation Pause) (young) 89M->33M(128M), 0.0362986 secs]
Application time: 0.1280175 seconds
Application time: 0.0000290 seconds
Application time: 0.0000215 seconds
Application time: 0.1924819 seconds
Application time: 0.1414353 seconds
[GC pause (G1 Evacuation Pause) (young) 99M->34M(128M), 0.0235831 secs]
Application time: 0.4576392 seconds
[GC pause (G1 Evacuation Pause) (young) 104M->40M(128M), 0.0150036 secs]
Application time: 0.3788244 seconds
[GC pause (G1 Evacuation Pause) (young) 104M->49M(128M), 0.0237036 secs]
Application time: 0.3063699 seconds
[GC pause (G1 Evacuation Pause) (young) 104M->52M(128M), 0.0143112 secs]
Application time: 0.2836064 seconds
[GC pause (G1 Evacuation Pause) (young) 105M->56M(128M), 0.0116381 secs]
Application time: 0.2281067 seconds
[GC pause (G1 Evacuation Pause) (young) 106M->63M(128M), 0.0164096 secs]
Application time: 0.2268423 seconds
[GC pause (G1 Evacuation Pause) (young) (initial-mark) 106M->69M(128M), 0.0196421 secs]
[GC concurrent-root-region-scan-start]
[GC concurrent-root-region-scan-end, 0.0141458 secs]
[GC concurrent-mark-start]
[GC concurrent-mark-end, 0.0694124 secs]
Application time: 0.0858518 seconds
[GC remark, 0.0091973 secs]
Application time: 0.0038255 seconds
[GC cleanup 79M->61M(128M), 0.0004446 secs]
[GC concurrent-cleanup-start]
[GC concurrent-cleanup-end, 0.0000208 secs]
Application time: 0.1814799 seconds
[GC pause (G1 Evacuation Pause) (young) 88M->53M(128M), 0.0361035 secs]
Application time: 0.0252268 seconds
[GC pause (G1 Evacuation Pause) (mixed) 56M->41M(128M), 0.0063609 secs]
Application time: 0.0279503 seconds
[GC pause (G1 Evacuation Pause) (mixed) 46M->35M(128M), 0.0046252 secs]
Application time: 0.2922935 seconds
[GC pause (G1 Evacuation Pause) (young) 101M->41M(128M), 0.0089505 secs]
Application time: 0.4035932 seconds
[GC pause (G1 Evacuation Pause) (young) 102M->51M(128M), 0.0251650 secs]
Application time: 0.3599108 seconds
[GC pause (G1 Evacuation Pause) (young) 102M->53M(128M), 0.0146593 secs]
Application time: 0.2220055 seconds
[GC pause (G1 Evacuation Pause) (young) 104M->53M(128M), 0.0062297 secs]
Application time: 0.2170491 seconds
[GC pause (G1 Evacuation Pause) (young) 106M->60M(128M), 0.0159372 secs]
Application time: 0.1826554 seconds
[GC pause (G1 Evacuation Pause) (young) 105M->69M(128M), 0.0274781 secs]
Application time: 0.1749037 seconds
[GC pause (G1 Evacuation Pause) (young) (initial-mark) 106M->72M(128M), 0.0137585 secs]
[GC concurrent-root-region-scan-start]
[GC concurrent-root-region-scan-end, 0.0114219 secs]
[GC concurrent-mark-start]
[GC concurrent-mark-end, 0.1360531 secs]
Application time: 0.1475469 seconds
[GC remark, 0.0099496 secs]
Application time: 0.0000475 seconds
[GC cleanup 101M->74M(128M), 0.0004128 secs]
[GC concurrent-cleanup-start]
[GC concurrent-cleanup-end, 0.0000290 secs]
Application time: 0.0180092 seconds
[GC pause (G1 Evacuation Pause) (young) 80M->46M(128M), 0.0123564 secs]
Application time: 0.0102329 seconds
[GC pause (G1 Evacuation Pause) (mixed) 49M->34M(128M), 0.0104612 secs]
Application time: 0.0123754 seconds
[GC pause (G1 Evacuation Pause) (mixed) 39M->34M(128M), 0.0033289 secs]
Application time: 0.1854334 seconds
[GC pause (G1 Evacuation Pause) (young) 97M->43M(128M), 0.0109307 secs]
Application time: 0.1502327 seconds
[GC pause (G1 Evacuation Pause) (young) 99M->51M(128M), 0.0174904 secs]
Application time: 0.1685652 seconds
[GC pause (G1 Evacuation Pause) (young) 101M->53M(128M), 0.0138001 secs]
Application time: 0.1146616 seconds
[GC pause (G1 Evacuation Pause) (young) 102M->57M(128M), 0.0127369 secs]
Application time: 0.1370929 seconds
[GC pause (G1 Evacuation Pause) (young) 104M->62M(128M), 0.0132085 secs]
Application time: 0.1197088 seconds
[GC pause (G1 Evacuation Pause) (young) (initial-mark) 105M->68M(128M), 0.0171781 secs]
[GC concurrent-root-region-scan-start]
[GC concurrent-root-region-scan-end, 0.0125302 secs]
[GC concurrent-mark-start]
[GC concurrent-mark-end, 0.0462956 secs]
Application time: 0.0589557 seconds
[GC remark, 0.0083092 secs]
Application time: 0.0025896 seconds
[GC cleanup 77M->48M(128M), 0.0003962 secs]
[GC concurrent-cleanup-start]
[GC concurrent-cleanup-end, 0.0000270 secs]
Application time: 0.0990003 seconds
[GC pause (G1 Evacuation Pause) (young) 77M->43M(128M), 0.0165038 secs]
Application time: 0.0085510 seconds
[GC pause (G1 Evacuation Pause) (mixed) 45M->35M(128M), 0.0113954 secs]
Application time: 0.1720701 seconds
[GC pause (G1 Evacuation Pause) (young) 101M->39M(128M), 0.0105000 secs]
Application time: 0.1834860 seconds
[GC pause (G1 Evacuation Pause) (young) 103M->44M(128M), 0.0117502 secs]
Application time: 0.1742652 seconds
[GC pause (G1 Evacuation Pause) (young) 103M->53M(128M), 0.0221469 secs]
Application time: 0.1213998 seconds
[GC pause (G1 Evacuation Pause) (young) 104M->53M(128M), 0.0240341 secs]
Application time: 0.1061821 seconds
[GC pause (G1 Evacuation Pause) (young) 106M->60M(128M), 0.0158396 secs]
Application time: 0.1189773 seconds
[GC pause (G1 Evacuation Pause) (young) 106M->67M(128M), 0.0142947 secs]
Application time: 0.1073653 seconds
[GC pause (G1 Evacuation Pause) (young) (initial-mark) 105M->70M(128M), 0.0317957 secs]
[GC concurrent-root-region-scan-start]
[GC concurrent-root-region-scan-end, 0.0038054 secs]
[GC concurrent-mark-start]
[GC concurrent-mark-end, 0.0770452 secs]
Application time: 0.0809553 seconds
[GC remark, 0.0087181 secs]
Application time: 0.0049300 seconds
[GC cleanup 84M->56M(128M), 0.0004568 secs]
[GC concurrent-cleanup-start]
[GC concurrent-cleanup-end, 0.0000369 secs]
Application time: 0.0942416 seconds
[GC pause (G1 Evacuation Pause) (young) 77M->44M(128M), 0.0177736 secs]
Application time: 0.0098648 seconds
[GC pause (G1 Evacuation Pause) (mixed) 46M->35M(128M), 0.0171922 secs]
Application time: 0.2460160 seconds
[GC pause (G1 Evacuation Pause) (young) 102M->45M(128M), 0.0186342 secs]
Application time: 0.1113273 seconds
[GC pause (G1 Evacuation Pause) (young) 103M->44M(128M), 0.0232902 secs]
Application time: 0.1160947 seconds
[GC pause (G1 Evacuation Pause) (young) 104M->52M(128M), 0.0192316 secs]
Application time: 0.1232893 seconds
[GC pause (G1 Evacuation Pause) (young) 105M->60M(128M), 0.0206712 secs]
Application time: 0.1047265 seconds
[GC pause (G1 Evacuation Pause) (young) 106M->63M(128M), 0.0249263 secs]
Application time: 0.0770571 seconds
[GC pause (G1 Evacuation Pause) (young) (initial-mark) 106M->63M(128M), 0.0130611 secs]
[GC concurrent-root-region-scan-start]
[GC concurrent-root-region-scan-end, 0.0085426 secs]
[GC concurrent-mark-start]
[GC concurrent-mark-end, 0.1221506 secs]
Application time: 0.1307766 seconds
[GC remark, 0.0073779 secs]
Application time: 0.0000447 seconds
[GC cleanup 104M->83M(128M), 0.0003645 secs]
[GC concurrent-cleanup-start]
[GC concurrent-cleanup-end, 0.0000270 secs]
Application time: 0.0089739 seconds
[GC pause (G1 Evacuation Pause) (young) 86M->48M(128M), 0.0140713 secs]
Application time: 0.0047521 seconds
[GC pause (G1 Evacuation Pause) (mixed) 49M->39M(128M), 0.0191837 secs]
Application time: 0.1855020 seconds
[GC pause (G1 Evacuation Pause) (young) 106M->49M(128M), 0.0257918 secs]
Application time: 0.1074495 seconds
[GC pause (G1 Evacuation Pause) (young) 103M->50M(128M), 0.0159657 secs]
Application time: 0.0889591 seconds
[GC pause (G1 Evacuation Pause) (young) 105M->52M(128M), 0.0138487 secs]
Application time: 0.1661560 seconds
[GC pause (G1 Evacuation Pause) (young) 106M->65M(128M), 0.0203644 secs]
Application time: 0.1152645 seconds
[GC pause (G1 Evacuation Pause) (young) (initial-mark) 106M->69M(128M), 0.0214344 secs]
[GC concurrent-root-region-scan-start]
[GC concurrent-root-region-scan-end, 0.0047423 secs]
[GC concurrent-mark-start]
[GC concurrent-mark-end, 0.1066521 secs]
Application time: 0.1115049 seconds
[GC remark, 0.0092793 secs]
Application time: 0.0000583 seconds
[GC cleanup 99M->73M(128M), 0.0004362 secs]
[GC concurrent-cleanup-start]
[GC concurrent-cleanup-end, 0.0000461 secs]
Application time: 0.0218180 seconds
[GC pause (G1 Evacuation Pause) (young) 80M->43M(128M), 0.0162910 secs]
Application time: 0.0040832 seconds
[GC pause (G1 Evacuation Pause) (mixed) 45M->33M(128M), 0.0059810 secs]
Application time: 0.1133498 seconds
[GC pause (G1 Evacuation Pause) (young) 104M->37M(128M), 0.0076590 secs]
Application time: 0.1770935 seconds
[GC pause (G1 Evacuation Pause) (young) 105M->53M(128M), 0.0234171 secs]
Application time: 0.1115230 seconds
[GC pause (G1 Evacuation Pause) (young) 104M->54M(128M), 0.0234164 secs]
Application time: 0.0868803 seconds
[GC pause (G1 Evacuation Pause) (young) 107M->54M(128M), 0.0136715 secs]
Application time: 0.1082200 seconds
[GC pause (G1 Evacuation Pause) (young) 108M->67M(128M), 0.0184203 secs]
Application time: 0.1004202 seconds
[GC pause (G1 Evacuation Pause) (young) (initial-mark) 105M->73M(128M), 0.0249473 secs]
[GC concurrent-root-region-scan-start]
[GC concurrent-root-region-scan-end, 0.0124943 secs]
[GC concurrent-mark-start]
[GC concurrent-mark-end, 0.0802216 secs]
Application time: 0.0928253 seconds
[GC remark, 0.0083059 secs]
Application time: 0.0000530 seconds
[GC cleanup 95M->60M(128M), 0.0004314 secs]
[GC concurrent-cleanup-start]
[GC concurrent-cleanup-end, 0.0000537 secs]
Application time: 0.0230981 seconds
[GC pause (G1 Evacuation Pause) (young) 71M->38M(128M), 0.0172098 secs]
Application time: 0.0102562 seconds
[GC pause (G1 Evacuation Pause) (mixed) 43M->34M(128M), 0.0065266 secs]
Application time: 0.1193862 seconds
[GC pause (G1 Evacuation Pause) (young) 105M->34M(128M), 0.0023389 secs]
Application time: 0.1655159 seconds
[GC pause (G1 Evacuation Pause) (young) 106M->51M(128M), 0.0219147 secs]
Application time: 0.1213312 seconds
[GC pause (G1 Evacuation Pause) (young) 103M->53M(128M), 0.0233794 secs]
Application time: 0.0924849 seconds
[GC pause (G1 Evacuation Pause) (young) 105M->53M(128M), 0.0148422 secs]
Application time: 0.0949972 seconds
[GC pause (G1 Evacuation Pause) (young) 106M->60M(128M), 0.0121005 secs]
Application time: 0.1151053 seconds
[GC pause (G1 Evacuation Pause) (young) 107M->69M(128M), 0.0225597 secs]
Application time: 0.0875146 seconds
[GC pause (G1 Evacuation Pause) (young) (initial-mark) 107M->72M(128M), 0.0250201 secs]
[GC concurrent-root-region-scan-start]
[GC concurrent-root-region-scan-end, 0.0030006 secs]
[GC concurrent-mark-start]
[GC concurrent-mark-end, 0.1077254 secs]
Application time: 0.1108312 seconds
[GC remark, 0.0077856 secs]
Application time: 0.0000548 seconds
[GC cleanup 102M->71M(128M), 0.0003240 secs]
[GC concurrent-cleanup-start]
[GC concurrent-cleanup-end, 0.0000336 secs]
Application time: 0.0165010 seconds
[GC pause (G1 Evacuation Pause) (young) 76M->42M(128M), 0.0134428 secs]
Application time: 0.0094774 seconds
[GC pause (G1 Evacuation Pause) (mixed) 47M->34M(128M), 0.0060010 secs]
Application time: 0.1331773 seconds
[GC pause (G1 Evacuation Pause) (young) 105M->41M(128M), 0.0120903 secs]
Application time: 0.1739706 seconds
[GC pause (G1 Evacuation Pause) (young) 105M->51M(128M), 0.0228594 secs]
Application time: 0.1288991 seconds
[GC pause (G1 Evacuation Pause) (young) 104M->53M(128M), 0.0200075 secs]
Application time: 0.0872085 seconds
[GC pause (G1 Evacuation Pause) (young) 107M->56M(128M), 0.0152185 secs]
Application time: 0.1268892 seconds
[GC pause (G1 Evacuation Pause) (young) 107M->68M(128M), 0.0212360 secs]
Application time: 0.0996553 seconds
[GC pause (G1 Evacuation Pause) (young) (initial-mark) 106M->73M(128M), 0.0230101 secs]
[GC concurrent-root-region-scan-start]
[GC concurrent-root-region-scan-end, 0.0163154 secs]
[GC concurrent-mark-start]
[GC concurrent-mark-end, 0.0471833 secs]
Application time: 0.0635996 seconds
[GC remark, 0.0071250 secs]
Application time: 0.0000485 seconds
[GC cleanup 84M->51M(128M), 0.0003139 secs]
[GC concurrent-cleanup-start]
[GC concurrent-cleanup-end, 0.0000328 secs]
Application time: 0.0491096 seconds
[GC pause (G1 Evacuation Pause) (young) 73M->41M(128M), 0.0173407 secs]
Application time: 0.0093504 seconds
[GC pause (G1 Evacuation Pause) (mixed) 46M->34M(128M), 0.0074482 secs]
Application time: 0.1083276 seconds
[GC pause (G1 Evacuation Pause) (young) 98M->39M(128M), 0.0069001 secs]
Application time: 0.1512067 seconds
[GC pause (G1 Evacuation Pause) (young) 101M->49M(128M), 0.0309213 secs]
Application time: 0.1347164 seconds
[GC pause (G1 Evacuation Pause) (young) 102M->53M(128M), 0.0239240 secs]
Application time: 0.0938974 seconds
[GC pause (G1 Evacuation Pause) (young) 103M->55M(128M), 0.0182618 secs]
Application time: 0.1127914 seconds
[GC pause (G1 Evacuation Pause) (young) 105M->62M(128M), 0.0177079 secs]
Application time: 0.0931710 seconds
[GC pause (G1 Evacuation Pause) (young) 106M->69M(128M), 0.0254131 secs]
Application time: 0.0893283 seconds
[GC pause (G1 Evacuation Pause) (young) (initial-mark) 106M->72M(128M), 0.0209132 secs]
[GC concurrent-root-region-scan-start]
[GC concurrent-root-region-scan-end, 0.0075264 secs]
[GC concurrent-mark-start]
[GC concurrent-mark-end, 0.1049557 secs]
Application time: 0.1125822 seconds
[GC remark, 0.0086208 secs]
Application time: 0.0000508 seconds
[GC cleanup 101M->68M(128M), 0.0004148 secs]
[GC concurrent-cleanup-start]
[GC concurrent-cleanup-end, 0.0000461 secs]
Application time: 0.0140014 seconds
[GC pause (G1 Evacuation Pause) (young) 74M->41M(128M), 0.0125368 secs]
Application time: 0.0057428 seconds
[GC pause (G1 Evacuation Pause) (mixed) 42M->35M(128M), 0.0086853 secs]
Application time: 0.1317557 seconds
[GC pause (G1 Evacuation Pause) (young) 98M->41M(128M), 0.0150038 secs]
Application time: 0.1283668 seconds
[GC pause (G1 Evacuation Pause) (young) 100M->51M(128M), 0.0206027 secs]
Application time: 0.1285032 seconds
[GC pause (G1 Evacuation Pause) (young) 102M->54M(128M), 0.0221279 secs]
Application time: 0.0921774 seconds
[GC pause (G1 Evacuation Pause) (young) 103M->54M(128M), 0.0144359 secs]
Application time: 0.0938518 seconds
[GC pause (G1 Evacuation Pause) (young) 105M->60M(128M), 0.0146752 secs]
Application time: 0.1209205 seconds
[GC pause (G1 Evacuation Pause) (young) 106M->69M(128M), 0.0277851 secs]
Application time: 0.0929788 seconds
[GC pause (G1 Evacuation Pause) (young) (initial-mark) 105M->72M(128M), 0.0256898 secs]
[GC concurrent-root-region-scan-start]
[GC concurrent-root-region-scan-end, 0.0029240 secs]
[GC concurrent-mark-start]
[GC concurrent-mark-end, 0.1081207 secs]
Application time: 0.1111351 seconds
[GC remark, 0.0085162 secs]
Application time: 0.0000449 seconds
[GC cleanup 101M->73M(128M), 0.0004295 secs]
[GC concurrent-cleanup-start]
[GC concurrent-cleanup-end, 0.0000362 secs]
Application time: 0.0207777 seconds
[GC pause (G1 Evacuation Pause) (young) 78M->44M(128M), 0.0127314 secs]
Application time: 0.0094357 seconds
[GC pause (G1 Evacuation Pause) (mixed) 49M->33M(128M), 0.0069377 secs]
Application time: 0.1419642 seconds
[GC pause (G1 Evacuation Pause) (young) 105M->40M(128M), 0.0135217 secs]
Application time: 0.1536164 seconds
[GC pause (G1 Evacuation Pause) (young) 105M->49M(128M), 0.0233160 secs]
Application time: 0.1134853 seconds
[GC pause (G1 Evacuation Pause) (young) 103M->52M(128M), 0.0258472 secs]
Application time: 0.1146202 seconds
[GC pause (G1 Evacuation Pause) (young) 105M->58M(128M), 0.0234545 secs]
Application time: 0.0961216 seconds
[GC pause (G1 Evacuation Pause) (young) 104M->61M(128M), 0.0165847 secs]
Application time: 0.0937978 seconds
[GC pause (G1 Evacuation Pause) (young) (initial-mark) 106M->67M(128M), 0.0216784 secs]
[GC concurrent-root-region-scan-start]
[GC concurrent-root-region-scan-end, 0.0165356 secs]
[GC concurrent-mark-start]
[GC concurrent-mark-end, 0.0775622 secs]
Application time: 0.0942217 seconds
[GC remark, 0.0084964 secs]
Application time: 0.0000472 seconds
[GC cleanup 88M->60M(128M), 0.0004430 secs]
[GC concurrent-cleanup-start]
[GC concurrent-cleanup-end, 0.0000341 secs]
Application time: 0.0376308 seconds
[GC pause (G1 Evacuation Pause) (young) 78M->43M(128M), 0.0163443 secs]
Application time: 0.0041968 seconds
[GC pause (G1 Evacuation Pause) (mixed) 45M->36M(128M), 0.0134169 secs]
Application time: 0.1544871 seconds
[GC pause (G1 Evacuation Pause) (young) 105M->44M(128M), 0.0157109 secs]
Application time: 0.1197988 seconds
[GC pause (G1 Evacuation Pause) (young) 104M->46M(128M), 0.0136057 secs]
Application time: 0.1256670 seconds
[GC pause (G1 Evacuation Pause) (young) 105M->52M(128M), 0.0200877 secs]
Application time: 0.1286083 seconds
[GC pause (G1 Evacuation Pause) (young) 105M->61M(128M), 0.0236633 secs]
Application time: 0.1045094 seconds
[GC pause (G1 Evacuation Pause) (young) 105M->65M(128M), 0.0249995 secs]
Application time: 0.0822794 seconds
[GC pause (G1 Evacuation Pause) (young) (initial-mark) 106M->65M(128M), 0.0155265 secs]
[GC concurrent-root-region-scan-start]
[GC concurrent-root-region-scan-end, 0.0094259 secs]
[GC concurrent-mark-start]
[GC concurrent-mark-end, 0.1202148 secs]
Application time: 0.1297432 seconds
[GC remark, 0.0085401 secs]
Application time: 0.0000445 seconds
[GC cleanup 106M->83M(128M), 0.0004041 secs]
[GC concurrent-cleanup-start]
[GC concurrent-cleanup-end, 0.0000337 secs]
Application time: 0.0040078 seconds
[GC pause (G1 Evacuation Pause) (young) 84M->46M(128M), 0.0106409 secs]
Application time: 0.0025320 seconds
[GC pause (G1 Evacuation Pause) (mixed) 47M->38M(128M), 0.0114799 secs]
Application time: 0.1780719 seconds
[GC pause (G1 Evacuation Pause) (young) 105M->51M(128M), 0.0259311 secs]
Application time: 0.1373404 seconds
[GC pause (G1 Evacuation Pause) (young) 104M->54M(128M), 0.0222930 secs]
Application time: 0.0896858 seconds
[GC pause (G1 Evacuation Pause) (young) 104M->54M(128M), 0.0155780 secs]
Application time: 0.0968607 seconds
[GC pause (G1 Evacuation Pause) (young) 106M->66M(128M), 0.0196838 secs]
Application time: 0.1339408 seconds
[GC pause (G1 Evacuation Pause) (young) (initial-mark) 106M->72M(128M), 0.0273149 secs]
[GC concurrent-root-region-scan-start]
[GC concurrent-root-region-scan-end, 0.0089476 secs]
[GC concurrent-mark-start]
[GC concurrent-mark-end, 0.0435726 secs]
Application time: 0.0526110 seconds
[GC remark, 0.0085248 secs]
Application time: 0.0000451 seconds
[GC cleanup 79M->48M(128M), 0.0004172 secs]
[GC concurrent-cleanup-start]
[GC concurrent-cleanup-end, 0.0000447 secs]
Application time: 0.0732180 seconds
[GC pause (G1 Evacuation Pause) (young) 74M->42M(128M), 0.0211258 secs]
Application time: 0.0110093 seconds
[GC pause (G1 Evacuation Pause) (mixed) 47M->34M(128M), 0.0086881 secs]
Application time: 0.1308051 seconds
[GC pause (G1 Evacuation Pause) (young) 103M->34M(128M), 0.0023403 secs]
Application time: 0.1697662 seconds
[GC pause (G1 Evacuation Pause) (young) 105M->49M(128M), 0.0228948 secs]
Application time: 0.1384842 seconds
[GC pause (G1 Evacuation Pause) (young) 102M->53M(128M), 0.0278920 secs]
Application time: 0.1034537 seconds
[GC pause (G1 Evacuation Pause) (young) 104M->54M(128M), 0.0176266 secs]
Application time: 0.0881598 seconds
[GC pause (G1 Evacuation Pause) (young) 106M->58M(128M), 0.0115657 secs]
Application time: 0.1405691 seconds
[GC pause (G1 Evacuation Pause) (young) 106M->68M(128M), 0.0226535 secs]
Application time: 0.0950235 seconds
[GC pause (G1 Evacuation Pause) (young) (initial-mark) 105M->71M(128M), 0.0216304 secs]
[GC concurrent-root-region-scan-start]
[GC concurrent-root-region-scan-end, 0.0025721 secs]
[GC concurrent-mark-start]
[GC concurrent-mark-end, 0.1167313 secs]
Application time: 0.1194119 seconds
[GC remark, 0.0086684 secs]
Application time: 0.0000579 seconds
[GC cleanup 101M->68M(128M), 0.0004300 secs]
[GC concurrent-cleanup-start]
[GC concurrent-cleanup-end, 0.0000480 secs]
Application time: 0.0183090 seconds
[GC pause (G1 Evacuation Pause) (young) 74M->38M(128M), 0.0162850 secs]
Application time: 0.0059680 seconds
[GC pause (G1 Evacuation Pause) (mixed) 41M->33M(128M), 0.0049272 secs]
Application time: 0.1178619 seconds
[GC pause (G1 Evacuation Pause) (young) 103M->37M(128M), 0.0075923 secs]
Application time: 0.1958980 seconds
[GC pause (G1 Evacuation Pause) (young) 104M->50M(128M), 0.0251691 secs]
Application time: 0.1142126 seconds
[GC pause (G1 Evacuation Pause) (young) 104M->51M(128M), 0.0233299 secs]
Application time: 0.0937956 seconds
[GC pause (G1 Evacuation Pause) (young) 105M->55M(128M), 0.0154959 secs]
Application time: 0.1064102 seconds
[GC pause (G1 Evacuation Pause) (young) 106M->64M(128M), 0.0182829 secs]
Application time: 0.1130828 seconds
[GC pause (G1 Evacuation Pause) (young) (initial-mark) 106M->72M(128M), 0.0258966 secs]
[GC concurrent-root-region-scan-start]
[GC concurrent-root-region-scan-end, 0.0176258 secs]
[GC concurrent-mark-start]
[GC concurrent-mark-end, 0.0850131 secs]
Application time: 0.1027313 seconds
[GC remark, 0.0080861 secs]
Application time: 0.0000463 seconds
[GC cleanup 95M->64M(128M), 0.0004215 secs]
[GC concurrent-cleanup-start]
[GC concurrent-cleanup-end, 0.0000429 secs]
Application time: 0.0423594 seconds
[GC pause (G1 Evacuation Pause) (young) 76M->42M(128M), 0.0210910 secs]
Application time: 0.0058898 seconds
[GC pause (G1 Evacuation Pause) (mixed) 45M->35M(128M), 0.0129436 secs]
Application time: 0.1123863 seconds
[GC pause (G1 Evacuation Pause) (young) 99M->36M(128M), 0.0046529 secs]
Application time: 0.1546401 seconds
[GC pause (G1 Evacuation Pause) (young) 102M->54M(128M), 0.0231714 secs]
Application time: 0.1263883 seconds
[GC pause (G1 Evacuation Pause) (young) 104M->56M(128M), 0.0247467 secs]
Application time: 0.0911759 seconds
[GC pause (G1 Evacuation Pause) (young) 104M->56M(128M), 0.0159867 secs]
Application time: 0.0809942 seconds
[GC pause (G1 Evacuation Pause) (young) 106M->56M(128M), 0.0058857 secs]
Application time: 0.1414027 seconds
[GC pause (G1 Evacuation Pause) (young) 107M->72M(128M), 0.0269262 secs]
Application time: 0.0894976 seconds
[GC pause (G1 Evacuation Pause) (young) (initial-mark) 107M->77M(128M), 0.0300435 secs]
[GC concurrent-root-region-scan-start]
[GC concurrent-root-region-scan-end, 0.0120433 secs]
[GC concurrent-mark-start]
[GC concurrent-mark-end, 0.0984882 secs]
Application time: 0.1106286 seconds
[GC remark, 0.0082558 secs]
Application time: 0.0000438 seconds
[GC cleanup 106M->72M(128M), 0.0004372 secs]
[GC concurrent-cleanup-start]
[GC concurrent-cleanup-end, 0.0000539 secs]
Application time: 0.0051957 seconds
[GC pause (G1 Evacuation Pause) (young) 74M->43M(128M), 0.0173556 secs]
Application time: 0.0091535 seconds
[GC pause (G1 Evacuation Pause) (mixed) 48M->34M(128M), 0.0081770 secs]
Application time: 0.1112046 seconds
[GC pause (G1 Evacuation Pause) (young) 99M->38M(128M), 0.0099629 secs]
Application time: 0.1563266 seconds
[GC pause (G1 Evacuation Pause) (young) 100M->49M(128M), 0.0220642 secs]
Application time: 0.1407584 seconds
[GC pause (G1 Evacuation Pause) (young) 102M->52M(128M), 0.0232316 secs]
Application time: 0.0924564 seconds
[GC pause (G1 Evacuation Pause) (young) 103M->56M(128M), 0.0204237 secs]
Application time: 0.1141624 seconds
[GC pause (G1 Evacuation Pause) (young) 104M->61M(128M), 0.0162539 secs]
Application time: 0.0966315 seconds
[GC pause (G1 Evacuation Pause) (young) 105M->68M(128M), 0.0213986 secs]
Application time: 0.0892816 seconds
[GC pause (G1 Evacuation Pause) (young) (initial-mark) 106M->72M(128M), 0.0216791 secs]
[GC concurrent-root-region-scan-start]
[GC concurrent-root-region-scan-end, 0.0094663 secs]
[GC concurrent-mark-start]
Application time: 0.1129679 seconds
[GC pause (G1 Evacuation Pause) (young) 107M->72M(128M), 0.0126292 secs]
[GC concurrent-mark-end, 0.1309686 secs]
Application time: 0.0147426 seconds
[GC remark, 0.0085994 secs]
Application time: 0.0000458 seconds
[GC cleanup 78M->46M(128M), 0.0004604 secs]
[GC concurrent-cleanup-start]
[GC concurrent-cleanup-end, 0.0000468 secs]
Application time: 0.0786357 seconds
[GC pause (G1 Evacuation Pause) (young) 75M->47M(128M), 0.0154454 secs]
Application time: 0.0050816 seconds
[GC pause (G1 Evacuation Pause) (mixed) 48M->41M(128M), 0.0134013 secs]
Application time: 0.1422145 seconds
[GC pause (G1 Evacuation Pause) (young) 103M->44M(128M), 0.0138667 secs]
Application time: 0.1137884 seconds
[GC pause (G1 Evacuation Pause) (young) 104M->50M(128M), 0.0165171 secs]
Application time: 0.1200725 seconds
[GC pause (G1 Evacuation Pause) (young) 104M->60M(128M), 0.0262789 secs]
Application time: 0.1159154 seconds
[GC pause (G1 Evacuation Pause) (young) 105M->63M(128M), 0.0252886 secs]
Application time: 0.0852415 seconds
[GC pause (G1 Evacuation Pause) (young) (initial-mark) 105M->63M(128M), 0.0137969 secs]
[GC concurrent-root-region-scan-start]
[GC concurrent-root-region-scan-end, 0.0095913 secs]
[GC concurrent-mark-start]
[GC concurrent-mark-end, 0.1016313 secs]
Application time: 0.1113288 seconds
[GC remark, 0.0086533 secs]
Application time: 0.0000392 seconds
[GC cleanup 100M->77M(128M), 0.0004125 secs]
[GC concurrent-cleanup-start]
[GC concurrent-cleanup-end, 0.0000370 secs]
Application time: 0.0133679 seconds
[GC pause (G1 Evacuation Pause) (young) 84M->40M(128M), 0.0049393 secs]
Application time: 0.0039082 seconds
[GC pause (G1 Evacuation Pause) (mixed) 42M->33M(128M), 0.0079935 secs]
Application time: 0.1893166 seconds
[GC pause (G1 Evacuation Pause) (young)-- 108M->53M(128M), 0.0312483 secs]
Application time: 0.1168793 seconds
[GC pause (G1 Evacuation Pause) (young) 104M->52M(128M), 0.0241241 secs]
Application time: 0.0926153 seconds
[GC pause (G1 Evacuation Pause) (young) 105M->52M(128M), 0.0127039 secs]
Application time: 0.1060622 seconds
[GC pause (G1 Evacuation Pause) (young) 106M->63M(128M), 0.0171649 secs]
Application time: 0.1195177 seconds
[GC pause (G1 Evacuation Pause) (young) (initial-mark) 105M->71M(128M), 0.0254456 secs]
[GC concurrent-root-region-scan-start]
[GC concurrent-root-region-scan-end, 0.0180413 secs]
[GC concurrent-mark-start]
[GC concurrent-mark-end, 0.0898287 secs]
Application time: 0.1079818 seconds
[GC remark, 0.0085247 secs]
Application time: 0.0000423 seconds
[GC cleanup 98M->70M(128M), 0.0004103 secs]
[GC concurrent-cleanup-start]
[GC concurrent-cleanup-end, 0.0000398 secs]
Application time: 0.0176959 seconds
[GC pause (G1 Evacuation Pause) (young) 78M->44M(128M), 0.0214355 secs]
Application time: 0.0061130 seconds
[GC pause (G1 Evacuation Pause) (mixed) 47M->33M(128M), 0.0149746 secs]
Application time: 0.1317357 seconds
[GC pause (G1 Evacuation Pause) (young) 102M->40M(128M), 0.0143001 secs]
Application time: 0.1405462 seconds
[GC pause (G1 Evacuation Pause) (young) 103M->45M(128M), 0.0159390 secs]
Application time: 0.1320444 seconds
[GC pause (G1 Evacuation Pause) (young) 104M->52M(128M), 0.0217199 secs]
Application time: 0.1027824 seconds
[GC pause (G1 Evacuation Pause) (young) 105M->59M(128M), 0.0197893 secs]
Application time: 0.1152406 seconds
[GC pause (G1 Evacuation Pause) (young) 106M->62M(128M), 0.0266360 secs]
Application time: 0.0876024 seconds
[GC pause (G1 Evacuation Pause) (young) (initial-mark) 106M->63M(128M), 0.0134572 secs]
[GC concurrent-root-region-scan-start]
[GC concurrent-root-region-scan-end, 0.0069068 secs]
[GC concurrent-mark-start]
[GC concurrent-mark-end, 0.1161069 secs]
Application time: 0.1231097 seconds
[GC remark, 0.0088229 secs]
Application time: 0.0000550 seconds
[GC cleanup 102M->77M(128M), 0.0004266 secs]
[GC concurrent-cleanup-start]
[GC concurrent-cleanup-end, 0.0000378 secs]
Application time: 0.0123893 seconds
[GC pause (G1 Evacuation Pause) (young) 83M->43M(128M), 0.0125283 secs]
Application time: 0.0023591 seconds
[GC pause (G1 Evacuation Pause) (mixed) 44M->40M(128M), 0.0155601 secs]
Application time: 0.1596109 seconds
[GC pause (G1 Evacuation Pause) (young) 105M->50M(128M), 0.0265896 secs]
Application time: 0.1263810 seconds
[GC pause (G1 Evacuation Pause) (young) 104M->52M(128M), 0.0172192 secs]
Application time: 0.0909790 seconds
[GC pause (G1 Evacuation Pause) (young) 104M->52M(128M), 0.0132420 secs]
Application time: 0.1047140 seconds
[GC pause (G1 Evacuation Pause) (young) 106M->64M(128M), 0.0193667 secs]
Application time: 0.1187912 seconds
[GC pause (G1 Evacuation Pause) (young) 105M->71M(128M), 0.0285036 secs]
Application time: 0.0793584 seconds
[GC pause (G1 Evacuation Pause) (young) (initial-mark) 105M->71M(128M), 0.0200655 secs]
[GC concurrent-root-region-scan-start]
[GC concurrent-root-region-scan-end, 0.0059081 secs]
[GC concurrent-mark-start]
[GC concurrent-mark-end, 0.1125286 secs]
Application time: 0.1185289 seconds
[GC remark, 0.0085412 secs]
Application time: 0.0000394 seconds
[GC cleanup 106M->76M(128M), 0.0004251 secs]
[GC concurrent-cleanup-start]
[GC concurrent-cleanup-end, 0.0000404 secs]
Application time: 0.0027756 seconds
[GC pause (G1 Evacuation Pause) (young) 77M->41M(128M), 0.0075700 secs]
Application time: 0.0094804 seconds
[GC pause (G1 Evacuation Pause) (mixed) 46M->33M(128M), 0.0045685 secs]
Application time: 0.1404612 seconds
[GC pause (G1 Evacuation Pause) (young) 106M->40M(128M), 0.0138723 secs]
Application time: 0.1676988 seconds
[GC pause (G1 Evacuation Pause) (young) 105M->50M(128M), 0.0238670 secs]
Application time: 0.1012108 seconds
[GC pause (G1 Evacuation Pause) (young) 104M->52M(128M), 0.0240418 secs]
Application time: 0.1143469 seconds
[GC pause (G1 Evacuation Pause) (young) 107M->58M(128M), 0.0218723 secs]
Application time: 0.1026892 seconds
[GC pause (G1 Evacuation Pause) (young) 106M->65M(128M), 0.0195529 secs]
Application time: 0.0964456 seconds
[GC pause (G1 Evacuation Pause) (young) (initial-mark) 106M->69M(128M), 0.0213801 secs]
[GC concurrent-root-region-scan-start]
[GC concurrent-root-region-scan-end, 0.0069330 secs]
[GC concurrent-mark-start]
[GC concurrent-mark-end, 0.0497127 secs]
Application time: 0.0567266 seconds
[GC remark, 0.0086611 secs]
Application time: 0.0000480 seconds
[GC cleanup 79M->49M(128M), 0.0004304 secs]
[GC concurrent-cleanup-start]
[GC concurrent-cleanup-end, 0.0000390 secs]
Application time: 0.0659331 seconds
[GC pause (G1 Evacuation Pause) (young) 78M->40M(128M), 0.0132094 secs]
Application time: 0.0023137 seconds
[GC pause (G1 Evacuation Pause) (mixed) 41M->36M(128M), 0.0101279 secs]
Application time: 0.1422801 seconds
[GC pause (G1 Evacuation Pause) (young) 104M->42M(128M), 0.0178484 secs]
Application time: 0.1381439 seconds
[GC pause (G1 Evacuation Pause) (young) 104M->51M(128M), 0.0219726 secs]
Application time: 0.1182713 seconds
[GC pause (G1 Evacuation Pause) (young) 104M->55M(128M), 0.0250029 secs]
Application time: 0.0868689 seconds
[GC pause (G1 Evacuation Pause) (young) 105M->55M(128M), 0.0145254 secs]
Application time: 0.1030307 seconds
[GC pause (G1 Evacuation Pause) (young) 107M->65M(128M), 0.0178076 secs]
Application time: 0.1141342 seconds
[GC pause (G1 Evacuation Pause) (young) (initial-mark) 107M->74M(128M), 0.0284458 secs]
[GC concurrent-root-region-scan-start]
[GC concurrent-root-region-scan-end, 0.0164817 secs]
[GC concurrent-mark-start]
[GC concurrent-mark-end, 0.0720131 secs]
Application time: 0.0886009 seconds
[GC remark, 0.0084587 secs]
Application time: 0.0000474 seconds
[GC cleanup 94M->62M(128M), 0.0004331 secs]
[GC concurrent-cleanup-start]
[GC concurrent-cleanup-end, 0.0000408 secs]
Application time: 0.0358812 seconds
[GC pause (G1 Evacuation Pause) (young) 75M->45M(128M), 0.0218296 secs]
Application time: 0.0073562 seconds
[GC pause (G1 Evacuation Pause) (mixed) 48M->36M(128M), 0.0166635 secs]
Application time: 0.1137652 seconds
[GC pause (G1 Evacuation Pause) (young) 100M->36M(128M), 0.0062011 secs]
Application time: 0.1408855 seconds
[GC pause (G1 Evacuation Pause) (young) 102M->49M(128M), 0.0195772 secs]
Application time: 0.1373172 seconds
[GC pause (G1 Evacuation Pause) (young) 102M->55M(128M), 0.0285051 secs]
Application time: 0.0965979 seconds
[GC pause (G1 Evacuation Pause) (young) 104M->55M(128M), 0.0203173 secs]
Application time: 0.0805282 seconds
[GC pause (G1 Evacuation Pause) (young) 105M->56M(128M), 0.0068809 secs]
Application time: 0.1261223 seconds
[GC pause (G1 Evacuation Pause) (young) 107M->71M(128M), 0.0210982 secs]
Application time: 0.0928920 seconds
[GC pause (G1 Evacuation Pause) (young) (initial-mark) 106M->76M(128M), 0.0282586 secs]
[GC concurrent-root-region-scan-start]
[GC concurrent-root-region-scan-end, 0.0125237 secs]
[GC concurrent-mark-start]
[GC concurrent-mark-end, 0.0931079 secs]
Application time: 0.1057544 seconds
[GC remark, 0.0083481 secs]
Application time: 0.0000655 seconds
[GC cleanup 101M->65M(128M), 0.0004503 secs]
[GC concurrent-cleanup-start]
[GC concurrent-cleanup-end, 0.0000518 secs]
Application time: 0.0212457 seconds
[GC pause (G1 Evacuation Pause) (young) 71M->41M(128M), 0.0186892 secs]
Application time: 0.0106700 seconds
[GC pause (G1 Evacuation Pause) (mixed) 46M->36M(128M), 0.0078664 secs]
Application time: 0.1147640 seconds
[GC pause (G1 Evacuation Pause) (young) 103M->35M(128M), 0.0027185 secs]
Application time: 0.1680733 seconds
[GC pause (G1 Evacuation Pause) (young) 104M->56M(128M), 0.0240956 secs]
Application time: 0.1096081 seconds
[GC pause (G1 Evacuation Pause) (young) 102M->58M(128M), 0.0256508 secs]
Application time: 0.0911805 seconds
[GC pause (G1 Evacuation Pause) (young) 104M->58M(128M), 0.0154953 secs]
Application time: 0.0802415 seconds
[GC pause (G1 Evacuation Pause) (young) 106M->64M(128M), 0.0114531 secs]
Application time: 0.1086031 seconds
[GC pause (G1 Evacuation Pause) (young) (initial-mark) 107M->74M(128M), 0.0218078 secs]
[GC concurrent-root-region-scan-start]
[GC concurrent-root-region-scan-end, 0.0113502 secs]
[GC concurrent-mark-start]
[GC concurrent-mark-end, 0.0760367 secs]
Application time: 0.0874669 seconds
[GC remark, 0.0079813 secs]
Application time: 0.0000601 seconds
[GC cleanup 91M->55M(128M), 0.0004178 secs]
[GC concurrent-cleanup-start]
[GC concurrent-cleanup-end, 0.0000568 secs]
Application time: 0.0537913 seconds
[GC pause (G1 Evacuation Pause) (young) 71M->42M(128M), 0.0258497 secs]
Application time: 0.0048809 seconds
[GC pause (G1 Evacuation Pause) (mixed) 44M->36M(128M), 0.0165677 secs]
Application time: 0.1248166 seconds
[GC pause (G1 Evacuation Pause) (young) 98M->36M(128M), 0.0069527 secs]
Application time: 0.1206891 seconds
[GC pause (G1 Evacuation Pause) (young) 101M->41M(128M), 0.0103703 secs]
Application time: 0.1506797 seconds
[GC pause (G1 Evacuation Pause) (young) 101M->52M(128M), 0.0263301 secs]
Application time: 0.1032085 seconds
[GC pause (G1 Evacuation Pause) (young) 101M->54M(128M), 0.0247387 secs]
Application time: 0.0885939 seconds
[GC pause (G1 Evacuation Pause) (young) 103M->59M(128M), 0.0181949 secs]
Application time: 0.1028850 seconds
[GC pause (G1 Evacuation Pause) (young) 105M->64M(128M), 0.0156264 secs]
Application time: 0.1007052 seconds
[GC pause (G1 Evacuation Pause) (young) (initial-mark) 107M->70M(128M), 0.0194739 secs]
[GC concurrent-root-region-scan-start]
[GC concurrent-root-region-scan-end, 0.0124773 secs]
[GC concurrent-mark-start]
[GC concurrent-mark-end, 0.0912858 secs]
Application time: 0.1038604 seconds
[GC remark, 0.0084482 secs]
Application time: 0.0000621 seconds
[GC cleanup 93M->65M(128M), 0.0004144 secs]
[GC concurrent-cleanup-start]
[GC concurrent-cleanup-end, 0.0000453 secs]
Application time: 0.0353729 seconds
[GC pause (G1 Evacuation Pause) (young) 78M->46M(128M), 0.0188459 secs]
Application time: 0.0051835 seconds
[GC pause (G1 Evacuation Pause) (mixed) 48M->36M(128M), 0.0125113 secs]
Application time: 0.1228737 seconds
[GC pause (G1 Evacuation Pause) (young) 103M->39M(128M), 0.0075109 secs]
Application time: 0.1359516 seconds
[GC pause (G1 Evacuation Pause) (young) 105M->50M(128M), 0.0196894 secs]
Application time: 0.1435253 seconds
[GC pause (G1 Evacuation Pause) (young) 104M->56M(128M), 0.0263614 secs]
Application time: 0.0978474 seconds
[GC pause (G1 Evacuation Pause) (young) 105M->57M(128M), 0.0208480 secs]
Application time: 0.0803154 seconds
[GC pause (G1 Evacuation Pause) (young) 107M->59M(128M), 0.0088350 secs]
Application time: 0.1244028 seconds
[GC pause (G1 Evacuation Pause) (young) 108M->71M(128M), 0.0212006 secs]
Application time: 0.0996790 seconds
[GC pause (G1 Evacuation Pause) (young) (initial-mark) 106M->75M(128M), 0.0238999 secs]
[GC concurrent-root-region-scan-start]
[GC concurrent-root-region-scan-end, 0.0066916 secs]
[GC concurrent-mark-start]
[GC concurrent-mark-end, 0.0868701 secs]
Application time: 0.0936671 seconds
[GC remark, 0.0083338 secs]
Application time: 0.0009872 seconds
[GC cleanup 98M->63M(128M), 0.0004391 secs]
[GC concurrent-cleanup-start]
[GC concurrent-cleanup-end, 0.0000621 secs]
Application time: 0.0193609 seconds
[GC pause (G1 Evacuation Pause) (young) 72M->41M(128M), 0.0170947 secs]
Application time: 0.0108347 seconds
[GC pause (G1 Evacuation Pause) (mixed) 46M->35M(128M), 0.0055496 secs]
Application time: 0.1185521 seconds
[GC pause (G1 Evacuation Pause) (young) 104M->34M(128M), 0.0022296 secs]
Application time: 0.1842021 seconds
[GC pause (G1 Evacuation Pause) (young) 105M->53M(128M), 0.0232959 secs]
Application time: 0.1146165 seconds
[GC pause (G1 Evacuation Pause) (young) 104M->54M(128M), 0.0240313 secs]
Application time: 0.0867888 seconds
[GC pause (G1 Evacuation Pause) (young) 105M->54M(128M), 0.0141332 secs]
Application time: 0.0994335 seconds
[GC pause (G1 Evacuation Pause) (young) 106M->62M(128M), 0.0123863 secs]
Application time: 0.1187844 seconds
[GC pause (G1 Evacuation Pause) (young) 107M->71M(128M), 0.0235318 secs]
Application time: 0.0820398 seconds
[GC pause (G1 Evacuation Pause) (young) (initial-mark) 107M->75M(128M), 0.0227637 secs]
[GC concurrent-root-region-scan-start]
[GC concurrent-root-region-scan-end, 0.0136259 secs]
[GC concurrent-mark-start]
Application time: 0.1154231 seconds
[GC pause (G1 Evacuation Pause) (young) 109M->76M(128M), 0.0115919 secs]
[GC concurrent-mark-end, 0.1150178 secs]
Application time: 0.0014725 seconds
[GC remark, 0.0068509 secs]
Application time: 0.0097295 seconds
[GC cleanup 82M->49M(128M), 0.0003759 secs]
[GC concurrent-cleanup-start]
[GC concurrent-cleanup-end, 0.0000511 secs]
Application time: 0.0427801 seconds
[GC pause (G1 Evacuation Pause) (young) 77M->43M(128M), 0.0042134 secs]
Application time: 0.0076709 seconds
[GC pause (G1 Evacuation Pause) (mixed) 48M->35M(128M), 0.0013245 secs]
Application time: 0.1407973 seconds
[GC pause (G1 Evacuation Pause) (young) 101M->51M(128M), 0.0198572 secs]
Application time: 0.1215837 seconds
[GC pause (G1 Evacuation Pause) (young) 102M->56M(128M), 0.0226139 secs]
Application time: 0.0887051 seconds
[GC pause (G1 Evacuation Pause) (young) 105M->57M(128M), 0.0161166 secs]
Application time: 0.0766140 seconds
[GC pause (G1 Evacuation Pause) (young) 106M->61M(128M), 0.0095808 secs]
Application time: 0.1075572 seconds
[GC pause (G1 Evacuation Pause) (young) 106M->72M(128M), 0.0200495 secs]
Application time: 0.0875048 seconds
[GC pause (G1 Evacuation Pause) (young) (initial-mark) 106M->75M(128M), 0.0198347 secs]
[GC concurrent-root-region-scan-start]
[GC concurrent-root-region-scan-end, 0.0042009 secs]
[GC concurrent-mark-start]
[GC concurrent-mark-end, 0.0924432 secs]
Application time: 0.0967441 seconds
[GC remark, 0.0075981 secs]
Application time: 0.0000406 seconds
[GC cleanup 101M->64M(128M), 0.0003338 secs]
[GC concurrent-cleanup-start]
[GC concurrent-cleanup-end, 0.0000442 secs]
Application time: 0.0111230 seconds
[GC pause (G1 Evacuation Pause) (young) 69M->39M(128M), 0.0137690 secs]
Application time: 0.0096382 seconds
[GC pause (G1 Evacuation Pause) (mixed) 44M->34M(128M), 0.0046599 secs]
Application time: 0.1074297 seconds
[GC pause (G1 Evacuation Pause) (young) 102M->33M(128M), 0.0016744 secs]
Application time: 0.1664224 seconds
[GC pause (G1 Evacuation Pause) (young) 103M->51M(128M), 0.0303837 secs]
Application time: 0.1294140 seconds
[GC pause (G1 Evacuation Pause) (young) 103M->54M(128M), 0.0262771 secs]
Application time: 0.0913068 seconds
[GC pause (G1 Evacuation Pause) (young) 105M->54M(128M), 0.0162252 secs]
Application time: 0.1025069 seconds
[GC pause (G1 Evacuation Pause) (young) 106M->61M(128M), 0.0166328 secs]
Application time: 0.1215968 seconds
[GC pause (G1 Evacuation Pause) (young) 107M->70M(128M), 0.0271610 secs]
Application time: 0.0827610 seconds
[GC pause (G1 Evacuation Pause) (young) (initial-mark) 107M->74M(128M), 0.0245754 secs]
[GC concurrent-root-region-scan-start]
[GC concurrent-root-region-scan-end, 0.0076295 secs]
[GC concurrent-mark-start]
[GC concurrent-mark-end, 0.1002206 secs]
Application time: 0.1079351 seconds
[GC remark, 0.0083057 secs]
Application time: 0.0000458 seconds
[GC cleanup 103M->72M(128M), 0.0004498 secs]
[GC concurrent-cleanup-start]
[GC concurrent-cleanup-end, 0.0000506 secs]
Application time: 0.0098532 seconds
[GC pause (G1 Evacuation Pause) (young) 78M->43M(128M), 0.0144436 secs]
Application time: 0.0091144 seconds
[GC pause (G1 Evacuation Pause) (mixed) 48M->34M(128M), 0.0048406 secs]
Application time: 0.1348545 seconds
[GC pause (G1 Evacuation Pause) (young) 104M->40M(128M), 0.0115381 secs]
Application time: 0.1588821 seconds
[GC pause (G1 Evacuation Pause) (young) 104M->52M(128M), 0.0255699 secs]
Application time: 0.1013255 seconds
[GC pause (G1 Evacuation Pause) (young) 104M->55M(128M), 0.0250518 secs]
Application time: 0.1019897 seconds
[GC pause (G1 Evacuation Pause) (young) 105M->60M(128M), 0.0212066 secs]
Application time: 0.0989749 seconds
[GC pause (G1 Evacuation Pause) (young) 106M->64M(128M), 0.0178319 secs]
Application time: 0.1121506 seconds
[GC pause (G1 Evacuation Pause) (young) (initial-mark) 106M->70M(128M), 0.0209829 secs]
[GC concurrent-root-region-scan-start]
[GC concurrent-root-region-scan-end, 0.0114670 secs]
[GC concurrent-mark-start]
[GC concurrent-mark-end, 0.0988091 secs]
Application time: 0.1103985 seconds
[GC remark, 0.0077045 secs]
Application time: 0.0000418 seconds
[GC cleanup 94M->61M(128M), 0.0003695 secs]
[GC concurrent-cleanup-start]
[GC concurrent-cleanup-end, 0.0000448 secs]
Application time: 0.0279651 seconds
[GC pause (G1 Evacuation Pause) (young) 74M->41M(128M), 0.0165708 secs]
Application time: 0.0042207 seconds
[GC pause (G1 Evacuation Pause) (mixed) 43M->36M(128M), 0.0118703 secs]
Application time: 0.1271602 seconds
[GC pause (G1 Evacuation Pause) (young) 104M->42M(128M), 0.0110027 secs]
Application time: 0.1353743 seconds
[GC pause (G1 Evacuation Pause) (young) 104M->51M(128M), 0.0189673 secs]
Application time: 0.1213739 seconds
[GC pause (G1 Evacuation Pause) (young) 104M->54M(128M), 0.0198907 secs]
Application time: 0.0891973 seconds
[GC pause (G1 Evacuation Pause) (young) 104M->54M(128M), 0.0119584 secs]
Application time: 0.1014147 seconds
[GC pause (G1 Evacuation Pause) (young) 106M->60M(128M), 0.0125796 secs]
Application time: 0.1090214 seconds
[GC pause (G1 Evacuation Pause) (young) 107M->69M(128M), 0.0207490 secs]
Application time: 0.0842531 seconds
[GC pause (G1 Evacuation Pause) (young) (initial-mark) 105M->72M(128M), 0.0204061 secs]
[GC concurrent-root-region-scan-start]
[GC concurrent-root-region-scan-end, 0.0069422 secs]
[GC concurrent-mark-start]
Application time: 0.1092300 seconds
[GC pause (G1 Evacuation Pause) (young) 106M->73M(128M), 0.0108596 secs]
[GC concurrent-mark-end, 0.1170265 secs]
Application time: 0.0037602 seconds
[GC remark, 0.0081028 secs]
Application time: 0.0077972 seconds
[GC cleanup 78M->48M(128M), 0.0003584 secs]
[GC concurrent-cleanup-start]
[GC concurrent-cleanup-end, 0.0000419 secs]
Application time: 0.0518333 seconds
[GC pause (G1 Evacuation Pause) (young) 78M->47M(128M), 0.0077729 secs]
Application time: 0.0022460 seconds
[GC pause (G1 Evacuation Pause) (mixed) 48M->39M(128M), 0.0081781 secs]
Application time: 0.1399599 seconds
[GC pause (G1 Evacuation Pause) (young) 107M->43M(128M), 0.0119602 secs]
Application time: 0.1327842 seconds
[GC pause (G1 Evacuation Pause) (young) 106M->51M(128M), 0.0175329 secs]
Application time: 0.1025533 seconds
[GC pause (G1 Evacuation Pause) (young) 105M->58M(128M), 0.0245823 secs]
Application time: 0.1051237 seconds
[GC pause (G1 Evacuation Pause) (young) 105M->62M(128M), 0.0230335 secs]
Application time: 0.0835914 seconds
[GC pause (G1 Evacuation Pause) (young) (initial-mark) 107M->62M(128M), 0.0112797 secs]
[GC concurrent-root-region-scan-start]
[GC concurrent-root-region-scan-end, 0.0019657 secs]
[GC concurrent-mark-start]
[GC concurrent-mark-end, 0.1232122 secs]
Application time: 0.1252251 seconds
[GC remark, 0.0082913 secs]
Application time: 0.0000426 seconds
[GC cleanup 99M->81M(128M), 0.0003877 secs]
[GC concurrent-cleanup-start]
[GC concurrent-cleanup-end, 0.0000298 secs]
Application time: 0.0231845 seconds
[GC pause (G1 Evacuation Pause) (young) 89M->50M(128M), 0.0136813 secs]
Application time: 0.0032058 seconds
[GC pause (G1 Evacuation Pause) (mixed) 51M->40M(128M), 0.0169078 secs]
Application time: 0.0109352 seconds
[GC pause (G1 Evacuation Pause) (mixed) 45M->39M(128M), 0.0109120 secs]
Application time: 0.1397021 seconds
[GC pause (G1 Evacuation Pause) (young) 101M->48M(128M), 0.0126700 secs]
Application time: 0.1185627 seconds
[GC pause (G1 Evacuation Pause) (young) 103M->52M(128M), 0.0143737 secs]
Application time: 0.1011813 seconds
[GC pause (G1 Evacuation Pause) (young) 105M->57M(128M), 0.0191715 secs]
Application time: 0.0959649 seconds
[GC pause (G1 Evacuation Pause) (young) 105M->61M(128M), 0.0148996 secs]
Application time: 0.0998016 seconds
[GC pause (G1 Evacuation Pause) (young) (initial-mark) 106M->67M(128M), 0.0199947 secs]
[GC concurrent-root-region-scan-start]
[GC concurrent-root-region-scan-end, 0.0091626 secs]
[GC concurrent-mark-start]
[GC concurrent-mark-end, 0.0397810 secs]
Application time: 0.0490284 seconds
[GC remark, 0.0081943 secs]
Application time: 0.0000521 seconds
[GC cleanup 75M->49M(128M), 0.0004378 secs]
[GC concurrent-cleanup-start]
[GC concurrent-cleanup-end, 0.0000343 secs]
Application time: 0.0695369 seconds
[GC pause (G1 Evacuation Pause) (young) 80M->44M(128M), 0.0147430 secs]
Application time: 0.0041830 seconds
[GC pause (G1 Evacuation Pause) (mixed) 46M->36M(128M), 0.0109178 secs]
Application time: 0.1344176 seconds
[GC pause (G1 Evacuation Pause) (young) 105M->42M(128M), 0.0105710 secs]
Application time: 0.1151425 seconds
[GC pause (G1 Evacuation Pause) (young) 105M->46M(128M), 0.0128565 secs]
Application time: 0.1271703 seconds
[GC pause (G1 Evacuation Pause) (young) 105M->54M(128M), 0.0201782 secs]
Application time: 0.1093838 seconds
[GC pause (G1 Evacuation Pause) (young) 106M->63M(128M), 0.0227987 secs]
Application time: 0.0975369 seconds
[GC pause (G1 Evacuation Pause) (young) 106M->66M(128M), 0.0222132 secs]
Application time: 0.0729304 seconds
[GC pause (G1 Evacuation Pause) (young) (initial-mark) 106M->66M(128M), 0.0117263 secs]
[GC concurrent-root-region-scan-start]
[GC concurrent-root-region-scan-end, 0.0022803 secs]
[GC concurrent-mark-start]
[GC concurrent-mark-end, 0.0984625 secs]
Application time: 0.1008181 seconds
[GC remark, 0.0076717 secs]
Application time: 0.0000484 seconds
[GC cleanup 93M->69M(128M), 0.0003359 secs]
[GC concurrent-cleanup-start]
[GC concurrent-cleanup-end, 0.0000350 secs]
Application time: 0.0364480 seconds
[GC pause (G1 Evacuation Pause) (young) 84M->49M(128M), 0.0128562 secs]
Application time: 0.0018708 seconds
[GC pause (G1 Evacuation Pause) (mixed) 50M->41M(128M), 0.0119336 secs]
Application time: 0.1250624 seconds
[GC pause (G1 Evacuation Pause) (young) 105M->50M(128M), 0.0187681 secs]
Application time: 0.1185107 seconds
[GC pause (G1 Evacuation Pause) (young) 105M->54M(128M), 0.0153025 secs]
Application time: 0.0905134 seconds
[GC pause (G1 Evacuation Pause) (young) 106M->55M(128M), 0.0143204 secs]
Application time: 0.1082890 seconds
[GC pause (G1 Evacuation Pause) (young) 106M->61M(128M), 0.0136030 secs]
Application time: 0.1023450 seconds
[GC pause (G1 Evacuation Pause) (young) 107M->69M(128M), 0.0225476 secs]
Application time: 0.0818929 seconds
[GC pause (G1 Evacuation Pause) (young) (initial-mark) 106M->73M(128M), 0.0203386 secs]
[GC concurrent-root-region-scan-start]
[GC concurrent-root-region-scan-end, 0.0056099 secs]
[GC concurrent-mark-start]
[GC concurrent-mark-end, 0.0965747 secs]
Application time: 0.1022705 seconds
[GC remark, 0.0079729 secs]
Application time: 0.0000553 seconds
[GC cleanup 102M->68M(128M), 0.0003382 secs]
[GC concurrent-cleanup-start]
[GC concurrent-cleanup-end, 0.0000429 secs]
Application time: 0.0102590 seconds
[GC pause (G1 Evacuation Pause) (young) 73M->39M(128M), 0.0114761 secs]
Application time: 0.0088863 seconds
[GC pause (G1 Evacuation Pause) (mixed) 44M->34M(128M), 0.0032654 secs]
Application time: 0.1262952 seconds
[GC pause (G1 Evacuation Pause) (young) 103M->40M(128M), 0.0092376 secs]
Application time: 0.1522373 seconds
[GC pause (G1 Evacuation Pause) (young) 103M->51M(128M), 0.0210290 secs]
Application time: 0.0996104 seconds
[GC pause (G1 Evacuation Pause) (young) 102M->53M(128M), 0.0197051 secs]
Application time: 0.0855486 seconds
[GC pause (G1 Evacuation Pause) (young) 106M->53M(128M), 0.0095764 secs]
Application time: 0.1152219 seconds
[GC pause (G1 Evacuation Pause) (young) 107M->67M(128M), 0.0164531 secs]
Application time: 0.1011546 seconds
[GC pause (G1 Evacuation Pause) (young) (initial-mark) 107M->72M(128M), 0.0239167 secs]
[GC concurrent-root-region-scan-start]
[GC concurrent-root-region-scan-end, 0.0157096 secs]
[GC concurrent-mark-start]
[GC concurrent-mark-end, 0.0782086 secs]
Application time: 0.0939962 seconds
[GC remark, 0.0077530 secs]
Application time: 0.0000471 seconds
[GC cleanup 97M->65M(128M), 0.0003416 secs]
[GC concurrent-cleanup-start]
[GC concurrent-cleanup-end, 0.0000396 secs]
Application time: 0.0211671 seconds
[GC pause (G1 Evacuation Pause) (young) 75M->41M(128M), 0.0163839 secs]
Application time: 0.0100057 seconds
[GC pause (G1 Evacuation Pause) (mixed) 46M->34M(128M), 0.0066653 secs]
Application time: 0.1147842 seconds
[GC pause (G1 Evacuation Pause) (young) 105M->34M(128M), 0.0018088 secs]
Application time: 0.1766695 seconds
[GC pause (G1 Evacuation Pause) (young) 107M->53M(128M), 0.0214068 secs]
Application time: 0.1053664 seconds
[GC pause (G1 Evacuation Pause) (young) 104M->54M(128M), 0.0205566 secs]
Application time: 0.0773899 seconds
[GC pause (G1 Evacuation Pause) (young) 107M->54M(128M), 0.0102405 secs]
Application time: 0.0863111 seconds
[GC pause (G1 Evacuation Pause) (young) 108M->67M(128M), 0.0138395 secs]
Application time: 0.0900942 seconds
[GC pause (G1 Evacuation Pause) (young) (initial-mark) 106M->72M(128M), 0.0188758 secs]
[GC concurrent-root-region-scan-start]
[GC concurrent-root-region-scan-end, 0.0141049 secs]
[GC concurrent-mark-start]
[GC concurrent-mark-end, 0.0723733 secs]
Application time: 0.0865681 seconds
[GC remark, 0.0075777 secs]
Application time: 0.0000551 seconds
[GC cleanup 97M->61M(128M), 0.0003459 secs]
[GC concurrent-cleanup-start]
[GC concurrent-cleanup-end, 0.0000473 secs]
Application time: 0.0150285 seconds
[GC pause (G1 Evacuation Pause) (young) 70M->37M(128M), 0.0137007 secs]
Application time: 0.0088296 seconds
[GC pause (G1 Evacuation Pause) (mixed) 42M->34M(128M), 0.0069481 secs]
Application time: 0.1272713 seconds
[GC pause (G1 Evacuation Pause) (young) 106M->38M(128M), 0.0045806 secs]
Application time: 0.1528995 seconds
[GC pause (G1 Evacuation Pause) (young) 106M->49M(128M), 0.0200371 secs]
Application time: 0.1220773 seconds
[GC pause (G1 Evacuation Pause) (young) 104M->53M(128M), 0.0240104 secs]
Application time: 0.0868797 seconds
[GC pause (G1 Evacuation Pause) (young) 106M->53M(128M), 0.0165146 secs]
Application time: 0.0838264 seconds
[GC pause (G1 Evacuation Pause) (young) 107M->62M(128M), 0.0152749 secs]
Application time: 0.1257319 seconds
[GC pause (G1 Evacuation Pause) (young) 105M->67M(128M), 0.0193363 secs]
Application time: 0.0850002 seconds
[GC pause (G1 Evacuation Pause) (young) (initial-mark) 106M->69M(128M), 0.0178984 secs]
[GC concurrent-root-region-scan-start]
[GC concurrent-root-region-scan-end, 0.0090895 secs]
[GC concurrent-mark-start]
Application time: 0.1143940 seconds
[GC pause (G1 Evacuation Pause) (young) 107M->69M(128M), 0.0101720 secs]
[GC concurrent-mark-end, 0.1272664 secs]
Application time: 0.0116907 seconds
[GC remark, 0.0081612 secs]
Application time: 0.0006918 seconds
[GC cleanup 74M->43M(128M), 0.0004068 secs]
[GC concurrent-cleanup-start]
[GC concurrent-cleanup-end, 0.0000399 secs]
Application time: 0.0548731 seconds
[GC pause (G1 Evacuation Pause) (young) 77M->43M(128M), 0.0075478 secs]
Application time: 0.0044493 seconds
[GC pause (G1 Evacuation Pause) (mixed) 44M->40M(128M), 0.0078844 secs]
Application time: 0.1259316 seconds
[GC pause (G1 Evacuation Pause) (young) 101M->49M(128M), 0.0170598 secs]
Application time: 0.1234589 seconds
[GC pause (G1 Evacuation Pause) (young) 103M->53M(128M), 0.0161700 secs]
Application time: 0.0856775 seconds
[GC pause (G1 Evacuation Pause) (young) 104M->53M(128M), 0.0138077 secs]
Application time: 0.0781834 seconds
[GC pause (G1 Evacuation Pause) (young) 106M->57M(128M), 0.0082144 secs]
Application time: 0.1235443 seconds
[GC pause (G1 Evacuation Pause) (young) 107M->69M(128M), 0.0208646 secs]
Application time: 0.0860115 seconds
[GC pause (G1 Evacuation Pause) (young) (initial-mark) 106M->72M(128M), 0.0217751 secs]
[GC concurrent-root-region-scan-start]
[GC concurrent-root-region-scan-end, 0.0099378 secs]
[GC concurrent-mark-start]
Application time: 0.1111783 seconds
[GC pause (G1 Evacuation Pause) (young) 108M->72M(128M), 0.0147083 secs]
[GC concurrent-mark-end, 0.1382397 secs]
Application time: 0.0194117 seconds
[GC remark, 0.0089488 secs]
Application time: 0.0001238 seconds
[GC cleanup 79M->48M(128M), 0.0005316 secs]
[GC concurrent-cleanup-start]
[GC concurrent-cleanup-end, 0.0000482 secs]
Application time: 0.0470653 seconds
[GC pause (G1 Evacuation Pause) (young) 78M->41M(128M), 0.0040122 secs]
Application time: 0.0049135 seconds
[GC pause (G1 Evacuation Pause) (mixed) 44M->35M(128M), 0.0049170 secs]
Application time: 0.1354076 seconds
[GC pause (G1 Evacuation Pause) (young) 103M->51M(128M), 0.0227275 secs]
Application time: 0.1234873 seconds
[GC pause (G1 Evacuation Pause) (young) 103M->55M(128M), 0.0238058 secs]
Application time: 0.0840761 seconds
[GC pause (G1 Evacuation Pause) (young) 104M->57M(128M), 0.0169986 secs]
Application time: 0.0699189 seconds
[GC pause (G1 Evacuation Pause) (young) 106M->56M(128M), 0.0054540 secs]
Application time: 0.1223966 seconds
[GC pause (G1 Evacuation Pause) (young) 107M->72M(128M), 0.0193545 secs]
Application time: 0.0893446 seconds
[GC pause (G1 Evacuation Pause) (young) (initial-mark) 107M->76M(128M), 0.0220960 secs]
[GC concurrent-root-region-scan-start]
[GC concurrent-root-region-scan-end, 0.0087069 secs]
[GC concurrent-mark-start]
Application time: 0.1057790 seconds
[GC concurrent-mark-end, 0.0970714 secs]
[GC pause (G1 Evacuation Pause) (young) 108M->77M(128M), 0.0141116 secs]
Application time: 0.0032430 seconds
[GC remark, 0.0075522 secs]
Application time: 0.0047274 seconds
[GC cleanup 82M->43M(128M), 0.0003313 secs]
[GC concurrent-cleanup-start]
[GC concurrent-cleanup-end, 0.0000442 secs]
Application time: 0.0422712 seconds
[GC pause (G1 Evacuation Pause) (young) 70M->38M(128M), 0.0054447 secs]
Application time: 0.0134473 seconds
[GC pause (G1 Evacuation Pause) (mixed) 43M->33M(128M), 0.0010812 secs]
Application time: 0.1149790 seconds
[GC pause (G1 Evacuation Pause) (young) 97M->41M(128M), 0.0107860 secs]
Application time: 0.1260044 seconds
[GC pause (G1 Evacuation Pause) (young) 100M->49M(128M), 0.0188337 secs]
Application time: 0.0954101 seconds
[GC pause (G1 Evacuation Pause) (young) 103M->52M(128M), 0.0187450 secs]
Application time: 0.1044368 seconds
[GC pause (G1 Evacuation Pause) (young) 105M->58M(128M), 0.0181748 secs]
Application time: 0.0889785 seconds
[GC pause (G1 Evacuation Pause) (young) 106M->61M(128M), 0.0133248 secs]
Application time: 0.0919699 seconds
[GC pause (G1 Evacuation Pause) (young) (initial-mark) 107M->67M(128M), 0.0178678 secs]
[GC concurrent-root-region-scan-start]
[GC concurrent-root-region-scan-end, 0.0115045 secs]
[GC concurrent-mark-start]
[GC concurrent-mark-end, 0.0944586 secs]
Application time: 0.1060774 seconds
[GC remark, 0.0075934 secs]
Application time: 0.0026929 seconds
[GC cleanup 105M->75M(128M), 0.0004732 secs]
[GC concurrent-cleanup-start]
[GC concurrent-cleanup-end, 0.0000442 secs]
Application time: 0.0028059 seconds
[GC pause (G1 Evacuation Pause) (young) 77M->41M(128M), 0.0130964 secs]
Application time: 0.0036939 seconds
[GC pause (G1 Evacuation Pause) (mixed) 43M->38M(128M), 0.0123841 secs]
Application time: 0.1501344 seconds
[GC pause (G1 Evacuation Pause) (young) 103M->46M(128M), 0.0142687 secs]
Application time: 0.0976736 seconds
[GC pause (G1 Evacuation Pause) (young) 104M->47M(128M), 0.0132136 secs]
Application time: 0.0845768 seconds
[GC pause (G1 Evacuation Pause) (young) 106M->55M(128M), 0.0196950 secs]
Application time: 0.1328127 seconds
[GC pause (G1 Evacuation Pause) (young) 106M->64M(128M), 0.0206855 secs]
Application time: 0.0839614 seconds
[GC pause (G1 Evacuation Pause) (young) 106M->65M(128M), 0.0180848 secs]
Application time: 0.0674204 seconds
[GC pause (G1 Evacuation Pause) (young) (initial-mark) 107M->66M(128M), 0.0109148 secs]
[GC concurrent-root-region-scan-start]
[GC concurrent-root-region-scan-end, 0.0046296 secs]
[GC concurrent-mark-start]
Application time: 0.1170299 seconds
[GC pause (G1 Evacuation Pause) (young) 109M->72M(128M), 0.0081452 secs]
[GC concurrent-mark-end, 0.1232908 secs]
Application time: 0.0026106 seconds
[GC remark, 0.0075808 secs]
Application time: 0.0089573 seconds
[GC cleanup 77M->49M(128M), 0.0003072 secs]
[GC concurrent-cleanup-start]
[GC concurrent-cleanup-end, 0.0000352 secs]
Application time: 0.0653618 seconds
[GC pause (G1 Evacuation Pause) (young) 80M->53M(128M), 0.0154403 secs]
Application time: 0.0013014 seconds
[GC pause (G1 Evacuation Pause) (mixed) 54M->50M(128M), 0.0127899 secs]
Application time: 0.1217961 seconds
[GC pause (G1 Evacuation Pause) (young) 105M->56M(128M), 0.0121605 secs]
Application time: 0.0943763 seconds
[GC pause (G1 Evacuation Pause) (young) 106M->57M(128M), 0.0194387 secs]
Application time: 0.0999169 seconds
[GC pause (G1 Evacuation Pause) (young) 107M->63M(128M), 0.0157362 secs]
Application time: 0.1070563 seconds
[GC pause (G1 Evacuation Pause) (young) 107M->69M(128M), 0.0167288 secs]
Application time: 0.0888529 seconds
[GC pause (G1 Evacuation Pause) (young) (initial-mark) 107M->73M(128M), 0.0175934 secs]
[GC concurrent-root-region-scan-start]
[GC concurrent-root-region-scan-end, 0.0067043 secs]
[GC concurrent-mark-start]
[GC concurrent-mark-end, 0.0393172 secs]
Application time: 0.0460965 seconds
[GC remark, 0.0077665 secs]
Application time: 0.0000475 seconds
[GC cleanup 80M->46M(128M), 0.0003222 secs]
[GC concurrent-cleanup-start]
[GC concurrent-cleanup-end, 0.0000410 secs]
Application time: 0.0541004 seconds
[GC pause (G1 Evacuation Pause) (young) 74M->42M(128M), 0.0112204 secs]
Application time: 0.0039330 seconds
[GC pause (G1 Evacuation Pause) (mixed) 44M->36M(128M), 0.0084468 secs]
Application time: 0.1121911 seconds
[GC pause (G1 Evacuation Pause) (young) 102M->43M(128M), 0.0100919 secs]
Application time: 0.1211899 seconds
[GC pause (G1 Evacuation Pause) (young) 104M->53M(128M), 0.0185578 secs]
Application time: 0.1126864 seconds
[GC pause (G1 Evacuation Pause) (young) 104M->57M(128M), 0.0208949 secs]
Application time: 0.0808014 seconds
[GC pause (G1 Evacuation Pause) (young) 105M->57M(128M), 0.0118055 secs]
Application time: 0.0707638 seconds
[GC pause (G1 Evacuation Pause) (young) 107M->60M(128M), 0.0068870 secs]
Application time: 0.1085947 seconds
[GC pause (G1 Evacuation Pause) (young) 107M->69M(128M), 0.0181303 secs]
Application time: 0.0849035 seconds
[GC pause (G1 Evacuation Pause) (young) (initial-mark) 105M->74M(128M), 0.0231747 secs]
[GC concurrent-root-region-scan-start]
[GC concurrent-root-region-scan-end, 0.0161346 secs]
[GC concurrent-mark-start]
[GC concurrent-mark-end, 0.0794842 secs]
Application time: 0.0958423 seconds
[GC remark, 0.0070536 secs]
Application time: 0.0000468 seconds
[GC cleanup 101M->67M(128M), 0.0003279 secs]
[GC concurrent-cleanup-start]
[GC concurrent-cleanup-end, 0.0000429 secs]
Application time: 0.0161955 seconds
[GC pause (G1 Evacuation Pause) (young) 73M->41M(128M), 0.0165274 secs]
Application time: 0.0098389 seconds
[GC pause (G1 Evacuation Pause) (mixed) 46M->35M(128M), 0.0048099 secs]
Application time: 0.1255737 seconds
[GC pause (G1 Evacuation Pause) (young) 103M->34M(128M), 0.0016125 secs]
Application time: 0.1663527 seconds
[GC pause (G1 Evacuation Pause) (young) 104M->52M(128M), 0.0300317 secs]
Application time: 0.1202307 seconds
[GC pause (G1 Evacuation Pause) (young) 103M->54M(128M), 0.0236769 secs]
Application time: 0.0884566 seconds
[GC pause (G1 Evacuation Pause) (young) 106M->54M(128M), 0.0149033 secs]
Application time: 0.0980574 seconds
[GC pause (G1 Evacuation Pause) (young) 107M->68M(128M), 0.0187985 secs]
Application time: 0.1066298 seconds
[GC pause (G1 Evacuation Pause) (young) (initial-mark) 106M->72M(128M), 0.0235838 secs]
[GC concurrent-root-region-scan-start]
[GC concurrent-root-region-scan-end, 0.0162112 secs]
[GC concurrent-mark-start]
[GC concurrent-mark-end, 0.0812887 secs]
Application time: 0.0976138 seconds
[GC remark, 0.0084828 secs]
Application time: 0.0000413 seconds
[GC cleanup 95M->59M(128M), 0.0004232 secs]
[GC concurrent-cleanup-start]
[GC concurrent-cleanup-end, 0.0000512 secs]
Application time: 0.0241437 seconds
[GC pause (G1 Evacuation Pause) (young) 70M->37M(128M), 0.0180031 secs]
Application time: 0.0074073 seconds
[GC pause (G1 Evacuation Pause) (mixed) 40M->34M(128M), 0.0093142 secs]
Application time: 0.1212662 seconds
[GC pause (G1 Evacuation Pause) (young) 103M->37M(128M), 0.0051562 secs]
Application time: 0.1462308 seconds
[GC pause (G1 Evacuation Pause) (young) 105M->48M(128M), 0.0222676 secs]
Application time: 0.1388568 seconds
[GC pause (G1 Evacuation Pause) (young) 104M->52M(128M), 0.0247917 secs]
Application time: 0.0989713 seconds
[GC pause (G1 Evacuation Pause) (young) 106M->52M(128M), 0.0168118 secs]
Application time: 0.1073950 seconds
[GC pause (G1 Evacuation Pause) (young) 107M->58M(128M), 0.0172566 secs]
Application time: 0.1068864 seconds
[GC pause (G1 Evacuation Pause) (young) 106M->67M(128M), 0.0233886 secs]
Application time: 0.0910445 seconds
[GC pause (G1 Evacuation Pause) (young) (initial-mark) 107M->70M(128M), 0.0267554 secs]
[GC concurrent-root-region-scan-start]
[GC concurrent-root-region-scan-end, 0.0026941 secs]
[GC concurrent-mark-start]
[GC concurrent-mark-end, 0.1091413 secs]
Application time: 0.1119313 seconds
[GC remark, 0.0089197 secs]
Application time: 0.0000427 seconds
[GC cleanup 104M->72M(128M), 0.0004447 secs]
[GC concurrent-cleanup-start]
[GC concurrent-cleanup-end, 0.0000483 secs]
Application time: 0.0069430 seconds
[GC pause (G1 Evacuation Pause) (young) 75M->38M(128M), 0.0134767 secs]
Application time: 0.0041837 seconds
[GC pause (G1 Evacuation Pause) (mixed) 40M->33M(128M), 0.0053931 secs]
Application time: 0.1510176 seconds
[GC pause (G1 Evacuation Pause) (young) 105M->44M(128M), 0.0166844 secs]
Application time: 0.1194119 seconds
[GC pause (G1 Evacuation Pause) (young) 104M->48M(128M), 0.0205048 secs]
Application time: 0.1152277 seconds
[GC pause (G1 Evacuation Pause) (young) 105M->52M(128M), 0.0224222 secs]
Application time: 0.1279437 seconds
[GC pause (G1 Evacuation Pause) (young) 107M->60M(128M), 0.0227960 secs]
Application time: 0.0876579 seconds
[GC pause (G1 Evacuation Pause) (young) 106M->63M(128M), 0.0170072 secs]
Application time: 0.0867934 seconds
[GC pause (G1 Evacuation Pause) (young) (initial-mark) 108M->68M(128M), 0.0195347 secs]
[GC concurrent-root-region-scan-start]
[GC concurrent-root-region-scan-end, 0.0074738 secs]
[GC concurrent-mark-start]
[GC concurrent-mark-end, 0.1058296 secs]
Application time: 0.1134192 seconds
[GC remark, 0.0086410 secs]
Application time: 0.0000491 seconds
[GC cleanup 101M->73M(128M), 0.0004162 secs]
[GC concurrent-cleanup-start]
[GC concurrent-cleanup-end, 0.0000463 secs]
Application time: 0.0151169 seconds
[GC pause (G1 Evacuation Pause) (young) 80M->44M(128M), 0.0137800 secs]
Application time: 0.0034747 seconds
[GC pause (G1 Evacuation Pause) (mixed) 46M->38M(128M), 0.0126360 secs]
Application time: 0.1627084 seconds
[GC pause (G1 Evacuation Pause) (young) 103M->45M(128M), 0.0147202 secs]
Application time: 0.1053975 seconds
[GC pause (G1 Evacuation Pause) (young) 103M->47M(128M), 0.0133198 secs]
Application time: 0.1093449 seconds
[GC pause (G1 Evacuation Pause) (young) 106M->53M(128M), 0.0205814 secs]
Application time: 0.1383277 seconds
[GC pause (G1 Evacuation Pause) (young) 106M->64M(128M), 0.0270523 secs]
Application time: 0.0922059 seconds
[GC pause (G1 Evacuation Pause) (young) 106M->66M(128M), 0.0262481 secs]
Application time: 0.0699239 seconds
[GC pause (G1 Evacuation Pause) (young) (initial-mark) 106M->66M(128M), 0.0136248 secs]
[GC concurrent-root-region-scan-start]
[GC concurrent-root-region-scan-end, 0.0046018 secs]
[GC concurrent-mark-start]
[GC concurrent-mark-end, 0.1152162 secs]
Application time: 0.1199228 seconds
[GC remark, 0.0087503 secs]
Application time: 0.0000423 seconds
[GC cleanup 108M->80M(128M), 0.0004522 secs]
[GC concurrent-cleanup-start]
[GC concurrent-cleanup-end, 0.0000418 secs]
Application time: 0.0017868 seconds
[GC pause (G1 Evacuation Pause) (young) 81M->39M(128M), 0.0038479 secs]
Application time: 0.0046396 seconds
[GC pause (G1 Evacuation Pause) (mixed) 42M->35M(128M), 0.0052900 secs]
Application time: 0.1813781 seconds
[GC pause (G1 Evacuation Pause) (young) 105M->52M(128M), 0.0265785 secs]
Application time: 0.1121660 seconds
[GC pause (G1 Evacuation Pause) (young) 105M->51M(128M), 0.0228395 secs]
Application time: 0.0898992 seconds
[GC pause (G1 Evacuation Pause) (young) 107M->51M(128M), 0.0116439 secs]
Application time: 0.1265390 seconds
[GC pause (G1 Evacuation Pause) (young) 108M->65M(128M), 0.0195458 secs]
Application time: 0.1076385 seconds
[GC pause (G1 Evacuation Pause) (young) (initial-mark) 106M->70M(128M), 0.0295001 secs]
[GC concurrent-root-region-scan-start]
[GC concurrent-root-region-scan-end, 0.0056400 secs]
[GC concurrent-mark-start]
[GC concurrent-mark-end, 0.1012843 secs]
Application time: 0.1070267 seconds
[GC remark, 0.0086218 secs]
Application time: 0.0000478 seconds
[GC cleanup 98M->67M(128M), 0.0004234 secs]
[GC concurrent-cleanup-start]
[GC concurrent-cleanup-end, 0.0000462 secs]
Application time: 0.0155975 seconds
[GC pause (G1 Evacuation Pause) (young) 76M->40M(128M), 0.0186632 secs]
Application time: 0.0088256 seconds
[GC pause (G1 Evacuation Pause) (mixed) 45M->35M(128M), 0.0065690 secs]
Application time: 0.1124592 seconds
[GC pause (G1 Evacuation Pause) (young) 103M->40M(128M), 0.0095051 secs]
Application time: 0.1460105 seconds
[GC pause (G1 Evacuation Pause) (young) 102M->50M(128M), 0.0218558 secs]
Application time: 0.1175233 seconds
[GC pause (G1 Evacuation Pause) (young) 103M->54M(128M), 0.0281277 secs]
Application time: 0.0887112 seconds
[GC pause (G1 Evacuation Pause) (young) 105M->56M(128M), 0.0180517 secs]
Application time: 0.1006295 seconds
[GC pause (G1 Evacuation Pause) (young) 106M->61M(128M), 0.0169496 secs]
Application time: 0.1067175 seconds
[GC pause (G1 Evacuation Pause) (young) 107M->69M(128M), 0.0260116 secs]
Application time: 0.0829157 seconds
[GC pause (G1 Evacuation Pause) (young) (initial-mark) 106M->73M(128M), 0.0253532 secs]
[GC concurrent-root-region-scan-start]
[GC concurrent-root-region-scan-end, 0.0047713 secs]
[GC concurrent-mark-start]
Application time: 0.1093033 seconds
[GC pause (G1 Evacuation Pause) (young) 106M->74M(128M), 0.0135927 secs]
[GC concurrent-mark-end, 0.1264479 secs]
Application time: 0.0082329 seconds
[GC remark, 0.0086133 secs]
Application time: 0.0017423 seconds
[GC cleanup 76M->39M(128M), 0.0004186 secs]
[GC concurrent-cleanup-start]
[GC concurrent-cleanup-end, 0.0000527 secs]
Application time: 0.0686005 seconds
[GC pause (G1 Evacuation Pause) (young) 71M->42M(128M), 0.0116195 secs]
Application time: 0.0026954 seconds
[GC pause (G1 Evacuation Pause) (mixed) 43M->41M(128M), 0.0093212 secs]
Application time: 0.1260487 seconds
[GC pause (G1 Evacuation Pause) (young) 104M->43M(128M), 0.0106594 secs]
Application time: 0.1290625 seconds
[GC pause (G1 Evacuation Pause) (young) 105M->50M(128M), 0.0163246 secs]
Application time: 0.1167307 seconds
[GC pause (G1 Evacuation Pause) (young) 105M->59M(128M), 0.0262835 secs]
Application time: 0.1044632 seconds
[GC pause (G1 Evacuation Pause) (young) 106M->63M(128M), 0.0253116 secs]
Application time: 0.0780174 seconds
[GC pause (G1 Evacuation Pause) (young) (initial-mark) 107M->63M(128M), 0.0132225 secs]
[GC concurrent-root-region-scan-start]
[GC concurrent-root-region-scan-end, 0.0041858 secs]
[GC concurrent-mark-start]
[GC concurrent-mark-end, 0.1244510 secs]
Application time: 0.1287262 seconds
[GC remark, 0.0086296 secs]
Application time: 0.0000515 seconds
[GC cleanup 105M->80M(128M), 0.0004207 secs]
[GC concurrent-cleanup-start]
[GC concurrent-cleanup-end, 0.0000391 secs]
Application time: 0.0065037 seconds
[GC pause (G1 Evacuation Pause) (young) 83M->44M(128M), 0.0127816 secs]
Application time: 0.0027252 seconds
[GC pause (G1 Evacuation Pause) (mixed) 45M->40M(128M), 0.0143276 secs]
Application time: 0.1607133 seconds
[GC pause (G1 Evacuation Pause) (young) 105M->51M(128M), 0.0268948 secs]
Application time: 0.1159547 seconds
[GC pause (G1 Evacuation Pause) (young) 104M->52M(128M), 0.0167888 secs]
Application time: 0.0841009 seconds
[GC pause (G1 Evacuation Pause) (young) 104M->52M(128M), 0.0132222 secs]
Application time: 0.1009056 seconds
[GC pause (G1 Evacuation Pause) (young) 106M->64M(128M), 0.0196872 secs]
Application time: 0.1166271 seconds
[GC pause (G1 Evacuation Pause) (young) 105M->69M(128M), 0.0243812 secs]
Application time: 0.0812910 seconds
[GC pause (G1 Evacuation Pause) (young) (initial-mark) 105M->70M(128M), 0.0202806 secs]
[GC concurrent-root-region-scan-start]
[GC concurrent-root-region-scan-end, 0.0081712 secs]
[GC concurrent-mark-start]
Application time: 0.1279479 seconds
[GC pause (G1 Evacuation Pause) (young) 107M->70M(128M), 0.0079005 secs]
[GC concurrent-mark-end, 0.1307835 secs]
Application time: 0.0008206 seconds
[GC remark, 0.0095852 secs]
Application time: 0.0087488 seconds
[GC cleanup 76M->47M(128M), 0.0004793 secs]
[GC concurrent-cleanup-start]
[GC concurrent-cleanup-end, 0.0000505 secs]
Application time: 0.0493743 seconds
[GC pause (G1 Evacuation Pause) (young) 79M->41M(128M), 0.0021129 secs]
Application time: 0.0086436 seconds
[GC pause (G1 Evacuation Pause) (mixed) 46M->32M(128M), 0.0022278 secs]
Application time: 0.1770753 seconds
[GC pause (G1 Evacuation Pause) (young) 106M->48M(128M), 0.0230113 secs]
Application time: 0.1218934 seconds
[GC pause (G1 Evacuation Pause) (young) 103M->52M(128M), 0.0262027 secs]
Application time: 0.0878175 seconds
[GC pause (G1 Evacuation Pause) (young) 106M->52M(128M), 0.0200758 secs]
Application time: 0.1079532 seconds
[GC pause (G1 Evacuation Pause) (young) 107M->64M(128M), 0.0208276 secs]
Application time: 0.1126057 seconds
[GC pause (G1 Evacuation Pause) (young) 106M->70M(128M), 0.0260591 secs]
Application time: 0.0835259 seconds
[GC pause (G1 Evacuation Pause) (young) (initial-mark) 108M->71M(128M), 0.0206501 secs]
[GC concurrent-root-region-scan-start]
[GC concurrent-root-region-scan-end, 0.0089581 secs]
[GC concurrent-mark-start]
Application time: 0.1174924 seconds
[GC pause (G1 Evacuation Pause) (young) 108M->71M(128M), 0.0094864 secs]
[GC concurrent-mark-end, 0.1294873 secs]
Application time: 0.0113376 seconds
[GC remark, 0.0088267 secs]
Application time: 0.0000411 seconds
[GC cleanup 76M->44M(128M), 0.0009156 secs]
[GC concurrent-cleanup-start]
[GC concurrent-cleanup-end, 0.0000439 secs]
Application time: 0.0711152 seconds
[GC pause (G1 Evacuation Pause) (young) 77M->46M(128M), 0.0143910 secs]
Application time: 0.0066449 seconds
[GC pause (G1 Evacuation Pause) (mixed) 47M->41M(128M), 0.0137410 secs]
Application time: 0.1638650 seconds
[GC pause (G1 Evacuation Pause) (young) 103M->43M(128M), 0.0145654 secs]
Warmup (60s) ends:   Wed May 16 02:24:32 GMT 2018
Warmup (60s) result: 212.27 ops/m

Iteration 1 (120s) begins: Wed May 16 02:24:32 GMT 2018
Application time: 0.1583742 seconds
Application time: 0.0455458 seconds
Application time: 0.0000483 seconds
Application time: 0.0001116 seconds
Application time: 0.0000409 seconds
Application time: 0.0000275 seconds
Application time: 0.0102613 seconds
Application time: 0.0000344 seconds
Application time: 0.0000556 seconds
Application time: 0.0000379 seconds
Application time: 0.0000251 seconds
Application time: 0.0000303 seconds
Application time: 0.0197259 seconds
[GC pause (G1 Evacuation Pause) (young) 105M->53M(128M), 0.0188463 secs]
Application time: 0.0671527 seconds
Application time: 0.0000529 seconds
Application time: 0.0000634 seconds
Application time: 0.0000448 seconds
Application time: 0.0000259 seconds
Application time: 0.0000524 seconds
Application time: 0.0058395 seconds
Application time: 0.0000766 seconds
Application time: 0.0022042 seconds
Application time: 0.0000356 seconds
Application time: 0.0000211 seconds
Application time: 0.0000406 seconds
Application time: 0.0362311 seconds
Application time: 0.0000782 seconds
Application time: 0.0027648 seconds
Application time: 0.0000293 seconds
Application time: 0.0000195 seconds
Application time: 0.0000287 seconds
Application time: 0.0072853 seconds
Application time: 0.0000994 seconds
Application time: 0.0040514 seconds
Application time: 0.0000335 seconds
Application time: 0.0000224 seconds
Application time: 0.0000328 seconds
Application time: 0.0230092 seconds
Application time: 0.0000726 seconds
Application time: 0.0040111 seconds
Application time: 0.0000291 seconds
Application time: 0.0000387 seconds
Application time: 0.0153003 seconds
Application time: 0.0000991 seconds
Application time: 0.0041305 seconds
Application time: 0.0137829 seconds
[GC pause (G1 Evacuation Pause) (young) 104M->61M(128M), 0.0276115 secs]
Application time: 0.0318043 seconds
Application time: 0.0000553 seconds
Application time: 0.0000279 seconds
Application time: 0.0277354 seconds
Application time: 0.0001170 seconds
Application time: 0.0000490 seconds
Application time: 0.0578983 seconds
[GC pause (G1 Evacuation Pause) (young) 105M->62M(128M), 0.0222170 secs]
Application time: 0.0281607 seconds
Application time: 0.0334763 seconds
Application time: 0.0273936 seconds
[GC pause (G1 Evacuation Pause) (young) (initial-mark) 107M->62M(128M), 0.0124817 secs]
[GC concurrent-root-region-scan-start]
[GC concurrent-root-region-scan-end, 0.0043055 secs]
[GC concurrent-mark-start]
[GC concurrent-mark-end, 0.1128614 secs]
Application time: 0.1172507 seconds
[GC remark, 0.0083926 secs]
Application time: 0.0000461 seconds
[GC cleanup 103M->78M(128M), 0.0004496 secs]
[GC concurrent-cleanup-start]
[GC concurrent-cleanup-end, 0.0000425 secs]
Application time: 0.0103823 seconds
[GC pause (G1 Evacuation Pause) (young) 83M->41M(128M), 0.0059007 secs]
Application time: 0.0017432 seconds
[GC pause (G1 Evacuation Pause) (mixed) 42M->37M(128M), 0.0061104 secs]
Application time: 0.2078932 seconds
[GC pause (G1 Evacuation Pause) (young) 105M->51M(128M), 0.0207201 secs]
Application time: 0.1123985 seconds
[GC pause (G1 Evacuation Pause) (young) 105M->52M(128M), 0.0212249 secs]
Application time: 0.0854091 seconds
[GC pause (G1 Evacuation Pause) (young) 107M->52M(128M), 0.0145772 secs]
Application time: 0.1443036 seconds
[GC pause (G1 Evacuation Pause) (young) 108M->68M(128M), 0.0209577 secs]
Application time: 0.1136107 seconds
[GC pause (G1 Evacuation Pause) (young) (initial-mark) 106M->73M(128M), 0.0281756 secs]
[GC concurrent-root-region-scan-start]
[GC concurrent-root-region-scan-end, 0.0065571 secs]
[GC concurrent-mark-start]
[GC concurrent-mark-end, 0.1116939 secs]
Application time: 0.1183505 seconds
[GC remark, 0.0079688 secs]
Application time: 0.0000750 seconds
[GC cleanup 104M->73M(128M), 0.0004147 secs]
[GC concurrent-cleanup-start]
[GC concurrent-cleanup-end, 0.0000515 secs]
Application time: 0.0063931 seconds
[GC pause (G1 Evacuation Pause) (young) 76M->43M(128M), 0.0193116 secs]
Application time: 0.0126078 seconds
[GC pause (G1 Evacuation Pause) (mixed) 48M->37M(128M), 0.0071394 secs]
Application time: 0.1029527 seconds
[GC pause (G1 Evacuation Pause) (young) 100M->36M(128M), 0.0024213 secs]
Application time: 0.1696813 seconds
[GC pause (G1 Evacuation Pause) (young) 101M->54M(128M), 0.0241033 secs]
Application time: 0.1182996 seconds
[GC pause (G1 Evacuation Pause) (young) 102M->57M(128M), 0.0275141 secs]
Application time: 0.0891895 seconds
[GC pause (G1 Evacuation Pause) (young) 104M->57M(128M), 0.0159730 secs]
Application time: 0.0797483 seconds
[GC pause (G1 Evacuation Pause) (young) 106M->63M(128M), 0.0122238 secs]
Application time: 0.1281776 seconds
[GC pause (G1 Evacuation Pause) (young)-- 107M->79M(128M), 0.0327885 secs]
Application time: 0.0780317 seconds
[GC pause (G1 Evacuation Pause) (young) (initial-mark) 107M->83M(128M), 0.0251140 secs]
[GC concurrent-root-region-scan-start]
[GC concurrent-root-region-scan-end, 0.0060602 secs]
[GC concurrent-mark-start]
[GC concurrent-mark-end, 0.0500349 secs]
Application time: 0.0562220 seconds
[GC remark, 0.0084617 secs]
Application time: 0.0000474 seconds
[GC cleanup 91M->54M(128M), 0.0005039 secs]
[GC concurrent-cleanup-start]
[GC concurrent-cleanup-end, 0.0000494 secs]
Application time: 0.0465945 seconds
[GC pause (G1 Evacuation Pause) (young) 72M->46M(128M), 0.0145665 secs]
Application time: 0.0112065 seconds
[GC pause (G1 Evacuation Pause) (mixed) 51M->36M(128M), 0.0068904 secs]
Application time: 0.0129437 seconds
[GC pause (G1 Evacuation Pause) (mixed) 41M->34M(128M), 0.0073674 secs]
Application time: 0.1195067 seconds
[GC pause (G1 Evacuation Pause) (young) 105M->38M(128M), 0.0091613 secs]
Application time: 0.1684646 seconds
[GC pause (G1 Evacuation Pause) (young) 105M->50M(128M), 0.0243312 secs]
Application time: 0.1348892 seconds
[GC pause (G1 Evacuation Pause) (young) 104M->54M(128M), 0.0293110 secs]
Application time: 0.0869201 seconds
[GC pause (G1 Evacuation Pause) (young) 105M->54M(128M), 0.0171999 secs]
Application time: 0.0998818 seconds
[GC pause (G1 Evacuation Pause) (young) 106M->61M(128M), 0.0174769 secs]
Application time: 0.1252952 seconds
[GC pause (G1 Evacuation Pause) (young) 107M->71M(128M), 0.0260341 secs]
Application time: 0.0860146 seconds
[GC pause (G1 Evacuation Pause) (young) (initial-mark) 107M->75M(128M), 0.0264236 secs]
[GC concurrent-root-region-scan-start]
[GC concurrent-root-region-scan-end, 0.0076897 secs]
[GC concurrent-mark-start]
[GC concurrent-mark-end, 0.0999292 secs]
Application time: 0.1077303 seconds
[GC remark, 0.0084028 secs]
Application time: 0.0000423 seconds
[GC cleanup 104M->73M(128M), 0.0004552 secs]
[GC concurrent-cleanup-start]
[GC concurrent-cleanup-end, 0.0000392 secs]
Application time: 0.0081746 seconds
[GC pause (G1 Evacuation Pause) (young) 78M->44M(128M), 0.0133930 secs]
Application time: 0.0090244 seconds
[GC pause (G1 Evacuation Pause) (mixed) 49M->34M(128M), 0.0077771 secs]
Application time: 0.1267302 seconds
[GC pause (G1 Evacuation Pause) (young) 104M->40M(128M), 0.0128911 secs]
Application time: 0.1697224 seconds
[GC pause (G1 Evacuation Pause) (young) 104M->51M(128M), 0.0247257 secs]
Application time: 0.1107330 seconds
[GC pause (G1 Evacuation Pause) (young) 104M->54M(128M), 0.0229317 secs]
Application time: 0.0924890 seconds
[GC pause (G1 Evacuation Pause) (young) 105M->60M(128M), 0.0205273 secs]
Application time: 0.1002228 seconds
[GC pause (G1 Evacuation Pause) (young) 106M->65M(128M), 0.0141827 secs]
Application time: 0.1132487 seconds
[GC pause (G1 Evacuation Pause) (young) (initial-mark) 107M->70M(128M), 0.0203676 secs]
[GC concurrent-root-region-scan-start]
[GC concurrent-root-region-scan-end, 0.0124990 secs]
[GC concurrent-mark-start]
[GC concurrent-mark-end, 0.0919494 secs]
Application time: 0.1045898 seconds
[GC remark, 0.0076131 secs]
Application time: 0.0000422 seconds
[GC cleanup 97M->64M(128M), 0.0003382 secs]
[GC concurrent-cleanup-start]
[GC concurrent-cleanup-end, 0.0000383 secs]
Application time: 0.0261861 seconds
[GC pause (G1 Evacuation Pause) (young) 75M->41M(128M), 0.0137666 secs]
Application time: 0.0053132 seconds
[GC pause (G1 Evacuation Pause) (mixed) 43M->36M(128M), 0.0131426 secs]
Application time: 0.1556615 seconds
[GC pause (G1 Evacuation Pause) (young) 99M->42M(128M), 0.0141584 secs]
Application time: 0.1319268 seconds
[GC pause (G1 Evacuation Pause) (young) 101M->51M(128M), 0.0212398 secs]
Application time: 0.1440783 seconds
[GC pause (G1 Evacuation Pause) (young) 102M->55M(128M), 0.0241346 secs]
Application time: 0.1189237 seconds
[GC pause (G1 Evacuation Pause) (young) 105M->55M(128M), 0.0168301 secs]
Application time: 0.1185277 seconds
[GC pause (G1 Evacuation Pause) (young) 106M->62M(128M), 0.0180053 secs]
Application time: 0.1051412 seconds
[GC pause (G1 Evacuation Pause) (young) 107M->65M(128M), 0.0195053 secs]
Application time: 0.1080406 seconds
[GC pause (G1 Evacuation Pause) (young) (initial-mark) 108M->72M(128M), 0.0204457 secs]
[GC concurrent-root-region-scan-start]
[GC concurrent-root-region-scan-end, 0.0059605 secs]
[GC concurrent-mark-start]
[GC concurrent-mark-end, 0.1038100 secs]
Application time: 0.1098795 seconds
[GC remark, 0.0070317 secs]
Application time: 0.0000432 seconds
[GC cleanup 103M->72M(128M), 0.0003233 secs]
[GC concurrent-cleanup-start]
[GC concurrent-cleanup-end, 0.0000387 secs]
Application time: 0.0120742 seconds
[GC pause (G1 Evacuation Pause) (young) 77M->45M(128M), 0.0162509 secs]
Application time: 0.0044093 seconds
[GC pause (G1 Evacuation Pause) (mixed) 47M->35M(128M), 0.0109429 secs]
Application time: 0.1637705 seconds
[GC pause (G1 Evacuation Pause) (young) 100M->44M(128M), 0.0155523 secs]
Application time: 0.1194092 seconds
[GC pause (G1 Evacuation Pause) (young) 102M->49M(128M), 0.0152373 secs]
Application time: 0.1282221 seconds
[GC pause (G1 Evacuation Pause) (young) 105M->56M(128M), 0.0223250 secs]
Application time: 0.1223134 seconds
[GC pause (G1 Evacuation Pause) (young) 106M->64M(128M), 0.0202111 secs]
Application time: 0.0930857 seconds
[GC pause (G1 Evacuation Pause) (young) 106M->67M(128M), 0.0205121 secs]
Application time: 0.0723907 seconds
[GC pause (G1 Evacuation Pause) (young) (initial-mark) 107M->67M(128M), 0.0113904 secs]
[GC concurrent-root-region-scan-start]
[GC concurrent-root-region-scan-end, 0.0024115 secs]
[GC concurrent-mark-start]
[GC concurrent-mark-end, 0.0922476 secs]
Application time: 0.0947570 seconds
[GC remark, 0.0083383 secs]
Application time: 0.0000550 seconds
[GC cleanup 94M->66M(128M), 0.0003272 secs]
[GC concurrent-cleanup-start]
[GC concurrent-cleanup-end, 0.0000421 secs]
Application time: 0.0379794 seconds
[GC pause (G1 Evacuation Pause) (young) 81M->45M(128M), 0.0121160 secs]
Application time: 0.0068381 seconds
[GC pause (G1 Evacuation Pause) (mixed) 46M->40M(128M), 0.0140410 secs]
Application time: 0.1492830 seconds
[GC pause (G1 Evacuation Pause) (young) 104M->48M(128M), 0.0187433 secs]
Application time: 0.1230256 seconds
[GC pause (G1 Evacuation Pause) (young) 104M->52M(128M), 0.0160429 secs]
Application time: 0.1032795 seconds
[GC pause (G1 Evacuation Pause) (young) 106M->57M(128M), 0.0205318 secs]
Application time: 0.1172935 seconds
[GC pause (G1 Evacuation Pause) (young) 106M->61M(128M), 0.0166203 secs]
Application time: 0.1010752 seconds
[GC pause (G1 Evacuation Pause) (young) (initial-mark) 106M->67M(128M), 0.0227041 secs]
[GC concurrent-root-region-scan-start]
[GC concurrent-root-region-scan-end, 0.0124164 secs]
[GC concurrent-mark-start]
[GC concurrent-mark-end, 0.0884657 secs]
Application time: 0.1009920 seconds
[GC remark, 0.0085071 secs]
Application time: 0.0000398 seconds
[GC cleanup 88M->60M(128M), 0.0004212 secs]
[GC concurrent-cleanup-start]
[GC concurrent-cleanup-end, 0.0000440 secs]
Application time: 0.0435792 seconds
[GC pause (G1 Evacuation Pause) (young) 79M->43M(128M), 0.0154174 secs]
Application time: 0.0039176 seconds
[GC pause (G1 Evacuation Pause) (mixed) 45M->36M(128M), 0.0118111 secs]
Application time: 0.1245712 seconds
[GC pause (G1 Evacuation Pause) (young) 106M->42M(128M), 0.0115190 secs]
Application time: 0.1257086 seconds
[GC pause (G1 Evacuation Pause) (young) 106M->51M(128M), 0.0182138 secs]
Application time: 0.1231525 seconds
[GC pause (G1 Evacuation Pause) (young) 104M->55M(128M), 0.0229008 secs]
Application time: 0.0863844 seconds
[GC pause (G1 Evacuation Pause) (young) 106M->55M(128M), 0.0145129 secs]
Application time: 0.0894831 seconds
[GC pause (G1 Evacuation Pause) (young) 107M->61M(128M), 0.0160247 secs]
Application time: 0.1092636 seconds
[GC pause (G1 Evacuation Pause) (young) 107M->70M(128M), 0.0227745 secs]
Application time: 0.0814247 seconds
[GC pause (G1 Evacuation Pause) (young) (initial-mark) 105M->74M(128M), 0.0232276 secs]
[GC concurrent-root-region-scan-start]
[GC concurrent-root-region-scan-end, 0.0069839 secs]
[GC concurrent-mark-start]
Application time: 0.1009946 seconds
[GC pause (G1 Evacuation Pause) (young) 106M->74M(128M), 0.0130841 secs]
[GC concurrent-mark-end, 0.1078060 secs]
Application time: 0.0058091 seconds
[GC remark, 0.0079833 secs]
Application time: 0.0082184 seconds
[GC cleanup 82M->52M(128M), 0.0004313 secs]
[GC concurrent-cleanup-start]
[GC concurrent-cleanup-end, 0.0000463 secs]
Application time: 0.0431798 seconds
[GC pause (G1 Evacuation Pause) (young) 78M->44M(128M), 0.0040832 secs]
Application time: 0.0082002 seconds
[GC pause (G1 Evacuation Pause) (mixed) 49M->33M(128M), 0.0016702 secs]
Application time: 0.1415841 seconds
[GC pause (G1 Evacuation Pause) (young) 107M->44M(128M), 0.0137275 secs]
Application time: 0.1308627 seconds
[GC pause (G1 Evacuation Pause) (young) 104M->51M(128M), 0.0221526 secs]
Application time: 0.0957415 seconds
[GC pause (G1 Evacuation Pause) (young) 107M->55M(128M), 0.0208541 secs]
Application time: 0.1123793 seconds
[GC pause (G1 Evacuation Pause) (young) 107M->60M(128M), 0.0206257 secs]
Application time: 0.0902636 seconds
[GC pause (G1 Evacuation Pause) (young) 108M->66M(128M), 0.0158989 secs]
Application time: 0.0822650 seconds
[GC pause (G1 Evacuation Pause) (young) (initial-mark) 107M->68M(128M), 0.0177302 secs]
[GC concurrent-root-region-scan-start]
[GC concurrent-root-region-scan-end, 0.0032739 secs]
[GC concurrent-mark-start]
[GC concurrent-mark-end, 0.1049716 secs]
Application time: 0.1083445 seconds
[GC remark, 0.0077592 secs]
Application time: 0.0000412 seconds
[GC cleanup 105M->72M(128M), 0.0004458 secs]
[GC concurrent-cleanup-start]
[GC concurrent-cleanup-end, 0.0000446 secs]
Application time: 0.0053827 seconds
[GC pause (G1 Evacuation Pause) (young) 75M->42M(128M), 0.0145204 secs]
Application time: 0.0051643 seconds
[GC pause (G1 Evacuation Pause) (mixed) 43M->40M(128M), 0.0116594 secs]
Application time: 0.1540191 seconds
[GC pause (G1 Evacuation Pause) (young) 103M->44M(128M), 0.0146089 secs]
Application time: 0.0973407 seconds
[GC pause (G1 Evacuation Pause) (young) 104M->45M(128M), 0.0075570 secs]
Application time: 0.1048415 seconds
[GC pause (G1 Evacuation Pause) (young) 105M->56M(128M), 0.0199438 secs]
Application time: 0.1290426 seconds
[GC pause (G1 Evacuation Pause) (young) 105M->64M(128M), 0.0290068 secs]
Application time: 0.0838578 seconds
[GC pause (G1 Evacuation Pause) (young) 106M->65M(128M), 0.0205591 secs]
Application time: 0.0667365 seconds
[GC pause (G1 Evacuation Pause) (young) (initial-mark) 108M->65M(128M), 0.0101783 secs]
[GC concurrent-root-region-scan-start]
[GC concurrent-root-region-scan-end, 0.0004007 secs]
[GC concurrent-mark-start]
Application time: 0.1115207 seconds
[GC pause (G1 Evacuation Pause) (young) 109M->72M(128M), 0.0065990 secs]
[GC concurrent-mark-end, 0.1186582 secs]
Application time: 0.0008578 seconds
[GC remark, 0.0084258 secs]
Application time: 0.0014946 seconds
[GC cleanup 74M->49M(128M), 0.0004376 secs]
[GC concurrent-cleanup-start]
[GC concurrent-cleanup-end, 0.0000333 secs]
Application time: 0.1021358 seconds
[GC pause (G1 Evacuation Pause) (young) 83M->55M(128M), 0.0183853 secs]
Application time: 0.0029930 seconds
[GC pause (G1 Evacuation Pause) (mixed) 56M->50M(128M), 0.0153860 secs]
Application time: 0.1211904 seconds
[GC pause (G1 Evacuation Pause) (young) 101M->54M(128M), 0.0162718 secs]
Application time: 0.0816485 seconds
[GC pause (G1 Evacuation Pause) (young) 102M->55M(128M), 0.0074089 secs]
Application time: 0.0738530 seconds
[GC pause (G1 Evacuation Pause) (young) 105M->58M(128M), 0.0086627 secs]
Application time: 0.1204360 seconds
[GC pause (G1 Evacuation Pause) (young) 106M->70M(128M), 0.0193861 secs]
Application time: 0.0894579 seconds
[GC pause (G1 Evacuation Pause) (young) (initial-mark) 106M->74M(128M), 0.0210918 secs]
[GC concurrent-root-region-scan-start]
[GC concurrent-root-region-scan-end, 0.0034460 secs]
[GC concurrent-mark-start]
[GC concurrent-mark-end, 0.1022924 secs]
Application time: 0.1058332 seconds
[GC remark, 0.0082879 secs]
Application time: 0.0000375 seconds
[GC cleanup 107M->70M(128M), 0.0004375 secs]
[GC concurrent-cleanup-start]
[GC concurrent-cleanup-end, 0.0000545 secs]
Application time: 0.0008386 seconds
[GC pause (G1 Evacuation Pause) (young) 70M->38M(128M), 0.0144491 secs]
Application time: 0.0083862 seconds
[GC pause (G1 Evacuation Pause) (mixed) 43M->34M(128M), 0.0044284 secs]
Application time: 0.1057993 seconds
[GC pause (G1 Evacuation Pause) (young) 100M->40M(128M), 0.0095791 secs]
Application time: 0.1384305 seconds
[GC pause (G1 Evacuation Pause) (young) 101M->49M(128M), 0.0201625 secs]
Application time: 0.1138443 seconds
[GC pause (G1 Evacuation Pause) (young) 103M->53M(128M), 0.0231892 secs]
Application time: 0.0854361 seconds
[GC pause (G1 Evacuation Pause) (young) 105M->57M(128M), 0.0169334 secs]
Application time: 0.0989520 seconds
[GC pause (G1 Evacuation Pause) (young) 105M->62M(128M), 0.0150725 secs]
Application time: 0.0873659 seconds
[GC pause (G1 Evacuation Pause) (young) (initial-mark) 106M->68M(128M), 0.0209015 secs]
[GC concurrent-root-region-scan-start]
[GC concurrent-root-region-scan-end, 0.0151757 secs]
[GC concurrent-mark-start]
[GC concurrent-mark-end, 0.0799491 secs]
Application time: 0.0951987 seconds
[GC remark, 0.0077274 secs]
Application time: 0.0000396 seconds
[GC cleanup 93M->62M(128M), 0.0004503 secs]
[GC concurrent-cleanup-start]
[GC concurrent-cleanup-end, 0.0000470 secs]
Application time: 0.0229150 seconds
[GC pause (G1 Evacuation Pause) (young) 75M->39M(128M), 0.0177578 secs]
Application time: 0.0076536 seconds
[GC pause (G1 Evacuation Pause) (mixed) 43M->34M(128M), 0.0094929 secs]
Application time: 0.1383895 seconds
[GC pause (G1 Evacuation Pause) (young) 103M->44M(128M), 0.0150474 secs]
Application time: 0.1134685 seconds
[GC pause (G1 Evacuation Pause) (young) 103M->48M(128M), 0.0176947 secs]
Application time: 0.0967639 seconds
[GC pause (G1 Evacuation Pause) (young) 105M->53M(128M), 0.0204865 secs]
Application time: 0.1033262 seconds
[GC pause (G1 Evacuation Pause) (young) 105M->62M(128M), 0.0242012 secs]
Application time: 0.1060166 seconds
[GC pause (G1 Evacuation Pause) (young) 105M->65M(128M), 0.0261935 secs]
Application time: 0.0787791 seconds
[GC pause (G1 Evacuation Pause) (young) (initial-mark) 106M->65M(128M), 0.0136834 secs]
[GC concurrent-root-region-scan-start]
[GC concurrent-root-region-scan-end, 0.0059000 secs]
[GC concurrent-mark-start]
[GC concurrent-mark-end, 0.1001577 secs]
Application time: 0.1061739 seconds
[GC remark, 0.0089677 secs]
Application time: 0.0000500 seconds
[GC cleanup 100M->75M(128M), 0.0004278 secs]
[GC concurrent-cleanup-start]
[GC concurrent-cleanup-end, 0.0000409 secs]
Application time: 0.0181571 seconds
[GC pause (G1 Evacuation Pause) (young) 82M->46M(128M), 0.0135047 secs]
Application time: 0.0031496 seconds
[GC pause (G1 Evacuation Pause) (mixed) 47M->39M(128M), 0.0138000 secs]
Application time: 0.1226996 seconds
[GC pause (G1 Evacuation Pause) (young) 105M->43M(128M), 0.0126324 secs]
Application time: 0.1336126 seconds
[GC pause (G1 Evacuation Pause) (young) 106M->50M(128M), 0.0163085 secs]
Application time: 0.1045582 seconds
[GC pause (G1 Evacuation Pause) (young) 105M->57M(128M), 0.0219750 secs]
Application time: 0.1023249 seconds
[GC pause (G1 Evacuation Pause) (young) 106M->60M(128M), 0.0214426 secs]
Application time: 0.0844627 seconds
[GC pause (G1 Evacuation Pause) (young) (initial-mark) 106M->65M(128M), 0.0184827 secs]
[GC concurrent-root-region-scan-start]
[GC concurrent-root-region-scan-end, 0.0137943 secs]
[GC concurrent-mark-start]
[GC concurrent-mark-end, 0.0742716 secs]
Application time: 0.0881896 seconds
[GC remark, 0.0078293 secs]
Application time: 0.0000439 seconds
[GC cleanup 87M->58M(128M), 0.0004309 secs]
[GC concurrent-cleanup-start]
[GC concurrent-cleanup-end, 0.0000434 secs]
Application time: 0.0404419 seconds
[GC pause (G1 Evacuation Pause) (young) 78M->39M(128M), 0.0159677 secs]
Application time: 0.0127317 seconds
[GC pause (G1 Evacuation Pause) (mixed) 42M->34M(128M), 0.0117183 secs]
Application time: 0.1517357 seconds
[GC pause (G1 Evacuation Pause) (young) 104M->43M(128M), 0.0164590 secs]
Application time: 0.1137805 seconds
[GC pause (G1 Evacuation Pause) (young) 104M->45M(128M), 0.0164848 secs]
Application time: 0.1176247 seconds
[GC pause (G1 Evacuation Pause) (young) 105M->52M(128M), 0.0248387 secs]
Application time: 0.1184825 seconds
[GC pause (G1 Evacuation Pause) (young) 105M->60M(128M), 0.0244150 secs]
Application time: 0.0996339 seconds
[GC pause (G1 Evacuation Pause) (young) 105M->63M(128M), 0.0238745 secs]
Application time: 0.0756976 seconds
[GC pause (G1 Evacuation Pause) (young) (initial-mark) 106M->63M(128M), 0.0129187 secs]
[GC concurrent-root-region-scan-start]
[GC concurrent-root-region-scan-end, 0.0065710 secs]
[GC concurrent-mark-start]
[GC concurrent-mark-end, 0.0957525 secs]
Application time: 0.1024408 seconds
[GC remark, 0.0081096 secs]
Application time: 0.0000459 seconds
[GC cleanup 95M->73M(128M), 0.0004417 secs]
[GC concurrent-cleanup-start]
[GC concurrent-cleanup-end, 0.0000342 secs]
Application time: 0.0343385 seconds
[GC pause (G1 Evacuation Pause) (young) 86M->47M(128M), 0.0138914 secs]
Application time: 0.0026978 seconds
[GC pause (G1 Evacuation Pause) (mixed) 48M->40M(128M), 0.0128658 secs]
Application time: 0.1786766 seconds
[GC pause (G1 Evacuation Pause) (young) 106M->50M(128M), 0.0217409 secs]
Application time: 0.1169356 seconds
[GC pause (G1 Evacuation Pause) (young) 104M->52M(128M), 0.0171498 secs]
Application time: 0.1099278 seconds
[GC pause (G1 Evacuation Pause) (young) 105M->52M(128M), 0.0127710 secs]
Application time: 0.1080647 seconds
[GC pause (G1 Evacuation Pause) (young) 107M->63M(128M), 0.0194521 secs]
Application time: 0.1324798 seconds
[GC pause (G1 Evacuation Pause) (young) 105M->70M(128M), 0.0249196 secs]
Application time: 0.0822918 seconds
[GC pause (G1 Evacuation Pause) (young) (initial-mark) 106M->70M(128M), 0.0173153 secs]
[GC concurrent-root-region-scan-start]
[GC concurrent-root-region-scan-end, 0.0059834 secs]
[GC concurrent-mark-start]
[GC concurrent-mark-end, 0.0980280 secs]
Application time: 0.1041232 seconds
[GC remark, 0.0075029 secs]
Application time: 0.0000466 seconds
[GC cleanup 100M->69M(128M), 0.0003374 secs]
[GC concurrent-cleanup-start]
[GC concurrent-cleanup-end, 0.0000378 secs]
Application time: 0.0129386 seconds
[GC pause (G1 Evacuation Pause) (young) 76M->39M(128M), 0.0066517 secs]
Application time: 0.0078564 seconds
[GC pause (G1 Evacuation Pause) (mixed) 44M->33M(128M), 0.0015658 secs]
Application time: 0.1323272 seconds
[GC pause (G1 Evacuation Pause) (young) 108M->45M(128M), 0.0151795 secs]
Application time: 0.1607463 seconds
[GC pause (G1 Evacuation Pause) (young) 103M->52M(128M), 0.0213133 secs]
Application time: 0.0962462 seconds
[GC pause (G1 Evacuation Pause) (young) 105M->53M(128M), 0.0178321 secs]
Application time: 0.0792514 seconds
[GC pause (G1 Evacuation Pause) (young) 107M->53M(128M), 0.0058103 secs]
Application time: 0.1414854 seconds
[GC pause (G1 Evacuation Pause) (young) 108M->70M(128M), 0.0203054 secs]
Application time: 0.0920803 seconds
[GC pause (G1 Evacuation Pause) (young) (initial-mark) 106M->74M(128M), 0.0245805 secs]
[GC concurrent-root-region-scan-start]
[GC concurrent-root-region-scan-end, 0.0048983 secs]
[GC concurrent-mark-start]
[GC concurrent-mark-end, 0.0964496 secs]
Application time: 0.1014547 seconds
[GC remark, 0.0069669 secs]
Application time: 0.0000429 seconds
[GC cleanup 104M->69M(128M), 0.0003870 secs]
[GC concurrent-cleanup-start]
[GC concurrent-cleanup-end, 0.0000410 secs]
Application time: 0.0127580 seconds
[GC pause (G1 Evacuation Pause) (young) 72M->40M(128M), 0.0148441 secs]
Application time: 0.0090832 seconds
[GC pause (G1 Evacuation Pause) (mixed) 45M->35M(128M), 0.0050001 secs]
Application time: 0.1010593 seconds
[GC pause (G1 Evacuation Pause) (young) 103M->38M(128M), 0.0040351 secs]
Application time: 0.1739281 seconds
[GC pause (G1 Evacuation Pause) (young) 104M->52M(128M), 0.0210346 secs]
Application time: 0.1060597 seconds
[GC pause (G1 Evacuation Pause) (young) 103M->54M(128M), 0.0202117 secs]
Application time: 0.0818573 seconds
[GC pause (G1 Evacuation Pause) (young) 105M->54M(128M), 0.0135450 secs]
Application time: 0.0965839 seconds
[GC pause (G1 Evacuation Pause) (young) 107M->66M(128M), 0.0155021 secs]
Application time: 0.1235534 seconds
[GC pause (G1 Evacuation Pause) (young) (initial-mark) 106M->72M(128M), 0.0210787 secs]
[GC concurrent-root-region-scan-start]
[GC concurrent-root-region-scan-end, 0.0065204 secs]
[GC concurrent-mark-start]
[GC concurrent-mark-end, 0.0933194 secs]
Application time: 0.0999530 seconds
[GC remark, 0.0067491 secs]
Application time: 0.0000359 seconds
[GC cleanup 96M->60M(128M), 0.0002937 secs]
[GC concurrent-cleanup-start]
[GC concurrent-cleanup-end, 0.0000442 secs]
Application time: 0.0185794 seconds
[GC pause (G1 Evacuation Pause) (young) 70M->37M(128M), 0.0178569 secs]
Application time: 0.0097991 seconds
[GC pause (G1 Evacuation Pause) (mixed) 42M->34M(128M), 0.0069456 secs]
Application time: 0.1161314 seconds
[GC pause (G1 Evacuation Pause) (young) 103M->33M(128M), 0.0020017 secs]
Application time: 0.1919118 seconds
[GC pause (G1 Evacuation Pause) (young) 105M->52M(128M), 0.0239816 secs]
Application time: 0.1291102 seconds
[GC pause (G1 Evacuation Pause) (young) 102M->56M(128M), 0.0276384 secs]
Application time: 0.0920717 seconds
[GC pause (G1 Evacuation Pause) (young) 104M->57M(128M), 0.0180437 secs]
Application time: 0.0903307 seconds
[GC pause (G1 Evacuation Pause) (young) 106M->62M(128M), 0.0137249 secs]
Application time: 0.1127936 seconds
[GC pause (G1 Evacuation Pause) (young) 105M->71M(128M), 0.0208106 secs]
Application time: 0.0925162 seconds
[GC pause (G1 Evacuation Pause) (young) (initial-mark) 106M->75M(128M), 0.0212948 secs]
[GC concurrent-root-region-scan-start]
[GC concurrent-root-region-scan-end, 0.0051559 secs]
[GC concurrent-mark-start]
[GC concurrent-mark-end, 0.0483447 secs]
Application time: 0.0535780 seconds
[GC remark, 0.0085449 secs]
Application time: 0.0000441 seconds
[GC cleanup 82M->47M(128M), 0.0004395 secs]
[GC concurrent-cleanup-start]
[GC concurrent-cleanup-end, 0.0000506 secs]
Application time: 0.0601336 seconds
[GC pause (G1 Evacuation Pause) (young) 72M->41M(128M), 0.0142294 secs]
Application time: 0.0065072 seconds
[GC pause (G1 Evacuation Pause) (mixed) 44M->34M(128M), 0.0047103 secs]
Application time: 0.1403376 seconds
[GC pause (G1 Evacuation Pause) (young) 103M->40M(128M), 0.0120166 secs]
Application time: 0.1528782 seconds
[GC pause (G1 Evacuation Pause) (young) 104M->49M(128M), 0.0211484 secs]
Application time: 0.1319925 seconds
[GC pause (G1 Evacuation Pause) (young) 104M->53M(128M), 0.0232828 secs]
Application time: 0.1042769 seconds
[GC pause (G1 Evacuation Pause) (young) 105M->59M(128M), 0.0213675 secs]
Application time: 0.1174960 seconds
[GC pause (G1 Evacuation Pause) (young) 106M->63M(128M), 0.0165498 secs]
Application time: 0.0934491 seconds
[GC pause (G1 Evacuation Pause) (young) (initial-mark) 107M->67M(128M), 0.0173146 secs]
[GC concurrent-root-region-scan-start]
[GC concurrent-root-region-scan-end, 0.0034477 secs]
[GC concurrent-mark-start]
[GC concurrent-mark-end, 0.0878234 secs]
Application time: 0.0913496 seconds
[GC remark, 0.0082794 secs]
Application time: 0.0000359 seconds
[GC cleanup 86M->56M(128M), 0.0003941 secs]
[GC concurrent-cleanup-start]
[GC concurrent-cleanup-end, 0.0000456 secs]
Application time: 0.0584644 seconds
[GC pause (G1 Evacuation Pause) (young) 76M->42M(128M), 0.0171255 secs]
Application time: 0.0021963 seconds
[GC pause (G1 Evacuation Pause) (mixed) 43M->36M(128M), 0.0104752 secs]
Application time: 0.1314938 seconds
[GC pause (G1 Evacuation Pause) (young) 99M->43M(128M), 0.0193880 secs]
Application time: 0.1450338 seconds
[GC pause (G1 Evacuation Pause) (young) 101M->47M(128M), 0.0165564 secs]
Application time: 0.1160573 seconds
[GC pause (G1 Evacuation Pause) (young) 103M->52M(128M), 0.0222548 secs]
Application time: 0.1104791 seconds
[GC pause (G1 Evacuation Pause) (young) 104M->58M(128M), 0.0180887 secs]
Application time: 0.1315884 seconds
[GC pause (G1 Evacuation Pause) (young) 106M->64M(128M), 0.0248041 secs]
Application time: 0.1003248 seconds
[GC pause (G1 Evacuation Pause) (young) (initial-mark) 106M->65M(128M), 0.0154551 secs]
[GC concurrent-root-region-scan-start]
[GC concurrent-root-region-scan-end, 0.0073816 secs]
[GC concurrent-mark-start]
[GC concurrent-mark-end, 0.1129044 secs]
Application time: 0.1203772 seconds
[GC remark, 0.0080764 secs]
Application time: 0.0000288 seconds
[GC cleanup 101M->74M(128M), 0.0004519 secs]
[GC concurrent-cleanup-start]
[GC concurrent-cleanup-end, 0.0000398 secs]
Application time: 0.0120681 seconds
[GC pause (G1 Evacuation Pause) (young) 80M->39M(128M), 0.0124567 secs]
Application time: 0.0053054 seconds
[GC pause (G1 Evacuation Pause) (mixed) 42M->34M(128M), 0.0039906 secs]
Application time: 0.1550169 seconds
[GC pause (G1 Evacuation Pause) (young) 102M->49M(128M), 0.0230995 secs]
Application time: 0.1536956 seconds
[GC pause (G1 Evacuation Pause) (young) 104M->53M(128M), 0.0274708 secs]
Application time: 0.1025035 seconds
[GC pause (G1 Evacuation Pause) (young) 104M->54M(128M), 0.0192138 secs]
Application time: 0.0846336 seconds
[GC pause (G1 Evacuation Pause) (young) 106M->54M(128M), 0.0062669 secs]
Application time: 0.1578973 seconds
[GC pause (G1 Evacuation Pause) (young) 108M->70M(128M), 0.0238389 secs]
Application time: 0.0996318 seconds
[GC pause (G1 Evacuation Pause) (young) (initial-mark) 107M->74M(128M), 0.0260600 secs]
[GC concurrent-root-region-scan-start]
[GC concurrent-root-region-scan-end, 0.0081726 secs]
[GC concurrent-mark-start]
[GC concurrent-mark-end, 0.1107939 secs]
Application time: 0.1190784 seconds
[GC remark, 0.0083232 secs]
Application time: 0.0000475 seconds
[GC cleanup 107M->73M(128M), 0.0004118 secs]
[GC concurrent-cleanup-start]
[GC concurrent-cleanup-end, 0.0000470 secs]
Application time: 0.0037634 seconds
[GC pause (G1 Evacuation Pause) (young) 75M->41M(128M), 0.0162872 secs]
Application time: 0.0092676 seconds
[GC pause (G1 Evacuation Pause) (mixed) 46M->36M(128M), 0.0047172 secs]
Application time: 0.1217826 seconds
[GC pause (G1 Evacuation Pause) (young) 100M->42M(128M), 0.0089605 secs]
Application time: 0.1601676 seconds
[GC pause (G1 Evacuation Pause) (young) 102M->51M(128M), 0.0231394 secs]
Application time: 0.1161454 seconds
[GC pause (G1 Evacuation Pause) (young) 103M->55M(128M), 0.0245554 secs]
Application time: 0.1036963 seconds
[GC pause (G1 Evacuation Pause) (young) 104M->59M(128M), 0.0198859 secs]
Application time: 0.1125875 seconds
[GC pause (G1 Evacuation Pause) (young) 105M->65M(128M), 0.0174358 secs]
Application time: 0.0928144 seconds
[GC pause (G1 Evacuation Pause) (young) (initial-mark) 105M->70M(128M), 0.0205736 secs]
[GC concurrent-root-region-scan-start]
[GC concurrent-root-region-scan-end, 0.0144931 secs]
[GC concurrent-mark-start]
[GC concurrent-mark-end, 0.0906013 secs]
Application time: 0.1051762 seconds
[GC remark, 0.0083687 secs]
Application time: 0.0000368 seconds
[GC cleanup 93M->63M(128M), 0.0004840 secs]
[GC concurrent-cleanup-start]
[GC concurrent-cleanup-end, 0.0000430 secs]
Application time: 0.0312944 seconds
[GC pause (G1 Evacuation Pause) (young) 76M->42M(128M), 0.0175740 secs]
Application time: 0.0091042 seconds
[GC pause (G1 Evacuation Pause) (mixed) 46M->35M(128M), 0.0105550 secs]
Application time: 0.1412371 seconds
[GC pause (G1 Evacuation Pause) (young) 102M->43M(128M), 0.0152394 secs]
Application time: 0.1434931 seconds
[GC pause (G1 Evacuation Pause) (young) 103M->48M(128M), 0.0189036 secs]
Application time: 0.1330905 seconds
[GC pause (G1 Evacuation Pause) (young) 104M->55M(128M), 0.0255810 secs]
Application time: 0.1136092 seconds
[GC pause (G1 Evacuation Pause) (young) 105M->57M(128M), 0.0174793 secs]
Application time: 0.1136426 seconds
[GC pause (G1 Evacuation Pause) (young) 106M->63M(128M), 0.0196252 secs]
Application time: 0.0902252 seconds
[GC pause (G1 Evacuation Pause) (young) 106M->66M(128M), 0.0146173 secs]
Application time: 0.0963052 seconds
[GC pause (G1 Evacuation Pause) (young) (initial-mark) 107M->72M(128M), 0.0191521 secs]
[GC concurrent-root-region-scan-start]
[GC concurrent-root-region-scan-end, 0.0094289 secs]
[GC concurrent-mark-start]
[GC concurrent-mark-end, 0.0796817 secs]
Application time: 0.0892112 seconds
[GC remark, 0.0070532 secs]
Application time: 0.0000329 seconds
[GC cleanup 91M->62M(128M), 0.0003955 secs]
[GC concurrent-cleanup-start]
[GC concurrent-cleanup-end, 0.0000394 secs]
Application time: 0.0353692 seconds
[GC pause (G1 Evacuation Pause) (young) 78M->47M(128M), 0.0154791 secs]
Application time: 0.0045368 seconds
[GC pause (G1 Evacuation Pause) (mixed) 49M->36M(128M), 0.0107964 secs]
Application time: 0.1489824 seconds
[GC pause (G1 Evacuation Pause) (young) 105M->43M(128M), 0.0113165 secs]
Application time: 0.1333705 seconds
[GC pause (G1 Evacuation Pause) (young) 105M->48M(128M), 0.0126134 secs]
Application time: 0.1328759 seconds
[GC pause (G1 Evacuation Pause) (young) 105M->56M(128M), 0.0201686 secs]
Application time: 0.0925095 seconds
[GC pause (G1 Evacuation Pause) (young) 106M->57M(128M), 0.0133085 secs]
Application time: 0.1071088 seconds
[GC pause (G1 Evacuation Pause) (young) 107M->62M(128M), 0.0171242 secs]
Application time: 0.0902135 seconds
[GC pause (G1 Evacuation Pause) (young) 107M->70M(128M), 0.0178351 secs]
Application time: 0.0890338 seconds
[GC pause (G1 Evacuation Pause) (young) (initial-mark) 107M->74M(128M), 0.0197548 secs]
[GC concurrent-root-region-scan-start]
[GC concurrent-root-region-scan-end, 0.0077476 secs]
[GC concurrent-mark-start]
[GC concurrent-mark-end, 0.0935360 secs]
Application time: 0.1013987 seconds
[GC remark, 0.0071772 secs]
Application time: 0.0000434 seconds
[GC cleanup 100M->67M(128M), 0.0003549 secs]
[GC concurrent-cleanup-start]
[GC concurrent-cleanup-end, 0.0000536 secs]
Application time: 0.0137568 seconds
[GC pause (G1 Evacuation Pause) (young) 75M->41M(128M), 0.0113777 secs]
Application time: 0.0058750 seconds
[GC pause (G1 Evacuation Pause) (mixed) 44M->34M(128M), 0.0044878 secs]
Application time: 0.1124629 seconds
[GC pause (G1 Evacuation Pause) (young) 103M->40M(128M), 0.0091850 secs]
Application time: 0.1567507 seconds
[GC pause (G1 Evacuation Pause) (young) 104M->52M(128M), 0.0194680 secs]
Application time: 0.1138136 seconds
[GC pause (G1 Evacuation Pause) (young) 103M->54M(128M), 0.0184447 secs]
Application time: 0.0808030 seconds
[GC pause (G1 Evacuation Pause) (young) 104M->54M(128M), 0.0109048 secs]
Application time: 0.0852000 seconds
[GC pause (G1 Evacuation Pause) (young) 106M->64M(128M), 0.0135328 secs]
Application time: 0.1211137 seconds
[GC pause (G1 Evacuation Pause) (young) (initial-mark) 106M->70M(128M), 0.0196710 secs]
[GC concurrent-root-region-scan-start]
[GC concurrent-root-region-scan-end, 0.0207429 secs]
[GC concurrent-mark-start]
[GC concurrent-mark-end, 0.0710028 secs]
Application time: 0.0918492 seconds
[GC remark, 0.0083809 secs]
Application time: 0.0000346 seconds
[GC cleanup 93M->62M(128M), 0.0003813 secs]
[GC concurrent-cleanup-start]
[GC concurrent-cleanup-end, 0.0000431 secs]
Application time: 0.0277428 seconds
[GC pause (G1 Evacuation Pause) (young) 75M->42M(128M), 0.0188111 secs]
Application time: 0.0058187 seconds
[GC pause (G1 Evacuation Pause) (mixed) 45M->35M(128M), 0.0132288 secs]
Application time: 0.1058185 seconds
[GC pause (G1 Evacuation Pause) (young) 98M->35M(128M), 0.0029321 secs]
Application time: 0.1275656 seconds
[GC pause (G1 Evacuation Pause) (young) 101M->49M(128M), 0.0158246 secs]
Application time: 0.1344946 seconds
[GC pause (G1 Evacuation Pause) (young) 101M->55M(128M), 0.0203580 secs]
Application time: 0.0913536 seconds
[GC pause (G1 Evacuation Pause) (young) 103M->56M(128M), 0.0160832 secs]
Application time: 0.0759763 seconds
[GC pause (G1 Evacuation Pause) (young) 105M->58M(128M), 0.0077226 secs]
Application time: 0.1122397 seconds
[GC pause (G1 Evacuation Pause) (young) 106M->69M(128M), 0.0188296 secs]
Application time: 0.1141559 seconds
[GC pause (G1 Evacuation Pause) (young) (initial-mark) 106M->74M(128M), 0.0231449 secs]
[GC concurrent-root-region-scan-start]
[GC concurrent-root-region-scan-end, 0.0092394 secs]
[GC concurrent-mark-start]
[GC concurrent-mark-end, 0.0844774 secs]
Application time: 0.0938291 seconds
[GC remark, 0.0081448 secs]
Application time: 0.0000505 seconds
[GC cleanup 97M->61M(128M), 0.0004468 secs]
[GC concurrent-cleanup-start]
[GC concurrent-cleanup-end, 0.0000533 secs]
Application time: 0.0216791 seconds
[GC pause (G1 Evacuation Pause) (young) 71M->39M(128M), 0.0176888 secs]
Application time: 0.0103415 seconds
[GC pause (G1 Evacuation Pause) (mixed) 44M->33M(128M), 0.0061937 secs]
Application time: 0.1187991 seconds
[GC pause (G1 Evacuation Pause) (young) 99M->33M(128M), 0.0025394 secs]
Application time: 0.1631240 seconds
[GC pause (G1 Evacuation Pause) (young) 102M->49M(128M), 0.0222893 secs]
Application time: 0.1290157 seconds
[GC pause (G1 Evacuation Pause) (young) 102M->53M(128M), 0.0269903 secs]
Application time: 0.0920098 seconds
[GC pause (G1 Evacuation Pause) (young) 104M->54M(128M), 0.0173905 secs]
Application time: 0.0831762 seconds
[GC pause (G1 Evacuation Pause) (young) 106M->58M(128M), 0.0113786 secs]
Application time: 0.1462536 seconds
[GC pause (G1 Evacuation Pause) (young) 107M->70M(128M), 0.0238980 secs]
Application time: 0.0934486 seconds
[GC pause (G1 Evacuation Pause) (young) (initial-mark) 107M->74M(128M), 0.0236259 secs]
[GC concurrent-root-region-scan-start]
[GC concurrent-root-region-scan-end, 0.0024502 secs]
[GC concurrent-mark-start]
[GC concurrent-mark-end, 0.1079088 secs]
Application time: 0.1104537 seconds
[GC remark, 0.0084739 secs]
Application time: 0.0000417 seconds
[GC cleanup 103M->68M(128M), 0.0024451 secs]
[GC concurrent-cleanup-start]
[GC concurrent-cleanup-end, 0.0000504 secs]
Application time: 0.0102978 seconds
[GC pause (G1 Evacuation Pause) (young) 73M->39M(128M), 0.0135304 secs]
Application time: 0.0055597 seconds
[GC pause (G1 Evacuation Pause) (mixed) 42M->36M(128M), 0.0042486 secs]
Application time: 0.1039731 seconds
[GC pause (G1 Evacuation Pause) (young) 101M->37M(128M), 0.0051361 secs]
Application time: 0.1885323 seconds
[GC pause (G1 Evacuation Pause) (young) 103M->54M(128M), 0.0244456 secs]
Application time: 0.1125263 seconds
[GC pause (G1 Evacuation Pause) (young) 105M->56M(128M), 0.0217004 secs]
Application time: 0.0837169 seconds
[GC pause (G1 Evacuation Pause) (young) 107M->56M(128M), 0.0121938 secs]
Application time: 0.0998673 seconds
[GC pause (G1 Evacuation Pause) (young) 108M->69M(128M), 0.0157963 secs]
Application time: 0.1104296 seconds
[GC pause (G1 Evacuation Pause) (young) (initial-mark) 106M->74M(128M), 0.0251384 secs]
[GC concurrent-root-region-scan-start]
[GC concurrent-root-region-scan-end, 0.0064841 secs]
[GC concurrent-mark-start]
[GC concurrent-mark-end, 0.0867245 secs]
Application time: 0.0932964 seconds
[GC remark, 0.0084486 secs]
Application time: 0.0000437 seconds
[GC cleanup 97M->60M(128M), 0.0004312 secs]
[GC concurrent-cleanup-start]
[GC concurrent-cleanup-end, 0.0000558 secs]
Application time: 0.0179237 seconds
[GC pause (G1 Evacuation Pause) (young) 69M->37M(128M), 0.0174488 secs]
Application time: 0.0103123 seconds
[GC pause (G1 Evacuation Pause) (mixed) 42M->34M(128M), 0.0062319 secs]
Application time: 0.1221142 seconds
[GC pause (G1 Evacuation Pause) (young) 104M->34M(128M), 0.0020279 secs]
Application time: 0.1605964 seconds
[GC pause (G1 Evacuation Pause) (young) 106M->50M(128M), 0.0214495 secs]
Application time: 0.1272511 seconds
[GC pause (G1 Evacuation Pause) (young) 104M->53M(128M), 0.0250514 secs]
Application time: 0.0948863 seconds
[GC pause (G1 Evacuation Pause) (young) 106M->53M(128M), 0.0168921 secs]
Application time: 0.0904136 seconds
[GC pause (G1 Evacuation Pause) (young) 107M->59M(128M), 0.0137412 secs]
Application time: 0.1316289 seconds
[GC pause (G1 Evacuation Pause) (young) 106M->70M(128M), 0.0221195 secs]
Application time: 0.0826515 seconds
[GC pause (G1 Evacuation Pause) (young) (initial-mark) 106M->73M(128M), 0.0224173 secs]
[GC concurrent-root-region-scan-start]
[GC concurrent-root-region-scan-end, 0.0046515 secs]
[GC concurrent-mark-start]
[GC concurrent-mark-end, 0.1024178 secs]
Application time: 0.1071491 seconds
[GC remark, 0.0084596 secs]
Application time: 0.0000631 seconds
[GC cleanup 104M->74M(128M), 0.0004617 secs]
[GC concurrent-cleanup-start]
[GC concurrent-cleanup-end, 0.0000510 secs]
Application time: 0.0054846 seconds
[GC pause (G1 Evacuation Pause) (young) 77M->43M(128M), 0.0122925 secs]
Application time: 0.0056388 seconds
[GC pause (G1 Evacuation Pause) (mixed) 46M->34M(128M), 0.0066548 secs]
Application time: 0.1304771 seconds
[GC pause (G1 Evacuation Pause) (young) 106M->39M(128M), 0.0122936 secs]
Application time: 0.1646587 seconds
[GC pause (G1 Evacuation Pause) (young) 105M->51M(128M), 0.0234991 secs]
Application time: 0.1025388 seconds
[GC pause (G1 Evacuation Pause) (young) 104M->53M(128M), 0.0227329 secs]
Application time: 0.0887479 seconds
[GC pause (G1 Evacuation Pause) (young) 106M->56M(128M), 0.0144101 secs]
Application time: 0.1092681 seconds
[GC pause (G1 Evacuation Pause) (young) 106M->66M(128M), 0.0190370 secs]
Application time: 0.1092441 seconds
[GC pause (G1 Evacuation Pause) (young) (initial-mark) 106M->71M(128M), 0.0204316 secs]
[GC concurrent-root-region-scan-start]
[GC concurrent-root-region-scan-end, 0.0077733 secs]
[GC concurrent-mark-start]
[GC concurrent-mark-end, 0.0824738 secs]
Application time: 0.0903416 seconds
[GC remark, 0.0083078 secs]
Application time: 0.0000612 seconds
[GC cleanup 96M->65M(128M), 0.0004471 secs]
[GC concurrent-cleanup-start]
[GC concurrent-cleanup-end, 0.0000522 secs]
Application time: 0.0204589 seconds
[GC pause (G1 Evacuation Pause) (young) 76M->41M(128M), 0.0158419 secs]
Application time: 0.0092638 seconds
[GC pause (G1 Evacuation Pause) (mixed) 46M->35M(128M), 0.0049607 secs]
Application time: 0.1155283 seconds
[GC pause (G1 Evacuation Pause) (young) 105M->39M(128M), 0.0064783 secs]
Application time: 0.1661101 seconds
[GC pause (G1 Evacuation Pause) (young) 105M->50M(128M), 0.0288536 secs]
Application time: 0.1227213 seconds
[GC pause (G1 Evacuation Pause) (young) 103M->53M(128M), 0.0227879 secs]
Application time: 0.0924372 seconds
[GC pause (G1 Evacuation Pause) (young) 105M->54M(128M), 0.0151428 secs]
Application time: 0.0994436 seconds
[GC pause (G1 Evacuation Pause) (young) 107M->63M(128M), 0.0139175 secs]
Application time: 0.1284006 seconds
[GC pause (G1 Evacuation Pause) (young) 106M->72M(128M), 0.0236377 secs]
Application time: 0.0803419 seconds
[GC pause (G1 Evacuation Pause) (young) (initial-mark) 106M->74M(128M), 0.0187584 secs]
[GC concurrent-root-region-scan-start]
[GC concurrent-root-region-scan-end, 0.0064528 secs]
[GC concurrent-mark-start]
[GC concurrent-mark-end, 0.0887749 secs]
Application time: 0.0953019 seconds
[GC remark, 0.0075873 secs]
Application time: 0.0000372 seconds
[GC cleanup 100M->69M(128M), 0.0003707 secs]
[GC concurrent-cleanup-start]
[GC concurrent-cleanup-end, 0.0000474 secs]
Application time: 0.0165141 seconds
[GC pause (G1 Evacuation Pause) (young) 77M->43M(128M), 0.0119629 secs]
Application time: 0.0077682 seconds
[GC pause (G1 Evacuation Pause) (mixed) 47M->34M(128M), 0.0044901 secs]
Application time: 0.1165356 seconds
[GC pause (G1 Evacuation Pause) (young) 101M->39M(128M), 0.0112466 secs]
Application time: 0.1728509 seconds
[GC pause (G1 Evacuation Pause) (young) 101M->50M(128M), 0.0213747 secs]
Application time: 0.1123526 seconds
[GC pause (G1 Evacuation Pause) (young) 102M->52M(128M), 0.0196530 secs]
Application time: 0.0873616 seconds
[GC pause (G1 Evacuation Pause) (young) 105M->52M(128M), 0.0102829 secs]
Application time: 0.1202737 seconds
[GC pause (G1 Evacuation Pause) (young) 106M->65M(128M), 0.0169819 secs]
Application time: 0.1161301 seconds
[GC pause (G1 Evacuation Pause) (young) (initial-mark) 105M->71M(128M), 0.0247959 secs]
[GC concurrent-root-region-scan-start]
[GC concurrent-root-region-scan-end, 0.0048993 secs]
[GC concurrent-mark-start]
[GC concurrent-mark-end, 0.0854901 secs]
Application time: 0.0904605 seconds
[GC remark, 0.0074209 secs]
Application time: 0.0000703 seconds
[GC cleanup 93M->60M(128M), 0.0003310 secs]
[GC concurrent-cleanup-start]
[GC concurrent-cleanup-end, 0.0000441 secs]
Application time: 0.0288736 seconds
[GC pause (G1 Evacuation Pause) (young) 73M->38M(128M), 0.0170464 secs]
Application time: 0.0109937 seconds
[GC pause (G1 Evacuation Pause) (mixed) 43M->34M(128M), 0.0061893 secs]
Application time: 0.1384375 seconds
[GC pause (G1 Evacuation Pause) (young) 105M->37M(128M), 0.0056251 secs]
Application time: 0.1927760 seconds
[GC pause (G1 Evacuation Pause) (young) 105M->50M(128M), 0.0261251 secs]
Application time: 0.1309379 seconds
[GC pause (G1 Evacuation Pause) (young) 104M->53M(128M), 0.0257911 secs]
Application time: 0.0932114 seconds
[GC pause (G1 Evacuation Pause) (young) 105M->53M(128M), 0.0173797 secs]
Application time: 0.1105107 seconds
[GC pause (G1 Evacuation Pause) (young) 107M->63M(128M), 0.0175642 secs]
Application time: 0.1297624 seconds
[GC pause (G1 Evacuation Pause) (young) 105M->71M(128M), 0.0257707 secs]
Application time: 0.0845060 seconds
[GC pause (G1 Evacuation Pause) (young) (initial-mark) 106M->73M(128M), 0.0240714 secs]
[GC concurrent-root-region-scan-start]
[GC concurrent-root-region-scan-end, 0.0070575 secs]
[GC concurrent-mark-start]
[GC concurrent-mark-end, 0.0977361 secs]
Application time: 0.1048818 seconds
[GC remark, 0.0082331 secs]
Application time: 0.0000638 seconds
[GC cleanup 104M->71M(128M), 0.0004281 secs]
[GC concurrent-cleanup-start]
[GC concurrent-cleanup-end, 0.0000551 secs]
Application time: 0.0072621 seconds
[GC pause (G1 Evacuation Pause) (young) 74M->40M(128M), 0.0140111 secs]
Application time: 0.0111646 seconds
[GC pause (G1 Evacuation Pause) (mixed) 43M->34M(128M), 0.0055165 secs]
Application time: 0.1355371 seconds
[GC pause (G1 Evacuation Pause) (young) 104M->39M(128M), 0.0145757 secs]
Application time: 0.2066907 seconds
[GC pause (G1 Evacuation Pause) (young) 104M->53M(128M), 0.0266051 secs]
Application time: 0.1088206 seconds
[GC pause (G1 Evacuation Pause) (young) 104M->55M(128M), 0.0221682 secs]
Application time: 0.0833880 seconds
[GC pause (G1 Evacuation Pause) (young) 107M->55M(128M), 0.0121946 secs]
Application time: 0.1297257 seconds
[GC pause (G1 Evacuation Pause) (young) 108M->69M(128M), 0.0222216 secs]
Application time: 0.1166252 seconds
[GC pause (G1 Evacuation Pause) (young) (initial-mark) 105M->74M(128M), 0.0257849 secs]
[GC concurrent-root-region-scan-start]
[GC concurrent-root-region-scan-end, 0.0071113 secs]
[GC concurrent-mark-start]
[GC concurrent-mark-end, 0.0928120 secs]
Application time: 0.1000048 seconds
[GC remark, 0.0077136 secs]
Application time: 0.0000483 seconds
[GC cleanup 97M->60M(128M), 0.0003556 secs]
[GC concurrent-cleanup-start]
[GC concurrent-cleanup-end, 0.0000519 secs]
Application time: 0.0200999 seconds
[GC pause (G1 Evacuation Pause) (young) 69M->38M(128M), 0.0194770 secs]
Application time: 0.0113496 seconds
[GC pause (G1 Evacuation Pause) (mixed) 43M->35M(128M), 0.0066507 secs]
Application time: 0.1255909 seconds
[GC pause (G1 Evacuation Pause) (young) 102M->34M(128M), 0.0017904 secs]
Application time: 0.1854045 seconds
[GC pause (G1 Evacuation Pause) (young) 103M->51M(128M), 0.0213848 secs]
Application time: 0.1348307 seconds
[GC pause (G1 Evacuation Pause) (young) 103M->54M(128M), 0.0246739 secs]
Application time: 0.1015436 seconds
[GC pause (G1 Evacuation Pause) (young) 105M->55M(128M), 0.0180271 secs]
Application time: 0.1110160 seconds
[GC pause (G1 Evacuation Pause) (young) 107M->61M(128M), 0.0182433 secs]
Application time: 0.1305755 seconds
[GC pause (G1 Evacuation Pause) (young) 107M->69M(128M), 0.0269358 secs]
Application time: 0.1014239 seconds
[GC pause (G1 Evacuation Pause) (young) (initial-mark) 106M->73M(128M), 0.0283630 secs]
[GC concurrent-root-region-scan-start]
[GC concurrent-root-region-scan-end, 0.0067439 secs]
[GC concurrent-mark-start]
[GC concurrent-mark-end, 0.1052440 secs]
Application time: 0.1120728 seconds
[GC remark, 0.0083219 secs]
Application time: 0.0000685 seconds
[GC cleanup 103M->69M(128M), 0.0004430 secs]
[GC concurrent-cleanup-start]
[GC concurrent-cleanup-end, 0.0000560 secs]
Application time: 0.0073359 seconds
[GC pause (G1 Evacuation Pause) (young) 73M->40M(128M), 0.0154473 secs]
Application time: 0.0095727 seconds
[GC pause (G1 Evacuation Pause) (mixed) 45M->35M(128M), 0.0046526 secs]
Application time: 0.1585709 seconds
[GC pause (G1 Evacuation Pause) (young) 106M->42M(128M), 0.0126029 secs]
Application time: 0.1773910 seconds
[GC pause (G1 Evacuation Pause) (young) 105M->50M(128M), 0.0225777 secs]
Application time: 0.1199434 seconds
[GC pause (G1 Evacuation Pause) (young) 104M->54M(128M), 0.0241176 secs]
Application time: 0.1203007 seconds
[GC pause (G1 Evacuation Pause) (young) 105M->60M(128M), 0.0242515 secs]
Application time: 0.1088840 seconds
[GC pause (G1 Evacuation Pause) (young) 106M->64M(128M), 0.0168566 secs]
Application time: 0.1029783 seconds
[GC pause (G1 Evacuation Pause) (young) (initial-mark) 106M->70M(128M), 0.0220684 secs]
[GC concurrent-root-region-scan-start]
[GC concurrent-root-region-scan-end, 0.0083637 secs]
[GC concurrent-mark-start]
[GC concurrent-mark-end, 0.0497773 secs]
Application time: 0.0582130 seconds
[GC remark, 0.0073552 secs]
Application time: 0.0000481 seconds
[GC cleanup 79M->49M(128M), 0.0003616 secs]
[GC concurrent-cleanup-start]
[GC concurrent-cleanup-end, 0.0000451 secs]
Application time: 0.0663392 seconds
[GC pause (G1 Evacuation Pause) (young) 77M->44M(128M), 0.0175938 secs]
Application time: 0.0059432 seconds
[GC pause (G1 Evacuation Pause) (mixed) 46M->38M(128M), 0.0117014 secs]
Application time: 0.1427101 seconds
[GC pause (G1 Evacuation Pause) (young) 105M->47M(128M), 0.0143665 secs]
Application time: 0.1245765 seconds
[GC pause (G1 Evacuation Pause) (young) 105M->49M(128M), 0.0149857 secs]
Application time: 0.1320268 seconds
[GC pause (G1 Evacuation Pause) (young) 105M->57M(128M), 0.0213759 secs]
Application time: 0.0907534 seconds
[GC pause (G1 Evacuation Pause) (young) 106M->59M(128M), 0.0142824 secs]
Application time: 0.1026027 seconds
[GC pause (G1 Evacuation Pause) (young) 107M->65M(128M), 0.0188130 secs]
Application time: 0.0888500 seconds
[GC pause (G1 Evacuation Pause) (young) (initial-mark) 107M->72M(128M), 0.0189131 secs]
[GC concurrent-root-region-scan-start]
[GC concurrent-root-region-scan-end, 0.0171689 secs]
[GC concurrent-mark-start]
[GC concurrent-mark-end, 0.0529021 secs]
Application time: 0.0701797 seconds
[GC remark, 0.0080725 secs]
Application time: 0.0000502 seconds
[GC cleanup 87M->55M(128M), 0.0003753 secs]
[GC concurrent-cleanup-start]
[GC concurrent-cleanup-end, 0.0000417 secs]
Application time: 0.0516549 seconds
[GC pause (G1 Evacuation Pause) (young) 75M->43M(128M), 0.0200382 secs]
Application time: 0.0069740 seconds
[GC pause (G1 Evacuation Pause) (mixed) 46M->34M(128M), 0.0097986 secs]
Application time: 0.1353446 seconds
[GC pause (G1 Evacuation Pause) (young) 101M->37M(128M), 0.0081388 secs]
Application time: 0.1439327 seconds
[GC pause (G1 Evacuation Pause) (young) 103M->47M(128M), 0.0165661 secs]
Application time: 0.1270604 seconds
[GC pause (G1 Evacuation Pause) (young) 104M->56M(128M), 0.0231950 secs]
Application time: 0.1018211 seconds
[GC pause (G1 Evacuation Pause) (young) 105M->59M(128M), 0.0227906 secs]
Application time: 0.1067025 seconds
[GC pause (G1 Evacuation Pause) (young) 107M->64M(128M), 0.0182523 secs]
Application time: 0.0953868 seconds
[GC pause (G1 Evacuation Pause) (young) (initial-mark) 106M->68M(128M), 0.0147273 secs]
[GC concurrent-root-region-scan-start]
[GC concurrent-root-region-scan-end, 0.0066642 secs]
[GC concurrent-mark-start]
[GC concurrent-mark-end, 0.0894126 secs]
Application time: 0.0961656 seconds
[GC remark, 0.0076663 secs]
Application time: 0.0000625 seconds
[GC cleanup 98M->73M(128M), 0.0003407 secs]
[GC concurrent-cleanup-start]
[GC concurrent-cleanup-end, 0.0000356 secs]
Application time: 0.0198913 seconds
[GC pause (G1 Evacuation Pause) (young) 81M->48M(128M), 0.0190108 secs]
Application time: 0.0026614 seconds
[GC pause (G1 Evacuation Pause) (mixed) 49M->39M(128M), 0.0103940 secs]
Application time: 0.1558580 seconds
[GC pause (G1 Evacuation Pause) (young) 105M->42M(128M), 0.0128911 secs]
Application time: 0.1418553 seconds
[GC pause (G1 Evacuation Pause) (young) 106M->49M(128M), 0.0139953 secs]
Application time: 0.1114089 seconds
[GC pause (G1 Evacuation Pause) (young) 105M->52M(128M), 0.0165927 secs]
Application time: 0.1245146 seconds
[GC pause (G1 Evacuation Pause) (young) 106M->59M(128M), 0.0221264 secs]
Application time: 0.0928641 seconds
[GC pause (G1 Evacuation Pause) (young) 106M->65M(128M), 0.0186880 secs]
Application time: 0.1026977 seconds
[GC pause (G1 Evacuation Pause) (young) (initial-mark) 106M->69M(128M), 0.0216345 secs]
[GC concurrent-root-region-scan-start]
[GC concurrent-root-region-scan-end, 0.0095117 secs]
[GC concurrent-mark-start]
[GC concurrent-mark-end, 0.0839766 secs]
Application time: 0.0935694 seconds
[GC remark, 0.0070219 secs]
Application time: 0.0000745 seconds
[GC cleanup 97M->70M(128M), 0.0003447 secs]
[GC concurrent-cleanup-start]
[GC concurrent-cleanup-end, 0.0000390 secs]
Application time: 0.0202835 seconds
[GC pause (G1 Evacuation Pause) (young) 80M->43M(128M), 0.0113004 secs]
Application time: 0.0060004 seconds
[GC pause (G1 Evacuation Pause) (mixed) 46M->34M(128M), 0.0079088 secs]
Application time: 0.1444542 seconds
[GC pause (G1 Evacuation Pause) (young) 103M->43M(128M), 0.0113843 secs]
Application time: 0.1316646 seconds
[GC pause (G1 Evacuation Pause) (young) 104M->49M(128M), 0.0170776 secs]
Application time: 0.1052950 seconds
[GC pause (G1 Evacuation Pause) (young) 103M->52M(128M), 0.0172733 secs]
Application time: 0.0935075 seconds
[GC pause (G1 Evacuation Pause) (young) 105M->58M(128M), 0.0175327 secs]
Application time: 0.0892742 seconds
[GC pause (G1 Evacuation Pause) (young) 106M->62M(128M), 0.0134058 secs]
Application time: 0.0873457 seconds
[GC pause (G1 Evacuation Pause) (young) (initial-mark) 107M->67M(128M), 0.0170759 secs]
[GC concurrent-root-region-scan-start]
[GC concurrent-root-region-scan-end, 0.0157430 secs]
[GC concurrent-mark-start]
[GC concurrent-mark-end, 0.0810197 secs]
Application time: 0.0968692 seconds
[GC remark, 0.0081027 secs]
Application time: 0.0000688 seconds
[GC cleanup 93M->65M(128M), 0.0003976 secs]
[GC concurrent-cleanup-start]
[GC concurrent-cleanup-end, 0.0000473 secs]
Application time: 0.0267711 seconds
[GC pause (G1 Evacuation Pause) (young) 79M->43M(128M), 0.0140642 secs]
Application time: 0.0076729 seconds
[GC pause (G1 Evacuation Pause) (mixed) 46M->37M(128M), 0.0120621 secs]
Application time: 0.1690538 seconds
[GC pause (G1 Evacuation Pause) (young) 106M->48M(128M), 0.0182516 secs]
Application time: 0.1041597 seconds
[GC pause (G1 Evacuation Pause) (young) 105M->49M(128M), 0.0154699 secs]
Application time: 0.1063213 seconds
[GC pause (G1 Evacuation Pause) (young) 106M->55M(128M), 0.0197485 secs]
Application time: 0.1186928 seconds
[GC pause (G1 Evacuation Pause) (young) 106M->63M(128M), 0.0225922 secs]
Application time: 0.0938860 seconds
[GC pause (G1 Evacuation Pause) (young) 105M->67M(128M), 0.0240477 secs]
Application time: 0.0700325 seconds
[GC pause (G1 Evacuation Pause) (young) (initial-mark) 105M->67M(128M), 0.0133842 secs]
[GC concurrent-root-region-scan-start]
[GC concurrent-root-region-scan-end, 0.0071055 secs]
[GC concurrent-mark-start]
[GC concurrent-mark-end, 0.0982280 secs]
Application time: 0.1054369 seconds
[GC remark, 0.0081957 secs]
Application time: 0.0000811 seconds
[GC cleanup 101M->76M(128M), 0.0004279 secs]
[GC concurrent-cleanup-start]
[GC concurrent-cleanup-end, 0.0000473 secs]
Application time: 0.0096957 seconds
[GC pause (G1 Evacuation Pause) (young) 83M->44M(128M), 0.0062071 secs]
Application time: 0.0035813 seconds
[GC pause (G1 Evacuation Pause) (mixed) 45M->35M(128M), 0.0060042 secs]
Application time: 0.1690209 seconds
[GC pause (G1 Evacuation Pause) (young) 107M->48M(128M), 0.0230031 secs]
Application time: 0.1241321 seconds
[GC pause (G1 Evacuation Pause) (young) 104M->51M(128M), 0.0230927 secs]
Application time: 0.0870834 seconds
[GC pause (G1 Evacuation Pause) (young) 106M->51M(128M), 0.0162464 secs]
Application time: 0.1150075 seconds
[GC pause (G1 Evacuation Pause) (young) 108M->58M(128M), 0.0143541 secs]
Application time: 0.1276036 seconds
[GC pause (G1 Evacuation Pause) (young) 106M->65M(128M), 0.0207832 secs]
Application time: 0.0863170 seconds
[GC pause (G1 Evacuation Pause) (young) (initial-mark) 107M->68M(128M), 0.0209757 secs]
[GC concurrent-root-region-scan-start]
[GC concurrent-root-region-scan-end, 0.0075042 secs]
[GC concurrent-mark-start]
Application time: 0.1225829 seconds
[GC concurrent-mark-end, 0.1151391 secs]
[GC pause (G1 Evacuation Pause) (young) 108M->73M(128M), 0.0188368 secs]
Application time: 0.0062981 seconds
[GC remark, 0.0071483 secs]
Application time: 0.0023169 seconds
[GC cleanup 76M->48M(128M), 0.0003259 secs]
[GC concurrent-cleanup-start]
[GC concurrent-cleanup-end, 0.0000361 secs]
Application time: 0.0787889 seconds
[GC pause (G1 Evacuation Pause) (young) 80M->48M(128M), 0.0125918 secs]
Application time: 0.0053929 seconds
[GC pause (G1 Evacuation Pause) (mixed) 51M->43M(128M), 0.0141558 secs]
Application time: 0.1192425 seconds
[GC pause (G1 Evacuation Pause) (young) 102M->50M(128M), 0.0127392 secs]
Application time: 0.1079988 seconds
[GC pause (G1 Evacuation Pause) (young) 103M->57M(128M), 0.0149374 secs]
Application time: 0.0951031 seconds
[GC pause (G1 Evacuation Pause) (young) 106M->62M(128M), 0.0192364 secs]
Application time: 0.0940079 seconds
[GC pause (G1 Evacuation Pause) (young) 106M->66M(128M), 0.0152957 secs]
Application time: 0.0770614 seconds
[GC pause (G1 Evacuation Pause) (young) (initial-mark) 106M->68M(128M), 0.0121024 secs]
[GC concurrent-root-region-scan-start]
[GC concurrent-root-region-scan-end, 0.0034466 secs]
[GC concurrent-mark-start]
[GC concurrent-mark-end, 0.1023242 secs]
Application time: 0.1058702 seconds
[GC remark, 0.0071347 secs]
Application time: 0.0000408 seconds
[GC cleanup 99M->75M(128M), 0.0003429 secs]
[GC concurrent-cleanup-start]
[GC concurrent-cleanup-end, 0.0000395 secs]
Application time: 0.0175911 seconds
[GC pause (G1 Evacuation Pause) (young) 84M->49M(128M), 0.0108692 secs]
Application time: 0.0020980 seconds
[GC pause (G1 Evacuation Pause) (mixed) 50M->40M(128M), 0.0132878 secs]
Application time: 0.1251813 seconds
[GC pause (G1 Evacuation Pause) (young) 102M->48M(128M), 0.0196278 secs]
Application time: 0.1217248 seconds
[GC pause (G1 Evacuation Pause) (young) 104M->52M(128M), 0.0136971 secs]
Application time: 0.0927802 seconds
[GC pause (G1 Evacuation Pause) (young) 104M->56M(128M), 0.0155711 secs]
Application time: 0.0952994 seconds
[GC pause (G1 Evacuation Pause) (young) 106M->61M(128M), 0.0134596 secs]
Application time: 0.1002429 seconds
[GC pause (G1 Evacuation Pause) (young) 107M->68M(128M), 0.0174936 secs]
Application time: 0.0819268 seconds
[GC pause (G1 Evacuation Pause) (young) (initial-mark) 106M->72M(128M), 0.0166135 secs]
[GC concurrent-root-region-scan-start]
[GC concurrent-root-region-scan-end, 0.0066750 secs]
[GC concurrent-mark-start]
[GC concurrent-mark-end, 0.0960628 secs]
Application time: 0.1028389 seconds
[GC remark, 0.0076350 secs]
Application time: 0.0000437 seconds
[GC cleanup 103M->72M(128M), 0.0003370 secs]
[GC concurrent-cleanup-start]
[GC concurrent-cleanup-end, 0.0000478 secs]
Application time: 0.0058486 seconds
[GC pause (G1 Evacuation Pause) (young) 76M->41M(128M), 0.0110209 secs]
Application time: 0.0080735 seconds
[GC pause (G1 Evacuation Pause) (mixed) 46M->34M(128M), 0.0141612 secs]
Application time: 0.1191280 seconds
[GC pause (G1 Evacuation Pause) (young) 106M->40M(128M), 0.0125847 secs]
Application time: 0.1461863 seconds
[GC pause (G1 Evacuation Pause) (young) 104M->51M(128M), 0.0200584 secs]
Application time: 0.0927487 seconds
[GC pause (G1 Evacuation Pause) (young) 104M->55M(128M), 0.0199330 secs]
Application time: 0.0797425 seconds
[GC pause (G1 Evacuation Pause) (young) 106M->61M(128M), 0.0216835 secs]
Application time: 0.1032286 seconds
[GC pause (G1 Evacuation Pause) (young) 107M->66M(128M), 0.0168687 secs]
Application time: 0.1008116 seconds
[GC pause (G1 Evacuation Pause) (young) (initial-mark) 108M->72M(128M), 0.0214649 secs]
[GC concurrent-root-region-scan-start]
[GC concurrent-root-region-scan-end, 0.0128590 secs]
[GC concurrent-mark-start]
[GC concurrent-mark-end, 0.0785718 secs]
Application time: 0.0915470 seconds
[GC remark, 0.0086105 secs]
Application time: 0.0022020 seconds
[GC cleanup 94M->60M(128M), 0.0004473 secs]
[GC concurrent-cleanup-start]
[GC concurrent-cleanup-end, 0.0000517 secs]
Application time: 0.0275700 seconds
[GC pause (G1 Evacuation Pause) (young) 74M->40M(128M), 0.0147301 secs]
Application time: 0.0061553 seconds
[GC pause (G1 Evacuation Pause) (mixed) 43M->36M(128M), 0.0112304 secs]
Application time: 0.1159887 seconds
[GC pause (G1 Evacuation Pause) (young) 102M->41M(128M), 0.0121158 secs]
Application time: 0.1323243 seconds
[GC pause (G1 Evacuation Pause) (young) 102M->52M(128M), 0.0206501 secs]
Application time: 0.1252405 seconds
[GC pause (G1 Evacuation Pause) (young) 104M->56M(128M), 0.0252446 secs]
Application time: 0.0827577 seconds
[GC pause (G1 Evacuation Pause) (young) 105M->56M(128M), 0.0131738 secs]
Application time: 0.0754489 seconds
[GC pause (G1 Evacuation Pause) (young) 107M->58M(128M), 0.0071312 secs]
Application time: 0.1340773 seconds
[GC pause (G1 Evacuation Pause) (young) 107M->70M(128M), 0.0240229 secs]
Application time: 0.0974021 seconds
[GC pause (G1 Evacuation Pause) (young) (initial-mark) 106M->73M(128M), 0.0232037 secs]
[GC concurrent-root-region-scan-start]
[GC concurrent-root-region-scan-end, 0.0081334 secs]
[GC concurrent-mark-start]
[GC concurrent-mark-end, 0.0728981 secs]
Application time: 0.0811213 seconds
[GC remark, 0.0094065 secs]
Application time: 0.0000578 seconds
[GC cleanup 93M->62M(128M), 0.0004578 secs]
[GC concurrent-cleanup-start]
[GC concurrent-cleanup-end, 0.0000502 secs]
Application time: 0.0277340 seconds
[GC pause (G1 Evacuation Pause) (young) 76M->42M(128M), 0.0155240 secs]
Application time: 0.0060830 seconds
[GC pause (G1 Evacuation Pause) (mixed) 45M->34M(128M), 0.0050565 secs]
Application time: 0.1002966 seconds
[GC pause (G1 Evacuation Pause) (young) 103M->35M(128M), 0.0052141 secs]
Application time: 0.1739627 seconds
[GC pause (G1 Evacuation Pause) (young) 103M->51M(128M), 0.0228992 secs]
Application time: 0.1081707 seconds
[GC pause (G1 Evacuation Pause) (young) 104M->55M(128M), 0.0252179 secs]
Application time: 0.0837440 seconds
[GC pause (G1 Evacuation Pause) (young) 106M->59M(128M), 0.0187989 secs]
Application time: 0.0960572 seconds
[GC pause (G1 Evacuation Pause) (young) 107M->63M(128M), 0.0153259 secs]
Application time: 0.1105120 seconds
[GC pause (G1 Evacuation Pause) (young) (initial-mark) 108M->70M(128M), 0.0233560 secs]
[GC concurrent-root-region-scan-start]
[GC concurrent-root-region-scan-end, 0.0077676 secs]
[GC concurrent-mark-start]
[GC concurrent-mark-end, 0.0864636 secs]
Application time: 0.0943216 seconds
[GC remark, 0.0081735 secs]
Application time: 0.0000544 seconds
[GC cleanup 91M->55M(128M), 0.0004311 secs]
[GC concurrent-cleanup-start]
[GC concurrent-cleanup-end, 0.0000574 secs]
Application time: 0.0309406 seconds
[GC pause (G1 Evacuation Pause) (young) 71M->38M(128M), 0.0211792 secs]
Application time: 0.0040064 seconds
[GC pause (G1 Evacuation Pause) (mixed) 40M->37M(128M), 0.0125342 secs]
Application time: 0.1252132 seconds
[GC pause (G1 Evacuation Pause) (young) 103M->43M(128M), 0.0115994 secs]
Application time: 0.1187304 seconds
[GC pause (G1 Evacuation Pause) (young) 104M->47M(128M), 0.0140160 secs]
Application time: 0.1229095 seconds
[GC pause (G1 Evacuation Pause) (young) 104M->52M(128M), 0.0212125 secs]
Application time: 0.1179339 seconds
[GC pause (G1 Evacuation Pause) (young) 106M->61M(128M), 0.0250449 secs]
Application time: 0.1035568 seconds
[GC pause (G1 Evacuation Pause) (young) 106M->64M(128M), 0.0246990 secs]
Application time: 0.0782016 seconds
[GC pause (G1 Evacuation Pause) (young) (initial-mark) 107M->64M(128M), 0.0127281 secs]
[GC concurrent-root-region-scan-start]
[GC concurrent-root-region-scan-end, 0.0066568 secs]
[GC concurrent-mark-start]
[GC concurrent-mark-end, 0.0847141 secs]
Application time: 0.0914584 seconds
[GC remark, 0.0086862 secs]
Application time: 0.0000474 seconds
[GC cleanup 91M->68M(128M), 0.0003950 secs]
[GC concurrent-cleanup-start]
[GC concurrent-cleanup-end, 0.0000477 secs]
Application time: 0.0388244 seconds
[GC pause (G1 Evacuation Pause) (young) 85M->47M(128M), 0.0131864 secs]
Application time: 0.0019742 seconds
[GC pause (G1 Evacuation Pause) (mixed) 48M->40M(128M), 0.0126396 secs]
Application time: 0.1448201 seconds
[GC pause (G1 Evacuation Pause) (young) 105M->50M(128M), 0.0227754 secs]
Application time: 0.1172887 seconds
[GC pause (G1 Evacuation Pause) (young) 104M->52M(128M), 0.0181336 secs]
Application time: 0.0877068 seconds
[GC pause (G1 Evacuation Pause) (young) 104M->52M(128M), 0.0140875 secs]
Application time: 0.0959510 seconds
[GC pause (G1 Evacuation Pause) (young) 106M->62M(128M), 0.0165350 secs]
Application time: 0.1189551 seconds
[GC pause (G1 Evacuation Pause) (young) 106M->68M(128M), 0.0237359 secs]
Application time: 0.0816439 seconds
[GC pause (G1 Evacuation Pause) (young) (initial-mark) 106M->71M(128M), 0.0213721 secs]
[GC concurrent-root-region-scan-start]
[GC concurrent-root-region-scan-end, 0.0029109 secs]
[GC concurrent-mark-start]
[GC concurrent-mark-end, 0.1070563 secs]
Application time: 0.1100487 seconds
[GC remark, 0.0077492 secs]
Application time: 0.0000652 seconds
[GC cleanup 105M->76M(128M), 0.0004704 secs]
[GC concurrent-cleanup-start]
[GC concurrent-cleanup-end, 0.0000484 secs]
Application time: 0.0036563 seconds
[GC pause (G1 Evacuation Pause) (young) 78M->42M(128M), 0.0129162 secs]
Application time: 0.0063966 seconds
[GC pause (G1 Evacuation Pause) (mixed) 46M->34M(128M), 0.0040365 secs]
Application time: 0.0974470 seconds
[GC pause (G1 Evacuation Pause) (young) 100M->44M(128M), 0.0120728 secs]
Application time: 0.1595416 seconds
[GC pause (G1 Evacuation Pause) (young) 102M->51M(128M), 0.0221498 secs]
Application time: 0.1049668 seconds
[GC pause (G1 Evacuation Pause) (young) 103M->53M(128M), 0.0211834 secs]
Application time: 0.0760190 seconds
[GC pause (G1 Evacuation Pause) (young) 105M->53M(128M), 0.0122901 secs]
Application time: 0.1113259 seconds
[GC pause (G1 Evacuation Pause) (young) 107M->66M(128M), 0.0173621 secs]
Application time: 0.1035906 seconds
[GC pause (G1 Evacuation Pause) (young) (initial-mark) 105M->72M(128M), 0.0260457 secs]
[GC concurrent-root-region-scan-start]
[GC concurrent-root-region-scan-end, 0.0157109 secs]
[GC concurrent-mark-start]
[GC concurrent-mark-end, 0.0833121 secs]
Application time: 0.0993414 seconds
[GC remark, 0.0085458 secs]
Application time: 0.0000548 seconds
[GC cleanup 100M->65M(128M), 0.0004338 secs]
[GC concurrent-cleanup-start]
[GC concurrent-cleanup-end, 0.0000590 secs]
Application time: 0.0137197 seconds
[GC pause (G1 Evacuation Pause) (young) 71M->38M(128M), 0.0180023 secs]
Application time: 0.0094218 seconds
[GC pause (G1 Evacuation Pause) (mixed) 43M->35M(128M), 0.0066390 secs]
Application time: 0.1098859 seconds
[GC pause (G1 Evacuation Pause) (young) 104M->39M(128M), 0.0082129 secs]
Application time: 0.1387153 seconds
[GC pause (G1 Evacuation Pause) (young) 103M->49M(128M), 0.0193297 secs]
Application time: 0.1363904 seconds
[GC pause (G1 Evacuation Pause) (young) 103M->53M(128M), 0.0228323 secs]
Application time: 0.0948823 seconds
[GC pause (G1 Evacuation Pause) (young) 104M->53M(128M), 0.0146949 secs]
Application time: 0.1009564 seconds
[GC pause (G1 Evacuation Pause) (young) 106M->59M(128M), 0.0124786 secs]
Application time: 0.1458959 seconds
[GC pause (G1 Evacuation Pause) (young) 106M->68M(128M), 0.0234953 secs]
Application time: 0.1144415 seconds
[GC pause (G1 Evacuation Pause) (young) (initial-mark) 106M->72M(128M), 0.0294627 secs]
[GC concurrent-root-region-scan-start]
[GC concurrent-root-region-scan-end, 0.0081482 secs]
[GC concurrent-mark-start]
[GC concurrent-mark-end, 0.1085511 secs]
Application time: 0.1167963 seconds
[GC remark, 0.0084690 secs]
Application time: 0.0000934 seconds
[GC cleanup 106M->74M(128M), 0.0004344 secs]
[GC concurrent-cleanup-start]
[GC concurrent-cleanup-end, 0.0000632 secs]
Application time: 0.0033593 seconds
[GC pause (G1 Evacuation Pause) (young) 75M->40M(128M), 0.0139208 secs]
Application time: 0.0104298 seconds
[GC pause (G1 Evacuation Pause) (mixed) 45M->34M(128M), 0.0043810 secs]
Application time: 0.1526292 seconds
[GC pause (G1 Evacuation Pause) (young) 105M->42M(128M), 0.0142432 secs]
Application time: 0.1839062 seconds
[GC pause (G1 Evacuation Pause) (young) 105M->49M(128M), 0.0211094 secs]
Application time: 0.1224704 seconds
[GC pause (G1 Evacuation Pause) (young) 104M->52M(128M), 0.0212841 secs]
Application time: 0.1045995 seconds
[GC pause (G1 Evacuation Pause) (young) 106M->58M(128M), 0.0190752 secs]
Application time: 0.0956723 seconds
[GC pause (G1 Evacuation Pause) (young) 106M->66M(128M), 0.0181347 secs]
Application time: 0.1013593 seconds
[GC pause (G1 Evacuation Pause) (young) (initial-mark) 106M->70M(128M), 0.0216266 secs]
[GC concurrent-root-region-scan-start]
[GC concurrent-root-region-scan-end, 0.0139172 secs]
[GC concurrent-mark-start]
[GC concurrent-mark-end, 0.0880062 secs]
Application time: 0.1019938 seconds
[GC remark, 0.0074051 secs]
Application time: 0.0000500 seconds
[GC cleanup 98M->69M(128M), 0.0003528 secs]
[GC concurrent-cleanup-start]
[GC concurrent-cleanup-end, 0.0000415 secs]
Application time: 0.0183965 seconds
[GC pause (G1 Evacuation Pause) (young) 78M->43M(128M), 0.0117113 secs]
Application time: 0.0060151 seconds
[GC pause (G1 Evacuation Pause) (mixed) 46M->35M(128M), 0.0141297 secs]
Application time: 0.1369098 seconds
[GC pause (G1 Evacuation Pause) (young) 103M->44M(128M), 0.0103052 secs]
Application time: 0.1177780 seconds
[GC pause (G1 Evacuation Pause) (young) 104M->50M(128M), 0.0176994 secs]
Application time: 0.1242907 seconds
[GC pause (G1 Evacuation Pause) (young) 104M->54M(128M), 0.0204074 secs]
Application time: 0.0958149 seconds
[GC pause (G1 Evacuation Pause) (young) 105M->58M(128M), 0.0165365 secs]
Application time: 0.1080781 seconds
[GC pause (G1 Evacuation Pause) (young) 106M->63M(128M), 0.0181802 secs]
Application time: 0.0946870 seconds
[GC pause (G1 Evacuation Pause) (young) (initial-mark) 107M->68M(128M), 0.0214497 secs]
[GC concurrent-root-region-scan-start]
[GC concurrent-root-region-scan-end, 0.0138745 secs]
[GC concurrent-mark-start]
[GC concurrent-mark-end, 0.0781711 secs]
Application time: 0.0921773 seconds
[GC remark, 0.0083110 secs]
Application time: 0.0000642 seconds
[GC cleanup 87M->56M(128M), 0.0004448 secs]
[GC concurrent-cleanup-start]
[GC concurrent-cleanup-end, 0.0000698 secs]
Application time: 0.0509226 seconds
[GC pause (G1 Evacuation Pause) (young) 76M->41M(128M), 0.0209151 secs]
Application time: 0.0042865 seconds
[GC pause (G1 Evacuation Pause) (mixed) 43M->36M(128M), 0.0127806 secs]
Application time: 0.1330650 seconds
[GC pause (G1 Evacuation Pause) (young) 103M->43M(128M), 0.0158615 secs]
Application time: 0.1333157 seconds
[GC pause (G1 Evacuation Pause) (young) 104M->46M(128M), 0.0167547 secs]
Application time: 0.1322996 seconds
[GC pause (G1 Evacuation Pause) (young) 104M->53M(128M), 0.0228212 secs]
Application time: 0.0998123 seconds
[GC pause (G1 Evacuation Pause) (young) 105M->56M(128M), 0.0173174 secs]
Application time: 0.1092266 seconds
[GC pause (G1 Evacuation Pause) (young) 105M->63M(128M), 0.0240510 secs]
Application time: 0.0829592 seconds
[GC pause (G1 Evacuation Pause) (young) 107M->66M(128M), 0.0174526 secs]
Application time: 0.0864472 seconds
[GC pause (G1 Evacuation Pause) (young) (initial-mark) 107M->72M(128M), 0.0205153 secs]
[GC concurrent-root-region-scan-start]
[GC concurrent-root-region-scan-end, 0.0176156 secs]
[GC concurrent-mark-start]
[GC concurrent-mark-end, 0.0836694 secs]
Application time: 0.1013741 seconds
[GC remark, 0.0079373 secs]
Application time: 0.0000653 seconds
[GC cleanup 103M->73M(128M), 0.0004365 secs]
[GC concurrent-cleanup-start]
[GC concurrent-cleanup-end, 0.0000616 secs]
Application time: 0.0101786 seconds
[GC pause (G1 Evacuation Pause) (young) 78M->46M(128M), 0.0154437 secs]
Application time: 0.0070576 seconds
[GC pause (G1 Evacuation Pause) (mixed) 49M->37M(128M), 0.0121396 secs]
Application time: 0.1545828 seconds
[GC pause (G1 Evacuation Pause) (young) 104M->46M(128M), 0.0176874 secs]
Application time: 0.1076873 seconds
[GC pause (G1 Evacuation Pause) (young) 104M->48M(128M), 0.0147072 secs]
Application time: 0.1083907 seconds
[GC pause (G1 Evacuation Pause) (young) 106M->54M(128M), 0.0203937 secs]
Application time: 0.1177432 seconds
[GC pause (G1 Evacuation Pause) (young) 106M->64M(128M), 0.0330715 secs]
Application time: 0.0928076 seconds
[GC pause (G1 Evacuation Pause) (young) 106M->68M(128M), 0.0226644 secs]
Application time: 0.0665766 seconds
[GC pause (G1 Evacuation Pause) (young) (initial-mark) 107M->67M(128M), 0.0128040 secs]
[GC concurrent-root-region-scan-start]
[GC concurrent-root-region-scan-end, 0.0098461 secs]
[GC concurrent-mark-start]
[GC concurrent-mark-end, 0.1011580 secs]
Application time: 0.1111211 seconds
[GC remark, 0.0083478 secs]
Application time: 0.0000508 seconds
[GC cleanup 108M->82M(128M), 0.0004373 secs]
[GC concurrent-cleanup-start]
[GC concurrent-cleanup-end, 0.0000456 secs]
Application time: 0.0019774 seconds
[GC pause (G1 Evacuation Pause) (young) 82M->44M(128M), 0.0069886 secs]
Application time: 0.0016416 seconds
[GC pause (G1 Evacuation Pause) (mixed) 45M->35M(128M), 0.0069148 secs]
Application time: 0.1653058 seconds
[GC pause (G1 Evacuation Pause) (young) 107M->50M(128M), 0.0254961 secs]
Application time: 0.1131293 seconds
[GC pause (G1 Evacuation Pause) (young) 104M->51M(128M), 0.0208568 secs]
Application time: 0.0841295 seconds
[GC pause (G1 Evacuation Pause) (young) 105M->51M(128M), 0.0151029 secs]
Application time: 0.0956671 seconds
[GC pause (G1 Evacuation Pause) (young) 107M->63M(128M), 0.0186934 secs]
Application time: 0.1201639 seconds
[GC pause (G1 Evacuation Pause) (young) 105M->69M(128M), 0.0267095 secs]
Application time: 0.0755382 seconds
[GC pause (G1 Evacuation Pause) (young) (initial-mark) 105M->70M(128M), 0.0180815 secs]
[GC concurrent-root-region-scan-start]
[GC concurrent-root-region-scan-end, 0.0090359 secs]
[GC concurrent-mark-start]
[GC concurrent-mark-end, 0.0936063 secs]
Application time: 0.1027388 seconds
[GC remark, 0.0081541 secs]
Application time: 0.0000911 seconds
[GC cleanup 103M->71M(128M), 0.0004526 secs]
[GC concurrent-cleanup-start]
[GC concurrent-cleanup-end, 0.0000524 secs]
Application time: 0.0071048 seconds
[GC pause (G1 Evacuation Pause) (young) 75M->38M(128M), 0.0067707 secs]
Application time: 0.0162613 seconds
[GC pause (G1 Evacuation Pause) (mixed) 43M->33M(128M), 0.0020971 secs]
Application time: 0.1196701 seconds
[GC pause (G1 Evacuation Pause) (young) 106M->44M(128M), 0.0143895 secs]
Application time: 0.1467699 seconds
[GC pause (G1 Evacuation Pause) (young) 103M->52M(128M), 0.0253735 secs]
Application time: 0.0930715 seconds
[GC pause (G1 Evacuation Pause) (young) 104M->53M(128M), 0.0185555 secs]
Application time: 0.0903117 seconds
[GC pause (G1 Evacuation Pause) (young) 106M->59M(128M), 0.0183907 secs]
Application time: 0.0893041 seconds
[GC pause (G1 Evacuation Pause) (young) 106M->66M(128M), 0.0176167 secs]
Application time: 0.0972348 seconds
[GC pause (G1 Evacuation Pause) (young) (initial-mark) 106M->70M(128M), 0.0190546 secs]
[GC concurrent-root-region-scan-start]
[GC concurrent-root-region-scan-end, 0.0046651 secs]
[GC concurrent-mark-start]
[GC concurrent-mark-end, 0.0449821 secs]
Application time: 0.0497280 seconds
[GC remark, 0.0077272 secs]
Application time: 0.0000578 seconds
[GC cleanup 78M->47M(128M), 0.0004309 secs]
[GC concurrent-cleanup-start]
[GC concurrent-cleanup-end, 0.0000598 secs]
Application time: 0.0582734 seconds
[GC pause (G1 Evacuation Pause) (young) 76M->41M(128M), 0.0140846 secs]
Application time: 0.0059435 seconds
[GC pause (G1 Evacuation Pause) (mixed) 44M->36M(128M), 0.0086831 secs]
Application time: 0.1255193 seconds
[GC pause (G1 Evacuation Pause) (young) 104M->42M(128M), 0.0111246 secs]
Application time: 0.1152640 seconds
[GC pause (G1 Evacuation Pause) (young) 104M->50M(128M), 0.0201136 secs]
Application time: 0.1122290 seconds
[GC pause (G1 Evacuation Pause) (young) 103M->54M(128M), 0.0232558 secs]
Application time: 0.1053928 seconds
[GC pause (G1 Evacuation Pause) (young) 106M->60M(128M), 0.0200003 secs]
Application time: 0.0924634 seconds
[GC pause (G1 Evacuation Pause) (young) 105M->64M(128M), 0.0156459 secs]
Application time: 0.0743670 seconds
[GC pause (G1 Evacuation Pause) (young) (initial-mark) 107M->63M(128M), 0.0133223 secs]
[GC concurrent-root-region-scan-start]
[GC concurrent-root-region-scan-end, 0.0074774 secs]
[GC concurrent-mark-start]
[GC concurrent-mark-end, 0.0903148 secs]
Application time: 0.0979023 seconds
[GC remark, 0.0077897 secs]
Application time: 0.0000376 seconds
[GC cleanup 89M->64M(128M), 0.0004388 secs]
[GC concurrent-cleanup-start]
[GC concurrent-cleanup-end, 0.0000344 secs]
Application time: 0.0403586 seconds
[GC pause (G1 Evacuation Pause) (young) 83M->45M(128M), 0.0149399 secs]
Application time: 0.0020622 seconds
[GC pause (G1 Evacuation Pause) (mixed) 46M->40M(128M), 0.0161305 secs]
Application time: 0.1292505 seconds
[GC pause (G1 Evacuation Pause) (young) 103M->48M(128M), 0.0198575 secs]
Application time: 0.1110696 seconds
[GC pause (G1 Evacuation Pause) (young) 104M->52M(128M), 0.0167230 secs]
Application time: 0.0956378 seconds
[GC pause (G1 Evacuation Pause) (young) 106M->57M(128M), 0.0203595 secs]
Application time: 0.0956349 seconds
[GC pause (G1 Evacuation Pause) (young) 106M->61M(128M), 0.0137456 secs]
Application time: 0.1097336 seconds
[GC pause (G1 Evacuation Pause) (young) (initial-mark) 107M->69M(128M), 0.0245694 secs]
[GC concurrent-root-region-scan-start]
[GC concurrent-root-region-scan-end, 0.0150796 secs]
[GC concurrent-mark-start]
[GC concurrent-mark-end, 0.0761302 secs]
Application time: 0.0912969 seconds
[GC remark, 0.0085306 secs]
Application time: 0.0000456 seconds
[GC cleanup 93M->63M(128M), 0.0004338 secs]
[GC concurrent-cleanup-start]
[GC concurrent-cleanup-end, 0.0000400 secs]
Application time: 0.0259794 seconds
[GC pause (G1 Evacuation Pause) (young) 77M->41M(128M), 0.0153625 secs]
Application time: 0.0061121 seconds
[GC pause (G1 Evacuation Pause) (mixed) 44M->35M(128M), 0.0107469 secs]
Application time: 0.1228211 seconds
[GC pause (G1 Evacuation Pause) (young) 105M->42M(128M), 0.0099231 secs]
Application time: 0.1357598 seconds
[GC pause (G1 Evacuation Pause) (young) 104M->49M(128M), 0.0199802 secs]
Application time: 0.1178907 seconds
[GC pause (G1 Evacuation Pause) (young) 103M->53M(128M), 0.0216068 secs]
Application time: 0.0833142 seconds
[GC pause (G1 Evacuation Pause) (young) 104M->53M(128M), 0.0129002 secs]
Application time: 0.0930721 seconds
[GC pause (G1 Evacuation Pause) (young) 107M->59M(128M), 0.0134061 secs]
Application time: 0.1212148 seconds
[GC pause (G1 Evacuation Pause) (young) 106M->69M(128M), 0.0234463 secs]
Application time: 0.0834799 seconds
[GC pause (G1 Evacuation Pause) (young) (initial-mark) 106M->71M(128M), 0.0228880 secs]
[GC concurrent-root-region-scan-start]
[GC concurrent-root-region-scan-end, 0.0112918 secs]
[GC concurrent-mark-start]
[GC concurrent-mark-end, 0.0949392 secs]
Application time: 0.1063428 seconds
[GC remark, 0.0083727 secs]
Application time: 0.0000801 seconds
[GC cleanup 104M->73M(128M), 0.0004124 secs]
[GC concurrent-cleanup-start]
[GC concurrent-cleanup-end, 0.0000444 secs]
Application time: 0.0033818 seconds
[GC pause (G1 Evacuation Pause) (young) 75M->40M(128M), 0.0120420 secs]
Application time: 0.0051288 seconds
[GC pause (G1 Evacuation Pause) (mixed) 43M->35M(128M), 0.0037429 secs]
Application time: 0.1176279 seconds
[GC pause (G1 Evacuation Pause) (young) 107M->40M(128M), 0.0111987 secs]
Application time: 0.1661023 seconds
[GC pause (G1 Evacuation Pause) (young) 105M->51M(128M), 0.0231818 secs]
Application time: 0.0998584 seconds
[GC pause (G1 Evacuation Pause) (young) 105M->53M(128M), 0.0224913 secs]
Application time: 0.0835341 seconds
[GC pause (G1 Evacuation Pause) (young) 107M->53M(128M), 0.0110697 secs]
Application time: 0.1286807 seconds
[GC pause (G1 Evacuation Pause) (young) 108M->69M(128M), 0.0204993 secs]
Application time: 0.0947996 seconds
[GC pause (G1 Evacuation Pause) (young) (initial-mark) 106M->73M(128M), 0.0251758 secs]
[GC concurrent-root-region-scan-start]
[GC concurrent-root-region-scan-end, 0.0055427 secs]
[GC concurrent-mark-start]
[GC concurrent-mark-end, 0.0421293 secs]
Application time: 0.0477806 seconds
[GC remark, 0.0087797 secs]
Application time: 0.0000692 seconds
[GC cleanup 82M->51M(128M), 0.0004296 secs]
[GC concurrent-cleanup-start]
[GC concurrent-cleanup-end, 0.0000495 secs]
Application time: 0.0518626 seconds
[GC pause (G1 Evacuation Pause) (young) 76M->43M(128M), 0.0156222 secs]
Application time: 0.0095130 seconds
[GC pause (G1 Evacuation Pause) (mixed) 48M->34M(128M), 0.0052546 secs]
Application time: 0.1001522 seconds
[GC pause (G1 Evacuation Pause) (young) 101M->33M(128M), 0.0023657 secs]
Application time: 0.1693430 seconds
[GC pause (G1 Evacuation Pause) (young) 102M->52M(128M), 0.0230332 secs]
Application time: 0.1114028 seconds
[GC pause (G1 Evacuation Pause) (young) 104M->53M(128M), 0.0222096 secs]
Application time: 0.0805972 seconds
[GC pause (G1 Evacuation Pause) (young) 105M->53M(128M), 0.0118035 secs]
Application time: 0.1107899 seconds
[GC pause (G1 Evacuation Pause) (young) 107M->65M(128M), 0.0160578 secs]
Application time: 0.1141480 seconds
[GC pause (G1 Evacuation Pause) (young) (initial-mark) 106M->72M(128M), 0.0236645 secs]
[GC concurrent-root-region-scan-start]
[GC concurrent-root-region-scan-end, 0.0149084 secs]
[GC concurrent-mark-start]
[GC concurrent-mark-end, 0.0829149 secs]
Application time: 0.0979363 seconds
[GC remark, 0.0085825 secs]
Application time: 0.0000452 seconds
[GC cleanup 97M->63M(128M), 0.0004137 secs]
[GC concurrent-cleanup-start]
[GC concurrent-cleanup-end, 0.0000555 secs]
Application time: 0.0248690 seconds
[GC pause (G1 Evacuation Pause) (young) 72M->38M(128M), 0.0185813 secs]
Application time: 0.0088777 seconds
[GC pause (G1 Evacuation Pause) (mixed) 42M->34M(128M), 0.0070914 secs]
Application time: 0.1095448 seconds
[GC pause (G1 Evacuation Pause) (young) 101M->37M(128M), 0.0062573 secs]
Application time: 0.1306738 seconds
[GC pause (G1 Evacuation Pause) (young) 102M->48M(128M), 0.0192330 secs]
Application time: 0.1316691 seconds
[GC pause (G1 Evacuation Pause) (young) 103M->52M(128M), 0.0209262 secs]
Application time: 0.0895462 seconds
[GC pause (G1 Evacuation Pause) (young) 104M->52M(128M), 0.0164301 secs]
Application time: 0.1032025 seconds
[GC pause (G1 Evacuation Pause) (young) 106M->60M(128M), 0.0150774 secs]
Application time: 0.0919579 seconds
[GC pause (G1 Evacuation Pause) (young) 106M->68M(128M), 0.0233337 secs]
Application time: 0.0977395 seconds
[GC pause (G1 Evacuation Pause) (young) (initial-mark) 107M->71M(128M), 0.0216921 secs]
[GC concurrent-root-region-scan-start]
[GC concurrent-root-region-scan-end, 0.0020943 secs]
[GC concurrent-mark-start]
[GC concurrent-mark-end, 0.1049485 secs]
Application time: 0.1071339 seconds
[GC remark, 0.0081332 secs]
Application time: 0.0000431 seconds
[GC cleanup 101M->69M(128M), 0.0004297 secs]
[GC concurrent-cleanup-start]
[GC concurrent-cleanup-end, 0.0000430 secs]
Application time: 0.0222969 seconds
[GC pause (G1 Evacuation Pause) (young) 76M->40M(128M), 0.0145960 secs]
Application time: 0.0039227 seconds
[GC pause (G1 Evacuation Pause) (mixed) 42M->34M(128M), 0.0054348 secs]
Application time: 0.1108657 seconds
[GC pause (G1 Evacuation Pause) (young) 99M->40M(128M), 0.0119552 secs]
Application time: 0.1345592 seconds
[GC pause (G1 Evacuation Pause) (young) 101M->49M(128M), 0.0215055 secs]
Application time: 0.1068429 seconds
[GC pause (G1 Evacuation Pause) (young) 102M->53M(128M), 0.0222977 secs]
Application time: 0.0871685 seconds
[GC pause (G1 Evacuation Pause) (young) 104M->58M(128M), 0.0201589 secs]
Application time: 0.0963659 seconds
[GC pause (G1 Evacuation Pause) (young) 105M->62M(128M), 0.0164604 secs]
Application time: 0.0975073 seconds
[GC pause (G1 Evacuation Pause) (young) (initial-mark) 105M->68M(128M), 0.0196770 secs]
[GC concurrent-root-region-scan-start]
[GC concurrent-root-region-scan-end, 0.0123105 secs]
[GC concurrent-mark-start]
[GC concurrent-mark-end, 0.0847794 secs]
Application time: 0.0971917 seconds
[GC remark, 0.0086249 secs]
Application time: 0.0007008 seconds
[GC cleanup 93M->65M(128M), 0.0004373 secs]
[GC concurrent-cleanup-start]
[GC concurrent-cleanup-end, 0.0000394 secs]
Application time: 0.0246498 seconds
[GC pause (G1 Evacuation Pause) (young) 78M->44M(128M), 0.0167283 secs]
Application time: 0.0049065 seconds
[GC pause (G1 Evacuation Pause) (mixed) 46M->36M(128M), 0.0112269 secs]
Application time: 0.1239686 seconds
[GC pause (G1 Evacuation Pause) (young) 104M->43M(128M), 0.0112625 secs]
Application time: 0.1166478 seconds
[GC pause (G1 Evacuation Pause) (young) 105M->46M(128M), 0.0133423 secs]
Application time: 0.1200830 seconds
[GC pause (G1 Evacuation Pause) (young) 105M->52M(128M), 0.0204393 secs]
Application time: 0.1004431 seconds
[GC pause (G1 Evacuation Pause) (young) 105M->61M(128M), 0.0226064 secs]
Application time: 0.1265199 seconds
[GC pause (G1 Evacuation Pause) (young) 106M->65M(128M), 0.0258965 secs]
Application time: 0.0841283 seconds
[GC pause (G1 Evacuation Pause) (young) (initial-mark) 107M->66M(128M), 0.0129362 secs]
[GC concurrent-root-region-scan-start]
[GC concurrent-root-region-scan-end, 0.0068207 secs]
[GC concurrent-mark-start]
[GC concurrent-mark-end, 0.1049346 secs]
Application time: 0.1118649 seconds
[GC remark, 0.0075895 secs]
Application time: 0.0000542 seconds
[GC cleanup 99M->75M(128M), 0.0003675 secs]
[GC concurrent-cleanup-start]
[GC concurrent-cleanup-end, 0.0000353 secs]
Application time: 0.0162223 seconds
[GC pause (G1 Evacuation Pause) (young) 84M->47M(128M), 0.0111646 secs]
Application time: 0.0021832 seconds
[GC pause (G1 Evacuation Pause) (mixed) 48M->40M(128M), 0.0083487 secs]
Application time: 0.1592074 seconds
[GC pause (G1 Evacuation Pause) (young) 105M->49M(128M), 0.0186919 secs]
Application time: 0.1365660 seconds
[GC pause (G1 Evacuation Pause) (young) 104M->52M(128M), 0.0156583 secs]
Application time: 0.0939292 seconds
[GC pause (G1 Evacuation Pause) (young) 105M->52M(128M), 0.0130423 secs]
Application time: 0.0907512 seconds
[GC pause (G1 Evacuation Pause) (young) 106M->62M(128M), 0.0155812 secs]
Application time: 0.1341318 seconds
[GC pause (G1 Evacuation Pause) (young) 105M->66M(128M), 0.0200545 secs]
Application time: 0.0924937 seconds
[GC pause (G1 Evacuation Pause) (young) (initial-mark) 105M->68M(128M), 0.0167078 secs]
[GC concurrent-root-region-scan-start]
[GC concurrent-root-region-scan-end, 0.0078389 secs]
[GC concurrent-mark-start]
[GC concurrent-mark-end, 0.0882637 secs]
Application time: 0.0962024 seconds
[GC remark, 0.0076943 secs]
Application time: 0.0000504 seconds
[GC cleanup 94M->64M(128M), 0.0003616 secs]
[GC concurrent-cleanup-start]
[GC concurrent-cleanup-end, 0.0000466 secs]
Application time: 0.0219344 seconds
[GC pause (G1 Evacuation Pause) (young) 76M->38M(128M), 0.0107500 secs]
Application time: 0.0084346 seconds
[GC pause (G1 Evacuation Pause) (mixed) 43M->34M(128M), 0.0022071 secs]
Application time: 0.1097391 seconds
[GC pause (G1 Evacuation Pause) (young) 100M->40M(128M), 0.0095697 secs]
Application time: 0.1666645 seconds
[GC pause (G1 Evacuation Pause) (young) 102M->51M(128M), 0.0213143 secs]
Application time: 0.1081968 seconds
[GC pause (G1 Evacuation Pause) (young) 104M->53M(128M), 0.0193838 secs]
Application time: 0.0969142 seconds
[GC pause (G1 Evacuation Pause) (young) 105M->58M(128M), 0.0155745 secs]
Application time: 0.0981627 seconds
[GC pause (G1 Evacuation Pause) (young) 106M->65M(128M), 0.0175780 secs]
Application time: 0.1214675 seconds
[GC pause (G1 Evacuation Pause) (young) (initial-mark) 107M->71M(128M), 0.0206336 secs]
[GC concurrent-root-region-scan-start]
[GC concurrent-root-region-scan-end, 0.0062883 secs]
[GC concurrent-mark-start]
[GC concurrent-mark-end, 0.0847496 secs]
Application time: 0.0911292 seconds
[GC remark, 0.0070871 secs]
Application time: 0.0000544 seconds
[GC cleanup 93M->62M(128M), 0.0003261 secs]
[GC concurrent-cleanup-start]
[GC concurrent-cleanup-end, 0.0000453 secs]
Application time: 0.0280197 seconds
[GC pause (G1 Evacuation Pause) (young) 75M->41M(128M), 0.0155534 secs]
Application time: 0.0106517 seconds
[GC pause (G1 Evacuation Pause) (mixed) 46M->34M(128M), 0.0066251 secs]
Application time: 0.1103274 seconds
[GC pause (G1 Evacuation Pause) (young) 102M->33M(128M), 0.0016374 secs]
Application time: 0.1941375 seconds
[GC pause (G1 Evacuation Pause) (young) 103M->53M(128M), 0.0273520 secs]
Application time: 0.1329125 seconds
[GC pause (G1 Evacuation Pause) (young) 103M->55M(128M), 0.0288004 secs]
Application time: 0.0980430 seconds
[GC pause (G1 Evacuation Pause) (young) 105M->55M(128M), 0.0173415 secs]
Application time: 0.0913368 seconds
[GC pause (G1 Evacuation Pause) (young) 106M->63M(128M), 0.0150674 secs]
Application time: 0.1506667 seconds
[GC pause (G1 Evacuation Pause) (young) 107M->72M(128M), 0.0287926 secs]
Application time: 0.0944977 seconds
[GC pause (G1 Evacuation Pause) (young) (initial-mark) 107M->75M(128M), 0.0237991 secs]
[GC concurrent-root-region-scan-start]
[GC concurrent-root-region-scan-end, 0.0089516 secs]
[GC concurrent-mark-start]
[GC concurrent-mark-end, 0.0940967 secs]
Application time: 0.1031429 seconds
[GC remark, 0.0086494 secs]
Application time: 0.0024894 seconds
[GC cleanup 101M->65M(128M), 0.0004773 secs]
[GC concurrent-cleanup-start]
[GC concurrent-cleanup-end, 0.0000601 secs]
Application time: 0.0134607 seconds
[GC pause (G1 Evacuation Pause) (young) 71M->39M(128M), 0.0165068 secs]
Application time: 0.0065788 seconds
[GC pause (G1 Evacuation Pause) (mixed) 42M->35M(128M), 0.0038001 secs]
Application time: 0.1117473 seconds
[GC pause (G1 Evacuation Pause) (young) 102M->36M(128M), 0.0048713 secs]
Application time: 0.1933231 seconds
[GC pause (G1 Evacuation Pause) (young) 103M->51M(128M), 0.0240551 secs]
Application time: 0.1221012 seconds
[GC pause (G1 Evacuation Pause) (young) 104M->53M(128M), 0.0249189 secs]
Application time: 0.0935562 seconds
[GC pause (G1 Evacuation Pause) (young) 106M->54M(128M), 0.0157108 secs]
Application time: 0.1173011 seconds
[GC pause (G1 Evacuation Pause) (young) 107M->64M(128M), 0.0158038 secs]
Application time: 0.1273903 seconds
[GC pause (G1 Evacuation Pause) (young) (initial-mark) 107M->71M(128M), 0.0247860 secs]
[GC concurrent-root-region-scan-start]
[GC concurrent-root-region-scan-end, 0.0206591 secs]
[GC concurrent-mark-start]
[GC concurrent-mark-end, 0.0692561 secs]
Application time: 0.0900022 seconds
[GC remark, 0.0085594 secs]
Application time: 0.0024518 seconds
[GC cleanup 92M->57M(128M), 0.0004330 secs]
[GC concurrent-cleanup-start]
[GC concurrent-cleanup-end, 0.0000670 secs]
Application time: 0.0332501 seconds
[GC pause (G1 Evacuation Pause) (young) 72M->37M(128M), 0.0195003 secs]
Application time: 0.0063625 seconds
[GC pause (G1 Evacuation Pause) (mixed) 40M->33M(128M), 0.0110326 secs]
Application time: 0.1245847 seconds
[GC pause (G1 Evacuation Pause) (young) 101M->39M(128M), 0.0094784 secs]
Application time: 0.1554606 seconds
[GC pause (G1 Evacuation Pause) (young) 102M->47M(128M), 0.0223809 secs]
Application time: 0.1349373 seconds
[GC pause (G1 Evacuation Pause) (young) 103M->51M(128M), 0.0217100 secs]
Application time: 0.0903541 seconds
[GC pause (G1 Evacuation Pause) (young) 104M->51M(128M), 0.0180138 secs]
Application time: 0.1282338 seconds
[GC pause (G1 Evacuation Pause) (young) 107M->61M(128M), 0.0151790 secs]
Application time: 0.1062883 seconds
[GC pause (G1 Evacuation Pause) (young) 106M->68M(128M), 0.0226292 secs]
Application time: 0.0890091 seconds
[GC pause (G1 Evacuation Pause) (young) (initial-mark) 106M->70M(128M), 0.0211896 secs]
[GC concurrent-root-region-scan-start]
[GC concurrent-root-region-scan-end, 0.0088329 secs]
[GC concurrent-mark-start]
[GC concurrent-mark-end, 0.0823843 secs]
Application time: 0.0913038 seconds
[GC remark, 0.0074348 secs]
Application time: 0.0000875 seconds
[GC cleanup 93M->64M(128M), 0.0003636 secs]
[GC concurrent-cleanup-start]
[GC concurrent-cleanup-end, 0.0000466 secs]
Application time: 0.0262334 seconds
[GC pause (G1 Evacuation Pause) (young) 78M->42M(128M), 0.0123787 secs]
Application time: 0.0055450 seconds
[GC pause (G1 Evacuation Pause) (mixed) 45M->34M(128M), 0.0047096 secs]
Application time: 0.1454513 seconds
[GC pause (G1 Evacuation Pause) (young) 102M->44M(128M), 0.0142955 secs]
Application time: 0.1270873 seconds
[GC pause (G1 Evacuation Pause) (young) 103M->50M(128M), 0.0183482 secs]
Application time: 0.1049160 seconds
[GC pause (G1 Evacuation Pause) (young) 104M->52M(128M), 0.0179117 secs]
Application time: 0.0885406 seconds
[GC pause (G1 Evacuation Pause) (young) 104M->58M(128M), 0.0171577 secs]
Application time: 0.0919503 seconds
[GC pause (G1 Evacuation Pause) (young) 106M->64M(128M), 0.0149475 secs]
Application time: 0.1013117 seconds
[GC pause (G1 Evacuation Pause) (young) (initial-mark) 106M->70M(128M), 0.0198870 secs]
[GC concurrent-root-region-scan-start]
[GC concurrent-root-region-scan-end, 0.0081068 secs]
[GC concurrent-mark-start]
[GC concurrent-mark-end, 0.0804009 secs]
Application time: 0.0885268 seconds
[GC remark, 0.0074881 secs]
Application time: 0.0000515 seconds
[GC cleanup 92M->65M(128M), 0.0003405 secs]
[GC concurrent-cleanup-start]
[GC concurrent-cleanup-end, 0.0000404 secs]
Application time: 0.0288455 seconds
[GC pause (G1 Evacuation Pause) (young) 80M->44M(128M), 0.0118738 secs]
Application time: 0.0054555 seconds
[GC pause (G1 Evacuation Pause) (mixed) 47M->34M(128M), 0.0087944 secs]
Application time: 0.0981520 seconds
[GC pause (G1 Evacuation Pause) (young) 100M->34M(128M), 0.0032288 secs]
Application time: 0.1476005 seconds
[GC pause (G1 Evacuation Pause) (young) 102M->49M(128M), 0.0168518 secs]
Application time: 0.1106935 seconds
[GC pause (G1 Evacuation Pause) (young) 103M->52M(128M), 0.0185141 secs]
Application time: 0.0861722 seconds
[GC pause (G1 Evacuation Pause) (young) 104M->52M(128M), 0.0127470 secs]
Application time: 0.0803061 seconds
[GC pause (G1 Evacuation Pause) (young) 106M->61M(128M), 0.0109415 secs]
Application time: 0.1131883 seconds
[GC pause (G1 Evacuation Pause) (young) 106M->69M(128M), 0.0192109 secs]
Application time: 0.0741557 seconds
[GC pause (G1 Evacuation Pause) (young) (initial-mark) 106M->73M(128M), 0.0186671 secs]
[GC concurrent-root-region-scan-start]
[GC concurrent-root-region-scan-end, 0.0093640 secs]
[GC concurrent-mark-start]
[GC concurrent-mark-end, 0.0865056 secs]
Application time: 0.0959362 seconds
[GC remark, 0.0074055 secs]
Application time: 0.0016717 seconds
[GC cleanup 106M->75M(128M), 0.0004978 secs]
[GC concurrent-cleanup-start]
[GC concurrent-cleanup-end, 0.0000400 secs]
Application time: 0.0014035 seconds
[GC pause (G1 Evacuation Pause) (young) 76M->43M(128M), 0.0180933 secs]
Application time: 0.0078903 seconds
[GC pause (G1 Evacuation Pause) (mixed) 48M->36M(128M), 0.0035301 secs]
Application time: 0.0999837 seconds
[GC pause (G1 Evacuation Pause) (young) 100M->41M(128M), 0.0077722 secs]
Application time: 0.1327551 seconds
[GC pause (G1 Evacuation Pause) (young) 101M->52M(128M), 0.0183660 secs]
Application time: 0.0985533 seconds
[GC pause (G1 Evacuation Pause) (young) 103M->54M(128M), 0.0169265 secs]
Application time: 0.0729917 seconds
[GC pause (G1 Evacuation Pause) (young) 104M->54M(128M), 0.0094154 secs]
Application time: 0.0955996 seconds
[GC pause (G1 Evacuation Pause) (young) 106M->64M(128M), 0.0128911 secs]
Application time: 0.1054982 seconds
[GC pause (G1 Evacuation Pause) (young) (initial-mark) 106M->72M(128M), 0.0206464 secs]
[GC concurrent-root-region-scan-start]
[GC concurrent-root-region-scan-end, 0.0113926 secs]
[GC concurrent-mark-start]
[GC concurrent-mark-end, 0.0742566 secs]
Application time: 0.0857212 seconds
[GC remark, 0.0076108 secs]
Application time: 0.0000379 seconds
[GC cleanup 97M->64M(128M), 0.0003238 secs]
[GC concurrent-cleanup-start]
[GC concurrent-cleanup-end, 0.0000513 secs]
Application time: 0.0202877 seconds
[GC pause (G1 Evacuation Pause) (young) 74M->40M(128M), 0.0163006 secs]
Application time: 0.0058259 seconds
[GC pause (G1 Evacuation Pause) (mixed) 43M->35M(128M), 0.0114533 secs]
Application time: 0.1160049 seconds
[GC pause (G1 Evacuation Pause) (young) 103M->41M(128M), 0.0110006 secs]
Application time: 0.1260040 seconds
[GC pause (G1 Evacuation Pause) (young) 102M->46M(128M), 0.0139639 secs]
Application time: 0.1181750 seconds
[GC pause (G1 Evacuation Pause) (young) 104M->54M(128M), 0.0224444 secs]
Application time: 0.0991629 seconds
[GC pause (G1 Evacuation Pause) (young) 105M->60M(128M), 0.0176507 secs]
Application time: 0.1030919 seconds
[GC pause (G1 Evacuation Pause) (young) 106M->64M(128M), 0.0227108 secs]
Application time: 0.0766315 seconds
[GC pause (G1 Evacuation Pause) (young) (initial-mark) 107M->65M(128M), 0.0113964 secs]
[GC concurrent-root-region-scan-start]
[GC concurrent-root-region-scan-end, 0.0050212 secs]
[GC concurrent-mark-start]
[GC concurrent-mark-end, 0.1106963 secs]
Application time: 0.1158001 seconds
[GC remark, 0.0082347 secs]
Application time: 0.0000466 seconds
[GC cleanup 107M->80M(128M), 0.0004405 secs]
[GC concurrent-cleanup-start]
[GC concurrent-cleanup-end, 0.0000442 secs]
Application time: 0.0021107 seconds
[GC pause (G1 Evacuation Pause) (young) 80M->43M(128M), 0.0130065 secs]
Application time: 0.0019033 seconds
[GC pause (G1 Evacuation Pause) (mixed) 44M->39M(128M), 0.0086285 secs]
Application time: 0.1323385 seconds
[GC pause (G1 Evacuation Pause) (young) 102M->49M(128M), 0.0211185 secs]
Application time: 0.1216669 seconds
[GC pause (G1 Evacuation Pause) (young) 103M->53M(128M), 0.0174549 secs]
Application time: 0.0803942 seconds
[GC pause (G1 Evacuation Pause) (young) 104M->53M(128M), 0.0138496 secs]
Application time: 0.0765402 seconds
[GC pause (G1 Evacuation Pause) (young) 106M->60M(128M), 0.0117251 secs]
Application time: 0.1210754 seconds
[GC pause (G1 Evacuation Pause) (young) 106M->68M(128M), 0.0227501 secs]
Application time: 0.0869355 seconds
[GC pause (G1 Evacuation Pause) (young) (initial-mark) 106M->71M(128M), 0.0188428 secs]
[GC concurrent-root-region-scan-start]
[GC concurrent-root-region-scan-end, 0.0098215 secs]
[GC concurrent-mark-start]
Application time: 0.1111442 seconds
[GC pause (G1 Evacuation Pause) (young) 108M->71M(128M), 0.0125528 secs]
[GC concurrent-mark-end, 0.1229872 secs]
Application time: 0.0090001 seconds
[GC remark, 0.0077152 secs]
Application time: 0.0000288 seconds
[GC cleanup 75M->45M(128M), 0.0004470 secs]
[GC concurrent-cleanup-start]
[GC concurrent-cleanup-end, 0.0000444 secs]
Application time: 0.0501097 seconds
[GC pause (G1 Evacuation Pause) (young) 79M->41M(128M), 0.0033232 secs]
Application time: 0.0059700 seconds
[GC pause (G1 Evacuation Pause) (mixed) 45M->33M(128M), 0.0036019 secs]
Application time: 0.1389771 seconds
[GC pause (G1 Evacuation Pause) (young) 99M->50M(128M), 0.0199096 secs]
Application time: 0.1171944 seconds
[GC pause (G1 Evacuation Pause) (young) 103M->51M(128M), 0.0218555 secs]
Application time: 0.0850168 seconds
[GC pause (G1 Evacuation Pause) (young) 104M->51M(128M), 0.0138172 secs]
Application time: 0.1047921 seconds
[GC pause (G1 Evacuation Pause) (young) 106M->59M(128M), 0.0146456 secs]
Application time: 0.0988140 seconds
[GC pause (G1 Evacuation Pause) (young) 106M->66M(128M), 0.0229499 secs]
Application time: 0.0825709 seconds
[GC pause (G1 Evacuation Pause) (young) (initial-mark) 107M->70M(128M), 0.0213993 secs]
[GC concurrent-root-region-scan-start]
[GC concurrent-root-region-scan-end, 0.0077293 secs]
[GC concurrent-mark-start]
Application time: 0.1008949 seconds
[GC pause (G1 Evacuation Pause) (young) 107M->72M(128M), 0.0133785 secs]
[GC concurrent-mark-end, 0.1168801 secs]
Application time: 0.0101851 seconds
[GC remark, 0.0077011 secs]
Application time: 0.0000370 seconds
[GC cleanup 76M->44M(128M), 0.0004560 secs]
[GC concurrent-cleanup-start]
[GC concurrent-cleanup-end, 0.0000480 secs]
Application time: 0.0793016 seconds
[GC pause (G1 Evacuation Pause) (young) 75M->46M(128M), 0.0142681 secs]
Application time: 0.0044087 seconds
[GC pause (G1 Evacuation Pause) (mixed) 47M->41M(128M), 0.0124008 secs]
Application time: 0.1310454 seconds
[GC pause (G1 Evacuation Pause) (young) 100M->44M(128M), 0.0111049 secs]
Application time: 0.0984620 seconds
[GC pause (G1 Evacuation Pause) (young) 102M->49M(128M), 0.0095373 secs]
Application time: 0.1360871 seconds
[GC pause (G1 Evacuation Pause) (young) 104M->58M(128M), 0.0216211 secs]
Application time: 0.1152179 seconds
[GC pause (G1 Evacuation Pause) (young) 104M->61M(128M), 0.0209164 secs]
Application time: 0.0840914 seconds
[GC pause (G1 Evacuation Pause) (young) (initial-mark) 106M->62M(128M), 0.0135389 secs]
[GC concurrent-root-region-scan-start]
[GC concurrent-root-region-scan-end, 0.0068140 secs]
[GC concurrent-mark-start]
[GC concurrent-mark-end, 0.0462692 secs]
Application time: 0.0531701 seconds
[GC remark, 0.0070119 secs]
Application time: 0.0000499 seconds
[GC cleanup 73M->50M(128M), 0.0003166 secs]
[GC concurrent-cleanup-start]
[GC concurrent-cleanup-end, 0.0000323 secs]
Application time: 0.0580270 seconds
[GC pause (G1 Evacuation Pause) (young) 84M->38M(128M), 0.0045755 secs]
Application time: 0.0049194 seconds
[GC pause (G1 Evacuation Pause) (mixed) 41M->33M(128M), 0.0045203 secs]
Application time: 0.1827469 seconds
[GC pause (G1 Evacuation Pause) (young) 103M->52M(128M), 0.0254033 secs]
Application time: 0.1158734 seconds
[GC pause (G1 Evacuation Pause) (young) 105M->52M(128M), 0.0222755 secs]
Application time: 0.0907163 seconds
[GC pause (G1 Evacuation Pause) (young) 105M->55M(128M), 0.0139862 secs]
Application time: 0.1073469 seconds
[GC pause (G1 Evacuation Pause) (young) 106M->62M(128M), 0.0145280 secs]
Application time: 0.1121387 seconds
[GC pause (G1 Evacuation Pause) (young) 106M->69M(128M), 0.0210832 secs]
Application time: 0.0806736 seconds
[GC pause (G1 Evacuation Pause) (young) (initial-mark) 107M->72M(128M), 0.0207198 secs]
[GC concurrent-root-region-scan-start]
[GC concurrent-root-region-scan-end, 0.0024756 secs]
[GC concurrent-mark-start]
[GC concurrent-mark-end, 0.1033544 secs]
Application time: 0.1059310 seconds
[GC remark, 0.0075518 secs]
Application time: 0.0000418 seconds
[GC cleanup 103M->69M(128M), 0.0003974 secs]
[GC concurrent-cleanup-start]
[GC concurrent-cleanup-end, 0.0000427 secs]
Application time: 0.0091513 seconds
[GC pause (G1 Evacuation Pause) (young) 74M->40M(128M), 0.0130993 secs]
Application time: 0.0079483 seconds
[GC pause (G1 Evacuation Pause) (mixed) 44M->37M(128M), 0.0060424 secs]
Application time: 0.1481408 seconds
[GC pause (G1 Evacuation Pause) (young) 104M->42M(128M), 0.0097340 secs]
Application time: 0.1200953 seconds
[GC pause (G1 Evacuation Pause) (young) 104M->51M(128M), 0.0162996 secs]
Application time: 0.1415387 seconds
[GC pause (G1 Evacuation Pause) (young) 105M->56M(128M), 0.0193801 secs]
Application time: 0.1139012 seconds
[GC pause (G1 Evacuation Pause) (young) 106M->64M(128M), 0.0194880 secs]
Application time: 0.0788910 seconds
[GC pause (G1 Evacuation Pause) (young) (initial-mark) 106M->63M(128M), 0.0116471 secs]
[GC concurrent-root-region-scan-start]
[GC concurrent-root-region-scan-end, 0.0077403 secs]
[GC concurrent-mark-start]
[GC concurrent-mark-end, 0.0853886 secs]
Application time: 0.0932385 seconds
[GC remark, 0.0074957 secs]
Application time: 0.0000401 seconds
[GC cleanup 93M->66M(128M), 0.0003280 secs]
[GC concurrent-cleanup-start]
[GC concurrent-cleanup-end, 0.0000373 secs]
Application time: 0.0391580 seconds
[GC pause (G1 Evacuation Pause) (young) 80M->44M(128M), 0.0168053 secs]
Application time: 0.0021351 seconds
[GC pause (G1 Evacuation Pause) (mixed) 45M->41M(128M), 0.0105522 secs]
Application time: 0.1242934 seconds
[GC pause (G1 Evacuation Pause) (young) 103M->44M(128M), 0.0109478 secs]
Application time: 0.1209279 seconds
[GC pause (G1 Evacuation Pause) (young) 105M->53M(128M), 0.0140140 secs]
Application time: 0.1010781 seconds
[GC pause (G1 Evacuation Pause) (young) 105M->60M(128M), 0.0207000 secs]
Application time: 0.1062078 seconds
[GC pause (G1 Evacuation Pause) (young) 106M->63M(128M), 0.0239088 secs]
Application time: 0.0809623 seconds
[GC pause (G1 Evacuation Pause) (young) (initial-mark) 107M->63M(128M), 0.0110692 secs]
[GC concurrent-root-region-scan-start]
[GC concurrent-root-region-scan-end, 0.0057058 secs]
[GC concurrent-mark-start]
[GC concurrent-mark-end, 0.0970049 secs]
Application time: 0.1028071 seconds
[GC remark, 0.0082658 secs]
Application time: 0.0000305 seconds
[GC cleanup 96M->71M(128M), 0.0003591 secs]
[GC concurrent-cleanup-start]
[GC concurrent-cleanup-end, 0.0000334 secs]
Application time: 0.0257139 seconds
[GC pause (G1 Evacuation Pause) (young) 83M->44M(128M), 0.0109171 secs]
Application time: 0.0024484 seconds
[GC pause (G1 Evacuation Pause) (mixed) 45M->39M(128M), 0.0107926 secs]
Application time: 0.1474117 seconds
[GC pause (G1 Evacuation Pause) (young) 105M->47M(128M), 0.0186097 secs]
Application time: 0.1191909 seconds
[GC pause (G1 Evacuation Pause) (young) 104M->50M(128M), 0.0131711 secs]
Application time: 0.0840058 seconds
[GC pause (G1 Evacuation Pause) (young) 106M->53M(128M), 0.0122494 secs]
Application time: 0.1039622 seconds
[GC pause (G1 Evacuation Pause) (young) 107M->63M(128M), 0.0176186 secs]
Application time: 0.1060134 seconds
[GC pause (G1 Evacuation Pause) (young) 105M->68M(128M), 0.0205778 secs]
Application time: 0.0760378 seconds
[GC pause (G1 Evacuation Pause) (young) (initial-mark) 106M->69M(128M), 0.0148045 secs]
[GC concurrent-root-region-scan-start]
[GC concurrent-root-region-scan-end, 0.0071628 secs]
[GC concurrent-mark-start]
Application time: 0.1083473 seconds
[GC pause (G1 Evacuation Pause) (young) 108M->69M(128M), 0.0049186 secs]
[GC concurrent-mark-end, 0.1112815 secs]
Application time: 0.0071539 seconds
[GC remark, 0.0078818 secs]
Application time: 0.0005266 seconds
[GC cleanup 71M->43M(128M), 0.0003403 secs]
[GC concurrent-cleanup-start]
[GC concurrent-cleanup-end, 0.0000362 secs]
Application time: 0.0534131 seconds
[GC pause (G1 Evacuation Pause) (young) 81M->40M(128M), 0.0015758 secs]
Application time: 0.0072946 seconds
[GC pause (G1 Evacuation Pause) (mixed) 45M->35M(128M), 0.0032208 secs]
Application time: 0.1726886 seconds
[GC pause (G1 Evacuation Pause) (young) 105M->52M(128M), 0.0185050 secs]
Application time: 0.0983395 seconds
[GC pause (G1 Evacuation Pause) (young) 105M->52M(128M), 0.0161746 secs]
Application time: 0.0783241 seconds
[GC pause (G1 Evacuation Pause) (young) 108M->52M(128M), 0.0104285 secs]
Application time: 0.1154088 seconds
[GC pause (G1 Evacuation Pause) (young) 108M->67M(128M), 0.0169916 secs]
Application time: 0.0883832 seconds
[GC pause (G1 Evacuation Pause) (young) (initial-mark) 106M->70M(128M), 0.0176255 secs]
[GC concurrent-root-region-scan-start]
[GC concurrent-root-region-scan-end, 0.0067371 secs]
[GC concurrent-mark-start]
[GC concurrent-mark-end, 0.0767582 secs]
Application time: 0.0835937 seconds
[GC remark, 0.0072504 secs]
Application time: 0.0000376 seconds
[GC cleanup 95M->62M(128M), 0.0003462 secs]
[GC concurrent-cleanup-start]
[GC concurrent-cleanup-end, 0.0000423 secs]
Application time: 0.0184729 seconds
[GC pause (G1 Evacuation Pause) (young) 74M->38M(128M), 0.0139906 secs]
Application time: 0.0079467 seconds
[GC pause (G1 Evacuation Pause) (mixed) 43M->34M(128M), 0.0041615 secs]
Application time: 0.1108481 seconds
[GC pause (G1 Evacuation Pause) (young) 101M->40M(128M), 0.0081246 secs]
Application time: 0.1339606 seconds
[GC pause (G1 Evacuation Pause) (young) 102M->48M(128M), 0.0167457 secs]
Application time: 0.1056807 seconds
[GC pause (G1 Evacuation Pause) (young) 102M->52M(128M), 0.0181347 secs]
Application time: 0.0964372 seconds
[GC pause (G1 Evacuation Pause) (young) 105M->57M(128M), 0.0156030 secs]
Application time: 0.0952043 seconds
[GC pause (G1 Evacuation Pause) (young) 105M->61M(128M), 0.0129310 secs]
Application time: 0.0930717 seconds
[GC pause (G1 Evacuation Pause) (young) (initial-mark) 106M->67M(128M), 0.0188603 secs]
[GC concurrent-root-region-scan-start]
[GC concurrent-root-region-scan-end, 0.0177726 secs]
[GC concurrent-mark-start]
[GC concurrent-mark-end, 0.0829172 secs]
Application time: 0.1007880 seconds
[GC remark, 0.0074874 secs]
Application time: 0.0000394 seconds
[GC cleanup 92M->62M(128M), 0.0003361 secs]
[GC concurrent-cleanup-start]
[GC concurrent-cleanup-end, 0.0000437 secs]
Application time: 0.0313294 seconds
[GC pause (G1 Evacuation Pause) (young) 76M->40M(128M), 0.0141887 secs]
Application time: 0.0038812 seconds
[GC pause (G1 Evacuation Pause) (mixed) 42M->36M(128M), 0.0114225 secs]
Application time: 0.1023969 seconds
[GC pause (G1 Evacuation Pause) (young) 104M->38M(128M), 0.0051798 secs]
Application time: 0.1316960 seconds
[GC pause (G1 Evacuation Pause) (young) 104M->51M(128M), 0.0171777 secs]
Application time: 0.1272416 seconds
[GC pause (G1 Evacuation Pause) (young) 104M->55M(128M), 0.0197044 secs]
Application time: 0.0863015 seconds
[GC pause (G1 Evacuation Pause) (young) 106M->54M(128M), 0.0133659 secs]
Application time: 0.0768656 seconds
[GC pause (G1 Evacuation Pause) (young) 107M->60M(128M), 0.0095836 secs]
Application time: 0.1157081 seconds
[GC pause (G1 Evacuation Pause) (young) 107M->70M(128M), 0.0200080 secs]
Application time: 0.1086520 seconds
[GC pause (G1 Evacuation Pause) (young) (initial-mark) 106M->73M(128M), 0.0226303 secs]
[GC concurrent-root-region-scan-start]
[GC concurrent-root-region-scan-end, 0.0058105 secs]
[GC concurrent-mark-start]
Application time: 0.1267675 seconds
[GC pause (G1 Evacuation Pause) (young) 107M->73M(128M), 0.0122121 secs]
[GC concurrent-mark-end, 0.1349257 secs]
Application time: 0.0010264 seconds
[GC remark, 0.0080410 secs]
Application time: 0.0064239 seconds
[GC cleanup 76M->46M(128M), 0.0005119 secs]
[GC concurrent-cleanup-start]
[GC concurrent-cleanup-end, 0.0000417 secs]
Application time: 0.0582227 seconds
[GC pause (G1 Evacuation Pause) (young) 78M->43M(128M), 0.0043841 secs]
Application time: 0.0051470 seconds
[GC pause (G1 Evacuation Pause) (mixed) 46M->33M(128M), 0.0044321 secs]
Application time: 0.1631105 seconds
[GC pause (G1 Evacuation Pause) (young) 105M->47M(128M), 0.0198531 secs]
Application time: 0.1463416 seconds
[GC pause (G1 Evacuation Pause) (young) 103M->53M(128M), 0.0242272 secs]
Application time: 0.1155287 seconds
[GC pause (G1 Evacuation Pause) (young) 104M->54M(128M), 0.0216200 secs]
Application time: 0.0979451 seconds
[GC pause (G1 Evacuation Pause) (young) 106M->57M(128M), 0.0112424 secs]
Application time: 0.1473058 seconds
[GC pause (G1 Evacuation Pause) (young) 107M->70M(128M), 0.0271559 secs]
Application time: 0.1182786 seconds
[GC pause (G1 Evacuation Pause) (young) (initial-mark) 106M->72M(128M), 0.0233019 secs]
[GC concurrent-root-region-scan-start]
[GC concurrent-root-region-scan-end, 0.0044336 secs]
[GC concurrent-mark-start]
[GC concurrent-mark-end, 0.0522041 secs]
Application time: 0.0567453 seconds
[GC remark, 0.0072451 secs]
Application time: 0.0000431 seconds
[GC cleanup 82M->46M(128M), 0.0003550 secs]
[GC concurrent-cleanup-start]
[GC concurrent-cleanup-end, 0.0000511 secs]
Application time: 0.0553608 seconds
[GC pause (G1 Evacuation Pause) (young) 70M->37M(128M), 0.0131678 secs]
Application time: 0.0103907 seconds
[GC pause (G1 Evacuation Pause) (mixed) 42M->34M(128M), 0.0039682 secs]
Application time: 0.1113297 seconds
[GC pause (G1 Evacuation Pause) (young) 102M->33M(128M), 0.0016432 secs]
Application time: 0.2158018 seconds
[GC pause (G1 Evacuation Pause) (young) 103M->50M(128M), 0.0250713 secs]
Application time: 0.1245140 seconds
[GC pause (G1 Evacuation Pause) (young) 104M->51M(128M), 0.0250689 secs]
Application time: 0.0921189 seconds
[GC pause (G1 Evacuation Pause) (young) 106M->51M(128M), 0.0143439 secs]
Application time: 0.1359925 seconds
[GC pause (G1 Evacuation Pause) (young) 107M->66M(128M), 0.0221543 secs]
Application time: 0.1209385 seconds
[GC pause (G1 Evacuation Pause) (young) (initial-mark) 106M->71M(128M), 0.0269470 secs]
[GC concurrent-root-region-scan-start]
[GC concurrent-root-region-scan-end, 0.0062356 secs]
[GC concurrent-mark-start]
[GC concurrent-mark-end, 0.0403363 secs]
Application time: 0.0466819 seconds
[GC remark, 0.0086429 secs]
Application time: 0.0000427 seconds
[GC cleanup 78M->48M(128M), 0.0004112 secs]
[GC concurrent-cleanup-start]
[GC concurrent-cleanup-end, 0.0000439 secs]
Application time: 0.0667400 seconds
[GC pause (G1 Evacuation Pause) (young) 77M->42M(128M), 0.0193028 secs]
Application time: 0.0105377 seconds
[GC pause (G1 Evacuation Pause) (mixed) 47M->35M(128M), 0.0068107 secs]
Application time: 0.1029709 seconds
[GC pause (G1 Evacuation Pause) (young) 99M->34M(128M), 0.0019754 secs]
Application time: 0.1682345 seconds
[GC pause (G1 Evacuation Pause) (young) 101M->53M(128M), 0.0249975 secs]
Application time: 0.1215282 seconds
[GC pause (G1 Evacuation Pause) (young) 102M->56M(128M), 0.0280486 secs]
Application time: 0.0852651 seconds
[GC pause (G1 Evacuation Pause) (young) 104M->56M(128M), 0.0162469 secs]
Application time: 0.0755011 seconds
[GC pause (G1 Evacuation Pause) (young) 105M->59M(128M), 0.0059883 secs]
Application time: 0.1384068 seconds
[GC pause (G1 Evacuation Pause) (young)-- 106M->81M(128M), 0.0420864 secs]
Application time: 0.0730133 seconds
[GC pause (G1 Evacuation Pause) (young) (initial-mark) 107M->84M(128M), 0.0261049 secs]
[GC concurrent-root-region-scan-start]
[GC concurrent-root-region-scan-end, 0.0046070 secs]
[GC concurrent-mark-start]
Application time: 0.0998618 seconds
[GC pause (G1 Evacuation Pause) (young) 109M->85M(128M), 0.0127646 secs]
[GC concurrent-mark-end, 0.1139412 secs]
Application time: 0.0057539 seconds
[GC remark, 0.0083655 secs]
Application time: 0.0008120 seconds
[GC cleanup 87M->51M(128M), 0.0004718 secs]
[GC concurrent-cleanup-start]
[GC concurrent-cleanup-end, 0.0000478 secs]
Application time: 0.0459917 seconds
[GC pause (G1 Evacuation Pause) (young) 74M->49M(128M), 0.0052988 secs]
Application time: 0.0091071 seconds
[GC pause (G1 Evacuation Pause) (mixed) 54M->37M(128M), 0.0054543 secs]
Application time: 0.0081059 seconds
[GC pause (G1 Evacuation Pause) (mixed) 42M->34M(128M), 0.0126631 secs]
Application time: 0.1000054 seconds
[GC pause (G1 Evacuation Pause) (young) 98M->39M(128M), 0.0110008 secs]
Application time: 0.1761088 seconds
[GC pause (G1 Evacuation Pause) (young) 101M->52M(128M), 0.0231018 secs]
Application time: 0.1003869 seconds
[GC pause (G1 Evacuation Pause) (young) 103M->54M(128M), 0.0191269 secs]
Application time: 0.0774572 seconds
[GC pause (G1 Evacuation Pause) (young) 105M->54M(128M), 0.0148106 secs]
Application time: 0.0986536 seconds
[GC pause (G1 Evacuation Pause) (young) 107M->67M(128M), 0.0160718 secs]
Application time: 0.1042107 seconds
[GC pause (G1 Evacuation Pause) (young) (initial-mark) 106M->72M(128M), 0.0239767 secs]
[GC concurrent-root-region-scan-start]
[GC concurrent-root-region-scan-end, 0.0130770 secs]
[GC concurrent-mark-start]
[GC concurrent-mark-end, 0.0862647 secs]
Application time: 0.0994593 seconds
[GC remark, 0.0081173 secs]
Application time: 0.0000579 seconds
[GC cleanup 99M->65M(128M), 0.0004264 secs]
[GC concurrent-cleanup-start]
[GC concurrent-cleanup-end, 0.0000525 secs]
Application time: 0.0167494 seconds
[GC pause (G1 Evacuation Pause) (young) 73M->39M(128M), 0.0187839 secs]
Application time: 0.0118018 seconds
[GC pause (G1 Evacuation Pause) (mixed) 43M->33M(128M), 0.0087981 secs]
Application time: 0.1216706 seconds
[GC pause (G1 Evacuation Pause) (young) 103M->41M(128M), 0.0108012 secs]
Application time: 0.1284282 seconds
[GC pause (G1 Evacuation Pause) (young) 104M->47M(128M), 0.0208263 secs]
Application time: 0.1338833 seconds
[GC pause (G1 Evacuation Pause) (young) 103M->51M(128M), 0.0225212 secs]
Application time: 0.0943223 seconds
[GC pause (G1 Evacuation Pause) (young) 105M->51M(128M), 0.0135392 secs]
Application time: 0.1032830 seconds
[GC pause (G1 Evacuation Pause) (young) 107M->57M(128M), 0.0159610 secs]
Application time: 0.1210434 seconds
[GC pause (G1 Evacuation Pause) (young) 106M->66M(128M), 0.0257687 secs]
Application time: 0.0890739 seconds
[GC pause (G1 Evacuation Pause) (young) (initial-mark) 106M->69M(128M), 0.0256833 secs]
[GC concurrent-root-region-scan-start]
[GC concurrent-root-region-scan-end, 0.0063306 secs]
[GC concurrent-mark-start]
[GC concurrent-mark-end, 0.1072455 secs]
Application time: 0.1136645 seconds
[GC remark, 0.0084634 secs]
Application time: 0.0000662 seconds
[GC cleanup 106M->76M(128M), 0.0004344 secs]
[GC concurrent-cleanup-start]
[GC concurrent-cleanup-end, 0.0000527 secs]
Application time: 0.0025421 seconds
[GC pause (G1 Evacuation Pause) (young) 77M->39M(128M), 0.0120954 secs]
Application time: 0.0049640 seconds
[GC pause (G1 Evacuation Pause) (mixed) 42M->34M(128M), 0.0037854 secs]
Application time: 0.1170783 seconds
[GC pause (G1 Evacuation Pause) (young) 106M->45M(128M), 0.0169125 secs]
Application time: 0.1601575 seconds
[GC pause (G1 Evacuation Pause) (young) 104M->52M(128M), 0.0235039 secs]
Application time: 0.0962965 seconds
[GC pause (G1 Evacuation Pause) (young) 104M->52M(128M), 0.0187203 secs]
Application time: 0.0847140 seconds
[GC pause (G1 Evacuation Pause) (young) 106M->52M(128M), 0.0084266 secs]
Application time: 0.1304344 seconds
[GC pause (G1 Evacuation Pause) (young) 108M->67M(128M), 0.0207561 secs]
Application time: 0.0957723 seconds
[GC pause (G1 Evacuation Pause) (young) (initial-mark) 106M->69M(128M), 0.0221585 secs]
[GC concurrent-root-region-scan-start]
[GC concurrent-root-region-scan-end, 0.0061451 secs]
[GC concurrent-mark-start]
[GC concurrent-mark-end, 0.0925222 secs]
Application time: 0.0987572 seconds
[GC remark, 0.0082411 secs]
Application time: 0.0000600 seconds
[GC cleanup 98M->63M(128M), 0.0004262 secs]
[GC concurrent-cleanup-start]
[GC concurrent-cleanup-end, 0.0000557 secs]
Application time: 0.0147508 seconds
[GC pause (G1 Evacuation Pause) (young) 72M->35M(128M), 0.0145198 secs]
Application time: 0.0080344 seconds
[GC pause (G1 Evacuation Pause) (mixed) 40M->34M(128M), 0.0041180 secs]
Application time: 0.1167594 seconds
[GC pause (G1 Evacuation Pause) (young) 106M->40M(128M), 0.0092405 secs]
Application time: 0.1613815 seconds
[GC pause (G1 Evacuation Pause) (young) 106M->51M(128M), 0.0240738 secs]
Application time: 0.0994169 seconds
[GC pause (G1 Evacuation Pause) (young) 103M->53M(128M), 0.0221560 secs]
Application time: 0.0868851 seconds
[GC pause (G1 Evacuation Pause) (young) 105M->58M(128M), 0.0203655 secs]
Application time: 0.0968266 seconds
[GC pause (G1 Evacuation Pause) (young) 106M->63M(128M), 0.0146286 secs]
Application time: 0.1056158 seconds
[GC pause (G1 Evacuation Pause) (young) (initial-mark) 107M->69M(128M), 0.0217041 secs]
[GC concurrent-root-region-scan-start]
[GC concurrent-root-region-scan-end, 0.0210344 secs]
[GC concurrent-mark-start]
[GC concurrent-mark-end, 0.0760303 secs]
Application time: 0.0971738 seconds
[GC remark, 0.0076737 secs]
Application time: 0.0000519 seconds
[GC cleanup 99M->68M(128M), 0.0004398 secs]
[GC concurrent-cleanup-start]
[GC concurrent-cleanup-end, 0.0000516 secs]
Application time: 0.0160486 seconds
[GC pause (G1 Evacuation Pause) (young) 76M->40M(128M), 0.0151822 secs]
Application time: 0.0055245 seconds
[GC pause (G1 Evacuation Pause) (mixed) 43M->35M(128M), 0.0094959 secs]
Application time: 0.1344159 seconds
[GC pause (G1 Evacuation Pause) (young) 100M->44M(128M), 0.0107553 secs]
Application time: 0.1162406 seconds
[GC pause (G1 Evacuation Pause) (young) 102M->45M(128M), 0.0107207 secs]
Application time: 0.1178895 seconds
[GC pause (G1 Evacuation Pause) (young) 103M->53M(128M), 0.0181847 secs]
Application time: 0.1142306 seconds
[GC pause (G1 Evacuation Pause) (young) 105M->62M(128M), 0.0216115 secs]
Application time: 0.1049975 seconds
[GC pause (G1 Evacuation Pause) (young) 106M->66M(128M), 0.0217865 secs]
Application time: 0.0747554 seconds
[GC pause (G1 Evacuation Pause) (young) (initial-mark) 107M->65M(128M), 0.0114751 secs]
[GC concurrent-root-region-scan-start]
[GC concurrent-root-region-scan-end, 0.0022904 secs]
[GC concurrent-mark-start]
[GC concurrent-mark-end, 0.1062038 secs]
Application time: 0.1085831 seconds
[GC remark, 0.0072134 secs]
Application time: 0.0000586 seconds
[GC cleanup 102M->79M(128M), 0.0003345 secs]
[GC concurrent-cleanup-start]
[GC concurrent-cleanup-end, 0.0000346 secs]
Application time: 0.0095838 seconds
[GC pause (G1 Evacuation Pause) (young) 85M->46M(128M), 0.0069080 secs]
Application time: 0.0020574 seconds
[GC pause (G1 Evacuation Pause) (mixed) 47M->38M(128M), 0.0074052 secs]
Application time: 0.1550796 seconds
[GC pause (G1 Evacuation Pause) (young) 105M->52M(128M), 0.0210537 secs]
Application time: 0.1173167 seconds
[GC pause (G1 Evacuation Pause) (young) 104M->54M(128M), 0.0170169 secs]
Application time: 0.0885446 seconds
[GC pause (G1 Evacuation Pause) (young) 106M->54M(128M), 0.0121187 secs]
Application time: 0.0835527 seconds
[GC pause (G1 Evacuation Pause) (young) 107M->64M(128M), 0.0154925 secs]
Application time: 0.1277752 seconds
[GC pause (G1 Evacuation Pause) (young) (initial-mark) 105M->70M(128M), 0.0234152 secs]
[GC concurrent-root-region-scan-start]
[GC concurrent-root-region-scan-end, 0.0191227 secs]
[GC concurrent-mark-start]
[GC concurrent-mark-end, 0.0861292 secs]
Application time: 0.1053385 seconds
[GC remark, 0.0080885 secs]
Application time: 0.0000710 seconds
[GC cleanup 97M->67M(128M), 0.0004323 secs]
[GC concurrent-cleanup-start]
[GC concurrent-cleanup-end, 0.0000516 secs]
Application time: 0.0189194 seconds
[GC pause (G1 Evacuation Pause) (young) 76M->41M(128M), 0.0193453 secs]
Application time: 0.0110922 seconds
[GC pause (G1 Evacuation Pause) (mixed) 45M->35M(128M), 0.0093072 secs]
Application time: 0.1048447 seconds
[GC pause (G1 Evacuation Pause) (young) 98M->34M(128M), 0.0035315 secs]
Application time: 0.1221206 seconds
[GC pause (G1 Evacuation Pause) (young) 99M->47M(128M), 0.0161226 secs]
Application time: 0.1331137 seconds
[GC pause (G1 Evacuation Pause) (young) 102M->55M(128M), 0.0281697 secs]
Application time: 0.0891763 seconds
[GC pause (G1 Evacuation Pause) (young) 104M->56M(128M), 0.0200677 secs]
Application time: 0.0919935 seconds
[GC pause (G1 Evacuation Pause) (young) 106M->61M(128M), 0.0167809 secs]
Application time: 0.0952666 seconds
[GC pause (G1 Evacuation Pause) (young) 106M->68M(128M), 0.0128853 secs]
Application time: 0.0922652 seconds
[GC pause (G1 Evacuation Pause) (young) (initial-mark) 107M->72M(128M), 0.0205318 secs]
[GC concurrent-root-region-scan-start]
[GC concurrent-root-region-scan-end, 0.0144069 secs]
[GC concurrent-mark-start]
[GC concurrent-mark-end, 0.0913975 secs]
Application time: 0.1059096 seconds
[GC remark, 0.0081706 secs]
Application time: 0.0000608 seconds
[GC cleanup 105M->75M(128M), 0.0004801 secs]
[GC concurrent-cleanup-start]
[GC concurrent-cleanup-end, 0.0000444 secs]
Application time: 0.0027642 seconds
[GC pause (G1 Evacuation Pause) (young) 76M->45M(128M), 0.0155508 secs]
Application time: 0.0037589 seconds
[GC pause (G1 Evacuation Pause) (mixed) 47M->35M(128M), 0.0112590 secs]
Application time: 0.1344852 seconds
[GC pause (G1 Evacuation Pause) (young) 101M->42M(128M), 0.0144026 secs]
Application time: 0.1165564 seconds
[GC pause (G1 Evacuation Pause) (young) 102M->46M(128M), 0.0144967 secs]
Application time: 0.1067655 seconds
[GC pause (G1 Evacuation Pause) (young) 103M->53M(128M), 0.0207204 secs]
Application time: 0.1017376 seconds
[GC pause (G1 Evacuation Pause) (young) 105M->62M(128M), 0.0240681 secs]
Application time: 0.1029952 seconds
[GC pause (G1 Evacuation Pause) (young) 105M->66M(128M), 0.0233558 secs]
Application time: 0.0747756 seconds
[GC pause (G1 Evacuation Pause) (young) (initial-mark) 107M->65M(128M), 0.0130233 secs]
[GC concurrent-root-region-scan-start]
[GC concurrent-root-region-scan-end, 0.0081787 secs]
[GC concurrent-mark-start]
[GC concurrent-mark-end, 0.0976445 secs]
Application time: 0.1059067 seconds
[GC remark, 0.0078793 secs]
Application time: 0.0000691 seconds
[GC cleanup 97M->70M(128M), 0.0004659 secs]
[GC concurrent-cleanup-start]
[GC concurrent-cleanup-end, 0.0000424 secs]
Application time: 0.0270819 seconds
[GC pause (G1 Evacuation Pause) (young) 81M->45M(128M), 0.0140923 secs]
Application time: 0.0021087 seconds
[GC pause (G1 Evacuation Pause) (mixed) 46M->40M(128M), 0.0138075 secs]
Application time: 0.1187087 seconds
[GC pause (G1 Evacuation Pause) (young) 105M->42M(128M), 0.0126445 secs]
Application time: 0.1207813 seconds
[GC pause (G1 Evacuation Pause) (young) 106M->49M(128M), 0.0153862 secs]
Application time: 0.1297001 seconds
[GC pause (G1 Evacuation Pause) (young) 105M->60M(128M), 0.0248451 secs]
Application time: 0.0931380 seconds
[GC pause (G1 Evacuation Pause) (young) 105M->63M(128M), 0.0243467 secs]
Application time: 0.0792795 seconds
[GC pause (G1 Evacuation Pause) (young) (initial-mark) 107M->63M(128M), 0.0132183 secs]
[GC concurrent-root-region-scan-start]
[GC concurrent-root-region-scan-end, 0.0082160 secs]
[GC concurrent-mark-start]
[GC concurrent-mark-end, 0.1006256 secs]
Application time: 0.1089361 seconds
[GC remark, 0.0081634 secs]
Application time: 0.0000727 seconds
[GC cleanup 104M->81M(128M), 0.0004446 secs]
[GC concurrent-cleanup-start]
[GC concurrent-cleanup-end, 0.0000422 secs]
Application time: 0.0066132 seconds
[GC pause (G1 Evacuation Pause) (young) 85M->45M(128M), 0.0105388 secs]
Application time: 0.0019441 seconds
[GC pause (G1 Evacuation Pause) (mixed) 46M->39M(128M), 0.0138453 secs]
Application time: 0.1811455 seconds
[GC pause (G1 Evacuation Pause) (young) 106M->50M(128M), 0.0268681 secs]
Application time: 0.1049634 seconds
[GC pause (G1 Evacuation Pause) (young) 105M->51M(128M), 0.0163600 secs]
Application time: 0.0829173 seconds
[GC pause (G1 Evacuation Pause) (young) 107M->51M(128M), 0.0113642 secs]
Application time: 0.1373279 seconds
[GC pause (G1 Evacuation Pause) (young) 108M->69M(128M), 0.0222562 secs]
Application time: 0.0923831 seconds
[GC pause (G1 Evacuation Pause) (young) (initial-mark) 106M->72M(128M), 0.0260083 secs]
[GC concurrent-root-region-scan-start]
[GC concurrent-root-region-scan-end, 0.0106977 secs]
[GC concurrent-mark-start]
[GC concurrent-mark-end, 0.0960506 secs]
Application time: 0.1068252 seconds
[GC remark, 0.0080238 secs]
Application time: 0.0000563 seconds
[GC cleanup 104M->73M(128M), 0.0004363 secs]
[GC concurrent-cleanup-start]
[GC concurrent-cleanup-end, 0.0000498 secs]
Application time: 0.0055424 seconds
[GC pause (G1 Evacuation Pause) (young) 76M->42M(128M), 0.0169505 secs]
Application time: 0.0084776 seconds
[GC pause (G1 Evacuation Pause) (mixed) 47M->36M(128M), 0.0055287 secs]
Application time: 0.1026210 seconds
[GC pause (G1 Evacuation Pause) (young) 101M->41M(128M), 0.0084020 secs]
Application time: 0.1465826 seconds
[GC pause (G1 Evacuation Pause) (young) 102M->51M(128M), 0.0211795 secs]
Application time: 0.1119779 seconds
[GC pause (G1 Evacuation Pause) (young) 103M->54M(128M), 0.0254233 secs]
Application time: 0.0814563 seconds
[GC pause (G1 Evacuation Pause) (young) 104M->54M(128M), 0.0136455 secs]
Application time: 0.0972872 seconds
[GC pause (G1 Evacuation Pause) (young) 106M->61M(128M), 0.0154119 secs]
Application time: 0.1096851 seconds
[GC pause (G1 Evacuation Pause) (young) 107M->69M(128M), 0.0261496 secs]
Application time: 0.0819659 seconds
[GC pause (G1 Evacuation Pause) (young) (initial-mark) 107M->72M(128M), 0.0232018 secs]
[GC concurrent-root-region-scan-start]
[GC concurrent-root-region-scan-end, 0.0066645 secs]
[GC concurrent-mark-start]
[GC concurrent-mark-end, 0.0975613 secs]
Application time: 0.1043169 seconds
[GC remark, 0.0079092 secs]
Application time: 0.0000623 seconds
[GC cleanup 106M->74M(128M), 0.0004321 secs]
[GC concurrent-cleanup-start]
[GC concurrent-cleanup-end, 0.0000516 secs]
Application time: 0.0030708 seconds
[GC pause (G1 Evacuation Pause) (young) 76M->40M(128M), 0.0129180 secs]
Application time: 0.0090036 seconds
[GC pause (G1 Evacuation Pause) (mixed) 45M->34M(128M), 0.0047817 secs]
Application time: 0.1669720 seconds
[GC pause (G1 Evacuation Pause) (young) 104M->42M(128M), 0.0123535 secs]
Application time: 0.1339756 seconds
[GC pause (G1 Evacuation Pause) (young) 105M->48M(128M), 0.0198253 secs]
Application time: 0.1216490 seconds
[GC pause (G1 Evacuation Pause) (young) 105M->57M(128M), 0.0261245 secs]
Application time: 0.1251969 seconds
[GC pause (G1 Evacuation Pause) (young) 105M->60M(128M), 0.0216248 secs]
Application time: 0.0893838 seconds
[GC pause (G1 Evacuation Pause) (young) 106M->61M(128M), 0.0123764 secs]
Application time: 0.0798378 seconds
[GC pause (G1 Evacuation Pause) (young) (initial-mark) 108M->65M(128M), 0.0099696 secs]
[GC concurrent-root-region-scan-start]
[GC concurrent-root-region-scan-end, 0.0043346 secs]
[GC concurrent-mark-start]
[GC concurrent-mark-end, 0.0958100 secs]
Application time: 0.1002389 seconds
[GC remark, 0.0071036 secs]
Application time: 0.0000609 seconds
[GC cleanup 98M->71M(128M), 0.0003203 secs]
[GC concurrent-cleanup-start]
[GC concurrent-cleanup-end, 0.0000459 secs]
Application time: 0.0299455 seconds
[GC pause (G1 Evacuation Pause) (young) 81M->46M(128M), 0.0166628 secs]
Application time: 0.0030543 seconds
[GC pause (G1 Evacuation Pause) (mixed) 47M->40M(128M), 0.0155259 secs]
Application time: 0.1656252 seconds
[GC pause (G1 Evacuation Pause) (young) 104M->45M(128M), 0.0161736 secs]
Application time: 0.1009426 seconds
[GC pause (G1 Evacuation Pause) (young) 104M->46M(128M), 0.0076365 secs]
Application time: 0.0917054 seconds
[GC pause (G1 Evacuation Pause) (young) 106M->55M(128M), 0.0153394 secs]
Application time: 0.1442861 seconds
[GC pause (G1 Evacuation Pause) (young) 105M->63M(128M), 0.0209747 secs]
Application time: 0.0877220 seconds
[GC pause (G1 Evacuation Pause) (young) 105M->64M(128M), 0.0166949 secs]
Application time: 0.0710198 seconds
[GC pause (G1 Evacuation Pause) (young) (initial-mark) 107M->64M(128M), 0.0103540 secs]
[GC concurrent-root-region-scan-start]
[GC concurrent-root-region-scan-end, 0.0005563 secs]
[GC concurrent-mark-start]
[GC concurrent-mark-end, 0.1076660 secs]
Application time: 0.1086604 seconds
[GC remark, 0.0075482 secs]
Application time: 0.0000491 seconds
[GC cleanup 105M->77M(128M), 0.0003441 secs]
[GC concurrent-cleanup-start]
[GC concurrent-cleanup-end, 0.0000391 secs]
Application time: 0.0048052 seconds
[GC pause (G1 Evacuation Pause) (young) 80M->38M(128M), 0.0024699 secs]
Application time: 0.0046508 seconds
[GC pause (G1 Evacuation Pause) (mixed) 41M->35M(128M), 0.0035611 secs]
Application time: 0.1893416 seconds
[GC pause (G1 Evacuation Pause) (young) 107M->50M(128M), 0.0196907 secs]
Application time: 0.1058794 seconds
[GC pause (G1 Evacuation Pause) (young) 104M->51M(128M), 0.0187631 secs]
Application time: 0.0847138 seconds
[GC pause (G1 Evacuation Pause) (young) 108M->51M(128M), 0.0131793 secs]
Application time: 0.1405119 seconds
[GC pause (G1 Evacuation Pause) (young) 109M->67M(128M), 0.0195043 secs]
Application time: 0.0948413 seconds
[GC pause (G1 Evacuation Pause) (young) (initial-mark) 106M->71M(128M), 0.0214891 secs]
[GC concurrent-root-region-scan-start]
[GC concurrent-root-region-scan-end, 0.0155937 secs]
[GC concurrent-mark-start]
[GC concurrent-mark-end, 0.0827467 secs]
Application time: 0.0984388 seconds
[GC remark, 0.0075405 secs]
Application time: 0.0000524 seconds
[GC cleanup 100M->67M(128M), 0.0003277 secs]
[GC concurrent-cleanup-start]
[GC concurrent-cleanup-end, 0.0000433 secs]
Application time: 0.0144367 seconds
[GC pause (G1 Evacuation Pause) (young) 75M->39M(128M), 0.0144154 secs]
Application time: 0.0084777 seconds
[GC pause (G1 Evacuation Pause) (mixed) 44M->35M(128M), 0.0040013 secs]
Application time: 0.1062284 seconds
[GC pause (G1 Evacuation Pause) (young) 102M->40M(128M), 0.0080256 secs]
Application time: 0.1529506 seconds
[GC pause (G1 Evacuation Pause) (young) 102M->53M(128M), 0.0214911 secs]
Application time: 0.1093410 seconds
[GC pause (G1 Evacuation Pause) (young) 103M->55M(128M), 0.0206679 secs]
Application time: 0.0770875 seconds
[GC pause (G1 Evacuation Pause) (young) 104M->55M(128M), 0.0119271 secs]
Application time: 0.0896316 seconds
[GC pause (G1 Evacuation Pause) (young) 106M->64M(128M), 0.0125350 secs]
Application time: 0.1110865 seconds
[GC pause (G1 Evacuation Pause) (young) (initial-mark) 106M->73M(128M), 0.0217999 secs]
[GC concurrent-root-region-scan-start]
[GC concurrent-root-region-scan-end, 0.0185482 secs]
[GC concurrent-mark-start]
[GC concurrent-mark-end, 0.0740569 secs]
Application time: 0.0927282 seconds
[GC remark, 0.0069110 secs]
Application time: 0.0000450 seconds
[GC cleanup 97M->63M(128M), 0.0003334 secs]
[GC concurrent-cleanup-start]
[GC concurrent-cleanup-end, 0.0000433 secs]
Application time: 0.0251758 seconds
[GC pause (G1 Evacuation Pause) (young) 73M->43M(128M), 0.0214608 secs]
Application time: 0.0066834 seconds
[GC pause (G1 Evacuation Pause) (mixed) 46M->38M(128M), 0.0114364 secs]
Application time: 0.0992410 seconds
[GC pause (G1 Evacuation Pause) (young) 98M->38M(128M), 0.0041043 secs]
Application time: 0.1161175 seconds
[GC pause (G1 Evacuation Pause) (young) 101M->47M(128M), 0.0111030 secs]
Application time: 0.1347520 seconds
[GC pause (G1 Evacuation Pause) (young) 103M->55M(128M), 0.0203579 secs]
Application time: 0.0937583 seconds
[GC pause (G1 Evacuation Pause) (young) 105M->56M(128M), 0.0173118 secs]
Application time: 0.0804347 seconds
[GC pause (G1 Evacuation Pause) (young) 106M->62M(128M), 0.0159168 secs]
Application time: 0.0865071 seconds
[GC pause (G1 Evacuation Pause) (young) 107M->68M(128M), 0.0129906 secs]
Application time: 0.0980845 seconds
[GC pause (G1 Evacuation Pause) (young) (initial-mark) 107M->73M(128M), 0.0189476 secs]
[GC concurrent-root-region-scan-start]
[GC concurrent-root-region-scan-end, 0.0176272 secs]
[GC concurrent-mark-start]
[GC concurrent-mark-end, 0.0759617 secs]
Application time: 0.0936644 seconds
[GC remark, 0.0069503 secs]
Application time: 0.0000507 seconds
[GC cleanup 99M->63M(128M), 0.0003489 secs]
[GC concurrent-cleanup-start]
[GC concurrent-cleanup-end, 0.0000493 secs]
Application time: 0.0144627 seconds
[GC pause (G1 Evacuation Pause) (young) 71M->39M(128M), 0.0121928 secs]
Application time: 0.0054718 seconds
[GC pause (G1 Evacuation Pause) (mixed) 42M->34M(128M), 0.0084634 secs]
Application time: 0.1202402 seconds
[GC pause (G1 Evacuation Pause) (young) 102M->42M(128M), 0.0096354 secs]
Application time: 0.1207645 seconds
[GC pause (G1 Evacuation Pause) (young) 103M->48M(128M), 0.0172049 secs]
Application time: 0.1359623 seconds
[GC pause (G1 Evacuation Pause) (young) 104M->53M(128M), 0.0224154 secs]
Application time: 0.0932653 seconds
[GC pause (G1 Evacuation Pause) (young) 104M->55M(128M), 0.0169563 secs]
Application time: 0.1029571 seconds
[GC pause (G1 Evacuation Pause) (young) 107M->61M(128M), 0.0179531 secs]
Application time: 0.0984002 seconds
[GC pause (G1 Evacuation Pause) (young) 107M->69M(128M), 0.0199773 secs]
Application time: 0.0916837 seconds
[GC pause (G1 Evacuation Pause) (young) (initial-mark) 107M->73M(128M), 0.0220230 secs]
[GC concurrent-root-region-scan-start]
[GC concurrent-root-region-scan-end, 0.0059457 secs]
[GC concurrent-mark-start]
[GC concurrent-mark-end, 0.1015935 secs]
Application time: 0.1076438 seconds
[GC remark, 0.0081867 secs]
Application time: 0.0000761 seconds
[GC cleanup 104M->71M(128M), 0.0005131 secs]
[GC concurrent-cleanup-start]
[GC concurrent-cleanup-end, 0.0000714 secs]
Application time: 0.0070478 seconds
[GC pause (G1 Evacuation Pause) (young) 75M->40M(128M), 0.0128511 secs]
Application time: 0.0136881 seconds
[GC pause (G1 Evacuation Pause) (mixed) 45M->34M(128M), 0.0043967 secs]
Application time: 0.1376937 seconds
[GC pause (G1 Evacuation Pause) (young) 106M->40M(128M), 0.0108742 secs]
Application time: 0.1424404 seconds
[GC pause (G1 Evacuation Pause) (young) 104M->49M(128M), 0.0226744 secs]
Application time: 0.1142801 seconds
[GC pause (G1 Evacuation Pause) (young) 104M->52M(128M), 0.0225374 secs]
Application time: 0.0913329 seconds
[GC pause (G1 Evacuation Pause) (young) 105M->58M(128M), 0.0204947 secs]
Application time: 0.0936525 seconds
[GC pause (G1 Evacuation Pause) (young) 106M->64M(128M), 0.0177529 secs]
Application time: 0.1087673 seconds
[GC pause (G1 Evacuation Pause) (young) (initial-mark) 106M->70M(128M), 0.0241278 secs]
[GC concurrent-root-region-scan-start]
[GC concurrent-root-region-scan-end, 0.0145233 secs]
[GC concurrent-mark-start]
[GC concurrent-mark-end, 0.0826830 secs]
Application time: 0.0972924 seconds
[GC remark, 0.0121036 secs]
Application time: 0.0009106 seconds
[GC cleanup 94M->64M(128M), 0.0013855 secs]
[GC concurrent-cleanup-start]
[GC concurrent-cleanup-end, 0.0000502 secs]
Application time: 0.0251311 seconds
[GC pause (G1 Evacuation Pause) (young) 77M->41M(128M), 0.0137799 secs]
Application time: 0.0058546 seconds
[GC pause (G1 Evacuation Pause) (mixed) 44M->34M(128M), 0.0108893 secs]
Application time: 0.1238975 seconds
[GC pause (G1 Evacuation Pause) (young) 101M->41M(128M), 0.0110768 secs]
Application time: 0.1162729 seconds
[GC pause (G1 Evacuation Pause) (young) 102M->47M(128M), 0.0167974 secs]
Application time: 0.1172395 seconds
[GC pause (G1 Evacuation Pause) (young) 102M->52M(128M), 0.0229647 secs]
Application time: 0.1033098 seconds
[GC pause (G1 Evacuation Pause) (young) 105M->58M(128M), 0.0188927 secs]
Application time: 0.0991214 seconds
[GC pause (G1 Evacuation Pause) (young) 104M->62M(128M), 0.0190379 secs]
Application time: 0.0784727 seconds
[GC pause (G1 Evacuation Pause) (young) (initial-mark) 107M->62M(128M), 0.0126676 secs]
[GC concurrent-root-region-scan-start]
[GC concurrent-root-region-scan-end, 0.0031689 secs]
[GC concurrent-mark-start]
[GC concurrent-mark-end, 0.0435360 secs]
Application time: 0.0467822 seconds
[GC remark, 0.0080824 secs]
Application time: 0.0000380 seconds
[GC cleanup 72M->49M(128M), 0.0004218 secs]
[GC concurrent-cleanup-start]
[GC concurrent-cleanup-end, 0.0000402 secs]
Application time: 0.0810546 seconds
[GC pause (G1 Evacuation Pause) (young) 85M->45M(128M), 0.0141542 secs]
Application time: 0.0017578 seconds
[GC pause (G1 Evacuation Pause) (mixed) 46M->40M(128M), 0.0142167 secs]
Application time: 0.1243966 seconds
[GC pause (G1 Evacuation Pause) (young) 104M->48M(128M), 0.0205688 secs]
Application time: 0.1082259 seconds
[GC pause (G1 Evacuation Pause) (young) 104M->51M(128M), 0.0151707 secs]
Application time: 0.1086998 seconds
[GC pause (G1 Evacuation Pause) (young) 104M->57M(128M), 0.0202415 secs]
Application time: 0.0968488 seconds
[GC pause (G1 Evacuation Pause) (young) 105M->61M(128M), 0.0176754 secs]
Application time: 0.0874689 seconds
[GC pause (G1 Evacuation Pause) (young) (initial-mark) 107M->65M(128M), 0.0243761 secs]
[GC concurrent-root-region-scan-start]
[GC concurrent-root-region-scan-end, 0.0180061 secs]
[GC concurrent-mark-start]
[GC concurrent-mark-end, 0.0732400 secs]
Application time: 0.0913419 seconds
[GC remark, 0.0083724 secs]
Application time: 0.0000375 seconds
[GC cleanup 88M->60M(128M), 0.0004302 secs]
[GC concurrent-cleanup-start]
[GC concurrent-cleanup-end, 0.0000431 secs]
Application time: 0.0419692 seconds
[GC pause (G1 Evacuation Pause) (young) 79M->42M(128M), 0.0158564 secs]
Application time: 0.0016876 seconds
[GC pause (G1 Evacuation Pause) (mixed) 43M->35M(128M), 0.0108847 secs]
Application time: 0.1417915 seconds
[GC pause (G1 Evacuation Pause) (young) 102M->42M(128M), 0.0141831 secs]
Application time: 0.1146919 seconds
[GC pause (G1 Evacuation Pause) (young) 103M->50M(128M), 0.0210744 secs]
Application time: 0.1137648 seconds
[GC pause (G1 Evacuation Pause) (young) 103M->56M(128M), 0.0219806 secs]
Application time: 0.0839813 seconds
[GC pause (G1 Evacuation Pause) (young) 105M->57M(128M), 0.0123283 secs]
Application time: 0.0935582 seconds
[GC pause (G1 Evacuation Pause) (young) 106M->64M(128M), 0.0180080 secs]
Application time: 0.0877891 seconds
[GC pause (G1 Evacuation Pause) (young) (initial-mark) 107M->71M(128M), 0.0183847 secs]
[GC concurrent-root-region-scan-start]
[GC concurrent-root-region-scan-end, 0.0152409 secs]
[GC concurrent-mark-start]
[GC concurrent-mark-end, 0.0699248 secs]
Application time: 0.0852588 seconds
[GC remark, 0.0078470 secs]
Application time: 0.0000328 seconds
[GC cleanup 90M->60M(128M), 0.0004143 secs]
[GC concurrent-cleanup-start]
[GC concurrent-cleanup-end, 0.0000462 secs]
Application time: 0.0367916 seconds
[GC pause (G1 Evacuation Pause) (young) 77M->45M(128M), 0.0214964 secs]
Application time: 0.0067299 seconds
[GC pause (G1 Evacuation Pause) (mixed) 48M->37M(128M), 0.0134935 secs]
Application time: 0.1126726 seconds
[GC pause (G1 Evacuation Pause) (young) 102M->39M(128M), 0.0070678 secs]
Application time: 0.1159257 seconds
[GC pause (G1 Evacuation Pause) (young) 104M->45M(128M), 0.0137677 secs]
Application time: 0.1453432 seconds
[GC pause (G1 Evacuation Pause) (young) 105M->54M(128M), 0.0229890 secs]
Application time: 0.0938151 seconds
[GC pause (G1 Evacuation Pause) (young) 105M->55M(128M), 0.0218392 secs]
Application time: 0.0806259 seconds
[GC pause (G1 Evacuation Pause) (young) 107M->59M(128M), 0.0135944 secs]
Application time: 0.1022679 seconds
[GC pause (G1 Evacuation Pause) (young) 108M->67M(128M), 0.0186348 secs]
Application time: 0.1020425 seconds
[GC pause (G1 Evacuation Pause) (young) (initial-mark) 107M->73M(128M), 0.0211253 secs]
[GC concurrent-root-region-scan-start]
[GC concurrent-root-region-scan-end, 0.0042341 secs]
[GC concurrent-mark-start]
[GC concurrent-mark-end, 0.0829103 secs]
Application time: 0.0872230 seconds
[GC remark, 0.0078148 secs]
Application time: 0.0000463 seconds
[GC cleanup 97M->64M(128M), 0.0004169 secs]
[GC concurrent-cleanup-start]
[GC concurrent-cleanup-end, 0.0000501 secs]
Application time: 0.0208944 seconds
[GC pause (G1 Evacuation Pause) (young) 74M->40M(128M), 0.0174146 secs]
Application time: 0.0093371 seconds
[GC pause (G1 Evacuation Pause) (mixed) 45M->34M(128M), 0.0056155 secs]
Application time: 0.1239742 seconds
[GC pause (G1 Evacuation Pause) (young) 105M->34M(128M), 0.0022281 secs]
Application time: 0.1710892 seconds
[GC pause (G1 Evacuation Pause) (young) 107M->52M(128M), 0.0240022 secs]
Application time: 0.1334698 seconds
[GC pause (G1 Evacuation Pause) (young) 103M->55M(128M), 0.0241225 secs]
Application time: 0.0769038 seconds
[GC pause (G1 Evacuation Pause) (young) 107M->55M(128M), 0.0140650 secs]
Application time: 0.0909310 seconds
[GC pause (G1 Evacuation Pause) (young) 108M->65M(128M), 0.0164484 secs]
Application time: 0.1061501 seconds
[GC pause (G1 Evacuation Pause) (young) (initial-mark) 106M->73M(128M), 0.0243093 secs]
[GC concurrent-root-region-scan-start]
[GC concurrent-root-region-scan-end, 0.0192066 secs]
[GC concurrent-mark-start]
[GC concurrent-mark-end, 0.0697002 secs]
Application time: 0.0889934 seconds
[GC remark, 0.0080509 secs]
Application time: 0.0000373 seconds
[GC cleanup 94M->61M(128M), 0.0004169 secs]
[GC concurrent-cleanup-start]
[GC concurrent-cleanup-end, 0.0000490 secs]
Application time: 0.0373596 seconds
[GC pause (G1 Evacuation Pause) (young) 74M->43M(128M), 0.0191732 secs]
Application time: 0.0062165 seconds
[GC pause (G1 Evacuation Pause) (mixed) 46M->37M(128M), 0.0118896 secs]
Application time: 0.0992917 seconds
[GC pause (G1 Evacuation Pause) (young) 101M->36M(128M), 0.0037586 secs]
Application time: 0.1222239 seconds
[GC pause (G1 Evacuation Pause) (young) 102M->52M(128M), 0.0173931 secs]
Application time: 0.1216755 seconds
[GC pause (G1 Evacuation Pause) (young) 103M->58M(128M), 0.0250524 secs]
Application time: 0.0811551 seconds
[GC pause (G1 Evacuation Pause) (young) 105M->59M(128M), 0.0175512 secs]
Application time: 0.0861994 seconds
[GC pause (G1 Evacuation Pause) (young) (initial-mark) 107M->64M(128M), 0.0124592 secs]
[GC concurrent-root-region-scan-start]
[GC concurrent-root-region-scan-end, 0.0132422 secs]
[GC concurrent-mark-start]
[GC concurrent-mark-end, 0.0783365 secs]
Application time: 0.0916635 seconds
[GC remark, 0.0084620 secs]
Application time: 0.0011027 seconds
[GC cleanup 95M->70M(128M), 0.0004288 secs]
[GC concurrent-cleanup-start]
[GC concurrent-cleanup-end, 0.0000458 secs]
Application time: 0.0206270 seconds
[GC pause (G1 Evacuation Pause) (young) 81M->45M(128M), 0.0136274 secs]
Application time: 0.0014767 seconds
[GC pause (G1 Evacuation Pause) (mixed) 46M->40M(128M), 0.0136462 secs]
Application time: 0.1427810 seconds
[GC pause (G1 Evacuation Pause) (young) 103M->47M(128M), 0.0153260 secs]
Application time: 0.1013204 seconds
[GC pause (G1 Evacuation Pause) (young) 105M->52M(128M), 0.0165752 secs]
Application time: 0.1069702 seconds
[GC pause (G1 Evacuation Pause) (young) 106M->57M(128M), 0.0214173 secs]
Application time: 0.0881421 seconds
[GC pause (G1 Evacuation Pause) (young) 106M->63M(128M), 0.0168216 secs]
Application time: 0.0866821 seconds
[GC pause (G1 Evacuation Pause) (young) (initial-mark) 106M->65M(128M), 0.0172492 secs]
[GC concurrent-root-region-scan-start]
[GC concurrent-root-region-scan-end, 0.0092645 secs]
[GC concurrent-mark-start]
[GC concurrent-mark-end, 0.0882248 secs]
Application time: 0.0975876 seconds
[GC remark, 0.0086955 secs]
Application time: 0.0000417 seconds
[GC cleanup 92M->65M(128M), 0.0004318 secs]
[GC concurrent-cleanup-start]
[GC concurrent-cleanup-end, 0.0000427 secs]
Application time: 0.0280419 seconds
[GC pause (G1 Evacuation Pause) (young) 80M->43M(128M), 0.0160981 secs]
Application time: 0.0028048 seconds
[GC pause (G1 Evacuation Pause) (mixed) 44M->39M(128M), 0.0097857 secs]
Application time: 0.1316603 seconds
[GC pause (G1 Evacuation Pause) (young) 103M->44M(128M), 0.0167425 secs]
Application time: 0.1086643 seconds
[GC pause (G1 Evacuation Pause) (young) 104M->50M(128M), 0.0168777 secs]
Application time: 0.1145644 seconds
[GC pause (G1 Evacuation Pause) (young) 104M->54M(128M), 0.0214895 secs]
Application time: 0.1144510 seconds
[GC pause (G1 Evacuation Pause) (young) 107M->63M(128M), 0.0224917 secs]
Application time: 0.0779765 seconds
[GC pause (G1 Evacuation Pause) (young) 106M->65M(128M), 0.0165396 secs]
Application time: 0.0690794 seconds
[GC pause (G1 Evacuation Pause) (young) (initial-mark) 107M->69M(128M), 0.0164722 secs]
[GC concurrent-root-region-scan-start]
[GC concurrent-root-region-scan-end, 0.0114213 secs]
[GC concurrent-mark-start]
[GC concurrent-mark-end, 0.0660419 secs]
Application time: 0.0775384 seconds
[GC remark, 0.0082745 secs]
Application time: 0.0000372 seconds
[GC cleanup 89M->58M(128M), 0.0004594 secs]
[GC concurrent-cleanup-start]
[GC concurrent-cleanup-end, 0.0000474 secs]
Application time: 0.0405019 seconds
[GC pause (G1 Evacuation Pause) (young) 76M->43M(128M), 0.0141708 secs]
Application time: 0.0028992 seconds
[GC pause (G1 Evacuation Pause) (mixed) 44M->37M(128M), 0.0105599 secs]
Application time: 0.1552279 seconds
[GC pause (G1 Evacuation Pause) (young) 101M->47M(128M), 0.0193340 secs]
Application time: 0.1189164 seconds
[GC pause (G1 Evacuation Pause) (young) 102M->48M(128M), 0.0144782 secs]
Application time: 0.1082385 seconds
[GC pause (G1 Evacuation Pause) (young) 103M->53M(128M), 0.0232507 secs]
Application time: 0.1438917 seconds
[GC pause (G1 Evacuation Pause) (young) 104M->64M(128M), 0.0263595 secs]
Application time: 0.1161600 seconds
[GC pause (G1 Evacuation Pause) (young) 105M->67M(128M), 0.0260073 secs]
Application time: 0.0853578 seconds
[GC pause (G1 Evacuation Pause) (young) (initial-mark) 106M->68M(128M), 0.0159606 secs]
[GC concurrent-root-region-scan-start]
[GC concurrent-root-region-scan-end, 0.0003385 secs]
[GC concurrent-mark-start]
Application time: 0.1211221 seconds
[GC pause (G1 Evacuation Pause) (young) 107M->68M(128M), 0.0062498 secs]
[GC concurrent-mark-end, 0.1309623 secs]
Application time: 0.0012842 seconds
[GC remark, 0.0076374 secs]
Application time: 0.0000386 seconds
[GC cleanup 68M->42M(128M), 0.0004467 secs]
[GC concurrent-cleanup-start]
[GC concurrent-cleanup-end, 0.0000451 secs]
Application time: 0.0714776 seconds
[GC pause (G1 Evacuation Pause) (young) 82M->46M(128M), 0.0071483 secs]
Application time: 0.0024337 seconds
[GC pause (G1 Evacuation Pause) (mixed) 47M->38M(128M), 0.0098155 secs]
Application time: 0.1982306 seconds
[GC pause (G1 Evacuation Pause) (young) 105M->50M(128M), 0.0237465 secs]
Application time: 0.1157815 seconds
[GC pause (G1 Evacuation Pause) (young) 105M->52M(128M), 0.0193138 secs]
Application time: 0.0994700 seconds
[GC pause (G1 Evacuation Pause) (young) 107M->57M(128M), 0.0201431 secs]
Application time: 0.1159509 seconds
[GC pause (G1 Evacuation Pause) (young) 106M->66M(128M), 0.0199724 secs]
Application time: 0.1108531 seconds
[GC pause (G1 Evacuation Pause) (young) (initial-mark) 106M->69M(128M), 0.0225838 secs]
[GC concurrent-root-region-scan-start]
[GC concurrent-root-region-scan-end, 0.0048761 secs]
[GC concurrent-mark-start]
[GC concurrent-mark-end, 0.1130653 secs]
Application time: 0.1180305 seconds
[GC remark, 0.0082773 secs]
Application time: 0.0019465 seconds
[GC cleanup 102M->70M(128M), 0.0004547 secs]
[GC concurrent-cleanup-start]
[GC concurrent-cleanup-end, 0.0000518 secs]
Application time: 0.0079688 seconds
[GC pause (G1 Evacuation Pause) (young) 74M->38M(128M), 0.0141705 secs]
Application time: 0.0063639 seconds
[GC pause (G1 Evacuation Pause) (mixed) 41M->34M(128M), 0.0065393 secs]
Application time: 0.1637467 seconds
[GC pause (G1 Evacuation Pause) (young) 104M->43M(128M), 0.0161529 secs]
Application time: 0.1262744 seconds
[GC pause (G1 Evacuation Pause) (young) 104M->47M(128M), 0.0170969 secs]
Application time: 0.1289093 seconds
[GC pause (G1 Evacuation Pause) (young) 104M->52M(128M), 0.0209569 secs]
Application time: 0.1393344 seconds
[GC pause (G1 Evacuation Pause) (young) 106M->60M(128M), 0.0239972 secs]
Application time: 0.1083138 seconds
[GC pause (G1 Evacuation Pause) (young) 105M->63M(128M), 0.0209533 secs]
Application time: 0.0796739 seconds
[GC pause (G1 Evacuation Pause) (young) (initial-mark) 106M->63M(128M), 0.0123462 secs]
[GC concurrent-root-region-scan-start]
[GC concurrent-root-region-scan-end, 0.0092949 secs]
[GC concurrent-mark-start]
[GC concurrent-mark-end, 0.1017920 secs]
Application time: 0.1112105 seconds
[GC remark, 0.0084142 secs]
Application time: 0.0000532 seconds
[GC cleanup 93M->71M(128M), 0.0004113 secs]
[GC concurrent-cleanup-start]
[GC concurrent-cleanup-end, 0.0000394 secs]
Application time: 0.0312885 seconds
[GC pause (G1 Evacuation Pause) (young) 86M->48M(128M), 0.0145862 secs]
Application time: 0.0028531 seconds
[GC pause (G1 Evacuation Pause) (mixed) 49M->41M(128M), 0.0154601 secs]
Application time: 0.2020902 seconds
[GC pause (G1 Evacuation Pause) (young) 106M->51M(128M), 0.0260105 secs]
Application time: 0.1221402 seconds
[GC pause (G1 Evacuation Pause) (young) 104M->53M(128M), 0.0171083 secs]
Application time: 0.0937906 seconds
[GC pause (G1 Evacuation Pause) (young) 105M->56M(128M), 0.0169956 secs]
Application time: 0.1139585 seconds
[GC pause (G1 Evacuation Pause) (young) 106M->65M(128M), 0.0195894 secs]
Application time: 0.1277281 seconds
[GC pause (G1 Evacuation Pause) (young) (initial-mark) 106M->70M(128M), 0.0216025 secs]
[GC concurrent-root-region-scan-start]
[GC concurrent-root-region-scan-end, 0.0150495 secs]
[GC concurrent-mark-start]
[GC concurrent-mark-end, 0.0777834 secs]
Application time: 0.0929470 seconds
[GC remark, 0.0085738 secs]
Application time: 0.0000529 seconds
[GC cleanup 91M->63M(128M), 0.0004185 secs]
[GC concurrent-cleanup-start]
[GC concurrent-cleanup-end, 0.0000584 secs]
Application time: 0.0361587 seconds
[GC pause (G1 Evacuation Pause) (young) 79M->43M(128M), 0.0210036 secs]
Application time: 0.0133160 seconds
[GC pause (G1 Evacuation Pause) (mixed) 48M->34M(128M), 0.0082050 secs]
Application time: 0.1145922 seconds
[GC pause (G1 Evacuation Pause) (young) 100M->34M(128M), 0.0022931 secs]
Application time: 0.2178912 seconds
[GC pause (G1 Evacuation Pause) (young) 103M->50M(128M), 0.0219370 secs]
Application time: 0.1351100 seconds
[GC pause (G1 Evacuation Pause) (young) 104M->53M(128M), 0.0245510 secs]
Application time: 0.0960805 seconds
[GC pause (G1 Evacuation Pause) (young) 105M->53M(128M), 0.0170622 secs]
Application time: 0.0951180 seconds
[GC pause (G1 Evacuation Pause) (young) 107M->64M(128M), 0.0182728 secs]
Application time: 0.1386536 seconds
[GC pause (G1 Evacuation Pause) (young) 105M->68M(128M), 0.0275171 secs]
Application time: 0.0934600 seconds
[GC pause (G1 Evacuation Pause) (young) (initial-mark) 105M->70M(128M), 0.0192794 secs]
[GC concurrent-root-region-scan-start]
[GC concurrent-root-region-scan-end, 0.0071616 secs]
[GC concurrent-mark-start]
[GC concurrent-mark-end, 0.0988292 secs]
Application time: 0.1060949 seconds
[GC remark, 0.0084694 secs]
Application time: 0.0000569 seconds
[GC cleanup 97M->66M(128M), 0.0005127 secs]
[GC concurrent-cleanup-start]
[GC concurrent-cleanup-end, 0.0000519 secs]
Application time: 0.0199572 seconds
[GC pause (G1 Evacuation Pause) (young) 76M->39M(128M), 0.0110102 secs]
Application time: 0.0072901 seconds
[GC pause (G1 Evacuation Pause) (mixed) 43M->34M(128M), 0.0030709 secs]
Application time: 0.1256568 seconds
[GC pause (G1 Evacuation Pause) (young) 102M->39M(128M), 0.0103588 secs]
Application time: 0.1917287 seconds
[GC pause (G1 Evacuation Pause) (young) 103M->50M(128M), 0.0254117 secs]
Application time: 0.1120698 seconds
[GC pause (G1 Evacuation Pause) (young) 104M->52M(128M), 0.0232334 secs]
Application time: 0.0998939 seconds
[GC pause (G1 Evacuation Pause) (young) 106M->57M(128M), 0.0201269 secs]
Application time: 0.1133075 seconds
[GC pause (G1 Evacuation Pause) (young) 106M->65M(128M), 0.0172194 secs]
Application time: 0.1101123 seconds
[GC pause (G1 Evacuation Pause) (young) (initial-mark) 106M->68M(128M), 0.0204125 secs]
[GC concurrent-root-region-scan-start]
[GC concurrent-root-region-scan-end, 0.0075617 secs]
[GC concurrent-mark-start]
[GC concurrent-mark-end, 0.0958440 secs]
Application time: 0.1035420 seconds
[GC remark, 0.0084867 secs]
Application time: 0.0000502 seconds
[GC cleanup 91M->62M(128M), 0.0004697 secs]
[GC concurrent-cleanup-start]
[GC concurrent-cleanup-end, 0.0000556 secs]
Application time: 0.0306657 seconds
[GC pause (G1 Evacuation Pause) (young) 77M->41M(128M), 0.0136957 secs]
Application time: 0.0023516 seconds
[GC pause (G1 Evacuation Pause) (mixed) 42M->36M(128M), 0.0097316 secs]
Application time: 0.1339176 seconds
[GC pause (G1 Evacuation Pause) (young) 101M->42M(128M), 0.0172746 secs]
Application time: 0.1315911 seconds
[GC pause (G1 Evacuation Pause) (young) 103M->49M(128M), 0.0191794 secs]
Application time: 0.1315149 seconds
[GC pause (G1 Evacuation Pause) (young) 104M->55M(128M), 0.0240733 secs]
Application time: 0.1072672 seconds
[GC pause (G1 Evacuation Pause) (young) 105M->60M(128M), 0.0229133 secs]
Application time: 0.1163881 seconds
[GC pause (G1 Evacuation Pause) (young) 105M->64M(128M), 0.0215336 secs]
Application time: 0.0843690 seconds
[GC pause (G1 Evacuation Pause) (young) (initial-mark) 106M->63M(128M), 0.0130332 secs]
[GC concurrent-root-region-scan-start]
[GC concurrent-root-region-scan-end, 0.0080072 secs]
[GC concurrent-mark-start]
[GC concurrent-mark-end, 0.0980332 secs]
Application time: 0.1061566 seconds
[GC remark, 0.0086594 secs]
Application time: 0.0000518 seconds
[GC cleanup 92M->66M(128M), 0.0004154 secs]
[GC concurrent-cleanup-start]
[GC concurrent-cleanup-end, 0.0000472 secs]
Application time: 0.0477714 seconds
[GC pause (G1 Evacuation Pause) (young) 82M->44M(128M), 0.0148943 secs]
Application time: 0.0053809 seconds
[GC pause (G1 Evacuation Pause) (mixed) 45M->41M(128M), 0.0166606 secs]
Application time: 0.1520094 seconds
[GC pause (G1 Evacuation Pause) (young) 105M->49M(128M), 0.0226610 secs]
Application time: 0.1393117 seconds
[GC pause (G1 Evacuation Pause) (young) 104M->53M(128M), 0.0173417 secs]
Application time: 0.0992442 seconds
[GC pause (G1 Evacuation Pause) (young) 105M->53M(128M), 0.0142901 secs]
Iteration 1 (120s) ends:   Wed May 16 02:26:33 GMT 2018
Iteration 1 (120s) result: 230.07 ops/m

Valid run!
Score on xml.validation: 230.07 ops/m

Application time: 0.1188289 seconds
