Application time: 0.0418370 seconds

SPECjvm2008 Peak
  Properties file:   none
  Base dir:          /home/kadilier/MaxineVM/maxineGCBenchmark/SPEC
  Benchmarks:        xml.transform xml.validation

  WARNING: Run will not be compliant.
  Property specjvm.create.xml.report must be true for publication.
  Not a compliant sequence of benchmarks for publication.
  Property specjvm.run.checksum.validation must be true for publication.
  Property specjvm.iteration.time must be at least 240 seconds for publication.


--- --- --- --- --- --- --- --- ---

  Benchmark:   check
  Run mode:    static run
  Test type:   functional
  Threads:     1
  Iterations:  1
  Run length:  1 operation

Iteration 1 (1 operation) begins: Wed May 16 02:13:49 GMT 2018
Application time: 0.1302215 seconds
[GC pause (G1 Evacuation Pause) (young) 7168K->3192K(64M), 0.0052399 secs]
Application time: 0.0780753 seconds
[Full GC (System.gc())  5424K->2623K(64M), 0.0126058 secs]
Application time: 0.0000627 seconds
[Full GC (System.gc())  2623K->2623K(64M), 0.0079436 secs]
Iteration 1 (1 operation) ends:   Wed May 16 02:13:49 GMT 2018
Iteration 1 (1 operation) result: PASSED

Valid run!


--- --- --- --- --- --- --- --- ---

  Benchmark:   xml.transform
  Run mode:    timed run
  Test type:   multi
  Threads:     2
  Warmup:      60s
  Iterations:  1
  Run length:  120s
Application time: 0.6425792 seconds
Application time: 0.2865732 seconds
[GC pause (G1 Evacuation Pause) (young) 9791K->5183K(64M), 0.0037470 secs]
Application time: 0.0036597 seconds
[GC pause (G1 Evacuation Pause) (young) 17M->5629K(64M), 0.0022881 secs]
Application time: 0.9426293 seconds
Application time: 0.2782193 seconds
[GC pause (G1 Evacuation Pause) (young) 41M->7085K(64M), 0.0034520 secs]
Application time: 0.4908284 seconds
Application time: 0.7466758 seconds
[GC pause (G1 Evacuation Pause) (young) 41M->7573K(64M), 0.0037489 secs]
Application time: 0.3053214 seconds
Application time: 0.0286241 seconds
Application time: 1.0000746 seconds
Application time: 0.1656634 seconds
[GC pause (G1 Evacuation Pause) (young) 41M->9497K(64M), 0.0113840 secs]
Application time: 0.0002043 seconds
Application time: 0.0000380 seconds
Application time: 0.0000268 seconds
Application time: 0.0000261 seconds
Application time: 0.1437133 seconds
Application time: 0.2202535 seconds
Application time: 0.6849971 seconds
Application time: 0.6879658 seconds
Application time: 0.4937867 seconds
[GC pause (G1 Evacuation Pause) (young) 42M->9202K(64M), 0.0065801 secs]
Application time: 0.0000902 seconds
Application time: 0.0000681 seconds
Application time: 0.0000324 seconds
Application time: 0.0000344 seconds
Application time: 0.0000306 seconds
Application time: 0.0000303 seconds
Application time: 0.0000390 seconds
Application time: 0.0000310 seconds
Application time: 0.0000281 seconds
Application time: 0.0000274 seconds
Application time: 0.0000275 seconds
Application time: 0.0000276 seconds
Application time: 0.0000273 seconds
Application time: 0.0000271 seconds
Application time: 0.0000272 seconds
Application time: 0.0000273 seconds
Application time: 0.2284449 seconds
Application time: 0.9984458 seconds
[GC pause (G1 Evacuation Pause) (young) 43M->9202K(64M), 0.0035626 secs]
Application time: 0.0001325 seconds
Application time: 0.0000475 seconds
Application time: 0.0000237 seconds
Application time: 0.0000203 seconds
Application time: 0.0000207 seconds
Application time: 0.0000221 seconds
Application time: 0.0000221 seconds
Application time: 0.0000222 seconds
Application time: 0.0000220 seconds
Application time: 0.0000279 seconds
Application time: 0.0000208 seconds
Application time: 0.0000220 seconds
Application time: 0.0000204 seconds
Application time: 0.0000220 seconds
Application time: 0.0000220 seconds
Application time: 0.0000219 seconds
Application time: 0.0000219 seconds
Application time: 0.0000220 seconds
Application time: 0.0000218 seconds
Application time: 0.0000220 seconds
Application time: 1.0000505 seconds
Application time: 0.3652744 seconds
[GC pause (G1 Evacuation Pause) (young) 43M->11M(64M), 0.0099875 secs]
Application time: 1.0000833 seconds
Application time: 0.5799917 seconds
[GC pause (G1 Evacuation Pause) (young) 44M->10M(64M), 0.0082643 secs]
Application time: 0.5993693 seconds
Application time: 1.0000338 seconds
Application time: 0.0918961 seconds
[GC pause (G1 Evacuation Pause) (young) 44M->11M(64M), 0.0073573 secs]
Application time: 1.0002957 seconds
Application time: 0.6546746 seconds
[GC pause (G1 Evacuation Pause) (young) 45M->11M(64M), 0.0043225 secs]
Application time: 1.0000924 seconds
Application time: 0.5748806 seconds
[GC pause (G1 Evacuation Pause) (young) 46M->13M(64M), 0.0136389 secs]
Application time: 1.0000984 seconds
Application time: 0.9325792 seconds
[GC pause (G1 Evacuation Pause) (young) 46M->12M(64M), 0.0058355 secs]

Warmup (60s) begins: Wed May 16 02:14:08 GMT 2018
Application time: 0.8306182 seconds
Application time: 0.0619842 seconds
[GC pause (G1 Evacuation Pause) (young) 46M->11M(64M), 0.0030003 secs]
Application time: 0.2248229 seconds
[GC pause (G1 Evacuation Pause) (young) 47M->10M(64M), 0.0022699 secs]
Application time: 0.1767442 seconds
[GC pause (G1 Evacuation Pause) (young) 47M->13M(64M), 0.0031697 secs]
Application time: 0.0107930 seconds
Application time: 0.0000429 seconds
Application time: 0.0725558 seconds
Application time: 0.0000295 seconds
Application time: 0.1238008 seconds
[GC pause (G1 Evacuation Pause) (young) 47M->13M(64M), 0.0028557 secs]
Application time: 0.1606634 seconds
[GC pause (G1 Evacuation Pause) (young) 48M->13M(64M), 0.0030610 secs]
Application time: 0.1907649 seconds
[GC pause (G1 Evacuation Pause) (young) 48M->13M(64M), 0.0027055 secs]
Application time: 0.1128712 seconds
[GC pause (G1 Evacuation Pause) (young) 48M->13M(64M), 0.0096919 secs]
Application time: 0.1342414 seconds
[GC pause (G1 Evacuation Pause) (young) 48M->13M(64M), 0.0027543 secs]
Application time: 0.1207473 seconds
[GC pause (G1 Evacuation Pause) (young) 48M->13M(64M), 0.0027894 secs]
Application time: 0.1180537 seconds
[GC pause (G1 Evacuation Pause) (young) 48M->13M(64M), 0.0030536 secs]
Application time: 0.0217180 seconds
Application time: 0.0797262 seconds
[GC pause (G1 Evacuation Pause) (young) 48M->13M(64M), 0.0026808 secs]
Application time: 0.0818262 seconds
[GC pause (G1 Evacuation Pause) (young) 48M->13M(64M), 0.0026206 secs]
Application time: 0.1136393 seconds
Application time: 0.0259275 seconds
[GC pause (G1 Evacuation Pause) (young) 48M->13M(64M), 0.0025852 secs]
Application time: 0.1109409 seconds
[GC pause (G1 Evacuation Pause) (young) 48M->13M(64M), 0.0028037 secs]
Application time: 0.1160179 seconds
[GC pause (G1 Evacuation Pause) (young) 48M->12M(64M), 0.0024315 secs]
Application time: 0.1147642 seconds
[GC pause (G1 Evacuation Pause) (young) 48M->13M(64M), 0.0023046 secs]
Application time: 0.0773137 seconds
[GC pause (G1 Evacuation Pause) (young) 48M->14M(64M), 0.0119740 secs]
Application time: 0.1210942 seconds
[GC pause (G1 Evacuation Pause) (young) 48M->13M(64M), 0.0024190 secs]
Application time: 0.1066977 seconds
[GC pause (G1 Evacuation Pause) (young) 49M->13M(64M), 0.0024010 secs]
Application time: 0.1193908 seconds
[GC pause (G1 Evacuation Pause) (young) 49M->13M(64M), 0.0024949 secs]
Application time: 0.1031706 seconds
[GC pause (G1 Evacuation Pause) (young) 49M->13M(64M), 0.0019768 secs]
Application time: 0.1068547 seconds
[GC pause (G1 Evacuation Pause) (young) 49M->13M(64M), 0.0021334 secs]
Application time: 0.1109342 seconds
[GC pause (G1 Evacuation Pause) (young) 49M->13M(64M), 0.0022660 secs]
Application time: 0.1210753 seconds
[GC pause (G1 Evacuation Pause) (young) 48M->13M(64M), 0.0027402 secs]
Application time: 0.1047354 seconds
[GC pause (G1 Evacuation Pause) (young) 49M->13M(64M), 0.0023259 secs]
Application time: 0.1283213 seconds
[GC pause (G1 Evacuation Pause) (young) 49M->13M(64M), 0.0021230 secs]
Application time: 0.0954811 seconds
[GC pause (G1 Evacuation Pause) (young) 49M->13M(64M), 0.0022364 secs]
Application time: 0.1356070 seconds
[GC pause (G1 Evacuation Pause) (young) 49M->13M(64M), 0.0021204 secs]
Application time: 0.1187020 seconds
[GC pause (G1 Evacuation Pause) (young) 49M->13M(64M), 0.0039933 secs]
Application time: 0.0880628 seconds
[GC pause (G1 Evacuation Pause) (young) 49M->13M(64M), 0.0022942 secs]
Application time: 0.1311937 seconds
[GC pause (G1 Evacuation Pause) (young) 48M->13M(64M), 0.0021321 secs]
Application time: 0.1123561 seconds
[GC pause (G1 Evacuation Pause) (young) 49M->14M(64M), 0.0028673 secs]
Application time: 0.1047651 seconds
[GC pause (G1 Evacuation Pause) (young) 48M->13M(64M), 0.0031337 secs]
Application time: 0.1008307 seconds
[GC pause (G1 Evacuation Pause) (young) 49M->13M(64M), 0.0020849 secs]
Application time: 0.0874787 seconds
[GC pause (G1 Evacuation Pause) (young) 49M->13M(64M), 0.0021293 secs]
Application time: 0.1235527 seconds
[GC pause (G1 Evacuation Pause) (young) 49M->13M(64M), 0.0020216 secs]
Application time: 0.1344132 seconds
[GC pause (G1 Evacuation Pause) (young) 49M->14M(64M), 0.0023504 secs]
Application time: 0.0884655 seconds
[GC pause (G1 Evacuation Pause) (young) 49M->13M(64M), 0.0023086 secs]
Application time: 0.0814354 seconds
[GC pause (G1 Evacuation Pause) (young) 49M->13M(64M), 0.0021756 secs]
Application time: 0.0908646 seconds
[GC pause (G1 Evacuation Pause) (young) 49M->13M(64M), 0.0020533 secs]
Application time: 0.1170993 seconds
[GC pause (G1 Evacuation Pause) (young) 49M->13M(64M), 0.0022760 secs]
Application time: 0.1289152 seconds
[GC pause (G1 Evacuation Pause) (young) 49M->13M(64M), 0.0021891 secs]
Application time: 0.0793249 seconds
[GC pause (G1 Evacuation Pause) (young) 49M->13M(64M), 0.0021332 secs]
Application time: 0.0931168 seconds
[GC pause (G1 Evacuation Pause) (young) 49M->13M(64M), 0.0021695 secs]
Application time: 0.1303538 seconds
[GC pause (G1 Evacuation Pause) (young) 49M->13M(64M), 0.0022156 secs]
Application time: 0.1098902 seconds
[GC pause (G1 Evacuation Pause) (young) 49M->14M(64M), 0.0022599 secs]
Application time: 0.0937830 seconds
[GC pause (G1 Evacuation Pause) (young) 49M->14M(64M), 0.0021016 secs]
Application time: 0.1004095 seconds
[GC pause (G1 Evacuation Pause) (young) 49M->15M(64M), 0.0028932 secs]
Application time: 0.1087925 seconds
[GC pause (G1 Evacuation Pause) (young) 49M->13M(64M), 0.0025440 secs]
Application time: 0.1168562 seconds
[GC pause (G1 Evacuation Pause) (young) 49M->13M(64M), 0.0023473 secs]
Application time: 0.1213247 seconds
[GC pause (G1 Evacuation Pause) (young) 49M->13M(64M), 0.0022430 secs]
Application time: 0.0914811 seconds
[GC pause (G1 Evacuation Pause) (young) 49M->15M(64M), 0.0041765 secs]
Application time: 0.1097532 seconds
[GC pause (G1 Evacuation Pause) (young) 49M->14M(64M), 0.0081346 secs]
Application time: 0.1253676 seconds
[GC pause (G1 Evacuation Pause) (young) 50M->14M(64M), 0.0024508 secs]
Application time: 0.1248964 seconds
[GC pause (G1 Evacuation Pause) (young) 50M->14M(64M), 0.0020390 secs]
Application time: 0.1119104 seconds
[GC pause (G1 Evacuation Pause) (young) 50M->15M(64M), 0.0028681 secs]
Application time: 0.0730136 seconds
[GC pause (G1 Evacuation Pause) (young) 50M->14M(64M), 0.0023801 secs]
Application time: 0.0936913 seconds
[GC pause (G1 Evacuation Pause) (young) 50M->17M(64M), 0.0039905 secs]
Application time: 0.1022549 seconds
[GC pause (G1 Evacuation Pause) (young) 50M->15M(64M), 0.0027889 secs]
Application time: 0.1281440 seconds
[GC pause (G1 Evacuation Pause) (young) 51M->17M(64M), 0.0038277 secs]
Application time: 0.0879817 seconds
[GC pause (G1 Evacuation Pause) (young) 51M->15M(64M), 0.0022037 secs]
Application time: 0.0960043 seconds
[GC pause (G1 Evacuation Pause) (young) 51M->16M(64M), 0.0020755 secs]
Application time: 0.0663089 seconds
[GC pause (G1 Evacuation Pause) (young) 52M->16M(64M), 0.0019397 secs]
Application time: 0.1315182 seconds
[GC pause (G1 Evacuation Pause) (young) 52M->16M(64M), 0.0023107 secs]
Application time: 0.0884865 seconds
[GC pause (G1 Evacuation Pause) (young) 51M->16M(64M), 0.0021279 secs]
Application time: 0.0989930 seconds
[GC pause (G1 Evacuation Pause) (young) 52M->16M(64M), 0.0024075 secs]
Application time: 0.0630508 seconds
[GC pause (G1 Evacuation Pause) (young) 52M->16M(64M), 0.0022589 secs]
Application time: 0.0934343 seconds
[GC pause (G1 Evacuation Pause) (young) 52M->16M(64M), 0.0022025 secs]
Application time: 0.0853667 seconds
[GC pause (G1 Evacuation Pause) (young) 52M->16M(64M), 0.0021142 secs]
Application time: 0.0963787 seconds
[GC pause (G1 Evacuation Pause) (young) 52M->18M(64M), 0.0038694 secs]
Application time: 0.0966124 seconds
[GC pause (G1 Evacuation Pause) (young) 52M->16M(64M), 0.0022313 secs]
Application time: 0.1620715 seconds
[GC pause (G1 Evacuation Pause) (young) 52M->17M(64M), 0.0020187 secs]
Application time: 0.0948856 seconds
[GC pause (G1 Evacuation Pause) (young) 53M->17M(64M), 0.0021661 secs]
Application time: 0.0822306 seconds
[GC pause (G1 Evacuation Pause) (young) 53M->17M(64M), 0.0020254 secs]
Application time: 0.0556194 seconds
[GC pause (G1 Evacuation Pause) (young) 53M->17M(64M), 0.0021590 secs]
Application time: 0.1361571 seconds
[GC pause (G1 Evacuation Pause) (young) 53M->18M(64M), 0.0024038 secs]
Application time: 0.1645798 seconds
[GC pause (G1 Evacuation Pause) (young) 53M->17M(64M), 0.0024125 secs]
Application time: 0.0733165 seconds
[GC pause (G1 Evacuation Pause) (young) 52M->17M(64M), 0.0024491 secs]
Application time: 0.0725359 seconds
[GC pause (G1 Evacuation Pause) (young) 52M->17M(64M), 0.0026055 secs]
Application time: 0.1108315 seconds
[GC pause (G1 Evacuation Pause) (young) 52M->17M(64M), 0.0024690 secs]
Application time: 0.0880383 seconds
[GC pause (G1 Evacuation Pause) (young) 52M->17M(64M), 0.0023904 secs]
Application time: 0.1003232 seconds
[GC pause (G1 Evacuation Pause) (young) 52M->18M(64M), 0.0024107 secs]
Application time: 0.0812044 seconds
[GC pause (G1 Evacuation Pause) (young) 53M->18M(64M), 0.0023848 secs]
Application time: 0.1102453 seconds
[GC pause (G1 Evacuation Pause) (young) 53M->19M(64M), 0.0032089 secs]
Application time: 0.0959294 seconds
[GC pause (G1 Evacuation Pause) (young) 52M->18M(64M), 0.0027864 secs]
Application time: 0.1197535 seconds
[GC pause (G1 Evacuation Pause) (young) 54M->18M(64M), 0.0022501 secs]
Application time: 0.0855914 seconds
[GC pause (G1 Evacuation Pause) (young) 54M->18M(64M), 0.0022095 secs]
Application time: 0.0820627 seconds
[GC pause (G1 Evacuation Pause) (young) 54M->18M(64M), 0.0023517 secs]
Application time: 0.1076779 seconds
[GC pause (G1 Evacuation Pause) (young) 54M->18M(64M), 0.0024007 secs]
Application time: 0.0842323 seconds
[GC pause (G1 Evacuation Pause) (young) 54M->18M(64M), 0.0021376 secs]
Application time: 0.0815712 seconds
[GC pause (G1 Evacuation Pause) (young) 54M->18M(64M), 0.0022372 secs]
Application time: 0.0992283 seconds
[GC pause (G1 Evacuation Pause) (young) 54M->18M(64M), 0.0021081 secs]
Application time: 0.1068070 seconds
[GC pause (G1 Evacuation Pause) (young) 54M->19M(64M), 0.0030056 secs]
Application time: 0.0922244 seconds
[GC pause (G1 Evacuation Pause) (young) 51M->18M(64M), 0.0022450 secs]
Application time: 0.0827893 seconds
[GC pause (G1 Evacuation Pause) (young) 54M->18M(64M), 0.0020291 secs]
Application time: 0.1322827 seconds
[GC pause (G1 Evacuation Pause) (young) 54M->18M(64M), 0.0021615 secs]
Application time: 0.1231915 seconds
[GC pause (G1 Evacuation Pause) (young) 54M->18M(64M), 0.0023563 secs]
Application time: 0.0955264 seconds
[GC pause (G1 Evacuation Pause) (young) 54M->18M(64M), 0.0020342 secs]
Application time: 0.0599222 seconds
[GC pause (G1 Evacuation Pause) (young) 54M->18M(64M), 0.0021122 secs]
Application time: 0.1099125 seconds
[GC pause (G1 Evacuation Pause) (young) 54M->18M(64M), 0.0022678 secs]
Application time: 0.0827095 seconds
[GC pause (G1 Evacuation Pause) (young) 54M->18M(64M), 0.0021035 secs]
Application time: 0.1303631 seconds
[GC pause (G1 Evacuation Pause) (young) 54M->18M(64M), 0.0020255 secs]
Application time: 0.0688966 seconds
[GC pause (G1 Evacuation Pause) (young) 54M->18M(64M), 0.0020077 secs]
Application time: 0.1402923 seconds
[GC pause (G1 Evacuation Pause) (young) 52M->18M(64M), 0.0028681 secs]
Application time: 0.0907261 seconds
[GC pause (G1 Evacuation Pause) (young) 52M->18M(64M), 0.0022338 secs]
Application time: 0.0803344 seconds
[GC pause (G1 Evacuation Pause) (young) 54M->18M(64M), 0.0020382 secs]
Application time: 0.0696739 seconds
[GC pause (G1 Evacuation Pause) (young) 54M->19M(64M), 0.0022386 secs]
Application time: 0.0878027 seconds
[GC pause (G1 Evacuation Pause) (young) 53M->18M(64M), 0.0024859 secs]
Application time: 0.0780950 seconds
[GC pause (G1 Evacuation Pause) (young) 52M->18M(64M), 0.0020943 secs]
Application time: 0.0723127 seconds
[GC pause (G1 Evacuation Pause) (young) 52M->18M(64M), 0.0023116 secs]
Application time: 0.1179840 seconds
[GC pause (G1 Evacuation Pause) (young) 54M->18M(64M), 0.0020837 secs]
Application time: 0.1138195 seconds
[GC pause (G1 Evacuation Pause) (young) 54M->20M(64M), 0.0038545 secs]
Application time: 0.0577765 seconds
[GC pause (G1 Evacuation Pause) (young) 52M->18M(64M), 0.0021302 secs]
Application time: 0.0951224 seconds
[GC pause (G1 Evacuation Pause) (young) 53M->18M(64M), 0.0021960 secs]
Application time: 0.0883850 seconds
[GC pause (G1 Evacuation Pause) (young) 53M->18M(64M), 0.0022356 secs]
Application time: 0.0795007 seconds
[GC pause (G1 Evacuation Pause) (young) 53M->18M(64M), 0.0020847 secs]
Application time: 0.0483790 seconds
[GC pause (G1 Evacuation Pause) (young) 53M->18M(64M), 0.0020495 secs]
Application time: 0.0877931 seconds
[GC pause (G1 Evacuation Pause) (young) 53M->19M(64M), 0.0022557 secs]
Application time: 0.0870657 seconds
[GC pause (G1 Evacuation Pause) (young) 52M->18M(64M), 0.0021710 secs]
Application time: 0.0762044 seconds
[GC pause (G1 Evacuation Pause) (young) 53M->18M(64M), 0.0021367 secs]
Application time: 0.0899213 seconds
[GC pause (G1 Evacuation Pause) (young) 53M->18M(64M), 0.0021259 secs]
Application time: 0.0963847 seconds
[GC pause (G1 Evacuation Pause) (young) 53M->18M(64M), 0.0019560 secs]
Application time: 0.1387685 seconds
[GC pause (G1 Evacuation Pause) (young) 53M->19M(64M), 0.0020210 secs]
Application time: 0.1088198 seconds
[GC pause (G1 Evacuation Pause) (young) 52M->19M(64M), 0.0020276 secs]
Application time: 0.0821269 seconds
[GC pause (G1 Evacuation Pause) (young) 52M->18M(64M), 0.0019374 secs]
Application time: 0.0878661 seconds
[GC pause (G1 Evacuation Pause) (young) 53M->20M(64M), 0.0036771 secs]
Application time: 0.1154470 seconds
[GC pause (G1 Evacuation Pause) (young) 51M->19M(64M), 0.0025013 secs]
Application time: 0.1186611 seconds
[GC pause (G1 Evacuation Pause) (young) 53M->20M(64M), 0.0025608 secs]
Application time: 0.0906290 seconds
[GC pause (G1 Evacuation Pause) (young) 52M->19M(64M), 0.0020776 secs]
Application time: 0.0934854 seconds
[GC pause (G1 Evacuation Pause) (young) 53M->19M(64M), 0.0021689 secs]
Application time: 0.0679752 seconds
[GC pause (G1 Evacuation Pause) (young) 53M->19M(64M), 0.0020572 secs]
Application time: 0.0615511 seconds
[GC pause (G1 Evacuation Pause) (young) 53M->21M(64M), 0.0033247 secs]
Application time: 0.0888662 seconds
[GC pause (G1 Evacuation Pause) (young) 51M->20M(64M), 0.0022998 secs]
Application time: 0.1410863 seconds
[GC pause (G1 Evacuation Pause) (young) 52M->20M(64M), 0.0024857 secs]
Application time: 0.1128056 seconds
[GC pause (G1 Evacuation Pause) (young) 54M->20M(64M), 0.0021867 secs]
Application time: 0.0798198 seconds
[GC pause (G1 Evacuation Pause) (young) 54M->20M(64M), 0.0021549 secs]
Application time: 0.0619957 seconds
[GC pause (G1 Evacuation Pause) (young) 54M->21M(64M), 0.0037026 secs]
Application time: 0.0866571 seconds
[GC pause (G1 Evacuation Pause) (young) 51M->20M(64M), 0.0022194 secs]
Application time: 0.1248205 seconds
[GC pause (G1 Evacuation Pause) (young) 54M->20M(64M), 0.0022689 secs]
Application time: 0.1298910 seconds
[GC pause (G1 Evacuation Pause) (young) 54M->20M(64M), 0.0020900 secs]
Application time: 0.0873737 seconds
[GC pause (G1 Evacuation Pause) (young) 54M->20M(64M), 0.0021958 secs]
Application time: 0.0712790 seconds
[GC pause (G1 Evacuation Pause) (young) 54M->20M(64M), 0.0022242 secs]
Application time: 0.0975949 seconds
[GC pause (G1 Evacuation Pause) (young) 54M->22M(64M), 0.0039714 secs]
Application time: 0.0795729 seconds
[GC pause (G1 Evacuation Pause) (young) 52M->20M(64M), 0.0023030 secs]
Application time: 0.0927942 seconds
[GC pause (G1 Evacuation Pause) (young) 53M->20M(64M), 0.0020614 secs]
Application time: 0.0834529 seconds
[GC pause (G1 Evacuation Pause) (young) 53M->21M(64M), 0.0023917 secs]
Application time: 0.0984429 seconds
[GC pause (G1 Evacuation Pause) (young) 54M->21M(64M), 0.0023527 secs]
Application time: 0.0538482 seconds
[GC pause (G1 Evacuation Pause) (young) 54M->21M(64M), 0.0023170 secs]
Application time: 0.0730048 seconds
[GC pause (G1 Evacuation Pause) (young) 52M->21M(64M), 0.0021088 secs]
Application time: 0.0598840 seconds
[GC pause (G1 Evacuation Pause) (young) 54M->21M(64M), 0.0022683 secs]
Application time: 0.0789266 seconds
[GC pause (G1 Evacuation Pause) (young) 54M->22M(64M), 0.0031501 secs]
Application time: 0.0563754 seconds
[GC pause (G1 Evacuation Pause) (young) 51M->21M(64M), 0.0022703 secs]
Application time: 0.0757983 seconds
[GC pause (G1 Evacuation Pause) (young) 53M->21M(64M), 0.0023411 secs]
Application time: 0.0862306 seconds
[GC pause (G1 Evacuation Pause) (young) 53M->21M(64M), 0.0020197 secs]
Application time: 0.0849296 seconds
[GC pause (G1 Evacuation Pause) (young) 53M->21M(64M), 0.0021347 secs]
Application time: 0.0492339 seconds
[GC pause (G1 Evacuation Pause) (young) 53M->22M(64M), 0.0019828 secs]
Application time: 0.0408775 seconds
[GC pause (G1 Evacuation Pause) (young) 52M->21M(64M), 0.0019026 secs]
Application time: 0.0806336 seconds
[GC pause (G1 Evacuation Pause) (young) 53M->22M(64M), 0.0022606 secs]
Application time: 0.0824602 seconds
[GC pause (G1 Evacuation Pause) (young) 52M->21M(64M), 0.0024219 secs]
Application time: 0.0537412 seconds
[GC pause (G1 Evacuation Pause) (young) 53M->21M(64M), 0.0020737 secs]
Application time: 0.0564451 seconds
[GC pause (G1 Evacuation Pause) (young) 53M->21M(64M), 0.0021670 secs]
Application time: 0.0306072 seconds
[GC pause (G1 Evacuation Pause) (young) 53M->21M(64M), 0.0021457 secs]
Application time: 0.0810541 seconds
[GC pause (G1 Evacuation Pause) (young) 53M->22M(64M), 0.0022026 secs]
Application time: 0.0830048 seconds
[GC pause (G1 Evacuation Pause) (young) 52M->21M(64M), 0.0022429 secs]
Application time: 0.0632396 seconds
[GC pause (G1 Evacuation Pause) (young) 53M->22M(64M), 0.0021360 secs]
Application time: 0.0739204 seconds
[GC pause (G1 Evacuation Pause) (young) 52M->21M(64M), 0.0022120 secs]
Application time: 0.0426634 seconds
[GC pause (G1 Evacuation Pause) (young) 53M->21M(64M), 0.0018944 secs]
Application time: 0.0607634 seconds
[GC pause (G1 Evacuation Pause) (young) 53M->22M(64M), 0.0022058 secs]
Application time: 0.0886709 seconds
[GC pause (G1 Evacuation Pause) (young) 52M->21M(64M), 0.0019601 secs]
Application time: 0.0829131 seconds
[GC pause (G1 Evacuation Pause) (young) 53M->21M(64M), 0.0018939 secs]
Application time: 0.0611752 seconds
[GC pause (G1 Evacuation Pause) (young) 53M->21M(64M), 0.0020325 secs]
Application time: 0.0572132 seconds
[GC pause (G1 Evacuation Pause) (young) 53M->21M(64M), 0.0023311 secs]
Application time: 0.0519368 seconds
[GC pause (G1 Evacuation Pause) (young) 53M->22M(64M), 0.0027740 secs]
Application time: 0.0790270 seconds
[GC pause (G1 Evacuation Pause) (young) 52M->24M(64M), 0.0036252 secs]
Application time: 0.0902279 seconds
[GC pause (G1 Evacuation Pause) (young) 50M->22M(64M), 0.0019919 secs]
Application time: 0.1103978 seconds
[GC pause (G1 Evacuation Pause) (young) 52M->22M(64M), 0.0017665 secs]
Application time: 0.0644764 seconds
[GC pause (G1 Evacuation Pause) (young) 54M->23M(64M), 0.0020229 secs]
Application time: 0.0636380 seconds
[GC pause (G1 Evacuation Pause) (young) 52M->23M(64M), 0.0018559 secs]
Application time: 0.0640233 seconds
[GC pause (G1 Evacuation Pause) (young) 54M->23M(64M), 0.0019505 secs]
Application time: 0.0480615 seconds
[GC pause (G1 Evacuation Pause) (young) 54M->24M(64M), 0.0032731 secs]
Application time: 0.0684285 seconds
[GC pause (G1 Evacuation Pause) (young) 51M->23M(64M), 0.0022478 secs]
Application time: 0.0775471 seconds
[GC pause (G1 Evacuation Pause) (young) 53M->23M(64M), 0.0016901 secs]
Application time: 0.0591170 seconds
[GC pause (G1 Evacuation Pause) (young) 53M->24M(64M), 0.0016497 secs]
Application time: 0.0447019 seconds
[GC pause (G1 Evacuation Pause) (young) 54M->24M(64M), 0.0019149 secs]
Application time: 0.0731540 seconds
[GC pause (G1 Evacuation Pause) (young) 52M->26M(64M), 0.0037907 secs]
Application time: 0.0868639 seconds
[GC pause (G1 Evacuation Pause) (young) 52M->26M(64M), 0.0035017 secs]
Application time: 0.0578070 seconds
[GC pause (G1 Evacuation Pause) (young) 54M->26M(64M), 0.0027676 secs]
Application time: 0.0638602 seconds
[GC pause (G1 Evacuation Pause) (young) 54M->26M(64M), 0.0015115 secs]
Application time: 0.0425841 seconds
[GC pause (G1 Evacuation Pause) (young) 54M->26M(64M), 0.0015453 secs]
Application time: 0.0722157 seconds
[GC pause (G1 Evacuation Pause) (young) 53M->27M(64M), 0.0019241 secs]
Application time: 0.0843803 seconds
[GC pause (G1 Evacuation Pause) (young) 52M->27M(64M), 0.0021000 secs]
Application time: 0.0555543 seconds
[GC pause (G1 Evacuation Pause) (young) 52M->27M(64M), 0.0020037 secs]
Application time: 0.0542033 seconds
[GC pause (G1 Evacuation Pause) (young) 54M->27M(64M), 0.0018484 secs]
Application time: 0.0596134 seconds
[GC pause (G1 Evacuation Pause) (young) 54M->27M(64M), 0.0020235 secs]
Application time: 0.0407052 seconds
[GC pause (G1 Evacuation Pause) (young) 54M->27M(64M), 0.0018984 secs]
Application time: 0.0374565 seconds
[GC pause (G1 Evacuation Pause) (young) 54M->27M(64M), 0.0020722 secs]
Application time: 0.0688881 seconds
[GC pause (G1 Evacuation Pause) (young) 52M->29M(64M), 0.0037663 secs]
Application time: 0.0738695 seconds
[GC pause (G1 Evacuation Pause) (young) 52M->27M(64M), 0.0019922 secs]
Application time: 0.0542615 seconds
[GC pause (G1 Evacuation Pause) (young) 53M->27M(64M), 0.0018742 secs]
Application time: 0.0564897 seconds
[GC pause (G1 Evacuation Pause) (young) 53M->27M(64M), 0.0014638 secs]
Application time: 0.0630082 seconds
[GC pause (G1 Evacuation Pause) (young) 53M->28M(64M), 0.0017439 secs]
Application time: 0.0420899 seconds
[GC pause (G1 Evacuation Pause) (young) 54M->28M(64M), 0.0018130 secs]
Application time: 0.0598040 seconds
[GC pause (G1 Evacuation Pause) (young) 54M->28M(64M), 0.0018102 secs]
Application time: 0.0333212 seconds
[GC pause (G1 Evacuation Pause) (young) 54M->28M(64M), 0.0019552 secs]
Application time: 0.0623023 seconds
[GC pause (G1 Evacuation Pause) (young) 54M->28M(64M), 0.0019557 secs]
Application time: 0.0474621 seconds
[GC pause (G1 Evacuation Pause) (young) 54M->28M(64M), 0.0019062 secs]
Application time: 0.0391968 seconds
[GC pause (G1 Evacuation Pause) (young) 54M->28M(64M), 0.0019771 secs]
Application time: 0.0591967 seconds
[GC pause (G1 Evacuation Pause) (young) 54M->29M(64M), 0.0019384 secs]
Application time: 0.0394148 seconds
[GC pause (G1 Evacuation Pause) (young) 53M->28M(64M), 0.0018193 secs]
Application time: 0.0364107 seconds
[GC pause (G1 Evacuation Pause) (young) 54M->28M(64M), 0.0020163 secs]
Application time: 0.0646202 seconds
[GC pause (G1 Evacuation Pause) (young) 54M->28M(64M), 0.0018604 secs]
Application time: 0.0675560 seconds
[GC pause (G1 Evacuation Pause) (young) 54M->28M(64M), 0.0020827 secs]
Application time: 0.0577633 seconds
[GC pause (G1 Evacuation Pause) (young) 54M->28M(64M), 0.0019304 secs]
Application time: 0.0401669 seconds
[GC pause (G1 Evacuation Pause) (young) 54M->28M(64M), 0.0019901 secs]
Application time: 0.0303104 seconds
[GC pause (G1 Evacuation Pause) (young) 52M->28M(64M), 0.0022141 secs]
Application time: 0.0543181 seconds
[GC pause (G1 Evacuation Pause) (young) 52M->30M(64M), 0.0037357 secs]
Application time: 0.0378662 seconds
[GC pause (G1 Evacuation Pause) (young) 52M->30M(64M), 0.0036604 secs]
Application time: 0.0555550 seconds
[GC pause (G1 Evacuation Pause) (young) (initial-mark) 53M->30M(64M), 0.0031216 secs]
[GC concurrent-root-region-scan-start]
[GC concurrent-root-region-scan-end, 0.0004360 secs]
[GC concurrent-mark-start]
[GC concurrent-mark-end, 0.0178477 secs]
Application time: 0.0183013 seconds
[GC remark, 0.0066023 secs]
Application time: 0.0001182 seconds
[GC cleanup 34M->30M(64M), 0.0002995 secs]
[GC concurrent-cleanup-start]
[GC concurrent-cleanup-end, 0.0000116 secs]
Application time: 0.0329969 seconds
[GC pause (G1 Evacuation Pause) (young) 49M->26M(64M), 0.0016309 secs]
Application time: 0.0049468 seconds
[GC pause (G1 Evacuation Pause) (mixed) 27M->19M(64M), 0.0013327 secs]
Application time: 0.0072170 seconds
[GC pause (G1 Evacuation Pause) (mixed) 21M->12M(64M), 0.0013152 secs]
Application time: 0.0087570 seconds
[GC pause (G1 Evacuation Pause) (mixed) 14M->10M(64M), 0.0024856 secs]
Application time: 0.0623836 seconds
[GC pause (G1 Evacuation Pause) (young) 47M->10M(64M), 0.0022833 secs]
Application time: 0.0615778 seconds
[GC pause (G1 Evacuation Pause) (young) 47M->12M(64M), 0.0017436 secs]
Application time: 0.0620938 seconds
[GC pause (G1 Evacuation Pause) (young) 47M->14M(64M), 0.0037041 secs]
Application time: 0.0816990 seconds
[GC pause (G1 Evacuation Pause) (young) 48M->12M(64M), 0.0020390 secs]
Application time: 0.0765474 seconds
[GC pause (G1 Evacuation Pause) (young) 48M->12M(64M), 0.0016975 secs]
Application time: 0.0985979 seconds
[GC pause (G1 Evacuation Pause) (young) 49M->13M(64M), 0.0016574 secs]
Application time: 0.1201459 seconds
[GC pause (G1 Evacuation Pause) (young) 49M->13M(64M), 0.0018132 secs]
Application time: 0.0661972 seconds
[GC pause (G1 Evacuation Pause) (young) 49M->13M(64M), 0.0019341 secs]
Application time: 0.0594787 seconds
[GC pause (G1 Evacuation Pause) (young) 49M->15M(64M), 0.0035087 secs]
Application time: 0.0674278 seconds
[GC pause (G1 Evacuation Pause) (young) 48M->14M(64M), 0.0022120 secs]
Application time: 0.0878652 seconds
[GC pause (G1 Evacuation Pause) (young) 50M->14M(64M), 0.0020454 secs]
Application time: 0.0732738 seconds
[GC pause (G1 Evacuation Pause) (young) 50M->14M(64M), 0.0019986 secs]
Application time: 0.0496790 seconds
[GC pause (G1 Evacuation Pause) (young) 50M->14M(64M), 0.0017662 secs]
Application time: 0.0633618 seconds
[GC pause (G1 Evacuation Pause) (young) 50M->16M(64M), 0.0033254 secs]
Application time: 0.0910289 seconds
[GC pause (G1 Evacuation Pause) (young) 50M->14M(64M), 0.0019183 secs]
Application time: 0.0881924 seconds
[GC pause (G1 Evacuation Pause) (young) 50M->14M(64M), 0.0018272 secs]
Application time: 0.0586614 seconds
[GC pause (G1 Evacuation Pause) (young) 50M->14M(64M), 0.0017047 secs]
Application time: 0.0870127 seconds
[GC pause (G1 Evacuation Pause) (young) 50M->14M(64M), 0.0020975 secs]
Application time: 0.0586584 seconds
[GC pause (G1 Evacuation Pause) (young) 50M->14M(64M), 0.0020399 secs]
Application time: 0.0808388 seconds
[GC pause (G1 Evacuation Pause) (young) 50M->15M(64M), 0.0019188 secs]
Application time: 0.0668206 seconds
[GC pause (G1 Evacuation Pause) (young) 50M->14M(64M), 0.0019905 secs]
Application time: 0.0796243 seconds
[GC pause (G1 Evacuation Pause) (young) 50M->15M(64M), 0.0022020 secs]
Application time: 0.0981115 seconds
[GC pause (G1 Evacuation Pause) (young) 50M->14M(64M), 0.0020526 secs]
Application time: 0.0964587 seconds
[GC pause (G1 Evacuation Pause) (young) 50M->14M(64M), 0.0019596 secs]
Application time: 0.1179781 seconds
[GC pause (G1 Evacuation Pause) (young) 50M->16M(64M), 0.0035493 secs]
Application time: 0.0854437 seconds
[GC pause (G1 Evacuation Pause) (young) 50M->15M(64M), 0.0020998 secs]
Application time: 0.1072401 seconds
[GC pause (G1 Evacuation Pause) (young) 51M->15M(64M), 0.0019120 secs]
Application time: 0.1007094 seconds
[GC pause (G1 Evacuation Pause) (young) 51M->15M(64M), 0.0018536 secs]
Application time: 0.0565082 seconds
[GC pause (G1 Evacuation Pause) (young) 51M->15M(64M), 0.0018400 secs]
Application time: 0.0529955 seconds
[GC pause (G1 Evacuation Pause) (young) 51M->17M(64M), 0.0037427 secs]
Application time: 0.0773152 seconds
[GC pause (G1 Evacuation Pause) (young) 51M->15M(64M), 0.0021262 secs]
Application time: 0.0941278 seconds
[GC pause (G1 Evacuation Pause) (young) 51M->15M(64M), 0.0019164 secs]
Application time: 0.0690183 seconds
[GC pause (G1 Evacuation Pause) (young) 51M->15M(64M), 0.0019433 secs]
Application time: 0.0383765 seconds
[GC pause (G1 Evacuation Pause) (young) 51M->15M(64M), 0.0018200 secs]
Application time: 0.0881106 seconds
[GC pause (G1 Evacuation Pause) (young) 51M->16M(64M), 0.0028266 secs]
Application time: 0.0874675 seconds
[GC pause (G1 Evacuation Pause) (young) 51M->15M(64M), 0.0023969 secs]
Application time: 0.0729365 seconds
[GC pause (G1 Evacuation Pause) (young) 51M->15M(64M), 0.0021483 secs]
Application time: 0.0604949 seconds
[GC pause (G1 Evacuation Pause) (young) 51M->15M(64M), 0.0022519 secs]
Application time: 0.0465948 seconds
[GC pause (G1 Evacuation Pause) (young) 51M->16M(64M), 0.0030259 secs]
Application time: 0.0710830 seconds
[GC pause (G1 Evacuation Pause) (young) 51M->16M(64M), 0.0024510 secs]
Application time: 0.0838085 seconds
[GC pause (G1 Evacuation Pause) (young) 51M->15M(64M), 0.0022262 secs]
Application time: 0.0648367 seconds
[GC pause (G1 Evacuation Pause) (young) 51M->15M(64M), 0.0024576 secs]
Application time: 0.0501259 seconds
[GC pause (G1 Evacuation Pause) (young) 51M->15M(64M), 0.0023539 secs]
Application time: 0.0706714 seconds
[GC pause (G1 Evacuation Pause) (young) 51M->16M(64M), 0.0025016 secs]
Application time: 0.0718412 seconds
[GC pause (G1 Evacuation Pause) (young) 51M->15M(64M), 0.0023950 secs]
Application time: 0.0735264 seconds
[GC pause (G1 Evacuation Pause) (young) 51M->15M(64M), 0.0021210 secs]
Application time: 0.0704193 seconds
[GC pause (G1 Evacuation Pause) (young) 51M->15M(64M), 0.0021710 secs]
Application time: 0.0368181 seconds
[GC pause (G1 Evacuation Pause) (young) 51M->15M(64M), 0.0022371 secs]
Application time: 0.0817344 seconds
[GC pause (G1 Evacuation Pause) (young) 51M->15M(64M), 0.0022503 secs]
Application time: 0.0858950 seconds
[GC pause (G1 Evacuation Pause) (young) 51M->15M(64M), 0.0023256 secs]
Application time: 0.0627931 seconds
[GC pause (G1 Evacuation Pause) (young) 51M->15M(64M), 0.0022987 secs]
Application time: 0.0562720 seconds
[GC pause (G1 Evacuation Pause) (young) 51M->15M(64M), 0.0022389 secs]
Application time: 0.0702508 seconds
[GC pause (G1 Evacuation Pause) (young) 51M->16M(64M), 0.0023062 secs]
Application time: 0.0897652 seconds
[GC pause (G1 Evacuation Pause) (young) 51M->16M(64M), 0.0023402 secs]
Application time: 0.1639678 seconds
[GC pause (G1 Evacuation Pause) (young) 51M->15M(64M), 0.0021205 secs]
Application time: 0.1311047 seconds
[GC pause (G1 Evacuation Pause) (young) 51M->15M(64M), 0.0021550 secs]
Application time: 0.0421235 seconds
[GC pause (G1 Evacuation Pause) (young) 51M->15M(64M), 0.0021065 secs]
Application time: 0.0747306 seconds
[GC pause (G1 Evacuation Pause) (young) 51M->16M(64M), 0.0023974 secs]
Application time: 0.0745158 seconds
[GC pause (G1 Evacuation Pause) (young) 51M->15M(64M), 0.0022829 secs]
Application time: 0.0758640 seconds
[GC pause (G1 Evacuation Pause) (young) 51M->15M(64M), 0.0023982 secs]
Application time: 0.0763228 seconds
[GC pause (G1 Evacuation Pause) (young) 51M->15M(64M), 0.0021766 secs]
Application time: 0.0345461 seconds
[GC pause (G1 Evacuation Pause) (young) 51M->16M(64M), 0.0022633 secs]
Application time: 0.0722390 seconds
[GC pause (G1 Evacuation Pause) (young) 51M->16M(64M), 0.0023910 secs]
Application time: 0.0828914 seconds
[GC pause (G1 Evacuation Pause) (young) 51M->15M(64M), 0.0022462 secs]
Application time: 0.0594622 seconds
[GC pause (G1 Evacuation Pause) (young) 51M->15M(64M), 0.0022358 secs]
Application time: 0.0468562 seconds
[GC pause (G1 Evacuation Pause) (young) 51M->15M(64M), 0.0023943 secs]
Application time: 0.0572422 seconds
[GC pause (G1 Evacuation Pause) (young) 51M->15M(64M), 0.0022036 secs]
Application time: 0.0742018 seconds
[GC pause (G1 Evacuation Pause) (young) 51M->16M(64M), 0.0028059 secs]
Application time: 0.0839826 seconds
[GC pause (G1 Evacuation Pause) (young) 51M->15M(64M), 0.0024194 secs]
Application time: 0.0579514 seconds
[GC pause (G1 Evacuation Pause) (young) 51M->15M(64M), 0.0023577 secs]
Application time: 0.0551053 seconds
[GC pause (G1 Evacuation Pause) (young) 51M->16M(64M), 0.0022929 secs]
Application time: 0.0590827 seconds
[GC pause (G1 Evacuation Pause) (young) 51M->17M(64M), 0.0034879 secs]
Application time: 0.0697642 seconds
[GC pause (G1 Evacuation Pause) (young) 51M->16M(64M), 0.0019447 secs]
Application time: 0.0653346 seconds
[GC pause (G1 Evacuation Pause) (young) 52M->16M(64M), 0.0017012 secs]
Application time: 0.0437191 seconds
[GC pause (G1 Evacuation Pause) (young) 52M->16M(64M), 0.0017024 secs]
Application time: 0.0532896 seconds
[GC pause (G1 Evacuation Pause) (young) 52M->16M(64M), 0.0018817 secs]
Application time: 0.0706785 seconds
[GC pause (G1 Evacuation Pause) (young) 52M->16M(64M), 0.0018680 secs]
Application time: 0.0887575 seconds
[GC pause (G1 Evacuation Pause) (young) 52M->16M(64M), 0.0019463 secs]
Application time: 0.0628933 seconds
[GC pause (G1 Evacuation Pause) (young) 52M->16M(64M), 0.0018637 secs]
Application time: 0.0820712 seconds
[GC pause (G1 Evacuation Pause) (young) 52M->16M(64M), 0.0018088 secs]
Application time: 0.0613166 seconds
[GC pause (G1 Evacuation Pause) (young) 52M->16M(64M), 0.0018577 secs]
Application time: 0.0613365 seconds
[GC pause (G1 Evacuation Pause) (young) 52M->17M(64M), 0.0020966 secs]
Application time: 0.0754107 seconds
[GC pause (G1 Evacuation Pause) (young) 52M->16M(64M), 0.0018970 secs]
Application time: 0.0623707 seconds
[GC pause (G1 Evacuation Pause) (young) 52M->17M(64M), 0.0018996 secs]
Application time: 0.0767227 seconds
[GC pause (G1 Evacuation Pause) (young) 52M->16M(64M), 0.0017710 secs]
Application time: 0.0809417 seconds
[GC pause (G1 Evacuation Pause) (young) 52M->16M(64M), 0.0018593 secs]
Application time: 0.1460432 seconds
[GC pause (G1 Evacuation Pause) (young) 52M->16M(64M), 0.0019355 secs]
Application time: 0.0800762 seconds
[GC pause (G1 Evacuation Pause) (young) 52M->16M(64M), 0.0019850 secs]
Application time: 0.0362502 seconds
[GC pause (G1 Evacuation Pause) (young) 52M->16M(64M), 0.0017435 secs]
Application time: 0.0718156 seconds
[GC pause (G1 Evacuation Pause) (young) 52M->17M(64M), 0.0018537 secs]
Application time: 0.0664033 seconds
[GC pause (G1 Evacuation Pause) (young) 52M->17M(64M), 0.0020269 secs]
Application time: 0.0619122 seconds
[GC pause (G1 Evacuation Pause) (young) 52M->17M(64M), 0.0018766 secs]
Application time: 0.0649769 seconds
[GC pause (G1 Evacuation Pause) (young) 52M->17M(64M), 0.0019113 secs]
Application time: 0.0330496 seconds
[GC pause (G1 Evacuation Pause) (young) 52M->17M(64M), 0.0019758 secs]
Application time: 0.0662569 seconds
[GC pause (G1 Evacuation Pause) (young) 52M->17M(64M), 0.0020677 secs]
Application time: 0.0928727 seconds
[GC pause (G1 Evacuation Pause) (young) 52M->16M(64M), 0.0019507 secs]
Application time: 0.0586062 seconds
[GC pause (G1 Evacuation Pause) (young) 52M->16M(64M), 0.0018871 secs]
Application time: 0.0521183 seconds
[GC pause (G1 Evacuation Pause) (young) 52M->16M(64M), 0.0018609 secs]
Application time: 0.0465394 seconds
[GC pause (G1 Evacuation Pause) (young) 52M->17M(64M), 0.0020184 secs]
Application time: 0.0647092 seconds
[GC pause (G1 Evacuation Pause) (young) 52M->16M(64M), 0.0019285 secs]
Application time: 0.0830892 seconds
[GC pause (G1 Evacuation Pause) (young) 52M->16M(64M), 0.0019447 secs]
Application time: 0.0611366 seconds
[GC pause (G1 Evacuation Pause) (young) 52M->16M(64M), 0.0019757 secs]
Application time: 0.0412612 seconds
[GC pause (G1 Evacuation Pause) (young) 52M->16M(64M), 0.0019217 secs]
Application time: 0.0731133 seconds
[GC pause (G1 Evacuation Pause) (young) 52M->17M(64M), 0.0018869 secs]
Application time: 0.0686932 seconds
[GC pause (G1 Evacuation Pause) (young) 52M->16M(64M), 0.0019828 secs]
Application time: 0.0576821 seconds
[GC pause (G1 Evacuation Pause) (young) 52M->16M(64M), 0.0019512 secs]
Application time: 0.0625106 seconds
[GC pause (G1 Evacuation Pause) (young) 52M->16M(64M), 0.0018689 secs]
Application time: 0.0339560 seconds
[GC pause (G1 Evacuation Pause) (young) 52M->16M(64M), 0.0017872 secs]
Application time: 0.0698986 seconds
[GC pause (G1 Evacuation Pause) (young) 52M->16M(64M), 0.0018412 secs]
Application time: 0.0816396 seconds
[GC pause (G1 Evacuation Pause) (young) 52M->16M(64M), 0.0019185 secs]
Application time: 0.0737959 seconds
[GC pause (G1 Evacuation Pause) (young) 52M->16M(64M), 0.0018664 secs]
Application time: 0.0638026 seconds
[GC pause (G1 Evacuation Pause) (young) 52M->18M(64M), 0.0034057 secs]
Application time: 0.0635333 seconds
[GC pause (G1 Evacuation Pause) (young) 52M->17M(64M), 0.0018667 secs]
Application time: 0.0835220 seconds
[GC pause (G1 Evacuation Pause) (young) 53M->18M(64M), 0.0019842 secs]
Application time: 0.0655321 seconds
[GC pause (G1 Evacuation Pause) (young) 53M->17M(64M), 0.0017983 secs]
Application time: 0.0549713 seconds
[GC pause (G1 Evacuation Pause) (young) 53M->19M(64M), 0.0031995 secs]
Application time: 0.0576629 seconds
[GC pause (G1 Evacuation Pause) (young) 52M->18M(64M), 0.0018861 secs]
Application time: 0.0542250 seconds
[GC pause (G1 Evacuation Pause) (young) 54M->18M(64M), 0.0017229 secs]
Application time: 0.0611484 seconds
[GC pause (G1 Evacuation Pause) (young) 54M->18M(64M), 0.0020412 secs]
Application time: 0.0609881 seconds
[GC pause (G1 Evacuation Pause) (young) 54M->19M(64M), 0.0020257 secs]
Application time: 0.0606712 seconds
[GC pause (G1 Evacuation Pause) (young) 53M->18M(64M), 0.0018355 secs]
Application time: 0.0703759 seconds
[GC pause (G1 Evacuation Pause) (young) 54M->18M(64M), 0.0019267 secs]
Application time: 0.0538637 seconds
[GC pause (G1 Evacuation Pause) (young) 54M->20M(64M), 0.0044368 secs]
Application time: 0.0689645 seconds
[GC pause (G1 Evacuation Pause) (young) 52M->18M(64M), 0.0026002 secs]
Application time: 0.0615236 seconds
[GC pause (G1 Evacuation Pause) (young) 53M->19M(64M), 0.0020776 secs]
Application time: 0.0619737 seconds
[GC pause (G1 Evacuation Pause) (young) 54M->19M(64M), 0.0024058 secs]
Application time: 0.0417978 seconds
[GC pause (G1 Evacuation Pause) (young) 52M->19M(64M), 0.0022402 secs]
Application time: 0.0753210 seconds
[GC pause (G1 Evacuation Pause) (young) 54M->19M(64M), 0.0025422 secs]
Application time: 0.0725546 seconds
[GC pause (G1 Evacuation Pause) (young) 52M->19M(64M), 0.0024155 secs]
Application time: 0.0493650 seconds
[GC pause (G1 Evacuation Pause) (young) 54M->19M(64M), 0.0023612 secs]
Application time: 0.0769421 seconds
[GC pause (G1 Evacuation Pause) (young) 54M->19M(64M), 0.0022613 secs]
Application time: 0.0764131 seconds
[GC pause (G1 Evacuation Pause) (young) 54M->19M(64M), 0.0023005 secs]
Application time: 0.0639475 seconds
[GC pause (G1 Evacuation Pause) (young) 54M->20M(64M), 0.0034372 secs]
Application time: 0.0452918 seconds
[GC pause (G1 Evacuation Pause) (young) 51M->19M(64M), 0.0025553 secs]
Application time: 0.0716901 seconds
[GC pause (G1 Evacuation Pause) (young) 54M->19M(64M), 0.0024685 secs]
Application time: 0.0629389 seconds
[GC pause (G1 Evacuation Pause) (young) 54M->19M(64M), 0.0025410 secs]
Application time: 0.0618393 seconds
[GC pause (G1 Evacuation Pause) (young) 54M->19M(64M), 0.0022610 secs]
Application time: 0.0508438 seconds
[GC pause (G1 Evacuation Pause) (young) 54M->19M(64M), 0.0022033 secs]
Application time: 0.0476761 seconds
[GC pause (G1 Evacuation Pause) (young) 54M->19M(64M), 0.0022715 secs]
Application time: 0.0739812 seconds
[GC pause (G1 Evacuation Pause) (young) 54M->19M(64M), 0.0024382 secs]
Application time: 0.0699215 seconds
[GC pause (G1 Evacuation Pause) (young) 54M->19M(64M), 0.0023165 secs]
Application time: 0.0592888 seconds
[GC pause (G1 Evacuation Pause) (young) 54M->20M(64M), 0.0021631 secs]
Application time: 0.0327602 seconds
[GC pause (G1 Evacuation Pause) (young) 53M->19M(64M), 0.0021071 secs]
Application time: 0.0673484 seconds
[GC pause (G1 Evacuation Pause) (young) 54M->20M(64M), 0.0021971 secs]
Application time: 0.0694834 seconds
[GC pause (G1 Evacuation Pause) (young) 53M->20M(64M), 0.0024970 secs]
Application time: 0.0601128 seconds
[GC pause (G1 Evacuation Pause) (young) 53M->19M(64M), 0.0022813 secs]
Application time: 0.0633036 seconds
[GC pause (G1 Evacuation Pause) (young) 54M->19M(64M), 0.0020919 secs]
Application time: 0.0426651 seconds
[GC pause (G1 Evacuation Pause) (young) 54M->19M(64M), 0.0021642 secs]
Application time: 0.0765038 seconds
[GC pause (G1 Evacuation Pause) (young) 54M->20M(64M), 0.0028524 secs]
Application time: 0.0762470 seconds
[GC pause (G1 Evacuation Pause) (young) 53M->19M(64M), 0.0023330 secs]
Application time: 0.0589093 seconds
[GC pause (G1 Evacuation Pause) (young) 54M->19M(64M), 0.0024346 secs]
Application time: 0.0513746 seconds
[GC pause (G1 Evacuation Pause) (young) 54M->19M(64M), 0.0021366 secs]
Application time: 0.0455983 seconds
[GC pause (G1 Evacuation Pause) (young) 54M->21M(64M), 0.0030358 secs]
Application time: 0.0752849 seconds
[GC pause (G1 Evacuation Pause) (young) 52M->19M(64M), 0.0021828 secs]
Application time: 0.0758370 seconds
[GC pause (G1 Evacuation Pause) (young) 54M->19M(64M), 0.0020844 secs]
Application time: 0.0599253 seconds
[GC pause (G1 Evacuation Pause) (young) 54M->19M(64M), 0.0020410 secs]
Application time: 0.0460015 seconds
[GC pause (G1 Evacuation Pause) (young) 54M->20M(64M), 0.0020469 secs]
Application time: 0.0494475 seconds
[GC pause (G1 Evacuation Pause) (young) 53M->19M(64M), 0.0018225 secs]
Application time: 0.0731823 seconds
[GC pause (G1 Evacuation Pause) (young) 54M->19M(64M), 0.0019492 secs]
Application time: 0.0706941 seconds
[GC pause (G1 Evacuation Pause) (young) 54M->20M(64M), 0.0020311 secs]
Application time: 0.0487619 seconds
[GC pause (G1 Evacuation Pause) (young) 53M->19M(64M), 0.0019278 secs]
Application time: 0.0612631 seconds
[GC pause (G1 Evacuation Pause) (young) 54M->20M(64M), 0.0020366 secs]
Application time: 0.0438824 seconds
[GC pause (G1 Evacuation Pause) (young) 53M->19M(64M), 0.0020164 secs]
Application time: 0.0743932 seconds
[GC pause (G1 Evacuation Pause) (young) 54M->20M(64M), 0.0020136 secs]
Application time: 0.0642658 seconds
[GC pause (G1 Evacuation Pause) (young) 53M->19M(64M), 0.0019722 secs]
Application time: 0.0585130 seconds
[GC pause (G1 Evacuation Pause) (young) 54M->20M(64M), 0.0027308 secs]
Application time: 0.0707747 seconds
[GC pause (G1 Evacuation Pause) (young) 53M->19M(64M), 0.0021646 secs]
Application time: 0.0510587 seconds
[GC pause (G1 Evacuation Pause) (young) 54M->20M(64M), 0.0028511 secs]
Application time: 0.0733014 seconds
[GC pause (G1 Evacuation Pause) (young) 53M->19M(64M), 0.0023371 secs]
Application time: 0.0743863 seconds
[GC pause (G1 Evacuation Pause) (young) 54M->19M(64M), 0.0022526 secs]
Application time: 0.0485416 seconds
[GC pause (G1 Evacuation Pause) (young) 54M->19M(64M), 0.0022966 secs]
Application time: 0.0689591 seconds
[GC pause (G1 Evacuation Pause) (young) 54M->19M(64M), 0.0021508 secs]
Application time: 0.0685743 seconds
[GC pause (G1 Evacuation Pause) (young) 54M->20M(64M), 0.0024846 secs]
Application time: 0.0594799 seconds
[GC pause (G1 Evacuation Pause) (young) 53M->19M(64M), 0.0023239 secs]
Application time: 0.0826422 seconds
[GC pause (G1 Evacuation Pause) (young) 54M->19M(64M), 0.0023262 secs]
Application time: 0.0508684 seconds
[GC pause (G1 Evacuation Pause) (young) 54M->20M(64M), 0.0034159 secs]
Application time: 0.0527525 seconds
[GC pause (G1 Evacuation Pause) (young) 53M->20M(64M), 0.0023003 secs]
Application time: 0.0728480 seconds
[GC pause (G1 Evacuation Pause) (young) 54M->20M(64M), 0.0026293 secs]
Application time: 0.0565194 seconds
[GC pause (G1 Evacuation Pause) (young) 52M->20M(64M), 0.0023573 secs]
Application time: 0.0678298 seconds
[GC pause (G1 Evacuation Pause) (young) 54M->20M(64M), 0.0021244 secs]
Application time: 0.0570596 seconds
[GC pause (G1 Evacuation Pause) (young) 54M->22M(64M), 0.0043614 secs]
Application time: 0.0465471 seconds
[GC pause (G1 Evacuation Pause) (young) 52M->20M(64M), 0.0023423 secs]
Application time: 0.0681022 seconds
[GC pause (G1 Evacuation Pause) (young) 52M->21M(64M), 0.0023878 secs]
Application time: 0.0517674 seconds
[GC pause (G1 Evacuation Pause) (young) 52M->21M(64M), 0.0023921 secs]
Application time: 0.0759107 seconds
[GC pause (G1 Evacuation Pause) (young) 54M->21M(64M), 0.0023211 secs]
Application time: 0.0396814 seconds
[GC pause (G1 Evacuation Pause) (young) 52M->21M(64M), 0.0029565 secs]
Application time: 0.0601888 seconds
[GC pause (G1 Evacuation Pause) (young) 52M->21M(64M), 0.0021680 secs]
Application time: 0.0584447 seconds
[GC pause (G1 Evacuation Pause) (young) 54M->23M(64M), 0.0043724 secs]
Application time: 0.0733090 seconds
[GC pause (G1 Evacuation Pause) (young) 52M->21M(64M), 0.0023832 secs]
Application time: 0.0710220 seconds
[GC pause (G1 Evacuation Pause) (young) 52M->21M(64M), 0.0021425 secs]
Application time: 0.0829832 seconds
[GC pause (G1 Evacuation Pause) (young) 53M->22M(64M), 0.0021269 secs]
Application time: 0.0855332 seconds
[GC pause (G1 Evacuation Pause) (young) 54M->22M(64M), 0.0022063 secs]
Application time: 0.0855267 seconds
[GC pause (G1 Evacuation Pause) (young) 54M->22M(64M), 0.0021820 secs]
Application time: 0.0479815 seconds
[GC pause (G1 Evacuation Pause) (young) 54M->22M(64M), 0.0022650 secs]
Application time: 0.0698697 seconds
[GC pause (G1 Evacuation Pause) (young) 54M->22M(64M), 0.0023903 secs]
Application time: 0.0779527 seconds
[GC pause (G1 Evacuation Pause) (young) 52M->22M(64M), 0.0023622 secs]
Application time: 0.0907553 seconds
[GC pause (G1 Evacuation Pause) (young) 54M->22M(64M), 0.0023606 secs]
Application time: 0.0538165 seconds
[GC pause (G1 Evacuation Pause) (young) 54M->22M(64M), 0.0023040 secs]
Application time: 0.0633915 seconds
[GC pause (G1 Evacuation Pause) (young) 54M->22M(64M), 0.0023495 secs]
Application time: 0.0343535 seconds
[GC pause (G1 Evacuation Pause) (young) 54M->22M(64M), 0.0024752 secs]
Application time: 0.0652278 seconds
[GC pause (G1 Evacuation Pause) (young) 52M->22M(64M), 0.0024561 secs]
Application time: 0.0734489 seconds
[GC pause (G1 Evacuation Pause) (young) 52M->22M(64M), 0.0022079 secs]
Application time: 0.0517394 seconds
[GC pause (G1 Evacuation Pause) (young) 54M->22M(64M), 0.0025840 secs]
Application time: 0.0636522 seconds
[GC pause (G1 Evacuation Pause) (young) 54M->22M(64M), 0.0023384 secs]
Application time: 0.0299404 seconds
[GC pause (G1 Evacuation Pause) (young) 54M->22M(64M), 0.0023994 secs]
Application time: 0.0672962 seconds
[GC pause (G1 Evacuation Pause) (young) 54M->22M(64M), 0.0023140 secs]
Application time: 0.0650972 seconds
[GC pause (G1 Evacuation Pause) (young) 52M->22M(64M), 0.0023677 secs]
Application time: 0.0604697 seconds
[GC pause (G1 Evacuation Pause) (young) 54M->22M(64M), 0.0022658 secs]
Application time: 0.0634582 seconds
[GC pause (G1 Evacuation Pause) (young) 54M->22M(64M), 0.0021745 secs]
Application time: 0.0314890 seconds
[GC pause (G1 Evacuation Pause) (young) 54M->22M(64M), 0.0021767 secs]
Application time: 0.0669626 seconds
[GC pause (G1 Evacuation Pause) (young) 54M->23M(64M), 0.0026207 secs]
Application time: 0.0613156 seconds
[GC pause (G1 Evacuation Pause) (young) 53M->22M(64M), 0.0023597 secs]
Application time: 0.0767559 seconds
[GC pause (G1 Evacuation Pause) (young) 54M->22M(64M), 0.0023872 secs]
Application time: 0.0619825 seconds
[GC pause (G1 Evacuation Pause) (young) 54M->22M(64M), 0.0025993 secs]
Application time: 0.0461231 seconds
[GC pause (G1 Evacuation Pause) (young) 54M->22M(64M), 0.0022292 secs]
Application time: 0.0540980 seconds
[GC pause (G1 Evacuation Pause) (young) 54M->24M(64M), 0.0042532 secs]
Application time: 0.0547697 seconds
[GC pause (G1 Evacuation Pause) (young) 50M->22M(64M), 0.0024761 secs]
Application time: 0.0771788 seconds
[GC pause (G1 Evacuation Pause) (young) 53M->22M(64M), 0.0024699 secs]
Application time: 0.0522296 seconds
[GC pause (G1 Evacuation Pause) (young) 53M->22M(64M), 0.0019638 secs]
Application time: 0.0518514 seconds
[GC pause (G1 Evacuation Pause) (young) 53M->22M(64M), 0.0020702 secs]
Application time: 0.0404979 seconds
[GC pause (G1 Evacuation Pause) (young) 53M->24M(64M), 0.0026558 secs]
Application time: 0.0588198 seconds
[GC pause (G1 Evacuation Pause) (young) 53M->24M(64M), 0.0024815 secs]
Application time: 0.0670439 seconds
[GC pause (G1 Evacuation Pause) (young) 53M->23M(64M), 0.0021742 secs]
Application time: 0.0695397 seconds
[GC pause (G1 Evacuation Pause) (young) 54M->23M(64M), 0.0022580 secs]
Application time: 0.0586419 seconds
[GC pause (G1 Evacuation Pause) (young) 54M->23M(64M), 0.0023848 secs]
Application time: 0.0352242 seconds
[GC pause (G1 Evacuation Pause) (young) 54M->23M(64M), 0.0023866 secs]
Application time: 0.0628169 seconds
[GC pause (G1 Evacuation Pause) (young) 54M->25M(64M), 0.0058562 secs]
Application time: 0.0532773 seconds
[GC pause (G1 Evacuation Pause) (young) 50M->23M(64M), 0.0023178 secs]
Application time: 0.0738407 seconds
[GC pause (G1 Evacuation Pause) (young) 53M->23M(64M), 0.0020218 secs]
Application time: 0.0546512 seconds
[GC pause (G1 Evacuation Pause) (young) 54M->24M(64M), 0.0021043 secs]
Application time: 0.0529444 seconds
[GC pause (G1 Evacuation Pause) (young) 54M->23M(64M), 0.0036416 secs]
Application time: 0.0369260 seconds
[GC pause (G1 Evacuation Pause) (young) 53M->25M(64M), 0.0030702 secs]
Application time: 0.0549721 seconds
[GC pause (G1 Evacuation Pause) (young) 53M->25M(64M), 0.0025711 secs]
Application time: 0.0769907 seconds
[GC pause (G1 Evacuation Pause) (young) 53M->24M(64M), 0.0022241 secs]
Application time: 0.0592836 seconds
[GC pause (G1 Evacuation Pause) (young) 54M->24M(64M), 0.0018706 secs]
Application time: 0.0608603 seconds
[GC pause (G1 Evacuation Pause) (young) 54M->25M(64M), 0.0019222 secs]
Application time: 0.0319351 seconds
[GC pause (G1 Evacuation Pause) (young) 53M->24M(64M), 0.0019616 secs]
Application time: 0.0482367 seconds
[GC pause (G1 Evacuation Pause) (young) 54M->26M(64M), 0.0040261 secs]
Application time: 0.0491564 seconds
[GC pause (G1 Evacuation Pause) (young) 52M->26M(64M), 0.0035306 secs]
Application time: 0.0688114 seconds
[GC pause (G1 Evacuation Pause) (young) 53M->26M(64M), 0.0033306 secs]
Application time: 0.0457663 seconds
[GC pause (G1 Evacuation Pause) (young) 54M->26M(64M), 0.0017169 secs]
Application time: 0.0597537 seconds
[GC pause (G1 Evacuation Pause) (young) 54M->26M(64M), 0.0018478 secs]
Application time: 0.0325384 seconds
[GC pause (G1 Evacuation Pause) (young) 54M->26M(64M), 0.0017353 secs]
Application time: 0.0474764 seconds
[GC pause (G1 Evacuation Pause) (young) 54M->30M(64M), 0.0048547 secs]
Application time: 0.0569143 seconds
[GC pause (G1 Evacuation Pause) (young) 52M->31M(64M), 0.0054117 secs]
Application time: 0.0506271 seconds
[GC pause (G1 Evacuation Pause) (young) (initial-mark) 53M->32M(64M), 0.0045904 secs]
[GC concurrent-root-region-scan-start]
[GC concurrent-root-region-scan-end, 0.0003453 secs]
[GC concurrent-mark-start]
[GC concurrent-mark-end, 0.0145423 secs]
Application time: 0.0149520 seconds
[GC remark, 0.0075998 secs]
Application time: 0.0000627 seconds
[GC cleanup 36M->31M(64M), 0.0002330 secs]
[GC concurrent-cleanup-start]
[GC concurrent-cleanup-end, 0.0000132 secs]
Application time: 0.0354127 seconds
[GC pause (G1 Evacuation Pause) (young) 48M->27M(64M), 0.0018312 secs]
Application time: 0.0027667 seconds
[GC pause (G1 Evacuation Pause) (mixed) 29M->20M(64M), 0.0010976 secs]
Application time: 0.0055945 seconds
[GC pause (G1 Evacuation Pause) (mixed) 22M->13M(64M), 0.0010597 secs]
Application time: 0.0071437 seconds
[GC pause (G1 Evacuation Pause) (mixed) 15M->11M(64M), 0.0018131 secs]
Application time: 0.0801053 seconds
[GC pause (G1 Evacuation Pause) (young) 48M->11M(64M), 0.0018924 secs]
Application time: 0.0512371 seconds
[GC pause (G1 Evacuation Pause) (young) 48M->12M(64M), 0.0016223 secs]
Application time: 0.0983119 seconds
[GC pause (G1 Evacuation Pause) (young) 48M->13M(64M), 0.0020379 secs]
Application time: 0.1435120 seconds
[GC pause (G1 Evacuation Pause) (young) 48M->12M(64M), 0.0020276 secs]
Application time: 0.1071986 seconds
[GC pause (G1 Evacuation Pause) (young) 48M->12M(64M), 0.0019238 secs]
Application time: 0.0662198 seconds
[GC pause (G1 Evacuation Pause) (young) 48M->13M(64M), 0.0020209 secs]
Application time: 0.0450488 seconds
[GC pause (G1 Evacuation Pause) (young) 48M->13M(64M), 0.0021869 secs]
Application time: 0.0795291 seconds
[GC pause (G1 Evacuation Pause) (young) 48M->12M(64M), 0.0020337 secs]
Application time: 0.0851867 seconds
[GC pause (G1 Evacuation Pause) (young) 48M->12M(64M), 0.0018928 secs]
Application time: 0.0652571 seconds
[GC pause (G1 Evacuation Pause) (young) 48M->12M(64M), 0.0019762 secs]
Application time: 0.0380883 seconds
[GC pause (G1 Evacuation Pause) (young) 48M->12M(64M), 0.0019212 secs]
Application time: 0.0714826 seconds
[GC pause (G1 Evacuation Pause) (young) 48M->13M(64M), 0.0020676 secs]
Application time: 0.0744018 seconds
[GC pause (G1 Evacuation Pause) (young) 48M->12M(64M), 0.0019481 secs]
Application time: 0.0619639 seconds
[GC pause (G1 Evacuation Pause) (young) 48M->12M(64M), 0.0018722 secs]
Application time: 0.0704981 seconds
[GC pause (G1 Evacuation Pause) (young) 48M->13M(64M), 0.0019090 secs]
Application time: 0.0345010 seconds
[GC pause (G1 Evacuation Pause) (young) 48M->12M(64M), 0.0019018 secs]
Application time: 0.0739639 seconds
[GC pause (G1 Evacuation Pause) (young) 48M->13M(64M), 0.0021076 secs]
Application time: 0.0867980 seconds
[GC pause (G1 Evacuation Pause) (young) 48M->12M(64M), 0.0019417 secs]
Application time: 0.0623066 seconds
[GC pause (G1 Evacuation Pause) (young) 48M->12M(64M), 0.0021628 secs]
Application time: 0.0446447 seconds
[GC pause (G1 Evacuation Pause) (young) 48M->12M(64M), 0.0018637 secs]
Application time: 0.0624957 seconds
[GC pause (G1 Evacuation Pause) (young) 48M->13M(64M), 0.0021199 secs]
Application time: 0.0817990 seconds
[GC pause (G1 Evacuation Pause) (young) 48M->13M(64M), 0.0020605 secs]
Application time: 0.1012327 seconds
[GC pause (G1 Evacuation Pause) (young) 48M->12M(64M), 0.0018986 secs]
Application time: 0.0645386 seconds
[GC pause (G1 Evacuation Pause) (young) 48M->12M(64M), 0.0020045 secs]
Application time: 0.0954531 seconds
[GC pause (G1 Evacuation Pause) (young) 48M->12M(64M), 0.0019443 secs]
Application time: 0.0901588 seconds
[GC pause (G1 Evacuation Pause) (young) 48M->12M(64M), 0.0021118 secs]
Application time: 0.0843339 seconds
[GC pause (G1 Evacuation Pause) (young) 48M->13M(64M), 0.0025416 secs]
Application time: 0.0566861 seconds
[GC pause (G1 Evacuation Pause) (young) 48M->12M(64M), 0.0037272 secs]
Application time: 0.0854902 seconds
[GC pause (G1 Evacuation Pause) (young) 48M->12M(64M), 0.0021384 secs]
Application time: 0.0736086 seconds
[GC pause (G1 Evacuation Pause) (young) 48M->13M(64M), 0.0021703 secs]
Application time: 0.0619926 seconds
[GC pause (G1 Evacuation Pause) (young) 48M->14M(64M), 0.0041001 secs]
Application time: 0.0679990 seconds
[GC pause (G1 Evacuation Pause) (young) 48M->13M(64M), 0.0022315 secs]
Application time: 0.0597642 seconds
[GC pause (G1 Evacuation Pause) (young) 49M->13M(64M), 0.0017346 secs]
Application time: 0.0678050 seconds
[GC pause (G1 Evacuation Pause) (young) 49M->13M(64M), 0.0017739 secs]
Application time: 0.0646003 seconds
[GC pause (G1 Evacuation Pause) (young) 49M->13M(64M), 0.0020682 secs]
Application time: 0.0687424 seconds
[GC pause (G1 Evacuation Pause) (young) 49M->14M(64M), 0.0021198 secs]
Application time: 0.0705478 seconds
[GC pause (G1 Evacuation Pause) (young) 49M->13M(64M), 0.0021640 secs]
Application time: 0.0572874 seconds
[GC pause (G1 Evacuation Pause) (young) 49M->14M(64M), 0.0026687 secs]
Application time: 0.0703692 seconds
[GC pause (G1 Evacuation Pause) (young) 49M->13M(64M), 0.0020489 secs]
Application time: 0.0588604 seconds
[GC pause (G1 Evacuation Pause) (young) 49M->14M(64M), 0.0027542 secs]
Application time: 0.0705552 seconds
[GC pause (G1 Evacuation Pause) (young) 49M->13M(64M), 0.0019692 secs]
Application time: 0.0628574 seconds
[GC pause (G1 Evacuation Pause) (young) 49M->13M(64M), 0.0018934 secs]
Application time: 0.0696978 seconds
[GC pause (G1 Evacuation Pause) (young) 49M->14M(64M), 0.0019859 secs]
Application time: 0.0807269 seconds
[GC pause (G1 Evacuation Pause) (young) 49M->13M(64M), 0.0020722 secs]
Application time: 0.0639567 seconds
[GC pause (G1 Evacuation Pause) (young) 49M->14M(64M), 0.0019258 secs]
Application time: 0.0816274 seconds
[GC pause (G1 Evacuation Pause) (young) 49M->14M(64M), 0.0019966 secs]
Application time: 0.0844315 seconds
[GC pause (G1 Evacuation Pause) (young) 49M->13M(64M), 0.0018919 secs]
Application time: 0.1593984 seconds
[GC pause (G1 Evacuation Pause) (young) 49M->13M(64M), 0.0019017 secs]
Application time: 0.1308235 seconds
[GC pause (G1 Evacuation Pause) (young) 49M->13M(64M), 0.0020021 secs]
Application time: 0.0874669 seconds
[GC pause (G1 Evacuation Pause) (young) 49M->13M(64M), 0.0018974 secs]
Application time: 0.0868012 seconds
[GC pause (G1 Evacuation Pause) (young) 49M->14M(64M), 0.0020598 secs]
Application time: 0.0694403 seconds
[GC pause (G1 Evacuation Pause) (young) 49M->13M(64M), 0.0020035 secs]
Application time: 0.0692702 seconds
[GC pause (G1 Evacuation Pause) (young) 49M->13M(64M), 0.0019488 secs]
Application time: 0.0698268 seconds
[GC pause (G1 Evacuation Pause) (young) 49M->13M(64M), 0.0018475 secs]
Application time: 0.0388644 seconds
[GC pause (G1 Evacuation Pause) (young) 49M->13M(64M), 0.0020276 secs]
Application time: 0.0724869 seconds
[GC pause (G1 Evacuation Pause) (young) 49M->14M(64M), 0.0020979 secs]
Application time: 0.0880464 seconds
[GC pause (G1 Evacuation Pause) (young) 49M->13M(64M), 0.0021159 secs]
Application time: 0.0605140 seconds
[GC pause (G1 Evacuation Pause) (young) 49M->13M(64M), 0.0020590 secs]
Application time: 0.0466845 seconds
[GC pause (G1 Evacuation Pause) (young) 49M->13M(64M), 0.0018214 secs]
Application time: 0.0616855 seconds
[GC pause (G1 Evacuation Pause) (young) 49M->15M(64M), 0.0025122 secs]
Application time: 0.0656473 seconds
[GC pause (G1 Evacuation Pause) (young) 49M->14M(64M), 0.0019514 secs]
Application time: 0.0689187 seconds
[GC pause (G1 Evacuation Pause) (young) 50M->14M(64M), 0.0020233 secs]
Application time: 0.0492987 seconds
[GC pause (G1 Evacuation Pause) (young) 50M->14M(64M), 0.0020421 secs]
Application time: 0.0604773 seconds
[GC pause (G1 Evacuation Pause) (young) 50M->14M(64M), 0.0021175 secs]
Application time: 0.0436315 seconds
[GC pause (G1 Evacuation Pause) (young) 50M->14M(64M), 0.0020026 secs]
Application time: 0.0703441 seconds
[GC pause (G1 Evacuation Pause) (young) 50M->14M(64M), 0.0018986 secs]
Application time: 0.0734066 seconds
[GC pause (G1 Evacuation Pause) (young) 50M->14M(64M), 0.0018588 secs]
Application time: 0.0643433 seconds
[GC pause (G1 Evacuation Pause) (young) 50M->15M(64M), 0.0022037 secs]
Application time: 0.0716751 seconds
[GC pause (G1 Evacuation Pause) (young) 50M->14M(64M), 0.0019192 secs]
Application time: 0.1513447 seconds
[GC pause (G1 Evacuation Pause) (young) 50M->14M(64M), 0.0020933 secs]
Application time: 0.1206491 seconds
[GC pause (G1 Evacuation Pause) (young) 49M->14M(64M), 0.0021214 secs]
Application time: 0.0555889 seconds
[GC pause (G1 Evacuation Pause) (young) 50M->14M(64M), 0.0022259 secs]
Application time: 0.0592468 seconds
[GC pause (G1 Evacuation Pause) (young) 49M->14M(64M), 0.0020104 secs]
Application time: 0.0477292 seconds
[GC pause (G1 Evacuation Pause) (young) 49M->14M(64M), 0.0019134 secs]
Application time: 0.0585355 seconds
[GC pause (G1 Evacuation Pause) (young) 49M->15M(64M), 0.0020629 secs]
Application time: 0.0664878 seconds
[GC pause (G1 Evacuation Pause) (young) 50M->14M(64M), 0.0019533 secs]
Application time: 0.0506283 seconds
[GC pause (G1 Evacuation Pause) (young) 50M->14M(64M), 0.0018377 secs]
Application time: 0.0837836 seconds
[GC pause (G1 Evacuation Pause) (young) 50M->14M(64M), 0.0023370 secs]
Application time: 0.0553464 seconds
[GC pause (G1 Evacuation Pause) (young) 49M->14M(64M), 0.0017991 secs]
Application time: 0.0555805 seconds
[GC pause (G1 Evacuation Pause) (young) 49M->16M(64M), 0.0034392 secs]
Application time: 0.0404843 seconds
[GC pause (G1 Evacuation Pause) (young) 50M->14M(64M), 0.0020301 secs]
Application time: 0.0733648 seconds
[GC pause (G1 Evacuation Pause) (young) 50M->15M(64M), 0.0019967 secs]
Application time: 0.0685190 seconds
[GC pause (G1 Evacuation Pause) (young) 51M->15M(64M), 0.0019551 secs]
Application time: 0.0542810 seconds
[GC pause (G1 Evacuation Pause) (young) 51M->15M(64M), 0.0018347 secs]
Application time: 0.0533841 seconds
[GC pause (G1 Evacuation Pause) (young) 51M->17M(64M), 0.0034747 secs]
Application time: 0.0748561 seconds
[GC pause (G1 Evacuation Pause) (young) 50M->17M(64M), 0.0035076 secs]
Application time: 0.0693678 seconds
[GC pause (G1 Evacuation Pause) (young) 51M->16M(64M), 0.0019883 secs]
Application time: 0.0609192 seconds
[GC pause (G1 Evacuation Pause) (young) 52M->16M(64M), 0.0017191 secs]
Application time: 0.0523909 seconds
[GC pause (G1 Evacuation Pause) (young) 52M->16M(64M), 0.0017238 secs]
Application time: 0.0474335 seconds
[GC pause (G1 Evacuation Pause) (young) 52M->17M(64M), 0.0019136 secs]
Application time: 0.0806064 seconds
[GC pause (G1 Evacuation Pause) (young) 52M->17M(64M), 0.0018156 secs]
Application time: 0.0993827 seconds
[GC pause (G1 Evacuation Pause) (young) 52M->16M(64M), 0.0017834 secs]
Application time: 0.0585469 seconds
[GC pause (G1 Evacuation Pause) (young) 52M->16M(64M), 0.0019090 secs]
Application time: 0.0350979 seconds
[GC pause (G1 Evacuation Pause) (young) 52M->16M(64M), 0.0018209 secs]
Application time: 0.0604304 seconds
[GC pause (G1 Evacuation Pause) (young) 52M->17M(64M), 0.0020792 secs]
Application time: 0.0690198 seconds
[GC pause (G1 Evacuation Pause) (young) 52M->16M(64M), 0.0018296 secs]
Application time: 0.0651856 seconds
[GC pause (G1 Evacuation Pause) (young) 52M->16M(64M), 0.0018779 secs]
Application time: 0.0428444 seconds
[GC pause (G1 Evacuation Pause) (young) 52M->16M(64M), 0.0018823 secs]
Application time: 0.0542529 seconds
[GC pause (G1 Evacuation Pause) (young) 52M->17M(64M), 0.0019335 secs]
Application time: 0.0595597 seconds
[GC pause (G1 Evacuation Pause) (young) 52M->19M(64M), 0.0036932 secs]
Application time: 0.0580679 seconds
[GC pause (G1 Evacuation Pause) (young) 51M->17M(64M), 0.0020674 secs]
Application time: 0.0636663 seconds
[GC pause (G1 Evacuation Pause) (young) 54M->17M(64M), 0.0016551 secs]
Application time: 0.0483469 seconds
[GC pause (G1 Evacuation Pause) (young) 54M->17M(64M), 0.0015224 secs]
Application time: 0.0631457 seconds
[GC pause (G1 Evacuation Pause) (young) 54M->17M(64M), 0.0016741 secs]
Application time: 0.0798924 seconds
[GC pause (G1 Evacuation Pause) (young) 53M->18M(64M), 0.0020046 secs]
Application time: 0.0636409 seconds
[GC pause (G1 Evacuation Pause) (young) 52M->18M(64M), 0.0018354 secs]
Application time: 0.0547510 seconds
[GC pause (G1 Evacuation Pause) (young) 54M->18M(64M), 0.0017682 secs]
Application time: 0.0358160 seconds
[GC pause (G1 Evacuation Pause) (young) 54M->18M(64M), 0.0018828 secs]
Application time: 0.0820582 seconds
[GC pause (G1 Evacuation Pause) (young) 54M->18M(64M), 0.0019823 secs]
Application time: 0.0906542 seconds
[GC pause (G1 Evacuation Pause) (young) 52M->18M(64M), 0.0019432 secs]
Application time: 0.0755113 seconds
[GC pause (G1 Evacuation Pause) (young) 54M->18M(64M), 0.0019413 secs]
Application time: 0.0480365 seconds
[GC pause (G1 Evacuation Pause) (young) 52M->18M(64M), 0.0020282 secs]
Application time: 0.0599055 seconds
[GC pause (G1 Evacuation Pause) (young) 52M->18M(64M), 0.0019163 secs]
Application time: 0.0541820 seconds
[GC pause (G1 Evacuation Pause) (young) 52M->19M(64M), 0.0028582 secs]
Application time: 0.0637350 seconds
[GC pause (G1 Evacuation Pause) (young) 53M->18M(64M), 0.0020118 secs]
Application time: 0.0610310 seconds
[GC pause (G1 Evacuation Pause) (young) 54M->18M(64M), 0.0019302 secs]
Application time: 0.0589718 seconds
[GC pause (G1 Evacuation Pause) (young) 54M->18M(64M), 0.0019956 secs]
Application time: 0.0600973 seconds
[GC pause (G1 Evacuation Pause) (young) 54M->18M(64M), 0.0018658 secs]
Application time: 0.0500526 seconds
[GC pause (G1 Evacuation Pause) (young) 54M->19M(64M), 0.0026343 secs]
Application time: 0.0573990 seconds
[GC pause (G1 Evacuation Pause) (young) 53M->18M(64M), 0.0019143 secs]
Application time: 0.0625438 seconds
[GC pause (G1 Evacuation Pause) (young) 54M->19M(64M), 0.0019624 secs]
Application time: 0.0544573 seconds
[GC pause (G1 Evacuation Pause) (young) 53M->19M(64M), 0.0019099 secs]
Application time: 0.0600685 seconds
[GC pause (G1 Evacuation Pause) (young) 53M->18M(64M), 0.0019998 secs]
Application time: 0.0502753 seconds
[GC pause (G1 Evacuation Pause) (young) 54M->18M(64M), 0.0018955 secs]
Application time: 0.0488384 seconds
[GC pause (G1 Evacuation Pause) (young) 54M->19M(64M), 0.0018308 secs]
Application time: 0.0670698 seconds
[GC pause (G1 Evacuation Pause) (young) 53M->18M(64M), 0.0018545 secs]
Application time: 0.0736795 seconds
[GC pause (G1 Evacuation Pause) (young) 54M->18M(64M), 0.0020349 secs]
Application time: 0.0611153 seconds
[GC pause (G1 Evacuation Pause) (young) 54M->18M(64M), 0.0019232 secs]
Application time: 0.0378594 seconds
[GC pause (G1 Evacuation Pause) (young) 54M->19M(64M), 0.0019470 secs]
Application time: 0.0677657 seconds
[GC pause (G1 Evacuation Pause) (young) 53M->19M(64M), 0.0018272 secs]
Application time: 0.0731637 seconds
[GC pause (G1 Evacuation Pause) (young) 53M->18M(64M), 0.0018243 secs]
Application time: 0.0558753 seconds
[GC pause (G1 Evacuation Pause) (young) 54M->18M(64M), 0.0019902 secs]
Application time: 0.0617250 seconds
[GC pause (G1 Evacuation Pause) (young) 54M->18M(64M), 0.0019086 secs]
Application time: 0.0397166 seconds
[GC pause (G1 Evacuation Pause) (young) 54M->19M(64M), 0.0019948 secs]
Application time: 0.0646684 seconds
[GC pause (G1 Evacuation Pause) (young) 53M->18M(64M), 0.0017412 secs]
Application time: 0.0843135 seconds
[GC pause (G1 Evacuation Pause) (young) 54M->19M(64M), 0.0018923 secs]
Application time: 0.0546870 seconds
[GC pause (G1 Evacuation Pause) (young) 53M->19M(64M), 0.0020276 secs]
Application time: 0.0406658 seconds
[GC pause (G1 Evacuation Pause) (young) 53M->18M(64M), 0.0020298 secs]
Application time: 0.0489502 seconds
[GC pause (G1 Evacuation Pause) (young) 54M->18M(64M), 0.0020207 secs]
Application time: 0.0688120 seconds
[GC pause (G1 Evacuation Pause) (young) 54M->19M(64M), 0.0018679 secs]
Application time: 0.0768604 seconds
[GC pause (G1 Evacuation Pause) (young) 53M->18M(64M), 0.0020207 secs]
Application time: 0.0982632 seconds
[GC pause (G1 Evacuation Pause) (young) 54M->18M(64M), 0.0018876 secs]
Application time: 0.0492089 seconds
[GC pause (G1 Evacuation Pause) (young) 54M->20M(64M), 0.0034975 secs]
Application time: 0.0519843 seconds
[GC pause (G1 Evacuation Pause) (young) 52M->19M(64M), 0.0019320 secs]
Application time: 0.0694838 seconds
[GC pause (G1 Evacuation Pause) (young) 53M->19M(64M), 0.0018284 secs]
Application time: 0.0550558 seconds
[GC pause (G1 Evacuation Pause) (young) 54M->19M(64M), 0.0020196 secs]
Application time: 0.0616168 seconds
[GC pause (G1 Evacuation Pause) (young) 54M->19M(64M), 0.0019065 secs]
Application time: 0.0301824 seconds
[GC pause (G1 Evacuation Pause) (young) 52M->19M(64M), 0.0020177 secs]
Application time: 0.0647856 seconds
[GC pause (G1 Evacuation Pause) (young) 52M->19M(64M), 0.0019509 secs]
Application time: 0.0661893 seconds
[GC pause (G1 Evacuation Pause) (young) 52M->19M(64M), 0.0019018 secs]
Application time: 0.0575384 seconds
[GC pause (G1 Evacuation Pause) (young) 52M->19M(64M), 0.0018314 secs]
Application time: 0.0382469 seconds
[GC pause (G1 Evacuation Pause) (young) 52M->19M(64M), 0.0018416 secs]
Application time: 0.0573176 seconds
[GC pause (G1 Evacuation Pause) (young) 54M->19M(64M), 0.0020830 secs]
Application time: 0.0569612 seconds
[GC pause (G1 Evacuation Pause) (young) 52M->19M(64M), 0.0018057 secs]
Application time: 0.0676596 seconds
[GC pause (G1 Evacuation Pause) (young) 52M->19M(64M), 0.0020190 secs]
Application time: 0.0509181 seconds
[GC pause (G1 Evacuation Pause) (young) 52M->19M(64M), 0.0020823 secs]
Application time: 0.0477988 seconds
[GC pause (G1 Evacuation Pause) (young) 52M->19M(64M), 0.0019054 secs]
Application time: 0.0408794 seconds
[GC pause (G1 Evacuation Pause) (young) 54M->19M(64M), 0.0018874 secs]
Application time: 0.0713687 seconds
[GC pause (G1 Evacuation Pause) (young) 54M->19M(64M), 0.0018309 secs]
Application time: 0.0858481 seconds
[GC pause (G1 Evacuation Pause) (young) 52M->19M(64M), 0.0018312 secs]
Application time: 0.0681130 seconds
[GC pause (G1 Evacuation Pause) (young) 52M->19M(64M), 0.0018098 secs]
Application time: 0.0606118 seconds
[GC pause (G1 Evacuation Pause) (young) 52M->19M(64M), 0.0017013 secs]
Application time: 0.0830550 seconds
[GC pause (G1 Evacuation Pause) (young) 52M->19M(64M), 0.0018790 secs]
Application time: 0.0431618 seconds
[GC pause (G1 Evacuation Pause) (young) 54M->19M(64M), 0.0021227 secs]
Application time: 0.0569655 seconds
[GC pause (G1 Evacuation Pause) (young) 52M->19M(64M), 0.0017503 secs]
Application time: 0.0526607 seconds
[GC pause (G1 Evacuation Pause) (young) 54M->20M(64M), 0.0019190 secs]
Application time: 0.0686138 seconds
[GC pause (G1 Evacuation Pause) (young) 53M->19M(64M), 0.0018236 secs]
Application time: 0.0529369 seconds
[GC pause (G1 Evacuation Pause) (young) 54M->19M(64M), 0.0018707 secs]
Application time: 0.0545163 seconds
[GC pause (G1 Evacuation Pause) (young) 54M->19M(64M), 0.0018074 secs]
Application time: 0.0330764 seconds
[GC pause (G1 Evacuation Pause) (young) 54M->19M(64M), 0.0018990 secs]
Application time: 0.0661202 seconds
[GC pause (G1 Evacuation Pause) (young) 54M->19M(64M), 0.0019410 secs]
Application time: 0.0737466 seconds
[GC pause (G1 Evacuation Pause) (young) 52M->19M(64M), 0.0019645 secs]
Application time: 0.0567476 seconds
[GC pause (G1 Evacuation Pause) (young) 54M->19M(64M), 0.0019208 secs]
Application time: 0.0443569 seconds
[GC pause (G1 Evacuation Pause) (young) 52M->19M(64M), 0.0019505 secs]
Application time: 0.0572677 seconds
[GC pause (G1 Evacuation Pause) (young) 54M->19M(64M), 0.0019812 secs]
Application time: 0.0627167 seconds
[GC pause (G1 Evacuation Pause) (young) 52M->19M(64M), 0.0020084 secs]
Application time: 0.0732057 seconds
[GC pause (G1 Evacuation Pause) (young) 52M->19M(64M), 0.0019574 secs]
Application time: 0.0551683 seconds
[GC pause (G1 Evacuation Pause) (young) 52M->19M(64M), 0.0021487 secs]
Application time: 0.0365216 seconds
[GC pause (G1 Evacuation Pause) (young) 52M->19M(64M), 0.0018885 secs]
Application time: 0.0454164 seconds
[GC pause (G1 Evacuation Pause) (young) 52M->22M(64M), 0.0039996 secs]
Application time: 0.0541734 seconds
[GC pause (G1 Evacuation Pause) (young) 51M->19M(64M), 0.0020305 secs]
Application time: 0.0761482 seconds
[GC pause (G1 Evacuation Pause) (young) 53M->19M(64M), 0.0018070 secs]
Application time: 0.0588574 seconds
[GC pause (G1 Evacuation Pause) (young) 54M->19M(64M), 0.0017652 secs]
Application time: 0.0453035 seconds
[GC pause (G1 Evacuation Pause) (young) 54M->19M(64M), 0.0018497 secs]
Application time: 0.0478477 seconds
[GC pause (G1 Evacuation Pause) (young) 54M->19M(64M), 0.0018524 secs]
Application time: 0.0744129 seconds
[GC pause (G1 Evacuation Pause) (young) 54M->19M(64M), 0.0020683 secs]
Application time: 0.0640985 seconds
[GC pause (G1 Evacuation Pause) (young) 54M->20M(64M), 0.0019265 secs]
Application time: 0.0564536 seconds
[GC pause (G1 Evacuation Pause) (young) 53M->19M(64M), 0.0018252 secs]
Application time: 0.0319296 seconds
[GC pause (G1 Evacuation Pause) (young) 54M->20M(64M), 0.0019872 secs]
Application time: 0.0625098 seconds
[GC pause (G1 Evacuation Pause) (young) 53M->20M(64M), 0.0020270 secs]
Application time: 0.0628826 seconds
[GC pause (G1 Evacuation Pause) (young) 53M->19M(64M), 0.0018579 secs]
Application time: 0.0632484 seconds
[GC pause (G1 Evacuation Pause) (young) 54M->20M(64M), 0.0019011 secs]
Application time: 0.0471339 seconds
[GC pause (G1 Evacuation Pause) (young) 53M->20M(64M), 0.0019186 secs]
Application time: 0.0420963 seconds
[GC pause (G1 Evacuation Pause) (young) 53M->22M(64M), 0.0033750 secs]
Application time: 0.0392575 seconds
[GC pause (G1 Evacuation Pause) (young) 51M->20M(64M), 0.0017835 secs]
Application time: 0.0708488 seconds
[GC pause (G1 Evacuation Pause) (young) 54M->20M(64M), 0.0017667 secs]
Application time: 0.0716300 seconds
[GC pause (G1 Evacuation Pause) (young) 54M->20M(64M), 0.0018680 secs]
Application time: 0.0396469 seconds
[GC pause (G1 Evacuation Pause) (young) 54M->20M(64M), 0.0018478 secs]
Application time: 0.0504675 seconds
[GC pause (G1 Evacuation Pause) (young) 54M->22M(64M), 0.0033965 secs]
Application time: 0.0452661 seconds
[GC pause (G1 Evacuation Pause) (young) 52M->22M(64M), 0.0038837 secs]
Application time: 0.0608790 seconds
[GC pause (G1 Evacuation Pause) (young) 52M->20M(64M), 0.0023135 secs]
Application time: 0.0575947 seconds
[GC pause (G1 Evacuation Pause) (young) 52M->20M(64M), 0.0016671 secs]
Application time: 0.0574335 seconds
[GC pause (G1 Evacuation Pause) (young) 53M->20M(64M), 0.0016963 secs]
Application time: 0.0295936 seconds
[GC pause (G1 Evacuation Pause) (young) 53M->20M(64M), 0.0018845 secs]
Application time: 0.0580773 seconds
[GC pause (G1 Evacuation Pause) (young) 53M->22M(64M), 0.0022522 secs]
Application time: 0.0567892 seconds
[GC pause (G1 Evacuation Pause) (young) 53M->21M(64M), 0.0022384 secs]
Application time: 0.0624189 seconds
[GC pause (G1 Evacuation Pause) (young) 54M->21M(64M), 0.0020157 secs]
Application time: 0.0588797 seconds
[GC pause (G1 Evacuation Pause) (young) 54M->21M(64M), 0.0022284 secs]
Application time: 0.0384787 seconds
[GC pause (G1 Evacuation Pause) (young) 54M->21M(64M), 0.0020559 secs]
Application time: 0.0472721 seconds
[GC pause (G1 Evacuation Pause) (young) 54M->21M(64M), 0.0019790 secs]
Application time: 0.0677208 seconds
[GC pause (G1 Evacuation Pause) (young) 54M->21M(64M), 0.0021563 secs]
Application time: 0.0621593 seconds
[GC pause (G1 Evacuation Pause) (young) 54M->21M(64M), 0.0021718 secs]
Application time: 0.0592644 seconds
[GC pause (G1 Evacuation Pause) (young) 54M->21M(64M), 0.0023552 secs]
Application time: 0.0444520 seconds
[GC pause (G1 Evacuation Pause) (young) 54M->21M(64M), 0.0021407 secs]
Application time: 0.0472079 seconds
[GC pause (G1 Evacuation Pause) (young) 54M->23M(64M), 0.0042922 secs]
Application time: 0.0575248 seconds
[GC pause (G1 Evacuation Pause) (young) 52M->21M(64M), 0.0023546 secs]
Application time: 0.0734949 seconds
[GC pause (G1 Evacuation Pause) (young) 52M->21M(64M), 0.0019486 secs]
Application time: 0.0579520 seconds
[GC pause (G1 Evacuation Pause) (young) 53M->21M(64M), 0.0020963 secs]
Application time: 0.0395211 seconds
[GC pause (G1 Evacuation Pause) (young) 53M->21M(64M), 0.0020003 secs]
Application time: 0.0438705 seconds
[GC pause (G1 Evacuation Pause) (young) 53M->22M(64M), 0.0019354 secs]
Application time: 0.0644206 seconds
[GC pause (G1 Evacuation Pause) (young) 54M->22M(64M), 0.0022992 secs]
Application time: 0.0553605 seconds
[GC pause (G1 Evacuation Pause) (young) 52M->22M(64M), 0.0023252 secs]
Application time: 0.0625972 seconds
[GC pause (G1 Evacuation Pause) (young) 54M->22M(64M), 0.0021303 secs]
Application time: 0.0467170 seconds
[GC pause (G1 Evacuation Pause) (young) 52M->24M(64M), 0.0035474 secs]
Application time: 0.0550205 seconds
[GC pause (G1 Evacuation Pause) (young) 52M->22M(64M), 0.0020278 secs]
Application time: 0.0478788 seconds
[GC pause (G1 Evacuation Pause) (young) 53M->23M(64M), 0.0018760 secs]
Application time: 0.0537268 seconds
[GC pause (G1 Evacuation Pause) (young) 53M->23M(64M), 0.0017185 secs]
Application time: 0.0627877 seconds
[GC pause (G1 Evacuation Pause) (young) 54M->23M(64M), 0.0017668 secs]
Application time: 0.0344163 seconds
[GC pause (G1 Evacuation Pause) (young) 54M->23M(64M), 0.0018223 secs]
Application time: 0.0500308 seconds
[GC pause (G1 Evacuation Pause) (young) 52M->25M(64M), 0.0035565 secs]
Application time: 0.0330417 seconds
[GC pause (G1 Evacuation Pause) (young) 52M->23M(64M), 0.0019206 secs]
Application time: 0.0575959 seconds
[GC pause (G1 Evacuation Pause) (young) 52M->24M(64M), 0.0017201 secs]
Application time: 0.0610565 seconds
[GC pause (G1 Evacuation Pause) (young) 54M->24M(64M), 0.0017841 secs]
Application time: 0.0505094 seconds
[GC pause (G1 Evacuation Pause) (young) 54M->24M(64M), 0.0017199 secs]
Application time: 0.0401284 seconds
[GC pause (G1 Evacuation Pause) (young) 54M->24M(64M), 0.0017029 secs]
Application time: 0.0290874 seconds
[GC pause (G1 Evacuation Pause) (young) 52M->24M(64M), 0.0017125 secs]
Application time: 0.0557176 seconds
[GC pause (G1 Evacuation Pause) (young) 52M->24M(64M), 0.0017554 secs]
Application time: 0.0550163 seconds
[GC pause (G1 Evacuation Pause) (young) 52M->24M(64M), 0.0019139 secs]
Application time: 0.0559007 seconds
[GC pause (G1 Evacuation Pause) (young) 54M->24M(64M), 0.0019332 secs]
Application time: 0.0486418 seconds
[GC pause (G1 Evacuation Pause) (young) 52M->24M(64M), 0.0019984 secs]
Application time: 0.0334681 seconds
[GC pause (G1 Evacuation Pause) (young) 52M->24M(64M), 0.0018531 secs]
Application time: 0.0361308 seconds
[GC pause (G1 Evacuation Pause) (young) 52M->25M(64M), 0.0019216 secs]
Application time: 0.0547978 seconds
[GC pause (G1 Evacuation Pause) (young) 53M->24M(64M), 0.0024027 secs]
Application time: 0.0575688 seconds
[GC pause (G1 Evacuation Pause) (young) 54M->24M(64M), 0.0018029 secs]
Application time: 0.0540899 seconds
[GC pause (G1 Evacuation Pause) (young) 52M->24M(64M), 0.0018079 secs]
Application time: 0.0375956 seconds
[GC pause (G1 Evacuation Pause) (young) 52M->24M(64M), 0.0018890 secs]
Application time: 0.0475154 seconds
[GC pause (G1 Evacuation Pause) (young) 54M->25M(64M), 0.0029338 secs]
Application time: 0.0334673 seconds
[GC pause (G1 Evacuation Pause) (young) 51M->24M(64M), 0.0019086 secs]
Application time: 0.0564908 seconds
[GC pause (G1 Evacuation Pause) (young) 53M->25M(64M), 0.0018617 secs]
Application time: 0.0624375 seconds
[GC pause (G1 Evacuation Pause) (young) 54M->25M(64M), 0.0016687 secs]
Application time: 0.0458678 seconds
[GC pause (G1 Evacuation Pause) (young) 54M->25M(64M), 0.0017617 secs]
Application time: 0.0468303 seconds
[GC pause (G1 Evacuation Pause) (young) 54M->25M(64M), 0.0016768 secs]
Application time: 0.0409254 seconds
[GC pause (G1 Evacuation Pause) (young) 54M->25M(64M), 0.0017752 secs]
Application time: 0.0492026 seconds
[GC pause (G1 Evacuation Pause) (young) 54M->27M(64M), 0.0033523 secs]
Application time: 0.0569886 seconds
[GC pause (G1 Evacuation Pause) (young) 52M->25M(64M), 0.0019426 secs]
Application time: 0.0542719 seconds
[GC pause (G1 Evacuation Pause) (young) 52M->25M(64M), 0.0016067 secs]
Application time: 0.0480333 seconds
[GC pause (G1 Evacuation Pause) (young) 52M->25M(64M), 0.0014794 secs]
Application time: 0.0345515 seconds
[GC pause (G1 Evacuation Pause) (young) 53M->25M(64M), 0.0016335 secs]
Application time: 0.0488878 seconds
[GC pause (G1 Evacuation Pause) (young) 53M->26M(64M), 0.0018190 secs]
Application time: 0.0279798 seconds
[GC pause (G1 Evacuation Pause) (young) 52M->26M(64M), 0.0019164 secs]
Application time: 0.0616912 seconds
[GC pause (G1 Evacuation Pause) (young) 54M->26M(64M), 0.0018960 secs]
Application time: 0.0520354 seconds
[GC pause (G1 Evacuation Pause) (young) 54M->26M(64M), 0.0024401 secs]
Application time: 0.0704143 seconds
[GC pause (G1 Evacuation Pause) (young) 54M->27M(64M), 0.0018714 secs]
Application time: 0.0266127 seconds
[GC pause (G1 Evacuation Pause) (young) 53M->27M(64M), 0.0018125 secs]
Application time: 0.0518941 seconds
[GC pause (G1 Evacuation Pause) (young) 53M->26M(64M), 0.0018038 secs]
Application time: 0.0350661 seconds
[GC pause (G1 Evacuation Pause) (young) 54M->27M(64M), 0.0017813 secs]
Application time: 0.0519447 seconds
[GC pause (G1 Evacuation Pause) (young) 53M->27M(64M), 0.0019982 secs]
Application time: 0.0397846 seconds
[GC pause (G1 Evacuation Pause) (young) 53M->26M(64M), 0.0019445 secs]
Application time: 0.0467227 seconds
[GC pause (G1 Evacuation Pause) (young) 54M->26M(64M), 0.0019031 secs]
Application time: 0.0453084 seconds
[GC pause (G1 Evacuation Pause) (young) 54M->28M(64M), 0.0032755 secs]
Application time: 0.0392181 seconds
[GC pause (G1 Evacuation Pause) (young) 52M->27M(64M), 0.0019210 secs]
Application time: 0.0526337 seconds
[GC pause (G1 Evacuation Pause) (young) 54M->27M(64M), 0.0016159 secs]
Application time: 0.0331479 seconds
[GC pause (G1 Evacuation Pause) (young) 54M->27M(64M), 0.0014848 secs]
Application time: 0.0517559 seconds
[GC pause (G1 Evacuation Pause) (young) 54M->27M(64M), 0.0018946 secs]
Application time: 0.0314905 seconds
[GC pause (G1 Evacuation Pause) (young) 54M->27M(64M), 0.0018155 secs]
Application time: 0.0562409 seconds
[GC pause (G1 Evacuation Pause) (young) 54M->28M(64M), 0.0018862 secs]
Application time: 0.0422270 seconds
[GC pause (G1 Evacuation Pause) (young) 53M->27M(64M), 0.0018759 secs]
Application time: 0.0555365 seconds
[GC pause (G1 Evacuation Pause) (young) 54M->28M(64M), 0.0019393 secs]
Application time: 0.0307047 seconds
[GC pause (G1 Evacuation Pause) (young) 53M->27M(64M), 0.0020503 secs]
Application time: 0.0378775 seconds
[GC pause (G1 Evacuation Pause) (young) 54M->28M(64M), 0.0018477 secs]
Application time: 0.0359588 seconds
[GC pause (G1 Evacuation Pause) (young) 53M->27M(64M), 0.0017294 secs]
Application time: 0.0480812 seconds
[GC pause (G1 Evacuation Pause) (young) 54M->28M(64M), 0.0021098 secs]
Application time: 0.0517961 seconds
[GC pause (G1 Evacuation Pause) (young) 53M->27M(64M), 0.0019096 secs]
Application time: 0.0483941 seconds
[GC pause (G1 Evacuation Pause) (young) 54M->27M(64M), 0.0017494 secs]
Application time: 0.0527849 seconds
[GC pause (G1 Evacuation Pause) (young) 54M->28M(64M), 0.0019397 secs]
Application time: 0.0302093 seconds
[GC pause (G1 Evacuation Pause) (young) 53M->27M(64M), 0.0017987 secs]
Application time: 0.0254724 seconds
[GC pause (G1 Evacuation Pause) (young) 54M->27M(64M), 0.0018199 secs]
Application time: 0.0550975 seconds
[GC pause (G1 Evacuation Pause) (young) 54M->27M(64M), 0.0018025 secs]
Application time: 0.0522282 seconds
[GC pause (G1 Evacuation Pause) (young) 54M->27M(64M), 0.0019643 secs]
Application time: 0.0503577 seconds
[GC pause (G1 Evacuation Pause) (young) 54M->28M(64M), 0.0019271 secs]
Application time: 0.0415477 seconds
[GC pause (G1 Evacuation Pause) (young) 53M->27M(64M), 0.0018720 secs]
Application time: 0.0366167 seconds
[GC pause (G1 Evacuation Pause) (young) 54M->27M(64M), 0.0017719 secs]
Application time: 0.0521988 seconds
[GC pause (G1 Evacuation Pause) (young) 54M->27M(64M), 0.0020453 secs]
Application time: 0.0513660 seconds
[GC pause (G1 Evacuation Pause) (young) 54M->28M(64M), 0.0023925 secs]
Application time: 0.0635231 seconds
[GC pause (G1 Evacuation Pause) (young) 53M->28M(64M), 0.0019080 secs]
Application time: 0.0435938 seconds
[GC pause (G1 Evacuation Pause) (young) 54M->28M(64M), 0.0017419 secs]
Application time: 0.0522365 seconds
[GC pause (G1 Evacuation Pause) (young) 54M->28M(64M), 0.0014558 secs]
Application time: 0.0260287 seconds
[GC pause (G1 Evacuation Pause) (young) 54M->28M(64M), 0.0014101 secs]
Application time: 0.0725127 seconds
[GC pause (G1 Evacuation Pause) (young) 54M->28M(64M), 0.0018222 secs]
Application time: 0.0303070 seconds
[GC pause (G1 Evacuation Pause) (young) 54M->28M(64M), 0.0017516 secs]
Application time: 0.0541975 seconds
[GC pause (G1 Evacuation Pause) (young) 54M->29M(64M), 0.0022047 secs]
Application time: 0.0356212 seconds
[GC pause (G1 Evacuation Pause) (young) 53M->28M(64M), 0.0017406 secs]
Application time: 0.0534969 seconds
[GC pause (G1 Evacuation Pause) (young) 54M->28M(64M), 0.0019138 secs]
Application time: 0.0338300 seconds
[GC pause (G1 Evacuation Pause) (young) 54M->28M(64M), 0.0019593 secs]
Application time: 0.0452537 seconds
[GC pause (G1 Evacuation Pause) (young) 54M->28M(64M), 0.0017926 secs]
Application time: 0.0452225 seconds
[GC pause (G1 Evacuation Pause) (young) 54M->28M(64M), 0.0018396 secs]
Application time: 0.0353760 seconds
[GC pause (G1 Evacuation Pause) (young) 54M->28M(64M), 0.0019864 secs]
Application time: 0.0474123 seconds
[GC pause (G1 Evacuation Pause) (young) 54M->30M(64M), 0.0035271 secs]
Application time: 0.0506100 seconds
[GC pause (G1 Evacuation Pause) (young) 52M->29M(64M), 0.0019575 secs]
Application time: 0.0359211 seconds
[GC pause (G1 Evacuation Pause) (young) 54M->29M(64M), 0.0017222 secs]
Application time: 0.0595197 seconds
[GC pause (G1 Evacuation Pause) (young) 54M->29M(64M), 0.0015934 secs]
Application time: 0.0358166 seconds
[GC pause (G1 Evacuation Pause) (young) 54M->29M(64M), 0.0018255 secs]
Application time: 0.0512822 seconds
[GC pause (G1 Evacuation Pause) (young) 54M->29M(64M), 0.0018439 secs]
Application time: 0.0349545 seconds
[GC pause (G1 Evacuation Pause) (young) 54M->29M(64M), 0.0018304 secs]
Application time: 0.0448650 seconds
[GC pause (G1 Evacuation Pause) (young) 54M->29M(64M), 0.0029822 secs]
Application time: 0.0432254 seconds
[GC pause (G1 Evacuation Pause) (young) 54M->29M(64M), 0.0017563 secs]
Application time: 0.0334046 seconds
[GC pause (G1 Evacuation Pause) (young) 54M->29M(64M), 0.0019170 secs]
Application time: 0.0509964 seconds
[GC pause (G1 Evacuation Pause) (young) 54M->29M(64M), 0.0019091 secs]
Application time: 0.0465553 seconds
[GC pause (G1 Evacuation Pause) (young) 54M->29M(64M), 0.0018661 secs]
Application time: 0.0360125 seconds
[GC pause (G1 Evacuation Pause) (young) 54M->30M(64M), 0.0019348 secs]
Application time: 0.0359339 seconds
[GC pause (G1 Evacuation Pause) (young) 53M->29M(64M), 0.0018026 secs]
Application time: 0.0523605 seconds
[GC pause (G1 Evacuation Pause) (young) 54M->29M(64M), 0.0018540 secs]
Application time: 0.0314542 seconds
[GC pause (G1 Evacuation Pause) (young) 54M->29M(64M), 0.0018772 secs]
Application time: 0.0549011 seconds
[GC pause (G1 Evacuation Pause) (young) 54M->32M(64M), 0.0035357 secs]
Application time: 0.0320672 seconds
[GC pause (G1 Evacuation Pause) (young) (initial-mark) 52M->31M(64M), 0.0037944 secs]
[GC concurrent-root-region-scan-start]
[GC concurrent-root-region-scan-end, 0.0004024 secs]
[GC concurrent-mark-start]
[GC concurrent-mark-end, 0.0170671 secs]
Application time: 0.0175194 seconds
[GC remark, 0.0062507 secs]
Application time: 0.0000464 seconds
[GC cleanup 39M->36M(64M), 0.0002907 secs]
[GC concurrent-cleanup-start]
[GC concurrent-cleanup-end, 0.0000241 secs]
Application time: 0.0485061 seconds
[GC pause (G1 Evacuation Pause) (young) 50M->27M(64M), 0.0027490 secs]
Application time: 0.0046234 seconds
[GC pause (G1 Evacuation Pause) (mixed) 29M->21M(64M), 0.0016019 secs]
Application time: 0.0043463 seconds
[GC pause (G1 Evacuation Pause) (mixed) 23M->14M(64M), 0.0013056 secs]
Application time: 0.0043901 seconds
[GC pause (G1 Evacuation Pause) (mixed) 16M->11M(64M), 0.0019295 secs]
Application time: 0.0632717 seconds
[GC pause (G1 Evacuation Pause) (young) 48M->11M(64M), 0.0018229 secs]
Application time: 0.0742960 seconds
[GC pause (G1 Evacuation Pause) (young) 47M->12M(64M), 0.0017504 secs]
Application time: 0.0563061 seconds
[GC pause (G1 Evacuation Pause) (young) 48M->12M(64M), 0.0018648 secs]
Application time: 0.0771556 seconds
[GC pause (G1 Evacuation Pause) (young) 48M->12M(64M), 0.0026389 secs]
Application time: 0.0715723 seconds
[GC pause (G1 Evacuation Pause) (young) 48M->12M(64M), 0.0023243 secs]
Application time: 0.0648402 seconds
[GC pause (G1 Evacuation Pause) (young) 48M->13M(64M), 0.0023991 secs]
Application time: 0.0548448 seconds
[GC pause (G1 Evacuation Pause) (young) 48M->12M(64M), 0.0024062 secs]
Application time: 0.0702582 seconds
[GC pause (G1 Evacuation Pause) (young) 47M->12M(64M), 0.0023677 secs]
Application time: 0.0666122 seconds
[GC pause (G1 Evacuation Pause) (young) 48M->12M(64M), 0.0026190 secs]
Application time: 0.0505062 seconds
[GC pause (G1 Evacuation Pause) (young) 47M->12M(64M), 0.0023679 secs]
Application time: 0.0685747 seconds
[GC pause (G1 Evacuation Pause) (young) 48M->12M(64M), 0.0024628 secs]
Application time: 0.0534474 seconds
[GC pause (G1 Evacuation Pause) (young) 48M->12M(64M), 0.0022655 secs]
Application time: 0.0678320 seconds
[GC pause (G1 Evacuation Pause) (young) 48M->12M(64M), 0.0021844 secs]
Application time: 0.0612496 seconds
[GC pause (G1 Evacuation Pause) (young) 47M->12M(64M), 0.0022752 secs]
Application time: 0.0617535 seconds
[GC pause (G1 Evacuation Pause) (young) 48M->13M(64M), 0.0023985 secs]
Application time: 0.0657631 seconds
[GC pause (G1 Evacuation Pause) (young) 48M->12M(64M), 0.0022961 secs]
Application time: 0.0520091 seconds
[GC pause (G1 Evacuation Pause) (young) 48M->12M(64M), 0.0020384 secs]
Application time: 0.0669747 seconds
[GC pause (G1 Evacuation Pause) (young) 48M->12M(64M), 0.0021818 secs]
Application time: 0.0527744 seconds
[GC pause (G1 Evacuation Pause) (young) 48M->12M(64M), 0.0024418 secs]
Application time: 0.0685848 seconds
[GC pause (G1 Evacuation Pause) (young) 47M->12M(64M), 0.0021132 secs]
Application time: 0.0756775 seconds
[GC pause (G1 Evacuation Pause) (young) 48M->12M(64M), 0.0021729 secs]
Application time: 0.0499541 seconds
[GC pause (G1 Evacuation Pause) (young) 48M->12M(64M), 0.0025441 secs]
Application time: 0.0521983 seconds
[GC pause (G1 Evacuation Pause) (young) 47M->12M(64M), 0.0021535 secs]
Application time: 0.0714031 seconds
[GC pause (G1 Evacuation Pause) (young) 47M->12M(64M), 0.0022215 secs]
Application time: 0.0631450 seconds
[GC pause (G1 Evacuation Pause) (young) 47M->12M(64M), 0.0022121 secs]
Application time: 0.0572927 seconds
[GC pause (G1 Evacuation Pause) (young) 48M->12M(64M), 0.0020875 secs]
Application time: 0.0613239 seconds
[GC pause (G1 Evacuation Pause) (young) 48M->14M(64M), 0.0044210 secs]
Application time: 0.0566698 seconds
[GC pause (G1 Evacuation Pause) (young) 47M->12M(64M), 0.0025495 secs]
Application time: 0.0893003 seconds
[GC pause (G1 Evacuation Pause) (young) 49M->13M(64M), 0.0020012 secs]
Application time: 0.0737314 seconds
[GC pause (G1 Evacuation Pause) (young) 49M->13M(64M), 0.0017856 secs]
Application time: 0.0501776 seconds
[GC pause (G1 Evacuation Pause) (young) 49M->14M(64M), 0.0019683 secs]
Application time: 0.0687361 seconds
[GC pause (G1 Evacuation Pause) (young) 49M->14M(64M), 0.0019912 secs]
Application time: 0.0581070 seconds
[GC pause (G1 Evacuation Pause) (young) 49M->14M(64M), 0.0021747 secs]
Application time: 0.0458608 seconds
Application time: 0.0404442 seconds
[GC pause (G1 Evacuation Pause) (young) 49M->14M(64M), 0.0024975 secs]
Application time: 0.1458252 seconds
[GC pause (G1 Evacuation Pause) (young) 49M->14M(64M), 0.0022884 secs]
Application time: 0.1064961 seconds
[GC pause (G1 Evacuation Pause) (young) 49M->13M(64M), 0.0021377 secs]
Warmup (60s) ends:   Wed May 16 02:15:09 GMT 2018
Warmup (60s) result: 109.27 ops/m

Iteration 1 (120s) begins: Wed May 16 02:15:09 GMT 2018
Application time: 0.1449665 seconds
Application time: 0.0000602 seconds
[GC pause (G1 Evacuation Pause) (young) 49M->14M(64M), 0.0028042 secs]
Application time: 0.0001555 seconds
Application time: 0.0079808 seconds
Application time: 0.0079854 seconds
Application time: 0.0854547 seconds
[GC pause (G1 Evacuation Pause) (young) 49M->14M(64M), 0.0022639 secs]
Application time: 0.0570433 seconds
[GC pause (G1 Evacuation Pause) (young) 49M->14M(64M), 0.0024194 secs]
Application time: 0.1471334 seconds
[GC pause (G1 Evacuation Pause) (young) 49M->14M(64M), 0.0024600 secs]
Application time: 0.0072847 seconds
Application time: 0.0081921 seconds
Application time: 0.1146255 seconds
[GC pause (G1 Evacuation Pause) (young) 49M->14M(64M), 0.0025406 secs]
Application time: 0.0796546 seconds
[GC pause (G1 Evacuation Pause) (young) 49M->14M(64M), 0.0024140 secs]
Application time: 0.0555576 seconds
[GC pause (G1 Evacuation Pause) (young) 49M->14M(64M), 0.0025460 secs]
Application time: 0.0563884 seconds
[GC pause (G1 Evacuation Pause) (young) 49M->14M(64M), 0.0024452 secs]
Application time: 0.0900773 seconds
[GC pause (G1 Evacuation Pause) (young) 49M->14M(64M), 0.0024501 secs]
Application time: 0.0697865 seconds
[GC pause (G1 Evacuation Pause) (young) 49M->14M(64M), 0.0024188 secs]
Application time: 0.0627292 seconds
[GC pause (G1 Evacuation Pause) (young) 49M->14M(64M), 0.0022972 secs]
Application time: 0.0669156 seconds
[GC pause (G1 Evacuation Pause) (young) 49M->14M(64M), 0.0025321 secs]
Application time: 0.0555463 seconds
[GC pause (G1 Evacuation Pause) (young) 49M->14M(64M), 0.0025796 secs]
Application time: 0.0909936 seconds
[GC pause (G1 Evacuation Pause) (young) 49M->14M(64M), 0.0023053 secs]
Application time: 0.0795147 seconds
[GC pause (G1 Evacuation Pause) (young) 49M->14M(64M), 0.0024263 secs]
Application time: 0.0706185 seconds
[GC pause (G1 Evacuation Pause) (young) 49M->15M(64M), 0.0025315 secs]
Application time: 0.0636723 seconds
[GC pause (G1 Evacuation Pause) (young) 50M->14M(64M), 0.0024492 secs]
Application time: 0.0574780 seconds
[GC pause (G1 Evacuation Pause) (young) 49M->14M(64M), 0.0020936 secs]
Application time: 0.0682932 seconds
[GC pause (G1 Evacuation Pause) (young) 49M->14M(64M), 0.0022852 secs]
Application time: 0.0482451 seconds
[GC pause (G1 Evacuation Pause) (young) 49M->14M(64M), 0.0021287 secs]
Application time: 0.0818934 seconds
[GC pause (G1 Evacuation Pause) (young) 49M->15M(64M), 0.0019670 secs]
Application time: 0.0906123 seconds
[GC pause (G1 Evacuation Pause) (young) 50M->14M(64M), 0.0020472 secs]
Application time: 0.0501062 seconds
[GC pause (G1 Evacuation Pause) (young) 50M->15M(64M), 0.0020402 secs]
Application time: 0.0559999 seconds
[GC pause (G1 Evacuation Pause) (young) 50M->17M(64M), 0.0036894 secs]
Application time: 0.0591974 seconds
[GC pause (G1 Evacuation Pause) (young) 50M->17M(64M), 0.0038646 secs]
Application time: 0.0762613 seconds
[GC pause (G1 Evacuation Pause) (young) 51M->15M(64M), 0.0020110 secs]
Application time: 0.0707931 seconds
[GC pause (G1 Evacuation Pause) (young) 52M->15M(64M), 0.0015018 secs]
Application time: 0.0623686 seconds
[GC pause (G1 Evacuation Pause) (young) 52M->15M(64M), 0.0016063 secs]
Application time: 0.0807203 seconds
[GC pause (G1 Evacuation Pause) (young) 51M->16M(64M), 0.0018348 secs]
Application time: 0.0812401 seconds
[GC pause (G1 Evacuation Pause) (young) 51M->17M(64M), 0.0021718 secs]
Application time: 0.0683362 seconds
[GC pause (G1 Evacuation Pause) (young) 52M->16M(64M), 0.0022060 secs]
Application time: 0.0582074 seconds
[GC pause (G1 Evacuation Pause) (young) 52M->16M(64M), 0.0019837 secs]
Application time: 0.0672859 seconds
[GC pause (G1 Evacuation Pause) (young) 52M->17M(64M), 0.0022009 secs]
Application time: 0.0467135 seconds
[GC pause (G1 Evacuation Pause) (young) 52M->16M(64M), 0.0022145 secs]
Application time: 0.0789560 seconds
[GC pause (G1 Evacuation Pause) (young) 51M->16M(64M), 0.0019342 secs]
Application time: 0.0845145 seconds
[GC pause (G1 Evacuation Pause) (young) 52M->16M(64M), 0.0020522 secs]
Application time: 0.0447455 seconds
[GC pause (G1 Evacuation Pause) (young) 51M->16M(64M), 0.0020746 secs]
Application time: 0.0659911 seconds
[GC pause (G1 Evacuation Pause) (young) 52M->16M(64M), 0.0019473 secs]
Application time: 0.0681961 seconds
[GC pause (G1 Evacuation Pause) (young) 51M->17M(64M), 0.0022422 secs]
Application time: 0.0658711 seconds
[GC pause (G1 Evacuation Pause) (young) 52M->16M(64M), 0.0020228 secs]
Application time: 0.0744251 seconds
[GC pause (G1 Evacuation Pause) (young) 52M->16M(64M), 0.0019785 secs]
Application time: 0.0547074 seconds
[GC pause (G1 Evacuation Pause) (young) 51M->16M(64M), 0.0019704 secs]
Application time: 0.0520125 seconds
[GC pause (G1 Evacuation Pause) (young) 52M->16M(64M), 0.0018246 secs]
Application time: 0.0784014 seconds
[GC pause (G1 Evacuation Pause) (young) 52M->16M(64M), 0.0019564 secs]
Application time: 0.0746279 seconds
[GC pause (G1 Evacuation Pause) (young) 52M->16M(64M), 0.0021718 secs]
Application time: 0.0509524 seconds
[GC pause (G1 Evacuation Pause) (young) 52M->16M(64M), 0.0019690 secs]
Application time: 0.0658385 seconds
[GC pause (G1 Evacuation Pause) (young) 51M->17M(64M), 0.0020164 secs]
Application time: 0.0531589 seconds
[GC pause (G1 Evacuation Pause) (young) 52M->17M(64M), 0.0027412 secs]
Application time: 0.0754654 seconds
[GC pause (G1 Evacuation Pause) (young) 51M->16M(64M), 0.0020315 secs]
Application time: 0.0753946 seconds
[GC pause (G1 Evacuation Pause) (young) 52M->16M(64M), 0.0019414 secs]
Application time: 0.0496938 seconds
[GC pause (G1 Evacuation Pause) (young) 52M->16M(64M), 0.0020688 secs]
Application time: 0.0578356 seconds
[GC pause (G1 Evacuation Pause) (young) 52M->16M(64M), 0.0019036 secs]
Application time: 0.0775543 seconds
[GC pause (G1 Evacuation Pause) (young) 52M->16M(64M), 0.0020149 secs]
Application time: 0.0694584 seconds
[GC pause (G1 Evacuation Pause) (young) 52M->16M(64M), 0.0021492 secs]
Application time: 0.0623704 seconds
[GC pause (G1 Evacuation Pause) (young) 52M->16M(64M), 0.0019736 secs]
Application time: 0.0611931 seconds
[GC pause (G1 Evacuation Pause) (young) 52M->18M(64M), 0.0038418 secs]
Application time: 0.0471072 seconds
[GC pause (G1 Evacuation Pause) (young) 52M->16M(64M), 0.0020495 secs]
Application time: 0.0814282 seconds
[GC pause (G1 Evacuation Pause) (young) 52M->17M(64M), 0.0019522 secs]
Application time: 0.0779109 seconds
[GC pause (G1 Evacuation Pause) (young) 53M->17M(64M), 0.0021430 secs]
Application time: 0.0439799 seconds
[GC pause (G1 Evacuation Pause) (young) 52M->17M(64M), 0.0020739 secs]
Application time: 0.0670773 seconds
[GC pause (G1 Evacuation Pause) (young) 52M->17M(64M), 0.0019376 secs]
Application time: 0.0775014 seconds
[GC pause (G1 Evacuation Pause) (young) 53M->18M(64M), 0.0021870 secs]
Application time: 0.0699220 seconds
[GC pause (G1 Evacuation Pause) (young) 53M->17M(64M), 0.0020340 secs]
Application time: 0.0725350 seconds
[GC pause (G1 Evacuation Pause) (young) 53M->17M(64M), 0.0020125 secs]
Application time: 0.0581659 seconds
[GC pause (G1 Evacuation Pause) (young) 53M->17M(64M), 0.0021208 secs]
Application time: 0.0534298 seconds
[GC pause (G1 Evacuation Pause) (young) 52M->17M(64M), 0.0020441 secs]
Application time: 0.0834064 seconds
[GC pause (G1 Evacuation Pause) (young) 53M->17M(64M), 0.0022183 secs]
Application time: 0.0726535 seconds
[GC pause (G1 Evacuation Pause) (young) 52M->17M(64M), 0.0021543 secs]
Application time: 0.0552839 seconds
[GC pause (G1 Evacuation Pause) (young) 53M->17M(64M), 0.0020286 secs]
Application time: 0.0621883 seconds
[GC pause (G1 Evacuation Pause) (young) 52M->18M(64M), 0.0021900 secs]
Application time: 0.0685562 seconds
[GC pause (G1 Evacuation Pause) (young) 53M->17M(64M), 0.0020724 secs]
Application time: 0.1106970 seconds
[GC pause (G1 Evacuation Pause) (young) 53M->17M(64M), 0.0023706 secs]
Application time: 0.0641139 seconds
[GC pause (G1 Evacuation Pause) (young) 53M->17M(64M), 0.0021995 secs]
Application time: 0.1004918 seconds
[GC pause (G1 Evacuation Pause) (young) 52M->17M(64M), 0.0025648 secs]
Application time: 0.0822501 seconds
[GC pause (G1 Evacuation Pause) (young) 52M->17M(64M), 0.0023799 secs]
Application time: 0.0567290 seconds
[GC pause (G1 Evacuation Pause) (young) 53M->17M(64M), 0.0023065 secs]
Application time: 0.0532233 seconds
[GC pause (G1 Evacuation Pause) (young) 53M->19M(64M), 0.0040061 secs]
Application time: 0.0555267 seconds
[GC pause (G1 Evacuation Pause) (young) 52M->19M(64M), 0.0042117 secs]
Application time: 0.0785206 seconds
[GC pause (G1 Evacuation Pause) (young) 52M->18M(64M), 0.0022559 secs]
Application time: 0.0768206 seconds
[GC pause (G1 Evacuation Pause) (young) 53M->18M(64M), 0.0020804 secs]
Application time: 0.0488328 seconds
[GC pause (G1 Evacuation Pause) (young) 53M->18M(64M), 0.0023338 secs]
Application time: 0.0625787 seconds
[GC pause (G1 Evacuation Pause) (young) 54M->19M(64M), 0.0024594 secs]
Application time: 0.0647489 seconds
[GC pause (G1 Evacuation Pause) (young) 51M->18M(64M), 0.0023039 secs]
Application time: 0.0772702 seconds
[GC pause (G1 Evacuation Pause) (young) 54M->18M(64M), 0.0023875 secs]
Application time: 0.0681727 seconds
[GC pause (G1 Evacuation Pause) (young) 54M->18M(64M), 0.0022717 secs]
Application time: 0.0543446 seconds
[GC pause (G1 Evacuation Pause) (young) 54M->19M(64M), 0.0025466 secs]
Application time: 0.0508765 seconds
[GC pause (G1 Evacuation Pause) (young) 53M->19M(64M), 0.0024393 secs]
Application time: 0.0735457 seconds
[GC pause (G1 Evacuation Pause) (young) 53M->19M(64M), 0.0023504 secs]
Application time: 0.0691712 seconds
[GC pause (G1 Evacuation Pause) (young) 53M->18M(64M), 0.0022990 secs]
Application time: 0.0608447 seconds
[GC pause (G1 Evacuation Pause) (young) 54M->18M(64M), 0.0023334 secs]
Application time: 0.0628045 seconds
[GC pause (G1 Evacuation Pause) (young) 54M->20M(64M), 0.0041943 secs]
Application time: 0.0437585 seconds
[GC pause (G1 Evacuation Pause) (young) 52M->19M(64M), 0.0022392 secs]
Application time: 0.0790726 seconds
[GC pause (G1 Evacuation Pause) (young) 53M->19M(64M), 0.0022171 secs]
Application time: 0.0742612 seconds
[GC pause (G1 Evacuation Pause) (young) 54M->19M(64M), 0.0021026 secs]
Application time: 0.0476277 seconds
[GC pause (G1 Evacuation Pause) (young) 54M->19M(64M), 0.0022504 secs]
Application time: 0.0629063 seconds
[GC pause (G1 Evacuation Pause) (young) 54M->20M(64M), 0.0022842 secs]
Application time: 0.0503309 seconds
[GC pause (G1 Evacuation Pause) (young) 53M->21M(64M), 0.0036323 secs]
Application time: 0.0715375 seconds
[GC pause (G1 Evacuation Pause) (young) 52M->19M(64M), 0.0022741 secs]
Application time: 0.0725325 seconds
[GC pause (G1 Evacuation Pause) (young) 53M->20M(64M), 0.0022592 secs]
Application time: 0.0472189 seconds
[GC pause (G1 Evacuation Pause) (young) 54M->20M(64M), 0.0021979 secs]
Application time: 0.0612948 seconds
[GC pause (G1 Evacuation Pause) (young) 54M->20M(64M), 0.0023427 secs]
Application time: 0.0645747 seconds
[GC pause (G1 Evacuation Pause) (young) 52M->21M(64M), 0.0031531 secs]
Application time: 0.0701485 seconds
[GC pause (G1 Evacuation Pause) (young) 53M->20M(64M), 0.0024027 secs]
Application time: 0.0710973 seconds
[GC pause (G1 Evacuation Pause) (young) 54M->20M(64M), 0.0023819 secs]
Application time: 0.0422749 seconds
[GC pause (G1 Evacuation Pause) (young) 54M->20M(64M), 0.0022572 secs]
Application time: 0.0625958 seconds
[GC pause (G1 Evacuation Pause) (young) 54M->21M(64M), 0.0023959 secs]
Application time: 0.0533082 seconds
[GC pause (G1 Evacuation Pause) (young) 53M->22M(64M), 0.0041545 secs]
Application time: 0.0673494 seconds
[GC pause (G1 Evacuation Pause) (young) 52M->21M(64M), 0.0023814 secs]
Application time: 0.0693799 seconds
[GC pause (G1 Evacuation Pause) (young) 54M->21M(64M), 0.0023494 secs]
Application time: 0.0438505 seconds
[GC pause (G1 Evacuation Pause) (young) 54M->21M(64M), 0.0022172 secs]
Application time: 0.0643574 seconds
[GC pause (G1 Evacuation Pause) (young) 54M->22M(64M), 0.0022080 secs]
Application time: 0.0446624 seconds
[GC pause (G1 Evacuation Pause) (young) 53M->21M(64M), 0.0022198 secs]
Application time: 0.0743839 seconds
[GC pause (G1 Evacuation Pause) (young) 54M->21M(64M), 0.0024556 secs]
Application time: 0.0717708 seconds
[GC pause (G1 Evacuation Pause) (young) 54M->21M(64M), 0.0022850 secs]
Application time: 0.0417872 seconds
[GC pause (G1 Evacuation Pause) (young) 54M->21M(64M), 0.0022759 secs]
Application time: 0.0723898 seconds
[GC pause (G1 Evacuation Pause) (young) 54M->22M(64M), 0.0024681 secs]
Application time: 0.0415731 seconds
[GC pause (G1 Evacuation Pause) (young) 53M->21M(64M), 0.0024304 secs]
Application time: 0.0747598 seconds
[GC pause (G1 Evacuation Pause) (young) 54M->21M(64M), 0.0025347 secs]
Application time: 0.0773689 seconds
[GC pause (G1 Evacuation Pause) (young) 54M->22M(64M), 0.0025379 secs]
Application time: 0.0366450 seconds
[GC pause (G1 Evacuation Pause) (young) 53M->22M(64M), 0.0026599 secs]
Application time: 0.0654578 seconds
[GC pause (G1 Evacuation Pause) (young) 53M->21M(64M), 0.0023920 secs]
Application time: 0.0439286 seconds
[GC pause (G1 Evacuation Pause) (young) 54M->21M(64M), 0.0024705 secs]
Application time: 0.0779476 seconds
[GC pause (G1 Evacuation Pause) (young) 54M->21M(64M), 0.0023394 secs]
Application time: 0.0712633 seconds
[GC pause (G1 Evacuation Pause) (young) 54M->21M(64M), 0.0023848 secs]
Application time: 0.0406941 seconds
[GC pause (G1 Evacuation Pause) (young) 54M->21M(64M), 0.0022212 secs]
Application time: 0.0678872 seconds
[GC pause (G1 Evacuation Pause) (young) 54M->22M(64M), 0.0023803 secs]
Application time: 0.0407070 seconds
[GC pause (G1 Evacuation Pause) (young) 53M->21M(64M), 0.0025297 secs]
Application time: 0.0746190 seconds
[GC pause (G1 Evacuation Pause) (young) 54M->22M(64M), 0.0025227 secs]
Application time: 0.0657592 seconds
[GC pause (G1 Evacuation Pause) (young) 53M->21M(64M), 0.0024400 secs]
Application time: 0.0474886 seconds
[GC pause (G1 Evacuation Pause) (young) 54M->22M(64M), 0.0022739 secs]
Application time: 0.0638756 seconds
[GC pause (G1 Evacuation Pause) (young) 53M->21M(64M), 0.0023552 secs]
Application time: 0.0446916 seconds
[GC pause (G1 Evacuation Pause) (young) 54M->21M(64M), 0.0022785 secs]
Application time: 0.0735414 seconds
[GC pause (G1 Evacuation Pause) (young) 54M->22M(64M), 0.0026055 secs]
Application time: 0.0661326 seconds
[GC pause (G1 Evacuation Pause) (young) 53M->21M(64M), 0.0023171 secs]
Application time: 0.0509376 seconds
[GC pause (G1 Evacuation Pause) (young) 54M->21M(64M), 0.0023332 secs]
Application time: 0.0655739 seconds
[GC pause (G1 Evacuation Pause) (young) 54M->22M(64M), 0.0025225 secs]
Application time: 0.0414542 seconds
[GC pause (G1 Evacuation Pause) (young) 53M->21M(64M), 0.0025391 secs]
Application time: 0.0746706 seconds
[GC pause (G1 Evacuation Pause) (young) 54M->21M(64M), 0.0023635 secs]
Application time: 0.0649139 seconds
[GC pause (G1 Evacuation Pause) (young) 54M->22M(64M), 0.0025394 secs]
Application time: 0.0512515 seconds
[GC pause (G1 Evacuation Pause) (young) 53M->21M(64M), 0.0023143 secs]
Application time: 0.0640614 seconds
[GC pause (G1 Evacuation Pause) (young) 54M->22M(64M), 0.0025351 secs]
Application time: 0.0435059 seconds
[GC pause (G1 Evacuation Pause) (young) 53M->21M(64M), 0.0023394 secs]
Application time: 0.0730562 seconds
[GC pause (G1 Evacuation Pause) (young) 54M->21M(64M), 0.0023038 secs]
Application time: 0.0610303 seconds
[GC pause (G1 Evacuation Pause) (young) 54M->21M(64M), 0.0023973 secs]
Application time: 0.0525161 seconds
[GC pause (G1 Evacuation Pause) (young) 54M->22M(64M), 0.0023088 secs]
Application time: 0.0608561 seconds
[GC pause (G1 Evacuation Pause) (young) 53M->22M(64M), 0.0022978 secs]
Application time: 0.0426784 seconds
[GC pause (G1 Evacuation Pause) (young) 53M->21M(64M), 0.0020942 secs]
Application time: 0.0731754 seconds
[GC pause (G1 Evacuation Pause) (young) 54M->21M(64M), 0.0023128 secs]
Application time: 0.0580588 seconds
[GC pause (G1 Evacuation Pause) (young) 54M->21M(64M), 0.0022669 secs]
Application time: 0.0577410 seconds
[GC pause (G1 Evacuation Pause) (young) 54M->21M(64M), 0.0020712 secs]
Application time: 0.0683699 seconds
[GC pause (G1 Evacuation Pause) (young) 54M->24M(64M), 0.0045134 secs]
Application time: 0.0405848 seconds
[GC pause (G1 Evacuation Pause) (young) 51M->21M(64M), 0.0020680 secs]
Application time: 0.0667795 seconds
[GC pause (G1 Evacuation Pause) (young) 54M->22M(64M), 0.0022942 secs]
Application time: 0.0564297 seconds
[GC pause (G1 Evacuation Pause) (young) 54M->22M(64M), 0.0022743 secs]
Application time: 0.0666976 seconds
[GC pause (G1 Evacuation Pause) (young) 54M->22M(64M), 0.0019268 secs]
Application time: 0.0435971 seconds
[GC pause (G1 Evacuation Pause) (young) 54M->22M(64M), 0.0021486 secs]
Application time: 0.0694965 seconds
[GC pause (G1 Evacuation Pause) (young) 54M->22M(64M), 0.0021595 secs]
Application time: 0.0596647 seconds
[GC pause (G1 Evacuation Pause) (young) 54M->24M(64M), 0.0044278 secs]
Application time: 0.0542287 seconds
[GC pause (G1 Evacuation Pause) (young) 52M->23M(64M), 0.0024014 secs]
Application time: 0.0670408 seconds
[GC pause (G1 Evacuation Pause) (young) 53M->23M(64M), 0.0018786 secs]
Application time: 0.0361355 seconds
[GC pause (G1 Evacuation Pause) (young) 54M->23M(64M), 0.0017643 secs]
Application time: 0.0638091 seconds
[GC pause (G1 Evacuation Pause) (young) 54M->23M(64M), 0.0018455 secs]
Application time: 0.0406596 seconds
[GC pause (G1 Evacuation Pause) (young) 54M->23M(64M), 0.0019499 secs]
Application time: 0.0674318 seconds
[GC pause (G1 Evacuation Pause) (young) 54M->24M(64M), 0.0022350 secs]
Application time: 0.0552476 seconds
[GC pause (G1 Evacuation Pause) (young) 53M->24M(64M), 0.0022651 secs]
Application time: 0.0410147 seconds
[GC pause (G1 Evacuation Pause) (young) 52M->24M(64M), 0.0018327 secs]
Application time: 0.0539410 seconds
[GC pause (G1 Evacuation Pause) (young) 54M->25M(64M), 0.0020621 secs]
Application time: 0.0492235 seconds
[GC pause (G1 Evacuation Pause) (young) 53M->24M(64M), 0.0021132 secs]
Application time: 0.0406916 seconds
[GC pause (G1 Evacuation Pause) (young) 52M->24M(64M), 0.0021129 secs]
Application time: 0.0535824 seconds
[GC pause (G1 Evacuation Pause) (young) 52M->24M(64M), 0.0017742 secs]
Application time: 0.0561553 seconds
[GC pause (G1 Evacuation Pause) (young) 52M->24M(64M), 0.0018560 secs]
Application time: 0.0470176 seconds
[GC pause (G1 Evacuation Pause) (young) 54M->24M(64M), 0.0020186 secs]
Application time: 0.0512172 seconds
[GC pause (G1 Evacuation Pause) (young) 52M->24M(64M), 0.0018764 secs]
Application time: 0.0603040 seconds
[GC pause (G1 Evacuation Pause) (young) 54M->24M(64M), 0.0019057 secs]
Application time: 0.0429228 seconds
[GC pause (G1 Evacuation Pause) (young) 54M->24M(64M), 0.0018624 secs]
Application time: 0.0580025 seconds
[GC pause (G1 Evacuation Pause) (young) 54M->24M(64M), 0.0019625 secs]
Application time: 0.0397213 seconds
[GC pause (G1 Evacuation Pause) (young) 52M->24M(64M), 0.0018862 secs]
Application time: 0.0627463 seconds
[GC pause (G1 Evacuation Pause) (young) 54M->24M(64M), 0.0018905 secs]
Application time: 0.0491904 seconds
[GC pause (G1 Evacuation Pause) (young) 52M->24M(64M), 0.0020381 secs]
Application time: 0.0531108 seconds
[GC pause (G1 Evacuation Pause) (young) 54M->24M(64M), 0.0019031 secs]
Application time: 0.0384754 seconds
[GC pause (G1 Evacuation Pause) (young) 52M->24M(64M), 0.0017811 secs]
Application time: 0.0570232 seconds
[GC pause (G1 Evacuation Pause) (young) 54M->24M(64M), 0.0018726 secs]
Application time: 0.0428518 seconds
[GC pause (G1 Evacuation Pause) (young) 52M->24M(64M), 0.0019368 secs]
Application time: 0.0630052 seconds
[GC pause (G1 Evacuation Pause) (young) 54M->24M(64M), 0.0019784 secs]
Application time: 0.0640578 seconds
[GC pause (G1 Evacuation Pause) (young) 54M->24M(64M), 0.0020521 secs]
Application time: 0.0422399 seconds
[GC pause (G1 Evacuation Pause) (young) 54M->24M(64M), 0.0019447 secs]
Application time: 0.0498467 seconds
[GC pause (G1 Evacuation Pause) (young) 54M->26M(64M), 0.0036377 secs]
Application time: 0.0435198 seconds
[GC pause (G1 Evacuation Pause) (young) 52M->24M(64M), 0.0022269 secs]
Application time: 0.0648324 seconds
[GC pause (G1 Evacuation Pause) (young) 53M->25M(64M), 0.0019009 secs]
Application time: 0.0541316 seconds
[GC pause (G1 Evacuation Pause) (young) 54M->25M(64M), 0.0017104 secs]
Application time: 0.0616175 seconds
[GC pause (G1 Evacuation Pause) (young) 54M->25M(64M), 0.0018407 secs]
Application time: 0.0332416 seconds
[GC pause (G1 Evacuation Pause) (young) 54M->25M(64M), 0.0019248 secs]
Application time: 0.0579086 seconds
[GC pause (G1 Evacuation Pause) (young) 54M->25M(64M), 0.0018803 secs]
Application time: 0.0364993 seconds
[GC pause (G1 Evacuation Pause) (young) 54M->25M(64M), 0.0021016 secs]
Application time: 0.0638276 seconds
[GC pause (G1 Evacuation Pause) (young) 54M->25M(64M), 0.0020128 secs]
Application time: 0.0516715 seconds
[GC pause (G1 Evacuation Pause) (young) 54M->25M(64M), 0.0021491 secs]
Application time: 0.0448911 seconds
[GC pause (G1 Evacuation Pause) (young) 54M->25M(64M), 0.0019526 secs]
Application time: 0.0443849 seconds
[GC pause (G1 Evacuation Pause) (young) 54M->27M(64M), 0.0037006 secs]
Application time: 0.0511083 seconds
[GC pause (G1 Evacuation Pause) (young) 52M->25M(64M), 0.0019925 secs]
Application time: 0.0399191 seconds
[GC pause (G1 Evacuation Pause) (young) 53M->25M(64M), 0.0016477 secs]
Application time: 0.0669558 seconds
[GC pause (G1 Evacuation Pause) (young) 53M->26M(64M), 0.0018208 secs]
Application time: 0.0486359 seconds
[GC pause (G1 Evacuation Pause) (young) 52M->26M(64M), 0.0018549 secs]
Application time: 0.0405358 seconds
[GC pause (G1 Evacuation Pause) (young) 54M->26M(64M), 0.0020509 secs]
Application time: 0.0496976 seconds
[GC pause (G1 Evacuation Pause) (young) 54M->26M(64M), 0.0019971 secs]
Application time: 0.0549056 seconds
[GC pause (G1 Evacuation Pause) (young) 52M->26M(64M), 0.0025274 secs]
Application time: 0.0469258 seconds
[GC pause (G1 Evacuation Pause) (young) 54M->26M(64M), 0.0022082 secs]
Application time: 0.0428099 seconds
[GC pause (G1 Evacuation Pause) (young) 54M->28M(64M), 0.0051718 secs]
Application time: 0.0506114 seconds
[GC pause (G1 Evacuation Pause) (young) 52M->27M(64M), 0.0022583 secs]
Application time: 0.0568792 seconds
[GC pause (G1 Evacuation Pause) (young) 54M->27M(64M), 0.0020746 secs]
Application time: 0.1099224 seconds
[GC pause (G1 Evacuation Pause) (young) 54M->27M(64M), 0.0022028 secs]
Application time: 0.0914612 seconds
[GC pause (G1 Evacuation Pause) (young) 52M->27M(64M), 0.0024634 secs]
Application time: 0.0431237 seconds
[GC pause (G1 Evacuation Pause) (young) 54M->27M(64M), 0.0021012 secs]
Application time: 0.0475279 seconds
[GC pause (G1 Evacuation Pause) (young) 54M->29M(64M), 0.0041112 secs]
Application time: 0.0437238 seconds
[GC pause (G1 Evacuation Pause) (young) 52M->28M(64M), 0.0025471 secs]
Application time: 0.0429714 seconds
[GC pause (G1 Evacuation Pause) (young) 53M->28M(64M), 0.0019884 secs]
Application time: 0.0452765 seconds
[GC pause (G1 Evacuation Pause) (young) 54M->28M(64M), 0.0022675 secs]
Application time: 0.0621534 seconds
[GC pause (G1 Evacuation Pause) (young) 54M->28M(64M), 0.0022806 secs]
Application time: 0.0598463 seconds
[GC pause (G1 Evacuation Pause) (young) 54M->28M(64M), 0.0021529 secs]
Application time: 0.0394369 seconds
[GC pause (G1 Evacuation Pause) (young) 54M->28M(64M), 0.0023580 secs]
Application time: 0.0460270 seconds
[GC pause (G1 Evacuation Pause) (young) 54M->28M(64M), 0.0022529 secs]
Application time: 0.0553343 seconds
[GC pause (G1 Evacuation Pause) (young) 54M->28M(64M), 0.0021912 secs]
Application time: 0.0361375 seconds
[GC pause (G1 Evacuation Pause) (young) 54M->28M(64M), 0.0021789 secs]
Application time: 0.0436384 seconds
[GC pause (G1 Evacuation Pause) (young) 54M->30M(64M), 0.0041320 secs]
Application time: 0.0416273 seconds
[GC pause (G1 Evacuation Pause) (young) 52M->29M(64M), 0.0022668 secs]
Application time: 0.0310996 seconds
[GC pause (G1 Evacuation Pause) (young) 53M->29M(64M), 0.0019388 secs]
Application time: 0.0568647 seconds
[GC pause (G1 Evacuation Pause) (young) 54M->29M(64M), 0.0022465 secs]
Application time: 0.0396509 seconds
[GC pause (G1 Evacuation Pause) (young) 54M->29M(64M), 0.0022381 secs]
Application time: 0.0552999 seconds
[GC pause (G1 Evacuation Pause) (young) 54M->29M(64M), 0.0020703 secs]
Application time: 0.0256815 seconds
[GC pause (G1 Evacuation Pause) (young) 54M->29M(64M), 0.0020944 secs]
Application time: 0.0492077 seconds
[GC pause (G1 Evacuation Pause) (young) 54M->31M(64M), 0.0056941 secs]
Application time: 0.0269022 seconds
[GC pause (G1 Evacuation Pause) (young) 52M->29M(64M), 0.0021539 secs]
Application time: 0.0394589 seconds
[GC pause (G1 Evacuation Pause) (young) (initial-mark) 53M->30M(64M), 0.0023000 secs]
[GC concurrent-root-region-scan-start]
[GC concurrent-root-region-scan-end, 0.0007968 secs]
[GC concurrent-mark-start]
[GC concurrent-mark-end, 0.0111635 secs]
Application time: 0.0119764 seconds
[GC remark, 0.0093280 secs]
Application time: 0.0029070 seconds
[GC cleanup 34M->30M(64M), 0.0003754 secs]
[GC concurrent-cleanup-start]
[GC concurrent-cleanup-end, 0.0000168 secs]
Application time: 0.0466262 seconds
[GC pause (G1 Evacuation Pause) (young) 50M->26M(64M), 0.0032495 secs]
Application time: 0.0017682 seconds
[GC pause (G1 Evacuation Pause) (mixed) 27M->19M(64M), 0.0024616 secs]
Application time: 0.0032680 seconds
[GC pause (G1 Evacuation Pause) (mixed) 21M->12M(64M), 0.0019762 secs]
Application time: 0.0042313 seconds
[GC pause (G1 Evacuation Pause) (mixed) 14M->11M(64M), 0.0018653 secs]
Application time: 0.0761062 seconds
[GC pause (G1 Evacuation Pause) (young) 48M->11M(64M), 0.0018303 secs]
Application time: 0.0447001 seconds
[GC pause (G1 Evacuation Pause) (young) 48M->11M(64M), 0.0018643 secs]
Application time: 0.0660714 seconds
[GC pause (G1 Evacuation Pause) (young) 48M->12M(64M), 0.0018834 secs]
Application time: 0.0856120 seconds
[GC pause (G1 Evacuation Pause) (young) 48M->14M(64M), 0.0039556 secs]
Application time: 0.0589149 seconds
[GC pause (G1 Evacuation Pause) (young) 48M->13M(64M), 0.0023298 secs]
Application time: 0.0613840 seconds
[GC pause (G1 Evacuation Pause) (young) 49M->13M(64M), 0.0021451 secs]
Application time: 0.0678406 seconds
[GC pause (G1 Evacuation Pause) (young) 49M->14M(64M), 0.0022246 secs]
Application time: 0.0450054 seconds
[GC pause (G1 Evacuation Pause) (young) 49M->14M(64M), 0.0023182 secs]
Application time: 0.0875342 seconds
[GC pause (G1 Evacuation Pause) (young) 49M->14M(64M), 0.0024401 secs]
Application time: 0.0707098 seconds
[GC pause (G1 Evacuation Pause) (young) 49M->14M(64M), 0.0024650 secs]
Application time: 0.0431846 seconds
[GC pause (G1 Evacuation Pause) (young) 49M->14M(64M), 0.0024009 secs]
Application time: 0.0769718 seconds
[GC pause (G1 Evacuation Pause) (young) 49M->14M(64M), 0.0024862 secs]
Application time: 0.0511513 seconds
[GC pause (G1 Evacuation Pause) (young) 49M->14M(64M), 0.0024857 secs]
Application time: 0.0709810 seconds
[GC pause (G1 Evacuation Pause) (young) 49M->14M(64M), 0.0025273 secs]
Application time: 0.0767592 seconds
[GC pause (G1 Evacuation Pause) (young) 49M->14M(64M), 0.0020227 secs]
Application time: 0.0488266 seconds
[GC pause (G1 Evacuation Pause) (young) 49M->14M(64M), 0.0021067 secs]
Application time: 0.0554595 seconds
[GC pause (G1 Evacuation Pause) (young) 49M->14M(64M), 0.0021551 secs]
Application time: 0.0674073 seconds
[GC pause (G1 Evacuation Pause) (young) 49M->14M(64M), 0.0022658 secs]
Application time: 0.0686543 seconds
[GC pause (G1 Evacuation Pause) (young) 49M->14M(64M), 0.0022445 secs]
Application time: 0.0643258 seconds
[GC pause (G1 Evacuation Pause) (young) 49M->14M(64M), 0.0023292 secs]
Application time: 0.0479681 seconds
[GC pause (G1 Evacuation Pause) (young) 49M->14M(64M), 0.0019914 secs]
Application time: 0.0560827 seconds
[GC pause (G1 Evacuation Pause) (young) 49M->15M(64M), 0.0022789 secs]
Application time: 0.0693814 seconds
[GC pause (G1 Evacuation Pause) (young) 50M->14M(64M), 0.0017994 secs]
Application time: 0.0710392 seconds
[GC pause (G1 Evacuation Pause) (young) 50M->14M(64M), 0.0021408 secs]
Application time: 0.0613065 seconds
[GC pause (G1 Evacuation Pause) (young) 50M->14M(64M), 0.0019405 secs]
Application time: 0.0345443 seconds
[GC pause (G1 Evacuation Pause) (young) 50M->14M(64M), 0.0018540 secs]
Application time: 0.0667890 seconds
[GC pause (G1 Evacuation Pause) (young) 50M->14M(64M), 0.0020135 secs]
Application time: 0.0739791 seconds
[GC pause (G1 Evacuation Pause) (young) 49M->14M(64M), 0.0017842 secs]
Application time: 0.0572853 seconds
[GC pause (G1 Evacuation Pause) (young) 50M->14M(64M), 0.0025596 secs]
Application time: 0.0516823 seconds
[GC pause (G1 Evacuation Pause) (young) 49M->14M(64M), 0.0024463 secs]
Application time: 0.0467736 seconds
[GC pause (G1 Evacuation Pause) (young) 49M->16M(64M), 0.0038968 secs]
Application time: 0.0750379 seconds
[GC pause (G1 Evacuation Pause) (young) 50M->14M(64M), 0.0025740 secs]
Application time: 0.0800728 seconds
[GC pause (G1 Evacuation Pause) (young) 50M->14M(64M), 0.0023462 secs]
Application time: 0.0632163 seconds
[GC pause (G1 Evacuation Pause) (young) 50M->14M(64M), 0.0022206 secs]
Application time: 0.0454082 seconds
[GC pause (G1 Evacuation Pause) (young) 50M->14M(64M), 0.0022774 secs]
Application time: 0.0623071 seconds
[GC pause (G1 Evacuation Pause) (young) 50M->15M(64M), 0.0024299 secs]
Application time: 0.0753490 seconds
[GC pause (G1 Evacuation Pause) (young) 50M->14M(64M), 0.0023602 secs]
Application time: 0.0666210 seconds
[GC pause (G1 Evacuation Pause) (young) 50M->14M(64M), 0.0022000 secs]
Application time: 0.0558595 seconds
[GC pause (G1 Evacuation Pause) (young) 50M->14M(64M), 0.0023403 secs]
Application time: 0.0460842 seconds
[GC pause (G1 Evacuation Pause) (young) 50M->16M(64M), 0.0041693 secs]
Application time: 0.0680996 seconds
[GC pause (G1 Evacuation Pause) (young) 50M->15M(64M), 0.0026291 secs]
Application time: 0.0742660 seconds
[GC pause (G1 Evacuation Pause) (young) 51M->15M(64M), 0.0022025 secs]
Application time: 0.0629181 seconds
[GC pause (G1 Evacuation Pause) (young) 51M->15M(64M), 0.0022766 secs]
Application time: 0.0510833 seconds
[GC pause (G1 Evacuation Pause) (young) 51M->15M(64M), 0.0025157 secs]
Application time: 0.0508416 seconds
[GC pause (G1 Evacuation Pause) (young) 50M->15M(64M), 0.0020046 secs]
Application time: 0.0759746 seconds
[GC pause (G1 Evacuation Pause) (young) 51M->15M(64M), 0.0022409 secs]
Application time: 0.0807449 seconds
[GC pause (G1 Evacuation Pause) (young) 51M->15M(64M), 0.0024303 secs]
Application time: 0.0499959 seconds
[GC pause (G1 Evacuation Pause) (young) 51M->15M(64M), 0.0025278 secs]
Application time: 0.0636829 seconds
[GC pause (G1 Evacuation Pause) (young) 51M->15M(64M), 0.0024613 secs]
Application time: 0.0514104 seconds
[GC pause (G1 Evacuation Pause) (young) 50M->17M(64M), 0.0041382 secs]
Application time: 0.0678672 seconds
[GC pause (G1 Evacuation Pause) (young) 51M->15M(64M), 0.0024458 secs]
Application time: 0.0721998 seconds
[GC pause (G1 Evacuation Pause) (young) 51M->15M(64M), 0.0021173 secs]
Application time: 0.0475073 seconds
[GC pause (G1 Evacuation Pause) (young) 51M->16M(64M), 0.0022509 secs]
Application time: 0.0567169 seconds
[GC pause (G1 Evacuation Pause) (young) 51M->15M(64M), 0.0021160 secs]
Application time: 0.0744394 seconds
[GC pause (G1 Evacuation Pause) (young) 51M->16M(64M), 0.0023557 secs]
Application time: 0.0663805 seconds
[GC pause (G1 Evacuation Pause) (young) 51M->15M(64M), 0.0025374 secs]
Application time: 0.0552761 seconds
[GC pause (G1 Evacuation Pause) (young) 51M->16M(64M), 0.0024256 secs]
Application time: 0.0670278 seconds
[GC pause (G1 Evacuation Pause) (young) 51M->16M(64M), 0.0025914 secs]
Application time: 0.0471225 seconds
[GC pause (G1 Evacuation Pause) (young) 51M->15M(64M), 0.0023326 secs]
Application time: 0.0728553 seconds
[GC pause (G1 Evacuation Pause) (young) 51M->15M(64M), 0.0021326 secs]
Application time: 0.0741774 seconds
[GC pause (G1 Evacuation Pause) (young) 51M->15M(64M), 0.0022721 secs]
Application time: 0.0443213 seconds
[GC pause (G1 Evacuation Pause) (young) 51M->15M(64M), 0.0022376 secs]
Application time: 0.0659310 seconds
[GC pause (G1 Evacuation Pause) (young) 51M->15M(64M), 0.0021653 secs]
Application time: 0.0727863 seconds
[GC pause (G1 Evacuation Pause) (young) 51M->16M(64M), 0.0025053 secs]
Application time: 0.0614425 seconds
[GC pause (G1 Evacuation Pause) (young) 51M->15M(64M), 0.0025321 secs]
Application time: 0.0666001 seconds
[GC pause (G1 Evacuation Pause) (young) 51M->15M(64M), 0.0024548 secs]
Application time: 0.0595911 seconds
[GC pause (G1 Evacuation Pause) (young) 51M->16M(64M), 0.0025569 secs]
Application time: 0.0479973 seconds
[GC pause (G1 Evacuation Pause) (young) 51M->15M(64M), 0.0025053 secs]
Application time: 0.0758315 seconds
[GC pause (G1 Evacuation Pause) (young) 51M->16M(64M), 0.0037115 secs]
Application time: 0.0652758 seconds
[GC pause (G1 Evacuation Pause) (young) 51M->15M(64M), 0.0031485 secs]
Application time: 0.0501682 seconds
[GC pause (G1 Evacuation Pause) (young) 51M->15M(64M), 0.0023039 secs]
Application time: 0.0670348 seconds
[GC pause (G1 Evacuation Pause) (young) 51M->16M(64M), 0.0024296 secs]
Application time: 0.0535731 seconds
[GC pause (G1 Evacuation Pause) (young) 51M->15M(64M), 0.0023638 secs]
Application time: 0.0666908 seconds
[GC pause (G1 Evacuation Pause) (young) 51M->15M(64M), 0.0024773 secs]
Application time: 0.0620840 seconds
[GC pause (G1 Evacuation Pause) (young) 51M->15M(64M), 0.0022933 secs]
Application time: 0.0697175 seconds
[GC pause (G1 Evacuation Pause) (young) 51M->16M(64M), 0.0022122 secs]
Application time: 0.0772148 seconds
[GC pause (G1 Evacuation Pause) (young) 51M->16M(64M), 0.0020478 secs]
Application time: 0.0609477 seconds
[GC pause (G1 Evacuation Pause) (young) 51M->15M(64M), 0.0019334 secs]
Application time: 0.0679857 seconds
[GC pause (G1 Evacuation Pause) (young) 51M->15M(64M), 0.0019662 secs]
Application time: 0.0553790 seconds
[GC pause (G1 Evacuation Pause) (young) 51M->15M(64M), 0.0022101 secs]
Application time: 0.0725223 seconds
[GC pause (G1 Evacuation Pause) (young) 51M->15M(64M), 0.0020828 secs]
Application time: 0.0559479 seconds
[GC pause (G1 Evacuation Pause) (young) 51M->15M(64M), 0.0020382 secs]
Application time: 0.0658250 seconds
[GC pause (G1 Evacuation Pause) (young) 51M->15M(64M), 0.0024563 secs]
Application time: 0.0742395 seconds
[GC pause (G1 Evacuation Pause) (young) 51M->15M(64M), 0.0021637 secs]
Application time: 0.0468274 seconds
[GC pause (G1 Evacuation Pause) (young) 51M->15M(64M), 0.0019545 secs]
Application time: 0.0672020 seconds
[GC pause (G1 Evacuation Pause) (young) 51M->16M(64M), 0.0053143 secs]
Application time: 0.0724425 seconds
[GC pause (G1 Evacuation Pause) (young) 51M->15M(64M), 0.0019273 secs]
Application time: 0.0633086 seconds
[GC pause (G1 Evacuation Pause) (young) 51M->16M(64M), 0.0020540 secs]
Application time: 0.0607523 seconds
[GC pause (G1 Evacuation Pause) (young) 51M->15M(64M), 0.0018804 secs]
Application time: 0.0524269 seconds
[GC pause (G1 Evacuation Pause) (young) 51M->17M(64M), 0.0035776 secs]
Application time: 0.0454589 seconds
[GC pause (G1 Evacuation Pause) (young) 51M->16M(64M), 0.0020100 secs]
Application time: 0.0766133 seconds
[GC pause (G1 Evacuation Pause) (young) 52M->16M(64M), 0.0023535 secs]
Application time: 0.0775708 seconds
[GC pause (G1 Evacuation Pause) (young) 52M->16M(64M), 0.0022178 secs]
Application time: 0.0565281 seconds
[GC pause (G1 Evacuation Pause) (young) 52M->16M(64M), 0.0024223 secs]
Application time: 0.0457167 seconds
[GC pause (G1 Evacuation Pause) (young) 52M->17M(64M), 0.0025645 secs]
Application time: 0.0662206 seconds
[GC pause (G1 Evacuation Pause) (young) 52M->17M(64M), 0.0023563 secs]
Application time: 0.0782629 seconds
[GC pause (G1 Evacuation Pause) (young) 52M->16M(64M), 0.0024280 secs]
Application time: 0.0630794 seconds
[GC pause (G1 Evacuation Pause) (young) 52M->16M(64M), 0.0023569 secs]
Application time: 0.0516042 seconds
[GC pause (G1 Evacuation Pause) (young) 52M->16M(64M), 0.0022910 secs]
Application time: 0.0494646 seconds
[GC pause (G1 Evacuation Pause) (young) 52M->19M(64M), 0.0045788 secs]
Application time: 0.0615891 seconds
[GC pause (G1 Evacuation Pause) (young) 51M->17M(64M), 0.0023688 secs]
Application time: 0.0798503 seconds
[GC pause (G1 Evacuation Pause) (young) 53M->17M(64M), 0.0022131 secs]
Application time: 0.0631767 seconds
[GC pause (G1 Evacuation Pause) (young) 53M->17M(64M), 0.0023191 secs]
Application time: 0.0384767 seconds
[GC pause (G1 Evacuation Pause) (young) 53M->17M(64M), 0.0022369 secs]
Application time: 0.0639916 seconds
[GC pause (G1 Evacuation Pause) (young) 53M->17M(64M), 0.0020743 secs]
Application time: 0.0695303 seconds
[GC pause (G1 Evacuation Pause) (young) 53M->17M(64M), 0.0021208 secs]
Application time: 0.0569473 seconds
[GC pause (G1 Evacuation Pause) (young) 53M->17M(64M), 0.0019646 secs]
Application time: 0.0585482 seconds
[GC pause (G1 Evacuation Pause) (young) 53M->17M(64M), 0.0019274 secs]
Application time: 0.0380737 seconds
[GC pause (G1 Evacuation Pause) (young) 53M->17M(64M), 0.0020616 secs]
Application time: 0.0698605 seconds
[GC pause (G1 Evacuation Pause) (young) 53M->17M(64M), 0.0021175 secs]
Application time: 0.0791609 seconds
[GC pause (G1 Evacuation Pause) (young) 53M->17M(64M), 0.0019115 secs]
Application time: 0.0609070 seconds
[GC pause (G1 Evacuation Pause) (young) 53M->17M(64M), 0.0022175 secs]
Application time: 0.0408280 seconds
[GC pause (G1 Evacuation Pause) (young) 53M->17M(64M), 0.0019940 secs]
Application time: 0.0604555 seconds
[GC pause (G1 Evacuation Pause) (young) 53M->18M(64M), 0.0022909 secs]
Application time: 0.0708346 seconds
[GC pause (G1 Evacuation Pause) (young) 53M->17M(64M), 0.0020516 secs]
Application time: 0.0639710 seconds
[GC pause (G1 Evacuation Pause) (young) 53M->17M(64M), 0.0018153 secs]
Application time: 0.0563632 seconds
[GC pause (G1 Evacuation Pause) (young) 53M->17M(64M), 0.0018949 secs]
Application time: 0.0420094 seconds
[GC pause (G1 Evacuation Pause) (young) 53M->17M(64M), 0.0022270 secs]
Application time: 0.0827875 seconds
[GC pause (G1 Evacuation Pause) (young) 52M->17M(64M), 0.0021975 secs]
Application time: 0.0786981 seconds
[GC pause (G1 Evacuation Pause) (young) 52M->17M(64M), 0.0025434 secs]
Application time: 0.0701486 seconds
[GC pause (G1 Evacuation Pause) (young) 52M->17M(64M), 0.0022995 secs]
Application time: 0.0543401 seconds
[GC pause (G1 Evacuation Pause) (young) 53M->17M(64M), 0.0022016 secs]
Application time: 0.0548150 seconds
[GC pause (G1 Evacuation Pause) (young) 53M->20M(64M), 0.0057455 secs]
Application time: 0.0649638 seconds
[GC pause (G1 Evacuation Pause) (young) 51M->18M(64M), 0.0028002 secs]
Application time: 0.0837708 seconds
[GC pause (G1 Evacuation Pause) (young) 52M->18M(64M), 0.0023630 secs]
Application time: 0.0645876 seconds
[GC pause (G1 Evacuation Pause) (young) 53M->18M(64M), 0.0021975 secs]
Application time: 0.0471604 seconds
[GC pause (G1 Evacuation Pause) (young) 53M->18M(64M), 0.0021524 secs]
Application time: 0.0590592 seconds
[GC pause (G1 Evacuation Pause) (young) 54M->19M(64M), 0.0024921 secs]
Application time: 0.0744670 seconds
[GC pause (G1 Evacuation Pause) (young) 53M->18M(64M), 0.0021666 secs]
Application time: 0.0740001 seconds
[GC pause (G1 Evacuation Pause) (young) 54M->19M(64M), 0.0025147 secs]
Application time: 0.0473711 seconds
[GC pause (G1 Evacuation Pause) (young) 53M->18M(64M), 0.0021444 secs]
Application time: 0.0583512 seconds
[GC pause (G1 Evacuation Pause) (young) 54M->19M(64M), 0.0024020 secs]
Application time: 0.0533401 seconds
[GC pause (G1 Evacuation Pause) (young) 53M->20M(64M), 0.0041877 secs]
Application time: 0.0675282 seconds
[GC pause (G1 Evacuation Pause) (young) 52M->19M(64M), 0.0024395 secs]
Application time: 0.0667949 seconds
[GC pause (G1 Evacuation Pause) (young) 53M->19M(64M), 0.0020341 secs]
Application time: 0.0413729 seconds
[GC pause (G1 Evacuation Pause) (young) 54M->19M(64M), 0.0020141 secs]
Application time: 0.0639725 seconds
[GC pause (G1 Evacuation Pause) (young) 54M->19M(64M), 0.0021638 secs]
Application time: 0.0608171 seconds
[GC pause (G1 Evacuation Pause) (young) 54M->21M(64M), 0.0042741 secs]
Application time: 0.0531624 seconds
[GC pause (G1 Evacuation Pause) (young) 52M->20M(64M), 0.0024572 secs]
Application time: 0.0685943 seconds
[GC pause (G1 Evacuation Pause) (young) 53M->20M(64M), 0.0019785 secs]
Application time: 0.0457285 seconds
[GC pause (G1 Evacuation Pause) (young) 54M->21M(64M), 0.0026664 secs]
Application time: 0.0598913 seconds
[GC pause (G1 Evacuation Pause) (young) 53M->20M(64M), 0.0021501 secs]
Application time: 0.0562395 seconds
[GC pause (G1 Evacuation Pause) (young) 54M->21M(64M), 0.0029945 secs]
Application time: 0.0531086 seconds
[GC pause (G1 Evacuation Pause) (young) 53M->21M(64M), 0.0021354 secs]
Application time: 0.0606488 seconds
[GC pause (G1 Evacuation Pause) (young) 53M->20M(64M), 0.0021298 secs]
Application time: 0.0418365 seconds
[GC pause (G1 Evacuation Pause) (young) 54M->22M(64M), 0.0039322 secs]
Application time: 0.0536378 seconds
[GC pause (G1 Evacuation Pause) (young) 52M->20M(64M), 0.0022837 secs]
Application time: 0.0457294 seconds
[GC pause (G1 Evacuation Pause) (young) 53M->20M(64M), 0.0019882 secs]
Application time: 0.0641040 seconds
[GC pause (G1 Evacuation Pause) (young) 53M->21M(64M), 0.0021773 secs]
Application time: 0.0445841 seconds
[GC pause (G1 Evacuation Pause) (young) 54M->21M(64M), 0.0020781 secs]
Application time: 0.0540289 seconds
[GC pause (G1 Evacuation Pause) (young) 54M->23M(64M), 0.0033497 secs]
Application time: 0.0634187 seconds
[GC pause (G1 Evacuation Pause) (young) 52M->21M(64M), 0.0022093 secs]
Application time: 0.0611251 seconds
[GC pause (G1 Evacuation Pause) (young) 53M->23M(64M), 0.0028618 secs]
Application time: 0.0538856 seconds
[GC pause (G1 Evacuation Pause) (young) 53M->22M(64M), 0.0021928 secs]
Application time: 0.0595245 seconds
[GC pause (G1 Evacuation Pause) (young) 54M->22M(64M), 0.0020548 secs]
Application time: 0.0343132 seconds
[GC pause (G1 Evacuation Pause) (young) 54M->22M(64M), 0.0018036 secs]
Application time: 0.0475946 seconds
[GC pause (G1 Evacuation Pause) (young) 54M->24M(64M), 0.0037051 secs]
Application time: 0.0367192 seconds
[GC pause (G1 Evacuation Pause) (young) 52M->22M(64M), 0.0022565 secs]
Application time: 0.0669371 seconds
[GC pause (G1 Evacuation Pause) (young) 53M->22M(64M), 0.0018841 secs]
Application time: 0.0555728 seconds
[GC pause (G1 Evacuation Pause) (young) 53M->22M(64M), 0.0020314 secs]
Application time: 0.0415157 seconds
[GC pause (G1 Evacuation Pause) (young) 54M->22M(64M), 0.0017972 secs]
Application time: 0.0516538 seconds
[GC pause (G1 Evacuation Pause) (young) 54M->23M(64M), 0.0023297 secs]
Application time: 0.0384876 seconds
[GC pause (G1 Evacuation Pause) (young) 53M->23M(64M), 0.0020970 secs]
Application time: 0.0590916 seconds
[GC pause (G1 Evacuation Pause) (young) 53M->23M(64M), 0.0023308 secs]
Application time: 0.0448126 seconds
[GC pause (G1 Evacuation Pause) (young) 53M->23M(64M), 0.0027018 secs]
Application time: 0.0606725 seconds
[GC pause (G1 Evacuation Pause) (young) 53M->23M(64M), 0.0022967 secs]
Application time: 0.0383784 seconds
[GC pause (G1 Evacuation Pause) (young) 53M->24M(64M), 0.0026937 secs]
Application time: 0.0482964 seconds
[GC pause (G1 Evacuation Pause) (young) 52M->23M(64M), 0.0021220 secs]
Application time: 0.0411618 seconds
[GC pause (G1 Evacuation Pause) (young) 54M->23M(64M), 0.0016933 secs]
Application time: 0.0520025 seconds
[GC pause (G1 Evacuation Pause) (young) 54M->24M(64M), 0.0023834 secs]
Application time: 0.0546360 seconds
[GC pause (G1 Evacuation Pause) (young) 53M->23M(64M), 0.0021811 secs]
Application time: 0.0446550 seconds
[GC pause (G1 Evacuation Pause) (young) 54M->23M(64M), 0.0022826 secs]
Application time: 0.0463814 seconds
[GC pause (G1 Evacuation Pause) (young) 54M->24M(64M), 0.0022133 secs]
Application time: 0.0517803 seconds
[GC pause (G1 Evacuation Pause) (young) 53M->24M(64M), 0.0021533 secs]
Application time: 0.0321314 seconds
[GC pause (G1 Evacuation Pause) (young) 53M->23M(64M), 0.0017670 secs]
Application time: 0.0546818 seconds
[GC pause (G1 Evacuation Pause) (young) 54M->24M(64M), 0.0019238 secs]
Application time: 0.0342434 seconds
[GC pause (G1 Evacuation Pause) (young) 53M->23M(64M), 0.0019173 secs]
Application time: 0.0586643 seconds
[GC pause (G1 Evacuation Pause) (young) 54M->24M(64M), 0.0020612 secs]
Application time: 0.0565021 seconds
[GC pause (G1 Evacuation Pause) (young) 53M->23M(64M), 0.0023508 secs]
Application time: 0.0419639 seconds
[GC pause (G1 Evacuation Pause) (young) 54M->23M(64M), 0.0020782 secs]
Application time: 0.0462922 seconds
[GC pause (G1 Evacuation Pause) (young) 54M->24M(64M), 0.0026457 secs]
Application time: 0.0361360 seconds
[GC pause (G1 Evacuation Pause) (young) 53M->23M(64M), 0.0020421 secs]
Application time: 0.0550258 seconds
[GC pause (G1 Evacuation Pause) (young) 53M->24M(64M), 0.0022166 secs]
Application time: 0.0557256 seconds
[GC pause (G1 Evacuation Pause) (young) 54M->24M(64M), 0.0019422 secs]
Application time: 0.0478090 seconds
[GC pause (G1 Evacuation Pause) (young) 52M->24M(64M), 0.0020412 secs]
Application time: 0.0412884 seconds
[GC pause (G1 Evacuation Pause) (young) 54M->24M(64M), 0.0019445 secs]
Application time: 0.0265377 seconds
[GC pause (G1 Evacuation Pause) (young) 52M->24M(64M), 0.0018687 secs]
Application time: 0.0506291 seconds
[GC pause (G1 Evacuation Pause) (young) 52M->25M(64M), 0.0023182 secs]
Application time: 0.0468103 seconds
[GC pause (G1 Evacuation Pause) (young) 53M->24M(64M), 0.0021304 secs]
Application time: 0.0591628 seconds
[GC pause (G1 Evacuation Pause) (young) 54M->24M(64M), 0.0023375 secs]
Application time: 0.0516033 seconds
[GC pause (G1 Evacuation Pause) (young) 54M->24M(64M), 0.0021453 secs]
Application time: 0.0325325 seconds
[GC pause (G1 Evacuation Pause) (young) 54M->24M(64M), 0.0018812 secs]
Application time: 0.0323487 seconds
[GC pause (G1 Evacuation Pause) (young) 54M->25M(64M), 0.0021322 secs]
Application time: 0.0523727 seconds
[GC pause (G1 Evacuation Pause) (young) 53M->25M(64M), 0.0021749 secs]
Application time: 0.0654651 seconds
[GC pause (G1 Evacuation Pause) (young) 53M->24M(64M), 0.0021690 secs]
Application time: 0.0431555 seconds
[GC pause (G1 Evacuation Pause) (young) 54M->24M(64M), 0.0022683 secs]
Application time: 0.0501445 seconds
[GC pause (G1 Evacuation Pause) (young) 54M->24M(64M), 0.0021012 secs]
Application time: 0.0274000 seconds
[GC pause (G1 Evacuation Pause) (young) 54M->24M(64M), 0.0020953 secs]
Application time: 0.0448303 seconds
[GC pause (G1 Evacuation Pause) (young) 54M->25M(64M), 0.0029531 secs]
Application time: 0.0491842 seconds
[GC pause (G1 Evacuation Pause) (young) 53M->24M(64M), 0.0050174 secs]
Application time: 0.0539709 seconds
[GC pause (G1 Evacuation Pause) (young) 54M->25M(64M), 0.0032446 secs]
Application time: 0.0465158 seconds
[GC pause (G1 Evacuation Pause) (young) 54M->25M(64M), 0.0032466 secs]
Application time: 0.0359165 seconds
[GC pause (G1 Evacuation Pause) (young) 54M->25M(64M), 0.0023360 secs]
Application time: 0.0407975 seconds
[GC pause (G1 Evacuation Pause) (young) 54M->26M(64M), 0.0020349 secs]
Application time: 0.0394287 seconds
[GC pause (G1 Evacuation Pause) (young) 53M->26M(64M), 0.0023910 secs]
Application time: 0.0521909 seconds
[GC pause (G1 Evacuation Pause) (young) 53M->25M(64M), 0.0021435 secs]
Application time: 0.0528190 seconds
[GC pause (G1 Evacuation Pause) (young) 54M->25M(64M), 0.0022976 secs]
Application time: 0.0458209 seconds
[GC pause (G1 Evacuation Pause) (young) 54M->26M(64M), 0.0022616 secs]
Application time: 0.0394907 seconds
[GC pause (G1 Evacuation Pause) (young) 53M->25M(64M), 0.0022293 secs]
Application time: 0.0416995 seconds
[GC pause (G1 Evacuation Pause) (young) 54M->25M(64M), 0.0022039 secs]
Application time: 0.0448024 seconds
[GC pause (G1 Evacuation Pause) (young) 54M->27M(64M), 0.0041043 secs]
Application time: 0.0492452 seconds
[GC pause (G1 Evacuation Pause) (young) 52M->25M(64M), 0.0021579 secs]
Application time: 0.0544072 seconds
[GC pause (G1 Evacuation Pause) (young) 54M->26M(64M), 0.0019700 secs]
Application time: 0.0392788 seconds
[GC pause (G1 Evacuation Pause) (young) 54M->26M(64M), 0.0019695 secs]
Application time: 0.0541289 seconds
[GC pause (G1 Evacuation Pause) (young) 54M->26M(64M), 0.0019618 secs]
Application time: 0.0463281 seconds
[GC pause (G1 Evacuation Pause) (young) 54M->26M(64M), 0.0021687 secs]
Application time: 0.0591585 seconds
[GC pause (G1 Evacuation Pause) (young) 54M->26M(64M), 0.0024431 secs]
Application time: 0.0560612 seconds
[GC pause (G1 Evacuation Pause) (young) 54M->27M(64M), 0.0024471 secs]
Application time: 0.0617505 seconds
[GC pause (G1 Evacuation Pause) (young) 53M->26M(64M), 0.0023912 secs]
Application time: 0.0368965 seconds
[GC pause (G1 Evacuation Pause) (young) 54M->26M(64M), 0.0024300 secs]
Application time: 0.0512625 seconds
[GC pause (G1 Evacuation Pause) (young) 54M->26M(64M), 0.0025339 secs]
Application time: 0.0384654 seconds
[GC pause (G1 Evacuation Pause) (young) 54M->26M(64M), 0.0021729 secs]
Application time: 0.0451052 seconds
[GC pause (G1 Evacuation Pause) (young) 54M->27M(64M), 0.0019938 secs]
Application time: 0.0395694 seconds
[GC pause (G1 Evacuation Pause) (young) 53M->26M(64M), 0.0021030 secs]
Application time: 0.0484997 seconds
[GC pause (G1 Evacuation Pause) (young) 54M->27M(64M), 0.0018886 secs]
Application time: 0.0336216 seconds
[GC pause (G1 Evacuation Pause) (young) 53M->27M(64M), 0.0021766 secs]
Application time: 0.0424509 seconds
[GC pause (G1 Evacuation Pause) (young) 53M->26M(64M), 0.0022056 secs]
Application time: 0.0549182 seconds
[GC pause (G1 Evacuation Pause) (young) 54M->26M(64M), 0.0020188 secs]
Application time: 0.0349111 seconds
[GC pause (G1 Evacuation Pause) (young) 54M->26M(64M), 0.0016121 secs]
Application time: 0.0495834 seconds
[GC pause (G1 Evacuation Pause) (young) 54M->27M(64M), 0.0021919 secs]
Application time: 0.0314145 seconds
[GC pause (G1 Evacuation Pause) (young) 53M->26M(64M), 0.0021582 secs]
Application time: 0.0491324 seconds
[GC pause (G1 Evacuation Pause) (young) 54M->28M(64M), 0.0039931 secs]
Application time: 0.0414987 seconds
[GC pause (G1 Evacuation Pause) (young) 52M->26M(64M), 0.0021887 secs]
Application time: 0.0512575 seconds
[GC pause (G1 Evacuation Pause) (young) 53M->26M(64M), 0.0019130 secs]
Application time: 0.0331848 seconds
[GC pause (G1 Evacuation Pause) (young) 54M->26M(64M), 0.0017826 secs]
Application time: 0.0385464 seconds
[GC pause (G1 Evacuation Pause) (young) 53M->27M(64M), 0.0018575 secs]
Application time: 0.0345465 seconds
[GC pause (G1 Evacuation Pause) (young) 54M->27M(64M), 0.0018260 secs]
Application time: 0.0469079 seconds
[GC pause (G1 Evacuation Pause) (young) 54M->27M(64M), 0.0022751 secs]
Application time: 0.0497044 seconds
[GC pause (G1 Evacuation Pause) (young) 52M->27M(64M), 0.0020144 secs]
Application time: 0.0470260 seconds
[GC pause (G1 Evacuation Pause) (young) 54M->27M(64M), 0.0020545 secs]
Application time: 0.0439146 seconds
[GC pause (G1 Evacuation Pause) (young) 54M->28M(64M), 0.0022403 secs]
Application time: 0.0308393 seconds
[GC pause (G1 Evacuation Pause) (young) 53M->28M(64M), 0.0020968 secs]
Application time: 0.0301666 seconds
[GC pause (G1 Evacuation Pause) (young) 53M->28M(64M), 0.0025693 secs]
Application time: 0.0428016 seconds
[GC pause (G1 Evacuation Pause) (young) 53M->29M(64M), 0.0040507 secs]
Application time: 0.0419255 seconds
[GC pause (G1 Evacuation Pause) (young) 52M->28M(64M), 0.0022706 secs]
Application time: 0.0564453 seconds
[GC pause (G1 Evacuation Pause) (young) 53M->28M(64M), 0.0018814 secs]
Application time: 0.0373387 seconds
[GC pause (G1 Evacuation Pause) (young) 54M->28M(64M), 0.0018566 secs]
Application time: 0.0469693 seconds
[GC pause (G1 Evacuation Pause) (young) 54M->28M(64M), 0.0019074 secs]
Application time: 0.0240607 seconds
[GC pause (G1 Evacuation Pause) (young) 54M->28M(64M), 0.0017345 secs]
Application time: 0.0302203 seconds
[GC pause (G1 Evacuation Pause) (young) 52M->30M(64M), 0.0039390 secs]
Application time: 0.0452635 seconds
[GC pause (G1 Evacuation Pause) (young) 52M->29M(64M), 0.0022148 secs]
Application time: 0.0529117 seconds
[GC pause (G1 Evacuation Pause) (young) 54M->29M(64M), 0.0023587 secs]
Application time: 0.0480180 seconds
[GC pause (G1 Evacuation Pause) (young) 54M->29M(64M), 0.0019864 secs]
Application time: 0.0408255 seconds
[GC pause (G1 Evacuation Pause) (young) 54M->29M(64M), 0.0021880 secs]
Application time: 0.0369699 seconds
[GC pause (G1 Evacuation Pause) (young) 54M->29M(64M), 0.0021021 secs]
Application time: 0.0221059 seconds
[GC pause (G1 Evacuation Pause) (young) 54M->29M(64M), 0.0021785 secs]
Application time: 0.0509352 seconds
[GC pause (G1 Evacuation Pause) (young) 54M->30M(64M), 0.0023438 secs]
Application time: 0.0328306 seconds
[GC pause (G1 Evacuation Pause) (young) 53M->29M(64M), 0.0021622 secs]
Application time: 0.0622348 seconds
[GC pause (G1 Evacuation Pause) (young) 54M->29M(64M), 0.0022720 secs]
Application time: 0.0392133 seconds
[GC pause (G1 Evacuation Pause) (young) 54M->29M(64M), 0.0022020 secs]
Application time: 0.0419308 seconds
[GC pause (G1 Evacuation Pause) (young) 54M->29M(64M), 0.0022186 secs]
Application time: 0.0260380 seconds
[GC pause (G1 Evacuation Pause) (young) 52M->29M(64M), 0.0021678 secs]
Application time: 0.0251614 seconds
[GC pause (G1 Evacuation Pause) (young) 52M->29M(64M), 0.0018111 secs]
Application time: 0.0411143 seconds
[GC pause (G1 Evacuation Pause) (young) 54M->31M(64M), 0.0038404 secs]
Application time: 0.0404774 seconds
[GC pause (G1 Evacuation Pause) (young) 52M->29M(64M), 0.0019987 secs]
Application time: 0.0479013 seconds
[GC pause (G1 Evacuation Pause) (young) (initial-mark) 53M->29M(64M), 0.0020346 secs]
[GC concurrent-root-region-scan-start]
[GC concurrent-root-region-scan-end, 0.0003977 secs]
[GC concurrent-mark-start]
[GC concurrent-mark-end, 0.0161746 secs]
Application time: 0.0166196 seconds
[GC remark, 0.0073038 secs]
Application time: 0.0000667 seconds
[GC cleanup 36M->34M(64M), 0.0002838 secs]
[GC concurrent-cleanup-start]
[GC concurrent-cleanup-end, 0.0000122 secs]
Application time: 0.0344841 seconds
[GC pause (G1 Evacuation Pause) (young) 51M->27M(64M), 0.0020536 secs]
Application time: 0.0038727 seconds
[GC pause (G1 Evacuation Pause) (mixed) 28M->20M(64M), 0.0015112 secs]
Application time: 0.0051318 seconds
[GC pause (G1 Evacuation Pause) (mixed) 22M->13M(64M), 0.0016193 secs]
Application time: 0.0029388 seconds
[GC pause (G1 Evacuation Pause) (mixed) 15M->10M(64M), 0.0018513 secs]
Application time: 0.0552269 seconds
[GC pause (G1 Evacuation Pause) (young) 47M->10M(64M), 0.0019111 secs]
Application time: 0.0456242 seconds
[GC pause (G1 Evacuation Pause) (young) 47M->11M(64M), 0.0020244 secs]
Application time: 0.0659750 seconds
[GC pause (G1 Evacuation Pause) (young) 47M->12M(64M), 0.0022261 secs]
Application time: 0.0751126 seconds
[GC pause (G1 Evacuation Pause) (young) 48M->12M(64M), 0.0023507 secs]
Application time: 0.0596924 seconds
[GC pause (G1 Evacuation Pause) (young) 48M->12M(64M), 0.0023479 secs]
Application time: 0.0477138 seconds
[GC pause (G1 Evacuation Pause) (young) 48M->12M(64M), 0.0025096 secs]
Application time: 0.0472963 seconds
[GC pause (G1 Evacuation Pause) (young) 48M->12M(64M), 0.0023765 secs]
Application time: 0.0713928 seconds
[GC pause (G1 Evacuation Pause) (young) 47M->12M(64M), 0.0024811 secs]
Application time: 0.0765802 seconds
[GC pause (G1 Evacuation Pause) (young) 48M->12M(64M), 0.0024457 secs]
Application time: 0.0431433 seconds
[GC pause (G1 Evacuation Pause) (young) 47M->12M(64M), 0.0022914 secs]
Application time: 0.0490519 seconds
[GC pause (G1 Evacuation Pause) (young) 48M->14M(64M), 0.0040904 secs]
Application time: 0.0590460 seconds
[GC pause (G1 Evacuation Pause) (young) 47M->12M(64M), 0.0023746 secs]
Application time: 0.0755041 seconds
[GC pause (G1 Evacuation Pause) (young) 48M->12M(64M), 0.0022742 secs]
Application time: 0.0634155 seconds
[GC pause (G1 Evacuation Pause) (young) 48M->12M(64M), 0.0022257 secs]
Application time: 0.0430296 seconds
[GC pause (G1 Evacuation Pause) (young) 48M->12M(64M), 0.0020428 secs]
Application time: 0.0564677 seconds
[GC pause (G1 Evacuation Pause) (young) 48M->15M(64M), 0.0041837 secs]
Application time: 0.0581541 seconds
[GC pause (G1 Evacuation Pause) (young) 48M->13M(64M), 0.0025896 secs]
Application time: 0.0711148 seconds
[GC pause (G1 Evacuation Pause) (young) 49M->13M(64M), 0.0023393 secs]
Application time: 0.0545914 seconds
[GC pause (G1 Evacuation Pause) (young) 49M->13M(64M), 0.0019321 secs]
Application time: 0.0515288 seconds
[GC pause (G1 Evacuation Pause) (young) 49M->15M(64M), 0.0037747 secs]
Application time: 0.0631828 seconds
[GC pause (G1 Evacuation Pause) (young) 49M->14M(64M), 0.0024609 secs]
Application time: 0.0697189 seconds
[GC pause (G1 Evacuation Pause) (young) 50M->13M(64M), 0.0021455 secs]
Application time: 0.0683527 seconds
[GC pause (G1 Evacuation Pause) (young) 49M->14M(64M), 0.0021639 secs]
Application time: 0.0431521 seconds
[GC pause (G1 Evacuation Pause) (young) 50M->15M(64M), 0.0023933 secs]
Application time: 0.0634247 seconds
[GC pause (G1 Evacuation Pause) (young) 50M->15M(64M), 0.0027342 secs]
Application time: 0.0553782 seconds
[GC pause (G1 Evacuation Pause) (young) 50M->15M(64M), 0.0030029 secs]
Application time: 0.0593514 seconds
[GC pause (G1 Evacuation Pause) (young) 49M->15M(64M), 0.0027130 secs]
Application time: 0.0543910 seconds
[GC pause (G1 Evacuation Pause) (young) 50M->15M(64M), 0.0025066 secs]
Application time: 0.0599165 seconds
[GC pause (G1 Evacuation Pause) (young) 50M->15M(64M), 0.0023755 secs]
Application time: 0.0625523 seconds
[GC pause (G1 Evacuation Pause) (young) 50M->15M(64M), 0.0021851 secs]
Application time: 0.0491964 seconds
[GC pause (G1 Evacuation Pause) (young) 50M->14M(64M), 0.0023248 secs]
Application time: 0.0614002 seconds
[GC pause (G1 Evacuation Pause) (young) 50M->14M(64M), 0.0021677 secs]
Application time: 0.0653121 seconds
[GC pause (G1 Evacuation Pause) (young) 50M->15M(64M), 0.0024382 secs]
Application time: 0.0574559 seconds
[GC pause (G1 Evacuation Pause) (young) 50M->15M(64M), 0.0024395 secs]
Application time: 0.0600732 seconds
[GC pause (G1 Evacuation Pause) (young) 50M->15M(64M), 0.0023522 secs]
Application time: 0.0514563 seconds
[GC pause (G1 Evacuation Pause) (young) 50M->14M(64M), 0.0023859 secs]
Application time: 0.0491119 seconds
[GC pause (G1 Evacuation Pause) (young) 50M->15M(64M), 0.0022871 secs]
Application time: 0.0731615 seconds
[GC pause (G1 Evacuation Pause) (young) 50M->15M(64M), 0.0025193 secs]
Application time: 0.0668537 seconds
[GC pause (G1 Evacuation Pause) (young) 50M->14M(64M), 0.0023889 secs]
Application time: 0.0591371 seconds
[GC pause (G1 Evacuation Pause) (young) 50M->14M(64M), 0.0021816 secs]
Application time: 0.0338136 seconds
[GC pause (G1 Evacuation Pause) (young) 50M->14M(64M), 0.0022722 secs]
Application time: 0.0660237 seconds
[GC pause (G1 Evacuation Pause) (young) 50M->14M(64M), 0.0023186 secs]
Application time: 0.0765530 seconds
[GC pause (G1 Evacuation Pause) (young) 50M->14M(64M), 0.0021343 secs]
Application time: 0.0556650 seconds
[GC pause (G1 Evacuation Pause) (young) 50M->15M(64M), 0.0023594 secs]
Application time: 0.0473471 seconds
[GC pause (G1 Evacuation Pause) (young) 50M->15M(64M), 0.0022424 secs]
Application time: 0.0486376 seconds
[GC pause (G1 Evacuation Pause) (young) 50M->15M(64M), 0.0021517 secs]
Application time: 0.0654802 seconds
[GC pause (G1 Evacuation Pause) (young) 50M->14M(64M), 0.0021416 secs]
Application time: 0.0670007 seconds
[GC pause (G1 Evacuation Pause) (young) 50M->15M(64M), 0.0023804 secs]
Application time: 0.0523120 seconds
[GC pause (G1 Evacuation Pause) (young) 50M->15M(64M), 0.0021163 secs]
Application time: 0.0623680 seconds
[GC pause (G1 Evacuation Pause) (young) 50M->15M(64M), 0.0020482 secs]
Application time: 0.0441669 seconds
[GC pause (G1 Evacuation Pause) (young) 50M->15M(64M), 0.0021945 secs]
Application time: 0.0654435 seconds
[GC pause (G1 Evacuation Pause) (young) 50M->15M(64M), 0.0022745 secs]
Application time: 0.0635613 seconds
[GC pause (G1 Evacuation Pause) (young) 50M->14M(64M), 0.0023241 secs]
Application time: 0.0523679 seconds
[GC pause (G1 Evacuation Pause) (young) 50M->16M(64M), 0.0038406 secs]
Application time: 0.0593480 seconds
[GC pause (G1 Evacuation Pause) (young) 50M->15M(64M), 0.0023273 secs]
Application time: 0.0525694 seconds
[GC pause (G1 Evacuation Pause) (young) 51M->15M(64M), 0.0024015 secs]
Application time: 0.0623604 seconds
[GC pause (G1 Evacuation Pause) (young) 51M->16M(64M), 0.0023269 secs]
Application time: 0.0552842 seconds
[GC pause (G1 Evacuation Pause) (young) 51M->15M(64M), 0.0022531 secs]
Application time: 0.0616034 seconds
[GC pause (G1 Evacuation Pause) (young) 51M->16M(64M), 0.0023796 secs]
Application time: 0.0669536 seconds
[GC pause (G1 Evacuation Pause) (young) 51M->16M(64M), 0.0023515 secs]
Application time: 0.0432589 seconds
[GC pause (G1 Evacuation Pause) (young) 51M->16M(64M), 0.0022332 secs]
Application time: 0.0654607 seconds
[GC pause (G1 Evacuation Pause) (young) 51M->16M(64M), 0.0023210 secs]
Application time: 0.0553423 seconds
[GC pause (G1 Evacuation Pause) (young) 51M->17M(64M), 0.0041460 secs]
Application time: 0.0602622 seconds
[GC pause (G1 Evacuation Pause) (young) 51M->15M(64M), 0.0024211 secs]
Application time: 0.0711498 seconds
[GC pause (G1 Evacuation Pause) (young) 51M->16M(64M), 0.0020376 secs]
Application time: 0.0519467 seconds
[GC pause (G1 Evacuation Pause) (young) 52M->16M(64M), 0.0025418 secs]
Application time: 0.0471330 seconds
[GC pause (G1 Evacuation Pause) (young) 51M->16M(64M), 0.0021570 secs]
Application time: 0.0722939 seconds
[GC pause (G1 Evacuation Pause) (young) 52M->16M(64M), 0.0024329 secs]
Application time: 0.0708334 seconds
[GC pause (G1 Evacuation Pause) (young) 51M->16M(64M), 0.0021820 secs]
Application time: 0.0592801 seconds
[GC pause (G1 Evacuation Pause) (young) 52M->16M(64M), 0.0025340 secs]
Application time: 0.0574327 seconds
[GC pause (G1 Evacuation Pause) (young) 52M->17M(64M), 0.0025473 secs]
Application time: 0.0525926 seconds
[GC pause (G1 Evacuation Pause) (young) 52M->17M(64M), 0.0029599 secs]
Application time: 0.0707106 seconds
[GC pause (G1 Evacuation Pause) (young) 52M->16M(64M), 0.0025710 secs]
Application time: 0.0706969 seconds
[GC pause (G1 Evacuation Pause) (young) 52M->16M(64M), 0.0024361 secs]
Application time: 0.0428665 seconds
[GC pause (G1 Evacuation Pause) (young) 52M->16M(64M), 0.0024137 secs]
Application time: 0.0621561 seconds
[GC pause (G1 Evacuation Pause) (young) 52M->16M(64M), 0.0023419 secs]
Application time: 0.0725722 seconds
[GC pause (G1 Evacuation Pause) (young) 52M->16M(64M), 0.0024253 secs]
Application time: 0.0605884 seconds
[GC pause (G1 Evacuation Pause) (young) 52M->16M(64M), 0.0025946 secs]
Application time: 0.0551887 seconds
[GC pause (G1 Evacuation Pause) (young) 52M->16M(64M), 0.0022705 secs]
Application time: 0.0646181 seconds
[GC pause (G1 Evacuation Pause) (young) 52M->16M(64M), 0.0023224 secs]
Application time: 0.0532304 seconds
[GC pause (G1 Evacuation Pause) (young) 52M->16M(64M), 0.0024072 secs]
Application time: 0.0655743 seconds
[GC pause (G1 Evacuation Pause) (young) 52M->16M(64M), 0.0023546 secs]
Application time: 0.0634642 seconds
[GC pause (G1 Evacuation Pause) (young) 52M->16M(64M), 0.0020757 secs]
Application time: 0.0647580 seconds
[GC pause (G1 Evacuation Pause) (young) 52M->18M(64M), 0.0049072 secs]
Application time: 0.0732884 seconds
[GC pause (G1 Evacuation Pause) (young) 52M->16M(64M), 0.0023490 secs]
Application time: 0.0670585 seconds
[GC pause (G1 Evacuation Pause) (young) 52M->17M(64M), 0.0025534 secs]
Application time: 0.0641541 seconds
[GC pause (G1 Evacuation Pause) (young) 52M->17M(64M), 0.0022027 secs]
Application time: 0.0653648 seconds
[GC pause (G1 Evacuation Pause) (young) 53M->17M(64M), 0.0020674 secs]
Application time: 0.0692350 seconds
[GC pause (G1 Evacuation Pause) (young) 53M->17M(64M), 0.0020294 secs]
Application time: 0.0546048 seconds
[GC pause (G1 Evacuation Pause) (young) 53M->17M(64M), 0.0021791 secs]
Application time: 0.0901142 seconds
[GC pause (G1 Evacuation Pause) (young) 53M->17M(64M), 0.0019718 secs]
Application time: 0.0697424 seconds
[GC pause (G1 Evacuation Pause) (young) 53M->17M(64M), 0.0021225 secs]
Application time: 0.0535870 seconds
[GC pause (G1 Evacuation Pause) (young) 53M->18M(64M), 0.0021701 secs]
Application time: 0.0672161 seconds
[GC pause (G1 Evacuation Pause) (young) 53M->17M(64M), 0.0020639 secs]
Application time: 0.0626969 seconds
[GC pause (G1 Evacuation Pause) (young) 53M->17M(64M), 0.0020264 secs]
Application time: 0.0690884 seconds
[GC pause (G1 Evacuation Pause) (young) 53M->17M(64M), 0.0021740 secs]
Application time: 0.0666784 seconds
[GC pause (G1 Evacuation Pause) (young) 52M->17M(64M), 0.0020134 secs]
Application time: 0.0598998 seconds
[GC pause (G1 Evacuation Pause) (young) 53M->19M(64M), 0.0040441 secs]
Application time: 0.0598941 seconds
[GC pause (G1 Evacuation Pause) (young) 50M->17M(64M), 0.0022482 secs]
Application time: 0.0645972 seconds
[GC pause (G1 Evacuation Pause) (young) 53M->20M(64M), 0.0035607 secs]
Application time: 0.0579129 seconds
[GC pause (G1 Evacuation Pause) (young) 52M->18M(64M), 0.0018582 secs]
Application time: 0.0591967 seconds
[GC pause (G1 Evacuation Pause) (young) 52M->18M(64M), 0.0018346 secs]
Application time: 0.0644846 seconds
[GC pause (G1 Evacuation Pause) (young) 52M->19M(64M), 0.0019532 secs]
Application time: 0.0698181 seconds
[GC pause (G1 Evacuation Pause) (young) 54M->19M(64M), 0.0019782 secs]
Application time: 0.0681647 seconds
[GC pause (G1 Evacuation Pause) (young) 54M->20M(64M), 0.0021062 secs]
Application time: 0.0739740 seconds
[GC pause (G1 Evacuation Pause) (young) 53M->19M(64M), 0.0019656 secs]
Application time: 0.0532115 seconds
[GC pause (G1 Evacuation Pause) (young) 54M->19M(64M), 0.0019418 secs]
Application time: 0.0667374 seconds
[GC pause (G1 Evacuation Pause) (young) 54M->19M(64M), 0.0020144 secs]
Application time: 0.0646556 seconds
[GC pause (G1 Evacuation Pause) (young) 54M->19M(64M), 0.0021481 secs]
Application time: 0.0679938 seconds
[GC pause (G1 Evacuation Pause) (young) 54M->19M(64M), 0.0019153 secs]
Application time: 0.0712135 seconds
[GC pause (G1 Evacuation Pause) (young) 54M->19M(64M), 0.0020513 secs]
Application time: 0.0505827 seconds
[GC pause (G1 Evacuation Pause) (young) 54M->19M(64M), 0.0019486 secs]
Application time: 0.0679821 seconds
[GC pause (G1 Evacuation Pause) (young) 54M->19M(64M), 0.0019747 secs]
Application time: 0.0549836 seconds
[GC pause (G1 Evacuation Pause) (young) 54M->19M(64M), 0.0020521 secs]
Application time: 0.0666765 seconds
[GC pause (G1 Evacuation Pause) (young) 54M->19M(64M), 0.0020137 secs]
Application time: 0.0646902 seconds
[GC pause (G1 Evacuation Pause) (young) 54M->19M(64M), 0.0019962 secs]
Application time: 0.0592159 seconds
[GC pause (G1 Evacuation Pause) (young) 54M->20M(64M), 0.0022738 secs]
Application time: 0.0630416 seconds
[GC pause (G1 Evacuation Pause) (young) 53M->19M(64M), 0.0019568 secs]
Application time: 0.0601773 seconds
[GC pause (G1 Evacuation Pause) (young) 54M->21M(64M), 0.0037664 secs]
Application time: 0.0562107 seconds
[GC pause (G1 Evacuation Pause) (young) 52M->19M(64M), 0.0020703 secs]
Application time: 0.0576093 seconds
[GC pause (G1 Evacuation Pause) (young) 52M->19M(64M), 0.0018908 secs]
Application time: 0.0636601 seconds
[GC pause (G1 Evacuation Pause) (young) 53M->20M(64M), 0.0020291 secs]
Application time: 0.0676442 seconds
[GC pause (G1 Evacuation Pause) (young) 54M->20M(64M), 0.0020020 secs]
Application time: 0.0580141 seconds
[GC pause (G1 Evacuation Pause) (young) 54M->22M(64M), 0.0038175 secs]
Application time: 0.0559106 seconds
[GC pause (G1 Evacuation Pause) (young) 52M->20M(64M), 0.0022722 secs]
Application time: 0.0561233 seconds
[GC pause (G1 Evacuation Pause) (young) 54M->20M(64M), 0.0019494 secs]
Application time: 0.0674372 seconds
[GC pause (G1 Evacuation Pause) (young) 54M->20M(64M), 0.0019264 secs]
Application time: 0.0589118 seconds
[GC pause (G1 Evacuation Pause) (young) 54M->20M(64M), 0.0020584 secs]
Application time: 0.0640308 seconds
[GC pause (G1 Evacuation Pause) (young) 54M->21M(64M), 0.0021145 secs]
Application time: 0.0595450 seconds
[GC pause (G1 Evacuation Pause) (young) 53M->21M(64M), 0.0022247 secs]
Application time: 0.0497872 seconds
[GC pause (G1 Evacuation Pause) (young) 53M->20M(64M), 0.0020431 secs]
Application time: 0.0643228 seconds
[GC pause (G1 Evacuation Pause) (young) 54M->21M(64M), 0.0020846 secs]
Application time: 0.0556701 seconds
[GC pause (G1 Evacuation Pause) (young) 53M->20M(64M), 0.0019943 secs]
Application time: 0.0776223 seconds
[GC pause (G1 Evacuation Pause) (young) 54M->21M(64M), 0.0023428 secs]
Application time: 0.0597951 seconds
[GC pause (G1 Evacuation Pause) (young) 53M->21M(64M), 0.0025378 secs]
Application time: 0.0584651 seconds
[GC pause (G1 Evacuation Pause) (young) 53M->21M(64M), 0.0026271 secs]
Application time: 0.0608674 seconds
[GC pause (G1 Evacuation Pause) (young) 53M->22M(64M), 0.0043644 secs]
Application time: 0.0447013 seconds
[GC pause (G1 Evacuation Pause) (young) 52M->21M(64M), 0.0022119 secs]
Application time: 0.0717471 seconds
[GC pause (G1 Evacuation Pause) (young) 54M->22M(64M), 0.0024756 secs]
Application time: 0.0544056 seconds
[GC pause (G1 Evacuation Pause) (young) 53M->21M(64M), 0.0023915 secs]
Application time: 0.0679388 seconds
[GC pause (G1 Evacuation Pause) (young) 54M->21M(64M), 0.0022626 secs]
Application time: 0.0471700 seconds
[GC pause (G1 Evacuation Pause) (young) 54M->21M(64M), 0.0023021 secs]
Application time: 0.0507755 seconds
[GC pause (G1 Evacuation Pause) (young) 54M->22M(64M), 0.0024184 secs]
Application time: 0.0687127 seconds
[GC pause (G1 Evacuation Pause) (young) 53M->22M(64M), 0.0021059 secs]
Application time: 0.0557892 seconds
[GC pause (G1 Evacuation Pause) (young) 53M->21M(64M), 0.0021021 secs]
Application time: 0.0707128 seconds
[GC pause (G1 Evacuation Pause) (young) 54M->21M(64M), 0.0019614 secs]
Application time: 0.0421299 seconds
[GC pause (G1 Evacuation Pause) (young) 54M->21M(64M), 0.0021645 secs]
Application time: 0.0548326 seconds
[GC pause (G1 Evacuation Pause) (young) 54M->21M(64M), 0.0020104 secs]
Application time: 0.0684889 seconds
[GC pause (G1 Evacuation Pause) (young) 54M->22M(64M), 0.0021935 secs]
Application time: 0.0565429 seconds
[GC pause (G1 Evacuation Pause) (young) 53M->21M(64M), 0.0020899 secs]
Application time: 0.0710715 seconds
[GC pause (G1 Evacuation Pause) (young) 54M->21M(64M), 0.0019094 secs]
Application time: 0.0426111 seconds
[GC pause (G1 Evacuation Pause) (young) 54M->21M(64M), 0.0021880 secs]
Application time: 0.0623921 seconds
[GC pause (G1 Evacuation Pause) (young) 54M->21M(64M), 0.0020253 secs]
Application time: 0.0688806 seconds
[GC pause (G1 Evacuation Pause) (young) 54M->22M(64M), 0.0021825 secs]
Application time: 0.0659884 seconds
[GC pause (G1 Evacuation Pause) (young) 53M->21M(64M), 0.0021188 secs]
Application time: 0.0700976 seconds
[GC pause (G1 Evacuation Pause) (young) 54M->21M(64M), 0.0020790 secs]
Application time: 0.0414846 seconds
[GC pause (G1 Evacuation Pause) (young) 54M->21M(64M), 0.0022485 secs]
Application time: 0.0680344 seconds
[GC pause (G1 Evacuation Pause) (young) 54M->24M(64M), 0.0039119 secs]
Application time: 0.0766593 seconds
[GC pause (G1 Evacuation Pause) (young) 51M->22M(64M), 0.0023104 secs]
Application time: 0.0706584 seconds
[GC pause (G1 Evacuation Pause) (young) 53M->22M(64M), 0.0018468 secs]
Application time: 0.0642302 seconds
[GC pause (G1 Evacuation Pause) (young) 54M->22M(64M), 0.0019212 secs]
Application time: 0.0506153 seconds
[GC pause (G1 Evacuation Pause) (young) 54M->22M(64M), 0.0019047 secs]
Application time: 0.0476649 seconds
[GC pause (G1 Evacuation Pause) (young) 54M->23M(64M), 0.0024523 secs]
Application time: 0.0523831 seconds
[GC pause (G1 Evacuation Pause) (young) 53M->24M(64M), 0.0040476 secs]
Application time: 0.0608225 seconds
[GC pause (G1 Evacuation Pause) (young) 52M->23M(64M), 0.0021349 secs]
Application time: 0.0604349 seconds
[GC pause (G1 Evacuation Pause) (young) 53M->23M(64M), 0.0017836 secs]
Application time: 0.0524148 seconds
[GC pause (G1 Evacuation Pause) (young) 54M->23M(64M), 0.0016774 secs]
Application time: 0.0451281 seconds
[GC pause (G1 Evacuation Pause) (young) 54M->23M(64M), 0.0018475 secs]
Application time: 0.0439745 seconds
[GC pause (G1 Evacuation Pause) (young) 54M->23M(64M), 0.0020927 secs]
Application time: 0.0660068 seconds
[GC pause (G1 Evacuation Pause) (young) 54M->23M(64M), 0.0020656 secs]
Application time: 0.0589752 seconds
[GC pause (G1 Evacuation Pause) (young) 54M->23M(64M), 0.0021830 secs]
Application time: 0.0746989 seconds
[GC pause (G1 Evacuation Pause) (young) 54M->23M(64M), 0.0020040 secs]
Application time: 0.0363319 seconds
[GC pause (G1 Evacuation Pause) (young) 54M->23M(64M), 0.0020854 secs]
Application time: 0.0570738 seconds
[GC pause (G1 Evacuation Pause) (young) 54M->24M(64M), 0.0020614 secs]
Application time: 0.0479324 seconds
[GC pause (G1 Evacuation Pause) (young) 53M->23M(64M), 0.0021071 secs]
Application time: 0.0612052 seconds
[GC pause (G1 Evacuation Pause) (young) 54M->23M(64M), 0.0020454 secs]
Application time: 0.0675491 seconds
[GC pause (G1 Evacuation Pause) (young) 54M->23M(64M), 0.0019289 secs]
Application time: 0.0358924 seconds
[GC pause (G1 Evacuation Pause) (young) 54M->23M(64M), 0.0020158 secs]
Application time: 0.0621566 seconds
[GC pause (G1 Evacuation Pause) (young) 54M->23M(64M), 0.0021069 secs]
Application time: 0.0368971 seconds
[GC pause (G1 Evacuation Pause) (young) 54M->23M(64M), 0.0020540 secs]
Application time: 0.0677933 seconds
[GC pause (G1 Evacuation Pause) (young) 54M->24M(64M), 0.0022205 secs]
Application time: 0.0563722 seconds
[GC pause (G1 Evacuation Pause) (young) 53M->23M(64M), 0.0020731 secs]
Application time: 0.0492499 seconds
[GC pause (G1 Evacuation Pause) (young) 54M->24M(64M), 0.0019236 secs]
Application time: 0.0394259 seconds
[GC pause (G1 Evacuation Pause) (young) 53M->24M(64M), 0.0020237 secs]
Application time: 0.0456002 seconds
[GC pause (G1 Evacuation Pause) (young) 53M->23M(64M), 0.0018971 secs]
Application time: 0.0654203 seconds
[GC pause (G1 Evacuation Pause) (young) 54M->23M(64M), 0.0020125 secs]
Application time: 0.0513657 seconds
[GC pause (G1 Evacuation Pause) (young) 54M->23M(64M), 0.0019166 secs]
Application time: 0.0646852 seconds
[GC pause (G1 Evacuation Pause) (young) 54M->23M(64M), 0.0020268 secs]
Application time: 0.0348080 seconds
[GC pause (G1 Evacuation Pause) (young) 54M->23M(64M), 0.0020212 secs]
Application time: 0.0603359 seconds
[GC pause (G1 Evacuation Pause) (young) 54M->23M(64M), 0.0020423 secs]
Application time: 0.0448047 seconds
[GC pause (G1 Evacuation Pause) (young) 54M->24M(64M), 0.0022106 secs]
Application time: 0.0570083 seconds
[GC pause (G1 Evacuation Pause) (young) 53M->23M(64M), 0.0020059 secs]
Application time: 0.0636209 seconds
[GC pause (G1 Evacuation Pause) (young) 54M->23M(64M), 0.0019391 secs]
Application time: 0.0420445 seconds
[GC pause (G1 Evacuation Pause) (young) 54M->23M(64M), 0.0019342 secs]
Application time: 0.0716869 seconds
[GC pause (G1 Evacuation Pause) (young) 54M->23M(64M), 0.0027758 secs]
Application time: 0.0438682 seconds
[GC pause (G1 Evacuation Pause) (young) 54M->23M(64M), 0.0020656 secs]
Application time: 0.0731390 seconds
[GC pause (G1 Evacuation Pause) (young) 54M->24M(64M), 0.0021452 secs]
Application time: 0.0588040 seconds
[GC pause (G1 Evacuation Pause) (young) 53M->23M(64M), 0.0020742 secs]
Application time: 0.0481103 seconds
[GC pause (G1 Evacuation Pause) (young) 54M->23M(64M), 0.0020043 secs]
Application time: 0.0674214 seconds
[GC pause (G1 Evacuation Pause) (young) 54M->23M(64M), 0.0020764 secs]
Application time: 0.0511667 seconds
[GC pause (G1 Evacuation Pause) (young) 54M->23M(64M), 0.0020701 secs]
Application time: 0.0642920 seconds
[GC pause (G1 Evacuation Pause) (young) 54M->24M(64M), 0.0022135 secs]
Application time: 0.0620513 seconds
[GC pause (G1 Evacuation Pause) (young) 53M->23M(64M), 0.0019885 secs]
Application time: 0.0401294 seconds
[GC pause (G1 Evacuation Pause) (young) 54M->23M(64M), 0.0019744 secs]
Application time: 0.0660172 seconds
[GC pause (G1 Evacuation Pause) (young) 54M->24M(64M), 0.0021753 secs]
Application time: 0.0516022 seconds
[GC pause (G1 Evacuation Pause) (young) 53M->23M(64M), 0.0020992 secs]
Application time: 0.0582604 seconds
[GC pause (G1 Evacuation Pause) (young) 54M->23M(64M), 0.0020069 secs]
Application time: 0.0548652 seconds
[GC pause (G1 Evacuation Pause) (young) 54M->25M(64M), 0.0035851 secs]
Application time: 0.0461095 seconds
[GC pause (G1 Evacuation Pause) (young) 52M->24M(64M), 0.0021616 secs]
Application time: 0.0496940 seconds
[GC pause (G1 Evacuation Pause) (young) 54M->26M(64M), 0.0034742 secs]
Application time: 0.0539765 seconds
[GC pause (G1 Evacuation Pause) (young) 52M->24M(64M), 0.0018258 secs]
Application time: 0.0612729 seconds
[GC pause (G1 Evacuation Pause) (young) 53M->24M(64M), 0.0018051 secs]
Application time: 0.0365686 seconds
[GC pause (G1 Evacuation Pause) (young) 53M->25M(64M), 0.0015869 secs]
Application time: 0.0523777 seconds
[GC pause (G1 Evacuation Pause) (young) 54M->25M(64M), 0.0021197 secs]
Application time: 0.0503709 seconds
[GC pause (G1 Evacuation Pause) (young) 52M->25M(64M), 0.0023784 secs]
Application time: 0.0647149 seconds
[GC pause (G1 Evacuation Pause) (young) 52M->25M(64M), 0.0020801 secs]
Application time: 0.0485483 seconds
[GC pause (G1 Evacuation Pause) (young) 52M->25M(64M), 0.0019655 secs]
Application time: 0.0614765 seconds
[GC pause (G1 Evacuation Pause) (young) 54M->25M(64M), 0.0019462 secs]
Application time: 0.0327953 seconds
[GC pause (G1 Evacuation Pause) (young) 54M->25M(64M), 0.0021120 secs]
Application time: 0.0508431 seconds
[GC pause (G1 Evacuation Pause) (young) 54M->27M(64M), 0.0037049 secs]
Application time: 0.0322068 seconds
[GC pause (G1 Evacuation Pause) (young) 52M->26M(64M), 0.0022052 secs]
Application time: 0.0573824 seconds
[GC pause (G1 Evacuation Pause) (young) 54M->26M(64M), 0.0020997 secs]
Application time: 0.0577340 seconds
[GC pause (G1 Evacuation Pause) (young) 54M->26M(64M), 0.0018246 secs]
Application time: 0.0507477 seconds
[GC pause (G1 Evacuation Pause) (young) 54M->26M(64M), 0.0019770 secs]
Application time: 0.0429390 seconds
[GC pause (G1 Evacuation Pause) (young) 54M->26M(64M), 0.0018262 secs]
Application time: 0.0334159 seconds
[GC pause (G1 Evacuation Pause) (young) 54M->26M(64M), 0.0017899 secs]
Application time: 0.0490946 seconds
[GC pause (G1 Evacuation Pause) (young) 54M->28M(64M), 0.0036596 secs]
Application time: 0.0436246 seconds
[GC pause (G1 Evacuation Pause) (young) 52M->26M(64M), 0.0019983 secs]
Application time: 0.0669693 seconds
[GC pause (G1 Evacuation Pause) (young) 53M->26M(64M), 0.0017083 secs]
Application time: 0.0370539 seconds
[GC pause (G1 Evacuation Pause) (young) 53M->26M(64M), 0.0015685 secs]
Application time: 0.0539351 seconds
[GC pause (G1 Evacuation Pause) (young) 53M->26M(64M), 0.0016541 secs]
Application time: 0.0236699 seconds
[GC pause (G1 Evacuation Pause) (young) 53M->27M(64M), 0.0016658 secs]
Application time: 0.0577855 seconds
[GC pause (G1 Evacuation Pause) (young) 54M->29M(64M), 0.0047315 secs]
Application time: 0.0436908 seconds
[GC pause (G1 Evacuation Pause) (young) 52M->31M(64M), 0.0053239 secs]
Application time: 0.0504904 seconds
[GC pause (G1 Evacuation Pause) (young) (initial-mark) 53M->32M(64M), 0.0043006 secs]
[GC concurrent-root-region-scan-start]
[GC concurrent-root-region-scan-end, 0.0003344 secs]
[GC concurrent-mark-start]
[GC concurrent-mark-end, 0.0094923 secs]
Application time: 0.0098898 seconds
[GC remark, 0.0061435 secs]
Application time: 0.0000600 seconds
[GC cleanup 33M->29M(64M), 0.0001884 secs]
[GC concurrent-cleanup-start]
[GC concurrent-cleanup-end, 0.0000115 secs]
Application time: 0.0604203 seconds
[GC pause (G1 Evacuation Pause) (young) 50M->28M(64M), 0.0033295 secs]
Application time: 0.0048395 seconds
[GC pause (G1 Evacuation Pause) (mixed) 30M->21M(64M), 0.0012758 secs]
Application time: 0.0053171 seconds
[GC pause (G1 Evacuation Pause) (mixed) 23M->15M(64M), 0.0014089 secs]
Application time: 0.0087605 seconds
[GC pause (G1 Evacuation Pause) (mixed) 17M->11M(64M), 0.0014665 secs]
Application time: 0.0694119 seconds
[GC pause (G1 Evacuation Pause) (young) 48M->11M(64M), 0.0015515 secs]
Application time: 0.0360355 seconds
[GC pause (G1 Evacuation Pause) (young) 48M->11M(64M), 0.0015370 secs]
Application time: 0.0696567 seconds
[GC pause (G1 Evacuation Pause) (young) 48M->14M(64M), 0.0020728 secs]
Application time: 0.0780440 seconds
[GC pause (G1 Evacuation Pause) (young) 48M->13M(64M), 0.0020710 secs]
Application time: 0.0554679 seconds
[GC pause (G1 Evacuation Pause) (young) 48M->12M(64M), 0.0019389 secs]
Application time: 0.0623107 seconds
[GC pause (G1 Evacuation Pause) (young) 48M->12M(64M), 0.0019721 secs]
Application time: 0.0437657 seconds
[GC pause (G1 Evacuation Pause) (young) 48M->14M(64M), 0.0029655 secs]
Application time: 0.0677898 seconds
[GC pause (G1 Evacuation Pause) (young) 48M->13M(64M), 0.0021803 secs]
Application time: 0.0790566 seconds
[GC pause (G1 Evacuation Pause) (young) 48M->13M(64M), 0.0020608 secs]
Application time: 0.0601629 seconds
[GC pause (G1 Evacuation Pause) (young) 48M->13M(64M), 0.0019521 secs]
Application time: 0.0441011 seconds
[GC pause (G1 Evacuation Pause) (young) 48M->13M(64M), 0.0019448 secs]
Application time: 0.0547839 seconds
[GC pause (G1 Evacuation Pause) (young) 48M->14M(64M), 0.0026628 secs]
Application time: 0.0693867 seconds
[GC pause (G1 Evacuation Pause) (young) 48M->13M(64M), 0.0020286 secs]
Application time: 0.0706967 seconds
[GC pause (G1 Evacuation Pause) (young) 48M->13M(64M), 0.0019528 secs]
Application time: 0.0500195 seconds
[GC pause (G1 Evacuation Pause) (young) 49M->13M(64M), 0.0020907 secs]
Application time: 0.0584603 seconds
[GC pause (G1 Evacuation Pause) (young) 48M->14M(64M), 0.0021185 secs]
Application time: 0.0538188 seconds
[GC pause (G1 Evacuation Pause) (young) 49M->15M(64M), 0.0042339 secs]
Application time: 0.0713679 seconds
[GC pause (G1 Evacuation Pause) (young) 49M->13M(64M), 0.0021954 secs]
Application time: 0.0804453 seconds
[GC pause (G1 Evacuation Pause) (young) 49M->13M(64M), 0.0018542 secs]
Application time: 0.0441578 seconds
[GC pause (G1 Evacuation Pause) (young) 49M->14M(64M), 0.0016223 secs]
Application time: 0.0621358 seconds
[GC pause (G1 Evacuation Pause) (young) 50M->14M(64M), 0.0019170 secs]
Application time: 0.0725295 seconds
[GC pause (G1 Evacuation Pause) (young) 49M->14M(64M), 0.0019136 secs]
Application time: 0.0653949 seconds
[GC pause (G1 Evacuation Pause) (young) 50M->14M(64M), 0.0021694 secs]
Application time: 0.0558775 seconds
[GC pause (G1 Evacuation Pause) (young) 50M->14M(64M), 0.0019697 secs]
Application time: 0.0662986 seconds
[GC pause (G1 Evacuation Pause) (young) 50M->14M(64M), 0.0019874 secs]
Application time: 0.0528575 seconds
[GC pause (G1 Evacuation Pause) (young) 50M->14M(64M), 0.0020008 secs]
Application time: 0.0678987 seconds
[GC pause (G1 Evacuation Pause) (young) 50M->14M(64M), 0.0019461 secs]
Application time: 0.0685057 seconds
[GC pause (G1 Evacuation Pause) (young) 49M->14M(64M), 0.0020446 secs]
Application time: 0.0516643 seconds
[GC pause (G1 Evacuation Pause) (young) 50M->16M(64M), 0.0035468 secs]
Application time: 0.0662685 seconds
[GC pause (G1 Evacuation Pause) (young) 50M->14M(64M), 0.0020392 secs]
Application time: 0.0549437 seconds
[GC pause (G1 Evacuation Pause) (young) 50M->14M(64M), 0.0017883 secs]
Application time: 0.0687268 seconds
[GC pause (G1 Evacuation Pause) (young) 50M->15M(64M), 0.0018762 secs]
Application time: 0.0555300 seconds
[GC pause (G1 Evacuation Pause) (young) 51M->15M(64M), 0.0020009 secs]
Application time: 0.0635743 seconds
[GC pause (G1 Evacuation Pause) (young) 51M->15M(64M), 0.0020234 secs]
Application time: 0.0734107 seconds
[GC pause (G1 Evacuation Pause) (young) 51M->15M(64M), 0.0019545 secs]
Application time: 0.0465187 seconds
[GC pause (G1 Evacuation Pause) (young) 51M->15M(64M), 0.0020850 secs]
Application time: 0.0601703 seconds
[GC pause (G1 Evacuation Pause) (young) 50M->15M(64M), 0.0022909 secs]
Application time: 0.0703752 seconds
[GC pause (G1 Evacuation Pause) (young) 50M->15M(64M), 0.0025212 secs]
Application time: 0.0656043 seconds
[GC pause (G1 Evacuation Pause) (young) 50M->15M(64M), 0.0024418 secs]
Application time: 0.0641013 seconds
[GC pause (G1 Evacuation Pause) (young) 51M->15M(64M), 0.0023057 secs]
Application time: 0.0580863 seconds
[GC pause (G1 Evacuation Pause) (young) 51M->17M(64M), 0.0044322 secs]
Application time: 0.0455824 seconds
[GC pause (G1 Evacuation Pause) (young) 51M->15M(64M), 0.0024080 secs]
Application time: 0.0767720 seconds
[GC pause (G1 Evacuation Pause) (young) 51M->15M(64M), 0.0024299 secs]
Application time: 0.0709388 seconds
[GC pause (G1 Evacuation Pause) (young) 51M->15M(64M), 0.0020450 secs]
Application time: 0.0439858 seconds
[GC pause (G1 Evacuation Pause) (young) 51M->16M(64M), 0.0021075 secs]
Application time: 0.0668489 seconds
[GC pause (G1 Evacuation Pause) (young) 51M->15M(64M), 0.0018944 secs]
Application time: 0.0574087 seconds
[GC pause (G1 Evacuation Pause) (young) 51M->15M(64M), 0.0020105 secs]
Application time: 0.0634858 seconds
[GC pause (G1 Evacuation Pause) (young) 51M->16M(64M), 0.0028629 secs]
Application time: 0.0609406 seconds
[GC pause (G1 Evacuation Pause) (young) 51M->15M(64M), 0.0019211 secs]
Application time: 0.0528454 seconds
[GC pause (G1 Evacuation Pause) (young) 51M->17M(64M), 0.0035632 secs]
Application time: 0.0655419 seconds
[GC pause (G1 Evacuation Pause) (young) 51M->16M(64M), 0.0027457 secs]
Application time: 0.0650633 seconds
[GC pause (G1 Evacuation Pause) (young) 53M->17M(64M), 0.0025674 secs]
Application time: 0.0661173 seconds
[GC pause (G1 Evacuation Pause) (young) 53M->17M(64M), 0.0021391 secs]
Application time: 0.0646668 seconds
[GC pause (G1 Evacuation Pause) (young) 53M->17M(64M), 0.0022607 secs]
Application time: 0.0610605 seconds
[GC pause (G1 Evacuation Pause) (young) 52M->17M(64M), 0.0024805 secs]
Application time: 0.0565930 seconds
[GC pause (G1 Evacuation Pause) (young) 52M->17M(64M), 0.0026460 secs]
Application time: 0.0633155 seconds
[GC pause (G1 Evacuation Pause) (young) 52M->17M(64M), 0.0026274 secs]
Application time: 0.0678299 seconds
[GC pause (G1 Evacuation Pause) (young) 52M->17M(64M), 0.0022848 secs]
Application time: 0.0509085 seconds
[GC pause (G1 Evacuation Pause) (young) 52M->18M(64M), 0.0024361 secs]
Application time: 0.0650645 seconds
[GC pause (G1 Evacuation Pause) (young) 53M->17M(64M), 0.0024714 secs]
Application time: 0.0557232 seconds
[GC pause (G1 Evacuation Pause) (young) 52M->19M(64M), 0.0039124 secs]
Application time: 0.0598584 seconds
[GC pause (G1 Evacuation Pause) (young) 52M->17M(64M), 0.0026035 secs]
Application time: 0.0706944 seconds
[GC pause (G1 Evacuation Pause) (young) 53M->17M(64M), 0.0020572 secs]
Application time: 0.0545345 seconds
[GC pause (G1 Evacuation Pause) (young) 53M->20M(64M), 0.0040901 secs]
Application time: 0.0685897 seconds
[GC pause (G1 Evacuation Pause) (young) 52M->18M(64M), 0.0026156 secs]
Application time: 0.0732680 seconds
[GC pause (G1 Evacuation Pause) (young) 53M->19M(64M), 0.0024345 secs]
Application time: 0.0584191 seconds
[GC pause (G1 Evacuation Pause) (young) 54M->19M(64M), 0.0023075 secs]
Application time: 0.0469432 seconds
[GC pause (G1 Evacuation Pause) (young) 54M->19M(64M), 0.0022087 secs]
Application time: 0.0590440 seconds
[GC pause (G1 Evacuation Pause) (young) 54M->19M(64M), 0.0027310 secs]
Application time: 0.0408743 seconds
[GC pause (G1 Evacuation Pause) (young) 54M->19M(64M), 0.0020755 secs]
Application time: 0.0671700 seconds
[GC pause (G1 Evacuation Pause) (young) 54M->19M(64M), 0.0021785 secs]
Application time: 0.0661069 seconds
[GC pause (G1 Evacuation Pause) (young) 54M->19M(64M), 0.0020937 secs]
Application time: 0.0381954 seconds
[GC pause (G1 Evacuation Pause) (young) 54M->19M(64M), 0.0023755 secs]
Application time: 0.0535789 seconds
[GC pause (G1 Evacuation Pause) (young) 54M->19M(64M), 0.0020383 secs]
Application time: 0.0550243 seconds
[GC pause (G1 Evacuation Pause) (young) 54M->19M(64M), 0.0026063 secs]
Application time: 0.0619585 seconds
[GC pause (G1 Evacuation Pause) (young) 52M->19M(64M), 0.0024868 secs]
Application time: 0.0712495 seconds
[GC pause (G1 Evacuation Pause) (young) 54M->19M(64M), 0.0021674 secs]
Application time: 0.0450566 seconds
[GC pause (G1 Evacuation Pause) (young) 54M->19M(64M), 0.0019212 secs]
Application time: 0.0458053 seconds
[GC pause (G1 Evacuation Pause) (young) 54M->21M(64M), 0.0037541 secs]
Application time: 0.0525697 seconds
[GC pause (G1 Evacuation Pause) (young) 52M->19M(64M), 0.0020670 secs]
Application time: 0.0696268 seconds
[GC pause (G1 Evacuation Pause) (young) 53M->19M(64M), 0.0022236 secs]
Application time: 0.0511830 seconds
[GC pause (G1 Evacuation Pause) (young) 54M->19M(64M), 0.0022653 secs]
Application time: 0.0396316 seconds
[GC pause (G1 Evacuation Pause) (young) 54M->19M(64M), 0.0022546 secs]
Application time: 0.0452640 seconds
[GC pause (G1 Evacuation Pause) (young) 54M->22M(64M), 0.0049348 secs]
Application time: 0.0670369 seconds
[GC pause (G1 Evacuation Pause) (young) 51M->22M(64M), 0.0044857 secs]
Application time: 0.0674700 seconds
[GC pause (G1 Evacuation Pause) (young) 53M->21M(64M), 0.0035639 secs]
Application time: 0.0454906 seconds
[GC pause (G1 Evacuation Pause) (young) 52M->22M(64M), 0.0022329 secs]
Application time: 0.0399010 seconds
[GC pause (G1 Evacuation Pause) (young) 53M->22M(64M), 0.0019285 secs]
Application time: 0.0358103 seconds
[GC pause (G1 Evacuation Pause) (young) 54M->23M(64M), 0.0025974 secs]
Application time: 0.0575107 seconds
[GC pause (G1 Evacuation Pause) (young) 53M->22M(64M), 0.0022875 secs]
Application time: 0.0585227 seconds
[GC pause (G1 Evacuation Pause) (young) 52M->22M(64M), 0.0025720 secs]
Application time: 0.0495146 seconds
[GC pause (G1 Evacuation Pause) (young) 52M->23M(64M), 0.0025275 secs]
Application time: 0.0374029 seconds
[GC pause (G1 Evacuation Pause) (young) 53M->22M(64M), 0.0023621 secs]
Application time: 0.0436763 seconds
[GC pause (G1 Evacuation Pause) (young) 52M->24M(64M), 0.0041298 secs]
Application time: 0.0308002 seconds
[GC pause (G1 Evacuation Pause) (young) 50M->23M(64M), 0.0025516 secs]
Application time: 0.0581120 seconds
[GC pause (G1 Evacuation Pause) (young) 53M->23M(64M), 0.0023928 secs]
Application time: 0.0508574 seconds
[GC pause (G1 Evacuation Pause) (young) 54M->23M(64M), 0.0024038 secs]
Application time: 0.0501615 seconds
[GC pause (G1 Evacuation Pause) (young) 54M->23M(64M), 0.0022497 secs]
Application time: 0.0567643 seconds
[GC pause (G1 Evacuation Pause) (young) 54M->24M(64M), 0.0031852 secs]
Application time: 0.0478851 seconds
[GC pause (G1 Evacuation Pause) (young) 53M->23M(64M), 0.0022276 secs]
Application time: 0.0411693 seconds
[GC pause (G1 Evacuation Pause) (young) 53M->24M(64M), 0.0021444 secs]
Application time: 0.0621559 seconds
[GC pause (G1 Evacuation Pause) (young) 54M->24M(64M), 0.0023388 secs]
Application time: 0.0568344 seconds
[GC pause (G1 Evacuation Pause) (young) 54M->24M(64M), 0.0025085 secs]
Application time: 0.0346704 seconds
[GC pause (G1 Evacuation Pause) (young) 54M->24M(64M), 0.0021314 secs]
Application time: 0.0536369 seconds
[GC pause (G1 Evacuation Pause) (young) 54M->24M(64M), 0.0022080 secs]
Application time: 0.0325434 seconds
[GC pause (G1 Evacuation Pause) (young) 52M->24M(64M), 0.0022318 secs]
Application time: 0.0585707 seconds
[GC pause (G1 Evacuation Pause) (young) 54M->24M(64M), 0.0020912 secs]
Application time: 0.0490926 seconds
[GC pause (G1 Evacuation Pause) (young) 54M->24M(64M), 0.0024106 secs]
Application time: 0.0514573 seconds
[GC pause (G1 Evacuation Pause) (young) 54M->24M(64M), 0.0020202 secs]
Application time: 0.0343889 seconds
[GC pause (G1 Evacuation Pause) (young) 54M->24M(64M), 0.0022359 secs]
Application time: 0.0427066 seconds
[GC pause (G1 Evacuation Pause) (young) 54M->24M(64M), 0.0023118 secs]
Application time: 0.0487800 seconds
[GC pause (G1 Evacuation Pause) (young) 52M->24M(64M), 0.0024069 secs]
Application time: 0.0513759 seconds
[GC pause (G1 Evacuation Pause) (young) 52M->24M(64M), 0.0022562 secs]
Application time: 0.0514778 seconds
[GC pause (G1 Evacuation Pause) (young) 54M->24M(64M), 0.0020628 secs]
Application time: 0.0458792 seconds
[GC pause (G1 Evacuation Pause) (young) 54M->24M(64M), 0.0022368 secs]
Application time: 0.0317296 seconds
[GC pause (G1 Evacuation Pause) (young) 54M->24M(64M), 0.0022393 secs]
Application time: 0.0423081 seconds
[GC pause (G1 Evacuation Pause) (young) 52M->25M(64M), 0.0028250 secs]
Application time: 0.0524778 seconds
[GC pause (G1 Evacuation Pause) (young) 53M->24M(64M), 0.0029261 secs]
Application time: 0.0570185 seconds
[GC pause (G1 Evacuation Pause) (young) 54M->24M(64M), 0.0022133 secs]
Application time: 0.0481041 seconds
[GC pause (G1 Evacuation Pause) (young) 54M->24M(64M), 0.0023385 secs]
Application time: 0.0399002 seconds
[GC pause (G1 Evacuation Pause) (young) 54M->25M(64M), 0.0023839 secs]
Application time: 0.0376459 seconds
[GC pause (G1 Evacuation Pause) (young) 53M->25M(64M), 0.0021411 secs]
Application time: 0.0410736 seconds
[GC pause (G1 Evacuation Pause) (young) 53M->25M(64M), 0.0023199 secs]
Application time: 0.0540132 seconds
[GC pause (G1 Evacuation Pause) (young) 53M->24M(64M), 0.0021537 secs]
Application time: 0.0549165 seconds
[GC pause (G1 Evacuation Pause) (young) 54M->24M(64M), 0.0024469 secs]
Application time: 0.0408222 seconds
[GC pause (G1 Evacuation Pause) (young) 54M->24M(64M), 0.0022519 secs]
Application time: 0.0455023 seconds
[GC pause (G1 Evacuation Pause) (young) 54M->26M(64M), 0.0036803 secs]
Application time: 0.0350068 seconds
[GC pause (G1 Evacuation Pause) (young) 52M->25M(64M), 0.0020754 secs]
Application time: 0.0499505 seconds
[GC pause (G1 Evacuation Pause) (young) 54M->26M(64M), 0.0027613 secs]
Application time: 0.0527775 seconds
[GC pause (G1 Evacuation Pause) (young) 53M->25M(64M), 0.0019428 secs]
Application time: 0.0517349 seconds
[GC pause (G1 Evacuation Pause) (young) 54M->25M(64M), 0.0018583 secs]
Application time: 0.0439094 seconds
[GC pause (G1 Evacuation Pause) (young) 54M->26M(64M), 0.0027803 secs]
Application time: 0.0457108 seconds
[GC pause (G1 Evacuation Pause) (young) 53M->26M(64M), 0.0020358 secs]
Application time: 0.0583695 seconds
[GC pause (G1 Evacuation Pause) (young) 54M->26M(64M), 0.0018184 secs]
Application time: 0.0312969 seconds
[GC pause (G1 Evacuation Pause) (young) 54M->26M(64M), 0.0016351 secs]
Application time: 0.0537734 seconds
[GC pause (G1 Evacuation Pause) (young) 54M->28M(64M), 0.0035043 secs]
Application time: 0.0280853 seconds
[GC pause (G1 Evacuation Pause) (young) 52M->28M(64M), 0.0032261 secs]
Application time: 0.0502040 seconds
[GC pause (G1 Evacuation Pause) (young) 54M->28M(64M), 0.0030270 secs]
Application time: 0.0469354 seconds
[GC pause (G1 Evacuation Pause) (young) 53M->29M(64M), 0.0016040 secs]
Application time: 0.0444789 seconds
[GC pause (G1 Evacuation Pause) (young) 54M->28M(64M), 0.0016517 secs]
Application time: 0.0402188 seconds
[GC pause (G1 Evacuation Pause) (young) 53M->29M(64M), 0.0018049 secs]
Application time: 0.0306427 seconds
[GC pause (G1 Evacuation Pause) (young) 54M->29M(64M), 0.0016502 secs]
Application time: 0.0254631 seconds
[GC pause (G1 Evacuation Pause) (young) 54M->29M(64M), 0.0016191 secs]
Application time: 0.0508932 seconds
[GC pause (G1 Evacuation Pause) (young) 54M->29M(64M), 0.0027653 secs]
Application time: 0.0353983 seconds
[GC pause (G1 Evacuation Pause) (young) 52M->29M(64M), 0.0019609 secs]
Application time: 0.0575823 seconds
[GC pause (G1 Evacuation Pause) (young) 54M->29M(64M), 0.0019371 secs]
Application time: 0.0392216 seconds
[GC pause (G1 Evacuation Pause) (young) 54M->29M(64M), 0.0018666 secs]
Application time: 0.0443699 seconds
[GC pause (G1 Evacuation Pause) (young) 54M->29M(64M), 0.0019847 secs]
Application time: 0.0229454 seconds
[GC pause (G1 Evacuation Pause) (young) 54M->29M(64M), 0.0018633 secs]
Application time: 0.0278817 seconds
[GC pause (G1 Evacuation Pause) (young) 54M->29M(64M), 0.0018548 secs]
Application time: 0.0478428 seconds
[GC pause (G1 Evacuation Pause) (young) 52M->30M(64M), 0.0020703 secs]
Application time: 0.0430338 seconds
[GC pause (G1 Evacuation Pause) (young) 53M->29M(64M), 0.0020031 secs]
Application time: 0.0460541 seconds
[GC pause (G1 Evacuation Pause) (young) 52M->29M(64M), 0.0018133 secs]
Application time: 0.0381657 seconds
[GC pause (G1 Evacuation Pause) (young) 54M->29M(64M), 0.0018994 secs]
Application time: 0.0331615 seconds
[GC pause (G1 Evacuation Pause) (young) 52M->29M(64M), 0.0018824 secs]
Application time: 0.0377358 seconds
[GC pause (G1 Evacuation Pause) (young) 54M->29M(64M), 0.0018811 secs]
Application time: 0.0316755 seconds
[GC pause (G1 Evacuation Pause) (young) 52M->29M(64M), 0.0017979 secs]
Application time: 0.0411400 seconds
[GC pause (G1 Evacuation Pause) (young) 52M->31M(64M), 0.0035447 secs]
Application time: 0.0416943 seconds
[GC pause (G1 Evacuation Pause) (young) 52M->29M(64M), 0.0018761 secs]
Application time: 0.0380870 seconds
[GC pause (G1 Evacuation Pause) (young) (initial-mark) 52M->29M(64M), 0.0018626 secs]
[GC concurrent-root-region-scan-start]
[GC concurrent-root-region-scan-end, 0.0003544 secs]
[GC concurrent-mark-start]
[GC concurrent-mark-end, 0.0145495 secs]
Application time: 0.0149641 seconds
[GC remark, 0.0131048 secs]
Application time: 0.0000333 seconds
[GC cleanup 31M->26M(64M), 0.0002904 secs]
[GC concurrent-cleanup-start]
[GC concurrent-cleanup-end, 0.0000104 secs]
Application time: 0.0479199 seconds
[GC pause (G1 Evacuation Pause) (young) 49M->24M(64M), 0.0032432 secs]
Application time: 0.0017338 seconds
[GC pause (G1 Evacuation Pause) (mixed) 25M->17M(64M), 0.0019631 secs]
Application time: 0.0039339 seconds
[GC pause (G1 Evacuation Pause) (mixed) 19M->11M(64M), 0.0011444 secs]
Application time: 0.0052333 seconds
[GC pause (G1 Evacuation Pause) (mixed) 13M->10M(64M), 0.0012262 secs]
Application time: 0.0484642 seconds
[GC pause (G1 Evacuation Pause) (young) 47M->11M(64M), 0.0016901 secs]
Application time: 0.0517582 seconds
[GC pause (G1 Evacuation Pause) (young) 47M->11M(64M), 0.0018060 secs]
Application time: 0.0735405 seconds
[GC pause (G1 Evacuation Pause) (young) 47M->12M(64M), 0.0022088 secs]
Application time: 0.0701035 seconds
[GC pause (G1 Evacuation Pause) (young) 48M->12M(64M), 0.0022127 secs]
Application time: 0.0624053 seconds
[GC pause (G1 Evacuation Pause) (young) 48M->12M(64M), 0.0020852 secs]
Application time: 0.0377309 seconds
[GC pause (G1 Evacuation Pause) (young) 47M->12M(64M), 0.0019760 secs]
Application time: 0.0763276 seconds
[GC pause (G1 Evacuation Pause) (young) 48M->13M(64M), 0.0022038 secs]
Application time: 0.0730686 seconds
[GC pause (G1 Evacuation Pause) (young) 48M->12M(64M), 0.0019369 secs]
Application time: 0.0574979 seconds
[GC pause (G1 Evacuation Pause) (young) 48M->12M(64M), 0.0019016 secs]
Application time: 0.0577030 seconds
[GC pause (G1 Evacuation Pause) (young) 48M->12M(64M), 0.0019898 secs]
Application time: 0.0398024 seconds
[GC pause (G1 Evacuation Pause) (young) 47M->12M(64M), 0.0019746 secs]
Application time: 0.0720102 seconds
[GC pause (G1 Evacuation Pause) (young) 48M->12M(64M), 0.0024673 secs]
Application time: 0.0835501 seconds
[GC pause (G1 Evacuation Pause) (young) 48M->12M(64M), 0.0020289 secs]
Application time: 0.0632279 seconds
[GC pause (G1 Evacuation Pause) (young) 48M->12M(64M), 0.0020314 secs]
Application time: 0.0370236 seconds
[GC pause (G1 Evacuation Pause) (young) 48M->12M(64M), 0.0021472 secs]
Application time: 0.0707440 seconds
[GC pause (G1 Evacuation Pause) (young) 47M->13M(64M), 0.0020931 secs]
Application time: 0.0689611 seconds
[GC pause (G1 Evacuation Pause) (young) 48M->12M(64M), 0.0021278 secs]
Application time: 0.0661429 seconds
[GC pause (G1 Evacuation Pause) (young) 48M->12M(64M), 0.0021100 secs]
Application time: 0.0605102 seconds
[GC pause (G1 Evacuation Pause) (young) 47M->12M(64M), 0.0021552 secs]
Application time: 0.0385364 seconds
[GC pause (G1 Evacuation Pause) (young) 47M->12M(64M), 0.0018866 secs]
Application time: 0.0715851 seconds
[GC pause (G1 Evacuation Pause) (young) 48M->12M(64M), 0.0021398 secs]
Application time: 0.0746735 seconds
[GC pause (G1 Evacuation Pause) (young) 48M->12M(64M), 0.0020374 secs]
Application time: 0.0603360 seconds
[GC pause (G1 Evacuation Pause) (young) 48M->12M(64M), 0.0022466 secs]
Application time: 0.0500884 seconds
[GC pause (G1 Evacuation Pause) (young) 47M->12M(64M), 0.0019351 secs]
Application time: 0.0593978 seconds
[GC pause (G1 Evacuation Pause) (young) 48M->13M(64M), 0.0022027 secs]
Application time: 0.0685682 seconds
[GC pause (G1 Evacuation Pause) (young) 48M->12M(64M), 0.0019002 secs]
Application time: 0.0731978 seconds
[GC pause (G1 Evacuation Pause) (young) 48M->12M(64M), 0.0019808 secs]
Application time: 0.0661096 seconds
[GC pause (G1 Evacuation Pause) (young) 48M->12M(64M), 0.0020238 secs]
Application time: 0.0433192 seconds
[GC pause (G1 Evacuation Pause) (young) 48M->12M(64M), 0.0019894 secs]
Application time: 0.0609296 seconds
[GC pause (G1 Evacuation Pause) (young) 47M->12M(64M), 0.0021943 secs]
Application time: 0.0755267 seconds
[GC pause (G1 Evacuation Pause) (young) 47M->12M(64M), 0.0021873 secs]
Application time: 0.0666999 seconds
[GC pause (G1 Evacuation Pause) (young) 48M->12M(64M), 0.0021101 secs]
Application time: 0.0469266 seconds
[GC pause (G1 Evacuation Pause) (young) 48M->12M(64M), 0.0021157 secs]
Application time: 0.0546353 seconds
[GC pause (G1 Evacuation Pause) (young) 48M->12M(64M), 0.0022435 secs]
Application time: 0.0750800 seconds
[GC pause (G1 Evacuation Pause) (young) 48M->12M(64M), 0.0022217 secs]
Application time: 0.0656190 seconds
[GC pause (G1 Evacuation Pause) (young) 48M->12M(64M), 0.0024518 secs]
Application time: 0.0569655 seconds
[GC pause (G1 Evacuation Pause) (young) 47M->12M(64M), 0.0022280 secs]
Application time: 0.0492514 seconds
[GC pause (G1 Evacuation Pause) (young) 48M->13M(64M), 0.0027667 secs]
Application time: 0.0626955 seconds
[GC pause (G1 Evacuation Pause) (young) 48M->12M(64M), 0.0023163 secs]
Application time: 0.0750577 seconds
[GC pause (G1 Evacuation Pause) (young) 48M->12M(64M), 0.0024636 secs]
Application time: 0.0677931 seconds
[GC pause (G1 Evacuation Pause) (young) 48M->12M(64M), 0.0021503 secs]
Application time: 0.0437320 seconds
[GC pause (G1 Evacuation Pause) (young) 48M->12M(64M), 0.0020554 secs]
Application time: 0.0742253 seconds
[GC pause (G1 Evacuation Pause) (young) 48M->12M(64M), 0.0023816 secs]
Application time: 0.0934013 seconds
[GC pause (G1 Evacuation Pause) (young) 48M->12M(64M), 0.0021936 secs]
Application time: 0.0616891 seconds
[GC pause (G1 Evacuation Pause) (young) 47M->12M(64M), 0.0020927 secs]
Application time: 0.0693292 seconds
[GC pause (G1 Evacuation Pause) (young) 48M->12M(64M), 0.0018358 secs]
Application time: 0.0577022 seconds
[GC pause (G1 Evacuation Pause) (young) 48M->14M(64M), 0.0037280 secs]
Application time: 0.0463285 seconds
[GC pause (G1 Evacuation Pause) (young) 48M->12M(64M), 0.0018874 secs]
Application time: 0.0788801 seconds
[GC pause (G1 Evacuation Pause) (young) 48M->13M(64M), 0.0020821 secs]
Application time: 0.0748644 seconds
[GC pause (G1 Evacuation Pause) (young) 49M->13M(64M), 0.0020404 secs]
Application time: 0.0453794 seconds
[GC pause (G1 Evacuation Pause) (young) 49M->13M(64M), 0.0018601 secs]
Application time: 0.0708791 seconds
[GC pause (G1 Evacuation Pause) (young) 49M->13M(64M), 0.0018346 secs]
Application time: 0.0542847 seconds
[GC pause (G1 Evacuation Pause) (young) 49M->14M(64M), 0.0027844 secs]
Application time: 0.0687829 seconds
[GC pause (G1 Evacuation Pause) (young) 49M->13M(64M), 0.0019086 secs]
Application time: 0.0789312 seconds
[GC pause (G1 Evacuation Pause) (young) 49M->13M(64M), 0.0019239 secs]
Application time: 0.0486116 seconds
[GC pause (G1 Evacuation Pause) (young) 49M->13M(64M), 0.0019849 secs]
Application time: 0.0623558 seconds
[GC pause (G1 Evacuation Pause) (young) 49M->13M(64M), 0.0020794 secs]
Application time: 0.0764224 seconds
[GC pause (G1 Evacuation Pause) (young) 48M->13M(64M), 0.0019616 secs]
Application time: 0.0693407 seconds
[GC pause (G1 Evacuation Pause) (young) 49M->13M(64M), 0.0020248 secs]
Application time: 0.0610732 seconds
[GC pause (G1 Evacuation Pause) (young) 49M->13M(64M), 0.0019692 secs]
Application time: 0.0722799 seconds
[GC pause (G1 Evacuation Pause) (young) 49M->13M(64M), 0.0018755 secs]
Application time: 0.0477758 seconds
[GC pause (G1 Evacuation Pause) (young) 49M->13M(64M), 0.0019623 secs]
Application time: 0.0787590 seconds
[GC pause (G1 Evacuation Pause) (young) 49M->13M(64M), 0.0019462 secs]
Application time: 0.0757733 seconds
[GC pause (G1 Evacuation Pause) (young) 49M->13M(64M), 0.0023184 secs]
Application time: 0.0444870 seconds
[GC pause (G1 Evacuation Pause) (young) 49M->13M(64M), 0.0020579 secs]
Application time: 0.0635014 seconds
[GC pause (G1 Evacuation Pause) (young) 49M->13M(64M), 0.0019004 secs]
Application time: 0.0740046 seconds
[GC pause (G1 Evacuation Pause) (young) 49M->13M(64M), 0.0021925 secs]
Application time: 0.0636332 seconds
[GC pause (G1 Evacuation Pause) (young) 48M->13M(64M), 0.0020018 secs]
Application time: 0.0620153 seconds
[GC pause (G1 Evacuation Pause) (young) 49M->13M(64M), 0.0018878 secs]
Application time: 0.0670448 seconds
[GC pause (G1 Evacuation Pause) (young) 49M->14M(64M), 0.0020984 secs]
Application time: 0.0452086 seconds
[GC pause (G1 Evacuation Pause) (young) 49M->13M(64M), 0.0019271 secs]
Application time: 0.0800898 seconds
[GC pause (G1 Evacuation Pause) (young) 49M->13M(64M), 0.0038533 secs]
Application time: 0.0754519 seconds
[GC pause (G1 Evacuation Pause) (young) 49M->13M(64M), 0.0020840 secs]
Application time: 0.0445651 seconds
[GC pause (G1 Evacuation Pause) (young) 49M->13M(64M), 0.0020913 secs]
Application time: 0.0729407 seconds
[GC pause (G1 Evacuation Pause) (young) 49M->13M(64M), 0.0019161 secs]
Application time: 0.0628692 seconds
[GC pause (G1 Evacuation Pause) (young) 49M->15M(64M), 0.0038522 secs]
Application time: 0.0605719 seconds
[GC pause (G1 Evacuation Pause) (young) 48M->13M(64M), 0.0021049 secs]
Application time: 0.0757263 seconds
[GC pause (G1 Evacuation Pause) (young) 49M->13M(64M), 0.0022635 secs]
Application time: 0.0606822 seconds
[GC pause (G1 Evacuation Pause) (young) 50M->16M(64M), 0.0036567 secs]
Application time: 0.0594360 seconds
[GC pause (G1 Evacuation Pause) (young) 50M->14M(64M), 0.0020457 secs]
Application time: 0.0788722 seconds
[GC pause (G1 Evacuation Pause) (young) 50M->15M(64M), 0.0021778 secs]
Application time: 0.0710680 seconds
[GC pause (G1 Evacuation Pause) (young) 51M->15M(64M), 0.0019842 secs]
Application time: 0.0505133 seconds
[GC pause (G1 Evacuation Pause) (young) 51M->15M(64M), 0.0019100 secs]
Application time: 0.0712444 seconds
[GC pause (G1 Evacuation Pause) (young) 51M->15M(64M), 0.0020014 secs]
Application time: 0.0522460 seconds
[GC pause (G1 Evacuation Pause) (young) 51M->15M(64M), 0.0023574 secs]
Application time: 0.0753914 seconds
[GC pause (G1 Evacuation Pause) (young) 51M->15M(64M), 0.0023122 secs]
Application time: 0.0774801 seconds
[GC pause (G1 Evacuation Pause) (young) 51M->15M(64M), 0.0022895 secs]
Application time: 0.0467463 seconds
[GC pause (G1 Evacuation Pause) (young) 51M->15M(64M), 0.0024298 secs]
Application time: 0.0596130 seconds
[GC pause (G1 Evacuation Pause) (young) 51M->15M(64M), 0.0022152 secs]
Application time: 0.0773005 seconds
[GC pause (G1 Evacuation Pause) (young) 51M->15M(64M), 0.0025250 secs]
Application time: 0.0689757 seconds
[GC pause (G1 Evacuation Pause) (young) 51M->15M(64M), 0.0025228 secs]
Application time: 0.0545136 seconds
[GC pause (G1 Evacuation Pause) (young) 51M->15M(64M), 0.0023109 secs]
Application time: 0.0803355 seconds
[GC pause (G1 Evacuation Pause) (young) 51M->15M(64M), 0.0025709 secs]
Application time: 0.0463111 seconds
[GC pause (G1 Evacuation Pause) (young) 50M->15M(64M), 0.0024536 secs]
Application time: 0.0685720 seconds
[GC pause (G1 Evacuation Pause) (young) 51M->15M(64M), 0.0023350 secs]
Application time: 0.0724162 seconds
[GC pause (G1 Evacuation Pause) (young) 51M->15M(64M), 0.0026279 secs]
Application time: 0.0558803 seconds
[GC pause (G1 Evacuation Pause) (young) 51M->15M(64M), 0.0026095 secs]
Application time: 0.0698609 seconds
[GC pause (G1 Evacuation Pause) (young) 50M->15M(64M), 0.0024679 secs]
Application time: 0.0637701 seconds
[GC pause (G1 Evacuation Pause) (young) 51M->17M(64M), 0.0041537 secs]
Application time: 0.0643717 seconds
[GC pause (G1 Evacuation Pause) (young) 51M->15M(64M), 0.0022720 secs]
Application time: 0.0647339 seconds
[GC pause (G1 Evacuation Pause) (young) 51M->15M(64M), 0.0023183 secs]
Application time: 0.0680165 seconds
[GC pause (G1 Evacuation Pause) (young) 51M->16M(64M), 0.0023555 secs]
Application time: 0.0512511 seconds
[GC pause (G1 Evacuation Pause) (young) 51M->15M(64M), 0.0024349 secs]
Application time: 0.0762390 seconds
[GC pause (G1 Evacuation Pause) (young) 51M->16M(64M), 0.0024609 secs]
Application time: 0.0689803 seconds
[GC pause (G1 Evacuation Pause) (young) 51M->15M(64M), 0.0023636 secs]
Application time: 0.0629956 seconds
[GC pause (G1 Evacuation Pause) (young) 51M->15M(64M), 0.0023709 secs]
Application time: 0.0714035 seconds
[GC pause (G1 Evacuation Pause) (young) 51M->15M(64M), 0.0023676 secs]
Application time: 0.0595799 seconds
[GC pause (G1 Evacuation Pause) (young) 51M->15M(64M), 0.0024080 secs]
Application time: 0.0820699 seconds
[GC pause (G1 Evacuation Pause) (young) 51M->16M(64M), 0.0022815 secs]
Application time: 0.0558772 seconds
[GC pause (G1 Evacuation Pause) (young) 51M->15M(64M), 0.0020686 secs]
Application time: 0.0759817 seconds
[GC pause (G1 Evacuation Pause) (young) 51M->15M(64M), 0.0020575 secs]
Application time: 0.0779071 seconds
[GC pause (G1 Evacuation Pause) (young) 51M->15M(64M), 0.0021201 secs]
Application time: 0.0515447 seconds
[GC pause (G1 Evacuation Pause) (young) 51M->15M(64M), 0.0019797 secs]
Application time: 0.0752744 seconds
[GC pause (G1 Evacuation Pause) (young) 51M->15M(64M), 0.0021725 secs]
Application time: 0.0653994 seconds
[GC pause (G1 Evacuation Pause) (young) 51M->18M(64M), 0.0038712 secs]
Application time: 0.0632014 seconds
[GC pause (G1 Evacuation Pause) (young) 51M->16M(64M), 0.0020803 secs]
Application time: 0.0798542 seconds
[GC pause (G1 Evacuation Pause) (young) 52M->16M(64M), 0.0017458 secs]
Application time: 0.0575236 seconds
[GC pause (G1 Evacuation Pause) (young) 52M->17M(64M), 0.0020682 secs]
Application time: 0.0513800 seconds
[GC pause (G1 Evacuation Pause) (young) 52M->16M(64M), 0.0021572 secs]
Application time: 0.0840839 seconds
[GC pause (G1 Evacuation Pause) (young) 52M->17M(64M), 0.0022005 secs]
Application time: 0.0788958 seconds
[GC pause (G1 Evacuation Pause) (young) 52M->17M(64M), 0.0021520 secs]
Application time: 0.0536412 seconds
[GC pause (G1 Evacuation Pause) (young) 52M->16M(64M), 0.0019702 secs]
Application time: 0.0650734 seconds
[GC pause (G1 Evacuation Pause) (young) 52M->17M(64M), 0.0022858 secs]
Application time: 0.0516835 seconds
[GC pause (G1 Evacuation Pause) (young) 52M->17M(64M), 0.0021499 secs]
Application time: 0.0742883 seconds
[GC pause (G1 Evacuation Pause) (young) 52M->16M(64M), 0.0054853 secs]
Application time: 0.0861283 seconds
[GC pause (G1 Evacuation Pause) (young) 52M->16M(64M), 0.0019678 secs]
Application time: 0.0477760 seconds
[GC pause (G1 Evacuation Pause) (young) 52M->17M(64M), 0.0020789 secs]
Application time: 0.0672399 seconds
[GC pause (G1 Evacuation Pause) (young) 52M->17M(64M), 0.0020183 secs]
Application time: 0.0574876 seconds
[GC pause (G1 Evacuation Pause) (young) 52M->18M(64M), 0.0034579 secs]
Application time: 0.0680741 seconds
[GC pause (G1 Evacuation Pause) (young) 52M->17M(64M), 0.0021465 secs]
Application time: 0.0641782 seconds
[GC pause (G1 Evacuation Pause) (young) 53M->17M(64M), 0.0020750 secs]
Application time: 0.0677152 seconds
[GC pause (G1 Evacuation Pause) (young) 53M->18M(64M), 0.0020989 secs]
Application time: 0.0523580 seconds
[GC pause (G1 Evacuation Pause) (young) 53M->17M(64M), 0.0019242 secs]
Application time: 0.0667018 seconds
[GC pause (G1 Evacuation Pause) (young) 53M->18M(64M), 0.0020177 secs]
Application time: 0.0642600 seconds
[GC pause (G1 Evacuation Pause) (young) 53M->18M(64M), 0.0018429 secs]
Application time: 0.0551854 seconds
[GC pause (G1 Evacuation Pause) (young) 53M->18M(64M), 0.0025558 secs]
Application time: 0.0610775 seconds
[GC pause (G1 Evacuation Pause) (young) 53M->18M(64M), 0.0019436 secs]
Application time: 0.0563503 seconds
[GC pause (G1 Evacuation Pause) (young) 53M->18M(64M), 0.0018670 secs]
Application time: 0.0639408 seconds
[GC pause (G1 Evacuation Pause) (young) 53M->18M(64M), 0.0022016 secs]
Application time: 0.0506468 seconds
[GC pause (G1 Evacuation Pause) (young) 53M->17M(64M), 0.0021008 secs]
Application time: 0.0846353 seconds
[GC pause (G1 Evacuation Pause) (young) 53M->18M(64M), 0.0020453 secs]
Application time: 0.0675718 seconds
[GC pause (G1 Evacuation Pause) (young) 53M->17M(64M), 0.0020912 secs]
Application time: 0.0495317 seconds
[GC pause (G1 Evacuation Pause) (young) 53M->18M(64M), 0.0020934 secs]
Application time: 0.0700724 seconds
[GC pause (G1 Evacuation Pause) (young) 53M->18M(64M), 0.0020665 secs]
Application time: 0.0510628 seconds
[GC pause (G1 Evacuation Pause) (young) 53M->18M(64M), 0.0019648 secs]
Application time: 0.0670155 seconds
[GC pause (G1 Evacuation Pause) (young) 53M->18M(64M), 0.0019995 secs]
Application time: 0.0758047 seconds
[GC pause (G1 Evacuation Pause) (young) 53M->18M(64M), 0.0018847 secs]
Application time: 0.0423760 seconds
[GC pause (G1 Evacuation Pause) (young) 53M->18M(64M), 0.0019874 secs]
Application time: 0.0604612 seconds
[GC pause (G1 Evacuation Pause) (young) 53M->17M(64M), 0.0019026 secs]
Application time: 0.0705016 seconds
[GC pause (G1 Evacuation Pause) (young) 53M->18M(64M), 0.0019741 secs]
Application time: 0.0649126 seconds
[GC pause (G1 Evacuation Pause) (young) 53M->18M(64M), 0.0019773 secs]
Application time: 0.0606584 seconds
[GC pause (G1 Evacuation Pause) (young) 53M->17M(64M), 0.0020066 secs]
Application time: 0.0628071 seconds
[GC pause (G1 Evacuation Pause) (young) 53M->18M(64M), 0.0021151 secs]
Application time: 0.0478312 seconds
[GC pause (G1 Evacuation Pause) (young) 53M->18M(64M), 0.0019308 secs]
Application time: 0.0934206 seconds
[GC pause (G1 Evacuation Pause) (young) 53M->18M(64M), 0.0021993 secs]
Application time: 0.0700736 seconds
[GC pause (G1 Evacuation Pause) (young) 53M->18M(64M), 0.0020018 secs]
Application time: 0.0551340 seconds
[GC pause (G1 Evacuation Pause) (young) 53M->18M(64M), 0.0019279 secs]
Application time: 0.0454529 seconds
[GC pause (G1 Evacuation Pause) (young) 53M->18M(64M), 0.0019983 secs]
Application time: 0.0864317 seconds
[GC pause (G1 Evacuation Pause) (young) 53M->18M(64M), 0.0025802 secs]
Application time: 0.0775009 seconds
[GC pause (G1 Evacuation Pause) (young) 53M->18M(64M), 0.0024555 secs]
Application time: 0.0601911 seconds
[GC pause (G1 Evacuation Pause) (young) 53M->17M(64M), 0.0023190 secs]
Application time: 0.0656609 seconds
[GC pause (G1 Evacuation Pause) (young) 53M->17M(64M), 0.0024372 secs]
Application time: 0.0520797 seconds
[GC pause (G1 Evacuation Pause) (young) 53M->18M(64M), 0.0026151 secs]
Application time: 0.0691598 seconds
[GC pause (G1 Evacuation Pause) (young) 53M->18M(64M), 0.0023427 secs]
Application time: 0.0710716 seconds
[GC pause (G1 Evacuation Pause) (young) 53M->18M(64M), 0.0023663 secs]
Application time: 0.0621286 seconds
[GC pause (G1 Evacuation Pause) (young) 53M->18M(64M), 0.0023807 secs]
Application time: 0.0498725 seconds
[GC pause (G1 Evacuation Pause) (young) 53M->19M(64M), 0.0036736 secs]
Application time: 0.0441826 seconds
[GC pause (G1 Evacuation Pause) (young) 52M->18M(64M), 0.0029227 secs]
Application time: 0.0776116 seconds
[GC pause (G1 Evacuation Pause) (young) 54M->18M(64M), 0.0024944 secs]
Application time: 0.0736896 seconds
[GC pause (G1 Evacuation Pause) (young) 54M->18M(64M), 0.0022793 secs]
Application time: 0.0445587 seconds
[GC pause (G1 Evacuation Pause) (young) 54M->18M(64M), 0.0022824 secs]
Application time: 0.0676424 seconds
[GC pause (G1 Evacuation Pause) (young) 54M->18M(64M), 0.0023834 secs]
Application time: 0.0570404 seconds
[GC pause (G1 Evacuation Pause) (young) 54M->20M(64M), 0.0036301 secs]
Application time: 0.0567187 seconds
[GC pause (G1 Evacuation Pause) (young) 52M->18M(64M), 0.0023831 secs]
Application time: 0.0690667 seconds
[GC pause (G1 Evacuation Pause) (young) 53M->18M(64M), 0.0021627 secs]
Application time: 0.0499456 seconds
[GC pause (G1 Evacuation Pause) (young) 53M->21M(64M), 0.0041273 secs]
Application time: 0.0597203 seconds
[GC pause (G1 Evacuation Pause) (young) 52M->19M(64M), 0.0026190 secs]
Application time: 0.0554371 seconds
[GC pause (G1 Evacuation Pause) (young) 53M->19M(64M), 0.0026437 secs]
Application time: 0.0582255 seconds
[GC pause (G1 Evacuation Pause) (young) 53M->19M(64M), 0.0048712 secs]
Application time: 0.0572990 seconds
[GC pause (G1 Evacuation Pause) (young) 54M->20M(64M), 0.0043011 secs]
Application time: 0.0597346 seconds
[GC pause (G1 Evacuation Pause) (young) 53M->20M(64M), 0.0033570 secs]
Application time: 0.0635322 seconds
[GC pause (G1 Evacuation Pause) (young) 53M->20M(64M), 0.0025539 secs]
Application time: 0.0551422 seconds
[GC pause (G1 Evacuation Pause) (young) 53M->20M(64M), 0.0029383 secs]
Application time: 0.0585120 seconds
[GC pause (G1 Evacuation Pause) (young) 53M->19M(64M), 0.0025708 secs]
Application time: 0.0541103 seconds
[GC pause (G1 Evacuation Pause) (young) 54M->19M(64M), 0.0023040 secs]
Application time: 0.0652147 seconds
[GC pause (G1 Evacuation Pause) (young) 54M->19M(64M), 0.0023835 secs]
Application time: 0.0692774 seconds
[GC pause (G1 Evacuation Pause) (young) 54M->19M(64M), 0.0023214 secs]
Application time: 0.0477346 seconds
[GC pause (G1 Evacuation Pause) (young) 54M->19M(64M), 0.0023258 secs]
Application time: 0.0644001 seconds
[GC pause (G1 Evacuation Pause) (young) 54M->20M(64M), 0.0025451 secs]
Application time: 0.0531313 seconds
[GC pause (G1 Evacuation Pause) (young) 53M->21M(64M), 0.0043282 secs]
Application time: 0.0551354 seconds
[GC pause (G1 Evacuation Pause) (young) 52M->20M(64M), 0.0025631 secs]
Application time: 0.0736759 seconds
[GC pause (G1 Evacuation Pause) (young) 54M->20M(64M), 0.0022788 secs]
Application time: 0.0469105 seconds
[GC pause (G1 Evacuation Pause) (young) 54M->21M(64M), 0.0037140 secs]
Application time: 0.0588957 seconds
[GC pause (G1 Evacuation Pause) (young) 53M->20M(64M), 0.0023250 secs]
Application time: 0.0571033 seconds
[GC pause (G1 Evacuation Pause) (young) 53M->23M(64M), 0.0044665 secs]
Application time: 0.0486348 seconds
[GC pause (G1 Evacuation Pause) (young) 52M->21M(64M), 0.0023398 secs]
Application time: 0.0699571 seconds
[GC pause (G1 Evacuation Pause) (young) 52M->21M(64M), 0.0022387 secs]
Application time: 0.0470277 seconds
[GC pause (G1 Evacuation Pause) (young) 52M->21M(64M), 0.0022928 secs]
Application time: 0.0744164 seconds
[GC pause (G1 Evacuation Pause) (young) 53M->22M(64M), 0.0024286 secs]
Application time: 0.0482802 seconds
[GC pause (G1 Evacuation Pause) (young) 54M->22M(64M), 0.0024467 secs]
Application time: 0.0595858 seconds
[GC pause (G1 Evacuation Pause) (young) 54M->23M(64M), 0.0025515 secs]
Application time: 0.0571327 seconds
[GC pause (G1 Evacuation Pause) (young) 53M->22M(64M), 0.0023587 secs]
Application time: 0.0462313 seconds
[GC pause (G1 Evacuation Pause) (young) 52M->22M(64M), 0.0022223 secs]
Application time: 0.0556601 seconds
[GC pause (G1 Evacuation Pause) (young) 54M->22M(64M), 0.0024292 secs]
Application time: 0.0556450 seconds
[GC pause (G1 Evacuation Pause) (young) 54M->22M(64M), 0.0021918 secs]
Application time: 0.0484922 seconds
[GC pause (G1 Evacuation Pause) (young) 54M->24M(64M), 0.0041718 secs]
Application time: 0.0565245 seconds
[GC pause (G1 Evacuation Pause) (young) 52M->22M(64M), 0.0023831 secs]
Application time: 0.0459118 seconds
[GC pause (G1 Evacuation Pause) (young) 53M->22M(64M), 0.0021916 secs]
Application time: 0.0612758 seconds
[GC pause (G1 Evacuation Pause) (young) 53M->23M(64M), 0.0022899 secs]
Application time: 0.0613619 seconds
[GC pause (G1 Evacuation Pause) (young) 54M->23M(64M), 0.0021896 secs]
Application time: 0.0438023 seconds
[GC pause (G1 Evacuation Pause) (young) 54M->23M(64M), 0.0023189 secs]
Application time: 0.0591152 seconds
[GC pause (G1 Evacuation Pause) (young) 54M->23M(64M), 0.0023955 secs]
Application time: 0.0447473 seconds
[GC pause (G1 Evacuation Pause) (young) 54M->23M(64M), 0.0023771 secs]
Application time: 0.0738106 seconds
[GC pause (G1 Evacuation Pause) (young) 54M->23M(64M), 0.0024966 secs]
Application time: 0.0527445 seconds
[GC pause (G1 Evacuation Pause) (young) 52M->23M(64M), 0.0022527 secs]
Application time: 0.0446412 seconds
[GC pause (G1 Evacuation Pause) (young) 54M->23M(64M), 0.0022678 secs]
Application time: 0.0561896 seconds
[GC pause (G1 Evacuation Pause) (young) 54M->23M(64M), 0.0025436 secs]
Application time: 0.0538608 seconds
[GC pause (G1 Evacuation Pause) (young) 52M->23M(64M), 0.0025830 secs]
Application time: 0.0470305 seconds
[GC pause (G1 Evacuation Pause) (young) 54M->23M(64M), 0.0024397 secs]
Application time: 0.0561123 seconds
[GC pause (G1 Evacuation Pause) (young) 54M->23M(64M), 0.0024106 secs]
Application time: 0.0501354 seconds
[GC pause (G1 Evacuation Pause) (young) 54M->23M(64M), 0.0026600 secs]
Application time: 0.0561629 seconds
[GC pause (G1 Evacuation Pause) (young) 54M->25M(64M), 0.0044337 secs]
Application time: 0.0468826 seconds
[GC pause (G1 Evacuation Pause) (young) 50M->23M(64M), 0.0026576 secs]
Application time: 0.0497127 seconds
[GC pause (G1 Evacuation Pause) (young) 53M->23M(64M), 0.0020547 secs]
Application time: 0.0565262 seconds
[GC pause (G1 Evacuation Pause) (young) 54M->24M(64M), 0.0020794 secs]
Application time: 0.0573806 seconds
[GC pause (G1 Evacuation Pause) (young) 54M->24M(64M), 0.0020779 secs]
Application time: 0.0431860 seconds
[GC pause (G1 Evacuation Pause) (young) 54M->24M(64M), 0.0021491 secs]
Application time: 0.0553407 seconds
[GC pause (G1 Evacuation Pause) (young) 54M->25M(64M), 0.0025561 secs]
Application time: 0.0411871 seconds
[GC pause (G1 Evacuation Pause) (young) 53M->24M(64M), 0.0022512 secs]
Application time: 0.0535689 seconds
[GC pause (G1 Evacuation Pause) (young) 54M->26M(64M), 0.0041126 secs]
Application time: 0.0422147 seconds
[GC pause (G1 Evacuation Pause) (young) 52M->25M(64M), 0.0022873 secs]
Application time: 0.0623390 seconds
[GC pause (G1 Evacuation Pause) (young) 53M->25M(64M), 0.0022482 secs]
Application time: 0.0343984 seconds
[GC pause (G1 Evacuation Pause) (young) 54M->25M(64M), 0.0018700 secs]
Application time: 0.0573452 seconds
[GC pause (G1 Evacuation Pause) (young) 54M->26M(64M), 0.0023258 secs]
Application time: 0.0297167 seconds
[GC pause (G1 Evacuation Pause) (young) 53M->25M(64M), 0.0021608 secs]
Application time: 0.0833362 seconds
[GC pause (G1 Evacuation Pause) (young) 54M->26M(64M), 0.0026201 secs]
Application time: 0.0488579 seconds
[GC pause (G1 Evacuation Pause) (young) 53M->25M(64M), 0.0024032 secs]
Application time: 0.0622326 seconds
[GC pause (G1 Evacuation Pause) (young) 54M->26M(64M), 0.0022752 secs]
Application time: 0.0279402 seconds
[GC pause (G1 Evacuation Pause) (young) 53M->25M(64M), 0.0024273 secs]
Application time: 0.0596874 seconds
[GC pause (G1 Evacuation Pause) (young) 54M->26M(64M), 0.0024345 secs]
Application time: 0.0386614 seconds
[GC pause (G1 Evacuation Pause) (young) 53M->25M(64M), 0.0023024 secs]
Application time: 0.0750219 seconds
[GC pause (G1 Evacuation Pause) (young) 54M->25M(64M), 0.0021779 secs]
Application time: 0.0527825 seconds
[GC pause (G1 Evacuation Pause) (young) 54M->25M(64M), 0.0024201 secs]
Application time: 0.0549432 seconds
[GC pause (G1 Evacuation Pause) (young) 54M->25M(64M), 0.0022680 secs]
Application time: 0.0335496 seconds
[GC pause (G1 Evacuation Pause) (young) 54M->25M(64M), 0.0021156 secs]
Application time: 0.0581887 seconds
[GC pause (G1 Evacuation Pause) (young) 54M->25M(64M), 0.0022286 secs]
Application time: 0.0412861 seconds
[GC pause (G1 Evacuation Pause) (young) 54M->25M(64M), 0.0022501 secs]
Application time: 0.0674000 seconds
[GC pause (G1 Evacuation Pause) (young) 54M->25M(64M), 0.0022584 secs]
Application time: 0.0614959 seconds
[GC pause (G1 Evacuation Pause) (young) 54M->25M(64M), 0.0022739 secs]
Application time: 0.0458606 seconds
[GC pause (G1 Evacuation Pause) (young) 54M->26M(64M), 0.0022346 secs]
Application time: 0.0523309 seconds
[GC pause (G1 Evacuation Pause) (young) 53M->25M(64M), 0.0018637 secs]
Application time: 0.0579900 seconds
[GC pause (G1 Evacuation Pause) (young) 54M->25M(64M), 0.0019749 secs]
Application time: 0.0382081 seconds
[GC pause (G1 Evacuation Pause) (young) 54M->25M(64M), 0.0021192 secs]
Application time: 0.0532203 seconds
[GC pause (G1 Evacuation Pause) (young) 54M->26M(64M), 0.0020188 secs]
Application time: 0.0433900 seconds
[GC pause (G1 Evacuation Pause) (young) 53M->25M(64M), 0.0018433 secs]
Application time: 0.0478479 seconds
[GC pause (G1 Evacuation Pause) (young) 54M->27M(64M), 0.0035510 secs]
Application time: 0.0403990 seconds
[GC pause (G1 Evacuation Pause) (young) 52M->27M(64M), 0.0037631 secs]
Application time: 0.0536010 seconds
[GC pause (G1 Evacuation Pause) (young) 53M->27M(64M), 0.0029737 secs]
Application time: 0.0346019 seconds
[GC pause (G1 Evacuation Pause) (young) 53M->27M(64M), 0.0015967 secs]
Application time: 0.0488081 seconds
[GC pause (G1 Evacuation Pause) (young) 53M->28M(64M), 0.0018656 secs]
Application time: 0.0487956 seconds
[GC pause (G1 Evacuation Pause) (young) 54M->28M(64M), 0.0019423 secs]
Application time: 0.0357531 seconds
[GC pause (G1 Evacuation Pause) (young) 54M->28M(64M), 0.0020358 secs]
Application time: 0.0772014 seconds
[GC pause (G1 Evacuation Pause) (young) 54M->28M(64M), 0.0022283 secs]
Application time: 0.0478634 seconds
[GC pause (G1 Evacuation Pause) (young) 52M->28M(64M), 0.0019979 secs]
Application time: 0.0389924 seconds
[GC pause (G1 Evacuation Pause) (young) 52M->28M(64M), 0.0020156 secs]
Application time: 0.0539787 seconds
[GC pause (G1 Evacuation Pause) (young) 52M->28M(64M), 0.0017776 secs]
Application time: 0.0355703 seconds
[GC pause (G1 Evacuation Pause) (young) 52M->28M(64M), 0.0019301 secs]
Application time: 0.0542724 seconds
[GC pause (G1 Evacuation Pause) (young) 54M->28M(64M), 0.0019688 secs]
Application time: 0.0317734 seconds
[GC pause (G1 Evacuation Pause) (young) 54M->28M(64M), 0.0020452 secs]
Application time: 0.0510820 seconds
[GC pause (G1 Evacuation Pause) (young) 54M->28M(64M), 0.0019694 secs]
Application time: 0.0357865 seconds
[GC pause (G1 Evacuation Pause) (young) 54M->28M(64M), 0.0019517 secs]
Application time: 0.0624672 seconds
[GC pause (G1 Evacuation Pause) (young) 54M->28M(64M), 0.0019499 secs]
Application time: 0.0626997 seconds
[GC pause (G1 Evacuation Pause) (young) 52M->28M(64M), 0.0019902 secs]
Application time: 0.0612512 seconds
[GC pause (G1 Evacuation Pause) (young) 54M->28M(64M), 0.0019077 secs]
Application time: 0.0622262 seconds
[GC pause (G1 Evacuation Pause) (young) 54M->28M(64M), 0.0017471 secs]
Application time: 0.0370265 seconds
[GC pause (G1 Evacuation Pause) (young) 54M->28M(64M), 0.0017338 secs]
Application time: 0.0356600 seconds
[GC pause (G1 Evacuation Pause) (young) 54M->28M(64M), 0.0017336 secs]
Application time: 0.0680531 seconds
[GC pause (G1 Evacuation Pause) (young) 54M->30M(64M), 0.0035619 secs]
Application time: 0.0656089 seconds
[GC pause (G1 Evacuation Pause) (young) 52M->28M(64M), 0.0020323 secs]
Application time: 0.0491173 seconds
[GC pause (G1 Evacuation Pause) (young) 52M->28M(64M), 0.0016823 secs]
Application time: 0.0857399 seconds
[GC pause (G1 Evacuation Pause) (young) 53M->28M(64M), 0.0022072 secs]
Application time: 0.0573430 seconds
[GC pause (G1 Evacuation Pause) (young) 53M->28M(64M), 0.0018825 secs]
Application time: 0.0714314 seconds
[GC pause (G1 Evacuation Pause) (young) 53M->29M(64M), 0.0023592 secs]
Application time: 0.0334739 seconds
[GC pause (G1 Evacuation Pause) (young) 52M->29M(64M), 0.0022637 secs]
Application time: 0.0566032 seconds
[GC pause (G1 Evacuation Pause) (young) 52M->30M(64M), 0.0025097 secs]
Application time: 0.0627338 seconds
[GC pause (G1 Evacuation Pause) (young) 53M->30M(64M), 0.0024227 secs]
Application time: 0.0577522 seconds
[GC pause (G1 Evacuation Pause) (young) 53M->29M(64M), 0.0021431 secs]
Application time: 0.0772299 seconds
[GC pause (G1 Evacuation Pause) (young) 54M->29M(64M), 0.0023952 secs]
Application time: 0.0661348 seconds
[GC pause (G1 Evacuation Pause) (young) 54M->30M(64M), 0.0024639 secs]
Application time: 0.0362608 seconds
[GC pause (G1 Evacuation Pause) (young) 53M->30M(64M), 0.0022818 secs]
Application time: 0.0311404 seconds
[GC pause (G1 Evacuation Pause) (young) 53M->30M(64M), 0.0022735 secs]
Application time: 0.0472780 seconds
[GC pause (G1 Evacuation Pause) (young) 53M->30M(64M), 0.0022071 secs]
Application time: 0.0466784 seconds
[GC pause (G1 Evacuation Pause) (young) 53M->30M(64M), 0.0022723 secs]
Application time: 0.0431898 seconds
[GC pause (G1 Evacuation Pause) (young) 53M->30M(64M), 0.0023602 secs]
Application time: 0.0442098 seconds
[GC pause (G1 Evacuation Pause) (young) 53M->30M(64M), 0.0021744 secs]
Application time: 0.0267618 seconds
[GC pause (G1 Evacuation Pause) (young) 53M->29M(64M), 0.0022365 secs]
Application time: 0.0424015 seconds
[GC pause (G1 Evacuation Pause) (young) 54M->31M(64M), 0.0042150 secs]
Application time: 0.0303306 seconds
[GC pause (G1 Evacuation Pause) (young) 52M->30M(64M), 0.0024372 secs]
Application time: 0.0433041 seconds
[GC pause (G1 Evacuation Pause) (young) (initial-mark) 54M->32M(64M), 0.0041335 secs]
[GC concurrent-root-region-scan-start]
[GC concurrent-root-region-scan-end, 0.0016316 secs]
[GC concurrent-mark-start]
[GC concurrent-mark-end, 0.0084003 secs]
Application time: 0.0100814 seconds
[GC remark, 0.0088737 secs]
Application time: 0.0000386 seconds
[GC cleanup 33M->27M(64M), 0.0003175 secs]
[GC concurrent-cleanup-start]
[GC concurrent-cleanup-end, 0.0000133 secs]
Application time: 0.0451889 seconds
[GC pause (G1 Evacuation Pause) (young) 46M->24M(64M), 0.0019920 secs]
Application time: 0.0019045 seconds
[GC pause (G1 Evacuation Pause) (mixed) 25M->18M(64M), 0.0017200 secs]
Application time: 0.0044776 seconds
[GC pause (G1 Evacuation Pause) (mixed) 20M->11M(64M), 0.0015060 secs]
Application time: 0.0751446 seconds
[GC pause (G1 Evacuation Pause) (young) 48M->11M(64M), 0.0020640 secs]
Application time: 0.0532977 seconds
[GC pause (G1 Evacuation Pause) (young) 48M->12M(64M), 0.0018912 secs]
Application time: 0.0584433 seconds
[GC pause (G1 Evacuation Pause) (young) 49M->12M(64M), 0.0019575 secs]
Application time: 0.0673301 seconds
[GC pause (G1 Evacuation Pause) (young) 48M->13M(64M), 0.0024414 secs]
Application time: 0.0695328 seconds
[GC pause (G1 Evacuation Pause) (young) 48M->13M(64M), 0.0023359 secs]
Application time: 0.0642499 seconds
[GC pause (G1 Evacuation Pause) (young) 49M->13M(64M), 0.0025002 secs]
Application time: 0.0527173 seconds
[GC pause (G1 Evacuation Pause) (young) 48M->13M(64M), 0.0023352 secs]
Application time: 0.0517370 seconds
[GC pause (G1 Evacuation Pause) (young) 48M->13M(64M), 0.0022587 secs]
Application time: 0.0713407 seconds
[GC pause (G1 Evacuation Pause) (young) 49M->13M(64M), 0.0023893 secs]
Application time: 0.0725604 seconds
[GC pause (G1 Evacuation Pause) (young) 49M->13M(64M), 0.0024972 secs]
Application time: 0.0621740 seconds
[GC pause (G1 Evacuation Pause) (young) 48M->13M(64M), 0.0021799 secs]
Application time: 0.0344239 seconds
[GC pause (G1 Evacuation Pause) (young) 49M->13M(64M), 0.0023237 secs]
Application time: 0.0673816 seconds
[GC pause (G1 Evacuation Pause) (young) 48M->13M(64M), 0.0022045 secs]
Application time: 0.0776622 seconds
[GC pause (G1 Evacuation Pause) (young) 48M->13M(64M), 0.0024140 secs]
Application time: 0.0582511 seconds
[GC pause (G1 Evacuation Pause) (young) 49M->13M(64M), 0.0022533 secs]
Application time: 0.0567793 seconds
[GC pause (G1 Evacuation Pause) (young) 49M->13M(64M), 0.0022416 secs]
Application time: 0.0426886 seconds
[GC pause (G1 Evacuation Pause) (young) 49M->14M(64M), 0.0029706 secs]
Application time: 0.0701009 seconds
[GC pause (G1 Evacuation Pause) (young) 49M->13M(64M), 0.0023126 secs]
Application time: 0.0931371 seconds
[GC pause (G1 Evacuation Pause) (young) 49M->13M(64M), 0.0022860 secs]
Application time: 0.0633187 seconds
[GC pause (G1 Evacuation Pause) (young) 49M->13M(64M), 0.0023299 secs]
Application time: 0.0345855 seconds
[GC pause (G1 Evacuation Pause) (young) 49M->13M(64M), 0.0022568 secs]
Application time: 0.0670040 seconds
[GC pause (G1 Evacuation Pause) (young) 48M->14M(64M), 0.0025213 secs]
Application time: 0.0691541 seconds
[GC pause (G1 Evacuation Pause) (young) 49M->13M(64M), 0.0023117 secs]
Application time: 0.0624621 seconds
[GC pause (G1 Evacuation Pause) (young) 49M->13M(64M), 0.0026076 secs]
Application time: 0.0645982 seconds
[GC pause (G1 Evacuation Pause) (young) 49M->13M(64M), 0.0022718 secs]
Application time: 0.0380699 seconds
[GC pause (G1 Evacuation Pause) (young) 49M->13M(64M), 0.0021289 secs]
Application time: 0.0767374 seconds
[GC pause (G1 Evacuation Pause) (young) 49M->13M(64M), 0.0023882 secs]
Application time: 0.1064651 seconds
[GC pause (G1 Evacuation Pause) (young) 48M->13M(64M), 0.0024688 secs]
Application time: 0.0684870 seconds
[GC pause (G1 Evacuation Pause) (young) 49M->13M(64M), 0.0028402 secs]
Application time: 0.0486596 seconds
[GC pause (G1 Evacuation Pause) (young) 48M->13M(64M), 0.0022201 secs]
Application time: 0.0542071 seconds
[GC pause (G1 Evacuation Pause) (young) 49M->15M(64M), 0.0038555 secs]
Application time: 0.0665485 seconds
[GC pause (G1 Evacuation Pause) (young) 49M->13M(64M), 0.0024475 secs]
Application time: 0.0738086 seconds
[GC pause (G1 Evacuation Pause) (young) 49M->13M(64M), 0.0021848 secs]
Application time: 0.0650412 seconds
[GC pause (G1 Evacuation Pause) (young) 49M->14M(64M), 0.0019389 secs]
Application time: 0.0345219 seconds
[GC pause (G1 Evacuation Pause) (young) 50M->14M(64M), 0.0020047 secs]
Application time: 0.0688432 seconds
[GC pause (G1 Evacuation Pause) (young) 50M->14M(64M), 0.0023165 secs]
Application time: 0.0805858 seconds
[GC pause (G1 Evacuation Pause) (young) 50M->14M(64M), 0.0026768 secs]
Application time: 0.0584090 seconds
[GC pause (G1 Evacuation Pause) (young) 50M->14M(64M), 0.0025763 secs]
Application time: 0.0544526 seconds
[GC pause (G1 Evacuation Pause) (young) 50M->14M(64M), 0.0024397 secs]
Application time: 0.0519030 seconds
[GC pause (G1 Evacuation Pause) (young) 50M->16M(64M), 0.0033524 secs]
Application time: 0.0687163 seconds
[GC pause (G1 Evacuation Pause) (young) 50M->14M(64M), 0.0021566 secs]
Application time: 0.0828239 seconds
[GC pause (G1 Evacuation Pause) (young) 50M->14M(64M), 0.0019123 secs]
Application time: 0.0633166 seconds
[GC pause (G1 Evacuation Pause) (young) 50M->14M(64M), 0.0017566 secs]
Application time: 0.0358907 seconds
[GC pause (G1 Evacuation Pause) (young) 50M->15M(64M), 0.0018817 secs]
Application time: 0.0643891 seconds
[GC pause (G1 Evacuation Pause) (young) 50M->15M(64M), 0.0021239 secs]
Application time: 0.0763956 seconds
[GC pause (G1 Evacuation Pause) (young) 50M->15M(64M), 0.0022934 secs]
Application time: 0.0648000 seconds
[GC pause (G1 Evacuation Pause) (young) 50M->14M(64M), 0.0019623 secs]
Application time: 0.0638988 seconds
[GC pause (G1 Evacuation Pause) (young) 50M->14M(64M), 0.0019128 secs]
Application time: 0.0470878 seconds
[GC pause (G1 Evacuation Pause) (young) 50M->17M(64M), 0.0035607 secs]
Application time: 0.0666288 seconds
[GC pause (G1 Evacuation Pause) (young) 50M->15M(64M), 0.0020759 secs]
Application time: 0.0716684 seconds
[GC pause (G1 Evacuation Pause) (young) 51M->15M(64M), 0.0020232 secs]
Application time: 0.0652676 seconds
[GC pause (G1 Evacuation Pause) (young) 51M->15M(64M), 0.0018805 secs]
Application time: 0.0541422 seconds
[GC pause (G1 Evacuation Pause) (young) 51M->15M(64M), 0.0019375 secs]
Application time: 0.0505562 seconds
[GC pause (G1 Evacuation Pause) (young) 51M->15M(64M), 0.0020725 secs]
Application time: 0.0777940 seconds
[GC pause (G1 Evacuation Pause) (young) 51M->15M(64M), 0.0020025 secs]
Application time: 0.0716301 seconds
[GC pause (G1 Evacuation Pause) (young) 51M->15M(64M), 0.0021169 secs]
Application time: 0.0460214 seconds
[GC pause (G1 Evacuation Pause) (young) 51M->15M(64M), 0.0018916 secs]
Application time: 0.0684407 seconds
[GC pause (G1 Evacuation Pause) (young) 51M->15M(64M), 0.0018906 secs]
Application time: 0.0533969 seconds
[GC pause (G1 Evacuation Pause) (young) 51M->15M(64M), 0.0027379 secs]
Application time: 0.0783020 seconds
[GC pause (G1 Evacuation Pause) (young) 50M->15M(64M), 0.0023563 secs]
Application time: 0.0584704 seconds
[GC pause (G1 Evacuation Pause) (young) 51M->15M(64M), 0.0023202 secs]
Application time: 0.0713266 seconds
[GC pause (G1 Evacuation Pause) (young) 51M->17M(64M), 0.0047339 secs]
Application time: 0.0641664 seconds
[GC pause (G1 Evacuation Pause) (young) 51M->15M(64M), 0.0027223 secs]
Application time: 0.0752167 seconds
[GC pause (G1 Evacuation Pause) (young) 51M->16M(64M), 0.0024747 secs]
Application time: 0.0694754 seconds
[GC pause (G1 Evacuation Pause) (young) 52M->16M(64M), 0.0022370 secs]
Application time: 0.0570855 seconds
[GC pause (G1 Evacuation Pause) (young) 52M->16M(64M), 0.0020546 secs]
Application time: 0.0627596 seconds
[GC pause (G1 Evacuation Pause) (young) 52M->17M(64M), 0.0025520 secs]
Application time: 0.0503710 seconds
[GC pause (G1 Evacuation Pause) (young) 52M->16M(64M), 0.0023974 secs]
Application time: 0.0623849 seconds
[GC pause (G1 Evacuation Pause) (young) 51M->17M(64M), 0.0024922 secs]
Application time: 0.0608752 seconds
[GC pause (G1 Evacuation Pause) (young) 52M->16M(64M), 0.0024133 secs]
Application time: 0.0458809 seconds
[GC pause (G1 Evacuation Pause) (young) 51M->16M(64M), 0.0022874 secs]
Application time: 0.0577045 seconds
[GC pause (G1 Evacuation Pause) (young) 51M->17M(64M), 0.0025084 secs]
Application time: 0.0547871 seconds
[GC pause (G1 Evacuation Pause) (young) 52M->17M(64M), 0.0025422 secs]
Application time: 0.0595051 seconds
[GC pause (G1 Evacuation Pause) (young) 52M->16M(64M), 0.0023979 secs]
Application time: 0.0511692 seconds
[GC pause (G1 Evacuation Pause) (young) 51M->16M(64M), 0.0024467 secs]
Application time: 0.0558821 seconds
[GC pause (G1 Evacuation Pause) (young) 51M->17M(64M), 0.0024227 secs]
Application time: 0.0636201 seconds
[GC pause (G1 Evacuation Pause) (young) 52M->16M(64M), 0.0022910 secs]
Application time: 0.0411475 seconds
[GC pause (G1 Evacuation Pause) (young) 51M->16M(64M), 0.0023433 secs]
Application time: 0.0619274 seconds
[GC pause (G1 Evacuation Pause) (young) 52M->16M(64M), 0.0021415 secs]
Application time: 0.0560766 seconds
[GC pause (G1 Evacuation Pause) (young) 52M->17M(64M), 0.0030189 secs]
Application time: 0.0555213 seconds
[GC pause (G1 Evacuation Pause) (young) 52M->16M(64M), 0.0024352 secs]
Application time: 0.0644480 seconds
[GC pause (G1 Evacuation Pause) (young) 52M->16M(64M), 0.0024542 secs]
Application time: 0.0528207 seconds
[GC pause (G1 Evacuation Pause) (young) 52M->18M(64M), 0.0042069 secs]
Application time: 0.0457335 seconds
[GC pause (G1 Evacuation Pause) (young) 52M->16M(64M), 0.0023075 secs]
Application time: 0.0718328 seconds
[GC pause (G1 Evacuation Pause) (young) 52M->17M(64M), 0.0024073 secs]
Application time: 0.0680145 seconds
[GC pause (G1 Evacuation Pause) (young) 53M->17M(64M), 0.0023733 secs]
Application time: 0.0488611 seconds
[GC pause (G1 Evacuation Pause) (young) 53M->17M(64M), 0.0023801 secs]
Application time: 0.0632500 seconds
[GC pause (G1 Evacuation Pause) (young) 53M->17M(64M), 0.0022865 secs]
Application time: 0.0459283 seconds
[GC pause (G1 Evacuation Pause) (young) 52M->17M(64M), 0.0028430 secs]
Application time: 0.1009523 seconds
[GC pause (G1 Evacuation Pause) (young) 52M->17M(64M), 0.0027703 secs]
Application time: 0.0661415 seconds
[GC pause (G1 Evacuation Pause) (young) 52M->17M(64M), 0.0024883 secs]
Application time: 0.0457701 seconds
[GC pause (G1 Evacuation Pause) (young) 53M->17M(64M), 0.0023410 secs]
Application time: 0.0480935 seconds
[GC pause (G1 Evacuation Pause) (young) 53M->17M(64M), 0.0024217 secs]
Application time: 0.0606823 seconds
[GC pause (G1 Evacuation Pause) (young) 52M->17M(64M), 0.0023696 secs]
Application time: 0.0734639 seconds
[GC pause (G1 Evacuation Pause) (young) 53M->17M(64M), 0.0022467 secs]
Application time: 0.0848157 seconds
[GC pause (G1 Evacuation Pause) (young) 53M->17M(64M), 0.0028094 secs]
Application time: 0.0385142 seconds
[GC pause (G1 Evacuation Pause) (young) 53M->17M(64M), 0.0025413 secs]
Application time: 0.0674034 seconds
[GC pause (G1 Evacuation Pause) (young) 52M->17M(64M), 0.0024662 secs]
Application time: 0.0687864 seconds
[GC pause (G1 Evacuation Pause) (young) 52M->17M(64M), 0.0025898 secs]
Application time: 0.0649141 seconds
[GC pause (G1 Evacuation Pause) (young) 52M->17M(64M), 0.0024222 secs]
Application time: 0.0631640 seconds
[GC pause (G1 Evacuation Pause) (young) 53M->17M(64M), 0.0023219 secs]
Application time: 0.0505772 seconds
[GC pause (G1 Evacuation Pause) (young) 53M->17M(64M), 0.0022392 secs]
Application time: 0.0694607 seconds
[GC pause (G1 Evacuation Pause) (young) 53M->17M(64M), 0.0023172 secs]
Application time: 0.0881106 seconds
[GC pause (G1 Evacuation Pause) (young) 53M->17M(64M), 0.0023983 secs]
Application time: 0.0679006 seconds
[GC pause (G1 Evacuation Pause) (young) 53M->17M(64M), 0.0025557 secs]
Application time: 0.0520069 seconds
[GC pause (G1 Evacuation Pause) (young) 53M->17M(64M), 0.0023522 secs]
Application time: 0.0602913 seconds
[GC pause (G1 Evacuation Pause) (young) 53M->19M(64M), 0.0044756 secs]
Application time: 0.0671343 seconds
[GC pause (G1 Evacuation Pause) (young) 52M->17M(64M), 0.0025494 secs]
Application time: 0.1044394 seconds
[GC pause (G1 Evacuation Pause) (young) 52M->17M(64M), 0.0021810 secs]
Application time: 0.0707283 seconds
[GC pause (G1 Evacuation Pause) (young) 53M->18M(64M), 0.0021132 secs]
Application time: 0.0371061 seconds
[GC pause (G1 Evacuation Pause) (young) 54M->18M(64M), 0.0021798 secs]
Application time: 0.0729283 seconds
[GC pause (G1 Evacuation Pause) (young) 54M->18M(64M), 0.0026219 secs]
Application time: 0.0828348 seconds
[GC pause (G1 Evacuation Pause) (young) 54M->18M(64M), 0.0024394 secs]
Application time: 0.0587642 seconds
[GC pause (G1 Evacuation Pause) (young) 54M->18M(64M), 0.0025837 secs]
Application time: 0.0570151 seconds
[GC pause (G1 Evacuation Pause) (young) 54M->18M(64M), 0.0024385 secs]
Application time: 0.0435380 seconds
[GC pause (G1 Evacuation Pause) (young) 52M->18M(64M), 0.0024748 secs]
Application time: 0.0735885 seconds
[GC pause (G1 Evacuation Pause) (young) 52M->18M(64M), 0.0021893 secs]
Application time: 0.0852323 seconds
[GC pause (G1 Evacuation Pause) (young) 54M->18M(64M), 0.0022843 secs]
Application time: 0.0640655 seconds
[GC pause (G1 Evacuation Pause) (young) 54M->18M(64M), 0.0024485 secs]
Application time: 0.0386486 seconds
[GC pause (G1 Evacuation Pause) (young) 54M->18M(64M), 0.0024958 secs]
Application time: 0.0590861 seconds
[GC pause (G1 Evacuation Pause) (young) 52M->20M(64M), 0.0040433 secs]
Application time: 0.0556177 seconds
[GC pause (G1 Evacuation Pause) (young) 50M->18M(64M), 0.0026719 secs]
Application time: 0.0793076 seconds
[GC pause (G1 Evacuation Pause) (young) 53M->18M(64M), 0.0021823 secs]
Application time: 0.0633006 seconds
[GC pause (G1 Evacuation Pause) (young) 53M->18M(64M), 0.0018825 secs]
Application time: 0.0343924 seconds
[GC pause (G1 Evacuation Pause) (young) 53M->19M(64M), 0.0019497 secs]
Application time: 0.0676202 seconds
[GC pause (G1 Evacuation Pause) (young) 54M->20M(64M), 0.0023814 secs]
Application time: 0.0674088 seconds
[GC pause (G1 Evacuation Pause) (young) 53M->19M(64M), 0.0024333 secs]
Application time: 0.0578850 seconds
[GC pause (G1 Evacuation Pause) (young) 52M->19M(64M), 0.0024347 secs]
Application time: 0.0622773 seconds
[GC pause (G1 Evacuation Pause) (young) 52M->19M(64M), 0.0024327 secs]
Application time: 0.0305572 seconds
[GC pause (G1 Evacuation Pause) (young) 52M->20M(64M), 0.0024264 secs]
Application time: 0.0658278 seconds
[GC pause (G1 Evacuation Pause) (young) 53M->19M(64M), 0.0024617 secs]
Application time: 0.0693020 seconds
[GC pause (G1 Evacuation Pause) (young) 52M->19M(64M), 0.0025701 secs]
Application time: 0.0644030 seconds
[GC pause (G1 Evacuation Pause) (young) 52M->19M(64M), 0.0026547 secs]
Application time: 0.0541383 seconds
[GC pause (G1 Evacuation Pause) (young) 52M->19M(64M), 0.0024413 secs]
Application time: 0.0408516 seconds
[GC pause (G1 Evacuation Pause) (young) 52M->19M(64M), 0.0022899 secs]
Application time: 0.0624140 seconds
[GC pause (G1 Evacuation Pause) (young) 52M->20M(64M), 0.0025665 secs]
Application time: 0.0723938 seconds
[GC pause (G1 Evacuation Pause) (young) 53M->20M(64M), 0.0024963 secs]
Application time: 0.0607939 seconds
[GC pause (G1 Evacuation Pause) (young) 53M->20M(64M), 0.0024587 secs]
Application time: 0.0578800 seconds
[GC pause (G1 Evacuation Pause) (young) 53M->20M(64M), 0.0023420 secs]
Application time: 0.0319895 seconds
[GC pause (G1 Evacuation Pause) (young) 53M->20M(64M), 0.0022907 secs]
Application time: 0.0673236 seconds
[GC pause (G1 Evacuation Pause) (young) 53M->20M(64M), 0.0025980 secs]
Application time: 0.0711540 seconds
[GC pause (G1 Evacuation Pause) (young) 53M->20M(64M), 0.0025200 secs]
Application time: 0.0539285 seconds
[GC pause (G1 Evacuation Pause) (young) 53M->19M(64M), 0.0022654 secs]
Application time: 0.0648613 seconds
[GC pause (G1 Evacuation Pause) (young) 54M->20M(64M), 0.0023756 secs]
Application time: 0.0304307 seconds
[GC pause (G1 Evacuation Pause) (young) 53M->20M(64M), 0.0022078 secs]
Application time: 0.0675503 seconds
[GC pause (G1 Evacuation Pause) (young) 53M->19M(64M), 0.0022841 secs]
Application time: 0.0796854 seconds
[GC pause (G1 Evacuation Pause) (young) 54M->20M(64M), 0.0024932 secs]
Application time: 0.0513594 seconds
[GC pause (G1 Evacuation Pause) (young) 53M->19M(64M), 0.0024079 secs]
Application time: 0.0575164 seconds
[GC pause (G1 Evacuation Pause) (young) 54M->19M(64M), 0.0032109 secs]
Application time: 0.0413412 seconds
[GC pause (G1 Evacuation Pause) (young) 54M->20M(64M), 0.0023065 secs]
Application time: 0.0649058 seconds
[GC pause (G1 Evacuation Pause) (young) 53M->20M(64M), 0.0023980 secs]
Application time: 0.0749675 seconds
[GC pause (G1 Evacuation Pause) (young) 53M->20M(64M), 0.0024381 secs]
Application time: 0.0626611 seconds
[GC pause (G1 Evacuation Pause) (young) 53M->20M(64M), 0.0023712 secs]
Application time: 0.0478262 seconds
[GC pause (G1 Evacuation Pause) (young) 53M->20M(64M), 0.0022481 secs]
Application time: 0.0413519 seconds
[GC pause (G1 Evacuation Pause) (young) 53M->21M(64M), 0.0033873 secs]
Application time: 0.0613125 seconds
[GC pause (G1 Evacuation Pause) (young) 52M->19M(64M), 0.0023107 secs]
Application time: 0.0821335 seconds
[GC pause (G1 Evacuation Pause) (young) 54M->20M(64M), 0.0023106 secs]
Application time: 0.0540938 seconds
[GC pause (G1 Evacuation Pause) (young) 53M->20M(64M), 0.0023367 secs]
Application time: 0.0474336 seconds
[GC pause (G1 Evacuation Pause) (young) 53M->19M(64M), 0.0022675 secs]
Application time: 0.0466221 seconds
[GC pause (G1 Evacuation Pause) (young) 54M->20M(64M), 0.0030061 secs]
Application time: 0.0611964 seconds
[GC pause (G1 Evacuation Pause) (young) 53M->19M(64M), 0.0024340 secs]
Application time: 0.0939947 seconds
[GC pause (G1 Evacuation Pause) (young) 54M->19M(64M), 0.0022857 secs]
Application time: 0.0601394 seconds
[GC pause (G1 Evacuation Pause) (young) 54M->20M(64M), 0.0025518 secs]
Application time: 0.0417763 seconds
[GC pause (G1 Evacuation Pause) (young) 53M->20M(64M), 0.0023521 secs]
Application time: 0.0532396 seconds
[GC pause (G1 Evacuation Pause) (young) 53M->20M(64M), 0.0026830 secs]
Application time: 0.0602012 seconds
[GC pause (G1 Evacuation Pause) (young) 53M->19M(64M), 0.0025749 secs]
Application time: 0.0808321 seconds
[GC pause (G1 Evacuation Pause) (young) 54M->20M(64M), 0.0022234 secs]
Application time: 0.0580438 seconds
[GC pause (G1 Evacuation Pause) (young) 53M->19M(64M), 0.0019515 secs]
Application time: 0.0528303 seconds
[GC pause (G1 Evacuation Pause) (young) 54M->21M(64M), 0.0036327 secs]
Application time: 0.0440129 seconds
[GC pause (G1 Evacuation Pause) (young) 52M->19M(64M), 0.0019872 secs]
Application time: 0.0771616 seconds
[GC pause (G1 Evacuation Pause) (young) 54M->20M(64M), 0.0020400 secs]
Application time: 0.0672948 seconds
[GC pause (G1 Evacuation Pause) (young) 54M->20M(64M), 0.0019485 secs]
Application time: 0.0449659 seconds
[GC pause (G1 Evacuation Pause) (young) 54M->21M(64M), 0.0018954 secs]
Application time: 0.0633422 seconds
[GC pause (G1 Evacuation Pause) (young) 53M->21M(64M), 0.0018953 secs]
Application time: 0.0417391 seconds
[GC pause (G1 Evacuation Pause) (young) 53M->20M(64M), 0.0020627 secs]
Application time: 0.0731585 seconds
[GC pause (G1 Evacuation Pause) (young) 54M->21M(64M), 0.0019959 secs]
Application time: 0.0630795 seconds
[GC pause (G1 Evacuation Pause) (young) 53M->20M(64M), 0.0019606 secs]
Application time: 0.0481364 seconds
[GC pause (G1 Evacuation Pause) (young) 54M->20M(64M), 0.0019608 secs]
Application time: 0.0659851 seconds
[GC pause (G1 Evacuation Pause) (young) 54M->20M(64M), 0.0020190 secs]
Application time: 0.0451168 seconds
[GC pause (G1 Evacuation Pause) (young) 54M->21M(64M), 0.0021787 secs]
Application time: 0.0617180 seconds
[GC pause (G1 Evacuation Pause) (young) 53M->20M(64M), 0.0020288 secs]
Application time: 0.0635622 seconds
[GC pause (G1 Evacuation Pause) (young) 54M->20M(64M), 0.0020704 secs]
Application time: 0.0484116 seconds
[GC pause (G1 Evacuation Pause) (young) 54M->21M(64M), 0.0020945 secs]
Application time: 0.0605386 seconds
[GC pause (G1 Evacuation Pause) (young) 53M->21M(64M), 0.0018650 secs]
Application time: 0.0443325 seconds
[GC pause (G1 Evacuation Pause) (young) 53M->21M(64M), 0.0021583 secs]
Application time: 0.0618135 seconds
[GC pause (G1 Evacuation Pause) (young) 53M->20M(64M), 0.0019427 secs]
Application time: 0.0647715 seconds
[GC pause (G1 Evacuation Pause) (young) 54M->21M(64M), 0.0020675 secs]
Application time: 0.0436540 seconds
[GC pause (G1 Evacuation Pause) (young) 53M->21M(64M), 0.0019634 secs]
Application time: 0.0598157 seconds
[GC pause (G1 Evacuation Pause) (young) 53M->20M(64M), 0.0019217 secs]
Application time: 0.0467247 seconds
[GC pause (G1 Evacuation Pause) (young) 54M->21M(64M), 0.0020696 secs]
Application time: 0.0613481 seconds
[GC pause (G1 Evacuation Pause) (young) 53M->21M(64M), 0.0019351 secs]
Application time: 0.0631534 seconds
[GC pause (G1 Evacuation Pause) (young) 53M->20M(64M), 0.0020014 secs]
Application time: 0.0461422 seconds
[GC pause (G1 Evacuation Pause) (young) 54M->20M(64M), 0.0018070 secs]
Application time: 0.0619797 seconds
[GC pause (G1 Evacuation Pause) (young) 54M->21M(64M), 0.0021104 secs]
Application time: 0.0443294 seconds
[GC pause (G1 Evacuation Pause) (young) 53M->21M(64M), 0.0021229 secs]
Application time: 0.0649004 seconds
[GC pause (G1 Evacuation Pause) (young) 53M->20M(64M), 0.0020059 secs]
Application time: 0.0648075 seconds
[GC pause (G1 Evacuation Pause) (young) 54M->20M(64M), 0.0020357 secs]
Application time: 0.0418496 seconds
[GC pause (G1 Evacuation Pause) (young) 54M->20M(64M), 0.0017902 secs]
Application time: 0.0637176 seconds
[GC pause (G1 Evacuation Pause) (young) 54M->21M(64M), 0.0020356 secs]
Application time: 0.0435193 seconds
[GC pause (G1 Evacuation Pause) (young) 53M->21M(64M), 0.0021994 secs]
Application time: 0.0596136 seconds
[GC pause (G1 Evacuation Pause) (young) 53M->20M(64M), 0.0019157 secs]
Application time: 0.0664896 seconds
[GC pause (G1 Evacuation Pause) (young) 54M->20M(64M), 0.0019932 secs]
Application time: 0.0492636 seconds
[GC pause (G1 Evacuation Pause) (young) 54M->20M(64M), 0.0020203 secs]
Application time: 0.0645379 seconds
[GC pause (G1 Evacuation Pause) (young) 54M->21M(64M), 0.0020496 secs]
Application time: 0.0452546 seconds
[GC pause (G1 Evacuation Pause) (young) 53M->21M(64M), 0.0021453 secs]
Application time: 0.0600944 seconds
[GC pause (G1 Evacuation Pause) (young) 53M->20M(64M), 0.0018653 secs]
Application time: 0.0692398 seconds
[GC pause (G1 Evacuation Pause) (young) 54M->21M(64M), 0.0021408 secs]
Application time: 0.0419197 seconds
[GC pause (G1 Evacuation Pause) (young) 53M->21M(64M), 0.0020645 secs]
Application time: 0.0591357 seconds
[GC pause (G1 Evacuation Pause) (young) 53M->21M(64M), 0.0020475 secs]
Application time: 0.0473510 seconds
[GC pause (G1 Evacuation Pause) (young) 53M->20M(64M), 0.0019230 secs]
Application time: 0.0614836 seconds
[GC pause (G1 Evacuation Pause) (young) 54M->21M(64M), 0.0022000 secs]
Application time: 0.0641428 seconds
[GC pause (G1 Evacuation Pause) (young) 53M->21M(64M), 0.0019512 secs]
Application time: 0.0410107 seconds
[GC pause (G1 Evacuation Pause) (young) 53M->21M(64M), 0.0019385 secs]
Application time: 0.0600727 seconds
[GC pause (G1 Evacuation Pause) (young) 53M->21M(64M), 0.0020142 secs]
Application time: 0.0451451 seconds
[GC pause (G1 Evacuation Pause) (young) 53M->20M(64M), 0.0020011 secs]
Application time: 0.0590856 seconds
[GC pause (G1 Evacuation Pause) (young) 54M->20M(64M), 0.0017502 secs]
Application time: 0.0650679 seconds
[GC pause (G1 Evacuation Pause) (young) 54M->21M(64M), 0.0020727 secs]
Application time: 0.0433240 seconds
[GC pause (G1 Evacuation Pause) (young) 53M->20M(64M), 0.0020124 secs]
Application time: 0.0615471 seconds
[GC pause (G1 Evacuation Pause) (young) 54M->21M(64M), 0.0019758 secs]
Application time: 0.0471258 seconds
[GC pause (G1 Evacuation Pause) (young) 53M->21M(64M), 0.0020250 secs]
Application time: 0.0614214 seconds
[GC pause (G1 Evacuation Pause) (young) 53M->21M(64M), 0.0021132 secs]
Application time: 0.0729084 seconds
[GC pause (G1 Evacuation Pause) (young) 53M->21M(64M), 0.0028176 secs]
Application time: 0.0455320 seconds
[GC pause (G1 Evacuation Pause) (young) 53M->20M(64M), 0.0022151 secs]
Application time: 0.0680286 seconds
[GC pause (G1 Evacuation Pause) (young) 54M->20M(64M), 0.0023292 secs]
Application time: 0.0530992 seconds
[GC pause (G1 Evacuation Pause) (young) 54M->20M(64M), 0.0023165 secs]
Application time: 0.0717286 seconds
[GC pause (G1 Evacuation Pause) (young) 54M->21M(64M), 0.0026844 secs]
Application time: 0.0649750 seconds
[GC pause (G1 Evacuation Pause) (young) 53M->21M(64M), 0.0025522 secs]
Application time: 0.0459744 seconds
[GC pause (G1 Evacuation Pause) (young) 53M->20M(64M), 0.0022123 secs]
Application time: 0.0638642 seconds
[GC pause (G1 Evacuation Pause) (young) 54M->21M(64M), 0.0023890 secs]
Application time: 0.0459506 seconds
[GC pause (G1 Evacuation Pause) (young) 53M->21M(64M), 0.0025463 secs]
Application time: 0.0622444 seconds
[GC pause (G1 Evacuation Pause) (young) 53M->21M(64M), 0.0023344 secs]
Application time: 0.0671080 seconds
[GC pause (G1 Evacuation Pause) (young) 53M->21M(64M), 0.0023638 secs]
Application time: 0.0400374 seconds
[GC pause (G1 Evacuation Pause) (young) 53M->21M(64M), 0.0022667 secs]
Application time: 0.0641671 seconds
[GC pause (G1 Evacuation Pause) (young) 53M->20M(64M), 0.0023270 secs]
Application time: 0.0411190 seconds
[GC pause (G1 Evacuation Pause) (young) 54M->20M(64M), 0.0023646 secs]
Application time: 0.0625967 seconds
[GC pause (G1 Evacuation Pause) (young) 54M->20M(64M), 0.0021249 secs]
Application time: 0.0625954 seconds
[GC pause (G1 Evacuation Pause) (young) 54M->21M(64M), 0.0022844 secs]
Application time: 0.0374978 seconds
[GC pause (G1 Evacuation Pause) (young) 53M->21M(64M), 0.0022343 secs]
Application time: 0.0557328 seconds
[GC pause (G1 Evacuation Pause) (young) 53M->21M(64M), 0.0022623 secs]
Application time: 0.0438961 seconds
[GC pause (G1 Evacuation Pause) (young) 53M->20M(64M), 0.0022747 secs]
Application time: 0.0592193 seconds
[GC pause (G1 Evacuation Pause) (young) 54M->21M(64M), 0.0023131 secs]
Application time: 0.0535857 seconds
[GC pause (G1 Evacuation Pause) (young) 53M->21M(64M), 0.0024581 secs]
Application time: 0.0473454 seconds
[GC pause (G1 Evacuation Pause) (young) 53M->22M(64M), 0.0040566 secs]
Application time: 0.0501573 seconds
[GC pause (G1 Evacuation Pause) (young) 52M->20M(64M), 0.0023687 secs]
Application time: 0.0526375 seconds
[GC pause (G1 Evacuation Pause) (young) 53M->21M(64M), 0.0021847 secs]
Application time: 0.0568604 seconds
[GC pause (G1 Evacuation Pause) (young) 54M->23M(64M), 0.0042364 secs]
Application time: 0.0565657 seconds
[GC pause (G1 Evacuation Pause) (young) 52M->21M(64M), 0.0023124 secs]
Application time: 0.0522864 seconds
[GC pause (G1 Evacuation Pause) (young) 52M->24M(64M), 0.0042648 secs]
Application time: 0.0504279 seconds
[GC pause (G1 Evacuation Pause) (young) 52M->22M(64M), 0.0022182 secs]
Application time: 0.0601220 seconds
[GC pause (G1 Evacuation Pause) (young) 53M->22M(64M), 0.0021292 secs]
Application time: 0.0322883 seconds
[GC pause (G1 Evacuation Pause) (young) 52M->22M(64M), 0.0021318 secs]
Application time: 0.0597579 seconds
[GC pause (G1 Evacuation Pause) (young) 53M->23M(64M), 0.0022904 secs]
Application time: 0.0469871 seconds
[GC pause (G1 Evacuation Pause) (young) 54M->23M(64M), 0.0025157 secs]
Application time: 0.0635959 seconds
[GC pause (G1 Evacuation Pause) (young) 54M->23M(64M), 0.0024953 secs]
Application time: 0.0574915 seconds
[GC pause (G1 Evacuation Pause) (young) 54M->23M(64M), 0.0026015 secs]
Application time: 0.0466498 seconds
[GC pause (G1 Evacuation Pause) (young) 54M->23M(64M), 0.0022343 secs]
Application time: 0.0492639 seconds
[GC pause (G1 Evacuation Pause) (young) 54M->25M(64M), 0.0041636 secs]
Application time: 0.0348564 seconds
[GC pause (G1 Evacuation Pause) (young) 52M->23M(64M), 0.0021962 secs]
Application time: 0.0579635 seconds
[GC pause (G1 Evacuation Pause) (young) 53M->24M(64M), 0.0026393 secs]
Application time: 0.0539991 seconds
[GC pause (G1 Evacuation Pause) (young) 54M->24M(64M), 0.0023023 secs]
Application time: 0.0583837 seconds
[GC pause (G1 Evacuation Pause) (young) 54M->24M(64M), 0.0021506 secs]
Application time: 0.0364600 seconds
[GC pause (G1 Evacuation Pause) (young) 54M->24M(64M), 0.0021692 secs]
Application time: 0.0375617 seconds
[GC pause (G1 Evacuation Pause) (young) 54M->25M(64M), 0.0033463 secs]
Application time: 0.0397171 seconds
[GC pause (G1 Evacuation Pause) (young) 51M->26M(64M), 0.0038657 secs]
Application time: 0.0513424 seconds
[GC pause (G1 Evacuation Pause) (young) 52M->24M(64M), 0.0025313 secs]
Application time: 0.0639604 seconds
[GC pause (G1 Evacuation Pause) (young) 52M->24M(64M), 0.0020743 secs]
Application time: 0.0487581 seconds
[GC pause (G1 Evacuation Pause) (young) 53M->24M(64M), 0.0019530 secs]
Application time: 0.0457023 seconds
[GC pause (G1 Evacuation Pause) (young) 53M->24M(64M), 0.0017062 secs]
Application time: 0.0414975 seconds
[GC pause (G1 Evacuation Pause) (young) 53M->26M(64M), 0.0033625 secs]
Application time: 0.0420626 seconds
[GC pause (G1 Evacuation Pause) (young) 51M->27M(64M), 0.0036229 secs]
Application time: 0.0550103 seconds
[GC pause (G1 Evacuation Pause) (young) 52M->25M(64M), 0.0019070 secs]
Application time: 0.0585826 seconds
[GC pause (G1 Evacuation Pause) (young) 52M->25M(64M), 0.0016556 secs]
Application time: 0.0530328 seconds
[GC pause (G1 Evacuation Pause) (young) 52M->26M(64M), 0.0016492 secs]
Application time: 0.0423141 seconds
[GC pause (G1 Evacuation Pause) (young) 54M->26M(64M), 0.0016084 secs]
Application time: 0.0293988 seconds
[GC pause (G1 Evacuation Pause) (young) 54M->26M(64M), 0.0016785 secs]
Application time: 0.0591485 seconds
[GC pause (G1 Evacuation Pause) (young) 54M->26M(64M), 0.0019697 secs]
Application time: 0.0562322 seconds
[GC pause (G1 Evacuation Pause) (young) 52M->26M(64M), 0.0019799 secs]
Application time: 0.0628606 seconds
[GC pause (G1 Evacuation Pause) (young) 54M->26M(64M), 0.0018944 secs]
Application time: 0.0477556 seconds
[GC pause (G1 Evacuation Pause) (young) 54M->26M(64M), 0.0019108 secs]
Application time: 0.0398130 seconds
[GC pause (G1 Evacuation Pause) (young) 54M->26M(64M), 0.0018816 secs]
Application time: 0.0310704 seconds
[GC pause (G1 Evacuation Pause) (young) 54M->26M(64M), 0.0018329 secs]
Application time: 0.0569952 seconds
[GC pause (G1 Evacuation Pause) (young) 54M->27M(64M), 0.0020939 secs]
Application time: 0.0528295 seconds
[GC pause (G1 Evacuation Pause) (young) 53M->26M(64M), 0.0021792 secs]
Application time: 0.0553315 seconds
[GC pause (G1 Evacuation Pause) (young) 54M->26M(64M), 0.0019300 secs]
Application time: 0.0540719 seconds
[GC pause (G1 Evacuation Pause) (young) 54M->26M(64M), 0.0025802 secs]
Application time: 0.0416205 seconds
[GC pause (G1 Evacuation Pause) (young) 54M->27M(64M), 0.0023077 secs]
Application time: 0.0501704 seconds
[GC pause (G1 Evacuation Pause) (young) 53M->26M(64M), 0.0021168 secs]
Application time: 0.0369507 seconds
[GC pause (G1 Evacuation Pause) (young) 54M->26M(64M), 0.0023566 secs]
Application time: 0.0681432 seconds
[GC pause (G1 Evacuation Pause) (young) 54M->26M(64M), 0.0022290 secs]
Application time: 0.0582423 seconds
[GC pause (G1 Evacuation Pause) (young) 54M->26M(64M), 0.0026981 secs]
Application time: 0.0424679 seconds
[GC pause (G1 Evacuation Pause) (young) 54M->27M(64M), 0.0024358 secs]
Application time: 0.0423775 seconds
[GC pause (G1 Evacuation Pause) (young) 53M->28M(64M), 0.0030499 secs]
Application time: 0.0477277 seconds
[GC pause (G1 Evacuation Pause) (young) 52M->27M(64M), 0.0021336 secs]
Application time: 0.0386251 seconds
[GC pause (G1 Evacuation Pause) (young) 54M->27M(64M), 0.0018718 secs]
Application time: 0.0638990 seconds
[GC pause (G1 Evacuation Pause) (young) 54M->27M(64M), 0.0017544 secs]
Application time: 0.0472965 seconds
[GC pause (G1 Evacuation Pause) (young) 54M->27M(64M), 0.0020538 secs]
Application time: 0.0494925 seconds
[GC pause (G1 Evacuation Pause) (young) 54M->27M(64M), 0.0019420 secs]
Application time: 0.0499060 seconds
[GC pause (G1 Evacuation Pause) (young) 54M->27M(64M), 0.0022782 secs]
Application time: 0.0679418 seconds
[GC pause (G1 Evacuation Pause) (young) 54M->28M(64M), 0.0021092 secs]
Application time: 0.0404138 seconds
[GC pause (G1 Evacuation Pause) (young) 53M->27M(64M), 0.0022077 secs]
Application time: 0.0547892 seconds
[GC pause (G1 Evacuation Pause) (young) 54M->29M(64M), 0.0039613 secs]
Application time: 0.0400737 seconds
[GC pause (G1 Evacuation Pause) (young) 52M->28M(64M), 0.0019900 secs]
Application time: 0.0556563 seconds
[GC pause (G1 Evacuation Pause) (young) 53M->27M(64M), 0.0016669 secs]
Application time: 0.0407640 seconds
[GC pause (G1 Evacuation Pause) (young) 54M->29M(64M), 0.0018908 secs]
Application time: 0.0466305 seconds
[GC pause (G1 Evacuation Pause) (young) 53M->28M(64M), 0.0018526 secs]
Application time: 0.0495780 seconds
[GC pause (G1 Evacuation Pause) (young) 54M->28M(64M), 0.0018886 secs]
Application time: 0.0371605 seconds
[GC pause (G1 Evacuation Pause) (young) 54M->28M(64M), 0.0021888 secs]
Application time: 0.0499859 seconds
[GC pause (G1 Evacuation Pause) (young) 54M->29M(64M), 0.0021856 secs]
Application time: 0.0495876 seconds
[GC pause (G1 Evacuation Pause) (young) 53M->29M(64M), 0.0021575 secs]
Application time: 0.0368315 seconds
[GC pause (G1 Evacuation Pause) (young) 54M->29M(64M), 0.0020808 secs]
Application time: 0.0396307 seconds
[GC pause (G1 Evacuation Pause) (young) 52M->31M(64M), 0.0036026 secs]
Application time: 0.0431377 seconds
[GC pause (G1 Evacuation Pause) (young) 52M->29M(64M), 0.0021014 secs]
Application time: 0.0413038 seconds
[GC pause (G1 Evacuation Pause) (young) (initial-mark) 53M->29M(64M), 0.0019412 secs]
[GC concurrent-root-region-scan-start]
[GC concurrent-root-region-scan-end, 0.0003776 secs]
[GC concurrent-mark-start]
[GC concurrent-mark-end, 0.0190218 secs]
Application time: 0.0194549 seconds
[GC remark, 0.0066118 secs]
Application time: 0.0000442 seconds
[GC cleanup 38M->35M(64M), 0.0002213 secs]
[GC concurrent-cleanup-start]
[GC concurrent-cleanup-end, 0.0000112 secs]
Application time: 0.0307266 seconds
[GC pause (G1 Evacuation Pause) (young) 50M->26M(64M), 0.0014073 secs]
Application time: 0.0020342 seconds
[GC pause (G1 Evacuation Pause) (mixed) 27M->19M(64M), 0.0013557 secs]
Application time: 0.0050958 seconds
[GC pause (G1 Evacuation Pause) (mixed) 21M->12M(64M), 0.0014447 secs]
Application time: 0.0059733 seconds
[GC pause (G1 Evacuation Pause) (mixed) 14M->11M(64M), 0.0012956 secs]
Application time: 0.0688685 seconds
[GC pause (G1 Evacuation Pause) (young) 48M->11M(64M), 0.0019483 secs]
Application time: 0.0563598 seconds
[GC pause (G1 Evacuation Pause) (young) 47M->12M(64M), 0.0017503 secs]
Application time: 0.0698115 seconds
[GC pause (G1 Evacuation Pause) (young) 48M->12M(64M), 0.0020585 secs]
Application time: 0.0606589 seconds
[GC pause (G1 Evacuation Pause) (young) 47M->12M(64M), 0.0023137 secs]
Application time: 0.0655331 seconds
[GC pause (G1 Evacuation Pause) (young) 47M->13M(64M), 0.0022423 secs]
Application time: 0.0642694 seconds
[GC pause (G1 Evacuation Pause) (young) 48M->12M(64M), 0.0022043 secs]
Application time: 0.0582382 seconds
[GC pause (G1 Evacuation Pause) (young) 47M->14M(64M), 0.0039308 secs]
Application time: 0.0635674 seconds
[GC pause (G1 Evacuation Pause) (young) 47M->13M(64M), 0.0024190 secs]
Application time: 0.0564787 seconds
[GC pause (G1 Evacuation Pause) (young) 49M->13M(64M), 0.0017845 secs]
Application time: 0.0675308 seconds
[GC pause (G1 Evacuation Pause) (young) 49M->13M(64M), 0.0018553 secs]
Application time: 0.0597037 seconds
[GC pause (G1 Evacuation Pause) (young) 49M->13M(64M), 0.0020816 secs]
Application time: 0.0679615 seconds
[GC pause (G1 Evacuation Pause) (young) 49M->13M(64M), 0.0019577 secs]
Application time: 0.0680238 seconds
[GC pause (G1 Evacuation Pause) (young) 49M->13M(64M), 0.0020477 secs]
Application time: 0.0592831 seconds
[GC pause (G1 Evacuation Pause) (young) 49M->15M(64M), 0.0036571 secs]
Application time: 0.0660516 seconds
[GC pause (G1 Evacuation Pause) (young) 49M->13M(64M), 0.0021998 secs]
Application time: 0.0567950 seconds
[GC pause (G1 Evacuation Pause) (young) 49M->14M(64M), 0.0019165 secs]
Application time: 0.0751246 seconds
[GC pause (G1 Evacuation Pause) (young) 50M->14M(64M), 0.0019726 secs]
Application time: 0.0584869 seconds
[GC pause (G1 Evacuation Pause) (young) 49M->14M(64M), 0.0039784 secs]
Application time: 0.0679318 seconds
[GC pause (G1 Evacuation Pause) (young) 50M->14M(64M), 0.0022739 secs]
Application time: 0.0641721 seconds
[GC pause (G1 Evacuation Pause) (young) 50M->14M(64M), 0.0021622 secs]
Application time: 0.0623596 seconds
[GC pause (G1 Evacuation Pause) (young) 50M->14M(64M), 0.0020417 secs]
Application time: 0.0698409 seconds
[GC pause (G1 Evacuation Pause) (young) 49M->14M(64M), 0.0019949 secs]
Application time: 0.0611472 seconds
[GC pause (G1 Evacuation Pause) (young) 50M->14M(64M), 0.0025372 secs]
Application time: 0.0725988 seconds
[GC pause (G1 Evacuation Pause) (young) 49M->14M(64M), 0.0020770 secs]
Application time: 0.0608182 seconds
[GC pause (G1 Evacuation Pause) (young) 50M->14M(64M), 0.0031679 secs]
Application time: 0.0861979 seconds
[GC pause (G1 Evacuation Pause) (young) 49M->14M(64M), 0.0026466 secs]
Application time: 0.0541952 seconds
[GC pause (G1 Evacuation Pause) (young) 50M->14M(64M), 0.0025131 secs]
Application time: 0.0755408 seconds
[GC pause (G1 Evacuation Pause) (young) 50M->14M(64M), 0.0022586 secs]
Application time: 0.0730347 seconds
[GC pause (G1 Evacuation Pause) (young) 50M->14M(64M), 0.0023630 secs]
Application time: 0.0511847 seconds
[GC pause (G1 Evacuation Pause) (young) 50M->14M(64M), 0.0022450 secs]
Application time: 0.0734816 seconds
[GC pause (G1 Evacuation Pause) (young) 50M->14M(64M), 0.0023008 secs]
Application time: 0.0596531 seconds
[GC pause (G1 Evacuation Pause) (young) 50M->15M(64M), 0.0029690 secs]
Application time: 0.0630225 seconds
[GC pause (G1 Evacuation Pause) (young) 50M->14M(64M), 0.0023094 secs]
Application time: 0.0709190 seconds
[GC pause (G1 Evacuation Pause) (young) 50M->14M(64M), 0.0023146 secs]
Application time: 0.0580344 seconds
[GC pause (G1 Evacuation Pause) (young) 50M->16M(64M), 0.0042351 secs]
Application time: 0.0503491 seconds
[GC pause (G1 Evacuation Pause) (young) 50M->14M(64M), 0.0024869 secs]
Application time: 0.0772330 seconds
[GC pause (G1 Evacuation Pause) (young) 50M->15M(64M), 0.0025426 secs]
Application time: 0.0705009 seconds
[GC pause (G1 Evacuation Pause) (young) 51M->15M(64M), 0.0023661 secs]
Application time: 0.0508840 seconds
[GC pause (G1 Evacuation Pause) (young) 51M->15M(64M), 0.0022324 secs]
Application time: 0.0705994 seconds
[GC pause (G1 Evacuation Pause) (young) 51M->15M(64M), 0.0024216 secs]
Application time: 0.0553144 seconds
[GC pause (G1 Evacuation Pause) (young) 50M->15M(64M), 0.0025935 secs]
Application time: 0.0752761 seconds
[GC pause (G1 Evacuation Pause) (young) 50M->15M(64M), 0.0024826 secs]
Application time: 0.0713677 seconds
[GC pause (G1 Evacuation Pause) (young) 51M->15M(64M), 0.0022286 secs]
Application time: 0.0487544 seconds
[GC pause (G1 Evacuation Pause) (young) 51M->15M(64M), 0.0023520 secs]
Application time: 0.0529256 seconds
[GC pause (G1 Evacuation Pause) (young) 50M->16M(64M), 0.0025081 secs]
Application time: 0.0662115 seconds
[GC pause (G1 Evacuation Pause) (young) 51M->15M(64M), 0.0023657 secs]
Application time: 0.0757744 seconds
[GC pause (G1 Evacuation Pause) (young) 51M->15M(64M), 0.0023663 secs]
Application time: 0.0648781 seconds
[GC pause (G1 Evacuation Pause) (young) 51M->15M(64M), 0.0023031 secs]
Application time: 0.0449695 seconds
[GC pause (G1 Evacuation Pause) (young) 51M->15M(64M), 0.0022864 secs]
Application time: 0.0639962 seconds
[GC pause (G1 Evacuation Pause) (young) 51M->16M(64M), 0.0025529 secs]
Application time: 0.0691756 seconds
[GC pause (G1 Evacuation Pause) (young) 51M->15M(64M), 0.0025341 secs]
Application time: 0.0644743 seconds
[GC pause (G1 Evacuation Pause) (young) 51M->15M(64M), 0.0022305 secs]
Application time: 0.0741958 seconds
[GC pause (G1 Evacuation Pause) (young) 51M->15M(64M), 0.0023585 secs]
Application time: 0.0353660 seconds
[GC pause (G1 Evacuation Pause) (young) 50M->15M(64M), 0.0023998 secs]
Application time: 0.0919064 seconds
[GC pause (G1 Evacuation Pause) (young) 50M->15M(64M), 0.0021957 secs]
Application time: 0.0758195 seconds
[GC pause (G1 Evacuation Pause) (young) 50M->15M(64M), 0.0019510 secs]
Application time: 0.0614594 seconds
[GC pause (G1 Evacuation Pause) (young) 51M->15M(64M), 0.0019471 secs]
Application time: 0.0515736 seconds
[GC pause (G1 Evacuation Pause) (young) 51M->15M(64M), 0.0020950 secs]
Application time: 0.0534034 seconds
[GC pause (G1 Evacuation Pause) (young) 51M->15M(64M), 0.0021406 secs]
Application time: 0.0756156 seconds
[GC pause (G1 Evacuation Pause) (young) 51M->15M(64M), 0.0019647 secs]
Application time: 0.0732354 seconds
[GC pause (G1 Evacuation Pause) (young) 51M->15M(64M), 0.0022674 secs]
Application time: 0.0474365 seconds
[GC pause (G1 Evacuation Pause) (young) 51M->15M(64M), 0.0020706 secs]
Application time: 0.0733177 seconds
[GC pause (G1 Evacuation Pause) (young) 51M->15M(64M), 0.0020947 secs]
Application time: 0.0538827 seconds
[GC pause (G1 Evacuation Pause) (young) 51M->15M(64M), 0.0020710 secs]
Application time: 0.0676384 seconds
[GC pause (G1 Evacuation Pause) (young) 51M->15M(64M), 0.0020044 secs]
Application time: 0.0730638 seconds
[GC pause (G1 Evacuation Pause) (young) 51M->15M(64M), 0.0019530 secs]
Application time: 0.0477590 seconds
[GC pause (G1 Evacuation Pause) (young) 51M->16M(64M), 0.0024299 secs]
Application time: 0.0557534 seconds
[GC pause (G1 Evacuation Pause) (young) 51M->15M(64M), 0.0019858 secs]
Application time: 0.0688995 seconds
[GC pause (G1 Evacuation Pause) (young) 50M->15M(64M), 0.0018758 secs]
Application time: 0.0664683 seconds
[GC pause (G1 Evacuation Pause) (young) 51M->15M(64M), 0.0028419 secs]
Application time: 0.0693358 seconds
[GC pause (G1 Evacuation Pause) (young) 50M->15M(64M), 0.0025091 secs]
Application time: 0.0593091 seconds
[GC pause (G1 Evacuation Pause) (young) 51M->17M(64M), 0.0043180 secs]
Application time: 0.0515820 seconds
[GC pause (G1 Evacuation Pause) (young) 50M->15M(64M), 0.0024922 secs]
Application time: 0.0805160 seconds
[GC pause (G1 Evacuation Pause) (young) 52M->16M(64M), 0.0022601 secs]
Application time: 0.0748302 seconds
[GC pause (G1 Evacuation Pause) (young) 52M->16M(64M), 0.0020282 secs]
Application time: 0.0449730 seconds
[GC pause (G1 Evacuation Pause) (young) 52M->16M(64M), 0.0021864 secs]
Application time: 0.0588067 seconds
[GC pause (G1 Evacuation Pause) (young) 52M->16M(64M), 0.0021759 secs]
Application time: 0.0676238 seconds
[GC pause (G1 Evacuation Pause) (young) 52M->17M(64M), 0.0024066 secs]
Application time: 0.0675913 seconds
[GC pause (G1 Evacuation Pause) (young) 52M->16M(64M), 0.0022267 secs]
Application time: 0.0628277 seconds
[GC pause (G1 Evacuation Pause) (young) 52M->16M(64M), 0.0019994 secs]
Application time: 0.0465893 seconds
[GC pause (G1 Evacuation Pause) (young) 52M->16M(64M), 0.0017069 secs]
Application time: 0.0527825 seconds
[GC pause (G1 Evacuation Pause) (young) 52M->18M(64M), 0.0035068 secs]
Application time: 0.0636712 seconds
[GC pause (G1 Evacuation Pause) (young) 52M->17M(64M), 0.0018977 secs]
Application time: 0.0673890 seconds
[GC pause (G1 Evacuation Pause) (young) 53M->17M(64M), 0.0016233 secs]
Application time: 0.0577216 seconds
[GC pause (G1 Evacuation Pause) (young) 53M->17M(64M), 0.0016756 secs]
Application time: 0.0406902 seconds
[GC pause (G1 Evacuation Pause) (young) 53M->18M(64M), 0.0016230 secs]
Application time: 0.0581778 seconds
[GC pause (G1 Evacuation Pause) (young) 53M->19M(64M), 0.0036029 secs]
Application time: 0.0643274 seconds
[GC pause (G1 Evacuation Pause) (young) 52M->18M(64M), 0.0019872 secs]
Application time: 0.0629976 seconds
[GC pause (G1 Evacuation Pause) (young) 53M->18M(64M), 0.0016790 secs]
Application time: 0.0371420 seconds
[GC pause (G1 Evacuation Pause) (young) 53M->18M(64M), 0.0017308 secs]
Application time: 0.0653712 seconds
[GC pause (G1 Evacuation Pause) (young) 54M->18M(64M), 0.0020618 secs]
Application time: 0.0571298 seconds
[GC pause (G1 Evacuation Pause) (young) 54M->18M(64M), 0.0018978 secs]
Application time: 0.0594726 seconds
[GC pause (G1 Evacuation Pause) (young) 54M->18M(64M), 0.0018673 secs]
Application time: 0.0474757 seconds
[GC pause (G1 Evacuation Pause) (young) 54M->19M(64M), 0.0023008 secs]
Application time: 0.0839022 seconds
[GC pause (G1 Evacuation Pause) (young) 53M->18M(64M), 0.0021243 secs]
Application time: 0.0637593 seconds
[GC pause (G1 Evacuation Pause) (young) 54M->18M(64M), 0.0018550 secs]
Application time: 0.0651690 seconds
[GC pause (G1 Evacuation Pause) (young) 54M->19M(64M), 0.0020998 secs]
Application time: 0.0689707 seconds
[GC pause (G1 Evacuation Pause) (young) 53M->18M(64M), 0.0020022 secs]
Application time: 0.0607023 seconds
[GC pause (G1 Evacuation Pause) (young) 54M->18M(64M), 0.0019655 secs]
Application time: 0.0698706 seconds
[GC pause (G1 Evacuation Pause) (young) 54M->18M(64M), 0.0020889 secs]
Application time: 0.0829066 seconds
[GC pause (G1 Evacuation Pause) (young) 54M->18M(64M), 0.0026924 secs]
Application time: 0.0855594 seconds
[GC pause (G1 Evacuation Pause) (young) 54M->19M(64M), 0.0022348 secs]
Application time: 0.0568569 seconds
[GC pause (G1 Evacuation Pause) (young) 53M->18M(64M), 0.0020802 secs]
Application time: 0.0701318 seconds
[GC pause (G1 Evacuation Pause) (young) 54M->18M(64M), 0.0020347 secs]
Application time: 0.0731409 seconds
[GC pause (G1 Evacuation Pause) (young) 54M->18M(64M), 0.0021483 secs]
Application time: 0.0586919 seconds
[GC pause (G1 Evacuation Pause) (young) 54M->20M(64M), 0.0037253 secs]
Application time: 0.0687054 seconds
[GC pause (G1 Evacuation Pause) (young) 52M->18M(64M), 0.0022578 secs]
Application time: 0.0695780 seconds
[GC pause (G1 Evacuation Pause) (young) 52M->18M(64M), 0.0022253 secs]
Application time: 0.0678976 seconds
[GC pause (G1 Evacuation Pause) (young) 53M->19M(64M), 0.0024057 secs]
Application time: 0.0530843 seconds
[GC pause (G1 Evacuation Pause) (young) 54M->19M(64M), 0.0023665 secs]
Application time: 0.0765486 seconds
[GC pause (G1 Evacuation Pause) (young) 54M->19M(64M), 0.0023969 secs]
Application time: 0.0709566 seconds
[GC pause (G1 Evacuation Pause) (young) 54M->19M(64M), 0.0025821 secs]
Application time: 0.0484363 seconds
[GC pause (G1 Evacuation Pause) (young) 52M->19M(64M), 0.0025821 secs]
Application time: 0.0691982 seconds
[GC pause (G1 Evacuation Pause) (young) 54M->19M(64M), 0.0023313 secs]
Application time: 0.0536383 seconds
[GC pause (G1 Evacuation Pause) (young) 54M->19M(64M), 0.0021944 secs]
Application time: 0.0740993 seconds
[GC pause (G1 Evacuation Pause) (young) 54M->19M(64M), 0.0023737 secs]
Application time: 0.0668080 seconds
[GC pause (G1 Evacuation Pause) (young) 52M->19M(64M), 0.0023735 secs]
Application time: 0.0521265 seconds
[GC pause (G1 Evacuation Pause) (young) 54M->20M(64M), 0.0038981 secs]
Application time: 0.0618691 seconds
[GC pause (G1 Evacuation Pause) (young) 51M->19M(64M), 0.0025944 secs]
Application time: 0.0526238 seconds
[GC pause (G1 Evacuation Pause) (young) 53M->19M(64M), 0.0054035 secs]
Application time: 0.0687935 seconds
[GC pause (G1 Evacuation Pause) (young) 53M->20M(64M), 0.0035137 secs]
Application time: 0.0587787 seconds
[GC pause (G1 Evacuation Pause) (young) 52M->20M(64M), 0.0023748 secs]
Application time: 0.0544472 seconds
[GC pause (G1 Evacuation Pause) (young) 52M->22M(64M), 0.0042370 secs]
Application time: 0.0542444 seconds
[GC pause (G1 Evacuation Pause) (young) 50M->20M(64M), 0.0025105 secs]
Application time: 0.0585849 seconds
[GC pause (G1 Evacuation Pause) (young) 53M->20M(64M), 0.0023651 secs]
Application time: 0.0626402 seconds
[GC pause (G1 Evacuation Pause) (young) 53M->21M(64M), 0.0024467 secs]
Application time: 0.0599257 seconds
[GC pause (G1 Evacuation Pause) (young) 52M->21M(64M), 0.0023026 secs]
Application time: 0.0500080 seconds
[GC pause (G1 Evacuation Pause) (young) 52M->21M(64M), 0.0022805 secs]
Application time: 0.0611896 seconds
[GC pause (G1 Evacuation Pause) (young) 54M->21M(64M), 0.0024010 secs]
Application time: 0.0509742 seconds
[GC pause (G1 Evacuation Pause) (young) 52M->21M(64M), 0.0023249 secs]
Application time: 0.0618588 seconds
[GC pause (G1 Evacuation Pause) (young) 54M->22M(64M), 0.0024844 secs]
Application time: 0.0622744 seconds
[GC pause (G1 Evacuation Pause) (young) 53M->21M(64M), 0.0025092 secs]
Application time: 0.0480573 seconds
[GC pause (G1 Evacuation Pause) (young) 52M->21M(64M), 0.0025093 secs]
Application time: 0.0599025 seconds
[GC pause (G1 Evacuation Pause) (young) 52M->21M(64M), 0.0025007 secs]
Application time: 0.0527217 seconds
[GC pause (G1 Evacuation Pause) (young) 52M->21M(64M), 0.0024235 secs]
Application time: 0.0589807 seconds
[GC pause (G1 Evacuation Pause) (young) 52M->23M(64M), 0.0042626 secs]
Application time: 0.0479563 seconds
[GC pause (G1 Evacuation Pause) (young) 50M->21M(64M), 0.0025298 secs]
Application time: 0.0558246 seconds
[GC pause (G1 Evacuation Pause) (young) 53M->21M(64M), 0.0020596 secs]
Application time: 0.0573576 seconds
[GC pause (G1 Evacuation Pause) (young) 53M->22M(64M), 0.0022799 secs]
Application time: 0.0674924 seconds
[GC pause (G1 Evacuation Pause) (young) 52M->22M(64M), 0.0026318 secs]
Application time: 0.0505931 seconds
[GC pause (G1 Evacuation Pause) (young) 54M->22M(64M), 0.0024559 secs]
Application time: 0.0570079 seconds
[GC pause (G1 Evacuation Pause) (young) 52M->22M(64M), 0.0024133 secs]
Application time: 0.0598628 seconds
[GC pause (G1 Evacuation Pause) (young) 52M->22M(64M), 0.0025227 secs]
Application time: 0.0484276 seconds
[GC pause (G1 Evacuation Pause) (young) 52M->23M(64M), 0.0026154 secs]
Application time: 0.0566340 seconds
[GC pause (G1 Evacuation Pause) (young) 53M->22M(64M), 0.0024659 secs]
Application time: 0.0473699 seconds
[GC pause (G1 Evacuation Pause) (young) 52M->22M(64M), 0.0024102 secs]
Application time: 0.0608354 seconds
[GC pause (G1 Evacuation Pause) (young) 52M->23M(64M), 0.0026162 secs]
Application time: 0.0589825 seconds
[GC pause (G1 Evacuation Pause) (young) 53M->22M(64M), 0.0025492 secs]
Application time: 0.0457579 seconds
[GC pause (G1 Evacuation Pause) (young) 52M->22M(64M), 0.0024323 secs]
Application time: 0.0576174 seconds
[GC pause (G1 Evacuation Pause) (young) 52M->22M(64M), 0.0026079 secs]
Application time: 0.0564718 seconds
[GC pause (G1 Evacuation Pause) (young) 52M->22M(64M), 0.0024790 secs]
Application time: 0.0497927 seconds
[GC pause (G1 Evacuation Pause) (young) 52M->23M(64M), 0.0024653 secs]
Application time: 0.0533756 seconds
[GC pause (G1 Evacuation Pause) (young) 53M->23M(64M), 0.0024273 secs]
Application time: 0.0575728 seconds
[GC pause (G1 Evacuation Pause) (young) 53M->22M(64M), 0.0023642 secs]
Application time: 0.0514156 seconds
[GC pause (G1 Evacuation Pause) (young) 54M->24M(64M), 0.0042047 secs]
Application time: 0.0756905 seconds
[GC pause (G1 Evacuation Pause) (young) 52M->23M(64M), 0.0026037 secs]
Application time: 0.0578328 seconds
[GC pause (G1 Evacuation Pause) (young) 54M->23M(64M), 0.0020001 secs]
Application time: 0.0515819 seconds
[GC pause (G1 Evacuation Pause) (young) 54M->25M(64M), 0.0037276 secs]
Application time: 0.0532646 seconds
[GC pause (G1 Evacuation Pause) (young) 52M->23M(64M), 0.0020255 secs]
Application time: 0.0429760 seconds
[GC pause (G1 Evacuation Pause) (young) 52M->23M(64M), 0.0017768 secs]
Application time: 0.0614726 seconds
[GC pause (G1 Evacuation Pause) (young) 53M->24M(64M), 0.0019095 secs]
Application time: 0.0615558 seconds
[GC pause (G1 Evacuation Pause) (young) 52M->24M(64M), 0.0020161 secs]
Application time: 0.0448819 seconds
[GC pause (G1 Evacuation Pause) (young) 54M->24M(64M), 0.0020242 secs]
Application time: 0.0599190 seconds
[GC pause (G1 Evacuation Pause) (young) 54M->24M(64M), 0.0021141 secs]
Application time: 0.0387341 seconds
[GC pause (G1 Evacuation Pause) (young) 54M->24M(64M), 0.0019841 secs]
Application time: 0.0690734 seconds
[GC pause (G1 Evacuation Pause) (young) 54M->24M(64M), 0.0019735 secs]
Application time: 0.0512389 seconds
[GC pause (G1 Evacuation Pause) (young) 54M->24M(64M), 0.0019664 secs]
Application time: 0.0577621 seconds
[GC pause (G1 Evacuation Pause) (young) 54M->24M(64M), 0.0019769 secs]
Application time: 0.0358642 seconds
[GC pause (G1 Evacuation Pause) (young) 52M->24M(64M), 0.0020450 secs]
Application time: 0.0592804 seconds
[GC pause (G1 Evacuation Pause) (young) 52M->24M(64M), 0.0019179 secs]
Application time: 0.0418264 seconds
[GC pause (G1 Evacuation Pause) (young) 54M->24M(64M), 0.0019553 secs]
Application time: 0.0675570 seconds
[GC pause (G1 Evacuation Pause) (young) 54M->24M(64M), 0.0018276 secs]
Application time: 0.0637828 seconds
[GC pause (G1 Evacuation Pause) (young) 54M->24M(64M), 0.0020478 secs]
Application time: 0.0414357 seconds
[GC pause (G1 Evacuation Pause) (young) 54M->24M(64M), 0.0019035 secs]
Application time: 0.0608588 seconds
[GC pause (G1 Evacuation Pause) (young) 54M->24M(64M), 0.0018380 secs]
Application time: 0.0388144 seconds
[GC pause (G1 Evacuation Pause) (young) 54M->24M(64M), 0.0020658 secs]
Application time: 0.0702107 seconds
[GC pause (G1 Evacuation Pause) (young) 54M->24M(64M), 0.0020191 secs]
Application time: 0.0517819 seconds
[GC pause (G1 Evacuation Pause) (young) 54M->24M(64M), 0.0020835 secs]
Application time: 0.0608071 seconds
[GC pause (G1 Evacuation Pause) (young) 54M->24M(64M), 0.0019975 secs]
Application time: 0.0385225 seconds
[GC pause (G1 Evacuation Pause) (young) 54M->24M(64M), 0.0020274 secs]
Application time: 0.0677900 seconds
[GC pause (G1 Evacuation Pause) (young) 52M->24M(64M), 0.0022015 secs]
Application time: 0.0419274 seconds
[GC pause (G1 Evacuation Pause) (young) 54M->24M(64M), 0.0021206 secs]
Application time: 0.0658295 seconds
[GC pause (G1 Evacuation Pause) (young) 54M->24M(64M), 0.0019423 secs]
Application time: 0.0634847 seconds
[GC pause (G1 Evacuation Pause) (young) 54M->24M(64M), 0.0020897 secs]
Application time: 0.0414139 seconds
[GC pause (G1 Evacuation Pause) (young) 54M->24M(64M), 0.0019737 secs]
Application time: 0.0677536 seconds
[GC pause (G1 Evacuation Pause) (young) 54M->25M(64M), 0.0020722 secs]
Application time: 0.0351508 seconds
[GC pause (G1 Evacuation Pause) (young) 53M->24M(64M), 0.0020181 secs]
Application time: 0.0705608 seconds
[GC pause (G1 Evacuation Pause) (young) 54M->24M(64M), 0.0019760 secs]
Application time: 0.0487105 seconds
[GC pause (G1 Evacuation Pause) (young) 54M->24M(64M), 0.0022213 secs]
Application time: 0.0642147 seconds
[GC pause (G1 Evacuation Pause) (young) 54M->24M(64M), 0.0019681 secs]
Application time: 0.0372633 seconds
[GC pause (G1 Evacuation Pause) (young) 54M->24M(64M), 0.0021271 secs]
Application time: 0.0629950 seconds
[GC pause (G1 Evacuation Pause) (young) 54M->24M(64M), 0.0019762 secs]
Application time: 0.0441020 seconds
[GC pause (G1 Evacuation Pause) (young) 54M->24M(64M), 0.0022545 secs]
Application time: 0.0659280 seconds
[GC pause (G1 Evacuation Pause) (young) 54M->24M(64M), 0.0020071 secs]
Application time: 0.0670732 seconds
[GC pause (G1 Evacuation Pause) (young) 54M->24M(64M), 0.0021541 secs]
Application time: 0.0410015 seconds
[GC pause (G1 Evacuation Pause) (young) 54M->24M(64M), 0.0024180 secs]
Application time: 0.0622194 seconds
[GC pause (G1 Evacuation Pause) (young) 54M->24M(64M), 0.0019261 secs]
Application time: 0.0437587 seconds
[GC pause (G1 Evacuation Pause) (young) 54M->24M(64M), 0.0019537 secs]
Application time: 0.0698471 seconds
[GC pause (G1 Evacuation Pause) (young) 54M->24M(64M), 0.0020162 secs]
Application time: 0.0518883 seconds
[GC pause (G1 Evacuation Pause) (young) 54M->24M(64M), 0.0021209 secs]
Application time: 0.0603439 seconds
[GC pause (G1 Evacuation Pause) (young) 54M->24M(64M), 0.0019985 secs]
Application time: 0.0381490 seconds
[GC pause (G1 Evacuation Pause) (young) 54M->25M(64M), 0.0020455 secs]
Application time: 0.0575971 seconds
[GC pause (G1 Evacuation Pause) (young) 53M->24M(64M), 0.0019474 secs]
Application time: 0.0442143 seconds
[GC pause (G1 Evacuation Pause) (young) 54M->24M(64M), 0.0020216 secs]
Application time: 0.0656369 seconds
[GC pause (G1 Evacuation Pause) (young) 54M->25M(64M), 0.0020306 secs]
Application time: 0.0614587 seconds
[GC pause (G1 Evacuation Pause) (young) 53M->24M(64M), 0.0020947 secs]
Application time: 0.0483038 seconds
[GC pause (G1 Evacuation Pause) (young) 54M->24M(64M), 0.0021360 secs]
Application time: 0.0589872 seconds
[GC pause (G1 Evacuation Pause) (young) 54M->25M(64M), 0.0025569 secs]
Application time: 0.0370222 seconds
[GC pause (G1 Evacuation Pause) (young) 53M->24M(64M), 0.0022764 secs]
Application time: 0.0665438 seconds
[GC pause (G1 Evacuation Pause) (young) 53M->25M(64M), 0.0026766 secs]
Application time: 0.0400584 seconds
[GC pause (G1 Evacuation Pause) (young) 52M->25M(64M), 0.0042042 secs]
Application time: 0.0627267 seconds
[GC pause (G1 Evacuation Pause) (young) 54M->25M(64M), 0.0024441 secs]
Application time: 0.0343732 seconds
[GC pause (G1 Evacuation Pause) (young) 54M->25M(64M), 0.0021705 secs]
Application time: 0.0590431 seconds
[GC pause (G1 Evacuation Pause) (young) 54M->25M(64M), 0.0022887 secs]
Application time: 0.0407388 seconds
[GC pause (G1 Evacuation Pause) (young) 54M->25M(64M), 0.0024658 secs]
Application time: 0.0628820 seconds
[GC pause (G1 Evacuation Pause) (young) 54M->25M(64M), 0.0025034 secs]
Application time: 0.0451132 seconds
[GC pause (G1 Evacuation Pause) (young) 52M->25M(64M), 0.0027160 secs]
Application time: 0.0444742 seconds
[GC pause (G1 Evacuation Pause) (young) 54M->25M(64M), 0.0023097 secs]
Application time: 0.0612950 seconds
[GC pause (G1 Evacuation Pause) (young) 54M->26M(64M), 0.0023856 secs]
Application time: 0.0522177 seconds
[GC pause (G1 Evacuation Pause) (young) 53M->25M(64M), 0.0024876 secs]
Application time: 0.0447359 seconds
[GC pause (G1 Evacuation Pause) (young) 54M->25M(64M), 0.0024500 secs]
Application time: 0.0461027 seconds
[GC pause (G1 Evacuation Pause) (young) 54M->27M(64M), 0.0040309 secs]
Application time: 0.0489447 seconds
[GC pause (G1 Evacuation Pause) (young) 52M->25M(64M), 0.0022810 secs]
Application time: 0.0397681 seconds
[GC pause (G1 Evacuation Pause) (young) 53M->25M(64M), 0.0022985 secs]
Application time: 0.0584202 seconds
[GC pause (G1 Evacuation Pause) (young) 53M->26M(64M), 0.0021564 secs]
Application time: 0.0526312 seconds
[GC pause (G1 Evacuation Pause) (young) 54M->26M(64M), 0.0024176 secs]
Application time: 0.0448123 seconds
[GC pause (G1 Evacuation Pause) (young) 54M->26M(64M), 0.0021766 secs]
Application time: 0.0419769 seconds
[GC pause (G1 Evacuation Pause) (young) 54M->28M(64M), 0.0039298 secs]
Application time: 0.0467344 seconds
[GC pause (G1 Evacuation Pause) (young) 52M->26M(64M), 0.0023980 secs]
Application time: 0.0383762 seconds
[GC pause (G1 Evacuation Pause) (young) 53M->26M(64M), 0.0025161 secs]
Application time: 0.0571271 seconds
[GC pause (G1 Evacuation Pause) (young) 53M->27M(64M), 0.0022625 secs]
Application time: 0.0499117 seconds
[GC pause (G1 Evacuation Pause) (young) 54M->27M(64M), 0.0023143 secs]
Application time: 0.0396384 seconds
[GC pause (G1 Evacuation Pause) (young) 54M->27M(64M), 0.0023598 secs]
Application time: 0.0449743 seconds
[GC pause (G1 Evacuation Pause) (young) 54M->29M(64M), 0.0043155 secs]
Application time: 0.0446585 seconds
[GC pause (G1 Evacuation Pause) (young) 52M->27M(64M), 0.0024346 secs]
Application time: 0.0425051 seconds
[GC pause (G1 Evacuation Pause) (young) 53M->27M(64M), 0.0021375 secs]
Application time: 0.0451011 seconds
[GC pause (G1 Evacuation Pause) (young) 53M->28M(64M), 0.0022422 secs]
Application time: 0.0482315 seconds
[GC pause (G1 Evacuation Pause) (young) 54M->28M(64M), 0.0022269 secs]
Application time: 0.0373089 seconds
[GC pause (G1 Evacuation Pause) (young) 54M->28M(64M), 0.0023067 secs]
Application time: 0.0500522 seconds
[GC pause (G1 Evacuation Pause) (young) 54M->30M(64M), 0.0043663 secs]
Application time: 0.0348982 seconds
[GC pause (G1 Evacuation Pause) (young) 52M->28M(64M), 0.0022196 secs]
Application time: 0.0547877 seconds
[GC pause (G1 Evacuation Pause) (young) 53M->28M(64M), 0.0019341 secs]
Application time: 0.0353276 seconds
[GC pause (G1 Evacuation Pause) (young) 53M->28M(64M), 0.0021403 secs]
Application time: 0.0413530 seconds
[GC pause (G1 Evacuation Pause) (young) 53M->29M(64M), 0.0023020 secs]
Application time: 0.0429173 seconds
[GC pause (G1 Evacuation Pause) (young) 52M->29M(64M), 0.0024336 secs]
Application time: 0.0414491 seconds
[GC pause (G1 Evacuation Pause) (young) 54M->29M(64M), 0.0025162 secs]
Application time: 0.0608202 seconds
[GC pause (G1 Evacuation Pause) (young) 52M->30M(64M), 0.0023577 secs]
Application time: 0.0343081 seconds
[GC pause (G1 Evacuation Pause) (young) 53M->29M(64M), 0.0019936 secs]
Application time: 0.0511074 seconds
[GC pause (G1 Evacuation Pause) (young) 54M->29M(64M), 0.0019380 secs]
Application time: 0.0333176 seconds
[GC pause (G1 Evacuation Pause) (young) 54M->29M(64M), 0.0019162 secs]
Application time: 0.0462227 seconds
[GC pause (G1 Evacuation Pause) (young) 54M->29M(64M), 0.0019011 secs]
Application time: 0.0461020 seconds
[GC pause (G1 Evacuation Pause) (young) 54M->29M(64M), 0.0019887 secs]
Application time: 0.0348814 seconds
[GC pause (G1 Evacuation Pause) (young) 54M->29M(64M), 0.0020228 secs]
Application time: 0.0420942 seconds
[GC pause (G1 Evacuation Pause) (young) 54M->31M(64M), 0.0037803 secs]
Application time: 0.0423706 seconds
[GC pause (G1 Evacuation Pause) (young) 52M->30M(64M), 0.0021055 secs]
Application time: 0.0437193 seconds
[GC pause (G1 Evacuation Pause) (young) (initial-mark) 54M->29M(64M), 0.0019992 secs]
[GC concurrent-root-region-scan-start]
[GC concurrent-root-region-scan-end, 0.0004172 secs]
[GC concurrent-mark-start]
[GC concurrent-mark-end, 0.0206627 secs]
Application time: 0.0206895 seconds
[GC remark, 0.0063086 secs]
Application time: 0.0007808 seconds
[GC cleanup 37M->34M(64M), 0.0002638 secs]
[GC concurrent-cleanup-start]
[GC concurrent-cleanup-end, 0.0000160 secs]
Application time: 0.0381315 seconds
[GC pause (G1 Evacuation Pause) (young) 51M->29M(64M), 0.0032619 secs]
Application time: 0.0061402 seconds
[GC pause (G1 Evacuation Pause) (mixed) 30M->20M(64M), 0.0017088 secs]
Application time: 0.0054583 seconds
[GC pause (G1 Evacuation Pause) (mixed) 22M->13M(64M), 0.0011958 secs]
Application time: 0.0030860 seconds
[GC pause (G1 Evacuation Pause) (mixed) 15M->11M(64M), 0.0016208 secs]
Application time: 0.0648278 seconds
[GC pause (G1 Evacuation Pause) (young) 48M->11M(64M), 0.0015881 secs]
Application time: 0.0522364 seconds
[GC pause (G1 Evacuation Pause) (young) 48M->11M(64M), 0.0014711 secs]
Application time: 0.0703725 seconds
[GC pause (G1 Evacuation Pause) (young) 48M->12M(64M), 0.0017313 secs]
Application time: 0.0550449 seconds
[GC pause (G1 Evacuation Pause) (young) 48M->13M(64M), 0.0019856 secs]
Application time: 0.0678624 seconds
[GC pause (G1 Evacuation Pause) (young) 49M->13M(64M), 0.0020816 secs]
Application time: 0.0539940 seconds
[GC pause (G1 Evacuation Pause) (young) 49M->13M(64M), 0.0021851 secs]
Application time: 0.0657814 seconds
[GC pause (G1 Evacuation Pause) (young) 48M->13M(64M), 0.0018825 secs]
Application time: 0.0696260 seconds
[GC pause (G1 Evacuation Pause) (young) 49M->13M(64M), 0.0019562 secs]
Application time: 0.0456181 seconds
[GC pause (G1 Evacuation Pause) (young) 49M->13M(64M), 0.0017846 secs]
Application time: 0.0686174 seconds
[GC pause (G1 Evacuation Pause) (young) 49M->13M(64M), 0.0019937 secs]
Application time: 0.0535967 seconds
[GC pause (G1 Evacuation Pause) (young) 48M->15M(64M), 0.0049358 secs]
Application time: 0.0871896 seconds
[GC pause (G1 Evacuation Pause) (young) 49M->13M(64M), 0.0021639 secs]
Application time: 0.0648290 seconds
[GC pause (G1 Evacuation Pause) (young) 49M->13M(64M), 0.0017888 secs]
Application time: 0.0689386 seconds
[GC pause (G1 Evacuation Pause) (young) 49M->14M(64M), 0.0022570 secs]
Application time: 0.0774309 seconds
[GC pause (G1 Evacuation Pause) (young) 49M->14M(64M), 0.0020933 secs]
Application time: 0.0637984 seconds
[GC pause (G1 Evacuation Pause) (young) 49M->15M(64M), 0.0037490 secs]
Application time: 0.0675241 seconds
[GC pause (G1 Evacuation Pause) (young) 49M->14M(64M), 0.0021717 secs]
Application time: 0.0566234 seconds
[GC pause (G1 Evacuation Pause) (young) 50M->14M(64M), 0.0018382 secs]
Application time: 0.0696847 seconds
[GC pause (G1 Evacuation Pause) (young) 50M->14M(64M), 0.0020271 secs]
Application time: 0.0611385 seconds
[GC pause (G1 Evacuation Pause) (young) 50M->14M(64M), 0.0021325 secs]
Application time: 0.0688645 seconds
[GC pause (G1 Evacuation Pause) (young) 50M->15M(64M), 0.0022733 secs]
Application time: 0.0650795 seconds
[GC pause (G1 Evacuation Pause) (young) 50M->14M(64M), 0.0020446 secs]
Application time: 0.0616758 seconds
[GC pause (G1 Evacuation Pause) (young) 50M->16M(64M), 0.0036780 secs]
Application time: 0.0663909 seconds
[GC pause (G1 Evacuation Pause) (young) 50M->15M(64M), 0.0022181 secs]
Application time: 0.0578736 seconds
[GC pause (G1 Evacuation Pause) (young) 51M->15M(64M), 0.0019151 secs]
Application time: 0.0680100 seconds
[GC pause (G1 Evacuation Pause) (young) 51M->15M(64M), 0.0019983 secs]
Application time: 0.0628664 seconds
[GC pause (G1 Evacuation Pause) (young) 51M->15M(64M), 0.0020298 secs]
Application time: 0.0676625 seconds
[GC pause (G1 Evacuation Pause) (young) 51M->16M(64M), 0.0021944 secs]
Application time: 0.0571416 seconds
[GC pause (G1 Evacuation Pause) (young) 51M->16M(64M), 0.0021843 secs]
Application time: 0.0673869 seconds
[GC pause (G1 Evacuation Pause) (young) 51M->16M(64M), 0.0020119 secs]
Application time: 0.0672915 seconds
[GC pause (G1 Evacuation Pause) (young) 51M->16M(64M), 0.0020679 secs]
Application time: 0.0534303 seconds
[GC pause (G1 Evacuation Pause) (young) 51M->16M(64M), 0.0020963 secs]
Application time: 0.0677253 seconds
[GC pause (G1 Evacuation Pause) (young) 51M->16M(64M), 0.0020161 secs]
Application time: 0.0552091 seconds
[GC pause (G1 Evacuation Pause) (young) 51M->16M(64M), 0.0022909 secs]
Application time: 0.0704186 seconds
[GC pause (G1 Evacuation Pause) (young) 51M->16M(64M), 0.0023096 secs]
Application time: 0.0659132 seconds
[GC pause (G1 Evacuation Pause) (young) 51M->16M(64M), 0.0021262 secs]
Application time: 0.0583429 seconds
[GC pause (G1 Evacuation Pause) (young) 51M->18M(64M), 0.0041012 secs]
Application time: 0.0668615 seconds
[GC pause (G1 Evacuation Pause) (young) 51M->16M(64M), 0.0022411 secs]
Application time: 0.0612787 seconds
[GC pause (G1 Evacuation Pause) (young) 52M->16M(64M), 0.0019591 secs]
Application time: 0.0660346 seconds
[GC pause (G1 Evacuation Pause) (young) 52M->16M(64M), 0.0019642 secs]
Application time: 0.0560927 seconds
[GC pause (G1 Evacuation Pause) (young) 52M->16M(64M), 0.0019430 secs]
Application time: 0.0643594 seconds
[GC pause (G1 Evacuation Pause) (young) 52M->17M(64M), 0.0021706 secs]
Application time: 0.0658021 seconds
[GC pause (G1 Evacuation Pause) (young) 52M->16M(64M), 0.0019846 secs]
Application time: 0.0583432 seconds
[GC pause (G1 Evacuation Pause) (young) 52M->18M(64M), 0.0036130 secs]
Application time: 0.0640659 seconds
[GC pause (G1 Evacuation Pause) (young) 52M->17M(64M), 0.0020471 secs]
Application time: 0.0599446 seconds
[GC pause (G1 Evacuation Pause) (young) 53M->19M(64M), 0.0036854 secs]
Application time: 0.0653651 seconds
[GC pause (G1 Evacuation Pause) (young) 52M->18M(64M), 0.0020834 secs]
Application time: 0.0563717 seconds
[GC pause (G1 Evacuation Pause) (young) 53M->17M(64M), 0.0016649 secs]
Application time: 0.0639287 seconds
[GC pause (G1 Evacuation Pause) (young) 53M->18M(64M), 0.0018444 secs]
Application time: 0.0662659 seconds
[GC pause (G1 Evacuation Pause) (young) 54M->18M(64M), 0.0019727 secs]
Application time: 0.0580604 seconds
[GC pause (G1 Evacuation Pause) (young) 54M->21M(64M), 0.0038292 secs]
Application time: 0.0565884 seconds
[GC pause (G1 Evacuation Pause) (young) 51M->19M(64M), 0.0022107 secs]
Application time: 0.0541526 seconds
[GC pause (G1 Evacuation Pause) (young) 53M->20M(64M), 0.0020367 secs]
Application time: 0.0553392 seconds
[GC pause (G1 Evacuation Pause) (young) 53M->20M(64M), 0.0020326 secs]
Application time: 0.0736425 seconds
[GC pause (G1 Evacuation Pause) (young) 53M->20M(64M), 0.0017370 secs]
Application time: 0.0476715 seconds
[GC pause (G1 Evacuation Pause) (young) 54M->22M(64M), 0.0037454 secs]
Application time: 0.0553984 seconds
[GC pause (G1 Evacuation Pause) (young) 50M->20M(64M), 0.0021514 secs]
Application time: 0.0464375 seconds
[GC pause (G1 Evacuation Pause) (young) 52M->20M(64M), 0.0018134 secs]
Application time: 0.0613548 seconds
[GC pause (G1 Evacuation Pause) (young) 53M->21M(64M), 0.0021194 secs]
Application time: 0.0561885 seconds
[GC pause (G1 Evacuation Pause) (young) 54M->21M(64M), 0.0019486 secs]
Application time: 0.0565929 seconds
[GC pause (G1 Evacuation Pause) (young) 54M->22M(64M), 0.0019857 secs]
Application time: 0.0613143 seconds
[GC pause (G1 Evacuation Pause) (young) 53M->21M(64M), 0.0019632 secs]
Application time: 0.0487614 seconds
[GC pause (G1 Evacuation Pause) (young) 54M->21M(64M), 0.0020765 secs]
Application time: 0.0552760 seconds
[GC pause (G1 Evacuation Pause) (young) 52M->22M(64M), 0.0021048 secs]
Application time: 0.0618260 seconds
[GC pause (G1 Evacuation Pause) (young) 53M->21M(64M), 0.0018925 secs]
Application time: 0.0447322 seconds
[GC pause (G1 Evacuation Pause) (young) 54M->21M(64M), 0.0019698 secs]
Application time: 0.0693882 seconds
[GC pause (G1 Evacuation Pause) (young) 52M->21M(64M), 0.0026625 secs]
Application time: 0.0573558 seconds
[GC pause (G1 Evacuation Pause) (young) 52M->21M(64M), 0.0025224 secs]
Application time: 0.0652094 seconds
[GC pause (G1 Evacuation Pause) (young) 54M->21M(64M), 0.0026088 secs]
Application time: 0.0632763 seconds
[GC pause (G1 Evacuation Pause) (young) 54M->21M(64M), 0.0025266 secs]
Application time: 0.0540065 seconds
[GC pause (G1 Evacuation Pause) (young) 54M->22M(64M), 0.0033716 secs]
Application time: 0.0550901 seconds
[GC pause (G1 Evacuation Pause) (young) 51M->21M(64M), 0.0025840 secs]
Application time: 0.0533150 seconds
[GC pause (G1 Evacuation Pause) (young) 53M->22M(64M), 0.0023181 secs]
Application time: 0.0602774 seconds
[GC pause (G1 Evacuation Pause) (young) 54M->22M(64M), 0.0024313 secs]
Application time: 0.0597024 seconds
[GC pause (G1 Evacuation Pause) (young) 52M->22M(64M), 0.0022949 secs]
Application time: 0.0493567 seconds
[GC pause (G1 Evacuation Pause) (young) 54M->22M(64M), 0.0023426 secs]
Application time: 0.0608574 seconds
[GC pause (G1 Evacuation Pause) (young) 54M->22M(64M), 0.0023037 secs]
Application time: 0.0559019 seconds
[GC pause (G1 Evacuation Pause) (young) 54M->22M(64M), 0.0024371 secs]
Application time: 0.0587044 seconds
[GC pause (G1 Evacuation Pause) (young) 54M->24M(64M), 0.0042513 secs]
Application time: 0.0436484 seconds
[GC pause (G1 Evacuation Pause) (young) 50M->22M(64M), 0.0026195 secs]
Application time: 0.0487811 seconds
[GC pause (G1 Evacuation Pause) (young) 53M->22M(64M), 0.0022054 secs]
Application time: 0.0622040 seconds
[GC pause (G1 Evacuation Pause) (young) 54M->23M(64M), 0.0025124 secs]
Application time: 0.0610036 seconds
[GC pause (G1 Evacuation Pause) (young) 52M->23M(64M), 0.0019681 secs]
Application time: 0.0435278 seconds
[GC pause (G1 Evacuation Pause) (young) 54M->23M(64M), 0.0019641 secs]
Application time: 0.0577843 seconds
[GC pause (G1 Evacuation Pause) (young) 54M->23M(64M), 0.0021917 secs]
Application time: 0.0578598 seconds
[GC pause (G1 Evacuation Pause) (young) 52M->23M(64M), 0.0020488 secs]
Application time: 0.0402108 seconds
[GC pause (G1 Evacuation Pause) (young) 54M->23M(64M), 0.0021413 secs]
Application time: 0.0687388 seconds
[GC pause (G1 Evacuation Pause) (young) 54M->23M(64M), 0.0018234 secs]
Application time: 0.0388434 seconds
[GC pause (G1 Evacuation Pause) (young) 54M->23M(64M), 0.0020649 secs]
Application time: 0.0659908 seconds
[GC pause (G1 Evacuation Pause) (young) 54M->23M(64M), 0.0018463 secs]
Application time: 0.0591583 seconds
[GC pause (G1 Evacuation Pause) (young) 54M->23M(64M), 0.0019862 secs]
Application time: 0.0450175 seconds
[GC pause (G1 Evacuation Pause) (young) 54M->23M(64M), 0.0018749 secs]
Application time: 0.0488538 seconds
[GC pause (G1 Evacuation Pause) (young) 54M->24M(64M), 0.0021728 secs]
Application time: 0.0399725 seconds
[GC pause (G1 Evacuation Pause) (young) 53M->23M(64M), 0.0020139 secs]
Application time: 0.0580334 seconds
[GC pause (G1 Evacuation Pause) (young) 53M->24M(64M), 0.0020593 secs]
Application time: 0.0568885 seconds
[GC pause (G1 Evacuation Pause) (young) 52M->24M(64M), 0.0019462 secs]
Application time: 0.0485650 seconds
[GC pause (G1 Evacuation Pause) (young) 54M->24M(64M), 0.0018861 secs]
Application time: 0.0437888 seconds
[GC pause (G1 Evacuation Pause) (young) 52M->24M(64M), 0.0019186 secs]
Application time: 0.0297360 seconds
[GC pause (G1 Evacuation Pause) (young) 54M->24M(64M), 0.0019971 secs]
Application time: 0.0593802 seconds
[GC pause (G1 Evacuation Pause) (young) 54M->24M(64M), 0.0020798 secs]
Application time: 0.0619627 seconds
[GC pause (G1 Evacuation Pause) (young) 52M->24M(64M), 0.0021671 secs]
Application time: 0.0605928 seconds
[GC pause (G1 Evacuation Pause) (young) 54M->24M(64M), 0.0018290 secs]
Application time: 0.0533203 seconds
[GC pause (G1 Evacuation Pause) (young) 54M->24M(64M), 0.0020839 secs]
Application time: 0.0345419 seconds
[GC pause (G1 Evacuation Pause) (young) 54M->24M(64M), 0.0017627 secs]
Application time: 0.0354381 seconds
[GC pause (G1 Evacuation Pause) (young) 54M->26M(64M), 0.0033590 secs]
Application time: 0.0509658 seconds
[GC pause (G1 Evacuation Pause) (young) 52M->24M(64M), 0.0020794 secs]
Application time: 0.0577790 seconds
[GC pause (G1 Evacuation Pause) (young) 53M->24M(64M), 0.0020574 secs]
Application time: 0.0554131 seconds
[GC pause (G1 Evacuation Pause) (young) 54M->24M(64M), 0.0020246 secs]
Application time: 0.0412232 seconds
[GC pause (G1 Evacuation Pause) (young) 54M->24M(64M), 0.0018424 secs]
Application time: 0.0447651 seconds
[GC pause (G1 Evacuation Pause) (young) 54M->25M(64M), 0.0023378 secs]
Application time: 0.0379175 seconds
[GC pause (G1 Evacuation Pause) (young) 53M->24M(64M), 0.0017891 secs]
Application time: 0.0533354 seconds
[GC pause (G1 Evacuation Pause) (young) 54M->24M(64M), 0.0019809 secs]
Application time: 0.0622752 seconds
[GC pause (G1 Evacuation Pause) (young) 54M->24M(64M), 0.0018872 secs]
Application time: 0.0481172 seconds
[GC pause (G1 Evacuation Pause) (young) 54M->24M(64M), 0.0020264 secs]
Application time: 0.0386540 seconds
[GC pause (G1 Evacuation Pause) (young) 54M->24M(64M), 0.0017541 secs]
Application time: 0.0291123 seconds
[GC pause (G1 Evacuation Pause) (young) 54M->25M(64M), 0.0018856 secs]
Application time: 0.0559316 seconds
[GC pause (G1 Evacuation Pause) (young) 53M->25M(64M), 0.0019692 secs]
Application time: 0.0613544 seconds
[GC pause (G1 Evacuation Pause) (young) 53M->24M(64M), 0.0022009 secs]
Application time: 0.0546507 seconds
[GC pause (G1 Evacuation Pause) (young) 54M->24M(64M), 0.0019520 secs]
Application time: 0.0516076 seconds
[GC pause (G1 Evacuation Pause) (young) 54M->24M(64M), 0.0020054 secs]
Application time: 0.0364609 seconds
[GC pause (G1 Evacuation Pause) (young) 54M->24M(64M), 0.0019647 secs]
Application time: 0.0461038 seconds
[GC pause (G1 Evacuation Pause) (young) 54M->25M(64M), 0.0024708 secs]
Application time: 0.0497581 seconds
[GC pause (G1 Evacuation Pause) (young) 53M->25M(64M), 0.0021875 secs]
Application time: 0.0713311 seconds
[GC pause (G1 Evacuation Pause) (young) 54M->25M(64M), 0.0018809 secs]
Application time: 0.0436376 seconds
[GC pause (G1 Evacuation Pause) (young) 54M->25M(64M), 0.0019034 secs]
Application time: 0.0486538 seconds
[GC pause (G1 Evacuation Pause) (young) 54M->25M(64M), 0.0020171 secs]
Application time: 0.0290532 seconds
[GC pause (G1 Evacuation Pause) (young) 54M->25M(64M), 0.0018603 secs]
Application time: 0.0583394 seconds
[GC pause (G1 Evacuation Pause) (young) 54M->25M(64M), 0.0023888 secs]
Application time: 0.0510470 seconds
[GC pause (G1 Evacuation Pause) (young) 52M->25M(64M), 0.0018624 secs]
Application time: 0.0556739 seconds
[GC pause (G1 Evacuation Pause) (young) 54M->25M(64M), 0.0018625 secs]
Application time: 0.0503097 seconds
[GC pause (G1 Evacuation Pause) (young) 54M->25M(64M), 0.0019350 secs]
Application time: 0.0366183 seconds
[GC pause (G1 Evacuation Pause) (young) 54M->25M(64M), 0.0021292 secs]
Application time: 0.0423450 seconds
[GC pause (G1 Evacuation Pause) (young) 54M->25M(64M), 0.0019522 secs]
Application time: 0.0545356 seconds
[GC pause (G1 Evacuation Pause) (young) 54M->25M(64M), 0.0019571 secs]
Application time: 0.0506619 seconds
[GC pause (G1 Evacuation Pause) (young) 52M->25M(64M), 0.0019192 secs]
Application time: 0.0575172 seconds
[GC pause (G1 Evacuation Pause) (young) 54M->25M(64M), 0.0018969 secs]
Application time: 0.0317448 seconds
[GC pause (G1 Evacuation Pause) (young) 54M->25M(64M), 0.0017934 secs]
Application time: 0.0557248 seconds
[GC pause (G1 Evacuation Pause) (young) 54M->25M(64M), 0.0020456 secs]
Application time: 0.0311741 seconds
[GC pause (G1 Evacuation Pause) (young) 52M->25M(64M), 0.0033090 secs]
Application time: 0.0618738 seconds
[GC pause (G1 Evacuation Pause) (young) 54M->26M(64M), 0.0022331 secs]
Application time: 0.0481172 seconds
[GC pause (G1 Evacuation Pause) (young) 53M->25M(64M), 0.0019459 secs]
Application time: 0.0624270 seconds
[GC pause (G1 Evacuation Pause) (young) 54M->26M(64M), 0.0020527 secs]
Application time: 0.0272791 seconds
[GC pause (G1 Evacuation Pause) (young) 53M->25M(64M), 0.0020199 secs]
Application time: 0.0532062 seconds
[GC pause (G1 Evacuation Pause) (young) 54M->26M(64M), 0.0020071 secs]
Application time: 0.0331980 seconds
[GC pause (G1 Evacuation Pause) (young) 53M->26M(64M), 0.0020547 secs]
Application time: 0.0556828 seconds
[GC pause (G1 Evacuation Pause) (young) 54M->26M(64M), 0.0018544 secs]
Application time: 0.0529083 seconds
[GC pause (G1 Evacuation Pause) (young) 54M->26M(64M), 0.0018984 secs]
Application time: 0.0481193 seconds
[GC pause (G1 Evacuation Pause) (young) 54M->26M(64M), 0.0019796 secs]
Application time: 0.0404160 seconds
[GC pause (G1 Evacuation Pause) (young) 54M->26M(64M), 0.0018718 secs]
Application time: 0.0294437 seconds
[GC pause (G1 Evacuation Pause) (young) 54M->26M(64M), 0.0019566 secs]
Application time: 0.0498239 seconds
[GC pause (G1 Evacuation Pause) (young) 54M->28M(64M), 0.0034978 secs]
Application time: 0.0485970 seconds
[GC pause (G1 Evacuation Pause) (young) 52M->27M(64M), 0.0035187 secs]
Application time: 0.0669685 seconds
[GC pause (G1 Evacuation Pause) (young) 54M->27M(64M), 0.0034447 secs]
Application time: 0.0400142 seconds
[GC pause (G1 Evacuation Pause) (young) 54M->27M(64M), 0.0013391 secs]
Application time: 0.0464873 seconds
[GC pause (G1 Evacuation Pause) (young) 54M->27M(64M), 0.0018206 secs]
Application time: 0.0379285 seconds
[GC pause (G1 Evacuation Pause) (young) 54M->28M(64M), 0.0014486 secs]
Application time: 0.0445835 seconds
[GC pause (G1 Evacuation Pause) (young) 54M->29M(64M), 0.0019512 secs]
Application time: 0.0441291 seconds
[GC pause (G1 Evacuation Pause) (young) 53M->28M(64M), 0.0019944 secs]
Application time: 0.0518926 seconds
[GC pause (G1 Evacuation Pause) (young) 54M->28M(64M), 0.0020080 secs]
Application time: 0.0469302 seconds
[GC pause (G1 Evacuation Pause) (young) 54M->29M(64M), 0.0019726 secs]
Application time: 0.0307639 seconds
[GC pause (G1 Evacuation Pause) (young) 53M->28M(64M), 0.0018683 secs]
Application time: 0.0342877 seconds
[GC pause (G1 Evacuation Pause) (young) 54M->28M(64M), 0.0019941 secs]
Application time: 0.0420974 seconds
[GC pause (G1 Evacuation Pause) (young) 54M->28M(64M), 0.0019719 secs]
Application time: 0.0337554 seconds
[GC pause (G1 Evacuation Pause) (young) 54M->28M(64M), 0.0018176 secs]
Application time: 0.0552661 seconds
[GC pause (G1 Evacuation Pause) (young) 54M->28M(64M), 0.0019310 secs]
Application time: 0.0443403 seconds
[GC pause (G1 Evacuation Pause) (young) 54M->28M(64M), 0.0018111 secs]
Application time: 0.0365219 seconds
[GC pause (G1 Evacuation Pause) (young) 54M->28M(64M), 0.0020782 secs]
Application time: 0.0400405 seconds
[GC pause (G1 Evacuation Pause) (young) 54M->30M(64M), 0.0032722 secs]
Application time: 0.0416335 seconds
[GC pause (G1 Evacuation Pause) (young) 52M->29M(64M), 0.0019058 secs]
Application time: 0.0420229 seconds
[GC pause (G1 Evacuation Pause) (young) (initial-mark) 53M->29M(64M), 0.0016879 secs]
[GC concurrent-root-region-scan-start]
[GC concurrent-root-region-scan-end, 0.0004046 secs]
[GC concurrent-mark-start]
[GC concurrent-mark-end, 0.0176821 secs]
Application time: 0.0181336 seconds
[GC remark, 0.0066329 secs]
Application time: 0.0000482 seconds
[GC cleanup 40M->37M(64M), 0.0002174 secs]
[GC concurrent-cleanup-start]
[GC concurrent-cleanup-end, 0.0000147 secs]
Application time: 0.0196932 seconds
[GC pause (G1 Evacuation Pause) (young) 50M->26M(64M), 0.0015328 secs]
Application time: 0.0016002 seconds
[GC pause (G1 Evacuation Pause) (mixed) 27M->19M(64M), 0.0013093 secs]
Application time: 0.0027809 seconds
[GC pause (G1 Evacuation Pause) (mixed) 21M->12M(64M), 0.0010469 secs]
Application time: 0.0022322 seconds
[GC pause (G1 Evacuation Pause) (mixed) 14M->10M(64M), 0.0010404 secs]
Application time: 0.0754114 seconds
[GC pause (G1 Evacuation Pause) (young) 47M->11M(64M), 0.0017331 secs]
Application time: 0.0517150 seconds
[GC pause (G1 Evacuation Pause) (young) 47M->14M(64M), 0.0034390 secs]
Application time: 0.0632513 seconds
[GC pause (G1 Evacuation Pause) (young) 47M->12M(64M), 0.0021385 secs]
Application time: 0.0706933 seconds
[GC pause (G1 Evacuation Pause) (young) 48M->12M(64M), 0.0017745 secs]
Application time: 0.0449098 seconds
[GC pause (G1 Evacuation Pause) (young) 48M->12M(64M), 0.0017852 secs]
Application time: 0.0531172 seconds
[GC pause (G1 Evacuation Pause) (young) 48M->13M(64M), 0.0019893 secs]
Application time: 0.0680352 seconds
[GC pause (G1 Evacuation Pause) (young) 48M->13M(64M), 0.0020462 secs]
Application time: 0.0732005 seconds
[GC pause (G1 Evacuation Pause) (young) 48M->12M(64M), 0.0019776 secs]
Application time: 0.0617277 seconds
[GC pause (G1 Evacuation Pause) (young) 48M->12M(64M), 0.0019598 secs]
Application time: 0.0406433 seconds
[GC pause (G1 Evacuation Pause) (young) 48M->13M(64M), 0.0020740 secs]
Application time: 0.0626424 seconds
[GC pause (G1 Evacuation Pause) (young) 48M->13M(64M), 0.0020263 secs]
Application time: 0.0708682 seconds
[GC pause (G1 Evacuation Pause) (young) 48M->13M(64M), 0.0020725 secs]
Application time: 0.0561820 seconds
[GC pause (G1 Evacuation Pause) (young) 48M->12M(64M), 0.0018946 secs]
Application time: 0.0679690 seconds
[GC pause (G1 Evacuation Pause) (young) 48M->12M(64M), 0.0018650 secs]
Application time: 0.0336610 seconds
[GC pause (G1 Evacuation Pause) (young) 48M->13M(64M), 0.0021447 secs]
Application time: 0.0682078 seconds
[GC pause (G1 Evacuation Pause) (young) 48M->12M(64M), 0.0019330 secs]
Application time: 0.0822765 seconds
[GC pause (G1 Evacuation Pause) (young) 48M->12M(64M), 0.0018132 secs]
Application time: 0.0596181 seconds
[GC pause (G1 Evacuation Pause) (young) 48M->12M(64M), 0.0021078 secs]
Application time: 0.0451278 seconds
[GC pause (G1 Evacuation Pause) (young) 48M->12M(64M), 0.0019464 secs]
Application time: 0.0547797 seconds
[GC pause (G1 Evacuation Pause) (young) 48M->13M(64M), 0.0023128 secs]
Application time: 0.0698968 seconds
[GC pause (G1 Evacuation Pause) (young) 48M->12M(64M), 0.0020094 secs]
Application time: 0.0720438 seconds
[GC pause (G1 Evacuation Pause) (young) 48M->13M(64M), 0.0019198 secs]
Application time: 0.0278879 seconds
Application time: 0.0220810 seconds
[GC pause (G1 Evacuation Pause) (young) 48M->12M(64M), 0.0017817 secs]
Application time: 0.1268910 seconds
[GC pause (G1 Evacuation Pause) (young) 48M->13M(64M), 0.0019709 secs]
Application time: 0.0963959 seconds
[GC pause (G1 Evacuation Pause) (young) 48M->12M(64M), 0.0021185 secs]
Application time: 0.0897074 seconds
[GC pause (G1 Evacuation Pause) (young) 48M->12M(64M), 0.0022180 secs]
Iteration 1 (120s) ends:   Wed May 16 02:17:10 GMT 2018
Iteration 1 (120s) result: 127.85 ops/m

Valid run!
Score on xml.transform: 127.85 ops/m

Application time: 0.0917312 seconds

--- --- --- --- --- --- --- --- ---

  Benchmark:   xml.validation
  Run mode:    timed run
  Test type:   multi
  Threads:     2
  Warmup:      60s
  Iterations:  1
  Run length:  120s
Application time: 0.2035101 seconds
Application time: 0.0116619 seconds
Application time: 0.2161123 seconds
Application time: 0.0002092 seconds
Application time: 0.0708944 seconds
Application time: 0.0002684 seconds
Application time: 0.0284599 seconds
Application time: 0.0257782 seconds
Application time: 0.1333681 seconds

Warmup (60s) begins: Wed May 16 02:17:11 GMT 2018
Application time: 0.0393963 seconds
Application time: 0.0000401 seconds
[GC pause (G1 Evacuation Pause) (young) 49M->15M(64M), 0.0040296 secs]
Application time: 0.0275848 seconds
Application time: 0.0037745 seconds
Application time: 0.0000594 seconds
Application time: 0.0000369 seconds
Application time: 0.0004491 seconds
Application time: 0.0048561 seconds
Application time: 0.0002766 seconds
Application time: 0.1202629 seconds
Application time: 0.0002908 seconds
Application time: 0.0004032 seconds
Application time: 0.0000642 seconds
Application time: 0.0005707 seconds
Application time: 0.0006679 seconds
Application time: 0.0102350 seconds
Application time: 0.0005029 seconds
Application time: 0.0084405 seconds
Application time: 0.0030094 seconds
Application time: 0.0032343 seconds
Application time: 0.0000240 seconds
Application time: 0.0033582 seconds
Application time: 0.0000234 seconds
Application time: 0.0016580 seconds
Application time: 0.0000233 seconds
Application time: 0.0000299 seconds
Application time: 0.0017871 seconds
Application time: 0.0000234 seconds
Application time: 0.0385613 seconds
Application time: 0.0024064 seconds
Application time: 0.0015830 seconds
Application time: 0.0035380 seconds
Application time: 0.0047516 seconds
Application time: 0.0006995 seconds
Application time: 0.0020256 seconds
Application time: 0.0075274 seconds
Application time: 0.0042380 seconds
Application time: 0.0078799 seconds
Application time: 0.0001070 seconds
Application time: 0.0038829 seconds
Application time: 0.0048448 seconds
Application time: 0.0026952 seconds
Application time: 0.0001566 seconds
Application time: 0.0000467 seconds
Application time: 0.2002505 seconds
[GC pause (G1 Evacuation Pause) (young)-- 49M->50M(64M), 0.0915153 secs]
Application time: 0.0076587 seconds
Application time: 0.0009092 seconds
[GC pause (G1 Evacuation Pause) (young) (initial-mark) 51M->51M(64M), 0.0238916 secs]
[GC concurrent-root-region-scan-start]
[GC concurrent-root-region-scan-end, 0.0184192 secs]
[GC concurrent-mark-start]
Application time: 0.0561678 seconds
[GC pause (G1 Evacuation Pause) (young) 54M->53M(64M), 0.0142489 secs]
Application time: 0.0318114 seconds
[GC pause (G1 Evacuation Pause) (young) 55M->55M(64M), 0.0065139 secs]
[GC concurrent-mark-end, 0.1057817 secs]
Application time: 0.0151818 seconds
[GC remark, 0.0113677 secs]
Application time: 0.0067179 seconds
[GC cleanup 57M->56M(64M), 0.0003150 secs]
[GC concurrent-cleanup-start]
[GC concurrent-cleanup-end, 0.0000113 secs]
Application time: 0.0078833 seconds
[GC pause (G1 Evacuation Pause) (young) 56M->56M(64M), 0.0126728 secs]
Application time: 0.0165538 seconds
[GC pause (G1 Evacuation Pause) (mixed) 58M->51M(64M), 0.0095410 secs]
Application time: 0.0248160 seconds
[GC pause (G1 Evacuation Pause) (mixed) 53M->46M(64M), 0.0110433 secs]
Application time: 0.0084048 seconds
[GC pause (G1 Evacuation Pause) (mixed) 48M->43M(64M), 0.0142750 secs]
Application time: 0.0238617 seconds
[GC pause (G1 Evacuation Pause) (mixed) 45M->40M(64M), 0.0255532 secs]
Application time: 0.0112345 seconds
[GC pause (G1 Evacuation Pause) (mixed) 42M->41M(64M), 0.0191333 secs]
Application time: 0.0832235 seconds
[GC pause (G1 Evacuation Pause) (young) 50M->44M(64M), 0.0165559 secs]
Application time: 0.0592312 seconds
[GC pause (G1 Evacuation Pause) (young) (initial-mark) 51M->46M(64M), 0.0091487 secs]
[GC concurrent-root-region-scan-start]
[GC concurrent-root-region-scan-end, 0.0018559 secs]
[GC concurrent-mark-start]
Application time: 0.0843014 seconds
[GC pause (G1 Evacuation Pause) (young) 52M->47M(64M), 0.0095133 secs]
[GC concurrent-mark-end, 0.1341581 secs]
Application time: 0.0339003 seconds
[GC remark, 0.0119325 secs]
Application time: 0.0078566 seconds
[GC cleanup 50M->49M(64M), 0.0003303 secs]
[GC concurrent-cleanup-start]
[GC concurrent-cleanup-end, 0.0000108 secs]
Application time: 0.0238171 seconds
[GC pause (G1 Evacuation Pause) (young) 52M->45M(64M), 0.0028689 secs]
Application time: 0.0138016 seconds
[GC pause (G1 Evacuation Pause) (mixed) 47M->39M(64M), 0.0018236 secs]
Application time: 0.0184403 seconds
[GC pause (G1 Evacuation Pause) (mixed) 41M->33M(64M), 0.0038383 secs]
Application time: 0.0150221 seconds
[GC pause (G1 Evacuation Pause) (mixed) 35M->31M(64M), 0.0078601 secs]
Application time: 0.0306869 seconds
Application time: 0.0000381 seconds
Application time: 0.0000237 seconds
Application time: 0.0788674 seconds
[GC pause (G1 Evacuation Pause) (young) 49M->30M(64M), 0.0066223 secs]
Application time: 0.1334523 seconds
[GC pause (G1 Evacuation Pause) (young) (initial-mark) 49M->31M(64M), 0.0017243 secs]
[GC concurrent-root-region-scan-start]
[GC concurrent-root-region-scan-end, 0.0005357 secs]
[GC concurrent-mark-start]
Application time: 0.0534272 seconds
[GC concurrent-mark-end, 0.1782182 secs]
Application time: 0.1206894 seconds
[GC remark, 0.0085395 secs]
Application time: 0.0000548 seconds
[GC cleanup 41M->41M(64M), 0.0003409 secs]
Application time: 0.0860161 seconds
[GC pause (G1 Evacuation Pause) (young) 51M->31M(64M), 0.0057182 secs]
Application time: 0.0179709 seconds
[GC pause (G1 Evacuation Pause) (mixed) 33M->29M(64M), 0.0076638 secs]
Application time: 0.2014419 seconds
[GC pause (G1 Evacuation Pause) (young) 51M->29M(64M), 0.0082797 secs]
Application time: 0.1624765 seconds
[GC pause (G1 Evacuation Pause) (young) (initial-mark) 51M->29M(64M), 0.0020237 secs]
[GC concurrent-root-region-scan-start]
[GC concurrent-root-region-scan-end, 0.0005851 secs]
[GC concurrent-mark-start]
[GC concurrent-mark-end, 0.1488514 secs]
Application time: 0.1495218 seconds
[GC remark, 0.0086986 secs]
Application time: 0.0027474 seconds
[GC cleanup 50M->50M(64M), 0.0003283 secs]
Application time: 0.0194506 seconds
[GC pause (G1 Evacuation Pause) (young)-- 52M->46M(64M), 0.0432401 secs]
Application time: 0.0715697 seconds
[GC pause (G1 Evacuation Pause) (young) 53M->49M(64M), 0.0299199 secs]
Application time: 0.0705658 seconds
[GC pause (G1 Evacuation Pause) (young) (initial-mark) 54M->50M(64M), 0.0143801 secs]
[GC concurrent-root-region-scan-start]
[GC concurrent-root-region-scan-end, 0.0065407 secs]
[GC concurrent-mark-start]
Application time: 0.0517043 seconds
[GC pause (G1 Evacuation Pause) (young) 54M->51M(64M), 0.0069475 secs]
Application time: 0.0261827 seconds
[GC pause (G1 Evacuation Pause) (young) 54M->52M(64M), 0.0090548 secs]
Application time: 0.0137365 seconds
[GC pause (G1 Evacuation Pause) (young) 54M->54M(64M), 0.0111498 secs]
Application time: 0.0217313 seconds
[GC pause (G1 Evacuation Pause) (young) 56M->56M(64M), 0.0113004 secs]
Application time: 0.0189549 seconds
[GC pause (G1 Evacuation Pause) (young) 58M->57M(64M), 0.0113123 secs]
[GC concurrent-mark-end, 0.2017321 secs]
Application time: 0.0063465 seconds
[GC remark, 0.0112247 secs]
Application time: 0.0000403 seconds
[GC cleanup 58M->50M(64M), 0.0002599 secs]
[GC concurrent-cleanup-start]
[GC concurrent-cleanup-end, 0.0000254 secs]
Application time: 0.0018948 seconds
[GC pause (G1 Evacuation Pause) (young) 51M->51M(64M), 0.0040220 secs]
Application time: 0.0231585 seconds
[GC pause (G1 Evacuation Pause) (mixed) 53M->46M(64M), 0.0053802 secs]
Application time: 0.0170040 seconds
[GC pause (G1 Evacuation Pause) (mixed) 48M->43M(64M), 0.0081552 secs]
Application time: 0.0175058 seconds
[GC pause (G1 Evacuation Pause) (mixed) 45M->42M(64M), 0.0092835 secs]
Application time: 0.0673424 seconds
[GC pause (G1 Evacuation Pause) (young) 51M->44M(64M), 0.0108162 secs]
Application time: 0.0599428 seconds
[GC pause (G1 Evacuation Pause) (young) (initial-mark) 52M->45M(64M), 0.0061947 secs]
[GC concurrent-root-region-scan-start]
[GC concurrent-root-region-scan-end, 0.0016717 secs]
[GC concurrent-mark-start]
Application time: 0.0768501 seconds
[GC pause (G1 Evacuation Pause) (young) 52M->45M(64M), 0.0043711 secs]
[GC concurrent-mark-end, 0.1154993 secs]
Application time: 0.0358557 seconds
[GC remark, 0.0120191 secs]
Application time: 0.0000662 seconds
[GC cleanup 49M->47M(64M), 0.0003877 secs]
[GC concurrent-cleanup-start]
[GC concurrent-cleanup-end, 0.0000111 secs]
Application time: 0.0197605 seconds
[GC pause (G1 Evacuation Pause) (young) 50M->43M(64M), 0.0096855 secs]
Application time: 0.0141205 seconds
[GC pause (G1 Evacuation Pause) (mixed) 45M->37M(64M), 0.0080411 secs]
Application time: 0.0141513 seconds
[GC pause (G1 Evacuation Pause) (mixed) 39M->33M(64M), 0.0066244 secs]
Application time: 0.0139502 seconds
[GC pause (G1 Evacuation Pause) (mixed) 35M->32M(64M), 0.0161506 secs]
Application time: 0.1233225 seconds
[GC pause (G1 Evacuation Pause) (young) 50M->32M(64M), 0.0062908 secs]
Application time: 0.1120231 seconds
[GC pause (G1 Evacuation Pause) (young) (initial-mark) 51M->32M(64M), 0.0015299 secs]
[GC concurrent-root-region-scan-start]
[GC concurrent-root-region-scan-end, 0.0003690 secs]
[GC concurrent-mark-start]
Application time: 0.1315127 seconds
[GC pause (G1 Evacuation Pause) (young) 51M->32M(64M), 0.0013775 secs]
[GC concurrent-mark-end, 0.1512328 secs]
Application time: 0.0141977 seconds
[GC remark, 0.0160811 secs]
Application time: 0.0045537 seconds
[GC cleanup 35M->35M(64M), 0.0002336 secs]
Application time: 0.0935840 seconds
[GC pause (G1 Evacuation Pause) (young) 52M->32M(64M), 0.0015016 secs]
Application time: 0.0101590 seconds
[GC pause (G1 Evacuation Pause) (mixed) 34M->30M(64M), 0.0052625 secs]
Application time: 0.1160141 seconds
[GC pause (G1 Evacuation Pause) (young) 52M->30M(64M), 0.0043350 secs]
Application time: 0.1118619 seconds
[GC pause (G1 Evacuation Pause) (young) (initial-mark) 53M->39M(64M), 0.0177827 secs]
[GC concurrent-root-region-scan-start]
[GC concurrent-root-region-scan-end, 0.0061860 secs]
[GC concurrent-mark-start]
[GC concurrent-mark-end, 0.1254665 secs]
Application time: 0.1317805 seconds
[GC remark, 0.0107125 secs]
Application time: 0.0000533 seconds
[GC cleanup 47M->39M(64M), 0.0003587 secs]
[GC concurrent-cleanup-start]
[GC concurrent-cleanup-end, 0.0000192 secs]
Application time: 0.0779722 seconds
[GC pause (G1 Evacuation Pause) (young) 44M->35M(64M), 0.0187325 secs]
Application time: 0.0121060 seconds
[GC pause (G1 Evacuation Pause) (mixed) 36M->33M(64M), 0.0281063 secs]
Application time: 0.0186116 seconds
[GC pause (G1 Evacuation Pause) (mixed) 35M->32M(64M), 0.0140120 secs]
Application time: 0.1233507 seconds
[GC pause (G1 Evacuation Pause) (young) 48M->36M(64M), 0.0097604 secs]
Application time: 0.0901086 seconds
[GC pause (G1 Evacuation Pause) (young) (initial-mark) 50M->39M(64M), 0.0240189 secs]
[GC concurrent-root-region-scan-start]
[GC concurrent-root-region-scan-end, 0.0071535 secs]
[GC concurrent-mark-start]
Application time: 0.1125497 seconds
[GC pause (G1 Evacuation Pause) (young) 51M->40M(64M), 0.0154495 secs]
[GC concurrent-mark-end, 0.1351878 secs]
Application time: 0.0142651 seconds
[GC remark, 0.0174021 secs]
Application time: 0.0000707 seconds
[GC cleanup 41M->40M(64M), 0.0002737 secs]
[GC concurrent-cleanup-start]
[GC concurrent-cleanup-end, 0.0000086 secs]
Application time: 0.0751347 seconds
[GC pause (G1 Evacuation Pause) (young) 51M->40M(64M), 0.0057004 secs]
Application time: 0.0136822 seconds
[GC pause (G1 Evacuation Pause) (mixed) 42M->34M(64M), 0.0042525 secs]
Application time: 0.0138732 seconds
[GC pause (G1 Evacuation Pause) (mixed) 36M->31M(64M), 0.0084891 secs]
Application time: 0.1192250 seconds
[GC pause (G1 Evacuation Pause) (young) 49M->31M(64M), 0.0141525 secs]
Application time: 0.1214099 seconds
[GC pause (G1 Evacuation Pause) (young) (initial-mark) 50M->31M(64M), 0.0016372 secs]
[GC concurrent-root-region-scan-start]
[GC concurrent-root-region-scan-end, 0.0022856 secs]
[GC concurrent-mark-start]
[GC concurrent-mark-end, 0.0885881 secs]
Application time: 0.0909832 seconds
[GC remark, 0.0148150 secs]
Application time: 0.0000569 seconds
[GC cleanup 40M->40M(64M), 0.0003585 secs]
Application time: 0.0492217 seconds
[GC pause (G1 Evacuation Pause) (young) 51M->31M(64M), 0.0017138 secs]
Application time: 0.0119067 seconds
[GC pause (G1 Evacuation Pause) (mixed) 33M->30M(64M), 0.0048787 secs]
Application time: 0.1237485 seconds
[GC pause (G1 Evacuation Pause) (young) 52M->30M(64M), 0.0040058 secs]
Application time: 0.1137667 seconds
[GC pause (G1 Evacuation Pause) (young) (initial-mark) 52M->35M(64M), 0.0054497 secs]
[GC concurrent-root-region-scan-start]
[GC concurrent-root-region-scan-end, 0.0018016 secs]
[GC concurrent-mark-start]
[GC concurrent-mark-end, 0.1101730 secs]
Application time: 0.1120700 seconds
[GC remark, 0.0119278 secs]
Application time: 0.0000476 seconds
[GC cleanup 44M->41M(64M), 0.0003269 secs]
[GC concurrent-cleanup-start]
[GC concurrent-cleanup-end, 0.0000168 secs]
Application time: 0.0722736 seconds
[GC pause (G1 Evacuation Pause) (young) 50M->34M(64M), 0.0223762 secs]
Application time: 0.0126012 seconds
[GC pause (G1 Evacuation Pause) (mixed) 35M->32M(64M), 0.0217452 secs]
Application time: 0.1580762 seconds
[GC pause (G1 Evacuation Pause) (young) 52M->38M(64M), 0.0293918 secs]
Application time: 0.1244388 seconds
[GC pause (G1 Evacuation Pause) (young) (initial-mark) 52M->42M(64M), 0.0162633 secs]
[GC concurrent-root-region-scan-start]
[GC concurrent-root-region-scan-end, 0.0160950 secs]
[GC concurrent-mark-start]
Application time: 0.1197919 seconds
[GC pause (G1 Evacuation Pause) (young) 53M->44M(64M), 0.0135299 secs]
[GC concurrent-mark-end, 0.1276292 secs]
Application time: 0.0103040 seconds
[GC remark, 0.0089925 secs]
Application time: 0.0000430 seconds
[GC cleanup 45M->40M(64M), 0.0003298 secs]
[GC concurrent-cleanup-start]
[GC concurrent-cleanup-end, 0.0000207 secs]
Application time: 0.0559497 seconds
[GC pause (G1 Evacuation Pause) (young) 48M->41M(64M), 0.0095324 secs]
Application time: 0.0088000 seconds
[GC pause (G1 Evacuation Pause) (mixed) 42M->37M(64M), 0.0159793 secs]
Application time: 0.0186079 seconds
[GC pause (G1 Evacuation Pause) (mixed) 39M->35M(64M), 0.0180939 secs]
Application time: 0.1085088 seconds
[GC pause (G1 Evacuation Pause) (young) 51M->35M(64M), 0.0098617 secs]
Application time: 0.1092270 seconds
[GC pause (G1 Evacuation Pause) (young) (initial-mark) 51M->35M(64M), 0.0022230 secs]
[GC concurrent-root-region-scan-start]
[GC concurrent-root-region-scan-end, 0.0006386 secs]
[GC concurrent-mark-start]
Application time: 0.1208439 seconds
[GC pause (G1 Evacuation Pause) (young) 52M->35M(64M), 0.0017581 secs]
[GC concurrent-mark-end, 0.1420207 secs]
Application time: 0.0199742 seconds
[GC remark, 0.0081756 secs]
Application time: 0.0000355 seconds
[GC cleanup 38M->37M(64M), 0.0003717 secs]
[GC concurrent-cleanup-start]
[GC concurrent-cleanup-end, 0.0000105 secs]
Application time: 0.0926902 seconds
[GC pause (G1 Evacuation Pause) (young) 51M->34M(64M), 0.0031277 secs]
Application time: 0.0137642 seconds
[GC pause (G1 Evacuation Pause) (mixed) 36M->31M(64M), 0.0079481 secs]
Application time: 0.0128328 seconds
[GC pause (G1 Evacuation Pause) (mixed) 33M->30M(64M), 0.0056736 secs]
Application time: 0.1279591 seconds
[GC pause (G1 Evacuation Pause) (young) 52M->31M(64M), 0.0025809 secs]
Application time: 0.1062561 seconds
[GC pause (G1 Evacuation Pause) (young) (initial-mark) 54M->36M(64M), 0.0100707 secs]
[GC concurrent-root-region-scan-start]
[GC concurrent-root-region-scan-end, 0.0036711 secs]
[GC concurrent-mark-start]
[GC concurrent-mark-end, 0.0834586 secs]
Application time: 0.0872302 seconds
[GC remark, 0.0129777 secs]
Application time: 0.0056403 seconds
[GC cleanup 47M->45M(64M), 0.0002343 secs]
[GC concurrent-cleanup-start]
[GC concurrent-cleanup-end, 0.0000130 secs]
Application time: 0.0240585 seconds
[GC pause (G1 Evacuation Pause) (young) 49M->36M(64M), 0.0181411 secs]
Application time: 0.0043466 seconds
[GC pause (G1 Evacuation Pause) (mixed) 37M->31M(64M), 0.0154645 secs]
Application time: 0.0844060 seconds
[GC pause (G1 Evacuation Pause) (young) 51M->34M(64M), 0.0062765 secs]
Application time: 0.0730198 seconds
[GC pause (G1 Evacuation Pause) (young) (initial-mark) 52M->39M(64M), 0.0089663 secs]
[GC concurrent-root-region-scan-start]
[GC concurrent-root-region-scan-end, 0.0029962 secs]
[GC concurrent-mark-start]
[GC concurrent-mark-end, 0.0784338 secs]
Application time: 0.0814942 seconds
[GC remark, 0.0076798 secs]
Application time: 0.0002348 seconds
[GC cleanup 48M->44M(64M), 0.0002449 secs]
[GC concurrent-cleanup-start]
[GC concurrent-cleanup-end, 0.0000131 secs]
Application time: 0.0233822 seconds
[GC pause (G1 Evacuation Pause) (young) 48M->37M(64M), 0.0155952 secs]
Application time: 0.0065421 seconds
[GC pause (G1 Evacuation Pause) (mixed) 38M->33M(64M), 0.0089043 secs]
Application time: 0.0151598 seconds
[GC pause (G1 Evacuation Pause) (mixed) 35M->33M(64M), 0.0084640 secs]
Application time: 0.0867769 seconds
[GC pause (G1 Evacuation Pause) (young) 51M->36M(64M), 0.0067446 secs]
Application time: 0.0650407 seconds
[GC pause (G1 Evacuation Pause) (young) (initial-mark) 51M->39M(64M), 0.0064390 secs]
[GC concurrent-root-region-scan-start]
[GC concurrent-root-region-scan-end, 0.0017607 secs]
[GC concurrent-mark-start]
Application time: 0.0823673 seconds
[GC pause (G1 Evacuation Pause) (young) 52M->39M(64M), 0.0054718 secs]
[GC concurrent-mark-end, 0.1192646 secs]
Application time: 0.0324987 seconds
[GC remark, 0.0071073 secs]
Application time: 0.0000327 seconds
[GC cleanup 44M->42M(64M), 0.0002535 secs]
[GC concurrent-cleanup-start]
[GC concurrent-cleanup-end, 0.0000091 secs]
Application time: 0.0360832 seconds
[GC pause (G1 Evacuation Pause) (young) 51M->37M(64M), 0.0025262 secs]
Application time: 0.0107860 seconds
[GC pause (G1 Evacuation Pause) (mixed) 39M->31M(64M), 0.0028054 secs]
Application time: 0.0110365 seconds
[GC pause (G1 Evacuation Pause) (mixed) 33M->31M(64M), 0.0033850 secs]
Application time: 0.1146508 seconds
[GC pause (G1 Evacuation Pause) (young) 52M->31M(64M), 0.0026269 secs]
Application time: 0.0949852 seconds
[GC pause (G1 Evacuation Pause) (young) (initial-mark) 52M->31M(64M), 0.0015500 secs]
[GC concurrent-root-region-scan-start]
[GC concurrent-root-region-scan-end, 0.0003709 secs]
[GC concurrent-mark-start]
[GC concurrent-mark-end, 0.1077675 secs]
Application time: 0.1082092 seconds
[GC remark, 0.0072724 secs]
Application time: 0.0068331 seconds
[GC cleanup 48M->48M(64M), 0.0003705 secs]
Application time: 0.0173638 seconds
[GC pause (G1 Evacuation Pause) (young) 53M->35M(64M), 0.0073911 secs]
Application time: 0.0030327 seconds
[GC pause (G1 Evacuation Pause) (mixed) 36M->36M(64M), 0.0067456 secs]
Application time: 0.0984729 seconds
[GC pause (G1 Evacuation Pause) (young) 53M->39M(64M), 0.0092618 secs]
Application time: 0.0730013 seconds
[GC pause (G1 Evacuation Pause) (young) (initial-mark) 53M->44M(64M), 0.0101175 secs]
[GC concurrent-root-region-scan-start]
[GC concurrent-root-region-scan-end, 0.0029384 secs]
[GC concurrent-mark-start]
Application time: 0.0556117 seconds
[GC pause (G1 Evacuation Pause) (young) 52M->46M(64M), 0.0117651 secs]
[GC concurrent-mark-end, 0.0988942 secs]
Application time: 0.0281312 seconds
[GC remark, 0.0077088 secs]
Application time: 0.0000539 seconds
[GC cleanup 50M->44M(64M), 0.0002334 secs]
[GC concurrent-cleanup-start]
[GC concurrent-cleanup-end, 0.0000164 secs]
Application time: 0.0210866 seconds
[GC pause (G1 Evacuation Pause) (young) 47M->43M(64M), 0.0119052 secs]
Application time: 0.0078449 seconds
[GC pause (G1 Evacuation Pause) (mixed) 44M->38M(64M), 0.0115962 secs]
Application time: 0.0113642 seconds
[GC pause (G1 Evacuation Pause) (mixed) 40M->36M(64M), 0.0135441 secs]
Application time: 0.0130199 seconds
[GC pause (G1 Evacuation Pause) (mixed) 38M->36M(64M), 0.0116670 secs]
Application time: 0.0955467 seconds
[GC pause (G1 Evacuation Pause) (young) 51M->39M(64M), 0.0106380 secs]
Application time: 0.0772423 seconds
[GC pause (G1 Evacuation Pause) (young) (initial-mark) 52M->41M(64M), 0.0117838 secs]
[GC concurrent-root-region-scan-start]
[GC concurrent-root-region-scan-end, 0.0019904 secs]
[GC concurrent-mark-start]
Application time: 0.0839890 seconds
[GC pause (G1 Evacuation Pause) (young) 52M->42M(64M), 0.0089613 secs]
[GC concurrent-mark-end, 0.1124382 secs]
Application time: 0.0212935 seconds
[GC remark, 0.0083760 secs]
Application time: 0.0016916 seconds
[GC cleanup 45M->43M(64M), 0.0003932 secs]
[GC concurrent-cleanup-start]
[GC concurrent-cleanup-end, 0.0000115 secs]
Application time: 0.0298983 seconds
[GC pause (G1 Evacuation Pause) (young) 51M->40M(64M), 0.0049634 secs]
Application time: 0.0060917 seconds
[GC pause (G1 Evacuation Pause) (mixed) 42M->36M(64M), 0.0053356 secs]
Application time: 0.0075522 seconds
[GC pause (G1 Evacuation Pause) (mixed) 38M->34M(64M), 0.0113840 secs]
Application time: 0.0081438 seconds
[GC pause (G1 Evacuation Pause) (mixed) 36M->34M(64M), 0.0164851 secs]
Application time: 0.0961734 seconds
[GC pause (G1 Evacuation Pause) (young) 52M->34M(64M), 0.0113104 secs]
Application time: 0.0878199 seconds
[GC pause (G1 Evacuation Pause) (young) (initial-mark) 52M->34M(64M), 0.0017787 secs]
[GC concurrent-root-region-scan-start]
[GC concurrent-root-region-scan-end, 0.0056917 secs]
[GC concurrent-mark-start]
[GC concurrent-mark-end, 0.0832028 secs]
Application time: 0.0889703 seconds
[GC remark, 0.0077448 secs]
Application time: 0.0000507 seconds
[GC cleanup 47M->47M(64M), 0.0003633 secs]
[GC concurrent-cleanup-start]
[GC concurrent-cleanup-end, 0.0000117 secs]
Application time: 0.0240080 seconds
[GC pause (G1 Evacuation Pause) (young) 52M->33M(64M), 0.0015794 secs]
Application time: 0.0080899 seconds
[GC pause (G1 Evacuation Pause) (mixed) 35M->31M(64M), 0.0085093 secs]
Application time: 0.0084582 seconds
[GC pause (G1 Evacuation Pause) (mixed) 33M->30M(64M), 0.0096277 secs]
Application time: 0.0878238 seconds
[GC pause (G1 Evacuation Pause) (young) 53M->32M(64M), 0.0061314 secs]
Application time: 0.0714763 seconds
[GC pause (G1 Evacuation Pause) (young) (initial-mark) 54M->36M(64M), 0.0110188 secs]
[GC concurrent-root-region-scan-start]
[GC concurrent-root-region-scan-end, 0.0086156 secs]
[GC concurrent-mark-start]
Application time: 0.1066606 seconds
[GC pause (G1 Evacuation Pause) (young) 52M->43M(64M), 0.0213165 secs]
[GC concurrent-mark-end, 0.1207448 secs]
Application time: 0.0146282 seconds
[GC remark, 0.0087023 secs]
Application time: 0.0000374 seconds
[GC cleanup 44M->42M(64M), 0.0003091 secs]
[GC concurrent-cleanup-start]
[GC concurrent-cleanup-end, 0.0000122 secs]
Application time: 0.0444366 seconds
[GC pause (G1 Evacuation Pause) (young) 51M->44M(64M), 0.0154747 secs]
Application time: 0.0028153 seconds
[GC pause (G1 Evacuation Pause) (mixed) 45M->41M(64M), 0.0122972 secs]
Application time: 0.0058904 seconds
[GC pause (G1 Evacuation Pause) (mixed) 43M->40M(64M), 0.0149202 secs]
Application time: 0.0315535 seconds
[GC pause (G1 Evacuation Pause) (young) 52M->46M(64M), 0.0142271 secs]
Application time: 0.0228356 seconds
[GC pause (G1 Evacuation Pause) (young) (initial-mark) 52M->49M(64M), 0.0114097 secs]
[GC concurrent-root-region-scan-start]
[GC concurrent-root-region-scan-end, 0.0005758 secs]
[GC concurrent-mark-start]
Application time: 0.0236855 seconds
[GC pause (G1 Evacuation Pause) (young) 53M->50M(64M), 0.0087913 secs]
Application time: 0.0199017 seconds
[GC pause (G1 Evacuation Pause) (young) 53M->51M(64M), 0.0040199 secs]
Application time: 0.0138965 seconds
[GC pause (G1 Evacuation Pause) (young) 54M->50M(64M), 0.0022031 secs]
Application time: 0.0188556 seconds
[GC pause (G1 Evacuation Pause) (young) 53M->51M(64M), 0.0011887 secs]
Application time: 0.0224717 seconds
[GC pause (G1 Evacuation Pause) (young) 54M->51M(64M), 0.0011275 secs]
Application time: 0.0196115 seconds
[GC pause (G1 Evacuation Pause) (young) 54M->51M(64M), 0.0011464 secs]
[GC concurrent-mark-end, 0.1525682 secs]
Application time: 0.0110204 seconds
[GC remark, 0.0066747 secs]
Application time: 0.0000321 seconds
[GC cleanup 52M->48M(64M), 0.0002621 secs]
[GC concurrent-cleanup-start]
[GC concurrent-cleanup-end, 0.0000122 secs]
Application time: 0.0140743 seconds
[GC pause (G1 Evacuation Pause) (young) 50M->46M(64M), 0.0013462 secs]
Application time: 0.0055108 seconds
[GC pause (G1 Evacuation Pause) (mixed) 48M->40M(64M), 0.0018695 secs]
Application time: 0.0092216 seconds
[GC pause (G1 Evacuation Pause) (mixed) 42M->36M(64M), 0.0138040 secs]
Application time: 0.0054008 seconds
[GC pause (G1 Evacuation Pause) (mixed) 38M->34M(64M), 0.0102428 secs]
Application time: 0.0908332 seconds
[GC pause (G1 Evacuation Pause) (young) 52M->33M(64M), 0.0094532 secs]
Application time: 0.0900265 seconds
[GC pause (G1 Evacuation Pause) (young) (initial-mark) 51M->34M(64M), 0.0016870 secs]
[GC concurrent-root-region-scan-start]
[GC concurrent-root-region-scan-end, 0.0005138 secs]
[GC concurrent-mark-start]
Application time: 0.0871155 seconds
[GC pause (G1 Evacuation Pause) (young) 53M->34M(64M), 0.0016625 secs]
[GC concurrent-mark-end, 0.1400087 secs]
Application time: 0.0462214 seconds
[GC remark, 0.0091551 secs]
Application time: 0.0000379 seconds
[GC cleanup 46M->46M(64M), 0.0002987 secs]
Application time: 0.0366462 seconds
[GC pause (G1 Evacuation Pause) (young) 53M->33M(64M), 0.0023102 secs]
Application time: 0.0086128 seconds
[GC pause (G1 Evacuation Pause) (mixed) 35M->30M(64M), 0.0124735 secs]
Application time: 0.0073232 seconds
[GC pause (G1 Evacuation Pause) (mixed) 32M->30M(64M), 0.0121855 secs]
Application time: 0.0815696 seconds
[GC pause (G1 Evacuation Pause) (young) 54M->30M(64M), 0.0046877 secs]
Application time: 0.0714053 seconds
[GC pause (G1 Evacuation Pause) (young) (initial-mark) 53M->37M(64M), 0.0199863 secs]
[GC concurrent-root-region-scan-start]
[GC concurrent-root-region-scan-end, 0.0021818 secs]
[GC concurrent-mark-start]
Application time: 0.0860909 seconds
[GC pause (G1 Evacuation Pause) (young) 53M->44M(64M), 0.0206243 secs]
[GC concurrent-mark-end, 0.1219331 secs]
Application time: 0.0152859 seconds
[GC remark, 0.0082223 secs]
Application time: 0.0000362 seconds
[GC cleanup 45M->43M(64M), 0.0003013 secs]
[GC concurrent-cleanup-start]
[GC concurrent-cleanup-end, 0.0000126 secs]
Application time: 0.0304421 seconds
[GC pause (G1 Evacuation Pause) (young) 51M->45M(64M), 0.0172644 secs]
Application time: 0.0024713 seconds
[GC pause (G1 Evacuation Pause) (mixed) 46M->42M(64M), 0.0129111 secs]
Application time: 0.0056022 seconds
[GC pause (G1 Evacuation Pause) (mixed) 44M->43M(64M), 0.0135222 secs]
Application time: 0.0286601 seconds
[GC pause (G1 Evacuation Pause) (young) 52M->46M(64M), 0.0101412 secs]
Application time: 0.0203877 seconds
[GC pause (G1 Evacuation Pause) (young) (initial-mark) 53M->48M(64M), 0.0077226 secs]
[GC concurrent-root-region-scan-start]
[GC concurrent-root-region-scan-end, 0.0021682 secs]
[GC concurrent-mark-start]
Application time: 0.0273162 seconds
[GC pause (G1 Evacuation Pause) (young) 53M->50M(64M), 0.0131074 secs]
Application time: 0.0235015 seconds
[GC pause (G1 Evacuation Pause) (young) 54M->51M(64M), 0.0052362 secs]
Application time: 0.0153289 seconds
[GC pause (G1 Evacuation Pause) (young) 54M->51M(64M), 0.0030852 secs]
Application time: 0.0193710 seconds
[GC concurrent-mark-end, 0.1051389 secs]
[GC pause (G1 Evacuation Pause) (young) 54M->51M(64M), 0.0020508 secs]
Application time: 0.0071887 seconds
[GC remark, 0.0087563 secs]
Application time: 0.0000413 seconds
[GC cleanup 52M->44M(64M), 0.0003414 secs]
[GC concurrent-cleanup-start]
[GC concurrent-cleanup-end, 0.0000201 secs]
Application time: 0.0096522 seconds
[GC pause (G1 Evacuation Pause) (young) 46M->43M(64M), 0.0015094 secs]
Application time: 0.0057705 seconds
[GC pause (G1 Evacuation Pause) (mixed) 45M->37M(64M), 0.0030525 secs]
Application time: 0.0089241 seconds
[GC pause (G1 Evacuation Pause) (mixed) 39M->35M(64M), 0.0091466 secs]
Application time: 0.0070755 seconds
[GC pause (G1 Evacuation Pause) (mixed) 37M->34M(64M), 0.0104876 secs]
Application time: 0.0557390 seconds
[GC pause (G1 Evacuation Pause) (young) 51M->34M(64M), 0.0062201 secs]
Application time: 0.0511991 seconds
[GC pause (G1 Evacuation Pause) (young) (initial-mark) 52M->35M(64M), 0.0021315 secs]
[GC concurrent-root-region-scan-start]
[GC concurrent-root-region-scan-end, 0.0006149 secs]
[GC concurrent-mark-start]
[GC concurrent-mark-end, 0.0983087 secs]
Application time: 0.0989962 seconds
[GC remark, 0.0089694 secs]
Application time: 0.0000360 seconds
[GC cleanup 51M->51M(64M), 0.0002900 secs]
Application time: 0.0028753 seconds
[GC pause (G1 Evacuation Pause) (young) 53M->35M(64M), 0.0016824 secs]
Application time: 0.0093532 seconds
[GC pause (G1 Evacuation Pause) (mixed) 37M->31M(64M), 0.0126714 secs]
Application time: 0.0071993 seconds
[GC pause (G1 Evacuation Pause) (mixed) 33M->30M(64M), 0.0090320 secs]
Application time: 0.0581773 seconds
[GC pause (G1 Evacuation Pause) (young) 52M->34M(64M), 0.0155214 secs]
Application time: 0.0536643 seconds
[GC pause (G1 Evacuation Pause) (young) (initial-mark) 52M->37M(64M), 0.0096127 secs]
[GC concurrent-root-region-scan-start]
[GC concurrent-root-region-scan-end, 0.0040985 secs]
[GC concurrent-mark-start]
[GC concurrent-mark-end, 0.0977187 secs]
Application time: 0.1018932 seconds
[GC remark, 0.0084909 secs]
Application time: 0.0000314 seconds
[GC cleanup 51M->47M(64M), 0.0003103 secs]
[GC concurrent-cleanup-start]
[GC concurrent-cleanup-end, 0.0000162 secs]
Application time: 0.0072008 seconds
[GC pause (G1 Evacuation Pause) (young) 48M->35M(64M), 0.0079869 secs]
Application time: 0.0085617 seconds
[GC pause (G1 Evacuation Pause) (mixed) 37M->32M(64M), 0.0151212 secs]
Application time: 0.0617206 seconds
[GC pause (G1 Evacuation Pause) (young) 53M->35M(64M), 0.0120846 secs]
Application time: 0.0486584 seconds
[GC pause (G1 Evacuation Pause) (young) (initial-mark)-- 53M->52M(64M), 0.0392954 secs]
[GC concurrent-root-region-scan-start]
[GC concurrent-root-region-scan-end, 0.0026407 secs]
[GC concurrent-mark-start]
Application time: 0.0110920 seconds
[GC pause (G1 Evacuation Pause) (young) 53M->53M(64M), 0.0143471 secs]
Application time: 0.0200222 seconds
[GC pause (G1 Evacuation Pause) (young) 55M->53M(64M), 0.0072916 secs]
[GC concurrent-mark-end, 0.0685403 secs]
Application time: 0.0181524 seconds
[GC remark, 0.0072443 secs]
Application time: 0.0000378 seconds
[GC cleanup 54M->49M(64M), 0.0002469 secs]
[GC concurrent-cleanup-start]
[GC concurrent-cleanup-end, 0.0000141 secs]
Application time: 0.0077189 seconds
[GC pause (G1 Evacuation Pause) (young) 50M->48M(64M), 0.0015364 secs]
Application time: 0.0075120 seconds
[GC pause (G1 Evacuation Pause) (mixed) 50M->41M(64M), 0.0021490 secs]
Application time: 0.0068917 seconds
[GC pause (G1 Evacuation Pause) (mixed) 43M->37M(64M), 0.0060323 secs]
Application time: 0.0059068 seconds
[GC pause (G1 Evacuation Pause) (mixed) 39M->34M(64M), 0.0095011 secs]
Application time: 0.0051463 seconds
[GC pause (G1 Evacuation Pause) (mixed) 36M->32M(64M), 0.0149089 secs]
Application time: 0.0061197 seconds
[GC pause (G1 Evacuation Pause) (mixed) 34M->33M(64M), 0.0100519 secs]
Application time: 0.0665236 seconds
[GC pause (G1 Evacuation Pause) (young) 52M->37M(64M), 0.0071353 secs]
Application time: 0.0455310 seconds
[GC pause (G1 Evacuation Pause) (young) (initial-mark) 52M->39M(64M), 0.0099304 secs]
[GC concurrent-root-region-scan-start]
[GC concurrent-root-region-scan-end, 0.0016282 secs]
[GC concurrent-mark-start]
Application time: 0.0467901 seconds
[GC pause (G1 Evacuation Pause) (young) 52M->39M(64M), 0.0059002 secs]
[GC concurrent-mark-end, 0.0849410 secs]
Application time: 0.0313754 seconds
[GC remark, 0.0072319 secs]
Application time: 0.0000391 seconds
[GC cleanup 45M->42M(64M), 0.0002685 secs]
[GC concurrent-cleanup-start]
[GC concurrent-cleanup-end, 0.0000122 secs]
Application time: 0.0224453 seconds
[GC pause (G1 Evacuation Pause) (young) 50M->36M(64M), 0.0025268 secs]
Application time: 0.0040149 seconds
[GC pause (G1 Evacuation Pause) (mixed) 38M->32M(64M), 0.0051206 secs]
Application time: 0.0041554 seconds
[GC pause (G1 Evacuation Pause) (mixed) 34M->31M(64M), 0.0117338 secs]
Application time: 0.0040917 seconds
[GC pause (G1 Evacuation Pause) (mixed) 33M->31M(64M), 0.0093450 secs]
Application time: 0.0417123 seconds
[GC pause (G1 Evacuation Pause) (young) 52M->31M(64M), 0.0033035 secs]
Application time: 0.0445298 seconds
[GC pause (G1 Evacuation Pause) (young) (initial-mark) 53M->36M(64M), 0.0073349 secs]
[GC concurrent-root-region-scan-start]
[GC concurrent-root-region-scan-end, 0.0022032 secs]
[GC concurrent-mark-start]
Application time: 0.0750095 seconds
[GC pause (G1 Evacuation Pause) (young) 51M->39M(64M), 0.0104994 secs]
[GC concurrent-mark-end, 0.0897347 secs]
Application time: 0.0098737 seconds
[GC remark, 0.0075566 secs]
Application time: 0.0018744 seconds
[GC cleanup 42M->39M(64M), 0.0002887 secs]
[GC concurrent-cleanup-start]
[GC concurrent-cleanup-end, 0.0000113 secs]
Application time: 0.0204101 seconds
[GC pause (G1 Evacuation Pause) (young) 49M->37M(64M), 0.0069493 secs]
Application time: 0.0033239 seconds
[GC pause (G1 Evacuation Pause) (mixed) 38M->35M(64M), 0.0096876 secs]
Application time: 0.0062260 seconds
[GC pause (G1 Evacuation Pause) (mixed) 37M->32M(64M), 0.0103113 secs]
Application time: 0.0394856 seconds
[GC pause (G1 Evacuation Pause) (young) 52M->36M(64M), 0.0079818 secs]
Application time: 0.0330855 seconds
[GC pause (G1 Evacuation Pause) (young) (initial-mark) 53M->41M(64M), 0.0078045 secs]
[GC concurrent-root-region-scan-start]
[GC concurrent-root-region-scan-end, 0.0018152 secs]
[GC concurrent-mark-start]
Application time: 0.0728519 seconds
[GC pause (G1 Evacuation Pause) (young) 53M->44M(64M), 0.0123528 secs]
[GC concurrent-mark-end, 0.1238562 secs]
Application time: 0.0403870 seconds
[GC remark, 0.0154220 secs]
Application time: 0.0034690 seconds
[GC cleanup 52M->52M(64M), 0.0003818 secs]
Application time: 0.0030611 seconds
[GC pause (G1 Evacuation Pause) (young) 53M->46M(64M), 0.0118515 secs]
Application time: 0.0032139 seconds
[GC pause (G1 Evacuation Pause) (mixed) 47M->40M(64M), 0.0074038 secs]
Application time: 0.0075705 seconds
[GC pause (G1 Evacuation Pause) (mixed) 42M->39M(64M), 0.0101189 secs]
Application time: 0.0054214 seconds
[GC pause (G1 Evacuation Pause) (mixed) 41M->37M(64M), 0.0168907 secs]
Application time: 0.0343199 seconds
[GC pause (G1 Evacuation Pause) (young) 51M->38M(64M), 0.0099094 secs]
Application time: 0.0334038 seconds
[GC pause (G1 Evacuation Pause) (young) (initial-mark) 53M->41M(64M), 0.0045112 secs]
[GC concurrent-root-region-scan-start]
[GC concurrent-root-region-scan-end, 0.0021955 secs]
[GC concurrent-mark-start]
Application time: 0.0512939 seconds
[GC pause (G1 Evacuation Pause) (young) 53M->43M(64M), 0.0062593 secs]
[GC concurrent-mark-end, 0.0818824 secs]
Application time: 0.0224652 seconds
[GC remark, 0.0075627 secs]
Application time: 0.0000448 seconds
[GC cleanup 48M->46M(64M), 0.0002980 secs]
[GC concurrent-cleanup-start]
[GC concurrent-cleanup-end, 0.0000093 secs]
Application time: 0.0121220 seconds
[GC pause (G1 Evacuation Pause) (young) 51M->43M(64M), 0.0053784 secs]
Application time: 0.0042924 seconds
[GC pause (G1 Evacuation Pause) (mixed) 45M->38M(64M), 0.0073294 secs]
Application time: 0.0064943 seconds
[GC pause (G1 Evacuation Pause) (mixed) 40M->36M(64M), 0.0101641 secs]
Application time: 0.0046221 seconds
[GC pause (G1 Evacuation Pause) (mixed) 38M->33M(64M), 0.0136429 secs]
Application time: 0.0366181 seconds
[GC pause (G1 Evacuation Pause) (young) 51M->33M(64M), 0.0054814 secs]
Application time: 0.0391586 seconds
[GC pause (G1 Evacuation Pause) (young) (initial-mark) 52M->40M(64M), 0.0082082 secs]
[GC concurrent-root-region-scan-start]
[GC concurrent-root-region-scan-end, 0.0022849 secs]
[GC concurrent-mark-start]
[GC concurrent-mark-end, 0.0464484 secs]
Application time: 0.0488409 seconds
[GC remark, 0.0071042 secs]
Application time: 0.0039230 seconds
[GC cleanup 47M->44M(64M), 0.0002800 secs]
[GC concurrent-cleanup-start]
[GC concurrent-cleanup-end, 0.0000107 secs]
Application time: 0.0159514 seconds
[GC pause (G1 Evacuation Pause) (young) 49M->39M(64M), 0.0079927 secs]
Application time: 0.0054082 seconds
[GC pause (G1 Evacuation Pause) (mixed) 41M->35M(64M), 0.0078586 secs]
Application time: 0.0046457 seconds
[GC pause (G1 Evacuation Pause) (mixed) 37M->33M(64M), 0.0096683 secs]
Application time: 0.0055376 seconds
[GC pause (G1 Evacuation Pause) (mixed) 35M->33M(64M), 0.0094049 secs]
Application time: 0.0355829 seconds
[GC pause (G1 Evacuation Pause) (young) 51M->36M(64M), 0.0057093 secs]
Application time: 0.0347846 seconds
[GC pause (G1 Evacuation Pause) (young) (initial-mark) 52M->37M(64M), 0.0072202 secs]
[GC concurrent-root-region-scan-start]
[GC concurrent-root-region-scan-end, 0.0015400 secs]
[GC concurrent-mark-start]
[GC concurrent-mark-end, 0.0493809 secs]
Application time: 0.0493728 seconds
[GC remark, 0.0072729 secs]
Application time: 0.0021132 seconds
[GC cleanup 47M->47M(64M), 0.0002479 secs]
Application time: 0.0119201 seconds
[GC pause (G1 Evacuation Pause) (young) 53M->38M(64M), 0.0043291 secs]
Application time: 0.0041805 seconds
[GC pause (G1 Evacuation Pause) (mixed) 40M->33M(64M), 0.0057755 secs]
Application time: 0.0040957 seconds
[GC pause (G1 Evacuation Pause) (mixed) 35M->31M(64M), 0.0088677 secs]
Application time: 0.0542059 seconds
[GC pause (G1 Evacuation Pause) (young) 52M->37M(64M), 0.0125138 secs]
Application time: 0.0378898 seconds
[GC pause (G1 Evacuation Pause) (young) (initial-mark) 52M->39M(64M), 0.0087698 secs]
[GC concurrent-root-region-scan-start]
[GC concurrent-root-region-scan-end, 0.0006594 secs]
[GC concurrent-mark-start]
Application time: 0.0521680 seconds
[GC pause (G1 Evacuation Pause) (young) 52M->39M(64M), 0.0063277 secs]
[GC concurrent-mark-end, 0.0998924 secs]
Application time: 0.0418914 seconds
[GC pause (G1 Evacuation Pause) (young) 52M->41M(64M), 0.0038916 secs]
Application time: 0.0000446 seconds
[GC remark, 0.0068481 secs]
Application time: 0.0000380 seconds
[GC cleanup 41M->38M(64M), 0.0002582 secs]
[GC concurrent-cleanup-start]
[GC concurrent-cleanup-end, 0.0000109 secs]
Application time: 0.0255166 seconds
[GC pause (G1 Evacuation Pause) (young) 50M->40M(64M), 0.0053716 secs]
Application time: 0.0022322 seconds
[GC pause (G1 Evacuation Pause) (mixed) 41M->38M(64M), 0.0088499 secs]
Application time: 0.0059718 seconds
[GC pause (G1 Evacuation Pause) (mixed) 40M->35M(64M), 0.0123174 secs]
Application time: 0.0042868 seconds
[GC pause (G1 Evacuation Pause) (mixed) 37M->35M(64M), 0.0069821 secs]
Application time: 0.0331606 seconds
[GC pause (G1 Evacuation Pause) (young) 52M->36M(64M), 0.0023894 secs]
Application time: 0.0498186 seconds
[GC pause (G1 Evacuation Pause) (young) (initial-mark) 53M->41M(64M), 0.0086386 secs]
[GC concurrent-root-region-scan-start]
[GC concurrent-root-region-scan-end, 0.0026437 secs]
[GC concurrent-mark-start]
[GC concurrent-mark-end, 0.0471645 secs]
Application time: 0.0498828 seconds
[GC remark, 0.0071068 secs]
Application time: 0.0000486 seconds
[GC cleanup 48M->45M(64M), 0.0002573 secs]
[GC concurrent-cleanup-start]
[GC concurrent-cleanup-end, 0.0000182 secs]
Application time: 0.0162532 seconds
[GC pause (G1 Evacuation Pause) (young) 50M->40M(64M), 0.0093114 secs]
Application time: 0.0028215 seconds
[GC pause (G1 Evacuation Pause) (mixed) 41M->35M(64M), 0.0089331 secs]
Application time: 0.0052836 seconds
[GC pause (G1 Evacuation Pause) (mixed) 37M->32M(64M), 0.0091951 secs]
Application time: 0.0052152 seconds
[GC pause (G1 Evacuation Pause) (mixed) 34M->30M(64M), 0.0121944 secs]
Application time: 0.0460118 seconds
[GC pause (G1 Evacuation Pause) (young) 51M->33M(64M), 0.0078141 secs]
Application time: 0.0394757 seconds
[GC pause (G1 Evacuation Pause) (young) (initial-mark) 52M->34M(64M), 0.0047423 secs]
[GC concurrent-root-region-scan-start]
[GC concurrent-root-region-scan-end, 0.0017825 secs]
[GC concurrent-mark-start]
Application time: 0.0689763 seconds
[GC pause (G1 Evacuation Pause) (young) 52M->35M(64M), 0.0041823 secs]
[GC concurrent-mark-end, 0.0900328 secs]
Application time: 0.0185560 seconds
[GC remark, 0.0074956 secs]
Application time: 0.0000382 seconds
[GC cleanup 40M->39M(64M), 0.0002511 secs]
[GC concurrent-cleanup-start]
[GC concurrent-cleanup-end, 0.0000095 secs]
Application time: 0.0262201 seconds
[GC pause (G1 Evacuation Pause) (young) 52M->37M(64M), 0.0062097 secs]
Application time: 0.0044279 seconds
[GC pause (G1 Evacuation Pause) (mixed) 38M->36M(64M), 0.0098838 secs]
Application time: 0.0051763 seconds
[GC pause (G1 Evacuation Pause) (mixed) 38M->35M(64M), 0.0104066 secs]
Application time: 0.0438359 seconds
[GC pause (G1 Evacuation Pause) (young) 52M->38M(64M), 0.0090135 secs]
Application time: 0.0427665 seconds
[GC pause (G1 Evacuation Pause) (young) (initial-mark) 52M->39M(64M), 0.0049730 secs]
[GC concurrent-root-region-scan-start]
[GC concurrent-root-region-scan-end, 0.0002444 secs]
[GC concurrent-mark-start]
[GC concurrent-mark-end, 0.0514816 secs]
Application time: 0.0518241 seconds
[GC remark, 0.0077982 secs]
Application time: 0.0000381 seconds
[GC cleanup 48M->45M(64M), 0.0004192 secs]
[GC concurrent-cleanup-start]
[GC concurrent-cleanup-end, 0.0000162 secs]
Application time: 0.0158926 seconds
[GC pause (G1 Evacuation Pause) (young) 49M->37M(64M), 0.0066582 secs]
Application time: 0.0023905 seconds
[GC pause (G1 Evacuation Pause) (mixed) 38M->35M(64M), 0.0081293 secs]
Application time: 0.0039244 seconds
[GC pause (G1 Evacuation Pause) (mixed) 37M->33M(64M), 0.0126005 secs]
Application time: 0.0046849 seconds
[GC pause (G1 Evacuation Pause) (mixed) 35M->35M(64M), 0.0084339 secs]
Application time: 0.0357748 seconds
[GC pause (G1 Evacuation Pause) (young) 53M->36M(64M), 0.0048365 secs]
Application time: 0.0453719 seconds
[GC pause (G1 Evacuation Pause) (young) (initial-mark) 52M->40M(64M), 0.0064765 secs]
[GC concurrent-root-region-scan-start]
[GC concurrent-root-region-scan-end, 0.0025802 secs]
[GC concurrent-mark-start]
[GC concurrent-mark-end, 0.0496249 secs]
Application time: 0.0496254 seconds
[GC remark, 0.0069897 secs]
Application time: 0.0000299 seconds
[GC cleanup 48M->47M(64M), 0.0002761 secs]
[GC concurrent-cleanup-start]
[GC concurrent-cleanup-end, 0.0000092 secs]
Application time: 0.0260877 seconds
[GC pause (G1 Evacuation Pause) (young) 52M->43M(64M), 0.0098382 secs]
Application time: 0.0052649 seconds
[GC pause (G1 Evacuation Pause) (mixed) 44M->40M(64M), 0.0147256 secs]
Application time: 0.0105737 seconds
[GC pause (G1 Evacuation Pause) (mixed) 42M->38M(64M), 0.0178852 secs]
Application time: 0.0087871 seconds
[GC pause (G1 Evacuation Pause) (mixed) 40M->38M(64M), 0.0146847 secs]
Application time: 0.0362997 seconds
[GC pause (G1 Evacuation Pause) (young) 52M->39M(64M), 0.0065015 secs]
Application time: 0.0317081 seconds
[GC pause (G1 Evacuation Pause) (young) (initial-mark) 53M->40M(64M), 0.0047905 secs]
[GC concurrent-root-region-scan-start]
[GC concurrent-root-region-scan-end, 0.0016936 secs]
[GC concurrent-mark-start]
[GC concurrent-mark-end, 0.0483958 secs]
Application time: 0.0484123 seconds
[GC remark, 0.0072381 secs]
Application time: 0.0000414 seconds
[GC cleanup 47M->44M(64M), 0.0002494 secs]
[GC concurrent-cleanup-start]
[GC concurrent-cleanup-end, 0.0000124 secs]
Application time: 0.0147552 seconds
[GC pause (G1 Evacuation Pause) (young) 49M->40M(64M), 0.0065566 secs]
Application time: 0.0022282 seconds
[GC pause (G1 Evacuation Pause) (mixed) 41M->36M(64M), 0.0098651 secs]
Application time: 0.0062844 seconds
[GC pause (G1 Evacuation Pause) (mixed) 38M->33M(64M), 0.0169707 secs]
Application time: 0.0454081 seconds
[GC pause (G1 Evacuation Pause) (young) 51M->33M(64M), 0.0085035 secs]
Application time: 0.0390194 seconds
[GC pause (G1 Evacuation Pause) (young) (initial-mark) 51M->33M(64M), 0.0018586 secs]
[GC concurrent-root-region-scan-start]
[GC concurrent-root-region-scan-end, 0.0005004 secs]
[GC concurrent-mark-start]
[GC concurrent-mark-end, 0.0837556 secs]
Application time: 0.0843656 seconds
[GC remark, 0.0089726 secs]
Application time: 0.0000769 seconds
[GC cleanup 45M->44M(64M), 0.0003485 secs]
[GC concurrent-cleanup-start]
[GC concurrent-cleanup-end, 0.0000220 secs]
Application time: 0.0158348 seconds
[GC pause (G1 Evacuation Pause) (young) 51M->32M(64M), 0.0016820 secs]
Application time: 0.0047876 seconds
[GC pause (G1 Evacuation Pause) (mixed) 34M->29M(64M), 0.0084099 secs]
Application time: 0.0492203 seconds
[GC pause (G1 Evacuation Pause) (young) 52M->36M(64M), 0.0153570 secs]
Application time: 0.0440036 seconds
[GC pause (G1 Evacuation Pause) (young) (initial-mark) 53M->37M(64M), 0.0095847 secs]
[GC concurrent-root-region-scan-start]
[GC concurrent-root-region-scan-end, 0.0010587 secs]
[GC concurrent-mark-start]
Application time: 0.0715885 seconds
[GC pause (G1 Evacuation Pause) (young) 53M->40M(64M), 0.0107854 secs]
[GC concurrent-mark-end, 0.1275220 secs]
Application time: 0.0461353 seconds
[GC remark, 0.0082256 secs]
Application time: 0.0000840 seconds
[GC cleanup 53M->50M(64M), 0.0002788 secs]
[GC concurrent-cleanup-start]
[GC concurrent-cleanup-end, 0.0000227 secs]
Application time: 0.0013378 seconds
[GC pause (G1 Evacuation Pause) (young) 50M->41M(64M), 0.0094784 secs]
Application time: 0.0018756 seconds
[GC pause (G1 Evacuation Pause) (mixed) 42M->39M(64M), 0.0147128 secs]
Application time: 0.0041986 seconds
[GC pause (G1 Evacuation Pause) (mixed) 41M->41M(64M), 0.0152520 secs]
Application time: 0.0348392 seconds
[GC pause (G1 Evacuation Pause) (young) 52M->44M(64M), 0.0124275 secs]
Application time: 0.0288432 seconds
[GC pause (G1 Evacuation Pause) (young) (initial-mark) 52M->46M(64M), 0.0092498 secs]
[GC concurrent-root-region-scan-start]
[GC concurrent-root-region-scan-end, 0.0005969 secs]
[GC concurrent-mark-start]
Application time: 0.0391058 seconds
[GC pause (G1 Evacuation Pause) (young) 53M->46M(64M), 0.0059434 secs]
Application time: 0.0359463 seconds
[GC pause (G1 Evacuation Pause) (young) 54M->50M(64M), 0.0061752 secs]
Application time: 0.0190392 seconds
[GC pause (G1 Evacuation Pause) (young) 54M->52M(64M), 0.0075174 secs]
Application time: 0.0117528 seconds
[GC concurrent-mark-end, 0.1252840 secs]
[GC pause (G1 Evacuation Pause) (young) 54M->54M(64M), 0.0061682 secs]
Application time: 0.0000503 seconds
[GC remark, 0.0080439 secs]
Application time: 0.0046584 seconds
[GC cleanup 56M->52M(64M), 0.0003635 secs]
[GC concurrent-cleanup-start]
[GC concurrent-cleanup-end, 0.0000259 secs]
Application time: 0.0006055 seconds
[GC pause (G1 Evacuation Pause) (young) 52M->51M(64M), 0.0043041 secs]
Application time: 0.0069732 seconds
[GC pause (G1 Evacuation Pause) (mixed) 53M->46M(64M), 0.0054124 secs]
Application time: 0.0050452 seconds
[GC pause (G1 Evacuation Pause) (mixed) 48M->43M(64M), 0.0095130 secs]
Application time: 0.0050937 seconds
[GC pause (G1 Evacuation Pause) (mixed) 45M->40M(64M), 0.0128382 secs]
Application time: 0.0052529 seconds
[GC pause (G1 Evacuation Pause) (mixed) 42M->40M(64M), 0.0153634 secs]
Application time: 0.0268080 seconds
[GC pause (G1 Evacuation Pause) (young) 51M->40M(64M), 0.0068439 secs]
Application time: 0.0259691 seconds
[GC pause (G1 Evacuation Pause) (young) (initial-mark) 51M->40M(64M), 0.0018171 secs]
[GC concurrent-root-region-scan-start]
[GC concurrent-root-region-scan-end, 0.0007957 secs]
[GC concurrent-mark-start]
Application time: 0.0476991 seconds
[GC pause (G1 Evacuation Pause) (young) 52M->40M(64M), 0.0019538 secs]
Application time: 0.0386302 seconds
[GC concurrent-mark-end, 0.0876590 secs]
[GC pause (G1 Evacuation Pause) (young) 52M->40M(64M), 0.0021026 secs]
Application time: 0.0000493 seconds
[GC remark, 0.0078355 secs]
Application time: 0.0000600 seconds
[GC cleanup 40M->37M(64M), 0.0003417 secs]
[GC concurrent-cleanup-start]
[GC concurrent-cleanup-end, 0.0000246 secs]
Application time: 0.0237507 seconds
[GC pause (G1 Evacuation Pause) (young) 50M->37M(64M), 0.0019230 secs]
Application time: 0.0040038 seconds
[GC pause (G1 Evacuation Pause) (mixed) 39M->33M(64M), 0.0065459 secs]
Application time: 0.0039363 seconds
[GC pause (G1 Evacuation Pause) (mixed) 35M->31M(64M), 0.0099564 secs]
Application time: 0.0353572 seconds
[GC pause (G1 Evacuation Pause) (young) 53M->31M(64M), 0.0064100 secs]
Application time: 0.0414124 seconds
[GC pause (G1 Evacuation Pause) (young) (initial-mark) 53M->35M(64M), 0.0060610 secs]
[GC concurrent-root-region-scan-start]
[GC concurrent-root-region-scan-end, 0.0019394 secs]
[GC concurrent-mark-start]
Application time: 0.0653478 seconds
[GC pause (G1 Evacuation Pause) (young) 53M->39M(64M), 0.0087529 secs]
[GC concurrent-mark-end, 0.1021218 secs]
Application time: 0.0259223 seconds
[GC remark, 0.0080153 secs]
Application time: 0.0000433 seconds
[GC cleanup 46M->43M(64M), 0.0003108 secs]
[GC concurrent-cleanup-start]
[GC concurrent-cleanup-end, 0.0000160 secs]
Application time: 0.0225156 seconds
[GC pause (G1 Evacuation Pause) (young) 49M->41M(64M), 0.0158595 secs]
Application time: 0.0046027 seconds
[GC pause (G1 Evacuation Pause) (mixed) 42M->38M(64M), 0.0146992 secs]
Application time: 0.0067701 seconds
[GC pause (G1 Evacuation Pause) (mixed) 40M->38M(64M), 0.0122726 secs]
Application time: 0.0363506 seconds
[GC pause (G1 Evacuation Pause) (young) 51M->41M(64M), 0.0085419 secs]
Application time: 0.0310728 seconds
[GC pause (G1 Evacuation Pause) (young) (initial-mark) 52M->46M(64M), 0.0103714 secs]
[GC concurrent-root-region-scan-start]
[GC concurrent-root-region-scan-end, 0.0021370 secs]
[GC concurrent-mark-start]
Application time: 0.0280091 seconds
[GC pause (G1 Evacuation Pause) (young) 52M->48M(64M), 0.0106937 secs]
Application time: 0.0218475 seconds
[GC pause (G1 Evacuation Pause) (young) 53M->49M(64M), 0.0055781 secs]
Application time: 0.0172606 seconds
[GC pause (G1 Evacuation Pause) (young) 53M->48M(64M), 0.0024168 secs]
Application time: 0.0236226 seconds
[GC pause (G1 Evacuation Pause) (young) 53M->48M(64M), 0.0013029 secs]
[GC concurrent-mark-end, 0.1253018 secs]
Application time: 0.0162281 seconds
[GC remark, 0.0077700 secs]
Application time: 0.0000577 seconds
[GC cleanup 53M->50M(64M), 0.0003225 secs]
[GC concurrent-cleanup-start]
[GC concurrent-cleanup-end, 0.0000270 secs]
Application time: 0.0005588 seconds
[GC pause (G1 Evacuation Pause) (young) 50M->45M(64M), 0.0014056 secs]
Application time: 0.0057642 seconds
[GC pause (G1 Evacuation Pause) (mixed) 47M->40M(64M), 0.0030457 secs]
Application time: 0.0050917 seconds
[GC pause (G1 Evacuation Pause) (mixed) 42M->36M(64M), 0.0070711 secs]
Application time: 0.0046563 seconds
[GC pause (G1 Evacuation Pause) (mixed) 38M->34M(64M), 0.0112912 secs]
Application time: 0.0353982 seconds
[GC pause (G1 Evacuation Pause) (young) 51M->34M(64M), 0.0077919 secs]
Application time: 0.0354778 seconds
[GC pause (G1 Evacuation Pause) (young) (initial-mark) 51M->34M(64M), 0.0018081 secs]
[GC concurrent-root-region-scan-start]
[GC concurrent-root-region-scan-end, 0.0006591 secs]
[GC concurrent-mark-start]
Application time: 0.0610069 seconds
[GC pause (G1 Evacuation Pause) (young) 52M->34M(64M), 0.0019221 secs]
[GC concurrent-mark-end, 0.1014233 secs]
Application time: 0.0390859 seconds
[GC remark, 0.0081119 secs]
Application time: 0.0000607 seconds
[GC cleanup 48M->48M(64M), 0.0002890 secs]
Application time: 0.0079420 seconds
[GC pause (G1 Evacuation Pause) (young) 52M->34M(64M), 0.0016578 secs]
Application time: 0.0035225 seconds
[GC pause (G1 Evacuation Pause) (mixed) 36M->30M(64M), 0.0046842 secs]
Application time: 0.0034212 seconds
[GC pause (G1 Evacuation Pause) (mixed) 32M->30M(64M), 0.0074145 secs]
Application time: 0.0342184 seconds
[GC pause (G1 Evacuation Pause) (young) 52M->32M(64M), 0.0056288 secs]
Application time: 0.0405179 seconds
[GC pause (G1 Evacuation Pause) (young) (initial-mark) 52M->37M(64M), 0.0091946 secs]
[GC concurrent-root-region-scan-start]
[GC concurrent-root-region-scan-end, 0.0033180 secs]
[GC concurrent-mark-start]
[GC concurrent-mark-end, 0.0439092 secs]
Application time: 0.0473157 seconds
[GC remark, 0.0086057 secs]
Application time: 0.0000702 seconds
[GC cleanup 45M->41M(64M), 0.0003034 secs]
[GC concurrent-cleanup-start]
[GC concurrent-cleanup-end, 0.0000265 secs]
Application time: 0.0226596 seconds
[GC pause (G1 Evacuation Pause) (young) 49M->38M(64M), 0.0119695 secs]
Application time: 0.0044092 seconds
[GC pause (G1 Evacuation Pause) (mixed) 39M->37M(64M), 0.0141770 secs]
Application time: 0.0090637 seconds
[GC pause (G1 Evacuation Pause) (mixed) 39M->37M(64M), 0.0208355 secs]
Application time: 0.0531128 seconds
[GC pause (G1 Evacuation Pause) (young) 52M->43M(64M), 0.0174995 secs]
Application time: 0.0357216 seconds
[GC pause (G1 Evacuation Pause) (young) (initial-mark) 52M->45M(64M), 0.0116486 secs]
[GC concurrent-root-region-scan-start]
[GC concurrent-root-region-scan-end, 0.0020747 secs]
[GC concurrent-mark-start]
Application time: 0.0490593 seconds
[GC pause (G1 Evacuation Pause) (young) 53M->46M(64M), 0.0062158 secs]
Application time: 0.0457617 seconds
[GC pause (G1 Evacuation Pause) (young) 53M->47M(64M), 0.0134024 secs]
[GC concurrent-mark-end, 0.1298788 secs]
Application time: 0.0173922 seconds
[GC remark, 0.0119632 secs]
Application time: 0.0000629 seconds
[GC cleanup 50M->47M(64M), 0.0003424 secs]
[GC concurrent-cleanup-start]
[GC concurrent-cleanup-end, 0.0000245 secs]
Application time: 0.0060152 seconds
[GC pause (G1 Evacuation Pause) (young) 50M->46M(64M), 0.0063045 secs]
Application time: 0.0150119 seconds
[GC pause (G1 Evacuation Pause) (mixed) 48M->42M(64M), 0.0068945 secs]
Application time: 0.0081865 seconds
[GC pause (G1 Evacuation Pause) (mixed) 44M->40M(64M), 0.0117431 secs]
Application time: 0.0061574 seconds
[GC pause (G1 Evacuation Pause) (mixed) 42M->39M(64M), 0.0144383 secs]
Application time: 0.0396979 seconds
[GC pause (G1 Evacuation Pause) (young) 52M->40M(64M), 0.0093490 secs]
Application time: 0.0276472 seconds
[GC pause (G1 Evacuation Pause) (young) (initial-mark) 52M->41M(64M), 0.0039265 secs]
[GC concurrent-root-region-scan-start]
[GC concurrent-root-region-scan-end, 0.0005860 secs]
[GC concurrent-mark-start]
Application time: 0.0441501 seconds
[GC pause (G1 Evacuation Pause) (young) 53M->41M(64M), 0.0034151 secs]
Application time: 0.0369955 seconds
[GC pause (G1 Evacuation Pause) (young) 53M->40M(64M), 0.0015934 secs]
[GC concurrent-mark-end, 0.1120220 secs]
Application time: 0.0204889 seconds
[GC remark, 0.0082829 secs]
Application time: 0.0000645 seconds
[GC cleanup 47M->45M(64M), 0.0003654 secs]
[GC concurrent-cleanup-start]
[GC concurrent-cleanup-end, 0.0000214 secs]
Application time: 0.0167056 seconds
[GC pause (G1 Evacuation Pause) (young) 51M->38M(64M), 0.0013509 secs]
Application time: 0.0038525 seconds
[GC pause (G1 Evacuation Pause) (mixed) 40M->33M(64M), 0.0033988 secs]
Application time: 0.0038309 seconds
[GC pause (G1 Evacuation Pause) (mixed) 35M->30M(64M), 0.0091477 secs]
Application time: 0.0038587 seconds
[GC pause (G1 Evacuation Pause) (mixed) 32M->30M(64M), 0.0171908 secs]
Application time: 0.0415393 seconds
[GC pause (G1 Evacuation Pause) (young) 52M->35M(64M), 0.0103686 secs]
Application time: 0.0366461 seconds
[GC pause (G1 Evacuation Pause) (young) (initial-mark) 52M->38M(64M), 0.0106369 secs]
[GC concurrent-root-region-scan-start]
[GC concurrent-root-region-scan-end, 0.0060001 secs]
[GC concurrent-mark-start]
Application time: 0.0548121 seconds
[GC pause (G1 Evacuation Pause) (young) 53M->39M(64M), 0.0070516 secs]
[GC concurrent-mark-end, 0.0989411 secs]
Application time: 0.0430328 seconds
[GC remark, 0.0080923 secs]
Application time: 0.0000624 seconds
[GC cleanup 51M->50M(64M), 0.0003191 secs]
[GC concurrent-cleanup-start]
[GC concurrent-cleanup-end, 0.0000268 secs]
Application time: 0.0052995 seconds
[GC pause (G1 Evacuation Pause) (young) 52M->38M(64M), 0.0067058 secs]
Application time: 0.0020661 seconds
[GC pause (G1 Evacuation Pause) (mixed) 39M->35M(64M), 0.0068731 secs]
Application time: 0.0034744 seconds
[GC pause (G1 Evacuation Pause) (mixed) 37M->34M(64M), 0.0156634 secs]
Application time: 0.0402754 seconds
[GC pause (G1 Evacuation Pause) (young) 52M->43M(64M), 0.0189326 secs]
Application time: 0.0262345 seconds
[GC pause (G1 Evacuation Pause) (young) (initial-mark) 52M->44M(64M), 0.0109847 secs]
[GC concurrent-root-region-scan-start]
[GC concurrent-root-region-scan-end, 0.0016404 secs]
[GC concurrent-mark-start]
Application time: 0.0444401 seconds
[GC pause (G1 Evacuation Pause) (young) 53M->44M(64M), 0.0083251 secs]
[GC concurrent-mark-end, 0.0785670 secs]
Application time: 0.0264864 seconds
[GC remark, 0.0084549 secs]
Application time: 0.0012396 seconds
[GC cleanup 48M->43M(64M), 0.0003632 secs]
[GC concurrent-cleanup-start]
[GC concurrent-cleanup-end, 0.0000163 secs]
Application time: 0.0144860 seconds
[GC pause (G1 Evacuation Pause) (young) 48M->40M(64M), 0.0034107 secs]
Application time: 0.0055999 seconds
[GC pause (G1 Evacuation Pause) (mixed) 42M->36M(64M), 0.0076143 secs]
Application time: 0.0041067 seconds
[GC pause (G1 Evacuation Pause) (mixed) 38M->35M(64M), 0.0115267 secs]
Application time: 0.0051299 seconds
[GC pause (G1 Evacuation Pause) (mixed) 37M->34M(64M), 0.0140424 secs]
Application time: 0.0388617 seconds
[GC pause (G1 Evacuation Pause) (young) 51M->37M(64M), 0.0123352 secs]
Application time: 0.0344274 seconds
[GC pause (G1 Evacuation Pause) (young) (initial-mark) 53M->37M(64M), 0.0053186 secs]
[GC concurrent-root-region-scan-start]
[GC concurrent-root-region-scan-end, 0.0003582 secs]
[GC concurrent-mark-start]
Application time: 0.0596867 seconds
[GC pause (G1 Evacuation Pause) (young) 52M->37M(64M), 0.0039854 secs]
[GC concurrent-mark-end, 0.0745931 secs]
Application time: 0.0111744 seconds
[GC remark, 0.0077962 secs]
Application time: 0.0000448 seconds
[GC cleanup 39M->39M(64M), 0.0003185 secs]
Application time: 0.0387043 seconds
[GC pause (G1 Evacuation Pause) (young) 53M->37M(64M), 0.0020031 secs]
Application time: 0.0048945 seconds
[GC pause (G1 Evacuation Pause) (mixed) 39M->33M(64M), 0.0069470 secs]
Application time: 0.0046479 seconds
[GC pause (G1 Evacuation Pause) (mixed) 35M->30M(64M), 0.0175905 secs]
Application time: 0.0521907 seconds
[GC pause (G1 Evacuation Pause) (young) 52M->36M(64M), 0.0162261 secs]
Application time: 0.0447906 seconds
[GC pause (G1 Evacuation Pause) (young) (initial-mark) 52M->38M(64M), 0.0096630 secs]
[GC concurrent-root-region-scan-start]
[GC concurrent-root-region-scan-end, 0.0014860 secs]
[GC concurrent-mark-start]
Application time: 0.0576923 seconds
[GC pause (G1 Evacuation Pause) (young) 53M->39M(64M), 0.0075576 secs]
[GC concurrent-mark-end, 0.1013410 secs]
Application time: 0.0335127 seconds
[GC remark, 0.0084916 secs]
Application time: 0.0000665 seconds
[GC cleanup 46M->43M(64M), 0.0003247 secs]
[GC concurrent-cleanup-start]
[GC concurrent-cleanup-end, 0.0000308 secs]
Application time: 0.0143708 seconds
[GC pause (G1 Evacuation Pause) (young) 50M->38M(64M), 0.0060980 secs]
Application time: 0.0022202 seconds
[GC pause (G1 Evacuation Pause) (mixed) 39M->35M(64M), 0.0106828 secs]
Application time: 0.0039913 seconds
[GC pause (G1 Evacuation Pause) (mixed) 37M->34M(64M), 0.0127863 secs]
Application time: 0.0351059 seconds
[GC pause (G1 Evacuation Pause) (young) 52M->34M(64M), 0.0070284 secs]
Application time: 0.0340736 seconds
[GC pause (G1 Evacuation Pause) (young) (initial-mark) 52M->38M(64M), 0.0047659 secs]
[GC concurrent-root-region-scan-start]
[GC concurrent-root-region-scan-end, 0.0025836 secs]
[GC concurrent-mark-start]
Application time: 0.0601576 seconds
[GC pause (G1 Evacuation Pause) (young) 53M->41M(64M), 0.0069079 secs]
[GC concurrent-mark-end, 0.0844010 secs]
Application time: 0.0197701 seconds
[GC remark, 0.0086355 secs]
Application time: 0.0000453 seconds
[GC cleanup 46M->41M(64M), 0.0003048 secs]
[GC concurrent-cleanup-start]
[GC concurrent-cleanup-end, 0.0000181 secs]
Application time: 0.0150869 seconds
[GC pause (G1 Evacuation Pause) (young) 47M->38M(64M), 0.0063751 secs]
Application time: 0.0026891 seconds
[GC pause (G1 Evacuation Pause) (mixed) 39M->35M(64M), 0.0105079 secs]
Application time: 0.0050108 seconds
[GC pause (G1 Evacuation Pause) (mixed) 37M->33M(64M), 0.0134599 secs]
Application time: 0.0384471 seconds
[GC pause (G1 Evacuation Pause) (young) 52M->34M(64M), 0.0045362 secs]
Application time: 0.0388153 seconds
[GC pause (G1 Evacuation Pause) (young) (initial-mark) 53M->36M(64M), 0.0040108 secs]
[GC concurrent-root-region-scan-start]
[GC concurrent-root-region-scan-end, 0.0028744 secs]
[GC concurrent-mark-start]
Application time: 0.0639607 seconds
[GC pause (G1 Evacuation Pause) (young) 52M->41M(64M), 0.0103596 secs]
[GC concurrent-mark-end, 0.1288591 secs]
Application time: 0.0572595 seconds
[GC remark, 0.0084619 secs]
Application time: 0.0000496 seconds
[GC cleanup 50M->48M(64M), 0.0002760 secs]
[GC concurrent-cleanup-start]
[GC concurrent-cleanup-end, 0.0000129 secs]
Application time: 0.0076530 seconds
[GC pause (G1 Evacuation Pause) (young) 50M->42M(64M), 0.0105973 secs]
Application time: 0.0025568 seconds
[GC pause (G1 Evacuation Pause) (mixed) 43M->40M(64M), 0.0134779 secs]
Application time: 0.0058288 seconds
[GC pause (G1 Evacuation Pause) (mixed) 42M->38M(64M), 0.0162468 secs]
Application time: 0.0298574 seconds
[GC pause (G1 Evacuation Pause) (young) 50M->42M(64M), 0.0115523 secs]
Application time: 0.0254683 seconds
[GC pause (G1 Evacuation Pause) (young) (initial-mark) 52M->44M(64M), 0.0066850 secs]
[GC concurrent-root-region-scan-start]
[GC concurrent-root-region-scan-end, 0.0019231 secs]
[GC concurrent-mark-start]
Application time: 0.0423706 seconds
[GC pause (G1 Evacuation Pause) (young) 52M->45M(64M), 0.0056986 secs]
Application time: 0.0304462 seconds
[GC pause (G1 Evacuation Pause) (young) 53M->44M(64M), 0.0030883 secs]
[GC concurrent-mark-end, 0.0959058 secs]
Application time: 0.0119083 seconds
[GC remark, 0.0085952 secs]
Application time: 0.0000553 seconds
[GC cleanup 46M->41M(64M), 0.0002946 secs]
[GC concurrent-cleanup-start]
[GC concurrent-cleanup-end, 0.0000225 secs]
Application time: 0.0180501 seconds
[GC pause (G1 Evacuation Pause) (young) 47M->39M(64M), 0.0011349 secs]
Application time: 0.0045010 seconds
[GC pause (G1 Evacuation Pause) (mixed) 41M->35M(64M), 0.0048826 secs]
Application time: 0.0042909 seconds
[GC pause (G1 Evacuation Pause) (mixed) 37M->32M(64M), 0.0093899 secs]
Application time: 0.0373750 seconds
[GC pause (G1 Evacuation Pause) (young) 52M->32M(64M), 0.0057814 secs]
Application time: 0.0339990 seconds
[GC pause (G1 Evacuation Pause) (young) (initial-mark) 52M->32M(64M), 0.0014942 secs]
[GC concurrent-root-region-scan-start]
[GC concurrent-root-region-scan-end, 0.0003678 secs]
[GC concurrent-mark-start]
Application time: 0.0650313 seconds
[GC pause (G1 Evacuation Pause) (young) 53M->32M(64M), 0.0014985 secs]
[GC concurrent-mark-end, 0.0997613 secs]
Application time: 0.0334367 seconds
[GC remark, 0.0083857 secs]
Application time: 0.0000416 seconds
[GC cleanup 44M->44M(64M), 0.0002688 secs]
Application time: 0.0148427 seconds
[GC pause (G1 Evacuation Pause) (young) 53M->32M(64M), 0.0012993 secs]
Application time: 0.0034132 seconds
[GC pause (G1 Evacuation Pause) (mixed) 34M->30M(64M), 0.0051610 secs]
Application time: 0.0393907 seconds
[GC pause (G1 Evacuation Pause) (young) 53M->37M(64M), 0.0115547 secs]
Application time: 0.0461401 seconds
[GC pause (G1 Evacuation Pause) (young) (initial-mark) 53M->44M(64M), 0.0169063 secs]
[GC concurrent-root-region-scan-start]
[GC concurrent-root-region-scan-end, 0.0049816 secs]
[GC concurrent-mark-start]
Application time: 0.0449800 seconds
[GC pause (G1 Evacuation Pause) (young) 53M->46M(64M), 0.0144023 secs]
Application time: 0.0323695 seconds
[GC pause (G1 Evacuation Pause) (young) 53M->49M(64M), 0.0089693 secs]
Application time: 0.0179177 seconds
[GC pause (G1 Evacuation Pause) (young) 53M->51M(64M), 0.0060196 secs]
[GC concurrent-mark-end, 0.1305254 secs]
Application time: 0.0103604 seconds
[GC remark, 0.0076199 secs]
Application time: 0.0000440 seconds
[GC cleanup 54M->47M(64M), 0.0002793 secs]
[GC concurrent-cleanup-start]
[GC concurrent-cleanup-end, 0.0000212 secs]
Application time: 0.0017345 seconds
[GC pause (G1 Evacuation Pause) (young) 47M->47M(64M), 0.0064206 secs]
Application time: 0.0157248 seconds
[GC pause (G1 Evacuation Pause) (mixed) 49M->44M(64M), 0.0079634 secs]
Application time: 0.0041266 seconds
[GC pause (G1 Evacuation Pause) (mixed) 46M->43M(64M), 0.0103784 secs]
Application time: 0.0222507 seconds
[GC pause (G1 Evacuation Pause) (young) 51M->45M(64M), 0.0083958 secs]
Application time: 0.0173594 seconds
[GC pause (G1 Evacuation Pause) (young) (initial-mark) 52M->46M(64M), 0.0039598 secs]
[GC concurrent-root-region-scan-start]
[GC concurrent-root-region-scan-end, 0.0004436 secs]
[GC concurrent-mark-start]
Application time: 0.0480455 seconds
[GC pause (G1 Evacuation Pause) (young) 53M->45M(64M), 0.0034304 secs]
[GC concurrent-mark-end, 0.0562528 secs]
Application time: 0.0050839 seconds
[GC remark, 0.0083509 secs]
Application time: 0.0000484 seconds
[GC cleanup 46M->44M(64M), 0.0002712 secs]
[GC concurrent-cleanup-start]
[GC concurrent-cleanup-end, 0.0000164 secs]
Application time: 0.0179006 seconds
[GC pause (G1 Evacuation Pause) (young) 50M->43M(64M), 0.0014489 secs]
Application time: 0.0048461 seconds
[GC pause (G1 Evacuation Pause) (mixed) 45M->37M(64M), 0.0028458 secs]
Application time: 0.0047237 seconds
[GC pause (G1 Evacuation Pause) (mixed) 39M->35M(64M), 0.0057754 secs]
Application time: 0.0043054 seconds
[GC pause (G1 Evacuation Pause) (mixed) 37M->32M(64M), 0.0086447 secs]
Application time: 0.0043267 seconds
[GC pause (G1 Evacuation Pause) (mixed) 34M->32M(64M), 0.0075346 secs]
Application time: 0.0391238 seconds
[GC pause (G1 Evacuation Pause) (young) 51M->31M(64M), 0.0040834 secs]
Application time: 0.0389103 seconds
[GC pause (G1 Evacuation Pause) (young) (initial-mark) 51M->32M(64M), 0.0018668 secs]
[GC concurrent-root-region-scan-start]
[GC concurrent-root-region-scan-end, 0.0004875 secs]
[GC concurrent-mark-start]
Application time: 0.0605512 seconds
[GC pause (G1 Evacuation Pause) (young) 52M->32M(64M), 0.0016576 secs]
[GC concurrent-mark-end, 0.1043674 secs]
Application time: 0.0385947 seconds
[GC remark, 0.0072744 secs]
Application time: 0.0000586 seconds
[GC cleanup 46M->46M(64M), 0.0002480 secs]
Application time: 0.0109222 seconds
[GC pause (G1 Evacuation Pause) (young) 53M->32M(64M), 0.0014211 secs]
Application time: 0.0033613 seconds
[GC pause (G1 Evacuation Pause) (mixed) 34M->29M(64M), 0.0071505 secs]
Application time: 0.0378798 seconds
[GC pause (G1 Evacuation Pause) (young) 52M->35M(64M), 0.0101656 secs]
Application time: 0.0379845 seconds
[GC pause (G1 Evacuation Pause) (young) (initial-mark) 52M->41M(64M), 0.0119324 secs]
[GC concurrent-root-region-scan-start]
[GC concurrent-root-region-scan-end, 0.0034707 secs]
[GC concurrent-mark-start]
[GC concurrent-mark-end, 0.0649278 secs]
Application time: 0.0684873 seconds
[GC remark, 0.0128940 secs]
Application time: 0.0000541 seconds
[GC cleanup 49M->43M(64M), 0.0002995 secs]
[GC concurrent-cleanup-start]
[GC concurrent-cleanup-end, 0.0000319 secs]
Application time: 0.0096259 seconds
[GC pause (G1 Evacuation Pause) (young) 46M->37M(64M), 0.0126336 secs]
Application time: 0.0043835 seconds
[GC pause (G1 Evacuation Pause) (mixed) 38M->35M(64M), 0.0118361 secs]
Application time: 0.0067477 seconds
[GC pause (G1 Evacuation Pause) (mixed) 37M->33M(64M), 0.0132244 secs]
Application time: 0.0453623 seconds
[GC pause (G1 Evacuation Pause) (young) 50M->37M(64M), 0.0193420 secs]
Application time: 0.0422468 seconds
[GC pause (G1 Evacuation Pause) (young) (initial-mark) 51M->40M(64M), 0.0084735 secs]
[GC concurrent-root-region-scan-start]
[GC concurrent-root-region-scan-end, 0.0015690 secs]
[GC concurrent-mark-start]
Application time: 0.0607017 seconds
[GC pause (G1 Evacuation Pause) (young) 52M->41M(64M), 0.0075456 secs]
[GC concurrent-mark-end, 0.1025219 secs]
Application time: 0.0357263 seconds
[GC remark, 0.0086669 secs]
Application time: 0.0000612 seconds
[GC cleanup 50M->47M(64M), 0.0003112 secs]
[GC concurrent-cleanup-start]
[GC concurrent-cleanup-end, 0.0000199 secs]
Application time: 0.0070350 seconds
[GC pause (G1 Evacuation Pause) (young) 50M->38M(64M), 0.0030853 secs]
Application time: 0.0024342 seconds
[GC pause (G1 Evacuation Pause) (mixed) 39M->34M(64M), 0.0060226 secs]
Application time: 0.0044962 seconds
[GC pause (G1 Evacuation Pause) (mixed) 36M->31M(64M), 0.0135538 secs]
Application time: 0.0044857 seconds
[GC pause (G1 Evacuation Pause) (mixed) 33M->31M(64M), 0.0097963 secs]
Application time: 0.0420700 seconds
[GC pause (G1 Evacuation Pause) (young) 51M->31M(64M), 0.0057517 secs]
Application time: 0.0335598 seconds
[GC pause (G1 Evacuation Pause) (young) (initial-mark) 51M->31M(64M), 0.0017518 secs]
[GC concurrent-root-region-scan-start]
[GC concurrent-root-region-scan-end, 0.0003575 secs]
[GC concurrent-mark-start]
[GC concurrent-mark-end, 0.0476464 secs]
Application time: 0.0481060 seconds
[GC remark, 0.0117913 secs]
Application time: 0.0000539 seconds
[GC cleanup 41M->41M(64M), 0.0003348 secs]
Application time: 0.0214248 seconds
[GC pause (G1 Evacuation Pause) (young) 52M->31M(64M), 0.0018190 secs]
Application time: 0.0034190 seconds
[GC pause (G1 Evacuation Pause) (mixed) 33M->30M(64M), 0.0049556 secs]
Application time: 0.0328679 seconds
[GC pause (G1 Evacuation Pause) (young) 52M->34M(64M), 0.0064426 secs]
Application time: 0.0340075 seconds
[GC pause (G1 Evacuation Pause) (young) (initial-mark) 53M->37M(64M), 0.0087089 secs]
[GC concurrent-root-region-scan-start]
[GC concurrent-root-region-scan-end, 0.0039786 secs]
[GC concurrent-mark-start]
Application time: 0.0759273 seconds
[GC pause (G1 Evacuation Pause) (young) 53M->40M(64M), 0.0073388 secs]
[GC concurrent-mark-end, 0.0880336 secs]
Application time: 0.0086774 seconds
[GC remark, 0.0084334 secs]
Application time: 0.0000729 seconds
[GC cleanup 43M->42M(64M), 0.0002969 secs]
[GC concurrent-cleanup-start]
[GC concurrent-cleanup-end, 0.0000110 secs]
Application time: 0.0210805 seconds
[GC pause (G1 Evacuation Pause) (young) 52M->45M(64M), 0.0164322 secs]
Application time: 0.0039333 seconds
[GC pause (G1 Evacuation Pause) (mixed) 46M->43M(64M), 0.0165460 secs]
Application time: 0.0080672 seconds
[GC pause (G1 Evacuation Pause) (mixed) 45M->40M(64M), 0.0197330 secs]
Application time: 0.0538338 seconds
[GC pause (G1 Evacuation Pause) (young) 51M->44M(64M), 0.0179387 secs]
Application time: 0.0246068 seconds
[GC pause (G1 Evacuation Pause) (young) (initial-mark) 52M->45M(64M), 0.0070316 secs]
[GC concurrent-root-region-scan-start]
[GC concurrent-root-region-scan-end, 0.0024097 secs]
[GC concurrent-mark-start]
Application time: 0.0439603 seconds
[GC pause (G1 Evacuation Pause) (young) 53M->46M(64M), 0.0058627 secs]
Application time: 0.0296755 seconds
[GC pause (G1 Evacuation Pause) (young) 53M->49M(64M), 0.0073810 secs]
Application time: 0.0307425 seconds
[GC pause (G1 Evacuation Pause) (young) 53M->50M(64M), 0.0106853 secs]
Application time: 0.0231823 seconds
[GC pause (G1 Evacuation Pause) (young) 54M->52M(64M), 0.0049101 secs]
[GC concurrent-mark-end, 0.1700810 secs]
Application time: 0.0074977 seconds
[GC remark, 0.0080188 secs]
Application time: 0.0000646 seconds
[GC cleanup 54M->51M(64M), 0.0003701 secs]
[GC concurrent-cleanup-start]
[GC concurrent-cleanup-end, 0.0000237 secs]
Application time: 0.0005347 seconds
[GC pause (G1 Evacuation Pause) (young) 51M->48M(64M), 0.0024873 secs]
Application time: 0.0097396 seconds
[GC pause (G1 Evacuation Pause) (mixed) 50M->43M(64M), 0.0073978 secs]
Application time: 0.0047088 seconds
[GC pause (G1 Evacuation Pause) (mixed) 45M->40M(64M), 0.0099436 secs]
Application time: 0.0046893 seconds
[GC pause (G1 Evacuation Pause) (mixed) 42M->38M(64M), 0.0144417 secs]
Application time: 0.0278389 seconds
[GC pause (G1 Evacuation Pause) (young) 51M->38M(64M), 0.0091732 secs]
Application time: 0.0276198 seconds
[GC pause (G1 Evacuation Pause) (young) (initial-mark) 52M->38M(64M), 0.0015487 secs]
[GC concurrent-root-region-scan-start]
[GC concurrent-root-region-scan-end, 0.0004907 secs]
[GC concurrent-mark-start]
Application time: 0.0484718 seconds
[GC pause (G1 Evacuation Pause) (young) 52M->38M(64M), 0.0017618 secs]
[GC concurrent-mark-end, 0.0931291 secs]
Application time: 0.0432911 seconds
[GC remark, 0.0086081 secs]
Application time: 0.0000600 seconds
[GC cleanup 53M->53M(64M), 0.0003425 secs]
Application time: 0.0004289 seconds
[GC pause (G1 Evacuation Pause) (young) 53M->38M(64M), 0.0022728 secs]
Application time: 0.0038533 seconds
[GC pause (G1 Evacuation Pause) (mixed) 40M->34M(64M), 0.0053707 secs]
Application time: 0.0038364 seconds
[GC pause (G1 Evacuation Pause) (mixed) 36M->32M(64M), 0.0119743 secs]
Application time: 0.0040785 seconds
[GC pause (G1 Evacuation Pause) (mixed) 34M->30M(64M), 0.0145770 secs]
Application time: 0.0347225 seconds
[GC pause (G1 Evacuation Pause) (young) 52M->30M(64M), 0.0080742 secs]
Application time: 0.0360247 seconds
[GC pause (G1 Evacuation Pause) (young) (initial-mark) 52M->37M(64M), 0.0085552 secs]
[GC concurrent-root-region-scan-start]
[GC concurrent-root-region-scan-end, 0.0020317 secs]
[GC concurrent-mark-start]
Application time: 0.0622276 seconds
[GC pause (G1 Evacuation Pause) (young) 53M->39M(64M), 0.0085586 secs]
[GC concurrent-mark-end, 0.1002776 secs]
Application time: 0.0313960 seconds
[GC remark, 0.0093104 secs]
Application time: 0.0000727 seconds
[GC cleanup 49M->45M(64M), 0.0003173 secs]
[GC concurrent-cleanup-start]
[GC concurrent-cleanup-end, 0.0000269 secs]
Application time: 0.0097020 seconds
[GC pause (G1 Evacuation Pause) (young) 49M->42M(64M), 0.0145733 secs]
Application time: 0.0027887 seconds
[GC pause (G1 Evacuation Pause) (mixed) 43M->39M(64M), 0.0152824 secs]
Application time: 0.0057570 seconds
[GC pause (G1 Evacuation Pause) (mixed) 41M->39M(64M), 0.0119193 secs]
Application time: 0.0382654 seconds
[GC pause (G1 Evacuation Pause) (young) 52M->43M(64M), 0.0081508 secs]
Application time: 0.0257710 seconds
[GC pause (G1 Evacuation Pause) (young) (initial-mark) 52M->47M(64M), 0.0097680 secs]
[GC concurrent-root-region-scan-start]
[GC concurrent-root-region-scan-end, 0.0021757 secs]
[GC concurrent-mark-start]
Application time: 0.0247500 seconds
[GC pause (G1 Evacuation Pause) (young) 53M->49M(64M), 0.0094763 secs]
Application time: 0.0259933 seconds
[GC pause (G1 Evacuation Pause) (young) 54M->51M(64M), 0.0091284 secs]
Application time: 0.0117221 seconds
[GC pause (G1 Evacuation Pause) (young) 54M->52M(64M), 0.0049067 secs]
Application time: 0.0186582 seconds
[GC pause (G1 Evacuation Pause) (young) 54M->51M(64M), 0.0038159 secs]
Application time: 0.0093002 seconds
[GC pause (G1 Evacuation Pause) (young) 53M->51M(64M), 0.0012692 secs]
Application time: 0.0115574 seconds
[GC pause (G1 Evacuation Pause) (young) 54M->51M(64M), 0.0013871 secs]
Application time: 0.0130686 seconds
[GC pause (G1 Evacuation Pause) (young) 54M->51M(64M), 0.0013443 secs]
[GC concurrent-mark-end, 0.1551493 secs]
Application time: 0.0014566 seconds
[GC remark, 0.0084857 secs]
Application time: 0.0000650 seconds
[GC cleanup 52M->49M(64M), 0.0003956 secs]
[GC concurrent-cleanup-start]
[GC concurrent-cleanup-end, 0.0000228 secs]
Application time: 0.0073848 seconds
[GC pause (G1 Evacuation Pause) (young) 51M->49M(64M), 0.0014417 secs]
Application time: 0.0048244 seconds
[GC pause (G1 Evacuation Pause) (mixed) 51M->43M(64M), 0.0034996 secs]
Application time: 0.0046764 seconds
[GC pause (G1 Evacuation Pause) (mixed) 45M->38M(64M), 0.0059733 secs]
Application time: 0.0046564 seconds
[GC pause (G1 Evacuation Pause) (mixed) 40M->37M(64M), 0.0150991 secs]
Application time: 0.0307662 seconds
[GC pause (G1 Evacuation Pause) (young) 52M->37M(64M), 0.0106342 secs]
Application time: 0.0292900 seconds
[GC pause (G1 Evacuation Pause) (young) (initial-mark) 52M->37M(64M), 0.0019662 secs]
[GC concurrent-root-region-scan-start]
[GC concurrent-root-region-scan-end, 0.0004557 secs]
[GC concurrent-mark-start]
Application time: 0.0602493 seconds
[GC pause (G1 Evacuation Pause) (young) 53M->37M(64M), 0.0019873 secs]
[GC concurrent-mark-end, 0.0953231 secs]
Application time: 0.0334810 seconds
[GC remark, 0.0082118 secs]
Application time: 0.0000393 seconds
[GC cleanup 49M->48M(64M), 0.0003208 secs]
[GC concurrent-cleanup-start]
[GC concurrent-cleanup-end, 0.0000118 secs]
Application time: 0.0064611 seconds
[GC pause (G1 Evacuation Pause) (young) 52M->36M(64M), 0.0018835 secs]
Application time: 0.0033606 seconds
[GC pause (G1 Evacuation Pause) (mixed) 38M->32M(64M), 0.0059306 secs]
Application time: 0.0033878 seconds
[GC pause (G1 Evacuation Pause) (mixed) 34M->29M(64M), 0.0112864 secs]
Application time: 0.0349250 seconds
[GC pause (G1 Evacuation Pause) (young) 52M->29M(64M), 0.0055224 secs]
Application time: 0.0363604 seconds
[GC pause (G1 Evacuation Pause) (young) (initial-mark) 53M->31M(64M), 0.0035708 secs]
[GC concurrent-root-region-scan-start]
[GC concurrent-root-region-scan-end, 0.0016496 secs]
[GC concurrent-mark-start]
[GC concurrent-mark-end, 0.0889580 secs]
Application time: 0.0906980 seconds
[GC remark, 0.0086918 secs]
Application time: 0.0000446 seconds
[GC cleanup 52M->52M(64M), 0.0002767 secs]
Application time: 0.0038819 seconds
[GC pause (G1 Evacuation Pause) (young)-- 52M->61M(64M), 0.0503335 secs]
Application time: 0.0035754 seconds
[GC pause (G1 Evacuation Pause) (young)-- 62M->62M(64M), 0.0312718 secs]
Application time: 0.0029499 seconds
[GC pause (G1 Evacuation Pause) (young) (initial-mark)-- 63M->63M(64M), 0.0135507 secs]
[GC concurrent-root-region-scan-start]
[GC concurrent-root-region-scan-end, 0.0000259 secs]
[GC concurrent-mark-start]
Application time: 0.0062430 seconds
[GC pause (G1 Evacuation Pause) (young) 63M->63M(64M), 0.0017082 secs]
Application time: 0.0000697 seconds
[GC pause (G1 Evacuation Pause) (young) 63M->63M(64M), 0.0007423 secs]
Application time: 0.0000303 seconds
[GC pause (G1 Evacuation Pause) (young) 63M->63M(64M), 0.0006880 secs]
Application time: 0.0000329 seconds
[Full GC (Allocation Failure)  63M->26M(64M), 0.0927046 secs]
[GC concurrent-mark-abort]
Application time: 0.0692761 seconds
[GC pause (G1 Evacuation Pause) (young) 50M->30M(64M), 0.0099673 secs]
Application time: 0.0538036 seconds
[GC pause (G1 Evacuation Pause) (young) (initial-mark) 50M->33M(64M), 0.0088273 secs]
[GC concurrent-root-region-scan-start]
[GC concurrent-root-region-scan-end, 0.0030578 secs]
[GC concurrent-mark-start]
Application time: 0.0763200 seconds
[GC pause (G1 Evacuation Pause) (young) 51M->34M(64M), 0.0074736 secs]
[GC concurrent-mark-end, 0.0982710 secs]
Application time: 0.0136065 seconds
[GC remark, 0.0083358 secs]
Application time: 0.0000996 seconds
[GC cleanup 38M->37M(64M), 0.0002797 secs]
[GC concurrent-cleanup-start]
[GC concurrent-cleanup-end, 0.0000227 secs]
Application time: 0.0524363 seconds
[GC pause (G1 Evacuation Pause) (young) 50M->33M(64M), 0.0044238 secs]
Application time: 0.0081815 seconds
[GC pause (G1 Evacuation Pause) (mixed) 35M->30M(64M), 0.0046758 secs]
Application time: 0.0470910 seconds
[GC pause (G1 Evacuation Pause) (young) 51M->30M(64M), 0.0046833 secs]
Application time: 0.0322560 seconds
[GC pause (G1 Evacuation Pause) (young) (initial-mark) 51M->30M(64M), 0.0021687 secs]
[GC concurrent-root-region-scan-start]
[GC concurrent-root-region-scan-end, 0.0005244 secs]
[GC concurrent-mark-start]
[GC concurrent-mark-end, 0.0477844 secs]
Application time: 0.0483961 seconds
[GC remark, 0.0086219 secs]
Application time: 0.0000723 seconds
[GC cleanup 41M->41M(64M), 0.0002810 secs]
Application time: 0.0161972 seconds
[GC pause (G1 Evacuation Pause) (young) 52M->30M(64M), 0.0018957 secs]
Application time: 0.0065250 seconds
[GC pause (G1 Evacuation Pause) (mixed) 32M->28M(64M), 0.0055010 secs]
Application time: 0.0409579 seconds
[GC pause (G1 Evacuation Pause) (young) 52M->34M(64M), 0.0099555 secs]
Application time: 0.0361494 seconds
[GC pause (G1 Evacuation Pause) (young) (initial-mark) 51M->40M(64M), 0.0138532 secs]
[GC concurrent-root-region-scan-start]
[GC concurrent-root-region-scan-end, 0.0085451 secs]
[GC concurrent-mark-start]
Application time: 0.0585893 seconds
[GC pause (G1 Evacuation Pause) (young) 51M->43M(64M), 0.0139876 secs]
[GC concurrent-mark-end, 0.1063383 secs]
Application time: 0.0382584 seconds
[GC remark, 0.0086254 secs]
Application time: 0.0000707 seconds
[GC cleanup 52M->43M(64M), 0.0002975 secs]
[GC concurrent-cleanup-start]
[GC concurrent-cleanup-end, 0.0000293 secs]
Application time: 0.0014384 seconds
[GC pause (G1 Evacuation Pause) (young) 43M->36M(64M), 0.0121037 secs]
Application time: 0.0037677 seconds
[GC pause (G1 Evacuation Pause) (mixed) 37M->34M(64M), 0.0113602 secs]
Application time: 0.0516587 seconds
[GC pause (G1 Evacuation Pause) (young) 51M->40M(64M), 0.0129594 secs]
Application time: 0.0280928 seconds
[GC pause (G1 Evacuation Pause) (young) (initial-mark) 50M->42M(64M), 0.0096126 secs]
[GC concurrent-root-region-scan-start]
[GC concurrent-root-region-scan-end, 0.0021324 secs]
[GC concurrent-mark-start]
[GC concurrent-mark-end, 0.0506801 secs]
Application time: 0.0528939 seconds
[GC remark, 0.0080808 secs]
Application time: 0.0004774 seconds
[GC cleanup 50M->45M(64M), 0.0002582 secs]
[GC concurrent-cleanup-start]
[GC concurrent-cleanup-end, 0.0000206 secs]
Application time: 0.0028913 seconds
[GC pause (G1 Evacuation Pause) (young) 46M->38M(64M), 0.0059752 secs]
Application time: 0.0050996 seconds
[GC pause (G1 Evacuation Pause) (mixed) 40M->33M(64M), 0.0056952 secs]
Application time: 0.0047503 seconds
[GC pause (G1 Evacuation Pause) (mixed) 35M->30M(64M), 0.0117777 secs]
Application time: 0.0453951 seconds
[GC pause (G1 Evacuation Pause) (young) 50M->30M(64M), 0.0060654 secs]
Application time: 0.0397703 seconds
[GC pause (G1 Evacuation Pause) (young) (initial-mark) 50M->30M(64M), 0.0017519 secs]
[GC concurrent-root-region-scan-start]
[GC concurrent-root-region-scan-end, 0.0005567 secs]
[GC concurrent-mark-start]
Application time: 0.0751689 seconds
[GC pause (G1 Evacuation Pause) (young) 51M->30M(64M), 0.0017131 secs]
[GC concurrent-mark-end, 0.1001602 secs]
Application time: 0.0237030 seconds
[GC remark, 0.0079195 secs]
Application time: 0.0000629 seconds
[GC cleanup 38M->38M(64M), 0.0002322 secs]
Application time: 0.0250474 seconds
[GC pause (G1 Evacuation Pause) (young) 52M->30M(64M), 0.0017508 secs]
Application time: 0.0034333 seconds
[GC pause (G1 Evacuation Pause) (mixed) 32M->29M(64M), 0.0026365 secs]
Application time: 0.0364432 seconds
[GC pause (G1 Evacuation Pause) (young) 52M->33M(64M), 0.0061900 secs]
Application time: 0.0394692 seconds
[GC pause (G1 Evacuation Pause) (young) (initial-mark) 53M->37M(64M), 0.0090610 secs]
[GC concurrent-root-region-scan-start]
[GC concurrent-root-region-scan-end, 0.0069276 secs]
[GC concurrent-mark-start]
Application time: 0.0725688 seconds
[GC pause (G1 Evacuation Pause) (young) 52M->42M(64M), 0.0150188 secs]
[GC concurrent-mark-end, 0.1154938 secs]
Application time: 0.0346681 seconds
[GC remark, 0.0078860 secs]
Application time: 0.0000653 seconds
[GC cleanup 51M->48M(64M), 0.0002478 secs]
[GC concurrent-cleanup-start]
[GC concurrent-cleanup-end, 0.0000128 secs]
Application time: 0.0109788 seconds
[GC pause (G1 Evacuation Pause) (young) 49M->42M(64M), 0.0131066 secs]
Application time: 0.0021597 seconds
[GC pause (G1 Evacuation Pause) (mixed) 43M->41M(64M), 0.0156472 secs]
Application time: 0.0077799 seconds
[GC pause (G1 Evacuation Pause) (mixed) 43M->41M(64M), 0.0192906 secs]
Application time: 0.0329105 seconds
[GC pause (G1 Evacuation Pause) (young) 52M->43M(64M), 0.0087230 secs]
Application time: 0.0216844 seconds
[GC pause (G1 Evacuation Pause) (young) (initial-mark) 52M->45M(64M), 0.0066304 secs]
[GC concurrent-root-region-scan-start]
[GC concurrent-root-region-scan-end, 0.0018356 secs]
[GC concurrent-mark-start]
Application time: 0.0448870 seconds
[GC pause (G1 Evacuation Pause) (young) 52M->48M(64M), 0.0084653 secs]
[GC concurrent-mark-end, 0.0589892 secs]
Application time: 0.0073027 seconds
[GC remark, 0.0080497 secs]
Application time: 0.0000903 seconds
[GC cleanup 50M->46M(64M), 0.0003163 secs]
[GC concurrent-cleanup-start]
[GC concurrent-cleanup-end, 0.0000179 secs]
Application time: 0.0097054 seconds
[GC pause (G1 Evacuation Pause) (young) 48M->46M(64M), 0.0075753 secs]
Application time: 0.0045351 seconds
[GC pause (G1 Evacuation Pause) (mixed) 48M->42M(64M), 0.0063500 secs]
Application time: 0.0043009 seconds
[GC pause (G1 Evacuation Pause) (mixed) 44M->38M(64M), 0.0088109 secs]
Application time: 0.0045370 seconds
[GC pause (G1 Evacuation Pause) (mixed) 40M->35M(64M), 0.0130163 secs]
Application time: 0.0317159 seconds
[GC pause (G1 Evacuation Pause) (young) 50M->35M(64M), 0.0050680 secs]
Application time: 0.0314484 seconds
[GC pause (G1 Evacuation Pause) (young) (initial-mark) 51M->35M(64M), 0.0016392 secs]
[GC concurrent-root-region-scan-start]
[GC concurrent-root-region-scan-end, 0.0003783 secs]
[GC concurrent-mark-start]
[GC concurrent-mark-end, 0.0489064 secs]
Application time: 0.0489370 seconds
[GC remark, 0.0077737 secs]
Application time: 0.0000523 seconds
[GC cleanup 46M->46M(64M), 0.0002914 secs]
Application time: 0.0123975 seconds
[GC pause (G1 Evacuation Pause) (young) 52M->35M(64M), 0.0011614 secs]
Application time: 0.0036223 seconds
[GC pause (G1 Evacuation Pause) (mixed) 37M->31M(64M), 0.0054648 secs]
Application time: 0.0051721 seconds
[GC pause (G1 Evacuation Pause) (mixed) 33M->30M(64M), 0.0090915 secs]
Application time: 0.0356131 seconds
[GC pause (G1 Evacuation Pause) (young) 52M->30M(64M), 0.0063243 secs]
Application time: 0.0322690 seconds
[GC pause (G1 Evacuation Pause) (young) (initial-mark) 52M->32M(64M), 0.0056494 secs]
[GC concurrent-root-region-scan-start]
[GC concurrent-root-region-scan-end, 0.0021125 secs]
[GC concurrent-mark-start]
[GC concurrent-mark-end, 0.0483380 secs]
Application time: 0.0484356 seconds
[GC remark, 0.0071876 secs]
Application time: 0.0000670 seconds
[GC cleanup 43M->43M(64M), 0.0002305 secs]
Application time: 0.0170920 seconds
[GC pause (G1 Evacuation Pause) (young) 52M->36M(64M), 0.0080813 secs]
Application time: 0.0024630 seconds
[GC pause (G1 Evacuation Pause) (mixed) 37M->36M(64M), 0.0066733 secs]
Application time: 0.0325410 seconds
[GC pause (G1 Evacuation Pause) (young) 52M->39M(64M), 0.0066510 secs]
Application time: 0.0331073 seconds
[GC pause (G1 Evacuation Pause) (young) (initial-mark) 53M->45M(64M), 0.0085569 secs]
[GC concurrent-root-region-scan-start]
[GC concurrent-root-region-scan-end, 0.0031736 secs]
[GC concurrent-mark-start]
Application time: 0.0451503 seconds
[GC pause (G1 Evacuation Pause) (young) 53M->47M(64M), 0.0096944 secs]
Application time: 0.0336300 seconds
[GC pause (G1 Evacuation Pause) (young) 53M->50M(64M), 0.0101005 secs]
Application time: 0.0187248 seconds
[GC pause (G1 Evacuation Pause) (young) 54M->51M(64M), 0.0064653 secs]
[GC concurrent-mark-end, 0.1305671 secs]
Application time: 0.0035289 seconds
[GC remark, 0.0079774 secs]
Application time: 0.0018652 seconds
[GC cleanup 52M->45M(64M), 0.0002873 secs]
[GC concurrent-cleanup-start]
[GC concurrent-cleanup-end, 0.0000210 secs]
Application time: 0.0032938 seconds
[GC pause (G1 Evacuation Pause) (young) 46M->46M(64M), 0.0041853 secs]
Application time: 0.0067899 seconds
[GC pause (G1 Evacuation Pause) (mixed) 48M->42M(64M), 0.0060218 secs]
Application time: 0.0056268 seconds
[GC pause (G1 Evacuation Pause) (mixed) 44M->41M(64M), 0.0099640 secs]
Application time: 0.0054225 seconds
[GC pause (G1 Evacuation Pause) (mixed) 43M->40M(64M), 0.0074926 secs]
Application time: 0.0279987 seconds
[GC pause (G1 Evacuation Pause) (young) 52M->43M(64M), 0.0059916 secs]
Application time: 0.0258288 seconds
[GC pause (G1 Evacuation Pause) (young) (initial-mark) 53M->45M(64M), 0.0065428 secs]
[GC concurrent-root-region-scan-start]
[GC concurrent-root-region-scan-end, 0.0016451 secs]
[GC concurrent-mark-start]
Application time: 0.0339577 seconds
[GC pause (G1 Evacuation Pause) (young) 53M->46M(64M), 0.0059529 secs]
Application time: 0.0319372 seconds
[GC pause (G1 Evacuation Pause) (young) 54M->45M(64M), 0.0025038 secs]
[GC concurrent-mark-end, 0.1050656 secs]
Application time: 0.0280861 seconds
[GC remark, 0.0073576 secs]
Application time: 0.0000723 seconds
[GC cleanup 53M->48M(64M), 0.0002704 secs]
[GC concurrent-cleanup-start]
[GC concurrent-cleanup-end, 0.0000145 secs]
Application time: 0.0008553 seconds
[GC pause (G1 Evacuation Pause) (young) 48M->40M(64M), 0.0008753 secs]
Application time: 0.0040989 seconds
[GC pause (G1 Evacuation Pause) (mixed) 42M->35M(64M), 0.0027615 secs]
Application time: 0.0037994 seconds
[GC pause (G1 Evacuation Pause) (mixed) 37M->32M(64M), 0.0065437 secs]
Application time: 0.0034379 seconds
[GC pause (G1 Evacuation Pause) (mixed) 34M->30M(64M), 0.0085747 secs]
Application time: 0.0324615 seconds
[GC pause (G1 Evacuation Pause) (young) 50M->30M(64M), 0.0081801 secs]
Application time: 0.0348664 seconds
[GC pause (G1 Evacuation Pause) (young) (initial-mark) 51M->30M(64M), 0.0015508 secs]
[GC concurrent-root-region-scan-start]
[GC concurrent-root-region-scan-end, 0.0003825 secs]
[GC concurrent-mark-start]
Application time: 0.0677210 seconds
[GC pause (G1 Evacuation Pause) (young) 52M->30M(64M), 0.0036600 secs]
Application time: 0.0731723 seconds
[GC pause (G1 Evacuation Pause) (young) 52M->33M(64M), 0.0067601 secs]
[GC concurrent-mark-end, 0.1560905 secs]
Application time: 0.0049101 seconds
[GC remark, 0.0144875 secs]
Application time: 0.0058680 seconds
[GC cleanup 36M->36M(64M), 0.0003596 secs]
Application time: 0.0403706 seconds
[GC pause (G1 Evacuation Pause) (young)-- 52M->43M(64M), 0.0171480 secs]
Application time: 0.0050752 seconds
[GC pause (G1 Evacuation Pause) (mixed) 44M->42M(64M), 0.0212046 secs]
Application time: 0.0319634 seconds
[GC pause (G1 Evacuation Pause) (young) 51M->44M(64M), 0.0105309 secs]
Application time: 0.0232979 seconds
[GC pause (G1 Evacuation Pause) (young) (initial-mark) 52M->46M(64M), 0.0057004 secs]
[GC concurrent-root-region-scan-start]
[GC concurrent-root-region-scan-end, 0.0014257 secs]
[GC concurrent-mark-start]
Application time: 0.0366810 seconds
[GC pause (G1 Evacuation Pause) (young) 53M->48M(64M), 0.0067097 secs]
Application time: 0.0251325 seconds
[GC pause (G1 Evacuation Pause) (young) 53M->54M(64M), 0.0074951 secs]
Application time: 0.0114042 seconds
[GC pause (G1 Evacuation Pause) (young) 56M->56M(64M), 0.0072249 secs]
Application time: 0.0124923 seconds
[GC pause (G1 Evacuation Pause) (young) 58M->58M(64M), 0.0065600 secs]
Application time: 0.0050126 seconds
[GC pause (G1 Evacuation Pause) (young)-- 60M->63M(64M), 0.0096311 secs]
Application time: 0.0021765 seconds
[GC pause (G1 Evacuation Pause) (young)-- 63M->63M(64M), 0.0086565 secs]
Application time: 0.0000874 seconds
[Full GC (Allocation Failure)  63M->24M(64M), 0.0928140 secs]
[GC concurrent-mark-abort]
Application time: 0.0708324 seconds
[GC pause (G1 Evacuation Pause) (young) 48M->26M(64M), 0.0035147 secs]
Application time: 0.0452857 seconds
[GC pause (G1 Evacuation Pause) (young) 49M->26M(64M), 0.0032138 secs]
Application time: 0.0487218 seconds
[GC pause (G1 Evacuation Pause) (young) 50M->26M(64M), 0.0033985 secs]
Application time: 0.0395361 seconds
[GC pause (G1 Evacuation Pause) (young) 51M->26M(64M), 0.0032289 secs]
Application time: 0.0449694 seconds
[GC pause (G1 Evacuation Pause) (young) 51M->26M(64M), 0.0034491 secs]
Application time: 0.0414522 seconds
[GC pause (G1 Evacuation Pause) (young) 52M->31M(64M), 0.0091464 secs]
Application time: 0.0502667 seconds
[GC pause (G1 Evacuation Pause) (young) (initial-mark)-- 51M->49M(64M), 0.0318519 secs]
[GC concurrent-root-region-scan-start]
[GC concurrent-root-region-scan-end, 0.0101921 secs]
[GC concurrent-mark-start]
Application time: 0.0229002 seconds
[GC pause (G1 Evacuation Pause) (young) 52M->51M(64M), 0.0168992 secs]
Application time: 0.0177630 seconds
[GC pause (G1 Evacuation Pause) (young) 54M->53M(64M), 0.0092125 secs]
Application time: 0.0107038 seconds
[GC pause (G1 Evacuation Pause) (young) 55M->54M(64M), 0.0033506 secs]
Application time: 0.0072135 seconds
[GC pause (G1 Evacuation Pause) (young) 56M->56M(64M), 0.0031315 secs]
Application time: 0.0101454 seconds
[GC pause (G1 Evacuation Pause) (young) 58M->58M(64M), 0.0034891 secs]
[GC concurrent-mark-end, 0.1102236 secs]
Application time: 0.0133497 seconds
[GC remark, 0.0078437 secs]
Application time: 0.0000460 seconds
[GC cleanup 59M->54M(64M), 0.0003162 secs]
[GC concurrent-cleanup-start]
[GC concurrent-cleanup-end, 0.0000151 secs]
Application time: 0.0030687 seconds
[GC pause (G1 Evacuation Pause) (young) 55M->55M(64M), 0.0043558 secs]
Application time: 0.0088886 seconds
[GC pause (G1 Evacuation Pause) (mixed) 57M->50M(64M), 0.0048235 secs]
Application time: 0.0070898 seconds
[GC pause (G1 Evacuation Pause) (mixed) 52M->44M(64M), 0.0052500 secs]
Application time: 0.0033272 seconds
[GC pause (G1 Evacuation Pause) (mixed) 46M->44M(64M), 0.0070376 secs]
Application time: 0.0192507 seconds
[GC pause (G1 Evacuation Pause) (young) 51M->48M(64M), 0.0092762 secs]
Application time: 0.0134450 seconds
[GC pause (G1 Evacuation Pause) (young) (initial-mark) 53M->50M(64M), 0.0078210 secs]
[GC concurrent-root-region-scan-start]
[GC concurrent-root-region-scan-end, 0.0007954 secs]
[GC concurrent-mark-start]
Application time: 0.0165366 seconds
[GC pause (G1 Evacuation Pause) (young) 53M->52M(64M), 0.0053053 secs]
Application time: 0.0176921 seconds
[GC pause (G1 Evacuation Pause) (young) 54M->53M(64M), 0.0042561 secs]
Application time: 0.0129387 seconds
[GC pause (G1 Evacuation Pause) (young) 55M->53M(64M), 0.0026468 secs]
Application time: 0.0127934 seconds
[GC pause (G1 Evacuation Pause) (young) 55M->53M(64M), 0.0018369 secs]
[GC concurrent-mark-end, 0.0737169 secs]
Application time: 0.0000487 seconds
[GC remark, 0.0071010 secs]
Application time: 0.0000454 seconds
[GC cleanup 53M->48M(64M), 0.0002583 secs]
[GC concurrent-cleanup-start]
[GC concurrent-cleanup-end, 0.0000165 secs]
Application time: 0.0065099 seconds
[GC pause (G1 Evacuation Pause) (young) 50M->48M(64M), 0.0012652 secs]
Application time: 0.0050352 seconds
[GC pause (G1 Evacuation Pause) (mixed) 50M->42M(64M), 0.0017173 secs]
Application time: 0.0068683 seconds
[GC pause (G1 Evacuation Pause) (mixed) 44M->37M(64M), 0.0038667 secs]
Application time: 0.0052955 seconds
[GC pause (G1 Evacuation Pause) (mixed) 39M->34M(64M), 0.0145707 secs]
Application time: 0.0098717 seconds
[GC pause (G1 Evacuation Pause) (mixed) 36M->33M(64M), 0.0097835 secs]
Application time: 0.0371790 seconds
[GC pause (G1 Evacuation Pause) (young) 49M->33M(64M), 0.0046778 secs]
Application time: 0.0446542 seconds
[GC pause (G1 Evacuation Pause) (young) (initial-mark) 50M->33M(64M), 0.0017442 secs]
[GC concurrent-root-region-scan-start]
[GC concurrent-root-region-scan-end, 0.0004490 secs]
[GC concurrent-mark-start]
[GC concurrent-mark-end, 0.0494096 secs]
Application time: 0.0499810 seconds
[GC remark, 0.0080722 secs]
Application time: 0.0000498 seconds
[GC cleanup 41M->40M(64M), 0.0002824 secs]
[GC concurrent-cleanup-start]
[GC concurrent-cleanup-end, 0.0000233 secs]
Application time: 0.0165952 seconds
[GC pause (G1 Evacuation Pause) (young) 50M->32M(64M), 0.0016279 secs]
Application time: 0.0072866 seconds
[GC pause (G1 Evacuation Pause) (mixed) 34M->29M(64M), 0.0054431 secs]
Application time: 0.0421415 seconds
[GC pause (G1 Evacuation Pause) (young) 51M->29M(64M), 0.0046925 secs]
Application time: 0.0335173 seconds
[GC pause (G1 Evacuation Pause) (young) (initial-mark) 52M->29M(64M), 0.0018288 secs]
[GC concurrent-root-region-scan-start]
[GC concurrent-root-region-scan-end, 0.0004781 secs]
[GC concurrent-mark-start]
Application time: 0.0768119 seconds
[GC pause (G1 Evacuation Pause) (young) 52M->35M(64M), 0.0090843 secs]
[GC concurrent-mark-end, 0.1001841 secs]
Application time: 0.0105860 seconds
[GC remark, 0.0083160 secs]
Application time: 0.0000469 seconds
[GC cleanup 36M->36M(64M), 0.0002366 secs]
Application time: 0.0339416 seconds
[GC pause (G1 Evacuation Pause) (young) 52M->38M(64M), 0.0100988 secs]
Application time: 0.0023080 seconds
[GC pause (G1 Evacuation Pause) (mixed) 39M->38M(64M), 0.0080420 secs]
Application time: 0.0294405 seconds
[GC pause (G1 Evacuation Pause) (young) 51M->45M(64M), 0.0106841 secs]
Application time: 0.0262327 seconds
[GC pause (G1 Evacuation Pause) (young) (initial-mark) 53M->48M(64M), 0.0115541 secs]
[GC concurrent-root-region-scan-start]
[GC concurrent-root-region-scan-end, 0.0019444 secs]
[GC concurrent-mark-start]
Application time: 0.0229058 seconds
[GC pause (G1 Evacuation Pause) (young) 53M->49M(64M), 0.0065007 secs]
Application time: 0.0171025 seconds
[GC pause (G1 Evacuation Pause) (young) 53M->50M(64M), 0.0051238 secs]
Application time: 0.0117368 seconds
[GC pause (G1 Evacuation Pause) (young) 53M->51M(64M), 0.0028928 secs]
Application time: 0.0094134 seconds
[GC pause (G1 Evacuation Pause) (young) 53M->54M(64M), 0.0031474 secs]
Application time: 0.0106089 seconds
[GC pause (G1 Evacuation Pause) (young) 56M->55M(64M), 0.0039354 secs]
Application time: 0.0058586 seconds
[GC pause (G1 Evacuation Pause) (young) 57M->57M(64M), 0.0043286 secs]
Application time: 0.0218243 seconds
[GC pause (G1 Evacuation Pause) (young) 59M->58M(64M), 0.0040612 secs]
[GC concurrent-mark-end, 0.1450198 secs]
Application time: 0.0086869 seconds
[GC remark, 0.0070900 secs]
Application time: 0.0000410 seconds
[GC cleanup 59M->52M(64M), 0.0002795 secs]
[GC concurrent-cleanup-start]
[GC concurrent-cleanup-end, 0.0000220 secs]
Application time: 0.0013181 seconds
[GC pause (G1 Evacuation Pause) (young) 53M->53M(64M), 0.0026861 secs]
Application time: 0.0044460 seconds
[GC pause (G1 Evacuation Pause) (mixed) 55M->49M(64M), 0.0043384 secs]
Application time: 0.0066695 seconds
[GC pause (G1 Evacuation Pause) (mixed) 51M->46M(64M), 0.0072507 secs]
Application time: 0.0045569 seconds
[GC pause (G1 Evacuation Pause) (mixed) 48M->45M(64M), 0.0066225 secs]
Application time: 0.0140667 seconds
[GC pause (G1 Evacuation Pause) (young) 52M->45M(64M), 0.0021969 secs]
Application time: 0.0207115 seconds
[GC pause (G1 Evacuation Pause) (young) (initial-mark) 53M->45M(64M), 0.0012564 secs]
[GC concurrent-root-region-scan-start]
[GC concurrent-root-region-scan-end, 0.0005066 secs]
[GC concurrent-mark-start]
Application time: 0.0299670 seconds
[GC pause (G1 Evacuation Pause) (young) 53M->45M(64M), 0.0011521 secs]
Application time: 0.0313076 seconds
[GC pause (G1 Evacuation Pause) (young) 53M->45M(64M), 0.0011895 secs]
Application time: 0.0232120 seconds
[GC pause (G1 Evacuation Pause) (young) 53M->45M(64M), 0.0012241 secs]
[GC concurrent-mark-end, 0.0937997 secs]
Application time: 0.0020311 seconds
[GC remark, 0.0074207 secs]
Application time: 0.0000343 seconds
[GC cleanup 45M->40M(64M), 0.0002516 secs]
[GC concurrent-cleanup-start]
[GC concurrent-cleanup-end, 0.0000139 secs]
Application time: 0.0154977 seconds
[GC pause (G1 Evacuation Pause) (young) 48M->39M(64M), 0.0012059 secs]
Application time: 0.0066406 seconds
[GC pause (G1 Evacuation Pause) (mixed) 41M->34M(64M), 0.0026826 secs]
Application time: 0.0037746 seconds
[GC pause (G1 Evacuation Pause) (mixed) 36M->30M(64M), 0.0067301 secs]
Application time: 0.0033522 seconds
[GC pause (G1 Evacuation Pause) (mixed) 32M->30M(64M), 0.0070643 secs]
Application time: 0.0330830 seconds
[GC pause (G1 Evacuation Pause) (young) 53M->30M(64M), 0.0047157 secs]
Application time: 0.0309298 seconds
[GC pause (G1 Evacuation Pause) (young) (initial-mark) 53M->29M(64M), 0.0017378 secs]
[GC concurrent-root-region-scan-start]
[GC concurrent-root-region-scan-end, 0.0007025 secs]
[GC concurrent-mark-start]
Application time: 0.0619917 seconds
[GC pause (G1 Evacuation Pause) (young) 53M->30M(64M), 0.0019144 secs]
[GC concurrent-mark-end, 0.0830973 secs]
Application time: 0.0198328 seconds
[GC remark, 0.0071586 secs]
Application time: 0.0000318 seconds
[GC cleanup 39M->39M(64M), 0.0002411 secs]
Application time: 0.0346880 seconds
[GC pause (G1 Evacuation Pause) (young)-- 53M->58M(64M), 0.0687331 secs]
Application time: 0.0065037 seconds
[GC pause (G1 Evacuation Pause) (mixed)-- 59M->60M(64M), 0.0204108 secs]
Application time: 0.0087109 seconds
[GC pause (G1 Evacuation Pause) (young) 62M->59M(64M), 0.0101040 secs]
Application time: 0.0102801 seconds
[GC pause (G1 Evacuation Pause) (young) (initial-mark) 61M->59M(64M), 0.0010570 secs]
[GC concurrent-root-region-scan-start]
[GC concurrent-root-region-scan-end, 0.0006553 secs]
[GC concurrent-mark-start]
Application time: 0.0103341 seconds
[GC pause (G1 Evacuation Pause) (young)-- 61M->62M(64M), 0.0090539 secs]
Application time: 0.0074954 seconds
[GC pause (G1 Evacuation Pause) (young)-- 62M->62M(64M), 0.0074073 secs]
Application time: 0.0000565 seconds
[GC pause (G1 Evacuation Pause) (young) 62M->62M(64M), 0.0010823 secs]
Application time: 0.0000366 seconds
[Full GC (Allocation Failure)  62M->26M(64M), 0.0952465 secs]
[GC concurrent-mark-abort]
Application time: 0.0802860 seconds
[GC pause (G1 Evacuation Pause) (young) 52M->32M(64M), 0.0078263 secs]
Application time: 0.0416038 seconds
[GC pause (G1 Evacuation Pause) (young) (initial-mark) 51M->33M(64M), 0.0072485 secs]
[GC concurrent-root-region-scan-start]
[GC concurrent-root-region-scan-end, 0.0004405 secs]
[GC concurrent-mark-start]
Application time: 0.0640375 seconds
[GC pause (G1 Evacuation Pause) (young) 51M->33M(64M), 0.0061455 secs]
[GC concurrent-mark-end, 0.0912813 secs]
Application time: 0.0174118 seconds
[GC remark, 0.0076112 secs]
Application time: 0.0000421 seconds
[GC cleanup 38M->37M(64M), 0.0002545 secs]
[GC concurrent-cleanup-start]
[GC concurrent-cleanup-end, 0.0000088 secs]
Application time: 0.0260343 seconds
[GC pause (G1 Evacuation Pause) (young) 51M->32M(64M), 0.0013572 secs]
Application time: 0.0073912 seconds
[GC pause (G1 Evacuation Pause) (mixed) 34M->29M(64M), 0.0021240 secs]
Application time: 0.0363107 seconds
[GC pause (G1 Evacuation Pause) (young) 52M->29M(64M), 0.0023565 secs]
Application time: 0.0328181 seconds
[GC pause (G1 Evacuation Pause) (young) (initial-mark) 53M->29M(64M), 0.0015988 secs]
[GC concurrent-root-region-scan-start]
[GC concurrent-root-region-scan-end, 0.0004767 secs]
[GC concurrent-mark-start]
Application time: 0.0600151 seconds
[GC pause (G1 Evacuation Pause) (young) 53M->33M(64M), 0.0043527 secs]
[GC concurrent-mark-end, 0.0855708 secs]
Application time: 0.0176088 seconds
[GC remark, 0.0091544 secs]
Application time: 0.0000542 seconds
[GC cleanup 36M->36M(64M), 0.0002374 secs]
Application time: 0.0383421 seconds
[GC pause (G1 Evacuation Pause) (young) 52M->35M(64M), 0.0071761 secs]
Application time: 0.0053149 seconds
[GC pause (G1 Evacuation Pause) (mixed) 36M->36M(64M), 0.0066525 secs]
Application time: 0.0336494 seconds
[GC pause (G1 Evacuation Pause) (young) 52M->43M(64M), 0.0118289 secs]
Application time: 0.0287752 seconds
[GC pause (G1 Evacuation Pause) (young) (initial-mark) 53M->44M(64M), 0.0097529 secs]
[GC concurrent-root-region-scan-start]
[GC concurrent-root-region-scan-end, 0.0016736 secs]
[GC concurrent-mark-start]
Application time: 0.0368450 seconds
[GC pause (G1 Evacuation Pause) (young) 52M->47M(64M), 0.0099677 secs]
[GC concurrent-mark-end, 0.0685130 secs]
Application time: 0.0232737 seconds
[GC remark, 0.0080804 secs]
Application time: 0.0000441 seconds
[GC cleanup 49M->42M(64M), 0.0002792 secs]
[GC concurrent-cleanup-start]
[GC concurrent-cleanup-end, 0.0000163 secs]
Application time: 0.0152428 seconds
[GC pause (G1 Evacuation Pause) (young) 46M->41M(64M), 0.0058519 secs]
Application time: 0.0054203 seconds
[GC pause (G1 Evacuation Pause) (mixed) 43M->36M(64M), 0.0042348 secs]
Application time: 0.0052337 seconds
[GC pause (G1 Evacuation Pause) (mixed) 38M->34M(64M), 0.0052524 secs]
Application time: 0.0432881 seconds
[GC pause (G1 Evacuation Pause) (young) 51M->36M(64M), 0.0057489 secs]
Application time: 0.0315627 seconds
[GC pause (G1 Evacuation Pause) (young) (initial-mark) 51M->37M(64M), 0.0040618 secs]
[GC concurrent-root-region-scan-start]
[GC concurrent-root-region-scan-end, 0.0004289 secs]
[GC concurrent-mark-start]
Application time: 0.0586954 seconds
[GC pause (G1 Evacuation Pause) (young) 52M->37M(64M), 0.0036197 secs]
[GC concurrent-mark-end, 0.0880948 secs]
Application time: 0.0255939 seconds
[GC remark, 0.0083166 secs]
Application time: 0.0000418 seconds
[GC cleanup 41M->37M(64M), 0.0002793 secs]
[GC concurrent-cleanup-start]
[GC concurrent-cleanup-end, 0.0000119 secs]
Application time: 0.0187970 seconds
[GC pause (G1 Evacuation Pause) (young) 48M->32M(64M), 0.0013650 secs]
Application time: 0.0051844 seconds
[GC pause (G1 Evacuation Pause) (mixed) 34M->29M(64M), 0.0056292 secs]
Application time: 0.0372928 seconds
[GC pause (G1 Evacuation Pause) (young) 52M->29M(64M), 0.0048045 secs]
Application time: 0.0362600 seconds
[GC pause (G1 Evacuation Pause) (young) (initial-mark) 53M->29M(64M), 0.0017071 secs]
[GC concurrent-root-region-scan-start]
[GC concurrent-root-region-scan-end, 0.0004782 secs]
[GC concurrent-mark-start]
[GC concurrent-mark-end, 0.0458252 secs]
Application time: 0.0458033 seconds
[GC remark, 0.0081961 secs]
Application time: 0.0000461 seconds
[GC cleanup 40M->40M(64M), 0.0002810 secs]
Application time: 0.0407486 seconds
[GC pause (G1 Evacuation Pause) (young) 53M->35M(64M), 0.0113406 secs]
Application time: 0.0035522 seconds
[GC pause (G1 Evacuation Pause) (mixed) 36M->35M(64M), 0.0126009 secs]
Application time: 0.0444158 seconds
[GC pause (G1 Evacuation Pause) (young) 52M->37M(64M), 0.0096293 secs]
Application time: 0.0348206 seconds
[GC pause (G1 Evacuation Pause) (young) (initial-mark) 53M->43M(64M), 0.0078846 secs]
[GC concurrent-root-region-scan-start]
[GC concurrent-root-region-scan-end, 0.0023058 secs]
[GC concurrent-mark-start]
Application time: 0.0408073 seconds
[GC pause (G1 Evacuation Pause) (young) 51M->47M(64M), 0.0118941 secs]
[GC concurrent-mark-end, 0.0716065 secs]
Application time: 0.0210835 seconds
[GC remark, 0.0109942 secs]
Application time: 0.0000582 seconds
[GC cleanup 50M->41M(64M), 0.0003177 secs]
[GC concurrent-cleanup-start]
[GC concurrent-cleanup-end, 0.0000210 secs]
Application time: 0.0111112 seconds
[GC pause (G1 Evacuation Pause) (young) 44M->39M(64M), 0.0089754 secs]
Application time: 0.0066623 seconds
[GC pause (G1 Evacuation Pause) (mixed) 41M->33M(64M), 0.0096160 secs]
Application time: 0.0073516 seconds
[GC pause (G1 Evacuation Pause) (mixed) 35M->33M(64M), 0.0029758 secs]
Application time: 0.0449627 seconds
[GC pause (G1 Evacuation Pause) (young) 50M->34M(64M), 0.0041159 secs]
Application time: 0.0532835 seconds
[GC pause (G1 Evacuation Pause) (young) (initial-mark) 51M->35M(64M), 0.0103053 secs]
[GC concurrent-root-region-scan-start]
[GC concurrent-root-region-scan-end, 0.0024132 secs]
[GC concurrent-mark-start]
[GC concurrent-mark-end, 0.0440385 secs]
Application time: 0.0465251 seconds
[GC remark, 0.0091619 secs]
Application time: 0.0000478 seconds
[GC cleanup 41M->38M(64M), 0.0002938 secs]
[GC concurrent-cleanup-start]
[GC concurrent-cleanup-end, 0.0000130 secs]
Application time: 0.0338978 seconds
[GC pause (G1 Evacuation Pause) (young) 48M->33M(64M), 0.0062541 secs]
Application time: 0.0027712 seconds
[GC pause (G1 Evacuation Pause) (mixed) 34M->32M(64M), 0.0069029 secs]
Application time: 0.0431783 seconds
[GC pause (G1 Evacuation Pause) (young) 52M->31M(64M), 0.0041025 secs]
Application time: 0.0353529 seconds
[GC pause (G1 Evacuation Pause) (young) (initial-mark) 51M->31M(64M), 0.0014841 secs]
[GC concurrent-root-region-scan-start]
[GC concurrent-root-region-scan-end, 0.0004236 secs]
[GC concurrent-mark-start]
Application time: 0.0702308 seconds
[GC pause (G1 Evacuation Pause) (young) 52M->31M(64M), 0.0014150 secs]
[GC concurrent-mark-end, 0.1080300 secs]
Application time: 0.0367146 seconds
[GC remark, 0.0078854 secs]
Application time: 0.0000450 seconds
[GC cleanup 45M->45M(64M), 0.0002535 secs]
Application time: 0.0148411 seconds
[GC pause (G1 Evacuation Pause) (young) 53M->35M(64M), 0.0053101 secs]
Application time: 0.0020659 seconds
[GC pause (G1 Evacuation Pause) (mixed) 36M->36M(64M), 0.0064049 secs]
Application time: 0.0328387 seconds
[GC pause (G1 Evacuation Pause) (young) 53M->38M(64M), 0.0074053 secs]
Application time: 0.0327670 seconds
[GC pause (G1 Evacuation Pause) (young) (initial-mark) 53M->42M(64M), 0.0088655 secs]
[GC concurrent-root-region-scan-start]
[GC concurrent-root-region-scan-end, 0.0022117 secs]
[GC concurrent-mark-start]
Application time: 0.0470003 seconds
[GC pause (G1 Evacuation Pause) (young) 51M->44M(64M), 0.0106298 secs]
[GC concurrent-mark-end, 0.0700035 secs]
Application time: 0.0144642 seconds
[GC remark, 0.0094575 secs]
Application time: 0.0000406 seconds
[GC cleanup 45M->37M(64M), 0.0002748 secs]
[GC concurrent-cleanup-start]
[GC concurrent-cleanup-end, 0.0000171 secs]
Application time: 0.0257906 seconds
[GC pause (G1 Evacuation Pause) (young) 43M->39M(64M), 0.0073224 secs]
Application time: 0.0032998 seconds
[GC pause (G1 Evacuation Pause) (mixed) 40M->35M(64M), 0.0086180 secs]
Application time: 0.0076110 seconds
[GC pause (G1 Evacuation Pause) (mixed) 37M->33M(64M), 0.0126807 secs]
Application time: 0.0471690 seconds
[GC pause (G1 Evacuation Pause) (young) 50M->36M(64M), 0.0120642 secs]
Application time: 0.0394343 seconds
[GC pause (G1 Evacuation Pause) (young) (initial-mark) 52M->38M(64M), 0.0059939 secs]
[GC concurrent-root-region-scan-start]
[GC concurrent-root-region-scan-end, 0.0017707 secs]
[GC concurrent-mark-start]
[GC concurrent-mark-end, 0.0471606 secs]
Application time: 0.0490431 seconds
[GC remark, 0.0086429 secs]
Application time: 0.0000615 seconds
[GC cleanup 44M->42M(64M), 0.0002377 secs]
[GC concurrent-cleanup-start]
[GC concurrent-cleanup-end, 0.0000107 secs]
Application time: 0.0233641 seconds
[GC pause (G1 Evacuation Pause) (young) 49M->37M(64M), 0.0060898 secs]
Application time: 0.0045515 seconds
[GC pause (G1 Evacuation Pause) (mixed) 39M->33M(64M), 0.0059691 secs]
Application time: 0.0046934 seconds
[GC pause (G1 Evacuation Pause) (mixed) 35M->31M(64M), 0.0073350 secs]
Application time: 0.0398071 seconds
[GC pause (G1 Evacuation Pause) (young) 50M->31M(64M), 0.0042895 secs]
Application time: 0.0346431 seconds
[GC pause (G1 Evacuation Pause) (young) (initial-mark) 51M->31M(64M), 0.0015879 secs]
[GC concurrent-root-region-scan-start]
[GC concurrent-root-region-scan-end, 0.0003794 secs]
[GC concurrent-mark-start]
Application time: 0.0736541 seconds
[GC pause (G1 Evacuation Pause) (young) 51M->31M(64M), 0.0014288 secs]
[GC concurrent-mark-end, 0.0857219 secs]
Application time: 0.0109255 seconds
[GC remark, 0.0076950 secs]
Application time: 0.0000519 seconds
[GC cleanup 33M->33M(64M), 0.0002390 secs]
Application time: 0.0375940 seconds
[GC pause (G1 Evacuation Pause) (young) 52M->33M(64M), 0.0026964 secs]
Application time: 0.0018100 seconds
[GC pause (G1 Evacuation Pause) (mixed) 34M->32M(64M), 0.0065659 secs]
Application time: 0.0348553 seconds
[GC pause (G1 Evacuation Pause) (young) 52M->36M(64M), 0.0092674 secs]
Application time: 0.0330629 seconds
[GC pause (G1 Evacuation Pause) (young) (initial-mark) 52M->37M(64M), 0.0070187 secs]
[GC concurrent-root-region-scan-start]
[GC concurrent-root-region-scan-end, 0.0005419 secs]
[GC concurrent-mark-start]
[GC concurrent-mark-end, 0.0525545 secs]
Application time: 0.0532026 seconds
[GC remark, 0.0085724 secs]
Application time: 0.0000542 seconds
[GC cleanup 47M->43M(64M), 0.0002789 secs]
[GC concurrent-cleanup-start]
[GC concurrent-cleanup-end, 0.0000128 secs]
Application time: 0.0134191 seconds
[GC pause (G1 Evacuation Pause) (young) 48M->39M(64M), 0.0103594 secs]
Application time: 0.0021323 seconds
[GC pause (G1 Evacuation Pause) (mixed) 40M->37M(64M), 0.0110851 secs]
Application time: 0.0048827 seconds
[GC pause (G1 Evacuation Pause) (mixed) 39M->38M(64M), 0.0101239 secs]
Application time: 0.0379294 seconds
[GC pause (G1 Evacuation Pause) (young) 51M->41M(64M), 0.0067188 secs]
Application time: 0.0260162 seconds
[GC pause (G1 Evacuation Pause) (young) (initial-mark) 52M->42M(64M), 0.0054969 secs]
[GC concurrent-root-region-scan-start]
[GC concurrent-root-region-scan-end, 0.0009823 secs]
[GC concurrent-mark-start]
[GC concurrent-mark-end, 0.0472421 secs]
Application time: 0.0472820 seconds
[GC remark, 0.0077099 secs]
Application time: 0.0000513 seconds
[GC cleanup 50M->47M(64M), 0.0002672 secs]
[GC concurrent-cleanup-start]
[GC concurrent-cleanup-end, 0.0000142 secs]
Application time: 0.0106422 seconds
[GC pause (G1 Evacuation Pause) (young) 49M->41M(64M), 0.0060347 secs]
Application time: 0.0035881 seconds
[GC pause (G1 Evacuation Pause) (mixed) 42M->37M(64M), 0.0057744 secs]
Application time: 0.0065301 seconds
[GC pause (G1 Evacuation Pause) (mixed) 39M->33M(64M), 0.0078316 secs]
Application time: 0.0330011 seconds
[GC pause (G1 Evacuation Pause) (young) 49M->35M(64M), 0.0063681 secs]
Application time: 0.0316686 seconds
[GC pause (G1 Evacuation Pause) (young) (initial-mark) 50M->37M(64M), 0.0040887 secs]
[GC concurrent-root-region-scan-start]
[GC concurrent-root-region-scan-end, 0.0002807 secs]
[GC concurrent-mark-start]
Application time: 0.0526347 seconds
[GC pause (G1 Evacuation Pause) (young) 52M->36M(64M), 0.0034772 secs]
[GC concurrent-mark-end, 0.0743267 secs]
Application time: 0.0180133 seconds
[GC remark, 0.0071523 secs]
Application time: 0.0000457 seconds
[GC cleanup 40M->38M(64M), 0.0002350 secs]
[GC concurrent-cleanup-start]
[GC concurrent-cleanup-end, 0.0000117 secs]
Application time: 0.0206923 seconds
[GC pause (G1 Evacuation Pause) (young) 50M->34M(64M), 0.0011181 secs]
Application time: 0.0035530 seconds
[GC pause (G1 Evacuation Pause) (mixed) 36M->30M(64M), 0.0051942 secs]
Application time: 0.0033190 seconds
[GC pause (G1 Evacuation Pause) (mixed) 32M->31M(64M), 0.0069872 secs]
Application time: 0.0352701 seconds
[GC pause (G1 Evacuation Pause) (young) 51M->31M(64M), 0.0045327 secs]
Application time: 0.0316627 seconds
[GC pause (G1 Evacuation Pause) (young) (initial-mark) 52M->36M(64M), 0.0047901 secs]
[GC concurrent-root-region-scan-start]
[GC concurrent-root-region-scan-end, 0.0017636 secs]
[GC concurrent-mark-start]
[GC concurrent-mark-end, 0.0390885 secs]
Application time: 0.0409356 seconds
[GC remark, 0.0079052 secs]
Application time: 0.0000389 seconds
[GC cleanup 44M->42M(64M), 0.0002615 secs]
[GC concurrent-cleanup-start]
[GC concurrent-cleanup-end, 0.0000119 secs]
Application time: 0.0195872 seconds
[GC pause (G1 Evacuation Pause) (young) 51M->36M(64M), 0.0074725 secs]
Application time: 0.0023140 seconds
[GC pause (G1 Evacuation Pause) (mixed) 37M->32M(64M), 0.0081703 secs]
Application time: 0.0049804 seconds
[GC pause (G1 Evacuation Pause) (mixed) 34M->31M(64M), 0.0090525 secs]
Application time: 0.0379973 seconds
[GC pause (G1 Evacuation Pause) (young) 51M->32M(64M), 0.0053674 secs]
Application time: 0.0464606 seconds
[GC pause (G1 Evacuation Pause) (young) (initial-mark) 51M->40M(64M), 0.0099317 secs]
[GC concurrent-root-region-scan-start]
[GC concurrent-root-region-scan-end, 0.0029146 secs]
[GC concurrent-mark-start]
Application time: 0.0639720 seconds
[GC pause (G1 Evacuation Pause) (young) 52M->42M(64M), 0.0101323 secs]
[GC concurrent-mark-end, 0.1109167 secs]
Application time: 0.0353425 seconds
[GC remark, 0.0084512 secs]
Application time: 0.0000483 seconds
[GC cleanup 52M->47M(64M), 0.0002430 secs]
[GC concurrent-cleanup-start]
[GC concurrent-cleanup-end, 0.0000222 secs]
Application time: 0.0046585 seconds
[GC pause (G1 Evacuation Pause) (young) 47M->39M(64M), 0.0061389 secs]
Application time: 0.0054069 seconds
[GC pause (G1 Evacuation Pause) (mixed) 40M->34M(64M), 0.0071469 secs]
Application time: 0.0056578 seconds
[GC pause (G1 Evacuation Pause) (mixed) 36M->35M(64M), 0.0073014 secs]
Application time: 0.0397056 seconds
[GC pause (G1 Evacuation Pause) (young) 51M->37M(64M), 0.0061076 secs]
Application time: 0.0310140 seconds
[GC pause (G1 Evacuation Pause) (young) (initial-mark) 52M->38M(64M), 0.0034989 secs]
[GC concurrent-root-region-scan-start]
[GC concurrent-root-region-scan-end, 0.0003456 secs]
[GC concurrent-mark-start]
Application time: 0.0538023 seconds
[GC pause (G1 Evacuation Pause) (young) 53M->37M(64M), 0.0027742 secs]
[GC concurrent-mark-end, 0.0930289 secs]
Application time: 0.0367314 seconds
[GC remark, 0.0082015 secs]
Application time: 0.0000408 seconds
[GC cleanup 51M->48M(64M), 0.0002707 secs]
[GC concurrent-cleanup-start]
[GC concurrent-cleanup-end, 0.0000135 secs]
Application time: 0.0027224 seconds
[GC pause (G1 Evacuation Pause) (young) 49M->34M(64M), 0.0010313 secs]
Application time: 0.0034192 seconds
[GC pause (G1 Evacuation Pause) (mixed) 36M->30M(64M), 0.0052543 secs]
Application time: 0.0035748 seconds
[GC pause (G1 Evacuation Pause) (mixed) 32M->30M(64M), 0.0081980 secs]
Application time: 0.0351298 seconds
[GC pause (G1 Evacuation Pause) (young) 52M->30M(64M), 0.0013807 secs]
Application time: 0.0383117 seconds
[GC pause (G1 Evacuation Pause) (young) (initial-mark) 53M->35M(64M), 0.0072670 secs]
[GC concurrent-root-region-scan-start]
[GC concurrent-root-region-scan-end, 0.0021902 secs]
[GC concurrent-mark-start]
Application time: 0.0656142 seconds
[GC pause (G1 Evacuation Pause) (young) 51M->38M(64M), 0.0085561 secs]
[GC concurrent-mark-end, 0.0919683 secs]
Application time: 0.0198368 seconds
[GC remark, 0.0080998 secs]
Application time: 0.0000393 seconds
[GC cleanup 44M->41M(64M), 0.0002310 secs]
[GC concurrent-cleanup-start]
[GC concurrent-cleanup-end, 0.0000139 secs]
Application time: 0.0162269 seconds
[GC pause (G1 Evacuation Pause) (young) 50M->37M(64M), 0.0076362 secs]
Application time: 0.0019061 seconds
[GC pause (G1 Evacuation Pause) (mixed) 38M->35M(64M), 0.0053539 secs]
Application time: 0.0327015 seconds
[GC pause (G1 Evacuation Pause) (young) 52M->37M(64M), 0.0068469 secs]
Application time: 0.0292819 seconds
[GC pause (G1 Evacuation Pause) (young) (initial-mark) 52M->42M(64M), 0.0087792 secs]
[GC concurrent-root-region-scan-start]
[GC concurrent-root-region-scan-end, 0.0022520 secs]
[GC concurrent-mark-start]
Application time: 0.0401297 seconds
[GC pause (G1 Evacuation Pause) (young) 52M->44M(64M), 0.0103783 secs]
Application time: 0.0355457 seconds
[GC pause (G1 Evacuation Pause) (young) 52M->45M(64M), 0.0055194 secs]
[GC concurrent-mark-end, 0.0978085 secs]
Application time: 0.0082316 seconds
[GC remark, 0.0082877 secs]
Application time: 0.0000487 seconds
[GC cleanup 47M->37M(64M), 0.0002312 secs]
[GC concurrent-cleanup-start]
[GC concurrent-cleanup-end, 0.0000249 secs]
Application time: 0.0146980 seconds
[GC pause (G1 Evacuation Pause) (young) 43M->35M(64M), 0.0030084 secs]
Application time: 0.0040225 seconds
[GC pause (G1 Evacuation Pause) (mixed) 37M->31M(64M), 0.0041709 secs]
Application time: 0.0424114 seconds
[GC pause (G1 Evacuation Pause) (young) 52M->34M(64M), 0.0058038 secs]
Application time: 0.0309111 seconds
[GC pause (G1 Evacuation Pause) (young) (initial-mark) 51M->37M(64M), 0.0061539 secs]
[GC concurrent-root-region-scan-start]
[GC concurrent-root-region-scan-end, 0.0016971 secs]
[GC concurrent-mark-start]
Application time: 0.0453159 seconds
[GC pause (G1 Evacuation Pause) (young) 52M->37M(64M), 0.0052464 secs]
[GC concurrent-mark-end, 0.0853051 secs]
Application time: 0.0363287 seconds
[GC remark, 0.0079914 secs]
Application time: 0.0000467 seconds
[GC cleanup 50M->47M(64M), 0.0002531 secs]
[GC concurrent-cleanup-start]
[GC concurrent-cleanup-end, 0.0000142 secs]
Application time: 0.0059282 seconds
[GC pause (G1 Evacuation Pause) (young) 49M->37M(64M), 0.0057583 secs]
Application time: 0.0025966 seconds
[GC pause (G1 Evacuation Pause) (mixed) 38M->34M(64M), 0.0082332 secs]
Application time: 0.0042553 seconds
[GC pause (G1 Evacuation Pause) (mixed) 36M->34M(64M), 0.0068440 secs]
Application time: 0.0419318 seconds
[GC pause (G1 Evacuation Pause) (young) 51M->37M(64M), 0.0053863 secs]
Application time: 0.0316795 seconds
[GC pause (G1 Evacuation Pause) (young) (initial-mark) 51M->39M(64M), 0.0065289 secs]
[GC concurrent-root-region-scan-start]
[GC concurrent-root-region-scan-end, 0.0012399 secs]
[GC concurrent-mark-start]
Application time: 0.0672386 seconds
[GC pause (G1 Evacuation Pause) (young) 52M->40M(64M), 0.0074565 secs]
[GC concurrent-mark-end, 0.0947844 secs]
Application time: 0.0211733 seconds
[GC remark, 0.0078520 secs]
Application time: 0.0000452 seconds
[GC cleanup 45M->41M(64M), 0.0002487 secs]
[GC concurrent-cleanup-start]
[GC concurrent-cleanup-end, 0.0000140 secs]
Application time: 0.0143211 seconds
[GC pause (G1 Evacuation Pause) (young) 48M->38M(64M), 0.0040848 secs]
Application time: 0.0073570 seconds
[GC pause (G1 Evacuation Pause) (mixed) 40M->34M(64M), 0.0045656 secs]
Application time: 0.0323351 seconds
[GC pause (G1 Evacuation Pause) (young) 52M->33M(64M), 0.0033379 secs]
Application time: 0.0299911 seconds
[GC pause (G1 Evacuation Pause) (young) (initial-mark) 52M->33M(64M), 0.0014261 secs]
[GC concurrent-root-region-scan-start]
[GC concurrent-root-region-scan-end, 0.0004264 secs]
[GC concurrent-mark-start]
Application time: 0.0607852 seconds
[GC pause (G1 Evacuation Pause) (young) 52M->38M(64M), 0.0062399 secs]
[GC concurrent-mark-end, 0.0918863 secs]
Application time: 0.0251428 seconds
[GC remark, 0.0083880 secs]
Application time: 0.0000451 seconds
[GC cleanup 45M->45M(64M), 0.0002433 secs]
Application time: 0.0177151 seconds
[GC pause (G1 Evacuation Pause) (young) 51M->40M(64M), 0.0077738 secs]
Application time: 0.0025208 seconds
[GC pause (G1 Evacuation Pause) (mixed) 41M->37M(64M), 0.0092954 secs]
Application time: 0.0048057 seconds
[GC pause (G1 Evacuation Pause) (mixed) 39M->37M(64M), 0.0085156 secs]
Application time: 0.0262275 seconds
[GC pause (G1 Evacuation Pause) (young) 51M->37M(64M), 0.0036551 secs]
Application time: 0.0278837 seconds
[GC pause (G1 Evacuation Pause) (young) (initial-mark) 52M->39M(64M), 0.0094002 secs]
[GC concurrent-root-region-scan-start]
[GC concurrent-root-region-scan-end, 0.0016348 secs]
[GC concurrent-mark-start]
Application time: 0.0511831 seconds
[GC pause (G1 Evacuation Pause) (young) 52M->42M(64M), 0.0069873 secs]
[GC concurrent-mark-end, 0.0916630 secs]
Application time: 0.0350236 seconds
[GC remark, 0.0082863 secs]
Application time: 0.0000533 seconds
[GC cleanup 52M->46M(64M), 0.0002472 secs]
[GC concurrent-cleanup-start]
[GC concurrent-cleanup-end, 0.0000226 secs]
Application time: 0.0014154 seconds
[GC pause (G1 Evacuation Pause) (young) 46M->37M(64M), 0.0050439 secs]
Application time: 0.0070778 seconds
[GC pause (G1 Evacuation Pause) (mixed) 39M->33M(64M), 0.0072943 secs]
Application time: 0.0079154 seconds
[GC pause (G1 Evacuation Pause) (mixed) 35M->33M(64M), 0.0067450 secs]
Application time: 0.0400453 seconds
[GC pause (G1 Evacuation Pause) (young) 52M->38M(64M), 0.0074419 secs]
Application time: 0.0314632 seconds
[GC pause (G1 Evacuation Pause) (young) (initial-mark) 52M->40M(64M), 0.0083317 secs]
[GC concurrent-root-region-scan-start]
[GC concurrent-root-region-scan-end, 0.0028175 secs]
[GC concurrent-mark-start]
Application time: 0.0549153 seconds
[GC pause (G1 Evacuation Pause) (young) 52M->42M(64M), 0.0062531 secs]
[GC concurrent-mark-end, 0.0796709 secs]
Application time: 0.0171907 seconds
[GC remark, 0.0083419 secs]
Application time: 0.0000462 seconds
[GC cleanup 44M->41M(64M), 0.0002638 secs]
[GC concurrent-cleanup-start]
[GC concurrent-cleanup-end, 0.0000196 secs]
Application time: 0.0183056 seconds
[GC pause (G1 Evacuation Pause) (young) 49M->41M(64M), 0.0064181 secs]
Application time: 0.0020930 seconds
[GC pause (G1 Evacuation Pause) (mixed) 42M->36M(64M), 0.0054798 secs]
Application time: 0.0050144 seconds
[GC pause (G1 Evacuation Pause) (mixed) 38M->34M(64M), 0.0103546 secs]
Application time: 0.0315339 seconds
[GC pause (G1 Evacuation Pause) (young) 51M->35M(64M), 0.0089748 secs]
Application time: 0.0292094 seconds
[GC pause (G1 Evacuation Pause) (young) (initial-mark) 51M->36M(64M), 0.0037962 secs]
[GC concurrent-root-region-scan-start]
[GC concurrent-root-region-scan-end, 0.0004339 secs]
[GC concurrent-mark-start]
Application time: 0.0558498 seconds
[GC pause (G1 Evacuation Pause) (young) 52M->36M(64M), 0.0030819 secs]
[GC concurrent-mark-end, 0.0932854 secs]
Application time: 0.0346734 seconds
[GC remark, 0.0075143 secs]
Application time: 0.0000370 seconds
[GC cleanup 46M->43M(64M), 0.0002453 secs]
[GC concurrent-cleanup-start]
[GC concurrent-cleanup-end, 0.0000133 secs]
Application time: 0.0115170 seconds
[GC pause (G1 Evacuation Pause) (young) 49M->38M(64M), 0.0053028 secs]
Application time: 0.0021849 seconds
[GC pause (G1 Evacuation Pause) (mixed) 39M->36M(64M), 0.0099254 secs]
Application time: 0.0041935 seconds
[GC pause (G1 Evacuation Pause) (mixed) 38M->35M(64M), 0.0098715 secs]
Application time: 0.0356023 seconds
[GC pause (G1 Evacuation Pause) (young) 51M->37M(64M), 0.0039463 secs]
Application time: 0.0281440 seconds
[GC pause (G1 Evacuation Pause) (young) (initial-mark) 52M->38M(64M), 0.0048493 secs]
[GC concurrent-root-region-scan-start]
[GC concurrent-root-region-scan-end, 0.0029934 secs]
[GC concurrent-mark-start]
Application time: 0.0458378 seconds
[GC pause (G1 Evacuation Pause) (young) 52M->38M(64M), 0.0048284 secs]
[GC concurrent-mark-end, 0.0946412 secs]
Application time: 0.0429197 seconds
[GC remark, 0.0077145 secs]
Application time: 0.0000459 seconds
[GC cleanup 52M->48M(64M), 0.0002727 secs]
[GC concurrent-cleanup-start]
[GC concurrent-cleanup-end, 0.0000128 secs]
Application time: 0.0015620 seconds
[GC pause (G1 Evacuation Pause) (young) 49M->40M(64M), 0.0080537 secs]
Application time: 0.0016796 seconds
[GC pause (G1 Evacuation Pause) (mixed) 41M->37M(64M), 0.0104786 secs]
Application time: 0.0047789 seconds
[GC pause (G1 Evacuation Pause) (mixed) 39M->37M(64M), 0.0102971 secs]
Application time: 0.0390680 seconds
[GC pause (G1 Evacuation Pause) (young) 51M->42M(64M), 0.0097054 secs]
Application time: 0.0252752 seconds
[GC pause (G1 Evacuation Pause) (young) (initial-mark) 51M->44M(64M), 0.0097677 secs]
[GC concurrent-root-region-scan-start]
[GC concurrent-root-region-scan-end, 0.0011852 secs]
[GC concurrent-mark-start]
Application time: 0.0367970 seconds
[GC pause (G1 Evacuation Pause) (young) 52M->45M(64M), 0.0115871 secs]
Application time: 0.0339597 seconds
[GC pause (G1 Evacuation Pause) (young) 53M->47M(64M), 0.0041908 secs]
Application time: 0.0262495 seconds
[GC pause (G1 Evacuation Pause) (young) 54M->50M(64M), 0.0059673 secs]
[GC concurrent-mark-end, 0.1196781 secs]
Application time: 0.0016153 seconds
[GC remark, 0.0072372 secs]
Application time: 0.0000522 seconds
[GC cleanup 50M->46M(64M), 0.0002662 secs]
[GC concurrent-cleanup-start]
[GC concurrent-cleanup-end, 0.0000127 secs]
Application time: 0.0083191 seconds
[GC pause (G1 Evacuation Pause) (young) 50M->47M(64M), 0.0050928 secs]
Application time: 0.0084915 seconds
[GC pause (G1 Evacuation Pause) (mixed) 49M->41M(64M), 0.0036953 secs]
Application time: 0.0044844 seconds
[GC pause (G1 Evacuation Pause) (mixed) 43M->37M(64M), 0.0073272 secs]
Application time: 0.0044267 seconds
[GC pause (G1 Evacuation Pause) (mixed) 39M->36M(64M), 0.0107329 secs]
Application time: 0.0317704 seconds
[GC pause (G1 Evacuation Pause) (young) 51M->36M(64M), 0.0064298 secs]
Application time: 0.0384778 seconds
[GC pause (G1 Evacuation Pause) (young) (initial-mark) 52M->36M(64M), 0.0016010 secs]
[GC concurrent-root-region-scan-start]
[GC concurrent-root-region-scan-end, 0.0003963 secs]
[GC concurrent-mark-start]
Application time: 0.0487666 seconds
[GC pause (G1 Evacuation Pause) (young) 52M->36M(64M), 0.0014388 secs]
[GC concurrent-mark-end, 0.0808844 secs]
Application time: 0.0269528 seconds
[GC remark, 0.0078354 secs]
Application time: 0.0000574 seconds
[GC cleanup 41M->39M(64M), 0.0002801 secs]
[GC concurrent-cleanup-start]
[GC concurrent-cleanup-end, 0.0000111 secs]
Application time: 0.0257112 seconds
[GC pause (G1 Evacuation Pause) (young) 51M->34M(64M), 0.0014721 secs]
Application time: 0.0034262 seconds
[GC pause (G1 Evacuation Pause) (mixed) 36M->30M(64M), 0.0051913 secs]
Application time: 0.0034656 seconds
[GC pause (G1 Evacuation Pause) (mixed) 32M->29M(64M), 0.0072664 secs]
Application time: 0.0362332 seconds
[GC pause (G1 Evacuation Pause) (young) 52M->35M(64M), 0.0098502 secs]
Application time: 0.0325533 seconds
[GC pause (G1 Evacuation Pause) (young) (initial-mark) 52M->37M(64M), 0.0084571 secs]
[GC concurrent-root-region-scan-start]
[GC concurrent-root-region-scan-end, 0.0024271 secs]
[GC concurrent-mark-start]
Application time: 0.0512241 seconds
[GC pause (G1 Evacuation Pause) (young) 53M->38M(64M), 0.0062193 secs]
[GC concurrent-mark-end, 0.0971589 secs]
Application time: 0.0402193 seconds
[GC remark, 0.0078704 secs]
Application time: 0.0000459 seconds
[GC cleanup 50M->49M(64M), 0.0002626 secs]
[GC concurrent-cleanup-start]
[GC concurrent-cleanup-end, 0.0000090 secs]
Application time: 0.0087799 seconds
[GC pause (G1 Evacuation Pause) (young) 52M->43M(64M), 0.0098858 secs]
Application time: 0.0034418 seconds
[GC pause (G1 Evacuation Pause) (mixed) 44M->40M(64M), 0.0142965 secs]
Application time: 0.0053898 seconds
[GC pause (G1 Evacuation Pause) (mixed) 42M->39M(64M), 0.0135996 secs]
Application time: 0.0397530 seconds
[GC pause (G1 Evacuation Pause) (young) 52M->42M(64M), 0.0083960 secs]
Application time: 0.0243117 seconds
[GC pause (G1 Evacuation Pause) (young) (initial-mark) 52M->44M(64M), 0.0059617 secs]
[GC concurrent-root-region-scan-start]
[GC concurrent-root-region-scan-end, 0.0015926 secs]
[GC concurrent-mark-start]
Application time: 0.0453553 seconds
[GC pause (G1 Evacuation Pause) (young) 53M->45M(64M), 0.0062723 secs]
Application time: 0.0280825 seconds
[GC pause (G1 Evacuation Pause) (young) 52M->47M(64M), 0.0040691 secs]
[GC concurrent-mark-end, 0.0980771 secs]
Application time: 0.0116018 seconds
[GC remark, 0.0078769 secs]
Application time: 0.0000449 seconds
[GC cleanup 50M->43M(64M), 0.0002887 secs]
[GC concurrent-cleanup-start]
[GC concurrent-cleanup-end, 0.0000218 secs]
Application time: 0.0087929 seconds
[GC pause (G1 Evacuation Pause) (young) 47M->39M(64M), 0.0027141 secs]
Application time: 0.0088432 seconds
[GC pause (G1 Evacuation Pause) (mixed) 41M->33M(64M), 0.0028683 secs]
Application time: 0.0086998 seconds
[GC pause (G1 Evacuation Pause) (mixed) 35M->32M(64M), 0.0035539 secs]
Application time: 0.0405579 seconds
[GC pause (G1 Evacuation Pause) (young) 51M->32M(64M), 0.0023767 secs]
Application time: 0.0357981 seconds
[GC pause (G1 Evacuation Pause) (young) (initial-mark) 52M->32M(64M), 0.0017008 secs]
[GC concurrent-root-region-scan-start]
[GC concurrent-root-region-scan-end, 0.0005215 secs]
[GC concurrent-mark-start]
Application time: 0.0610716 seconds
[GC pause (G1 Evacuation Pause) (young) 52M->32M(64M), 0.0016519 secs]
[GC concurrent-mark-end, 0.0954795 secs]
Application time: 0.0331387 seconds
[GC remark, 0.0083767 secs]
Application time: 0.0011464 seconds
[GC cleanup 45M->45M(64M), 0.0002736 secs]
Application time: 0.0119235 seconds
[GC pause (G1 Evacuation Pause) (young) 53M->32M(64M), 0.0014268 secs]
Application time: 0.0031013 seconds
[GC pause (G1 Evacuation Pause) (mixed) 34M->29M(64M), 0.0073860 secs]
Application time: 0.0343144 seconds
[GC pause (G1 Evacuation Pause) (young) 53M->29M(64M), 0.0062164 secs]
Application time: 0.0440864 seconds
[GC pause (G1 Evacuation Pause) (young) (initial-mark)-- 53M->57M(64M), 0.0634614 secs]
[GC concurrent-root-region-scan-start]
[GC concurrent-root-region-scan-end, 0.0058048 secs]
[GC concurrent-mark-start]
Application time: 0.0058380 seconds
[GC pause (G1 Evacuation Pause) (young) 58M->58M(64M), 0.0139013 secs]
Application time: 0.0132060 seconds
[GC pause (G1 Evacuation Pause) (young) 60M->58M(64M), 0.0101560 secs]
Application time: 0.0263429 seconds
[GC pause (G1 Evacuation Pause) (young) 60M->58M(64M), 0.0018863 secs]
[GC concurrent-mark-end, 0.0759207 secs]
Application time: 0.0099464 seconds
[GC remark, 0.0076948 secs]
Application time: 0.0000535 seconds
[GC cleanup 59M->50M(64M), 0.0002585 secs]
[GC concurrent-cleanup-start]
[GC concurrent-cleanup-end, 0.0000220 secs]
Application time: 0.0075322 seconds
[GC pause (G1 Evacuation Pause) (young) 51M->49M(64M), 0.0019006 secs]
Application time: 0.0097532 seconds
[GC pause (G1 Evacuation Pause) (mixed) 51M->43M(64M), 0.0025315 secs]
Application time: 0.0061916 seconds
[GC pause (G1 Evacuation Pause) (mixed) 45M->38M(64M), 0.0043043 secs]
Application time: 0.0057752 seconds
[GC pause (G1 Evacuation Pause) (mixed) 40M->36M(64M), 0.0092365 secs]
Application time: 0.0061274 seconds
[GC pause (G1 Evacuation Pause) (mixed) 38M->36M(64M), 0.0132534 secs]
Application time: 0.0412745 seconds
[GC pause (G1 Evacuation Pause) (young) 52M->43M(64M), 0.0144389 secs]
Application time: 0.0229141 seconds
[GC pause (G1 Evacuation Pause) (young) (initial-mark) 51M->45M(64M), 0.0109663 secs]
[GC concurrent-root-region-scan-start]
[GC concurrent-root-region-scan-end, 0.0062961 secs]
[GC concurrent-mark-start]
Application time: 0.0297810 seconds
[GC pause (G1 Evacuation Pause) (young) 51M->46M(64M), 0.0065440 secs]
Application time: 0.0260743 seconds
[GC pause (G1 Evacuation Pause) (young) 52M->46M(64M), 0.0031699 secs]
Application time: 0.0232827 seconds
[GC pause (G1 Evacuation Pause) (young) 52M->46M(64M), 0.0014849 secs]
[GC concurrent-mark-end, 0.1110411 secs]
Application time: 0.0185366 seconds
[GC remark, 0.0078410 secs]
Application time: 0.0010166 seconds
[GC cleanup 52M->48M(64M), 0.0002650 secs]
[GC concurrent-cleanup-start]
[GC concurrent-cleanup-end, 0.0000279 secs]
Application time: 0.0022257 seconds
[GC pause (G1 Evacuation Pause) (young) 49M->42M(64M), 0.0011413 secs]
Application time: 0.0045111 seconds
[GC pause (G1 Evacuation Pause) (mixed) 44M->36M(64M), 0.0032069 secs]
Application time: 0.0042524 seconds
[GC pause (G1 Evacuation Pause) (mixed) 38M->34M(64M), 0.0066161 secs]
Application time: 0.0042967 seconds
[GC pause (G1 Evacuation Pause) (mixed) 36M->31M(64M), 0.0099715 secs]
Application time: 0.0043467 seconds
[GC pause (G1 Evacuation Pause) (mixed) 33M->31M(64M), 0.0076984 secs]
Application time: 0.0359670 seconds
[GC pause (G1 Evacuation Pause) (young) 50M->31M(64M), 0.0031361 secs]
Application time: 0.0375415 seconds
[GC pause (G1 Evacuation Pause) (young) (initial-mark) 51M->31M(64M), 0.0017291 secs]
[GC concurrent-root-region-scan-start]
[GC concurrent-root-region-scan-end, 0.0004463 secs]
[GC concurrent-mark-start]
Application time: 0.0640473 seconds
[GC pause (G1 Evacuation Pause) (young) 52M->32M(64M), 0.0015143 secs]
[GC concurrent-mark-end, 0.0909703 secs]
Application time: 0.0257469 seconds
[GC remark, 0.0074433 secs]
Application time: 0.0000667 seconds
[GC cleanup 41M->41M(64M), 0.0002796 secs]
Application time: 0.0169184 seconds
[GC pause (G1 Evacuation Pause) (young) 53M->31M(64M), 0.0016344 secs]
Application time: 0.0031529 seconds
[GC pause (G1 Evacuation Pause) (mixed) 33M->29M(64M), 0.0068021 secs]
Application time: 0.0353271 seconds
[GC pause (G1 Evacuation Pause) (young) 53M->33M(64M), 0.0092483 secs]
Application time: 0.0393878 seconds
[GC pause (G1 Evacuation Pause) (young) (initial-mark)-- 51M->55M(64M), 0.0315658 secs]
[GC concurrent-root-region-scan-start]
Application time: 0.0058610 seconds
[GC concurrent-root-region-scan-end, 0.0096780 secs]
[GC concurrent-mark-start]
[GC pause (G1 Evacuation Pause) (young) 56M->56M(64M), 0.0142167 secs]
Application time: 0.0215361 seconds
[GC pause (G1 Evacuation Pause) (young) 58M->56M(64M), 0.0071541 secs]
Application time: 0.0167243 seconds
[GC pause (G1 Evacuation Pause) (young) 58M->56M(64M), 0.0016342 secs]
[GC concurrent-mark-end, 0.0784073 secs]
Application time: 0.0095901 seconds
[GC remark, 0.0077748 secs]
Application time: 0.0000450 seconds
[GC cleanup 57M->50M(64M), 0.0003175 secs]
[GC concurrent-cleanup-start]
[GC concurrent-cleanup-end, 0.0000158 secs]
Application time: 0.0057664 seconds
[GC pause (G1 Evacuation Pause) (young) 51M->49M(64M), 0.0013490 secs]
Application time: 0.0071806 seconds
[GC pause (G1 Evacuation Pause) (mixed) 51M->43M(64M), 0.0021586 secs]
Application time: 0.0047807 seconds
[GC pause (G1 Evacuation Pause) (mixed) 45M->39M(64M), 0.0041421 secs]
Application time: 0.0059602 seconds
[GC pause (G1 Evacuation Pause) (mixed) 41M->36M(64M), 0.0073193 secs]
Application time: 0.0054728 seconds
[GC pause (G1 Evacuation Pause) (mixed) 38M->37M(64M), 0.0083500 secs]
Application time: 0.0397298 seconds
[GC pause (G1 Evacuation Pause) (young) 51M->42M(64M), 0.0103930 secs]
Application time: 0.0265588 seconds
[GC pause (G1 Evacuation Pause) (young) (initial-mark) 51M->44M(64M), 0.0101005 secs]
[GC concurrent-root-region-scan-start]
[GC concurrent-root-region-scan-end, 0.0023645 secs]
[GC concurrent-mark-start]
Application time: 0.0278592 seconds
[GC pause (G1 Evacuation Pause) (young) 51M->45M(64M), 0.0066936 secs]
Application time: 0.0319024 seconds
[GC pause (G1 Evacuation Pause) (young) 52M->45M(64M), 0.0045045 secs]
Application time: 0.0286612 seconds
[GC pause (G1 Evacuation Pause) (young) 52M->45M(64M), 0.0013852 secs]
[GC concurrent-mark-end, 0.1293815 secs]
Application time: 0.0223689 seconds
[GC remark, 0.0071924 secs]
Application time: 0.0000534 seconds
[GC cleanup 51M->47M(64M), 0.0003255 secs]
[GC concurrent-cleanup-start]
[GC concurrent-cleanup-end, 0.0000130 secs]
Application time: 0.0041347 seconds
[GC pause (G1 Evacuation Pause) (young) 49M->41M(64M), 0.0013067 secs]
Application time: 0.0076564 seconds
[GC pause (G1 Evacuation Pause) (mixed) 43M->35M(64M), 0.0024717 secs]
Application time: 0.0039818 seconds
[GC pause (G1 Evacuation Pause) (mixed) 37M->33M(64M), 0.0037978 secs]
Application time: 0.0335429 seconds
[GC pause (G1 Evacuation Pause) (young) 51M->33M(64M), 0.0032579 secs]
Application time: 0.0323167 seconds
[GC pause (G1 Evacuation Pause) (young) (initial-mark) 51M->33M(64M), 0.0017510 secs]
[GC concurrent-root-region-scan-start]
[GC concurrent-root-region-scan-end, 0.0004874 secs]
[GC concurrent-mark-start]
Application time: 0.0545517 seconds
[GC pause (G1 Evacuation Pause) (young) 52M->33M(64M), 0.0015610 secs]
[GC concurrent-mark-end, 0.0933124 secs]
Application time: 0.0375747 seconds
[GC remark, 0.0074380 secs]
Application time: 0.0000501 seconds
[GC cleanup 46M->46M(64M), 0.0002354 secs]
Application time: 0.0093545 seconds
[GC pause (G1 Evacuation Pause) (young) 52M->33M(64M), 0.0015803 secs]
Application time: 0.0032755 seconds
[GC pause (G1 Evacuation Pause) (mixed) 35M->30M(64M), 0.0074397 secs]
Application time: 0.0032517 seconds
[GC pause (G1 Evacuation Pause) (mixed) 32M->30M(64M), 0.0063846 secs]
Application time: 0.0362972 seconds
[GC pause (G1 Evacuation Pause) (young) 53M->36M(64M), 0.0071704 secs]
Application time: 0.0341774 seconds
[GC pause (G1 Evacuation Pause) (young) (initial-mark) 53M->41M(64M), 0.0111650 secs]
[GC concurrent-root-region-scan-start]
[GC concurrent-root-region-scan-end, 0.0024403 secs]
[GC concurrent-mark-start]
Application time: 0.0523406 seconds
[GC pause (G1 Evacuation Pause) (young) 53M->44M(64M), 0.0130393 secs]
[GC concurrent-mark-end, 0.0847615 secs]
Application time: 0.0217377 seconds
[GC remark, 0.0078575 secs]
Application time: 0.0000457 seconds
[GC cleanup 49M->41M(64M), 0.0002590 secs]
[GC concurrent-cleanup-start]
[GC concurrent-cleanup-end, 0.0000177 secs]
Application time: 0.0100085 seconds
[GC pause (G1 Evacuation Pause) (young) 44M->39M(64M), 0.0101311 secs]
Application time: 0.0047060 seconds
[GC pause (G1 Evacuation Pause) (mixed) 40M->34M(64M), 0.0081798 secs]
Application time: 0.0055401 seconds
[GC pause (G1 Evacuation Pause) (mixed) 36M->35M(64M), 0.0074015 secs]
Application time: 0.0414230 seconds
[GC pause (G1 Evacuation Pause) (young) 50M->37M(64M), 0.0048429 secs]
Application time: 0.0345678 seconds
[GC pause (G1 Evacuation Pause) (young) (initial-mark) 51M->39M(64M), 0.0063766 secs]
[GC concurrent-root-region-scan-start]
[GC concurrent-root-region-scan-end, 0.0018002 secs]
[GC concurrent-mark-start]
[GC concurrent-mark-end, 0.0482297 secs]
Application time: 0.0501156 seconds
[GC remark, 0.0073378 secs]
Application time: 0.0000544 seconds
[GC cleanup 47M->42M(64M), 0.0002438 secs]
[GC concurrent-cleanup-start]
[GC concurrent-cleanup-end, 0.0000188 secs]
Application time: 0.0135887 seconds
[GC pause (G1 Evacuation Pause) (young) 46M->37M(64M), 0.0078388 secs]
Application time: 0.0022616 seconds
[GC pause (G1 Evacuation Pause) (mixed) 38M->32M(64M), 0.0069519 secs]
Application time: 0.0362881 seconds
[GC pause (G1 Evacuation Pause) (young) 49M->32M(64M), 0.0049489 secs]
Application time: 0.0320119 seconds
[GC pause (G1 Evacuation Pause) (young) (initial-mark) 50M->32M(64M), 0.0014940 secs]
[GC concurrent-root-region-scan-start]
[GC concurrent-root-region-scan-end, 0.0004164 secs]
[GC concurrent-mark-start]
Application time: 0.0691310 seconds
[GC pause (G1 Evacuation Pause) (young) 51M->32M(64M), 0.0015859 secs]
[GC concurrent-mark-end, 0.1066732 secs]
Application time: 0.0322647 seconds
[GC remark, 0.0081259 secs]
Application time: 0.0000679 seconds
[GC cleanup 36M->36M(64M), 0.0002455 secs]
Application time: 0.0258024 seconds
[GC pause (G1 Evacuation Pause) (young) 52M->32M(64M), 0.0014497 secs]
Application time: 0.0033578 seconds
[GC pause (G1 Evacuation Pause) (mixed) 34M->29M(64M), 0.0034796 secs]
Application time: 0.0355478 seconds
[GC pause (G1 Evacuation Pause) (young) 52M->33M(64M), 0.0060509 secs]
Application time: 0.0326216 seconds
[GC pause (G1 Evacuation Pause) (young) (initial-mark) 51M->37M(64M), 0.0073580 secs]
[GC concurrent-root-region-scan-start]
[GC concurrent-root-region-scan-end, 0.0036379 secs]
[GC concurrent-mark-start]
Application time: 0.0574256 seconds
[GC pause (G1 Evacuation Pause) (young) 53M->41M(64M), 0.0097417 secs]
[GC concurrent-mark-end, 0.0934164 secs]
Application time: 0.0257533 seconds
[GC remark, 0.0077626 secs]
Application time: 0.0000448 seconds
[GC cleanup 48M->44M(64M), 0.0002330 secs]
[GC concurrent-cleanup-start]
[GC concurrent-cleanup-end, 0.0000155 secs]
Application time: 0.0106709 seconds
[GC pause (G1 Evacuation Pause) (young) 47M->40M(64M), 0.0127092 secs]
Application time: 0.0036695 seconds
[GC pause (G1 Evacuation Pause) (mixed) 41M->38M(64M), 0.0099924 secs]
Application time: 0.0334153 seconds
[GC pause (G1 Evacuation Pause) (young) 51M->41M(64M), 0.0110062 secs]
Application time: 0.0250767 seconds
[GC pause (G1 Evacuation Pause) (young) (initial-mark) 51M->46M(64M), 0.0094951 secs]
[GC concurrent-root-region-scan-start]
[GC concurrent-root-region-scan-end, 0.0016270 secs]
[GC concurrent-mark-start]
Application time: 0.0257320 seconds
[GC pause (G1 Evacuation Pause) (young) 52M->48M(64M), 0.0080585 secs]
Application time: 0.0159747 seconds
[GC pause (G1 Evacuation Pause) (young) 52M->49M(64M), 0.0039527 secs]
Application time: 0.0160580 seconds
[GC pause (G1 Evacuation Pause) (young) 53M->49M(64M), 0.0019652 secs]
Application time: 0.0144305 seconds
[GC pause (G1 Evacuation Pause) (young) 53M->49M(64M), 0.0010164 secs]
Application time: 0.0144414 seconds
[GC pause (G1 Evacuation Pause) (young) 53M->49M(64M), 0.0009788 secs]
[GC concurrent-mark-end, 0.1096796 secs]
Application time: 0.0041983 seconds
[GC remark, 0.0076847 secs]
Application time: 0.0000446 seconds
[GC cleanup 50M->40M(64M), 0.0002477 secs]
[GC concurrent-cleanup-start]
[GC concurrent-cleanup-end, 0.0000227 secs]
Application time: 0.0095120 seconds
[GC pause (G1 Evacuation Pause) (young) 43M->39M(64M), 0.0009761 secs]
Application time: 0.0041861 seconds
[GC pause (G1 Evacuation Pause) (mixed) 41M->33M(64M), 0.0023899 secs]
Application time: 0.0040074 seconds
[GC pause (G1 Evacuation Pause) (mixed) 35M->32M(64M), 0.0033979 secs]
Application time: 0.0318576 seconds
[GC pause (G1 Evacuation Pause) (young) 50M->32M(64M), 0.0021090 secs]
Application time: 0.0438255 seconds
[GC pause (G1 Evacuation Pause) (young) (initial-mark) 51M->32M(64M), 0.0014341 secs]
[GC concurrent-root-region-scan-start]
[GC concurrent-root-region-scan-end, 0.0004398 secs]
[GC concurrent-mark-start]
[GC concurrent-mark-end, 0.0442395 secs]
Application time: 0.0447675 seconds
[GC remark, 0.0081125 secs]
Application time: 0.0000560 seconds
[GC cleanup 43M->43M(64M), 0.0002443 secs]
Application time: 0.0150607 seconds
[GC pause (G1 Evacuation Pause) (young) 52M->32M(64M), 0.0013319 secs]
Application time: 0.0031745 seconds
[GC pause (G1 Evacuation Pause) (mixed) 34M->30M(64M), 0.0048446 secs]
Application time: 0.0297576 seconds
[GC pause (G1 Evacuation Pause) (young) 52M->30M(64M), 0.0047967 secs]
Application time: 0.0311374 seconds
[GC pause (G1 Evacuation Pause) (young) (initial-mark) 53M->30M(64M), 0.0016855 secs]
[GC concurrent-root-region-scan-start]
[GC concurrent-root-region-scan-end, 0.0005669 secs]
[GC concurrent-mark-start]
Application time: 0.0764733 seconds
[GC pause (G1 Evacuation Pause) (young)-- 53M->43M(64M), 0.0168800 secs]
[GC concurrent-mark-end, 0.1048971 secs]
Application time: 0.0119806 seconds
[GC remark, 0.0072796 secs]
Application time: 0.0020658 seconds
[GC cleanup 47M->47M(64M), 0.0002329 secs]
Application time: 0.0137412 seconds
[GC pause (G1 Evacuation Pause) (young) 53M->47M(64M), 0.0116753 secs]
Application time: 0.0021431 seconds
[GC pause (G1 Evacuation Pause) (mixed) 48M->46M(64M), 0.0104162 secs]
Application time: 0.0152949 seconds
[GC pause (G1 Evacuation Pause) (young) 52M->49M(64M), 0.0070674 secs]
Application time: 0.0128541 seconds
[GC pause (G1 Evacuation Pause) (young) (initial-mark) 52M->51M(64M), 0.0048047 secs]
[GC concurrent-root-region-scan-start]
[GC concurrent-root-region-scan-end, 0.0009140 secs]
[GC concurrent-mark-start]
Application time: 0.0143450 seconds
[GC pause (G1 Evacuation Pause) (young) 53M->53M(64M), 0.0044212 secs]
Application time: 0.0103255 seconds
[GC pause (G1 Evacuation Pause) (young) 55M->55M(64M), 0.0045080 secs]
Application time: 0.0178139 seconds
[GC pause (G1 Evacuation Pause) (young) 57M->56M(64M), 0.0032047 secs]
[GC concurrent-mark-end, 0.0637469 secs]
Application time: 0.0058030 seconds
[GC remark, 0.0074813 secs]
Application time: 0.0000440 seconds
[GC cleanup 57M->48M(64M), 0.0002853 secs]
[GC concurrent-cleanup-start]
[GC concurrent-cleanup-end, 0.0000208 secs]
Application time: 0.0057250 seconds
[GC pause (G1 Evacuation Pause) (young) 49M->48M(64M), 0.0026830 secs]
Application time: 0.0051335 seconds
[GC pause (G1 Evacuation Pause) (mixed) 50M->42M(64M), 0.0029883 secs]
Application time: 0.0050113 seconds
[GC pause (G1 Evacuation Pause) (mixed) 44M->41M(64M), 0.0072774 secs]
Application time: 0.0051375 seconds
[GC pause (G1 Evacuation Pause) (mixed) 43M->39M(64M), 0.0076177 secs]
Application time: 0.0264674 seconds
[GC pause (G1 Evacuation Pause) (young) 50M->43M(64M), 0.0057348 secs]
Application time: 0.0210031 seconds
[GC pause (G1 Evacuation Pause) (young) (initial-mark) 52M->46M(64M), 0.0072175 secs]
[GC concurrent-root-region-scan-start]
[GC concurrent-root-region-scan-end, 0.0020971 secs]
[GC concurrent-mark-start]
Application time: 0.0475149 seconds
[GC pause (G1 Evacuation Pause) (young) 53M->47M(64M), 0.0065120 secs]
[GC concurrent-mark-end, 0.0525078 secs]
Application time: 0.0004326 seconds
[GC remark, 0.0074903 secs]
Application time: 0.0000406 seconds
[GC cleanup 48M->44M(64M), 0.0002467 secs]
[GC concurrent-cleanup-start]
[GC concurrent-cleanup-end, 0.0000108 secs]
Application time: 0.0167650 seconds
[GC pause (G1 Evacuation Pause) (young) 48M->43M(64M), 0.0034922 secs]
Application time: 0.0044734 seconds
[GC pause (G1 Evacuation Pause) (mixed) 45M->37M(64M), 0.0016078 secs]
Application time: 0.0062598 seconds
[GC pause (G1 Evacuation Pause) (mixed) 39M->34M(64M), 0.0065099 secs]
Application time: 0.0040801 seconds
[GC pause (G1 Evacuation Pause) (mixed) 36M->33M(64M), 0.0074400 secs]
Application time: 0.0337113 seconds
[GC pause (G1 Evacuation Pause) (young) 50M->33M(64M), 0.0030778 secs]
Application time: 0.0287260 seconds
[GC pause (G1 Evacuation Pause) (young) (initial-mark) 50M->33M(64M), 0.0011900 secs]
[GC concurrent-root-region-scan-start]
[GC concurrent-root-region-scan-end, 0.0002766 secs]
[GC concurrent-mark-start]
Application time: 0.0660356 seconds
[GC pause (G1 Evacuation Pause) (young) 51M->33M(64M), 0.0013769 secs]
[GC concurrent-mark-end, 0.0961874 secs]
Application time: 0.0288945 seconds
[GC remark, 0.0078115 secs]
Application time: 0.0000389 seconds
[GC cleanup 45M->45M(64M), 0.0002360 secs]
Application time: 0.0142568 seconds
[GC pause (G1 Evacuation Pause) (young) 52M->33M(64M), 0.0011877 secs]
Application time: 0.0031181 seconds
[GC pause (G1 Evacuation Pause) (mixed) 35M->29M(64M), 0.0047950 secs]
Application time: 0.0329430 seconds
[GC pause (G1 Evacuation Pause) (young) 52M->29M(64M), 0.0043107 secs]
Application time: 0.0375083 seconds
[GC pause (G1 Evacuation Pause) (young) (initial-mark)-- 52M->43M(64M), 0.0177362 secs]
[GC concurrent-root-region-scan-start]
[GC concurrent-root-region-scan-end, 0.0093881 secs]
[GC concurrent-mark-start]
Application time: 0.0490721 seconds
[GC pause (G1 Evacuation Pause) (young) 53M->46M(64M), 0.0121818 secs]
Application time: 0.0275267 seconds
[GC pause (G1 Evacuation Pause) (young) 52M->48M(64M), 0.0111667 secs]
[GC concurrent-mark-end, 0.0989700 secs]
Application time: 0.0082189 seconds
[GC remark, 0.0090189 secs]
Application time: 0.0057360 seconds
[GC cleanup 52M->45M(64M), 0.0004000 secs]
[GC concurrent-cleanup-start]
[GC concurrent-cleanup-end, 0.0000204 secs]
Application time: 0.0040347 seconds
[GC pause (G1 Evacuation Pause) (young) 46M->44M(64M), 0.0079608 secs]
Application time: 0.0080271 seconds
[GC pause (G1 Evacuation Pause) (mixed) 46M->40M(64M), 0.0065147 secs]
Application time: 0.0045557 seconds
[GC pause (G1 Evacuation Pause) (mixed) 42M->37M(64M), 0.0161334 secs]
Application time: 0.0367181 seconds
[GC pause (G1 Evacuation Pause) (young) 51M->40M(64M), 0.0079771 secs]
Application time: 0.0274180 seconds
[GC pause (G1 Evacuation Pause) (young) (initial-mark) 51M->42M(64M), 0.0066151 secs]
[GC concurrent-root-region-scan-start]
[GC concurrent-root-region-scan-end, 0.0018272 secs]
[GC concurrent-mark-start]
Application time: 0.0395287 seconds
[GC pause (G1 Evacuation Pause) (young) 51M->45M(64M), 0.0073969 secs]
Application time: 0.0387722 seconds
[GC pause (G1 Evacuation Pause) (young) 53M->46M(64M), 0.0060724 secs]
[GC concurrent-mark-end, 0.1197453 secs]
Application time: 0.0252159 seconds
[GC remark, 0.0077315 secs]
Application time: 0.0000421 seconds
[GC cleanup 54M->52M(64M), 0.0002764 secs]
[GC concurrent-cleanup-start]
[GC concurrent-cleanup-end, 0.0000121 secs]
Application time: 0.0011178 seconds
[GC pause (G1 Evacuation Pause) (young) 52M->43M(64M), 0.0023996 secs]
Application time: 0.0042061 seconds
[GC pause (G1 Evacuation Pause) (mixed) 45M->38M(64M), 0.0025794 secs]
Application time: 0.0042770 seconds
[GC pause (G1 Evacuation Pause) (mixed) 40M->35M(64M), 0.0066165 secs]
Application time: 0.0043801 seconds
[GC pause (G1 Evacuation Pause) (mixed) 37M->34M(64M), 0.0073998 secs]
Application time: 0.0322415 seconds
[GC pause (G1 Evacuation Pause) (young) 51M->34M(64M), 0.0031731 secs]
Application time: 0.0296222 seconds
[GC pause (G1 Evacuation Pause) (young) (initial-mark) 52M->35M(64M), 0.0016266 secs]
[GC concurrent-root-region-scan-start]
[GC concurrent-root-region-scan-end, 0.0004723 secs]
[GC concurrent-mark-start]
Application time: 0.0545665 seconds
[GC pause (G1 Evacuation Pause) (young) 53M->34M(64M), 0.0015336 secs]
[GC concurrent-mark-end, 0.0994299 secs]
Application time: 0.0397443 seconds
[GC remark, 0.0079176 secs]
Application time: 0.0000457 seconds
[GC cleanup 47M->47M(64M), 0.0002769 secs]
Application time: 0.0095876 seconds
[GC pause (G1 Evacuation Pause) (young) 53M->37M(64M), 0.0036750 secs]
Application time: 0.0017171 seconds
[GC pause (G1 Evacuation Pause) (mixed) 38M->34M(64M), 0.0070006 secs]
Application time: 0.0039075 seconds
[GC pause (G1 Evacuation Pause) (mixed) 36M->34M(64M), 0.0084863 secs]
Application time: 0.0343634 seconds
[GC pause (G1 Evacuation Pause) (young) 52M->37M(64M), 0.0087384 secs]
Application time: 0.0328264 seconds
[GC pause (G1 Evacuation Pause) (young) (initial-mark) 52M->40M(64M), 0.0069119 secs]
[GC concurrent-root-region-scan-start]
[GC concurrent-root-region-scan-end, 0.0011800 secs]
[GC concurrent-mark-start]
Application time: 0.0542499 seconds
[GC pause (G1 Evacuation Pause) (young) 52M->41M(64M), 0.0085894 secs]
Application time: 0.0384089 seconds
[GC pause (G1 Evacuation Pause) (young) 52M->48M(64M), 0.0085011 secs]
[GC concurrent-mark-end, 0.1210618 secs]
Application time: 0.0080665 seconds
[GC remark, 0.0074428 secs]
Application time: 0.0000404 seconds
[GC cleanup 50M->48M(64M), 0.0002740 secs]
[GC concurrent-cleanup-start]
[GC concurrent-cleanup-end, 0.0000126 secs]
Application time: 0.0086004 seconds
[GC pause (G1 Evacuation Pause) (young) 50M->48M(64M), 0.0074547 secs]
Application time: 0.0044085 seconds
[GC pause (G1 Evacuation Pause) (mixed) 50M->45M(64M), 0.0083883 secs]
Application time: 0.0050134 seconds
[GC pause (G1 Evacuation Pause) (mixed) 47M->42M(64M), 0.0140770 secs]
Application time: 0.0049338 seconds
[GC pause (G1 Evacuation Pause) (mixed) 44M->43M(64M), 0.0098025 secs]
Application time: 0.0283015 seconds
[GC pause (G1 Evacuation Pause) (young) 53M->45M(64M), 0.0050200 secs]
Application time: 0.0199111 seconds
[GC pause (G1 Evacuation Pause) (young) (initial-mark) 53M->46M(64M), 0.0046343 secs]
[GC concurrent-root-region-scan-start]
[GC concurrent-root-region-scan-end, 0.0023808 secs]
[GC concurrent-mark-start]
Application time: 0.0279269 seconds
[GC pause (G1 Evacuation Pause) (young) 53M->47M(64M), 0.0084111 secs]
Application time: 0.0256957 seconds
[GC pause (G1 Evacuation Pause) (young) 53M->47M(64M), 0.0051165 secs]
Application time: 0.0206047 seconds
[GC pause (G1 Evacuation Pause) (young) 53M->48M(64M), 0.0034284 secs]
[GC concurrent-mark-end, 0.1185469 secs]
Application time: 0.0196301 seconds
[GC pause (G1 Evacuation Pause) (young) 53M->50M(64M), 0.0044480 secs]
Application time: 0.0006277 seconds
[GC remark, 0.0078811 secs]
Application time: 0.0000815 seconds
[GC cleanup 50M->44M(64M), 0.0003067 secs]
[GC concurrent-cleanup-start]
[GC concurrent-cleanup-end, 0.0000263 secs]
Application time: 0.0136383 seconds
[GC pause (G1 Evacuation Pause) (young) 47M->45M(64M), 0.0043919 secs]
Application time: 0.0039305 seconds
[GC pause (G1 Evacuation Pause) (mixed) 47M->42M(64M), 0.0063863 secs]
Application time: 0.0038423 seconds
[GC pause (G1 Evacuation Pause) (mixed) 44M->39M(64M), 0.0109655 secs]
Application time: 0.0046753 seconds
[GC pause (G1 Evacuation Pause) (mixed) 41M->38M(64M), 0.0095820 secs]
Application time: 0.0275298 seconds
[GC pause (G1 Evacuation Pause) (young) 52M->40M(64M), 0.0070727 secs]
Application time: 0.0224471 seconds
[GC pause (G1 Evacuation Pause) (young) (initial-mark) 52M->42M(64M), 0.0092588 secs]
[GC concurrent-root-region-scan-start]
[GC concurrent-root-region-scan-end, 0.0004878 secs]
[GC concurrent-mark-start]
Application time: 0.0396688 seconds
[GC pause (G1 Evacuation Pause) (young) 54M->41M(64M), 0.0070084 secs]
[GC concurrent-mark-end, 0.0775026 secs]
Application time: 0.0272588 seconds
[GC remark, 0.0083982 secs]
Application time: 0.0008635 seconds
[GC cleanup 47M->46M(64M), 0.0003148 secs]
[GC concurrent-cleanup-start]
[GC concurrent-cleanup-end, 0.0000111 secs]
Application time: 0.0115513 seconds
[GC pause (G1 Evacuation Pause) (young) 52M->44M(64M), 0.0043811 secs]
Application time: 0.0023904 seconds
[GC pause (G1 Evacuation Pause) (mixed) 45M->39M(64M), 0.0038964 secs]
Application time: 0.0096243 seconds
[GC pause (G1 Evacuation Pause) (mixed) 41M->36M(64M), 0.0080673 secs]
Application time: 0.0086096 seconds
[GC pause (G1 Evacuation Pause) (mixed) 38M->36M(64M), 0.0107363 secs]
Application time: 0.0407473 seconds
[GC pause (G1 Evacuation Pause) (young) 53M->39M(64M), 0.0109333 secs]
Application time: 0.0333209 seconds
[GC pause (G1 Evacuation Pause) (young) (initial-mark) 53M->40M(64M), 0.0076714 secs]
[GC concurrent-root-region-scan-start]
[GC concurrent-root-region-scan-end, 0.0038185 secs]
[GC concurrent-mark-start]
Application time: 0.0513072 seconds
[GC pause (G1 Evacuation Pause) (young) 52M->42M(64M), 0.0093150 secs]
Application time: 0.0361164 seconds
[GC pause (G1 Evacuation Pause) (young) 52M->45M(64M), 0.0102517 secs]
[GC concurrent-mark-end, 0.1088867 secs]
Application time: 0.0060101 seconds
[GC remark, 0.0079819 secs]
Application time: 0.0015064 seconds
[GC cleanup 46M->43M(64M), 0.0003229 secs]
[GC concurrent-cleanup-start]
[GC concurrent-cleanup-end, 0.0000154 secs]
Application time: 0.0145975 seconds
[GC pause (G1 Evacuation Pause) (young) 51M->43M(64M), 0.0052868 secs]
Application time: 0.0039613 seconds
[GC pause (G1 Evacuation Pause) (mixed) 45M->37M(64M), 0.0070268 secs]
Application time: 0.0065638 seconds
[GC pause (G1 Evacuation Pause) (mixed) 39M->35M(64M), 0.0098803 secs]
Application time: 0.0305673 seconds
[GC pause (G1 Evacuation Pause) (young) 52M->35M(64M), 0.0058230 secs]
Application time: 0.0462275 seconds
[GC pause (G1 Evacuation Pause) (young) (initial-mark) 53M->36M(64M), 0.0028892 secs]
[GC concurrent-root-region-scan-start]
[GC concurrent-root-region-scan-end, 0.0013193 secs]
[GC concurrent-mark-start]
Application time: 0.0745125 seconds
[GC pause (G1 Evacuation Pause) (young) 53M->41M(64M), 0.0095651 secs]
[GC concurrent-mark-end, 0.1093014 secs]
Application time: 0.0264676 seconds
[GC remark, 0.0081086 secs]
Application time: 0.0000726 seconds
[GC cleanup 47M->46M(64M), 0.0003157 secs]
[GC concurrent-cleanup-start]
[GC concurrent-cleanup-end, 0.0000125 secs]
Application time: 0.0122272 seconds
[GC pause (G1 Evacuation Pause) (young) 52M->42M(64M), 0.0100001 secs]
Application time: 0.0026277 seconds
[GC pause (G1 Evacuation Pause) (mixed) 43M->39M(64M), 0.0115179 secs]
Application time: 0.0039568 seconds
[GC pause (G1 Evacuation Pause) (mixed) 41M->38M(64M), 0.0114610 secs]
Application time: 0.0292156 seconds
[GC pause (G1 Evacuation Pause) (young) 53M->40M(64M), 0.0097394 secs]
Application time: 0.0249603 seconds
[GC pause (G1 Evacuation Pause) (young) (initial-mark) 53M->42M(64M), 0.0069668 secs]
[GC concurrent-root-region-scan-start]
[GC concurrent-root-region-scan-end, 0.0016763 secs]
[GC concurrent-mark-start]
Application time: 0.0358062 seconds
[GC pause (G1 Evacuation Pause) (young) 53M->43M(64M), 0.0057335 secs]
Application time: 0.0301369 seconds
[GC pause (G1 Evacuation Pause) (young) 53M->43M(64M), 0.0067354 secs]
[GC concurrent-mark-end, 0.0998396 secs]
Application time: 0.0189005 seconds
[GC remark, 0.0138723 secs]
Application time: 0.0027179 seconds
[GC cleanup 48M->44M(64M), 0.0003629 secs]
[GC concurrent-cleanup-start]
[GC concurrent-cleanup-end, 0.0000179 secs]
Application time: 0.0107104 seconds
[GC pause (G1 Evacuation Pause) (young) 49M->43M(64M), 0.0064230 secs]
Application time: 0.0023487 seconds
[GC pause (G1 Evacuation Pause) (mixed) 44M->41M(64M), 0.0073363 secs]
Application time: 0.0045545 seconds
[GC pause (G1 Evacuation Pause) (mixed) 43M->38M(64M), 0.0190632 secs]
Application time: 0.0044897 seconds
[GC pause (G1 Evacuation Pause) (mixed) 40M->37M(64M), 0.0112915 secs]
Application time: 0.0345347 seconds
[GC pause (G1 Evacuation Pause) (young) 51M->38M(64M), 0.0077199 secs]
Application time: 0.0304049 seconds
[GC pause (G1 Evacuation Pause) (young) (initial-mark) 51M->39M(64M), 0.0063369 secs]
[GC concurrent-root-region-scan-start]
[GC concurrent-root-region-scan-end, 0.0024899 secs]
[GC concurrent-mark-start]
Application time: 0.0462774 seconds
[GC pause (G1 Evacuation Pause) (young) 52M->40M(64M), 0.0070586 secs]
Application time: 0.0361498 seconds
[GC pause (G1 Evacuation Pause) (young) 52M->43M(64M), 0.0077082 secs]
[GC concurrent-mark-end, 0.1091087 secs]
Application time: 0.0101412 seconds
[GC remark, 0.0081716 secs]
Application time: 0.0000776 seconds
[GC cleanup 47M->45M(64M), 0.0003309 secs]
[GC concurrent-cleanup-start]
[GC concurrent-cleanup-end, 0.0000210 secs]
Application time: 0.0132310 seconds
[GC pause (G1 Evacuation Pause) (young) 51M->42M(64M), 0.0067696 secs]
Application time: 0.0029452 seconds
[GC pause (G1 Evacuation Pause) (mixed) 43M->38M(64M), 0.0077130 secs]
Application time: 0.0042976 seconds
[GC pause (G1 Evacuation Pause) (mixed) 40M->34M(64M), 0.0104653 secs]
Application time: 0.0312923 seconds
[GC pause (G1 Evacuation Pause) (young) 51M->36M(64M), 0.0079842 secs]
Application time: 0.0334198 seconds
[GC pause (G1 Evacuation Pause) (young) (initial-mark) 51M->41M(64M), 0.0092415 secs]
[GC concurrent-root-region-scan-start]
[GC concurrent-root-region-scan-end, 0.0053125 secs]
[GC concurrent-mark-start]
Application time: 0.0737800 seconds
[GC pause (G1 Evacuation Pause) (young) 53M->42M(64M), 0.0083200 secs]
[GC concurrent-mark-end, 0.1151634 secs]
Application time: 0.0382957 seconds
[GC remark, 0.0082488 secs]
Application time: 0.0000660 seconds
[GC cleanup 52M->45M(64M), 0.0003059 secs]
[GC concurrent-cleanup-start]
[GC concurrent-cleanup-end, 0.0000205 secs]
Application time: 0.0007132 seconds
[GC pause (G1 Evacuation Pause) (young) 45M->37M(64M), 0.0082224 secs]
Application time: 0.0022828 seconds
[GC pause (G1 Evacuation Pause) (mixed) 38M->34M(64M), 0.0086205 secs]
Application time: 0.0061124 seconds
[GC pause (G1 Evacuation Pause) (mixed) 36M->33M(64M), 0.0129193 secs]
Application time: 0.0383599 seconds
[GC pause (G1 Evacuation Pause) (young) 51M->35M(64M), 0.0091181 secs]
Application time: 0.0296584 seconds
[GC pause (G1 Evacuation Pause) (young) (initial-mark) 51M->36M(64M), 0.0048442 secs]
[GC concurrent-root-region-scan-start]
[GC concurrent-root-region-scan-end, 0.0003128 secs]
[GC concurrent-mark-start]
Application time: 0.0590910 seconds
[GC pause (G1 Evacuation Pause) (young) 53M->35M(64M), 0.0037391 secs]
[GC concurrent-mark-end, 0.1013637 secs]
Application time: 0.0387410 seconds
[GC remark, 0.0081746 secs]
Application time: 0.0000633 seconds
[GC cleanup 48M->48M(64M), 0.0002712 secs]
Application time: 0.0078053 seconds
[GC pause (G1 Evacuation Pause) (young) 52M->35M(64M), 0.0017817 secs]
Application time: 0.0062165 seconds
[GC pause (G1 Evacuation Pause) (mixed) 37M->31M(64M), 0.0052274 secs]
Application time: 0.0071873 seconds
[GC pause (G1 Evacuation Pause) (mixed) 33M->30M(64M), 0.0099643 secs]
Application time: 0.0396786 seconds
[GC pause (G1 Evacuation Pause) (young) 52M->35M(64M), 0.0110145 secs]
Application time: 0.0341566 seconds
[GC pause (G1 Evacuation Pause) (young) (initial-mark) 52M->37M(64M), 0.0112060 secs]
[GC concurrent-root-region-scan-start]
[GC concurrent-root-region-scan-end, 0.0023225 secs]
[GC concurrent-mark-start]
Application time: 0.0548176 seconds
[GC pause (G1 Evacuation Pause) (young) 53M->38M(64M), 0.0075762 secs]
[GC concurrent-mark-end, 0.1066149 secs]
Application time: 0.0464282 seconds
[GC remark, 0.0090227 secs]
Application time: 0.0000759 seconds
[GC cleanup 53M->49M(64M), 0.0003033 secs]
[GC concurrent-cleanup-start]
[GC concurrent-cleanup-end, 0.0000167 secs]
Application time: 0.0013913 seconds
[GC pause (G1 Evacuation Pause) (young) 49M->38M(64M), 0.0080367 secs]
Application time: 0.0021201 seconds
[GC pause (G1 Evacuation Pause) (mixed) 39M->35M(64M), 0.0107871 secs]
Application time: 0.0465128 seconds
[GC pause (G1 Evacuation Pause) (young) 51M->39M(64M), 0.0144679 secs]
Application time: 0.0322814 seconds
[GC pause (G1 Evacuation Pause) (young) (initial-mark) 51M->42M(64M), 0.0106129 secs]
[GC concurrent-root-region-scan-start]
[GC concurrent-root-region-scan-end, 0.0015858 secs]
[GC concurrent-mark-start]
Application time: 0.0453216 seconds
[GC pause (G1 Evacuation Pause) (young) 52M->43M(64M), 0.0079177 secs]
[GC concurrent-mark-end, 0.0798604 secs]
Application time: 0.0241917 seconds
[GC remark, 0.0088354 secs]
Application time: 0.0000722 seconds
[GC cleanup 46M->39M(64M), 0.0003327 secs]
[GC concurrent-cleanup-start]
[GC concurrent-cleanup-end, 0.0000221 secs]
Application time: 0.0260447 seconds
[GC pause (G1 Evacuation Pause) (young) 46M->40M(64M), 0.0071820 secs]
Application time: 0.0043318 seconds
[GC pause (G1 Evacuation Pause) (mixed) 41M->36M(64M), 0.0071364 secs]
Application time: 0.0350172 seconds
[GC pause (G1 Evacuation Pause) (young) 51M->38M(64M), 0.0058840 secs]
Application time: 0.0275962 seconds
[GC pause (G1 Evacuation Pause) (young) (initial-mark) 52M->40M(64M), 0.0032927 secs]
[GC concurrent-root-region-scan-start]
[GC concurrent-root-region-scan-end, 0.0005383 secs]
[GC concurrent-mark-start]
[GC concurrent-mark-end, 0.0501765 secs]
Application time: 0.0508011 seconds
[GC remark, 0.0086567 secs]
Application time: 0.0000447 seconds
[GC cleanup 50M->45M(64M), 0.0003091 secs]
[GC concurrent-cleanup-start]
[GC concurrent-cleanup-end, 0.0000152 secs]
Application time: 0.0114330 seconds
[GC pause (G1 Evacuation Pause) (young) 48M->34M(64M), 0.0034039 secs]
Application time: 0.0035873 seconds
[GC pause (G1 Evacuation Pause) (mixed) 36M->30M(64M), 0.0048617 secs]
Application time: 0.0035512 seconds
[GC pause (G1 Evacuation Pause) (mixed) 32M->31M(64M), 0.0046903 secs]
Application time: 0.0332408 seconds
[GC pause (G1 Evacuation Pause) (young) 51M->31M(64M), 0.0022716 secs]
Application time: 0.0351392 seconds
[GC pause (G1 Evacuation Pause) (young) (initial-mark) 51M->33M(64M), 0.0037361 secs]
[GC concurrent-root-region-scan-start]
[GC concurrent-root-region-scan-end, 0.0020787 secs]
[GC concurrent-mark-start]
[GC concurrent-mark-end, 0.0505351 secs]
Application time: 0.0527081 seconds
[GC remark, 0.0105208 secs]
Application time: 0.0000502 seconds
[GC cleanup 42M->42M(64M), 0.0003063 secs]
Application time: 0.0245974 seconds
[GC pause (G1 Evacuation Pause) (young) 51M->37M(64M), 0.0096571 secs]
Application time: 0.0027652 seconds
[GC pause (G1 Evacuation Pause) (mixed) 38M->37M(64M), 0.0103801 secs]
Application time: 0.0323160 seconds
[GC pause (G1 Evacuation Pause) (young) 52M->38M(64M), 0.0080291 secs]
Application time: 0.0269153 seconds
[GC pause (G1 Evacuation Pause) (young) (initial-mark) 52M->39M(64M), 0.0029817 secs]
[GC concurrent-root-region-scan-start]
[GC concurrent-root-region-scan-end, 0.0012349 secs]
[GC concurrent-mark-start]
Application time: 0.0577596 seconds
[GC pause (G1 Evacuation Pause) (young) 52M->40M(64M), 0.0049626 secs]
[GC concurrent-mark-end, 0.0961940 secs]
Application time: 0.0345487 seconds
[GC remark, 0.0084571 secs]
Application time: 0.0000515 seconds
[GC cleanup 51M->48M(64M), 0.0003306 secs]
[GC concurrent-cleanup-start]
[GC concurrent-cleanup-end, 0.0000125 secs]
Application time: 0.0032932 seconds
[GC pause (G1 Evacuation Pause) (young) 49M->42M(64M), 0.0066543 secs]
Application time: 0.0026447 seconds
[GC pause (G1 Evacuation Pause) (mixed) 43M->39M(64M), 0.0082550 secs]
Application time: 0.0049424 seconds
[GC pause (G1 Evacuation Pause) (mixed) 41M->37M(64M), 0.0078247 secs]
Application time: 0.0309570 seconds
[GC pause (G1 Evacuation Pause) (young) 51M->40M(64M), 0.0082921 secs]
Application time: 0.0296567 seconds
[GC pause (G1 Evacuation Pause) (young) (initial-mark) 52M->42M(64M), 0.0078315 secs]
[GC concurrent-root-region-scan-start]
[GC concurrent-root-region-scan-end, 0.0004940 secs]
[GC concurrent-mark-start]
Application time: 0.0434656 seconds
[GC pause (G1 Evacuation Pause) (young) 53M->42M(64M), 0.0066101 secs]
Application time: 0.0327780 seconds
[GC pause (G1 Evacuation Pause) (young) 53M->42M(64M), 0.0028111 secs]
[GC concurrent-mark-end, 0.1074662 secs]
Application time: 0.0220058 seconds
[GC remark, 0.0086795 secs]
Application time: 0.0000578 seconds
[GC cleanup 49M->43M(64M), 0.0003321 secs]
[GC concurrent-cleanup-start]
[GC concurrent-cleanup-end, 0.0000181 secs]
Application time: 0.0076011 seconds
[GC pause (G1 Evacuation Pause) (young) 47M->37M(64M), 0.0035279 secs]
Application time: 0.0035308 seconds
[GC pause (G1 Evacuation Pause) (mixed) 38M->35M(64M), 0.0069010 secs]
Application time: 0.0095172 seconds
[GC pause (G1 Evacuation Pause) (mixed) 37M->33M(64M), 0.0125446 secs]
Application time: 0.0363502 seconds
[GC pause (G1 Evacuation Pause) (young) 51M->35M(64M), 0.0100757 secs]
Application time: 0.0364338 seconds
[GC pause (G1 Evacuation Pause) (young) (initial-mark) 52M->40M(64M), 0.0089961 secs]
[GC concurrent-root-region-scan-start]
[GC concurrent-root-region-scan-end, 0.0021966 secs]
[GC concurrent-mark-start]
[GC concurrent-mark-end, 0.0407762 secs]
Application time: 0.0430561 seconds
[GC remark, 0.0080788 secs]
Application time: 0.0000655 seconds
[GC cleanup 48M->46M(64M), 0.0003018 secs]
[GC concurrent-cleanup-start]
[GC concurrent-cleanup-end, 0.0000123 secs]
Application time: 0.0086517 seconds
[GC pause (G1 Evacuation Pause) (young) 49M->41M(64M), 0.0116926 secs]
Application time: 0.0025792 seconds
[GC pause (G1 Evacuation Pause) (mixed) 42M->37M(64M), 0.0104489 secs]
Application time: 0.0056919 seconds
[GC pause (G1 Evacuation Pause) (mixed) 39M->33M(64M), 0.0107912 secs]
Application time: 0.0058808 seconds
[GC pause (G1 Evacuation Pause) (mixed) 35M->32M(64M), 0.0097332 secs]
Application time: 0.0452721 seconds
[GC pause (G1 Evacuation Pause) (young) 51M->33M(64M), 0.0057238 secs]
Application time: 0.0350067 seconds
[GC pause (G1 Evacuation Pause) (young) (initial-mark) 51M->35M(64M), 0.0066646 secs]
[GC concurrent-root-region-scan-start]
[GC concurrent-root-region-scan-end, 0.0020500 secs]
[GC concurrent-mark-start]
Application time: 0.0635199 seconds
[GC pause (G1 Evacuation Pause) (young) 52M->35M(64M), 0.0047916 secs]
[GC concurrent-mark-end, 0.0836968 secs]
Application time: 0.0133878 seconds
[GC remark, 0.0077343 secs]
Application time: 0.0030866 seconds
[GC cleanup 39M->38M(64M), 0.0002839 secs]
[GC concurrent-cleanup-start]
[GC concurrent-cleanup-end, 0.0000193 secs]
Application time: 0.0260753 seconds
[GC pause (G1 Evacuation Pause) (young) 52M->35M(64M), 0.0046887 secs]
Application time: 0.0038873 seconds
[GC pause (G1 Evacuation Pause) (mixed) 37M->31M(64M), 0.0072118 secs]
Application time: 0.0035186 seconds
[GC pause (G1 Evacuation Pause) (mixed) 33M->31M(64M), 0.0076232 secs]
Application time: 0.0446923 seconds
[GC pause (G1 Evacuation Pause) (young) 52M->37M(64M), 0.0099018 secs]
Application time: 0.0356393 seconds
[GC pause (G1 Evacuation Pause) (young) (initial-mark) 52M->38M(64M), 0.0090608 secs]
[GC concurrent-root-region-scan-start]
[GC concurrent-root-region-scan-end, 0.0011142 secs]
[GC concurrent-mark-start]
Application time: 0.0456432 seconds
[GC pause (G1 Evacuation Pause) (young) 52M->37M(64M), 0.0065680 secs]
Application time: 0.0449559 seconds
[GC pause (G1 Evacuation Pause) (young) 52M->40M(64M), 0.0029588 secs]
[GC concurrent-mark-end, 0.1068417 secs]
Application time: 0.0075873 seconds
[GC remark, 0.0075149 secs]
Application time: 0.0000513 seconds
[GC cleanup 42M->38M(64M), 0.0002630 secs]
[GC concurrent-cleanup-start]
[GC concurrent-cleanup-end, 0.0000166 secs]
Application time: 0.0178064 seconds
[GC pause (G1 Evacuation Pause) (young) 49M->37M(64M), 0.0032661 secs]
Application time: 0.0017828 seconds
[GC pause (G1 Evacuation Pause) (mixed) 38M->36M(64M), 0.0070540 secs]
Application time: 0.0047692 seconds
[GC pause (G1 Evacuation Pause) (mixed) 38M->34M(64M), 0.0091502 secs]
Application time: 0.0316363 seconds
[GC pause (G1 Evacuation Pause) (young) 52M->38M(64M), 0.0056835 secs]
Application time: 0.0361505 seconds
[GC pause (G1 Evacuation Pause) (young) (initial-mark) 51M->41M(64M), 0.0070387 secs]
[GC concurrent-root-region-scan-start]
[GC concurrent-root-region-scan-end, 0.0025141 secs]
[GC concurrent-mark-start]
Application time: 0.0440310 seconds
[GC pause (G1 Evacuation Pause) (young) 51M->43M(64M), 0.0062073 secs]
Application time: 0.0375437 seconds
[GC concurrent-mark-end, 0.0854124 secs]
[GC pause (G1 Evacuation Pause) (young) 53M->42M(64M), 0.0039198 secs]
Application time: 0.0000543 seconds
[GC remark, 0.0074095 secs]
Application time: 0.0020511 seconds
[GC cleanup 43M->38M(64M), 0.0002867 secs]
[GC concurrent-cleanup-start]
[GC concurrent-cleanup-end, 0.0000172 secs]
Application time: 0.0211728 seconds
[GC pause (G1 Evacuation Pause) (young) 48M->38M(64M), 0.0024411 secs]
Application time: 0.0033194 seconds
[GC pause (G1 Evacuation Pause) (mixed) 39M->35M(64M), 0.0052593 secs]
Application time: 0.0095396 seconds
[GC pause (G1 Evacuation Pause) (mixed) 37M->32M(64M), 0.0086835 secs]
Application time: 0.0361645 seconds
[GC pause (G1 Evacuation Pause) (young) 51M->35M(64M), 0.0070382 secs]
Application time: 0.0340824 seconds
[GC pause (G1 Evacuation Pause) (young) (initial-mark) 52M->37M(64M), 0.0051208 secs]
[GC concurrent-root-region-scan-start]
[GC concurrent-root-region-scan-end, 0.0007793 secs]
[GC concurrent-mark-start]
Application time: 0.0601236 seconds
[GC pause (G1 Evacuation Pause) (young) 53M->37M(64M), 0.0041888 secs]
[GC concurrent-mark-end, 0.0969009 secs]
Application time: 0.0332835 seconds
[GC remark, 0.0072736 secs]
Application time: 0.0000704 seconds
[GC cleanup 48M->45M(64M), 0.0002779 secs]
[GC concurrent-cleanup-start]
[GC concurrent-cleanup-end, 0.0000182 secs]
Application time: 0.0111886 seconds
[GC pause (G1 Evacuation Pause) (young) 51M->38M(64M), 0.0048313 secs]
Application time: 0.0045454 seconds
[GC pause (G1 Evacuation Pause) (mixed) 39M->35M(64M), 0.0078583 secs]
Application time: 0.0084106 seconds
[GC pause (G1 Evacuation Pause) (mixed) 37M->35M(64M), 0.0085752 secs]
Application time: 0.0396977 seconds
[GC pause (G1 Evacuation Pause) (young) 51M->38M(64M), 0.0069776 secs]
Application time: 0.0284809 seconds
[GC pause (G1 Evacuation Pause) (young) (initial-mark) 52M->39M(64M), 0.0057890 secs]
[GC concurrent-root-region-scan-start]
[GC concurrent-root-region-scan-end, 0.0033918 secs]
[GC concurrent-mark-start]
Application time: 0.0557333 seconds
[GC pause (G1 Evacuation Pause) (young) 52M->42M(64M), 0.0075837 secs]
Application time: 0.0369345 seconds
[GC concurrent-mark-end, 0.0977829 secs]
[GC pause (G1 Evacuation Pause) (young) 52M->45M(64M), 0.0088381 secs]
Application time: 0.0000629 seconds
[GC remark, 0.0076987 secs]
Application time: 0.0023512 seconds
[GC cleanup 46M->43M(64M), 0.0002882 secs]
[GC concurrent-cleanup-start]
[GC concurrent-cleanup-end, 0.0000164 secs]
Application time: 0.0156947 seconds
[GC pause (G1 Evacuation Pause) (young) 51M->43M(64M), 0.0049206 secs]
Application time: 0.0086053 seconds
[GC pause (G1 Evacuation Pause) (mixed) 45M->38M(64M), 0.0067203 secs]
Application time: 0.0051333 seconds
[GC pause (G1 Evacuation Pause) (mixed) 40M->35M(64M), 0.0092460 secs]
Application time: 0.0318577 seconds
[GC pause (G1 Evacuation Pause) (young) 52M->38M(64M), 0.0083818 secs]
Application time: 0.0291897 seconds
[GC pause (G1 Evacuation Pause) (young) (initial-mark) 52M->42M(64M), 0.0076313 secs]
[GC concurrent-root-region-scan-start]
[GC concurrent-root-region-scan-end, 0.0037744 secs]
[GC concurrent-mark-start]
Application time: 0.0435578 seconds
[GC pause (G1 Evacuation Pause) (young) 52M->44M(64M), 0.0067831 secs]
Application time: 0.0362484 seconds
[GC pause (G1 Evacuation Pause) (young) 53M->44M(64M), 0.0059241 secs]
[GC concurrent-mark-end, 0.1023856 secs]
Application time: 0.0133242 seconds
[GC remark, 0.0079968 secs]
Application time: 0.0000632 seconds
[GC cleanup 48M->43M(64M), 0.0002879 secs]
[GC concurrent-cleanup-start]
[GC concurrent-cleanup-end, 0.0000210 secs]
Application time: 0.0116178 seconds
[GC pause (G1 Evacuation Pause) (young) 49M->40M(64M), 0.0030915 secs]
Application time: 0.0037822 seconds
[GC pause (G1 Evacuation Pause) (mixed) 41M->36M(64M), 0.0063723 secs]
Application time: 0.0063001 seconds
[GC pause (G1 Evacuation Pause) (mixed) 38M->33M(64M), 0.0107675 secs]
Application time: 0.0039135 seconds
[GC pause (G1 Evacuation Pause) (mixed) 35M->34M(64M), 0.0100445 secs]
Application time: 0.0337489 seconds
[GC pause (G1 Evacuation Pause) (young) 52M->37M(64M), 0.0059147 secs]
Application time: 0.0392987 seconds
[GC pause (G1 Evacuation Pause) (young) (initial-mark) 53M->38M(64M), 0.0055474 secs]
[GC concurrent-root-region-scan-start]
[GC concurrent-root-region-scan-end, 0.0017882 secs]
[GC concurrent-mark-start]
Application time: 0.0551417 seconds
[GC pause (G1 Evacuation Pause) (young) 52M->44M(64M), 0.0115169 secs]
[GC concurrent-mark-end, 0.1066202 secs]
Application time: 0.0415969 seconds
[GC remark, 0.0077317 secs]
Application time: 0.0000620 seconds
[GC cleanup 53M->51M(64M), 0.0002677 secs]
[GC concurrent-cleanup-start]
[GC concurrent-cleanup-end, 0.0000162 secs]
Application time: 0.0018375 seconds
[GC pause (G1 Evacuation Pause) (young) 51M->44M(64M), 0.0094190 secs]
Application time: 0.0021781 seconds
[GC pause (G1 Evacuation Pause) (mixed) 45M->39M(64M), 0.0068117 secs]
Application time: 0.0058522 seconds
[GC pause (G1 Evacuation Pause) (mixed) 41M->37M(64M), 0.0074823 secs]
Application time: 0.0325265 seconds
[GC pause (G1 Evacuation Pause) (young) 51M->40M(64M), 0.0077783 secs]
Application time: 0.0249682 seconds
[GC pause (G1 Evacuation Pause) (young) (initial-mark) 51M->42M(64M), 0.0158622 secs]
[GC concurrent-root-region-scan-start]
[GC concurrent-root-region-scan-end, 0.0015507 secs]
[GC concurrent-mark-start]
Application time: 0.0444015 seconds
[GC pause (G1 Evacuation Pause) (young) 53M->43M(64M), 0.0068369 secs]
Application time: 0.0343235 seconds
[GC pause (G1 Evacuation Pause) (young) 52M->43M(64M), 0.0042020 secs]
[GC concurrent-mark-end, 0.1206185 secs]
Application time: 0.0281600 seconds
[GC remark, 0.0085628 secs]
Application time: 0.0000721 seconds
[GC cleanup 50M->46M(64M), 0.0002736 secs]
[GC concurrent-cleanup-start]
[GC concurrent-cleanup-end, 0.0000209 secs]
Application time: 0.0047921 seconds
[GC pause (G1 Evacuation Pause) (young) 49M->39M(64M), 0.0013019 secs]
Application time: 0.0066558 seconds
[GC pause (G1 Evacuation Pause) (mixed) 41M->34M(64M), 0.0030686 secs]
Application time: 0.0036965 seconds
[GC pause (G1 Evacuation Pause) (mixed) 36M->31M(64M), 0.0047540 secs]
Application time: 0.0362266 seconds
[GC pause (G1 Evacuation Pause) (young) 52M->31M(64M), 0.0034019 secs]
Application time: 0.0356922 seconds
[GC pause (G1 Evacuation Pause) (young) (initial-mark) 53M->31M(64M), 0.0015335 secs]
[GC concurrent-root-region-scan-start]
[GC concurrent-root-region-scan-end, 0.0004651 secs]
[GC concurrent-mark-start]
Application time: 0.0627217 seconds
[GC pause (G1 Evacuation Pause) (young) 53M->31M(64M), 0.0015057 secs]
[GC concurrent-mark-end, 0.0952753 secs]
Application time: 0.0314412 seconds
[GC remark, 0.0079746 secs]
Application time: 0.0000699 seconds
[GC cleanup 44M->44M(64M), 0.0002698 secs]
Application time: 0.0168650 seconds
[GC pause (G1 Evacuation Pause) (young) 53M->37M(64M), 0.0079087 secs]
Application time: 0.0017379 seconds
[GC pause (G1 Evacuation Pause) (mixed) 38M->36M(64M), 0.0114557 secs]
Application time: 0.0485354 seconds
[GC pause (G1 Evacuation Pause) (young) 53M->42M(64M), 0.0166152 secs]
Application time: 0.0294971 seconds
[GC pause (G1 Evacuation Pause) (young) (initial-mark) 52M->44M(64M), 0.0098151 secs]
[GC concurrent-root-region-scan-start]
[GC concurrent-root-region-scan-end, 0.0012819 secs]
[GC concurrent-mark-start]
Application time: 0.0363605 seconds
[GC pause (G1 Evacuation Pause) (young) 52M->47M(64M), 0.0089570 secs]
Application time: 0.0258176 seconds
[GC pause (G1 Evacuation Pause) (young) 53M->50M(64M), 0.0077602 secs]
Application time: 0.0208815 seconds
[GC pause (G1 Evacuation Pause) (young) 53M->52M(64M), 0.0080391 secs]
Application time: 0.0040415 seconds
[GC pause (G1 Evacuation Pause) (young) 54M->54M(64M), 0.0048684 secs]
Application time: 0.0086566 seconds
[GC concurrent-mark-end, 0.1247899 secs]
[GC pause (G1 Evacuation Pause) (young) 56M->55M(64M), 0.0031835 secs]
Application time: 0.0035983 seconds
[GC remark, 0.0074283 secs]
Application time: 0.0006306 seconds
[GC cleanup 56M->48M(64M), 0.0002839 secs]
[GC concurrent-cleanup-start]
[GC concurrent-cleanup-end, 0.0000339 secs]
Application time: 0.0035909 seconds
[GC pause (G1 Evacuation Pause) (young) 49M->48M(64M), 0.0020585 secs]
Application time: 0.0046573 seconds
[GC pause (G1 Evacuation Pause) (mixed) 50M->43M(64M), 0.0039439 secs]
Application time: 0.0075564 seconds
[GC pause (G1 Evacuation Pause) (mixed) 45M->42M(64M), 0.0061457 secs]
Application time: 0.0226381 seconds
[GC pause (G1 Evacuation Pause) (young) 52M->42M(64M), 0.0036519 secs]
Application time: 0.0212541 seconds
[GC pause (G1 Evacuation Pause) (young) (initial-mark) 52M->42M(64M), 0.0011892 secs]
[GC concurrent-root-region-scan-start]
[GC concurrent-root-region-scan-end, 0.0003308 secs]
[GC concurrent-mark-start]
Application time: 0.0422187 seconds
[GC pause (G1 Evacuation Pause) (young) 52M->42M(64M), 0.0013360 secs]
[GC concurrent-mark-end, 0.0737396 secs]
Application time: 0.0264681 seconds
[GC remark, 0.0080146 secs]
Application time: 0.0009495 seconds
[GC cleanup 47M->42M(64M), 0.0002641 secs]
[GC concurrent-cleanup-start]
[GC concurrent-cleanup-end, 0.0000160 secs]
Application time: 0.0115313 seconds
[GC pause (G1 Evacuation Pause) (young) 48M->37M(64M), 0.0014060 secs]
Application time: 0.0077129 seconds
[GC pause (G1 Evacuation Pause) (mixed) 39M->32M(64M), 0.0044679 secs]
Application time: 0.0041895 seconds
[GC pause (G1 Evacuation Pause) (mixed) 34M->30M(64M), 0.0082622 secs]
Application time: 0.0407358 seconds
[GC pause (G1 Evacuation Pause) (young) 52M->30M(64M), 0.0048068 secs]
Application time: 0.0354159 seconds
[GC pause (G1 Evacuation Pause) (young) (initial-mark) 52M->30M(64M), 0.0018786 secs]
[GC concurrent-root-region-scan-start]
[GC concurrent-root-region-scan-end, 0.0005186 secs]
[GC concurrent-mark-start]
[GC concurrent-mark-end, 0.0483302 secs]
Application time: 0.0489683 seconds
[GC remark, 0.0073648 secs]
Application time: 0.0000509 seconds
[GC cleanup 41M->41M(64M), 0.0002447 secs]
Application time: 0.0217122 seconds
[GC pause (G1 Evacuation Pause) (young) 53M->31M(64M), 0.0016251 secs]
Application time: 0.0033685 seconds
[GC pause (G1 Evacuation Pause) (mixed) 33M->29M(64M), 0.0043465 secs]
Application time: 0.0409099 seconds
[GC pause (G1 Evacuation Pause) (young) 53M->35M(64M), 0.0107287 secs]
Application time: 0.0381981 seconds
[GC pause (G1 Evacuation Pause) (young) (initial-mark) 51M->42M(64M), 0.0144918 secs]
[GC concurrent-root-region-scan-start]
[GC concurrent-root-region-scan-end, 0.0032878 secs]
[GC concurrent-mark-start]
Application time: 0.0472687 seconds
[GC pause (G1 Evacuation Pause) (young) 52M->44M(64M), 0.0146145 secs]
[GC concurrent-mark-end, 0.1031786 secs]
Application time: 0.0444868 seconds
[GC remark, 0.0074145 secs]
Application time: 0.0000511 seconds
[GC cleanup 52M->44M(64M), 0.0002685 secs]
[GC concurrent-cleanup-start]
[GC concurrent-cleanup-end, 0.0000219 secs]
Application time: 0.0024452 seconds
[GC pause (G1 Evacuation Pause) (young) 44M->39M(64M), 0.0108826 secs]
Application time: 0.0065662 seconds
[GC pause (G1 Evacuation Pause) (mixed) 40M->34M(64M), 0.0082270 secs]
Application time: 0.0105539 seconds
[GC pause (G1 Evacuation Pause) (mixed) 36M->34M(64M), 0.0057847 secs]
Application time: 0.0418186 seconds
[GC pause (G1 Evacuation Pause) (young) 50M->36M(64M), 0.0045367 secs]
Application time: 0.0354524 seconds
[GC pause (G1 Evacuation Pause) (young) (initial-mark) 50M->37M(64M), 0.0047509 secs]
[GC concurrent-root-region-scan-start]
[GC concurrent-root-region-scan-end, 0.0016491 secs]
[GC concurrent-mark-start]
[GC concurrent-mark-end, 0.0460012 secs]
Application time: 0.0460213 seconds
[GC remark, 0.0072953 secs]
Application time: 0.0016437 seconds
[GC cleanup 45M->41M(64M), 0.0002568 secs]
[GC concurrent-cleanup-start]
[GC concurrent-cleanup-end, 0.0000157 secs]
Application time: 0.0152262 seconds
[GC pause (G1 Evacuation Pause) (young) 48M->34M(64M), 0.0042337 secs]
Application time: 0.0044329 seconds
[GC pause (G1 Evacuation Pause) (mixed) 36M->30M(64M), 0.0050570 secs]
Application time: 0.0411439 seconds
[GC pause (G1 Evacuation Pause) (young) 51M->30M(64M), 0.0035316 secs]
Application time: 0.0374723 seconds
[GC pause (G1 Evacuation Pause) (young) (initial-mark) 52M->30M(64M), 0.0015981 secs]
[GC concurrent-root-region-scan-start]
[GC concurrent-root-region-scan-end, 0.0003940 secs]
[GC concurrent-mark-start]
Application time: 0.0671889 seconds
[GC pause (G1 Evacuation Pause) (young) 52M->30M(64M), 0.0014070 secs]
[GC concurrent-mark-end, 0.1054423 secs]
Application time: 0.0371123 seconds
[GC remark, 0.0077106 secs]
Application time: 0.0000570 seconds
[GC cleanup 42M->42M(64M), 0.0002379 secs]
Application time: 0.0231104 seconds
[GC pause (G1 Evacuation Pause) (young) 53M->36M(64M), 0.0083270 secs]
Application time: 0.0024558 seconds
[GC pause (G1 Evacuation Pause) (mixed) 37M->36M(64M), 0.0087492 secs]
Application time: 0.0302874 seconds
[GC pause (G1 Evacuation Pause) (young) 52M->37M(64M), 0.0074831 secs]
Application time: 0.0290461 seconds
[GC pause (G1 Evacuation Pause) (young) (initial-mark) 53M->40M(64M), 0.0041613 secs]
[GC concurrent-root-region-scan-start]
[GC concurrent-root-region-scan-end, 0.0015162 secs]
[GC concurrent-mark-start]
Application time: 0.0462110 seconds
[GC pause (G1 Evacuation Pause) (young) 52M->41M(64M), 0.0053623 secs]
Application time: 0.0336785 seconds
[GC pause (G1 Evacuation Pause) (young) 52M->45M(64M), 0.0068293 secs]
[GC concurrent-mark-end, 0.1052804 secs]
Application time: 0.0144827 seconds
[GC remark, 0.0081695 secs]
Application time: 0.0000493 seconds
[GC cleanup 50M->46M(64M), 0.0002127 secs]
[GC concurrent-cleanup-start]
[GC concurrent-cleanup-end, 0.0000210 secs]
Application time: 0.0079746 seconds
[GC pause (G1 Evacuation Pause) (young) 49M->43M(64M), 0.0060316 secs]
Application time: 0.0023479 seconds
[GC pause (G1 Evacuation Pause) (mixed) 44M->39M(64M), 0.0056218 secs]
Application time: 0.0042404 seconds
[GC pause (G1 Evacuation Pause) (mixed) 41M->38M(64M), 0.0072533 secs]
Application time: 0.0297712 seconds
[GC pause (G1 Evacuation Pause) (young) 51M->39M(64M), 0.0033001 secs]
Application time: 0.0273976 seconds
[GC pause (G1 Evacuation Pause) (young) (initial-mark) 52M->40M(64M), 0.0033807 secs]
[GC concurrent-root-region-scan-start]
[GC concurrent-root-region-scan-end, 0.0019710 secs]
[GC concurrent-mark-start]
[GC concurrent-mark-end, 0.0454347 secs]
Application time: 0.0474714 seconds
[GC remark, 0.0075033 secs]
Application time: 0.0000543 seconds
[GC cleanup 48M->44M(64M), 0.0002454 secs]
[GC concurrent-cleanup-start]
[GC concurrent-cleanup-end, 0.0000174 secs]
Application time: 0.0089128 seconds
[GC pause (G1 Evacuation Pause) (young) 49M->38M(64M), 0.0060622 secs]
Application time: 0.0029719 seconds
[GC pause (G1 Evacuation Pause) (mixed) 39M->34M(64M), 0.0070630 secs]
Application time: 0.0060567 seconds
[GC pause (G1 Evacuation Pause) (mixed) 36M->33M(64M), 0.0047562 secs]
Application time: 0.0409688 seconds
[GC pause (G1 Evacuation Pause) (young) 52M->35M(64M), 0.0035273 secs]
Application time: 0.0310591 seconds
[GC pause (G1 Evacuation Pause) (young) (initial-mark) 53M->36M(64M), 0.0029967 secs]
[GC concurrent-root-region-scan-start]
[GC concurrent-root-region-scan-end, 0.0002608 secs]
[GC concurrent-mark-start]
Application time: 0.0564342 seconds
[GC pause (G1 Evacuation Pause) (young) 53M->37M(64M), 0.0037580 secs]
[GC concurrent-mark-end, 0.0903474 secs]
Application time: 0.0303339 seconds
[GC remark, 0.0075881 secs]
Application time: 0.0000556 seconds
[GC cleanup 48M->46M(64M), 0.0002514 secs]
[GC concurrent-cleanup-start]
[GC concurrent-cleanup-end, 0.0000156 secs]
Application time: 0.0087058 seconds
[GC pause (G1 Evacuation Pause) (young) 50M->38M(64M), 0.0058628 secs]
Application time: 0.0020588 seconds
[GC pause (G1 Evacuation Pause) (mixed) 39M->36M(64M), 0.0071239 secs]
Application time: 0.0320826 seconds
[GC pause (G1 Evacuation Pause) (young) 52M->37M(64M), 0.0071197 secs]
Application time: 0.0279496 seconds
[GC pause (G1 Evacuation Pause) (young) (initial-mark) 53M->38M(64M), 0.0035543 secs]
[GC concurrent-root-region-scan-start]
[GC concurrent-root-region-scan-end, 0.0021338 secs]
[GC concurrent-mark-start]
Application time: 0.0431049 seconds
[GC pause (G1 Evacuation Pause) (young) 53M->38M(64M), 0.0038494 secs]
[GC concurrent-mark-end, 0.0899202 secs]
Application time: 0.0410132 seconds
[GC remark, 0.0083050 secs]
Application time: 0.0000614 seconds
[GC cleanup 53M->49M(64M), 0.0002849 secs]
[GC concurrent-cleanup-start]
[GC concurrent-cleanup-end, 0.0000227 secs]
Application time: 0.0013027 seconds
[GC pause (G1 Evacuation Pause) (young) 49M->41M(64M), 0.0087294 secs]
Application time: 0.0023812 seconds
[GC pause (G1 Evacuation Pause) (mixed) 42M->38M(64M), 0.0073955 secs]
Application time: 0.0298412 seconds
[GC pause (G1 Evacuation Pause) (young) 50M->42M(64M), 0.0093984 secs]
Application time: 0.0238633 seconds
[GC pause (G1 Evacuation Pause) (young) (initial-mark) 52M->43M(64M), 0.0059302 secs]
[GC concurrent-root-region-scan-start]
[GC concurrent-root-region-scan-end, 0.0007889 secs]
[GC concurrent-mark-start]
[GC concurrent-mark-end, 0.0469285 secs]
Application time: 0.0477936 seconds
[GC remark, 0.0082997 secs]
Application time: 0.0000499 seconds
[GC cleanup 50M->42M(64M), 0.0002723 secs]
[GC concurrent-cleanup-start]
[GC concurrent-cleanup-end, 0.0000176 secs]
Application time: 0.0052772 seconds
[GC pause (G1 Evacuation Pause) (young) 44M->36M(64M), 0.0048500 secs]
Application time: 0.0047248 seconds
[GC pause (G1 Evacuation Pause) (mixed) 37M->31M(64M), 0.0045639 secs]
Application time: 0.0039854 seconds
[GC pause (G1 Evacuation Pause) (mixed) 33M->32M(64M), 0.0052766 secs]
Application time: 0.0431690 seconds
[GC pause (G1 Evacuation Pause) (young) 51M->35M(64M), 0.0045734 secs]
Application time: 0.0372480 seconds
[GC pause (G1 Evacuation Pause) (young) (initial-mark) 52M->36M(64M), 0.0044135 secs]
[GC concurrent-root-region-scan-start]
[GC concurrent-root-region-scan-end, 0.0003557 secs]
[GC concurrent-mark-start]
Application time: 0.0548587 seconds
[GC pause (G1 Evacuation Pause) (young) 52M->35M(64M), 0.0037010 secs]
[GC concurrent-mark-end, 0.0930192 secs]
Application time: 0.0307318 seconds
[GC remark, 0.0075718 secs]
Application time: 0.0020558 seconds
[GC cleanup 47M->46M(64M), 0.0002178 secs]
[GC concurrent-cleanup-start]
[GC concurrent-cleanup-end, 0.0000088 secs]
Application time: 0.0080554 seconds
[GC pause (G1 Evacuation Pause) (young) 51M->34M(64M), 0.0010114 secs]
Application time: 0.0064243 seconds
[GC pause (G1 Evacuation Pause) (mixed) 36M->30M(64M), 0.0056410 secs]
Application time: 0.0052920 seconds
[GC pause (G1 Evacuation Pause) (mixed) 32M->31M(64M), 0.0049391 secs]
Application time: 0.0335937 seconds
[GC pause (G1 Evacuation Pause) (young) 52M->31M(64M), 0.0024442 secs]
Application time: 0.0308536 seconds
[GC pause (G1 Evacuation Pause) (young) (initial-mark) 53M->35M(64M), 0.0046274 secs]
[GC concurrent-root-region-scan-start]
[GC concurrent-root-region-scan-end, 0.0020633 secs]
[GC concurrent-mark-start]
[GC concurrent-mark-end, 0.0651714 secs]
Application time: 0.0672499 seconds
[GC pause (G1 Evacuation Pause) (young) 53M->38M(64M), 0.0075968 secs]
Application time: 0.0023825 seconds
[GC remark, 0.0081088 secs]
Application time: 0.0020828 seconds
[GC cleanup 39M->36M(64M), 0.0002276 secs]
[GC concurrent-cleanup-start]
[GC concurrent-cleanup-end, 0.0000145 secs]
Application time: 0.0235209 seconds
[GC pause (G1 Evacuation Pause) (young) 50M->37M(64M), 0.0060235 secs]
Application time: 0.0014727 seconds
[GC pause (G1 Evacuation Pause) (mixed) 38M->32M(64M), 0.0080243 secs]
Application time: 0.0424272 seconds
[GC pause (G1 Evacuation Pause) (young) 51M->39M(64M), 0.0109473 secs]
Application time: 0.0305267 seconds
[GC pause (G1 Evacuation Pause) (young) (initial-mark) 51M->40M(64M), 0.0091783 secs]
[GC concurrent-root-region-scan-start]
[GC concurrent-root-region-scan-end, 0.0010315 secs]
[GC concurrent-mark-start]
Application time: 0.0487400 seconds
[GC pause (G1 Evacuation Pause) (young) 52M->41M(64M), 0.0051435 secs]
[GC concurrent-mark-end, 0.0949946 secs]
Application time: 0.0380179 seconds
[GC remark, 0.0076565 secs]
Application time: 0.0000579 seconds
[GC cleanup 51M->44M(64M), 0.0002707 secs]
[GC concurrent-cleanup-start]
[GC concurrent-cleanup-end, 0.0000190 secs]
Application time: 0.0045835 seconds
[GC pause (G1 Evacuation Pause) (young) 45M->36M(64M), 0.0036359 secs]
Application time: 0.0015212 seconds
[GC pause (G1 Evacuation Pause) (mixed) 37M->33M(64M), 0.0053260 secs]
Application time: 0.0361719 seconds
[GC pause (G1 Evacuation Pause) (young) 51M->37M(64M), 0.0082005 secs]
Application time: 0.0255819 seconds
[GC pause (G1 Evacuation Pause) (young) (initial-mark) 52M->38M(64M), 0.0044700 secs]
[GC concurrent-root-region-scan-start]
[GC concurrent-root-region-scan-end, 0.0002879 secs]
[GC concurrent-mark-start]
Application time: 0.0532725 seconds
[GC pause (G1 Evacuation Pause) (young) 53M->38M(64M), 0.0032816 secs]
[GC concurrent-mark-end, 0.0745413 secs]
Application time: 0.0181773 seconds
[GC remark, 0.0081703 secs]
Application time: 0.0004072 seconds
[GC cleanup 41M->39M(64M), 0.0002789 secs]
[GC concurrent-cleanup-start]
[GC concurrent-cleanup-end, 0.0000140 secs]
Application time: 0.0199982 seconds
[GC pause (G1 Evacuation Pause) (young) 51M->35M(64M), 0.0011110 secs]
Application time: 0.0035205 seconds
[GC pause (G1 Evacuation Pause) (mixed) 37M->31M(64M), 0.0033242 secs]
Application time: 0.0033128 seconds
[GC pause (G1 Evacuation Pause) (mixed) 33M->30M(64M), 0.0039199 secs]
Application time: 0.0357692 seconds
[GC pause (G1 Evacuation Pause) (young) 52M->35M(64M), 0.0052471 secs]
Application time: 0.0321233 seconds
[GC pause (G1 Evacuation Pause) (young) (initial-mark) 52M->37M(64M), 0.0075680 secs]
[GC concurrent-root-region-scan-start]
[GC concurrent-root-region-scan-end, 0.0027838 secs]
[GC concurrent-mark-start]
Application time: 0.0472403 seconds
[GC pause (G1 Evacuation Pause) (young) 52M->39M(64M), 0.0059416 secs]
[GC concurrent-mark-end, 0.0874901 secs]
Application time: 0.0369554 seconds
[GC remark, 0.0070709 secs]
Application time: 0.0000499 seconds
[GC cleanup 51M->46M(64M), 0.0002808 secs]
[GC concurrent-cleanup-start]
[GC concurrent-cleanup-end, 0.0000181 secs]
Application time: 0.0027899 seconds
[GC pause (G1 Evacuation Pause) (young) 47M->34M(64M), 0.0052979 secs]
Application time: 0.0018314 seconds
[GC pause (G1 Evacuation Pause) (mixed) 35M->31M(64M), 0.0060318 secs]
Application time: 0.0454225 seconds
[GC pause (G1 Evacuation Pause) (young) 52M->39M(64M), 0.0140876 secs]
Application time: 0.0332754 seconds
[GC pause (G1 Evacuation Pause) (young) (initial-mark) 51M->41M(64M), 0.0098373 secs]
[GC concurrent-root-region-scan-start]
[GC concurrent-root-region-scan-end, 0.0006186 secs]
[GC concurrent-mark-start]
Application time: 0.0452946 seconds
[GC pause (G1 Evacuation Pause) (young) 52M->42M(64M), 0.0084272 secs]
Application time: 0.0402788 seconds
[GC pause (G1 Evacuation Pause) (young) 52M->43M(64M), 0.0043078 secs]
[GC concurrent-mark-end, 0.1092248 secs]
Application time: 0.0072759 seconds
[GC remark, 0.0103605 secs]
Application time: 0.0000530 seconds
[GC cleanup 45M->37M(64M), 0.0002492 secs]
[GC concurrent-cleanup-start]
[GC concurrent-cleanup-end, 0.0000209 secs]
Application time: 0.0192496 seconds
[GC pause (G1 Evacuation Pause) (young) 44M->37M(64M), 0.0039706 secs]
Application time: 0.0045850 seconds
[GC pause (G1 Evacuation Pause) (mixed) 39M->34M(64M), 0.0034157 secs]
Application time: 0.0352870 seconds
[GC pause (G1 Evacuation Pause) (young) 51M->34M(64M), 0.0016694 secs]
Application time: 0.0307924 seconds
[GC pause (G1 Evacuation Pause) (young) (initial-mark) 52M->34M(64M), 0.0012179 secs]
[GC concurrent-root-region-scan-start]
[GC concurrent-root-region-scan-end, 0.0002731 secs]
[GC concurrent-mark-start]
Application time: 0.0531332 seconds
[GC pause (G1 Evacuation Pause) (young) 52M->34M(64M), 0.0013577 secs]
[GC concurrent-mark-end, 0.0872146 secs]
Application time: 0.0329154 seconds
[GC remark, 0.0082217 secs]
Application time: 0.0000522 seconds
[GC cleanup 46M->44M(64M), 0.0002978 secs]
[GC concurrent-cleanup-start]
[GC concurrent-cleanup-end, 0.0000238 secs]
Application time: 0.0121336 seconds
[GC pause (G1 Evacuation Pause) (young) 51M->32M(64M), 0.0011275 secs]
Application time: 0.0032364 seconds
[GC pause (G1 Evacuation Pause) (mixed) 34M->29M(64M), 0.0041050 secs]
Application time: 0.0345761 seconds
[GC pause (G1 Evacuation Pause) (young) 53M->34M(64M), 0.0073143 secs]
Application time: 0.0307772 seconds
[GC pause (G1 Evacuation Pause) (young) (initial-mark) 51M->37M(64M), 0.0083553 secs]
[GC concurrent-root-region-scan-start]
[GC concurrent-root-region-scan-end, 0.0022973 secs]
[GC concurrent-mark-start]
Application time: 0.0560921 seconds
[GC pause (G1 Evacuation Pause) (young) 52M->38M(64M), 0.0063735 secs]
[GC concurrent-mark-end, 0.0942657 secs]
Application time: 0.0339540 seconds
[GC remark, 0.0085581 secs]
Application time: 0.0000636 seconds
[GC cleanup 49M->46M(64M), 0.0002785 secs]
[GC concurrent-cleanup-start]
[GC concurrent-cleanup-end, 0.0000232 secs]
Application time: 0.0108145 seconds
[GC pause (G1 Evacuation Pause) (young) 49M->42M(64M), 0.0107804 secs]
Application time: 0.0018611 seconds
[GC pause (G1 Evacuation Pause) (mixed) 43M->39M(64M), 0.0097094 secs]
Application time: 0.0324002 seconds
[GC pause (G1 Evacuation Pause) (young) 51M->42M(64M), 0.0107591 secs]
Application time: 0.0249192 seconds
[GC pause (G1 Evacuation Pause) (young) (initial-mark) 52M->43M(64M), 0.0057440 secs]
[GC concurrent-root-region-scan-start]
[GC concurrent-root-region-scan-end, 0.0008516 secs]
[GC concurrent-mark-start]
Application time: 0.0402366 seconds
[GC pause (G1 Evacuation Pause) (young) 52M->43M(64M), 0.0042616 secs]
Application time: 0.0320542 seconds
[GC pause (G1 Evacuation Pause) (young) 52M->45M(64M), 0.0028956 secs]
[GC concurrent-mark-end, 0.0949631 secs]
Application time: 0.0161736 seconds
[GC remark, 0.0081640 secs]
Application time: 0.0000579 seconds
[GC cleanup 48M->40M(64M), 0.0002724 secs]
[GC concurrent-cleanup-start]
[GC concurrent-cleanup-end, 0.0000211 secs]
Application time: 0.0105046 seconds
[GC pause (G1 Evacuation Pause) (young) 45M->38M(64M), 0.0036242 secs]
Application time: 0.0032311 seconds
[GC pause (G1 Evacuation Pause) (mixed) 39M->36M(64M), 0.0071806 secs]
Application time: 0.0032974 seconds
[GC pause (G1 Evacuation Pause) (mixed) 38M->35M(64M), 0.0102946 secs]
Application time: 0.0341981 seconds
[GC pause (G1 Evacuation Pause) (young) 51M->36M(64M), 0.0059386 secs]
Application time: 0.0285270 seconds
[GC pause (G1 Evacuation Pause) (young) (initial-mark) 52M->36M(64M), 0.0028403 secs]
[GC concurrent-root-region-scan-start]
[GC concurrent-root-region-scan-end, 0.0015895 secs]
[GC concurrent-mark-start]
Application time: 0.0520477 seconds
[GC pause (G1 Evacuation Pause) (young) 53M->36M(64M), 0.0027878 secs]
[GC concurrent-mark-end, 0.0821191 secs]
Application time: 0.0287977 seconds
[GC remark, 0.0075667 secs]
Application time: 0.0000524 seconds
[GC cleanup 47M->45M(64M), 0.0002913 secs]
[GC concurrent-cleanup-start]
[GC concurrent-cleanup-end, 0.0000150 secs]
Application time: 0.0101168 seconds
[GC pause (G1 Evacuation Pause) (young) 51M->36M(64M), 0.0035901 secs]
Application time: 0.0017542 seconds
[GC pause (G1 Evacuation Pause) (mixed) 37M->33M(64M), 0.0072709 secs]
Application time: 0.0034250 seconds
[GC pause (G1 Evacuation Pause) (mixed) 35M->34M(64M), 0.0077482 secs]
Application time: 0.0347373 seconds
[GC pause (G1 Evacuation Pause) (young) 52M->38M(64M), 0.0072594 secs]
Application time: 0.0292211 seconds
[GC pause (G1 Evacuation Pause) (young) (initial-mark) 53M->39M(64M), 0.0068149 secs]
[GC concurrent-root-region-scan-start]
[GC concurrent-root-region-scan-end, 0.0009587 secs]
[GC concurrent-mark-start]
Application time: 0.0516848 seconds
[GC pause (G1 Evacuation Pause) (young) 53M->41M(64M), 0.0069911 secs]
[GC concurrent-mark-end, 0.0996842 secs]
Application time: 0.0379000 seconds
[GC remark, 0.0083819 secs]
Application time: 0.0000642 seconds
[GC cleanup 51M->47M(64M), 0.0003179 secs]
[GC concurrent-cleanup-start]
[GC concurrent-cleanup-end, 0.0000168 secs]
Application time: 0.0028018 seconds
[GC pause (G1 Evacuation Pause) (young) 49M->40M(64M), 0.0052190 secs]
Application time: 0.0018957 seconds
[GC pause (G1 Evacuation Pause) (mixed) 41M->36M(64M), 0.0072794 secs]
Application time: 0.0035602 seconds
[GC pause (G1 Evacuation Pause) (mixed) 38M->35M(64M), 0.0064508 secs]
Application time: 0.0281602 seconds
[GC pause (G1 Evacuation Pause) (young) 52M->36M(64M), 0.0040526 secs]
Application time: 0.0313245 seconds
[GC pause (G1 Evacuation Pause) (young) (initial-mark) 52M->41M(64M), 0.0071497 secs]
[GC concurrent-root-region-scan-start]
[GC concurrent-root-region-scan-end, 0.0017553 secs]
[GC concurrent-mark-start]
Application time: 0.0549704 seconds
[GC pause (G1 Evacuation Pause) (young) 52M->42M(64M), 0.0073015 secs]
[GC concurrent-mark-end, 0.0888534 secs]
Application time: 0.0281774 seconds
[GC remark, 0.0077438 secs]
Application time: 0.0000406 seconds
[GC cleanup 50M->45M(64M), 0.0002571 secs]
[GC concurrent-cleanup-start]
[GC concurrent-cleanup-end, 0.0000209 secs]
Application time: 0.0064302 seconds
[GC pause (G1 Evacuation Pause) (young) 47M->38M(64M), 0.0072122 secs]
Application time: 0.0046085 seconds
[GC pause (G1 Evacuation Pause) (mixed) 39M->34M(64M), 0.0085810 secs]
Application time: 0.0045833 seconds
[GC pause (G1 Evacuation Pause) (mixed) 36M->33M(64M), 0.0142031 secs]
Application time: 0.0049792 seconds
[GC pause (G1 Evacuation Pause) (mixed) 35M->33M(64M), 0.0093088 secs]
Application time: 0.0351327 seconds
[GC pause (G1 Evacuation Pause) (young) 52M->35M(64M), 0.0057729 secs]
Application time: 0.0314645 seconds
[GC pause (G1 Evacuation Pause) (young) (initial-mark) 52M->36M(64M), 0.0041578 secs]
[GC concurrent-root-region-scan-start]
[GC concurrent-root-region-scan-end, 0.0013822 secs]
[GC concurrent-mark-start]
Application time: 0.0483653 seconds
[GC pause (G1 Evacuation Pause) (young) 52M->37M(64M), 0.0041805 secs]
[GC concurrent-mark-end, 0.0927436 secs]
Application time: 0.0375179 seconds
[GC remark, 0.0076488 secs]
Application time: 0.0000647 seconds
[GC cleanup 49M->49M(64M), 0.0002819 secs]
Application time: 0.0073732 seconds
[GC pause (G1 Evacuation Pause) (young) 52M->42M(64M), 0.0080415 secs]
Application time: 0.0040366 seconds
[GC pause (G1 Evacuation Pause) (mixed) 43M->39M(64M), 0.0084849 secs]
Application time: 0.0075661 seconds
[GC pause (G1 Evacuation Pause) (mixed) 41M->37M(64M), 0.0099233 secs]
Application time: 0.0330993 seconds
[GC pause (G1 Evacuation Pause) (young) 51M->38M(64M), 0.0061889 secs]
Application time: 0.0288785 seconds
[GC pause (G1 Evacuation Pause) (young) (initial-mark) 51M->39M(64M), 0.0030614 secs]
[GC concurrent-root-region-scan-start]
[GC concurrent-root-region-scan-end, 0.0008611 secs]
[GC concurrent-mark-start]
Application time: 0.0472205 seconds
[GC pause (G1 Evacuation Pause) (young) 52M->42M(64M), 0.0050499 secs]
Application time: 0.0296300 seconds
[GC pause (G1 Evacuation Pause) (young) 53M->44M(64M), 0.0050403 secs]
[GC concurrent-mark-end, 0.1003070 secs]
Application time: 0.0140028 seconds
[GC remark, 0.0074741 secs]
Application time: 0.0000541 seconds
[GC cleanup 48M->44M(64M), 0.0002729 secs]
[GC concurrent-cleanup-start]
[GC concurrent-cleanup-end, 0.0000189 secs]
Application time: 0.0091269 seconds
[GC pause (G1 Evacuation Pause) (young) 49M->41M(64M), 0.0045075 secs]
Application time: 0.0072732 seconds
[GC pause (G1 Evacuation Pause) (mixed) 43M->37M(64M), 0.0054122 secs]
Application time: 0.0083042 seconds
[GC pause (G1 Evacuation Pause) (mixed) 39M->36M(64M), 0.0050919 secs]
Application time: 0.0269184 seconds
[GC pause (G1 Evacuation Pause) (young) 52M->36M(64M), 0.0025067 secs]
Application time: 0.0303900 seconds
[GC pause (G1 Evacuation Pause) (young) (initial-mark) 53M->41M(64M), 0.0059765 secs]
[GC concurrent-root-region-scan-start]
[GC concurrent-root-region-scan-end, 0.0020323 secs]
[GC concurrent-mark-start]
[GC concurrent-mark-end, 0.0432329 secs]
Application time: 0.0453417 seconds
[GC remark, 0.0084717 secs]
Application time: 0.0000566 seconds
[GC cleanup 49M->42M(64M), 0.0002843 secs]
[GC concurrent-cleanup-start]
[GC concurrent-cleanup-end, 0.0000284 secs]
Application time: 0.0099081 seconds
[GC pause (G1 Evacuation Pause) (young) 45M->36M(64M), 0.0085430 secs]
Application time: 0.0029783 seconds
[GC pause (G1 Evacuation Pause) (mixed) 37M->33M(64M), 0.0101308 secs]
Application time: 0.0059561 seconds
[GC pause (G1 Evacuation Pause) (mixed) 35M->30M(64M), 0.0100676 secs]
Application time: 0.0488871 seconds
[GC pause (G1 Evacuation Pause) (young) 51M->31M(64M), 0.0031050 secs]
Application time: 0.0426529 seconds
[GC pause (G1 Evacuation Pause) (young) (initial-mark) 53M->33M(64M), 0.0041304 secs]
[GC concurrent-root-region-scan-start]
[GC concurrent-root-region-scan-end, 0.0022559 secs]
[GC concurrent-mark-start]
Application time: 0.0723368 seconds
[GC pause (G1 Evacuation Pause) (young) 53M->34M(64M), 0.0042085 secs]
[GC concurrent-mark-end, 0.0792501 secs]
Application time: 0.0048013 seconds
[GC remark, 0.0078769 secs]
Application time: 0.0006405 seconds
[GC cleanup 35M->33M(64M), 0.0002137 secs]
[GC concurrent-cleanup-start]
[GC concurrent-cleanup-end, 0.0000100 secs]
Application time: 0.0279352 seconds
[GC pause (G1 Evacuation Pause) (young) 51M->32M(64M), 0.0038877 secs]
Application time: 0.0037873 seconds
[GC pause (G1 Evacuation Pause) (mixed) 33M->32M(64M), 0.0037621 secs]
Application time: 0.0384255 seconds
[GC pause (G1 Evacuation Pause) (young) 53M->36M(64M), 0.0083609 secs]
Application time: 0.0339950 seconds
[GC pause (G1 Evacuation Pause) (young) (initial-mark) 53M->38M(64M), 0.0080662 secs]
[GC concurrent-root-region-scan-start]
[GC concurrent-root-region-scan-end, 0.0010455 secs]
[GC concurrent-mark-start]
Application time: 0.0518438 seconds
[GC pause (G1 Evacuation Pause) (young) 52M->39M(64M), 0.0073709 secs]
Application time: 0.0410305 seconds
[GC concurrent-mark-end, 0.0994253 secs]
[GC pause (G1 Evacuation Pause) (young) 52M->42M(64M), 0.0054432 secs]
Application time: 0.0000419 seconds
[GC remark, 0.0074405 secs]
Application time: 0.0000616 seconds
[GC cleanup 42M->37M(64M), 0.0002847 secs]
[GC concurrent-cleanup-start]
[GC concurrent-cleanup-end, 0.0000210 secs]
Application time: 0.0274759 seconds
[GC pause (G1 Evacuation Pause) (young) 48M->38M(64M), 0.0043217 secs]
Application time: 0.0036964 seconds
[GC pause (G1 Evacuation Pause) (mixed) 40M->34M(64M), 0.0047053 secs]
Application time: 0.0349459 seconds
[GC pause (G1 Evacuation Pause) (young) 52M->40M(64M), 0.0089355 secs]
Application time: 0.0280082 seconds
[GC pause (G1 Evacuation Pause) (young) (initial-mark) 52M->41M(64M), 0.0082860 secs]
[GC concurrent-root-region-scan-start]
[GC concurrent-root-region-scan-end, 0.0018933 secs]
[GC concurrent-mark-start]
Application time: 0.0538265 seconds
[GC pause (G1 Evacuation Pause) (young) 52M->43M(64M), 0.0061517 secs]
Application time: 0.0336934 seconds
[GC pause (G1 Evacuation Pause) (young) 52M->46M(64M), 0.0069441 secs]
[GC concurrent-mark-end, 0.1146761 secs]
Application time: 0.0144938 seconds
[GC remark, 0.0079169 secs]
Application time: 0.0000692 seconds
[GC cleanup 49M->45M(64M), 0.0002768 secs]
[GC concurrent-cleanup-start]
[GC concurrent-cleanup-end, 0.0000189 secs]
Application time: 0.0096461 seconds
[GC pause (G1 Evacuation Pause) (young) 49M->43M(64M), 0.0057459 secs]
Application time: 0.0149868 seconds
[GC pause (G1 Evacuation Pause) (mixed) 44M->39M(64M), 0.0089350 secs]
Application time: 0.0049841 seconds
[GC pause (G1 Evacuation Pause) (mixed) 41M->36M(64M), 0.0106534 secs]
Application time: 0.0314963 seconds
[GC pause (G1 Evacuation Pause) (young) 52M->36M(64M), 0.0044891 secs]
Application time: 0.0532757 seconds
[GC pause (G1 Evacuation Pause) (young) (initial-mark) 53M->36M(64M), 0.0026461 secs]
[GC concurrent-root-region-scan-start]
[GC concurrent-root-region-scan-end, 0.0009855 secs]
[GC concurrent-mark-start]
Application time: 0.0556149 seconds
[GC pause (G1 Evacuation Pause) (young) 52M->36M(64M), 0.0025860 secs]
[GC concurrent-mark-end, 0.0852405 secs]
Application time: 0.0278829 seconds
[GC remark, 0.0084771 secs]
Application time: 0.0000619 seconds
[GC cleanup 44M->41M(64M), 0.0002943 secs]
[GC concurrent-cleanup-start]
[GC concurrent-cleanup-end, 0.0000129 secs]
Application time: 0.0204454 seconds
[GC pause (G1 Evacuation Pause) (young) 51M->39M(64M), 0.0085344 secs]
Application time: 0.0024202 seconds
[GC pause (G1 Evacuation Pause) (mixed) 40M->35M(64M), 0.0108052 secs]
Application time: 0.0397419 seconds
[GC pause (G1 Evacuation Pause) (young) 51M->35M(64M), 0.0091877 secs]
Application time: 0.0322519 seconds
[GC pause (G1 Evacuation Pause) (young) (initial-mark) 52M->37M(64M), 0.0036778 secs]
[GC concurrent-root-region-scan-start]
[GC concurrent-root-region-scan-end, 0.0019439 secs]
[GC concurrent-mark-start]
[GC concurrent-mark-end, 0.0571448 secs]
Application time: 0.0591835 seconds
[GC remark, 0.0086230 secs]
Application time: 0.0000826 seconds
[GC cleanup 48M->42M(64M), 0.0003057 secs]
[GC concurrent-cleanup-start]
[GC concurrent-cleanup-end, 0.0000353 secs]
Application time: 0.0089605 seconds
[GC pause (G1 Evacuation Pause) (young) 46M->32M(64M), 0.0057073 secs]
Application time: 0.0076003 seconds
[GC pause (G1 Evacuation Pause) (mixed) 33M->31M(64M), 0.0067497 secs]
Application time: 0.0387728 seconds
[GC pause (G1 Evacuation Pause) (young) 51M->38M(64M), 0.0102681 secs]
Application time: 0.0340464 seconds
[GC pause (G1 Evacuation Pause) (young) (initial-mark) 52M->40M(64M), 0.0107627 secs]
[GC concurrent-root-region-scan-start]
[GC concurrent-root-region-scan-end, 0.0146413 secs]
[GC concurrent-mark-start]
Application time: 0.0891323 seconds
[GC pause (G1 Evacuation Pause) (young) 52M->41M(64M), 0.0112777 secs]
[GC concurrent-mark-end, 0.0920047 secs]
Application time: 0.0061354 seconds
[GC remark, 0.0088734 secs]
Application time: 0.0047434 seconds
[GC cleanup 45M->40M(64M), 0.0003300 secs]
[GC concurrent-cleanup-start]
[GC concurrent-cleanup-end, 0.0000219 secs]
Application time: 0.0221287 seconds
[GC pause (G1 Evacuation Pause) (young) 47M->36M(64M), 0.0084176 secs]
Application time: 0.0023289 seconds
[GC pause (G1 Evacuation Pause) (mixed) 37M->32M(64M), 0.0056365 secs]
Application time: 0.0071689 seconds
[GC pause (G1 Evacuation Pause) (mixed) 34M->32M(64M), 0.0061676 secs]
Application time: 0.0469042 seconds
[GC pause (G1 Evacuation Pause) (young) 51M->34M(64M), 0.0048772 secs]
Application time: 0.0327060 seconds
[GC pause (G1 Evacuation Pause) (young) (initial-mark) 51M->34M(64M), 0.0040976 secs]
[GC concurrent-root-region-scan-start]
[GC concurrent-root-region-scan-end, 0.0005277 secs]
[GC concurrent-mark-start]
Application time: 0.0719905 seconds
[GC pause (G1 Evacuation Pause) (young) 52M->34M(64M), 0.0036140 secs]
[GC concurrent-mark-end, 0.1230701 secs]
Application time: 0.0437304 seconds
[GC remark, 0.0075553 secs]
Application time: 0.0000619 seconds
[GC cleanup 44M->44M(64M), 0.0002349 secs]
Application time: 0.0147949 seconds
[GC pause (G1 Evacuation Pause) (young) 52M->34M(64M), 0.0015779 secs]
Application time: 0.0041594 seconds
[GC pause (G1 Evacuation Pause) (mixed) 36M->29M(64M), 0.0047664 secs]
Application time: 0.0089053 seconds
[GC pause (G1 Evacuation Pause) (mixed) 31M->29M(64M), 0.0059073 secs]
Application time: 0.0504604 seconds
[GC pause (G1 Evacuation Pause) (young) 53M->36M(64M), 0.0099807 secs]
Application time: 0.0395221 seconds
[GC pause (G1 Evacuation Pause) (young) (initial-mark) 52M->37M(64M), 0.0087940 secs]
[GC concurrent-root-region-scan-start]
[GC concurrent-root-region-scan-end, 0.0013574 secs]
[GC concurrent-mark-start]
[GC concurrent-mark-end, 0.0556304 secs]
Application time: 0.0570814 seconds
[GC remark, 0.0089297 secs]
Application time: 0.0040828 seconds
[GC cleanup 49M->44M(64M), 0.0002581 secs]
[GC concurrent-cleanup-start]
[GC concurrent-cleanup-end, 0.0000141 secs]
Application time: 0.0077321 seconds
[GC pause (G1 Evacuation Pause) (young) 47M->33M(64M), 0.0086552 secs]
Application time: 0.0015408 seconds
[GC pause (G1 Evacuation Pause) (mixed) 34M->32M(64M), 0.0052754 secs]
Application time: 0.0418014 seconds
[GC pause (G1 Evacuation Pause) (young) 52M->38M(64M), 0.0114618 secs]
Application time: 0.0332578 seconds
[GC pause (G1 Evacuation Pause) (young) (initial-mark) 51M->41M(64M), 0.0096292 secs]
[GC concurrent-root-region-scan-start]
[GC concurrent-root-region-scan-end, 0.0030974 secs]
[GC concurrent-mark-start]
Application time: 0.0573394 seconds
[GC pause (G1 Evacuation Pause) (young) 52M->43M(64M), 0.0141016 secs]
[GC concurrent-mark-end, 0.0965369 secs]
Application time: 0.0232505 seconds
[GC remark, 0.0083417 secs]
Application time: 0.0020233 seconds
[GC cleanup 47M->40M(64M), 0.0002833 secs]
[GC concurrent-cleanup-start]
[GC concurrent-cleanup-end, 0.0000179 secs]
Application time: 0.0130382 seconds
[GC pause (G1 Evacuation Pause) (young) 45M->38M(64M), 0.0074002 secs]
Application time: 0.0021532 seconds
[GC pause (G1 Evacuation Pause) (mixed) 39M->36M(64M), 0.0086650 secs]
Application time: 0.0037781 seconds
[GC pause (G1 Evacuation Pause) (mixed) 38M->37M(64M), 0.0117448 secs]
Application time: 0.0348210 seconds
[GC pause (G1 Evacuation Pause) (young) 52M->39M(64M), 0.0075326 secs]
Application time: 0.0264114 seconds
[GC pause (G1 Evacuation Pause) (young) (initial-mark) 51M->40M(64M), 0.0041850 secs]
[GC concurrent-root-region-scan-start]
[GC concurrent-root-region-scan-end, 0.0003393 secs]
[GC concurrent-mark-start]
Application time: 0.0472872 seconds
[GC pause (G1 Evacuation Pause) (young) 52M->40M(64M), 0.0035689 secs]
Application time: 0.0370044 seconds
[GC pause (G1 Evacuation Pause) (young) 52M->40M(64M), 0.0012413 secs]
[GC concurrent-mark-end, 0.1017332 secs]
Application time: 0.0127903 seconds
[GC remark, 0.0081021 secs]
Application time: 0.0015531 seconds
[GC cleanup 45M->42M(64M), 0.0002858 secs]
[GC concurrent-cleanup-start]
[GC concurrent-cleanup-end, 0.0000141 secs]
Application time: 0.0140601 seconds
[GC pause (G1 Evacuation Pause) (young) 50M->37M(64M), 0.0012181 secs]
Application time: 0.0038040 seconds
[GC pause (G1 Evacuation Pause) (mixed) 39M->31M(64M), 0.0032497 secs]
Application time: 0.0076974 seconds
[GC pause (G1 Evacuation Pause) (mixed) 33M->30M(64M), 0.0073843 secs]
Application time: 0.0389342 seconds
[GC pause (G1 Evacuation Pause) (young) 52M->30M(64M), 0.0046978 secs]
Application time: 0.0405075 seconds
[GC pause (G1 Evacuation Pause) (young) (initial-mark) 53M->37M(64M), 0.0079128 secs]
[GC concurrent-root-region-scan-start]
[GC concurrent-root-region-scan-end, 0.0021341 secs]
[GC concurrent-mark-start]
Application time: 0.0683682 seconds
[GC pause (G1 Evacuation Pause) (young) 53M->38M(64M), 0.0098316 secs]
[GC concurrent-mark-end, 0.0975503 secs]
Application time: 0.0210752 seconds
[GC remark, 0.0084636 secs]
Application time: 0.0025264 seconds
[GC cleanup 44M->40M(64M), 0.0002739 secs]
[GC concurrent-cleanup-start]
[GC concurrent-cleanup-end, 0.0000300 secs]
Application time: 0.0175425 seconds
[GC pause (G1 Evacuation Pause) (young) 49M->36M(64M), 0.0092662 secs]
Application time: 0.0028259 seconds
[GC pause (G1 Evacuation Pause) (mixed) 37M->35M(64M), 0.0094119 secs]
Application time: 0.0045994 seconds
[GC pause (G1 Evacuation Pause) (mixed) 37M->34M(64M), 0.0108402 secs]
Application time: 0.0394431 seconds
[GC pause (G1 Evacuation Pause) (young) 52M->41M(64M), 0.0108174 secs]
Application time: 0.0342780 seconds
[GC pause (G1 Evacuation Pause) (young) (initial-mark) 52M->42M(64M), 0.0096568 secs]
[GC concurrent-root-region-scan-start]
[GC concurrent-root-region-scan-end, 0.0008988 secs]
[GC concurrent-mark-start]
Application time: 0.0495991 seconds
[GC pause (G1 Evacuation Pause) (young) 53M->43M(64M), 0.0075370 secs]
Application time: 0.0413911 seconds
[GC pause (G1 Evacuation Pause) (young) 53M->43M(64M), 0.0030068 secs]
[GC concurrent-mark-end, 0.1065146 secs]
Application time: 0.0056749 seconds
[GC remark, 0.0081258 secs]
Application time: 0.0000514 seconds
[GC cleanup 45M->40M(64M), 0.0002576 secs]
[GC concurrent-cleanup-start]
[GC concurrent-cleanup-end, 0.0000182 secs]
Application time: 0.0322709 seconds
[GC pause (G1 Evacuation Pause) (young) 48M->40M(64M), 0.0046877 secs]
Application time: 0.0036235 seconds
[GC pause (G1 Evacuation Pause) (mixed) 41M->36M(64M), 0.0054306 secs]
Application time: 0.0050997 seconds
[GC pause (G1 Evacuation Pause) (mixed) 38M->35M(64M), 0.0088782 secs]
Application time: 0.0383275 seconds
[GC pause (G1 Evacuation Pause) (young) 52M->36M(64M), 0.0064477 secs]
Application time: 0.0310807 seconds
[GC pause (G1 Evacuation Pause) (young) (initial-mark) 52M->36M(64M), 0.0031106 secs]
[GC concurrent-root-region-scan-start]
[GC concurrent-root-region-scan-end, 0.0012345 secs]
[GC concurrent-mark-start]
Application time: 0.0652835 seconds
[GC pause (G1 Evacuation Pause) (young) 53M->36M(64M), 0.0033173 secs]
[GC concurrent-mark-end, 0.0954509 secs]
Application time: 0.0279392 seconds
[GC remark, 0.0070668 secs]
Application time: 0.0000650 seconds
[GC cleanup 46M->44M(64M), 0.0002602 secs]
[GC concurrent-cleanup-start]
[GC concurrent-cleanup-end, 0.0000139 secs]
Application time: 0.0176652 seconds
[GC pause (G1 Evacuation Pause) (young) 51M->34M(64M), 0.0030661 secs]
Application time: 0.0020790 seconds
[GC pause (G1 Evacuation Pause) (mixed) 35M->30M(64M), 0.0066526 secs]
Application time: 0.0411863 seconds
[GC pause (G1 Evacuation Pause) (young) 53M->35M(64M), 0.0129584 secs]
Application time: 0.0370959 seconds
[GC pause (G1 Evacuation Pause) (young) (initial-mark) 52M->37M(64M), 0.0126973 secs]
[GC concurrent-root-region-scan-start]
[GC concurrent-root-region-scan-end, 0.0012872 secs]
[GC concurrent-mark-start]
Application time: 0.0550907 seconds
[GC pause (G1 Evacuation Pause) (young) 52M->37M(64M), 0.0065544 secs]
[GC concurrent-mark-end, 0.0888387 secs]
Application time: 0.0283623 seconds
[GC remark, 0.0082966 secs]
Application time: 0.0015243 seconds
[GC cleanup 46M->41M(64M), 0.0002620 secs]
[GC concurrent-cleanup-start]
[GC concurrent-cleanup-end, 0.0000162 secs]
Application time: 0.0138893 seconds
[GC pause (G1 Evacuation Pause) (young) 47M->40M(64M), 0.0078873 secs]
Application time: 0.0017109 seconds
[GC pause (G1 Evacuation Pause) (mixed) 41M->38M(64M), 0.0107384 secs]
Application time: 0.0324060 seconds
[GC pause (G1 Evacuation Pause) (young) 50M->43M(64M), 0.0166927 secs]
Application time: 0.0352010 seconds
[GC pause (G1 Evacuation Pause) (young) (initial-mark) 51M->44M(64M), 0.0163013 secs]
[GC concurrent-root-region-scan-start]
[GC concurrent-root-region-scan-end, 0.0005189 secs]
[GC concurrent-mark-start]
Application time: 0.0443167 seconds
[GC pause (G1 Evacuation Pause) (young) 52M->45M(64M), 0.0048982 secs]
[GC concurrent-mark-end, 0.0754476 secs]
Application time: 0.0266687 seconds
[GC remark, 0.0084893 secs]
Application time: 0.0000581 seconds
[GC cleanup 48M->43M(64M), 0.0002987 secs]
[GC concurrent-cleanup-start]
[GC concurrent-cleanup-end, 0.0000223 secs]
Application time: 0.0145673 seconds
[GC pause (G1 Evacuation Pause) (young) 47M->40M(64M), 0.0022843 secs]
Application time: 0.0036207 seconds
[GC pause (G1 Evacuation Pause) (mixed) 41M->37M(64M), 0.0056270 secs]
Application time: 0.0046210 seconds
[GC pause (G1 Evacuation Pause) (mixed) 39M->32M(64M), 0.0169798 secs]
Application time: 0.0055665 seconds
[GC pause (G1 Evacuation Pause) (mixed) 34M->33M(64M), 0.0077132 secs]
Application time: 0.0492272 seconds
[GC pause (G1 Evacuation Pause) (young) 51M->34M(64M), 0.0054472 secs]
Application time: 0.0354562 seconds
[GC pause (G1 Evacuation Pause) (young) (initial-mark) 51M->35M(64M), 0.0037608 secs]
[GC concurrent-root-region-scan-start]
[GC concurrent-root-region-scan-end, 0.0003955 secs]
[GC concurrent-mark-start]
Application time: 0.0581552 seconds
[GC pause (G1 Evacuation Pause) (young) 52M->34M(64M), 0.0028999 secs]
[GC concurrent-mark-end, 0.0943943 secs]
Application time: 0.0335494 seconds
[GC remark, 0.0085053 secs]
Application time: 0.0000540 seconds
[GC cleanup 45M->44M(64M), 0.0002744 secs]
[GC concurrent-cleanup-start]
[GC concurrent-cleanup-end, 0.0000092 secs]
Application time: 0.0154819 seconds
[GC pause (G1 Evacuation Pause) (young) 51M->33M(64M), 0.0012378 secs]
Application time: 0.0042085 seconds
[GC pause (G1 Evacuation Pause) (mixed) 35M->29M(64M), 0.0052127 secs]
Application time: 0.0038591 seconds
[GC pause (G1 Evacuation Pause) (mixed) 31M->30M(64M), 0.0067759 secs]
Application time: 0.0439002 seconds
[GC pause (G1 Evacuation Pause) (young) 52M->36M(64M), 0.0101073 secs]
Application time: 0.0379150 seconds
[GC pause (G1 Evacuation Pause) (young) (initial-mark) 52M->37M(64M), 0.0085903 secs]
[GC concurrent-root-region-scan-start]
[GC concurrent-root-region-scan-end, 0.0012098 secs]
[GC concurrent-mark-start]
[GC concurrent-mark-end, 0.0488129 secs]
Application time: 0.0501525 seconds
[GC remark, 0.0078070 secs]
Application time: 0.0000408 seconds
[GC cleanup 45M->42M(64M), 0.0002687 secs]
[GC concurrent-cleanup-start]
[GC concurrent-cleanup-end, 0.0000120 secs]
Application time: 0.0276628 seconds
[GC pause (G1 Evacuation Pause) (young) 49M->35M(64M), 0.0076316 secs]
Application time: 0.0018303 seconds
[GC pause (G1 Evacuation Pause) (mixed) 36M->32M(64M), 0.0069307 secs]
Application time: 0.0401159 seconds
[GC pause (G1 Evacuation Pause) (young) 52M->35M(64M), 0.0100948 secs]
Application time: 0.0363942 seconds
[GC pause (G1 Evacuation Pause) (young) (initial-mark) 52M->42M(64M), 0.0131551 secs]
[GC concurrent-root-region-scan-start]
[GC concurrent-root-region-scan-end, 0.0087179 secs]
[GC concurrent-mark-start]
Application time: 0.0488219 seconds
[GC pause (G1 Evacuation Pause) (young) 52M->44M(64M), 0.0117412 secs]
[GC concurrent-mark-end, 0.0839497 secs]
Application time: 0.0320246 seconds
[GC remark, 0.0084572 secs]
Application time: 0.0000380 seconds
[GC cleanup 50M->43M(64M), 0.0002684 secs]
[GC concurrent-cleanup-start]
[GC concurrent-cleanup-end, 0.0000186 secs]
Application time: 0.0096481 seconds
[GC pause (G1 Evacuation Pause) (young) 45M->37M(64M), 0.0069850 secs]
Application time: 0.0059941 seconds
[GC pause (G1 Evacuation Pause) (mixed) 38M->32M(64M), 0.0037683 secs]
Application time: 0.0054766 seconds
[GC pause (G1 Evacuation Pause) (mixed) 34M->31M(64M), 0.0130057 secs]
Application time: 0.0516580 seconds
[GC pause (G1 Evacuation Pause) (young) 51M->33M(64M), 0.0095448 secs]
Application time: 0.0420429 seconds
[GC pause (G1 Evacuation Pause) (young) (initial-mark) 51M->34M(64M), 0.0049707 secs]
[GC concurrent-root-region-scan-start]
[GC concurrent-root-region-scan-end, 0.0015382 secs]
[GC concurrent-mark-start]
Application time: 0.0674472 seconds
[GC pause (G1 Evacuation Pause) (young) 51M->35M(64M), 0.0045845 secs]
[GC concurrent-mark-end, 0.0938935 secs]
Application time: 0.0233106 seconds
[GC remark, 0.0085156 secs]
Application time: 0.0000501 seconds
[GC cleanup 41M->40M(64M), 0.0002278 secs]
[GC concurrent-cleanup-start]
[GC concurrent-cleanup-end, 0.0000085 secs]
Application time: 0.0211138 seconds
[GC pause (G1 Evacuation Pause) (young) 51M->34M(64M), 0.0024286 secs]
Application time: 0.0039754 seconds
[GC pause (G1 Evacuation Pause) (mixed) 36M->31M(64M), 0.0061030 secs]
Application time: 0.0083363 seconds
[GC pause (G1 Evacuation Pause) (mixed) 33M->30M(64M), 0.0072947 secs]
Application time: 0.0407878 seconds
[GC pause (G1 Evacuation Pause) (young) 52M->33M(64M), 0.0049585 secs]
Application time: 0.0416395 seconds
[GC pause (G1 Evacuation Pause) (young) (initial-mark) 53M->36M(64M), 0.0091454 secs]
[GC concurrent-root-region-scan-start]
[GC concurrent-root-region-scan-end, 0.0032911 secs]
[GC concurrent-mark-start]
Application time: 0.0761841 seconds
[GC pause (G1 Evacuation Pause) (young) 52M->39M(64M), 0.0089797 secs]
[GC concurrent-mark-end, 0.1044183 secs]
Application time: 0.0184701 seconds
[GC remark, 0.0083944 secs]
Application time: 0.0021372 seconds
[GC cleanup 45M->42M(64M), 0.0003858 secs]
[GC concurrent-cleanup-start]
[GC concurrent-cleanup-end, 0.0000122 secs]
Application time: 0.0150209 seconds
[GC pause (G1 Evacuation Pause) (young) 49M->37M(64M), 0.0072270 secs]
Application time: 0.0021701 seconds
[GC pause (G1 Evacuation Pause) (mixed) 38M->35M(64M), 0.0061119 secs]
Application time: 0.0362493 seconds
[GC pause (G1 Evacuation Pause) (young) 52M->38M(64M), 0.0084131 secs]
Application time: 0.0349067 seconds
[GC pause (G1 Evacuation Pause) (young) (initial-mark) 53M->44M(64M), 0.0109154 secs]
[GC concurrent-root-region-scan-start]
[GC concurrent-root-region-scan-end, 0.0024858 secs]
[GC concurrent-mark-start]
Application time: 0.0482793 seconds
[GC pause (G1 Evacuation Pause) (young) 52M->46M(64M), 0.0108203 secs]
Application time: 0.0364330 seconds
[GC pause (G1 Evacuation Pause) (young) 54M->47M(64M), 0.0061936 secs]
[GC concurrent-mark-end, 0.1274924 secs]
Application time: 0.0280037 seconds
[GC remark, 0.0077212 secs]
Application time: 0.0000517 seconds
[GC cleanup 54M->50M(64M), 0.0002727 secs]
[GC concurrent-cleanup-start]
[GC concurrent-cleanup-end, 0.0000337 secs]
Application time: 0.0031969 seconds
[GC pause (G1 Evacuation Pause) (young) 50M->44M(64M), 0.0052460 secs]
Application time: 0.0047063 seconds
[GC pause (G1 Evacuation Pause) (mixed) 45M->40M(64M), 0.0072132 secs]
Application time: 0.0064953 seconds
[GC pause (G1 Evacuation Pause) (mixed) 42M->37M(64M), 0.0103247 secs]
Application time: 0.0053766 seconds
[GC pause (G1 Evacuation Pause) (mixed) 39M->36M(64M), 0.0109440 secs]
Application time: 0.0392202 seconds
[GC pause (G1 Evacuation Pause) (young) 51M->39M(64M), 0.0090943 secs]
Application time: 0.0308009 seconds
[GC pause (G1 Evacuation Pause) (young) (initial-mark) 52M->39M(64M), 0.0046301 secs]
[GC concurrent-root-region-scan-start]
[GC concurrent-root-region-scan-end, 0.0008341 secs]
[GC concurrent-mark-start]
Application time: 0.0466111 seconds
[GC pause (G1 Evacuation Pause) (young) 52M->39M(64M), 0.0042120 secs]
Application time: 0.0511351 seconds
[GC pause (G1 Evacuation Pause) (young) 53M->39M(64M), 0.0031230 secs]
[GC concurrent-mark-end, 0.1309332 secs]
Application time: 0.0171425 seconds
[GC remark, 0.0084893 secs]
Application time: 0.0020425 seconds
[GC cleanup 45M->42M(64M), 0.0002857 secs]
[GC concurrent-cleanup-start]
[GC concurrent-cleanup-end, 0.0000108 secs]
Application time: 0.0163663 seconds
[GC pause (G1 Evacuation Pause) (young) 50M->36M(64M), 0.0033348 secs]
Application time: 0.0021447 seconds
[GC pause (G1 Evacuation Pause) (mixed) 37M->32M(64M), 0.0048997 secs]
Application time: 0.0039097 seconds
[GC pause (G1 Evacuation Pause) (mixed) 34M->29M(64M), 0.0092224 secs]
Application time: 0.0479593 seconds
[GC pause (G1 Evacuation Pause) (young) 52M->35M(64M), 0.0130069 secs]
Application time: 0.0403288 seconds
[GC pause (G1 Evacuation Pause) (young) (initial-mark) 52M->37M(64M), 0.0101087 secs]
[GC concurrent-root-region-scan-start]
[GC concurrent-root-region-scan-end, 0.0009372 secs]
[GC concurrent-mark-start]
Application time: 0.0610089 seconds
[GC pause (G1 Evacuation Pause) (young) 52M->39M(64M), 0.0084390 secs]
[GC concurrent-mark-end, 0.1065888 secs]
Application time: 0.0380029 seconds
[GC remark, 0.0079872 secs]
Application time: 0.0000445 seconds
[GC cleanup 49M->44M(64M), 0.0002654 secs]
[GC concurrent-cleanup-start]
[GC concurrent-cleanup-end, 0.0000134 secs]
Application time: 0.0086242 seconds
[GC pause (G1 Evacuation Pause) (young) 47M->37M(64M), 0.0064397 secs]
Application time: 0.0021705 seconds
[GC pause (G1 Evacuation Pause) (mixed) 38M->35M(64M), 0.0061762 secs]
Application time: 0.0314377 seconds
[GC pause (G1 Evacuation Pause) (young) 51M->37M(64M), 0.0050077 secs]
Application time: 0.0382774 seconds
[GC pause (G1 Evacuation Pause) (young) (initial-mark) 52M->41M(64M), 0.0085774 secs]
[GC concurrent-root-region-scan-start]
[GC concurrent-root-region-scan-end, 0.0032246 secs]
[GC concurrent-mark-start]
Application time: 0.0632114 seconds
[GC pause (G1 Evacuation Pause) (young) 52M->43M(64M), 0.0088819 secs]
Application time: 0.0361774 seconds
[GC pause (G1 Evacuation Pause) (young) 52M->45M(64M), 0.0087470 secs]
[GC concurrent-mark-end, 0.1155730 secs]
Application time: 0.0014958 seconds
[GC remark, 0.0078370 secs]
Application time: 0.0000490 seconds
[GC cleanup 45M->41M(64M), 0.0002513 secs]
[GC concurrent-cleanup-start]
[GC concurrent-cleanup-end, 0.0000106 secs]
Application time: 0.0304719 seconds
[GC pause (G1 Evacuation Pause) (young) 49M->44M(64M), 0.0047525 secs]
Application time: 0.0023555 seconds
[GC pause (G1 Evacuation Pause) (mixed) 45M->38M(64M), 0.0058670 secs]
Application time: 0.0064411 seconds
[GC pause (G1 Evacuation Pause) (mixed) 40M->37M(64M), 0.0047805 secs]
Application time: 0.0337418 seconds
[GC pause (G1 Evacuation Pause) (young) 52M->37M(64M), 0.0032495 secs]
Application time: 0.0288058 seconds
[GC pause (G1 Evacuation Pause) (young) (initial-mark) 52M->37M(64M), 0.0022407 secs]
[GC concurrent-root-region-scan-start]
[GC concurrent-root-region-scan-end, 0.0017060 secs]
[GC concurrent-mark-start]
[GC concurrent-mark-end, 0.0535118 secs]
Application time: 0.0552999 seconds
[GC remark, 0.0072248 secs]
Application time: 0.0000479 seconds
[GC cleanup 48M->46M(64M), 0.0002881 secs]
[GC concurrent-cleanup-start]
[GC concurrent-cleanup-end, 0.0000098 secs]
Application time: 0.0111624 seconds
[GC pause (G1 Evacuation Pause) (young) 50M->35M(64M), 0.0020162 secs]
Application time: 0.0021115 seconds
[GC pause (G1 Evacuation Pause) (mixed) 36M->30M(64M), 0.0052850 secs]
Application time: 0.0040507 seconds
[GC pause (G1 Evacuation Pause) (mixed) 32M->30M(64M), 0.0046772 secs]
Application time: 0.0398759 seconds
[GC pause (G1 Evacuation Pause) (young) 52M->30M(64M), 0.0020945 secs]
Application time: 0.0408373 seconds
[GC pause (G1 Evacuation Pause) (young) (initial-mark) 53M->35M(64M), 0.0069738 secs]
[GC concurrent-root-region-scan-start]
[GC concurrent-root-region-scan-end, 0.0024673 secs]
[GC concurrent-mark-start]
Application time: 0.0568352 seconds
[GC pause (G1 Evacuation Pause) (young) 52M->37M(64M), 0.0094035 secs]
[GC concurrent-mark-end, 0.1165204 secs]
Application time: 0.0525987 seconds
[GC remark, 0.0076629 secs]
Application time: 0.0005244 seconds
[GC cleanup 52M->47M(64M), 0.0002743 secs]
[GC concurrent-cleanup-start]
[GC concurrent-cleanup-end, 0.0000248 secs]
Application time: 0.0000429 seconds
[GC pause (G1 Evacuation Pause) (young) 47M->33M(64M), 0.0065790 secs]
Application time: 0.0503450 seconds
[GC pause (G1 Evacuation Pause) (young) 52M->40M(64M), 0.0115798 secs]
Application time: 0.0039616 seconds
[GC pause (G1 Evacuation Pause) (mixed) 41M->39M(64M), 0.0111191 secs]
Application time: 0.0385092 seconds
[GC pause (G1 Evacuation Pause) (young) 52M->42M(64M), 0.0086033 secs]
Application time: 0.0280228 seconds
[GC pause (G1 Evacuation Pause) (young) (initial-mark) 53M->44M(64M), 0.0065836 secs]
[GC concurrent-root-region-scan-start]
[GC concurrent-root-region-scan-end, 0.0020333 secs]
[GC concurrent-mark-start]
Application time: 0.0437528 seconds
[GC pause (G1 Evacuation Pause) (young) 53M->46M(64M), 0.0076552 secs]
Application time: 0.0300492 seconds
[GC pause (G1 Evacuation Pause) (young) 53M->48M(64M), 0.0055217 secs]
Application time: 0.0211410 seconds
[GC pause (G1 Evacuation Pause) (young) 54M->48M(64M), 0.0028816 secs]
[GC concurrent-mark-end, 0.1311799 secs]
Application time: 0.0178296 seconds
[GC remark, 0.0081145 secs]
Application time: 0.0000572 seconds
[GC cleanup 51M->44M(64M), 0.0002586 secs]
[GC concurrent-cleanup-start]
[GC concurrent-cleanup-end, 0.0000189 secs]
Application time: 0.0053286 seconds
[GC pause (G1 Evacuation Pause) (young) 47M->40M(64M), 0.0011568 secs]
Application time: 0.0087196 seconds
[GC pause (G1 Evacuation Pause) (mixed) 42M->34M(64M), 0.0015138 secs]
Application time: 0.0043236 seconds
[GC pause (G1 Evacuation Pause) (mixed) 36M->32M(64M), 0.0028989 secs]
Application time: 0.0410615 seconds
[GC pause (G1 Evacuation Pause) (young) 51M->32M(64M), 0.0027191 secs]
Application time: 0.0410295 seconds
[GC pause (G1 Evacuation Pause) (young) (initial-mark) 52M->32M(64M), 0.0016459 secs]
[GC concurrent-root-region-scan-start]
[GC concurrent-root-region-scan-end, 0.0004923 secs]
[GC concurrent-mark-start]
Application time: 0.0595302 seconds
[GC pause (G1 Evacuation Pause) (young) 52M->32M(64M), 0.0016054 secs]
[GC concurrent-mark-end, 0.0985083 secs]
Application time: 0.0330858 seconds
[GC remark, 0.0075091 secs]
Application time: 0.0000634 seconds
[GC cleanup 40M->40M(64M), 0.0002261 secs]
Application time: 0.0205439 seconds
[GC pause (G1 Evacuation Pause) (young) 53M->32M(64M), 0.0015406 secs]
Application time: 0.0051701 seconds
[GC pause (G1 Evacuation Pause) (mixed) 34M->30M(64M), 0.0055249 secs]
Application time: 0.0359124 seconds
[GC pause (G1 Evacuation Pause) (young) 53M->33M(64M), 0.0067283 secs]
Application time: 0.0979839 seconds
[GC pause (G1 Evacuation Pause) (young) (initial-mark) 52M->38M(64M), 0.0121780 secs]
[GC concurrent-root-region-scan-start]
[GC concurrent-root-region-scan-end, 0.0056113 secs]
[GC concurrent-mark-start]
[GC concurrent-mark-end, 0.0581593 secs]
Application time: 0.0638360 seconds
[GC remark, 0.0118640 secs]
Application time: 0.0000554 seconds
[GC cleanup 47M->42M(64M), 0.0002548 secs]
[GC concurrent-cleanup-start]
[GC concurrent-cleanup-end, 0.0000177 secs]
Application time: 0.0342860 seconds
[GC pause (G1 Evacuation Pause) (young) 47M->36M(64M), 0.0104599 secs]
Application time: 0.0056528 seconds
[GC pause (G1 Evacuation Pause) (mixed) 37M->33M(64M), 0.0129236 secs]
Application time: 0.0110498 seconds
[GC pause (G1 Evacuation Pause) (mixed) 35M->33M(64M), 0.0098224 secs]
Application time: 0.0820520 seconds
[GC pause (G1 Evacuation Pause) (young) 51M->33M(64M), 0.0027867 secs]
Application time: 0.0667971 seconds
[GC pause (G1 Evacuation Pause) (young) (initial-mark) 51M->33M(64M), 0.0017273 secs]
[GC concurrent-root-region-scan-start]
[GC concurrent-root-region-scan-end, 0.0006601 secs]
[GC concurrent-mark-start]
[GC concurrent-mark-end, 0.0781980 secs]
Application time: 0.0789125 seconds
[GC remark, 0.0089564 secs]
Application time: 0.0003176 seconds
[GC cleanup 50M->50M(64M), 0.0002806 secs]
Application time: 0.0057710 seconds
[GC pause (G1 Evacuation Pause) (young) 52M->33M(64M), 0.0011421 secs]
Application time: 0.0079056 seconds
[GC pause (G1 Evacuation Pause) (mixed) 35M->29M(64M), 0.0070363 secs]
Application time: 0.0075320 seconds
[GC pause (G1 Evacuation Pause) (mixed) 31M->29M(64M), 0.0069122 secs]
Warmup (60s) ends:   Wed May 16 02:18:12 GMT 2018
Warmup (60s) result: 142.58 ops/m

Iteration 1 (120s) begins: Wed May 16 02:18:12 GMT 2018
Application time: 0.0131110 seconds
Application time: 0.0131645 seconds
Application time: 0.0000827 seconds
Application time: 0.0000933 seconds
Application time: 0.0022455 seconds
Application time: 0.0000399 seconds
Application time: 0.0037098 seconds
Application time: 0.0000307 seconds
Application time: 0.0000193 seconds
Application time: 0.0334926 seconds
[GC pause (G1 Evacuation Pause) (young)-- 52M->59M(64M), 0.0754718 secs]
Application time: 0.0063815 seconds
[GC pause (G1 Evacuation Pause) (young) (initial-mark)-- 60M->61M(64M), 0.0258338 secs]
[GC concurrent-root-region-scan-start]
[GC concurrent-root-region-scan-end, 0.0083350 secs]
[GC concurrent-mark-start]
Application time: 0.0120134 seconds
[GC pause (G1 Evacuation Pause) (young)-- 62M->61M(64M), 0.0128259 secs]
Application time: 0.0161646 seconds
[GC pause (G1 Evacuation Pause) (young)-- 62M->62M(64M), 0.0036704 secs]
Application time: 0.0000537 seconds
[GC pause (G1 Evacuation Pause) (young) 62M->62M(64M), 0.0006589 secs]
Application time: 0.0000449 seconds
[Full GC (Allocation Failure)  62M->25M(64M), 0.1055903 secs]
[GC concurrent-mark-abort]
Application time: 0.0756276 seconds
[GC pause (G1 Evacuation Pause) (young) 50M->30M(64M), 0.0089329 secs]
Application time: 0.0515861 seconds
[GC pause (G1 Evacuation Pause) (young) (initial-mark) 49M->33M(64M), 0.0099583 secs]
[GC concurrent-root-region-scan-start]
[GC concurrent-root-region-scan-end, 0.0027848 secs]
[GC concurrent-mark-start]
[GC concurrent-mark-end, 0.0468113 secs]
Application time: 0.0496838 seconds
[GC remark, 0.0083591 secs]
Application time: 0.0000665 seconds
[GC cleanup 40M->39M(64M), 0.0002269 secs]
[GC concurrent-cleanup-start]
[GC concurrent-cleanup-end, 0.0000110 secs]
Application time: 0.0341451 seconds
[GC pause (G1 Evacuation Pause) (young) 49M->33M(64M), 0.0100489 secs]
Application time: 0.0053321 seconds
[GC pause (G1 Evacuation Pause) (mixed) 35M->30M(64M), 0.0057701 secs]
Application time: 0.0454058 seconds
[GC pause (G1 Evacuation Pause) (young) 50M->30M(64M), 0.0026404 secs]
Application time: 0.0494073 seconds
[GC pause (G1 Evacuation Pause) (young) (initial-mark) 51M->30M(64M), 0.0017468 secs]
[GC concurrent-root-region-scan-start]
[GC concurrent-root-region-scan-end, 0.0005082 secs]
[GC concurrent-mark-start]
[GC concurrent-mark-end, 0.1064164 secs]
Application time: 0.1070198 seconds
[GC remark, 0.0090800 secs]
Application time: 0.0000733 seconds
[GC cleanup 47M->47M(64M), 0.0002650 secs]
Application time: 0.0098793 seconds
[GC pause (G1 Evacuation Pause) (young) 52M->30M(64M), 0.0015972 secs]
Application time: 0.0077435 seconds
[GC pause (G1 Evacuation Pause) (mixed) 32M->29M(64M), 0.0030819 secs]
Application time: 0.0401415 seconds
[GC pause (G1 Evacuation Pause) (young) 52M->29M(64M), 0.0028269 secs]
Application time: 0.0461743 seconds
[GC pause (G1 Evacuation Pause) (young) (initial-mark) 53M->33M(64M), 0.0065154 secs]
[GC concurrent-root-region-scan-start]
[GC concurrent-root-region-scan-end, 0.0029418 secs]
[GC concurrent-mark-start]
Application time: 0.0820772 seconds
[GC pause (G1 Evacuation Pause) (young)-- 51M->54M(64M), 0.0351107 secs]
[GC concurrent-mark-end, 0.1190709 secs]
Application time: 0.0091629 seconds
[GC remark, 0.0077758 secs]
Application time: 0.0000739 seconds
[GC cleanup 55M->54M(64M), 0.0002980 secs]
[GC concurrent-cleanup-start]
[GC concurrent-cleanup-end, 0.0000199 secs]
Application time: 0.0002510 seconds
[GC pause (G1 Evacuation Pause) (young) 54M->54M(64M), 0.0144736 secs]
Application time: 0.0102206 seconds
[GC pause (G1 Evacuation Pause) (mixed) 56M->50M(64M), 0.0096836 secs]
Application time: 0.0156016 seconds
[GC pause (G1 Evacuation Pause) (mixed) 52M->50M(64M), 0.0058346 secs]
Application time: 0.0117327 seconds
[GC pause (G1 Evacuation Pause) (young) 54M->51M(64M), 0.0034699 secs]
Application time: 0.0087833 seconds
[GC pause (G1 Evacuation Pause) (young) (initial-mark) 54M->54M(64M), 0.0045351 secs]
[GC concurrent-root-region-scan-start]
[GC concurrent-root-region-scan-end, 0.0009826 secs]
[GC concurrent-mark-start]
Application time: 0.0119287 seconds
[GC pause (G1 Evacuation Pause) (young) 56M->56M(64M), 0.0052898 secs]
Application time: 0.0141015 seconds
[GC pause (G1 Evacuation Pause) (young) 58M->58M(64M), 0.0048913 secs]
Application time: 0.0160694 seconds
[GC pause (G1 Evacuation Pause) (young) 60M->60M(64M), 0.0048375 secs]
Application time: 0.0063334 seconds
[GC pause (G1 Evacuation Pause) (young)-- 62M->63M(64M), 0.0266405 secs]
Application time: 0.0000925 seconds
[GC pause (G1 Evacuation Pause) (young)-- 63M->63M(64M), 0.0097071 secs]
Application time: 0.0000480 seconds
[Full GC (Allocation Failure)  63M->25M(64M), 0.1091233 secs]
[GC concurrent-mark-abort]
Application time: 0.0633396 seconds
[GC pause (G1 Evacuation Pause) (young) 46M->30M(64M), 0.0070700 secs]
Application time: 0.0539938 seconds
[GC pause (G1 Evacuation Pause) (young) (initial-mark) 48M->31M(64M), 0.0065190 secs]
[GC concurrent-root-region-scan-start]
[GC concurrent-root-region-scan-end, 0.0004061 secs]
[GC concurrent-mark-start]
Application time: 0.0772812 seconds
[GC pause (G1 Evacuation Pause) (young) 49M->31M(64M), 0.0049626 secs]
[GC concurrent-mark-end, 0.1058266 secs]
Application time: 0.0238752 seconds
[GC remark, 0.0075895 secs]
Application time: 0.0000680 seconds
[GC cleanup 38M->37M(64M), 0.0002443 secs]
[GC concurrent-cleanup-start]
[GC concurrent-cleanup-end, 0.0000109 secs]
Application time: 0.0255417 seconds
[GC pause (G1 Evacuation Pause) (young) 49M->30M(64M), 0.0013579 secs]
Application time: 0.0042804 seconds
[GC pause (G1 Evacuation Pause) (mixed) 32M->28M(64M), 0.0029583 secs]
Application time: 0.0387114 seconds
[GC pause (G1 Evacuation Pause) (young) 50M->28M(64M), 0.0029243 secs]
Application time: 0.0352722 seconds
[GC pause (G1 Evacuation Pause) (young) (initial-mark) 50M->28M(64M), 0.0017235 secs]
[GC concurrent-root-region-scan-start]
[GC concurrent-root-region-scan-end, 0.0004862 secs]
[GC concurrent-mark-start]
Application time: 0.0711722 seconds
[GC pause (G1 Evacuation Pause) (young) 51M->33M(64M), 0.0048747 secs]
[GC concurrent-mark-end, 0.1050066 secs]
Application time: 0.0293512 seconds
[GC remark, 0.0071693 secs]
Application time: 0.0000461 seconds
[GC cleanup 42M->42M(64M), 0.0002414 secs]
Application time: 0.0235829 seconds
[GC pause (G1 Evacuation Pause) (young) 52M->35M(64M), 0.0070724 secs]
Application time: 0.0496303 seconds
[GC pause (G1 Evacuation Pause) (young) 52M->42M(64M), 0.0129839 secs]
Application time: 0.0362572 seconds
[GC pause (G1 Evacuation Pause) (young) (initial-mark) 53M->45M(64M), 0.0144467 secs]
[GC concurrent-root-region-scan-start]
[GC concurrent-root-region-scan-end, 0.0016523 secs]
[GC concurrent-mark-start]
Application time: 0.0386338 seconds
[GC pause (G1 Evacuation Pause) (young) 52M->48M(64M), 0.0115284 secs]
Application time: 0.0237681 seconds
[GC pause (G1 Evacuation Pause) (young) 53M->49M(64M), 0.0060352 secs]
Application time: 0.0173315 seconds
[GC pause (G1 Evacuation Pause) (young) 53M->51M(64M), 0.0051874 secs]
Application time: 0.0080409 seconds
[GC pause (G1 Evacuation Pause) (young) 53M->53M(64M), 0.0043016 secs]
[GC concurrent-mark-end, 0.1228914 secs]
Application time: 0.0052988 seconds
[GC remark, 0.0071813 secs]
Application time: 0.0000367 seconds
[GC cleanup 53M->46M(64M), 0.0002421 secs]
[GC concurrent-cleanup-start]
[GC concurrent-cleanup-end, 0.0000195 secs]
Application time: 0.0043773 seconds
[GC pause (G1 Evacuation Pause) (young) 48M->48M(64M), 0.0036809 secs]
Application time: 0.0046959 seconds
[GC pause (G1 Evacuation Pause) (mixed) 50M->43M(64M), 0.0037751 secs]
Application time: 0.0096929 seconds
[GC pause (G1 Evacuation Pause) (mixed) 45M->41M(64M), 0.0057379 secs]
Application time: 0.0248133 seconds
[GC pause (G1 Evacuation Pause) (young) 51M->41M(64M), 0.0053480 secs]
Application time: 0.0276130 seconds
[GC pause (G1 Evacuation Pause) (young) (initial-mark) 51M->41M(64M), 0.0020533 secs]
[GC concurrent-root-region-scan-start]
[GC concurrent-root-region-scan-end, 0.0009696 secs]
[GC concurrent-mark-start]
Application time: 0.0525557 seconds
[GC pause (G1 Evacuation Pause) (young) 52M->41M(64M), 0.0020289 secs]
Application time: 0.0485524 seconds
[GC pause (G1 Evacuation Pause) (young) 52M->41M(64M), 0.0020962 secs]
Application time: 0.0425680 seconds
[GC pause (G1 Evacuation Pause) (young) 53M->41M(64M), 0.0021491 secs]
[GC concurrent-mark-end, 0.1562188 secs]
Application time: 0.0028425 seconds
[GC remark, 0.0076400 secs]
Application time: 0.0000420 seconds
[GC cleanup 42M->38M(64M), 0.0002588 secs]
[GC concurrent-cleanup-start]
[GC concurrent-cleanup-end, 0.0000124 secs]
Application time: 0.0215343 seconds
[GC pause (G1 Evacuation Pause) (young) 49M->37M(64M), 0.0018748 secs]
Application time: 0.0044578 seconds
[GC pause (G1 Evacuation Pause) (mixed) 39M->32M(64M), 0.0044172 secs]
Application time: 0.0039584 seconds
[GC pause (G1 Evacuation Pause) (mixed) 34M->29M(64M), 0.0100451 secs]
Application time: 0.0470907 seconds
[GC pause (G1 Evacuation Pause) (young) 52M->29M(64M), 0.0068501 secs]
Application time: 0.0455090 seconds
[GC pause (G1 Evacuation Pause) (young) (initial-mark) 52M->36M(64M), 0.0094478 secs]
[GC concurrent-root-region-scan-start]
[GC concurrent-root-region-scan-end, 0.0026865 secs]
[GC concurrent-mark-start]
Application time: 0.0658943 seconds
[GC pause (G1 Evacuation Pause) (young) 52M->37M(64M), 0.0096202 secs]
[GC concurrent-mark-end, 0.1135213 secs]
Application time: 0.0405089 seconds
[GC remark, 0.0079301 secs]
Application time: 0.0000508 seconds
[GC cleanup 48M->44M(64M), 0.0002357 secs]
[GC concurrent-cleanup-start]
[GC concurrent-cleanup-end, 0.0000205 secs]
Application time: 0.0194866 seconds
[GC pause (G1 Evacuation Pause) (young) 49M->36M(64M), 0.0102488 secs]
Application time: 0.0028842 seconds
[GC pause (G1 Evacuation Pause) (mixed) 37M->35M(64M), 0.0119365 secs]
Application time: 0.0524307 seconds
[GC pause (G1 Evacuation Pause) (young) 52M->42M(64M), 0.0228463 secs]
Application time: 0.0461637 seconds
[GC pause (G1 Evacuation Pause) (young) (initial-mark) 52M->43M(64M), 0.0137144 secs]
[GC concurrent-root-region-scan-start]
[GC concurrent-root-region-scan-end, 0.0110190 secs]
[GC concurrent-mark-start]
Application time: 0.0428587 seconds
[GC pause (G1 Evacuation Pause) (young) 52M->46M(64M), 0.0090421 secs]
[GC concurrent-mark-end, 0.0895662 secs]
Application time: 0.0425287 seconds
[GC remark, 0.0083230 secs]
Application time: 0.0000394 seconds
[GC cleanup 52M->45M(64M), 0.0003193 secs]
[GC concurrent-cleanup-start]
[GC concurrent-cleanup-end, 0.0000247 secs]
Application time: 0.0029176 seconds
[GC pause (G1 Evacuation Pause) (young) 45M->40M(64M), 0.0082624 secs]
Application time: 0.0142707 seconds
[GC pause (G1 Evacuation Pause) (mixed) 42M->37M(64M), 0.0078223 secs]
Application time: 0.0047677 seconds
[GC pause (G1 Evacuation Pause) (mixed) 39M->35M(64M), 0.0126698 secs]
Application time: 0.0073366 seconds
[GC pause (G1 Evacuation Pause) (mixed) 37M->36M(64M), 0.0100574 secs]
Application time: 0.0407212 seconds
[GC pause (G1 Evacuation Pause) (young) 52M->36M(64M), 0.0082725 secs]
Application time: 0.0387556 seconds
[GC pause (G1 Evacuation Pause) (young) (initial-mark) 52M->36M(64M), 0.0031326 secs]
[GC concurrent-root-region-scan-start]
[GC concurrent-root-region-scan-end, 0.0013398 secs]
[GC concurrent-mark-start]
[GC concurrent-mark-end, 0.0541185 secs]
Application time: 0.0555404 seconds
[GC remark, 0.0089984 secs]
Application time: 0.0000418 seconds
[GC cleanup 44M->43M(64M), 0.0002753 secs]
[GC concurrent-cleanup-start]
[GC concurrent-cleanup-end, 0.0000109 secs]
Application time: 0.0185551 seconds
[GC pause (G1 Evacuation Pause) (young) 51M->35M(64M), 0.0026523 secs]
Application time: 0.0022869 seconds
[GC pause (G1 Evacuation Pause) (mixed) 36M->30M(64M), 0.0057888 secs]
Application time: 0.0041415 seconds
[GC pause (G1 Evacuation Pause) (mixed) 32M->29M(64M), 0.0092065 secs]
Application time: 0.0428072 seconds
[GC pause (G1 Evacuation Pause) (young) 52M->29M(64M), 0.0061434 secs]
Application time: 0.0440824 seconds
[GC pause (G1 Evacuation Pause) (young) (initial-mark) 53M->29M(64M), 0.0021313 secs]
[GC concurrent-root-region-scan-start]
[GC concurrent-root-region-scan-end, 0.0006738 secs]
[GC concurrent-mark-start]
[GC concurrent-mark-end, 0.0560256 secs]
Application time: 0.0560068 seconds
[GC remark, 0.0086145 secs]
Application time: 0.0000548 seconds
[GC cleanup 42M->42M(64M), 0.0002561 secs]
Application time: 0.0282491 seconds
[GC pause (G1 Evacuation Pause) (young) 53M->34M(64M), 0.0078755 secs]
Application time: 0.0023279 seconds
[GC pause (G1 Evacuation Pause) (mixed) 35M->35M(64M), 0.0093361 secs]
Application time: 0.0397294 seconds
[GC pause (G1 Evacuation Pause) (young) 52M->37M(64M), 0.0087387 secs]
Application time: 0.0416230 seconds
[GC pause (G1 Evacuation Pause) (young) (initial-mark) 52M->43M(64M), 0.0139360 secs]
[GC concurrent-root-region-scan-start]
[GC concurrent-root-region-scan-end, 0.0029083 secs]
[GC concurrent-mark-start]
Application time: 0.0639672 seconds
[GC pause (G1 Evacuation Pause) (young) 53M->45M(64M), 0.0176723 secs]
[GC concurrent-mark-end, 0.1167651 secs]
Application time: 0.0379415 seconds
[GC remark, 0.0083451 secs]
Application time: 0.0000558 seconds
[GC cleanup 52M->46M(64M), 0.0003018 secs]
[GC concurrent-cleanup-start]
[GC concurrent-cleanup-end, 0.0000195 secs]
Application time: 0.0015596 seconds
[GC pause (G1 Evacuation Pause) (young) 46M->43M(64M), 0.0153776 secs]
Application time: 0.0029322 seconds
[GC pause (G1 Evacuation Pause) (mixed) 44M->38M(64M), 0.0104572 secs]
Application time: 0.0063029 seconds
[GC pause (G1 Evacuation Pause) (mixed) 40M->36M(64M), 0.0122608 secs]
Application time: 0.0424513 seconds
[GC pause (G1 Evacuation Pause) (young) 51M->39M(64M), 0.0115194 secs]
Application time: 0.0372282 seconds
[GC pause (G1 Evacuation Pause) (young) (initial-mark) 52M->41M(64M), 0.0095200 secs]
[GC concurrent-root-region-scan-start]
[GC concurrent-root-region-scan-end, 0.0027029 secs]
[GC concurrent-mark-start]
Application time: 0.0417082 seconds
[GC pause (G1 Evacuation Pause) (young) 51M->42M(64M), 0.0071843 secs]
Application time: 0.0475345 seconds
[GC pause (G1 Evacuation Pause) (young) 52M->42M(64M), 0.0037052 secs]
[GC concurrent-mark-end, 0.1345341 secs]
Application time: 0.0327172 seconds
[GC remark, 0.0086409 secs]
Application time: 0.0000499 seconds
[GC cleanup 50M->48M(64M), 0.0003208 secs]
[GC concurrent-cleanup-start]
[GC concurrent-cleanup-end, 0.0000133 secs]
Application time: 0.0064747 seconds
[GC pause (G1 Evacuation Pause) (young) 50M->39M(64M), 0.0015636 secs]
Application time: 0.0046870 seconds
[GC pause (G1 Evacuation Pause) (mixed) 41M->34M(64M), 0.0044040 secs]
Application time: 0.0045529 seconds
[GC pause (G1 Evacuation Pause) (mixed) 36M->32M(64M), 0.0095502 secs]
Application time: 0.0042863 seconds
[GC pause (G1 Evacuation Pause) (mixed) 34M->31M(64M), 0.0077765 secs]
Application time: 0.0363467 seconds
[GC pause (G1 Evacuation Pause) (young) 50M->32M(64M), 0.0025607 secs]
Application time: 0.0374855 seconds
[GC pause (G1 Evacuation Pause) (young) (initial-mark) 52M->31M(64M), 0.0018179 secs]
[GC concurrent-root-region-scan-start]
[GC concurrent-root-region-scan-end, 0.0003704 secs]
[GC concurrent-mark-start]
Application time: 0.0725312 seconds
[GC pause (G1 Evacuation Pause) (young) 51M->37M(64M), 0.0086507 secs]
[GC concurrent-mark-end, 0.1160748 secs]
Application time: 0.0351127 seconds
[GC remark, 0.0087985 secs]
Application time: 0.0000438 seconds
[GC cleanup 44M->44M(64M), 0.0002935 secs]
Application time: 0.0176400 seconds
[GC pause (G1 Evacuation Pause) (young) 51M->39M(64M), 0.0089604 secs]
Application time: 0.0026895 seconds
[GC pause (G1 Evacuation Pause) (mixed) 40M->37M(64M), 0.0165515 secs]
Application time: 0.0352756 seconds
[GC pause (G1 Evacuation Pause) (young) 53M->37M(64M), 0.0101525 secs]
Application time: 0.0343310 seconds
[GC pause (G1 Evacuation Pause) (young) (initial-mark) 53M->38M(64M), 0.0044346 secs]
[GC concurrent-root-region-scan-start]
[GC concurrent-root-region-scan-end, 0.0022607 secs]
[GC concurrent-mark-start]
Application time: 0.0673515 seconds
[GC pause (G1 Evacuation Pause) (young) 52M->44M(64M), 0.0135757 secs]
[GC concurrent-mark-end, 0.0996693 secs]
Application time: 0.0209256 seconds
[GC remark, 0.0082209 secs]
Application time: 0.0000486 seconds
[GC cleanup 48M->46M(64M), 0.0002834 secs]
[GC concurrent-cleanup-start]
[GC concurrent-cleanup-end, 0.0000136 secs]
Application time: 0.0172126 seconds
[GC pause (G1 Evacuation Pause) (young) 50M->45M(64M), 0.0144632 secs]
Application time: 0.0035141 seconds
[GC pause (G1 Evacuation Pause) (mixed) 46M->39M(64M), 0.0115066 secs]
Application time: 0.0067097 seconds
[GC pause (G1 Evacuation Pause) (mixed) 41M->36M(64M), 0.0066929 secs]
Application time: 0.0373970 seconds
[GC pause (G1 Evacuation Pause) (young) 49M->38M(64M), 0.0056232 secs]
Application time: 0.0324544 seconds
[GC pause (G1 Evacuation Pause) (young) (initial-mark) 51M->39M(64M), 0.0055029 secs]
[GC concurrent-root-region-scan-start]
[GC concurrent-root-region-scan-end, 0.0024579 secs]
[GC concurrent-mark-start]
Application time: 0.0608678 seconds
[GC pause (G1 Evacuation Pause) (young) 51M->42M(64M), 0.0078087 secs]
Application time: 0.0424119 seconds
[GC pause (G1 Evacuation Pause) (young) 52M->43M(64M), 0.0123905 secs]
[GC concurrent-mark-end, 0.1386072 secs]
Application time: 0.0076263 seconds
[GC remark, 0.0082894 secs]
Application time: 0.0000558 seconds
[GC cleanup 45M->40M(64M), 0.0003196 secs]
[GC concurrent-cleanup-start]
[GC concurrent-cleanup-end, 0.0000281 secs]
Application time: 0.0177800 seconds
[GC pause (G1 Evacuation Pause) (young) 48M->37M(64M), 0.0034708 secs]
Application time: 0.0070041 seconds
[GC pause (G1 Evacuation Pause) (mixed) 39M->32M(64M), 0.0072354 secs]
Application time: 0.0360140 seconds
[GC pause (G1 Evacuation Pause) (young) 51M->32M(64M), 0.0048298 secs]
Application time: 0.0365334 seconds
[GC pause (G1 Evacuation Pause) (young) (initial-mark) 51M->32M(64M), 0.0018645 secs]
[GC concurrent-root-region-scan-start]
[GC concurrent-root-region-scan-end, 0.0003887 secs]
[GC concurrent-mark-start]
Application time: 0.0685911 seconds
[GC pause (G1 Evacuation Pause) (young) 52M->32M(64M), 0.0018207 secs]
[GC concurrent-mark-end, 0.1201251 secs]
Application time: 0.0495552 seconds
[GC remark, 0.0086614 secs]
Application time: 0.0000458 seconds
[GC cleanup 49M->49M(64M), 0.0002564 secs]
Application time: 0.0089892 seconds
[GC pause (G1 Evacuation Pause) (young) 52M->32M(64M), 0.0017337 secs]
Application time: 0.0036971 seconds
[GC pause (G1 Evacuation Pause) (mixed) 34M->29M(64M), 0.0047601 secs]
Application time: 0.0505196 seconds
[GC pause (G1 Evacuation Pause) (young)-- 53M->57M(64M), 0.0527854 secs]
Application time: 0.0033608 seconds
[GC pause (G1 Evacuation Pause) (young) (initial-mark)-- 58M->59M(64M), 0.0178064 secs]
[GC concurrent-root-region-scan-start]
[GC concurrent-root-region-scan-end, 0.0010415 secs]
[GC concurrent-mark-start]
Application time: 0.0126040 seconds
[GC pause (G1 Evacuation Pause) (young) 61M->60M(64M), 0.0130528 secs]
Application time: 0.0138356 seconds
[GC pause (G1 Evacuation Pause) (young)-- 62M->61M(64M), 0.0104080 secs]
Application time: 0.0220549 seconds
[GC pause (G1 Evacuation Pause) (young)-- 63M->63M(64M), 0.0182462 secs]
Application time: 0.0040263 seconds
[GC pause (G1 Evacuation Pause) (young) 63M->63M(64M), 0.0058296 secs]
Application time: 0.0000599 seconds
[Full GC (Allocation Failure)  63M->25M(64M), 0.1003373 secs]
[GC concurrent-mark-abort]
Application time: 0.0755302 seconds
[GC pause (G1 Evacuation Pause) (young) 47M->30M(64M), 0.0129266 secs]
Application time: 0.0508577 seconds
[GC pause (G1 Evacuation Pause) (young) (initial-mark) 47M->35M(64M), 0.0131104 secs]
[GC concurrent-root-region-scan-start]
[GC concurrent-root-region-scan-end, 0.0044115 secs]
[GC concurrent-mark-start]
Application time: 0.0606771 seconds
[GC pause (G1 Evacuation Pause) (young) 49M->36M(64M), 0.0097877 secs]
[GC concurrent-mark-end, 0.1100028 secs]
Application time: 0.0438309 seconds
[GC remark, 0.0084909 secs]
Application time: 0.0000460 seconds
[GC cleanup 47M->45M(64M), 0.0002878 secs]
[GC concurrent-cleanup-start]
[GC concurrent-cleanup-end, 0.0000133 secs]
Application time: 0.0104123 seconds
[GC pause (G1 Evacuation Pause) (young) 48M->34M(64M), 0.0045736 secs]
Application time: 0.0043199 seconds
[GC pause (G1 Evacuation Pause) (mixed) 36M->30M(64M), 0.0029768 secs]
Application time: 0.0470226 seconds
[GC pause (G1 Evacuation Pause) (young) 50M->30M(64M), 0.0030710 secs]
Application time: 0.0480848 seconds
[GC pause (G1 Evacuation Pause) (young) (initial-mark) 51M->30M(64M), 0.0020286 secs]
[GC concurrent-root-region-scan-start]
[GC concurrent-root-region-scan-end, 0.0006290 secs]
[GC concurrent-mark-start]
[GC concurrent-mark-end, 0.0635996 secs]
Application time: 0.0643162 seconds
[GC remark, 0.0088885 secs]
Application time: 0.0000626 seconds
[GC cleanup 41M->41M(64M), 0.0002474 secs]
Application time: 0.0181233 seconds
[GC pause (G1 Evacuation Pause) (young) 52M->30M(64M), 0.0023904 secs]
Application time: 0.0054433 seconds
[GC pause (G1 Evacuation Pause) (mixed) 32M->29M(64M), 0.0024064 secs]
Application time: 0.0402829 seconds
[GC pause (G1 Evacuation Pause) (young) 52M->29M(64M), 0.0028291 secs]
Application time: 0.0452841 seconds
[GC pause (G1 Evacuation Pause) (young) (initial-mark) 53M->38M(64M), 0.0106470 secs]
[GC concurrent-root-region-scan-start]
[GC concurrent-root-region-scan-end, 0.0046880 secs]
[GC concurrent-mark-start]
Application time: 0.0815155 seconds
[GC pause (G1 Evacuation Pause) (young) 51M->42M(64M), 0.0173303 secs]
[GC concurrent-mark-end, 0.1250035 secs]
Application time: 0.0307203 seconds
[GC remark, 0.0085827 secs]
Application time: 0.0000575 seconds
[GC cleanup 45M->45M(64M), 0.0002613 secs]
Application time: 0.0239649 seconds
[GC pause (G1 Evacuation Pause) (young) 52M->45M(64M), 0.0159387 secs]
Application time: 0.0031654 seconds
[GC pause (G1 Evacuation Pause) (mixed) 46M->42M(64M), 0.0148414 secs]
Application time: 0.0064206 seconds
[GC pause (G1 Evacuation Pause) (mixed) 44M->42M(64M), 0.0120527 secs]
Application time: 0.0277916 seconds
[GC pause (G1 Evacuation Pause) (young) 51M->48M(64M), 0.0136536 secs]
Application time: 0.0152662 seconds
[GC pause (G1 Evacuation Pause) (young) (initial-mark) 53M->52M(64M), 0.0127052 secs]
[GC concurrent-root-region-scan-start]
[GC concurrent-root-region-scan-end, 0.0082977 secs]
[GC concurrent-mark-start]
Application time: 0.0100293 seconds
[GC pause (G1 Evacuation Pause) (young) 54M->54M(64M), 0.0102589 secs]
Application time: 0.0140762 seconds
[GC pause (G1 Evacuation Pause) (young) 56M->56M(64M), 0.0052806 secs]
Application time: 0.0133967 seconds
[GC pause (G1 Evacuation Pause) (young) 58M->57M(64M), 0.0042817 secs]
Application time: 0.0143326 seconds
[GC pause (G1 Evacuation Pause) (young) 59M->58M(64M), 0.0031726 secs]
Application time: 0.0194021 seconds
[GC pause (G1 Evacuation Pause) (young) 60M->58M(64M), 0.0021657 secs]
Application time: 0.0091102 seconds
[GC pause (G1 Evacuation Pause) (young) 60M->58M(64M), 0.0016109 secs]
Application time: 0.0150905 seconds
[GC pause (G1 Evacuation Pause) (young) 60M->58M(64M), 0.0015926 secs]
Application time: 0.0095819 seconds
[GC pause (G1 Evacuation Pause) (young) 60M->58M(64M), 0.0012129 secs]
[GC concurrent-mark-end, 0.1664399 secs]
Application time: 0.0182946 seconds
[GC remark, 0.0094470 secs]
Application time: 0.0000381 seconds
[GC cleanup 60M->51M(64M), 0.0002829 secs]
[GC concurrent-cleanup-start]
[GC concurrent-cleanup-end, 0.0000202 secs]
Application time: 0.0009654 seconds
[GC pause (G1 Evacuation Pause) (young) 51M->49M(64M), 0.0014755 secs]
Application time: 0.0134506 seconds
[GC pause (G1 Evacuation Pause) (mixed) 51M->42M(64M), 0.0016807 secs]
Application time: 0.0056396 seconds
[GC pause (G1 Evacuation Pause) (mixed) 44M->38M(64M), 0.0051123 secs]
Application time: 0.0056826 seconds
[GC pause (G1 Evacuation Pause) (mixed) 40M->37M(64M), 0.0076971 secs]
Application time: 0.0302050 seconds
[GC pause (G1 Evacuation Pause) (young) 49M->37M(64M), 0.0048802 secs]
Application time: 0.0272901 seconds
[GC pause (G1 Evacuation Pause) (young) (initial-mark) 50M->37M(64M), 0.0017023 secs]
[GC concurrent-root-region-scan-start]
[GC concurrent-root-region-scan-end, 0.0006193 secs]
[GC concurrent-mark-start]
[GC concurrent-mark-end, 0.0567046 secs]
Application time: 0.0567306 seconds
[GC remark, 0.0079217 secs]
Application time: 0.0000427 seconds
[GC cleanup 46M->43M(64M), 0.0002519 secs]
[GC concurrent-cleanup-start]
[GC concurrent-cleanup-end, 0.0000125 secs]
Application time: 0.0143683 seconds
[GC pause (G1 Evacuation Pause) (young) 48M->34M(64M), 0.0014651 secs]
Application time: 0.0044853 seconds
[GC pause (G1 Evacuation Pause) (mixed) 36M->30M(64M), 0.0052158 secs]
Application time: 0.0044520 seconds
[GC pause (G1 Evacuation Pause) (mixed) 32M->29M(64M), 0.0064950 secs]
Application time: 0.0384097 seconds
[GC pause (G1 Evacuation Pause) (young) 50M->30M(64M), 0.0043844 secs]
Application time: 0.0410807 seconds
[GC pause (G1 Evacuation Pause) (young) (initial-mark) 52M->30M(64M), 0.0018497 secs]
[GC concurrent-root-region-scan-start]
[GC concurrent-root-region-scan-end, 0.0005805 secs]
[GC concurrent-mark-start]
Application time: 0.0763226 seconds
[GC pause (G1 Evacuation Pause) (young) 52M->30M(64M), 0.0019314 secs]
[GC concurrent-mark-end, 0.0980179 secs]
Application time: 0.0202489 seconds
[GC remark, 0.0080377 secs]
Application time: 0.0000373 seconds
[GC cleanup 35M->35M(64M), 0.0002294 secs]
Application time: 0.0359773 seconds
[GC pause (G1 Evacuation Pause) (young) 52M->38M(64M), 0.0103689 secs]
Application time: 0.0022312 seconds
[GC pause (G1 Evacuation Pause) (mixed) 39M->38M(64M), 0.0093202 secs]
Application time: 0.0426146 seconds
[GC pause (G1 Evacuation Pause) (young) 51M->42M(64M), 0.0123600 secs]
Application time: 0.0328444 seconds
[GC pause (G1 Evacuation Pause) (young) (initial-mark) 51M->45M(64M), 0.0126256 secs]
[GC concurrent-root-region-scan-start]
[GC concurrent-root-region-scan-end, 0.0015289 secs]
[GC concurrent-mark-start]
Application time: 0.0445792 seconds
[GC pause (G1 Evacuation Pause) (young) 53M->47M(64M), 0.0083236 secs]
[GC concurrent-mark-end, 0.0854090 secs]
Application time: 0.0339766 seconds
[GC remark, 0.0079206 secs]
Application time: 0.0000373 seconds
[GC cleanup 51M->41M(64M), 0.0002430 secs]
[GC concurrent-cleanup-start]
[GC concurrent-cleanup-end, 0.0000245 secs]
Application time: 0.0092618 seconds
[GC pause (G1 Evacuation Pause) (young) 43M->40M(64M), 0.0084645 secs]
Application time: 0.0068567 seconds
[GC pause (G1 Evacuation Pause) (mixed) 42M->36M(64M), 0.0105710 secs]
Application time: 0.0439815 seconds
[GC pause (G1 Evacuation Pause) (young) 51M->38M(64M), 0.0095313 secs]
Application time: 0.0367080 seconds
[GC pause (G1 Evacuation Pause) (young) (initial-mark) 52M->39M(64M), 0.0041518 secs]
[GC concurrent-root-region-scan-start]
[GC concurrent-root-region-scan-end, 0.0004452 secs]
[GC concurrent-mark-start]
[GC concurrent-mark-end, 0.0577494 secs]
Application time: 0.0582710 seconds
[GC remark, 0.0078838 secs]
Application time: 0.0000409 seconds
[GC cleanup 47M->44M(64M), 0.0002446 secs]
[GC concurrent-cleanup-start]
[GC concurrent-cleanup-end, 0.0000121 secs]
Application time: 0.0136364 seconds
[GC pause (G1 Evacuation Pause) (young) 49M->35M(64M), 0.0041259 secs]
Application time: 0.0054624 seconds
[GC pause (G1 Evacuation Pause) (mixed) 37M->30M(64M), 0.0034603 secs]
Application time: 0.0044522 seconds
[GC pause (G1 Evacuation Pause) (mixed) 32M->30M(64M), 0.0066253 secs]
Application time: 0.0470469 seconds
[GC pause (G1 Evacuation Pause) (young) 52M->30M(64M), 0.0045905 secs]
Application time: 0.0400622 seconds
[GC pause (G1 Evacuation Pause) (young) (initial-mark) 52M->30M(64M), 0.0018225 secs]
[GC concurrent-root-region-scan-start]
[GC concurrent-root-region-scan-end, 0.0005439 secs]
[GC concurrent-mark-start]
[GC concurrent-mark-end, 0.0566922 secs]
Application time: 0.0567131 seconds
[GC remark, 0.0073428 secs]
Application time: 0.0000410 seconds
[GC cleanup 42M->42M(64M), 0.0002476 secs]
Application time: 0.0269873 seconds
[GC pause (G1 Evacuation Pause) (young) 53M->30M(64M), 0.0015204 secs]
Application time: 0.0035556 seconds
[GC pause (G1 Evacuation Pause) (mixed) 32M->29M(64M), 0.0032246 secs]
Application time: 0.0400231 seconds
[GC pause (G1 Evacuation Pause) (young) 53M->33M(64M), 0.0068530 secs]
Application time: 0.0366282 seconds
[GC pause (G1 Evacuation Pause) (young) (initial-mark) 51M->37M(64M), 0.0099382 secs]
[GC concurrent-root-region-scan-start]
[GC concurrent-root-region-scan-end, 0.0042544 secs]
[GC concurrent-mark-start]
Application time: 0.0849279 seconds
[GC pause (G1 Evacuation Pause) (young) 52M->43M(64M), 0.0177169 secs]
[GC concurrent-mark-end, 0.1139004 secs]
Application time: 0.0153847 seconds
[GC remark, 0.0080342 secs]
Application time: 0.0028903 seconds
[GC cleanup 45M->43M(64M), 0.0002683 secs]
[GC concurrent-cleanup-start]
[GC concurrent-cleanup-end, 0.0000113 secs]
Application time: 0.0249320 seconds
[GC pause (G1 Evacuation Pause) (young) 51M->43M(64M), 0.0142873 secs]
Application time: 0.0034184 seconds
[GC pause (G1 Evacuation Pause) (mixed) 44M->40M(64M), 0.0111738 secs]
Application time: 0.0055637 seconds
[GC pause (G1 Evacuation Pause) (mixed) 42M->41M(64M), 0.0086409 secs]
Application time: 0.0325662 seconds
[GC pause (G1 Evacuation Pause) (young) 52M->45M(64M), 0.0090113 secs]
Application time: 0.0214446 seconds
[GC pause (G1 Evacuation Pause) (young) (initial-mark) 52M->47M(64M), 0.0085875 secs]
[GC concurrent-root-region-scan-start]
[GC concurrent-root-region-scan-end, 0.0016847 secs]
[GC concurrent-mark-start]
Application time: 0.0344212 seconds
[GC pause (G1 Evacuation Pause) (young) 53M->48M(64M), 0.0064914 secs]
Application time: 0.0253646 seconds
[GC pause (G1 Evacuation Pause) (young) 53M->49M(64M), 0.0031811 secs]
Application time: 0.0214306 seconds
[GC pause (G1 Evacuation Pause) (young) 54M->48M(64M), 0.0015889 secs]
Application time: 0.0204665 seconds
[GC pause (G1 Evacuation Pause) (young) 53M->48M(64M), 0.0011048 secs]
[GC concurrent-mark-end, 0.1159598 secs]
Application time: 0.0031543 seconds
[GC remark, 0.0075327 secs]
Application time: 0.0021667 seconds
[GC cleanup 49M->40M(64M), 0.0004805 secs]
[GC concurrent-cleanup-start]
[GC concurrent-cleanup-end, 0.0000226 secs]
Application time: 0.0099597 seconds
[GC pause (G1 Evacuation Pause) (young) 44M->39M(64M), 0.0010738 secs]
Application time: 0.0053509 seconds
[GC pause (G1 Evacuation Pause) (mixed) 41M->34M(64M), 0.0042618 secs]
Application time: 0.0051616 seconds
[GC pause (G1 Evacuation Pause) (mixed) 36M->31M(64M), 0.0061895 secs]
Application time: 0.0422434 seconds
[GC pause (G1 Evacuation Pause) (young) 51M->31M(64M), 0.0042041 secs]
Application time: 0.0431121 seconds
[GC pause (G1 Evacuation Pause) (young) (initial-mark) 52M->31M(64M), 0.0016400 secs]
[GC concurrent-root-region-scan-start]
[GC concurrent-root-region-scan-end, 0.0004669 secs]
[GC concurrent-mark-start]
Application time: 0.0697164 seconds
[GC pause (G1 Evacuation Pause) (young) 53M->31M(64M), 0.0016833 secs]
[GC concurrent-mark-end, 0.1184701 secs]
Application time: 0.0474321 seconds
[GC remark, 0.0084328 secs]
Application time: 0.0000514 seconds
[GC cleanup 47M->47M(64M), 0.0002397 secs]
Application time: 0.0104030 seconds
[GC pause (G1 Evacuation Pause) (young) 53M->31M(64M), 0.0017145 secs]
Application time: 0.0034048 seconds
[GC pause (G1 Evacuation Pause) (mixed) 33M->30M(64M), 0.0043562 secs]
Application time: 0.0589810 seconds
[GC pause (G1 Evacuation Pause) (young) 54M->36M(64M), 0.0104999 secs]
Application time: 0.0400059 seconds
[GC pause (G1 Evacuation Pause) (young) (initial-mark) 52M->40M(64M), 0.0137283 secs]
[GC concurrent-root-region-scan-start]
[GC concurrent-root-region-scan-end, 0.0071236 secs]
[GC concurrent-mark-start]
Application time: 0.0552825 seconds
[GC pause (G1 Evacuation Pause) (young) 52M->44M(64M), 0.0152929 secs]
[GC concurrent-mark-end, 0.1089698 secs]
Application time: 0.0453475 seconds
[GC remark, 0.0082928 secs]
Application time: 0.0000598 seconds
[GC cleanup 52M->44M(64M), 0.0002469 secs]
[GC concurrent-cleanup-start]
[GC concurrent-cleanup-end, 0.0000186 secs]
Application time: 0.0017410 seconds
[GC pause (G1 Evacuation Pause) (young) 44M->39M(64M), 0.0110968 secs]
Application time: 0.0038787 seconds
[GC pause (G1 Evacuation Pause) (mixed) 40M->35M(64M), 0.0098951 secs]
Application time: 0.0492803 seconds
[GC pause (G1 Evacuation Pause) (young) 51M->35M(64M), 0.0049408 secs]
Application time: 0.0389442 seconds
[GC pause (G1 Evacuation Pause) (young) (initial-mark) 50M->37M(64M), 0.0045695 secs]
[GC concurrent-root-region-scan-start]
[GC concurrent-root-region-scan-end, 0.0024766 secs]
[GC concurrent-mark-start]
Application time: 0.0630099 seconds
[GC pause (G1 Evacuation Pause) (young) 51M->40M(64M), 0.0069734 secs]
Application time: 0.0423163 seconds
[GC concurrent-mark-end, 0.1100526 secs]
[GC pause (G1 Evacuation Pause) (young) 51M->41M(64M), 0.0063624 secs]
Application time: 0.0001931 seconds
[GC remark, 0.0070886 secs]
Application time: 0.0023009 seconds
[GC cleanup 42M->39M(64M), 0.0002334 secs]
[GC concurrent-cleanup-start]
[GC concurrent-cleanup-end, 0.0000142 secs]
Application time: 0.0230364 seconds
[GC pause (G1 Evacuation Pause) (young) 50M->37M(64M), 0.0027770 secs]
Application time: 0.0048262 seconds
[GC pause (G1 Evacuation Pause) (mixed) 39M->32M(64M), 0.0033542 secs]
Application time: 0.0367331 seconds
[GC pause (G1 Evacuation Pause) (young) 51M->33M(64M), 0.0027452 secs]
Application time: 0.0347796 seconds
[GC pause (G1 Evacuation Pause) (young) (initial-mark) 52M->32M(64M), 0.0013456 secs]
[GC concurrent-root-region-scan-start]
[GC concurrent-root-region-scan-end, 0.0003434 secs]
[GC concurrent-mark-start]
Application time: 0.0845078 seconds
[GC pause (G1 Evacuation Pause) (young) 52M->38M(64M), 0.0095300 secs]
[GC concurrent-mark-end, 0.1170956 secs]
Application time: 0.0193023 seconds
[GC remark, 0.0079844 secs]
Application time: 0.0014761 seconds
[GC cleanup 42M->41M(64M), 0.0002394 secs]
[GC concurrent-cleanup-start]
[GC concurrent-cleanup-end, 0.0000122 secs]
Application time: 0.0229081 seconds
[GC pause (G1 Evacuation Pause) (young) 51M->39M(64M), 0.0097387 secs]
Application time: 0.0050382 seconds
[GC pause (G1 Evacuation Pause) (mixed) 41M->37M(64M), 0.0106362 secs]
Application time: 0.0314278 seconds
[GC pause (G1 Evacuation Pause) (young) 52M->40M(64M), 0.0093599 secs]
Application time: 0.0260936 seconds
[GC pause (G1 Evacuation Pause) (young) (initial-mark) 52M->42M(64M), 0.0069626 secs]
[GC concurrent-root-region-scan-start]
[GC concurrent-root-region-scan-end, 0.0017303 secs]
[GC concurrent-mark-start]
[GC concurrent-mark-end, 0.0513028 secs]
Application time: 0.0531102 seconds
[GC remark, 0.0077878 secs]
Application time: 0.0000498 seconds
[GC cleanup 52M->49M(64M), 0.0002586 secs]
[GC concurrent-cleanup-start]
[GC concurrent-cleanup-end, 0.0000153 secs]
Application time: 0.0019079 seconds
[GC pause (G1 Evacuation Pause) (young) 49M->41M(64M), 0.0043763 secs]
Application time: 0.0085754 seconds
[GC pause (G1 Evacuation Pause) (mixed) 43M->35M(64M), 0.0050271 secs]
Application time: 0.0043761 seconds
[GC pause (G1 Evacuation Pause) (mixed) 37M->31M(64M), 0.0068601 secs]
Application time: 0.0043916 seconds
[GC pause (G1 Evacuation Pause) (mixed) 33M->31M(64M), 0.0064399 secs]
Application time: 0.0510430 seconds
[GC pause (G1 Evacuation Pause) (young) 52M->37M(64M), 0.0111277 secs]
Application time: 0.0420423 seconds
[GC pause (G1 Evacuation Pause) (young) (initial-mark) 52M->39M(64M), 0.0111142 secs]
[GC concurrent-root-region-scan-start]
[GC concurrent-root-region-scan-end, 0.0011469 secs]
[GC concurrent-mark-start]
Application time: 0.0710706 seconds
[GC pause (G1 Evacuation Pause) (young) 52M->40M(64M), 0.0094109 secs]
[GC concurrent-mark-end, 0.0820829 secs]
Application time: 0.0026071 seconds
[GC remark, 0.0078021 secs]
Application time: 0.0082688 seconds
[GC cleanup 42M->37M(64M), 0.0002523 secs]
[GC concurrent-cleanup-start]
[GC concurrent-cleanup-end, 0.0000156 secs]
Application time: 0.0241999 seconds
[GC pause (G1 Evacuation Pause) (young) 47M->37M(64M), 0.0065037 secs]
Application time: 0.0027037 seconds
[GC pause (G1 Evacuation Pause) (mixed) 38M->34M(64M), 0.0085536 secs]
Application time: 0.0044392 seconds
[GC pause (G1 Evacuation Pause) (mixed) 36M->33M(64M), 0.0057515 secs]
Application time: 0.0365890 seconds
[GC pause (G1 Evacuation Pause) (young) 51M->33M(64M), 0.0020305 secs]
Application time: 0.0379269 seconds
[GC pause (G1 Evacuation Pause) (young) (initial-mark) 52M->33M(64M), 0.0015099 secs]
[GC concurrent-root-region-scan-start]
[GC concurrent-root-region-scan-end, 0.0003442 secs]
[GC concurrent-mark-start]
[GC concurrent-mark-end, 0.0551341 secs]
Application time: 0.0551691 seconds
[GC remark, 0.0078406 secs]
Application time: 0.0000407 seconds
[GC cleanup 44M->42M(64M), 0.0002489 secs]
[GC concurrent-cleanup-start]
[GC concurrent-cleanup-end, 0.0000120 secs]
Application time: 0.0251275 seconds
[GC pause (G1 Evacuation Pause) (young) 50M->35M(64M), 0.0047963 secs]
Application time: 0.0027336 seconds
[GC pause (G1 Evacuation Pause) (mixed) 36M->33M(64M), 0.0055624 secs]
Application time: 0.0464846 seconds
[GC pause (G1 Evacuation Pause) (young) 51M->36M(64M), 0.0079176 secs]
Application time: 0.0364178 seconds
[GC pause (G1 Evacuation Pause) (young) (initial-mark) 52M->39M(64M), 0.0070301 secs]
[GC concurrent-root-region-scan-start]
[GC concurrent-root-region-scan-end, 0.0011666 secs]
[GC concurrent-mark-start]
[GC concurrent-mark-end, 0.0532994 secs]
Application time: 0.0545436 seconds
[GC remark, 0.0103862 secs]
Application time: 0.0000577 seconds
[GC cleanup 47M->44M(64M), 0.0002339 secs]
[GC concurrent-cleanup-start]
[GC concurrent-cleanup-end, 0.0000185 secs]
Application time: 0.0113609 seconds
[GC pause (G1 Evacuation Pause) (young) 50M->37M(64M), 0.0095185 secs]
Application time: 0.0030590 seconds
[GC pause (G1 Evacuation Pause) (mixed) 38M->35M(64M), 0.0069103 secs]
Application time: 0.0045823 seconds
[GC pause (G1 Evacuation Pause) (mixed) 37M->34M(64M), 0.0081442 secs]
Application time: 0.0365178 seconds
[GC pause (G1 Evacuation Pause) (young) 51M->36M(64M), 0.0052540 secs]
Application time: 0.0347114 seconds
[GC pause (G1 Evacuation Pause) (young) (initial-mark) 51M->41M(64M), 0.0092828 secs]
[GC concurrent-root-region-scan-start]
[GC concurrent-root-region-scan-end, 0.0023480 secs]
[GC concurrent-mark-start]
Application time: 0.0467703 seconds
[GC pause (G1 Evacuation Pause) (young) 51M->43M(64M), 0.0102174 secs]
Application time: 0.0421761 seconds
[GC concurrent-mark-end, 0.1010310 secs]
[GC pause (G1 Evacuation Pause) (young) 52M->44M(64M), 0.0073357 secs]
Application time: 0.0000569 seconds
[GC remark, 0.0079801 secs]
Application time: 0.0025381 seconds
[GC cleanup 45M->40M(64M), 0.0002615 secs]
[GC concurrent-cleanup-start]
[GC concurrent-cleanup-end, 0.0000178 secs]
Application time: 0.0232332 seconds
[GC pause (G1 Evacuation Pause) (young) 48M->39M(64M), 0.0041413 secs]
Application time: 0.0103782 seconds
[GC pause (G1 Evacuation Pause) (mixed) 41M->35M(64M), 0.0051928 secs]
Application time: 0.0047178 seconds
[GC pause (G1 Evacuation Pause) (mixed) 37M->33M(64M), 0.0117567 secs]
Application time: 0.0457450 seconds
[GC pause (G1 Evacuation Pause) (young) 52M->37M(64M), 0.0110100 secs]
Application time: 0.0313123 seconds
[GC pause (G1 Evacuation Pause) (young) (initial-mark) 51M->40M(64M), 0.0097398 secs]
[GC concurrent-root-region-scan-start]
[GC concurrent-root-region-scan-end, 0.0034365 secs]
[GC concurrent-mark-start]
Application time: 0.0397342 seconds
[GC pause (G1 Evacuation Pause) (young) 51M->42M(64M), 0.0130396 secs]
[GC concurrent-mark-end, 0.0866052 secs]
Application time: 0.0331245 seconds
[GC remark, 0.0081779 secs]
Application time: 0.0021649 seconds
[GC cleanup 49M->47M(64M), 0.0002762 secs]
[GC concurrent-cleanup-start]
[GC concurrent-cleanup-end, 0.0000127 secs]
Application time: 0.0085554 seconds
[GC pause (G1 Evacuation Pause) (young) 51M->40M(64M), 0.0041324 secs]
Application time: 0.0048805 seconds
[GC pause (G1 Evacuation Pause) (mixed) 42M->35M(64M), 0.0045284 secs]
Application time: 0.0042567 seconds
[GC pause (G1 Evacuation Pause) (mixed) 37M->33M(64M), 0.0102161 secs]
Application time: 0.0040237 seconds
[GC pause (G1 Evacuation Pause) (mixed) 35M->34M(64M), 0.0094906 secs]
Application time: 0.0429634 seconds
[GC pause (G1 Evacuation Pause) (young) 52M->40M(64M), 0.0098991 secs]
Application time: 0.0383602 seconds
[GC pause (G1 Evacuation Pause) (young) (initial-mark) 53M->40M(64M), 0.0097854 secs]
[GC concurrent-root-region-scan-start]
[GC concurrent-root-region-scan-end, 0.0006059 secs]
[GC concurrent-mark-start]
Application time: 0.0554410 seconds
[GC pause (G1 Evacuation Pause) (young) 52M->41M(64M), 0.0074097 secs]
Application time: 0.0532284 seconds
[GC pause (G1 Evacuation Pause) (young) 53M->43M(64M), 0.0051541 secs]
[GC concurrent-mark-end, 0.1319207 secs]
Application time: 0.0057314 seconds
[GC remark, 0.0082253 secs]
Application time: 0.0000515 seconds
[GC cleanup 44M->40M(64M), 0.0002934 secs]
[GC concurrent-cleanup-start]
[GC concurrent-cleanup-end, 0.0000206 secs]
Application time: 0.0221575 seconds
[GC pause (G1 Evacuation Pause) (young) 50M->40M(64M), 0.0050433 secs]
Application time: 0.0053372 seconds
[GC pause (G1 Evacuation Pause) (mixed) 41M->36M(64M), 0.0076993 secs]
Application time: 0.0043961 seconds
[GC pause (G1 Evacuation Pause) (mixed) 38M->34M(64M), 0.0094559 secs]
Application time: 0.0381830 seconds
[GC pause (G1 Evacuation Pause) (young) 52M->34M(64M), 0.0055653 secs]
Application time: 0.0336293 seconds
[GC pause (G1 Evacuation Pause) (young) (initial-mark) 52M->34M(64M), 0.0016383 secs]
[GC concurrent-root-region-scan-start]
[GC concurrent-root-region-scan-end, 0.0003270 secs]
[GC concurrent-mark-start]
Application time: 0.0763430 seconds
[GC pause (G1 Evacuation Pause) (young) 53M->40M(64M), 0.0096863 secs]
[GC concurrent-mark-end, 0.1194720 secs]
Application time: 0.0336400 seconds
[GC remark, 0.0081580 secs]
Application time: 0.0000537 seconds
[GC cleanup 46M->46M(64M), 0.0002707 secs]
Application time: 0.0194447 seconds
[GC pause (G1 Evacuation Pause) (young) 53M->42M(64M), 0.0098187 secs]
Application time: 0.0035679 seconds
[GC pause (G1 Evacuation Pause) (mixed) 43M->37M(64M), 0.0105752 secs]
Application time: 0.0045297 seconds
[GC pause (G1 Evacuation Pause) (mixed) 39M->37M(64M), 0.0095166 secs]
Application time: 0.0315313 seconds
[GC pause (G1 Evacuation Pause) (young) 52M->40M(64M), 0.0089827 secs]
Application time: 0.0319473 seconds
[GC pause (G1 Evacuation Pause) (young) (initial-mark) 52M->42M(64M), 0.0062955 secs]
[GC concurrent-root-region-scan-start]
[GC concurrent-root-region-scan-end, 0.0016267 secs]
[GC concurrent-mark-start]
Application time: 0.0466986 seconds
[GC pause (G1 Evacuation Pause) (young) 52M->44M(64M), 0.0056014 secs]
[GC concurrent-mark-end, 0.0795404 secs]
Application time: 0.0269130 seconds
[GC remark, 0.0079817 secs]
Application time: 0.0000678 seconds
[GC cleanup 48M->43M(64M), 0.0002885 secs]
[GC concurrent-cleanup-start]
[GC concurrent-cleanup-end, 0.0000169 secs]
Application time: 0.0181020 seconds
[GC pause (G1 Evacuation Pause) (young) 49M->38M(64M), 0.0032834 secs]
Application time: 0.0043977 seconds
[GC pause (G1 Evacuation Pause) (mixed) 40M->34M(64M), 0.0051311 secs]
Application time: 0.0044177 seconds
[GC pause (G1 Evacuation Pause) (mixed) 36M->30M(64M), 0.0068504 secs]
Application time: 0.0464726 seconds
[GC pause (G1 Evacuation Pause) (young) 52M->36M(64M), 0.0095443 secs]
Application time: 0.0433463 seconds
[GC pause (G1 Evacuation Pause) (young) (initial-mark) 52M->38M(64M), 0.0096591 secs]
[GC concurrent-root-region-scan-start]
[GC concurrent-root-region-scan-end, 0.0016452 secs]
[GC concurrent-mark-start]
Application time: 0.0531390 seconds
[GC pause (G1 Evacuation Pause) (young) 52M->39M(64M), 0.0093121 secs]
Application time: 0.0497737 seconds
[GC pause (G1 Evacuation Pause) (young) 53M->40M(64M), 0.0048522 secs]
[GC concurrent-mark-end, 0.1245944 secs]
Application time: 0.0087419 seconds
[GC remark, 0.0082636 secs]
Application time: 0.0000653 seconds
[GC cleanup 43M->39M(64M), 0.0002634 secs]
[GC concurrent-cleanup-start]
[GC concurrent-cleanup-end, 0.0000166 secs]
Application time: 0.0201925 seconds
[GC pause (G1 Evacuation Pause) (young) 49M->38M(64M), 0.0065419 secs]
Application time: 0.0022333 seconds
[GC pause (G1 Evacuation Pause) (mixed) 39M->37M(64M), 0.0087552 secs]
Application time: 0.0052298 seconds
[GC pause (G1 Evacuation Pause) (mixed) 39M->36M(64M), 0.0080810 secs]
Application time: 0.0332715 seconds
[GC pause (G1 Evacuation Pause) (young) 51M->42M(64M), 0.0091715 secs]
Application time: 0.0265682 seconds
[GC pause (G1 Evacuation Pause) (young) (initial-mark) 52M->45M(64M), 0.0106771 secs]
[GC concurrent-root-region-scan-start]
[GC concurrent-root-region-scan-end, 0.0122529 secs]
[GC concurrent-mark-start]
Application time: 0.0429535 seconds
[GC pause (G1 Evacuation Pause) (young) 52M->46M(64M), 0.0082681 secs]
[GC concurrent-mark-end, 0.0873822 secs]
Application time: 0.0442984 seconds
[GC remark, 0.0092902 secs]
Application time: 0.0000668 seconds
[GC cleanup 51M->45M(64M), 0.0008782 secs]
[GC concurrent-cleanup-start]
[GC concurrent-cleanup-end, 0.0000220 secs]
Application time: 0.0122953 seconds
[GC pause (G1 Evacuation Pause) (young) 47M->41M(64M), 0.0067519 secs]
Application time: 0.0085944 seconds
[GC pause (G1 Evacuation Pause) (mixed) 43M->37M(64M), 0.0052989 secs]
Application time: 0.0050663 seconds
[GC pause (G1 Evacuation Pause) (mixed) 39M->33M(64M), 0.0093663 secs]
Application time: 0.0058803 seconds
[GC pause (G1 Evacuation Pause) (mixed) 35M->33M(64M), 0.0076195 secs]
Application time: 0.0445156 seconds
[GC pause (G1 Evacuation Pause) (young) 51M->36M(64M), 0.0060598 secs]
Application time: 0.0352688 seconds
[GC pause (G1 Evacuation Pause) (young) (initial-mark) 51M->39M(64M), 0.0073416 secs]
[GC concurrent-root-region-scan-start]
[GC concurrent-root-region-scan-end, 0.0018362 secs]
[GC concurrent-mark-start]
Application time: 0.0548878 seconds
[GC pause (G1 Evacuation Pause) (young) 52M->40M(64M), 0.0063325 secs]
Application time: 0.0462078 seconds
[GC pause (G1 Evacuation Pause) (young) 53M->39M(64M), 0.0031914 secs]
[GC concurrent-mark-end, 0.1178504 secs]
Application time: 0.0047860 seconds
[GC remark, 0.0084591 secs]
Application time: 0.0011495 seconds
[GC cleanup 40M->38M(64M), 0.0002458 secs]
[GC concurrent-cleanup-start]
[GC concurrent-cleanup-end, 0.0000123 secs]
Application time: 0.0243253 seconds
[GC pause (G1 Evacuation Pause) (young) 51M->37M(64M), 0.0013695 secs]
Application time: 0.0039850 seconds
[GC pause (G1 Evacuation Pause) (mixed) 39M->32M(64M), 0.0040544 secs]
Application time: 0.0040079 seconds
[GC pause (G1 Evacuation Pause) (mixed) 34M->30M(64M), 0.0074453 secs]
Application time: 0.0376761 seconds
[GC pause (G1 Evacuation Pause) (young) 51M->30M(64M), 0.0060814 secs]
Application time: 0.0430674 seconds
[GC pause (G1 Evacuation Pause) (young) (initial-mark) 52M->36M(64M), 0.0098246 secs]
[GC concurrent-root-region-scan-start]
[GC concurrent-root-region-scan-end, 0.0086770 secs]
[GC concurrent-mark-start]
Application time: 0.0693007 seconds
[GC pause (G1 Evacuation Pause) (young) 53M->37M(64M), 0.0092664 secs]
[GC concurrent-mark-end, 0.1101937 secs]
Application time: 0.0402093 seconds
[GC remark, 0.0080310 secs]
Application time: 0.0000649 seconds
[GC cleanup 49M->45M(64M), 0.0002933 secs]
[GC concurrent-cleanup-start]
[GC concurrent-cleanup-end, 0.0000158 secs]
Application time: 0.0135360 seconds
[GC pause (G1 Evacuation Pause) (young) 49M->39M(64M), 0.0137594 secs]
Application time: 0.0027300 seconds
[GC pause (G1 Evacuation Pause) (mixed) 40M->37M(64M), 0.0134909 secs]
Application time: 0.0484380 seconds
[GC pause (G1 Evacuation Pause) (young) 51M->41M(64M), 0.0142878 secs]
Application time: 0.0307016 seconds
[GC pause (G1 Evacuation Pause) (young) (initial-mark) 51M->44M(64M), 0.0094986 secs]
[GC concurrent-root-region-scan-start]
[GC concurrent-root-region-scan-end, 0.0021716 secs]
[GC concurrent-mark-start]
Application time: 0.0483359 seconds
[GC pause (G1 Evacuation Pause) (young) 53M->45M(64M), 0.0079239 secs]
Application time: 0.0340571 seconds
[GC pause (G1 Evacuation Pause) (young) 52M->46M(64M), 0.0064013 secs]
[GC concurrent-mark-end, 0.1166790 secs]
Application time: 0.0217781 seconds
[GC remark, 0.0086504 secs]
Application time: 0.0000761 seconds
[GC cleanup 52M->44M(64M), 0.0002816 secs]
[GC concurrent-cleanup-start]
[GC concurrent-cleanup-end, 0.0000238 secs]
Application time: 0.0014338 seconds
[GC pause (G1 Evacuation Pause) (young) 44M->41M(64M), 0.0067466 secs]
Application time: 0.0071038 seconds
[GC pause (G1 Evacuation Pause) (mixed) 43M->37M(64M), 0.0085050 secs]
Application time: 0.0038146 seconds
[GC pause (G1 Evacuation Pause) (mixed) 39M->36M(64M), 0.0085051 secs]
Application time: 0.0358013 seconds
[GC pause (G1 Evacuation Pause) (young) 50M->37M(64M), 0.0051752 secs]
Application time: 0.0335681 seconds
[GC pause (G1 Evacuation Pause) (young) (initial-mark) 51M->38M(64M), 0.0036937 secs]
[GC concurrent-root-region-scan-start]
[GC concurrent-root-region-scan-end, 0.0014439 secs]
[GC concurrent-mark-start]
Application time: 0.0576667 seconds
[GC pause (G1 Evacuation Pause) (young) 52M->38M(64M), 0.0030282 secs]
Application time: 0.0450587 seconds
[GC pause (G1 Evacuation Pause) (young) 52M->38M(64M), 0.0024262 secs]
[GC concurrent-mark-end, 0.1112074 secs]
Application time: 0.0013050 seconds
[GC remark, 0.0080294 secs]
Application time: 0.0014314 seconds
[GC cleanup 39M->36M(64M), 0.0003025 secs]
[GC concurrent-cleanup-start]
[GC concurrent-cleanup-end, 0.0000119 secs]
Application time: 0.0259373 seconds
[GC pause (G1 Evacuation Pause) (young) 50M->35M(64M), 0.0022417 secs]
Application time: 0.0040492 seconds
[GC pause (G1 Evacuation Pause) (mixed) 37M->30M(64M), 0.0057391 secs]
Application time: 0.0039071 seconds
[GC pause (G1 Evacuation Pause) (mixed) 32M->29M(64M), 0.0089126 secs]
Application time: 0.0416098 seconds
[GC pause (G1 Evacuation Pause) (young) 52M->33M(64M), 0.0083635 secs]
Application time: 0.0381719 seconds
[GC pause (G1 Evacuation Pause) (young) (initial-mark) 51M->36M(64M), 0.0132568 secs]
[GC concurrent-root-region-scan-start]
[GC concurrent-root-region-scan-end, 0.0038070 secs]
[GC concurrent-mark-start]
Application time: 0.0744829 seconds
[GC pause (G1 Evacuation Pause) (young) 52M->38M(64M), 0.0089133 secs]
[GC concurrent-mark-end, 0.1017491 secs]
Application time: 0.0220121 seconds
[GC remark, 0.0078233 secs]
Application time: 0.0000582 seconds
[GC cleanup 44M->41M(64M), 0.0002485 secs]
[GC concurrent-cleanup-start]
[GC concurrent-cleanup-end, 0.0000118 secs]
Application time: 0.0166998 seconds
[GC pause (G1 Evacuation Pause) (young) 49M->39M(64M), 0.0112020 secs]
Application time: 0.0022828 seconds
[GC pause (G1 Evacuation Pause) (mixed) 40M->38M(64M), 0.0129511 secs]
Application time: 0.0055563 seconds
[GC pause (G1 Evacuation Pause) (mixed) 40M->39M(64M), 0.0181208 secs]
Application time: 0.0379115 seconds
[GC pause (G1 Evacuation Pause) (young) 52M->45M(64M), 0.0112166 secs]
Application time: 0.0287654 seconds
[GC pause (G1 Evacuation Pause) (young) (initial-mark) 53M->46M(64M), 0.0093952 secs]
[GC concurrent-root-region-scan-start]
[GC concurrent-root-region-scan-end, 0.0003355 secs]
[GC concurrent-mark-start]
Application time: 0.0390798 seconds
[GC pause (G1 Evacuation Pause) (young) 53M->46M(64M), 0.0050469 secs]
Application time: 0.0295660 seconds
[GC pause (G1 Evacuation Pause) (young) 53M->49M(64M), 0.0050478 secs]
[GC concurrent-mark-end, 0.0993512 secs]
Application time: 0.0204438 seconds
[GC remark, 0.0088324 secs]
Application time: 0.0000447 seconds
[GC cleanup 52M->44M(64M), 0.0002696 secs]
[GC concurrent-cleanup-start]
[GC concurrent-cleanup-end, 0.0000203 secs]
Application time: 0.0069877 seconds
[GC pause (G1 Evacuation Pause) (young) 45M->43M(64M), 0.0059759 secs]
Application time: 0.0070693 seconds
[GC pause (G1 Evacuation Pause) (mixed) 45M->38M(64M), 0.0120963 secs]
Application time: 0.0060781 seconds
[GC pause (G1 Evacuation Pause) (mixed) 40M->36M(64M), 0.0094197 secs]
Application time: 0.0358241 seconds
[GC pause (G1 Evacuation Pause) (young) 50M->38M(64M), 0.0075850 secs]
Application time: 0.0309876 seconds
[GC pause (G1 Evacuation Pause) (young) (initial-mark) 51M->39M(64M), 0.0037872 secs]
[GC concurrent-root-region-scan-start]
[GC concurrent-root-region-scan-end, 0.0010877 secs]
[GC concurrent-mark-start]
Application time: 0.0491154 seconds
[GC pause (G1 Evacuation Pause) (young) 52M->39M(64M), 0.0035495 secs]
Application time: 0.0411741 seconds
[GC pause (G1 Evacuation Pause) (young) 52M->39M(64M), 0.0024797 secs]
[GC concurrent-mark-end, 0.1161455 secs]
Application time: 0.0206585 seconds
[GC remark, 0.0078152 secs]
Application time: 0.0000398 seconds
[GC cleanup 45M->43M(64M), 0.0002802 secs]
[GC concurrent-cleanup-start]
[GC concurrent-cleanup-end, 0.0000126 secs]
Application time: 0.0138821 seconds
[GC pause (G1 Evacuation Pause) (young) 50M->37M(64M), 0.0024103 secs]
Application time: 0.0021233 seconds
[GC pause (G1 Evacuation Pause) (mixed) 38M->32M(64M), 0.0051930 secs]
Application time: 0.0040667 seconds
[GC pause (G1 Evacuation Pause) (mixed) 34M->30M(64M), 0.0075460 secs]
Application time: 0.0414160 seconds
[GC pause (G1 Evacuation Pause) (young) 51M->34M(64M), 0.0093122 secs]
Application time: 0.0394660 seconds
[GC pause (G1 Evacuation Pause) (young) (initial-mark) 51M->37M(64M), 0.0086404 secs]
[GC concurrent-root-region-scan-start]
[GC concurrent-root-region-scan-end, 0.0036308 secs]
[GC concurrent-mark-start]
Application time: 0.0683306 seconds
[GC pause (G1 Evacuation Pause) (young) 52M->38M(64M), 0.0080664 secs]
[GC concurrent-mark-end, 0.1137529 secs]
Application time: 0.0407952 seconds
[GC remark, 0.0078819 secs]
Application time: 0.0000413 seconds
[GC cleanup 49M->45M(64M), 0.0002443 secs]
[GC concurrent-cleanup-start]
[GC concurrent-cleanup-end, 0.0000137 secs]
Application time: 0.0085426 seconds
[GC pause (G1 Evacuation Pause) (young) 48M->37M(64M), 0.0088710 secs]
Application time: 0.0022159 seconds
[GC pause (G1 Evacuation Pause) (mixed) 38M->34M(64M), 0.0102478 secs]
Application time: 0.0368022 seconds
[GC pause (G1 Evacuation Pause) (young) 51M->35M(64M), 0.0087806 secs]
Application time: 0.0407098 seconds
[GC pause (G1 Evacuation Pause) (young) (initial-mark) 52M->41M(64M), 0.0098510 secs]
[GC concurrent-root-region-scan-start]
[GC concurrent-root-region-scan-end, 0.0027892 secs]
[GC concurrent-mark-start]
Application time: 0.0561247 seconds
[GC pause (G1 Evacuation Pause) (young) 53M->42M(64M), 0.0100328 secs]
[GC concurrent-mark-end, 0.1056150 secs]
Application time: 0.0421297 seconds
[GC remark, 0.0078727 secs]
Application time: 0.0000404 seconds
[GC cleanup 51M->43M(64M), 0.0002671 secs]
[GC concurrent-cleanup-start]
[GC concurrent-cleanup-end, 0.0000225 secs]
Application time: 0.0044474 seconds
[GC pause (G1 Evacuation Pause) (young) 44M->33M(64M), 0.0069489 secs]
Application time: 0.0063447 seconds
[GC pause (G1 Evacuation Pause) (mixed) 35M->30M(64M), 0.0046546 secs]
Application time: 0.0495704 seconds
[GC pause (G1 Evacuation Pause) (young) 52M->31M(64M), 0.0066626 secs]
Application time: 0.0437324 seconds
[GC pause (G1 Evacuation Pause) (young) (initial-mark) 51M->32M(64M), 0.0048124 secs]
[GC concurrent-root-region-scan-start]
[GC concurrent-root-region-scan-end, 0.0017409 secs]
[GC concurrent-mark-start]
Application time: 0.0651254 seconds
[GC pause (G1 Evacuation Pause) (young) 51M->36M(64M), 0.0070484 secs]
[GC concurrent-mark-end, 0.1065282 secs]
Application time: 0.0359567 seconds
[GC remark, 0.0079630 secs]
Application time: 0.0000420 seconds
[GC cleanup 44M->43M(64M), 0.0002678 secs]
[GC concurrent-cleanup-start]
[GC concurrent-cleanup-end, 0.0000085 secs]
Application time: 0.0260542 seconds
[GC pause (G1 Evacuation Pause) (young) 51M->38M(64M), 0.0104275 secs]
Application time: 0.0035993 seconds
[GC pause (G1 Evacuation Pause) (mixed) 39M->38M(64M), 0.0078268 secs]
Application time: 0.0355408 seconds
[GC pause (G1 Evacuation Pause) (young) 52M->38M(64M), 0.0067420 secs]
Application time: 0.0379191 seconds
[GC pause (G1 Evacuation Pause) (young) (initial-mark) 53M->42M(64M), 0.0055771 secs]
[GC concurrent-root-region-scan-start]
[GC concurrent-root-region-scan-end, 0.0013382 secs]
[GC concurrent-mark-start]
Application time: 0.0575851 seconds
[GC pause (G1 Evacuation Pause) (young) 53M->43M(64M), 0.0066888 secs]
Application time: 0.0403492 seconds
[GC pause (G1 Evacuation Pause) (young) 53M->44M(64M), 0.0045604 secs]
[GC concurrent-mark-end, 0.1198929 secs]
Application time: 0.0116911 seconds
[GC remark, 0.0072956 secs]
Application time: 0.0000608 seconds
[GC cleanup 47M->42M(64M), 0.0002330 secs]
[GC concurrent-cleanup-start]
[GC concurrent-cleanup-end, 0.0000128 secs]
Application time: 0.0175660 seconds
[GC pause (G1 Evacuation Pause) (young) 47M->39M(64M), 0.0027110 secs]
Application time: 0.0045023 seconds
[GC pause (G1 Evacuation Pause) (mixed) 41M->34M(64M), 0.0037925 secs]
Application time: 0.0039661 seconds
[GC pause (G1 Evacuation Pause) (mixed) 36M->33M(64M), 0.0042130 secs]
Application time: 0.0353437 seconds
[GC pause (G1 Evacuation Pause) (young) 52M->33M(64M), 0.0027951 secs]
Application time: 0.0365224 seconds
[GC pause (G1 Evacuation Pause) (young) (initial-mark) 52M->33M(64M), 0.0016043 secs]
[GC concurrent-root-region-scan-start]
[GC concurrent-root-region-scan-end, 0.0004194 secs]
[GC concurrent-mark-start]
Application time: 0.0679268 seconds
[GC pause (G1 Evacuation Pause) (young) 53M->37M(64M), 0.0054403 secs]
[GC concurrent-mark-end, 0.1169627 secs]
Application time: 0.0439477 seconds
[GC remark, 0.0095215 secs]
Application time: 0.0000709 seconds
[GC cleanup 49M->47M(64M), 0.0003157 secs]
[GC concurrent-cleanup-start]
[GC concurrent-cleanup-end, 0.0000115 secs]
Application time: 0.0091307 seconds
[GC pause (G1 Evacuation Pause) (young) 51M->37M(64M), 0.0089360 secs]
Application time: 0.0025010 seconds
[GC pause (G1 Evacuation Pause) (mixed) 38M->37M(64M), 0.0102835 secs]
Application time: 0.0394190 seconds
[GC pause (G1 Evacuation Pause) (young) 53M->37M(64M), 0.0091206 secs]
Application time: 0.0394993 seconds
[GC pause (G1 Evacuation Pause) (young) (initial-mark) 53M->43M(64M), 0.0134162 secs]
[GC concurrent-root-region-scan-start]
[GC concurrent-root-region-scan-end, 0.0143668 secs]
[GC concurrent-mark-start]
Application time: 0.0570869 seconds
[GC pause (G1 Evacuation Pause) (young) 52M->45M(64M), 0.0134090 secs]
Application time: 0.0379616 seconds
[GC pause (G1 Evacuation Pause) (young) 52M->48M(64M), 0.0142742 secs]
Application time: 0.0280963 seconds
[GC pause (G1 Evacuation Pause) (young) 53M->51M(64M), 0.0106598 secs]
Application time: 0.0127210 seconds
[GC pause (G1 Evacuation Pause) (young) 54M->53M(64M), 0.0093512 secs]
[GC concurrent-mark-end, 0.1813053 secs]
Application time: 0.0074581 seconds
[GC remark, 0.0092108 secs]
Application time: 0.0000788 seconds
[GC cleanup 54M->46M(64M), 0.0003062 secs]
[GC concurrent-cleanup-start]
[GC concurrent-cleanup-end, 0.0000213 secs]
Application time: 0.0049053 seconds
[GC pause (G1 Evacuation Pause) (young) 47M->47M(64M), 0.0074519 secs]
Application time: 0.0083402 seconds
[GC pause (G1 Evacuation Pause) (mixed) 49M->44M(64M), 0.0093693 secs]
Application time: 0.0073211 seconds
[GC pause (G1 Evacuation Pause) (mixed) 46M->44M(64M), 0.0102484 secs]
Application time: 0.0201730 seconds
[GC pause (G1 Evacuation Pause) (young) 51M->43M(64M), 0.0056242 secs]
Application time: 0.0309354 seconds
[GC pause (G1 Evacuation Pause) (young) (initial-mark) 51M->44M(64M), 0.0018725 secs]
[GC concurrent-root-region-scan-start]
[GC concurrent-root-region-scan-end, 0.0006598 secs]
[GC concurrent-mark-start]
Application time: 0.0401086 seconds
[GC pause (G1 Evacuation Pause) (young) 52M->43M(64M), 0.0017362 secs]
[GC concurrent-mark-end, 0.0763659 secs]
Application time: 0.0311035 seconds
[GC remark, 0.0089185 secs]
Application time: 0.0040340 seconds
[GC cleanup 50M->45M(64M), 0.0003625 secs]
[GC concurrent-cleanup-start]
[GC concurrent-cleanup-end, 0.0000223 secs]
Application time: 0.0056640 seconds
[GC pause (G1 Evacuation Pause) (young) 47M->38M(64M), 0.0018377 secs]
Application time: 0.0044257 seconds
[GC pause (G1 Evacuation Pause) (mixed) 40M->33M(64M), 0.0046472 secs]
Application time: 0.0044548 seconds
[GC pause (G1 Evacuation Pause) (mixed) 35M->30M(64M), 0.0093220 secs]
Application time: 0.0045771 seconds
[GC pause (G1 Evacuation Pause) (mixed) 32M->30M(64M), 0.0078626 secs]
Application time: 0.0442448 seconds
[GC pause (G1 Evacuation Pause) (young) 51M->30M(64M), 0.0029298 secs]
Application time: 0.0590230 seconds
[GC pause (G1 Evacuation Pause) (young) (initial-mark) 51M->30M(64M), 0.0023268 secs]
[GC concurrent-root-region-scan-start]
[GC concurrent-root-region-scan-end, 0.0005941 secs]
[GC concurrent-mark-start]
Application time: 0.0732141 seconds
[GC pause (G1 Evacuation Pause) (young) 52M->31M(64M), 0.0020046 secs]
[GC concurrent-mark-end, 0.0906042 secs]
Application time: 0.0158637 seconds
[GC remark, 0.0087412 secs]
Application time: 0.0000455 seconds
[GC cleanup 34M->34M(64M), 0.0002692 secs]
Application time: 0.0441910 seconds
[GC pause (G1 Evacuation Pause) (young) 53M->30M(64M), 0.0023916 secs]
Application time: 0.0041216 seconds
[GC pause (G1 Evacuation Pause) (mixed) 32M->29M(64M), 0.0051192 secs]
Application time: 0.0496227 seconds
[GC pause (G1 Evacuation Pause) (young)-- 53M->51M(64M), 0.0449183 secs]
Application time: 0.0058707 seconds
[GC pause (G1 Evacuation Pause) (young) (initial-mark) 52M->52M(64M), 0.0121895 secs]
[GC concurrent-root-region-scan-start]
[GC concurrent-root-region-scan-end, 0.0029569 secs]
[GC concurrent-mark-start]
Application time: 0.0132253 seconds
[GC pause (G1 Evacuation Pause) (young) 54M->54M(64M), 0.0100781 secs]
Application time: 0.0162320 seconds
[GC pause (G1 Evacuation Pause) (young) 56M->56M(64M), 0.0051054 secs]
Application time: 0.0223508 seconds
[GC pause (G1 Evacuation Pause) (young) 58M->56M(64M), 0.0041897 secs]
[GC concurrent-mark-end, 0.0762268 secs]
Application time: 0.0074977 seconds
[GC remark, 0.0072869 secs]
Application time: 0.0000365 seconds
[GC cleanup 57M->52M(64M), 0.0002943 secs]
[GC concurrent-cleanup-start]
[GC concurrent-cleanup-end, 0.0000157 secs]
Application time: 0.0072278 seconds
[GC pause (G1 Evacuation Pause) (young) 53M->52M(64M), 0.0030698 secs]
Application time: 0.0099241 seconds
[GC pause (G1 Evacuation Pause) (mixed) 54M->45M(64M), 0.0038198 secs]
Application time: 0.0091310 seconds
[GC pause (G1 Evacuation Pause) (mixed) 47M->40M(64M), 0.0046829 secs]
Application time: 0.0068645 seconds
[GC pause (G1 Evacuation Pause) (mixed) 42M->36M(64M), 0.0081377 secs]
Application time: 0.0059383 seconds
[GC pause (G1 Evacuation Pause) (mixed) 38M->35M(64M), 0.0180285 secs]
Application time: 0.0461009 seconds
[GC pause (G1 Evacuation Pause) (young) 50M->39M(64M), 0.0132482 secs]
Application time: 0.0418409 seconds
[GC pause (G1 Evacuation Pause) (young) (initial-mark) 51M->43M(64M), 0.0112927 secs]
[GC concurrent-root-region-scan-start]
[GC concurrent-root-region-scan-end, 0.0020705 secs]
[GC concurrent-mark-start]
Application time: 0.0380942 seconds
[GC pause (G1 Evacuation Pause) (young) 51M->46M(64M), 0.0103378 secs]
Application time: 0.0340343 seconds
[GC pause (G1 Evacuation Pause) (young) 53M->47M(64M), 0.0060993 secs]
[GC concurrent-mark-end, 0.1267920 secs]
Application time: 0.0354984 seconds
[GC remark, 0.0078139 secs]
Application time: 0.0000529 seconds
[GC cleanup 54M->50M(64M), 0.0002655 secs]
[GC concurrent-cleanup-start]
[GC concurrent-cleanup-end, 0.0000236 secs]
Application time: 0.0007509 seconds
[GC pause (G1 Evacuation Pause) (young) 50M->42M(64M), 0.0029272 secs]
Application time: 0.0049932 seconds
[GC pause (G1 Evacuation Pause) (mixed) 44M->37M(64M), 0.0033028 secs]
Application time: 0.0048992 seconds
[GC pause (G1 Evacuation Pause) (mixed) 39M->34M(64M), 0.0074894 secs]
Application time: 0.0052753 seconds
[GC pause (G1 Evacuation Pause) (mixed) 36M->33M(64M), 0.0117982 secs]
Application time: 0.0393951 seconds
[GC pause (G1 Evacuation Pause) (young) 50M->33M(64M), 0.0052965 secs]
Application time: 0.0416385 seconds
[GC pause (G1 Evacuation Pause) (young) (initial-mark) 51M->34M(64M), 0.0018714 secs]
[GC concurrent-root-region-scan-start]
[GC concurrent-root-region-scan-end, 0.0004785 secs]
[GC concurrent-mark-start]
Application time: 0.0647759 seconds
[GC pause (G1 Evacuation Pause) (young) 52M->33M(64M), 0.0016209 secs]
[GC concurrent-mark-end, 0.1070338 secs]
Application time: 0.0409806 seconds
[GC remark, 0.0072491 secs]
Application time: 0.0000383 seconds
[GC cleanup 47M->46M(64M), 0.0002347 secs]
[GC concurrent-cleanup-start]
[GC concurrent-cleanup-end, 0.0000163 secs]
Application time: 0.0155990 seconds
[GC pause (G1 Evacuation Pause) (young) 51M->32M(64M), 0.0014082 secs]
Application time: 0.0035452 seconds
[GC pause (G1 Evacuation Pause) (mixed) 34M->29M(64M), 0.0055018 secs]
Application time: 0.0382135 seconds
[GC pause (G1 Evacuation Pause) (young) 52M->29M(64M), 0.0045835 secs]
Application time: 0.0444172 seconds
[GC pause (G1 Evacuation Pause) (young) (initial-mark)-- 53M->41M(64M), 0.0164881 secs]
[GC concurrent-root-region-scan-start]
[GC concurrent-root-region-scan-end, 0.0080460 secs]
[GC concurrent-mark-start]
Application time: 0.0667214 seconds
[GC pause (G1 Evacuation Pause) (young) 52M->44M(64M), 0.0168314 secs]
[GC concurrent-mark-end, 0.1158623 secs]
Application time: 0.0402071 seconds
[GC remark, 0.0071174 secs]
Application time: 0.0000361 seconds
[GC cleanup 50M->49M(64M), 0.0002270 secs]
[GC concurrent-cleanup-start]
[GC concurrent-cleanup-end, 0.0000103 secs]
Application time: 0.0084976 seconds
[GC pause (G1 Evacuation Pause) (young) 51M->45M(64M), 0.0133656 secs]
Application time: 0.0029451 seconds
[GC pause (G1 Evacuation Pause) (mixed) 46M->40M(64M), 0.0078223 secs]
Application time: 0.0060993 seconds
[GC pause (G1 Evacuation Pause) (mixed) 42M->39M(64M), 0.0093422 secs]
Application time: 0.0340236 seconds
[GC pause (G1 Evacuation Pause) (young) 51M->43M(64M), 0.0113079 secs]
Application time: 0.0302345 seconds
[GC pause (G1 Evacuation Pause) (young) (initial-mark) 51M->47M(64M), 0.0105370 secs]
[GC concurrent-root-region-scan-start]
[GC concurrent-root-region-scan-end, 0.0020184 secs]
[GC concurrent-mark-start]
Application time: 0.0214882 seconds
[GC pause (G1 Evacuation Pause) (young) 52M->49M(64M), 0.0097944 secs]
Application time: 0.0187800 seconds
[GC pause (G1 Evacuation Pause) (young) 52M->50M(64M), 0.0057419 secs]
Application time: 0.0100708 seconds
[GC pause (G1 Evacuation Pause) (young) 53M->50M(64M), 0.0020454 secs]
Application time: 0.0157733 seconds
[GC pause (G1 Evacuation Pause) (young) 53M->50M(64M), 0.0011910 secs]
Application time: 0.0141885 seconds
[GC pause (G1 Evacuation Pause) (young) 53M->50M(64M), 0.0010301 secs]
Application time: 0.0135028 seconds
[GC pause (G1 Evacuation Pause) (young) 53M->50M(64M), 0.0011191 secs]
Application time: 0.0121770 seconds
[GC pause (G1 Evacuation Pause) (young) 53M->50M(64M), 0.0010211 secs]
[GC concurrent-mark-end, 0.1362986 secs]
Application time: 0.0096202 seconds
[GC remark, 0.0072117 secs]
Application time: 0.0000374 seconds
[GC cleanup 51M->43M(64M), 0.0002574 secs]
[GC concurrent-cleanup-start]
[GC concurrent-cleanup-end, 0.0000177 secs]
Application time: 0.0074863 seconds
[GC pause (G1 Evacuation Pause) (young) 45M->42M(64M), 0.0011331 secs]
Application time: 0.0052651 seconds
[GC pause (G1 Evacuation Pause) (mixed) 44M->35M(64M), 0.0016691 secs]
Application time: 0.0048482 seconds
[GC pause (G1 Evacuation Pause) (mixed) 37M->34M(64M), 0.0049861 secs]
Application time: 0.0334932 seconds
[GC pause (G1 Evacuation Pause) (young) 50M->34M(64M), 0.0041661 secs]
Application time: 0.0352095 seconds
[GC pause (G1 Evacuation Pause) (young) (initial-mark) 51M->33M(64M), 0.0016825 secs]
[GC concurrent-root-region-scan-start]
[GC concurrent-root-region-scan-end, 0.0004766 secs]
[GC concurrent-mark-start]
[GC concurrent-mark-end, 0.0568350 secs]
Application time: 0.0574406 seconds
[GC remark, 0.0093995 secs]
Application time: 0.0000488 seconds
[GC cleanup 41M->40M(64M), 0.0002914 secs]
[GC concurrent-cleanup-start]
[GC concurrent-cleanup-end, 0.0000107 secs]
Application time: 0.0300211 seconds
[GC pause (G1 Evacuation Pause) (young) 50M->33M(64M), 0.0023043 secs]
Application time: 0.0041960 seconds
[GC pause (G1 Evacuation Pause) (mixed) 35M->29M(64M), 0.0063932 secs]
Application time: 0.0422404 seconds
[GC pause (G1 Evacuation Pause) (young) 52M->29M(64M), 0.0052143 secs]
Application time: 0.0383030 seconds
[GC pause (G1 Evacuation Pause) (young) (initial-mark) 52M->29M(64M), 0.0022343 secs]
[GC concurrent-root-region-scan-start]
[GC concurrent-root-region-scan-end, 0.0006642 secs]
[GC concurrent-mark-start]
Application time: 0.0761894 seconds
[GC pause (G1 Evacuation Pause) (young)-- 53M->41M(64M), 0.0160796 secs]
[GC concurrent-mark-end, 0.1304823 secs]
Application time: 0.0380639 seconds
[GC remark, 0.0087294 secs]
Application time: 0.0000567 seconds
[GC cleanup 49M->49M(64M), 0.0002631 secs]
Application time: 0.0116195 seconds
[GC pause (G1 Evacuation Pause) (young) 52M->44M(64M), 0.0149583 secs]
Application time: 0.0291814 seconds
[GC pause (G1 Evacuation Pause) (young) 52M->46M(64M), 0.0129019 secs]
Application time: 0.0180404 seconds
[GC pause (G1 Evacuation Pause) (young) (initial-mark) 53M->49M(64M), 0.0106158 secs]
[GC concurrent-root-region-scan-start]
[GC concurrent-root-region-scan-end, 0.0019438 secs]
[GC concurrent-mark-start]
Application time: 0.0233781 seconds
[GC pause (G1 Evacuation Pause) (young) 53M->52M(64M), 0.0099163 secs]
Application time: 0.0044618 seconds
[GC pause (G1 Evacuation Pause) (young) 54M->54M(64M), 0.0084558 secs]
Application time: 0.0132672 seconds
[GC pause (G1 Evacuation Pause) (young) 56M->56M(64M), 0.0111759 secs]
Application time: 0.0071537 seconds
[GC pause (G1 Evacuation Pause) (young) 58M->57M(64M), 0.0037280 secs]
Application time: 0.0130034 seconds
[GC pause (G1 Evacuation Pause) (young) 59M->58M(64M), 0.0041297 secs]
Application time: 0.0122518 seconds
[GC pause (G1 Evacuation Pause) (young) 60M->59M(64M), 0.0034421 secs]
Application time: 0.0060420 seconds
[GC pause (G1 Evacuation Pause) (young)-- 61M->63M(64M), 0.0136541 secs]
Application time: 0.0000378 seconds
[GC pause (G1 Evacuation Pause) (young)-- 63M->63M(64M), 0.0053075 secs]
Application time: 0.0000595 seconds
[Full GC (Allocation Failure)  63M->25M(64M), 0.1063970 secs]
[GC concurrent-mark-abort]
Application time: 0.0731504 seconds
[GC pause (G1 Evacuation Pause) (young) 48M->28M(64M), 0.0052122 secs]
Application time: 0.0581307 seconds
[GC pause (G1 Evacuation Pause) (young) 49M->28M(64M), 0.0052431 secs]
Application time: 0.0415693 seconds
[GC pause (G1 Evacuation Pause) (young) (initial-mark) 49M->28M(64M), 0.0040695 secs]
[GC concurrent-root-region-scan-start]
[GC concurrent-root-region-scan-end, 0.0004056 secs]
[GC concurrent-mark-start]
Application time: 0.0686888 seconds
[GC pause (G1 Evacuation Pause) (young) 50M->28M(64M), 0.0017686 secs]
[GC concurrent-mark-end, 0.1158355 secs]
Application time: 0.0457494 seconds
[GC remark, 0.0079428 secs]
Application time: 0.0017079 seconds
[GC cleanup 45M->44M(64M), 0.0019673 secs]
[GC concurrent-cleanup-start]
[GC concurrent-cleanup-end, 0.0000183 secs]
Application time: 0.0121908 seconds
[GC pause (G1 Evacuation Pause) (young) 50M->31M(64M), 0.0055270 secs]
Application time: 0.0453275 seconds
[GC pause (G1 Evacuation Pause) (young) 52M->34M(64M), 0.0076823 secs]
Application time: 0.0363708 seconds
[GC pause (G1 Evacuation Pause) (young) (initial-mark) 52M->35M(64M), 0.0083604 secs]
[GC concurrent-root-region-scan-start]
[GC concurrent-root-region-scan-end, 0.0017750 secs]
[GC concurrent-mark-start]
Application time: 0.0739479 seconds
[GC pause (G1 Evacuation Pause) (young) 52M->37M(64M), 0.0091717 secs]
Application time: 0.0519375 seconds
[GC pause (G1 Evacuation Pause) (young) 52M->39M(64M), 0.0043031 secs]
[GC concurrent-mark-end, 0.1655505 secs]
Application time: 0.0237751 seconds
[GC remark, 0.0084014 secs]
Application time: 0.0001339 seconds
[GC cleanup 46M->46M(64M), 0.0002589 secs]
Application time: 0.0177015 seconds
[GC pause (G1 Evacuation Pause) (young) 53M->43M(64M), 0.0072060 secs]
Application time: 0.0023844 seconds
[GC pause (G1 Evacuation Pause) (mixed) 44M->40M(64M), 0.0068060 secs]
Application time: 0.0044690 seconds
[GC pause (G1 Evacuation Pause) (mixed) 42M->39M(64M), 0.0092013 secs]
Application time: 0.0319693 seconds
[GC pause (G1 Evacuation Pause) (young) 52M->41M(64M), 0.0070056 secs]
Application time: 0.0273584 seconds
[GC pause (G1 Evacuation Pause) (young) (initial-mark) 52M->42M(64M), 0.0050294 secs]
[GC concurrent-root-region-scan-start]
[GC concurrent-root-region-scan-end, 0.0002291 secs]
[GC concurrent-mark-start]
Application time: 0.0632308 seconds
[GC pause (G1 Evacuation Pause) (young) 53M->42M(64M), 0.0064764 secs]
[GC concurrent-mark-end, 0.1106982 secs]
Application time: 0.0410649 seconds
[GC remark, 0.0095328 secs]
Application time: 0.0000379 seconds
[GC cleanup 51M->47M(64M), 0.0002990 secs]
[GC concurrent-cleanup-start]
[GC concurrent-cleanup-end, 0.0000124 secs]
Application time: 0.0049809 seconds
[GC pause (G1 Evacuation Pause) (young) 49M->41M(64M), 0.0051166 secs]
Application time: 0.0018072 seconds
[GC pause (G1 Evacuation Pause) (mixed) 42M->38M(64M), 0.0082708 secs]
Application time: 0.0042420 seconds
[GC pause (G1 Evacuation Pause) (mixed) 40M->35M(64M), 0.0128003 secs]
Application time: 0.0300568 seconds
[GC pause (G1 Evacuation Pause) (young) 51M->37M(64M), 0.0089929 secs]
Application time: 0.0290515 seconds
[GC pause (G1 Evacuation Pause) (young) (initial-mark) 52M->42M(64M), 0.0083929 secs]
[GC concurrent-root-region-scan-start]
[GC concurrent-root-region-scan-end, 0.0017984 secs]
[GC concurrent-mark-start]
Application time: 0.0481080 seconds
[GC pause (G1 Evacuation Pause) (young) 52M->44M(64M), 0.0099064 secs]
[GC concurrent-mark-end, 0.0897028 secs]
Application time: 0.0293965 seconds
[GC remark, 0.0083965 secs]
Application time: 0.0009565 seconds
[GC cleanup 49M->44M(64M), 0.0002514 secs]
[GC concurrent-cleanup-start]
[GC concurrent-cleanup-end, 0.0000139 secs]
Application time: 0.0087517 seconds
[GC pause (G1 Evacuation Pause) (young) 48M->41M(64M), 0.0072673 secs]
Application time: 0.0033681 seconds
[GC pause (G1 Evacuation Pause) (mixed) 42M->35M(64M), 0.0078888 secs]
Application time: 0.0047640 seconds
[GC pause (G1 Evacuation Pause) (mixed) 37M->32M(64M), 0.0089478 secs]
Application time: 0.0421699 seconds
[GC pause (G1 Evacuation Pause) (young) 51M->35M(64M), 0.0092876 secs]
Application time: 0.0342008 seconds
[GC pause (G1 Evacuation Pause) (young) (initial-mark) 51M->37M(64M), 0.0091143 secs]
[GC concurrent-root-region-scan-start]
[GC concurrent-root-region-scan-end, 0.0016236 secs]
[GC concurrent-mark-start]
Application time: 0.0553731 seconds
[GC pause (G1 Evacuation Pause) (young) 51M->38M(64M), 0.0052396 secs]
[GC concurrent-mark-end, 0.0918872 secs]
Application time: 0.0328260 seconds
[GC remark, 0.0079011 secs]
Application time: 0.0000383 seconds
[GC cleanup 48M->46M(64M), 0.0002768 secs]
[GC concurrent-cleanup-start]
[GC concurrent-cleanup-end, 0.0000100 secs]
Application time: 0.0086009 seconds
[GC pause (G1 Evacuation Pause) (young) 50M->36M(64M), 0.0023995 secs]
Application time: 0.0060644 seconds
[GC pause (G1 Evacuation Pause) (mixed) 38M->31M(64M), 0.0041018 secs]
Application time: 0.0072010 seconds
[GC pause (G1 Evacuation Pause) (mixed) 33M->31M(64M), 0.0062782 secs]
Application time: 0.0344117 seconds
[GC pause (G1 Evacuation Pause) (young) 52M->31M(64M), 0.0040274 secs]
Application time: 0.0433578 seconds
[GC pause (G1 Evacuation Pause) (young) (initial-mark) 53M->37M(64M), 0.0080585 secs]
[GC concurrent-root-region-scan-start]
[GC concurrent-root-region-scan-end, 0.0021486 secs]
[GC concurrent-mark-start]
Application time: 0.0567640 seconds
[GC pause (G1 Evacuation Pause) (young) 52M->39M(64M), 0.0081649 secs]
[GC concurrent-mark-end, 0.0963666 secs]
Application time: 0.0334944 seconds
[GC remark, 0.0086364 secs]
Application time: 0.0000492 seconds
[GC cleanup 49M->44M(64M), 0.0002668 secs]
[GC concurrent-cleanup-start]
[GC concurrent-cleanup-end, 0.0000160 secs]
Application time: 0.0100459 seconds
[GC pause (G1 Evacuation Pause) (young) 49M->34M(64M), 0.0073067 secs]
Application time: 0.0040005 seconds
[GC pause (G1 Evacuation Pause) (mixed) 35M->33M(64M), 0.0093803 secs]
Application time: 0.0393840 seconds
[GC pause (G1 Evacuation Pause) (young) 52M->40M(64M), 0.0140941 secs]
Application time: 0.0312804 seconds
[GC pause (G1 Evacuation Pause) (young) (initial-mark) 52M->46M(64M), 0.0132045 secs]
[GC concurrent-root-region-scan-start]
[GC concurrent-root-region-scan-end, 0.0073311 secs]
[GC concurrent-mark-start]
Application time: 0.0341386 seconds
[GC pause (G1 Evacuation Pause) (young) 52M->47M(64M), 0.0113486 secs]
Application time: 0.0244821 seconds
[GC pause (G1 Evacuation Pause) (young) 52M->47M(64M), 0.0047485 secs]
Application time: 0.0288772 seconds
[GC pause (G1 Evacuation Pause) (young) 53M->48M(64M), 0.0024915 secs]
[GC concurrent-mark-end, 0.1143517 secs]
Application time: 0.0112168 seconds
[GC remark, 0.0075595 secs]
Application time: 0.0015438 seconds
[GC cleanup 52M->44M(64M), 0.0002594 secs]
[GC concurrent-cleanup-start]
[GC concurrent-cleanup-end, 0.0000203 secs]
Application time: 0.0022040 seconds
[GC pause (G1 Evacuation Pause) (young) 45M->41M(64M), 0.0029904 secs]
Application time: 0.0048102 seconds
[GC pause (G1 Evacuation Pause) (mixed) 43M->38M(64M), 0.0053058 secs]
Application time: 0.0052424 seconds
[GC pause (G1 Evacuation Pause) (mixed) 40M->35M(64M), 0.0078893 secs]
Application time: 0.0320493 seconds
[GC pause (G1 Evacuation Pause) (young) 50M->38M(64M), 0.0072700 secs]
Application time: 0.0288500 seconds
[GC pause (G1 Evacuation Pause) (young) (initial-mark) 51M->39M(64M), 0.0049638 secs]
[GC concurrent-root-region-scan-start]
[GC concurrent-root-region-scan-end, 0.0017315 secs]
[GC concurrent-mark-start]
Application time: 0.0473115 seconds
[GC pause (G1 Evacuation Pause) (young) 52M->40M(64M), 0.0043148 secs]
Application time: 0.0419346 seconds
[GC pause (G1 Evacuation Pause) (young) 52M->39M(64M), 0.0036726 secs]
[GC concurrent-mark-end, 0.1140087 secs]
Application time: 0.0141463 seconds
[GC remark, 0.0082193 secs]
Application time: 0.0000378 seconds
[GC cleanup 44M->42M(64M), 0.0002689 secs]
[GC concurrent-cleanup-start]
[GC concurrent-cleanup-end, 0.0000091 secs]
Application time: 0.0164480 seconds
[GC pause (G1 Evacuation Pause) (young) 50M->38M(64M), 0.0023227 secs]
Application time: 0.0037011 seconds
[GC pause (G1 Evacuation Pause) (mixed) 40M->34M(64M), 0.0044754 secs]
Application time: 0.0036078 seconds
[GC pause (G1 Evacuation Pause) (mixed) 36M->31M(64M), 0.0069630 secs]
Application time: 0.0334046 seconds
[GC pause (G1 Evacuation Pause) (young) 51M->31M(64M), 0.0033609 secs]
Application time: 0.0455388 seconds
[GC pause (G1 Evacuation Pause) (young) (initial-mark) 52M->36M(64M), 0.0052116 secs]
[GC concurrent-root-region-scan-start]
[GC concurrent-root-region-scan-end, 0.0020547 secs]
[GC concurrent-mark-start]
Application time: 0.0738453 seconds
[GC pause (G1 Evacuation Pause) (young) 52M->39M(64M), 0.0087896 secs]
[GC concurrent-mark-end, 0.0885245 secs]
Application time: 0.0078014 seconds
[GC remark, 0.0083666 secs]
Application time: 0.0020827 seconds
[GC cleanup 41M->37M(64M), 0.0002218 secs]
[GC concurrent-cleanup-start]
[GC concurrent-cleanup-end, 0.0000206 secs]
Application time: 0.0231804 seconds
[GC pause (G1 Evacuation Pause) (young) 49M->36M(64M), 0.0070166 secs]
Application time: 0.0062346 seconds
[GC pause (G1 Evacuation Pause) (mixed) 37M->33M(64M), 0.0083733 secs]
Application time: 0.0068016 seconds
[GC pause (G1 Evacuation Pause) (mixed) 35M->33M(64M), 0.0056388 secs]
Application time: 0.0425406 seconds
[GC pause (G1 Evacuation Pause) (young) 51M->40M(64M), 0.0097102 secs]
Application time: 0.0351525 seconds
[GC pause (G1 Evacuation Pause) (young) (initial-mark) 51M->42M(64M), 0.0147686 secs]
[GC concurrent-root-region-scan-start]
[GC concurrent-root-region-scan-end, 0.0039860 secs]
[GC concurrent-mark-start]
Application time: 0.0687688 seconds
[GC pause (G1 Evacuation Pause) (young) 51M->44M(64M), 0.0107296 secs]
[GC concurrent-mark-end, 0.0928859 secs]
Application time: 0.0172827 seconds
[GC remark, 0.0090793 secs]
Application time: 0.0036725 seconds
[GC cleanup 47M->41M(64M), 0.0003163 secs]
[GC concurrent-cleanup-start]
[GC concurrent-cleanup-end, 0.0000228 secs]
Application time: 0.0140708 seconds
[GC pause (G1 Evacuation Pause) (young) 46M->38M(64M), 0.0074494 secs]
Application time: 0.0031070 seconds
[GC pause (G1 Evacuation Pause) (mixed) 39M->34M(64M), 0.0069572 secs]
Application time: 0.0078549 seconds
[GC pause (G1 Evacuation Pause) (mixed) 36M->32M(64M), 0.0119671 secs]
Application time: 0.0449354 seconds
[GC pause (G1 Evacuation Pause) (young) 50M->35M(64M), 0.0103118 secs]
Application time: 0.0387320 seconds
[GC pause (G1 Evacuation Pause) (young) (initial-mark) 51M->36M(64M), 0.0063282 secs]
[GC concurrent-root-region-scan-start]
[GC concurrent-root-region-scan-end, 0.0015064 secs]
[GC concurrent-mark-start]
Application time: 0.0667672 seconds
[GC pause (G1 Evacuation Pause) (young) 52M->36M(64M), 0.0052214 secs]
[GC concurrent-mark-end, 0.1159368 secs]
Application time: 0.0398906 seconds
[GC remark, 0.0082820 secs]
Application time: 0.0000438 seconds
[GC cleanup 47M->44M(64M), 0.0003042 secs]
[GC concurrent-cleanup-start]
[GC concurrent-cleanup-end, 0.0000117 secs]
Application time: 0.0110960 seconds
[GC pause (G1 Evacuation Pause) (young) 49M->33M(64M), 0.0037805 secs]
Application time: 0.0022314 seconds
[GC pause (G1 Evacuation Pause) (mixed) 34M->30M(64M), 0.0079474 secs]
Application time: 0.0417908 seconds
[GC pause (G1 Evacuation Pause) (young) 52M->29M(64M), 0.0052887 secs]
Application time: 0.0460577 seconds
[GC pause (G1 Evacuation Pause) (young) (initial-mark) 52M->35M(64M), 0.0096397 secs]
[GC concurrent-root-region-scan-start]
[GC concurrent-root-region-scan-end, 0.0024825 secs]
[GC concurrent-mark-start]
Application time: 0.0629395 seconds
[GC pause (G1 Evacuation Pause) (young) 52M->36M(64M), 0.0103769 secs]
[GC concurrent-mark-end, 0.1049093 secs]
Application time: 0.0339322 seconds
[GC remark, 0.0085217 secs]
Application time: 0.0000342 seconds
[GC cleanup 45M->42M(64M), 0.0003083 secs]
[GC concurrent-cleanup-start]
[GC concurrent-cleanup-end, 0.0000097 secs]
Application time: 0.0157292 seconds
[GC pause (G1 Evacuation Pause) (young) 49M->34M(64M), 0.0102617 secs]
Application time: 0.0028318 seconds
[GC pause (G1 Evacuation Pause) (mixed) 35M->31M(64M), 0.0067650 secs]
Application time: 0.0582292 seconds
[GC pause (G1 Evacuation Pause) (young) 52M->40M(64M), 0.0185419 secs]
Application time: 0.0436281 seconds
[GC pause (G1 Evacuation Pause) (young) (initial-mark) 52M->43M(64M), 0.0181390 secs]
[GC concurrent-root-region-scan-start]
[GC concurrent-root-region-scan-end, 0.0041208 secs]
[GC concurrent-mark-start]
Application time: 0.0492501 seconds
[GC pause (G1 Evacuation Pause) (young) 53M->45M(64M), 0.0134564 secs]
Application time: 0.0380075 seconds
[GC pause (G1 Evacuation Pause) (young) 53M->47M(64M), 0.0082089 secs]
[GC concurrent-mark-end, 0.1263945 secs]
Application time: 0.0173953 seconds
[GC remark, 0.0085583 secs]
Application time: 0.0000444 seconds
[GC cleanup 51M->45M(64M), 0.0003094 secs]
[GC concurrent-cleanup-start]
[GC concurrent-cleanup-end, 0.0000179 secs]
Application time: 0.0065370 seconds
[GC pause (G1 Evacuation Pause) (young) 47M->42M(64M), 0.0058598 secs]
Application time: 0.0047865 seconds
[GC pause (G1 Evacuation Pause) (mixed) 44M->37M(64M), 0.0059565 secs]
Application time: 0.0048344 seconds
[GC pause (G1 Evacuation Pause) (mixed) 39M->35M(64M), 0.0074256 secs]
Application time: 0.0362199 seconds
[GC pause (G1 Evacuation Pause) (young) 51M->35M(64M), 0.0042082 secs]
Application time: 0.0334859 seconds
[GC pause (G1 Evacuation Pause) (young) (initial-mark) 51M->35M(64M), 0.0018871 secs]
[GC concurrent-root-region-scan-start]
[GC concurrent-root-region-scan-end, 0.0004741 secs]
[GC concurrent-mark-start]
Application time: 0.0677496 seconds
[GC pause (G1 Evacuation Pause) (young) 52M->35M(64M), 0.0020398 secs]
[GC concurrent-mark-end, 0.0970093 secs]
Application time: 0.0275448 seconds
[GC remark, 0.0082576 secs]
Application time: 0.0000398 seconds
[GC cleanup 44M->44M(64M), 0.0002979 secs]
Application time: 0.0208994 seconds
[GC pause (G1 Evacuation Pause) (young) 52M->35M(64M), 0.0019302 secs]
Application time: 0.0035093 seconds
[GC pause (G1 Evacuation Pause) (mixed) 37M->30M(64M), 0.0050737 secs]
Application time: 0.0035212 seconds
[GC pause (G1 Evacuation Pause) (mixed) 32M->30M(64M), 0.0045479 secs]
Application time: 0.0344188 seconds
[GC pause (G1 Evacuation Pause) (young) 52M->30M(64M), 0.0027129 secs]
Application time: 0.0401453 seconds
[GC pause (G1 Evacuation Pause) (young) (initial-mark) 52M->32M(64M), 0.0033489 secs]
[GC concurrent-root-region-scan-start]
[GC concurrent-root-region-scan-end, 0.0017367 secs]
[GC concurrent-mark-start]
Application time: 0.0694625 seconds
[GC pause (G1 Evacuation Pause) (young)-- 52M->50M(64M), 0.0307225 secs]
Application time: 0.0144540 seconds
[GC pause (G1 Evacuation Pause) (young) 53M->52M(64M), 0.0145896 secs]
[GC concurrent-mark-end, 0.1498608 secs]
Application time: 0.0181931 seconds
[GC remark, 0.0090614 secs]
Application time: 0.0000343 seconds
[GC cleanup 55M->55M(64M), 0.0002687 secs]
Application time: 0.0024655 seconds
[GC pause (G1 Evacuation Pause) (young) 55M->53M(64M), 0.0111514 secs]
Application time: 0.0098662 seconds
[GC pause (G1 Evacuation Pause) (mixed) 55M->52M(64M), 0.0066394 secs]
Application time: 0.0093698 seconds
[GC pause (G1 Evacuation Pause) (young) 54M->52M(64M), 0.0042300 secs]
Application time: 0.0094226 seconds
[GC pause (G1 Evacuation Pause) (young) (initial-mark) 54M->53M(64M), 0.0026007 secs]
[GC concurrent-root-region-scan-start]
[GC concurrent-root-region-scan-end, 0.0014379 secs]
[GC concurrent-mark-start]
Application time: 0.0126212 seconds
[GC pause (G1 Evacuation Pause) (young) 55M->53M(64M), 0.0028256 secs]
Application time: 0.0190706 seconds
[GC pause (G1 Evacuation Pause) (young) 55M->55M(64M), 0.0046582 secs]
Application time: 0.0146952 seconds
[GC pause (G1 Evacuation Pause) (young) 57M->57M(64M), 0.0058351 secs]
Application time: 0.0153698 seconds
[GC pause (G1 Evacuation Pause) (young) 59M->59M(64M), 0.0060253 secs]
[GC concurrent-mark-end, 0.0993692 secs]
Application time: 0.0044092 seconds
[GC remark, 0.0085745 secs]
Application time: 0.0000333 seconds
[GC cleanup 59M->48M(64M), 0.0003130 secs]
[GC concurrent-cleanup-start]
[GC concurrent-cleanup-end, 0.0000233 secs]
Application time: 0.0073707 seconds
[GC pause (G1 Evacuation Pause) (young) 50M->49M(64M), 0.0054934 secs]
Application time: 0.0064889 seconds
[GC pause (G1 Evacuation Pause) (mixed) 51M->44M(64M), 0.0050293 secs]
Application time: 0.0039318 seconds
[GC pause (G1 Evacuation Pause) (mixed) 46M->42M(64M), 0.0093746 secs]
Application time: 0.0066432 seconds
[GC pause (G1 Evacuation Pause) (mixed) 44M->42M(64M), 0.0110591 secs]
Application time: 0.0236929 seconds
[GC pause (G1 Evacuation Pause) (young) 50M->46M(64M), 0.0085571 secs]
Application time: 0.0194837 seconds
[GC pause (G1 Evacuation Pause) (young) (initial-mark) 52M->48M(64M), 0.0088644 secs]
[GC concurrent-root-region-scan-start]
[GC concurrent-root-region-scan-end, 0.0015941 secs]
[GC concurrent-mark-start]
Application time: 0.0203988 seconds
[GC pause (G1 Evacuation Pause) (young) 52M->50M(64M), 0.0061876 secs]
Application time: 0.0158931 seconds
[GC pause (G1 Evacuation Pause) (young) 53M->49M(64M), 0.0035783 secs]
Application time: 0.0196619 seconds
[GC pause (G1 Evacuation Pause) (young) 53M->49M(64M), 0.0012237 secs]
Application time: 0.0286159 seconds
[GC pause (G1 Evacuation Pause) (young) 53M->49M(64M), 0.0013640 secs]
[GC concurrent-mark-end, 0.1189407 secs]
Application time: 0.0151250 seconds
[GC remark, 0.0091547 secs]
Application time: 0.0000414 seconds
[GC cleanup 51M->44M(64M), 0.0003127 secs]
[GC concurrent-cleanup-start]
[GC concurrent-cleanup-end, 0.0000175 secs]
Application time: 0.0160974 seconds
[GC pause (G1 Evacuation Pause) (young) 46M->42M(64M), 0.0016003 secs]
Application time: 0.0064035 seconds
[GC pause (G1 Evacuation Pause) (mixed) 44M->38M(64M), 0.0054254 secs]
Application time: 0.0059374 seconds
[GC pause (G1 Evacuation Pause) (mixed) 40M->33M(64M), 0.0093375 secs]
Application time: 0.0057849 seconds
[GC pause (G1 Evacuation Pause) (mixed) 35M->33M(64M), 0.0053057 secs]
Application time: 0.0395078 seconds
[GC pause (G1 Evacuation Pause) (young) 50M->33M(64M), 0.0020948 secs]
Application time: 0.0427786 seconds
[GC pause (G1 Evacuation Pause) (young) (initial-mark) 51M->33M(64M), 0.0016281 secs]
[GC concurrent-root-region-scan-start]
[GC concurrent-root-region-scan-end, 0.0005276 secs]
[GC concurrent-mark-start]
Application time: 0.0782827 seconds
[GC pause (G1 Evacuation Pause) (young) 52M->33M(64M), 0.0017603 secs]
[GC concurrent-mark-end, 0.1060182 secs]
Application time: 0.0263793 seconds
[GC remark, 0.0073297 secs]
Application time: 0.0000396 seconds
[GC cleanup 42M->42M(64M), 0.0002589 secs]
Application time: 0.0177692 seconds
[GC pause (G1 Evacuation Pause) (young) 52M->34M(64M), 0.0015565 secs]
Application time: 0.0077656 seconds
[GC pause (G1 Evacuation Pause) (mixed) 36M->29M(64M), 0.0072454 secs]
Application time: 0.0417856 seconds
[GC pause (G1 Evacuation Pause) (young) 52M->29M(64M), 0.0056241 secs]
Application time: 0.0479418 seconds
[GC pause (G1 Evacuation Pause) (young) (initial-mark) 53M->38M(64M), 0.0115696 secs]
[GC concurrent-root-region-scan-start]
[GC concurrent-root-region-scan-end, 0.0053431 secs]
[GC concurrent-mark-start]
Application time: 0.0826619 seconds
[GC pause (G1 Evacuation Pause) (young) 52M->42M(64M), 0.0160225 secs]
[GC concurrent-mark-end, 0.1236892 secs]
Application time: 0.0264179 seconds
[GC remark, 0.0085897 secs]
Application time: 0.0000424 seconds
[GC cleanup 46M->46M(64M), 0.0002662 secs]
Application time: 0.0210607 seconds
[GC pause (G1 Evacuation Pause) (young) 52M->44M(64M), 0.0145407 secs]
Application time: 0.0033276 seconds
[GC pause (G1 Evacuation Pause) (mixed) 45M->41M(64M), 0.0138929 secs]
Application time: 0.0081180 seconds
[GC pause (G1 Evacuation Pause) (mixed) 43M->40M(64M), 0.0149018 secs]
Application time: 0.0359873 seconds
[GC pause (G1 Evacuation Pause) (young) 51M->43M(64M), 0.0113338 secs]
Application time: 0.0233929 seconds
[GC pause (G1 Evacuation Pause) (young) (initial-mark) 51M->46M(64M), 0.0089850 secs]
[GC concurrent-root-region-scan-start]
[GC concurrent-root-region-scan-end, 0.0018603 secs]
[GC concurrent-mark-start]
Application time: 0.0312260 seconds
[GC pause (G1 Evacuation Pause) (young) 52M->48M(64M), 0.0096770 secs]
Application time: 0.0202445 seconds
[GC pause (G1 Evacuation Pause) (young) 52M->50M(64M), 0.0043258 secs]
[GC concurrent-mark-end, 0.1009155 secs]
Application time: 0.0291262 seconds
[GC remark, 0.0082920 secs]
Application time: 0.0015184 seconds
[GC cleanup 54M->49M(64M), 0.0002819 secs]
[GC concurrent-cleanup-start]
[GC concurrent-cleanup-end, 0.0000153 secs]
Application time: 0.0002322 seconds
[GC pause (G1 Evacuation Pause) (young) 49M->44M(64M), 0.0025466 secs]
Application time: 0.0057287 seconds
[GC pause (G1 Evacuation Pause) (mixed) 46M->38M(64M), 0.0033115 secs]
Application time: 0.0066712 seconds
[GC pause (G1 Evacuation Pause) (mixed) 40M->35M(64M), 0.0059971 secs]
Application time: 0.0108195 seconds
[GC pause (G1 Evacuation Pause) (mixed) 37M->34M(64M), 0.0072138 secs]
Application time: 0.0432545 seconds
[GC pause (G1 Evacuation Pause) (young) 50M->34M(64M), 0.0036301 secs]
Application time: 0.0378883 seconds
[GC pause (G1 Evacuation Pause) (young) (initial-mark) 51M->34M(64M), 0.0015412 secs]
[GC concurrent-root-region-scan-start]
[GC concurrent-root-region-scan-end, 0.0004904 secs]
[GC concurrent-mark-start]
Application time: 0.0736004 seconds
[GC pause (G1 Evacuation Pause) (young) 52M->34M(64M), 0.0017553 secs]
[GC concurrent-mark-end, 0.1104284 secs]
Application time: 0.0354153 seconds
[GC remark, 0.0084793 secs]
Application time: 0.0000428 seconds
[GC cleanup 46M->46M(64M), 0.0002679 secs]
Application time: 0.0107371 seconds
[GC pause (G1 Evacuation Pause) (young) 52M->34M(64M), 0.0014959 secs]
Application time: 0.0037999 seconds
[GC pause (G1 Evacuation Pause) (mixed) 36M->30M(64M), 0.0057837 secs]
Application time: 0.0039589 seconds
[GC pause (G1 Evacuation Pause) (mixed) 32M->30M(64M), 0.0064906 secs]
Application time: 0.0382343 seconds
[GC pause (G1 Evacuation Pause) (young) 52M->30M(64M), 0.0027359 secs]
Application time: 0.0405026 seconds
[GC pause (G1 Evacuation Pause) (young) (initial-mark) 53M->33M(64M), 0.0046556 secs]
[GC concurrent-root-region-scan-start]
[GC concurrent-root-region-scan-end, 0.0021125 secs]
[GC concurrent-mark-start]
[GC concurrent-mark-end, 0.0842474 secs]
Application time: 0.0864004 seconds
[GC remark, 0.0077877 secs]
Application time: 0.0000408 seconds
[GC cleanup 52M->49M(64M), 0.0002624 secs]
[GC concurrent-cleanup-start]
[GC concurrent-cleanup-end, 0.0000131 secs]
Application time: 0.0027204 seconds
[GC pause (G1 Evacuation Pause) (young) 49M->40M(64M), 0.0131414 secs]
Application time: 0.0034552 seconds
[GC pause (G1 Evacuation Pause) (mixed) 41M->38M(64M), 0.0160789 secs]
Application time: 0.0467363 seconds
[GC pause (G1 Evacuation Pause) (young) 52M->41M(64M), 0.0158050 secs]
Application time: 0.0318441 seconds
[GC pause (G1 Evacuation Pause) (young) (initial-mark) 51M->45M(64M), 0.0110920 secs]
[GC concurrent-root-region-scan-start]
[GC concurrent-root-region-scan-end, 0.0050445 secs]
[GC concurrent-mark-start]
Application time: 0.0398492 seconds
[GC pause (G1 Evacuation Pause) (young) 52M->47M(64M), 0.0101189 secs]
Application time: 0.0258637 seconds
[GC pause (G1 Evacuation Pause) (young) 52M->47M(64M), 0.0061366 secs]
Application time: 0.0253631 seconds
[GC pause (G1 Evacuation Pause) (young) 53M->50M(64M), 0.0049642 secs]
Application time: 0.0168371 seconds
[GC pause (G1 Evacuation Pause) (young) 54M->52M(64M), 0.0051470 secs]
Application time: 0.0098927 seconds
[GC pause (G1 Evacuation Pause) (young) 54M->53M(64M), 0.0038498 secs]
Application time: 0.0090627 seconds
[GC pause (G1 Evacuation Pause) (young) 55M->53M(64M), 0.0022430 secs]
[GC concurrent-mark-end, 0.1617608 secs]
Application time: 0.0028067 seconds
[GC remark, 0.0079242 secs]
Application time: 0.0000317 seconds
[GC cleanup 53M->47M(64M), 0.0002499 secs]
[GC concurrent-cleanup-start]
[GC concurrent-cleanup-end, 0.0000186 secs]
Application time: 0.0038929 seconds
[GC pause (G1 Evacuation Pause) (young) 49M->48M(64M), 0.0025892 secs]
Application time: 0.0048974 seconds
[GC pause (G1 Evacuation Pause) (mixed) 50M->44M(64M), 0.0060083 secs]
Application time: 0.0067460 seconds
[GC pause (G1 Evacuation Pause) (mixed) 46M->42M(64M), 0.0137142 secs]
Application time: 0.0217857 seconds
[GC pause (G1 Evacuation Pause) (young) 51M->41M(64M), 0.0081691 secs]
Application time: 0.0238395 seconds
[GC pause (G1 Evacuation Pause) (young) (initial-mark) 51M->41M(64M), 0.0012476 secs]
[GC concurrent-root-region-scan-start]
[GC concurrent-root-region-scan-end, 0.0004240 secs]
[GC concurrent-mark-start]
Application time: 0.0442930 seconds
[GC pause (G1 Evacuation Pause) (young) 52M->41M(64M), 0.0012097 secs]
Application time: 0.0366103 seconds
[GC pause (G1 Evacuation Pause) (young) 52M->41M(64M), 0.0012714 secs]
[GC concurrent-mark-end, 0.1191304 secs]
Application time: 0.0319784 seconds
[GC remark, 0.0085263 secs]
Application time: 0.0000462 seconds
[GC cleanup 51M->49M(64M), 0.0002751 secs]
[GC concurrent-cleanup-start]
[GC concurrent-cleanup-end, 0.0000131 secs]
Application time: 0.0034947 seconds
[GC pause (G1 Evacuation Pause) (young) 50M->39M(64M), 0.0012440 secs]
Application time: 0.0041873 seconds
[GC pause (G1 Evacuation Pause) (mixed) 41M->33M(64M), 0.0028187 secs]
Application time: 0.0041796 seconds
[GC pause (G1 Evacuation Pause) (mixed) 35M->31M(64M), 0.0077009 secs]
Application time: 0.0041712 seconds
[GC pause (G1 Evacuation Pause) (mixed) 33M->31M(64M), 0.0090352 secs]
Application time: 0.0390878 seconds
[GC pause (G1 Evacuation Pause) (young) 51M->33M(64M), 0.0062809 secs]
Application time: 0.0444259 seconds
[GC pause (G1 Evacuation Pause) (young) (initial-mark) 51M->37M(64M), 0.0100956 secs]
[GC concurrent-root-region-scan-start]
[GC concurrent-root-region-scan-end, 0.0035365 secs]
[GC concurrent-mark-start]
Application time: 0.0747732 seconds
[GC pause (G1 Evacuation Pause) (young) 52M->40M(64M), 0.0095355 secs]
[GC concurrent-mark-end, 0.1177114 secs]
Application time: 0.0368249 seconds
[GC remark, 0.0078445 secs]
Application time: 0.0000434 seconds
[GC cleanup 49M->48M(64M), 0.0002480 secs]
[GC concurrent-cleanup-start]
[GC concurrent-cleanup-end, 0.0000113 secs]
Application time: 0.0089688 seconds
[GC pause (G1 Evacuation Pause) (young) 52M->40M(64M), 0.0088845 secs]
Application time: 0.0033627 seconds
[GC pause (G1 Evacuation Pause) (mixed) 41M->37M(64M), 0.0107502 secs]
Application time: 0.0046262 seconds
[GC pause (G1 Evacuation Pause) (mixed) 39M->35M(64M), 0.0176503 secs]
Application time: 0.0359697 seconds
[GC pause (G1 Evacuation Pause) (young) 51M->36M(64M), 0.0128118 secs]
Application time: 0.0344436 seconds
[GC pause (G1 Evacuation Pause) (young) (initial-mark) 52M->40M(64M), 0.0059326 secs]
[GC concurrent-root-region-scan-start]
[GC concurrent-root-region-scan-end, 0.0031499 secs]
[GC concurrent-mark-start]
[GC concurrent-mark-end, 0.0535060 secs]
Application time: 0.0567350 seconds
[GC remark, 0.0084718 secs]
Application time: 0.0007586 seconds
[GC cleanup 48M->48M(64M), 0.0002669 secs]
Application time: 0.0121355 seconds
[GC pause (G1 Evacuation Pause) (young) 53M->43M(64M), 0.0104338 secs]
Application time: 0.0026621 seconds
[GC pause (G1 Evacuation Pause) (mixed) 44M->40M(64M), 0.0115563 secs]
Application time: 0.0050452 seconds
[GC pause (G1 Evacuation Pause) (mixed) 42M->37M(64M), 0.0138756 secs]
Application time: 0.0431759 seconds
[GC pause (G1 Evacuation Pause) (young) 52M->37M(64M), 0.0079682 secs]
Application time: 0.0389630 seconds
[GC pause (G1 Evacuation Pause) (young) (initial-mark) 52M->38M(64M), 0.0028916 secs]
[GC concurrent-root-region-scan-start]
[GC concurrent-root-region-scan-end, 0.0022039 secs]
[GC concurrent-mark-start]
Application time: 0.0563428 seconds
[GC pause (G1 Evacuation Pause) (young) 53M->39M(64M), 0.0058403 secs]
[GC concurrent-mark-end, 0.0844733 secs]
Application time: 0.0229175 seconds
[GC remark, 0.0076755 secs]
Application time: 0.0000401 seconds
[GC cleanup 43M->41M(64M), 0.0002501 secs]
[GC concurrent-cleanup-start]
[GC concurrent-cleanup-end, 0.0000157 secs]
Application time: 0.0227381 seconds
[GC pause (G1 Evacuation Pause) (young) 50M->40M(64M), 0.0081844 secs]
Application time: 0.0023375 seconds
[GC pause (G1 Evacuation Pause) (mixed) 41M->35M(64M), 0.0097017 secs]
Application time: 0.0046403 seconds
[GC pause (G1 Evacuation Pause) (mixed) 37M->34M(64M), 0.0091680 secs]
Application time: 0.0391015 seconds
[GC pause (G1 Evacuation Pause) (young) 52M->36M(64M), 0.0057593 secs]
Application time: 0.0402321 seconds
[GC pause (G1 Evacuation Pause) (young) (initial-mark) 52M->40M(64M), 0.0092803 secs]
[GC concurrent-root-region-scan-start]
[GC concurrent-root-region-scan-end, 0.0077860 secs]
[GC concurrent-mark-start]
Application time: 0.0719919 seconds
[GC pause (G1 Evacuation Pause) (young) 52M->42M(64M), 0.0085847 secs]
[GC concurrent-mark-end, 0.1017641 secs]
Application time: 0.0248781 seconds
[GC remark, 0.0084134 secs]
Application time: 0.0000492 seconds
[GC cleanup 47M->41M(64M), 0.0002576 secs]
[GC concurrent-cleanup-start]
[GC concurrent-cleanup-end, 0.0000158 secs]
Application time: 0.0127894 seconds
[GC pause (G1 Evacuation Pause) (young) 46M->36M(64M), 0.0075750 secs]
Application time: 0.0018178 seconds
[GC pause (G1 Evacuation Pause) (mixed) 37M->33M(64M), 0.0064781 secs]
Application time: 0.0467597 seconds
[GC pause (G1 Evacuation Pause) (young) 51M->36M(64M), 0.0095198 secs]
Application time: 0.0358182 seconds
[GC pause (G1 Evacuation Pause) (young) (initial-mark) 52M->39M(64M), 0.0061092 secs]
[GC concurrent-root-region-scan-start]
[GC concurrent-root-region-scan-end, 0.0004465 secs]
[GC concurrent-mark-start]
Application time: 0.0565816 seconds
[GC pause (G1 Evacuation Pause) (young) 52M->39M(64M), 0.0048021 secs]
Application time: 0.0525968 seconds
[GC pause (G1 Evacuation Pause) (young) 53M->39M(64M), 0.0018889 secs]
[GC concurrent-mark-end, 0.1231401 secs]
Application time: 0.0034178 seconds
[GC remark, 0.0087295 secs]
Application time: 0.0000647 seconds
[GC cleanup 40M->39M(64M), 0.0003199 secs]
[GC concurrent-cleanup-start]
[GC concurrent-cleanup-end, 0.0000136 secs]
Application time: 0.0244729 seconds
[GC pause (G1 Evacuation Pause) (young) 51M->37M(64M), 0.0017372 secs]
Application time: 0.0040533 seconds
[GC pause (G1 Evacuation Pause) (mixed) 39M->32M(64M), 0.0049069 secs]
Application time: 0.0040268 seconds
[GC pause (G1 Evacuation Pause) (mixed) 34M->29M(64M), 0.0081182 secs]
Application time: 0.0434075 seconds
[GC pause (G1 Evacuation Pause) (young) 52M->35M(64M), 0.0134328 secs]
Application time: 0.0393727 seconds
[GC pause (G1 Evacuation Pause) (young) (initial-mark) 52M->37M(64M), 0.0088567 secs]
[GC concurrent-root-region-scan-start]
[GC concurrent-root-region-scan-end, 0.0008024 secs]
[GC concurrent-mark-start]
Application time: 0.0574523 seconds
[GC pause (G1 Evacuation Pause) (young) 54M->39M(64M), 0.0085797 secs]
Application time: 0.0614971 seconds
[GC concurrent-mark-end, 0.1268912 secs]
[GC pause (G1 Evacuation Pause) (young)-- 53M->50M(64M), 0.0183673 secs]
Application time: 0.0060259 seconds
[GC remark, 0.0088755 secs]
Application time: 0.0071585 seconds
[GC cleanup 52M->50M(64M), 0.0004903 secs]
[GC concurrent-cleanup-start]
[GC concurrent-cleanup-end, 0.0000132 secs]
Application time: 0.0012920 seconds
[GC pause (G1 Evacuation Pause) (young) 51M->50M(64M), 0.0131554 secs]
Application time: 0.0094240 seconds
[GC pause (G1 Evacuation Pause) (mixed) 52M->46M(64M), 0.0097053 secs]
Application time: 0.0080222 seconds
[GC pause (G1 Evacuation Pause) (mixed) 48M->47M(64M), 0.0056473 secs]
Application time: 0.0151377 seconds
[GC pause (G1 Evacuation Pause) (young) 52M->49M(64M), 0.0069516 secs]
Application time: 0.0122204 seconds
[GC pause (G1 Evacuation Pause) (young) (initial-mark) 53M->51M(64M), 0.0056088 secs]
[GC concurrent-root-region-scan-start]
[GC concurrent-root-region-scan-end, 0.0008055 secs]
[GC concurrent-mark-start]
Application time: 0.0301231 seconds
[GC pause (G1 Evacuation Pause) (young) 53M->52M(64M), 0.0059712 secs]
Application time: 0.0151065 seconds
[GC pause (G1 Evacuation Pause) (young) 54M->54M(64M), 0.0035723 secs]
Application time: 0.0168335 seconds
[GC pause (G1 Evacuation Pause) (young) 56M->55M(64M), 0.0041447 secs]
[GC concurrent-mark-end, 0.0831918 secs]
Application time: 0.0078637 seconds
[GC remark, 0.0081421 secs]
Application time: 0.0000491 seconds
[GC cleanup 57M->52M(64M), 0.0002984 secs]
[GC concurrent-cleanup-start]
[GC concurrent-cleanup-end, 0.0000172 secs]
Application time: 0.0017329 seconds
[GC pause (G1 Evacuation Pause) (young) 52M->51M(64M), 0.0037373 secs]
Application time: 0.0120668 seconds
[GC pause (G1 Evacuation Pause) (mixed) 53M->46M(64M), 0.0042976 secs]
Application time: 0.0056430 seconds
[GC pause (G1 Evacuation Pause) (mixed) 48M->42M(64M), 0.0064551 secs]
Application time: 0.0051487 seconds
[GC pause (G1 Evacuation Pause) (mixed) 44M->41M(64M), 0.0141958 secs]
Application time: 0.0072911 seconds
[GC pause (G1 Evacuation Pause) (mixed) 43M->38M(64M), 0.0154388 secs]
Application time: 0.0298024 seconds
[GC pause (G1 Evacuation Pause) (young) 50M->41M(64M), 0.0082517 secs]
Application time: 0.0253180 seconds
[GC pause (G1 Evacuation Pause) (young) (initial-mark) 52M->41M(64M), 0.0040329 secs]
[GC concurrent-root-region-scan-start]
[GC concurrent-root-region-scan-end, 0.0009973 secs]
[GC concurrent-mark-start]
[GC concurrent-mark-end, 0.0494080 secs]
Application time: 0.0504878 seconds
[GC remark, 0.0110393 secs]
Application time: 0.0000515 seconds
[GC cleanup 48M->44M(64M), 0.0003205 secs]
[GC concurrent-cleanup-start]
[GC concurrent-cleanup-end, 0.0000240 secs]
Application time: 0.0136506 seconds
[GC pause (G1 Evacuation Pause) (young) 47M->37M(64M), 0.0043498 secs]
Application time: 0.0025856 seconds
[GC pause (G1 Evacuation Pause) (mixed) 38M->32M(64M), 0.0055452 secs]
Application time: 0.0046757 seconds
[GC pause (G1 Evacuation Pause) (mixed) 34M->30M(64M), 0.0086052 secs]
Application time: 0.0371671 seconds
[GC pause (G1 Evacuation Pause) (young) 50M->30M(64M), 0.0045878 secs]
Application time: 0.0375054 seconds
[GC pause (G1 Evacuation Pause) (young) (initial-mark) 51M->30M(64M), 0.0017089 secs]
[GC concurrent-root-region-scan-start]
[GC concurrent-root-region-scan-end, 0.0005953 secs]
[GC concurrent-mark-start]
[GC concurrent-mark-end, 0.0525070 secs]
Application time: 0.0525451 seconds
[GC remark, 0.0087631 secs]
Application time: 0.0000421 seconds
[GC cleanup 40M->40M(64M), 0.0002924 secs]
Application time: 0.0263337 seconds
[GC pause (G1 Evacuation Pause) (young) 51M->30M(64M), 0.0017687 secs]
Application time: 0.0037465 seconds
[GC pause (G1 Evacuation Pause) (mixed) 32M->29M(64M), 0.0037514 secs]
Application time: 0.0408551 seconds
[GC pause (G1 Evacuation Pause) (young) 52M->35M(64M), 0.0101474 secs]
Application time: 0.0358527 seconds
[GC pause (G1 Evacuation Pause) (young) (initial-mark) 51M->37M(64M), 0.0116391 secs]
[GC concurrent-root-region-scan-start]
[GC concurrent-root-region-scan-end, 0.0017582 secs]
[GC concurrent-mark-start]
Application time: 0.0647278 seconds
[GC pause (G1 Evacuation Pause) (young) 52M->42M(64M), 0.0105614 secs]
Application time: 0.0494990 seconds
[GC pause (G1 Evacuation Pause) (young) 53M->46M(64M), 0.0136126 secs]
[GC concurrent-mark-end, 0.1422737 secs]
Application time: 0.0025228 seconds
[GC remark, 0.0094822 secs]
Application time: 0.0000513 seconds
[GC cleanup 46M->43M(64M), 0.0003249 secs]
[GC concurrent-cleanup-start]
[GC concurrent-cleanup-end, 0.0000164 secs]
Application time: 0.0405983 seconds
[GC pause (G1 Evacuation Pause) (young) 50M->45M(64M), 0.0120374 secs]
Application time: 0.0044112 seconds
[GC pause (G1 Evacuation Pause) (mixed) 46M->41M(64M), 0.0131159 secs]
Application time: 0.0074039 seconds
[GC pause (G1 Evacuation Pause) (mixed) 43M->39M(64M), 0.0144858 secs]
Application time: 0.0357170 seconds
[GC pause (G1 Evacuation Pause) (young) 51M->40M(64M), 0.0085919 secs]
Application time: 0.0334631 seconds
[GC pause (G1 Evacuation Pause) (young) (initial-mark) 52M->41M(64M), 0.0037769 secs]
[GC concurrent-root-region-scan-start]
[GC concurrent-root-region-scan-end, 0.0016475 secs]
[GC concurrent-mark-start]
[GC concurrent-mark-end, 0.0508419 secs]
Application time: 0.0508716 seconds
[GC remark, 0.0074104 secs]
Application time: 0.0000437 seconds
[GC cleanup 48M->42M(64M), 0.0002778 secs]
[GC concurrent-cleanup-start]
[GC concurrent-cleanup-end, 0.0000225 secs]
Application time: 0.0129303 seconds
[GC pause (G1 Evacuation Pause) (young) 46M->38M(64M), 0.0070273 secs]
Application time: 0.0026452 seconds
[GC pause (G1 Evacuation Pause) (mixed) 39M->34M(64M), 0.0089621 secs]
Application time: 0.0049941 seconds
[GC pause (G1 Evacuation Pause) (mixed) 36M->33M(64M), 0.0067576 secs]
Application time: 0.0432641 seconds
[GC pause (G1 Evacuation Pause) (young) 51M->33M(64M), 0.0020828 secs]
Application time: 0.0374725 seconds
[GC pause (G1 Evacuation Pause) (young) (initial-mark) 51M->33M(64M), 0.0015080 secs]
[GC concurrent-root-region-scan-start]
[GC concurrent-root-region-scan-end, 0.0003678 secs]
[GC concurrent-mark-start]
[GC concurrent-mark-end, 0.0536340 secs]
Application time: 0.0536614 seconds
[GC remark, 0.0072489 secs]
Application time: 0.0000452 seconds
[GC cleanup 42M->42M(64M), 0.0002546 secs]
Application time: 0.0221721 seconds
[GC pause (G1 Evacuation Pause) (young) 52M->33M(64M), 0.0012413 secs]
Application time: 0.0044835 seconds
[GC pause (G1 Evacuation Pause) (mixed) 35M->28M(64M), 0.0033371 secs]
Application time: 0.0430528 seconds
[GC pause (G1 Evacuation Pause) (young) 51M->30M(64M), 0.0044717 secs]
Application time: 0.0450308 seconds
[GC pause (G1 Evacuation Pause) (young) (initial-mark) 51M->34M(64M), 0.0097040 secs]
[GC concurrent-root-region-scan-start]
[GC concurrent-root-region-scan-end, 0.0037054 secs]
[GC concurrent-mark-start]
Application time: 0.0893116 seconds
[GC pause (G1 Evacuation Pause) (young) 52M->36M(64M), 0.0102649 secs]
[GC concurrent-mark-end, 0.1141935 secs]
Application time: 0.0182292 seconds
[GC remark, 0.0084345 secs]
Application time: 0.0000438 seconds
[GC cleanup 41M->38M(64M), 0.0002250 secs]
[GC concurrent-cleanup-start]
[GC concurrent-cleanup-end, 0.0000158 secs]
Application time: 0.0253308 seconds
[GC pause (G1 Evacuation Pause) (young) 49M->35M(64M), 0.0097898 secs]
Application time: 0.0034663 seconds
[GC pause (G1 Evacuation Pause) (mixed) 36M->35M(64M), 0.0067526 secs]
Application time: 0.0476844 seconds
[GC pause (G1 Evacuation Pause) (young) 53M->42M(64M), 0.0176157 secs]
Application time: 0.0364330 seconds
[GC pause (G1 Evacuation Pause) (young) (initial-mark) 52M->44M(64M), 0.0104665 secs]
[GC concurrent-root-region-scan-start]
[GC concurrent-root-region-scan-end, 0.0006975 secs]
[GC concurrent-mark-start]
Application time: 0.0508468 seconds
[GC pause (G1 Evacuation Pause) (young) 54M->44M(64M), 0.0089573 secs]
Application time: 0.0405031 seconds
[GC pause (G1 Evacuation Pause) (young) 53M->46M(64M), 0.0049232 secs]
[GC concurrent-mark-end, 0.1255678 secs]
Application time: 0.0208000 seconds
[GC remark, 0.0072750 secs]
Application time: 0.0000438 seconds
[GC cleanup 50M->41M(64M), 0.0002340 secs]
[GC concurrent-cleanup-start]
[GC concurrent-cleanup-end, 0.0000217 secs]
Application time: 0.0115802 seconds
[GC pause (G1 Evacuation Pause) (young) 45M->40M(64M), 0.0068039 secs]
Application time: 0.0026803 seconds
[GC pause (G1 Evacuation Pause) (mixed) 41M->36M(64M), 0.0092917 secs]
Application time: 0.0050190 seconds
[GC pause (G1 Evacuation Pause) (mixed) 38M->35M(64M), 0.0060613 secs]
Application time: 0.0379144 seconds
[GC pause (G1 Evacuation Pause) (young) 50M->35M(64M), 0.0016907 secs]
Application time: 0.0329498 seconds
[GC pause (G1 Evacuation Pause) (young) (initial-mark) 51M->35M(64M), 0.0013616 secs]
[GC concurrent-root-region-scan-start]
[GC concurrent-root-region-scan-end, 0.0003565 secs]
[GC concurrent-mark-start]
Application time: 0.0633101 seconds
[GC pause (G1 Evacuation Pause) (young) 51M->35M(64M), 0.0013021 secs]
[GC concurrent-mark-end, 0.1154429 secs]
Application time: 0.0510860 seconds
[GC remark, 0.0078252 secs]
Application time: 0.0000448 seconds
[GC cleanup 49M->47M(64M), 0.0002537 secs]
[GC concurrent-cleanup-start]
[GC concurrent-cleanup-end, 0.0000137 secs]
Application time: 0.0063832 seconds
[GC pause (G1 Evacuation Pause) (young) 50M->33M(64M), 0.0011827 secs]
Application time: 0.0039761 seconds
[GC pause (G1 Evacuation Pause) (mixed) 35M->29M(64M), 0.0029835 secs]
Application time: 0.0408283 seconds
[GC pause (G1 Evacuation Pause) (young) 51M->29M(64M), 0.0026023 secs]
Application time: 0.0472827 seconds
[GC pause (G1 Evacuation Pause) (young) (initial-mark) 52M->35M(64M), 0.0094224 secs]
[GC concurrent-root-region-scan-start]
[GC concurrent-root-region-scan-end, 0.0024604 secs]
[GC concurrent-mark-start]
Application time: 0.0738608 seconds
[GC pause (G1 Evacuation Pause) (young) 53M->39M(64M), 0.0134653 secs]
[GC concurrent-mark-end, 0.1091439 secs]
Application time: 0.0241389 seconds
[GC remark, 0.0083850 secs]
Application time: 0.0000399 seconds
[GC cleanup 44M->39M(64M), 0.0002410 secs]
[GC concurrent-cleanup-start]
[GC concurrent-cleanup-end, 0.0000189 secs]
Application time: 0.0297075 seconds
[GC pause (G1 Evacuation Pause) (young) 46M->37M(64M), 0.0156696 secs]
Application time: 0.0039482 seconds
[GC pause (G1 Evacuation Pause) (mixed) 38M->37M(64M), 0.0080891 secs]
Application time: 0.0532666 seconds
[GC pause (G1 Evacuation Pause) (young) 51M->40M(64M), 0.0115030 secs]
Application time: 0.0369236 seconds
[GC pause (G1 Evacuation Pause) (young) (initial-mark) 51M->45M(64M), 0.0128700 secs]
[GC concurrent-root-region-scan-start]
[GC concurrent-root-region-scan-end, 0.0052188 secs]
[GC concurrent-mark-start]
Application time: 0.0441218 seconds
[GC pause (G1 Evacuation Pause) (young) 53M->47M(64M), 0.0115412 secs]
Application time: 0.0277575 seconds
[GC pause (G1 Evacuation Pause) (young) 53M->48M(64M), 0.0062262 secs]
Application time: 0.0332683 seconds
[GC pause (G1 Evacuation Pause) (young) 53M->48M(64M), 0.0029842 secs]
[GC concurrent-mark-end, 0.1432967 secs]
Application time: 0.0156988 seconds
[GC remark, 0.0080733 secs]
Application time: 0.0000375 seconds
[GC cleanup 52M->43M(64M), 0.0003085 secs]
[GC concurrent-cleanup-start]
[GC concurrent-cleanup-end, 0.0000275 secs]
Application time: 0.0064124 seconds
[GC pause (G1 Evacuation Pause) (young) 44M->39M(64M), 0.0016530 secs]
Application time: 0.0104727 seconds
[GC pause (G1 Evacuation Pause) (mixed) 41M->33M(64M), 0.0035001 secs]
Application time: 0.0103394 seconds
[GC pause (G1 Evacuation Pause) (mixed) 35M->32M(64M), 0.0042274 secs]
Application time: 0.0453326 seconds
[GC pause (G1 Evacuation Pause) (young) 49M->32M(64M), 0.0024852 secs]
Application time: 0.0425766 seconds
[GC pause (G1 Evacuation Pause) (young) (initial-mark) 50M->32M(64M), 0.0017089 secs]
[GC concurrent-root-region-scan-start]
[GC concurrent-root-region-scan-end, 0.0005488 secs]
[GC concurrent-mark-start]
[GC concurrent-mark-end, 0.0545375 secs]
Application time: 0.0552064 seconds
[GC remark, 0.0082363 secs]
Application time: 0.0000481 seconds
[GC cleanup 40M->39M(64M), 0.0002865 secs]
[GC concurrent-cleanup-start]
[GC concurrent-cleanup-end, 0.0000091 secs]
Application time: 0.0281438 seconds
[GC pause (G1 Evacuation Pause) (young) 50M->31M(64M), 0.0022209 secs]
Application time: 0.0045783 seconds
[GC pause (G1 Evacuation Pause) (mixed) 33M->29M(64M), 0.0067110 secs]
Application time: 0.0423455 seconds
[GC pause (G1 Evacuation Pause) (young) 51M->29M(64M), 0.0047622 secs]
Application time: 0.0412032 seconds
[GC pause (G1 Evacuation Pause) (young) (initial-mark) 52M->29M(64M), 0.0018804 secs]
[GC concurrent-root-region-scan-start]
[GC concurrent-root-region-scan-end, 0.0006396 secs]
[GC concurrent-mark-start]
Application time: 0.0971852 seconds
[GC pause (G1 Evacuation Pause) (young) 52M->38M(64M), 0.0132704 secs]
[GC concurrent-mark-end, 0.1136081 secs]
Application time: 0.0036491 seconds
[GC remark, 0.0082355 secs]
Application time: 0.0000495 seconds
[GC cleanup 39M->39M(64M), 0.0003496 secs]
Application time: 0.0504713 seconds
[GC pause (G1 Evacuation Pause) (young) 52M->43M(64M), 0.0239075 secs]
Application time: 0.0365836 seconds
[GC pause (G1 Evacuation Pause) (young) 53M->45M(64M), 0.0169777 secs]
Application time: 0.0205780 seconds
[GC pause (G1 Evacuation Pause) (young) (initial-mark) 52M->48M(64M), 0.0115410 secs]
[GC concurrent-root-region-scan-start]
[GC concurrent-root-region-scan-end, 0.0014543 secs]
[GC concurrent-mark-start]
Application time: 0.0296187 seconds
[GC pause (G1 Evacuation Pause) (young) 53M->50M(64M), 0.0089961 secs]
Application time: 0.0256048 seconds
[GC pause (G1 Evacuation Pause) (young) 53M->52M(64M), 0.0099191 secs]
Application time: 0.0150114 seconds
[GC pause (G1 Evacuation Pause) (young) 54M->53M(64M), 0.0056816 secs]
[GC concurrent-mark-end, 0.1045416 secs]
Application time: 0.0056135 seconds
[GC remark, 0.0083549 secs]
Application time: 0.0000430 seconds
[GC cleanup 55M->44M(64M), 0.0003229 secs]
[GC concurrent-cleanup-start]
[GC concurrent-cleanup-end, 0.0000242 secs]
Application time: 0.0045383 seconds
[GC pause (G1 Evacuation Pause) (young) 44M->45M(64M), 0.0048273 secs]
Application time: 0.0078606 seconds
[GC pause (G1 Evacuation Pause) (mixed) 47M->39M(64M), 0.0041881 secs]
Application time: 0.0045810 seconds
[GC pause (G1 Evacuation Pause) (mixed) 41M->39M(64M), 0.0060657 secs]
Application time: 0.0342974 seconds
[GC pause (G1 Evacuation Pause) (young) 50M->39M(64M), 0.0057561 secs]
Application time: 0.0287041 seconds
[GC pause (G1 Evacuation Pause) (young) (initial-mark) 50M->40M(64M), 0.0044068 secs]
[GC concurrent-root-region-scan-start]
[GC concurrent-root-region-scan-end, 0.0015635 secs]
[GC concurrent-mark-start]
Application time: 0.0513793 seconds
[GC pause (G1 Evacuation Pause) (young) 51M->40M(64M), 0.0038516 secs]
Application time: 0.0451378 seconds
[GC pause (G1 Evacuation Pause) (young) 51M->40M(64M), 0.0026987 secs]
[GC concurrent-mark-end, 0.1166226 secs]
Application time: 0.0149716 seconds
[GC remark, 0.0086640 secs]
Application time: 0.0000470 seconds
[GC cleanup 44M->38M(64M), 0.0002751 secs]
[GC concurrent-cleanup-start]
[GC concurrent-cleanup-end, 0.0000143 secs]
Application time: 0.0207704 seconds
[GC pause (G1 Evacuation Pause) (young) 46M->34M(64M), 0.0027569 secs]
Application time: 0.0092811 seconds
[GC pause (G1 Evacuation Pause) (mixed) 36M->29M(64M), 0.0084932 secs]
Application time: 0.0488251 seconds
[GC pause (G1 Evacuation Pause) (young) 50M->29M(64M), 0.0067682 secs]
Application time: 0.0391374 seconds
[GC pause (G1 Evacuation Pause) (young) (initial-mark) 51M->29M(64M), 0.0018588 secs]
[GC concurrent-root-region-scan-start]
[GC concurrent-root-region-scan-end, 0.0005713 secs]
[GC concurrent-mark-start]
Application time: 0.0737786 seconds
[GC pause (G1 Evacuation Pause) (young) 51M->29M(64M), 0.0024073 secs]
[GC concurrent-mark-end, 0.1155325 secs]
Application time: 0.0358342 seconds
[GC remark, 0.0091747 secs]
Application time: 0.0005217 seconds
[GC cleanup 40M->40M(64M), 0.0004481 secs]
Application time: 0.0262640 seconds
[GC pause (G1 Evacuation Pause) (young) 52M->38M(64M), 0.0129930 secs]
Application time: 0.0031859 seconds
[GC pause (G1 Evacuation Pause) (mixed) 39M->39M(64M), 0.0116740 secs]
Application time: 0.0447000 seconds
[GC pause (G1 Evacuation Pause) (young) 50M->43M(64M), 0.0134873 secs]
Application time: 0.0351807 seconds
[GC pause (G1 Evacuation Pause) (young) (initial-mark) 52M->44M(64M), 0.0105095 secs]
[GC concurrent-root-region-scan-start]
[GC concurrent-root-region-scan-end, 0.0052029 secs]
[GC concurrent-mark-start]
Application time: 0.0447754 seconds
[GC pause (G1 Evacuation Pause) (young) 52M->46M(64M), 0.0095692 secs]
Application time: 0.0271128 seconds
[GC pause (G1 Evacuation Pause) (young) 52M->49M(64M), 0.0117589 secs]
[GC concurrent-mark-end, 0.1080227 secs]
Application time: 0.0197217 seconds
[GC remark, 0.0083798 secs]
Application time: 0.0001749 seconds
[GC cleanup 52M->43M(64M), 0.0003116 secs]
[GC concurrent-cleanup-start]
[GC concurrent-cleanup-end, 0.0000257 secs]
Application time: 0.0037593 seconds
[GC pause (G1 Evacuation Pause) (young) 43M->43M(64M), 0.0095219 secs]
Application time: 0.0104185 seconds
[GC pause (G1 Evacuation Pause) (mixed) 45M->40M(64M), 0.0110373 secs]
Application time: 0.0095821 seconds
[GC pause (G1 Evacuation Pause) (mixed) 42M->40M(64M), 0.0135625 secs]
Application time: 0.0280387 seconds
[GC pause (G1 Evacuation Pause) (young) 49M->42M(64M), 0.0091258 secs]
Application time: 0.0232278 seconds
[GC pause (G1 Evacuation Pause) (young) (initial-mark) 50M->43M(64M), 0.0049325 secs]
[GC concurrent-root-region-scan-start]
[GC concurrent-root-region-scan-end, 0.0016633 secs]
[GC concurrent-mark-start]
Application time: 0.0413213 seconds
[GC pause (G1 Evacuation Pause) (young) 51M->43M(64M), 0.0039337 secs]
Application time: 0.0413119 seconds
[GC pause (G1 Evacuation Pause) (young) 52M->43M(64M), 0.0027582 secs]
[GC concurrent-mark-end, 0.1173668 secs]
Application time: 0.0294703 seconds
[GC remark, 0.0080834 secs]
Application time: 0.0000508 seconds
[GC cleanup 50M->46M(64M), 0.0003217 secs]
[GC concurrent-cleanup-start]
[GC concurrent-cleanup-end, 0.0000139 secs]
Application time: 0.0100120 seconds
[GC pause (G1 Evacuation Pause) (young) 48M->39M(64M), 0.0017009 secs]
Application time: 0.0101237 seconds
[GC pause (G1 Evacuation Pause) (mixed) 41M->34M(64M), 0.0055988 secs]
Application time: 0.0101033 seconds
[GC pause (G1 Evacuation Pause) (mixed) 36M->31M(64M), 0.0121444 secs]
Application time: 0.0063314 seconds
[GC pause (G1 Evacuation Pause) (mixed) 33M->31M(64M), 0.0105286 secs]
Application time: 0.0498631 seconds
[GC pause (G1 Evacuation Pause) (young) 50M->31M(64M), 0.0046159 secs]
Application time: 0.0413518 seconds
[GC pause (G1 Evacuation Pause) (young) (initial-mark) 50M->31M(64M), 0.0017987 secs]
[GC concurrent-root-region-scan-start]
[GC concurrent-root-region-scan-end, 0.0005736 secs]
[GC concurrent-mark-start]
Application time: 0.0734674 seconds
[GC pause (G1 Evacuation Pause) (young) 51M->31M(64M), 0.0019460 secs]
[GC concurrent-mark-end, 0.1178092 secs]
Application time: 0.0429255 seconds
[GC remark, 0.0086495 secs]
Application time: 0.0000493 seconds
[GC cleanup 45M->45M(64M), 0.0002898 secs]
Application time: 0.0153774 seconds
[GC pause (G1 Evacuation Pause) (young) 52M->37M(64M), 0.0110565 secs]
Application time: 0.0025341 seconds
[GC pause (G1 Evacuation Pause) (mixed) 38M->36M(64M), 0.0138715 secs]
Application time: 0.0412381 seconds
[GC pause (G1 Evacuation Pause) (young) 52M->36M(64M), 0.0111776 secs]
Application time: 0.0378656 seconds
[GC pause (G1 Evacuation Pause) (young) (initial-mark) 53M->39M(64M), 0.0051688 secs]
[GC concurrent-root-region-scan-start]
[GC concurrent-root-region-scan-end, 0.0026958 secs]
[GC concurrent-mark-start]
Application time: 0.0711868 seconds
[GC pause (G1 Evacuation Pause) (young) 53M->44M(64M), 0.0118045 secs]
Application time: 0.0426490 seconds
[GC pause (G1 Evacuation Pause) (young) 53M->46M(64M), 0.0135841 secs]
[GC concurrent-mark-end, 0.1445088 secs]
Application time: 0.0038138 seconds
[GC remark, 0.0114883 secs]
Application time: 0.0069086 seconds
[GC cleanup 49M->49M(64M), 0.0003234 secs]
Application time: 0.0131462 seconds
[GC pause (G1 Evacuation Pause) (young) 52M->47M(64M), 0.0075861 secs]
Application time: 0.0138369 seconds
[GC pause (G1 Evacuation Pause) (mixed) 49M->43M(64M), 0.0102256 secs]
Application time: 0.0065073 seconds
[GC pause (G1 Evacuation Pause) (mixed) 45M->41M(64M), 0.0145708 secs]
Application time: 0.0049702 seconds
[GC pause (G1 Evacuation Pause) (mixed) 43M->41M(64M), 0.0116758 secs]
Application time: 0.0333518 seconds
[GC pause (G1 Evacuation Pause) (young) 53M->42M(64M), 0.0059697 secs]
Application time: 0.0374238 seconds
[GC pause (G1 Evacuation Pause) (young) (initial-mark) 52M->44M(64M), 0.0063484 secs]
[GC concurrent-root-region-scan-start]
[GC concurrent-root-region-scan-end, 0.0020256 secs]
[GC concurrent-mark-start]
Application time: 0.0445788 seconds
[GC pause (G1 Evacuation Pause) (young) 53M->47M(64M), 0.0082848 secs]
Application time: 0.0336097 seconds
[GC pause (G1 Evacuation Pause) (young) 54M->48M(64M), 0.0063597 secs]
Application time: 0.0251322 seconds
[GC pause (G1 Evacuation Pause) (young) 54M->47M(64M), 0.0035252 secs]
[GC concurrent-mark-end, 0.1244571 secs]
Application time: 0.0005194 seconds
[GC remark, 0.0082088 secs]
Application time: 0.0000441 seconds
[GC cleanup 48M->41M(64M), 0.0003581 secs]
[GC concurrent-cleanup-start]
[GC concurrent-cleanup-end, 0.0000241 secs]
Application time: 0.0141186 seconds
[GC pause (G1 Evacuation Pause) (young) 46M->40M(64M), 0.0015788 secs]
Application time: 0.0048033 seconds
[GC pause (G1 Evacuation Pause) (mixed) 42M->35M(64M), 0.0063137 secs]
Application time: 0.0048842 seconds
[GC pause (G1 Evacuation Pause) (mixed) 37M->32M(64M), 0.0112245 secs]
Application time: 0.0075612 seconds
[GC pause (G1 Evacuation Pause) (mixed) 34M->32M(64M), 0.0099662 secs]
Application time: 0.0433385 seconds
[GC pause (G1 Evacuation Pause) (young) 53M->32M(64M), 0.0020532 secs]
Application time: 0.0407734 seconds
[GC pause (G1 Evacuation Pause) (young) (initial-mark) 53M->35M(64M), 0.0042485 secs]
[GC concurrent-root-region-scan-start]
[GC concurrent-root-region-scan-end, 0.0023415 secs]
[GC concurrent-mark-start]
Application time: 0.0933412 seconds
[GC pause (G1 Evacuation Pause) (young) 53M->38M(64M), 0.0097775 secs]
[GC concurrent-mark-end, 0.1177014 secs]
Application time: 0.0142467 seconds
[GC remark, 0.0083329 secs]
Application time: 0.0000376 seconds
[GC cleanup 41M->40M(64M), 0.0003158 secs]
[GC concurrent-cleanup-start]
[GC concurrent-cleanup-end, 0.0000120 secs]
Application time: 0.0272062 seconds
[GC pause (G1 Evacuation Pause) (young) 52M->39M(64M), 0.0099062 secs]
Application time: 0.0022585 seconds
[GC pause (G1 Evacuation Pause) (mixed) 40M->36M(64M), 0.0162495 secs]
Application time: 0.0362331 seconds
[GC pause (G1 Evacuation Pause) (young) 52M->40M(64M), 0.0124086 secs]
Application time: 0.0268289 seconds
[GC pause (G1 Evacuation Pause) (young) (initial-mark) 52M->42M(64M), 0.0084727 secs]
[GC concurrent-root-region-scan-start]
[GC concurrent-root-region-scan-end, 0.0017098 secs]
[GC concurrent-mark-start]
Application time: 0.0444768 seconds
[GC pause (G1 Evacuation Pause) (young) 52M->43M(64M), 0.0070073 secs]
Application time: 0.0345606 seconds
[GC pause (G1 Evacuation Pause) (young) 53M->48M(64M), 0.0085002 secs]
[GC concurrent-mark-end, 0.1214636 secs]
Application time: 0.0204116 seconds
[GC remark, 0.0082365 secs]
Application time: 0.0000511 seconds
[GC cleanup 53M->50M(64M), 0.0003560 secs]
[GC concurrent-cleanup-start]
[GC concurrent-cleanup-end, 0.0000167 secs]
Application time: 0.0022195 seconds
[GC pause (G1 Evacuation Pause) (young) 50M->46M(64M), 0.0079039 secs]
Application time: 0.0060245 seconds
[GC pause (G1 Evacuation Pause) (mixed) 48M->43M(64M), 0.0101149 secs]
Application time: 0.0071698 seconds
[GC pause (G1 Evacuation Pause) (mixed) 45M->39M(64M), 0.0127040 secs]
Application time: 0.0070973 seconds
[GC pause (G1 Evacuation Pause) (mixed) 41M->38M(64M), 0.0120018 secs]
Application time: 0.0376237 seconds
[GC pause (G1 Evacuation Pause) (young) 51M->38M(64M), 0.0073937 secs]
Application time: 0.0308320 seconds
[GC pause (G1 Evacuation Pause) (young) (initial-mark) 51M->39M(64M), 0.0035682 secs]
[GC concurrent-root-region-scan-start]
[GC concurrent-root-region-scan-end, 0.0011388 secs]
[GC concurrent-mark-start]
Application time: 0.0617580 seconds
[GC pause (G1 Evacuation Pause) (young) 51M->41M(64M), 0.0059867 secs]
[GC concurrent-mark-end, 0.0982257 secs]
Application time: 0.0314723 seconds
[GC remark, 0.0142014 secs]
Application time: 0.0000654 seconds
[GC cleanup 48M->45M(64M), 0.0003011 secs]
[GC concurrent-cleanup-start]
[GC concurrent-cleanup-end, 0.0000129 secs]
Application time: 0.0092287 seconds
[GC pause (G1 Evacuation Pause) (young) 50M->39M(64M), 0.0047021 secs]
Application time: 0.0022216 seconds
[GC pause (G1 Evacuation Pause) (mixed) 40M->34M(64M), 0.0074946 secs]
Application time: 0.0042153 seconds
[GC pause (G1 Evacuation Pause) (mixed) 36M->33M(64M), 0.0134371 secs]
Application time: 0.0373980 seconds
[GC pause (G1 Evacuation Pause) (young) 51M->33M(64M), 0.0039559 secs]
Application time: 0.0359419 seconds
[GC pause (G1 Evacuation Pause) (young) (initial-mark) 52M->33M(64M), 0.0016729 secs]
[GC concurrent-root-region-scan-start]
[GC concurrent-root-region-scan-end, 0.0005624 secs]
[GC concurrent-mark-start]
Application time: 0.0684003 seconds
[GC pause (G1 Evacuation Pause) (young) 52M->38M(64M), 0.0079020 secs]
[GC concurrent-mark-end, 0.1292035 secs]
Application time: 0.0466668 seconds
[GC remark, 0.0088963 secs]
Application time: 0.0017763 seconds
[GC cleanup 43M->41M(64M), 0.0003882 secs]
[GC concurrent-cleanup-start]
[GC concurrent-cleanup-end, 0.0000158 secs]
Application time: 0.0319478 seconds
[GC pause (G1 Evacuation Pause) (young) 49M->38M(64M), 0.0145501 secs]
Application time: 0.0026361 seconds
[GC pause (G1 Evacuation Pause) (mixed) 39M->37M(64M), 0.0103088 secs]
Application time: 0.0328991 seconds
[GC pause (G1 Evacuation Pause) (young) 52M->38M(64M), 0.0086781 secs]
Application time: 0.0296715 seconds
[GC pause (G1 Evacuation Pause) (young) (initial-mark) 53M->39M(64M), 0.0042887 secs]
[GC concurrent-root-region-scan-start]
[GC concurrent-root-region-scan-end, 0.0021551 secs]
[GC concurrent-mark-start]
Application time: 0.0510655 seconds
[GC pause (G1 Evacuation Pause) (young) 53M->40M(64M), 0.0048802 secs]
Application time: 0.0469241 seconds
[GC pause (G1 Evacuation Pause) (young) 52M->47M(64M), 0.0124681 secs]
[GC concurrent-mark-end, 0.1257056 secs]
Application time: 0.0121991 seconds
[GC remark, 0.0088461 secs]
Application time: 0.0022981 seconds
[GC cleanup 50M->46M(64M), 0.0002986 secs]
[GC concurrent-cleanup-start]
[GC concurrent-cleanup-end, 0.0000164 secs]
Application time: 0.0114321 seconds
[GC pause (G1 Evacuation Pause) (young) 49M->44M(64M), 0.0106156 secs]
Application time: 0.0068712 seconds
[GC pause (G1 Evacuation Pause) (mixed) 46M->38M(64M), 0.0059766 secs]
Application time: 0.0371106 seconds
[GC pause (G1 Evacuation Pause) (young) 50M->40M(64M), 0.0048304 secs]
Application time: 0.0295863 seconds
[GC pause (G1 Evacuation Pause) (young) (initial-mark) 52M->42M(64M), 0.0074915 secs]
[GC concurrent-root-region-scan-start]
[GC concurrent-root-region-scan-end, 0.0018418 secs]
[GC concurrent-mark-start]
Application time: 0.0371933 seconds
[GC pause (G1 Evacuation Pause) (young) 51M->45M(64M), 0.0087240 secs]
Application time: 0.0359351 seconds
[GC pause (G1 Evacuation Pause) (young) 53M->47M(64M), 0.0072693 secs]
Application time: 0.0270336 seconds
[GC pause (G1 Evacuation Pause) (young) 53M->47M(64M), 0.0046614 secs]
[GC concurrent-mark-end, 0.1421691 secs]
Application time: 0.0148755 seconds
[GC remark, 0.0091369 secs]
Application time: 0.0013080 seconds
[GC cleanup 51M->48M(64M), 0.0004351 secs]
[GC concurrent-cleanup-start]
[GC concurrent-cleanup-end, 0.0000140 secs]
Application time: 0.0041457 seconds
[GC pause (G1 Evacuation Pause) (young) 50M->44M(64M), 0.0049505 secs]
Application time: 0.0042005 seconds
[GC pause (G1 Evacuation Pause) (mixed) 46M->38M(64M), 0.0035882 secs]
Application time: 0.0065425 seconds
[GC pause (G1 Evacuation Pause) (mixed) 40M->37M(64M), 0.0140914 secs]
Application time: 0.0097326 seconds
[GC pause (G1 Evacuation Pause) (mixed) 39M->35M(64M), 0.0158580 secs]
Application time: 0.0553314 seconds
[GC pause (G1 Evacuation Pause) (young) 52M->35M(64M), 0.0048480 secs]
Application time: 0.0391326 seconds
[GC pause (G1 Evacuation Pause) (young) (initial-mark) 52M->35M(64M), 0.0016168 secs]
[GC concurrent-root-region-scan-start]
[GC concurrent-root-region-scan-end, 0.0004466 secs]
[GC concurrent-mark-start]
Application time: 0.0685539 seconds
[GC pause (G1 Evacuation Pause) (young) 53M->35M(64M), 0.0013827 secs]
[GC concurrent-mark-end, 0.1050641 secs]
Application time: 0.0353769 seconds
[GC remark, 0.0077888 secs]
Application time: 0.0015866 seconds
[GC cleanup 47M->46M(64M), 0.0002500 secs]
[GC concurrent-cleanup-start]
[GC concurrent-cleanup-end, 0.0000107 secs]
Application time: 0.0119711 seconds
[GC pause (G1 Evacuation Pause) (young) 52M->40M(64M), 0.0083195 secs]
Application time: 0.0022420 seconds
[GC pause (G1 Evacuation Pause) (mixed) 41M->38M(64M), 0.0119356 secs]
Application time: 0.0047881 seconds
[GC pause (G1 Evacuation Pause) (mixed) 40M->36M(64M), 0.0140288 secs]
Application time: 0.0350101 seconds
[GC pause (G1 Evacuation Pause) (young) 51M->37M(64M), 0.0075328 secs]
Application time: 0.0302083 seconds
[GC pause (G1 Evacuation Pause) (young) (initial-mark) 52M->37M(64M), 0.0036194 secs]
[GC concurrent-root-region-scan-start]
[GC concurrent-root-region-scan-end, 0.0014606 secs]
[GC concurrent-mark-start]
Application time: 0.0564111 seconds
[GC pause (G1 Evacuation Pause) (young) 52M->43M(64M), 0.0084818 secs]
Application time: 0.0350643 seconds
[GC pause (G1 Evacuation Pause) (young) 52M->47M(64M), 0.0112176 secs]
[GC concurrent-mark-end, 0.1324397 secs]
Application time: 0.0184461 seconds
[GC remark, 0.0083897 secs]
Application time: 0.0000518 seconds
[GC cleanup 50M->45M(64M), 0.0002750 secs]
[GC concurrent-cleanup-start]
[GC concurrent-cleanup-end, 0.0000160 secs]
Application time: 0.0097400 seconds
[GC pause (G1 Evacuation Pause) (young) 47M->44M(64M), 0.0099539 secs]
Application time: 0.0063289 seconds
[GC pause (G1 Evacuation Pause) (mixed) 46M->41M(64M), 0.0075762 secs]
Application time: 0.0262262 seconds
[GC pause (G1 Evacuation Pause) (young) 51M->42M(64M), 0.0049462 secs]
Application time: 0.0252159 seconds
[GC pause (G1 Evacuation Pause) (young) (initial-mark) 52M->44M(64M), 0.0038227 secs]
[GC concurrent-root-region-scan-start]
[GC concurrent-root-region-scan-end, 0.0014020 secs]
[GC concurrent-mark-start]
[GC concurrent-mark-end, 0.0587251 secs]
Application time: 0.0587218 seconds
[GC remark, 0.0084350 secs]
Application time: 0.0000435 seconds
[GC cleanup 52M->47M(64M), 0.0003369 secs]
[GC concurrent-cleanup-start]
[GC concurrent-cleanup-end, 0.0000160 secs]
Application time: 0.0017266 seconds
[GC pause (G1 Evacuation Pause) (young) 48M->42M(64M), 0.0064940 secs]
Application time: 0.0043336 seconds
[GC pause (G1 Evacuation Pause) (mixed) 43M->38M(64M), 0.0076784 secs]
Application time: 0.0045494 seconds
[GC pause (G1 Evacuation Pause) (mixed) 40M->34M(64M), 0.0106296 secs]
Application time: 0.0371080 seconds
[GC pause (G1 Evacuation Pause) (young) 51M->33M(64M), 0.0045095 secs]
Application time: 0.0377694 seconds
[GC pause (G1 Evacuation Pause) (young) (initial-mark) 51M->33M(64M), 0.0015557 secs]
[GC concurrent-root-region-scan-start]
[GC concurrent-root-region-scan-end, 0.0004840 secs]
[GC concurrent-mark-start]
[GC concurrent-mark-end, 0.0593101 secs]
Application time: 0.0599051 seconds
[GC remark, 0.0071085 secs]
Application time: 0.0000465 seconds
[GC cleanup 45M->45M(64M), 0.0002273 secs]
Application time: 0.0176112 seconds
[GC pause (G1 Evacuation Pause) (young) 52M->33M(64M), 0.0012028 secs]
Application time: 0.0040262 seconds
[GC pause (G1 Evacuation Pause) (mixed) 35M->29M(64M), 0.0049009 secs]
Application time: 0.0044092 seconds
[GC pause (G1 Evacuation Pause) (mixed) 31M->29M(64M), 0.0066979 secs]
Application time: 0.0398031 seconds
[GC pause (G1 Evacuation Pause) (young) 52M->29M(64M), 0.0044481 secs]
Application time: 0.0585182 seconds
[GC pause (G1 Evacuation Pause) (young) (initial-mark) 53M->35M(64M), 0.0077429 secs]
[GC concurrent-root-region-scan-start]
[GC concurrent-root-region-scan-end, 0.0045286 secs]
[GC concurrent-mark-start]
[GC concurrent-mark-end, 0.0581805 secs]
Application time: 0.0582965 seconds
[GC remark, 0.0085779 secs]
Application time: 0.0000514 seconds
[GC cleanup 46M->43M(64M), 0.0002733 secs]
[GC concurrent-cleanup-start]
[GC concurrent-cleanup-end, 0.0000166 secs]
Application time: 0.0186106 seconds
[GC pause (G1 Evacuation Pause) (young) 48M->34M(64M), 0.0097165 secs]
Application time: 0.0025508 seconds
[GC pause (G1 Evacuation Pause) (mixed) 35M->31M(64M), 0.0091269 secs]
Application time: 0.0419544 seconds
[GC pause (G1 Evacuation Pause) (young) 51M->36M(64M), 0.0120511 secs]
Application time: 0.0399004 seconds
[GC pause (G1 Evacuation Pause) (young) (initial-mark) 51M->40M(64M), 0.0110791 secs]
[GC concurrent-root-region-scan-start]
[GC concurrent-root-region-scan-end, 0.0081500 secs]
[GC concurrent-mark-start]
Application time: 0.0522328 seconds
[GC pause (G1 Evacuation Pause) (young) 51M->42M(64M), 0.0099599 secs]
[GC concurrent-mark-end, 0.0972331 secs]
Application time: 0.0361208 seconds
[GC remark, 0.0070895 secs]
Application time: 0.0000569 seconds
[GC cleanup 47M->41M(64M), 0.0002595 secs]
[GC concurrent-cleanup-start]
[GC concurrent-cleanup-end, 0.0000194 secs]
Application time: 0.0169550 seconds
[GC pause (G1 Evacuation Pause) (young) 46M->37M(64M), 0.0073740 secs]
Application time: 0.0020950 seconds
[GC pause (G1 Evacuation Pause) (mixed) 38M->36M(64M), 0.0082757 secs]
Application time: 0.0051794 seconds
[GC pause (G1 Evacuation Pause) (mixed) 38M->34M(64M), 0.0102710 secs]
Application time: 0.0354530 seconds
[GC pause (G1 Evacuation Pause) (young) 50M->39M(64M), 0.0086433 secs]
Application time: 0.0301475 seconds
[GC pause (G1 Evacuation Pause) (young) (initial-mark) 52M->40M(64M), 0.0066364 secs]
[GC concurrent-root-region-scan-start]
[GC concurrent-root-region-scan-end, 0.0016321 secs]
[GC concurrent-mark-start]
[GC concurrent-mark-end, 0.0515733 secs]
Application time: 0.0515935 seconds
[GC remark, 0.0078089 secs]
Application time: 0.0000396 seconds
[GC cleanup 50M->47M(64M), 0.0002763 secs]
[GC concurrent-cleanup-start]
[GC concurrent-cleanup-end, 0.0000160 secs]
Application time: 0.0094995 seconds
[GC pause (G1 Evacuation Pause) (young) 49M->38M(64M), 0.0052365 secs]
Application time: 0.0041654 seconds
[GC pause (G1 Evacuation Pause) (mixed) 40M->32M(64M), 0.0049467 secs]
Application time: 0.0041745 seconds
[GC pause (G1 Evacuation Pause) (mixed) 34M->30M(64M), 0.0070274 secs]
Application time: 0.0363766 seconds
[GC pause (G1 Evacuation Pause) (young) 50M->30M(64M), 0.0057796 secs]
Application time: 0.0410552 seconds
[GC pause (G1 Evacuation Pause) (young) (initial-mark) 51M->30M(64M), 0.0014361 secs]
[GC concurrent-root-region-scan-start]
[GC concurrent-root-region-scan-end, 0.0003679 secs]
[GC concurrent-mark-start]
[GC concurrent-mark-end, 0.0575075 secs]
Application time: 0.0575333 seconds
[GC remark, 0.0076650 secs]
Application time: 0.0000408 seconds
[GC cleanup 42M->42M(64M), 0.0002341 secs]
Application time: 0.0230529 seconds
[GC pause (G1 Evacuation Pause) (young) 52M->36M(64M), 0.0069693 secs]
Application time: 0.0022290 seconds
[GC pause (G1 Evacuation Pause) (mixed) 37M->35M(64M), 0.0114599 secs]
Application time: 0.0384961 seconds
[GC pause (G1 Evacuation Pause) (young) 52M->35M(64M), 0.0096562 secs]
Application time: 0.0352557 seconds
[GC pause (G1 Evacuation Pause) (young) (initial-mark) 52M->36M(64M), 0.0039456 secs]
[GC concurrent-root-region-scan-start]
[GC concurrent-root-region-scan-end, 0.0025208 secs]
[GC concurrent-mark-start]
Application time: 0.0616594 seconds
[GC pause (G1 Evacuation Pause) (young) 52M->38M(64M), 0.0060144 secs]
[GC concurrent-mark-end, 0.1064521 secs]
Application time: 0.0347471 seconds
[GC remark, 0.0085323 secs]
Application time: 0.0000517 seconds
[GC cleanup 47M->44M(64M), 0.0002682 secs]
[GC concurrent-cleanup-start]
[GC concurrent-cleanup-end, 0.0000199 secs]
Application time: 0.0144780 seconds
[GC pause (G1 Evacuation Pause) (young) 49M->40M(64M), 0.0102716 secs]
Application time: 0.0026728 seconds
[GC pause (G1 Evacuation Pause) (mixed) 41M->37M(64M), 0.0105623 secs]
Application time: 0.0367408 seconds
[GC pause (G1 Evacuation Pause) (young) 51M->39M(64M), 0.0092046 secs]
Application time: 0.0319117 seconds
[GC pause (G1 Evacuation Pause) (young) (initial-mark) 51M->41M(64M), 0.0059543 secs]
[GC concurrent-root-region-scan-start]
[GC concurrent-root-region-scan-end, 0.0008728 secs]
[GC concurrent-mark-start]
Application time: 0.0597109 seconds
[GC pause (G1 Evacuation Pause) (young) 52M->43M(64M), 0.0068861 secs]
[GC concurrent-mark-end, 0.0953844 secs]
Application time: 0.0295568 seconds
[GC remark, 0.0082576 secs]
Application time: 0.0000607 seconds
[GC cleanup 51M->46M(64M), 0.0002716 secs]
[GC concurrent-cleanup-start]
[GC concurrent-cleanup-end, 0.0000213 secs]
Application time: 0.0038913 seconds
[GC pause (G1 Evacuation Pause) (young) 47M->41M(64M), 0.0057335 secs]
Application time: 0.0029833 seconds
[GC pause (G1 Evacuation Pause) (mixed) 42M->37M(64M), 0.0067245 secs]
Application time: 0.0043654 seconds
[GC pause (G1 Evacuation Pause) (mixed) 39M->36M(64M), 0.0089448 secs]
Application time: 0.0304519 seconds
[GC pause (G1 Evacuation Pause) (young) 51M->38M(64M), 0.0082986 secs]
Application time: 0.0285144 seconds
[GC pause (G1 Evacuation Pause) (young) (initial-mark) 52M->39M(64M), 0.0031867 secs]
[GC concurrent-root-region-scan-start]
[GC concurrent-root-region-scan-end, 0.0002906 secs]
[GC concurrent-mark-start]
Application time: 0.0430391 seconds
[GC pause (G1 Evacuation Pause) (young) 52M->39M(64M), 0.0024566 secs]
Application time: 0.0499560 seconds
[GC pause (G1 Evacuation Pause) (young) 53M->44M(64M), 0.0070462 secs]
[GC concurrent-mark-end, 0.1280812 secs]
Application time: 0.0176570 seconds
[GC remark, 0.0083090 secs]
Application time: 0.0000502 seconds
[GC cleanup 48M->46M(64M), 0.0003017 secs]
[GC concurrent-cleanup-start]
[GC concurrent-cleanup-end, 0.0000139 secs]
Application time: 0.0121183 seconds
[GC pause (G1 Evacuation Pause) (young) 50M->43M(64M), 0.0080681 secs]
Application time: 0.0063187 seconds
[GC pause (G1 Evacuation Pause) (mixed) 45M->38M(64M), 0.0068864 secs]
Application time: 0.0057488 seconds
[GC pause (G1 Evacuation Pause) (mixed) 40M->37M(64M), 0.0074367 secs]
Application time: 0.0334516 seconds
[GC pause (G1 Evacuation Pause) (young) 51M->37M(64M), 0.0053586 secs]
Application time: 0.0414258 seconds
[GC pause (G1 Evacuation Pause) (young) (initial-mark) 51M->39M(64M), 0.0035920 secs]
[GC concurrent-root-region-scan-start]
[GC concurrent-root-region-scan-end, 0.0020740 secs]
[GC concurrent-mark-start]
Application time: 0.0437060 seconds
[GC pause (G1 Evacuation Pause) (young) 52M->40M(64M), 0.0043889 secs]
Application time: 0.0497465 seconds
[GC concurrent-mark-end, 0.0959218 secs]
[GC pause (G1 Evacuation Pause) (young) 52M->42M(64M), 0.0043063 secs]
Application time: 0.0000403 seconds
[GC remark, 0.0081090 secs]
Application time: 0.0077339 seconds
[GC cleanup 44M->40M(64M), 0.0002346 secs]
[GC concurrent-cleanup-start]
[GC concurrent-cleanup-end, 0.0000129 secs]
Application time: 0.0195076 seconds
[GC pause (G1 Evacuation Pause) (young) 49M->37M(64M), 0.0025084 secs]
Application time: 0.0040607 seconds
[GC pause (G1 Evacuation Pause) (mixed) 39M->32M(64M), 0.0043522 secs]
Application time: 0.0039586 seconds
[GC pause (G1 Evacuation Pause) (mixed) 34M->30M(64M), 0.0083360 secs]
Application time: 0.0402085 seconds
[GC pause (G1 Evacuation Pause) (young) 51M->35M(64M), 0.0083259 secs]
Application time: 0.0409284 seconds
[GC pause (G1 Evacuation Pause) (young) (initial-mark) 52M->37M(64M), 0.0082464 secs]
[GC concurrent-root-region-scan-start]
[GC concurrent-root-region-scan-end, 0.0034442 secs]
[GC concurrent-mark-start]
Application time: 0.0714225 seconds
[GC pause (G1 Evacuation Pause) (young) 52M->39M(64M), 0.0077901 secs]
[GC concurrent-mark-end, 0.0971988 secs]
Application time: 0.0172390 seconds
[GC remark, 0.0077285 secs]
Application time: 0.0011367 seconds
[GC cleanup 44M->39M(64M), 0.0002973 secs]
[GC concurrent-cleanup-start]
[GC concurrent-cleanup-end, 0.0000177 secs]
Application time: 0.0184887 seconds
[GC pause (G1 Evacuation Pause) (young) 47M->36M(64M), 0.0079772 secs]
Application time: 0.0037211 seconds
[GC pause (G1 Evacuation Pause) (mixed) 37M->36M(64M), 0.0092673 secs]
Application time: 0.0327083 seconds
[GC pause (G1 Evacuation Pause) (young) 51M->38M(64M), 0.0087515 secs]
Application time: 0.0268804 seconds
[GC pause (G1 Evacuation Pause) (young) (initial-mark) 52M->39M(64M), 0.0032022 secs]
[GC concurrent-root-region-scan-start]
[GC concurrent-root-region-scan-end, 0.0002917 secs]
[GC concurrent-mark-start]
Application time: 0.0470638 seconds
[GC pause (G1 Evacuation Pause) (young) 52M->43M(64M), 0.0060412 secs]
[GC concurrent-mark-end, 0.0897592 secs]
Application time: 0.0368298 seconds
[GC remark, 0.0083982 secs]
Application time: 0.0000431 seconds
[GC cleanup 52M->50M(64M), 0.0002807 secs]
[GC concurrent-cleanup-start]
[GC concurrent-cleanup-end, 0.0000097 secs]
Application time: 0.0024454 seconds
[GC pause (G1 Evacuation Pause) (young) 51M->43M(64M), 0.0070946 secs]
Application time: 0.0031064 seconds
[GC pause (G1 Evacuation Pause) (mixed) 44M->39M(64M), 0.0084609 secs]
Application time: 0.0063657 seconds
[GC pause (G1 Evacuation Pause) (mixed) 41M->37M(64M), 0.0107773 secs]
Application time: 0.0377310 seconds
[GC pause (G1 Evacuation Pause) (young) 51M->37M(64M), 0.0050222 secs]
Application time: 0.0339013 seconds
[GC pause (G1 Evacuation Pause) (young) (initial-mark) 51M->39M(64M), 0.0027035 secs]
[GC concurrent-root-region-scan-start]
[GC concurrent-root-region-scan-end, 0.0011235 secs]
[GC concurrent-mark-start]
Application time: 0.0615509 seconds
[GC pause (G1 Evacuation Pause) (young) 52M->40M(64M), 0.0044216 secs]
[GC concurrent-mark-end, 0.0921606 secs]
Application time: 0.0271796 seconds
[GC remark, 0.0077388 secs]
Application time: 0.0000443 seconds
[GC cleanup 49M->46M(64M), 0.0002593 secs]
[GC concurrent-cleanup-start]
[GC concurrent-cleanup-end, 0.0000111 secs]
Application time: 0.0078008 seconds
[GC pause (G1 Evacuation Pause) (young) 49M->38M(64M), 0.0039197 secs]
Application time: 0.0042269 seconds
[GC pause (G1 Evacuation Pause) (mixed) 40M->33M(64M), 0.0048648 secs]
Application time: 0.0042249 seconds
[GC pause (G1 Evacuation Pause) (mixed) 35M->33M(64M), 0.0034848 secs]
Application time: 0.0357887 seconds
[GC pause (G1 Evacuation Pause) (young) 52M->33M(64M), 0.0011894 secs]
Application time: 0.0337272 seconds
[GC pause (G1 Evacuation Pause) (young) (initial-mark) 52M->37M(64M), 0.0044461 secs]
[GC concurrent-root-region-scan-start]
[GC concurrent-root-region-scan-end, 0.0018498 secs]
[GC concurrent-mark-start]
Application time: 0.0640023 seconds
[GC pause (G1 Evacuation Pause) (young) 53M->41M(64M), 0.0070143 secs]
[GC concurrent-mark-end, 0.0881486 secs]
Application time: 0.0188684 seconds
[GC remark, 0.0070946 secs]
Application time: 0.0000365 seconds
[GC cleanup 46M->41M(64M), 0.0002540 secs]
[GC concurrent-cleanup-start]
[GC concurrent-cleanup-end, 0.0000128 secs]
Application time: 0.0224238 seconds
[GC pause (G1 Evacuation Pause) (young) 48M->37M(64M), 0.0061098 secs]
Application time: 0.0045663 seconds
[GC pause (G1 Evacuation Pause) (mixed) 39M->32M(64M), 0.0054239 secs]
Application time: 0.0417669 seconds
[GC pause (G1 Evacuation Pause) (young) 53M->33M(64M), 0.0032857 secs]
Application time: 0.0389587 seconds
[GC pause (G1 Evacuation Pause) (young) (initial-mark) 53M->36M(64M), 0.0059954 secs]
[GC concurrent-root-region-scan-start]
[GC concurrent-root-region-scan-end, 0.0021586 secs]
[GC concurrent-mark-start]
Application time: 0.0719694 seconds
[GC pause (G1 Evacuation Pause) (young) 51M->41M(64M), 0.0109813 secs]
[GC concurrent-mark-end, 0.1051963 secs]
Application time: 0.0243117 seconds
[GC remark, 0.0084235 secs]
Application time: 0.0000373 seconds
[GC cleanup 47M->46M(64M), 0.0002653 secs]
[GC concurrent-cleanup-start]
[GC concurrent-cleanup-end, 0.0000080 secs]
Application time: 0.0170549 seconds
[GC pause (G1 Evacuation Pause) (young) 51M->42M(64M), 0.0083564 secs]
Application time: 0.0029601 seconds
[GC pause (G1 Evacuation Pause) (mixed) 43M->38M(64M), 0.0092644 secs]
Application time: 0.0056934 seconds
[GC pause (G1 Evacuation Pause) (mixed) 40M->38M(64M), 0.0067959 secs]
Application time: 0.0336030 seconds
[GC pause (G1 Evacuation Pause) (young) 52M->39M(64M), 0.0028130 secs]
Application time: 0.0313112 seconds
[GC pause (G1 Evacuation Pause) (young) (initial-mark) 53M->42M(64M), 0.0046547 secs]
[GC concurrent-root-region-scan-start]
[GC concurrent-root-region-scan-end, 0.0011104 secs]
[GC concurrent-mark-start]
Application time: 0.0411259 seconds
[GC pause (G1 Evacuation Pause) (young) 52M->44M(64M), 0.0054019 secs]
Application time: 0.0406390 seconds
[GC pause (G1 Evacuation Pause) (young) 52M->45M(64M), 0.0034976 secs]
[GC concurrent-mark-end, 0.1087382 secs]
Application time: 0.0131296 seconds
[GC remark, 0.0081627 secs]
Application time: 0.0000381 seconds
[GC cleanup 49M->42M(64M), 0.0002576 secs]
[GC concurrent-cleanup-start]
[GC concurrent-cleanup-end, 0.0000157 secs]
Application time: 0.0104164 seconds
[GC pause (G1 Evacuation Pause) (young) 47M->37M(64M), 0.0023493 secs]
Application time: 0.0040896 seconds
[GC pause (G1 Evacuation Pause) (mixed) 39M->34M(64M), 0.0055826 secs]
Application time: 0.0041427 seconds
[GC pause (G1 Evacuation Pause) (mixed) 36M->32M(64M), 0.0152920 secs]
Application time: 0.0376926 seconds
[GC pause (G1 Evacuation Pause) (young) 52M->32M(64M), 0.0024124 secs]
Application time: 0.0424435 seconds
[GC pause (G1 Evacuation Pause) (young) (initial-mark) 52M->36M(64M), 0.0051464 secs]
[GC concurrent-root-region-scan-start]
[GC concurrent-root-region-scan-end, 0.0017785 secs]
[GC concurrent-mark-start]
[GC concurrent-mark-end, 0.0658632 secs]
Application time: 0.0676743 seconds
[GC remark, 0.0078800 secs]
Application time: 0.0004458 seconds
[GC cleanup 49M->46M(64M), 0.0002874 secs]
[GC concurrent-cleanup-start]
[GC concurrent-cleanup-end, 0.0000126 secs]
Application time: 0.0097144 seconds
[GC pause (G1 Evacuation Pause) (young) 49M->37M(64M), 0.0069523 secs]
Application time: 0.0024150 seconds
[GC pause (G1 Evacuation Pause) (mixed) 38M->32M(64M), 0.0072744 secs]
Application time: 0.0045349 seconds
[GC pause (G1 Evacuation Pause) (mixed) 34M->32M(64M), 0.0070144 secs]
Application time: 0.0381935 seconds
[GC pause (G1 Evacuation Pause) (young) 51M->32M(64M), 0.0030787 secs]
Application time: 0.0367396 seconds
[GC pause (G1 Evacuation Pause) (young) (initial-mark) 51M->35M(64M), 0.0048674 secs]
[GC concurrent-root-region-scan-start]
[GC concurrent-root-region-scan-end, 0.0018898 secs]
[GC concurrent-mark-start]
[GC concurrent-mark-end, 0.0483720 secs]
Application time: 0.0503529 seconds
[GC remark, 0.0096269 secs]
Application time: 0.0000526 seconds
[GC cleanup 43M->43M(64M), 0.0002637 secs]
Application time: 0.0238492 seconds
[GC pause (G1 Evacuation Pause) (young) 52M->39M(64M), 0.0086582 secs]
Application time: 0.0026103 seconds
[GC pause (G1 Evacuation Pause) (mixed) 40M->37M(64M), 0.0100048 secs]
Application time: 0.0050775 seconds
[GC pause (G1 Evacuation Pause) (mixed) 39M->36M(64M), 0.0128685 secs]
Application time: 0.0419115 seconds
[GC pause (G1 Evacuation Pause) (young) 52M->39M(64M), 0.0057646 secs]
Application time: 0.0316811 seconds
[GC pause (G1 Evacuation Pause) (young) (initial-mark) 51M->41M(64M), 0.0070459 secs]
[GC concurrent-root-region-scan-start]
[GC concurrent-root-region-scan-end, 0.0009580 secs]
[GC concurrent-mark-start]
Application time: 0.0525859 seconds
[GC pause (G1 Evacuation Pause) (young) 53M->41M(64M), 0.0063248 secs]
Application time: 0.0374467 seconds
[GC pause (G1 Evacuation Pause) (young) 52M->44M(64M), 0.0047211 secs]
[GC concurrent-mark-end, 0.1284010 secs]
Application time: 0.0240424 seconds
[GC remark, 0.0076550 secs]
Application time: 0.0000627 seconds
[GC cleanup 49M->45M(64M), 0.0002405 secs]
[GC concurrent-cleanup-start]
[GC concurrent-cleanup-end, 0.0000186 secs]
Application time: 0.0065507 seconds
[GC pause (G1 Evacuation Pause) (young) 49M->41M(64M), 0.0048018 secs]
Application time: 0.0022378 seconds
[GC pause (G1 Evacuation Pause) (mixed) 42M->40M(64M), 0.0081628 secs]
Application time: 0.0053214 seconds
[GC pause (G1 Evacuation Pause) (mixed) 42M->37M(64M), 0.0084045 secs]
Application time: 0.0313333 seconds
[GC pause (G1 Evacuation Pause) (young) 53M->37M(64M), 0.0044505 secs]
Application time: 0.0297630 seconds
[GC pause (G1 Evacuation Pause) (young) (initial-mark) 52M->37M(64M), 0.0017946 secs]
[GC concurrent-root-region-scan-start]
[GC concurrent-root-region-scan-end, 0.0012645 secs]
[GC concurrent-mark-start]
Application time: 0.0647267 seconds
[GC pause (G1 Evacuation Pause) (young) 54M->41M(64M), 0.0055314 secs]
[GC concurrent-mark-end, 0.1022211 secs]
Application time: 0.0331013 seconds
[GC remark, 0.0077159 secs]
Application time: 0.0000645 seconds
[GC cleanup 49M->47M(64M), 0.0002730 secs]
[GC concurrent-cleanup-start]
[GC concurrent-cleanup-end, 0.0000163 secs]
Application time: 0.0100135 seconds
[GC pause (G1 Evacuation Pause) (young) 51M->41M(64M), 0.0083939 secs]
Application time: 0.0033451 seconds
[GC pause (G1 Evacuation Pause) (mixed) 42M->38M(64M), 0.0098194 secs]
Application time: 0.0061571 seconds
[GC pause (G1 Evacuation Pause) (mixed) 40M->37M(64M), 0.0102126 secs]
Application time: 0.0333116 seconds
[GC pause (G1 Evacuation Pause) (young) 51M->37M(64M), 0.0054199 secs]
Application time: 0.0270071 seconds
[GC pause (G1 Evacuation Pause) (young) (initial-mark) 51M->39M(64M), 0.0027645 secs]
[GC concurrent-root-region-scan-start]
[GC concurrent-root-region-scan-end, 0.0010506 secs]
[GC concurrent-mark-start]
Application time: 0.0624717 seconds
[GC pause (G1 Evacuation Pause) (young) 53M->40M(64M), 0.0043743 secs]
[GC concurrent-mark-end, 0.0939893 secs]
Application time: 0.0280651 seconds
[GC remark, 0.0076893 secs]
Application time: 0.0000392 seconds
[GC cleanup 48M->43M(64M), 0.0002635 secs]
[GC concurrent-cleanup-start]
[GC concurrent-cleanup-end, 0.0000132 secs]
Application time: 0.0123145 seconds
[GC pause (G1 Evacuation Pause) (young) 48M->36M(64M), 0.0037458 secs]
Application time: 0.0081383 seconds
[GC pause (G1 Evacuation Pause) (mixed) 38M->33M(64M), 0.0074334 secs]
Application time: 0.0365612 seconds
[GC pause (G1 Evacuation Pause) (young) 52M->36M(64M), 0.0072357 secs]
Application time: 0.0359153 seconds
[GC pause (G1 Evacuation Pause) (young) (initial-mark) 52M->40M(64M), 0.0083857 secs]
[GC concurrent-root-region-scan-start]
[GC concurrent-root-region-scan-end, 0.0035143 secs]
[GC concurrent-mark-start]
Application time: 0.0679612 seconds
[GC pause (G1 Evacuation Pause) (young) 52M->42M(64M), 0.0076087 secs]
[GC concurrent-mark-end, 0.0903800 secs]
Application time: 0.0181671 seconds
[GC remark, 0.0077295 secs]
Application time: 0.0000450 seconds
[GC cleanup 47M->43M(64M), 0.0002779 secs]
[GC concurrent-cleanup-start]
[GC concurrent-cleanup-end, 0.0000122 secs]
Application time: 0.0150587 seconds
[GC pause (G1 Evacuation Pause) (young) 48M->38M(64M), 0.0070589 secs]
Application time: 0.0016566 seconds
[GC pause (G1 Evacuation Pause) (mixed) 39M->35M(64M), 0.0048647 secs]
Application time: 0.0062788 seconds
[GC pause (G1 Evacuation Pause) (mixed) 37M->33M(64M), 0.0090270 secs]
Application time: 0.0358537 seconds
[GC pause (G1 Evacuation Pause) (young) 51M->36M(64M), 0.0089270 secs]
Application time: 0.0504710 seconds
[GC pause (G1 Evacuation Pause) (young) (initial-mark) 53M->37M(64M), 0.0056595 secs]
[GC concurrent-root-region-scan-start]
[GC concurrent-root-region-scan-end, 0.0003448 secs]
[GC concurrent-mark-start]
Application time: 0.0688121 seconds
[GC pause (G1 Evacuation Pause) (young) 52M->39M(64M), 0.0056094 secs]
[GC concurrent-mark-end, 0.0932644 secs]
Application time: 0.0190927 seconds
[GC remark, 0.0077051 secs]
Application time: 0.0000361 seconds
[GC cleanup 44M->44M(64M), 0.0002716 secs]
Application time: 0.0205226 seconds
[GC pause (G1 Evacuation Pause) (young) 53M->43M(64M), 0.0069887 secs]
Application time: 0.0025016 seconds
[GC pause (G1 Evacuation Pause) (mixed) 44M->40M(64M), 0.0105780 secs]
Application time: 0.0046488 seconds
[GC pause (G1 Evacuation Pause) (mixed) 42M->37M(64M), 0.0114012 secs]
Application time: 0.0373830 seconds
[GC pause (G1 Evacuation Pause) (young) 51M->38M(64M), 0.0058715 secs]
Application time: 0.0354096 seconds
[GC pause (G1 Evacuation Pause) (young) (initial-mark) 52M->39M(64M), 0.0037690 secs]
[GC concurrent-root-region-scan-start]
[GC concurrent-root-region-scan-end, 0.0017282 secs]
[GC concurrent-mark-start]
Application time: 0.0569939 seconds
[GC pause (G1 Evacuation Pause) (young) 53M->40M(64M), 0.0051002 secs]
[GC concurrent-mark-end, 0.0975099 secs]
Application time: 0.0370187 seconds
[GC remark, 0.0076733 secs]
Application time: 0.0000398 seconds
[GC cleanup 50M->45M(64M), 0.0002493 secs]
[GC concurrent-cleanup-start]
[GC concurrent-cleanup-end, 0.0000170 secs]
Application time: 0.0053835 seconds
[GC pause (G1 Evacuation Pause) (young) 47M->37M(64M), 0.0052795 secs]
Application time: 0.0061559 seconds
[GC pause (G1 Evacuation Pause) (mixed) 39M->33M(64M), 0.0062825 secs]
Application time: 0.0387315 seconds
[GC pause (G1 Evacuation Pause) (young) 52M->32M(64M), 0.0040661 secs]
Application time: 0.0382571 seconds
[GC pause (G1 Evacuation Pause) (young) (initial-mark) 52M->37M(64M), 0.0055114 secs]
[GC concurrent-root-region-scan-start]
[GC concurrent-root-region-scan-end, 0.0020538 secs]
[GC concurrent-mark-start]
Application time: 0.0738434 seconds
[GC pause (G1 Evacuation Pause) (young) 51M->40M(64M), 0.0083013 secs]
[GC concurrent-mark-end, 0.0804200 secs]
Application time: 0.0002223 seconds
[GC remark, 0.0083587 secs]
Application time: 0.0081241 seconds
[GC cleanup 44M->42M(64M), 0.0007624 secs]
[GC concurrent-cleanup-start]
[GC concurrent-cleanup-end, 0.0000113 secs]
Application time: 0.0212672 seconds
[GC pause (G1 Evacuation Pause) (young) 50M->39M(64M), 0.0068795 secs]
Application time: 0.0047022 seconds
[GC pause (G1 Evacuation Pause) (mixed) 40M->34M(64M), 0.0079846 secs]
Application time: 0.0062500 seconds
[GC pause (G1 Evacuation Pause) (mixed) 36M->31M(64M), 0.0102296 secs]
Application time: 0.0401260 seconds
[GC pause (G1 Evacuation Pause) (young) 51M->34M(64M), 0.0097021 secs]
Application time: 0.0345494 seconds
[GC pause (G1 Evacuation Pause) (young) (initial-mark) 51M->38M(64M), 0.0063265 secs]
[GC concurrent-root-region-scan-start]
[GC concurrent-root-region-scan-end, 0.0015938 secs]
[GC concurrent-mark-start]
Application time: 0.0519605 seconds
[GC pause (G1 Evacuation Pause) (young) 52M->41M(64M), 0.0087584 secs]
[GC concurrent-mark-end, 0.0802490 secs]
Application time: 0.0169897 seconds
[GC remark, 0.0084291 secs]
Application time: 0.0000424 seconds
[GC cleanup 44M->42M(64M), 0.0002707 secs]
[GC concurrent-cleanup-start]
[GC concurrent-cleanup-end, 0.0000098 secs]
Application time: 0.0228962 seconds
[GC pause (G1 Evacuation Pause) (young) 50M->42M(64M), 0.0082540 secs]
Application time: 0.0025511 seconds
[GC pause (G1 Evacuation Pause) (mixed) 43M->39M(64M), 0.0100911 secs]
Application time: 0.0097886 seconds
[GC pause (G1 Evacuation Pause) (mixed) 41M->38M(64M), 0.0098711 secs]
Application time: 0.0335075 seconds
[GC pause (G1 Evacuation Pause) (young) 51M->39M(64M), 0.0045495 secs]
Application time: 0.0284184 seconds
[GC pause (G1 Evacuation Pause) (young) (initial-mark) 52M->40M(64M), 0.0039421 secs]
[GC concurrent-root-region-scan-start]
[GC concurrent-root-region-scan-end, 0.0012250 secs]
[GC concurrent-mark-start]
Application time: 0.0536607 seconds
[GC pause (G1 Evacuation Pause) (young) 52M->43M(64M), 0.0062086 secs]
Application time: 0.0323143 seconds
[GC pause (G1 Evacuation Pause) (young) 53M->45M(64M), 0.0079550 secs]
[GC concurrent-mark-end, 0.1069715 secs]
Application time: 0.0038188 seconds
[GC remark, 0.0070965 secs]
Application time: 0.0000464 seconds
[GC cleanup 46M->40M(64M), 0.0002593 secs]
[GC concurrent-cleanup-start]
[GC concurrent-cleanup-end, 0.0000163 secs]
Application time: 0.0123540 seconds
[GC pause (G1 Evacuation Pause) (young) 46M->41M(64M), 0.0050388 secs]
Application time: 0.0041126 seconds
[GC pause (G1 Evacuation Pause) (mixed) 43M->35M(64M), 0.0051333 secs]
Application time: 0.0311159 seconds
[GC pause (G1 Evacuation Pause) (young) 51M->35M(64M), 0.0029254 secs]
Application time: 0.0312704 seconds
[GC pause (G1 Evacuation Pause) (young) (initial-mark) 52M->35M(64M), 0.0013722 secs]
[GC concurrent-root-region-scan-start]
[GC concurrent-root-region-scan-end, 0.0003017 secs]
[GC concurrent-mark-start]
Application time: 0.0774236 seconds
[GC pause (G1 Evacuation Pause) (young) 53M->41M(64M), 0.0086642 secs]
[GC concurrent-mark-end, 0.0901462 secs]
Application time: 0.0042588 seconds
[GC remark, 0.0070559 secs]
Application time: 0.0000468 seconds
[GC cleanup 41M->40M(64M), 0.0002412 secs]
[GC concurrent-cleanup-start]
[GC concurrent-cleanup-end, 0.0000069 secs]
Application time: 0.0304020 seconds
[GC pause (G1 Evacuation Pause) (young) 52M->41M(64M), 0.0083505 secs]
Application time: 0.0025788 seconds
[GC pause (G1 Evacuation Pause) (mixed) 42M->37M(64M), 0.0087633 secs]
Application time: 0.0349353 seconds
[GC pause (G1 Evacuation Pause) (young) 53M->39M(64M), 0.0058445 secs]
Application time: 0.0279127 seconds
[GC pause (G1 Evacuation Pause) (young) (initial-mark) 53M->40M(64M), 0.0045447 secs]
[GC concurrent-root-region-scan-start]
[GC concurrent-root-region-scan-end, 0.0013072 secs]
[GC concurrent-mark-start]
Application time: 0.0513472 seconds
[GC pause (G1 Evacuation Pause) (young) 52M->41M(64M), 0.0046691 secs]
[GC concurrent-mark-end, 0.0933205 secs]
Application time: 0.0321888 seconds
[GC remark, 0.0143055 secs]
Application time: 0.0011707 seconds
[GC cleanup 49M->45M(64M), 0.0002406 secs]
[GC concurrent-cleanup-start]
[GC concurrent-cleanup-end, 0.0000206 secs]
Application time: 0.0101417 seconds
[GC pause (G1 Evacuation Pause) (young) 50M->36M(64M), 0.0025149 secs]
Application time: 0.0041214 seconds
[GC pause (G1 Evacuation Pause) (mixed) 38M->31M(64M), 0.0037351 secs]
Application time: 0.0037791 seconds
[GC pause (G1 Evacuation Pause) (mixed) 33M->31M(64M), 0.0042571 secs]
Application time: 0.0424215 seconds
[GC pause (G1 Evacuation Pause) (young) 53M->36M(64M), 0.0084724 secs]
Application time: 0.0465471 seconds
[GC pause (G1 Evacuation Pause) (young) (initial-mark) 51M->38M(64M), 0.0086420 secs]
[GC concurrent-root-region-scan-start]
[GC concurrent-root-region-scan-end, 0.0011551 secs]
[GC concurrent-mark-start]
Application time: 0.0537510 seconds
[GC pause (G1 Evacuation Pause) (young) 52M->38M(64M), 0.0066244 secs]
Application time: 0.0443105 seconds
[GC pause (G1 Evacuation Pause) (young) 52M->39M(64M), 0.0029031 secs]
[GC concurrent-mark-end, 0.1152668 secs]
Application time: 0.0045984 seconds
[GC remark, 0.0082287 secs]
Application time: 0.0000466 seconds
[GC cleanup 40M->37M(64M), 0.0002252 secs]
[GC concurrent-cleanup-start]
[GC concurrent-cleanup-end, 0.0000104 secs]
Application time: 0.0281966 seconds
[GC pause (G1 Evacuation Pause) (young) 50M->39M(64M), 0.0058492 secs]
Application time: 0.0018328 seconds
[GC pause (G1 Evacuation Pause) (mixed) 40M->35M(64M), 0.0070619 secs]
Application time: 0.0379055 seconds
[GC pause (G1 Evacuation Pause) (young) 53M->40M(64M), 0.0089602 secs]
Application time: 0.0295371 seconds
[GC pause (G1 Evacuation Pause) (young) (initial-mark) 52M->42M(64M), 0.0082205 secs]
[GC concurrent-root-region-scan-start]
[GC concurrent-root-region-scan-end, 0.0024076 secs]
[GC concurrent-mark-start]
Application time: 0.0666218 seconds
[GC pause (G1 Evacuation Pause) (young) 53M->44M(64M), 0.0082437 secs]
[GC concurrent-mark-end, 0.0846785 secs]
Application time: 0.0090893 seconds
[GC remark, 0.0075771 secs]
Application time: 0.0000410 seconds
[GC cleanup 46M->39M(64M), 0.0002326 secs]
[GC concurrent-cleanup-start]
[GC concurrent-cleanup-end, 0.0000143 secs]
Application time: 0.0162057 seconds
[GC pause (G1 Evacuation Pause) (young) 45M->38M(64M), 0.0060224 secs]
Application time: 0.0042210 seconds
[GC pause (G1 Evacuation Pause) (mixed) 39M->34M(64M), 0.0058312 secs]
Application time: 0.0061667 seconds
[GC pause (G1 Evacuation Pause) (mixed) 36M->33M(64M), 0.0076913 secs]
Application time: 0.0424768 seconds
[GC pause (G1 Evacuation Pause) (young) 51M->36M(64M), 0.0063669 secs]
Application time: 0.0332610 seconds
[GC pause (G1 Evacuation Pause) (young) (initial-mark) 52M->37M(64M), 0.0053149 secs]
[GC concurrent-root-region-scan-start]
[GC concurrent-root-region-scan-end, 0.0004524 secs]
[GC concurrent-mark-start]
[GC concurrent-mark-end, 0.0539792 secs]
Application time: 0.0540045 seconds
[GC remark, 0.0079687 secs]
Application time: 0.0000370 seconds
[GC cleanup 48M->47M(64M), 0.0002508 secs]
[GC concurrent-cleanup-start]
[GC concurrent-cleanup-end, 0.0000097 secs]
Application time: 0.0114758 seconds
[GC pause (G1 Evacuation Pause) (young) 51M->36M(64M), 0.0042582 secs]
Application time: 0.0040337 seconds
[GC pause (G1 Evacuation Pause) (mixed) 38M->32M(64M), 0.0052061 secs]
Application time: 0.0040619 seconds
[GC pause (G1 Evacuation Pause) (mixed) 34M->30M(64M), 0.0063149 secs]
Application time: 0.0389380 seconds
[GC pause (G1 Evacuation Pause) (young) 52M->32M(64M), 0.0047512 secs]
Application time: 0.0457784 seconds
[GC pause (G1 Evacuation Pause) (young) (initial-mark) 53M->36M(64M), 0.0082661 secs]
[GC concurrent-root-region-scan-start]
[GC concurrent-root-region-scan-end, 0.0027123 secs]
[GC concurrent-mark-start]
Application time: 0.0612621 seconds
[GC pause (G1 Evacuation Pause) (young) 52M->38M(64M), 0.0086653 secs]
[GC concurrent-mark-end, 0.1166004 secs]
Application time: 0.0474020 seconds
[GC remark, 0.0084378 secs]
Application time: 0.0000563 seconds
[GC cleanup 53M->49M(64M), 0.0002907 secs]
[GC concurrent-cleanup-start]
[GC concurrent-cleanup-end, 0.0000139 secs]
Application time: 0.0019484 seconds
[GC pause (G1 Evacuation Pause) (young) 49M->34M(64M), 0.0075031 secs]
Application time: 0.0023127 seconds
[GC pause (G1 Evacuation Pause) (mixed) 35M->31M(64M), 0.0041823 secs]
Application time: 0.0406957 seconds
[GC pause (G1 Evacuation Pause) (young) 52M->37M(64M), 0.0089323 secs]
Application time: 0.0377660 seconds
[GC pause (G1 Evacuation Pause) (young) (initial-mark) 51M->43M(64M), 0.0127835 secs]
[GC concurrent-root-region-scan-start]
[GC concurrent-root-region-scan-end, 0.0138775 secs]
[GC concurrent-mark-start]
Application time: 0.0440869 seconds
[GC pause (G1 Evacuation Pause) (young) 52M->44M(64M), 0.0101623 secs]
Application time: 0.0415251 seconds
[GC pause (G1 Evacuation Pause) (young) 53M->44M(64M), 0.0054811 secs]
Application time: 0.0343401 seconds
[GC pause (G1 Evacuation Pause) (young) 53M->45M(64M), 0.0027438 secs]
[GC concurrent-mark-end, 0.1255438 secs]
Application time: 0.0007782 seconds
[GC remark, 0.0075509 secs]
Application time: 0.0000499 seconds
[GC cleanup 45M->40M(64M), 0.0002642 secs]
[GC concurrent-cleanup-start]
[GC concurrent-cleanup-end, 0.0000181 secs]
Application time: 0.0218300 seconds
[GC pause (G1 Evacuation Pause) (young) 49M->40M(64M), 0.0023027 secs]
Application time: 0.0056009 seconds
[GC pause (G1 Evacuation Pause) (mixed) 41M->34M(64M), 0.0038099 secs]
Application time: 0.0044594 seconds
[GC pause (G1 Evacuation Pause) (mixed) 36M->34M(64M), 0.0052281 secs]
Application time: 0.0357811 seconds
[GC pause (G1 Evacuation Pause) (young) 51M->36M(64M), 0.0044961 secs]
Application time: 0.0305258 seconds
[GC pause (G1 Evacuation Pause) (young) (initial-mark) 51M->37M(64M), 0.0042048 secs]
[GC concurrent-root-region-scan-start]
[GC concurrent-root-region-scan-end, 0.0017505 secs]
[GC concurrent-mark-start]
Application time: 0.0603818 seconds
[GC pause (G1 Evacuation Pause) (young) 52M->38M(64M), 0.0038958 secs]
[GC concurrent-mark-end, 0.1109962 secs]
Application time: 0.0443159 seconds
[GC remark, 0.0084519 secs]
Application time: 0.0000528 seconds
[GC cleanup 51M->48M(64M), 0.0002442 secs]
[GC concurrent-cleanup-start]
[GC concurrent-cleanup-end, 0.0000126 secs]
Application time: 0.0016885 seconds
[GC pause (G1 Evacuation Pause) (young) 49M->34M(64M), 0.0048393 secs]
Application time: 0.0053741 seconds
[GC pause (G1 Evacuation Pause) (mixed) 36M->30M(64M), 0.0051067 secs]
Application time: 0.0557709 seconds
[GC pause (G1 Evacuation Pause) (young) 52M->36M(64M), 0.0128103 secs]
Application time: 0.0401586 seconds
[GC pause (G1 Evacuation Pause) (young) (initial-mark) 51M->38M(64M), 0.0096186 secs]
[GC concurrent-root-region-scan-start]
[GC concurrent-root-region-scan-end, 0.0007856 secs]
[GC concurrent-mark-start]
Application time: 0.0507725 seconds
[GC pause (G1 Evacuation Pause) (young) 52M->38M(64M), 0.0069694 secs]
Application time: 0.0504821 seconds
[GC pause (G1 Evacuation Pause) (young) 52M->39M(64M), 0.0025168 secs]
[GC concurrent-mark-end, 0.1119848 secs]
Application time: 0.0017749 seconds
[GC remark, 0.0076343 secs]
Application time: 0.0000566 seconds
[GC cleanup 39M->34M(64M), 0.0002348 secs]
[GC concurrent-cleanup-start]
[GC concurrent-cleanup-end, 0.0000123 secs]
Application time: 0.0342672 seconds
[GC pause (G1 Evacuation Pause) (young) 48M->38M(64M), 0.0072701 secs]
Application time: 0.0015579 seconds
[GC pause (G1 Evacuation Pause) (mixed) 39M->35M(64M), 0.0074428 secs]
Application time: 0.0465044 seconds
[GC pause (G1 Evacuation Pause) (young) 51M->40M(64M), 0.0118200 secs]
Application time: 0.0387248 seconds
[GC pause (G1 Evacuation Pause) (young) (initial-mark) 52M->42M(64M), 0.0107346 secs]
[GC concurrent-root-region-scan-start]
[GC concurrent-root-region-scan-end, 0.0045865 secs]
[GC concurrent-mark-start]
Application time: 0.0430253 seconds
[GC pause (G1 Evacuation Pause) (young) 52M->41M(64M), 0.0062445 secs]
Application time: 0.0591835 seconds
[GC pause (G1 Evacuation Pause) (young) 52M->44M(64M), 0.0050731 secs]
[GC concurrent-mark-end, 0.1279930 secs]
Application time: 0.0132441 seconds
[GC remark, 0.0073793 secs]
Application time: 0.0000593 seconds
[GC cleanup 48M->40M(64M), 0.0002194 secs]
[GC concurrent-cleanup-start]
[GC concurrent-cleanup-end, 0.0000332 secs]
Application time: 0.0129201 seconds
[GC pause (G1 Evacuation Pause) (young) 44M->38M(64M), 0.0066692 secs]
Application time: 0.0026317 seconds
[GC pause (G1 Evacuation Pause) (mixed) 39M->34M(64M), 0.0075648 secs]
Application time: 0.0337268 seconds
[GC pause (G1 Evacuation Pause) (young) 49M->34M(64M), 0.0048772 secs]
Application time: 0.0413730 seconds
[GC pause (G1 Evacuation Pause) (young) (initial-mark) 50M->34M(64M), 0.0013894 secs]
[GC concurrent-root-region-scan-start]
[GC concurrent-root-region-scan-end, 0.0003790 secs]
[GC concurrent-mark-start]
Application time: 0.0584503 seconds
[GC pause (G1 Evacuation Pause) (young) 51M->34M(64M), 0.0013646 secs]
[GC concurrent-mark-end, 0.0879649 secs]
Application time: 0.0244654 seconds
[GC remark, 0.0084475 secs]
Application time: 0.0000646 seconds
[GC cleanup 38M->35M(64M), 0.0002487 secs]
[GC concurrent-cleanup-start]
[GC concurrent-cleanup-end, 0.0000123 secs]
Application time: 0.0227594 seconds
[GC pause (G1 Evacuation Pause) (young) 48M->31M(64M), 0.0018639 secs]
Application time: 0.0039711 seconds
[GC pause (G1 Evacuation Pause) (mixed) 33M->31M(64M), 0.0045948 secs]
Application time: 0.0457317 seconds
[GC pause (G1 Evacuation Pause) (young) 52M->36M(64M), 0.0091250 secs]
Application time: 0.0367840 seconds
[GC pause (G1 Evacuation Pause) (young) (initial-mark) 52M->37M(64M), 0.0098970 secs]
[GC concurrent-root-region-scan-start]
[GC concurrent-root-region-scan-end, 0.0010584 secs]
[GC concurrent-mark-start]
Application time: 0.0541542 seconds
[GC pause (G1 Evacuation Pause) (young) 52M->38M(64M), 0.0066589 secs]
Application time: 0.0498136 seconds
[GC pause (G1 Evacuation Pause) (young) 53M->43M(64M), 0.0076201 secs]
[GC concurrent-mark-end, 0.1290170 secs]
Application time: 0.0035882 seconds
[GC remark, 0.0082242 secs]
Application time: 0.0000457 seconds
[GC cleanup 44M->39M(64M), 0.0002391 secs]
[GC concurrent-cleanup-start]
[GC concurrent-cleanup-end, 0.0000120 secs]
Application time: 0.0280541 seconds
[GC pause (G1 Evacuation Pause) (young) 46M->41M(64M), 0.0099185 secs]
Application time: 0.0028969 seconds
[GC pause (G1 Evacuation Pause) (mixed) 42M->40M(64M), 0.0147041 secs]
Application time: 0.0054794 seconds
[GC pause (G1 Evacuation Pause) (mixed) 42M->41M(64M), 0.0128084 secs]
Application time: 0.0369803 seconds
[GC pause (G1 Evacuation Pause) (young) 51M->42M(64M), 0.0048695 secs]
Application time: 0.0263679 seconds
[GC pause (G1 Evacuation Pause) (young) (initial-mark) 51M->44M(64M), 0.0045911 secs]
[GC concurrent-root-region-scan-start]
[GC concurrent-root-region-scan-end, 0.0019652 secs]
[GC concurrent-mark-start]
Application time: 0.0400954 seconds
[GC pause (G1 Evacuation Pause) (young) 52M->45M(64M), 0.0047105 secs]
Application time: 0.0278942 seconds
[GC pause (G1 Evacuation Pause) (young) 52M->47M(64M), 0.0054677 secs]
Application time: 0.0264534 seconds
[GC pause (G1 Evacuation Pause) (young) 52M->49M(64M), 0.0061233 secs]
[GC concurrent-mark-end, 0.1161062 secs]
Application time: 0.0069300 seconds
[GC remark, 0.0083805 secs]
Application time: 0.0021620 seconds
[GC cleanup 50M->43M(64M), 0.0002791 secs]
[GC concurrent-cleanup-start]
[GC concurrent-cleanup-end, 0.0000250 secs]
Application time: 0.0061649 seconds
[GC pause (G1 Evacuation Pause) (young) 46M->44M(64M), 0.0054452 secs]
Application time: 0.0064709 seconds
[GC pause (G1 Evacuation Pause) (mixed) 46M->41M(64M), 0.0072627 secs]
Application time: 0.0096573 seconds
[GC pause (G1 Evacuation Pause) (mixed) 43M->38M(64M), 0.0133865 secs]
Application time: 0.0283241 seconds
[GC pause (G1 Evacuation Pause) (young) 50M->38M(64M), 0.0092150 secs]
Application time: 0.0272592 seconds
[GC pause (G1 Evacuation Pause) (young) (initial-mark) 51M->38M(64M), 0.0018596 secs]
[GC concurrent-root-region-scan-start]
[GC concurrent-root-region-scan-end, 0.0009643 secs]
[GC concurrent-mark-start]
[GC concurrent-mark-end, 0.0539960 secs]
Application time: 0.0550583 seconds
[GC remark, 0.0072194 secs]
Application time: 0.0000394 seconds
[GC cleanup 47M->45M(64M), 0.0002581 secs]
[GC concurrent-cleanup-start]
[GC concurrent-cleanup-end, 0.0000106 secs]
Application time: 0.0170756 seconds
[GC pause (G1 Evacuation Pause) (young) 50M->36M(64M), 0.0020702 secs]
Application time: 0.0039761 seconds
[GC pause (G1 Evacuation Pause) (mixed) 38M->32M(64M), 0.0091904 secs]
Application time: 0.0039344 seconds
[GC pause (G1 Evacuation Pause) (mixed) 34M->30M(64M), 0.0106160 secs]
Application time: 0.0402067 seconds
[GC pause (G1 Evacuation Pause) (young) 52M->30M(64M), 0.0069979 secs]
Application time: 0.0457974 seconds
[GC pause (G1 Evacuation Pause) (young) (initial-mark) 53M->36M(64M), 0.0088493 secs]
[GC concurrent-root-region-scan-start]
[GC concurrent-root-region-scan-end, 0.0027564 secs]
[GC concurrent-mark-start]
Application time: 0.0780833 seconds
[GC pause (G1 Evacuation Pause) (young) 52M->38M(64M), 0.0111153 secs]
[GC concurrent-mark-end, 0.1124298 secs]
Application time: 0.0258817 seconds
[GC remark, 0.0078812 secs]
Application time: 0.0000398 seconds
[GC cleanup 46M->43M(64M), 0.0002727 secs]
[GC concurrent-cleanup-start]
[GC concurrent-cleanup-end, 0.0000158 secs]
Application time: 0.0304974 seconds
[GC pause (G1 Evacuation Pause) (young) 49M->37M(64M), 0.0104570 secs]
Application time: 0.0036537 seconds
[GC pause (G1 Evacuation Pause) (mixed) 38M->34M(64M), 0.0095995 secs]
Application time: 0.0383771 seconds
[GC pause (G1 Evacuation Pause) (young) 51M->37M(64M), 0.0120109 secs]
Application time: 0.0333584 seconds
[GC pause (G1 Evacuation Pause) (young) (initial-mark) 52M->42M(64M), 0.0100526 secs]
[GC concurrent-root-region-scan-start]
[GC concurrent-root-region-scan-end, 0.0023376 secs]
[GC concurrent-mark-start]
Application time: 0.0473198 seconds
[GC pause (G1 Evacuation Pause) (young) 52M->44M(64M), 0.0112550 secs]
Application time: 0.0455799 seconds
[GC pause (G1 Evacuation Pause) (young) 52M->45M(64M), 0.0068881 secs]
[GC concurrent-mark-end, 0.1226075 secs]
Application time: 0.0073593 seconds
[GC remark, 0.0073673 secs]
Application time: 0.0000387 seconds
[GC cleanup 47M->41M(64M), 0.0002511 secs]
[GC concurrent-cleanup-start]
[GC concurrent-cleanup-end, 0.0000140 secs]
Application time: 0.0163315 seconds
[GC pause (G1 Evacuation Pause) (young) 47M->41M(64M), 0.0059589 secs]
Application time: 0.0067567 seconds
[GC pause (G1 Evacuation Pause) (mixed) 42M->36M(64M), 0.0052314 secs]
Application time: 0.0093541 seconds
[GC pause (G1 Evacuation Pause) (mixed) 38M->32M(64M), 0.0116025 secs]
Application time: 0.0464474 seconds
[GC pause (G1 Evacuation Pause) (young) 51M->34M(64M), 0.0093600 secs]
Application time: 0.0386722 seconds
[GC pause (G1 Evacuation Pause) (young) (initial-mark) 52M->35M(64M), 0.0049101 secs]
[GC concurrent-root-region-scan-start]
[GC concurrent-root-region-scan-end, 0.0017293 secs]
[GC concurrent-mark-start]
Application time: 0.0593738 seconds
[GC pause (G1 Evacuation Pause) (young) 52M->36M(64M), 0.0046667 secs]
[GC concurrent-mark-end, 0.1051491 secs]
Application time: 0.0426867 seconds
[GC remark, 0.0079007 secs]
Application time: 0.0000594 seconds
[GC cleanup 50M->50M(64M), 0.0002630 secs]
Application time: 0.0064366 seconds
[GC pause (G1 Evacuation Pause) (young) 52M->40M(64M), 0.0059658 secs]
Application time: 0.0028695 seconds
[GC pause (G1 Evacuation Pause) (mixed) 41M->36M(64M), 0.0075479 secs]
Application time: 0.0050184 seconds
[GC pause (G1 Evacuation Pause) (mixed) 38M->36M(64M), 0.0080222 secs]
Application time: 0.0408331 seconds
[GC pause (G1 Evacuation Pause) (young) 52M->39M(64M), 0.0083439 secs]
Application time: 0.0372920 seconds
[GC pause (G1 Evacuation Pause) (young) (initial-mark) 53M->39M(64M), 0.0075991 secs]
[GC concurrent-root-region-scan-start]
[GC concurrent-root-region-scan-end, 0.0034621 secs]
[GC concurrent-mark-start]
Application time: 0.0574800 seconds
[GC pause (G1 Evacuation Pause) (young) 52M->42M(64M), 0.0090190 secs]
[GC concurrent-mark-end, 0.0883704 secs]
Application time: 0.0234796 seconds
[GC remark, 0.0084539 secs]
Application time: 0.0000368 seconds
[GC cleanup 46M->41M(64M), 0.0002605 secs]
[GC concurrent-cleanup-start]
[GC concurrent-cleanup-end, 0.0000301 secs]
Application time: 0.0179602 seconds
[GC pause (G1 Evacuation Pause) (young) 48M->40M(64M), 0.0108058 secs]
Application time: 0.0022826 seconds
[GC pause (G1 Evacuation Pause) (mixed) 41M->37M(64M), 0.0103370 secs]
Application time: 0.0043433 seconds
[GC pause (G1 Evacuation Pause) (mixed) 39M->36M(64M), 0.0098182 secs]
Application time: 0.0305933 seconds
[GC pause (G1 Evacuation Pause) (young) 51M->36M(64M), 0.0049003 secs]
Application time: 0.0322473 seconds
[GC pause (G1 Evacuation Pause) (young) (initial-mark) 52M->36M(64M), 0.0013631 secs]
[GC concurrent-root-region-scan-start]
[GC concurrent-root-region-scan-end, 0.0003393 secs]
[GC concurrent-mark-start]
Application time: 0.0594252 seconds
[GC pause (G1 Evacuation Pause) (young) 52M->41M(64M), 0.0080694 secs]
[GC concurrent-mark-end, 0.1164852 secs]
Application time: 0.0452377 seconds
[GC remark, 0.0085358 secs]
Application time: 0.0000431 seconds
[GC cleanup 50M->49M(64M), 0.0002715 secs]
[GC concurrent-cleanup-start]
[GC concurrent-cleanup-end, 0.0000084 secs]
Application time: 0.0041268 seconds
[GC pause (G1 Evacuation Pause) (young) 50M->42M(64M), 0.0090395 secs]
Application time: 0.0031818 seconds
[GC pause (G1 Evacuation Pause) (mixed) 43M->38M(64M), 0.0092651 secs]
Application time: 0.0057091 seconds
[GC pause (G1 Evacuation Pause) (mixed) 40M->37M(64M), 0.0091884 secs]
Application time: 0.0355277 seconds
[GC pause (G1 Evacuation Pause) (young) 51M->38M(64M), 0.0059969 secs]
Application time: 0.0330663 seconds
[GC pause (G1 Evacuation Pause) (young) (initial-mark) 53M->41M(64M), 0.0045730 secs]
[GC concurrent-root-region-scan-start]
[GC concurrent-root-region-scan-end, 0.0013605 secs]
[GC concurrent-mark-start]
Application time: 0.0593695 seconds
[GC pause (G1 Evacuation Pause) (young) 53M->43M(64M), 0.0069762 secs]
[GC concurrent-mark-end, 0.0914150 secs]
Application time: 0.0262865 seconds
[GC remark, 0.0072859 secs]
Application time: 0.0000415 seconds
[GC cleanup 48M->44M(64M), 0.0002501 secs]
[GC concurrent-cleanup-start]
[GC concurrent-cleanup-end, 0.0000137 secs]
Application time: 0.0188304 seconds
[GC pause (G1 Evacuation Pause) (young) 49M->40M(64M), 0.0056952 secs]
Application time: 0.0043245 seconds
[GC pause (G1 Evacuation Pause) (mixed) 42M->34M(64M), 0.0050222 secs]
Application time: 0.0043501 seconds
[GC pause (G1 Evacuation Pause) (mixed) 36M->33M(64M), 0.0062623 secs]
Application time: 0.0389362 seconds
[GC pause (G1 Evacuation Pause) (young) 52M->35M(64M), 0.0059677 secs]
Application time: 0.0375350 seconds
[GC pause (G1 Evacuation Pause) (young) (initial-mark) 52M->39M(64M), 0.0091499 secs]
[GC concurrent-root-region-scan-start]
[GC concurrent-root-region-scan-end, 0.0038682 secs]
[GC concurrent-mark-start]
Application time: 0.0707699 seconds
[GC pause (G1 Evacuation Pause) (young) 52M->41M(64M), 0.0108741 secs]
[GC concurrent-mark-end, 0.1167004 secs]
Application time: 0.0332575 seconds
[GC remark, 0.0078856 secs]
Application time: 0.0000510 seconds
[GC cleanup 49M->46M(64M), 0.0002332 secs]
[GC concurrent-cleanup-start]
[GC concurrent-cleanup-end, 0.0000111 secs]
Application time: 0.0132721 seconds
[GC pause (G1 Evacuation Pause) (young) 49M->38M(64M), 0.0078503 secs]
Application time: 0.0047500 seconds
[GC pause (G1 Evacuation Pause) (mixed) 40M->36M(64M), 0.0094321 secs]
Application time: 0.0036212 seconds
[GC pause (G1 Evacuation Pause) (mixed) 38M->35M(64M), 0.0103933 secs]
Application time: 0.0368677 seconds
[GC pause (G1 Evacuation Pause) (young) 52M->38M(64M), 0.0090546 secs]
Application time: 0.0313776 seconds
[GC pause (G1 Evacuation Pause) (young) (initial-mark) 53M->40M(64M), 0.0056468 secs]
[GC concurrent-root-region-scan-start]
[GC concurrent-root-region-scan-end, 0.0005059 secs]
[GC concurrent-mark-start]
Application time: 0.0578498 seconds
[GC pause (G1 Evacuation Pause) (young) 53M->39M(64M), 0.0043036 secs]
[GC concurrent-mark-end, 0.1116362 secs]
Application time: 0.0498494 seconds
[GC remark, 0.0075088 secs]
Application time: 0.0000403 seconds
[GC cleanup 53M->52M(64M), 0.0002571 secs]
[GC concurrent-cleanup-start]
[GC concurrent-cleanup-end, 0.0000093 secs]
Application time: 0.0008857 seconds
[GC pause (G1 Evacuation Pause) (young) 52M->39M(64M), 0.0015675 secs]
Application time: 0.0038689 seconds
[GC pause (G1 Evacuation Pause) (mixed) 41M->35M(64M), 0.0051588 secs]
Application time: 0.0041685 seconds
[GC pause (G1 Evacuation Pause) (mixed) 37M->34M(64M), 0.0120913 secs]
Application time: 0.0454900 seconds
[GC pause (G1 Evacuation Pause) (young) 53M->37M(64M), 0.0137942 secs]
Application time: 0.0363610 seconds
[GC pause (G1 Evacuation Pause) (young) (initial-mark) 52M->39M(64M), 0.0086699 secs]
[GC concurrent-root-region-scan-start]
[GC concurrent-root-region-scan-end, 0.0010060 secs]
[GC concurrent-mark-start]
Application time: 0.0485574 seconds
[GC pause (G1 Evacuation Pause) (young) 52M->39M(64M), 0.0065441 secs]
Application time: 0.0530243 seconds
[GC pause (G1 Evacuation Pause) (young) 54M->40M(64M), 0.0025059 secs]
[GC concurrent-mark-end, 0.1124901 secs]
Application time: 0.0026255 seconds
[GC remark, 0.0076595 secs]
Application time: 0.0000381 seconds
[GC cleanup 40M->37M(64M), 0.0002644 secs]
[GC concurrent-cleanup-start]
[GC concurrent-cleanup-end, 0.0000097 secs]
Application time: 0.0304359 seconds
[GC pause (G1 Evacuation Pause) (young) 51M->44M(64M), 0.0099041 secs]
Application time: 0.0054571 seconds
[GC pause (G1 Evacuation Pause) (mixed) 45M->40M(64M), 0.0113607 secs]
Application time: 0.0084556 seconds
[GC pause (G1 Evacuation Pause) (mixed) 42M->38M(64M), 0.0099028 secs]
Application time: 0.0424329 seconds
[GC pause (G1 Evacuation Pause) (young) 50M->40M(64M), 0.0062974 secs]
Application time: 0.0316233 seconds
[GC pause (G1 Evacuation Pause) (young) (initial-mark) 51M->42M(64M), 0.0063178 secs]
[GC concurrent-root-region-scan-start]
[GC concurrent-root-region-scan-end, 0.0025363 secs]
[GC concurrent-mark-start]
Application time: 0.0457560 seconds
[GC pause (G1 Evacuation Pause) (young) 52M->43M(64M), 0.0063714 secs]
Application time: 0.0427180 seconds
[GC pause (G1 Evacuation Pause) (young) 52M->45M(64M), 0.0063750 secs]
[GC concurrent-mark-end, 0.1201365 secs]
Application time: 0.0171132 seconds
[GC remark, 0.0083861 secs]
Application time: 0.0000380 seconds
[GC cleanup 50M->45M(64M), 0.0002899 secs]
[GC concurrent-cleanup-start]
[GC concurrent-cleanup-end, 0.0000132 secs]
Application time: 0.0090202 seconds
[GC pause (G1 Evacuation Pause) (young) 47M->42M(64M), 0.0062750 secs]
Application time: 0.0018159 seconds
[GC pause (G1 Evacuation Pause) (mixed) 43M->40M(64M), 0.0137842 secs]
Application time: 0.0048536 seconds
[GC pause (G1 Evacuation Pause) (mixed) 42M->37M(64M), 0.0133117 secs]
Application time: 0.0322690 seconds
[GC pause (G1 Evacuation Pause) (young) 51M->38M(64M), 0.0084951 secs]
Application time: 0.0285274 seconds
[GC pause (G1 Evacuation Pause) (young) (initial-mark) 52M->37M(64M), 0.0026685 secs]
[GC concurrent-root-region-scan-start]
[GC concurrent-root-region-scan-end, 0.0018824 secs]
[GC concurrent-mark-start]
Application time: 0.0597333 seconds
[GC pause (G1 Evacuation Pause) (young) 51M->38M(64M), 0.0027764 secs]
[GC concurrent-mark-end, 0.1073949 secs]
Application time: 0.0426319 seconds
[GC remark, 0.0085399 secs]
Application time: 0.0000621 seconds
[GC cleanup 49M->47M(64M), 0.0002621 secs]
[GC concurrent-cleanup-start]
[GC concurrent-cleanup-end, 0.0000103 secs]
Application time: 0.0083911 seconds
[GC pause (G1 Evacuation Pause) (young) 51M->35M(64M), 0.0030592 secs]
Application time: 0.0021596 seconds
[GC pause (G1 Evacuation Pause) (mixed) 36M->31M(64M), 0.0062324 secs]
Application time: 0.0040927 seconds
[GC pause (G1 Evacuation Pause) (mixed) 33M->30M(64M), 0.0074007 secs]
Application time: 0.0402201 seconds
[GC pause (G1 Evacuation Pause) (young) 51M->34M(64M), 0.0080031 secs]
Application time: 0.0347420 seconds
[GC pause (G1 Evacuation Pause) (young) (initial-mark) 51M->37M(64M), 0.0087305 secs]
[GC concurrent-root-region-scan-start]
[GC concurrent-root-region-scan-end, 0.0039019 secs]
[GC concurrent-mark-start]
Application time: 0.0589658 seconds
[GC pause (G1 Evacuation Pause) (young) 52M->38M(64M), 0.0066002 secs]
[GC concurrent-mark-end, 0.1021428 secs]
Application time: 0.0403817 seconds
[GC remark, 0.0078127 secs]
Application time: 0.0000401 seconds
[GC cleanup 50M->45M(64M), 0.0002571 secs]
[GC concurrent-cleanup-start]
[GC concurrent-cleanup-end, 0.0000134 secs]
Application time: 0.0051660 seconds
[GC pause (G1 Evacuation Pause) (young) 47M->37M(64M), 0.0088658 secs]
Application time: 0.0033197 seconds
[GC pause (G1 Evacuation Pause) (mixed) 38M->35M(64M), 0.0051850 secs]
Application time: 0.0544233 seconds
[GC pause (G1 Evacuation Pause) (young) 52M->41M(64M), 0.0125413 secs]
Application time: 0.0332182 seconds
[GC pause (G1 Evacuation Pause) (young) (initial-mark) 52M->43M(64M), 0.0132017 secs]
[GC concurrent-root-region-scan-start]
[GC concurrent-root-region-scan-end, 0.0067010 secs]
[GC concurrent-mark-start]
Application time: 0.0437071 seconds
[GC pause (G1 Evacuation Pause) (young) 52M->46M(64M), 0.0097291 secs]
Application time: 0.0433410 seconds
[GC pause (G1 Evacuation Pause) (young) 53M->48M(64M), 0.0086547 secs]
[GC concurrent-mark-end, 0.1189433 secs]
Application time: 0.0160273 seconds
[GC remark, 0.0073095 secs]
Application time: 0.0000445 seconds
[GC cleanup 52M->49M(64M), 0.0002648 secs]
[GC concurrent-cleanup-start]
[GC concurrent-cleanup-end, 0.0000103 secs]
Application time: 0.0017452 seconds
[GC pause (G1 Evacuation Pause) (young) 49M->46M(64M), 0.0061524 secs]
Application time: 0.0056501 seconds
[GC pause (G1 Evacuation Pause) (mixed) 48M->40M(64M), 0.0045987 secs]
Application time: 0.0057182 seconds
[GC pause (G1 Evacuation Pause) (mixed) 42M->36M(64M), 0.0074987 secs]
Application time: 0.0054296 seconds
[GC pause (G1 Evacuation Pause) (mixed) 38M->34M(64M), 0.0078449 secs]
Application time: 0.0379689 seconds
[GC pause (G1 Evacuation Pause) (young) 50M->34M(64M), 0.0047785 secs]
Application time: 0.0361908 seconds
[GC pause (G1 Evacuation Pause) (young) (initial-mark) 51M->35M(64M), 0.0015140 secs]
[GC concurrent-root-region-scan-start]
[GC concurrent-root-region-scan-end, 0.0004559 secs]
[GC concurrent-mark-start]
Application time: 0.0696982 seconds
[GC pause (G1 Evacuation Pause) (young) 53M->34M(64M), 0.0015456 secs]
[GC concurrent-mark-end, 0.1110827 secs]
Application time: 0.0361789 seconds
[GC remark, 0.0078046 secs]
Application time: 0.0000407 seconds
[GC cleanup 45M->44M(64M), 0.0002703 secs]
[GC concurrent-cleanup-start]
[GC concurrent-cleanup-end, 0.0000085 secs]
Application time: 0.0126168 seconds
[GC pause (G1 Evacuation Pause) (young) 51M->34M(64M), 0.0015455 secs]
Application time: 0.0071785 seconds
[GC pause (G1 Evacuation Pause) (mixed) 36M->29M(64M), 0.0063902 secs]
Application time: 0.0044808 seconds
[GC pause (G1 Evacuation Pause) (mixed) 31M->29M(64M), 0.0069006 secs]
Application time: 0.0375480 seconds
[GC pause (G1 Evacuation Pause) (young) 52M->30M(64M), 0.0028318 secs]
Application time: 0.0391753 seconds
[GC pause (G1 Evacuation Pause) (young) (initial-mark) 54M->31M(64M), 0.0026793 secs]
[GC concurrent-root-region-scan-start]
[GC concurrent-root-region-scan-end, 0.0011498 secs]
[GC concurrent-mark-start]
Application time: 0.1046718 seconds
[GC pause (G1 Evacuation Pause) (young)-- 54M->59M(64M), 0.0605838 secs]
[GC concurrent-mark-end, 0.1683481 secs]
Application time: 0.0040989 seconds
[GC remark, 0.0079436 secs]
Application time: 0.0013832 seconds
[GC cleanup 60M->60M(64M), 0.0002366 secs]
Application time: 0.0002245 seconds
[GC pause (G1 Evacuation Pause) (young)-- 60M->62M(64M), 0.0275923 secs]
Application time: 0.0027204 seconds
[GC pause (G1 Evacuation Pause) (mixed)-- 63M->63M(64M), 0.0351755 secs]
Application time: 0.0000455 seconds
[GC pause (G1 Evacuation Pause) (young) 63M->63M(64M), 0.0043772 secs]
Application time: 0.0000365 seconds
[Full GC (Allocation Failure)  63M->25M(64M), 0.1131945 secs]
Application time: 0.0733606 seconds
[GC pause (G1 Evacuation Pause) (young) 47M->29M(64M), 0.0067013 secs]
Application time: 0.0571268 seconds
[GC pause (G1 Evacuation Pause) (young) 48M->32M(64M), 0.0080707 secs]
Application time: 0.0439814 seconds
[GC pause (G1 Evacuation Pause) (young) (initial-mark) 49M->33M(64M), 0.0076723 secs]
[GC concurrent-root-region-scan-start]
[GC concurrent-root-region-scan-end, 0.0005500 secs]
[GC concurrent-mark-start]
Application time: 0.0782297 seconds
[GC pause (G1 Evacuation Pause) (young) 50M->33M(64M), 0.0041540 secs]
[GC concurrent-mark-end, 0.0956243 secs]
Application time: 0.0136891 seconds
[GC remark, 0.0082150 secs]
Application time: 0.0000704 seconds
[GC cleanup 35M->33M(64M), 0.0002227 secs]
[GC concurrent-cleanup-start]
[GC concurrent-cleanup-end, 0.0000114 secs]
Application time: 0.0353943 seconds
[GC pause (G1 Evacuation Pause) (young) 49M->31M(64M), 0.0016428 secs]
Application time: 0.0043436 seconds
[GC pause (G1 Evacuation Pause) (mixed) 33M->28M(64M), 0.0031388 secs]
Application time: 0.0412898 seconds
[GC pause (G1 Evacuation Pause) (young) 50M->28M(64M), 0.0026520 secs]
Application time: 0.0402166 seconds
[GC pause (G1 Evacuation Pause) (young) (initial-mark) 51M->28M(64M), 0.0017550 secs]
[GC concurrent-root-region-scan-start]
[GC concurrent-root-region-scan-end, 0.0005617 secs]
[GC concurrent-mark-start]
Application time: 0.0905228 seconds
[GC pause (G1 Evacuation Pause) (young) 51M->34M(64M), 0.0097080 secs]
[GC concurrent-mark-end, 0.1132626 secs]
Application time: 0.0133916 seconds
[GC remark, 0.0076398 secs]
Application time: 0.0000534 seconds
[GC cleanup 37M->37M(64M), 0.0002470 secs]
Application time: 0.0334099 seconds
[GC pause (G1 Evacuation Pause) (young) 51M->36M(64M), 0.0098481 secs]
Application time: 0.0326154 seconds
[GC pause (G1 Evacuation Pause) (young) 51M->41M(64M), 0.0116980 secs]
Application time: 0.0270010 seconds
[GC pause (G1 Evacuation Pause) (young) (initial-mark) 51M->46M(64M), 0.0165766 secs]
[GC concurrent-root-region-scan-start]
[GC concurrent-root-region-scan-end, 0.0121467 secs]
[GC concurrent-mark-start]
Application time: 0.0342098 seconds
[GC pause (G1 Evacuation Pause) (young) 51M->47M(64M), 0.0145790 secs]
[GC concurrent-mark-end, 0.0792042 secs]
Application time: 0.0384473 seconds
[GC remark, 0.0077961 secs]
Application time: 0.0000500 seconds
[GC cleanup 51M->41M(64M), 0.0002698 secs]
[GC concurrent-cleanup-start]
[GC concurrent-cleanup-end, 0.0000327 secs]
Application time: 0.0034743 seconds
[GC pause (G1 Evacuation Pause) (young) 42M->38M(64M), 0.0059426 secs]
Application time: 0.0068232 seconds
[GC pause (G1 Evacuation Pause) (mixed) 40M->32M(64M), 0.0026952 secs]
Application time: 0.0094125 seconds
[GC pause (G1 Evacuation Pause) (mixed) 34M->32M(64M), 0.0043726 secs]
Application time: 0.0519750 seconds
[GC pause (G1 Evacuation Pause) (young) 50M->36M(64M), 0.0078625 secs]
Application time: 0.0357286 seconds
[GC pause (G1 Evacuation Pause) (young) (initial-mark) 50M->38M(64M), 0.0080357 secs]
[GC concurrent-root-region-scan-start]
[GC concurrent-root-region-scan-end, 0.0018315 secs]
[GC concurrent-mark-start]
Application time: 0.0621295 seconds
[GC pause (G1 Evacuation Pause) (young) 51M->39M(64M), 0.0062447 secs]
Application time: 0.0516792 seconds
[GC concurrent-mark-end, 0.1184658 secs]
[GC pause (G1 Evacuation Pause) (young) 52M->39M(64M), 0.0030612 secs]
Application time: 0.0000503 seconds
[GC remark, 0.0096947 secs]
Application time: 0.0000370 seconds
[GC cleanup 39M->36M(64M), 0.0002386 secs]
[GC concurrent-cleanup-start]
[GC concurrent-cleanup-end, 0.0000131 secs]
Application time: 0.0262634 seconds
[GC pause (G1 Evacuation Pause) (young) 49M->36M(64M), 0.0013773 secs]
Application time: 0.0040628 seconds
[GC pause (G1 Evacuation Pause) (mixed) 38M->31M(64M), 0.0040343 secs]
Application time: 0.0040653 seconds
[GC pause (G1 Evacuation Pause) (mixed) 33M->30M(64M), 0.0046324 secs]
Application time: 0.0491787 seconds
[GC pause (G1 Evacuation Pause) (young) 52M->30M(64M), 0.0028744 secs]
Application time: 0.0378263 seconds
[GC pause (G1 Evacuation Pause) (young) (initial-mark) 52M->30M(64M), 0.0015632 secs]
[GC concurrent-root-region-scan-start]
[GC concurrent-root-region-scan-end, 0.0004017 secs]
[GC concurrent-mark-start]
[GC concurrent-mark-end, 0.0565257 secs]
Application time: 0.0570248 seconds
[GC remark, 0.0079892 secs]
Application time: 0.0018376 seconds
[GC cleanup 42M->42M(64M), 0.0002592 secs]
Application time: 0.0228295 seconds
[GC pause (G1 Evacuation Pause) (young) 53M->36M(64M), 0.0094852 secs]
Application time: 0.0022642 seconds
[GC pause (G1 Evacuation Pause) (mixed) 37M->35M(64M), 0.0108647 secs]
Application time: 0.0376893 seconds
[GC pause (G1 Evacuation Pause) (young) 51M->37M(64M), 0.0104913 secs]
Application time: 0.0404181 seconds
[GC pause (G1 Evacuation Pause) (young) (initial-mark) 52M->42M(64M), 0.0119073 secs]
[GC concurrent-root-region-scan-start]
[GC concurrent-root-region-scan-end, 0.0036602 secs]
[GC concurrent-mark-start]
Application time: 0.0670329 seconds
[GC pause (G1 Evacuation Pause) (young) 52M->44M(64M), 0.0126374 secs]
[GC concurrent-mark-end, 0.0951578 secs]
Application time: 0.0190087 seconds
[GC remark, 0.0095066 secs]
Application time: 0.0035686 seconds
[GC cleanup 47M->40M(64M), 0.0002738 secs]
[GC concurrent-cleanup-start]
[GC concurrent-cleanup-end, 0.0000224 secs]
Application time: 0.0193671 seconds
[GC pause (G1 Evacuation Pause) (young) 45M->41M(64M), 0.0123180 secs]
Application time: 0.0036968 seconds
[GC pause (G1 Evacuation Pause) (mixed) 42M->38M(64M), 0.0116484 secs]
Application time: 0.0055555 seconds
[GC pause (G1 Evacuation Pause) (mixed) 40M->36M(64M), 0.0110732 secs]
Application time: 0.0396164 seconds
[GC pause (G1 Evacuation Pause) (young) 50M->38M(64M), 0.0062806 secs]
Application time: 0.0361261 seconds
[GC pause (G1 Evacuation Pause) (young) (initial-mark) 51M->40M(64M), 0.0044022 secs]
[GC concurrent-root-region-scan-start]
[GC concurrent-root-region-scan-end, 0.0005482 secs]
[GC concurrent-mark-start]
Application time: 0.0568118 seconds
[GC pause (G1 Evacuation Pause) (young) 52M->39M(64M), 0.0035334 secs]
[GC concurrent-mark-end, 0.0996637 secs]
Application time: 0.0397887 seconds
[GC remark, 0.0078205 secs]
Application time: 0.0000491 seconds
[GC cleanup 49M->46M(64M), 0.0002757 secs]
[GC concurrent-cleanup-start]
[GC concurrent-cleanup-end, 0.0000165 secs]
Application time: 0.0072636 seconds
[GC pause (G1 Evacuation Pause) (young) 49M->36M(64M), 0.0014096 secs]
Application time: 0.0044283 seconds
[GC pause (G1 Evacuation Pause) (mixed) 38M->31M(64M), 0.0041814 secs]
Application time: 0.0046724 seconds
[GC pause (G1 Evacuation Pause) (mixed) 33M->30M(64M), 0.0061964 secs]
Application time: 0.0429683 seconds
[GC pause (G1 Evacuation Pause) (young) 51M->31M(64M), 0.0037184 secs]
Application time: 0.0346880 seconds
[GC pause (G1 Evacuation Pause) (young) (initial-mark) 52M->30M(64M), 0.0017143 secs]
[GC concurrent-root-region-scan-start]
[GC concurrent-root-region-scan-end, 0.0004986 secs]
[GC concurrent-mark-start]
Application time: 0.0727192 seconds
[GC pause (G1 Evacuation Pause) (young) 52M->31M(64M), 0.0016004 secs]
[GC concurrent-mark-end, 0.1112704 secs]
Application time: 0.0373673 seconds
[GC remark, 0.0077890 secs]
Application time: 0.0000494 seconds
[GC cleanup 44M->44M(64M), 0.0002162 secs]
Application time: 0.0156163 seconds
[GC pause (G1 Evacuation Pause) (young) 53M->34M(64M), 0.0038226 secs]
Application time: 0.0019541 seconds
[GC pause (G1 Evacuation Pause) (mixed) 35M->33M(64M), 0.0065828 secs]
Application time: 0.0433045 seconds
[GC pause (G1 Evacuation Pause) (young) 52M->42M(64M), 0.0156863 secs]
Application time: 0.0396594 seconds
[GC pause (G1 Evacuation Pause) (young) (initial-mark) 52M->43M(64M), 0.0154637 secs]
[GC concurrent-root-region-scan-start]
[GC concurrent-root-region-scan-end, 0.0072441 secs]
[GC concurrent-mark-start]
Application time: 0.0543800 seconds
[GC pause (G1 Evacuation Pause) (young) 52M->45M(64M), 0.0098577 secs]
Application time: 0.0301736 seconds
[GC pause (G1 Evacuation Pause) (young) 52M->48M(64M), 0.0090665 secs]
[GC concurrent-mark-end, 0.1157546 secs]
Application time: 0.0167498 seconds
[GC remark, 0.0077164 secs]
Application time: 0.0000459 seconds
[GC cleanup 50M->43M(64M), 0.0002581 secs]
[GC concurrent-cleanup-start]
[GC concurrent-cleanup-end, 0.0000137 secs]
Application time: 0.0183543 seconds
[GC pause (G1 Evacuation Pause) (young) 46M->45M(64M), 0.0108349 secs]
Application time: 0.0027617 seconds
[GC pause (G1 Evacuation Pause) (mixed) 47M->41M(64M), 0.0102842 secs]
Application time: 0.0060368 seconds
[GC pause (G1 Evacuation Pause) (mixed) 43M->41M(64M), 0.0117196 secs]
Application time: 0.0290640 seconds
[GC pause (G1 Evacuation Pause) (young) 50M->43M(64M), 0.0100986 secs]
Application time: 0.0219372 seconds
[GC pause (G1 Evacuation Pause) (young) (initial-mark) 51M->45M(64M), 0.0051199 secs]
[GC concurrent-root-region-scan-start]
[GC concurrent-root-region-scan-end, 0.0004346 secs]
[GC concurrent-mark-start]
Application time: 0.0514571 seconds
[GC pause (G1 Evacuation Pause) (young) 52M->44M(64M), 0.0048097 secs]
[GC concurrent-mark-end, 0.0597279 secs]
Application time: 0.0067578 seconds
[GC remark, 0.0082961 secs]
Application time: 0.0000441 seconds
[GC cleanup 46M->41M(64M), 0.0002347 secs]
[GC concurrent-cleanup-start]
[GC concurrent-cleanup-end, 0.0000116 secs]
Application time: 0.0231272 seconds
[GC pause (G1 Evacuation Pause) (young) 47M->39M(64M), 0.0012695 secs]
Application time: 0.0046975 seconds
[GC pause (G1 Evacuation Pause) (mixed) 41M->34M(64M), 0.0039616 secs]
Application time: 0.0047650 seconds
[GC pause (G1 Evacuation Pause) (mixed) 36M->30M(64M), 0.0069979 secs]
Application time: 0.0044616 seconds
[GC pause (G1 Evacuation Pause) (mixed) 32M->29M(64M), 0.0061551 secs]
Application time: 0.0468570 seconds
[GC pause (G1 Evacuation Pause) (young) 50M->29M(64M), 0.0022297 secs]
Application time: 0.0427539 seconds
[GC pause (G1 Evacuation Pause) (young) (initial-mark) 50M->30M(64M), 0.0017253 secs]
[GC concurrent-root-region-scan-start]
[GC concurrent-root-region-scan-end, 0.0004748 secs]
[GC concurrent-mark-start]
[GC concurrent-mark-end, 0.0544471 secs]
Application time: 0.0550247 seconds
[GC remark, 0.0078266 secs]
Application time: 0.0000472 seconds
[GC cleanup 40M->40M(64M), 0.0002267 secs]
Application time: 0.0209532 seconds
[GC pause (G1 Evacuation Pause) (young) 52M->29M(64M), 0.0014632 secs]
Application time: 0.0038225 seconds
[GC pause (G1 Evacuation Pause) (mixed) 31M->29M(64M), 0.0035974 secs]
Application time: 0.0374158 seconds
[GC pause (G1 Evacuation Pause) (young) 52M->29M(64M), 0.0033889 secs]
Application time: 0.0397851 seconds
[GC pause (G1 Evacuation Pause) (young) (initial-mark) 52M->36M(64M), 0.0088619 secs]
[GC concurrent-root-region-scan-start]
[GC concurrent-root-region-scan-end, 0.0026192 secs]
[GC concurrent-mark-start]
Application time: 0.0837164 seconds
[GC pause (G1 Evacuation Pause) (young) 51M->42M(64M), 0.0224273 secs]
[GC concurrent-mark-end, 0.1386708 secs]
Application time: 0.0288372 seconds
[GC remark, 0.0088009 secs]
Application time: 0.0000683 seconds
[GC cleanup 46M->45M(64M), 0.0002725 secs]
[GC concurrent-cleanup-start]
[GC concurrent-cleanup-end, 0.0000152 secs]
Application time: 0.0248812 seconds
[GC pause (G1 Evacuation Pause) (young) 51M->44M(64M), 0.0167672 secs]
Application time: 0.0029218 seconds
[GC pause (G1 Evacuation Pause) (mixed) 45M->39M(64M), 0.0121699 secs]
Application time: 0.0372416 seconds
[GC pause (G1 Evacuation Pause) (young) 51M->43M(64M), 0.0129671 secs]
Application time: 0.0249836 seconds
[GC pause (G1 Evacuation Pause) (young) (initial-mark) 51M->47M(64M), 0.0131435 secs]
[GC concurrent-root-region-scan-start]
[GC concurrent-root-region-scan-end, 0.0053629 secs]
[GC concurrent-mark-start]
Application time: 0.0285078 seconds
[GC pause (G1 Evacuation Pause) (young) 52M->49M(64M), 0.0121321 secs]
Application time: 0.0146550 seconds
[GC pause (G1 Evacuation Pause) (young) 52M->50M(64M), 0.0052495 secs]
Application time: 0.0166254 seconds
[GC pause (G1 Evacuation Pause) (young) 53M->50M(64M), 0.0023781 secs]
Application time: 0.0210218 seconds
[GC pause (G1 Evacuation Pause) (young) 53M->50M(64M), 0.0012437 secs]
[GC concurrent-mark-end, 0.0986468 secs]
Application time: 0.0017475 seconds
[GC remark, 0.0082236 secs]
Application time: 0.0000519 seconds
[GC cleanup 50M->43M(64M), 0.0003238 secs]
[GC concurrent-cleanup-start]
[GC concurrent-cleanup-end, 0.0000207 secs]
Application time: 0.0103295 seconds
[GC pause (G1 Evacuation Pause) (young) 46M->43M(64M), 0.0015125 secs]
Application time: 0.0069520 seconds
[GC pause (G1 Evacuation Pause) (mixed) 45M->37M(64M), 0.0033944 secs]
Application time: 0.0084741 seconds
[GC pause (G1 Evacuation Pause) (mixed) 39M->33M(64M), 0.0086303 secs]
Application time: 0.0073237 seconds
[GC pause (G1 Evacuation Pause) (mixed) 35M->32M(64M), 0.0105598 secs]
Application time: 0.0559599 seconds
[GC pause (G1 Evacuation Pause) (young) 50M->32M(64M), 0.0052386 secs]
Application time: 0.0399324 seconds
[GC pause (G1 Evacuation Pause) (young) (initial-mark) 51M->32M(64M), 0.0017887 secs]
[GC concurrent-root-region-scan-start]
[GC concurrent-root-region-scan-end, 0.0006333 secs]
[GC concurrent-mark-start]
Application time: 0.0759457 seconds
[GC pause (G1 Evacuation Pause) (young) 52M->32M(64M), 0.0017104 secs]
[GC concurrent-mark-end, 0.1031990 secs]
Application time: 0.0260269 seconds
[GC remark, 0.0088728 secs]
Application time: 0.0000612 seconds
[GC cleanup 42M->41M(64M), 0.0002635 secs]
[GC concurrent-cleanup-start]
[GC concurrent-cleanup-end, 0.0000098 secs]
Application time: 0.0226082 seconds
[GC pause (G1 Evacuation Pause) (young) 51M->32M(64M), 0.0018808 secs]
Application time: 0.0036264 seconds
[GC pause (G1 Evacuation Pause) (mixed) 34M->29M(64M), 0.0057613 secs]
Application time: 0.0385449 seconds
[GC pause (G1 Evacuation Pause) (young) 53M->29M(64M), 0.0045835 secs]
Application time: 0.0434131 seconds
[GC pause (G1 Evacuation Pause) (young) (initial-mark) 53M->36M(64M), 0.0099147 secs]
[GC concurrent-root-region-scan-start]
[GC concurrent-root-region-scan-end, 0.0031012 secs]
[GC concurrent-mark-start]
Application time: 0.0801013 seconds
[GC pause (G1 Evacuation Pause) (young) 51M->42M(64M), 0.0224893 secs]
[GC concurrent-mark-end, 0.1180960 secs]
Application time: 0.0142709 seconds
[GC remark, 0.0092369 secs]
Application time: 0.0096381 seconds
[GC cleanup 45M->43M(64M), 0.0003004 secs]
[GC concurrent-cleanup-start]
[GC concurrent-cleanup-end, 0.0000155 secs]
Application time: 0.0247937 seconds
[GC pause (G1 Evacuation Pause) (young) 51M->42M(64M), 0.0158942 secs]
Application time: 0.0040556 seconds
[GC pause (G1 Evacuation Pause) (mixed) 43M->38M(64M), 0.0114033 secs]
Application time: 0.0050982 seconds
[GC pause (G1 Evacuation Pause) (mixed) 40M->39M(64M), 0.0095781 secs]
Application time: 0.0342599 seconds
[GC pause (G1 Evacuation Pause) (young) 51M->44M(64M), 0.0104032 secs]
Application time: 0.0204750 seconds
[GC pause (G1 Evacuation Pause) (young) (initial-mark) 51M->46M(64M), 0.0088517 secs]
[GC concurrent-root-region-scan-start]
[GC concurrent-root-region-scan-end, 0.0018970 secs]
[GC concurrent-mark-start]
Application time: 0.0352835 seconds
[GC pause (G1 Evacuation Pause) (young) 52M->47M(64M), 0.0139766 secs]
Application time: 0.0254353 seconds
[GC pause (G1 Evacuation Pause) (young) 53M->47M(64M), 0.0053085 secs]
Application time: 0.0315077 seconds
[GC pause (G1 Evacuation Pause) (young) 53M->47M(64M), 0.0033449 secs]
Application time: 0.0241146 seconds
[GC concurrent-mark-end, 0.1495203 secs]
[GC pause (G1 Evacuation Pause) (young) 53M->47M(64M), 0.0039782 secs]
Application time: 0.0001641 seconds
[GC remark, 0.0107862 secs]
Application time: 0.0000289 seconds
[GC cleanup 47M->37M(64M), 0.0002745 secs]
[GC concurrent-cleanup-start]
[GC concurrent-cleanup-end, 0.0000280 secs]
Application time: 0.0137591 seconds
[GC pause (G1 Evacuation Pause) (young) 43M->37M(64M), 0.0020395 secs]
Application time: 0.0044736 seconds
[GC pause (G1 Evacuation Pause) (mixed) 39M->32M(64M), 0.0041913 secs]
Application time: 0.0044954 seconds
[GC pause (G1 Evacuation Pause) (mixed) 34M->32M(64M), 0.0042777 secs]
Application time: 0.0404416 seconds
[GC pause (G1 Evacuation Pause) (young) 51M->32M(64M), 0.0027500 secs]
Application time: 0.0381853 seconds
[GC pause (G1 Evacuation Pause) (young) (initial-mark) 51M->32M(64M), 0.0020431 secs]
[GC concurrent-root-region-scan-start]
[GC concurrent-root-region-scan-end, 0.0007817 secs]
[GC concurrent-mark-start]
Application time: 0.0643897 seconds
[GC pause (G1 Evacuation Pause) (young) 52M->32M(64M), 0.0023599 secs]
[GC concurrent-mark-end, 0.1085790 secs]
Application time: 0.0384879 seconds
[GC remark, 0.0085856 secs]
Application time: 0.0000475 seconds
[GC cleanup 44M->44M(64M), 0.0002654 secs]
[GC concurrent-cleanup-start]
[GC concurrent-cleanup-end, 0.0000080 secs]
Application time: 0.0136643 seconds
[GC pause (G1 Evacuation Pause) (young) 52M->32M(64M), 0.0021858 secs]
Application time: 0.0035131 seconds
[GC pause (G1 Evacuation Pause) (mixed) 34M->29M(64M), 0.0060428 secs]
Application time: 0.0399694 seconds
[GC pause (G1 Evacuation Pause) (young) 53M->34M(64M), 0.0092487 secs]
Application time: 0.0403882 seconds
[GC pause (G1 Evacuation Pause) (young) (initial-mark) 51M->40M(64M), 0.0139384 secs]
[GC concurrent-root-region-scan-start]
[GC concurrent-root-region-scan-end, 0.0134474 secs]
[GC concurrent-mark-start]
Application time: 0.0620869 seconds
[GC pause (G1 Evacuation Pause) (young) 51M->43M(64M), 0.0139548 secs]
Application time: 0.0482330 seconds
[GC pause (G1 Evacuation Pause) (young) 52M->47M(64M), 0.0159295 secs]
[GC concurrent-mark-end, 0.1420751 secs]
Application time: 0.0110358 seconds
[GC remark, 0.0089852 secs]
Application time: 0.0000423 seconds
[GC cleanup 49M->42M(64M), 0.0002816 secs]
[GC concurrent-cleanup-start]
[GC concurrent-cleanup-end, 0.0000179 secs]
Application time: 0.0111592 seconds
[GC pause (G1 Evacuation Pause) (young) 45M->42M(64M), 0.0115653 secs]
Application time: 0.0062332 seconds
[GC pause (G1 Evacuation Pause) (mixed) 44M->37M(64M), 0.0069487 secs]
Application time: 0.0053196 seconds
[GC pause (G1 Evacuation Pause) (mixed) 39M->37M(64M), 0.0054775 secs]
Application time: 0.0335208 seconds
[GC pause (G1 Evacuation Pause) (young) 49M->39M(64M), 0.0038997 secs]
Application time: 0.0295556 seconds
[GC pause (G1 Evacuation Pause) (young) (initial-mark) 51M->41M(64M), 0.0073728 secs]
[GC concurrent-root-region-scan-start]
[GC concurrent-root-region-scan-end, 0.0018930 secs]
[GC concurrent-mark-start]
Application time: 0.0437264 seconds
[GC pause (G1 Evacuation Pause) (young) 51M->44M(64M), 0.0084003 secs]
Application time: 0.0412083 seconds
[GC pause (G1 Evacuation Pause) (young) 53M->44M(64M), 0.0052365 secs]
Application time: 0.0309754 seconds
[GC pause (G1 Evacuation Pause) (young) 52M->44M(64M), 0.0032083 secs]
[GC concurrent-mark-end, 0.1328671 secs]
Application time: 0.0019640 seconds
[GC remark, 0.0084869 secs]
Application time: 0.0000431 seconds
[GC cleanup 44M->39M(64M), 0.0002941 secs]
[GC concurrent-cleanup-start]
[GC concurrent-cleanup-end, 0.0000174 secs]
Application time: 0.0190379 seconds
[GC pause (G1 Evacuation Pause) (young) 48M->39M(64M), 0.0017536 secs]
Application time: 0.0070300 seconds
[GC pause (G1 Evacuation Pause) (mixed) 41M->34M(64M), 0.0043559 secs]
Application time: 0.0042351 seconds
[GC pause (G1 Evacuation Pause) (mixed) 36M->33M(64M), 0.0054163 secs]
Application time: 0.0340688 seconds
[GC pause (G1 Evacuation Pause) (young) 51M->33M(64M), 0.0028740 secs]
Application time: 0.0344514 seconds
[GC pause (G1 Evacuation Pause) (young) (initial-mark) 52M->33M(64M), 0.0019654 secs]
[GC concurrent-root-region-scan-start]
[GC concurrent-root-region-scan-end, 0.0003503 secs]
[GC concurrent-mark-start]
Application time: 0.0649914 seconds
[GC pause (G1 Evacuation Pause) (young) 52M->37M(64M), 0.0047462 secs]
[GC concurrent-mark-end, 0.1157609 secs]
Application time: 0.0463036 seconds
[GC remark, 0.0087458 secs]
Application time: 0.0000452 seconds
[GC cleanup 50M->49M(64M), 0.0002979 secs]
[GC concurrent-cleanup-start]
[GC concurrent-cleanup-end, 0.0000113 secs]
Application time: 0.0057224 seconds
[GC pause (G1 Evacuation Pause) (young) 52M->38M(64M), 0.0064896 secs]
Application time: 0.0021028 seconds
[GC pause (G1 Evacuation Pause) (mixed) 39M->36M(64M), 0.0109215 secs]
Application time: 0.0409227 seconds
[GC pause (G1 Evacuation Pause) (young) 53M->36M(64M), 0.0126733 secs]
Application time: 0.0357822 seconds
[GC pause (G1 Evacuation Pause) (young) (initial-mark) 52M->41M(64M), 0.0087653 secs]
[GC concurrent-root-region-scan-start]
[GC concurrent-root-region-scan-end, 0.0026061 secs]
[GC concurrent-mark-start]
Application time: 0.0622911 seconds
[GC pause (G1 Evacuation Pause) (young) 52M->45M(64M), 0.0144258 secs]
[GC concurrent-mark-end, 0.1076386 secs]
Application time: 0.0294371 seconds
[GC remark, 0.0082936 secs]
Application time: 0.0000411 seconds
[GC cleanup 51M->44M(64M), 0.0003009 secs]
[GC concurrent-cleanup-start]
[GC concurrent-cleanup-end, 0.0000218 secs]
Application time: 0.0065474 seconds
[GC pause (G1 Evacuation Pause) (young) 46M->40M(64M), 0.0125824 secs]
Application time: 0.0022989 seconds
[GC pause (G1 Evacuation Pause) (mixed) 41M->35M(64M), 0.0096672 secs]
Application time: 0.0075579 seconds
[GC pause (G1 Evacuation Pause) (mixed) 37M->35M(64M), 0.0150325 secs]
Application time: 0.0436069 seconds
[GC pause (G1 Evacuation Pause) (young) 51M->39M(64M), 0.0113945 secs]
Application time: 0.0337698 seconds
[GC pause (G1 Evacuation Pause) (young) (initial-mark) 51M->41M(64M), 0.0093838 secs]
[GC concurrent-root-region-scan-start]
[GC concurrent-root-region-scan-end, 0.0016112 secs]
[GC concurrent-mark-start]
Application time: 0.0452239 seconds
[GC pause (G1 Evacuation Pause) (young) 52M->40M(64M), 0.0065063 secs]
Application time: 0.0501970 seconds
[GC pause (G1 Evacuation Pause) (young) 52M->41M(64M), 0.0028613 secs]
[GC concurrent-mark-end, 0.1162071 secs]
Application time: 0.0127320 seconds
[GC remark, 0.0084451 secs]
Application time: 0.0000394 seconds
[GC cleanup 44M->40M(64M), 0.0002903 secs]
[GC concurrent-cleanup-start]
[GC concurrent-cleanup-end, 0.0000149 secs]
Application time: 0.0185779 seconds
[GC pause (G1 Evacuation Pause) (young) 49M->37M(64M), 0.0027702 secs]
Application time: 0.0037596 seconds
[GC pause (G1 Evacuation Pause) (mixed) 38M->32M(64M), 0.0062293 secs]
Application time: 0.0052967 seconds
[GC pause (G1 Evacuation Pause) (mixed) 34M->30M(64M), 0.0081654 secs]
Application time: 0.0355725 seconds
[GC pause (G1 Evacuation Pause) (young) 50M->30M(64M), 0.0041914 secs]
Application time: 0.0376214 seconds
[GC pause (G1 Evacuation Pause) (young) (initial-mark) 51M->30M(64M), 0.0019089 secs]
[GC concurrent-root-region-scan-start]
[GC concurrent-root-region-scan-end, 0.0006947 secs]
[GC concurrent-mark-start]
Application time: 0.0722100 seconds
[GC pause (G1 Evacuation Pause) (young) 52M->36M(64M), 0.0098733 secs]
[GC concurrent-mark-end, 0.1217189 secs]
Application time: 0.0402156 seconds
[GC remark, 0.0103849 secs]
Application time: 0.0000780 seconds
[GC cleanup 43M->43M(64M), 0.0003061 secs]
Application time: 0.0245107 seconds
[GC pause (G1 Evacuation Pause) (young) 52M->38M(64M), 0.0126581 secs]
Application time: 0.0027477 seconds
[GC pause (G1 Evacuation Pause) (mixed) 39M->36M(64M), 0.0092269 secs]
Application time: 0.0351072 seconds
[GC pause (G1 Evacuation Pause) (young) 52M->37M(64M), 0.0063978 secs]
Application time: 0.0371194 seconds
[GC pause (G1 Evacuation Pause) (young) (initial-mark) 53M->45M(64M), 0.0098668 secs]
[GC concurrent-root-region-scan-start]
[GC concurrent-root-region-scan-end, 0.0015009 secs]
[GC concurrent-mark-start]
Application time: 0.0400336 seconds
[GC pause (G1 Evacuation Pause) (young) 52M->47M(64M), 0.0118705 secs]
Application time: 0.0221728 seconds
[GC pause (G1 Evacuation Pause) (young) 52M->49M(64M), 0.0099033 secs]
Application time: 0.0200082 seconds
[GC pause (G1 Evacuation Pause) (young) 53M->50M(64M), 0.0080011 secs]
[GC concurrent-mark-end, 0.1194184 secs]
Application time: 0.0085770 seconds
[GC remark, 0.0080237 secs]
Application time: 0.0000292 seconds
[GC cleanup 52M->44M(64M), 0.0003051 secs]
[GC concurrent-cleanup-start]
[GC concurrent-cleanup-end, 0.0000196 secs]
Application time: 0.0054088 seconds
[GC pause (G1 Evacuation Pause) (young) 45M->43M(64M), 0.0037235 secs]
Application time: 0.0077877 seconds
[GC pause (G1 Evacuation Pause) (mixed) 45M->37M(64M), 0.0042544 secs]
Application time: 0.0074744 seconds
[GC pause (G1 Evacuation Pause) (mixed) 39M->34M(64M), 0.0073994 secs]
Application time: 0.0449716 seconds
[GC pause (G1 Evacuation Pause) (young) 51M->35M(64M), 0.0049892 secs]
Application time: 0.0404256 seconds
[GC pause (G1 Evacuation Pause) (young) (initial-mark) 52M->36M(64M), 0.0053701 secs]
[GC concurrent-root-region-scan-start]
[GC concurrent-root-region-scan-end, 0.0023247 secs]
[GC concurrent-mark-start]
Application time: 0.0660495 seconds
[GC pause (G1 Evacuation Pause) (young) 52M->37M(64M), 0.0058889 secs]
[GC concurrent-mark-end, 0.1071293 secs]
Application time: 0.0373651 seconds
[GC remark, 0.0085689 secs]
Application time: 0.0000371 seconds
[GC cleanup 48M->45M(64M), 0.0002838 secs]
[GC concurrent-cleanup-start]
[GC concurrent-cleanup-end, 0.0000131 secs]
Application time: 0.0104915 seconds
[GC pause (G1 Evacuation Pause) (young) 50M->33M(64M), 0.0043069 secs]
Application time: 0.0044046 seconds
[GC pause (G1 Evacuation Pause) (mixed) 35M->31M(64M), 0.0082160 secs]
Application time: 0.0089382 seconds
[GC pause (G1 Evacuation Pause) (mixed) 33M->30M(64M), 0.0113150 secs]
Application time: 0.0426229 seconds
[GC pause (G1 Evacuation Pause) (young) 52M->31M(64M), 0.0052769 secs]
Application time: 0.0490452 seconds
[GC pause (G1 Evacuation Pause) (young) (initial-mark) 53M->38M(64M), 0.0100489 secs]
[GC concurrent-root-region-scan-start]
[GC concurrent-root-region-scan-end, 0.0024138 secs]
[GC concurrent-mark-start]
Application time: 0.0748879 seconds
[GC pause (G1 Evacuation Pause) (young) 52M->40M(64M), 0.0108566 secs]
[GC concurrent-mark-end, 0.1143823 secs]
Application time: 0.0309544 seconds
[GC remark, 0.0082747 secs]
Application time: 0.0000547 seconds
[GC cleanup 47M->44M(64M), 0.0002750 secs]
[GC concurrent-cleanup-start]
[GC concurrent-cleanup-end, 0.0000140 secs]
Application time: 0.0110051 seconds
[GC pause (G1 Evacuation Pause) (young) 50M->39M(64M), 0.0101248 secs]
Application time: 0.0033766 seconds
[GC pause (G1 Evacuation Pause) (mixed) 40M->36M(64M), 0.0135166 secs]
Application time: 0.0036955 seconds
[GC pause (G1 Evacuation Pause) (mixed) 38M->34M(64M), 0.0151514 secs]
Application time: 0.0526653 seconds
[GC pause (G1 Evacuation Pause) (young) 52M->35M(64M), 0.0107177 secs]
Application time: 0.0393098 seconds
[GC pause (G1 Evacuation Pause) (young) (initial-mark) 52M->36M(64M), 0.0042811 secs]
[GC concurrent-root-region-scan-start]
[GC concurrent-root-region-scan-end, 0.0023278 secs]
[GC concurrent-mark-start]
Application time: 0.0774690 seconds
[GC pause (G1 Evacuation Pause) (young)-- 53M->51M(64M), 0.0193516 secs]
Application time: 0.0105642 seconds
[GC pause (G1 Evacuation Pause) (young) 53M->52M(64M), 0.0098166 secs]
Application time: 0.0144733 seconds
[GC concurrent-mark-end, 0.1296526 secs]
[GC pause (G1 Evacuation Pause) (young) 55M->51M(64M), 0.0069305 secs]
Application time: 0.0000692 seconds
[GC remark, 0.0079887 secs]
Application time: 0.0030797 seconds
[GC cleanup 52M->52M(64M), 0.0003341 secs]
Application time: 0.0055912 seconds
[GC pause (G1 Evacuation Pause) (young) 54M->51M(64M), 0.0011013 secs]
Application time: 0.0110079 seconds
[GC pause (G1 Evacuation Pause) (mixed) 53M->48M(64M), 0.0063642 secs]
Application time: 0.0066323 seconds
[GC pause (G1 Evacuation Pause) (mixed) 50M->47M(64M), 0.0133216 secs]
Application time: 0.0176323 seconds
[GC pause (G1 Evacuation Pause) (young) 54M->48M(64M), 0.0096580 secs]
Application time: 0.0146733 seconds
[GC pause (G1 Evacuation Pause) (young) (initial-mark) 54M->49M(64M), 0.0041679 secs]
[GC concurrent-root-region-scan-start]
[GC concurrent-root-region-scan-end, 0.0007811 secs]
[GC concurrent-mark-start]
Application time: 0.0261145 seconds
[GC pause (G1 Evacuation Pause) (young) 54M->52M(64M), 0.0063153 secs]
Application time: 0.0170158 seconds
[GC pause (G1 Evacuation Pause) (young) 55M->54M(64M), 0.0058219 secs]
Application time: 0.0050269 seconds
[GC pause (G1 Evacuation Pause) (young) 56M->55M(64M), 0.0054072 secs]
Application time: 0.0124356 seconds
[GC pause (G1 Evacuation Pause) (young) 57M->56M(64M), 0.0036603 secs]
Application time: 0.0185402 seconds
[GC pause (G1 Evacuation Pause) (young) 58M->57M(64M), 0.0027316 secs]
[GC concurrent-mark-end, 0.1149329 secs]
Application time: 0.0041313 seconds
[GC remark, 0.0084160 secs]
Application time: 0.0008268 seconds
[GC cleanup 58M->54M(64M), 0.0004114 secs]
[GC concurrent-cleanup-start]
[GC concurrent-cleanup-end, 0.0000186 secs]
Application time: 0.0022730 seconds
[GC pause (G1 Evacuation Pause) (young) 55M->53M(64M), 0.0023423 secs]
Application time: 0.0043212 seconds
[GC pause (G1 Evacuation Pause) (mixed) 55M->46M(64M), 0.0017335 secs]
Application time: 0.0086491 seconds
[GC pause (G1 Evacuation Pause) (mixed) 48M->41M(64M), 0.0045484 secs]
Application time: 0.0066005 seconds
[GC pause (G1 Evacuation Pause) (mixed) 43M->39M(64M), 0.0103624 secs]
Application time: 0.0098061 seconds
[GC pause (G1 Evacuation Pause) (mixed) 41M->37M(64M), 0.0114759 secs]
Application time: 0.0318882 seconds
[GC pause (G1 Evacuation Pause) (young) 52M->37M(64M), 0.0054908 secs]
Application time: 0.0298587 seconds
[GC pause (G1 Evacuation Pause) (young) (initial-mark) 53M->37M(64M), 0.0017484 secs]
[GC concurrent-root-region-scan-start]
[GC concurrent-root-region-scan-end, 0.0005319 secs]
[GC concurrent-mark-start]
Application time: 0.0672078 seconds
[GC pause (G1 Evacuation Pause) (young) 53M->37M(64M), 0.0017671 secs]
[GC concurrent-mark-end, 0.0896844 secs]
Application time: 0.0171392 seconds
[GC remark, 0.0085809 secs]
Application time: 0.0028005 seconds
[GC cleanup 41M->37M(64M), 0.0003266 secs]
[GC concurrent-cleanup-start]
[GC concurrent-cleanup-end, 0.0000129 secs]
Application time: 0.0260888 seconds
[GC pause (G1 Evacuation Pause) (young) 49M->37M(64M), 0.0054687 secs]
Application time: 0.0027489 seconds
[GC pause (G1 Evacuation Pause) (mixed) 38M->37M(64M), 0.0094650 secs]
Application time: 0.0038869 seconds
[GC pause (G1 Evacuation Pause) (mixed) 39M->36M(64M), 0.0113344 secs]
Application time: 0.0366017 seconds
[GC pause (G1 Evacuation Pause) (young) 53M->38M(64M), 0.0074566 secs]
Application time: 0.0342706 seconds
[GC pause (G1 Evacuation Pause) (young) (initial-mark) 53M->40M(64M), 0.0062564 secs]
[GC concurrent-root-region-scan-start]
[GC concurrent-root-region-scan-end, 0.0006787 secs]
[GC concurrent-mark-start]
[GC concurrent-mark-end, 0.0516468 secs]
Application time: 0.0517529 seconds
[GC remark, 0.0088403 secs]
Application time: 0.0000403 seconds
[GC cleanup 48M->45M(64M), 0.0002760 secs]
[GC concurrent-cleanup-start]
[GC concurrent-cleanup-end, 0.0000150 secs]
Application time: 0.0137945 seconds
[GC pause (G1 Evacuation Pause) (young) 50M->37M(64M), 0.0078755 secs]
Application time: 0.0017123 seconds
[GC pause (G1 Evacuation Pause) (mixed) 38M->35M(64M), 0.0073182 secs]
Application time: 0.0041030 seconds
[GC pause (G1 Evacuation Pause) (mixed) 37M->33M(64M), 0.0164446 secs]
Application time: 0.0484785 seconds
[GC pause (G1 Evacuation Pause) (young) 52M->42M(64M), 0.0200428 secs]
Application time: 0.0309288 seconds
[GC pause (G1 Evacuation Pause) (young) (initial-mark) 51M->43M(64M), 0.0123323 secs]
[GC concurrent-root-region-scan-start]
[GC concurrent-root-region-scan-end, 0.0006347 secs]
[GC concurrent-mark-start]
Application time: 0.0497167 seconds
[GC pause (G1 Evacuation Pause) (young) 53M->43M(64M), 0.0094185 secs]
[GC concurrent-mark-end, 0.1024565 secs]
Application time: 0.0438852 seconds
[GC remark, 0.0089442 secs]
Application time: 0.0000677 seconds
[GC cleanup 50M->47M(64M), 0.0003470 secs]
[GC concurrent-cleanup-start]
[GC concurrent-cleanup-end, 0.0000195 secs]
Application time: 0.0113110 seconds
[GC pause (G1 Evacuation Pause) (young) 49M->41M(64M), 0.0030190 secs]
Application time: 0.0042268 seconds
[GC pause (G1 Evacuation Pause) (mixed) 42M->37M(64M), 0.0070744 secs]
Application time: 0.0045253 seconds
[GC pause (G1 Evacuation Pause) (mixed) 39M->35M(64M), 0.0131306 secs]
Application time: 0.0079767 seconds
[GC pause (G1 Evacuation Pause) (mixed) 37M->33M(64M), 0.0128478 secs]
Application time: 0.0482318 seconds
[GC pause (G1 Evacuation Pause) (young) 51M->35M(64M), 0.0088323 secs]
Application time: 0.0372954 seconds
[GC pause (G1 Evacuation Pause) (young) (initial-mark) 51M->36M(64M), 0.0042336 secs]
[GC concurrent-root-region-scan-start]
[GC concurrent-root-region-scan-end, 0.0003796 secs]
[GC concurrent-mark-start]
[GC concurrent-mark-end, 0.0563871 secs]
Application time: 0.0563961 seconds
[GC remark, 0.0085313 secs]
Application time: 0.0000514 seconds
[GC cleanup 46M->45M(64M), 0.0002665 secs]
[GC concurrent-cleanup-start]
[GC concurrent-cleanup-end, 0.0000090 secs]
Application time: 0.0197749 seconds
[GC pause (G1 Evacuation Pause) (young) 51M->35M(64M), 0.0040859 secs]
Application time: 0.0042665 seconds
[GC pause (G1 Evacuation Pause) (mixed) 37M->31M(64M), 0.0051145 secs]
Application time: 0.0041641 seconds
[GC pause (G1 Evacuation Pause) (mixed) 33M->31M(64M), 0.0066862 secs]
Application time: 0.0407949 seconds
[GC pause (G1 Evacuation Pause) (young) 52M->31M(64M), 0.0041906 secs]
Application time: 0.0543479 seconds
[GC pause (G1 Evacuation Pause) (young) (initial-mark) 53M->35M(64M), 0.0060627 secs]
[GC concurrent-root-region-scan-start]
[GC concurrent-root-region-scan-end, 0.0023782 secs]
[GC concurrent-mark-start]
Application time: 0.0596999 seconds
[GC pause (G1 Evacuation Pause) (young) 52M->38M(64M), 0.0083821 secs]
[GC concurrent-mark-end, 0.1004295 secs]
Application time: 0.0324777 seconds
[GC remark, 0.0079921 secs]
Application time: 0.0000518 seconds
[GC cleanup 48M->47M(64M), 0.0002453 secs]
[GC concurrent-cleanup-start]
[GC concurrent-cleanup-end, 0.0000110 secs]
Application time: 0.0130882 seconds
[GC pause (G1 Evacuation Pause) (young) 51M->39M(64M), 0.0064060 secs]
Application time: 0.0054654 seconds
[GC pause (G1 Evacuation Pause) (mixed) 41M->34M(64M), 0.0078270 secs]
Application time: 0.0054596 seconds
[GC pause (G1 Evacuation Pause) (mixed) 36M->31M(64M), 0.0081188 secs]
Application time: 0.0585458 seconds
[GC pause (G1 Evacuation Pause) (young) 52M->38M(64M), 0.0140493 secs]
Application time: 0.0470273 seconds
[GC pause (G1 Evacuation Pause) (young) (initial-mark) 52M->41M(64M), 0.0137946 secs]
[GC concurrent-root-region-scan-start]
[GC concurrent-root-region-scan-end, 0.0072006 secs]
[GC concurrent-mark-start]
Application time: 0.0562581 seconds
[GC pause (G1 Evacuation Pause) (young) 52M->43M(64M), 0.0121942 secs]
Application time: 0.0451696 seconds
[GC pause (G1 Evacuation Pause) (young) 52M->44M(64M), 0.0062769 secs]
[GC concurrent-mark-end, 0.1227474 secs]
Application time: 0.0058455 seconds
[GC remark, 0.0071833 secs]
Application time: 0.0000510 seconds
[GC cleanup 45M->39M(64M), 0.0002235 secs]
[GC concurrent-cleanup-start]
[GC concurrent-cleanup-end, 0.0000158 secs]
Application time: 0.0207313 seconds
[GC pause (G1 Evacuation Pause) (young) 46M->39M(64M), 0.0051779 secs]
Application time: 0.0057457 seconds
[GC pause (G1 Evacuation Pause) (mixed) 41M->34M(64M), 0.0067067 secs]
Application time: 0.0104510 seconds
[GC pause (G1 Evacuation Pause) (mixed) 36M->33M(64M), 0.0053703 secs]
Application time: 0.0547301 seconds
[GC pause (G1 Evacuation Pause) (young) 51M->33M(64M), 0.0024078 secs]
Application time: 0.0418551 seconds
[GC pause (G1 Evacuation Pause) (young) (initial-mark) 52M->33M(64M), 0.0017786 secs]
[GC concurrent-root-region-scan-start]
[GC concurrent-root-region-scan-end, 0.0004941 secs]
[GC concurrent-mark-start]
Application time: 0.0685019 seconds
[GC pause (G1 Evacuation Pause) (young) 52M->33M(64M), 0.0020717 secs]
[GC concurrent-mark-end, 0.1052885 secs]
Application time: 0.0351137 seconds
[GC remark, 0.0082629 secs]
Application time: 0.0000542 seconds
[GC cleanup 44M->43M(64M), 0.0002798 secs]
[GC concurrent-cleanup-start]
[GC concurrent-cleanup-end, 0.0000083 secs]
Application time: 0.0161860 seconds
[GC pause (G1 Evacuation Pause) (young) 52M->32M(64M), 0.0020370 secs]
Application time: 0.0038039 seconds
[GC pause (G1 Evacuation Pause) (mixed) 34M->29M(64M), 0.0069153 secs]
Application time: 0.0405260 seconds
[GC pause (G1 Evacuation Pause) (young) 53M->32M(64M), 0.0079090 secs]
Application time: 0.0396109 seconds
[GC pause (G1 Evacuation Pause) (young) (initial-mark) 51M->35M(64M), 0.0105569 secs]
[GC concurrent-root-region-scan-start]
[GC concurrent-root-region-scan-end, 0.0116060 secs]
[GC concurrent-mark-start]
Application time: 0.0836759 seconds
[GC pause (G1 Evacuation Pause) (young) 52M->39M(64M), 0.0118397 secs]
[GC concurrent-mark-end, 0.1076286 secs]
Application time: 0.0236927 seconds
[GC remark, 0.0091981 secs]
Application time: 0.0000620 seconds
[GC cleanup 45M->41M(64M), 0.0002636 secs]
[GC concurrent-cleanup-start]
[GC concurrent-cleanup-end, 0.0000118 secs]
Application time: 0.0217021 seconds
[GC pause (G1 Evacuation Pause) (young) 48M->42M(64M), 0.0205433 secs]
Application time: 0.0022303 seconds
[GC pause (G1 Evacuation Pause) (mixed) 43M->41M(64M), 0.0126684 secs]
Application time: 0.0419274 seconds
[GC pause (G1 Evacuation Pause) (young) 52M->42M(64M), 0.0080434 secs]
Application time: 0.0267750 seconds
[GC pause (G1 Evacuation Pause) (young) (initial-mark) 51M->45M(64M), 0.0062664 secs]
[GC concurrent-root-region-scan-start]
[GC concurrent-root-region-scan-end, 0.0013778 secs]
[GC concurrent-mark-start]
Application time: 0.0371423 seconds
[GC pause (G1 Evacuation Pause) (young) 52M->45M(64M), 0.0055428 secs]
Application time: 0.0271562 seconds
[GC pause (G1 Evacuation Pause) (young) 52M->46M(64M), 0.0037058 secs]
Application time: 0.0298009 seconds
[GC pause (G1 Evacuation Pause) (young) 52M->47M(64M), 0.0055477 secs]
[GC concurrent-mark-end, 0.1246289 secs]
Application time: 0.0167414 seconds
[GC remark, 0.0081068 secs]
Application time: 0.0000841 seconds
[GC cleanup 52M->46M(64M), 0.0002877 secs]
[GC concurrent-cleanup-start]
[GC concurrent-cleanup-end, 0.0000148 secs]
Application time: 0.0047905 seconds
[GC pause (G1 Evacuation Pause) (young) 47M->43M(64M), 0.0061472 secs]
Application time: 0.0045029 seconds
[GC pause (G1 Evacuation Pause) (mixed) 45M->39M(64M), 0.0067301 secs]
Application time: 0.0048822 seconds
[GC pause (G1 Evacuation Pause) (mixed) 41M->37M(64M), 0.0107837 secs]
Application time: 0.0068787 seconds
[GC pause (G1 Evacuation Pause) (mixed) 39M->38M(64M), 0.0090464 secs]
Application time: 0.0290929 seconds
[GC pause (G1 Evacuation Pause) (young) 51M->38M(64M), 0.0035797 secs]
Application time: 0.0394406 seconds
[GC pause (G1 Evacuation Pause) (young) (initial-mark) 52M->38M(64M), 0.0019634 secs]
[GC concurrent-root-region-scan-start]
[GC concurrent-root-region-scan-end, 0.0006762 secs]
[GC concurrent-mark-start]
Application time: 0.0511457 seconds
[GC pause (G1 Evacuation Pause) (young) 52M->38M(64M), 0.0018851 secs]
[GC concurrent-mark-end, 0.0821085 secs]
Application time: 0.0257197 seconds
[GC remark, 0.0087106 secs]
Application time: 0.0000549 seconds
[GC cleanup 43M->39M(64M), 0.0002791 secs]
[GC concurrent-cleanup-start]
[GC concurrent-cleanup-end, 0.0000153 secs]
Application time: 0.0186760 seconds
[GC pause (G1 Evacuation Pause) (young) 49M->34M(64M), 0.0021006 secs]
Application time: 0.0045598 seconds
[GC pause (G1 Evacuation Pause) (mixed) 36M->30M(64M), 0.0073447 secs]
Application time: 0.0038580 seconds
[GC pause (G1 Evacuation Pause) (mixed) 32M->31M(64M), 0.0071103 secs]
Application time: 0.0516627 seconds
[GC pause (G1 Evacuation Pause) (young) 53M->37M(64M), 0.0114955 secs]
Application time: 0.0393218 seconds
[GC pause (G1 Evacuation Pause) (young) (initial-mark) 53M->37M(64M), 0.0143486 secs]
[GC concurrent-root-region-scan-start]
[GC concurrent-root-region-scan-end, 0.0075438 secs]
[GC concurrent-mark-start]
Application time: 0.0558775 seconds
[GC pause (G1 Evacuation Pause) (young) 52M->38M(64M), 0.0087187 secs]
Application time: 0.0479672 seconds
[GC pause (G1 Evacuation Pause) (young) 52M->38M(64M), 0.0035665 secs]
[GC concurrent-mark-end, 0.1209754 secs]
Application time: 0.0082036 seconds
[GC remark, 0.0082535 secs]
Application time: 0.0000500 seconds
[GC cleanup 42M->37M(64M), 0.0002713 secs]
[GC concurrent-cleanup-start]
[GC concurrent-cleanup-end, 0.0000184 secs]
Application time: 0.0271737 seconds
[GC pause (G1 Evacuation Pause) (young) 47M->39M(64M), 0.0108182 secs]
Application time: 0.0052331 seconds
[GC pause (G1 Evacuation Pause) (mixed) 40M->37M(64M), 0.0138994 secs]
Application time: 0.0149531 seconds
[GC pause (G1 Evacuation Pause) (mixed) 39M->38M(64M), 0.0122674 secs]
Application time: 0.0426785 seconds
[GC pause (G1 Evacuation Pause) (young) 51M->39M(64M), 0.0071954 secs]
Application time: 0.0355646 seconds
[GC pause (G1 Evacuation Pause) (young) (initial-mark) 52M->40M(64M), 0.0059988 secs]
[GC concurrent-root-region-scan-start]
[GC concurrent-root-region-scan-end, 0.0023756 secs]
[GC concurrent-mark-start]
Application time: 0.0641839 seconds
[GC pause (G1 Evacuation Pause) (young) 53M->42M(64M), 0.0085902 secs]
[GC concurrent-mark-end, 0.1204359 secs]
Application time: 0.0459632 seconds
[GC remark, 0.0091859 secs]
Application time: 0.0000714 seconds
[GC cleanup 50M->43M(64M), 0.0002931 secs]
[GC concurrent-cleanup-start]
[GC concurrent-cleanup-end, 0.0000192 secs]
Application time: 0.0065888 seconds
[GC pause (G1 Evacuation Pause) (young) 46M->36M(64M), 0.0069432 secs]
Application time: 0.0061238 seconds
[GC pause (G1 Evacuation Pause) (mixed) 38M->33M(64M), 0.0103090 secs]
Application time: 0.0458426 seconds
[GC pause (G1 Evacuation Pause) (young) 52M->33M(64M), 0.0064455 secs]
Application time: 0.0344667 seconds
[GC pause (G1 Evacuation Pause) (young) (initial-mark) 52M->33M(64M), 0.0015776 secs]
[GC concurrent-root-region-scan-start]
[GC concurrent-root-region-scan-end, 0.0003942 secs]
[GC concurrent-mark-start]
Application time: 0.0741284 seconds
[GC pause (G1 Evacuation Pause) (young) 53M->33M(64M), 0.0015722 secs]
[GC concurrent-mark-end, 0.1031726 secs]
Application time: 0.0277168 seconds
[GC remark, 0.0074419 secs]
Application time: 0.0000474 seconds
[GC cleanup 43M->42M(64M), 0.0002567 secs]
[GC concurrent-cleanup-start]
[GC concurrent-cleanup-end, 0.0000079 secs]
Application time: 0.0168084 seconds
[GC pause (G1 Evacuation Pause) (young) 52M->32M(64M), 0.0014847 secs]
Application time: 0.0059338 seconds
[GC pause (G1 Evacuation Pause) (mixed) 34M->29M(64M), 0.0044721 secs]
Application time: 0.0382752 seconds
[GC pause (G1 Evacuation Pause) (young) 52M->34M(64M), 0.0076758 secs]
Application time: 0.0407030 seconds
[GC pause (G1 Evacuation Pause) (young) (initial-mark) 53M->40M(64M), 0.0123336 secs]
[GC concurrent-root-region-scan-start]
[GC concurrent-root-region-scan-end, 0.0064555 secs]
[GC concurrent-mark-start]
Application time: 0.0715730 seconds
[GC pause (G1 Evacuation Pause) (young) 51M->43M(64M), 0.0130821 secs]
[GC concurrent-mark-end, 0.1097023 secs]
Application time: 0.0314538 seconds
[GC remark, 0.0076184 secs]
Application time: 0.0000442 seconds
[GC cleanup 50M->44M(64M), 0.0002553 secs]
[GC concurrent-cleanup-start]
[GC concurrent-cleanup-end, 0.0000153 secs]
Application time: 0.0081034 seconds
[GC pause (G1 Evacuation Pause) (young) 46M->40M(64M), 0.0101615 secs]
Application time: 0.0068975 seconds
[GC pause (G1 Evacuation Pause) (mixed) 41M->37M(64M), 0.0114174 secs]
Application time: 0.0064660 seconds
[GC pause (G1 Evacuation Pause) (mixed) 39M->35M(64M), 0.0135855 secs]
Application time: 0.0464043 seconds
[GC pause (G1 Evacuation Pause) (young) 51M->40M(64M), 0.0102119 secs]
Application time: 0.0308744 seconds
[GC pause (G1 Evacuation Pause) (young) (initial-mark) 51M->43M(64M), 0.0105269 secs]
[GC concurrent-root-region-scan-start]
[GC concurrent-root-region-scan-end, 0.0079115 secs]
[GC concurrent-mark-start]
Application time: 0.0392343 seconds
[GC pause (G1 Evacuation Pause) (young) 52M->44M(64M), 0.0062479 secs]
Application time: 0.0407364 seconds
[GC pause (G1 Evacuation Pause) (young) 53M->43M(64M), 0.0043256 secs]
[GC concurrent-mark-end, 0.1173934 secs]
Application time: 0.0343833 seconds
[GC remark, 0.0092410 secs]
Application time: 0.0000615 seconds
[GC cleanup 50M->45M(64M), 0.0003238 secs]
[GC concurrent-cleanup-start]
[GC concurrent-cleanup-end, 0.0000205 secs]
Application time: 0.0087381 seconds
[GC pause (G1 Evacuation Pause) (young) 47M->38M(64M), 0.0018290 secs]
Application time: 0.0100554 seconds
[GC pause (G1 Evacuation Pause) (mixed) 40M->33M(64M), 0.0051731 secs]
Application time: 0.0050390 seconds
[GC pause (G1 Evacuation Pause) (mixed) 35M->31M(64M), 0.0115360 secs]
Application time: 0.0049966 seconds
[GC pause (G1 Evacuation Pause) (mixed) 33M->30M(64M), 0.0125861 secs]
Application time: 0.0442998 seconds
[GC pause (G1 Evacuation Pause) (young) 50M->30M(64M), 0.0034175 secs]
Application time: 0.0394960 seconds
[GC pause (G1 Evacuation Pause) (young) (initial-mark) 51M->30M(64M), 0.0020918 secs]
[GC concurrent-root-region-scan-start]
[GC concurrent-root-region-scan-end, 0.0005524 secs]
[GC concurrent-mark-start]
Application time: 0.0701698 seconds
[GC pause (G1 Evacuation Pause) (young) 52M->30M(64M), 0.0021270 secs]
[GC concurrent-mark-end, 0.1159044 secs]
Application time: 0.0400851 seconds
[GC remark, 0.0092528 secs]
Application time: 0.0000455 seconds
[GC cleanup 42M->42M(64M), 0.0003038 secs]
Application time: 0.0166745 seconds
[GC pause (G1 Evacuation Pause) (young) 52M->30M(64M), 0.0018441 secs]
Application time: 0.0036452 seconds
[GC pause (G1 Evacuation Pause) (mixed) 32M->29M(64M), 0.0022395 secs]
Application time: 0.0478189 seconds
[GC pause (G1 Evacuation Pause) (young)-- 53M->55M(64M), 0.0492220 secs]
Application time: 0.0032890 seconds
[GC pause (G1 Evacuation Pause) (young) (initial-mark) 56M->56M(64M), 0.0143789 secs]
[GC concurrent-root-region-scan-start]
[GC concurrent-root-region-scan-end, 0.0074081 secs]
[GC concurrent-mark-start]
Application time: 0.0094706 seconds
[GC pause (G1 Evacuation Pause) (young) 58M->57M(64M), 0.0099027 secs]
Application time: 0.0103759 seconds
[GC pause (G1 Evacuation Pause) (young) 59M->58M(64M), 0.0047747 secs]
Application time: 0.0164246 seconds
[GC pause (G1 Evacuation Pause) (young) 60M->58M(64M), 0.0047711 secs]
Application time: 0.0205607 seconds
[GC pause (G1 Evacuation Pause) (young) 60M->59M(64M), 0.0036607 secs]
Application time: 0.0138595 seconds
[GC pause (G1 Evacuation Pause) (young) 61M->58M(64M), 0.0022891 secs]
Application time: 0.0102724 seconds
[GC pause (G1 Evacuation Pause) (young) 60M->59M(64M), 0.0029429 secs]
Application time: 0.0186868 seconds
[GC pause (G1 Evacuation Pause) (young)-- 61M->63M(64M), 0.0117437 secs]
Application time: 0.0001937 seconds
[GC pause (G1 Evacuation Pause) (young)-- 63M->63M(64M), 0.0097374 secs]
Application time: 0.0000483 seconds
[GC pause (G1 Evacuation Pause) (young) 63M->63M(64M), 0.0017132 secs]
Application time: 0.0000643 seconds
[Full GC (Allocation Failure)  63M->25M(64M), 0.0992470 secs]
[GC concurrent-mark-abort]
Application time: 0.0629836 seconds
[GC pause (G1 Evacuation Pause) (young) 47M->30M(64M), 0.0102677 secs]
Application time: 0.0504729 seconds
[GC pause (G1 Evacuation Pause) (young) (initial-mark) 47M->34M(64M), 0.0102068 secs]
[GC concurrent-root-region-scan-start]
[GC concurrent-root-region-scan-end, 0.0022602 secs]
[GC concurrent-mark-start]
Application time: 0.0664531 seconds
[GC pause (G1 Evacuation Pause) (young) 49M->35M(64M), 0.0079204 secs]
[GC concurrent-mark-end, 0.1286232 secs]
Application time: 0.0564147 seconds
[GC remark, 0.0085444 secs]
Application time: 0.0000555 seconds
[GC cleanup 49M->48M(64M), 0.0002622 secs]
[GC concurrent-cleanup-start]
[GC concurrent-cleanup-end, 0.0000143 secs]
Application time: 0.0019531 seconds
[GC pause (G1 Evacuation Pause) (young) 48M->33M(64M), 0.0033369 secs]
Application time: 0.0045901 seconds
[GC pause (G1 Evacuation Pause) (mixed) 35M->31M(64M), 0.0016154 secs]
Application time: 0.0424375 seconds
[GC pause (G1 Evacuation Pause) (young) 51M->32M(64M), 0.0017340 secs]
Application time: 0.0382246 seconds
[GC pause (G1 Evacuation Pause) (young) (initial-mark) 52M->31M(64M), 0.0020626 secs]
[GC concurrent-root-region-scan-start]
[GC concurrent-root-region-scan-end, 0.0004743 secs]
[GC concurrent-mark-start]
Application time: 0.0730167 seconds
[GC pause (G1 Evacuation Pause) (young) 52M->32M(64M), 0.0020478 secs]
[GC concurrent-mark-end, 0.1084407 secs]
Application time: 0.0331437 seconds
[GC remark, 0.0085202 secs]
Application time: 0.0000580 seconds
[GC cleanup 43M->42M(64M), 0.0002616 secs]
[GC concurrent-cleanup-start]
[GC concurrent-cleanup-end, 0.0000096 secs]
Application time: 0.0348972 seconds
[GC pause (G1 Evacuation Pause) (young) 53M->36M(64M), 0.0134470 secs]
Application time: 0.0033646 seconds
[GC pause (G1 Evacuation Pause) (mixed) 37M->37M(64M), 0.0113700 secs]
Application time: 0.0393945 seconds
[GC pause (G1 Evacuation Pause) (young) 52M->38M(64M), 0.0084484 secs]
Application time: 0.0320629 seconds
[GC pause (G1 Evacuation Pause) (young) (initial-mark) 53M->38M(64M), 0.0034197 secs]
[GC concurrent-root-region-scan-start]
[GC concurrent-root-region-scan-end, 0.0015865 secs]
[GC concurrent-mark-start]
Application time: 0.0641930 seconds
[GC pause (G1 Evacuation Pause) (young) 52M->45M(64M), 0.0139772 secs]
[GC concurrent-mark-end, 0.1131504 secs]
Application time: 0.0364351 seconds
[GC remark, 0.0083721 secs]
Application time: 0.0000453 seconds
[GC cleanup 50M->49M(64M), 0.0003134 secs]
[GC concurrent-cleanup-start]
[GC concurrent-cleanup-end, 0.0000129 secs]
Application time: 0.0067406 seconds
[GC pause (G1 Evacuation Pause) (young) 51M->47M(64M), 0.0144628 secs]
Application time: 0.0038093 seconds
[GC pause (G1 Evacuation Pause) (mixed) 48M->43M(64M), 0.0105683 secs]
Application time: 0.0064889 seconds
[GC pause (G1 Evacuation Pause) (mixed) 45M->41M(64M), 0.0143154 secs]
Application time: 0.0286646 seconds
[GC pause (G1 Evacuation Pause) (young) 51M->42M(64M), 0.0098907 secs]
Application time: 0.0292320 seconds
[GC pause (G1 Evacuation Pause) (young) (initial-mark) 52M->44M(64M), 0.0069964 secs]
[GC concurrent-root-region-scan-start]
[GC concurrent-root-region-scan-end, 0.0012965 secs]
[GC concurrent-mark-start]
Application time: 0.0494431 seconds
[GC pause (G1 Evacuation Pause) (young) 53M->47M(64M), 0.0073778 secs]
Application time: 0.0268045 seconds
[GC pause (G1 Evacuation Pause) (young) 53M->48M(64M), 0.0060248 secs]
Application time: 0.0198002 seconds
[GC pause (G1 Evacuation Pause) (young)[GC concurrent-mark-end, 0.1122367 secs]
 53M->48M(64M), 0.0037836 secs]
Application time: 0.0000494 seconds
[GC remark, 0.0077978 secs]
Application time: 0.0000275 seconds
[GC cleanup 48M->43M(64M), 0.0002966 secs]
[GC concurrent-cleanup-start]
[GC concurrent-cleanup-end, 0.0000164 secs]
Application time: 0.0135456 seconds
[GC pause (G1 Evacuation Pause) (young) 48M->43M(64M), 0.0013354 secs]
Application time: 0.0053990 seconds
[GC pause (G1 Evacuation Pause) (mixed) 45M->37M(64M), 0.0024474 secs]
Application time: 0.0052810 seconds
[GC pause (G1 Evacuation Pause) (mixed) 39M->35M(64M), 0.0074036 secs]
Application time: 0.0053409 seconds
[GC pause (G1 Evacuation Pause) (mixed) 37M->34M(64M), 0.0131228 secs]
Application time: 0.0374564 seconds
[GC pause (G1 Evacuation Pause) (young) 52M->34M(64M), 0.0017370 secs]
Application time: 0.0325295 seconds
[GC pause (G1 Evacuation Pause) (young) (initial-mark) 52M->34M(64M), 0.0018912 secs]
[GC concurrent-root-region-scan-start]
[GC concurrent-root-region-scan-end, 0.0003499 secs]
[GC concurrent-mark-start]
[GC concurrent-mark-end, 0.0561145 secs]
Application time: 0.0565775 seconds
[GC remark, 0.0129601 secs]
Application time: 0.0000609 seconds
[GC cleanup 44M->43M(64M), 0.0003163 secs]
[GC concurrent-cleanup-start]
[GC concurrent-cleanup-end, 0.0000114 secs]
Application time: 0.0227056 seconds
[GC pause (G1 Evacuation Pause) (young) 52M->33M(64M), 0.0017289 secs]
Application time: 0.0039682 seconds
[GC pause (G1 Evacuation Pause) (mixed) 35M->29M(64M), 0.0042103 secs]
Application time: 0.0430543 seconds
[GC pause (G1 Evacuation Pause) (young) 53M->35M(64M), 0.0088581 secs]
Application time: 0.0378704 seconds
[GC pause (G1 Evacuation Pause) (young) (initial-mark) 52M->37M(64M), 0.0120175 secs]
[GC concurrent-root-region-scan-start]
[GC concurrent-root-region-scan-end, 0.0083277 secs]
[GC concurrent-mark-start]
Application time: 0.0702370 seconds
[GC pause (G1 Evacuation Pause) (young) 53M->38M(64M), 0.0081465 secs]
[GC concurrent-mark-end, 0.1031375 secs]
Application time: 0.0268836 seconds
[GC remark, 0.0091304 secs]
Application time: 0.0007449 seconds
[GC cleanup 42M->38M(64M), 0.0003091 secs]
[GC concurrent-cleanup-start]
[GC concurrent-cleanup-end, 0.0000210 secs]
Application time: 0.0240521 seconds
[GC pause (G1 Evacuation Pause) (young) 48M->41M(64M), 0.0110133 secs]
Application time: 0.0022127 seconds
[GC pause (G1 Evacuation Pause) (mixed) 42M->39M(64M), 0.0197344 secs]
Application time: 0.0349577 seconds
[GC pause (G1 Evacuation Pause) (young) 51M->43M(64M), 0.0151726 secs]
Application time: 0.0279533 seconds
[GC pause (G1 Evacuation Pause) (young) (initial-mark) 51M->44M(64M), 0.0086976 secs]
[GC concurrent-root-region-scan-start]
[GC concurrent-root-region-scan-end, 0.0004861 secs]
[GC concurrent-mark-start]
Application time: 0.0447881 seconds
[GC pause (G1 Evacuation Pause) (young) 52M->44M(64M), 0.0073093 secs]
Application time: 0.0335966 seconds
[GC pause (G1 Evacuation Pause) (young) 52M->45M(64M), 0.0034049 secs]
[GC concurrent-mark-end, 0.1157485 secs]
Application time: 0.0269851 seconds
[GC remark, 0.0088264 secs]
Application time: 0.0000880 seconds
[GC cleanup 51M->47M(64M), 0.0003235 secs]
[GC concurrent-cleanup-start]
[GC concurrent-cleanup-end, 0.0000152 secs]
Application time: 0.0109024 seconds
[GC pause (G1 Evacuation Pause) (young) 49M->42M(64M), 0.0033097 secs]
Application time: 0.0019716 seconds
[GC pause (G1 Evacuation Pause) (mixed) 43M->36M(64M), 0.0057613 secs]
Application time: 0.0053069 seconds
[GC pause (G1 Evacuation Pause) (mixed) 38M->34M(64M), 0.0105179 secs]
Application time: 0.0068354 seconds
[GC pause (G1 Evacuation Pause) (mixed) 36M->34M(64M), 0.0090823 secs]
Application time: 0.0380204 seconds
[GC pause (G1 Evacuation Pause) (young) 50M->36M(64M), 0.0074828 secs]
Application time: 0.0314798 seconds
[GC pause (G1 Evacuation Pause) (young) (initial-mark) 51M->37M(64M), 0.0075291 secs]
[GC concurrent-root-region-scan-start]
[GC concurrent-root-region-scan-end, 0.0005824 secs]
[GC concurrent-mark-start]
Application time: 0.0676862 seconds
[GC pause (G1 Evacuation Pause) (young) 52M->36M(64M), 0.0104795 secs]
[GC concurrent-mark-end, 0.1227615 secs]
Application time: 0.0450208 seconds
[GC remark, 0.0090730 secs]
Application time: 0.0000756 seconds
[GC cleanup 49M->47M(64M), 0.0003337 secs]
[GC concurrent-cleanup-start]
[GC concurrent-cleanup-end, 0.0000105 secs]
Application time: 0.0066150 seconds
[GC pause (G1 Evacuation Pause) (young) 49M->34M(64M), 0.0016206 secs]
Application time: 0.0068070 seconds
[GC pause (G1 Evacuation Pause) (mixed) 36M->31M(64M), 0.0077669 secs]
Application time: 0.0038834 seconds
[GC pause (G1 Evacuation Pause) (mixed) 33M->31M(64M), 0.0100640 secs]
Application time: 0.0533336 seconds
[GC pause (G1 Evacuation Pause) (young) 53M->36M(64M), 0.0135047 secs]
Application time: 0.0417297 seconds
[GC pause (G1 Evacuation Pause) (young) (initial-mark) 52M->38M(64M), 0.0137731 secs]
[GC concurrent-root-region-scan-start]
[GC concurrent-root-region-scan-end, 0.0127174 secs]
[GC concurrent-mark-start]
Application time: 0.0569189 seconds
[GC pause (G1 Evacuation Pause) (young) 52M->38M(64M), 0.0078145 secs]
Application time: 0.0534783 seconds
[GC pause (G1 Evacuation Pause) (young) 53M->40M(64M), 0.0047098 secs]
[GC concurrent-mark-end, 0.1264306 secs]
Application time: 0.0117141 seconds
[GC remark, 0.0089962 secs]
Application time: 0.0000617 seconds
[GC cleanup 43M->39M(64M), 0.0002996 secs]
[GC concurrent-cleanup-start]
[GC concurrent-cleanup-end, 0.0000128 secs]
Application time: 0.0249229 seconds
[GC pause (G1 Evacuation Pause) (young) 48M->44M(64M), 0.0106884 secs]
Application time: 0.0024226 seconds
[GC pause (G1 Evacuation Pause) (mixed) 45M->41M(64M), 0.0144199 secs]
Application time: 0.0076627 seconds
[GC pause (G1 Evacuation Pause) (mixed) 43M->41M(64M), 0.0147132 secs]
Application time: 0.0308684 seconds
[GC pause (G1 Evacuation Pause) (young) 51M->44M(64M), 0.0152317 secs]
Application time: 0.0289273 seconds
[GC pause (G1 Evacuation Pause) (young) (initial-mark) 52M->45M(64M), 0.0082165 secs]
[GC concurrent-root-region-scan-start]
[GC concurrent-root-region-scan-end, 0.0005358 secs]
[GC concurrent-mark-start]
Application time: 0.0578160 seconds
[GC pause (G1 Evacuation Pause) (young) 52M->46M(64M), 0.0069191 secs]
[GC concurrent-mark-end, 0.0663031 secs]
Application time: 0.0019618 seconds
[GC remark, 0.0087070 secs]
Application time: 0.0017322 seconds
[GC cleanup 47M->41M(64M), 0.0003359 secs]
[GC concurrent-cleanup-start]
[GC concurrent-cleanup-end, 0.0000196 secs]
Application time: 0.0182881 seconds
[GC pause (G1 Evacuation Pause) (young) 47M->42M(64M), 0.0042647 secs]
Application time: 0.0074521 seconds
[GC pause (G1 Evacuation Pause) (mixed) 44M->38M(64M), 0.0071148 secs]
Application time: 0.0054169 seconds
[GC pause (G1 Evacuation Pause) (mixed) 40M->35M(64M), 0.0115570 secs]
Application time: 0.0042043 seconds
[GC pause (G1 Evacuation Pause) (mixed) 37M->35M(64M), 0.0128130 secs]
Application time: 0.0434753 seconds
[GC pause (G1 Evacuation Pause) (young) 52M->38M(64M), 0.0092775 secs]
Application time: 0.0325301 seconds
[GC pause (G1 Evacuation Pause) (young) (initial-mark) 52M->39M(64M), 0.0070705 secs]
[GC concurrent-root-region-scan-start]
[GC concurrent-root-region-scan-end, 0.0004033 secs]
[GC concurrent-mark-start]
[GC concurrent-mark-end, 0.0567611 secs]
Application time: 0.0572992 seconds
[GC remark, 0.0091870 secs]
Application time: 0.0000468 seconds
[GC cleanup 48M->46M(64M), 0.0003484 secs]
[GC concurrent-cleanup-start]
[GC concurrent-cleanup-end, 0.0000109 secs]
Application time: 0.0162619 seconds
[GC pause (G1 Evacuation Pause) (young) 51M->36M(64M), 0.0046261 secs]
Application time: 0.0041421 seconds
[GC pause (G1 Evacuation Pause) (mixed) 38M->32M(64M), 0.0076291 secs]
Application time: 0.0064114 seconds
[GC pause (G1 Evacuation Pause) (mixed) 34M->30M(64M), 0.0115297 secs]
Application time: 0.0419066 seconds
[GC pause (G1 Evacuation Pause) (young) 52M->30M(64M), 0.0042101 secs]
Application time: 0.0439349 seconds
[GC pause (G1 Evacuation Pause) (young) (initial-mark) 52M->34M(64M), 0.0053679 secs]
[GC concurrent-root-region-scan-start]
[GC concurrent-root-region-scan-end, 0.0024747 secs]
[GC concurrent-mark-start]
[GC concurrent-mark-end, 0.0446800 secs]
Application time: 0.0447867 seconds
[GC remark, 0.0109413 secs]
Application time: 0.0000381 seconds
[GC cleanup 42M->38M(64M), 0.0003105 secs]
[GC concurrent-cleanup-start]
[GC concurrent-cleanup-end, 0.0000152 secs]
Application time: 0.0270238 seconds
[GC pause (G1 Evacuation Pause) (young) 48M->34M(64M), 0.0097673 secs]
Application time: 0.0027991 seconds
[GC pause (G1 Evacuation Pause) (mixed) 35M->32M(64M), 0.0117715 secs]
Application time: 0.0462630 seconds
[GC pause (G1 Evacuation Pause) (young) 52M->32M(64M), 0.0096285 secs]
Application time: 0.0431973 seconds
[GC pause (G1 Evacuation Pause) (young) (initial-mark) 52M->39M(64M), 0.0090631 secs]
[GC concurrent-root-region-scan-start]
[GC concurrent-root-region-scan-end, 0.0028427 secs]
[GC concurrent-mark-start]
Application time: 0.0627666 seconds
[GC pause (G1 Evacuation Pause) (young) 50M->44M(64M), 0.0146855 secs]
[GC concurrent-mark-end, 0.1103565 secs]
Application time: 0.0356418 seconds
[GC remark, 0.0099447 secs]
Application time: 0.0000772 seconds
[GC cleanup 49M->45M(64M), 0.0002649 secs]
[GC concurrent-cleanup-start]
[GC concurrent-cleanup-end, 0.0000169 secs]
Application time: 0.0087076 seconds
[GC pause (G1 Evacuation Pause) (young) 48M->41M(64M), 0.0125950 secs]
Application time: 0.0062022 seconds
[GC pause (G1 Evacuation Pause) (mixed) 43M->36M(64M), 0.0070044 secs]
Application time: 0.0089425 seconds
[GC pause (G1 Evacuation Pause) (mixed) 38M->35M(64M), 0.0051834 secs]
Application time: 0.0412238 seconds
[GC pause (G1 Evacuation Pause) (young) 50M->39M(64M), 0.0081666 secs]
Application time: 0.0316121 seconds
[GC pause (G1 Evacuation Pause) (young) (initial-mark) 51M->41M(64M), 0.0086178 secs]
[GC concurrent-root-region-scan-start]
[GC concurrent-root-region-scan-end, 0.0021087 secs]
[GC concurrent-mark-start]
[GC concurrent-mark-end, 0.0599697 secs]
Application time: 0.0621804 seconds
[GC remark, 0.0110779 secs]
Application time: 0.0000663 seconds
[GC cleanup 51M->49M(64M), 0.0003042 secs]
[GC concurrent-cleanup-start]
[GC concurrent-cleanup-end, 0.0000139 secs]
Application time: 0.0033999 seconds
[GC pause (G1 Evacuation Pause) (young) 49M->40M(64M), 0.0068094 secs]
Application time: 0.0097451 seconds
[GC pause (G1 Evacuation Pause) (mixed) 42M->35M(64M), 0.0072395 secs]
Application time: 0.0049112 seconds
[GC pause (G1 Evacuation Pause) (mixed) 37M->33M(64M), 0.0110860 secs]
Application time: 0.0051674 seconds
[GC pause (G1 Evacuation Pause) (mixed) 35M->33M(64M), 0.0112086 secs]
Application time: 0.0418276 seconds
[GC pause (G1 Evacuation Pause) (young) 52M->33M(64M), 0.0040677 secs]
Application time: 0.0358383 seconds
[GC pause (G1 Evacuation Pause) (young) (initial-mark) 52M->33M(64M), 0.0020025 secs]
[GC concurrent-root-region-scan-start]
[GC concurrent-root-region-scan-end, 0.0005654 secs]
[GC concurrent-mark-start]
Application time: 0.0691011 seconds
[GC pause (G1 Evacuation Pause) (young) 53M->33M(64M), 0.0018739 secs]
[GC concurrent-mark-end, 0.1284141 secs]
Application time: 0.0515345 seconds
[GC remark, 0.0082298 secs]
Application time: 0.0000758 seconds
[GC cleanup 46M->46M(64M), 0.0002608 secs]
Application time: 0.0159530 seconds
[GC pause (G1 Evacuation Pause) (young) 53M->38M(64M), 0.0110335 secs]
Application time: 0.0025952 seconds
[GC pause (G1 Evacuation Pause) (mixed) 39M->37M(64M), 0.0144805 secs]
Application time: 0.0047427 seconds
[GC pause (G1 Evacuation Pause) (mixed) 39M->37M(64M), 0.0153617 secs]
Application time: 0.0377119 seconds
[GC pause (G1 Evacuation Pause) (young) 52M->37M(64M), 0.0041115 secs]
Application time: 0.0345855 seconds
[GC pause (G1 Evacuation Pause) (young) (initial-mark) 53M->37M(64M), 0.0040958 secs]
[GC concurrent-root-region-scan-start]
[GC concurrent-root-region-scan-end, 0.0019552 secs]
[GC concurrent-mark-start]
Application time: 0.0629623 seconds
[GC pause (G1 Evacuation Pause) (young) 52M->40M(64M), 0.0070877 secs]
[GC concurrent-mark-end, 0.1111072 secs]
Application time: 0.0429380 seconds
[GC remark, 0.0091861 secs]
Application time: 0.0000604 seconds
[GC cleanup 50M->47M(64M), 0.0002979 secs]
[GC concurrent-cleanup-start]
[GC concurrent-cleanup-end, 0.0000147 secs]
Application time: 0.0053763 seconds
[GC pause (G1 Evacuation Pause) (young) 49M->46M(64M), 0.0154321 secs]
Application time: 0.0029489 seconds
[GC pause (G1 Evacuation Pause) (mixed) 47M->43M(64M), 0.0186248 secs]
Application time: 0.0071224 seconds
[GC pause (G1 Evacuation Pause) (mixed) 45M->43M(64M), 0.0102362 secs]
Application time: 0.0308416 seconds
[GC pause (G1 Evacuation Pause) (young) 52M->43M(64M), 0.0033121 secs]
Application time: 0.0276324 seconds
[GC pause (G1 Evacuation Pause) (young) (initial-mark) 53M->44M(64M), 0.0031428 secs]
[GC concurrent-root-region-scan-start]
[GC concurrent-root-region-scan-end, 0.0015094 secs]
[GC concurrent-mark-start]
Application time: 0.0490759 seconds
[GC pause (G1 Evacuation Pause) (young) 53M->45M(64M), 0.0055435 secs]
Application time: 0.0326120 seconds
[GC pause (G1 Evacuation Pause) (young) 53M->48M(64M), 0.0084059 secs]
Application time: 0.0273561 seconds
[GC pause (G1 Evacuation Pause) (young) 54M->49M(64M), 0.0068586 secs]
[GC concurrent-mark-end, 0.1371779 secs]
Application time: 0.0005463 seconds
[GC remark, 0.0080742 secs]
Application time: 0.0010910 seconds
[GC cleanup 49M->40M(64M), 0.0002885 secs]
[GC concurrent-cleanup-start]
[GC concurrent-cleanup-end, 0.0000295 secs]
Application time: 0.0110718 seconds
[GC pause (G1 Evacuation Pause) (young) 45M->39M(64M), 0.0033417 secs]
Application time: 0.0049933 seconds
[GC pause (G1 Evacuation Pause) (mixed) 41M->35M(64M), 0.0057070 secs]
Application time: 0.0049656 seconds
[GC pause (G1 Evacuation Pause) (mixed) 37M->35M(64M), 0.0057497 secs]
Application time: 0.0360867 seconds
[GC pause (G1 Evacuation Pause) (young) 51M->35M(64M), 0.0039023 secs]
Application time: 0.0315765 seconds
[GC pause (G1 Evacuation Pause) (young) (initial-mark) 52M->35M(64M), 0.0029169 secs]
[GC concurrent-root-region-scan-start]
[GC concurrent-root-region-scan-end, 0.0003361 secs]
[GC concurrent-mark-start]
Application time: 0.0636106 seconds
[GC pause (G1 Evacuation Pause) (young) 52M->35M(64M), 0.0020635 secs]
[GC concurrent-mark-end, 0.1096306 secs]
Application time: 0.0442391 seconds
[GC remark, 0.0092921 secs]
Application time: 0.0000740 seconds
[GC cleanup 49M->48M(64M), 0.0003296 secs]
[GC concurrent-cleanup-start]
[GC concurrent-cleanup-end, 0.0000131 secs]
Application time: 0.0087358 seconds
[GC pause (G1 Evacuation Pause) (young) 52M->35M(64M), 0.0021111 secs]
Application time: 0.0036692 seconds
[GC pause (G1 Evacuation Pause) (mixed) 37M->32M(64M), 0.0090640 secs]
Application time: 0.0038079 seconds
[GC pause (G1 Evacuation Pause) (mixed) 34M->32M(64M), 0.0110782 secs]
Application time: 0.0430483 seconds
[GC pause (G1 Evacuation Pause) (young) 53M->36M(64M), 0.0124335 secs]
Application time: 0.0383086 seconds
[GC pause (G1 Evacuation Pause) (young) (initial-mark) 52M->38M(64M), 0.0101170 secs]
[GC concurrent-root-region-scan-start]
[GC concurrent-root-region-scan-end, 0.0010626 secs]
[GC concurrent-mark-start]
Application time: 0.0656921 seconds
[GC pause (G1 Evacuation Pause) (young) 52M->39M(64M), 0.0090957 secs]
[GC concurrent-mark-end, 0.1022285 secs]
Application time: 0.0244440 seconds
[GC remark, 0.0089795 secs]
Application time: 0.0000560 seconds
[GC cleanup 44M->42M(64M), 0.0003394 secs]
[GC concurrent-cleanup-start]
[GC concurrent-cleanup-end, 0.0000103 secs]
Application time: 0.0220039 seconds
[GC pause (G1 Evacuation Pause) (young) 50M->43M(64M), 0.0113666 secs]
Application time: 0.0048686 seconds
[GC pause (G1 Evacuation Pause) (mixed) 44M->39M(64M), 0.0126700 secs]
Application time: 0.0055092 seconds
[GC pause (G1 Evacuation Pause) (mixed) 41M->39M(64M), 0.0133751 secs]
Application time: 0.0396148 seconds
[GC pause (G1 Evacuation Pause) (young) 51M->40M(64M), 0.0101569 secs]
Application time: 0.0341892 seconds
[GC pause (G1 Evacuation Pause) (young) (initial-mark) 52M->41M(64M), 0.0057419 secs]
[GC concurrent-root-region-scan-start]
[GC concurrent-root-region-scan-end, 0.0025186 secs]
[GC concurrent-mark-start]
Application time: 0.0493473 seconds
[GC pause (G1 Evacuation Pause) (young) 52M->42M(64M), 0.0078547 secs]
Application time: 0.0458070 seconds
[GC pause (G1 Evacuation Pause) (young) 52M->44M(64M), 0.0054916 secs]
[GC concurrent-mark-end, 0.1264397 secs]
Application time: 0.0144572 seconds
[GC remark, 0.0084747 secs]
Application time: 0.0012000 seconds
[GC cleanup 48M->43M(64M), 0.0003074 secs]
[GC concurrent-cleanup-start]
[GC concurrent-cleanup-end, 0.0000178 secs]
Application time: 0.0139093 seconds
[GC pause (G1 Evacuation Pause) (young) 48M->39M(64M), 0.0050103 secs]
Application time: 0.0024340 seconds
[GC pause (G1 Evacuation Pause) (mixed) 40M->35M(64M), 0.0075445 secs]
Application time: 0.0044656 seconds
[GC pause (G1 Evacuation Pause) (mixed) 37M->32M(64M), 0.0108305 secs]
Application time: 0.0407880 seconds
[GC pause (G1 Evacuation Pause) (young) 52M->32M(64M), 0.0053288 secs]
Application time: 0.0401197 seconds
[GC pause (G1 Evacuation Pause) (young) (initial-mark) 52M->32M(64M), 0.0019188 secs]
[GC concurrent-root-region-scan-start]
[GC concurrent-root-region-scan-end, 0.0003541 secs]
[GC concurrent-mark-start]
Application time: 0.0784433 seconds
[GC pause (G1 Evacuation Pause) (young) 53M->32M(64M), 0.0018272 secs]
[GC concurrent-mark-end, 0.1081098 secs]
Application time: 0.0281513 seconds
[GC remark, 0.0078654 secs]
Application time: 0.0010191 seconds
[GC cleanup 41M->40M(64M), 0.0002599 secs]
[GC concurrent-cleanup-start]
[GC concurrent-cleanup-end, 0.0000131 secs]
Application time: 0.0243846 seconds
[GC pause (G1 Evacuation Pause) (young) 52M->37M(64M), 0.0103596 secs]
Application time: 0.0023173 seconds
[GC pause (G1 Evacuation Pause) (mixed) 38M->36M(64M), 0.0120183 secs]
Application time: 0.0381781 seconds
[GC pause (G1 Evacuation Pause) (young) 52M->36M(64M), 0.0116709 secs]
Application time: 0.0342212 seconds
[GC pause (G1 Evacuation Pause) (young) (initial-mark) 52M->37M(64M), 0.0031139 secs]
[GC concurrent-root-region-scan-start]
[GC concurrent-root-region-scan-end, 0.0015690 secs]
[GC concurrent-mark-start]
Application time: 0.0617962 seconds
[GC pause (G1 Evacuation Pause) (young) 53M->44M(64M), 0.0133245 secs]
[GC concurrent-mark-end, 0.1107356 secs]
Application time: 0.0371502 seconds
[GC remark, 0.0084546 secs]
Application time: 0.0000629 seconds
[GC cleanup 51M->46M(64M), 0.0002993 secs]
[GC concurrent-cleanup-start]
[GC concurrent-cleanup-end, 0.0000223 secs]
Application time: 0.0058673 seconds
[GC pause (G1 Evacuation Pause) (young) 47M->42M(64M), 0.0152348 secs]
Application time: 0.0068725 seconds
[GC pause (G1 Evacuation Pause) (mixed) 43M->40M(64M), 0.0174070 secs]
Application time: 0.0342523 seconds
[GC pause (G1 Evacuation Pause) (young) 51M->40M(64M), 0.0100178 secs]
Application time: 0.0310260 seconds
[GC pause (G1 Evacuation Pause) (young) (initial-mark) 51M->41M(64M), 0.0039919 secs]
[GC concurrent-root-region-scan-start]
[GC concurrent-root-region-scan-end, 0.0016244 secs]
[GC concurrent-mark-start]
Application time: 0.0558830 seconds
[GC pause (G1 Evacuation Pause) (young) 51M->43M(64M), 0.0056275 secs]
Application time: 0.0385509 seconds
[GC pause (G1 Evacuation Pause) (young) 53M->44M(64M), 0.0043954 secs]
[GC concurrent-mark-end, 0.1253540 secs]
Application time: 0.0183178 seconds
[GC remark, 0.0111799 secs]
Application time: 0.0000485 seconds
[GC cleanup 47M->41M(64M), 0.0003878 secs]
[GC concurrent-cleanup-start]
[GC concurrent-cleanup-end, 0.0000214 secs]
Application time: 0.0245265 seconds
[GC pause (G1 Evacuation Pause) (young) 47M->37M(64M), 0.0034980 secs]
Application time: 0.0060531 seconds
[GC pause (G1 Evacuation Pause) (mixed) 39M->33M(64M), 0.0065480 secs]
Application time: 0.0058656 seconds
[GC pause (G1 Evacuation Pause) (mixed) 35M->33M(64M), 0.0073161 secs]
Application time: 0.0443326 seconds
[GC pause (G1 Evacuation Pause) (young) 52M->33M(64M), 0.0028613 secs]
Application time: 0.0357314 seconds
[GC pause (G1 Evacuation Pause) (young) (initial-mark) 52M->33M(64M), 0.0018344 secs]
[GC concurrent-root-region-scan-start]
[GC concurrent-root-region-scan-end, 0.0005459 secs]
[GC concurrent-mark-start]
Application time: 0.0717945 seconds
[GC pause (G1 Evacuation Pause) (young) 53M->33M(64M), 0.0017439 secs]
[GC concurrent-mark-end, 0.0940052 secs]
Application time: 0.0169195 seconds
[GC remark, 0.0079116 secs]
Application time: 0.0000412 seconds
[GC cleanup 37M->37M(64M), 0.0002561 secs]
Application time: 0.0377338 seconds
[GC pause (G1 Evacuation Pause) (young) 53M->33M(64M), 0.0019544 secs]
Application time: 0.0044236 seconds
[GC pause (G1 Evacuation Pause) (mixed) 35M->31M(64M), 0.0105294 secs]
Application time: 0.0064884 seconds
[GC pause (G1 Evacuation Pause) (mixed) 33M->30M(64M), 0.0096598 secs]
Application time: 0.0429670 seconds
[GC pause (G1 Evacuation Pause) (young) 53M->35M(64M), 0.0128572 secs]
Application time: 0.0441383 seconds
[GC pause (G1 Evacuation Pause) (young) (initial-mark) 52M->42M(64M), 0.0158535 secs]
[GC concurrent-root-region-scan-start]
[GC concurrent-root-region-scan-end, 0.0103690 secs]
[GC concurrent-mark-start]
Application time: 0.0485754 seconds
[GC pause (G1 Evacuation Pause) (young) 52M->44M(64M), 0.0181145 secs]
Application time: 0.0476951 seconds
[GC pause (G1 Evacuation Pause) (young) 52M->46M(64M), 0.0113690 secs]
[GC concurrent-mark-end, 0.1312624 secs]
Application time: 0.0156270 seconds
[GC remark, 0.0085713 secs]
Application time: 0.0011929 seconds
[GC cleanup 49M->42M(64M), 0.0003379 secs]
[GC concurrent-cleanup-start]
[GC concurrent-cleanup-end, 0.0000398 secs]
Application time: 0.0106616 seconds
[GC pause (G1 Evacuation Pause) (young) 46M->40M(64M), 0.0074067 secs]
Application time: 0.0057330 seconds
[GC pause (G1 Evacuation Pause) (mixed) 42M->35M(64M), 0.0068870 secs]
Application time: 0.0054910 seconds
[GC pause (G1 Evacuation Pause) (mixed) 37M->35M(64M), 0.0079156 secs]
Application time: 0.0424816 seconds
[GC pause (G1 Evacuation Pause) (young) 51M->38M(64M), 0.0095470 secs]
Application time: 0.0303661 seconds
[GC pause (G1 Evacuation Pause) (young) (initial-mark) 51M->41M(64M), 0.0091009 secs]
[GC concurrent-root-region-scan-start]
[GC concurrent-root-region-scan-end, 0.0018243 secs]
[GC concurrent-mark-start]
Application time: 0.0434752 seconds
[GC pause (G1 Evacuation Pause) (young) 52M->42M(64M), 0.0070410 secs]
Application time: 0.0374517 seconds
[GC pause (G1 Evacuation Pause) (young) 52M->42M(64M), 0.0032690 secs]
[GC concurrent-mark-end, 0.1203005 secs]
Application time: 0.0265926 seconds
[GC remark, 0.0085126 secs]
Application time: 0.0005246 seconds
[GC cleanup 50M->47M(64M), 0.0002795 secs]
[GC concurrent-cleanup-start]
[GC concurrent-cleanup-end, 0.0000153 secs]
Application time: 0.0061148 seconds
[GC pause (G1 Evacuation Pause) (young) 50M->39M(64M), 0.0015157 secs]
Application time: 0.0043738 seconds
[GC pause (G1 Evacuation Pause) (mixed) 41M->33M(64M), 0.0029625 secs]
Application time: 0.0043422 seconds
[GC pause (G1 Evacuation Pause) (mixed) 35M->31M(64M), 0.0056859 secs]
Application time: 0.0391376 seconds
[GC pause (G1 Evacuation Pause) (young) 52M->31M(64M), 0.0040399 secs]
Application time: 0.0414393 seconds
[GC pause (G1 Evacuation Pause) (young) (initial-mark) 53M->36M(64M), 0.0068309 secs]
[GC concurrent-root-region-scan-start]
[GC concurrent-root-region-scan-end, 0.0022135 secs]
[GC concurrent-mark-start]
Application time: 0.0892872 seconds
[GC pause (G1 Evacuation Pause) (young) 53M->39M(64M), 0.0113560 secs]
[GC concurrent-mark-end, 0.1107926 secs]
Application time: 0.0122539 seconds
[GC remark, 0.0085482 secs]
Application time: 0.0013836 seconds
[GC cleanup 43M->40M(64M), 0.0003634 secs]
[GC concurrent-cleanup-start]
[GC concurrent-cleanup-end, 0.0000160 secs]
Application time: 0.0211352 seconds
[GC pause (G1 Evacuation Pause) (young) 50M->38M(64M), 0.0090979 secs]
Application time: 0.0021819 seconds
[GC pause (G1 Evacuation Pause) (mixed) 39M->34M(64M), 0.0127465 secs]
Application time: 0.0050843 seconds
[GC pause (G1 Evacuation Pause) (mixed) 36M->34M(64M), 0.0072808 secs]
Application time: 0.0373235 seconds
[GC pause (G1 Evacuation Pause) (young) 52M->37M(64M), 0.0054350 secs]
Application time: 0.0320339 seconds
[GC pause (G1 Evacuation Pause) (young) (initial-mark) 53M->38M(64M), 0.0051414 secs]
[GC concurrent-root-region-scan-start]
[GC concurrent-root-region-scan-end, 0.0003706 secs]
[GC concurrent-mark-start]
Application time: 0.0623904 seconds
[GC pause (G1 Evacuation Pause) (young) 53M->43M(64M), 0.0107476 secs]
[GC concurrent-mark-end, 0.1144068 secs]
Application time: 0.0415936 seconds
[GC remark, 0.0085192 secs]
Application time: 0.0000627 seconds
[GC cleanup 51M->51M(64M), 0.0002550 secs]
Application time: 0.0032626 seconds
[GC pause (G1 Evacuation Pause) (young) 52M->45M(64M), 0.0097072 secs]
Application time: 0.0030883 seconds
[GC pause (G1 Evacuation Pause) (mixed) 46M->41M(64M), 0.0098878 secs]
Application time: 0.0055201 seconds
[GC pause (G1 Evacuation Pause) (mixed) 43M->37M(64M), 0.0099995 secs]
Application time: 0.0332637 seconds
[GC pause (G1 Evacuation Pause) (young) 51M->38M(64M), 0.0060445 secs]
Application time: 0.0299703 seconds
[GC pause (G1 Evacuation Pause) (young) (initial-mark) 51M->41M(64M), 0.0052544 secs]
[GC concurrent-root-region-scan-start]
[GC concurrent-root-region-scan-end, 0.0014279 secs]
[GC concurrent-mark-start]
Application time: 0.0539001 seconds
[GC pause (G1 Evacuation Pause) (young) 53M->43M(64M), 0.0072615 secs]
Application time: 0.0409293 seconds
[GC pause (G1 Evacuation Pause) (young) 53M->44M(64M), 0.0059371 secs]
[GC concurrent-mark-end, 0.1089353 secs]
Application time: 0.0021029 seconds
[GC remark, 0.0084528 secs]
Application time: 0.0033897 seconds
[GC cleanup 45M->37M(64M), 0.0002534 secs]
[GC concurrent-cleanup-start]
[GC concurrent-cleanup-end, 0.0000249 secs]
Application time: 0.0164327 seconds
[GC pause (G1 Evacuation Pause) (young) 45M->35M(64M), 0.0038087 secs]
Application time: 0.0042169 seconds
[GC pause (G1 Evacuation Pause) (mixed) 37M->32M(64M), 0.0032037 secs]
Application time: 0.0361248 seconds
[GC pause (G1 Evacuation Pause) (young) 52M->32M(64M), 0.0026847 secs]
Application time: 0.0382104 seconds
[GC pause (G1 Evacuation Pause) (young) (initial-mark) 52M->37M(64M), 0.0064508 secs]
[GC concurrent-root-region-scan-start]
[GC concurrent-root-region-scan-end, 0.0022070 secs]
[GC concurrent-mark-start]
Application time: 0.0627416 seconds
[GC pause (G1 Evacuation Pause) (young) 53M->39M(64M), 0.0084230 secs]
[GC concurrent-mark-end, 0.0964337 secs]
Application time: 0.0227281 seconds
[GC remark, 0.0079321 secs]
Application time: 0.0000547 seconds
[GC cleanup 44M->42M(64M), 0.0002868 secs]
[GC concurrent-cleanup-start]
[GC concurrent-cleanup-end, 0.0000141 secs]
Application time: 0.0197902 seconds
[GC pause (G1 Evacuation Pause) (young) 50M->38M(64M), 0.0080511 secs]
Application time: 0.0062699 seconds
[GC pause (G1 Evacuation Pause) (mixed) 40M->34M(64M), 0.0075854 secs]
Application time: 0.0051427 seconds
[GC pause (G1 Evacuation Pause) (mixed) 36M->33M(64M), 0.0041837 secs]
Application time: 0.0484566 seconds
[GC pause (G1 Evacuation Pause) (young) 53M->35M(64M), 0.0055015 secs]
Application time: 0.0374889 seconds
[GC pause (G1 Evacuation Pause) (young) (initial-mark) 52M->40M(64M), 0.0099628 secs]
[GC concurrent-root-region-scan-start]
[GC concurrent-root-region-scan-end, 0.0056018 secs]
[GC concurrent-mark-start]
Application time: 0.0499845 seconds
[GC pause (G1 Evacuation Pause) (young) 51M->43M(64M), 0.0094815 secs]
Application time: 0.0380832 seconds
[GC pause (G1 Evacuation Pause) (young) 53M->45M(64M), 0.0083710 secs]
[GC concurrent-mark-end, 0.1068775 secs]
Application time: 0.0022987 seconds
[GC remark, 0.0074610 secs]
Application time: 0.0018572 seconds
[GC cleanup 46M->41M(64M), 0.0002427 secs]
[GC concurrent-cleanup-start]
[GC concurrent-cleanup-end, 0.0000142 secs]
Application time: 0.0176504 seconds
[GC pause (G1 Evacuation Pause) (young) 47M->41M(64M), 0.0061890 secs]
Application time: 0.0057137 seconds
[GC pause (G1 Evacuation Pause) (mixed) 43M->35M(64M), 0.0041481 secs]
Application time: 0.0052119 seconds
[GC pause (G1 Evacuation Pause) (mixed) 37M->33M(64M), 0.0046405 secs]
Application time: 0.0544377 seconds
[GC pause (G1 Evacuation Pause) (young) 51M->34M(64M), 0.0046471 secs]
Application time: 0.0371941 seconds
[GC pause (G1 Evacuation Pause) (young) (initial-mark) 52M->36M(64M), 0.0051662 secs]
[GC concurrent-root-region-scan-start]
[GC concurrent-root-region-scan-end, 0.0025109 secs]
[GC concurrent-mark-start]
Application time: 0.0568028 seconds
[GC pause (G1 Evacuation Pause) (young) 52M->38M(64M), 0.0064969 secs]
[GC concurrent-mark-end, 0.1097038 secs]
Application time: 0.0487926 seconds
[GC remark, 0.0073884 secs]
Application time: 0.0013414 seconds
[GC cleanup 51M->48M(64M), 0.0002269 secs]
[GC concurrent-cleanup-start]
[GC concurrent-cleanup-end, 0.0000127 secs]
Application time: 0.0021414 seconds
[GC pause (G1 Evacuation Pause) (young) 49M->36M(64M), 0.0062707 secs]
Application time: 0.0021141 seconds
[GC pause (G1 Evacuation Pause) (mixed) 37M->34M(64M), 0.0083835 secs]
Application time: 0.0047088 seconds
[GC pause (G1 Evacuation Pause) (mixed) 36M->35M(64M), 0.0088524 secs]
Application time: 0.0413701 seconds
[GC pause (G1 Evacuation Pause) (young) 51M->40M(64M), 0.0088888 secs]
Application time: 0.0346735 seconds
[GC pause (G1 Evacuation Pause) (young) (initial-mark) 52M->41M(64M), 0.0083424 secs]
[GC concurrent-root-region-scan-start]
[GC concurrent-root-region-scan-end, 0.0008996 secs]
[GC concurrent-mark-start]
[GC concurrent-mark-end, 0.0506436 secs]
Application time: 0.0516454 seconds
[GC remark, 0.0071169 secs]
Application time: 0.0000489 seconds
[GC cleanup 48M->42M(64M), 0.0002195 secs]
[GC concurrent-cleanup-start]
[GC concurrent-cleanup-end, 0.0000169 secs]
Application time: 0.0181240 seconds
[GC pause (G1 Evacuation Pause) (young) 47M->35M(64M), 0.0059145 secs]
Application time: 0.0022606 seconds
[GC pause (G1 Evacuation Pause) (mixed) 36M->32M(64M), 0.0063248 secs]
Application time: 0.0055225 seconds
[GC pause (G1 Evacuation Pause) (mixed) 34M->30M(64M), 0.0106518 secs]
Application time: 0.0407476 seconds
[GC pause (G1 Evacuation Pause) (young) 51M->32M(64M), 0.0077391 secs]
Application time: 0.0353882 seconds
[GC pause (G1 Evacuation Pause) (young) (initial-mark) 51M->34M(64M), 0.0041707 secs]
[GC concurrent-root-region-scan-start]
[GC concurrent-root-region-scan-end, 0.0003086 secs]
[GC concurrent-mark-start]
[GC concurrent-mark-end, 0.0505668 secs]
Application time: 0.0509482 seconds
[GC remark, 0.0070905 secs]
Application time: 0.0000488 seconds
[GC cleanup 43M->42M(64M), 0.0002321 secs]
[GC concurrent-cleanup-start]
[GC concurrent-cleanup-end, 0.0000092 secs]
Application time: 0.0214397 seconds
[GC pause (G1 Evacuation Pause) (young) 52M->33M(64M), 0.0041056 secs]
Application time: 0.0017057 seconds
[GC pause (G1 Evacuation Pause) (mixed) 34M->32M(64M), 0.0073615 secs]
Application time: 0.0423289 seconds
[GC pause (G1 Evacuation Pause) (young) 52M->38M(64M), 0.0116957 secs]
Application time: 0.0375893 seconds
[GC pause (G1 Evacuation Pause) (young) (initial-mark) 53M->39M(64M), 0.0084357 secs]
[GC concurrent-root-region-scan-start]
[GC concurrent-root-region-scan-end, 0.0010583 secs]
[GC concurrent-mark-start]
Application time: 0.0559989 seconds
[GC pause (G1 Evacuation Pause) (young) 52M->40M(64M), 0.0069433 secs]
Application time: 0.0365537 seconds
[GC pause (G1 Evacuation Pause) (young) 52M->43M(64M), 0.0059426 secs]
[GC concurrent-mark-end, 0.1230767 secs]
Application time: 0.0184067 seconds
[GC remark, 0.0074429 secs]
Application time: 0.0000574 seconds
[GC cleanup 49M->46M(64M), 0.0002751 secs]
[GC concurrent-cleanup-start]
[GC concurrent-cleanup-end, 0.0000123 secs]
Application time: 0.0076247 seconds
[GC pause (G1 Evacuation Pause) (young) 49M->41M(64M), 0.0055748 secs]
Application time: 0.0040888 seconds
[GC pause (G1 Evacuation Pause) (mixed) 43M->36M(64M), 0.0056778 secs]
Application time: 0.0040717 seconds
[GC pause (G1 Evacuation Pause) (mixed) 38M->34M(64M), 0.0063870 secs]
Application time: 0.0342679 seconds
[GC pause (G1 Evacuation Pause) (young) 52M->35M(64M), 0.0043035 secs]
Application time: 0.0369503 seconds
[GC pause (G1 Evacuation Pause) (young) (initial-mark) 52M->41M(64M), 0.0084486 secs]
[GC concurrent-root-region-scan-start]
[GC concurrent-root-region-scan-end, 0.0017800 secs]
[GC concurrent-mark-start]
Application time: 0.0671721 seconds
[GC pause (G1 Evacuation Pause) (young) 53M->42M(64M), 0.0082753 secs]
[GC concurrent-mark-end, 0.1125293 secs]
Application time: 0.0348106 seconds
[GC remark, 0.0069730 secs]
Application time: 0.0000439 seconds
[GC cleanup 51M->46M(64M), 0.0002445 secs]
[GC concurrent-cleanup-start]
[GC concurrent-cleanup-end, 0.0000132 secs]
Application time: 0.0105759 seconds
[GC pause (G1 Evacuation Pause) (young) 48M->37M(64M), 0.0065694 secs]
Application time: 0.0060087 seconds
[GC pause (G1 Evacuation Pause) (mixed) 38M->33M(64M), 0.0052870 secs]
Application time: 0.0057596 seconds
[GC pause (G1 Evacuation Pause) (mixed) 35M->31M(64M), 0.0076734 secs]
Application time: 0.0410366 seconds
[GC pause (G1 Evacuation Pause) (young) 51M->34M(64M), 0.0061252 secs]
Application time: 0.0345575 seconds
[GC pause (G1 Evacuation Pause) (young) (initial-mark) 52M->35M(64M), 0.0040445 secs]
[GC concurrent-root-region-scan-start]
[GC concurrent-root-region-scan-end, 0.0003769 secs]
[GC concurrent-mark-start]
Application time: 0.0596349 seconds
[GC pause (G1 Evacuation Pause) (young) 53M->35M(64M), 0.0038289 secs]
[GC concurrent-mark-end, 0.0745188 secs]
Application time: 0.0113095 seconds
[GC remark, 0.0132702 secs]
Application time: 0.0009834 seconds
[GC cleanup 39M->37M(64M), 0.0002504 secs]
[GC concurrent-cleanup-start]
[GC concurrent-cleanup-end, 0.0000226 secs]
Application time: 0.0283526 seconds
[GC pause (G1 Evacuation Pause) (young) 50M->39M(64M), 0.0082480 secs]
Application time: 0.0024481 seconds
[GC pause (G1 Evacuation Pause) (mixed) 40M->37M(64M), 0.0106547 secs]
Application time: 0.0394759 seconds
[GC pause (G1 Evacuation Pause) (young) 52M->38M(64M), 0.0089400 secs]
Application time: 0.0302608 seconds
[GC pause (G1 Evacuation Pause) (young) (initial-mark) 52M->38M(64M), 0.0025055 secs]
[GC concurrent-root-region-scan-start]
[GC concurrent-root-region-scan-end, 0.0011823 secs]
[GC concurrent-mark-start]
Application time: 0.0580909 seconds
[GC pause (G1 Evacuation Pause) (young) 52M->40M(64M), 0.0045732 secs]
[GC concurrent-mark-end, 0.0988496 secs]
Application time: 0.0372926 seconds
[GC remark, 0.0075218 secs]
Application time: 0.0000403 seconds
[GC cleanup 50M->45M(64M), 0.0002806 secs]
[GC concurrent-cleanup-start]
[GC concurrent-cleanup-end, 0.0000177 secs]
Application time: 0.0062510 seconds
[GC pause (G1 Evacuation Pause) (young) 48M->36M(64M), 0.0043499 secs]
Application time: 0.0046563 seconds
[GC pause (G1 Evacuation Pause) (mixed) 37M->34M(64M), 0.0064415 secs]
Application time: 0.0428031 seconds
[GC pause (G1 Evacuation Pause) (young) 53M->33M(64M), 0.0051798 secs]
Application time: 0.0344201 seconds
[GC pause (G1 Evacuation Pause) (young) (initial-mark) 52M->38M(64M), 0.0048924 secs]
[GC concurrent-root-region-scan-start]
[GC concurrent-root-region-scan-end, 0.0020038 secs]
[GC concurrent-mark-start]
Application time: 0.0595374 seconds
[GC pause (G1 Evacuation Pause) (young) 53M->41M(64M), 0.0071269 secs]
[GC concurrent-mark-end, 0.0850562 secs]
Application time: 0.0202672 seconds
[GC remark, 0.0072669 secs]
Application time: 0.0000416 seconds
[GC cleanup 47M->42M(64M), 0.0002541 secs]
[GC concurrent-cleanup-start]
[GC concurrent-cleanup-end, 0.0000141 secs]
Application time: 0.0125574 seconds
[GC pause (G1 Evacuation Pause) (young) 47M->37M(64M), 0.0057164 secs]
Application time: 0.0049500 seconds
[GC pause (G1 Evacuation Pause) (mixed) 39M->33M(64M), 0.0084234 secs]
Application time: 0.0047812 seconds
[GC pause (G1 Evacuation Pause) (mixed) 35M->32M(64M), 0.0084527 secs]
Application time: 0.0400115 seconds
[GC pause (G1 Evacuation Pause) (young) 52M->32M(64M), 0.0048028 secs]
Application time: 0.0639843 seconds
[GC pause (G1 Evacuation Pause) (young) (initial-mark) 52M->37M(64M), 0.0062300 secs]
[GC concurrent-root-region-scan-start]
[GC concurrent-root-region-scan-end, 0.0023366 secs]
[GC concurrent-mark-start]
Application time: 0.0807080 seconds
[GC pause (G1 Evacuation Pause) (young) 52M->41M(64M), 0.0120302 secs]
[GC concurrent-mark-end, 0.0988175 secs]
Application time: 0.0064685 seconds
[GC remark, 0.0069657 secs]
Application time: 0.0038224 seconds
[GC cleanup 43M->41M(64M), 0.0002994 secs]
[GC concurrent-cleanup-start]
[GC concurrent-cleanup-end, 0.0000085 secs]
Application time: 0.0236138 seconds
[GC pause (G1 Evacuation Pause) (young) 49M->41M(64M), 0.0098424 secs]
Application time: 0.0026835 seconds
[GC pause (G1 Evacuation Pause) (mixed) 42M->38M(64M), 0.0107415 secs]
Application time: 0.0056320 seconds
[GC pause (G1 Evacuation Pause) (mixed) 40M->39M(64M), 0.0080657 secs]
Application time: 0.0305762 seconds
[GC pause (G1 Evacuation Pause) (young) 52M->42M(64M), 0.0063787 secs]
Application time: 0.0249771 seconds
[GC pause (G1 Evacuation Pause) (young) (initial-mark) 53M->44M(64M), 0.0057554 secs]
[GC concurrent-root-region-scan-start]
[GC concurrent-root-region-scan-end, 0.0015052 secs]
[GC concurrent-mark-start]
Application time: 0.0368227 seconds
[GC pause (G1 Evacuation Pause) (young) 53M->45M(64M), 0.0049608 secs]
Application time: 0.0309066 seconds
[GC pause (G1 Evacuation Pause) (young) 54M->44M(64M), 0.0024616 secs]
[GC concurrent-mark-end, 0.0989653 secs]
Application time: 0.0250705 seconds
[GC remark, 0.0069462 secs]
Application time: 0.0000394 seconds
[GC cleanup 52M->48M(64M), 0.0002812 secs]
[GC concurrent-cleanup-start]
[GC concurrent-cleanup-end, 0.0000122 secs]
Application time: 0.0034490 seconds
[GC pause (G1 Evacuation Pause) (young) 49M->40M(64M), 0.0009267 secs]
Application time: 0.0041048 seconds
[GC pause (G1 Evacuation Pause) (mixed) 42M->34M(64M), 0.0022883 secs]
Application time: 0.0040041 seconds
[GC pause (G1 Evacuation Pause) (mixed) 36M->31M(64M), 0.0055263 secs]
Application time: 0.0090047 seconds
[GC pause (G1 Evacuation Pause) (mixed) 33M->31M(64M), 0.0044650 secs]
Application time: 0.0443988 seconds
[GC pause (G1 Evacuation Pause) (young) 52M->31M(64M), 0.0015067 secs]
Application time: 0.0395194 seconds
[GC pause (G1 Evacuation Pause) (young) (initial-mark) 53M->35M(64M), 0.0047969 secs]
[GC concurrent-root-region-scan-start]
[GC concurrent-root-region-scan-end, 0.0021246 secs]
[GC concurrent-mark-start]
[GC concurrent-mark-end, 0.0686874 secs]
Application time: 0.0708609 seconds
[GC remark, 0.0074788 secs]
Application time: 0.0000393 seconds
[GC cleanup 48M->47M(64M), 0.0002321 secs]
[GC concurrent-cleanup-start]
[GC concurrent-cleanup-end, 0.0000088 secs]
Application time: 0.0122731 seconds
[GC pause (G1 Evacuation Pause) (young) 52M->37M(64M), 0.0073320 secs]
Application time: 0.0023804 seconds
[GC pause (G1 Evacuation Pause) (mixed) 38M->33M(64M), 0.0100059 secs]
Application time: 0.0037870 seconds
[GC pause (G1 Evacuation Pause) (mixed) 35M->31M(64M), 0.0137432 secs]
Application time: 0.0389329 seconds
[GC pause (G1 Evacuation Pause) (young) 51M->34M(64M), 0.0054041 secs]
Application time: 0.0467309 seconds
[GC pause (G1 Evacuation Pause) (young) (initial-mark) 52M->36M(64M), 0.0058003 secs]
[GC concurrent-root-region-scan-start]
[GC concurrent-root-region-scan-end, 0.0016329 secs]
[GC concurrent-mark-start]
Application time: 0.0542643 seconds
[GC pause (G1 Evacuation Pause) (young) 52M->40M(64M), 0.0087151 secs]
[GC concurrent-mark-end, 0.0801010 secs]
Application time: 0.0186461 seconds
[GC remark, 0.0134471 secs]
Application time: 0.0034026 seconds
[GC cleanup 46M->46M(64M), 0.0002286 secs]
Application time: 0.0164497 seconds
[GC pause (G1 Evacuation Pause) (young) 52M->42M(64M), 0.0085995 secs]
Application time: 0.0037199 seconds
[GC pause (G1 Evacuation Pause) (mixed) 43M->39M(64M), 0.0096182 secs]
Application time: 0.0070069 seconds
[GC pause (G1 Evacuation Pause) (mixed) 41M->38M(64M), 0.0100183 secs]
Application time: 0.0335130 seconds
[GC pause (G1 Evacuation Pause) (young) 51M->38M(64M), 0.0052484 secs]
Application time: 0.0296763 seconds
[GC pause (G1 Evacuation Pause) (young) (initial-mark) 51M->41M(64M), 0.0043234 secs]
[GC concurrent-root-region-scan-start]
[GC concurrent-root-region-scan-end, 0.0013952 secs]
[GC concurrent-mark-start]
Application time: 0.0454629 seconds
[GC pause (G1 Evacuation Pause) (young) 52M->43M(64M), 0.0061971 secs]
Application time: 0.0287271 seconds
[GC pause (G1 Evacuation Pause) (young) 52M->45M(64M), 0.0071126 secs]
[GC concurrent-mark-end, 0.1206468 secs]
Application time: 0.0302435 seconds
[GC remark, 0.0070817 secs]
Application time: 0.0000416 seconds
[GC cleanup 52M->46M(64M), 0.0002511 secs]
[GC concurrent-cleanup-start]
[GC concurrent-cleanup-end, 0.0000188 secs]
Application time: 0.0038294 seconds
[GC pause (G1 Evacuation Pause) (young) 47M->40M(64M), 0.0039456 secs]
Application time: 0.0040094 seconds
[GC pause (G1 Evacuation Pause) (mixed) 42M->35M(64M), 0.0058710 secs]
Application time: 0.0072561 seconds
[GC pause (G1 Evacuation Pause) (mixed) 37M->34M(64M), 0.0060611 secs]
Application time: 0.0323249 seconds
[GC pause (G1 Evacuation Pause) (young) 51M->34M(64M), 0.0030531 secs]
Application time: 0.0469241 seconds
[GC pause (G1 Evacuation Pause) (young) (initial-mark) 52M->35M(64M), 0.0024729 secs]
[GC concurrent-root-region-scan-start]
[GC concurrent-root-region-scan-end, 0.0008963 secs]
[GC concurrent-mark-start]
Application time: 0.0732085 seconds
[GC pause (G1 Evacuation Pause) (young) 52M->40M(64M), 0.0084917 secs]
[GC concurrent-mark-end, 0.1084699 secs]
Application time: 0.0274860 seconds
[GC remark, 0.0074963 secs]
Application time: 0.0000399 seconds
[GC cleanup 45M->44M(64M), 0.0002567 secs]
[GC concurrent-cleanup-start]
[GC concurrent-cleanup-end, 0.0000082 secs]
Application time: 0.0178504 seconds
[GC pause (G1 Evacuation Pause) (young) 52M->41M(64M), 0.0091040 secs]
Application time: 0.0034088 seconds
[GC pause (G1 Evacuation Pause) (mixed) 42M->38M(64M), 0.0100495 secs]
Application time: 0.0303588 seconds
[GC pause (G1 Evacuation Pause) (young) 53M->41M(64M), 0.0088500 secs]
Application time: 0.0244875 seconds
[GC pause (G1 Evacuation Pause) (young) (initial-mark) 53M->42M(64M), 0.0062663 secs]
[GC concurrent-root-region-scan-start]
[GC concurrent-root-region-scan-end, 0.0016841 secs]
[GC concurrent-mark-start]
Application time: 0.0387873 seconds
[GC pause (G1 Evacuation Pause) (young) 52M->43M(64M), 0.0049872 secs]
Application time: 0.0393486 seconds
[GC pause (G1 Evacuation Pause) (young) 53M->43M(64M), 0.0036829 secs]
[GC concurrent-mark-end, 0.1215753 secs]
Application time: 0.0320642 seconds
[GC remark, 0.0096517 secs]
Application time: 0.0000459 seconds
[GC cleanup 50M->44M(64M), 0.0003104 secs]
[GC concurrent-cleanup-start]
[GC concurrent-cleanup-end, 0.0000187 secs]
Application time: 0.0090785 seconds
[GC pause (G1 Evacuation Pause) (young) 47M->37M(64M), 0.0018220 secs]
Application time: 0.0048964 seconds
[GC pause (G1 Evacuation Pause) (mixed) 39M->33M(64M), 0.0058998 secs]
Application time: 0.0045464 seconds
[GC pause (G1 Evacuation Pause) (mixed) 35M->30M(64M), 0.0072805 secs]
Application time: 0.0502049 seconds
[GC pause (G1 Evacuation Pause) (young) 52M->36M(64M), 0.0118363 secs]
Application time: 0.0431117 seconds
[GC pause (G1 Evacuation Pause) (young) (initial-mark) 51M->38M(64M), 0.0094741 secs]
[GC concurrent-root-region-scan-start]
[GC concurrent-root-region-scan-end, 0.0013052 secs]
[GC concurrent-mark-start]
Application time: 0.0648724 seconds
[GC pause (G1 Evacuation Pause) (young) 52M->41M(64M), 0.0093350 secs]
Application time: 0.0489268 seconds
[GC pause (G1 Evacuation Pause) (young) 53M->42M(64M), 0.0064751 secs]
[GC concurrent-mark-end, 0.1392595 secs]
Application time: 0.0027440 seconds
[GC remark, 0.0083415 secs]
Application time: 0.0000492 seconds
[GC cleanup 43M->39M(64M), 0.0002794 secs]
[GC concurrent-cleanup-start]
[GC concurrent-cleanup-end, 0.0000116 secs]
Application time: 0.0262334 seconds
[GC pause (G1 Evacuation Pause) (young) 48M->40M(64M), 0.0044365 secs]
Application time: 0.0045093 seconds
[GC pause (G1 Evacuation Pause) (mixed) 42M->35M(64M), 0.0043108 secs]
Application time: 0.0440588 seconds
[GC pause (G1 Evacuation Pause) (young) 52M->35M(64M), 0.0026747 secs]
Application time: 0.0341902 seconds
[GC pause (G1 Evacuation Pause) (young) (initial-mark) 52M->39M(64M), 0.0056289 secs]
[GC concurrent-root-region-scan-start]
[GC concurrent-root-region-scan-end, 0.0024011 secs]
[GC concurrent-mark-start]
Application time: 0.0570169 seconds
[GC pause (G1 Evacuation Pause) (young) 53M->42M(64M), 0.0087489 secs]
[GC concurrent-mark-end, 0.0997443 secs]
Application time: 0.0360618 seconds
[GC remark, 0.0085718 secs]
Application time: 0.0000454 seconds
[GC cleanup 49M->45M(64M), 0.0002571 secs]
[GC concurrent-cleanup-start]
[GC concurrent-cleanup-end, 0.0000190 secs]
Application time: 0.0098516 seconds
[GC pause (G1 Evacuation Pause) (young) 48M->39M(64M), 0.0069921 secs]
Application time: 0.0049250 seconds
[GC pause (G1 Evacuation Pause) (mixed) 41M->34M(64M), 0.0073425 secs]
Application time: 0.0049233 seconds
[GC pause (G1 Evacuation Pause) (mixed) 36M->32M(64M), 0.0085616 secs]
Application time: 0.0397826 seconds
[GC pause (G1 Evacuation Pause) (young) 51M->32M(64M), 0.0070763 secs]
Application time: 0.0406989 seconds
[GC pause (G1 Evacuation Pause) (young) (initial-mark) 52M->37M(64M), 0.0058252 secs]
[GC concurrent-root-region-scan-start]
[GC concurrent-root-region-scan-end, 0.0017724 secs]
[GC concurrent-mark-start]
Application time: 0.0685755 seconds
[GC pause (G1 Evacuation Pause) (young) 53M->41M(64M), 0.0161598 secs]
[GC concurrent-mark-end, 0.1212039 secs]
Application time: 0.0364197 seconds
[GC remark, 0.0080679 secs]
Application time: 0.0000374 seconds
[GC cleanup 50M->48M(64M), 0.0002501 secs]
[GC concurrent-cleanup-start]
[GC concurrent-cleanup-end, 0.0000116 secs]
Application time: 0.0120029 seconds
[GC pause (G1 Evacuation Pause) (young) 49M->42M(64M), 0.0144023 secs]
Application time: 0.0046760 seconds
[GC pause (G1 Evacuation Pause) (mixed) 43M->39M(64M), 0.0148859 secs]
Application time: 0.0342648 seconds
[GC pause (G1 Evacuation Pause) (young) 51M->40M(64M), 0.0107254 secs]
Application time: 0.0281581 seconds
[GC pause (G1 Evacuation Pause) (young) (initial-mark) 52M->40M(64M), 0.0027448 secs]
[GC concurrent-root-region-scan-start]
[GC concurrent-root-region-scan-end, 0.0011995 secs]
[GC concurrent-mark-start]
Application time: 0.0533219 seconds
[GC pause (G1 Evacuation Pause) (young) 53M->42M(64M), 0.0051301 secs]
Application time: 0.0358264 seconds
[GC pause (G1 Evacuation Pause) (young) 53M->44M(64M), 0.0072911 secs]
[GC concurrent-mark-end, 0.1153384 secs]
Application time: 0.0147412 seconds
[GC remark, 0.0083028 secs]
Application time: 0.0000411 seconds
[GC cleanup 49M->45M(64M), 0.0002994 secs]
[GC concurrent-cleanup-start]
[GC concurrent-cleanup-end, 0.0000144 secs]
Application time: 0.0091478 seconds
[GC pause (G1 Evacuation Pause) (young) 49M->42M(64M), 0.0091501 secs]
Application time: 0.0061058 seconds
[GC pause (G1 Evacuation Pause) (mixed) 43M->37M(64M), 0.0105562 secs]
Application time: 0.0058471 seconds
[GC pause (G1 Evacuation Pause) (mixed) 39M->36M(64M), 0.0099336 secs]
Application time: 0.0317718 seconds
[GC pause (G1 Evacuation Pause) (young) 51M->36M(64M), 0.0042819 secs]
Application time: 0.0304116 seconds
[GC pause (G1 Evacuation Pause) (young) (initial-mark) 51M->38M(64M), 0.0032075 secs]
[GC concurrent-root-region-scan-start]
[GC concurrent-root-region-scan-end, 0.0015517 secs]
[GC concurrent-mark-start]
Application time: 0.0539558 seconds
[GC pause (G1 Evacuation Pause) (young) 52M->41M(64M), 0.0062403 secs]
Application time: 0.0448468 seconds
[GC pause (G1 Evacuation Pause) (young) 52M->44M(64M), 0.0071591 secs]
[GC concurrent-mark-end, 0.1189530 secs]
Application time: 0.0080452 seconds
[GC remark, 0.0083905 secs]
Application time: 0.0000350 seconds
[GC cleanup 45M->43M(64M), 0.0002629 secs]
[GC concurrent-cleanup-start]
[GC concurrent-cleanup-end, 0.0000116 secs]
Application time: 0.0189455 seconds
[GC pause (G1 Evacuation Pause) (young) 51M->43M(64M), 0.0066046 secs]
Application time: 0.0053897 seconds
[GC pause (G1 Evacuation Pause) (mixed) 45M->39M(64M), 0.0094953 secs]
Application time: 0.0054574 seconds
[GC pause (G1 Evacuation Pause) (mixed) 41M->39M(64M), 0.0057143 secs]
Application time: 0.0313765 seconds
[GC pause (G1 Evacuation Pause) (young) 53M->40M(64M), 0.0046973 secs]
Application time: 0.0274507 seconds
[GC pause (G1 Evacuation Pause) (young) (initial-mark) 53M->40M(64M), 0.0037868 secs]
[GC concurrent-root-region-scan-start]
[GC concurrent-root-region-scan-end, 0.0016468 secs]
[GC concurrent-mark-start]
Application time: 0.0665542 seconds
[GC pause (G1 Evacuation Pause) (young) 53M->41M(64M), 0.0063561 secs]
Application time: 0.0403116 seconds
[GC concurrent-mark-end, 0.1158401 secs]
[GC pause (G1 Evacuation Pause) (young) 52M->46M(64M), 0.0074177 secs]
Application time: 0.0000809 seconds
[GC remark, 0.0084817 secs]
Application time: 0.0031307 seconds
[GC cleanup 47M->43M(64M), 0.0003576 secs]
[GC concurrent-cleanup-start]
[GC concurrent-cleanup-end, 0.0000233 secs]
Application time: 0.0157301 seconds
[GC pause (G1 Evacuation Pause) (young) 49M->44M(64M), 0.0081333 secs]
Application time: 0.0025821 seconds
[GC pause (G1 Evacuation Pause) (mixed) 45M->41M(64M), 0.0103660 secs]
Application time: 0.0056146 seconds
[GC pause (G1 Evacuation Pause) (mixed) 43M->39M(64M), 0.0147653 secs]
Application time: 0.0379286 seconds
[GC pause (G1 Evacuation Pause) (young) 51M->40M(64M), 0.0093472 secs]
Application time: 0.0310393 seconds
[GC pause (G1 Evacuation Pause) (young) (initial-mark) 52M->41M(64M), 0.0038589 secs]
[GC concurrent-root-region-scan-start]
[GC concurrent-root-region-scan-end, 0.0016857 secs]
[GC concurrent-mark-start]
Application time: 0.0493578 seconds
[GC pause (G1 Evacuation Pause) (young) 52M->42M(64M), 0.0065585 secs]
Application time: 0.0616904 seconds
[GC pause (G1 Evacuation Pause) (young) 52M->44M(64M), 0.0061190 secs]
[GC concurrent-mark-end, 0.1309221 secs]
Application time: 0.0039802 seconds
[GC remark, 0.0089392 secs]
Application time: 0.0015401 seconds
[GC cleanup 45M->42M(64M), 0.0004492 secs]
[GC concurrent-cleanup-start]
[GC concurrent-cleanup-end, 0.0000124 secs]
Application time: 0.0171060 seconds
[GC pause (G1 Evacuation Pause) (young) 49M->42M(64M), 0.0047492 secs]
Application time: 0.0043865 seconds
[GC pause (G1 Evacuation Pause) (mixed) 44M->39M(64M), 0.0065380 secs]
Application time: 0.0044208 seconds
[GC pause (G1 Evacuation Pause) (mixed) 41M->35M(64M), 0.0113220 secs]
Application time: 0.0043793 seconds
[GC pause (G1 Evacuation Pause) (mixed) 37M->34M(64M), 0.0088611 secs]
Application time: 0.0336329 seconds
[GC pause (G1 Evacuation Pause) (young) 50M->34M(64M), 0.0027555 secs]
Application time: 0.0387036 seconds
[GC pause (G1 Evacuation Pause) (young) (initial-mark) 51M->34M(64M), 0.0017956 secs]
[GC concurrent-root-region-scan-start]
[GC concurrent-root-region-scan-end, 0.0003737 secs]
[GC concurrent-mark-start]
[GC concurrent-mark-end, 0.0518137 secs]
Application time: 0.0522810 seconds
[GC remark, 0.0087645 secs]
Application time: 0.0000706 seconds
[GC cleanup 43M->43M(64M), 0.0002935 secs]
Application time: 0.0248281 seconds
[GC pause (G1 Evacuation Pause) (young) 52M->39M(64M), 0.0079759 secs]
Application time: 0.0026348 seconds
[GC pause (G1 Evacuation Pause) (mixed) 40M->36M(64M), 0.0123613 secs]
Application time: 0.0050237 seconds
[GC pause (G1 Evacuation Pause) (mixed) 38M->35M(64M), 0.0137671 secs]
Application time: 0.0450282 seconds
[GC pause (G1 Evacuation Pause) (young) 52M->37M(64M), 0.0098396 secs]
Application time: 0.0440966 seconds
[GC pause (G1 Evacuation Pause) (young) (initial-mark) 52M->38M(64M), 0.0077738 secs]
[GC concurrent-root-region-scan-start]
[GC concurrent-root-region-scan-end, 0.0127701 secs]
[GC concurrent-mark-start]
Application time: 0.0988435 seconds
[GC pause (G1 Evacuation Pause) (young) 53M->39M(64M), 0.0082154 secs]
[GC concurrent-mark-end, 0.1316831 secs]
Application time: 0.0356201 seconds
[GC remark, 0.0088227 secs]
Application time: 0.0020935 seconds
[GC cleanup 47M->43M(64M), 0.0004261 secs]
[GC concurrent-cleanup-start]
[GC concurrent-cleanup-end, 0.0000141 secs]
Application time: 0.0122043 seconds
[GC pause (G1 Evacuation Pause) (young) 48M->35M(64M), 0.0074081 secs]
Application time: 0.0056738 seconds
[GC pause (G1 Evacuation Pause) (mixed) 36M->32M(64M), 0.0075804 secs]
Application time: 0.0477160 seconds
[GC pause (G1 Evacuation Pause) (young) 51M->38M(64M), 0.0114069 secs]
Application time: 0.0413899 seconds
[GC pause (G1 Evacuation Pause) (young) (initial-mark) 52M->39M(64M), 0.0091501 secs]
[GC concurrent-root-region-scan-start]
[GC concurrent-root-region-scan-end, 0.0018503 secs]
[GC concurrent-mark-start]
Application time: 0.0509932 seconds
[GC pause (G1 Evacuation Pause) (young) 51M->40M(64M), 0.0072725 secs]
Application time: 0.0521616 seconds
[GC pause (G1 Evacuation Pause) (young) 52M->40M(64M), 0.0042669 secs]
[GC concurrent-mark-end, 0.1207726 secs]
Application time: 0.0076592 seconds
[GC remark, 0.0074691 secs]
Application time: 0.0000578 seconds
[GC cleanup 43M->39M(64M), 0.0002526 secs]
[GC concurrent-cleanup-start]
[GC concurrent-cleanup-end, 0.0000134 secs]
Application time: 0.0208715 seconds
[GC pause (G1 Evacuation Pause) (young) 48M->38M(64M), 0.0045820 secs]
Application time: 0.0036266 seconds
[GC pause (G1 Evacuation Pause) (mixed) 39M->35M(64M), 0.0094273 secs]
Application time: 0.0060532 seconds
[GC pause (G1 Evacuation Pause) (mixed) 37M->35M(64M), 0.0087026 secs]
Application time: 0.0362366 seconds
[GC pause (G1 Evacuation Pause) (young) 52M->38M(64M), 0.0058895 secs]
Application time: 0.0286775 seconds
[GC pause (G1 Evacuation Pause) (young) (initial-mark) 52M->38M(64M), 0.0051766 secs]
[GC concurrent-root-region-scan-start]
[GC concurrent-root-region-scan-end, 0.0004079 secs]
[GC concurrent-mark-start]
Application time: 0.0583705 seconds
[GC pause (G1 Evacuation Pause) (young) 52M->40M(64M), 0.0052933 secs]
[GC concurrent-mark-end, 0.1092705 secs]
Application time: 0.0459072 seconds
[GC remark, 0.0076180 secs]
Application time: 0.0000565 seconds
[GC cleanup 51M->51M(64M), 0.0002535 secs]
Application time: 0.0044564 seconds
[GC pause (G1 Evacuation Pause) (young) 53M->45M(64M), 0.0085991 secs]
Application time: 0.0030530 seconds
[GC pause (G1 Evacuation Pause) (mixed) 46M->40M(64M), 0.0102362 secs]
Application time: 0.0062133 seconds
[GC pause (G1 Evacuation Pause) (mixed) 42M->38M(64M), 0.0093936 secs]
Application time: 0.0364500 seconds
[GC pause (G1 Evacuation Pause) (young) 51M->39M(64M), 0.0045151 secs]
Application time: 0.0305212 seconds
[GC pause (G1 Evacuation Pause) (young) (initial-mark) 52M->39M(64M), 0.0018458 secs]
[GC concurrent-root-region-scan-start]
[GC concurrent-root-region-scan-end, 0.0007473 secs]
[GC concurrent-mark-start]
Application time: 0.0572569 seconds
[GC pause (G1 Evacuation Pause) (young) 52M->41M(64M), 0.0045167 secs]
Application time: 0.0427361 seconds
[GC pause (G1 Evacuation Pause) (young) 53M->41M(64M), 0.0044091 secs]
[GC concurrent-mark-end, 0.1244742 secs]
Application time: 0.0160052 seconds
[GC remark, 0.0069924 secs]
Application time: 0.0000560 seconds
[GC cleanup 46M->41M(64M), 0.0002155 secs]
[GC concurrent-cleanup-start]
[GC concurrent-cleanup-end, 0.0000144 secs]
Application time: 0.0145636 seconds
[GC pause (G1 Evacuation Pause) (young) 48M->37M(64M), 0.0035066 secs]
Application time: 0.0043007 seconds
[GC pause (G1 Evacuation Pause) (mixed) 39M->33M(64M), 0.0068842 secs]
Application time: 0.0043555 seconds
[GC pause (G1 Evacuation Pause) (mixed) 35M->33M(64M), 0.0042988 secs]
Application time: 0.0403602 seconds
[GC pause (G1 Evacuation Pause) (young) 52M->39M(64M), 0.0070345 secs]
Application time: 0.0325274 seconds
[GC pause (G1 Evacuation Pause) (young) (initial-mark) 52M->41M(64M), 0.0082906 secs]
[GC concurrent-root-region-scan-start]
[GC concurrent-root-region-scan-end, 0.0027986 secs]
[GC concurrent-mark-start]
Application time: 0.0731658 seconds
[GC pause (G1 Evacuation Pause) (young) 53M->43M(64M), 0.0071628 secs]
[GC concurrent-mark-end, 0.0926200 secs]
Application time: 0.0150337 seconds
[GC remark, 0.0075018 secs]
Application time: 0.0000493 seconds
[GC cleanup 45M->39M(64M), 0.0002391 secs]
[GC concurrent-cleanup-start]
[GC concurrent-cleanup-end, 0.0000165 secs]
Application time: 0.0236715 seconds
[GC pause (G1 Evacuation Pause) (young) 47M->39M(64M), 0.0070859 secs]
Application time: 0.0038494 seconds
[GC pause (G1 Evacuation Pause) (mixed) 40M->35M(64M), 0.0075916 secs]
Application time: 0.0038204 seconds
[GC pause (G1 Evacuation Pause) (mixed) 37M->34M(64M), 0.0100463 secs]
Application time: 0.0354829 seconds
[GC pause (G1 Evacuation Pause) (young) 51M->36M(64M), 0.0066851 secs]
Application time: 0.0316181 seconds
[GC pause (G1 Evacuation Pause) (young) (initial-mark) 51M->37M(64M), 0.0035825 secs]
[GC concurrent-root-region-scan-start]
[GC concurrent-root-region-scan-end, 0.0003782 secs]
[GC concurrent-mark-start]
Application time: 0.0563290 seconds
[GC pause (G1 Evacuation Pause) (young) 53M->36M(64M), 0.0027719 secs]
[GC concurrent-mark-end, 0.0946792 secs]
Application time: 0.0358804 seconds
[GC remark, 0.0072618 secs]
Application time: 0.0000472 seconds
[GC cleanup 46M->44M(64M), 0.0002192 secs]
[GC concurrent-cleanup-start]
[GC concurrent-cleanup-end, 0.0000104 secs]
Application time: 0.0142258 seconds
[GC pause (G1 Evacuation Pause) (young) 50M->40M(64M), 0.0080956 secs]
Application time: 0.0025376 seconds
[GC pause (G1 Evacuation Pause) (mixed) 41M->37M(64M), 0.0105837 secs]
Application time: 0.0049953 seconds
[GC pause (G1 Evacuation Pause) (mixed) 39M->37M(64M), 0.0098414 secs]
Application time: 0.0409882 seconds
[GC pause (G1 Evacuation Pause) (young) 52M->37M(64M), 0.0035558 secs]
Application time: 0.0334084 seconds
[GC pause (G1 Evacuation Pause) (young) (initial-mark) 52M->38M(64M), 0.0035878 secs]
[GC concurrent-root-region-scan-start]
[GC concurrent-root-region-scan-end, 0.0017832 secs]
[GC concurrent-mark-start]
Application time: 0.0666204 seconds
[GC pause (G1 Evacuation Pause) (young) 52M->39M(64M), 0.0090476 secs]
[GC concurrent-mark-end, 0.1036050 secs]
Application time: 0.0296253 seconds
[GC remark, 0.0074869 secs]
Application time: 0.0000590 seconds
[GC cleanup 47M->42M(64M), 0.0002310 secs]
[GC concurrent-cleanup-start]
[GC concurrent-cleanup-end, 0.0000152 secs]
Application time: 0.0103999 seconds
[GC pause (G1 Evacuation Pause) (young) 47M->35M(64M), 0.0051519 secs]
Application time: 0.0042291 seconds
[GC pause (G1 Evacuation Pause) (mixed) 37M->32M(64M), 0.0078562 secs]
Application time: 0.0411945 seconds
[GC pause (G1 Evacuation Pause) (young) 53M->31M(64M), 0.0043520 secs]
Application time: 0.0455811 seconds
[GC pause (G1 Evacuation Pause) (young) (initial-mark) 52M->37M(64M), 0.0087034 secs]
[GC concurrent-root-region-scan-start]
[GC concurrent-root-region-scan-end, 0.0024526 secs]
[GC concurrent-mark-start]
Application time: 0.0720230 seconds
[GC pause (G1 Evacuation Pause) (young) 52M->39M(64M), 0.0082752 secs]
[GC concurrent-mark-end, 0.1144465 secs]
Application time: 0.0365117 seconds
[GC remark, 0.0070717 secs]
Application time: 0.0000513 seconds
[GC cleanup 49M->46M(64M), 0.0002188 secs]
[GC concurrent-cleanup-start]
[GC concurrent-cleanup-end, 0.0000131 secs]
Application time: 0.0104068 seconds
[GC pause (G1 Evacuation Pause) (young) 51M->37M(64M), 0.0077107 secs]
Application time: 0.0015588 seconds
[GC pause (G1 Evacuation Pause) (mixed) 38M->34M(64M), 0.0075911 secs]
Application time: 0.0402244 seconds
[GC pause (G1 Evacuation Pause) (young) 53M->37M(64M), 0.0095931 secs]
Application time: 0.0300489 seconds
[GC pause (G1 Evacuation Pause) (young) (initial-mark) 52M->38M(64M), 0.0075628 secs]
[GC concurrent-root-region-scan-start]
[GC concurrent-root-region-scan-end, 0.0004315 secs]
[GC concurrent-mark-start]
Application time: 0.0605553 seconds
[GC pause (G1 Evacuation Pause) (young) 54M->39M(64M), 0.0045413 secs]
Application time: 0.0547202 seconds
[GC concurrent-mark-end, 0.1196064 secs]
[GC pause (G1 Evacuation Pause) (young) 54M->42M(64M), 0.0058768 secs]
Application time: 0.0001648 seconds
[GC remark, 0.0070556 secs]
Application time: 0.0024322 seconds
[GC cleanup 43M->40M(64M), 0.0002160 secs]
[GC concurrent-cleanup-start]
[GC concurrent-cleanup-end, 0.0000102 secs]
Application time: 0.0205386 seconds
[GC pause (G1 Evacuation Pause) (young) 49M->41M(64M), 0.0083860 secs]
Application time: 0.0030501 seconds
[GC pause (G1 Evacuation Pause) (mixed) 42M->38M(64M), 0.0091602 secs]
Application time: 0.0059324 seconds
[GC pause (G1 Evacuation Pause) (mixed) 40M->37M(64M), 0.0085170 secs]
Application time: 0.0342658 seconds
[GC pause (G1 Evacuation Pause) (young) 52M->37M(64M), 0.0027637 secs]
Application time: 0.0321102 seconds
[GC pause (G1 Evacuation Pause) (young) (initial-mark) 52M->38M(64M), 0.0038191 secs]
[GC concurrent-root-region-scan-start]
[GC concurrent-root-region-scan-end, 0.0013128 secs]
[GC concurrent-mark-start]
Application time: 0.0704368 seconds
[GC pause (G1 Evacuation Pause) (young) 52M->39M(64M), 0.0042466 secs]
[GC concurrent-mark-end, 0.1160698 secs]
Application time: 0.0386599 seconds
[GC remark, 0.0079404 secs]
Application time: 0.0000325 seconds
[GC cleanup 49M->46M(64M), 0.0002958 secs]
[GC concurrent-cleanup-start]
[GC concurrent-cleanup-end, 0.0000165 secs]
Application time: 0.0119854 seconds
[GC pause (G1 Evacuation Pause) (young) 50M->41M(64M), 0.0096211 secs]
Application time: 0.0029647 seconds
[GC pause (G1 Evacuation Pause) (mixed) 42M->38M(64M), 0.0138412 secs]
Application time: 0.0112204 seconds
[GC pause (G1 Evacuation Pause) (mixed) 40M->37M(64M), 0.0137716 secs]
Application time: 0.0422331 seconds
[GC pause (G1 Evacuation Pause) (young) 50M->39M(64M), 0.0089378 secs]
Application time: 0.0340141 seconds
[GC pause (G1 Evacuation Pause) (young) (initial-mark) 51M->41M(64M), 0.0071407 secs]
[GC concurrent-root-region-scan-start]
[GC concurrent-root-region-scan-end, 0.0025211 secs]
[GC concurrent-mark-start]
Application time: 0.0581129 seconds
[GC pause (G1 Evacuation Pause) (young) 53M->43M(64M), 0.0099641 secs]
[GC concurrent-mark-end, 0.1088130 secs]
Application time: 0.0431516 seconds
[GC remark, 0.0080975 secs]
Application time: 0.0000313 seconds
[GC cleanup 52M->47M(64M), 0.0002924 secs]
[GC concurrent-cleanup-start]
[GC concurrent-cleanup-end, 0.0000200 secs]
Application time: 0.0013111 seconds
[GC pause (G1 Evacuation Pause) (young) 47M->41M(64M), 0.0101856 secs]
Application time: 0.0026718 seconds
[GC pause (G1 Evacuation Pause) (mixed) 42M->38M(64M), 0.0112837 secs]
Application time: 0.0051075 seconds
[GC pause (G1 Evacuation Pause) (mixed) 40M->36M(64M), 0.0143116 secs]
Application time: 0.0355463 seconds
[GC pause (G1 Evacuation Pause) (young) 51M->36M(64M), 0.0060763 secs]
Application time: 0.0300957 seconds
[GC pause (G1 Evacuation Pause) (young) (initial-mark) 51M->36M(64M), 0.0016063 secs]
[GC concurrent-root-region-scan-start]
[GC concurrent-root-region-scan-end, 0.0003902 secs]
[GC concurrent-mark-start]
Application time: 0.0632121 seconds
[GC pause (G1 Evacuation Pause) (young) 52M->36M(64M), 0.0015722 secs]
[GC concurrent-mark-end, 0.1115998 secs]
Application time: 0.0470383 seconds
[GC remark, 0.0075667 secs]
Application time: 0.0000403 seconds
[GC cleanup 49M->47M(64M), 0.0002489 secs]
[GC concurrent-cleanup-start]
[GC concurrent-cleanup-end, 0.0000126 secs]
Application time: 0.0058009 seconds
[GC pause (G1 Evacuation Pause) (young) 50M->34M(64M), 0.0011728 secs]
Application time: 0.0043832 seconds
[GC pause (G1 Evacuation Pause) (mixed) 36M->30M(64M), 0.0063586 secs]
Application time: 0.0037442 seconds
[GC pause (G1 Evacuation Pause) (mixed) 32M->30M(64M), 0.0077312 secs]
Application time: 0.0361210 seconds
[GC pause (G1 Evacuation Pause) (young) 52M->32M(64M), 0.0056420 secs]
Application time: 0.0383103 seconds
[GC pause (G1 Evacuation Pause) (young) (initial-mark) 52M->36M(64M), 0.0088907 secs]
[GC concurrent-root-region-scan-start]
[GC concurrent-root-region-scan-end, 0.0038527 secs]
[GC concurrent-mark-start]
Application time: 0.0649089 seconds
[GC pause (G1 Evacuation Pause) (young) 53M->40M(64M), 0.0114033 secs]
[GC concurrent-mark-end, 0.1130508 secs]
Application time: 0.0405100 seconds
[GC remark, 0.0087615 secs]
Application time: 0.0000439 seconds
[GC cleanup 48M->46M(64M), 0.0003364 secs]
[GC concurrent-cleanup-start]
[GC concurrent-cleanup-end, 0.0000141 secs]
Application time: 0.0162420 seconds
[GC pause (G1 Evacuation Pause) (young) 50M->41M(64M), 0.0136907 secs]
Application time: 0.0042069 seconds
[GC pause (G1 Evacuation Pause) (mixed) 42M->39M(64M), 0.0134238 secs]
Application time: 0.0074094 seconds
[GC pause (G1 Evacuation Pause) (mixed) 41M->38M(64M), 0.0106321 secs]
Application time: 0.0366031 seconds
[GC pause (G1 Evacuation Pause) (young) 51M->42M(64M), 0.0067876 secs]
Application time: 0.0288504 seconds
[GC pause (G1 Evacuation Pause) (young) (initial-mark) 52M->46M(64M), 0.0113568 secs]
[GC concurrent-root-region-scan-start]
[GC concurrent-root-region-scan-end, 0.0053235 secs]
[GC concurrent-mark-start]
Application time: 0.0441768 seconds
[GC pause (G1 Evacuation Pause) (young) 52M->49M(64M), 0.0114501 secs]
[GC concurrent-mark-end, 0.0708383 secs]
Application time: 0.0204221 seconds
[GC remark, 0.0069141 secs]
Application time: 0.0000470 seconds
[GC cleanup 52M->45M(64M), 0.0002829 secs]
[GC concurrent-cleanup-start]
[GC concurrent-cleanup-end, 0.0000240 secs]
Application time: 0.0041021 seconds
[GC pause (G1 Evacuation Pause) (young) 46M->43M(64M), 0.0051184 secs]
Application time: 0.0067985 seconds
[GC pause (G1 Evacuation Pause) (mixed) 45M->36M(64M), 0.0128940 secs]
Application time: 0.0055483 seconds
[GC pause (G1 Evacuation Pause) (mixed) 38M->34M(64M), 0.0091149 secs]
Application time: 0.0381121 seconds
[GC pause (G1 Evacuation Pause) (young) 49M->34M(64M), 0.0053185 secs]
Application time: 0.0342828 seconds
[GC pause (G1 Evacuation Pause) (young) (initial-mark) 50M->34M(64M), 0.0015810 secs]
[GC concurrent-root-region-scan-start]
[GC concurrent-root-region-scan-end, 0.0004735 secs]
[GC concurrent-mark-start]
Application time: 0.0673721 seconds
[GC pause (G1 Evacuation Pause) (young) 51M->34M(64M), 0.0016461 secs]
[GC concurrent-mark-end, 0.1209923 secs]
Application time: 0.0472682 seconds
[GC remark, 0.0076131 secs]
Application time: 0.0000588 seconds
[GC cleanup 47M->47M(64M), 0.0002989 secs]
Application time: 0.0086173 seconds
[GC pause (G1 Evacuation Pause) (young) 52M->34M(64M), 0.0013608 secs]
Application time: 0.0062741 seconds
[GC pause (G1 Evacuation Pause) (mixed) 36M->30M(64M), 0.0058362 secs]
Application time: 0.0045886 seconds
[GC pause (G1 Evacuation Pause) (mixed) 32M->30M(64M), 0.0053565 secs]
Application time: 0.0352339 seconds
[GC pause (G1 Evacuation Pause) (young) 52M->30M(64M), 0.0027131 secs]
Application time: 0.0355168 seconds
[GC pause (G1 Evacuation Pause) (young) (initial-mark) 52M->30M(64M), 0.0017154 secs]
[GC concurrent-root-region-scan-start]
[GC concurrent-root-region-scan-end, 0.0004752 secs]
[GC concurrent-mark-start]
Application time: 0.0729389 seconds
[GC pause (G1 Evacuation Pause) (young) 53M->39M(64M), 0.0107490 secs]
[GC concurrent-mark-end, 0.1162428 secs]
Application time: 0.0329115 seconds
[GC remark, 0.0070721 secs]
Application time: 0.0000497 seconds
[GC cleanup 46M->46M(64M), 0.0002358 secs]
Application time: 0.0165748 seconds
[GC pause (G1 Evacuation Pause) (young) 51M->43M(64M), 0.0135141 secs]
Application time: 0.0042298 seconds
[GC pause (G1 Evacuation Pause) (mixed) 44M->43M(64M), 0.0149912 secs]
Application time: 0.0302493 seconds
[GC pause (G1 Evacuation Pause) (young) 51M->44M(64M), 0.0104170 secs]
Application time: 0.0216073 seconds
[GC pause (G1 Evacuation Pause) (young) (initial-mark) 52M->46M(64M), 0.0045421 secs]
[GC concurrent-root-region-scan-start]
[GC concurrent-root-region-scan-end, 0.0012449 secs]
[GC concurrent-mark-start]
[GC concurrent-mark-end, 0.0514303 secs]
Application time: 0.0526951 seconds
[GC pause (G1 Evacuation Pause) (young) 52M->50M(64M), 0.0088525 secs]
Application time: 0.0030088 seconds
[GC remark, 0.0071798 secs]
Application time: 0.0008579 seconds
[GC cleanup 51M->40M(64M), 0.0002405 secs]
[GC concurrent-cleanup-start]
[GC concurrent-cleanup-end, 0.0000270 secs]
Application time: 0.0048789 seconds
[GC pause (G1 Evacuation Pause) (young) 42M->42M(64M), 0.0089389 secs]
Application time: 0.0068986 seconds
[GC pause (G1 Evacuation Pause) (mixed) 44M->38M(64M), 0.0099798 secs]
Application time: 0.0077868 seconds
[GC pause (G1 Evacuation Pause) (mixed) 40M->38M(64M), 0.0096114 secs]
Application time: 0.0326297 seconds
[GC pause (G1 Evacuation Pause) (young) 49M->41M(64M), 0.0073028 secs]
Application time: 0.0263273 seconds
[GC pause (G1 Evacuation Pause) (young) (initial-mark) 51M->42M(64M), 0.0043879 secs]
[GC concurrent-root-region-scan-start]
[GC concurrent-root-region-scan-end, 0.0005178 secs]
[GC concurrent-mark-start]
Application time: 0.0470220 seconds
[GC pause (G1 Evacuation Pause) (young) 52M->41M(64M), 0.0033880 secs]
Application time: 0.0370309 seconds
[GC pause (G1 Evacuation Pause) (young) 51M->41M(64M), 0.0013969 secs]
[GC concurrent-mark-end, 0.1106516 secs]
Application time: 0.0180363 seconds
[GC remark, 0.0070237 secs]
Application time: 0.0000480 seconds
[GC cleanup 46M->43M(64M), 0.0002490 secs]
[GC concurrent-cleanup-start]
[GC concurrent-cleanup-end, 0.0000135 secs]
Application time: 0.0148657 seconds
[GC pause (G1 Evacuation Pause) (young) 49M->38M(64M), 0.0013465 secs]
Application time: 0.0078462 seconds
[GC pause (G1 Evacuation Pause) (mixed) 40M->32M(64M), 0.0026913 secs]
Application time: 0.0078369 seconds
[GC pause (G1 Evacuation Pause) (mixed) 34M->29M(64M), 0.0059697 secs]
Application time: 0.0399591 seconds
[GC pause (G1 Evacuation Pause) (young) 50M->29M(64M), 0.0049917 secs]
Application time: 0.0370871 seconds
[GC pause (G1 Evacuation Pause) (young) (initial-mark) 51M->29M(64M), 0.0019076 secs]
[GC concurrent-root-region-scan-start]
[GC concurrent-root-region-scan-end, 0.0004988 secs]
[GC concurrent-mark-start]
Application time: 0.0721612 seconds
[GC pause (G1 Evacuation Pause) (young) 52M->31M(64M), 0.0031921 secs]
[GC concurrent-mark-end, 0.1145251 secs]
Application time: 0.0395406 seconds
[GC remark, 0.0072182 secs]
Application time: 0.0000577 seconds
[GC cleanup 44M->44M(64M), 0.0002340 secs]
Application time: 0.0181794 seconds
[GC pause (G1 Evacuation Pause) (young) 52M->35M(64M), 0.0092754 secs]
Application time: 0.0387928 seconds
[GC pause (G1 Evacuation Pause) (young) 52M->40M(64M), 0.0122787 secs]
Application time: 0.0324783 seconds
[GC pause (G1 Evacuation Pause) (young) (initial-mark) 52M->43M(64M), 0.0129875 secs]
[GC concurrent-root-region-scan-start]
[GC concurrent-root-region-scan-end, 0.0078951 secs]
[GC concurrent-mark-start]
Application time: 0.0507277 seconds
[GC pause (G1 Evacuation Pause) (young) 52M->45M(64M), 0.0098153 secs]
Application time: 0.0402225 seconds
[GC pause (G1 Evacuation Pause) (young) 52M->47M(64M), 0.0070622 secs]
[GC concurrent-mark-end, 0.1181304 secs]
Application time: 0.0152858 seconds
[GC remark, 0.0072454 secs]
Application time: 0.0000594 seconds
[GC cleanup 50M->38M(64M), 0.0002475 secs]
[GC concurrent-cleanup-start]
[GC concurrent-cleanup-end, 0.0000300 secs]
Application time: 0.0093901 seconds
[GC pause (G1 Evacuation Pause) (young) 41M->35M(64M), 0.0040389 secs]
Application time: 0.0084628 seconds
[GC pause (G1 Evacuation Pause) (mixed) 37M->34M(64M), 0.0057905 secs]
Application time: 0.0416117 seconds
[GC pause (G1 Evacuation Pause) (young) 51M->38M(64M), 0.0081795 secs]
Application time: 0.0336275 seconds
[GC pause (G1 Evacuation Pause) (young) (initial-mark) 52M->39M(64M), 0.0078375 secs]
[GC concurrent-root-region-scan-start]
[GC concurrent-root-region-scan-end, 0.0019188 secs]
[GC concurrent-mark-start]
[GC concurrent-mark-end, 0.0528341 secs]
Application time: 0.0548385 seconds
[GC remark, 0.0070608 secs]
Application time: 0.0000474 seconds
[GC cleanup 49M->45M(64M), 0.0002178 secs]
[GC concurrent-cleanup-start]
[GC concurrent-cleanup-end, 0.0000169 secs]
Application time: 0.0117622 seconds
[GC pause (G1 Evacuation Pause) (young) 48M->37M(64M), 0.0046439 secs]
Application time: 0.0047171 seconds
[GC pause (G1 Evacuation Pause) (mixed) 39M->31M(64M), 0.0045534 secs]
Application time: 0.0042114 seconds
[GC pause (G1 Evacuation Pause) (mixed) 33M->30M(64M), 0.0030768 secs]
Application time: 0.0383066 seconds
[GC pause (G1 Evacuation Pause) (young) 51M->30M(64M), 0.0022064 secs]
Application time: 0.0388130 seconds
[GC pause (G1 Evacuation Pause) (young) (initial-mark) 52M->30M(64M), 0.0015996 secs]
[GC concurrent-root-region-scan-start]
[GC concurrent-root-region-scan-end, 0.0003391 secs]
[GC concurrent-mark-start]
Application time: 0.0869213 seconds
[GC pause (G1 Evacuation Pause) (young) 53M->36M(64M), 0.0091338 secs]
[GC concurrent-mark-end, 0.1220757 secs]
Application time: 0.0262314 seconds
[GC remark, 0.0075954 secs]
Application time: 0.0000515 seconds
[GC cleanup 42M->42M(64M), 0.0002527 secs]
Application time: 0.0222971 seconds
[GC pause (G1 Evacuation Pause) (young) 51M->38M(64M), 0.0088427 secs]
Application time: 0.0042962 seconds
[GC pause (G1 Evacuation Pause) (mixed) 40M->37M(64M), 0.0073409 secs]
Application time: 0.0349454 seconds
[GC pause (G1 Evacuation Pause) (young) 53M->38M(64M), 0.0031664 secs]
Application time: 0.0354511 seconds
[GC pause (G1 Evacuation Pause) (young) (initial-mark) 53M->39M(64M), 0.0043540 secs]
[GC concurrent-root-region-scan-start]
[GC concurrent-root-region-scan-end, 0.0021191 secs]
[GC concurrent-mark-start]
Application time: 0.0470576 seconds
[GC pause (G1 Evacuation Pause) (young) 52M->43M(64M), 0.0082770 secs]
Application time: 0.0463968 seconds
[GC concurrent-mark-end, 0.0997849 secs]
[GC pause (G1 Evacuation Pause) (young) 53M->45M(64M), 0.0089453 secs]
Application time: 0.0000376 seconds
[GC remark, 0.0074565 secs]
Application time: 0.0035219 seconds
[GC cleanup 46M->43M(64M), 0.0002573 secs]
[GC concurrent-cleanup-start]
[GC concurrent-cleanup-end, 0.0000116 secs]
Application time: 0.0204277 seconds
[GC pause (G1 Evacuation Pause) (young) 49M->43M(64M), 0.0060885 secs]
Application time: 0.0062080 seconds
[GC pause (G1 Evacuation Pause) (mixed) 45M->37M(64M), 0.0052547 secs]
Application time: 0.0051006 seconds
[GC pause (G1 Evacuation Pause) (mixed) 39M->36M(64M), 0.0039060 secs]
Application time: 0.0381942 seconds
[GC pause (G1 Evacuation Pause) (young) 52M->36M(64M), 0.0036213 secs]
Application time: 0.0369260 seconds
[GC pause (G1 Evacuation Pause) (young) (initial-mark) 52M->38M(64M), 0.0046019 secs]
[GC concurrent-root-region-scan-start]
[GC concurrent-root-region-scan-end, 0.0023678 secs]
[GC concurrent-mark-start]
Application time: 0.0570693 seconds
[GC pause (G1 Evacuation Pause) (young) 52M->39M(64M), 0.0047895 secs]
[GC concurrent-mark-end, 0.1108293 secs]
Application time: 0.0512839 seconds
[GC pause (G1 Evacuation Pause) (young) 53M->38M(64M), 0.0041124 secs]
Application time: 0.0000397 seconds
[GC remark, 0.0068234 secs]
Application time: 0.0000374 seconds
[GC cleanup 38M->30M(64M), 0.0002247 secs]
[GC concurrent-cleanup-start]
[GC concurrent-cleanup-end, 0.0000169 secs]
Application time: 0.0301834 seconds
[GC pause (G1 Evacuation Pause) (young) 45M->30M(64M), 0.0022488 secs]
Application time: 0.0041247 seconds
[GC pause (G1 Evacuation Pause) (mixed) 32M->29M(64M), 0.0017938 secs]
Application time: 0.0426950 seconds
[GC pause (G1 Evacuation Pause) (young) 53M->32M(64M), 0.0098942 secs]
Application time: 0.0400248 seconds
[GC pause (G1 Evacuation Pause) (young) (initial-mark) 51M->35M(64M), 0.0090730 secs]
[GC concurrent-root-region-scan-start]
[GC concurrent-root-region-scan-end, 0.0043518 secs]
[GC concurrent-mark-start]
Application time: 0.0687007 seconds
[GC pause (G1 Evacuation Pause) (young) 53M->36M(64M), 0.0069931 secs]
[GC concurrent-mark-end, 0.1084249 secs]
Application time: 0.0370058 seconds
[GC remark, 0.0071596 secs]
Application time: 0.0000391 seconds
[GC cleanup 47M->43M(64M), 0.0002214 secs]
[GC concurrent-cleanup-start]
[GC concurrent-cleanup-end, 0.0000138 secs]
Application time: 0.0124534 seconds
[GC pause (G1 Evacuation Pause) (young) 48M->32M(64M), 0.0062961 secs]
Application time: 0.0038746 seconds
[GC pause (G1 Evacuation Pause) (mixed) 34M->33M(64M), 0.0029858 secs]
Application time: 0.0613953 seconds
[GC pause (G1 Evacuation Pause) (young) 53M->41M(64M), 0.0124364 secs]
Application time: 0.0319697 seconds
[GC pause (G1 Evacuation Pause) (young) (initial-mark) 52M->44M(64M), 0.0148008 secs]
[GC concurrent-root-region-scan-start]
[GC concurrent-root-region-scan-end, 0.0062127 secs]
[GC concurrent-mark-start]
Application time: 0.0417513 seconds
[GC pause (G1 Evacuation Pause) (young) 53M->47M(64M), 0.0162192 secs]
Application time: 0.0253930 seconds
[GC pause (G1 Evacuation Pause) (young) 52M->48M(64M), 0.0072592 secs]
Application time: 0.0180001 seconds
[GC pause (G1 Evacuation Pause) (young) 52M->50M(64M), 0.0046974 secs]
Application time: 0.0179269 seconds
[GC pause (G1 Evacuation Pause) (young) 54M->49M(64M), 0.0022760 secs]
[GC concurrent-mark-end, 0.1313492 secs]
Application time: 0.0035098 seconds
[GC remark, 0.0068604 secs]
Application time: 0.0013815 seconds
[GC cleanup 50M->42M(64M), 0.0002565 secs]
[GC concurrent-cleanup-start]
[GC concurrent-cleanup-end, 0.0000148 secs]
Application time: 0.0080755 seconds
[GC pause (G1 Evacuation Pause) (young) 45M->41M(64M), 0.0011959 secs]
Application time: 0.0086383 seconds
[GC pause (G1 Evacuation Pause) (mixed) 43M->36M(64M), 0.0031572 secs]
Application time: 0.0046904 seconds
[GC pause (G1 Evacuation Pause) (mixed) 38M->35M(64M), 0.0043508 secs]
Application time: 0.0357905 seconds
[GC pause (G1 Evacuation Pause) (young) 51M->35M(64M), 0.0027478 secs]
Application time: 0.0360857 seconds
[GC pause (G1 Evacuation Pause) (young) (initial-mark) 52M->35M(64M), 0.0015948 secs]
[GC concurrent-root-region-scan-start]
[GC concurrent-root-region-scan-end, 0.0004757 secs]
[GC concurrent-mark-start]
Application time: 0.0670518 seconds
[GC pause (G1 Evacuation Pause) (young) 52M->35M(64M), 0.0016177 secs]
[GC concurrent-mark-end, 0.1074334 secs]
Application time: 0.0391458 seconds
[GC remark, 0.0098177 secs]
Application time: 0.0000502 seconds
[GC cleanup 49M->46M(64M), 0.0002641 secs]
[GC concurrent-cleanup-start]
[GC concurrent-cleanup-end, 0.0000119 secs]
Application time: 0.0068684 seconds
[GC pause (G1 Evacuation Pause) (young) 50M->32M(64M), 0.0015007 secs]
Application time: 0.0035031 seconds
[GC pause (G1 Evacuation Pause) (mixed) 34M->29M(64M), 0.0054137 secs]
Application time: 0.0437712 seconds
[GC pause (G1 Evacuation Pause) (young) 52M->29M(64M), 0.0044971 secs]
Application time: 0.0392810 seconds
[GC pause (G1 Evacuation Pause) (young) (initial-mark) 53M->34M(64M), 0.0056732 secs]
[GC concurrent-root-region-scan-start]
[GC concurrent-root-region-scan-end, 0.0026937 secs]
[GC concurrent-mark-start]
Application time: 0.0795708 seconds
[GC pause (G1 Evacuation Pause) (young) 52M->40M(64M), 0.0132020 secs]
[GC concurrent-mark-end, 0.0932686 secs]
Application time: 0.0070640 seconds
[GC remark, 0.0075316 secs]
Application time: 0.0046093 seconds
[GC cleanup 43M->38M(64M), 0.0002753 secs]
[GC concurrent-cleanup-start]
[GC concurrent-cleanup-end, 0.0000144 secs]
Application time: 0.0240495 seconds
[GC pause (G1 Evacuation Pause) (young) 46M->40M(64M), 0.0169762 secs]
Application time: 0.0034014 seconds
[GC pause (G1 Evacuation Pause) (mixed) 41M->39M(64M), 0.0111259 secs]
Application time: 0.0397112 seconds
[GC pause (G1 Evacuation Pause) (young) 51M->42M(64M), 0.0088076 secs]
Application time: 0.0298152 seconds
[GC pause (G1 Evacuation Pause) (young) (initial-mark) 51M->44M(64M), 0.0099302 secs]
[GC concurrent-root-region-scan-start]
[GC concurrent-root-region-scan-end, 0.0025206 secs]
[GC concurrent-mark-start]
Application time: 0.0372559 seconds
[GC pause (G1 Evacuation Pause) (young) 52M->47M(64M), 0.0081081 secs]
Application time: 0.0313323 seconds
[GC pause (G1 Evacuation Pause) (young) 53M->48M(64M), 0.0072454 secs]
Application time: 0.0163165 seconds
[GC pause (G1 Evacuation Pause) (young) 52M->49M(64M), 0.0041146 secs]
Application time: 0.0174778 seconds
[GC pause (G1 Evacuation Pause) (young) 53M->49M(64M), 0.0019555 secs]
Application time: 0.0179133 seconds
[GC pause (G1 Evacuation Pause) (young) 53M->49M(64M), 0.0012268 secs]
[GC concurrent-mark-end, 0.1460423 secs]
Application time: 0.0009289 seconds
[GC remark, 0.0072704 secs]
Application time: 0.0000582 seconds
[GC cleanup 49M->42M(64M), 0.0002591 secs]
[GC concurrent-cleanup-start]
[GC concurrent-cleanup-end, 0.0000189 secs]
Application time: 0.0102578 seconds
[GC pause (G1 Evacuation Pause) (young) 46M->42M(64M), 0.0012834 secs]
Application time: 0.0044196 seconds
[GC pause (G1 Evacuation Pause) (mixed) 44M->37M(64M), 0.0048669 secs]
Application time: 0.0045037 seconds
[GC pause (G1 Evacuation Pause) (mixed) 39M->34M(64M), 0.0076983 secs]
Application time: 0.0339458 seconds
[GC pause (G1 Evacuation Pause) (young) 50M->34M(64M), 0.0020951 secs]
Application time: 0.0352322 seconds
[GC pause (G1 Evacuation Pause) (young) (initial-mark) 51M->34M(64M), 0.0016222 secs]
[GC concurrent-root-region-scan-start]
[GC concurrent-root-region-scan-end, 0.0004855 secs]
[GC concurrent-mark-start]
Application time: 0.0589766 seconds
[GC pause (G1 Evacuation Pause) (young) 52M->35M(64M), 0.0016691 secs]
Application time: 0.0529092 seconds
[GC concurrent-mark-end, 0.1173177 secs]
[GC pause (G1 Evacuation Pause) (young) 53M->34M(64M), 0.0016427 secs]
Application time: 0.0000480 seconds
[GC remark, 0.0072842 secs]
Application time: 0.0000445 seconds
[GC cleanup 34M->33M(64M), 0.0002416 secs]
[GC concurrent-cleanup-start]
[GC concurrent-cleanup-end, 0.0000136 secs]
Application time: 0.0310743 seconds
[GC pause (G1 Evacuation Pause) (young) 52M->33M(64M), 0.0016065 secs]
Application time: 0.0033817 seconds
[GC pause (G1 Evacuation Pause) (mixed) 35M->30M(64M), 0.0075154 secs]
Application time: 0.0419578 seconds
[GC pause (G1 Evacuation Pause) (young) 52M->36M(64M), 0.0142450 secs]
Application time: 0.0433169 seconds
[GC pause (G1 Evacuation Pause) (young) (initial-mark) 53M->41M(64M), 0.0143087 secs]
[GC concurrent-root-region-scan-start]
[GC concurrent-root-region-scan-end, 0.0069226 secs]
[GC concurrent-mark-start]
Application time: 0.0466850 seconds
[GC pause (G1 Evacuation Pause) (young) 51M->44M(64M), 0.0137266 secs]
[GC concurrent-mark-end, 0.0841953 secs]
Application time: 0.0276415 seconds
[GC remark, 0.0076298 secs]
Application time: 0.0000627 seconds
[GC cleanup 47M->38M(64M), 0.0002595 secs]
[GC concurrent-cleanup-start]
[GC concurrent-cleanup-end, 0.0000276 secs]
Application time: 0.0171996 seconds
[GC pause (G1 Evacuation Pause) (young) 43M->37M(64M), 0.0086445 secs]
Application time: 0.0035163 seconds
[GC pause (G1 Evacuation Pause) (mixed) 38M->33M(64M), 0.0109860 secs]
Application time: 0.0106212 seconds
[GC pause (G1 Evacuation Pause) (mixed) 35M->33M(64M), 0.0156341 secs]
Application time: 0.0500891 seconds
[GC pause (G1 Evacuation Pause) (young) 52M->35M(64M), 0.0065299 secs]
Application time: 0.0423641 seconds
[GC pause (G1 Evacuation Pause) (young) (initial-mark) 52M->36M(64M), 0.0050711 secs]
[GC concurrent-root-region-scan-start]
[GC concurrent-root-region-scan-end, 0.0017367 secs]
[GC concurrent-mark-start]
Application time: 0.0688644 seconds
[GC pause (G1 Evacuation Pause) (young) 51M->37M(64M), 0.0046796 secs]
[GC concurrent-mark-end, 0.0985101 secs]
Application time: 0.0265544 seconds
[GC remark, 0.0072706 secs]
Application time: 0.0000441 seconds
[GC cleanup 44M->39M(64M), 0.0002268 secs]
[GC concurrent-cleanup-start]
[GC concurrent-cleanup-end, 0.0000204 secs]
Application time: 0.0227589 seconds
[GC pause (G1 Evacuation Pause) (young) 47M->32M(64M), 0.0027601 secs]
Application time: 0.0050530 seconds
[GC pause (G1 Evacuation Pause) (mixed) 34M->30M(64M), 0.0014907 secs]
Application time: 0.0395550 seconds
[GC pause (G1 Evacuation Pause) (young) 51M->31M(64M), 0.0016894 secs]
Application time: 0.0387577 seconds
[GC pause (G1 Evacuation Pause) (young) (initial-mark) 53M->30M(64M), 0.0016846 secs]
[GC concurrent-root-region-scan-start]
[GC concurrent-root-region-scan-end, 0.0004061 secs]
[GC concurrent-mark-start]
Application time: 0.0684770 seconds
[GC pause (G1 Evacuation Pause) (young) 52M->31M(64M), 0.0014082 secs]
[GC concurrent-mark-end, 0.1058218 secs]
Application time: 0.0361902 seconds
[GC remark, 0.0071079 secs]
Application time: 0.0000398 seconds
[GC cleanup 43M->43M(64M), 0.0002436 secs]
Application time: 0.0176729 seconds
[GC pause (G1 Evacuation Pause) (young) 53M->35M(64M), 0.0058730 secs]
Application time: 0.0035798 seconds
[GC pause (G1 Evacuation Pause) (mixed) 36M->35M(64M), 0.0055854 secs]
Application time: 0.0530880 seconds
[GC pause (G1 Evacuation Pause) (young) 53M->42M(64M), 0.0140816 secs]
Application time: 0.0353822 seconds
[GC pause (G1 Evacuation Pause) (young) (initial-mark) 52M->44M(64M), 0.0127683 secs]
[GC concurrent-root-region-scan-start]
[GC concurrent-root-region-scan-end, 0.0071979 secs]
[GC concurrent-mark-start]
Application time: 0.0424980 seconds
[GC pause (G1 Evacuation Pause) (young) 52M->46M(64M), 0.0112211 secs]
Application time: 0.0298760 seconds
[GC pause (G1 Evacuation Pause) (young) 52M->49M(64M), 0.0094305 secs]
Application time: 0.0173087 seconds
[GC pause (G1 Evacuation Pause) (young) 52M->50M(64M), 0.0063193 secs]
Application time: 0.0150417 seconds
[GC pause (G1 Evacuation Pause) (young) 53M->52M(64M), 0.0039202 secs]
Application time: 0.0068664 seconds
[GC pause (G1 Evacuation Pause) (young) 54M->53M(64M), 0.0033817 secs]
[GC concurrent-mark-end, 0.1487194 secs]
Application time: 0.0014116 seconds
[GC remark, 0.0074193 secs]
Application time: 0.0000445 seconds
[GC cleanup 53M->44M(64M), 0.0002744 secs]
[GC concurrent-cleanup-start]
[GC concurrent-cleanup-end, 0.0000212 secs]
Application time: 0.0042593 seconds
[GC pause (G1 Evacuation Pause) (young) 46M->46M(64M), 0.0033196 secs]
Application time: 0.0078443 seconds
[GC pause (G1 Evacuation Pause) (mixed) 48M->43M(64M), 0.0057430 secs]
Application time: 0.0040918 seconds
[GC pause (G1 Evacuation Pause) (mixed) 45M->43M(64M), 0.0073739 secs]
Application time: 0.0234849 seconds
[GC pause (G1 Evacuation Pause) (young) 51M->46M(64M), 0.0046075 secs]
Application time: 0.0151039 seconds
[GC pause (G1 Evacuation Pause) (young) (initial-mark) 52M->47M(64M), 0.0038059 secs]
[GC concurrent-root-region-scan-start]
[GC concurrent-root-region-scan-end, 0.0004627 secs]
[GC concurrent-mark-start]
Application time: 0.0268963 seconds
[GC pause (G1 Evacuation Pause) (young) 52M->47M(64M), 0.0031129 secs]
Application time: 0.0233848 seconds
[GC pause (G1 Evacuation Pause) (young) 53M->47M(64M), 0.0011065 secs]
Application time: 0.0249367 seconds
[GC pause (G1 Evacuation Pause) (young) 53M->47M(64M), 0.0011458 secs]
Application time: 0.0244059 seconds
[GC pause (G1 Evacuation Pause) (young) 53M->47M(64M), 0.0012045 secs]
[GC concurrent-mark-end, 0.1065134 secs]
Application time: 0.0003364 seconds
[GC remark, 0.0069894 secs]
Application time: 0.0000304 seconds
[GC cleanup 47M->42M(64M), 0.0002368 secs]
[GC concurrent-cleanup-start]
[GC concurrent-cleanup-end, 0.0000135 secs]
Application time: 0.0127008 seconds
[GC pause (G1 Evacuation Pause) (young) 48M->42M(64M), 0.0012320 secs]
Application time: 0.0043200 seconds
[GC pause (G1 Evacuation Pause) (mixed) 44M->35M(64M), 0.0019372 secs]
Application time: 0.0042781 seconds
[GC pause (G1 Evacuation Pause) (mixed) 37M->30M(64M), 0.0046816 secs]
Application time: 0.0042840 seconds
[GC pause (G1 Evacuation Pause) (mixed) 32M->30M(64M), 0.0075761 secs]
Application time: 0.0397775 seconds
[GC pause (G1 Evacuation Pause) (young) 51M->30M(64M), 0.0052901 secs]
Application time: 0.0353185 seconds
[GC pause (G1 Evacuation Pause) (young) (initial-mark) 52M->30M(64M), 0.0018181 secs]
[GC concurrent-root-region-scan-start]
[GC concurrent-root-region-scan-end, 0.0005058 secs]
[GC concurrent-mark-start]
[GC concurrent-mark-end, 0.0495900 secs]
Application time: 0.0501795 seconds
[GC remark, 0.0070861 secs]
Application time: 0.0000479 seconds
[GC cleanup 41M->41M(64M), 0.0002192 secs]
Application time: 0.0255287 seconds
[GC pause (G1 Evacuation Pause) (young) 52M->30M(64M), 0.0016352 secs]
Application time: 0.0037127 seconds
[GC pause (G1 Evacuation Pause) (mixed) 32M->29M(64M), 0.0044540 secs]
Application time: 0.0413554 seconds
[GC pause (G1 Evacuation Pause) (young) 53M->34M(64M), 0.0083234 secs]
Application time: 0.0435803 seconds
[GC pause (G1 Evacuation Pause) (young) (initial-mark)-- 51M->50M(64M), 0.0300064 secs]
[GC concurrent-root-region-scan-start]
[GC concurrent-root-region-scan-end, 0.0061007 secs]
[GC concurrent-mark-start]
Application time: 0.0244668 seconds
[GC pause (G1 Evacuation Pause) (young) 53M->51M(64M), 0.0133363 secs]
Application time: 0.0161686 seconds
[GC pause (G1 Evacuation Pause) (young) 54M->52M(64M), 0.0146208 secs]
Application time: 0.0288105 seconds
[GC pause (G1 Evacuation Pause) (young) 55M->53M(64M), 0.0022245 secs]
[GC concurrent-mark-end, 0.1000752 secs]
Application time: 0.0017535 seconds
[GC remark, 0.0068549 secs]
Application time: 0.0000419 seconds
[GC cleanup 53M->44M(64M), 0.0002244 secs]
[GC concurrent-cleanup-start]
[GC concurrent-cleanup-end, 0.0000212 secs]
Application time: 0.0067862 seconds
[GC pause (G1 Evacuation Pause) (young) 46M->45M(64M), 0.0026616 secs]
Application time: 0.0060615 seconds
[GC pause (G1 Evacuation Pause) (mixed) 47M->41M(64M), 0.0045491 secs]
Application time: 0.0065062 seconds
[GC pause (G1 Evacuation Pause) (mixed) 43M->37M(64M), 0.0079802 secs]
Application time: 0.0416689 seconds
[GC pause (G1 Evacuation Pause) (young) 51M->42M(64M), 0.0122962 secs]
Application time: 0.0228461 seconds
[GC pause (G1 Evacuation Pause) (young) (initial-mark) 51M->44M(64M), 0.0089195 secs]
[GC concurrent-root-region-scan-start]
[GC concurrent-root-region-scan-end, 0.0020272 secs]
[GC concurrent-mark-start]
Application time: 0.0434790 seconds
[GC pause (G1 Evacuation Pause) (young) 52M->45M(64M), 0.0075028 secs]
Application time: 0.0293620 seconds
[GC pause (G1 Evacuation Pause) (young) 52M->45M(64M), 0.0057449 secs]
[GC concurrent-mark-end, 0.1108666 secs]
Application time: 0.0230041 seconds
[GC remark, 0.0072447 secs]
Application time: 0.0000564 seconds
[GC cleanup 48M->42M(64M), 0.0002342 secs]
[GC concurrent-cleanup-start]
[GC concurrent-cleanup-end, 0.0000235 secs]
Application time: 0.0112082 seconds
[GC pause (G1 Evacuation Pause) (young) 46M->39M(64M), 0.0012738 secs]
Application time: 0.0047640 seconds
[GC pause (G1 Evacuation Pause) (mixed) 41M->33M(64M), 0.0030112 secs]
Application time: 0.0044056 seconds
[GC pause (G1 Evacuation Pause) (mixed) 35M->33M(64M), 0.0033916 secs]
Application time: 0.0386876 seconds
[GC pause (G1 Evacuation Pause) (young) 51M->33M(64M), 0.0019777 secs]
Application time: 0.0438237 seconds
[GC pause (G1 Evacuation Pause) (young) (initial-mark) 52M->33M(64M), 0.0016587 secs]
[GC concurrent-root-region-scan-start]
[GC concurrent-root-region-scan-end, 0.0004620 secs]
[GC concurrent-mark-start]
[GC concurrent-mark-end, 0.0509270 secs]
Application time: 0.0514702 seconds
[GC remark, 0.0078831 secs]
Application time: 0.0000656 seconds
[GC cleanup 43M->43M(64M), 0.0002370 secs]
Application time: 0.0168965 seconds
[GC pause (G1 Evacuation Pause) (young) 52M->33M(64M), 0.0014516 secs]
Application time: 0.0036368 seconds
[GC pause (G1 Evacuation Pause) (mixed) 35M->30M(64M), 0.0061787 secs]
Application time: 0.0377381 seconds
[GC pause (G1 Evacuation Pause) (young) 53M->30M(64M), 0.0053249 secs]
Application time: 0.0396569 seconds
[GC pause (G1 Evacuation Pause) (young) (initial-mark) 53M->30M(64M), 0.0017198 secs]
[GC concurrent-root-region-scan-start]
[GC concurrent-root-region-scan-end, 0.0005120 secs]
[GC concurrent-mark-start]
Application time: 0.0939747 seconds
[GC pause (G1 Evacuation Pause) (young)-- 53M->55M(64M), 0.0453877 secs]
Application time: 0.0063052 seconds
[GC pause (G1 Evacuation Pause) (young) 56M->56M(64M), 0.0123884 secs]
Application time: 0.0079838 seconds
[GC pause (G1 Evacuation Pause) (young) 58M->57M(64M), 0.0079929 secs]
[GC concurrent-mark-end, 0.1866390 secs]
Application time: 0.0051513 seconds
[GC remark, 0.0070946 secs]
Application time: 0.0020640 seconds
[GC cleanup 59M->59M(64M), 0.0002813 secs]
Application time: 0.0015611 seconds
[GC pause (G1 Evacuation Pause) (young) 59M->58M(64M), 0.0036391 secs]
Application time: 0.0063062 seconds
[GC pause (G1 Evacuation Pause) (mixed)-- 60M->62M(64M), 0.0079014 secs]
Application time: 0.0024784 seconds
[GC pause (G1 Evacuation Pause) (young)-- 63M->63M(64M), 0.0187124 secs]
Application time: 0.0000506 seconds
[GC pause (G1 Evacuation Pause) (young) (initial-mark) 63M->63M(64M), 0.0024777 secs]
[GC concurrent-root-region-scan-start]
[GC concurrent-root-region-scan-end, 0.0000122 secs]
[GC concurrent-mark-start]
Application time: 0.0000449 seconds
[Full GC (Allocation Failure)  63M->25M(64M), 0.1021174 secs]
[GC concurrent-mark-abort]
Application time: 0.0793334 seconds
[GC pause (G1 Evacuation Pause) (young) 50M->29M(64M), 0.0061140 secs]
Application time: 0.0687539 seconds
[GC pause (G1 Evacuation Pause) (young) 50M->31M(64M), 0.0084705 secs]
Application time: 0.0445195 seconds
[GC pause (G1 Evacuation Pause) (young) (initial-mark) 50M->32M(64M), 0.0076586 secs]
[GC concurrent-root-region-scan-start]
[GC concurrent-root-region-scan-end, 0.0003851 secs]
[GC concurrent-mark-start]
Application time: 0.0863748 seconds
[GC pause (G1 Evacuation Pause) (young) 52M->32M(64M), 0.0029771 secs]
[GC concurrent-mark-end, 0.1127169 secs]
Application time: 0.0196435 seconds
[GC remark, 0.0075214 secs]
Application time: 0.0000363 seconds
[GC cleanup 37M->37M(64M), 0.0002273 secs]
Application time: 0.0299946 seconds
[GC pause (G1 Evacuation Pause) (young) 52M->31M(64M), 0.0013633 secs]
Application time: 0.0038792 seconds
[GC pause (G1 Evacuation Pause) (mixed) 33M->28M(64M), 0.0030162 secs]
Application time: 0.0436965 seconds
[GC pause (G1 Evacuation Pause) (young) 51M->28M(64M), 0.0029063 secs]
Application time: 0.0385892 seconds
[GC pause (G1 Evacuation Pause) (young) (initial-mark) 52M->28M(64M), 0.0016305 secs]
[GC concurrent-root-region-scan-start]
[GC concurrent-root-region-scan-end, 0.0003578 secs]
[GC concurrent-mark-start]
Application time: 0.0863574 seconds
[GC pause (G1 Evacuation Pause) (young) 52M->34M(64M), 0.0091227 secs]
[GC concurrent-mark-end, 0.1129050 secs]
Application time: 0.0136049 seconds
[GC remark, 0.0071596 secs]
Application time: 0.0000410 seconds
[GC cleanup 37M->37M(64M), 0.0002043 secs]
Application time: 0.0353776 seconds
[GC pause (G1 Evacuation Pause) (young) 50M->42M(64M), 0.0164006 secs]
Application time: 0.0032237 seconds
[GC pause (G1 Evacuation Pause) (mixed) 43M->43M(64M), 0.0140223 secs]
Application time: 0.0339494 seconds
[GC pause (G1 Evacuation Pause) (young) 53M->45M(64M), 0.0100269 secs]
Application time: 0.0328950 seconds
[GC pause (G1 Evacuation Pause) (young) (initial-mark) 52M->48M(64M), 0.0093303 secs]
[GC concurrent-root-region-scan-start]
[GC concurrent-root-region-scan-end, 0.0018434 secs]
[GC concurrent-mark-start]
Application time: 0.0345982 seconds
[GC pause (G1 Evacuation Pause) (young) 52M->49M(64M), 0.0077842 secs]
Application time: 0.0207280 seconds
[GC pause (G1 Evacuation Pause) (young) 53M->51M(64M), 0.0050439 secs]
Application time: 0.0108992 seconds
[GC pause (G1 Evacuation Pause) (young) 53M->53M(64M), 0.0043792 secs]
Application time: 0.0161753 seconds
[GC pause (G1 Evacuation Pause) (young) 55M->54M(64M), 0.0035407 secs]
[GC concurrent-mark-end, 0.1115245 secs]
Application time: 0.0011978 seconds
[GC remark, 0.0069694 secs]
Application time: 0.0000390 seconds
[GC cleanup 55M->44M(64M), 0.0002198 secs]
[GC concurrent-cleanup-start]
[GC concurrent-cleanup-end, 0.0000191 secs]
Application time: 0.0080505 seconds
[GC pause (G1 Evacuation Pause) (young) 45M->45M(64M), 0.0036243 secs]
Application time: 0.0131915 seconds
[GC pause (G1 Evacuation Pause) (mixed) 47M->39M(64M), 0.0034883 secs]
Application time: 0.0047301 seconds
[GC pause (G1 Evacuation Pause) (mixed) 41M->39M(64M), 0.0051232 secs]
Application time: 0.0365330 seconds
[GC pause (G1 Evacuation Pause) (young) 52M->40M(64M), 0.0050225 secs]
Application time: 0.0271117 seconds
[GC pause (G1 Evacuation Pause) (young) (initial-mark) 52M->41M(64M), 0.0033097 secs]
[GC concurrent-root-region-scan-start]
[GC concurrent-root-region-scan-end, 0.0003908 secs]
[GC concurrent-mark-start]
[GC concurrent-mark-end, 0.0566261 secs]
Application time: 0.0571055 seconds
[GC remark, 0.0083284 secs]
Application time: 0.0000569 seconds
[GC cleanup 50M->44M(64M), 0.0002259 secs]
[GC concurrent-cleanup-start]
[GC concurrent-cleanup-end, 0.0000215 secs]
Application time: 0.0074761 seconds
[GC pause (G1 Evacuation Pause) (young) 47M->34M(64M), 0.0031513 secs]
Application time: 0.0042229 seconds
[GC pause (G1 Evacuation Pause) (mixed) 36M->30M(64M), 0.0055394 secs]
Application time: 0.0043810 seconds
[GC pause (G1 Evacuation Pause) (mixed) 32M->30M(64M), 0.0075672 secs]
Application time: 0.0403272 seconds
[GC pause (G1 Evacuation Pause) (young) 51M->30M(64M), 0.0038090 secs]
Application time: 0.0373271 seconds
[GC pause (G1 Evacuation Pause) (young) (initial-mark) 52M->30M(64M), 0.0017006 secs]
[GC concurrent-root-region-scan-start]
[GC concurrent-root-region-scan-end, 0.0003922 secs]
[GC concurrent-mark-start]
[GC concurrent-mark-end, 0.0552681 secs]
Application time: 0.0552705 seconds
[GC remark, 0.0077527 secs]
Application time: 0.0000516 seconds
[GC cleanup 43M->43M(64M), 0.0002240 secs]
Application time: 0.0202408 seconds
[GC pause (G1 Evacuation Pause) (young) 52M->30M(64M), 0.0013787 secs]
Application time: 0.0040119 seconds
[GC pause (G1 Evacuation Pause) (mixed) 32M->29M(64M), 0.0043946 secs]
Application time: 0.0395075 seconds
[GC pause (G1 Evacuation Pause) (young) 53M->34M(64M), 0.0072691 secs]
Application time: 0.0445102 seconds
[GC pause (G1 Evacuation Pause) (young) (initial-mark)-- 52M->47M(64M), 0.0248404 secs]
[GC concurrent-root-region-scan-start]
[GC concurrent-root-region-scan-end, 0.0075994 secs]
[GC concurrent-mark-start]
Application time: 0.0350742 seconds
[GC pause (G1 Evacuation Pause) (young) 53M->49M(64M), 0.0146961 secs]
Application time: 0.0343184 seconds
[GC pause (G1 Evacuation Pause) (young) 54M->50M(64M), 0.0082026 secs]
[GC concurrent-mark-end, 0.0893192 secs]
Application time: 0.0067015 seconds
[GC remark, 0.0075175 secs]
Application time: 0.0000550 seconds
[GC cleanup 51M->44M(64M), 0.0002218 secs]
[GC concurrent-cleanup-start]
[GC concurrent-cleanup-end, 0.0000168 secs]
Application time: 0.0211045 seconds
[GC pause (G1 Evacuation Pause) (young) 47M->45M(64M), 0.0061450 secs]
Application time: 0.0070281 seconds
[GC pause (G1 Evacuation Pause) (mixed) 47M->39M(64M), 0.0048424 secs]
Application time: 0.0056436 seconds
[GC pause (G1 Evacuation Pause) (mixed) 41M->36M(64M), 0.0065137 secs]
Application time: 0.0107279 seconds
[GC pause (G1 Evacuation Pause) (mixed) 38M->37M(64M), 0.0065735 secs]
Application time: 0.0445563 seconds
[GC pause (G1 Evacuation Pause) (young) 52M->41M(64M), 0.0087768 secs]
Application time: 0.0274163 seconds
[GC pause (G1 Evacuation Pause) (young) (initial-mark) 51M->43M(64M), 0.0082870 secs]
[GC concurrent-root-region-scan-start]
[GC concurrent-root-region-scan-end, 0.0018726 secs]
[GC concurrent-mark-start]
Application time: 0.0363415 seconds
[GC pause (G1 Evacuation Pause) (young) 51M->44M(64M), 0.0056826 secs]
Application time: 0.0337198 seconds
[GC pause (G1 Evacuation Pause) (young) 52M->44M(64M), 0.0029092 secs]
[GC concurrent-mark-end, 0.1099816 secs]
Application time: 0.0289895 seconds
[GC remark, 0.0073700 secs]
Application time: 0.0000543 seconds
[GC cleanup 47M->44M(64M), 0.0002535 secs]
[GC concurrent-cleanup-start]
[GC concurrent-cleanup-end, 0.0000118 secs]
Application time: 0.0103951 seconds
[GC pause (G1 Evacuation Pause) (young) 49M->41M(64M), 0.0013960 secs]
Application time: 0.0045107 seconds
[GC pause (G1 Evacuation Pause) (mixed) 43M->34M(64M), 0.0023578 secs]
Application time: 0.0045018 seconds
[GC pause (G1 Evacuation Pause) (mixed) 36M->30M(64M), 0.0065562 secs]
Application time: 0.0463890 seconds
[GC pause (G1 Evacuation Pause) (young) 52M->30M(64M), 0.0051038 secs]
Application time: 0.0425839 seconds
[GC pause (G1 Evacuation Pause) (young) (initial-mark) 53M->30M(64M), 0.0023331 secs]
[GC concurrent-root-region-scan-start]
[GC concurrent-root-region-scan-end, 0.0005829 secs]
[GC concurrent-mark-start]
Application time: 0.0714127 seconds
[GC pause (G1 Evacuation Pause) (young) 53M->30M(64M), 0.0029447 secs]
[GC concurrent-mark-end, 0.0969513 secs]
Application time: 0.0230416 seconds
[GC remark, 0.0138645 secs]
Application time: 0.0000633 seconds
[GC cleanup 38M->38M(64M), 0.0002348 secs]
Application time: 0.0245188 seconds
[GC pause (G1 Evacuation Pause) (young) 53M->30M(64M), 0.0016168 secs]
Application time: 0.0035323 seconds
[GC pause (G1 Evacuation Pause) (mixed) 32M->30M(64M), 0.0024511 secs]
Application time: 0.0451489 seconds
[GC pause (G1 Evacuation Pause) (young)-- 54M->53M(64M), 0.0474158 secs]
Application time: 0.0029155 seconds
[GC pause (G1 Evacuation Pause) (young) (initial-mark) 54M->54M(64M), 0.0109429 secs]
[GC concurrent-root-region-scan-start]
[GC concurrent-root-region-scan-end, 0.0072383 secs]
[GC concurrent-mark-start]
Application time: 0.0112609 seconds
[GC pause (G1 Evacuation Pause) (young) 56M->55M(64M), 0.0087104 secs]
Application time: 0.0095164 seconds
[GC pause (G1 Evacuation Pause) (young) 57M->56M(64M), 0.0043902 secs]
Application time: 0.0192851 seconds
[GC pause (G1 Evacuation Pause) (young) 58M->57M(64M), 0.0044236 secs]
[GC concurrent-mark-end, 0.0804674 secs]
Application time: 0.0206894 seconds
[GC remark, 0.0072138 secs]
Application time: 0.0000499 seconds
[GC cleanup 59M->50M(64M), 0.0002283 secs]
[GC concurrent-cleanup-start]
[GC concurrent-cleanup-end, 0.0000225 secs]
Application time: 0.0028984 seconds
[GC pause (G1 Evacuation Pause) (young) 50M->49M(64M), 0.0028640 secs]
Application time: 0.0188342 seconds
[GC pause (G1 Evacuation Pause) (mixed) 51M->42M(64M), 0.0032888 secs]
Application time: 0.0126212 seconds
[GC pause (G1 Evacuation Pause) (mixed) 44M->38M(64M), 0.0058830 secs]
Application time: 0.0075298 seconds
[GC pause (G1 Evacuation Pause) (mixed) 40M->35M(64M), 0.0091289 secs]
Application time: 0.0072976 seconds
[GC pause (G1 Evacuation Pause) (mixed) 37M->34M(64M), 0.0088061 secs]
Application time: 0.0442743 seconds
[GC pause (G1 Evacuation Pause) (young) 50M->38M(64M), 0.0081902 secs]
Application time: 0.0372872 seconds
[GC pause (G1 Evacuation Pause) (young) (initial-mark) 50M->43M(64M), 0.0118895 secs]
[GC concurrent-root-region-scan-start]
[GC concurrent-root-region-scan-end, 0.0026216 secs]
[GC concurrent-mark-start]
Application time: 0.0536208 seconds
[GC pause (G1 Evacuation Pause) (young) 52M->44M(64M), 0.0172475 secs]
Application time: 0.0349372 seconds
[GC pause (G1 Evacuation Pause) (young) 52M->44M(64M), 0.0035389 secs]
Application time: 0.0322165 seconds
[GC concurrent-mark-end, 0.1460789 secs]
[GC pause (G1 Evacuation Pause) (young) 52M->44M(64M), 0.0016803 secs]
Application time: 0.0001447 seconds
[GC remark, 0.0069777 secs]
Application time: 0.0000337 seconds
[GC cleanup 44M->40M(64M), 0.0002552 secs]
[GC concurrent-cleanup-start]
[GC concurrent-cleanup-end, 0.0000138 secs]
Application time: 0.0194237 seconds
[GC pause (G1 Evacuation Pause) (young) 49M->40M(64M), 0.0015801 secs]
Application time: 0.0081604 seconds
[GC pause (G1 Evacuation Pause) (mixed) 42M->35M(64M), 0.0045142 secs]
Application time: 0.0043399 seconds
[GC pause (G1 Evacuation Pause) (mixed) 37M->32M(64M), 0.0102787 secs]
Application time: 0.0375107 seconds
[GC pause (G1 Evacuation Pause) (young) 50M->32M(64M), 0.0070345 secs]
Application time: 0.0526449 seconds
[GC pause (G1 Evacuation Pause) (young) (initial-mark) 51M->32M(64M), 0.0019626 secs]
[GC concurrent-root-region-scan-start]
[GC concurrent-root-region-scan-end, 0.0006527 secs]
[GC concurrent-mark-start]
Application time: 0.0587200 seconds
[GC pause (G1 Evacuation Pause) (young) 51M->32M(64M), 0.0017256 secs]
[GC concurrent-mark-end, 0.1098361 secs]
Application time: 0.0498988 seconds
[GC remark, 0.0073243 secs]
Application time: 0.0000432 seconds
[GC cleanup 48M->48M(64M), 0.0002418 secs]
Application time: 0.0065740 seconds
[GC pause (G1 Evacuation Pause) (young) 52M->32M(64M), 0.0015194 secs]
Application time: 0.0035401 seconds
[GC pause (G1 Evacuation Pause) (mixed) 34M->29M(64M), 0.0075081 secs]
Application time: 0.0389799 seconds
[GC pause (G1 Evacuation Pause) (young) 52M->34M(64M), 0.0104387 secs]
Application time: 0.0443283 seconds
[GC pause (G1 Evacuation Pause) (young) (initial-mark) 51M->41M(64M), 0.0150653 secs]
[GC concurrent-root-region-scan-start]
[GC concurrent-root-region-scan-end, 0.0099718 secs]
[GC concurrent-mark-start]
Application time: 0.0555125 seconds
[GC pause (G1 Evacuation Pause) (young) 51M->43M(64M), 0.0148847 secs]
Application time: 0.0487941 seconds
[GC pause (G1 Evacuation Pause) (young) 52M->46M(64M), 0.0119305 secs]
[GC concurrent-mark-end, 0.1296852 secs]
Application time: 0.0042476 seconds
[GC remark, 0.0071945 secs]
Application time: 0.0010731 seconds
[GC cleanup 47M->41M(64M), 0.0002470 secs]
[GC concurrent-cleanup-start]
[GC concurrent-cleanup-end, 0.0000145 secs]
Application time: 0.0183727 seconds
[GC pause (G1 Evacuation Pause) (young) 46M->43M(64M), 0.0082055 secs]
Application time: 0.0050980 seconds
[GC pause (G1 Evacuation Pause) (mixed) 45M->38M(64M), 0.0074021 secs]
Application time: 0.0060669 seconds
[GC pause (G1 Evacuation Pause) (mixed) 40M->37M(64M), 0.0063069 secs]
Application time: 0.0324443 seconds
[GC pause (G1 Evacuation Pause) (young) 49M->40M(64M), 0.0063862 secs]
Application time: 0.0283505 seconds
[GC pause (G1 Evacuation Pause) (young) (initial-mark) 51M->43M(64M), 0.0064918 secs]
[GC concurrent-root-region-scan-start]
[GC concurrent-root-region-scan-end, 0.0020291 secs]
[GC concurrent-mark-start]
Application time: 0.0370521 seconds
[GC pause (G1 Evacuation Pause) (young) 51M->44M(64M), 0.0063280 secs]
[GC concurrent-mark-end, 0.0873214 secs]
Application time: 0.0399500 seconds
[GC remark, 0.0080818 secs]
Application time: 0.0000495 seconds
[GC cleanup 51M->46M(64M), 0.0002581 secs]
[GC concurrent-cleanup-start]
[GC concurrent-cleanup-end, 0.0000181 secs]
Application time: 0.0056616 seconds
[GC pause (G1 Evacuation Pause) (young) 47M->39M(64M), 0.0029342 secs]
Application time: 0.0047987 seconds
[GC pause (G1 Evacuation Pause) (mixed) 41M->34M(64M), 0.0038904 secs]
Application time: 0.0047933 seconds
[GC pause (G1 Evacuation Pause) (mixed) 36M->32M(64M), 0.0076595 secs]
Application time: 0.0381208 seconds
[GC pause (G1 Evacuation Pause) (young) 50M->32M(64M), 0.0057910 secs]
Application time: 0.0340818 seconds
[GC pause (G1 Evacuation Pause) (young) (initial-mark) 51M->32M(64M), 0.0018970 secs]
[GC concurrent-root-region-scan-start]
[GC concurrent-root-region-scan-end, 0.0006438 secs]
[GC concurrent-mark-start]
Application time: 0.0663598 seconds
[GC pause (G1 Evacuation Pause) (young) 52M->32M(64M), 0.0015903 secs]
[GC concurrent-mark-end, 0.1071574 secs]
Application time: 0.0397219 seconds
[GC remark, 0.0074665 secs]
Application time: 0.0000390 seconds
[GC cleanup 44M->44M(64M), 0.0002367 secs]
Application time: 0.0186902 seconds
[GC pause (G1 Evacuation Pause) (young) 52M->38M(64M), 0.0092561 secs]
Application time: 0.0036212 seconds
[GC pause (G1 Evacuation Pause) (mixed) 39M->36M(64M), 0.0121182 secs]
Application time: 0.0352140 seconds
[GC pause (G1 Evacuation Pause) (young) 51M->37M(64M), 0.0107154 secs]
Application time: 0.0321020 seconds
[GC pause (G1 Evacuation Pause) (young) (initial-mark) 52M->38M(64M), 0.0038272 secs]
[GC concurrent-root-region-scan-start]
[GC concurrent-root-region-scan-end, 0.0019854 secs]
[GC concurrent-mark-start]
Application time: 0.0627749 seconds
[GC pause (G1 Evacuation Pause) (young) 52M->39M(64M), 0.0048575 secs]
[GC concurrent-mark-end, 0.0956237 secs]
Application time: 0.0259263 seconds
[GC remark, 0.0105579 secs]
Application time: 0.0000390 seconds
[GC cleanup 43M->41M(64M), 0.0002664 secs]
[GC concurrent-cleanup-start]
[GC concurrent-cleanup-end, 0.0000115 secs]
Application time: 0.0199714 seconds
[GC pause (G1 Evacuation Pause) (young) 50M->39M(64M), 0.0042630 secs]
Application time: 0.0086995 seconds
[GC pause (G1 Evacuation Pause) (mixed) 41M->34M(64M), 0.0050753 secs]
Application time: 0.0042863 seconds
[GC pause (G1 Evacuation Pause) (mixed) 36M->32M(64M), 0.0067402 secs]
Application time: 0.0440567 seconds
[GC pause (G1 Evacuation Pause) (young) 52M->38M(64M), 0.0120264 secs]
Application time: 0.0413046 seconds
[GC pause (G1 Evacuation Pause) (young) (initial-mark) 53M->39M(64M), 0.0093888 secs]
[GC concurrent-root-region-scan-start]
[GC concurrent-root-region-scan-end, 0.0008024 secs]
[GC concurrent-mark-start]
Application time: 0.0698295 seconds
[GC pause (G1 Evacuation Pause) (young) 52M->41M(64M), 0.0112231 secs]
[GC concurrent-mark-end, 0.1258302 secs]
Application time: 0.0438917 seconds
[GC remark, 0.0080955 secs]
Application time: 0.0000614 seconds
[GC cleanup 53M->49M(64M), 0.0002683 secs]
[GC concurrent-cleanup-start]
[GC concurrent-cleanup-end, 0.0000177 secs]
Application time: 0.0024375 seconds
[GC pause (G1 Evacuation Pause) (young) 50M->40M(64M), 0.0056980 secs]
Application time: 0.0026821 seconds
[GC pause (G1 Evacuation Pause) (mixed) 41M->36M(64M), 0.0087267 secs]
Application time: 0.0115523 seconds
[GC pause (G1 Evacuation Pause) (mixed) 38M->36M(64M), 0.0068834 secs]
Application time: 0.0295241 seconds
[GC pause (G1 Evacuation Pause) (young) 51M->36M(64M), 0.0023309 secs]
Application time: 0.0310902 seconds
[GC pause (G1 Evacuation Pause) (young) (initial-mark) 52M->36M(64M), 0.0015875 secs]
[GC concurrent-root-region-scan-start]
[GC concurrent-root-region-scan-end, 0.0007525 secs]
[GC concurrent-mark-start]
Application time: 0.0566347 seconds
[GC pause (G1 Evacuation Pause) (young) 52M->41M(64M), 0.0084034 secs]
Application time: 0.0537247 seconds
[GC pause (G1 Evacuation Pause) (young) 51M->43M(64M), 0.0089188 secs]
[GC concurrent-mark-end, 0.1402707 secs]
Application time: 0.0090886 seconds
[GC remark, 0.0071027 secs]
Application time: 0.0000378 seconds
[GC cleanup 46M->44M(64M), 0.0002366 secs]
[GC concurrent-cleanup-start]
[GC concurrent-cleanup-end, 0.0000110 secs]
Application time: 0.0155805 seconds
[GC pause (G1 Evacuation Pause) (young) 50M->42M(64M), 0.0072253 secs]
Application time: 0.0033842 seconds
[GC pause (G1 Evacuation Pause) (mixed) 43M->39M(64M), 0.0071677 secs]
Application time: 0.0086164 seconds
[GC pause (G1 Evacuation Pause) (mixed) 41M->37M(64M), 0.0119163 secs]
Application time: 0.0383538 seconds
[GC pause (G1 Evacuation Pause) (young) 52M->40M(64M), 0.0079848 secs]
Application time: 0.0259727 seconds
[GC pause (G1 Evacuation Pause) (young) (initial-mark) 52M->43M(64M), 0.0070508 secs]
[GC concurrent-root-region-scan-start]
[GC concurrent-root-region-scan-end, 0.0019366 secs]
[GC concurrent-mark-start]
Application time: 0.0347454 seconds
[GC pause (G1 Evacuation Pause) (young) 53M->44M(64M), 0.0066291 secs]
Application time: 0.0436457 seconds
[GC pause (G1 Evacuation Pause) (young) 54M->43M(64M), 0.0028994 secs]
[GC concurrent-mark-end, 0.1243937 secs]
Application time: 0.0366386 seconds
[GC pause (G1 Evacuation Pause) (young) 53M->43M(64M), 0.0013768 secs]
Application time: 0.0000358 seconds
[GC remark, 0.0073293 secs]
Application time: 0.0000295 seconds
[GC cleanup 43M->38M(64M), 0.0002382 secs]
[GC concurrent-cleanup-start]
[GC concurrent-cleanup-end, 0.0000143 secs]
Application time: 0.0186660 seconds
[GC pause (G1 Evacuation Pause) (young) 48M->38M(64M), 0.0012888 secs]
Application time: 0.0079909 seconds
[GC pause (G1 Evacuation Pause) (mixed) 40M->33M(64M), 0.0043905 secs]
Application time: 0.0049659 seconds
[GC pause (G1 Evacuation Pause) (mixed) 35M->32M(64M), 0.0070560 secs]
Application time: 0.0426261 seconds
[GC pause (G1 Evacuation Pause) (young) 52M->38M(64M), 0.0113623 secs]
Application time: 0.0408728 seconds
[GC pause (G1 Evacuation Pause) (young) (initial-mark) 53M->39M(64M), 0.0082754 secs]
[GC concurrent-root-region-scan-start]
[GC concurrent-root-region-scan-end, 0.0010128 secs]
[GC concurrent-mark-start]
Application time: 0.0509880 seconds
[GC pause (G1 Evacuation Pause) (young) 53M->41M(64M), 0.0072512 secs]
Application time: 0.0440125 seconds
[GC pause (G1 Evacuation Pause) (young) 54M->43M(64M), 0.0054107 secs]
[GC concurrent-mark-end, 0.1094496 secs]
Application time: 0.0025169 seconds
[GC remark, 0.0075675 secs]
Application time: 0.0000540 seconds
[GC cleanup 44M->41M(64M), 0.0002488 secs]
[GC concurrent-cleanup-start]
[GC concurrent-cleanup-end, 0.0000119 secs]
Application time: 0.0205796 seconds
[GC pause (G1 Evacuation Pause) (young) 50M->44M(64M), 0.0086821 secs]
Application time: 0.0018604 seconds
[GC pause (G1 Evacuation Pause) (mixed) 45M->41M(64M), 0.0134733 secs]
Application time: 0.0043383 seconds
[GC pause (G1 Evacuation Pause) (mixed) 43M->39M(64M), 0.0102350 secs]
Application time: 0.0271387 seconds
[GC pause (G1 Evacuation Pause) (young) 51M->43M(64M), 0.0075853 secs]
Application time: 0.0337104 seconds
[GC pause (G1 Evacuation Pause) (young) (initial-mark) 51M->45M(64M), 0.0066186 secs]
[GC concurrent-root-region-scan-start]
[GC concurrent-root-region-scan-end, 0.0030354 secs]
[GC concurrent-mark-start]
Application time: 0.0330002 seconds
[GC pause (G1 Evacuation Pause) (young) 52M->47M(64M), 0.0072893 secs]
Application time: 0.0421455 seconds
[GC pause (G1 Evacuation Pause) (young) 53M->47M(64M), 0.0056000 secs]
[GC concurrent-mark-end, 0.0975520 secs]
Application time: 0.0123149 seconds
[GC remark, 0.0071625 secs]
Application time: 0.0000592 seconds
[GC cleanup 48M->42M(64M), 0.0002585 secs]
[GC concurrent-cleanup-start]
[GC concurrent-cleanup-end, 0.0000152 secs]
Application time: 0.0147338 seconds
[GC pause (G1 Evacuation Pause) (young) 47M->41M(64M), 0.0031693 secs]
Application time: 0.0056423 seconds
[GC pause (G1 Evacuation Pause) (mixed) 43M->35M(64M), 0.0031521 secs]
Application time: 0.0045147 seconds
[GC pause (G1 Evacuation Pause) (mixed) 37M->33M(64M), 0.0076913 secs]
Application time: 0.0049997 seconds
[GC pause (G1 Evacuation Pause) (mixed) 35M->33M(64M), 0.0088251 secs]
Application time: 0.0458253 seconds
[GC pause (G1 Evacuation Pause) (young) 51M->38M(64M), 0.0086387 secs]
Application time: 0.0308657 seconds
[GC pause (G1 Evacuation Pause) (young) (initial-mark) 52M->39M(64M), 0.0079172 secs]
[GC concurrent-root-region-scan-start]
[GC concurrent-root-region-scan-end, 0.0018332 secs]
[GC concurrent-mark-start]
Application time: 0.0465068 seconds
[GC pause (G1 Evacuation Pause) (young) 52M->40M(64M), 0.0063585 secs]
[GC concurrent-mark-end, 0.0787344 secs]
Application time: 0.0257534 seconds
[GC remark, 0.0073457 secs]
Application time: 0.0000395 seconds
[GC cleanup 45M->40M(64M), 0.0002243 secs]
[GC concurrent-cleanup-start]
[GC concurrent-cleanup-end, 0.0000151 secs]
Application time: 0.0312912 seconds
[GC pause (G1 Evacuation Pause) (young) 48M->35M(64M), 0.0035009 secs]
Application time: 0.0052155 seconds
[GC pause (G1 Evacuation Pause) (mixed) 37M->31M(64M), 0.0060894 secs]
Application time: 0.0049428 seconds
[GC pause (G1 Evacuation Pause) (mixed) 33M->30M(64M), 0.0089020 secs]
Application time: 0.0468442 seconds
[GC pause (G1 Evacuation Pause) (young) 51M->35M(64M), 0.0097800 secs]
Application time: 0.0442122 seconds
[GC pause (G1 Evacuation Pause) (young) (initial-mark) 51M->37M(64M), 0.0094925 secs]
[GC concurrent-root-region-scan-start]
[GC concurrent-root-region-scan-end, 0.0025983 secs]
[GC concurrent-mark-start]
Application time: 0.0721430 seconds
[GC pause (G1 Evacuation Pause) (young) 51M->39M(64M), 0.0062563 secs]
[GC concurrent-mark-end, 0.1054676 secs]
Application time: 0.0295851 seconds
[GC remark, 0.0076364 secs]
Application time: 0.0035767 seconds
[GC cleanup 49M->46M(64M), 0.0004078 secs]
[GC concurrent-cleanup-start]
[GC concurrent-cleanup-end, 0.0000159 secs]
Application time: 0.0095440 seconds
[GC pause (G1 Evacuation Pause) (young) 49M->38M(64M), 0.0111338 secs]
Application time: 0.0023122 seconds
[GC pause (G1 Evacuation Pause) (mixed) 39M->35M(64M), 0.0105109 secs]
Application time: 0.0054470 seconds
[GC pause (G1 Evacuation Pause) (mixed) 37M->34M(64M), 0.0102239 secs]
Application time: 0.0377547 seconds
[GC pause (G1 Evacuation Pause) (young) 51M->35M(64M), 0.0045272 secs]
Application time: 0.0309460 seconds
[GC pause (G1 Evacuation Pause) (young) (initial-mark) 51M->35M(64M), 0.0027025 secs]
[GC concurrent-root-region-scan-start]
[GC concurrent-root-region-scan-end, 0.0015480 secs]
[GC concurrent-mark-start]
Application time: 0.0674289 seconds
[GC pause (G1 Evacuation Pause) (young) 52M->38M(64M), 0.0064485 secs]
[GC concurrent-mark-end, 0.1028694 secs]
Application time: 0.0304110 seconds
[GC remark, 0.0077235 secs]
Application time: 0.0000646 seconds
[GC cleanup 46M->45M(64M), 0.0002425 secs]
[GC concurrent-cleanup-start]
[GC concurrent-cleanup-end, 0.0000136 secs]
Application time: 0.0200634 seconds
[GC pause (G1 Evacuation Pause) (young) 51M->41M(64M), 0.0084661 secs]
Application time: 0.0030386 seconds
[GC pause (G1 Evacuation Pause) (mixed) 42M->37M(64M), 0.0113164 secs]
Application time: 0.0341641 seconds
[GC pause (G1 Evacuation Pause) (young) 51M->37M(64M), 0.0091188 secs]
Application time: 0.0289172 seconds
[GC pause (G1 Evacuation Pause) (young) (initial-mark) 52M->37M(64M), 0.0024844 secs]
[GC concurrent-root-region-scan-start]
[GC concurrent-root-region-scan-end, 0.0009556 secs]
[GC concurrent-mark-start]
Application time: 0.0643131 seconds
[GC pause (G1 Evacuation Pause) (young) 52M->40M(64M), 0.0042801 secs]
[GC concurrent-mark-end, 0.1039420 secs]
Application time: 0.0361531 seconds
[GC remark, 0.0072580 secs]
Application time: 0.0000815 seconds
[GC cleanup 49M->45M(64M), 0.0002658 secs]
[GC concurrent-cleanup-start]
[GC concurrent-cleanup-end, 0.0000182 secs]
Application time: 0.0078381 seconds
[GC pause (G1 Evacuation Pause) (young) 49M->37M(64M), 0.0040913 secs]
Application time: 0.0087428 seconds
[GC pause (G1 Evacuation Pause) (mixed) 39M->33M(64M), 0.0088607 secs]
Application time: 0.0042134 seconds
[GC pause (G1 Evacuation Pause) (mixed) 35M->32M(64M), 0.0050986 secs]
Application time: 0.0512795 seconds
[GC pause (G1 Evacuation Pause) (young) 52M->38M(64M), 0.0072853 secs]
Application time: 0.0355746 seconds
[GC pause (G1 Evacuation Pause) (young) (initial-mark) 51M->40M(64M), 0.0095221 secs]
[GC concurrent-root-region-scan-start]
[GC concurrent-root-region-scan-end, 0.0016695 secs]
[GC concurrent-mark-start]
Application time: 0.0538832 seconds
[GC pause (G1 Evacuation Pause) (young) 52M->41M(64M), 0.0073962 secs]
Application time: 0.0437723 seconds
[GC pause (G1 Evacuation Pause) (young) 53M->42M(64M), 0.0049355 secs]
[GC concurrent-mark-end, 0.1205356 secs]
Application time: 0.0078340 seconds
[GC remark, 0.0072694 secs]
Application time: 0.0000655 seconds
[GC cleanup 44M->39M(64M), 0.0002703 secs]
[GC concurrent-cleanup-start]
[GC concurrent-cleanup-end, 0.0000310 secs]
Application time: 0.0173066 seconds
[GC pause (G1 Evacuation Pause) (young) 48M->38M(64M), 0.0066056 secs]
Application time: 0.0033774 seconds
[GC pause (G1 Evacuation Pause) (mixed) 39M->34M(64M), 0.0062263 secs]
Application time: 0.0059284 seconds
[GC pause (G1 Evacuation Pause) (mixed) 36M->35M(64M), 0.0061613 secs]
Application time: 0.0374003 seconds
[GC pause (G1 Evacuation Pause) (young) 52M->36M(64M), 0.0038899 secs]
Application time: 0.0297864 seconds
[GC pause (G1 Evacuation Pause) (young) (initial-mark) 51M->39M(64M), 0.0055741 secs]
[GC concurrent-root-region-scan-start]
[GC concurrent-root-region-scan-end, 0.0020119 secs]
[GC concurrent-mark-start]
Application time: 0.0639089 seconds
[GC pause (G1 Evacuation Pause) (young) 52M->42M(64M), 0.0100284 secs]
[GC concurrent-mark-end, 0.1186639 secs]
Application time: 0.0466145 seconds
[GC remark, 0.0072260 secs]
Application time: 0.0000648 seconds
[GC cleanup 52M->51M(64M), 0.0002409 secs]
[GC concurrent-cleanup-start]
[GC concurrent-cleanup-end, 0.0000107 secs]
Application time: 0.0046937 seconds
[GC pause (G1 Evacuation Pause) (young) 51M->43M(64M), 0.0084201 secs]
Application time: 0.0061780 seconds
[GC pause (G1 Evacuation Pause) (mixed) 45M->39M(64M), 0.0084474 secs]
Application time: 0.0048071 seconds
[GC pause (G1 Evacuation Pause) (mixed) 41M->39M(64M), 0.0067848 secs]
Application time: 0.0289267 seconds
[GC pause (G1 Evacuation Pause) (young) 52M->42M(64M), 0.0069223 secs]
Application time: 0.0252922 seconds
[GC pause (G1 Evacuation Pause) (young) (initial-mark) 53M->44M(64M), 0.0061582 secs]
[GC concurrent-root-region-scan-start]
[GC concurrent-root-region-scan-end, 0.0015118 secs]
[GC concurrent-mark-start]
Application time: 0.0439195 seconds
[GC pause (G1 Evacuation Pause) (young) 53M->45M(64M), 0.0055343 secs]
Application time: 0.0309274 seconds
[GC pause (G1 Evacuation Pause) (young) 54M->45M(64M), 0.0029761 secs]
Application time: 0.0288022 seconds
[GC pause (G1 Evacuation Pause) (young) 54M->45M(64M), 0.0017297 secs]
[GC concurrent-mark-end, 0.1268966 secs]
Application time: 0.0100780 seconds
[GC remark, 0.0073613 secs]
Application time: 0.0000488 seconds
[GC cleanup 48M->41M(64M), 0.0002549 secs]
[GC concurrent-cleanup-start]
[GC concurrent-cleanup-end, 0.0000162 secs]
Application time: 0.0109651 seconds
[GC pause (G1 Evacuation Pause) (young) 47M->38M(64M), 0.0014110 secs]
Application time: 0.0042833 seconds
[GC pause (G1 Evacuation Pause) (mixed) 40M->32M(64M), 0.0036632 secs]
Application time: 0.0041043 seconds
[GC pause (G1 Evacuation Pause) (mixed) 34M->32M(64M), 0.0057775 secs]
Application time: 0.0386976 seconds
[GC pause (G1 Evacuation Pause) (young) 53M->36M(64M), 0.0073510 secs]
Application time: 0.0403810 seconds
[GC pause (G1 Evacuation Pause) (young) (initial-mark) 53M->39M(64M), 0.0081808 secs]
[GC concurrent-root-region-scan-start]
[GC concurrent-root-region-scan-end, 0.0056780 secs]
[GC concurrent-mark-start]
[GC concurrent-mark-end, 0.0475873 secs]
Application time: 0.0533564 seconds
[GC remark, 0.0071638 secs]
Application time: 0.0000414 seconds
[GC cleanup 46M->43M(64M), 0.0002266 secs]
[GC concurrent-cleanup-start]
[GC concurrent-cleanup-end, 0.0000130 secs]
Application time: 0.0239245 seconds
[GC pause (G1 Evacuation Pause) (young) 50M->38M(64M), 0.0077911 secs]
Application time: 0.0030236 seconds
[GC pause (G1 Evacuation Pause) (mixed) 39M->32M(64M), 0.0080571 secs]
Application time: 0.0411369 seconds
[GC pause (G1 Evacuation Pause) (young) 52M->34M(64M), 0.0051102 secs]
Application time: 0.0383636 seconds
[GC pause (G1 Evacuation Pause) (young) (initial-mark) 52M->35M(64M), 0.0046953 secs]
[GC concurrent-root-region-scan-start]
[GC concurrent-root-region-scan-end, 0.0017991 secs]
[GC concurrent-mark-start]
Application time: 0.0623662 seconds
[GC pause (G1 Evacuation Pause) (young) 52M->38M(64M), 0.0063322 secs]
[GC concurrent-mark-end, 0.1080846 secs]
Application time: 0.0363814 seconds
[GC remark, 0.0072947 secs]
Application time: 0.0000591 seconds
[GC cleanup 47M->46M(64M), 0.0002210 secs]
[GC concurrent-cleanup-start]
[GC concurrent-cleanup-end, 0.0000098 secs]
Application time: 0.0119862 seconds
[GC pause (G1 Evacuation Pause) (young) 51M->40M(64M), 0.0093270 secs]
Application time: 0.0030881 seconds
[GC pause (G1 Evacuation Pause) (mixed) 41M->37M(64M), 0.0088704 secs]
Application time: 0.0401438 seconds
[GC pause (G1 Evacuation Pause) (young) 52M->37M(64M), 0.0078475 secs]
Application time: 0.0333256 seconds
[GC pause (G1 Evacuation Pause) (young) (initial-mark) 52M->38M(64M), 0.0039152 secs]
[GC concurrent-root-region-scan-start]
[GC concurrent-root-region-scan-end, 0.0023474 secs]
[GC concurrent-mark-start]
Application time: 0.0486854 seconds
[GC pause (G1 Evacuation Pause) (young) 52M->40M(64M), 0.0056232 secs]
Application time: 0.0407637 seconds
[GC pause (G1 Evacuation Pause) (young) 52M->41M(64M), 0.0067723 secs]
[GC concurrent-mark-end, 0.1160052 secs]
Application time: 0.0162447 seconds
[GC remark, 0.0087134 secs]
Application time: 0.0000588 seconds
[GC cleanup 45M->39M(64M), 0.0003168 secs]
[GC concurrent-cleanup-start]
[GC concurrent-cleanup-end, 0.0000173 secs]
Application time: 0.0179105 seconds
[GC pause (G1 Evacuation Pause) (young) 46M->37M(64M), 0.0072189 secs]
Application time: 0.0024207 seconds
[GC pause (G1 Evacuation Pause) (mixed) 38M->35M(64M), 0.0083090 secs]
Application time: 0.0407276 seconds
[GC pause (G1 Evacuation Pause) (young) 52M->39M(64M), 0.0118220 secs]
Application time: 0.0322411 seconds
[GC pause (G1 Evacuation Pause) (young) (initial-mark) 51M->41M(64M), 0.0113093 secs]
[GC concurrent-root-region-scan-start]
[GC concurrent-root-region-scan-end, 0.0022903 secs]
[GC concurrent-mark-start]
Application time: 0.0601460 seconds
[GC pause (G1 Evacuation Pause) (young) 52M->43M(64M), 0.0084830 secs]
[GC concurrent-mark-end, 0.1092484 secs]
Application time: 0.0387334 seconds
[GC pause (G1 Evacuation Pause) (young) 52M->44M(64M), 0.0070443 secs]
Application time: 0.0047368 seconds
[GC remark, 0.0085185 secs]
Application time: 0.0004810 seconds
[GC cleanup 45M->37M(64M), 0.0003793 secs]
[GC concurrent-cleanup-start]
[GC concurrent-cleanup-end, 0.0000242 secs]
Application time: 0.0187582 seconds
[GC pause (G1 Evacuation Pause) (young) 44M->39M(64M), 0.0072234 secs]
Application time: 0.0018364 seconds
[GC pause (G1 Evacuation Pause) (mixed) 40M->36M(64M), 0.0098685 secs]
Application time: 0.0324447 seconds
[GC pause (G1 Evacuation Pause) (young) 51M->37M(64M), 0.0089160 secs]
Application time: 0.0303178 seconds
[GC pause (G1 Evacuation Pause) (young) (initial-mark) 52M->37M(64M), 0.0041908 secs]
[GC concurrent-root-region-scan-start]
[GC concurrent-root-region-scan-end, 0.0018894 secs]
[GC concurrent-mark-start]
Application time: 0.0584520 seconds
[GC pause (G1 Evacuation Pause) (young) 52M->38M(64M), 0.0036065 secs]
Application time: 0.0488574 seconds
[GC pause (G1 Evacuation Pause) (young) 53M->38M(64M), 0.0039727 secs]
[GC concurrent-mark-end, 0.1218071 secs]
Application time: 0.0015107 seconds
[GC remark, 0.0082562 secs]
Application time: 0.0000524 seconds
[GC cleanup 39M->36M(64M), 0.0002765 secs]
[GC concurrent-cleanup-start]
[GC concurrent-cleanup-end, 0.0000142 secs]
Application time: 0.0333712 seconds
[GC pause (G1 Evacuation Pause) (young) 50M->40M(64M), 0.0114394 secs]
Application time: 0.0053741 seconds
[GC pause (G1 Evacuation Pause) (mixed) 41M->37M(64M), 0.0143979 secs]
Application time: 0.0067288 seconds
[GC pause (G1 Evacuation Pause) (mixed) 39M->37M(64M), 0.0127553 secs]
Application time: 0.0473168 seconds
[GC pause (G1 Evacuation Pause) (young) 52M->37M(64M), 0.0041312 secs]
Application time: 0.0365681 seconds
[GC pause (G1 Evacuation Pause) (young) (initial-mark) 52M->38M(64M), 0.0042450 secs]
[GC concurrent-root-region-scan-start]
[GC concurrent-root-region-scan-end, 0.0025191 secs]
[GC concurrent-mark-start]
Application time: 0.0642499 seconds
[GC pause (G1 Evacuation Pause) (young) 53M->40M(64M), 0.0063819 secs]
[GC concurrent-mark-end, 0.1125277 secs]
Application time: 0.0442601 seconds
[GC remark, 0.0079538 secs]
Application time: 0.0000444 seconds
[GC cleanup 50M->47M(64M), 0.0002657 secs]
[GC concurrent-cleanup-start]
[GC concurrent-cleanup-end, 0.0000202 secs]
Application time: 0.0051509 seconds
[GC pause (G1 Evacuation Pause) (young) 49M->40M(64M), 0.0080643 secs]
Application time: 0.0024595 seconds
[GC pause (G1 Evacuation Pause) (mixed) 41M->36M(64M), 0.0092911 secs]
Application time: 0.0045482 seconds
[GC pause (G1 Evacuation Pause) (mixed) 38M->34M(64M), 0.0101878 secs]
Application time: 0.0367328 seconds
[GC pause (G1 Evacuation Pause) (young) 50M->39M(64M), 0.0101135 secs]
Application time: 0.0338340 seconds
[GC pause (G1 Evacuation Pause) (young) (initial-mark) 52M->41M(64M), 0.0111589 secs]
[GC concurrent-root-region-scan-start]
[GC concurrent-root-region-scan-end, 0.0033577 secs]
[GC concurrent-mark-start]
Application time: 0.0561157 seconds
[GC pause (G1 Evacuation Pause) (young) 52M->42M(64M), 0.0063497 secs]
[GC concurrent-mark-end, 0.1033931 secs]
Application time: 0.0441737 seconds
[GC remark, 0.0080285 secs]
Application time: 0.0000442 seconds
[GC cleanup 51M->47M(64M), 0.0002970 secs]
[GC concurrent-cleanup-start]
[GC concurrent-cleanup-end, 0.0000153 secs]
Application time: 0.0015095 seconds
[GC pause (G1 Evacuation Pause) (young) 48M->38M(64M), 0.0055015 secs]
Application time: 0.0044439 seconds
[GC pause (G1 Evacuation Pause) (mixed) 40M->35M(64M), 0.0059425 secs]
Application time: 0.0045512 seconds
[GC pause (G1 Evacuation Pause) (mixed) 37M->31M(64M), 0.0100853 secs]
Application time: 0.0393799 seconds
[GC pause (G1 Evacuation Pause) (young) 50M->34M(64M), 0.0093182 secs]
Application time: 0.0369955 seconds
[GC pause (G1 Evacuation Pause) (young) (initial-mark) 51M->37M(64M), 0.0079775 secs]
[GC concurrent-root-region-scan-start]
[GC concurrent-root-region-scan-end, 0.0021683 secs]
[GC concurrent-mark-start]
Application time: 0.0618306 seconds
[GC pause (G1 Evacuation Pause) (young) 51M->39M(64M), 0.0077105 secs]
[GC concurrent-mark-end, 0.0968915 secs]
Application time: 0.0254071 seconds
[GC remark, 0.0085091 secs]
Application time: 0.0000347 seconds
[GC cleanup 44M->43M(64M), 0.0002692 secs]
[GC concurrent-cleanup-start]
[GC concurrent-cleanup-end, 0.0000103 secs]
Application time: 0.0268218 seconds
[GC pause (G1 Evacuation Pause) (young) 51M->42M(64M), 0.0087067 secs]
Application time: 0.0024663 seconds
[GC pause (G1 Evacuation Pause) (mixed) 43M->39M(64M), 0.0117719 secs]
Application time: 0.0052807 seconds
[GC pause (G1 Evacuation Pause) (mixed) 41M->38M(64M), 0.0113970 secs]
Application time: 0.0393079 seconds
[GC pause (G1 Evacuation Pause) (young) 51M->39M(64M), 0.0085458 secs]
Application time: 0.0342189 seconds
[GC pause (G1 Evacuation Pause) (young) (initial-mark) 52M->40M(64M), 0.0042196 secs]
[GC concurrent-root-region-scan-start]
[GC concurrent-root-region-scan-end, 0.0024190 secs]
[GC concurrent-mark-start]
[GC concurrent-mark-end, 0.0508378 secs]
Application time: 0.0533681 seconds
[GC remark, 0.0073712 secs]
Application time: 0.0000572 seconds
[GC cleanup 48M->42M(64M), 0.0002932 secs]
[GC concurrent-cleanup-start]
[GC concurrent-cleanup-end, 0.0000251 secs]
Application time: 0.0144531 seconds
[GC pause (G1 Evacuation Pause) (young) 46M->36M(64M), 0.0060646 secs]
Application time: 0.0022467 seconds
[GC pause (G1 Evacuation Pause) (mixed) 37M->34M(64M), 0.0114380 secs]
Application time: 0.0057970 seconds
[GC pause (G1 Evacuation Pause) (mixed) 36M->33M(64M), 0.0106961 secs]
Application time: 0.0372389 seconds
[GC pause (G1 Evacuation Pause) (young) 51M->35M(64M), 0.0053328 secs]
Application time: 0.0327679 seconds
[GC pause (G1 Evacuation Pause) (young) (initial-mark) 51M->36M(64M), 0.0101348 secs]
[GC concurrent-root-region-scan-start]
[GC concurrent-root-region-scan-end, 0.0005623 secs]
[GC concurrent-mark-start]
Application time: 0.0619489 seconds
[GC pause (G1 Evacuation Pause) (young) 53M->40M(64M), 0.0086665 secs]
Application time: 0.0459229 seconds
[GC concurrent-mark-end, 0.1203172 secs]
[GC pause (G1 Evacuation Pause) (young) 51M->43M(64M), 0.0086750 secs]
Application time: 0.0000579 seconds
[GC remark, 0.0077498 secs]
Application time: 0.0036911 seconds
[GC cleanup 44M->43M(64M), 0.0002996 secs]
[GC concurrent-cleanup-start]
[GC concurrent-cleanup-end, 0.0000136 secs]
Application time: 0.0294504 seconds
[GC pause (G1 Evacuation Pause) (young) 52M->43M(64M), 0.0067075 secs]
Application time: 0.0062118 seconds
[GC pause (G1 Evacuation Pause) (mixed) 45M->37M(64M), 0.0077444 secs]
Application time: 0.0385996 seconds
[GC pause (G1 Evacuation Pause) (young) 52M->38M(64M), 0.0064347 secs]
Application time: 0.0315615 seconds
[GC pause (G1 Evacuation Pause) (young) (initial-mark) 52M->41M(64M), 0.0055419 secs]
[GC concurrent-root-region-scan-start]
[GC concurrent-root-region-scan-end, 0.0013823 secs]
[GC concurrent-mark-start]
Application time: 0.0480439 seconds
[GC pause (G1 Evacuation Pause) (young) 53M->42M(64M), 0.0067393 secs]
[GC concurrent-mark-end, 0.0922971 secs]
Application time: 0.0305915 seconds
[GC remark, 0.0110664 secs]
Application time: 0.0000703 seconds
[GC cleanup 47M->42M(64M), 0.0002769 secs]
[GC concurrent-cleanup-start]
[GC concurrent-cleanup-end, 0.0000176 secs]
Application time: 0.0109482 seconds
[GC pause (G1 Evacuation Pause) (young) 47M->38M(64M), 0.0060854 secs]
Application time: 0.0043291 seconds
[GC pause (G1 Evacuation Pause) (mixed) 40M->34M(64M), 0.0083209 secs]
Application time: 0.0043226 seconds
[GC pause (G1 Evacuation Pause) (mixed) 36M->34M(64M), 0.0054652 secs]
Application time: 0.0390485 seconds
[GC pause (G1 Evacuation Pause) (young) 52M->39M(64M), 0.0057715 secs]
Application time: 0.0342486 seconds
[GC pause (G1 Evacuation Pause) (young) (initial-mark) 52M->41M(64M), 0.0091862 secs]
[GC concurrent-root-region-scan-start]
[GC concurrent-root-region-scan-end, 0.0111890 secs]
[GC concurrent-mark-start]
Application time: 0.0561501 seconds
[GC pause (G1 Evacuation Pause) (young) 52M->43M(64M), 0.0120933 secs]
[GC concurrent-mark-end, 0.0912646 secs]
Application time: 0.0270548 seconds
[GC remark, 0.0086234 secs]
Application time: 0.0000403 seconds
[GC cleanup 47M->42M(64M), 0.0002515 secs]
[GC concurrent-cleanup-start]
[GC concurrent-cleanup-end, 0.0000165 secs]
Application time: 0.0262346 seconds
[GC pause (G1 Evacuation Pause) (young) 48M->38M(64M), 0.0075417 secs]
Application time: 0.0054004 seconds
[GC pause (G1 Evacuation Pause) (mixed) 40M->33M(64M), 0.0058694 secs]
Application time: 0.0052011 seconds
[GC pause (G1 Evacuation Pause) (mixed) 35M->32M(64M), 0.0060720 secs]
Application time: 0.0443197 seconds
[GC pause (G1 Evacuation Pause) (young) 52M->34M(64M), 0.0056533 secs]
Application time: 0.0391546 seconds
[GC pause (G1 Evacuation Pause) (young) (initial-mark) 52M->36M(64M), 0.0080427 secs]
[GC concurrent-root-region-scan-start]
[GC concurrent-root-region-scan-end, 0.0026214 secs]
[GC concurrent-mark-start]
Application time: 0.0608102 seconds
[GC pause (G1 Evacuation Pause) (young) 52M->41M(64M), 0.0129656 secs]
[GC concurrent-mark-end, 0.1306705 secs]
Application time: 0.0554455 seconds
[GC remark, 0.0087892 secs]
Application time: 0.0000507 seconds
[GC cleanup 51M->50M(64M), 0.0002654 secs]
[GC concurrent-cleanup-start]
[GC concurrent-cleanup-end, 0.0000118 secs]
Application time: 0.0007269 seconds
[GC pause (G1 Evacuation Pause) (young) 50M->42M(64M), 0.0114548 secs]
Application time: 0.0036220 seconds
[GC pause (G1 Evacuation Pause) (mixed) 43M->39M(64M), 0.0133376 secs]
Application time: 0.0067500 seconds
[GC pause (G1 Evacuation Pause) (mixed) 41M->38M(64M), 0.0083771 secs]
Application time: 0.0330402 seconds
[GC pause (G1 Evacuation Pause) (young) 51M->39M(64M), 0.0044022 secs]
Application time: 0.0304419 seconds
[GC pause (G1 Evacuation Pause) (young) (initial-mark) 51M->41M(64M), 0.0038087 secs]
[GC concurrent-root-region-scan-start]
[GC concurrent-root-region-scan-end, 0.0013813 secs]
[GC concurrent-mark-start]
[GC concurrent-mark-end, 0.0529029 secs]
Application time: 0.0543752 seconds
[GC remark, 0.0086405 secs]
Application time: 0.0000558 seconds
[GC cleanup 48M->42M(64M), 0.0002538 secs]
[GC concurrent-cleanup-start]
[GC concurrent-cleanup-end, 0.0000237 secs]
Application time: 0.0192417 seconds
[GC pause (G1 Evacuation Pause) (young) 47M->37M(64M), 0.0071398 secs]
Application time: 0.0025162 seconds
[GC pause (G1 Evacuation Pause) (mixed) 38M->33M(64M), 0.0091324 secs]
Application time: 0.0047238 seconds
[GC pause (G1 Evacuation Pause) (mixed) 35M->31M(64M), 0.0096550 secs]
Application time: 0.0384700 seconds
[GC pause (G1 Evacuation Pause) (young) 50M->31M(64M), 0.0034731 secs]
Application time: 0.0380504 seconds
[GC pause (G1 Evacuation Pause) (young) (initial-mark) 51M->31M(64M), 0.0016383 secs]
[GC concurrent-root-region-scan-start]
[GC concurrent-root-region-scan-end, 0.0003896 secs]
[GC concurrent-mark-start]
Application time: 0.0685224 seconds
[GC pause (G1 Evacuation Pause) (young) 51M->36M(64M), 0.0056579 secs]
[GC concurrent-mark-end, 0.1136566 secs]
Application time: 0.0397854 seconds
[GC remark, 0.0079127 secs]
Application time: 0.0000581 seconds
[GC cleanup 45M->45M(64M), 0.0002425 secs]
Application time: 0.0273834 seconds
[GC pause (G1 Evacuation Pause) (young) 52M->38M(64M), 0.0087287 secs]
Application time: 0.0028985 seconds
[GC pause (G1 Evacuation Pause) (mixed) 39M->37M(64M), 0.0093366 secs]
Application time: 0.0347957 seconds
[GC pause (G1 Evacuation Pause) (young) 52M->37M(64M), 0.0091827 secs]
Application time: 0.0308821 seconds
[GC pause (G1 Evacuation Pause) (young) (initial-mark) 52M->40M(64M), 0.0053853 secs]
[GC concurrent-root-region-scan-start]
[GC concurrent-root-region-scan-end, 0.0021730 secs]
[GC concurrent-mark-start]
[GC concurrent-mark-end, 0.0561097 secs]
Application time: 0.0583705 seconds
[GC remark, 0.0083930 secs]
Application time: 0.0000469 seconds
[GC cleanup 50M->46M(64M), 0.0002729 secs]
[GC concurrent-cleanup-start]
[GC concurrent-cleanup-end, 0.0000206 secs]
Application time: 0.0103860 seconds
[GC pause (G1 Evacuation Pause) (young) 49M->38M(64M), 0.0070947 secs]
Application time: 0.0021934 seconds
[GC pause (G1 Evacuation Pause) (mixed) 39M->34M(64M), 0.0081039 secs]
Application time: 0.0043272 seconds
[GC pause (G1 Evacuation Pause) (mixed) 36M->34M(64M), 0.0060685 secs]
Application time: 0.0359322 seconds
[GC pause (G1 Evacuation Pause) (young) 51M->36M(64M), 0.0039397 secs]
Application time: 0.0364508 seconds
[GC pause (G1 Evacuation Pause) (young) (initial-mark) 51M->40M(64M), 0.0096755 secs]
[GC concurrent-root-region-scan-start]
[GC concurrent-root-region-scan-end, 0.0037472 secs]
[GC concurrent-mark-start]
Application time: 0.0566584 seconds
[GC pause (G1 Evacuation Pause) (young) 52M->41M(64M), 0.0083150 secs]
[GC concurrent-mark-end, 0.1028242 secs]
Application time: 0.0360619 seconds
[GC remark, 0.0086897 secs]
Application time: 0.0000470 seconds
[GC cleanup 46M->42M(64M), 0.0002488 secs]
[GC concurrent-cleanup-start]
[GC concurrent-cleanup-end, 0.0000171 secs]
Application time: 0.0188576 seconds
[GC pause (G1 Evacuation Pause) (young) 48M->38M(64M), 0.0070199 secs]
Application time: 0.0036476 seconds
[GC pause (G1 Evacuation Pause) (mixed) 39M->34M(64M), 0.0043461 secs]
Application time: 0.0045701 seconds
[GC pause (G1 Evacuation Pause) (mixed) 36M->34M(64M), 0.0060085 secs]
Application time: 0.0381505 seconds
[GC pause (G1 Evacuation Pause) (young) 52M->35M(64M), 0.0050383 secs]
Application time: 0.0353783 seconds
[GC pause (G1 Evacuation Pause) (young) (initial-mark) 51M->36M(64M), 0.0052684 secs]
[GC concurrent-root-region-scan-start]
[GC concurrent-root-region-scan-end, 0.0019278 secs]
[GC concurrent-mark-start]
Application time: 0.0679872 seconds
[GC pause (G1 Evacuation Pause) (young) 52M->37M(64M), 0.0047759 secs]
[GC concurrent-mark-end, 0.1065857 secs]
Application time: 0.0356202 seconds
[GC remark, 0.0085093 secs]
Application time: 0.0000499 seconds
[GC cleanup 47M->46M(64M), 0.0002413 secs]
[GC concurrent-cleanup-start]
[GC concurrent-cleanup-end, 0.0000132 secs]
Application time: 0.0204891 seconds
[GC pause (G1 Evacuation Pause) (young) 51M->37M(64M), 0.0034300 secs]
Application time: 0.0020556 seconds
[GC pause (G1 Evacuation Pause) (mixed) 38M->32M(64M), 0.0079550 secs]
Application time: 0.0054182 seconds
[GC pause (G1 Evacuation Pause) (mixed) 34M->33M(64M), 0.0083665 secs]
Application time: 0.0575136 seconds
[GC pause (G1 Evacuation Pause) (young) 52M->39M(64M), 0.0117743 secs]
Application time: 0.0370632 seconds
[GC pause (G1 Evacuation Pause) (young) (initial-mark) 53M->40M(64M), 0.0088265 secs]
[GC concurrent-root-region-scan-start]
[GC concurrent-root-region-scan-end, 0.0008261 secs]
[GC concurrent-mark-start]
Application time: 0.0541525 seconds
[GC pause (G1 Evacuation Pause) (young) 52M->42M(64M), 0.0084737 secs]
Application time: 0.0471082 seconds
[GC pause (G1 Evacuation Pause) (young) 53M->43M(64M), 0.0066492 secs]
[GC concurrent-mark-end, 0.1233329 secs]
Application time: 0.0074435 seconds
[GC remark, 0.0099210 secs]
Application time: 0.0017513 seconds
[GC cleanup 46M->41M(64M), 0.0002635 secs]
[GC concurrent-cleanup-start]
[GC concurrent-cleanup-end, 0.0000196 secs]
Application time: 0.0125716 seconds
[GC pause (G1 Evacuation Pause) (young) 47M->40M(64M), 0.0057537 secs]
Application time: 0.0043813 seconds
[GC pause (G1 Evacuation Pause) (mixed) 42M->35M(64M), 0.0067415 secs]
Application time: 0.0044535 seconds
[GC pause (G1 Evacuation Pause) (mixed) 37M->35M(64M), 0.0043154 secs]
Application time: 0.0351892 seconds
[GC pause (G1 Evacuation Pause) (young) 52M->35M(64M), 0.0011164 secs]
Application time: 0.0365463 seconds
[GC pause (G1 Evacuation Pause) (young) (initial-mark) 52M->40M(64M), 0.0081529 secs]
[GC concurrent-root-region-scan-start]
[GC concurrent-root-region-scan-end, 0.0023874 secs]
[GC concurrent-mark-start]
Application time: 0.0676124 seconds
[GC pause (G1 Evacuation Pause) (young) 52M->42M(64M), 0.0103952 secs]
[GC concurrent-mark-end, 0.0982073 secs]
Application time: 0.0194896 seconds
[GC remark, 0.0077893 secs]
Application time: 0.0000473 seconds
[GC cleanup 45M->40M(64M), 0.0002367 secs]
[GC concurrent-cleanup-start]
[GC concurrent-cleanup-end, 0.0000171 secs]
Application time: 0.0261824 seconds
[GC pause (G1 Evacuation Pause) (young) 47M->38M(64M), 0.0073884 secs]
Application time: 0.0057277 seconds
[GC pause (G1 Evacuation Pause) (mixed) 40M->34M(64M), 0.0071086 secs]
Application time: 0.0047315 seconds
[GC pause (G1 Evacuation Pause) (mixed) 36M->32M(64M), 0.0091209 secs]
Application time: 0.0408373 seconds
[GC pause (G1 Evacuation Pause) (young) 51M->35M(64M), 0.0056987 secs]
Application time: 0.0362344 seconds
[GC pause (G1 Evacuation Pause) (young) (initial-mark) 52M->36M(64M), 0.0053636 secs]
[GC concurrent-root-region-scan-start]
[GC concurrent-root-region-scan-end, 0.0003809 secs]
[GC concurrent-mark-start]
[GC concurrent-mark-end, 0.0538513 secs]
Application time: 0.0543279 seconds
[GC remark, 0.0091424 secs]
Application time: 0.0000495 seconds
[GC cleanup 45M->43M(64M), 0.0002415 secs]
[GC concurrent-cleanup-start]
[GC concurrent-cleanup-end, 0.0000099 secs]
Application time: 0.0214223 seconds
[GC pause (G1 Evacuation Pause) (young) 51M->33M(64M), 0.0042670 secs]
Application time: 0.0041232 seconds
[GC pause (G1 Evacuation Pause) (mixed) 35M->29M(64M), 0.0066789 secs]
Application time: 0.0039414 seconds
[GC pause (G1 Evacuation Pause) (mixed) 31M->29M(64M), 0.0069612 secs]
Application time: 0.0538039 seconds
[GC pause (G1 Evacuation Pause) (young) 53M->36M(64M), 0.0101623 secs]
Application time: 0.0429763 seconds
[GC pause (G1 Evacuation Pause) (young) (initial-mark) 52M->38M(64M), 0.0113494 secs]
[GC concurrent-root-region-scan-start]
[GC concurrent-root-region-scan-end, 0.0012758 secs]
[GC concurrent-mark-start]
Application time: 0.0492442 seconds
[GC pause (G1 Evacuation Pause) (young) 52M->38M(64M), 0.0089982 secs]
Application time: 0.0506041 seconds
[GC pause (G1 Evacuation Pause) (young) 53M->39M(64M), 0.0037478 secs]
[GC concurrent-mark-end, 0.1351337 secs]
Application time: 0.0235342 seconds
[GC remark, 0.0084745 secs]
Application time: 0.0000478 seconds
[GC cleanup 46M->41M(64M), 0.0002283 secs]
[GC concurrent-cleanup-start]
[GC concurrent-cleanup-end, 0.0000175 secs]
Application time: 0.0129557 seconds
[GC pause (G1 Evacuation Pause) (young) 47M->36M(64M), 0.0058495 secs]
Application time: 0.0015587 seconds
[GC pause (G1 Evacuation Pause) (mixed) 37M->34M(64M), 0.0081547 secs]
Application time: 0.0466850 seconds
[GC pause (G1 Evacuation Pause) (young) 51M->40M(64M), 0.0150741 secs]
Application time: 0.0376006 seconds
[GC pause (G1 Evacuation Pause) (young) (initial-mark) 51M->42M(64M), 0.0110373 secs]
[GC concurrent-root-region-scan-start]
[GC concurrent-root-region-scan-end, 0.0008946 secs]
[GC concurrent-mark-start]
Application time: 0.0472464 seconds
[GC pause (G1 Evacuation Pause) (young) 52M->42M(64M), 0.0060572 secs]
Application time: 0.0459568 seconds
[GC pause (G1 Evacuation Pause) (young) 52M->44M(64M), 0.0044559 secs]
[GC concurrent-mark-end, 0.1181510 secs]
Application time: 0.0150124 seconds
[GC remark, 0.0077686 secs]
Application time: 0.0000542 seconds
[GC cleanup 47M->41M(64M), 0.0002705 secs]
[GC concurrent-cleanup-start]
[GC concurrent-cleanup-end, 0.0000193 secs]
Application time: 0.0123857 seconds
[GC pause (G1 Evacuation Pause) (young) 46M->40M(64M), 0.0047793 secs]
Application time: 0.0050357 seconds
[GC pause (G1 Evacuation Pause) (mixed) 42M->35M(64M), 0.0076055 secs]
Application time: 0.0050142 seconds
[GC pause (G1 Evacuation Pause) (mixed) 37M->33M(64M), 0.0091526 secs]
Application time: 0.0412984 seconds
[GC pause (G1 Evacuation Pause) (young) 51M->34M(64M), 0.0045910 secs]
Application time: 0.0344993 seconds
[GC pause (G1 Evacuation Pause) (young) (initial-mark) 53M->33M(64M), 0.0017097 secs]
[GC concurrent-root-region-scan-start]
[GC concurrent-root-region-scan-end, 0.0006885 secs]
[GC concurrent-mark-start]
Application time: 0.0697159 seconds
[GC pause (G1 Evacuation Pause) (young) 52M->34M(64M), 0.0016666 secs]
[GC concurrent-mark-end, 0.1185401 secs]
Application time: 0.0477717 seconds
[GC remark, 0.0078128 secs]
Application time: 0.0000500 seconds
[GC cleanup 50M->50M(64M), 0.0002339 secs]
Application time: 0.0065965 seconds
[GC pause (G1 Evacuation Pause) (young) 54M->33M(64M), 0.0015177 secs]
Application time: 0.0069240 seconds
[GC pause (G1 Evacuation Pause) (mixed) 35M->29M(64M), 0.0053021 secs]
Application time: 0.0434998 seconds
[GC pause (G1 Evacuation Pause) (young) 52M->34M(64M), 0.0081195 secs]
Application time: 0.0390403 seconds
[GC pause (G1 Evacuation Pause) (young) (initial-mark) 52M->37M(64M), 0.0094521 secs]
[GC concurrent-root-region-scan-start]
[GC concurrent-root-region-scan-end, 0.0039685 secs]
[GC concurrent-mark-start]
Application time: 0.0772195 seconds
[GC pause (G1 Evacuation Pause) (young) 52M->42M(64M), 0.0142584 secs]
[GC concurrent-mark-end, 0.1306999 secs]
Application time: 0.0427687 seconds
[GC remark, 0.0078206 secs]
Application time: 0.0000441 seconds
[GC cleanup 52M->48M(64M), 0.0002352 secs]
[GC concurrent-cleanup-start]
[GC concurrent-cleanup-end, 0.0000158 secs]
Application time: 0.0007337 seconds
[GC pause (G1 Evacuation Pause) (young) 48M->41M(64M), 0.0137460 secs]
Application time: 0.0054753 seconds
[GC pause (G1 Evacuation Pause) (mixed) 42M->39M(64M), 0.0214666 secs]
Application time: 0.0433086 seconds
[GC pause (G1 Evacuation Pause) (young) 52M->39M(64M), 0.0134020 secs]
Application time: 0.0368980 seconds
[GC pause (G1 Evacuation Pause) (young) (initial-mark) 52M->41M(64M), 0.0044571 secs]
[GC concurrent-root-region-scan-start]
[GC concurrent-root-region-scan-end, 0.0021242 secs]
[GC concurrent-mark-start]
[GC concurrent-mark-end, 0.0512076 secs]
Application time: 0.0512305 seconds
[GC remark, 0.0084173 secs]
Application time: 0.0000398 seconds
[GC cleanup 49M->42M(64M), 0.0002411 secs]
[GC concurrent-cleanup-start]
[GC concurrent-cleanup-end, 0.0000212 secs]
Application time: 0.0146830 seconds
[GC pause (G1 Evacuation Pause) (young) 45M->37M(64M), 0.0071157 secs]
Application time: 0.0025239 seconds
[GC pause (G1 Evacuation Pause) (mixed) 38M->32M(64M), 0.0107981 secs]
Application time: 0.0475947 seconds
[GC pause (G1 Evacuation Pause) (young) 51M->32M(64M), 0.0039017 secs]
Application time: 0.0472085 seconds
[GC pause (G1 Evacuation Pause) (young) (initial-mark) 52M->33M(64M), 0.0027129 secs]
[GC concurrent-root-region-scan-start]
[GC concurrent-root-region-scan-end, 0.0018030 secs]
[GC concurrent-mark-start]
Application time: 0.0711773 seconds
[GC pause (G1 Evacuation Pause) (young) 53M->32M(64M), 0.0025457 secs]
[GC concurrent-mark-end, 0.0947967 secs]
Application time: 0.0187664 seconds
[GC remark, 0.0071266 secs]
Application time: 0.0000588 seconds
[GC cleanup 36M->36M(64M), 0.0002259 secs]
Application time: 0.0323633 seconds
[GC pause (G1 Evacuation Pause) (young) 52M->33M(64M), 0.0025310 secs]
Application time: 0.0018903 seconds
[GC pause (G1 Evacuation Pause) (mixed) 34M->29M(64M), 0.0054272 secs]
Application time: 0.0391634 seconds
[GC pause (G1 Evacuation Pause) (young) 52M->34M(64M), 0.0095547 secs]
Application time: 0.0388896 seconds
[GC pause (G1 Evacuation Pause) (young) (initial-mark) 52M->36M(64M), 0.0093903 secs]
[GC concurrent-root-region-scan-start]
[GC concurrent-root-region-scan-end, 0.0035106 secs]
[GC concurrent-mark-start]
Application time: 0.0614391 seconds
[GC pause (G1 Evacuation Pause) (young) 52M->40M(64M), 0.0104886 secs]
[GC concurrent-mark-end, 0.1117863 secs]
Application time: 0.0432649 seconds
[GC remark, 0.0085986 secs]
Application time: 0.0000585 seconds
[GC cleanup 50M->47M(64M), 0.0002526 secs]
[GC concurrent-cleanup-start]
[GC concurrent-cleanup-end, 0.0000188 secs]
Application time: 0.0085951 seconds
[GC pause (G1 Evacuation Pause) (young) 49M->40M(64M), 0.0132278 secs]
Application time: 0.0097995 seconds
[GC pause (G1 Evacuation Pause) (mixed) 41M->37M(64M), 0.0109317 secs]
Application time: 0.0427954 seconds
[GC pause (G1 Evacuation Pause) (young) 51M->40M(64M), 0.0115517 secs]
Application time: 0.0325857 seconds
[GC pause (G1 Evacuation Pause) (young) (initial-mark) 51M->43M(64M), 0.0080090 secs]
[GC concurrent-root-region-scan-start]
[GC concurrent-root-region-scan-end, 0.0024129 secs]
[GC concurrent-mark-start]
Application time: 0.0487790 seconds
[GC pause (G1 Evacuation Pause) (young) 52M->46M(64M), 0.0082580 secs]
Application time: 0.0354270 seconds
[GC pause (G1 Evacuation Pause) (young) 53M->47M(64M), 0.0058799 secs]
[GC concurrent-mark-end, 0.1139496 secs]
Application time: 0.0137268 seconds
[GC remark, 0.0084770 secs]
Application time: 0.0000527 seconds
[GC cleanup 49M->40M(64M), 0.0002533 secs]
[GC concurrent-cleanup-start]
[GC concurrent-cleanup-end, 0.0000284 secs]
Application time: 0.0134359 seconds
[GC pause (G1 Evacuation Pause) (young) 45M->37M(64M), 0.0027797 secs]
Application time: 0.0052534 seconds
[GC pause (G1 Evacuation Pause) (mixed) 39M->32M(64M), 0.0025057 secs]
Application time: 0.0049949 seconds
[GC pause (G1 Evacuation Pause) (mixed) 34M->31M(64M), 0.0036983 secs]
Application time: 0.0401412 seconds
[GC pause (G1 Evacuation Pause) (young) 50M->31M(64M), 0.0023402 secs]
Application time: 0.0511357 seconds
[GC pause (G1 Evacuation Pause) (young) (initial-mark) 51M->31M(64M), 0.0016879 secs]
[GC concurrent-root-region-scan-start]
[GC concurrent-root-region-scan-end, 0.0004938 secs]
[GC concurrent-mark-start]
[GC concurrent-mark-end, 0.0595039 secs]
Application time: 0.0600742 seconds
[GC remark, 0.0087195 secs]
Application time: 0.0000520 seconds
[GC cleanup 41M->41M(64M), 0.0002317 secs]
Application time: 0.0162523 seconds
[GC pause (G1 Evacuation Pause) (young) 51M->31M(64M), 0.0015535 secs]
Application time: 0.0038023 seconds
[GC pause (G1 Evacuation Pause) (mixed) 33M->29M(64M), 0.0054014 secs]
Application time: 0.0426059 seconds
[GC pause (G1 Evacuation Pause) (young) 52M->29M(64M), 0.0049976 secs]
Application time: 0.0371844 seconds
[GC pause (G1 Evacuation Pause) (young) (initial-mark) 52M->30M(64M), 0.0021163 secs]
[GC concurrent-root-region-scan-start]
[GC concurrent-root-region-scan-end, 0.0006645 secs]
[GC concurrent-mark-start]
Application time: 0.0978660 seconds
[GC pause (G1 Evacuation Pause) (young)-- 54M->59M(64M), 0.0663477 secs]
Application time: 0.0077445 seconds
[GC pause (G1 Evacuation Pause) (young)-- 60M->61M(64M), 0.0196661 secs]
[GC concurrent-mark-end, 0.1951050 secs]
Application time: 0.0049701 seconds
[GC remark, 0.0084727 secs]
Application time: 0.0055924 seconds
[GC cleanup 62M->62M(64M), 0.0002558 secs]
Application time: 0.0031436 seconds
[GC pause (G1 Evacuation Pause) (young)-- 63M->63M(64M), 0.0224148 secs]
Application time: 0.0000468 seconds
[GC pause (G1 Evacuation Pause) (mixed)-- 63M->63M(64M), 0.0080472 secs]
Application time: 0.0000358 seconds
[GC pause (G1 Evacuation Pause) (young) 63M->63M(64M), 0.0012630 secs]
Application time: 0.0000296 seconds
[Full GC (Allocation Failure)  63M->25M(64M), 0.1022829 secs]
Application time: 0.0839845 seconds
[GC pause (G1 Evacuation Pause) (young) 51M->30M(64M), 0.0118474 secs]
Application time: 0.0591990 seconds
[GC pause (G1 Evacuation Pause) (young) 50M->33M(64M), 0.0106804 secs]
Application time: 0.0459806 seconds
[GC pause (G1 Evacuation Pause) (young) (initial-mark) 51M->34M(64M), 0.0089128 secs]
[GC concurrent-root-region-scan-start]
[GC concurrent-root-region-scan-end, 0.0004737 secs]
[GC concurrent-mark-start]
Application time: 0.0757376 seconds
[GC pause (G1 Evacuation Pause) (young) 51M->35M(64M), 0.0052248 secs]
[GC concurrent-mark-end, 0.1157364 secs]
Application time: 0.0351290 seconds
[GC remark, 0.0093311 secs]
Application time: 0.0000757 seconds
[GC cleanup 43M->43M(64M), 0.0002599 secs]
Application time: 0.0259322 seconds
[GC pause (G1 Evacuation Pause) (young) 52M->34M(64M), 0.0016094 secs]
Application time: 0.0046455 seconds
[GC pause (G1 Evacuation Pause) (mixed) 36M->30M(64M), 0.0034064 secs]
Application time: 0.0042569 seconds
[GC pause (G1 Evacuation Pause) (mixed) 32M->30M(64M), 0.0039699 secs]
Application time: 0.0370224 seconds
[GC pause (G1 Evacuation Pause) (young) 52M->30M(64M), 0.0026689 secs]
Application time: 0.0380149 seconds
[GC pause (G1 Evacuation Pause) (young) (initial-mark) 52M->30M(64M), 0.0019574 secs]
[GC concurrent-root-region-scan-start]
[GC concurrent-root-region-scan-end, 0.0005699 secs]
[GC concurrent-mark-start]
Application time: 0.0719618 seconds
[GC pause (G1 Evacuation Pause) (young) 53M->32M(64M), 0.0035469 secs]
[GC concurrent-mark-end, 0.0985005 secs]
Application time: 0.0194700 seconds
[GC remark, 0.0089824 secs]
Application time: 0.0000592 seconds
[GC cleanup 36M->36M(64M), 0.0002466 secs]
Application time: 0.0525774 seconds
[GC pause (G1 Evacuation Pause) (young)-- 52M->51M(64M), 0.0398801 secs]
Application time: 0.0036677 seconds
[GC pause (G1 Evacuation Pause) (mixed) 52M->51M(64M), 0.0171248 secs]
Application time: 0.0079835 seconds
[GC pause (G1 Evacuation Pause) (young) 53M->52M(64M), 0.0092107 secs]
Application time: 0.0085580 seconds
[GC pause (G1 Evacuation Pause) (young) (initial-mark) 54M->52M(64M), 0.0039483 secs]
[GC concurrent-root-region-scan-start]
[GC concurrent-root-region-scan-end, 0.0013042 secs]
[GC concurrent-mark-start]
Application time: 0.0151789 seconds
[GC pause (G1 Evacuation Pause) (young) 54M->53M(64M), 0.0033886 secs]
Application time: 0.0264427 seconds
[GC pause (G1 Evacuation Pause) (young) 55M->53M(64M), 0.0038713 secs]
[GC concurrent-mark-end, 0.0669410 secs]
Application time: 0.0192302 seconds
[GC remark, 0.0090932 secs]
Application time: 0.0000645 seconds
[GC cleanup 55M->46M(64M), 0.0003187 secs]
[GC concurrent-cleanup-start]
[GC concurrent-cleanup-end, 0.0000303 secs]
Application time: 0.0002549 seconds
[GC pause (G1 Evacuation Pause) (young) 46M->46M(64M), 0.0047047 secs]
Application time: 0.0072683 seconds
[GC pause (G1 Evacuation Pause) (mixed) 48M->40M(64M), 0.0049037 secs]
Application time: 0.0072930 seconds
[GC pause (G1 Evacuation Pause) (mixed) 42M->36M(64M), 0.0068346 secs]
Application time: 0.0061663 seconds
[GC pause (G1 Evacuation Pause) (mixed) 38M->35M(64M), 0.0105759 secs]
Application time: 0.0383200 seconds
[GC pause (G1 Evacuation Pause) (young) 48M->39M(64M), 0.0134536 secs]
Application time: 0.0351669 seconds
[GC pause (G1 Evacuation Pause) (young) (initial-mark) 51M->41M(64M), 0.0102693 secs]
[GC concurrent-root-region-scan-start]
[GC concurrent-root-region-scan-end, 0.0029608 secs]
[GC concurrent-mark-start]
Application time: 0.0544884 seconds
[GC pause (G1 Evacuation Pause) (young) 51M->42M(64M), 0.0068914 secs]
Application time: 0.0433158 seconds
[GC pause (G1 Evacuation Pause) (young) 52M->42M(64M), 0.0046028 secs]
[GC concurrent-mark-end, 0.1298926 secs]
Application time: 0.0231937 seconds
[GC remark, 0.0080233 secs]
Application time: 0.0000509 seconds
[GC cleanup 47M->44M(64M), 0.0002710 secs]
[GC concurrent-cleanup-start]
[GC concurrent-cleanup-end, 0.0000154 secs]
Application time: 0.0120633 seconds
[GC pause (G1 Evacuation Pause) (young) 50M->39M(64M), 0.0019644 secs]
Application time: 0.0045946 seconds
[GC pause (G1 Evacuation Pause) (mixed) 41M->32M(64M), 0.0030985 secs]
Application time: 0.0045548 seconds
[GC pause (G1 Evacuation Pause) (mixed) 34M->30M(64M), 0.0070797 secs]
Application time: 0.0404842 seconds
[GC pause (G1 Evacuation Pause) (young) 49M->30M(64M), 0.0058588 secs]
Application time: 0.0393438 seconds
[GC pause (G1 Evacuation Pause) (young) (initial-mark) 50M->30M(64M), 0.0021678 secs]
[GC concurrent-root-region-scan-start]
[GC concurrent-root-region-scan-end, 0.0005813 secs]
[GC concurrent-mark-start]
Application time: 0.0730429 seconds
[GC pause (G1 Evacuation Pause) (young) 51M->30M(64M), 0.0022226 secs]
[GC concurrent-mark-end, 0.1151345 secs]
Application time: 0.0403946 seconds
[GC remark, 0.0085378 secs]
Application time: 0.0000639 seconds
[GC cleanup 44M->44M(64M), 0.0002947 secs]
Application time: 0.0124051 seconds
[GC pause (G1 Evacuation Pause) (young) 51M->30M(64M), 0.0020160 secs]
Application time: 0.0069870 seconds
[GC pause (G1 Evacuation Pause) (mixed) 32M->30M(64M), 0.0045786 secs]
Application time: 0.0426489 seconds
[GC pause (G1 Evacuation Pause) (young) 53M->36M(64M), 0.0094719 secs]
Application time: 0.0452303 seconds
[GC pause (G1 Evacuation Pause) (young) (initial-mark) 52M->43M(64M), 0.0221171 secs]
[GC concurrent-root-region-scan-start]
[GC concurrent-root-region-scan-end, 0.0136956 secs]
[GC concurrent-mark-start]
Application time: 0.0728812 seconds
[GC pause (G1 Evacuation Pause) (young) 53M->45M(64M), 0.0187461 secs]
Application time: 0.0371565 seconds
[GC pause (G1 Evacuation Pause) (young) 52M->47M(64M), 0.0099619 secs]
[GC concurrent-mark-end, 0.1425743 secs]
Application time: 0.0131218 seconds
[GC remark, 0.0088923 secs]
Application time: 0.0000490 seconds
[GC cleanup 50M->41M(64M), 0.0003238 secs]
[GC concurrent-cleanup-start]
[GC concurrent-cleanup-end, 0.0000298 secs]
Application time: 0.0103352 seconds
[GC pause (G1 Evacuation Pause) (young) 44M->41M(64M), 0.0093073 secs]
Application time: 0.0042402 seconds
[GC pause (G1 Evacuation Pause) (mixed) 43M->39M(64M), 0.0131602 secs]
Application time: 0.0089876 seconds
[GC pause (G1 Evacuation Pause) (mixed) 41M->40M(64M), 0.0091974 secs]
Application time: 0.0304199 seconds
[GC pause (G1 Evacuation Pause) (young) 50M->44M(64M), 0.0081768 secs]
Application time: 0.0193424 seconds
[GC pause (G1 Evacuation Pause) (young) (initial-mark) 51M->45M(64M), 0.0076861 secs]
[GC concurrent-root-region-scan-start]
[GC concurrent-root-region-scan-end, 0.0006859 secs]
[GC concurrent-mark-start]
Application time: 0.0339722 seconds
[GC pause (G1 Evacuation Pause) (young) 52M->45M(64M), 0.0048456 secs]
Application time: 0.0317783 seconds
[GC pause (G1 Evacuation Pause) (young) 52M->45M(64M), 0.0018466 secs]
Application time: 0.0326629 seconds
[GC pause (G1 Evacuation Pause) (young) 53M->45M(64M), 0.0018250 secs]
[GC concurrent-mark-end, 0.1149572 secs]
Application time: 0.0081734 seconds
[GC remark, 0.0085844 secs]
Application time: 0.0000546 seconds
[GC cleanup 46M->41M(64M), 0.0003012 secs]
[GC concurrent-cleanup-start]
[GC concurrent-cleanup-end, 0.0000189 secs]
Application time: 0.0160969 seconds
[GC pause (G1 Evacuation Pause) (young) 48M->40M(64M), 0.0019415 secs]
Application time: 0.0089745 seconds
[GC pause (G1 Evacuation Pause) (mixed) 42M->34M(64M), 0.0037737 secs]
Application time: 0.0057646 seconds
[GC pause (G1 Evacuation Pause) (mixed) 36M->30M(64M), 0.0070809 secs]
Application time: 0.0082954 seconds
[GC pause (G1 Evacuation Pause) (mixed) 32M->30M(64M), 0.0055148 secs]
Application time: 0.0434635 seconds
[GC pause (G1 Evacuation Pause) (young) 51M->30M(64M), 0.0022556 secs]
Application time: 0.0404715 seconds
[GC pause (G1 Evacuation Pause) (young) (initial-mark) 51M->31M(64M), 0.0022321 secs]
[GC concurrent-root-region-scan-start]
[GC concurrent-root-region-scan-end, 0.0005708 secs]
[GC concurrent-mark-start]
Application time: 0.0706915 seconds
[GC pause (G1 Evacuation Pause) (young) 53M->30M(64M), 0.0021534 secs]
[GC concurrent-mark-end, 0.1095587 secs]
Application time: 0.0370860 seconds
[GC remark, 0.0086914 secs]
Application time: 0.0000737 seconds
[GC cleanup 42M->42M(64M), 0.0002759 secs]
Application time: 0.0273305 seconds
[GC pause (G1 Evacuation Pause) (young) 52M->36M(64M), 0.0111946 secs]
Application time: 0.0029157 seconds
[GC pause (G1 Evacuation Pause) (mixed) 37M->36M(64M), 0.0109327 secs]
Application time: 0.0381387 seconds
[GC pause (G1 Evacuation Pause) (young) 52M->37M(64M), 0.0099704 secs]
Application time: 0.0343362 seconds
[GC pause (G1 Evacuation Pause) (young) (initial-mark) 52M->42M(64M), 0.0067881 secs]
[GC concurrent-root-region-scan-start]
[GC concurrent-root-region-scan-end, 0.0019088 secs]
[GC concurrent-mark-start]
Application time: 0.0501949 seconds
[GC pause (G1 Evacuation Pause) (young) 52M->45M(64M), 0.0104509 secs]
Application time: 0.0377539 seconds
[GC pause (G1 Evacuation Pause) (young) 52M->47M(64M), 0.0110800 secs]
[GC concurrent-mark-end, 0.1106275 secs]
Application time: 0.0027330 seconds
[GC remark, 0.0087141 secs]
Application time: 0.0082586 seconds
[GC cleanup 50M->42M(64M), 0.0004748 secs]
[GC concurrent-cleanup-start]
[GC concurrent-cleanup-end, 0.0000210 secs]
Application time: 0.0094996 seconds
[GC pause (G1 Evacuation Pause) (young) 44M->40M(64M), 0.0060430 secs]
Application time: 0.0070930 seconds
[GC pause (G1 Evacuation Pause) (mixed) 42M->34M(64M), 0.0047010 secs]
Application time: 0.0068576 seconds
[GC pause (G1 Evacuation Pause) (mixed) 36M->34M(64M), 0.0030435 secs]
Application time: 0.0447877 seconds
[GC pause (G1 Evacuation Pause) (young) 51M->35M(64M), 0.0038567 secs]
Application time: 0.0427749 seconds
[GC pause (G1 Evacuation Pause) (young) (initial-mark) 52M->37M(64M), 0.0052014 secs]
[GC concurrent-root-region-scan-start]
[GC concurrent-root-region-scan-end, 0.0027996 secs]
[GC concurrent-mark-start]
Application time: 0.0778426 seconds
[GC pause (G1 Evacuation Pause) (young) 53M->37M(64M), 0.0058043 secs]
[GC concurrent-mark-end, 0.1092366 secs]
Application time: 0.0243086 seconds
[GC remark, 0.0085961 secs]
Application time: 0.0000487 seconds
[GC cleanup 44M->40M(64M), 0.0002601 secs]
[GC concurrent-cleanup-start]
[GC concurrent-cleanup-end, 0.0000176 secs]
Application time: 0.0166964 seconds
[GC pause (G1 Evacuation Pause) (young) 48M->33M(64M), 0.0045013 secs]
Application time: 0.0040460 seconds
[GC pause (G1 Evacuation Pause) (mixed) 35M->29M(64M), 0.0055147 secs]
Application time: 0.0444110 seconds
[GC pause (G1 Evacuation Pause) (young) 53M->29M(64M), 0.0050197 secs]
Application time: 0.0424870 seconds
[GC pause (G1 Evacuation Pause) (young) (initial-mark) 53M->31M(64M), 0.0032746 secs]
[GC concurrent-root-region-scan-start]
[GC concurrent-root-region-scan-end, 0.0015622 secs]
[GC concurrent-mark-start]
Application time: 0.0698952 seconds
[GC pause (G1 Evacuation Pause) (young) 52M->34M(64M), 0.0081787 secs]
[GC concurrent-mark-end, 0.1227558 secs]
Application time: 0.0461287 seconds
[GC remark, 0.0087339 secs]
Application time: 0.0000536 seconds
[GC cleanup 47M->47M(64M), 0.0002625 secs]
Application time: 0.0147614 seconds
[GC pause (G1 Evacuation Pause) (young) 53M->36M(64M), 0.0109856 secs]
Application time: 0.0451933 seconds
[GC pause (G1 Evacuation Pause) (young) 52M->42M(64M), 0.0165384 secs]
Application time: 0.0395272 seconds
[GC pause (G1 Evacuation Pause) (young) (initial-mark) 53M->44M(64M), 0.0146617 secs]
[GC concurrent-root-region-scan-start]
[GC concurrent-root-region-scan-end, 0.0065690 secs]
[GC concurrent-mark-start]
Application time: 0.0464578 seconds
[GC pause (G1 Evacuation Pause) (young) 53M->47M(64M), 0.0122522 secs]
Application time: 0.0316150 seconds
[GC pause (G1 Evacuation Pause) (young) 53M->49M(64M), 0.0106329 secs]
Application time: 0.0210266 seconds
[GC pause (G1 Evacuation Pause) (young) 53M->51M(64M), 0.0091922 secs]
[GC concurrent-mark-end, 0.1331103 secs]
Application time: 0.0040368 seconds
[GC remark, 0.0088427 secs]
Application time: 0.0059387 seconds
[GC pause (G1 Evacuation Pause) (young) 53M->53M(64M), 0.0057718 secs]
Application time: 0.0000440 seconds
[GC cleanup 53M->41M(64M), 0.0003005 secs]
[GC concurrent-cleanup-start]
[GC concurrent-cleanup-end, 0.0000269 secs]
Application time: 0.0057341 seconds
[GC pause (G1 Evacuation Pause) (young) 43M->40M(64M), 0.0027743 secs]
Application time: 0.0056193 seconds
[GC pause (G1 Evacuation Pause) (mixed) 42M->37M(64M), 0.0020483 secs]
Application time: 0.0383254 seconds
[GC pause (G1 Evacuation Pause) (young) 51M->37M(64M), 0.0017338 secs]
Application time: 0.0432173 seconds
[GC pause (G1 Evacuation Pause) (young) (initial-mark) 52M->37M(64M), 0.0023520 secs]
[GC concurrent-root-region-scan-start]
[GC concurrent-root-region-scan-end, 0.0006318 secs]
[GC concurrent-mark-start]
Application time: 0.0622505 seconds
[GC pause (G1 Evacuation Pause) (young) 52M->37M(64M), 0.0020358 secs]
[GC concurrent-mark-end, 0.1142310 secs]
Application time: 0.0487380 seconds
[GC remark, 0.0087334 secs]
Application time: 0.0000565 seconds
[GC cleanup 48M->45M(64M), 0.0002841 secs]
[GC concurrent-cleanup-start]
[GC concurrent-cleanup-end, 0.0000151 secs]
Application time: 0.0094694 seconds
[GC pause (G1 Evacuation Pause) (young) 50M->34M(64M), 0.0018777 secs]
Application time: 0.0041359 seconds
[GC pause (G1 Evacuation Pause) (mixed) 36M->30M(64M), 0.0072684 secs]
Application time: 0.0040961 seconds
[GC pause (G1 Evacuation Pause) (mixed) 32M->30M(64M), 0.0055204 secs]
Application time: 0.0397564 seconds
[GC pause (G1 Evacuation Pause) (young) 53M->30M(64M), 0.0029786 secs]
Application time: 0.0380365 seconds
[GC pause (G1 Evacuation Pause) (young) (initial-mark) 53M->30M(64M), 0.0021418 secs]
[GC concurrent-root-region-scan-start]
[GC concurrent-root-region-scan-end, 0.0006574 secs]
[GC concurrent-mark-start]
Application time: 0.0696350 seconds
[GC pause (G1 Evacuation Pause) (young) 53M->33M(64M), 0.0044282 secs]
[GC concurrent-mark-end, 0.1234442 secs]
Application time: 0.0459560 seconds
[GC remark, 0.0081074 secs]
Application time: 0.0000396 seconds
[GC cleanup 45M->45M(64M), 0.0002372 secs]
Application time: 0.0318979 seconds
[GC pause (G1 Evacuation Pause) (young)-- 52M->59M(64M), 0.0611528 secs]
Application time: 0.0073270 seconds
[GC pause (G1 Evacuation Pause) (mixed)-- 60M->61M(64M), 0.0279698 secs]
Application time: 0.0088462 seconds
[GC pause (G1 Evacuation Pause) (young)-- 63M->63M(64M), 0.0185045 secs]
Application time: 0.0000607 seconds
[GC pause (G1 Evacuation Pause) (young) (initial-mark) 63M->63M(64M), 0.0029316 secs]
[GC concurrent-root-region-scan-start]
[GC concurrent-root-region-scan-end, 0.0000159 secs]
[GC concurrent-mark-start]
Application time: 0.0000612 seconds
[Full GC (Allocation Failure)  63M->25M(64M), 0.1104583 secs]
[GC concurrent-mark-abort]
Application time: 0.0858538 seconds
[GC pause (G1 Evacuation Pause) (young) 49M->32M(64M), 0.0096819 secs]
Application time: 0.0556282 seconds
[GC pause (G1 Evacuation Pause) (young) (initial-mark) 50M->35M(64M), 0.0129995 secs]
[GC concurrent-root-region-scan-start]
[GC concurrent-root-region-scan-end, 0.0096734 secs]
[GC concurrent-mark-start]
Application time: 0.0735574 seconds
[GC pause (G1 Evacuation Pause) (young) 50M->37M(64M), 0.0106408 secs]
[GC concurrent-mark-end, 0.1221515 secs]
Application time: 0.0475391 seconds
[GC remark, 0.0098625 secs]
Application time: 0.0000662 seconds
[GC cleanup 49M->47M(64M), 0.0002935 secs]
[GC concurrent-cleanup-start]
[GC concurrent-cleanup-end, 0.0000095 secs]
Application time: 0.0048162 seconds
[GC pause (G1 Evacuation Pause) (young) 49M->35M(64M), 0.0055885 secs]
Application time: 0.0048172 seconds
[GC pause (G1 Evacuation Pause) (mixed) 37M->31M(64M), 0.0025280 secs]
Application time: 0.0421662 seconds
[GC pause (G1 Evacuation Pause) (young) 50M->31M(64M), 0.0032269 secs]
Application time: 0.0379286 seconds
[GC pause (G1 Evacuation Pause) (young) (initial-mark) 50M->31M(64M), 0.0021928 secs]
[GC concurrent-root-region-scan-start]
[GC concurrent-root-region-scan-end, 0.0005594 secs]
[GC concurrent-mark-start]
Application time: 0.0664507 seconds
[GC pause (G1 Evacuation Pause) (young) 51M->31M(64M), 0.0022156 secs]
[GC concurrent-mark-end, 0.1081083 secs]
Application time: 0.0398358 seconds
[GC remark, 0.0096939 secs]
Application time: 0.0000710 seconds
[GC cleanup 44M->44M(64M), 0.0002934 secs]
Application time: 0.0119897 seconds
[GC pause (G1 Evacuation Pause) (young) 51M->31M(64M), 0.0020473 secs]
Application time: 0.0037823 seconds
[GC pause (G1 Evacuation Pause) (mixed) 33M->28M(64M), 0.0043090 secs]
Application time: 0.0430489 seconds
[GC pause (G1 Evacuation Pause) (young) 51M->36M(64M), 0.0115498 secs]
Application time: 0.0449358 seconds
[GC pause (G1 Evacuation Pause) (young) (initial-mark) 52M->41M(64M), 0.0182757 secs]
[GC concurrent-root-region-scan-start]
[GC concurrent-root-region-scan-end, 0.0050321 secs]
[GC concurrent-mark-start]
Application time: 0.0570634 seconds
[GC pause (G1 Evacuation Pause) (young) 52M->44M(64M), 0.0173949 secs]
[GC concurrent-mark-end, 0.1150224 secs]
Application time: 0.0455373 seconds
[GC remark, 0.0099475 secs]
Application time: 0.0000485 seconds
[GC cleanup 51M->43M(64M), 0.0003104 secs]
[GC concurrent-cleanup-start]
[GC concurrent-cleanup-end, 0.0000234 secs]
Application time: 0.0052362 seconds
[GC pause (G1 Evacuation Pause) (young) 44M->38M(64M), 0.0115533 secs]
Application time: 0.0034526 seconds
[GC pause (G1 Evacuation Pause) (mixed) 39M->35M(64M), 0.0148912 secs]
Application time: 0.0068341 seconds
[GC pause (G1 Evacuation Pause) (mixed) 37M->34M(64M), 0.0106077 secs]
Application time: 0.0515211 seconds
[GC pause (G1 Evacuation Pause) (young) 51M->36M(64M), 0.0076054 secs]
Application time: 0.0407695 seconds
[GC pause (G1 Evacuation Pause) (young) (initial-mark) 51M->37M(64M), 0.0057915 secs]
[GC concurrent-root-region-scan-start]
[GC concurrent-root-region-scan-end, 0.0022236 secs]
[GC concurrent-mark-start]
Application time: 0.0706578 seconds
[GC pause (G1 Evacuation Pause) (young) 52M->38M(64M), 0.0054875 secs]
[GC concurrent-mark-end, 0.1050204 secs]
Application time: 0.0309999 seconds
[GC remark, 0.0092280 secs]
Application time: 0.0000449 seconds
[GC cleanup 46M->41M(64M), 0.0002650 secs]
[GC concurrent-cleanup-start]
[GC concurrent-cleanup-end, 0.0000134 secs]
Application time: 0.0151136 seconds
[GC pause (G1 Evacuation Pause) (young) 47M->33M(64M), 0.0035227 secs]
Application time: 0.0091328 seconds
[GC pause (G1 Evacuation Pause) (mixed) 35M->29M(64M), 0.0055063 secs]
Application time: 0.0477256 seconds
[GC pause (G1 Evacuation Pause) (young) 51M->29M(64M), 0.0043185 secs]
Application time: 0.0400805 seconds
[GC pause (G1 Evacuation Pause) (young) (initial-mark) 52M->30M(64M), 0.0018137 secs]
[GC concurrent-root-region-scan-start]
[GC concurrent-root-region-scan-end, 0.0004545 secs]
[GC concurrent-mark-start]
Application time: 0.0710922 seconds
[GC pause (G1 Evacuation Pause) (young) 53M->32M(64M), 0.0046484 secs]
[GC concurrent-mark-end, 0.1328111 secs]
Application time: 0.0574420 seconds
[GC remark, 0.0088181 secs]
Application time: 0.0030244 seconds
[GC cleanup 45M->45M(64M), 0.0002837 secs]
Application time: 0.0223285 seconds
[GC pause (G1 Evacuation Pause) (young) 52M->35M(64M), 0.0097156 secs]
Application time: 0.0025867 seconds
[GC pause (G1 Evacuation Pause) (mixed) 36M->36M(64M), 0.0096471 secs]
Application time: 0.0377167 seconds
[GC pause (G1 Evacuation Pause) (young) 52M->37M(64M), 0.0086756 secs]
Application time: 0.0359882 seconds
[GC pause (G1 Evacuation Pause) (young) (initial-mark) 52M->44M(64M), 0.0093709 secs]
[GC concurrent-root-region-scan-start]
[GC concurrent-root-region-scan-end, 0.0028217 secs]
[GC concurrent-mark-start]
Application time: 0.0529276 seconds
[GC pause (G1 Evacuation Pause) (young) 52M->46M(64M), 0.0117657 secs]
Application time: 0.0345898 seconds
[GC pause (G1 Evacuation Pause) (young) 52M->47M(64M), 0.0101003 secs]
[GC concurrent-mark-end, 0.1247879 secs]
Application time: 0.0178597 seconds
[GC remark, 0.0086753 secs]
Application time: 0.0028170 seconds
[GC cleanup 51M->43M(64M), 0.0002747 secs]
[GC concurrent-cleanup-start]
[GC concurrent-cleanup-end, 0.0000223 secs]
Application time: 0.0052092 seconds
[GC pause (G1 Evacuation Pause) (young) 45M->40M(64M), 0.0069187 secs]
Application time: 0.0111595 seconds
[GC pause (G1 Evacuation Pause) (mixed) 42M->36M(64M), 0.0048367 secs]
Application time: 0.0100557 seconds
[GC pause (G1 Evacuation Pause) (mixed) 38M->35M(64M), 0.0083556 secs]
Application time: 0.0469629 seconds
[GC pause (G1 Evacuation Pause) (young) 52M->38M(64M), 0.0103929 secs]
Application time: 0.0352277 seconds
[GC pause (G1 Evacuation Pause) (young) (initial-mark) 52M->39M(64M), 0.0055524 secs]
[GC concurrent-root-region-scan-start]
[GC concurrent-root-region-scan-end, 0.0003567 secs]
[GC concurrent-mark-start]
[GC concurrent-mark-end, 0.0594720 secs]
Application time: 0.0599215 seconds
[GC remark, 0.0083469 secs]
Application time: 0.0000530 seconds
[GC cleanup 49M->45M(64M), 0.0002676 secs]
[GC concurrent-cleanup-start]
[GC concurrent-cleanup-end, 0.0000139 secs]
Application time: 0.0163417 seconds
[GC pause (G1 Evacuation Pause) (young) 48M->35M(64M), 0.0046386 secs]
Application time: 0.0049351 seconds
[GC pause (G1 Evacuation Pause) (mixed) 37M->30M(64M), 0.0042515 secs]
Application time: 0.0045908 seconds
[GC pause (G1 Evacuation Pause) (mixed) 32M->30M(64M), 0.0044437 secs]
Application time: 0.0407271 seconds
[GC pause (G1 Evacuation Pause) (young) 52M->30M(64M), 0.0028737 secs]
Application time: 0.0424007 seconds
[GC pause (G1 Evacuation Pause) (young) (initial-mark) 53M->30M(64M), 0.0020466 secs]
[GC concurrent-root-region-scan-start]
[GC concurrent-root-region-scan-end, 0.0005511 secs]
[GC concurrent-mark-start]
Application time: 0.0809457 seconds
[GC pause (G1 Evacuation Pause) (young) 53M->33M(64M), 0.0058008 secs]
[GC concurrent-mark-end, 0.1148968 secs]
Application time: 0.0285633 seconds
[GC remark, 0.0087606 secs]
Application time: 0.0000517 seconds
[GC cleanup 42M->42M(64M), 0.0002675 secs]
Application time: 0.0332514 seconds
[GC pause (G1 Evacuation Pause) (young) 52M->37M(64M), 0.0099151 secs]
Application time: 0.0028623 seconds
[GC pause (G1 Evacuation Pause) (mixed) 38M->37M(64M), 0.0122236 secs]
Application time: 0.0400075 seconds
[GC pause (G1 Evacuation Pause) (young) 52M->37M(64M), 0.0090691 secs]
Application time: 0.0406368 seconds
[GC pause (G1 Evacuation Pause) (young) (initial-mark) 52M->45M(64M), 0.0106032 secs]
[GC concurrent-root-region-scan-start]
[GC concurrent-root-region-scan-end, 0.0023797 secs]
[GC concurrent-mark-start]
Application time: 0.0430082 seconds
[GC pause (G1 Evacuation Pause) (young) 53M->47M(64M), 0.0136008 secs]
Application time: 0.0393599 seconds
[GC pause (G1 Evacuation Pause) (young) 53M->49M(64M), 0.0139045 secs]
Application time: 0.0216685 seconds
[GC pause (G1 Evacuation Pause) (young) 53M->50M(64M), 0.0066613 secs]
[GC concurrent-mark-end, 0.1525975 secs]
Application time: 0.0123836 seconds
[GC remark, 0.0087300 secs]
Application time: 0.0000421 seconds
[GC cleanup 53M->46M(64M), 0.0003034 secs]
[GC concurrent-cleanup-start]
[GC concurrent-cleanup-end, 0.0000180 secs]
Application time: 0.0016313 seconds
[GC pause (G1 Evacuation Pause) (young) 46M->43M(64M), 0.0025463 secs]
Application time: 0.0052493 seconds
[GC pause (G1 Evacuation Pause) (mixed) 45M->38M(64M), 0.0050891 secs]
Application time: 0.0132282 seconds
[GC pause (G1 Evacuation Pause) (mixed) 40M->36M(64M), 0.0098918 secs]
Application time: 0.0535509 seconds
[GC pause (G1 Evacuation Pause) (young) 52M->39M(64M), 0.0096988 secs]
Application time: 0.0347641 seconds
[GC pause (G1 Evacuation Pause) (young) (initial-mark) 52M->42M(64M), 0.0083729 secs]
[GC concurrent-root-region-scan-start]
[GC concurrent-root-region-scan-end, 0.0018194 secs]
[GC concurrent-mark-start]
Application time: 0.0504611 seconds
[GC pause (G1 Evacuation Pause) (young) 53M->43M(64M), 0.0065019 secs]
Application time: 0.0448514 seconds
[GC pause (G1 Evacuation Pause) (young) 53M->42M(64M), 0.0031360 secs]
[GC concurrent-mark-end, 0.1163013 secs]
Application time: 0.0089749 seconds
[GC remark, 0.0085516 secs]
Application time: 0.0000478 seconds
[GC cleanup 44M->38M(64M), 0.0003011 secs]
[GC concurrent-cleanup-start]
[GC concurrent-cleanup-end, 0.0000146 secs]
Application time: 0.0202375 seconds
[GC pause (G1 Evacuation Pause) (young) 47M->36M(64M), 0.0015407 secs]
Application time: 0.0039794 seconds
[GC pause (G1 Evacuation Pause) (mixed) 38M->32M(64M), 0.0045798 secs]
Application time: 0.0047164 seconds
[GC pause (G1 Evacuation Pause) (mixed) 34M->30M(64M), 0.0084037 secs]
Application time: 0.0407308 seconds
[GC pause (G1 Evacuation Pause) (young) 52M->30M(64M), 0.0056795 secs]
Application time: 0.0392474 seconds
[GC pause (G1 Evacuation Pause) (young) (initial-mark) 52M->30M(64M), 0.0017637 secs]
[GC concurrent-root-region-scan-start]
[GC concurrent-root-region-scan-end, 0.0004648 secs]
[GC concurrent-mark-start]
Application time: 0.0713582 seconds
[GC pause (G1 Evacuation Pause) (young) 53M->34M(64M), 0.0051840 secs]
[GC concurrent-mark-end, 0.1164465 secs]
Application time: 0.0402148 seconds
[GC remark, 0.0085847 secs]
Application time: 0.0000503 seconds
[GC cleanup 46M->46M(64M), 0.0002722 secs]
Application time: 0.0126538 seconds
[GC pause (G1 Evacuation Pause) (young) 52M->37M(64M), 0.0086325 secs]
Application time: 0.0022028 seconds
[GC pause (G1 Evacuation Pause) (mixed) 38M->37M(64M), 0.0095387 secs]
Application time: 0.0499538 seconds
[GC pause (G1 Evacuation Pause) (young) 53M->44M(64M), 0.0187046 secs]
Application time: 0.0334836 seconds
[GC pause (G1 Evacuation Pause) (young) (initial-mark) 53M->45M(64M), 0.0128571 secs]
[GC concurrent-root-region-scan-start]
[GC concurrent-root-region-scan-end, 0.0058615 secs]
[GC concurrent-mark-start]
Application time: 0.0359566 seconds
[GC pause (G1 Evacuation Pause) (young) 52M->48M(64M), 0.0135576 secs]
Application time: 0.0255205 seconds
[GC pause (G1 Evacuation Pause) (young) 53M->51M(64M), 0.0084231 secs]
Application time: 0.0159799 seconds
[GC pause (G1 Evacuation Pause) (young) 54M->53M(64M), 0.0076747 secs]
Application time: 0.0082713 seconds
[GC pause (G1 Evacuation Pause) (young) 55M->55M(64M), 0.0065544 secs]
Application time: 0.0114360 seconds
[GC pause (G1 Evacuation Pause) (young) 57M->58M(64M), 0.0058487 secs]
Application time: 0.0145992 seconds
[GC pause (G1 Evacuation Pause) (young) 60M->59M(64M), 0.0060253 secs]
[GC concurrent-mark-end, 0.1751928 secs]
Application time: 0.0045093 seconds
[GC remark, 0.0088820 secs]
Application time: 0.0000467 seconds
[GC cleanup 60M->52M(64M), 0.0003790 secs]
[GC concurrent-cleanup-start]
[GC concurrent-cleanup-end, 0.0000208 secs]
Application time: 0.0074535 seconds
[GC pause (G1 Evacuation Pause) (young) 53M->52M(64M), 0.0048703 secs]
Application time: 0.0072527 seconds
[GC pause (G1 Evacuation Pause) (mixed) 54M->48M(64M), 0.0072829 secs]
Application time: 0.0068736 seconds
[GC pause (G1 Evacuation Pause) (mixed) 50M->45M(64M), 0.0077929 secs]
Application time: 0.0223499 seconds
[GC pause (G1 Evacuation Pause) (young) 52M->45M(64M), 0.0028014 secs]
Application time: 0.0242859 seconds
[GC pause (G1 Evacuation Pause) (young) (initial-mark) 53M->45M(64M), 0.0012214 secs]
[GC concurrent-root-region-scan-start]
[GC concurrent-root-region-scan-end, 0.0004165 secs]
[GC concurrent-mark-start]
Application time: 0.0375472 seconds
[GC pause (G1 Evacuation Pause) (young) 53M->45M(64M), 0.0013803 secs]
Application time: 0.0300513 seconds
[GC pause (G1 Evacuation Pause) (young) 53M->45M(64M), 0.0011995 secs]
Application time: 0.0383749 seconds
[GC pause (G1 Evacuation Pause) (young) 53M->45M(64M), 0.0013181 secs]
[GC concurrent-mark-end, 0.1237497 secs]
Application time: 0.0099998 seconds
[GC remark, 0.0083167 secs]
Application time: 0.0004119 seconds
[GC cleanup 48M->43M(64M), 0.0002795 secs]
[GC concurrent-cleanup-start]
[GC concurrent-cleanup-end, 0.0000173 secs]
Application time: 0.0137348 seconds
[GC pause (G1 Evacuation Pause) (young) 49M->40M(64M), 0.0012169 secs]
Application time: 0.0046869 seconds
[GC pause (G1 Evacuation Pause) (mixed) 42M->34M(64M), 0.0026687 secs]
Application time: 0.0045650 seconds
[GC pause (G1 Evacuation Pause) (mixed) 36M->31M(64M), 0.0071830 secs]
Application time: 0.0044571 seconds
[GC pause (G1 Evacuation Pause) (mixed) 33M->31M(64M), 0.0080762 secs]
Application time: 0.0478592 seconds
[GC pause (G1 Evacuation Pause) (young) 53M->31M(64M), 0.0036393 secs]
Application time: 0.0401056 seconds
[GC pause (G1 Evacuation Pause) (young) (initial-mark) 53M->31M(64M), 0.0017550 secs]
[GC concurrent-root-region-scan-start]
[GC concurrent-root-region-scan-end, 0.0005428 secs]
[GC concurrent-mark-start]
Application time: 0.0820827 seconds
[GC pause (G1 Evacuation Pause) (young) 53M->36M(64M), 0.0089728 secs]
[GC concurrent-mark-end, 0.1160702 secs]
Application time: 0.0254254 seconds
[GC remark, 0.0078268 secs]
Application time: 0.0000636 seconds
[GC cleanup 42M->42M(64M), 0.0002405 secs]
Application time: 0.0316164 seconds
[GC pause (G1 Evacuation Pause) (young) 52M->38M(64M), 0.0095262 secs]
Application time: 0.0027503 seconds
[GC pause (G1 Evacuation Pause) (mixed) 39M->37M(64M), 0.0081502 secs]
Application time: 0.0355744 seconds
[GC pause (G1 Evacuation Pause) (young) 53M->38M(64M), 0.0077879 secs]
Application time: 0.0361229 seconds
[GC pause (G1 Evacuation Pause) (young) (initial-mark)-- 52M->50M(64M), 0.0178836 secs]
[GC concurrent-root-region-scan-start]
[GC concurrent-root-region-scan-end, 0.0091089 secs]
[GC concurrent-mark-start]
Application time: 0.0195418 seconds
[GC pause (G1 Evacuation Pause) (young) 53M->52M(64M), 0.0136460 secs]
Application time: 0.0102614 seconds
[GC pause (G1 Evacuation Pause) (young) 54M->53M(64M), 0.0059788 secs]
Application time: 0.0094566 seconds
[GC pause (G1 Evacuation Pause) (young) 55M->53M(64M), 0.0029460 secs]
Application time: 0.0269471 seconds
[GC pause (G1 Evacuation Pause) (young) 55M->53M(64M), 0.0015241 secs]
[GC concurrent-mark-end, 0.0944682 secs]
Application time: 0.0089061 seconds
[GC remark, 0.0082076 secs]
Application time: 0.0000479 seconds
[GC cleanup 54M->49M(64M), 0.0003153 secs]
[GC concurrent-cleanup-start]
[GC concurrent-cleanup-end, 0.0000140 secs]
Application time: 0.0075271 seconds
[GC pause (G1 Evacuation Pause) (young) 50M->48M(64M), 0.0014576 secs]
Application time: 0.0070353 seconds
[GC pause (G1 Evacuation Pause) (mixed) 50M->41M(64M), 0.0018831 secs]
Application time: 0.0083774 seconds
[GC pause (G1 Evacuation Pause) (mixed) 43M->35M(64M), 0.0060914 secs]
Application time: 0.0067863 seconds
[GC pause (G1 Evacuation Pause) (mixed) 37M->33M(64M), 0.0083762 secs]
Application time: 0.0432854 seconds
[GC pause (G1 Evacuation Pause) (young) 50M->34M(64M), 0.0093458 secs]
Application time: 0.0413392 seconds
[GC pause (G1 Evacuation Pause) (young) (initial-mark) 51M->36M(64M), 0.0058695 secs]
[GC concurrent-root-region-scan-start]
[GC concurrent-root-region-scan-end, 0.0027744 secs]
[GC concurrent-mark-start]
[GC concurrent-mark-end, 0.0507128 secs]
Application time: 0.0535706 seconds
[GC remark, 0.0073762 secs]
Application time: 0.0000443 seconds
[GC cleanup 44M->42M(64M), 0.0002410 secs]
[GC concurrent-cleanup-start]
[GC concurrent-cleanup-end, 0.0000127 secs]
Application time: 0.0216168 seconds
[GC pause (G1 Evacuation Pause) (young) 49M->35M(64M), 0.0060911 secs]
Application time: 0.0046656 seconds
[GC pause (G1 Evacuation Pause) (mixed) 37M->32M(64M), 0.0092837 secs]
Application time: 0.0047986 seconds
[GC pause (G1 Evacuation Pause) (mixed) 34M->30M(64M), 0.0094721 secs]
Application time: 0.0431799 seconds
[GC pause (G1 Evacuation Pause) (young) 51M->30M(64M), 0.0034492 secs]
Application time: 0.0433333 seconds
[GC pause (G1 Evacuation Pause) (young) (initial-mark) 52M->30M(64M), 0.0015186 secs]
[GC concurrent-root-region-scan-start]
[GC concurrent-root-region-scan-end, 0.0003731 secs]
[GC concurrent-mark-start]
[GC concurrent-mark-end, 0.0580974 secs]
Application time: 0.0581290 seconds
[GC remark, 0.0078217 secs]
Application time: 0.0000459 seconds
[GC cleanup 41M->41M(64M), 0.0002466 secs]
Application time: 0.0261685 seconds
[GC pause (G1 Evacuation Pause) (young) 52M->35M(64M), 0.0073851 secs]
Application time: 0.0024550 seconds
[GC pause (G1 Evacuation Pause) (mixed) 36M->35M(64M), 0.0087490 secs]
Application time: 0.0396760 seconds
[GC pause (G1 Evacuation Pause) (young) 51M->36M(64M), 0.0086562 secs]
Application time: 0.0368764 seconds
[GC pause (G1 Evacuation Pause) (young) (initial-mark) 52M->37M(64M), 0.0042216 secs]
[GC concurrent-root-region-scan-start]
[GC concurrent-root-region-scan-end, 0.0030213 secs]
[GC concurrent-mark-start]
Application time: 0.0698839 seconds
[GC pause (G1 Evacuation Pause) (young) 52M->38M(64M), 0.0063367 secs]
[GC concurrent-mark-end, 0.1050121 secs]
Application time: 0.0317395 seconds
[GC remark, 0.0078639 secs]
Application time: 0.0000515 seconds
[GC cleanup 46M->42M(64M), 0.0002774 secs]
[GC concurrent-cleanup-start]
[GC concurrent-cleanup-end, 0.0000157 secs]
Application time: 0.0150458 seconds
[GC pause (G1 Evacuation Pause) (young) 48M->38M(64M), 0.0098416 secs]
Application time: 0.0029975 seconds
[GC pause (G1 Evacuation Pause) (mixed) 39M->36M(64M), 0.0106893 secs]
Application time: 0.0458673 seconds
[GC pause (G1 Evacuation Pause) (young) 52M->39M(64M), 0.0130120 secs]
Application time: 0.0329965 seconds
[GC pause (G1 Evacuation Pause) (young) (initial-mark) 51M->40M(64M), 0.0077889 secs]
[GC concurrent-root-region-scan-start]
[GC concurrent-root-region-scan-end, 0.0010507 secs]
[GC concurrent-mark-start]
Application time: 0.0558864 seconds
[GC pause (G1 Evacuation Pause) (young) 52M->41M(64M), 0.0083995 secs]
[GC concurrent-mark-end, 0.1098506 secs]
Application time: 0.0465177 seconds
[GC remark, 0.0079060 secs]
Application time: 0.0000534 seconds
[GC cleanup 51M->45M(64M), 0.0002773 secs]
[GC concurrent-cleanup-start]
[GC concurrent-cleanup-end, 0.0000170 secs]
Application time: 0.0034914 seconds
[GC pause (G1 Evacuation Pause) (young) 46M->37M(64M), 0.0048931 secs]
Application time: 0.0026338 seconds
[GC pause (G1 Evacuation Pause) (mixed) 38M->35M(64M), 0.0082789 secs]
Application time: 0.0050064 seconds
[GC pause (G1 Evacuation Pause) (mixed) 37M->34M(64M), 0.0086248 secs]
Application time: 0.0384313 seconds
[GC pause (G1 Evacuation Pause) (young) 51M->34M(64M), 0.0030323 secs]
Application time: 0.0360380 seconds
[GC pause (G1 Evacuation Pause) (young) (initial-mark) 52M->34M(64M), 0.0021091 secs]
[GC concurrent-root-region-scan-start]
[GC concurrent-root-region-scan-end, 0.0003266 secs]
[GC concurrent-mark-start]
Application time: 0.0702244 seconds
[GC pause (G1 Evacuation Pause) (young) 52M->34M(64M), 0.0014519 secs]
[GC concurrent-mark-end, 0.1151498 secs]
Application time: 0.0397044 seconds
[GC remark, 0.0078108 secs]
Application time: 0.0011322 seconds
[GC cleanup 45M->43M(64M), 0.0002574 secs]
[GC concurrent-cleanup-start]
[GC concurrent-cleanup-end, 0.0000115 secs]
Application time: 0.0161284 seconds
[GC pause (G1 Evacuation Pause) (young) 51M->35M(64M), 0.0035158 secs]
Application time: 0.0019808 seconds
[GC pause (G1 Evacuation Pause) (mixed) 36M->33M(64M), 0.0104637 secs]
Application time: 0.0433161 seconds
[GC pause (G1 Evacuation Pause) (young) 53M->37M(64M), 0.0132386 secs]
Application time: 0.0398678 seconds
[GC pause (G1 Evacuation Pause) (young) (initial-mark) 53M->39M(64M), 0.0091868 secs]
[GC concurrent-root-region-scan-start]
[GC concurrent-root-region-scan-end, 0.0012574 secs]
[GC concurrent-mark-start]
Application time: 0.0544609 seconds
[GC pause (G1 Evacuation Pause) (young) 53M->41M(64M), 0.0087029 secs]
Application time: 0.0519166 seconds
[GC pause (G1 Evacuation Pause) (young) 53M->46M(64M), 0.0106394 secs]
[GC concurrent-mark-end, 0.1412595 secs]
Application time: 0.0164434 seconds
[GC remark, 0.0085034 secs]
Application time: 0.0006328 seconds
[GC cleanup 49M->46M(64M), 0.0002934 secs]
[GC concurrent-cleanup-start]
[GC concurrent-cleanup-end, 0.0000125 secs]
Application time: 0.0126113 seconds
[GC pause (G1 Evacuation Pause) (young) 49M->45M(64M), 0.0117868 secs]
Application time: 0.0056721 seconds
[GC pause (G1 Evacuation Pause) (mixed) 47M->43M(64M), 0.0106322 secs]
Application time: 0.0093525 seconds
[GC pause (G1 Evacuation Pause) (mixed) 45M->42M(64M), 0.0124433 secs]
Application time: 0.0279029 seconds
[GC pause (G1 Evacuation Pause) (young) 52M->43M(64M), 0.0066718 secs]
Application time: 0.0257588 seconds
[GC pause (G1 Evacuation Pause) (young) (initial-mark) 52M->45M(64M), 0.0056068 secs]
[GC concurrent-root-region-scan-start]
[GC concurrent-root-region-scan-end, 0.0019319 secs]
[GC concurrent-mark-start]
Application time: 0.0439543 seconds
[GC pause (G1 Evacuation Pause) (young) 52M->47M(64M), 0.0079243 secs]
Application time: 0.0256852 seconds
[GC pause (G1 Evacuation Pause) (young) 53M->49M(64M), 0.0072240 secs]
Application time: 0.0232889 seconds
[GC pause (G1 Evacuation Pause) (young) 54M->50M(64M), 0.0047281 secs]
[GC concurrent-mark-end, 0.1294686 secs]
Application time: 0.0142412 seconds
[GC remark, 0.0083156 secs]
Application time: 0.0000422 seconds
[GC cleanup 53M->49M(64M), 0.0003171 secs]
[GC concurrent-cleanup-start]
[GC concurrent-cleanup-end, 0.0000153 secs]
Application time: 0.0022798 seconds
[GC pause (G1 Evacuation Pause) (young) 50M->45M(64M), 0.0024647 secs]
Application time: 0.0052165 seconds
[GC pause (G1 Evacuation Pause) (mixed) 47M->40M(64M), 0.0043267 secs]
Application time: 0.0100326 seconds
[GC pause (G1 Evacuation Pause) (mixed) 42M->37M(64M), 0.0084928 secs]
Application time: 0.0105127 seconds
[GC pause (G1 Evacuation Pause) (mixed) 39M->34M(64M), 0.0116244 secs]
Application time: 0.0416534 seconds
[GC pause (G1 Evacuation Pause) (young) 52M->34M(64M), 0.0050577 secs]
Application time: 0.0346293 seconds
[GC pause (G1 Evacuation Pause) (young) (initial-mark) 52M->34M(64M), 0.0014500 secs]
[GC concurrent-root-region-scan-start]
[GC concurrent-root-region-scan-end, 0.0003429 secs]
[GC concurrent-mark-start]
Application time: 0.0755512 seconds
[GC pause (G1 Evacuation Pause) (young) 53M->34M(64M), 0.0014117 secs]
[GC concurrent-mark-end, 0.1113774 secs]
Application time: 0.0306449 seconds
[GC remark, 0.0083784 secs]
Application time: 0.0000437 seconds
[GC cleanup 44M->44M(64M), 0.0002647 secs]
Application time: 0.0172138 seconds
[GC pause (G1 Evacuation Pause) (young) 53M->34M(64M), 0.0012266 secs]
Application time: 0.0036981 seconds
[GC pause (G1 Evacuation Pause) (mixed) 36M->30M(64M), 0.0060414 secs]
Application time: 0.0037133 seconds
[GC pause (G1 Evacuation Pause) (mixed) 32M->29M(64M), 0.0089187 secs]
Application time: 0.0462005 seconds
[GC pause (G1 Evacuation Pause) (young) 53M->35M(64M), 0.0116358 secs]
Application time: 0.0414808 seconds
[GC pause (G1 Evacuation Pause) (young) (initial-mark) 51M->36M(64M), 0.0091885 secs]
[GC concurrent-root-region-scan-start]
[GC concurrent-root-region-scan-end, 0.0009360 secs]
[GC concurrent-mark-start]
Application time: 0.0729778 seconds
[GC pause (G1 Evacuation Pause) (young) 52M->43M(64M), 0.0163691 secs]
[GC concurrent-mark-end, 0.1287155 secs]
Application time: 0.0402264 seconds
[GC remark, 0.0095586 secs]
Application time: 0.0000475 seconds
[GC cleanup 49M->45M(64M), 0.0003045 secs]
[GC concurrent-cleanup-start]
[GC concurrent-cleanup-end, 0.0000236 secs]
Application time: 0.0082061 seconds
[GC pause (G1 Evacuation Pause) (young) 48M->42M(64M), 0.0142156 secs]
Application time: 0.0038434 seconds
[GC pause (G1 Evacuation Pause) (mixed) 43M->41M(64M), 0.0166458 secs]
Application time: 0.0065052 seconds
[GC pause (G1 Evacuation Pause) (mixed) 43M->42M(64M), 0.0112989 secs]
Application time: 0.0353908 seconds
[GC pause (G1 Evacuation Pause) (young) 51M->46M(64M), 0.0088901 secs]
Application time: 0.0143310 seconds
[GC pause (G1 Evacuation Pause) (young) (initial-mark) 51M->48M(64M), 0.0080611 secs]
[GC concurrent-root-region-scan-start]
[GC concurrent-root-region-scan-end, 0.0013025 secs]
[GC concurrent-mark-start]
Application time: 0.0226712 seconds
[GC pause (G1 Evacuation Pause) (young) 52M->50M(64M), 0.0057656 secs]
Application time: 0.0168600 seconds
[GC pause (G1 Evacuation Pause) (young) 54M->52M(64M), 0.0048849 secs]
Application time: 0.0107277 seconds
[GC pause (G1 Evacuation Pause) (young) 54M->53M(64M), 0.0050364 secs]
Application time: 0.0130285 seconds
[GC pause (G1 Evacuation Pause) (young) 55M->53M(64M), 0.0027886 secs]
Application time: 0.0085891 seconds
[GC pause (G1 Evacuation Pause) (young) 55M->53M(64M), 0.0022967 secs]
Application time: 0.0116240 seconds
[GC pause (G1 Evacuation Pause) (young) 55M->53M(64M), 0.0015648 secs]
Application time: 0.0172112 seconds
[GC pause (G1 Evacuation Pause) (young) 55M->53M(64M), 0.0016288 secs]
[GC concurrent-mark-end, 0.1489861 secs]
Application time: 0.0127449 seconds
[GC remark, 0.0088081 secs]
Application time: 0.0009414 seconds
[GC cleanup 55M->49M(64M), 0.0003540 secs]
[GC concurrent-cleanup-start]
[GC concurrent-cleanup-end, 0.0000211 secs]
Application time: 0.0002672 seconds
[GC pause (G1 Evacuation Pause) (young) 49M->47M(64M), 0.0016336 secs]
Application time: 0.0103724 seconds
[GC pause (G1 Evacuation Pause) (mixed) 49M->41M(64M), 0.0030873 secs]
Application time: 0.0052710 seconds
[GC pause (G1 Evacuation Pause) (mixed) 43M->37M(64M), 0.0082416 secs]
Application time: 0.0052249 seconds
[GC pause (G1 Evacuation Pause) (mixed) 39M->36M(64M), 0.0067159 secs]
Application time: 0.0363638 seconds
[GC pause (G1 Evacuation Pause) (young) 51M->36M(64M), 0.0016643 secs]
Application time: 0.0342746 seconds
[GC pause (G1 Evacuation Pause) (young) (initial-mark) 52M->36M(64M), 0.0019829 secs]
[GC concurrent-root-region-scan-start]
[GC concurrent-root-region-scan-end, 0.0005016 secs]
[GC concurrent-mark-start]
Application time: 0.0576562 seconds
[GC pause (G1 Evacuation Pause) (young) 52M->36M(64M), 0.0019320 secs]
Application time: 0.0549925 seconds
[GC pause (G1 Evacuation Pause) (young) 53M->36M(64M), 0.0017914 secs]
[GC concurrent-mark-end, 0.1187425 secs]
Application time: 0.0016688 seconds
[GC remark, 0.0083467 secs]
Application time: 0.0000470 seconds
[GC cleanup 36M->32M(64M), 0.0002649 secs]
[GC concurrent-cleanup-start]
[GC concurrent-cleanup-end, 0.0000229 secs]
Application time: 0.0447352 seconds
[GC pause (G1 Evacuation Pause) (young) 49M->35M(64M), 0.0051629 secs]
Application time: 0.0024290 seconds
[GC pause (G1 Evacuation Pause) (mixed) 36M->33M(64M), 0.0074089 secs]
Application time: 0.0499358 seconds
[GC pause (G1 Evacuation Pause) (young) 53M->37M(64M), 0.0094073 secs]
Application time: 0.0364105 seconds
[GC pause (G1 Evacuation Pause) (young) (initial-mark) 53M->38M(64M), 0.0108213 secs]
[GC concurrent-root-region-scan-start]
[GC concurrent-root-region-scan-end, 0.0041762 secs]
[GC concurrent-mark-start]
Application time: 0.0565446 seconds
[GC pause (G1 Evacuation Pause) (young) 52M->39M(64M), 0.0097889 secs]
[GC concurrent-mark-end, 0.1139209 secs]
Application time: 0.0516496 seconds
[GC remark, 0.0081019 secs]
Application time: 0.0000556 seconds
[GC cleanup 51M->49M(64M), 0.0002839 secs]
[GC concurrent-cleanup-start]
[GC concurrent-cleanup-end, 0.0000198 secs]
Application time: 0.0045712 seconds
[GC pause (G1 Evacuation Pause) (young) 50M->41M(64M), 0.0071036 secs]
Application time: 0.0030163 seconds
[GC pause (G1 Evacuation Pause) (mixed) 42M->37M(64M), 0.0084705 secs]
Application time: 0.0040647 seconds
[GC pause (G1 Evacuation Pause) (mixed) 39M->37M(64M), 0.0072982 secs]
Application time: 0.0363731 seconds
[GC pause (G1 Evacuation Pause) (young) 52M->42M(64M), 0.0099465 secs]
Application time: 0.0300738 seconds
[GC pause (G1 Evacuation Pause) (young) (initial-mark) 53M->42M(64M), 0.0112059 secs]
[GC concurrent-root-region-scan-start]
[GC concurrent-root-region-scan-end, 0.0010884 secs]
[GC concurrent-mark-start]
Application time: 0.0414314 seconds
[GC pause (G1 Evacuation Pause) (young) 52M->43M(64M), 0.0041878 secs]
[GC concurrent-mark-end, 0.0857425 secs]
Application time: 0.0354457 seconds
[GC remark, 0.0085271 secs]
Application time: 0.0000572 seconds
[GC cleanup 49M->43M(64M), 0.0002832 secs]
[GC concurrent-cleanup-start]
[GC concurrent-cleanup-end, 0.0000269 secs]
Application time: 0.0190344 seconds
[GC pause (G1 Evacuation Pause) (young) 47M->37M(64M), 0.0039538 secs]
Application time: 0.0026517 seconds
[GC pause (G1 Evacuation Pause) (mixed) 38M->33M(64M), 0.0074224 secs]
Application time: 0.0049612 seconds
[GC pause (G1 Evacuation Pause) (mixed) 35M->32M(64M), 0.0089301 secs]
Application time: 0.0378579 seconds
[GC pause (G1 Evacuation Pause) (young) 51M->34M(64M), 0.0061016 secs]
Application time: 0.0346187 seconds
[GC pause (G1 Evacuation Pause) (young) (initial-mark) 51M->34M(64M), 0.0043474 secs]
[GC concurrent-root-region-scan-start]
[GC concurrent-root-region-scan-end, 0.0016473 secs]
[GC concurrent-mark-start]
Application time: 0.0610511 seconds
[GC pause (G1 Evacuation Pause) (young) 52M->38M(64M), 0.0074793 secs]
[GC concurrent-mark-end, 0.0937774 secs]
Application time: 0.0268458 seconds
[GC remark, 0.0081281 secs]
Application time: 0.0000556 seconds
[GC cleanup 44M->43M(64M), 0.0002874 secs]
[GC concurrent-cleanup-start]
[GC concurrent-cleanup-end, 0.0000193 secs]
Application time: 0.0243534 seconds
[GC pause (G1 Evacuation Pause) (young) 51M->40M(64M), 0.0095376 secs]
Application time: 0.0027226 seconds
[GC pause (G1 Evacuation Pause) (mixed) 41M->38M(64M), 0.0126080 secs]
Application time: 0.0059889 seconds
[GC pause (G1 Evacuation Pause) (mixed) 40M->38M(64M), 0.0112350 secs]
Application time: 0.0462367 seconds
[GC pause (G1 Evacuation Pause) (young) 51M->39M(64M), 0.0038609 secs]
Application time: 0.0332294 seconds
[GC pause (G1 Evacuation Pause) (young) (initial-mark) 52M->39M(64M), 0.0032367 secs]
[GC concurrent-root-region-scan-start]
[GC concurrent-root-region-scan-end, 0.0017599 secs]
[GC concurrent-mark-start]
Application time: 0.0657241 seconds
[GC pause (G1 Evacuation Pause) (young) 52M->40M(64M), 0.0052883 secs]
Application time: 0.0431195 seconds
[GC pause (G1 Evacuation Pause) (young) 52M->42M(64M), 0.0051978 secs]
[GC concurrent-mark-end, 0.1187357 secs]
Application time: 0.0009606 seconds
[GC remark, 0.0086716 secs]
Application time: 0.0085425 seconds
[GC cleanup 44M->40M(64M), 0.0002936 secs]
[GC concurrent-cleanup-start]
[GC concurrent-cleanup-end, 0.0000191 secs]
Application time: 0.0214569 seconds
[GC pause (G1 Evacuation Pause) (young) 50M->37M(64M), 0.0030658 secs]
Application time: 0.0040703 seconds
[GC pause (G1 Evacuation Pause) (mixed) 39M->33M(64M), 0.0055369 secs]
Application time: 0.0039636 seconds
[GC pause (G1 Evacuation Pause) (mixed) 35M->33M(64M), 0.0079906 secs]
Application time: 0.0335847 seconds
[GC pause (G1 Evacuation Pause) (young) 52M->33M(64M), 0.0043910 secs]
Application time: 0.0371779 seconds
[GC pause (G1 Evacuation Pause) (young) (initial-mark) 53M->38M(64M), 0.0063125 secs]
[GC concurrent-root-region-scan-start]
[GC concurrent-root-region-scan-end, 0.0021245 secs]
[GC concurrent-mark-start]
Application time: 0.0517498 seconds
[GC pause (G1 Evacuation Pause) (young) 52M->40M(64M), 0.0081004 secs]
[GC concurrent-mark-end, 0.0991913 secs]
Application time: 0.0413752 seconds
[GC remark, 0.0083162 secs]
Application time: 0.0001034 seconds
[GC cleanup 52M->48M(64M), 0.0002899 secs]
[GC concurrent-cleanup-start]
[GC concurrent-cleanup-end, 0.0000213 secs]
Application time: 0.0048094 seconds
[GC pause (G1 Evacuation Pause) (young) 48M->37M(64M), 0.0070544 secs]
Application time: 0.0066992 seconds
[GC pause (G1 Evacuation Pause) (mixed) 39M->34M(64M), 0.0077915 secs]
Application time: 0.0064206 seconds
[GC pause (G1 Evacuation Pause) (mixed) 36M->31M(64M), 0.0165970 secs]
Application time: 0.0516229 seconds
[GC pause (G1 Evacuation Pause) (young) 52M->35M(64M), 0.0114913 secs]
Application time: 0.0421806 seconds
[GC pause (G1 Evacuation Pause) (young) (initial-mark) 51M->40M(64M), 0.0123948 secs]
[GC concurrent-root-region-scan-start]
[GC concurrent-root-region-scan-end, 0.0072865 secs]
[GC concurrent-mark-start]
Application time: 0.0672301 seconds
[GC pause (G1 Evacuation Pause) (young) 51M->43M(64M), 0.0129097 secs]
Application time: 0.0396477 seconds
[GC pause (G1 Evacuation Pause) (young) 52M->45M(64M), 0.0100645 secs]
[GC concurrent-mark-end, 0.1379244 secs]
Application time: 0.0151727 seconds
[GC remark, 0.0087472 secs]
Application time: 0.0000681 seconds
[GC cleanup 48M->43M(64M), 0.0002946 secs]
[GC concurrent-cleanup-start]
[GC concurrent-cleanup-end, 0.0000181 secs]
Application time: 0.0208433 seconds
[GC pause (G1 Evacuation Pause) (young) 47M->43M(64M), 0.0088811 secs]
Application time: 0.0030305 seconds
[GC pause (G1 Evacuation Pause) (mixed) 44M->39M(64M), 0.0096622 secs]
Application time: 0.0114784 seconds
[GC pause (G1 Evacuation Pause) (mixed) 41M->37M(64M), 0.0105785 secs]
Application time: 0.0489250 seconds
[GC pause (G1 Evacuation Pause) (young) 51M->36M(64M), 0.0048200 secs]
Application time: 0.0381665 seconds
[GC pause (G1 Evacuation Pause) (young) (initial-mark) 51M->36M(64M), 0.0014995 secs]
[GC concurrent-root-region-scan-start]
[GC concurrent-root-region-scan-end, 0.0004250 secs]
[GC concurrent-mark-start]
Application time: 0.0666800 seconds
[GC pause (G1 Evacuation Pause) (young) 52M->36M(64M), 0.0016561 secs]
[GC concurrent-mark-end, 0.1102120 secs]
Application time: 0.0382434 seconds
[GC remark, 0.0086273 secs]
Application time: 0.0000637 seconds
[GC cleanup 45M->42M(64M), 0.0002674 secs]
[GC concurrent-cleanup-start]
[GC concurrent-cleanup-end, 0.0000148 secs]
Application time: 0.0155305 seconds
[GC pause (G1 Evacuation Pause) (young) 49M->33M(64M), 0.0015038 secs]
Application time: 0.0042098 seconds
[GC pause (G1 Evacuation Pause) (mixed) 35M->29M(64M), 0.0060027 secs]
Application time: 0.0042162 seconds
[GC pause (G1 Evacuation Pause) (mixed) 31M->29M(64M), 0.0103990 secs]
Application time: 0.0394964 seconds
[GC pause (G1 Evacuation Pause) (young) 52M->29M(64M), 0.0017058 secs]
Application time: 0.0424859 seconds
[GC pause (G1 Evacuation Pause) (young) (initial-mark) 53M->29M(64M), 0.0021241 secs]
[GC concurrent-root-region-scan-start]
[GC concurrent-root-region-scan-end, 0.0007833 secs]
[GC concurrent-mark-start]
Application time: 0.0952159 seconds
[GC pause (G1 Evacuation Pause) (young) 53M->35M(64M), 0.0103534 secs]
[GC concurrent-mark-end, 0.1395785 secs]
Application time: 0.0307126 seconds
[GC remark, 0.0078568 secs]
Application time: 0.0000495 seconds
[GC cleanup 41M->41M(64M), 0.0002410 secs]
Application time: 0.0331740 seconds
[GC pause (G1 Evacuation Pause) (young) 52M->40M(64M), 0.0144636 secs]
Application time: 0.0032322 seconds
[GC pause (G1 Evacuation Pause) (mixed) 41M->41M(64M), 0.0125551 secs]
Application time: 0.0282639 seconds
[GC pause (G1 Evacuation Pause) (young) 51M->45M(64M), 0.0108687 secs]
Application time: 0.0494278 seconds
[GC pause (G1 Evacuation Pause) (young) (initial-mark) 52M->48M(64M), 0.0133797 secs]
[GC concurrent-root-region-scan-start]
[GC concurrent-root-region-scan-end, 0.0036651 secs]
[GC concurrent-mark-start]
Application time: 0.0302162 seconds
[GC pause (G1 Evacuation Pause) (young) 53M->50M(64M), 0.0104769 secs]
Application time: 0.0253055 seconds
[GC pause (G1 Evacuation Pause) (young) 54M->51M(64M), 0.0067021 secs]
Application time: 0.0196226 seconds
[GC pause (G1 Evacuation Pause) (young) 54M->52M(64M), 0.0038225 secs]
Application time: 0.0116102 seconds
[GC pause (G1 Evacuation Pause) (young) 54M->53M(64M), 0.0042380 secs]
Application time: 0.0152471 seconds
[GC pause (G1 Evacuation Pause) (young) 55M->54M(64M), 0.0034162 secs]
[GC concurrent-mark-end, 0.1334986 secs]
Application time: 0.0018142 seconds
[GC remark, 0.0082833 secs]
Application time: 0.0019674 seconds
[GC cleanup 55M->46M(64M), 0.0002927 secs]
[GC concurrent-cleanup-start]
[GC concurrent-cleanup-end, 0.0000251 secs]
Application time: 0.0072760 seconds
[GC pause (G1 Evacuation Pause) (young) 47M->47M(64M), 0.0039723 secs]
Application time: 0.0100129 seconds
[GC pause (G1 Evacuation Pause) (mixed) 49M->42M(64M), 0.0042825 secs]
Application time: 0.0085780 seconds
[GC pause (G1 Evacuation Pause) (mixed) 44M->41M(64M), 0.0090281 secs]
Application time: 0.0245083 seconds
[GC pause (G1 Evacuation Pause) (young) 50M->43M(64M), 0.0096799 secs]
Application time: 0.0171450 seconds
[GC pause (G1 Evacuation Pause) (young) (initial-mark) 50M->44M(64M), 0.0059279 secs]
[GC concurrent-root-region-scan-start]
[GC concurrent-root-region-scan-end, 0.0009947 secs]
[GC concurrent-mark-start]
Application time: 0.0460782 seconds
[GC pause (G1 Evacuation Pause) (young) 51M->44M(64M), 0.0043292 secs]
[GC concurrent-mark-end, 0.0683582 secs]
Application time: 0.0188115 seconds
[GC remark, 0.0077839 secs]
Application time: 0.0000527 seconds
[GC cleanup 47M->43M(64M), 0.0002358 secs]
[GC concurrent-cleanup-start]
[GC concurrent-cleanup-end, 0.0000148 secs]
Application time: 0.0165417 seconds
[GC pause (G1 Evacuation Pause) (young) 48M->40M(64M), 0.0031045 secs]
Application time: 0.0027059 seconds
[GC pause (G1 Evacuation Pause) (mixed) 41M->34M(64M), 0.0051503 secs]
Application time: 0.0046432 seconds
[GC pause (G1 Evacuation Pause) (mixed) 36M->32M(64M), 0.0083496 secs]
Application time: 0.0325442 seconds
[GC pause (G1 Evacuation Pause) (young) 49M->32M(64M), 0.0062211 secs]
Application time: 0.0361898 seconds
[GC pause (G1 Evacuation Pause) (young) (initial-mark) 50M->32M(64M), 0.0016852 secs]
[GC concurrent-root-region-scan-start]
[GC concurrent-root-region-scan-end, 0.0003902 secs]
[GC concurrent-mark-start]
Application time: 0.0610812 seconds
[GC pause (G1 Evacuation Pause) (young) 51M->32M(64M), 0.0015377 secs]
[GC concurrent-mark-end, 0.1003047 secs]
Application time: 0.0309002 seconds
[GC remark, 0.0086339 secs]
Application time: 0.0000511 seconds
[GC cleanup 38M->38M(64M), 0.0002422 secs]
Application time: 0.0275859 seconds
[GC pause (G1 Evacuation Pause) (young) 52M->32M(64M), 0.0013117 secs]
Application time: 0.0033231 seconds
[GC pause (G1 Evacuation Pause) (mixed) 34M->29M(64M), 0.0045993 secs]
Application time: 0.0369885 seconds
[GC pause (G1 Evacuation Pause) (young) 52M->34M(64M), 0.0091035 secs]
Application time: 0.0381131 seconds
[GC pause (G1 Evacuation Pause) (young) (initial-mark) 51M->41M(64M), 0.0147393 secs]
[GC concurrent-root-region-scan-start]
[GC concurrent-root-region-scan-end, 0.0103065 secs]
[GC concurrent-mark-start]
Application time: 0.0618574 seconds
[GC pause (G1 Evacuation Pause) (young) 52M->44M(64M), 0.0134476 secs]
[GC concurrent-mark-end, 0.0996871 secs]
Application time: 0.0345234 seconds
[GC remark, 0.0083541 secs]
Application time: 0.0000513 seconds
[GC cleanup 51M->46M(64M), 0.0002589 secs]
[GC concurrent-cleanup-start]
[GC concurrent-cleanup-end, 0.0000188 secs]
Application time: 0.0047672 seconds
[GC pause (G1 Evacuation Pause) (young) 48M->40M(64M), 0.0120266 secs]
Application time: 0.0029078 seconds
[GC pause (G1 Evacuation Pause) (mixed) 41M->36M(64M), 0.0078315 secs]
Application time: 0.0054813 seconds
[GC pause (G1 Evacuation Pause) (mixed) 38M->35M(64M), 0.0105728 secs]
Application time: 0.0426839 seconds
[GC pause (G1 Evacuation Pause) (young) 50M->39M(64M), 0.0085049 secs]
Application time: 0.0299962 seconds
[GC pause (G1 Evacuation Pause) (young) (initial-mark) 51M->40M(64M), 0.0055114 secs]
[GC concurrent-root-region-scan-start]
[GC concurrent-root-region-scan-end, 0.0004956 secs]
[GC concurrent-mark-start]
Application time: 0.0545648 seconds
[GC pause (G1 Evacuation Pause) (young) 52M->39M(64M), 0.0036398 secs]
[GC concurrent-mark-end, 0.1013487 secs]
Application time: 0.0434996 seconds
[GC remark, 0.0083372 secs]
Application time: 0.0002623 seconds
[GC cleanup 51M->47M(64M), 0.0002946 secs]
[GC concurrent-cleanup-start]
[GC concurrent-cleanup-end, 0.0000264 secs]
Application time: 0.0034662 seconds
[GC pause (G1 Evacuation Pause) (young) 48M->35M(64M), 0.0016767 secs]
Application time: 0.0047012 seconds
[GC pause (G1 Evacuation Pause) (mixed) 37M->31M(64M), 0.0070068 secs]
Application time: 0.0078676 seconds
[GC pause (G1 Evacuation Pause) (mixed) 33M->30M(64M), 0.0092198 secs]
Application time: 0.0477365 seconds
[GC pause (G1 Evacuation Pause) (young) 52M->31M(64M), 0.0035629 secs]
Application time: 0.0453544 seconds
[GC pause (G1 Evacuation Pause) (young) (initial-mark) 53M->30M(64M), 0.0020193 secs]
[GC concurrent-root-region-scan-start]
[GC concurrent-root-region-scan-end, 0.0011523 secs]
[GC concurrent-mark-start]
[GC concurrent-mark-end, 0.0800912 secs]
Application time: 0.0813632 seconds
[GC remark, 0.0087930 secs]
Application time: 0.0000904 seconds
[GC cleanup 49M->49M(64M), 0.0002343 secs]
Application time: 0.0180371 seconds
[GC pause (G1 Evacuation Pause) (young) 53M->30M(64M), 0.0019029 secs]
Application time: 0.0040398 seconds
[GC pause (G1 Evacuation Pause) (mixed) 32M->29M(64M), 0.0029594 secs]
Application time: 0.0428626 seconds
[GC pause (G1 Evacuation Pause) (young) 53M->29M(64M), 0.0030117 secs]
Application time: 0.0572871 seconds
[GC pause (G1 Evacuation Pause) (young) (initial-mark)-- 53M->58M(64M), 0.0737558 secs]
[GC concurrent-root-region-scan-start]
Application time: 0.0069643 seconds
[GC concurrent-root-region-scan-end, 0.0097790 secs]
[GC concurrent-mark-start]
[GC pause (G1 Evacuation Pause) (young)-- 59M->62M(64M), 0.0211786 secs]
Application time: 0.0102041 seconds
[GC pause (G1 Evacuation Pause) (young)-- 63M->62M(64M), 0.0133135 secs]
Application time: 0.0077481 seconds
[GC pause (G1 Evacuation Pause) (young)-- 63M->63M(64M), 0.0031286 secs]
Application time: 0.0000646 seconds
[GC pause (G1 Evacuation Pause) (young) 63M->63M(64M), 0.0006107 secs]
Application time: 0.0000492 seconds
[Full GC (Allocation Failure)  63M->25M(64M), 0.1101837 secs]
[GC concurrent-mark-abort]
Application time: 0.0923346 seconds
[GC pause (G1 Evacuation Pause) (young) 50M->29M(64M), 0.0104500 secs]
Application time: 0.0663538 seconds
[GC pause (G1 Evacuation Pause) (young) 49M->31M(64M), 0.0080037 secs]
Application time: 0.0441106 seconds
[GC pause (G1 Evacuation Pause) (young) (initial-mark) 49M->32M(64M), 0.0085512 secs]
[GC concurrent-root-region-scan-start]
[GC concurrent-root-region-scan-end, 0.0008976 secs]
[GC concurrent-mark-start]
Application time: 0.0893935 seconds
[GC pause (G1 Evacuation Pause) (young) 51M->32M(64M), 0.0040458 secs]
Application time: 0.0687829 seconds
[GC pause (G1 Evacuation Pause) (young) 52M->32M(64M), 0.0019474 secs]
[GC concurrent-mark-end, 0.1782824 secs]
Application time: 0.0147732 seconds
[GC remark, 0.0092632 secs]
Application time: 0.0008622 seconds
[GC cleanup 37M->36M(64M), 0.0002760 secs]
[GC concurrent-cleanup-start]
[GC concurrent-cleanup-end, 0.0000133 secs]
Application time: 0.0276480 seconds
[GC pause (G1 Evacuation Pause) (young) 51M->31M(64M), 0.0018487 secs]
Application time: 0.0084575 seconds
[GC pause (G1 Evacuation Pause) (mixed) 33M->28M(64M), 0.0021583 secs]
Application time: 0.0473219 seconds
[GC pause (G1 Evacuation Pause) (young) 52M->34M(64M), 0.0090829 secs]
Application time: 0.0488454 seconds
[GC pause (G1 Evacuation Pause) (young) (initial-mark) 51M->36M(64M), 0.0108054 secs]
[GC concurrent-root-region-scan-start]
[GC concurrent-root-region-scan-end, 0.0086106 secs]
[GC concurrent-mark-start]
Application time: 0.0763603 seconds
[GC pause (G1 Evacuation Pause) (young) 52M->38M(64M), 0.0108822 secs]
Application time: 0.0612157 seconds
[GC pause (G1 Evacuation Pause) (young) 52M->42M(64M), 0.0080035 secs]
[GC concurrent-mark-end, 0.1567641 secs]
Application time: 0.0047062 seconds
[GC remark, 0.0078422 secs]
Application time: 0.0000519 seconds
[GC cleanup 42M->42M(64M), 0.0002456 secs]
Application time: 0.0206221 seconds
[GC pause (G1 Evacuation Pause) (young) 52M->43M(64M), 0.0070055 secs]
Application time: 0.0050272 seconds
[GC pause (G1 Evacuation Pause) (mixed) 45M->39M(64M), 0.0067478 secs]
Application time: 0.0044788 seconds
[GC pause (G1 Evacuation Pause) (mixed) 41M->36M(64M), 0.0085552 secs]
Application time: 0.0338409 seconds
[GC pause (G1 Evacuation Pause) (young) 51M->42M(64M), 0.0126657 secs]
Application time: 0.0269604 seconds
[GC pause (G1 Evacuation Pause) (young) (initial-mark) 52M->44M(64M), 0.0090532 secs]
[GC concurrent-root-region-scan-start]
[GC concurrent-root-region-scan-end, 0.0017582 secs]
[GC concurrent-mark-start]
Application time: 0.0447040 seconds
[GC pause (G1 Evacuation Pause) (young) 53M->44M(64M), 0.0056053 secs]
Application time: 0.0379046 seconds
[GC pause (G1 Evacuation Pause) (young) 53M->44M(64M), 0.0031649 secs]
[GC concurrent-mark-end, 0.1214142 secs]
Application time: 0.0275681 seconds
[GC remark, 0.0084779 secs]
Application time: 0.0019259 seconds
[GC cleanup 52M->48M(64M), 0.0002916 secs]
[GC concurrent-cleanup-start]
[GC concurrent-cleanup-end, 0.0000135 secs]
Application time: 0.0028445 seconds
[GC pause (G1 Evacuation Pause) (young) 49M->41M(64M), 0.0040645 secs]
Application time: 0.0019914 seconds
[GC pause (G1 Evacuation Pause) (mixed) 42M->35M(64M), 0.0057100 secs]
Application time: 0.0046242 seconds
[GC pause (G1 Evacuation Pause) (mixed) 37M->32M(64M), 0.0077820 secs]
Application time: 0.0044449 seconds
[GC pause (G1 Evacuation Pause) (mixed) 34M->32M(64M), 0.0072228 secs]
Application time: 0.0427838 seconds
[GC pause (G1 Evacuation Pause) (young) 52M->35M(64M), 0.0067315 secs]
Application time: 0.0367685 seconds
[GC pause (G1 Evacuation Pause) (young) (initial-mark) 52M->40M(64M), 0.0110740 secs]
[GC concurrent-root-region-scan-start]
[GC concurrent-root-region-scan-end, 0.0064101 secs]
[GC concurrent-mark-start]
Application time: 0.0543166 seconds
[GC pause (G1 Evacuation Pause) (young) 51M->43M(64M), 0.0125354 secs]
[GC concurrent-mark-end, 0.1108935 secs]
Application time: 0.0463664 seconds
[GC remark, 0.0079679 secs]
Application time: 0.0000435 seconds
[GC cleanup 51M->48M(64M), 0.0002561 secs]
[GC concurrent-cleanup-start]
[GC concurrent-cleanup-end, 0.0000125 secs]
Application time: 0.0029249 seconds
[GC pause (G1 Evacuation Pause) (young) 49M->42M(64M), 0.0088987 secs]
Application time: 0.0029916 seconds
[GC pause (G1 Evacuation Pause) (mixed) 43M->36M(64M), 0.0080635 secs]
Application time: 0.0061559 seconds
[GC pause (G1 Evacuation Pause) (mixed) 38M->32M(64M), 0.0108106 secs]
Application time: 0.0517725 seconds
[GC pause (G1 Evacuation Pause) (young) 51M->35M(64M), 0.0106955 secs]
Application time: 0.0437772 seconds
[GC pause (G1 Evacuation Pause) (young) (initial-mark) 52M->37M(64M), 0.0076178 secs]
[GC concurrent-root-region-scan-start]
[GC concurrent-root-region-scan-end, 0.0019156 secs]
[GC concurrent-mark-start]
Application time: 0.0634312 seconds
[GC pause (G1 Evacuation Pause) (young) 52M->37M(64M), 0.0068956 secs]
[GC concurrent-mark-end, 0.1231371 secs]
Application time: 0.0486543 seconds
[GC remark, 0.0128385 secs]
Application time: 0.0000533 seconds
[GC cleanup 51M->48M(64M), 0.0002795 secs]
[GC concurrent-cleanup-start]
[GC concurrent-cleanup-end, 0.0000129 secs]
Application time: 0.0042624 seconds
[GC pause (G1 Evacuation Pause) (young) 49M->34M(64M), 0.0029042 secs]
Application time: 0.0046438 seconds
[GC pause (G1 Evacuation Pause) (mixed) 36M->31M(64M), 0.0073456 secs]
Application time: 0.0041660 seconds
[GC pause (G1 Evacuation Pause) (mixed) 33M->30M(64M), 0.0094056 secs]
Application time: 0.0411333 seconds
[GC pause (G1 Evacuation Pause) (young) 51M->30M(64M), 0.0027479 secs]
Application time: 0.0414657 seconds
[GC pause (G1 Evacuation Pause) (young) (initial-mark) 52M->34M(64M), 0.0057631 secs]
[GC concurrent-root-region-scan-start]
[GC concurrent-root-region-scan-end, 0.0022302 secs]
[GC concurrent-mark-start]
[GC concurrent-mark-end, 0.0790601 secs]
Application time: 0.0813861 seconds
[GC remark, 0.0080947 secs]
Application time: 0.0000446 seconds
[GC cleanup 50M->48M(64M), 0.0002559 secs]
[GC concurrent-cleanup-start]
[GC concurrent-cleanup-end, 0.0000140 secs]
Application time: 0.0050047 seconds
[GC pause (G1 Evacuation Pause) (young) 50M->35M(64M), 0.0086467 secs]
Application time: 0.0027352 seconds
[GC pause (G1 Evacuation Pause) (mixed) 36M->31M(64M), 0.0099428 secs]
Application time: 0.0422209 seconds
[GC pause (G1 Evacuation Pause) (young) 51M->32M(64M), 0.0093421 secs]
Application time: 0.0484631 seconds
[GC pause (G1 Evacuation Pause) (young) (initial-mark) 51M->39M(64M), 0.0113177 secs]
[GC concurrent-root-region-scan-start]
[GC concurrent-root-region-scan-end, 0.0023162 secs]
[GC concurrent-mark-start]
Application time: 0.0578074 seconds
[GC pause (G1 Evacuation Pause) (young) 51M->41M(64M), 0.0124835 secs]
[GC concurrent-mark-end, 0.1192682 secs]
Application time: 0.0511149 seconds
[GC remark, 0.0079550 secs]
Application time: 0.0000627 seconds
[GC cleanup 50M->44M(64M), 0.0002445 secs]
[GC concurrent-cleanup-start]
[GC concurrent-cleanup-end, 0.0000227 secs]
Application time: 0.0050124 seconds
[GC pause (G1 Evacuation Pause) (young) 46M->36M(64M), 0.0073590 secs]
Application time: 0.0060198 seconds
[GC pause (G1 Evacuation Pause) (mixed) 38M->31M(64M), 0.0074791 secs]
Application time: 0.0605985 seconds
[GC pause (G1 Evacuation Pause) (young) 51M->33M(64M), 0.0089565 secs]
Application time: 0.0415730 seconds
[GC pause (G1 Evacuation Pause) (young) (initial-mark) 51M->34M(64M), 0.0050601 secs]
[GC concurrent-root-region-scan-start]
[GC concurrent-root-region-scan-end, 0.0018979 secs]
[GC concurrent-mark-start]
Application time: 0.0763170 seconds
[GC pause (G1 Evacuation Pause) (young) 52M->35M(64M), 0.0052882 secs]
[GC concurrent-mark-end, 0.1059416 secs]
Application time: 0.0260718 seconds
[GC remark, 0.0085106 secs]
Application time: 0.0000460 seconds
[GC cleanup 42M->40M(64M), 0.0002395 secs]
[GC concurrent-cleanup-start]
[GC concurrent-cleanup-end, 0.0000137 secs]
Application time: 0.0202283 seconds
[GC pause (G1 Evacuation Pause) (young) 50M->33M(64M), 0.0029362 secs]
Application time: 0.0074379 seconds
[GC pause (G1 Evacuation Pause) (mixed) 35M->30M(64M), 0.0062966 secs]
Application time: 0.0427430 seconds
[GC pause (G1 Evacuation Pause) (young) 52M->30M(64M), 0.0055465 secs]
Application time: 0.0458726 seconds
[GC pause (G1 Evacuation Pause) (young) (initial-mark) 53M->36M(64M), 0.0097011 secs]
[GC concurrent-root-region-scan-start]
[GC concurrent-root-region-scan-end, 0.0041868 secs]
[GC concurrent-mark-start]
Application time: 0.0780183 seconds
[GC pause (G1 Evacuation Pause) (young) 52M->38M(64M), 0.0111504 secs]
[GC concurrent-mark-end, 0.1120225 secs]
Application time: 0.0228591 seconds
[GC remark, 0.0088989 secs]
Application time: 0.0000480 seconds
[GC cleanup 42M->37M(64M), 0.0003009 secs]
[GC concurrent-cleanup-start]
[GC concurrent-cleanup-end, 0.0000184 secs]
Application time: 0.0232191 seconds
[GC pause (G1 Evacuation Pause) (young) 48M->34M(64M), 0.0110701 secs]
Application time: 0.0056948 seconds
[GC pause (G1 Evacuation Pause) (mixed) 35M->35M(64M), 0.0079222 secs]
Application time: 0.0379383 seconds
[GC pause (G1 Evacuation Pause) (young) 52M->40M(64M), 0.0129773 secs]
Application time: 0.0443339 seconds
[GC pause (G1 Evacuation Pause) (young) (initial-mark) 52M->43M(64M), 0.0110010 secs]
[GC concurrent-root-region-scan-start]
[GC concurrent-root-region-scan-end, 0.0030272 secs]
[GC concurrent-mark-start]
Application time: 0.0544061 seconds
[GC pause (G1 Evacuation Pause) (young) 52M->44M(64M), 0.0099937 secs]
Application time: 0.0405381 seconds
[GC pause (G1 Evacuation Pause) (young) 52M->44M(64M), 0.0066359 secs]
[GC concurrent-mark-end, 0.1321906 secs]
Application time: 0.0194105 seconds
[GC remark, 0.0083342 secs]
Application time: 0.0000445 seconds
[GC cleanup 49M->40M(64M), 0.0002755 secs]
[GC concurrent-cleanup-start]
[GC concurrent-cleanup-end, 0.0000243 secs]
Application time: 0.0089154 seconds
[GC pause (G1 Evacuation Pause) (young) 43M->38M(64M), 0.0036511 secs]
Application time: 0.0024250 seconds
[GC pause (G1 Evacuation Pause) (mixed) 39M->34M(64M), 0.0077069 secs]
Application time: 0.0420821 seconds
[GC pause (G1 Evacuation Pause) (young) 51M->36M(64M), 0.0095325 secs]
Application time: 0.0347971 seconds
[GC pause (G1 Evacuation Pause) (young) (initial-mark) 51M->37M(64M), 0.0047984 secs]
[GC concurrent-root-region-scan-start]
[GC concurrent-root-region-scan-end, 0.0004550 secs]
[GC concurrent-mark-start]
Application time: 0.0631906 seconds
[GC pause (G1 Evacuation Pause) (young) 51M->37M(64M), 0.0039079 secs]
Application time: 0.0501632 seconds
[GC concurrent-mark-end, 0.1203560 secs]
[GC pause (G1 Evacuation Pause) (young) 52M->37M(64M), 0.0013819 secs]
Application time: 0.0060211 seconds
[GC remark, 0.0081888 secs]
Application time: 0.0000419 seconds
[GC cleanup 38M->35M(64M), 0.0002570 secs]
[GC concurrent-cleanup-start]
[GC concurrent-cleanup-end, 0.0000119 secs]
Application time: 0.0449790 seconds
[GC pause (G1 Evacuation Pause) (young) 49M->34M(64M), 0.0015328 secs]
Application time: 0.0053958 seconds
[GC pause (G1 Evacuation Pause) (mixed) 36M->29M(64M), 0.0071589 secs]
Application time: 0.0518216 seconds
[GC pause (G1 Evacuation Pause) (young) 51M->35M(64M), 0.0128775 secs]
Application time: 0.0402667 seconds
[GC pause (G1 Evacuation Pause) (young) (initial-mark) 52M->37M(64M), 0.0097515 secs]
[GC concurrent-root-region-scan-start]
[GC concurrent-root-region-scan-end, 0.0016725 secs]
[GC concurrent-mark-start]
Application time: 0.0578987 seconds
[GC pause (G1 Evacuation Pause) (young) 52M->38M(64M), 0.0068791 secs]
[GC concurrent-mark-end, 0.1192660 secs]
Application time: 0.0560586 seconds
[GC remark, 0.0085243 secs]
Application time: 0.0016850 seconds
[GC cleanup 54M->49M(64M), 0.0002572 secs]
[GC concurrent-cleanup-start]
[GC concurrent-cleanup-end, 0.0000157 secs]
Application time: 0.0000482 seconds
[GC pause (G1 Evacuation Pause) (young) 49M->38M(64M), 0.0084493 secs]
Application time: 0.0037685 seconds
[GC pause (G1 Evacuation Pause) (mixed) 39M->36M(64M), 0.0085929 secs]
Application time: 0.0463560 seconds
[GC pause (G1 Evacuation Pause) (young) 51M->41M(64M), 0.0143348 secs]
Application time: 0.0324460 seconds
[GC pause (G1 Evacuation Pause) (young) (initial-mark) 51M->43M(64M), 0.0104006 secs]
[GC concurrent-root-region-scan-start]
[GC concurrent-root-region-scan-end, 0.0013957 secs]
[GC concurrent-mark-start]
Application time: 0.0385115 seconds
[GC pause (G1 Evacuation Pause) (young) 51M->44M(64M), 0.0051692 secs]
Application time: 0.0341227 seconds
[GC pause (G1 Evacuation Pause) (young) 52M->44M(64M), 0.0024213 secs]
Application time: 0.0358962 seconds
[GC pause (G1 Evacuation Pause) (young) 52M->46M(64M), 0.0044065 secs]
[GC concurrent-mark-end, 0.1294911 secs]
Application time: 0.0099515 seconds
[GC remark, 0.0082319 secs]
Application time: 0.0006347 seconds
[GC cleanup 49M->43M(64M), 0.0005325 secs]
[GC concurrent-cleanup-start]
[GC concurrent-cleanup-end, 0.0000158 secs]
Application time: 0.0114006 seconds
[GC pause (G1 Evacuation Pause) (young) 47M->43M(64M), 0.0070333 secs]
Application time: 0.0022267 seconds
[GC pause (G1 Evacuation Pause) (mixed) 44M->39M(64M), 0.0089087 secs]
Application time: 0.0056729 seconds
[GC pause (G1 Evacuation Pause) (mixed) 41M->37M(64M), 0.0098297 secs]
Application time: 0.0367682 seconds
[GC pause (G1 Evacuation Pause) (young) 52M->37M(64M), 0.0042168 secs]
Application time: 0.0330855 seconds
[GC pause (G1 Evacuation Pause) (young) (initial-mark) 52M->37M(64M), 0.0023929 secs]
[GC concurrent-root-region-scan-start]
[GC concurrent-root-region-scan-end, 0.0015671 secs]
[GC concurrent-mark-start]
Application time: 0.0551490 seconds
[GC pause (G1 Evacuation Pause) (young) 52M->38M(64M), 0.0023900 secs]
Application time: 0.0531254 seconds
[GC concurrent-mark-end, 0.1093352 secs]
[GC pause (G1 Evacuation Pause) (young) 54M->39M(64M), 0.0042224 secs]
Application time: 0.0001468 seconds
[GC remark, 0.0075565 secs]
Application time: 0.0003533 seconds
[GC cleanup 39M->36M(64M), 0.0002512 secs]
[GC concurrent-cleanup-start]
[GC concurrent-cleanup-end, 0.0000136 secs]
Application time: 0.0330939 seconds
[GC pause (G1 Evacuation Pause) (young) 50M->39M(64M), 0.0088543 secs]
Application time: 0.0027151 seconds
[GC pause (G1 Evacuation Pause) (mixed) 40M->36M(64M), 0.0104246 secs]
Application time: 0.0459760 seconds
[GC pause (G1 Evacuation Pause) (young) 52M->36M(64M), 0.0094460 secs]
Application time: 0.0345977 seconds
[GC pause (G1 Evacuation Pause) (young) (initial-mark) 52M->38M(64M), 0.0038858 secs]
[GC concurrent-root-region-scan-start]
[GC concurrent-root-region-scan-end, 0.0023336 secs]
[GC concurrent-mark-start]
Application time: 0.0643478 seconds
[GC pause (G1 Evacuation Pause) (young) 53M->38M(64M), 0.0054294 secs]
[GC concurrent-mark-end, 0.1169572 secs]
Application time: 0.0435276 seconds
[GC remark, 0.0077973 secs]
Application time: 0.0000641 seconds
[GC cleanup 46M->43M(64M), 0.0002684 secs]
[GC concurrent-cleanup-start]
[GC concurrent-cleanup-end, 0.0000223 secs]
Application time: 0.0137373 seconds
[GC pause (G1 Evacuation Pause) (young) 49M->37M(64M), 0.0061300 secs]
Application time: 0.0045495 seconds
[GC pause (G1 Evacuation Pause) (mixed) 39M->33M(64M), 0.0073717 secs]
Application time: 0.0439849 seconds
[GC pause (G1 Evacuation Pause) (young) 51M->38M(64M), 0.0122685 secs]
Application time: 0.0374615 seconds
[GC pause (G1 Evacuation Pause) (young) (initial-mark) 51M->40M(64M), 0.0084169 secs]
[GC concurrent-root-region-scan-start]
[GC concurrent-root-region-scan-end, 0.0014189 secs]
[GC concurrent-mark-start]
[GC concurrent-mark-end, 0.0540456 secs]
Application time: 0.0555313 seconds
[GC remark, 0.0077337 secs]
Application time: 0.0000544 seconds
[GC cleanup 47M->39M(64M), 0.0002271 secs]
[GC concurrent-cleanup-start]
[GC concurrent-cleanup-end, 0.0000360 secs]
Application time: 0.0141145 seconds
[GC pause (G1 Evacuation Pause) (young) 44M->33M(64M), 0.0081278 secs]
Application time: 0.0031070 seconds
[GC pause (G1 Evacuation Pause) (mixed) 34M->32M(64M), 0.0080569 secs]
Application time: 0.0460783 seconds
[GC pause (G1 Evacuation Pause) (young) 52M->35M(64M), 0.0117164 secs]
Application time: 0.0480384 seconds
[GC pause (G1 Evacuation Pause) (young) (initial-mark) 52M->36M(64M), 0.0068520 secs]
[GC concurrent-root-region-scan-start]
[GC concurrent-root-region-scan-end, 0.0017108 secs]
[GC concurrent-mark-start]
Application time: 0.0603248 seconds
[GC pause (G1 Evacuation Pause) (young) 52M->37M(64M), 0.0053134 secs]
[GC concurrent-mark-end, 0.1059107 secs]
Application time: 0.0418658 seconds
[GC remark, 0.0077794 secs]
Application time: 0.0000658 seconds
[GC cleanup 47M->46M(64M), 0.0002437 secs]
[GC concurrent-cleanup-start]
[GC concurrent-cleanup-end, 0.0000146 secs]
Application time: 0.0292195 seconds
[GC pause (G1 Evacuation Pause) (young) 52M->36M(64M), 0.0026552 secs]
Application time: 0.0052570 seconds
[GC pause (G1 Evacuation Pause) (mixed) 37M->31M(64M), 0.0057639 secs]
Application time: 0.0098745 seconds
[GC pause (G1 Evacuation Pause) (mixed) 33M->30M(64M), 0.0082854 secs]
Application time: 0.0939106 seconds
[GC pause (G1 Evacuation Pause) (young) 52M->30M(64M), 0.0063177 secs]
Application time: 0.0814237 seconds
[GC pause (G1 Evacuation Pause) (young) (initial-mark) 53M->30M(64M), 0.0015532 secs]
[GC concurrent-root-region-scan-start]
[GC concurrent-root-region-scan-end, 0.0003700 secs]
[GC concurrent-mark-start]
Iteration 1 (120s) ends:   Wed May 16 02:20:13 GMT 2018
Iteration 1 (120s) result: 147.38 ops/m

Valid run!
Score on xml.validation: 147.38 ops/m

[GC concurrent-mark-end, 0.0598371 secs]
Application time: 0.0602757 seconds
[GC remark, 0.0108143 secs]
Application time: 0.0000652 seconds
[GC cleanup 33M->33M(64M), 0.0002366 secs]
Application time: 0.0002656 seconds
